
[00:00:00.000 --> 00:00:08.000]  大兄姊妹平安 昨晚睡得好嗎
[00:00:08.000 --> 00:00:15.000]  為甚麼這樣問呢 因為今天這篇道比較尖竭
[00:00:15.000 --> 00:00:20.000]  你剛才讀經的時候 你讀了十幾節
[00:00:20.000 --> 00:00:24.000]  我看見十幾節都已經睡著了
[00:00:24.000 --> 00:00:30.000]  又在看很多名字 又這樣又那樣
[00:00:30.000 --> 00:00:35.000]  看《尼希米基》的確我們平時很少去看
[00:00:35.000 --> 00:00:40.000]  所以會比較辛苦
[00:00:40.000 --> 00:00:47.000]  我前兩星期有一晚睡不著
[00:00:47.000 --> 00:00:52.000]  我很少睡不著這麼嚴重
[00:00:52.000 --> 00:00:57.000]  試了聽歌都睡不著
[00:00:57.000 --> 00:01:01.000]  聽完歌見睡不著就出去聽
[00:01:01.000 --> 00:01:04.000]  打機等自己睡得著
[00:01:04.000 --> 00:01:08.000]  打完機回去睡都是睡不著
[00:01:08.000 --> 00:01:13.000]  當時我想起一個好朋友 但當時已經三點多
[00:01:13.000 --> 00:01:20.000]  我想起這個好朋友 於是我就決定去聽他的講道
[00:01:20.000 --> 00:01:25.000]  結果我聽他的講道之後 在第一個點都差不多講完的時候
[00:01:25.000 --> 00:01:27.000]  我就已經睡著了
[00:01:27.000 --> 00:01:35.000]  所以我非常明白聽道除了可以帶給我們很好的教訓之外
[00:01:35.000 --> 00:01:38.000]  也有教好訓的
[00:01:38.000 --> 00:01:43.000]  所以大兄姊妹今天如果你真的氣數已盡的話
[00:01:43.000 --> 00:01:46.000]  可以竭力進入安息
[00:01:46.000 --> 00:01:51.000]  但如果你也想跟他學習的話
[00:01:51.000 --> 00:02:00.000]  我們也努力一起去看看《尼希米基》十三章對我們有什麼提醒
[00:02:00.000 --> 00:02:04.000]  其實今天我們要講的經文是十三章的全章
[00:02:04.000 --> 00:02:08.000]  但剛才我已經自錄了只是十四節給大家讀
[00:02:08.000 --> 00:02:11.000]  因為我知道讀完真的會睡得著
[00:02:11.000 --> 00:02:14.000]  所以只是給大家讀十四節
[00:02:14.000 --> 00:02:17.000]  大家都見證到威力
[00:02:17.000 --> 00:02:20.000]  所以我們一起透過我講
[00:02:20.000 --> 00:02:26.000]  希望能夠讓我們一起思想經文對我們有什麼提醒
[00:02:26.000 --> 00:02:29.000]  今天我們要講的是更新
[00:02:29.000 --> 00:02:33.000]  其實當我們要去看第十三章的時候
[00:02:33.000 --> 00:02:37.000]  我們要看前面第十二章發生什麼事
[00:02:37.000 --> 00:02:43.000]  《尼希米基》十二章描繪著一幅令人很振奮的圖畫
[00:02:43.000 --> 00:02:47.000]  當時是很歡喜快樂的畫面
[00:02:47.000 --> 00:02:49.000]  因為當時城牆建成了
[00:02:49.000 --> 00:02:52.000]  如果大家對《尼希米基》有印象的話
[00:02:52.000 --> 00:02:55.000]  你也知道《尼希米基》是在講什麼
[00:02:55.000 --> 00:02:59.000]  《尼希米》是在帶領以色列人去重建城牆
[00:02:59.000 --> 00:03:02.000]  當時城牆建成了
[00:03:02.000 --> 00:03:07.000]  所以百姓就有一個建城牆的獻城禮
[00:03:07.000 --> 00:03:09.000]  所以百姓一起聚集
[00:03:09.000 --> 00:03:14.000]  你可以想像畫面是師伯在歌唱讚美神
[00:03:14.000 --> 00:03:17.000]  也有祭司在吹號
[00:03:17.000 --> 00:03:21.000]  男女老幼大家一起歡喜快樂
[00:03:21.000 --> 00:03:23.000]  《聖經》甚至這樣記載
[00:03:23.000 --> 00:03:25.000]  當時的情況是怎樣
[00:03:25.000 --> 00:03:28.000]  耶路撒冷裏面的歡樂聲音是怎樣
[00:03:28.000 --> 00:03:30.000]  聽到遠處
[00:03:30.000 --> 00:03:32.000]  是他們歡樂到一個情況
[00:03:32.000 --> 00:03:36.000]  聲音傳到遠處都知道他們很歡喜快樂
[00:03:36.000 --> 00:03:38.000]  這樣的一個狀況
[00:03:38.000 --> 00:03:41.000]  你可以想像當時建好這個城牆
[00:03:41.000 --> 00:03:44.000]  當時是一個很歡樂的氣氛
[00:03:44.000 --> 00:03:48.000]  但當我們今天看到第十三章
[00:03:48.000 --> 00:03:52.000]  你看到整個畫面突然之間完全不同
[00:03:52.000 --> 00:03:54.000]  當我們看見的時候
[00:03:54.000 --> 00:03:56.000]  我們很驚訝地發現
[00:03:56.000 --> 00:04:00.000]  《尼希米》開始在講一些有關罪的問題
[00:04:00.000 --> 00:04:03.000]  是在處理百姓他們犯罪
[00:04:03.000 --> 00:04:06.000]  違背了神的律法的問題
[00:04:06.000 --> 00:04:08.000]  所以我們不禁要問
[00:04:08.000 --> 00:04:12.000]  城牆不是已經建好嗎
[00:04:12.000 --> 00:04:16.000]  獻城禮不是已經完成了嗎
[00:04:16.000 --> 00:04:22.000]  復興不是已經來到以色列當中了嗎
[00:04:22.000 --> 00:04:25.000]  其實對於當時的百姓來說
[00:04:25.000 --> 00:04:28.000]  他們所認為的復興是甚麼
[00:04:28.000 --> 00:04:31.000]  就是城牆重建了
[00:04:31.000 --> 00:04:35.000]  他們的耶路撒冷可以得到保護
[00:04:35.000 --> 00:04:37.000]  他們的生命有保障
[00:04:37.000 --> 00:04:40.000]  他們的生命有供給
[00:04:40.000 --> 00:04:43.000]  這個對他們來說是他們所認為的復興
[00:04:43.000 --> 00:04:46.000]  他們以為能夠完成城牆的興建
[00:04:46.000 --> 00:04:49.000]  就是完成了一個很偉大的工程
[00:04:49.000 --> 00:04:51.000]  但今天我們看《尼希米記》
[00:04:51.000 --> 00:04:53.000]  神卻要讓我們明白
[00:04:53.000 --> 00:04:57.000]  真正的復興不單只是在講城牆的建立
[00:04:57.000 --> 00:05:01.000]  而是更加在講神在我們人生命當中
[00:05:01.000 --> 00:05:03.000]  重新去掌權
[00:05:03.000 --> 00:05:08.000]  這是神更加關心、更加重視的復興
[00:05:08.000 --> 00:05:10.000]  所以《尼希米記》的焦點
[00:05:10.000 --> 00:05:14.000]  從來不只是在講我們要重建城牆
[00:05:14.000 --> 00:05:16.000]  重建耶路撒冷
[00:05:16.000 --> 00:05:20.000]  而是在講重建神的百姓他們的生命
[00:05:20.000 --> 00:05:22.000]  外在城牆的重建
[00:05:22.000 --> 00:05:25.000]  只需要五十二天就能夠完成
[00:05:25.000 --> 00:05:31.000]  但內在的更新是一生之久的功課
[00:05:31.000 --> 00:05:35.000]  我們的生命是需要不斷地被神去更新
[00:05:35.000 --> 00:05:38.000]  以至我們的生命真的能夠得著復興
[00:05:38.000 --> 00:05:41.000]  可能我們和以色列人都很相似
[00:05:41.000 --> 00:05:44.000]  我們以為的復興都是一些很外在的
[00:05:44.000 --> 00:05:46.000]  就是以為復興
[00:05:46.000 --> 00:05:48.000]  譬如我們以為的就是
[00:05:48.000 --> 00:05:52.000]  我們在農華國搬到去榮輝新城
[00:05:52.000 --> 00:05:56.000]  我們有一個更新、一個更大的地方
[00:05:56.000 --> 00:05:58.000]  我們教會就會復興
[00:05:58.000 --> 00:06:01.000]  我們教會以為的就是教會多了人
[00:06:01.000 --> 00:06:03.000]  多些人回來,教會有增長
[00:06:03.000 --> 00:06:05.000]  那就是教會復興了
[00:06:05.000 --> 00:06:07.000]  我們也以為的就是
[00:06:07.000 --> 00:06:09.000]  教會不斷有事工
[00:06:09.000 --> 00:06:11.000]  一個事工又接一個事工
[00:06:11.000 --> 00:06:12.000]  一個事工又接一個事工
[00:06:12.000 --> 00:06:13.000]  很多聚會
[00:06:13.000 --> 00:06:15.000]  我們就覺得教會很復興了
[00:06:15.000 --> 00:06:17.000]  或者可能我們有聚會當中
[00:06:17.000 --> 00:06:18.000]  我們回來大家都很熱鬧
[00:06:18.000 --> 00:06:20.000]  我們又覺得很復興了
[00:06:20.000 --> 00:06:22.000]  又或者可能我們有些問題
[00:06:22.000 --> 00:06:23.000]  我們需要去處理的
[00:06:23.000 --> 00:06:25.000]  我們去解決到
[00:06:25.000 --> 00:06:27.000]  我們又覺得教會是復興了
[00:06:27.000 --> 00:06:29.000]  現在近來有很多問題我們要面對
[00:06:29.000 --> 00:06:31.000]  我們又要
[00:06:31.000 --> 00:06:33.000]  可能有些維修
[00:06:33.000 --> 00:06:35.000]  有些工程
[00:06:35.000 --> 00:06:37.000]  這一兩個多月
[00:06:37.000 --> 00:06:39.000]  我們就要面對冷氣的問題
[00:06:39.000 --> 00:06:41.000]  所以如果你九點回來
[00:06:41.000 --> 00:06:44.000]  你就會差點被迫死
[00:06:44.000 --> 00:06:46.000]  所以我們都在面對這些問題
[00:06:46.000 --> 00:06:49.000]  我們都會以為可能解決了這些問題
[00:06:49.000 --> 00:06:51.000]  可能教會就得到復興了
[00:06:51.000 --> 00:06:53.000]  但是神告訴我們
[00:06:53.000 --> 00:06:55.000]  原來神更加看重的復興
[00:06:55.000 --> 00:06:58.000]  不單止外在的事情去處理了
[00:06:58.000 --> 00:07:00.000]  去解決了
[00:07:00.000 --> 00:07:02.000]  見到外在的這些東西
[00:07:02.000 --> 00:07:04.000]  有一些增長的徵狀
[00:07:04.000 --> 00:07:06.000]  神告訴我們
[00:07:06.000 --> 00:07:08.000]  祂更加看重的復興是說
[00:07:08.000 --> 00:07:10.000]  究竟我們這一班神的子民
[00:07:10.000 --> 00:07:12.000]  我們屬神的人
[00:07:12.000 --> 00:07:14.000]  我們的生命究竟有沒有改變
[00:07:14.000 --> 00:07:16.000]  神究竟是不是有在我們生命裏面
[00:07:16.000 --> 00:07:18.000]  重新去掌權
[00:07:18.000 --> 00:07:20.000]  我們是不是一班都去順服神的話的人
[00:07:20.000 --> 00:07:22.000]  我們有沒有持續去
[00:07:22.000 --> 00:07:25.000]  順服神去更新我們的生命呢
[00:07:25.000 --> 00:07:30.000]  這個才是神更加看重的復興
[00:07:30.000 --> 00:07:34.000]  所以尼米提出了三個更新
[00:07:34.000 --> 00:07:37.000]  第一個更新是分別為聖的生命
[00:07:37.000 --> 00:07:39.000]  第二個更新是
[00:07:39.000 --> 00:07:42.000]  敬拜和安息的生活
[00:07:42.000 --> 00:07:44.000]  更加更新的是
[00:07:44.000 --> 00:07:47.000]  順服神話語的心
[00:07:47.000 --> 00:07:49.000]  我們先去看經文
[00:07:49.000 --> 00:07:54.000]  尼米去提出一個分別為聖的生命的更新
[00:07:54.000 --> 00:07:56.000]  當時經文第十三章
[00:07:56.000 --> 00:07:58.000]  一開始我們會見到
[00:07:58.000 --> 00:08:01.000]  百姓再次去聽律法
[00:08:01.000 --> 00:08:03.000]  我們就這樣看經文
[00:08:03.000 --> 00:08:05.000]  我們見不到有些什麼
[00:08:05.000 --> 00:08:09.000]  但經文其實表達的意思是
[00:08:09.000 --> 00:08:12.000]  百姓當他們再次去聽律法的時候
[00:08:12.000 --> 00:08:14.000]  他們才重新發現
[00:08:14.000 --> 00:08:16.000]  原來神對他們這班百姓
[00:08:16.000 --> 00:08:18.000]  這班神的子民是有要求的
[00:08:18.000 --> 00:08:21.000]  要求他們成為一個聖義的群體
[00:08:21.000 --> 00:08:24.000]  就是他們不要讓阿滿人和摩洛人
[00:08:24.000 --> 00:08:27.000]  去進入神的會
[00:08:27.000 --> 00:08:29.000]  弟兄姊妹
[00:08:29.000 --> 00:08:30.000]  這裏是在說什麼呢
[00:08:30.000 --> 00:08:32.000]  原來是在說神的吩咐
[00:08:32.000 --> 00:08:34.000]  他們是知道的
[00:08:34.000 --> 00:08:36.000]  神的吩咐他們是聽過的
[00:08:36.000 --> 00:08:40.000]  但他們似乎好像忘記了
[00:08:40.000 --> 00:08:46.000]  好像對神的吩咐輕忽了
[00:08:46.000 --> 00:08:49.000]  面對著這個律法的吩咐
[00:08:49.000 --> 00:08:51.000]  他們都有一個很好的回應
[00:08:51.000 --> 00:08:54.000]  他們就馬上與一切的閒雜人
[00:08:54.000 --> 00:08:57.000]  所以說其實不單止有外邦人在他們中間
[00:08:57.000 --> 00:08:59.000]  還有一些閒雜的人
[00:08:59.000 --> 00:09:02.000]  可能來自不同的國家也說不定
[00:09:02.000 --> 00:09:06.000]  在這裏要強調的
[00:09:06.000 --> 00:09:10.000]  他們不可以讓阿滿人和摩洛人進入神的會
[00:09:10.000 --> 00:09:12.000]  和要和這些閒雜人絕交
[00:09:12.000 --> 00:09:15.000]  不是在說一種種族隔離的問題
[00:09:15.000 --> 00:09:20.000]  而是在說一個信仰的分別
[00:09:20.000 --> 00:09:23.000]  然後經文交代了一個原因
[00:09:23.000 --> 00:09:28.000]  他說阿滿人和摩洛人當初沒有去迎接摩西和以色列
[00:09:28.000 --> 00:09:31.000]  還竟然僱用巴蘭去就坐以色列人
[00:09:31.000 --> 00:09:35.000]  神的介入使得就坐變為祝福
[00:09:35.000 --> 00:09:37.000]  如果你想了解這段歷史
[00:09:37.000 --> 00:09:42.000]  你可以回去看文數記22-24章
[00:09:42.000 --> 00:09:45.000]  阿滿人和摩洛人最大的問題
[00:09:45.000 --> 00:09:47.000]  不單止是他們不接受神
[00:09:47.000 --> 00:09:50.000]  更加他們是與神為敵
[00:09:50.000 --> 00:09:54.000]  但竟然今天以色列人容許這些與神為敵的人
[00:09:54.000 --> 00:09:58.000]  去進入神的會
[00:09:58.000 --> 00:10:00.000]  而當以色列人聽到這個律法
[00:10:00.000 --> 00:10:04.000]  他們就和那些住在耶路撒冷的外邦人分別出來
[00:10:04.000 --> 00:10:07.000]  他們不再被外邦人的影響同化
[00:10:07.000 --> 00:10:13.000]  但為什麼以色列人不可以和外邦人有來往
[00:10:13.000 --> 00:10:16.000]  最大的原因不是因為種族問題
[00:10:16.000 --> 00:10:19.000]  而是因為信仰的問題
[00:10:19.000 --> 00:10:23.000]  所以之後你會看到他們更加會說到通婚的問題
[00:10:23.000 --> 00:10:26.000]  和外邦人的問題
[00:10:26.000 --> 00:10:30.000]  所以我們看到大祭司以利亞實
[00:10:30.000 --> 00:10:33.000]  他竟然容許阿滿人多比亞
[00:10:33.000 --> 00:10:36.000]  這位當初極力反對他建造城牆的人
[00:10:36.000 --> 00:10:40.000]  去住在聖殿的庫房
[00:10:40.000 --> 00:10:44.000]  剛才你有沒有看到經文
[00:10:44.000 --> 00:10:49.000]  我不知道你讀的時候是否已經很努力地讀
[00:10:49.000 --> 00:10:53.000]  所以沒有特別看到經文的內容
[00:10:53.000 --> 00:10:55.000]  剛才經文說給我們聽
[00:10:55.000 --> 00:10:59.000]  讓外邦人住進去聖殿的地方
[00:10:59.000 --> 00:11:01.000]  那個房間那個大屋
[00:11:01.000 --> 00:11:03.000]  本身是用來裝什麼的
[00:11:03.000 --> 00:11:05.000]  大家有沒有留意
[00:11:05.000 --> 00:11:09.000]  是用來獻授祭祀的東西
[00:11:09.000 --> 00:11:15.000]  是用來獻祭工作的一切物品
[00:11:15.000 --> 00:11:19.000]  第一點我們可以想像得到
[00:11:19.000 --> 00:11:22.000]  以色列人特別是祭司
[00:11:22.000 --> 00:11:24.000]  他們竟然墮落到一個地步
[00:11:24.000 --> 00:11:29.000]  是容讓他們本來用來獻祭的地方
[00:11:29.000 --> 00:11:33.000]  現在給一個外邦人去住在裡面
[00:11:33.000 --> 00:11:37.000]  所以這裡不是單單說一個管理的問題
[00:11:37.000 --> 00:11:43.000]  更加是在說一個宋人界線失守的問題
[00:11:43.000 --> 00:11:47.000]  他已經沒有理會神的吩咐
[00:11:47.000 --> 00:11:50.000]  對敬拜更加輕率
[00:11:50.000 --> 00:11:52.000]  然後尼希米的回應是
[00:11:52.000 --> 00:11:54.000]  他立即去結證聖殿
[00:11:54.000 --> 00:11:58.000]  將他們的家具全部丟出來
[00:11:58.000 --> 00:12:00.000]  尼希米在這裡不是出於個人的喜好
[00:12:00.000 --> 00:12:02.000]  而是因為他知道
[00:12:02.000 --> 00:12:08.000]  神的殿必須屬於神
[00:12:08.000 --> 00:12:13.000]  所以屬神的人要和外邦人分別為聖
[00:12:13.000 --> 00:12:15.000]  以色列人他們違背文約
[00:12:15.000 --> 00:12:17.000]  尼希米就指出
[00:12:17.000 --> 00:12:19.000]  發生這事的時候
[00:12:19.000 --> 00:12:21.000]  尼希米是身處在皇宮
[00:12:21.000 --> 00:12:22.000]  過了多天
[00:12:22.000 --> 00:12:23.000]  當他回到耶路撒冷
[00:12:23.000 --> 00:12:25.000]  才知道多比亞這件事
[00:12:25.000 --> 00:12:28.000]  經文形容尼希米是怎樣
[00:12:28.000 --> 00:12:30.000]  他去到一個路不可結的程度
[00:12:30.000 --> 00:12:34.000]  你可以想像到當時發生了什麼事
[00:12:34.000 --> 00:12:38.000]  尼希米走轉背回到皇宮
[00:12:38.000 --> 00:12:40.000]  你不要以為回到皇宮很長時間
[00:12:40.000 --> 00:12:42.000]  只過了幾天
[00:12:42.000 --> 00:12:44.000]  這群人又怎樣
[00:12:44.000 --> 00:12:46.000]  又重蹈覆轍
[00:12:46.000 --> 00:12:49.000]  又繼續離棄神
[00:12:49.000 --> 00:12:51.000]  沒有去聽神的吩咐
[00:12:51.000 --> 00:12:54.000]  走開了幾天
[00:12:54.000 --> 00:12:56.000]  好像我幫女兒溫書一樣
[00:12:56.000 --> 00:12:57.000]  盯著她的時候
[00:12:57.000 --> 00:12:59.000]  她就很專心溫書
[00:12:59.000 --> 00:13:01.000]  走一走到洗手間
[00:13:01.000 --> 00:13:03.000]  她就在看手機
[00:13:03.000 --> 00:13:07.000]  好像是這樣的情況
[00:13:07.000 --> 00:13:09.000]  因為尼希米也看到
[00:13:09.000 --> 00:13:11.000]  更重要的一個問題
[00:13:11.000 --> 00:13:14.000]  為什麼尼希米會去到一個路不可結的情況
[00:13:14.000 --> 00:13:17.000]  如果你看尼希米的前面
[00:13:17.000 --> 00:13:19.000]  九至十章提到
[00:13:19.000 --> 00:13:23.000]  原來以色列人不單止聽到神的吩咐
[00:13:23.000 --> 00:13:25.000]  知道神的標準
[00:13:25.000 --> 00:13:26.000]  知道神的要求
[00:13:26.000 --> 00:13:28.000]  以色列人更加在認罪之後
[00:13:28.000 --> 00:13:30.000]  簽了公約
[00:13:30.000 --> 00:13:34.000]  但竟然當尼希米離開耶路撒冷回到皇宮
[00:13:34.000 --> 00:13:36.000]  他們很快就怎樣
[00:13:36.000 --> 00:13:38.000]  就故態覆文
[00:13:38.000 --> 00:13:40.000]  就重蹈覆轍
[00:13:40.000 --> 00:13:42.000]  所以弟兄姊妹
[00:13:42.000 --> 00:13:44.000]  聖戰當時的光景是怎樣
[00:13:44.000 --> 00:13:48.000]  說了不代表會做
[00:13:48.000 --> 00:13:50.000]  就算簽了約
[00:13:50.000 --> 00:13:54.000]  也不代表他們有去做
[00:13:54.000 --> 00:14:00.000]  但弟兄姊妹這種狀況像不像我們
[00:14:00.000 --> 00:14:04.000]  神的吩咐我們知不知道
[00:14:04.000 --> 00:14:10.000]  可能很多我們都知道
[00:14:10.000 --> 00:14:12.000]  說了給我們聽
[00:14:12.000 --> 00:14:14.000]  但不代表我們會做
[00:14:14.000 --> 00:14:17.000]  不代表我們會做
[00:14:17.000 --> 00:14:19.000]  就算簽了約
[00:14:19.000 --> 00:14:21.000]  我們可能都經常和神納約
[00:14:21.000 --> 00:14:23.000]  但我們最後都沒有做
[00:14:23.000 --> 00:14:25.000]  弟兄姊妹
[00:14:25.000 --> 00:14:27.000]  年初的時候我們很習慣
[00:14:27.000 --> 00:14:30.000]  很多人都很喜歡和神納約
[00:14:30.000 --> 00:14:35.000]  弟兄姊妹你今年和神納了什麼約
[00:14:35.000 --> 00:14:39.000]  是不是每一天都有靈修
[00:14:39.000 --> 00:14:43.000]  是不是每一天都有讀經
[00:14:43.000 --> 00:14:45.000]  最經典很多人都會出現
[00:14:45.000 --> 00:14:49.000]  就是有人納至每一年都去讀經
[00:14:49.000 --> 00:14:52.000]  結果讀到出埃及記的時候
[00:14:52.000 --> 00:14:55.000]  永遠都出不到埃及
[00:14:55.000 --> 00:14:58.000]  還是甚至弟兄姊妹去到今時今日
[00:14:58.000 --> 00:15:01.000]  做了基督徒這麼多年
[00:15:01.000 --> 00:15:04.000]  都已經不再和神納約
[00:15:04.000 --> 00:15:06.000]  免得最後做不到
[00:15:06.000 --> 00:15:09.000]  我認識一個弟兄
[00:15:09.000 --> 00:15:14.000]  這個弟兄本身上班經常遲到
[00:15:14.000 --> 00:15:16.000]  每天都遲到
[00:15:16.000 --> 00:15:19.000]  有一年他在年初的時候
[00:15:19.000 --> 00:15:23.000]  就說今年納至每天上班都要準時
[00:15:23.000 --> 00:15:25.000]  不再遲到
[00:15:25.000 --> 00:15:30.000]  結果那一年他真的全年都上班準時
[00:15:30.000 --> 00:15:33.000]  沒有遲到過一天
[00:15:33.000 --> 00:15:36.000]  但當到第二年的時候
[00:15:36.000 --> 00:15:40.000]  他又開始每天都遲到
[00:15:40.000 --> 00:15:43.000]  遲到到一個地步就被人解僱了
[00:15:43.000 --> 00:15:45.000]  我就問他
[00:15:45.000 --> 00:15:50.000]  你上年不是納至每天都不遲到嗎
[00:15:50.000 --> 00:15:51.000]  他就說是呀
[00:15:51.000 --> 00:15:52.000]  上年而已
[00:15:52.000 --> 00:15:55.000]  今年沒有想過要納至
[00:15:55.000 --> 00:15:57.000]  弟兄姊妹
[00:15:57.000 --> 00:16:00.000]  我們是不是都好像以色列人一樣
[00:16:00.000 --> 00:16:03.000]  神可能都告訴我們他的吩咐
[00:16:03.000 --> 00:16:06.000]  但不代表我們會做
[00:16:06.000 --> 00:16:09.000]  就算我們和神納了約
[00:16:09.000 --> 00:16:11.000]  但我們最後還是沒有去跟
[00:16:11.000 --> 00:16:13.000]  沒有去做
[00:16:13.000 --> 00:16:15.000]  所以弟兄姊妹今天當我們看見
[00:16:15.000 --> 00:16:18.000]  當以色列人容讓
[00:16:18.000 --> 00:16:22.000]  外邦人住在聖殿裏面
[00:16:22.000 --> 00:16:27.000]  更將憲制的物品拿走
[00:16:27.000 --> 00:16:31.000]  他們容讓了一些不屬於神的東西
[00:16:31.000 --> 00:16:33.000]  擺在了神的聖殿當中
[00:16:33.000 --> 00:16:36.000]  同樣的弟兄姊妹
[00:16:36.000 --> 00:16:38.000]  我們都要思想的是
[00:16:38.000 --> 00:16:39.000]  在我們的生命裏頭
[00:16:39.000 --> 00:16:42.000]  其實我們有沒有一些原本都屬於神的位置
[00:16:42.000 --> 00:16:47.000]  我們擺了一些不屬於神的東西在裏面呢
[00:16:47.000 --> 00:16:50.000]  那些東西是甚麼來的呢
[00:16:50.000 --> 00:16:52.000]  是不是錢
[00:16:52.000 --> 00:16:55.000]  是不是成就
[00:16:55.000 --> 00:16:58.000]  是不是享樂
[00:16:58.000 --> 00:17:00.000]  權力
[00:17:00.000 --> 00:17:02.000]  你的面子
[00:17:02.000 --> 00:17:05.000]  甚至自我中心
[00:17:05.000 --> 00:17:07.000]  可能還有其他
[00:17:07.000 --> 00:17:10.000]  弟兄姊妹今天我們在說更新
[00:17:10.000 --> 00:17:13.000]  我們真的要希望
[00:17:13.000 --> 00:17:16.000]  在我們的生命裏頭能夠得到更新的時候
[00:17:16.000 --> 00:17:20.000]  是我們需要讓神在我們生命裏居首位
[00:17:20.000 --> 00:17:23.000]  當我們真的讓神居首位的時候
[00:17:23.000 --> 00:17:27.000]  我們生命才可以得到真正的更新
[00:17:27.000 --> 00:17:30.000]  我們的生命的更新才會開始
[00:17:30.000 --> 00:17:34.000]  然後再進一步
[00:17:34.000 --> 00:17:36.000]  尼希米他回來了
[00:17:36.000 --> 00:17:38.000]  他發現一件事就是
[00:17:38.000 --> 00:17:41.000]  那些人離開了聖殿
[00:17:41.000 --> 00:17:45.000]  聖殿的服侍幾乎停頓
[00:17:45.000 --> 00:17:47.000]  原因很簡單
[00:17:47.000 --> 00:17:48.000]  百姓沒有奉獻
[00:17:48.000 --> 00:17:50.000]  每個人只顧著甚麼呢
[00:17:50.000 --> 00:17:53.000]  只顧著太平
[00:17:53.000 --> 00:17:54.000]  城牆建好
[00:17:54.000 --> 00:17:56.000]  我們安全
[00:17:56.000 --> 00:17:58.000]  我們顧著自己的生活
[00:17:58.000 --> 00:18:01.000]  我們忽略了神的家
[00:18:01.000 --> 00:18:03.000]  尼希米責備那些班長
[00:18:03.000 --> 00:18:08.000]  他們為何離棄神的殿呢
[00:18:08.000 --> 00:18:10.000]  因為對於當時的人
[00:18:10.000 --> 00:18:14.000]  神已經不再是優先
[00:18:14.000 --> 00:18:16.000]  奉獻停止
[00:18:16.000 --> 00:18:18.000]  侍奉到停止
[00:18:18.000 --> 00:18:21.000]  敬拜變成很次要的東西
[00:18:21.000 --> 00:18:24.000]  在這裏不是單純因為錢的問題
[00:18:24.000 --> 00:18:27.000]  而是在說敬拜的問題
[00:18:27.000 --> 00:18:28.000]  說屬靈的問題
[00:18:28.000 --> 00:18:31.000]  說他們生命的問題
[00:18:31.000 --> 00:18:34.000]  在這裏我們要留心
[00:18:34.000 --> 00:18:36.000]  我們很想說的
[00:18:36.000 --> 00:18:39.000]  我們不要單單留意
[00:18:39.000 --> 00:18:42.000]  為何百姓沒有做十一奉獻這麼簡單
[00:18:42.000 --> 00:18:44.000]  我們更加要看見
[00:18:44.000 --> 00:18:47.000]  為何利美人離開了聖殿
[00:18:47.000 --> 00:18:49.000]  為何沒有供給
[00:18:49.000 --> 00:18:51.000]  他們就不去服侍
[00:18:51.000 --> 00:18:55.000]  為何這班利美人會容讓侍奉停止
[00:18:55.000 --> 00:19:00.000]  容讓聖殿裏面所有的服侍都會停頓
[00:19:00.000 --> 00:19:02.000]  這個我們更加要問
[00:19:02.000 --> 00:19:04.000]  同樣的姐妹
[00:19:04.000 --> 00:19:06.000]  今天我們回教會
[00:19:06.000 --> 00:19:09.000]  不只是單單說有沒有十一奉獻
[00:19:09.000 --> 00:19:11.000]  究竟教會
[00:19:11.000 --> 00:19:14.000]  我們有沒有容讓它
[00:19:14.000 --> 00:19:16.000]  侍奉到停止
[00:19:16.000 --> 00:19:21.000]  敬拜變得次要
[00:19:21.000 --> 00:19:27.000]  這個不是單單說錢的問題
[00:19:27.000 --> 00:19:31.000]  是更加說我們生命的問題
[00:19:31.000 --> 00:19:37.000]  接著尼西米又再去處理安息日的問題
[00:19:37.000 --> 00:19:40.000]  百姓他們在安息日去做買賣
[00:19:40.000 --> 00:19:41.000]  他們搬運貨物
[00:19:41.000 --> 00:19:44.000]  他們追逐利益
[00:19:44.000 --> 00:19:48.000]  表面上看來只是工作和休息的安排
[00:19:48.000 --> 00:19:50.000]  這個對於我們來說我們很容易理解
[00:19:50.000 --> 00:19:51.000]  很簡單
[00:19:51.000 --> 00:19:53.000]  為何沒有回來崇拜
[00:19:53.000 --> 00:19:55.000]  我上班
[00:19:55.000 --> 00:19:57.000]  我有事要做
[00:19:57.000 --> 00:19:59.000]  這個我們可以理解
[00:19:59.000 --> 00:20:01.000]  但對於當時尼西米
[00:20:01.000 --> 00:20:03.000]  為何他要特別去處理
[00:20:03.000 --> 00:20:08.000]  其實是反映這班以色列人的信心問題
[00:20:08.000 --> 00:20:10.000]  因為安息日的核心
[00:20:10.000 --> 00:20:12.000]  不只是不工作這麼簡單
[00:20:12.000 --> 00:20:15.000]  不工作不是最重要的一件事
[00:20:15.000 --> 00:20:18.000]  最重要的是他們的信仰
[00:20:18.000 --> 00:20:22.000]  他們相信神是他們生命真正的供應者
[00:20:22.000 --> 00:20:26.000]  他們不要讓工作成為了他們生命的主
[00:20:26.000 --> 00:20:30.000]  生命的神
[00:20:30.000 --> 00:20:33.000]  所以面對著以色列人他們去違背律法
[00:20:33.000 --> 00:20:37.000]  尼西米就很嚴厲地糾正他們
[00:20:37.000 --> 00:20:40.000]  首先他恢復正常性的正常運作
[00:20:40.000 --> 00:20:43.000]  他去指責那些官長、貴族、祭司
[00:20:43.000 --> 00:20:47.000]  問他們為何要離棄神的殿
[00:20:47.000 --> 00:20:49.000]  然後眾百姓恢復十一奉獻
[00:20:49.000 --> 00:20:53.000]  去招聚那些利美人使他們照舊去供職
[00:20:53.000 --> 00:20:57.000]  重新派利米亞等人去恢復聖殿的運作
[00:20:57.000 --> 00:21:02.000]  也要幫助那些以色列人能夠重新守安息日
[00:21:02.000 --> 00:21:04.000]  他指責那些貴族
[00:21:04.000 --> 00:21:07.000]  你們怎麼行者惡事犯了安息日呢?
[00:21:07.000 --> 00:21:14.000]  他更要去吩咐那些守城門的人
[00:21:14.000 --> 00:21:16.000]  要去關閉城門
[00:21:16.000 --> 00:21:21.000]  免得有人繼續在安息日裏搬運貨物
[00:21:21.000 --> 00:21:25.000]  甚至去做買賣
[00:21:25.000 --> 00:21:29.000]  弟姐們,尼西米記在此要告訴我們
[00:21:29.000 --> 00:21:35.000]  耶路撒冷的復興不是單單修補城牆就足夠
[00:21:35.000 --> 00:21:38.000]  更重要的是以色列人的心要歸回
[00:21:38.000 --> 00:21:41.000]  要恢復和神的關係
[00:21:41.000 --> 00:21:48.000]  弟姐們,今天我們也一樣
[00:21:48.000 --> 00:21:55.000]  教會不是單單修理好教會
[00:21:55.000 --> 00:21:58.000]  處理好一些事務就足夠
[00:21:58.000 --> 00:22:00.000]  更重要的是我們每一個弟姐們
[00:22:00.000 --> 00:22:03.000]  我們的心歸回
[00:22:03.000 --> 00:22:10.000]  我們和神恢復關係
[00:22:10.000 --> 00:22:14.000]  弟姐們,你們的心在哪裏?
[00:22:14.000 --> 00:22:17.000]  我們有沒有歸回神?
[00:22:17.000 --> 00:22:23.000]  有沒有和神恢復關係?
[00:22:23.000 --> 00:22:26.000]  我認識一位弟兄,一位年輕的弟兄
[00:22:26.000 --> 00:22:30.000]  為什麼特別要和大家分享他的見證呢?
[00:22:30.000 --> 00:22:34.000]  因為近年很難得見到一個弟兄
[00:22:34.000 --> 00:22:37.000]  對信仰很認真,也很有追求
[00:22:37.000 --> 00:22:42.000]  這位年輕的弟兄從小到大都很喜歡飛機
[00:22:42.000 --> 00:22:46.000]  所以他讀大學時也去讀飛機工程
[00:22:46.000 --> 00:22:51.000]  畢業後很順利成長,去了做飛機工程
[00:22:51.000 --> 00:22:56.000]  突然之間有一天他辭職,轉行做其他工作
[00:22:56.000 --> 00:23:01.000]  很多人一知道的時候都覺得很錯愕
[00:23:01.000 --> 00:23:04.000]  特別是他身邊的好兄弟
[00:23:04.000 --> 00:23:07.000]  為什麼他會辭職呢?
[00:23:07.000 --> 00:23:11.000]  因為他竟然放棄了他從小到大的夢想工作
[00:23:11.000 --> 00:23:14.000]  當問他之後發現原來
[00:23:14.000 --> 00:23:18.000]  香港做飛機工程的公司只有幾間
[00:23:18.000 --> 00:23:22.000]  每一間星期日都要開工
[00:23:22.000 --> 00:23:28.000]  其中一間本來星期日都不用上班
[00:23:28.000 --> 00:23:32.000]  但最後這間公司都轉為輪班工作
[00:23:32.000 --> 00:23:36.000]  令他星期日無法回教會崇拜和服侍
[00:23:36.000 --> 00:23:40.000]  所以這位弟兄決定辭職
[00:23:40.000 --> 00:23:46.000]  他希望星期日能夠回教會崇拜和服侍
[00:23:46.000 --> 00:23:52.000]  弟兄姊妹,和大家分享見證
[00:23:52.000 --> 00:23:55.000]  我很想鼓勵大家
[00:23:55.000 --> 00:23:58.000]  不要離棄神的電
[00:23:58.000 --> 00:24:02.000]  不要離棄神的事
[00:24:02.000 --> 00:24:05.000]  我們仍然要回到教會
[00:24:05.000 --> 00:24:07.000]  我們要去敬拜神
[00:24:07.000 --> 00:24:10.000]  我們要去服侍神
[00:24:10.000 --> 00:24:19.000]  所以我們需要更新我們的敬拜和安息日的生活
[00:24:19.000 --> 00:24:26.000]  然後,弟兄姊妹看到百姓還有一個問題
[00:24:26.000 --> 00:24:29.000]  當時他們與外族通婚的問題
[00:24:29.000 --> 00:24:31.000]  其實祭司都出了這個問題
[00:24:31.000 --> 00:24:34.000]  他的孫子做了外邦人的女婿
[00:24:34.000 --> 00:24:37.000]  所以他們的兒女出現了一個問題
[00:24:37.000 --> 00:24:44.000]  他們已經開始不懂得說猶太人的話
[00:24:44.000 --> 00:24:49.000]  這不是一種語言的問題
[00:24:49.000 --> 00:24:52.000]  而是一種傳承信仰的問題
[00:24:52.000 --> 00:24:54.000]  是一個很大的危機
[00:24:54.000 --> 00:24:56.000]  所以弟兄姊妹很緊張
[00:24:56.000 --> 00:25:02.000]  因為他很擔心一代一代逐漸失去了屬臣子民的身份認同
[00:25:02.000 --> 00:25:06.000]  所以他斥責在他們當中的異族通婚
[00:25:06.000 --> 00:25:11.000]  他斥責的做法是很激烈的
[00:25:11.000 --> 00:25:16.000]  當時他斥責那些娶異族女子為妻的人
[00:25:16.000 --> 00:25:18.000]  他就坐和鞭打他們
[00:25:18.000 --> 00:25:20.000]  又拔掉他們的鬍鬚
[00:25:20.000 --> 00:25:23.000]  免得他們再去異族通婚
[00:25:23.000 --> 00:25:26.000]  也趕走了大祭司爾利亞實的孫子
[00:25:26.000 --> 00:25:28.000]  耶和耶大兒子和倫人
[00:25:28.000 --> 00:25:34.000]  和倫人參巴拉的女婿
[00:25:34.000 --> 00:25:35.000]  趕了他出去
[00:25:35.000 --> 00:25:36.000]  參巴拉是誰呢?
[00:25:36.000 --> 00:25:38.000]  你看回尼希米的前面就知道
[00:25:38.000 --> 00:25:48.000]  參巴拉是率領外邦勢力去嘲笑和威脅和阻撓猶太人重建城牆的工作
[00:25:48.000 --> 00:25:56.000]  所以尼希米他不單止去責罰那些娶了外邦女子為妻的人
[00:25:56.000 --> 00:26:00.000]  更加連祭司的孫子也趕走了
[00:26:00.000 --> 00:26:04.000]  尼希米他用這麼嚴厲的方法去糾正以色列人
[00:26:04.000 --> 00:26:08.000]  可能對我們來說覺得何必這麼激烈
[00:26:08.000 --> 00:26:10.000]  但等姐妹們想深一層
[00:26:10.000 --> 00:26:16.000]  其實你可以明白為什麼尼希米要用這麼嚴厲的方法去糾正以色列人
[00:26:16.000 --> 00:26:20.000]  因為雖然今天縱使城牆修建得好
[00:26:20.000 --> 00:26:24.000]  但如果以色列人他再次繼續犯罪
[00:26:24.000 --> 00:26:25.000]  得罪神
[00:26:25.000 --> 00:26:27.000]  不去遵守神的吩咐
[00:26:27.000 --> 00:26:29.000]  最後他們的結果是怎樣?
[00:26:29.000 --> 00:26:30.000]  都是一樣
[00:26:30.000 --> 00:26:32.000]  他們要面對審判
[00:26:32.000 --> 00:26:34.000]  他們都是要被神去懲罰
[00:26:34.000 --> 00:26:38.000]  外邦仍然攻打侵佔他們
[00:26:38.000 --> 00:26:40.000]  所以結局是會一樣
[00:26:40.000 --> 00:26:45.000]  所以我們明白為什麼尼希米要用這麼嚴厲的方法去糾正以色列人
[00:26:45.000 --> 00:26:49.000]  因為他用這麼嚴厲的方法去糾正以色列人是一個冒著生命危險的
[00:26:49.000 --> 00:26:52.000]  因為他會得罪了祭司
[00:26:52.000 --> 00:26:55.000]  得罪了官長和貴州
[00:26:55.000 --> 00:27:01.000]  但在這個時代正正是需要一個對神忠心的人去撥亂反正
[00:27:01.000 --> 00:27:05.000]  為的就只是讓以色列人去恢復和神的關係
[00:27:05.000 --> 00:27:07.000]  但姐妹們今天我們去看這一部分
[00:27:07.000 --> 00:27:14.000]  我不是要和大家去討論是不是和未信主的朋友結婚的問題
[00:27:14.000 --> 00:27:18.000]  但在這裡我們可以看到更重要的是
[00:27:18.000 --> 00:27:21.000]  這一群以色列人他們會娶外邦女子為妻
[00:27:21.000 --> 00:27:22.000]  最重要的問題是什麼?
[00:27:22.000 --> 00:27:24.000]  是他們沒有再去聽神的吩咐
[00:27:24.000 --> 00:27:27.000]  沒有再去謹守遵行神的律法
[00:27:27.000 --> 00:27:29.000]  這個才是他們最大的問題
[00:27:29.000 --> 00:27:33.000]  而尼希米這麼激烈的反應
[00:27:33.000 --> 00:27:38.000]  在當時和以色列人對神的態度這麼散漫
[00:27:38.000 --> 00:27:41.000]  成了一個很強烈的對比
[00:27:41.000 --> 00:27:44.000]  她更加做了一個親身的示範
[00:27:44.000 --> 00:27:47.000]  就是她身處在一個外邦人當中的情況下
[00:27:47.000 --> 00:27:50.000]  她仍然是對神忠心
[00:27:50.000 --> 00:27:52.000]  仍然去謹守遵行神的話
[00:27:52.000 --> 00:27:54.000]  所以姐妹們
[00:27:54.000 --> 00:28:00.000]  很多時候不是我們不知道神的旨意或神的吩咐
[00:28:00.000 --> 00:28:05.000]  而是似乎我們好像漸漸淡忘了
[00:28:05.000 --> 00:28:07.000]  好像在《雅各書》那裡這樣說
[00:28:07.000 --> 00:28:11.000]  一章二十二至二十四節那裡說
[00:28:11.000 --> 00:28:13.000]  此時你們要行道,不要單單聽道
[00:28:13.000 --> 00:28:16.000]  自己欺控自己,因為聽道而不行道的
[00:28:16.000 --> 00:28:19.000]  就像人對著鏡子看見自己本來的面目
[00:28:19.000 --> 00:28:24.000]  看見走後,隨即忘了他的相貌如何
[00:28:24.000 --> 00:28:27.000]  等姐妹神的話就像鏡子一樣
[00:28:27.000 --> 00:28:31.000]  使我們重新去看見生命需要調整的地方
[00:28:31.000 --> 00:28:34.000]  但是經文提醒著我們
[00:28:34.000 --> 00:28:42.000]  我們不要看見走後,隨即忘了我們的相貌如何
[00:28:42.000 --> 00:28:47.000]  我們要聽道,更加要行道
[00:28:47.000 --> 00:28:52.000]  所以我們明白李希米很關心
[00:28:52.000 --> 00:28:58.000]  他關心的從來都不單是說究竟這個民族有什麼利益
[00:28:58.000 --> 00:29:00.000]  究竟他們生活是怎樣
[00:29:00.000 --> 00:29:04.000]  我們更加關心的是這群神的子民他們屬靈的生命
[00:29:04.000 --> 00:29:06.000]  他們屬靈的未來
[00:29:06.000 --> 00:29:10.000]  如果這個屬靈的信仰不能夠傳承的話
[00:29:10.000 --> 00:29:13.000]  城牆再堅固都是沒有用的
[00:29:13.000 --> 00:29:14.000]  所以今天各位弟兄姐妹
[00:29:14.000 --> 00:29:18.000]  我們教會都面對著很大的挑戰
[00:29:18.000 --> 00:29:20.000]  我們要留心的是
[00:29:20.000 --> 00:29:23.000]  我們不單止我們自己要相信神
[00:29:23.000 --> 00:29:26.000]  我們更加需要去幫助下一代認識神
[00:29:26.000 --> 00:29:30.000]  不只是我們的兒女要去認識神
[00:29:30.000 --> 00:29:35.000]  更加說的是一代一代的信徒都要認識神
[00:29:35.000 --> 00:29:38.000]  我們不單止自己聽見神的話
[00:29:38.000 --> 00:29:41.000]  我們更加要去活出神的話
[00:29:41.000 --> 00:29:44.000]  真正的更新不是知識的增加
[00:29:44.000 --> 00:29:46.000]  而是說的是馴服的增加
[00:29:46.000 --> 00:29:51.000]  弟兄姐妹,在這裡我想多說一點
[00:29:51.000 --> 00:29:56.000]  我們經常都發現我們要聽到然後行到很困難
[00:29:56.000 --> 00:30:00.000]  我們覺得聖經的要求很難做得到
[00:30:00.000 --> 00:30:03.000]  昨晚我在南洪團大團契
[00:30:03.000 --> 00:30:06.000]  我們在說要保守我們的口
[00:30:06.000 --> 00:30:11.000]  其中我們分享到要講誠實的話
[00:30:11.000 --> 00:30:13.000]  當我們講到這裡的時候
[00:30:13.000 --> 00:30:15.000]  我們發現很大的困難
[00:30:15.000 --> 00:30:18.000]  因為我們都知道要講誠實的話
[00:30:18.000 --> 00:30:21.000]  是否很容易?
[00:30:21.000 --> 00:30:23.000]  有些難
[00:30:23.000 --> 00:30:25.000]  所以我們就去想
[00:30:25.000 --> 00:30:28.000]  我們要不講一些就不講一些
[00:30:28.000 --> 00:30:31.000]  有些東西不講就OK
[00:30:31.000 --> 00:30:34.000]  因為我們覺得講誠實的話很難
[00:30:34.000 --> 00:30:37.000]  很難去遵守到神的吩咐
[00:30:37.000 --> 00:30:39.000]  照著神的吩咐去做
[00:30:39.000 --> 00:30:42.000]  所以我們就想很多我們認為可以可行的
[00:30:42.000 --> 00:30:44.000]  講一些不講一些
[00:30:44.000 --> 00:30:47.000]  不知道是不是這樣都可以
[00:30:47.000 --> 00:30:50.000]  弟兄姐妹,從來神的吩咐
[00:30:50.000 --> 00:30:52.000]  神的教導
[00:30:52.000 --> 00:30:54.000]  神的律法
[00:30:54.000 --> 00:30:59.000]  不是只是我們單單聽了然後去做
[00:30:59.000 --> 00:31:03.000]  然後我們發現做不到就放下
[00:31:03.000 --> 00:31:08.000]  重點是講究竟我們是否願意去馴服
[00:31:08.000 --> 00:31:13.000]  大家記不記得主耶穌在喀西瑪利園的禱告
[00:31:13.000 --> 00:31:16.000]  當時主耶穌帶了三個門徒上去
[00:31:16.000 --> 00:31:19.000]  三個門徒上去後馬上怎樣?
[00:31:19.000 --> 00:31:23.000]  和你旁邊那個差不多都是睡著了
[00:31:23.000 --> 00:31:26.000]  對不對?
[00:31:26.000 --> 00:31:29.000]  他們睡著了之後,耶穌就在那裡禱告
[00:31:29.000 --> 00:31:32.000]  耶穌的禱告是怎樣?大家有沒有印象?
[00:31:32.000 --> 00:31:34.000]  耶穌是不是在那裡禱告說
[00:31:34.000 --> 00:31:36.000]  我很開心,我預備好了
[00:31:36.000 --> 00:31:39.000]  我要去完成神的吩咐,我要去承受救恩
[00:31:39.000 --> 00:31:42.000]  是不是這樣禱告?
[00:31:42.000 --> 00:31:44.000]  耶穌的禱告是怎樣的?
[00:31:44.000 --> 00:31:47.000]  求天父怎樣?
[00:31:47.000 --> 00:31:49.000]  拿走祂的富貝
[00:31:49.000 --> 00:31:54.000]  然而不要照祂的心意,要照天父的心意
[00:31:54.000 --> 00:31:57.000]  主耶穌的禱告是在講甚麼?
[00:31:57.000 --> 00:32:01.000]  在講馴服
[00:32:01.000 --> 00:32:06.000]  所以今天我們見到神的吩咐很難做
[00:32:06.000 --> 00:32:11.000]  我們見到神要我們做的事好像做不到
[00:32:11.000 --> 00:32:16.000]  重點不在於這件事有多難做,多做不到
[00:32:16.000 --> 00:32:21.000]  而是在於我們有沒有去馴服
[00:32:21.000 --> 00:32:29.000]  當我們馴服,我們就鬆心去完成神的吩咐
[00:32:29.000 --> 00:32:31.000]  教會還有一個挑戰就是
[00:32:31.000 --> 00:32:34.000]  不是我們要去知道多少聖經
[00:32:34.000 --> 00:32:37.000]  而是我們願意去進行多少聖經
[00:32:37.000 --> 00:32:41.000]  這是我們一直都明白的地方
[00:32:41.000 --> 00:32:45.000]  而最後,尼西米他用了他的生命
[00:32:45.000 --> 00:32:47.000]  來給我們看見
[00:32:47.000 --> 00:32:50.000]  當一班已逝的人,他們這麼墮落
[00:32:50.000 --> 00:32:54.000]  當他們的信仰變得這麼腐敗的時候
[00:32:54.000 --> 00:32:58.000]  他怎樣用他的生命,用他的見證來告訴我們
[00:32:58.000 --> 00:33:01.000]  他身處在外邦人當中的人
[00:33:01.000 --> 00:33:06.000]  他怎樣仍然對神忠心,謹守遵行神的吩咐
[00:33:06.000 --> 00:33:12.000]  尼西米他在十三章出現了四次的禱告
[00:33:12.000 --> 00:33:15.000]  這是尼西米記在傳說裡面最後的聲音
[00:33:15.000 --> 00:33:20.000]  我們看尼西米他沒有去誇耀自己有什麼成就
[00:33:20.000 --> 00:33:23.000]  也沒有去提及城牆有多偉大
[00:33:23.000 --> 00:33:26.000]  也沒有去講自己有什麼功勞
[00:33:26.000 --> 00:33:30.000]  他只是將自己去交託給神
[00:33:30.000 --> 00:33:33.000]  尼西米他自己成為一個榜樣
[00:33:33.000 --> 00:33:36.000]  他給我們看見他對神忠心
[00:33:36.000 --> 00:33:40.000]  對神忠心不是在乎處境或者際遇
[00:33:40.000 --> 00:33:44.000]  而是在於他在困難的時候仍然能夠信靠
[00:33:44.000 --> 00:33:46.000]  仍然去依靠神的幫助
[00:33:46.000 --> 00:33:50.000]  同樣弟兄姊妹,今天我們需要的是忠心
[00:33:50.000 --> 00:33:55.000]  忠心不是在說處境和際遇
[00:33:55.000 --> 00:33:58.000]  而是在於當我們面對困難的時候
[00:33:58.000 --> 00:34:02.000]  我們仍然信得過神,去依靠神的幫助
[00:34:02.000 --> 00:34:08.000]  當你覺得神的吩咐是很困難的時候
[00:34:08.000 --> 00:34:11.000]  我們不是選擇去逃避
[00:34:11.000 --> 00:34:16.000]  不是選擇去疏忽或者淡忘
[00:34:16.000 --> 00:34:20.000]  而是我們要求神去幫助
[00:34:20.000 --> 00:34:24.000]  我們仍然信靠得到神,然後依靠神的幫助
[00:34:24.000 --> 00:34:28.000]  尼西米更加告訴我們對神忠心的人
[00:34:28.000 --> 00:34:30.000]  我們不是為了得到人的掌聲
[00:34:30.000 --> 00:34:32.000]  而是求神的悅納
[00:34:32.000 --> 00:34:34.000]  所以弟兄姊妹,我們對神忠心
[00:34:34.000 --> 00:34:38.000]  從來不是因為我們獲得弟兄姊妹之間
[00:34:38.000 --> 00:34:40.000]  有很多的欣賞或者讚賞
[00:34:40.000 --> 00:34:43.000]  而我們更需要的是追求神的悅納
[00:34:43.000 --> 00:34:50.000]  十三章表面看來不是在說復興的問題
[00:34:50.000 --> 00:34:54.000]  但它是真的在提一個更深層的復興
[00:34:54.000 --> 00:34:56.000]  這個深層的復興是在說
[00:34:56.000 --> 00:34:59.000]  因為神不只是修補破損的城牆
[00:34:59.000 --> 00:35:03.000]  他是要更新百姓的生命
[00:35:03.000 --> 00:35:06.000]  所以弟兄姊妹,今天我們的生命
[00:35:06.000 --> 00:35:08.000]  需要被神去更新
[00:35:08.000 --> 00:35:11.000]  我們要被分別為性
[00:35:11.000 --> 00:35:14.000]  我們不要做和外邦人一樣的事
[00:35:14.000 --> 00:35:19.000]  和外邦人一樣的價值觀
[00:35:19.000 --> 00:35:24.000]  我們需要回到神的殿
[00:35:24.000 --> 00:35:29.000]  做好神的事
[00:35:29.000 --> 00:35:34.000]  也需要重新學習去馴服神的話語
[00:35:34.000 --> 00:35:38.000]  我們要有一顆馴服話語的心
[00:35:38.000 --> 00:35:41.000]  和大家分享一個見證
[00:35:41.000 --> 00:35:44.000]  大家都很認識的德蘭修女
[00:35:44.000 --> 00:35:47.000]  德蘭修女是十七歲的時候
[00:35:47.000 --> 00:35:50.000]  她回應神的呼召
[00:35:50.000 --> 00:35:55.000]  她去到印度的加爾各答去做老師
[00:35:55.000 --> 00:35:59.000]  原本做老師是可以過著很安穩的生活
[00:35:59.000 --> 00:36:03.000]  但當她走進去這個貧民窟的時候
[00:36:03.000 --> 00:36:06.000]  她就見到很多病倒在街頭
[00:36:06.000 --> 00:36:09.000]  被社會遺棄的人的時候
[00:36:09.000 --> 00:36:12.000]  她就決定離開這個安穩的生活
[00:36:12.000 --> 00:36:14.000]  離開她的工作
[00:36:14.000 --> 00:36:17.000]  她要去全心去服侍那些最貧窮的人
[00:36:17.000 --> 00:36:20.000]  所以在1950年的時候
[00:36:20.000 --> 00:36:23.000]  她就創立了人愛傳教修女會
[00:36:23.000 --> 00:36:26.000]  設立一個垂死病人的收容所
[00:36:26.000 --> 00:36:31.000]  也去照顧一個麻瘋病人的麻瘋病人中心
[00:36:31.000 --> 00:36:35.000]  也親身去照顧那些沒有人願意接近的人
[00:36:35.000 --> 00:36:37.000]  所以她曾經這樣說
[00:36:37.000 --> 00:36:41.000]  最痛苦的貧窮是當你感受不到別人的關愛
[00:36:41.000 --> 00:36:43.000]  和覺得被遺棄
[00:36:43.000 --> 00:36:45.000]  這個就是最痛苦的貧窮
[00:36:45.000 --> 00:36:48.000]  因此她不單去照顧別人的身體
[00:36:48.000 --> 00:36:51.000]  她更加用愛去醫治別人的心靈
[00:36:51.000 --> 00:36:55.000]  去到1979年她獲得諾貝爾和平獎
[00:36:55.000 --> 00:37:00.000]  但她將她所得到的獎金全部都捐出來
[00:37:00.000 --> 00:37:02.000]  繼續去幫助那些窮人
[00:37:02.000 --> 00:37:03.000]  她謙卑地說
[00:37:03.000 --> 00:37:05.000]  我只是神的僕人
[00:37:05.000 --> 00:37:09.000]  用我微小的成就她的偉大
[00:37:09.000 --> 00:37:13.000]  而到了德蘭修女晚年的時候
[00:37:13.000 --> 00:37:17.000]  近年我們會看到一些她的日記
[00:37:17.000 --> 00:37:20.000]  她心裏面的一些說話
[00:37:20.000 --> 00:37:22.000]  德蘭修女在晚年的時候
[00:37:22.000 --> 00:37:27.000]  曾經長期經歷靈性一個很黑暗和孤單的時間
[00:37:27.000 --> 00:37:29.000]  甚至她說她感受不到神的同在
[00:37:29.000 --> 00:37:31.000]  但即使如此
[00:37:31.000 --> 00:37:33.000]  她從未停止過服侍
[00:37:33.000 --> 00:37:36.000]  她依然每天都去中心照顧病人
[00:37:36.000 --> 00:37:37.000]  關懷那些弱勢
[00:37:37.000 --> 00:37:40.000]  將愛帶給那些最有需要的人
[00:37:40.000 --> 00:37:42.000]  她最後這樣說
[00:37:42.000 --> 00:37:44.000]  我們不能做偉大的事
[00:37:44.000 --> 00:37:49.000]  但我們可以用神偉大的愛來做每一件小事
[00:37:49.000 --> 00:37:52.000]  弟姐妹和大家分享的見證就是
[00:37:52.000 --> 00:37:56.000]  我們看見德蘭修女的生命的中心
[00:37:56.000 --> 00:37:58.000]  她聽到神的吩咐
[00:37:58.000 --> 00:38:02.000]  她照著神的吩咐去做
[00:38:02.000 --> 00:38:05.000]  並且在她最困難的時候
[00:38:05.000 --> 00:38:07.000]  她靈性經歷低潮的時候
[00:38:07.000 --> 00:38:10.000]  她仍然忠心地去完成神的吩咐
[00:38:10.000 --> 00:38:14.000]  去堅持關心照顧那些病人
[00:38:14.000 --> 00:38:16.000]  那些貧窮的人
[00:38:16.000 --> 00:38:18.000]  弟姐妹
[00:38:18.000 --> 00:38:24.000]  今天我不知道大家身處在一種什麼的境況
[00:38:24.000 --> 00:38:26.000]  若我們真的來到神的面前
[00:38:26.000 --> 00:38:32.000]  我們不單單追求外表的復興
[00:38:32.000 --> 00:38:36.000]  我們更加追求我們生命靈性的更新
[00:38:36.000 --> 00:38:40.000]  以致我們真的能夠見到
[00:38:40.000 --> 00:38:42.000]  不單單是我們生命被復興
[00:38:42.000 --> 00:38:45.000]  我們更加見到教會被復興
[00:38:45.000 --> 00:38:48.000]  上星期我去了港島
[00:38:48.000 --> 00:38:50.000]  我去了屯門
[00:38:50.000 --> 00:38:52.000]  那間教會在屯門志樂花園
[00:38:52.000 --> 00:38:55.000]  弟姐妹你認不認識志樂花園在哪裏?
[00:38:55.000 --> 00:38:56.000]  有沒有去過?
[00:38:56.000 --> 00:38:57.000]  我有去過
[00:38:57.000 --> 00:38:59.000]  我第一次去
[00:38:59.000 --> 00:39:01.000]  它在三聖村再入一點
[00:39:01.000 --> 00:39:04.000]  去到志樂花園的時候
[00:39:04.000 --> 00:39:08.000]  我看到是一個很低密度的屋苑
[00:39:08.000 --> 00:39:11.000]  傳道人去到一個新的屋苑
[00:39:11.000 --> 00:39:13.000]  第一時間會留意什麼呢?
[00:39:13.000 --> 00:39:15.000]  就是看看有多少間教會在那裏
[00:39:15.000 --> 00:39:18.000]  我一看就看到有四間教會在那裏
[00:39:18.000 --> 00:39:21.000]  我就想一個小小的屋苑
[00:39:21.000 --> 00:39:25.000]  就有四間教會在那裏
[00:39:25.000 --> 00:39:29.000]  明白就是傳道人第一件事都會想的就是
[00:39:29.000 --> 00:39:31.000]  四間教會很難做
[00:39:31.000 --> 00:39:33.000]  很多競爭
[00:39:33.000 --> 00:39:35.000]  雖然表面上沒有競爭
[00:39:35.000 --> 00:39:37.000]  但都可能暗地裏有些競爭
[00:39:37.000 --> 00:39:39.000]  當時我就有這些思維
[00:39:39.000 --> 00:39:42.000]  當我去到教會坐下來靜下來的時候
[00:39:42.000 --> 00:39:44.000]  我有一個感動
[00:39:44.000 --> 00:39:46.000]  其實我想到的就是
[00:39:46.000 --> 00:39:51.000]  其實神既然放了這四間教會在這裏
[00:39:51.000 --> 00:39:53.000]  在這個志樂花園這麼小小的屋苑
[00:39:53.000 --> 00:39:56.000]  其實我相信神真的一定有祂的心意
[00:39:56.000 --> 00:39:58.000]  所以我在港島的時候
[00:39:58.000 --> 00:40:00.000]  我鼓勵弟姐妹
[00:40:00.000 --> 00:40:04.000]  我說弟姐妹不要只是看到
[00:40:04.000 --> 00:40:08.000]  現在教會要去服事的困難
[00:40:08.000 --> 00:40:11.000]  要怎樣去祝福這個屋苑呢?
[00:40:11.000 --> 00:40:13.000]  好像都摸不著頭腦
[00:40:13.000 --> 00:40:15.000]  都不知道怎樣入手
[00:40:15.000 --> 00:40:18.000]  我鼓勵他們要擁抱這個屋苑
[00:40:18.000 --> 00:40:23.000]  不要只是想帶一兩個人信主就已經很開心
[00:40:23.000 --> 00:40:24.000]  我覺得要擁抱這個屋苑
[00:40:24.000 --> 00:40:26.000]  真的要祝福整個屋苑
[00:40:26.000 --> 00:40:29.000]  無論是教會自己有努力去做也好
[00:40:29.000 --> 00:40:31.000]  連同其他教會也好
[00:40:31.000 --> 00:40:33.000]  一起努力去做
[00:40:33.000 --> 00:40:34.000]  真的要去祝福這個屋苑
[00:40:34.000 --> 00:40:38.000]  所以我鼓勵他們去祝福志樂花園
[00:40:38.000 --> 00:40:40.000]  弟姐妹同樣
[00:40:40.000 --> 00:40:42.000]  我和你分享這個感受
[00:40:42.000 --> 00:40:44.000]  其實我很想鼓勵大家
[00:40:44.000 --> 00:40:46.000]  弟姐妹
[00:40:46.000 --> 00:40:54.000]  神放我們在榮光街榮輝商場裏
[00:40:54.000 --> 00:40:56.000]  神有祂的心意
[00:40:56.000 --> 00:40:59.000]  20年前
[00:40:59.000 --> 00:41:01.000]  哪有人想到
[00:41:01.000 --> 00:41:03.000]  土瓜灣會有這樣的慘劇
[00:41:03.000 --> 00:41:05.000]  會塌樓
[00:41:05.000 --> 00:41:09.000]  接著整個社區很多舊樓需要去遷拆
[00:41:09.000 --> 00:41:11.000]  重建
[00:41:11.000 --> 00:41:13.000]  以致我們現在望出去
[00:41:13.000 --> 00:41:16.000]  整條榮光街都是地盤
[00:41:16.000 --> 00:41:18.000]  弟姐妹
[00:41:18.000 --> 00:41:22.000]  我相信神一定有祂的心意
[00:41:22.000 --> 00:41:25.000]  我鼓勵我們整間教會的弟姐妹
[00:41:25.000 --> 00:41:30.000]  一起去擁抱這個社區
[00:41:30.000 --> 00:41:34.000]  不單單只是擁抱榮光街的新樓
[00:41:34.000 --> 00:41:37.000]  更加擁抱的是整個社區
[00:41:37.000 --> 00:41:41.000]  我們真的能夠祝福這個社區
[00:41:41.000 --> 00:41:44.000]  我們期望神真的去復興這個社區
[00:41:44.000 --> 00:41:47.000]  而這個復興是來自我們每一個
[00:41:47.000 --> 00:41:54.000]  我們生命願意去更新的人
[00:41:54.000 --> 00:41:58.000]  所以總結當我們今天要去講復興
[00:41:58.000 --> 00:42:00.000]  我們生命要去更新
[00:42:00.000 --> 00:42:02.000]  弟姐妹我們經常聽人說
[00:42:02.000 --> 00:42:06.000]  減肥是他畢生的事業
[00:42:06.000 --> 00:42:08.000]  弟姐妹我很盼望
[00:42:08.000 --> 00:42:11.000]  更新都成為我們畢生的事業
[00:42:11.000 --> 00:42:16.000]  我們都去追求我們生命不斷被神更新
[00:42:16.000 --> 00:42:19.000]  神今日都同樣向我們發出呼召
[00:42:19.000 --> 00:42:21.000]  不要只滿足過去的經歷
[00:42:21.000 --> 00:42:24.000]  也不要只停留在昔日那種感動
[00:42:24.000 --> 00:42:27.000]  也不要因為已經信了主很多年
[00:42:27.000 --> 00:42:29.000]  覺得自己已經很足夠
[00:42:29.000 --> 00:42:30.000]  神仍然要更新我們
[00:42:30.000 --> 00:42:32.000]  我們生命仍然要成長
[00:42:32.000 --> 00:42:36.000]  我們仍然要有一個好的見證去榮耀神
[00:42:36.000 --> 00:42:38.000]  所以盼望弟姐妹
[00:42:38.000 --> 00:42:42.000]  讓我們真的來到神的面前
[00:42:42.000 --> 00:42:44.000]  今日我鼓勵你
[00:42:44.000 --> 00:42:45.000]  你可以問神
[00:42:45.000 --> 00:42:49.000]  究竟你生命需要怎樣去更新
[00:42:49.000 --> 00:42:52.000]  被神去更新你
[00:42:52.000 --> 00:42:58.000]  讓你真的能夠成為一個分別為勝的生命
[00:42:58.000 --> 00:43:03.000]  你重新被神去更新你敬拜和安息的生活
[00:43:03.000 --> 00:43:07.000]  你更加能夠有一個順服神話語的心
[00:43:07.000 --> 00:43:11.000]  以致你真的能夠對神有忠心
[00:43:11.000 --> 00:43:13.000]  在極困難
[00:43:13.000 --> 00:43:16.000]  在你覺得最無從入手
[00:43:16.000 --> 00:43:18.000]  做不到的時候
[00:43:18.000 --> 00:43:20.000]  你仍然能夠靠著主
[00:43:20.000 --> 00:43:22.000]  可以踐行真理
[00:43:22.000 --> 00:43:25.000]  可以活出神美好的見證
[00:43:25.000 --> 00:43:26.000]  弟姐妹
[00:43:26.000 --> 00:43:28.000]  你願不願意呢
[00:43:28.000 --> 00:43:30.000]  請同起來
[00:43:30.000 --> 00:43:35.000]  今日和大家講這篇道
[00:43:35.000 --> 00:43:38.000]  可能是我回來土鎮這麼久
[00:43:38.000 --> 00:43:41.000]  最長氣的一篇道
[00:43:41.000 --> 00:43:43.000]  但今日這篇道
[00:43:43.000 --> 00:43:47.000]  其實花了大概九個字的時間
[00:43:47.000 --> 00:43:50.000]  很簡單
[00:43:50.000 --> 00:43:52.000]  其實講一樣東西
[00:43:52.000 --> 00:43:57.000]  就是弟姐妹的心要歸向神
[00:43:57.000 --> 00:44:01.000]  親愛的主耶穌
[00:44:01.000 --> 00:44:04.000]  我們感謝祢
[00:44:04.000 --> 00:44:08.000]  感謝祢賜給我們新生命
[00:44:08.000 --> 00:44:10.000]  感謝祢拯救我們
[00:44:10.000 --> 00:44:14.000]  感謝祢從來沒有嫌棄過我們
[00:44:14.000 --> 00:44:17.000]  主今日當我們來到祢的面前
[00:44:17.000 --> 00:44:19.000]  我們懇求祢
[00:44:19.000 --> 00:44:21.000]  懇求祢幫助我們
[00:44:21.000 --> 00:44:25.000]  拿走我們很多的軟弱
[00:44:25.000 --> 00:44:30.000]  我們很多的疲乏
[00:44:30.000 --> 00:44:35.000]  甚至可能我們有很多的憤怒
[00:44:35.000 --> 00:44:39.000]  主我們來到祢的面前
[00:44:39.000 --> 00:44:43.000]  願祢的補血再一次去潔淨我們
[00:44:43.000 --> 00:44:45.000]  一切的罪
[00:44:45.000 --> 00:44:49.000]  讓我們能夠可以坦然無懼的來到祢的私人寶座前
[00:44:49.000 --> 00:44:53.000]  讓我們今日都開放我們自己的生命在祢的面前
[00:44:53.000 --> 00:44:56.000]  我們願意去被祢更新
[00:44:56.000 --> 00:44:58.000]  幫助我們
[00:44:58.000 --> 00:45:03.000]  讓我們不要被這個世界去影響
[00:45:03.000 --> 00:45:05.000]  不要被這個世界去同化
[00:45:05.000 --> 00:45:08.000]  我們能夠可以分別為聖
[00:45:08.000 --> 00:45:10.000]  我們更加像祢
[00:45:10.000 --> 00:45:13.000]  我們亦願意懇求主
[00:45:13.000 --> 00:45:18.000]  祢更新我們敬拜和安息日的生活
[00:45:18.000 --> 00:45:20.000]  幫助我們
[00:45:20.000 --> 00:45:23.000]  我們不要離棄祢的殿
[00:45:23.000 --> 00:45:26.000]  讓我們顧念神的殿
[00:45:26.000 --> 00:45:30.000]  更加顧念神的事
[00:45:30.000 --> 00:45:32.000]  祢都堅定我們的信心
[00:45:32.000 --> 00:45:34.000]  幫助我們
[00:45:34.000 --> 00:45:36.000]  讓我們在無論任何的環境
[00:45:36.000 --> 00:45:38.000]  任何的狀況
[00:45:38.000 --> 00:45:41.000]  我們都能夠忠心地去跟隨祢
[00:45:41.000 --> 00:45:44.000]  讓我們能夠學會馴服祢的話語
[00:45:44.000 --> 00:45:47.000]  以致我們真的能夠可以去聽道行道
[00:45:47.000 --> 00:45:49.000]  踐行真理
[00:45:49.000 --> 00:45:52.000]  能夠可以成為祢美好的見證
[00:45:52.000 --> 00:45:56.000]  所以主我們今日就求祢幫助我們
[00:45:56.000 --> 00:45:58.000]  祝福我們每一個弟兄姊妹
[00:45:58.000 --> 00:46:00.000]  我們的生命都可以被祢更新
[00:46:00.000 --> 00:46:05.000]  以致我們真的能夠可以成為我們身邊人的祝福
[00:46:05.000 --> 00:46:12.000]  成為身邊人能夠從我們身上去看見這個美好的見證
[00:46:12.000 --> 00:46:15.000]  主我們就懇求祢祝福幫助我們
[00:46:15.000 --> 00:46:16.000]  使用我們每一個
[00:46:16.000 --> 00:46:18.000]  主我們多謝讚美祢
[00:46:18.000 --> 00:46:19.000]  我們這樣禱告
[00:46:19.000 --> 00:46:20.000]  是奉靠主耶穌
[00:46:20.000 --> 00:46:22.000]  基督的聖名自祈求
[00:46:22.000 --> 00:46:23.000]  阿門
