
[00:00:00.000 --> 00:00:04.240]  我們上個星期就查到機電被神蒙照
[00:00:04.240 --> 00:00:08.880]  但是它就要有很多的確據、證據
[00:00:08.880 --> 00:00:11.000]  然後才肯踏上
[00:00:11.000 --> 00:00:13.740]  我上個星期都說如果有時間
[00:00:13.740 --> 00:00:16.960]  就會分享一下我自己被神呼召
[00:00:16.960 --> 00:00:21.080]  我踏上這一條奉獻的路的經歷
[00:00:21.080 --> 00:00:24.720]  也都說 甚至有一天我離開了世界的時候
[00:00:24.720 --> 00:00:26.440]  都立此存照
[00:00:26.440 --> 00:00:28.360]  但是上個星期因為太豐富了
[00:00:28.360 --> 00:00:29.440]  所以說不出
[00:00:29.440 --> 00:00:32.800]  我今天在這個查經的後半段
[00:00:32.800 --> 00:00:34.000]  完結之前
[00:00:34.000 --> 00:00:36.400]  如果有時間就會跟大家分享
[00:00:36.400 --> 00:00:38.660]  機電被神呼召
[00:00:38.660 --> 00:00:40.720]  他在酒寨裡打麥
[00:00:40.720 --> 00:00:43.760]  他怕米顛人來搶他的東西
[00:00:43.760 --> 00:00:44.800]  但是神就跟他說
[00:00:44.800 --> 00:00:46.200]  大能的勇士
[00:00:46.200 --> 00:00:50.680]  究竟是奉賜他還是看到他的質素呢?
[00:00:50.680 --> 00:00:55.200]  後來機電就要神給他一些確據
[00:00:55.200 --> 00:00:56.440]  第一
[00:00:56.440 --> 00:01:00.800]  就是讓那個製物在磐石上
[00:01:00.800 --> 00:01:02.800]  然後磐石出火
[00:01:02.800 --> 00:01:05.960]  將那些製物帶進去燒了
[00:01:05.960 --> 00:01:08.440]  後來它要再拿證據
[00:01:08.440 --> 00:01:09.680]  就是大家很熟悉的
[00:01:09.680 --> 00:01:13.360]  就是將羊毛放在螢幕外面
[00:01:13.360 --> 00:01:14.440]  羊毛要濕
[00:01:14.440 --> 00:01:16.240]  周圍的地下要乾
[00:01:16.240 --> 00:01:17.840]  這樣就成功了
[00:01:17.840 --> 00:01:19.840]  但是它仍然缺乏這份的信心
[00:01:19.840 --> 00:01:21.520]  又再要求什麼呢?
[00:01:21.520 --> 00:01:23.160]  就是要羊毛乾
[00:01:23.160 --> 00:01:25.840]  但是地下是濕的
[00:01:25.840 --> 00:01:26.880]  我已經講過了
[00:01:26.880 --> 00:01:27.920]  是較為困難的
[00:01:27.920 --> 00:01:29.160]  因為
[00:01:29.160 --> 00:01:31.160]  早上太陽一出來的時候
[00:01:31.160 --> 00:01:33.920]  霧水就已經消散了
[00:01:33.920 --> 00:01:35.560]  如果只是羊毛濕
[00:01:35.560 --> 00:01:36.360]  而地下乾
[00:01:36.360 --> 00:01:37.600]  是較為困難的
[00:01:37.600 --> 00:01:40.360]  但是神都來答應了
[00:01:40.360 --> 00:01:43.640]  然後他的疑慮消除了之後
[00:01:43.640 --> 00:01:46.160]  他就願意信服神的召命了
[00:01:46.160 --> 00:01:48.440]  我們看一看今次
[00:01:48.440 --> 00:01:52.440]  我們看機電如何用很少的人
[00:01:52.440 --> 00:01:56.120]  來戰勝多餘海沙的米電人
[00:01:56.120 --> 00:01:59.480]  所以今次的題目就叫《以少勝多》
[00:01:59.480 --> 00:02:03.760]  其實今次機電真的以兔撲獅
[00:02:03.760 --> 00:02:05.760]  不是以獅撲兔
[00:02:05.760 --> 00:02:08.640]  是微小的力量
[00:02:08.640 --> 00:02:10.520]  去對付龐大的軍力
[00:02:10.520 --> 00:02:13.640]  我們看看《史詩記》第七章
[00:02:13.640 --> 00:02:14.840]  我們先看第一節
[00:02:14.840 --> 00:02:16.840]  我一直都鼓勵弟兄姊妹
[00:02:16.840 --> 00:02:18.040]  如果我查警之前
[00:02:18.040 --> 00:02:21.240]  你知道我下一堂是講什麼的時候
[00:02:21.240 --> 00:02:23.520]  你先看一次會對你幫助大一些的
[00:02:23.520 --> 00:02:25.520]  《史詩記》第七章第一節
[00:02:25.520 --> 00:02:27.840]  耶路巴力就是機電
[00:02:27.840 --> 00:02:30.680]  他和一切跟隨的人早晨起來
[00:02:30.680 --> 00:02:32.920]  在哈律全旁安營
[00:02:32.920 --> 00:02:37.760]  米電仍在他們北邊的平原靠近摩利干
[00:02:37.760 --> 00:02:42.240]  留意到聖經作者刻意稱他為耶路巴力
[00:02:42.240 --> 00:02:44.480]  記不記得耶路巴力是什麼意思?
[00:02:44.480 --> 00:02:48.160]  就是機電去拆毀了巴力的祭壇
[00:02:48.160 --> 00:02:53.320]  後來他們要逼機電的父親將機電交出來
[00:02:53.320 --> 00:02:56.280]  但是機電的父親愛機電
[00:02:56.280 --> 00:02:59.440]  本來他是米電人那些異教的祭師
[00:02:59.440 --> 00:03:02.560]  但這次就說到如果巴力是真的
[00:03:02.560 --> 00:03:05.520]  讓貝爾巴力和他們爭拗
[00:03:05.520 --> 00:03:09.040]  這個意思是有人稱他為耶路巴力
[00:03:09.040 --> 00:03:11.960]  聖經作者刻意稱他為耶路巴力
[00:03:11.960 --> 00:03:14.120]  然後就稱他為機電
[00:03:14.120 --> 00:03:20.560]  這就是他蒙神呼召時藉著名字、行動、爭戰
[00:03:20.560 --> 00:03:22.160]  來彰顯神的能力
[00:03:22.160 --> 00:03:26.240]  神力工作是由機電個人的家庭開始
[00:03:26.240 --> 00:03:28.600]  要他清除那些偶像
[00:03:28.600 --> 00:03:33.160]  因為他父親是米電人、拜異教的祭師
[00:03:33.160 --> 00:03:34.920]  但很可惜
[00:03:34.920 --> 00:03:37.240]  他沒有引以為鑒
[00:03:37.240 --> 00:03:43.520]  結果後來他的家庭卻是極度失敗
[00:03:43.520 --> 00:03:47.480]  甚至引致自己的民族都受影響
[00:03:47.480 --> 00:03:52.160]  這就是下一節和下一節我們會探討的
[00:03:52.160 --> 00:03:56.800]  我們看看機電如何去面對這班米電人
[00:03:56.800 --> 00:04:00.680]  我們看《史詩記》第七章第二、第三兩節
[00:04:00.680 --> 00:04:02.600]  耶和華對機電說:
[00:04:02.600 --> 00:04:04.360]  「跟隨你的人過多
[00:04:04.360 --> 00:04:07.680]  我不能將米電人交在他們手中
[00:04:07.680 --> 00:04:10.120]  免得以色列人向我誇大說
[00:04:10.120 --> 00:04:12.640]  「借我們自己的手救了我們」
[00:04:12.640 --> 00:04:15.160]  現在你要向這些人宣告說
[00:04:15.160 --> 00:04:18.880]  凡懼怕膽怯的可以離開機電山回去
[00:04:18.880 --> 00:04:21.320]  於是有二萬二千人回去
[00:04:21.320 --> 00:04:22.760]  只剩下一萬」
[00:04:22.760 --> 00:04:27.000]  當機電呼召人來迎敵的時候
[00:04:27.000 --> 00:04:33.040]  結果有三萬二千人來參與
[00:04:33.040 --> 00:04:36.000]  我們不要否定這三萬二千人
[00:04:36.000 --> 00:04:39.200]  這三萬二千人都是很有勇氣的
[00:04:39.200 --> 00:04:40.520]  為甚麼呢?
[00:04:40.520 --> 00:04:43.520]  因為雖然三萬二千人都不少
[00:04:43.520 --> 00:04:48.400]  但他面對的敵人絕不少數
[00:04:48.400 --> 00:04:50.720]  是大大超越了他們的
[00:04:50.720 --> 00:04:55.760]  我們看一看《史詩記》第七章第十二節
[00:04:55.760 --> 00:05:00.440]  「米電人、亞馬力人和一切東方人都佈散在平原
[00:05:00.440 --> 00:05:02.160]  如同蝗蟲那樣多
[00:05:02.160 --> 00:05:05.680]  他們的樂壇無數多如海邊的沙」
[00:05:05.680 --> 00:05:08.080]  聖經裏面怎樣描繪這班人呢?
[00:05:08.080 --> 00:05:13.880]  就好像描繪阿伯拉罕的后裔多到天上一星海邊的沙那麼多
[00:05:13.880 --> 00:05:17.360]  「米電人、亞馬力人和一切東方人都佈散在平原
[00:05:17.360 --> 00:05:19.040]  如同蝗蟲那樣多
[00:05:19.040 --> 00:05:22.320]  他們的樂壇無數多如海邊的沙」
[00:05:22.320 --> 00:05:23.960]  稍後我們會看到
[00:05:23.960 --> 00:05:26.680]  你知不知道他面對的是多少人呢?
[00:05:26.680 --> 00:05:30.200]  是十三萬五千人
[00:05:30.200 --> 00:05:33.000]  所以你可以想了
[00:05:33.000 --> 00:05:36.960]  雖然現在他們有三萬二千人參與
[00:05:37.560 --> 00:05:40.760]  但要對付十三萬五千人
[00:05:40.760 --> 00:05:46.320]  仍然是一個蚊比和牛比的數目
[00:05:46.320 --> 00:05:50.240]  但是神要的是精兵
[00:05:50.240 --> 00:05:53.160]  所以神就說現在太多人了
[00:05:53.160 --> 00:05:55.640]  免得這班人將來贏了自誇
[00:05:55.640 --> 00:05:59.160]  是我們的手來贏這一場仗的
[00:05:59.160 --> 00:06:00.200]  於是
[00:06:00.200 --> 00:06:02.720]  機電就怎樣宣佈呢?
[00:06:02.720 --> 00:06:04.080]  機電就說
[00:06:04.080 --> 00:06:08.120]  「犯懼怕膽怯的可以離開」
[00:06:08.120 --> 00:06:15.120]  結果懼怕膽怯的人竟然為數不少
[00:06:15.120 --> 00:06:18.920]  有二萬二千人離開了
[00:06:18.920 --> 00:06:22.200]  我們會不會有一個質疑
[00:06:22.200 --> 00:06:26.840]  難道他們參戰的時候沒有勇氣嗎?
[00:06:26.840 --> 00:06:31.080]  那時他們沒有膽怯的
[00:06:31.080 --> 00:06:32.480]  如果我們了解
[00:06:32.480 --> 00:06:37.120]  很多時候我們人是被當時的氣氛影響的
[00:06:37.120 --> 00:06:40.080]  又或者被朋友帶來影響的
[00:06:40.080 --> 00:06:42.920]  也都被情緒來影響
[00:06:42.920 --> 00:06:45.920]  所以可能他們沒有清楚的時候就參與了
[00:06:45.920 --> 00:06:48.040]  所以中國人有一句說話是這樣說的
[00:06:48.040 --> 00:06:52.600]  「慷慨受死而從容就易難」
[00:06:52.600 --> 00:06:54.480]  聖經也都指出
[00:06:54.480 --> 00:06:57.800]  有些人是不用當兵的
[00:06:57.800 --> 00:07:02.600]  我們看一看《生命紀》第20章第5到第8節
[00:07:27.800 --> 00:07:37.800]  有沒有留意到《生命紀》裏面很清楚的說
[00:07:37.800 --> 00:07:38.800]  那些人要當兵
[00:07:38.800 --> 00:07:40.320]  有幾種人是不用當兵的
[00:07:40.320 --> 00:07:41.840]  就是建了一間新屋
[00:07:41.840 --> 00:07:43.400]  但是還沒有入住的
[00:07:43.400 --> 00:07:44.760]  那就不要去了
[00:07:44.760 --> 00:07:46.760]  第二就是他種了葡萄園
[00:07:46.760 --> 00:07:48.840]  還沒有第一次的收成
[00:07:48.840 --> 00:07:49.760]  這裏是說到的
[00:07:49.760 --> 00:07:51.520]  他都可以不用去打仗
[00:07:51.520 --> 00:07:52.840]  好了 他定了婚
[00:07:52.840 --> 00:07:54.240]  預備去迎娶了
[00:07:54.240 --> 00:07:57.880]  但是還沒有去娶妻子
[00:07:57.880 --> 00:08:00.720]  那就都不用打仗了
[00:08:00.720 --> 00:08:02.440]  還有第四點是什麼呢?
[00:08:02.440 --> 00:08:04.520]  誰怕的就不要去打
[00:08:04.520 --> 00:08:06.000]  為什麼呢?
[00:08:06.000 --> 00:08:09.800]  因為如果建了屋還沒有入住
[00:08:09.800 --> 00:08:13.160]  又種了很辛苦的葡萄
[00:08:13.160 --> 00:08:14.440]  但是還沒有收成
[00:08:14.440 --> 00:08:17.200]  還有如花似玉的妻子還沒有迎娶
[00:08:17.200 --> 00:08:19.440]  死了就給人家享受
[00:08:19.440 --> 00:08:21.880]  於是這些人就不會勇往直前了
[00:08:21.880 --> 00:08:23.480]  那就會有所保留的
[00:08:23.480 --> 00:08:24.960]  還有膽怯的人又怎麼樣呢?
[00:08:24.960 --> 00:08:28.400]  所以會對整隊的軍隊沒有幫助
[00:08:28.400 --> 00:08:30.560]  反而會帶來壞的影響
[00:08:30.560 --> 00:08:33.480]  所以這些退場的人
[00:08:33.480 --> 00:08:35.960]  是有較多時間來思考
[00:08:35.960 --> 00:08:37.200]  為了自己的利益
[00:08:37.200 --> 00:08:38.520]  於是他怎麼樣呢?
[00:08:38.520 --> 00:08:42.280]  他就退出這一場戰役
[00:08:42.280 --> 00:08:44.680]  正如今天有不少的人
[00:08:44.680 --> 00:08:46.360]  來湊高興
[00:08:46.360 --> 00:08:47.800]  在報道會裏面
[00:08:47.800 --> 00:08:49.680]  那些大型的報道會
[00:08:49.680 --> 00:08:53.680]  在醫館、紅館
[00:08:53.680 --> 00:08:56.840]  甚至政府大球場
[00:08:56.840 --> 00:09:00.560]  願意信主的人請你下來
[00:09:00.560 --> 00:09:03.120]  可能很多人就下去了
[00:09:03.120 --> 00:09:05.840]  但是很可能他們其實是沒有經過
[00:09:05.840 --> 00:09:08.440]  很仔細的考慮、決志
[00:09:08.440 --> 00:09:12.920]  及後究竟這麼多所謂信主的人
[00:09:12.920 --> 00:09:14.560]  有多少有真正的追求
[00:09:14.560 --> 00:09:16.080]  受到好的栽培
[00:09:16.080 --> 00:09:19.440]  然後就成為一個成熟的教徒呢?
[00:09:19.440 --> 00:09:21.480]  主耶穌在世上的時候
[00:09:21.480 --> 00:09:22.720]  有人要跟隨祂
[00:09:22.720 --> 00:09:24.040]  耶穌都叫這些人
[00:09:24.040 --> 00:09:26.120]  拜託你要考慮清楚
[00:09:26.120 --> 00:09:29.360]  跟隨我的話要付代價的
[00:09:29.360 --> 00:09:32.000]  所以主期望跟隨祂的人
[00:09:32.000 --> 00:09:33.360]  要有生命力
[00:09:33.360 --> 00:09:34.880]  肯為神
[00:09:34.880 --> 00:09:37.080]  教會推動一些事工的時候
[00:09:37.080 --> 00:09:39.800]  或者一開始的時候都很多人參與的
[00:09:39.800 --> 00:09:41.840]  但是很可能沒多久
[00:09:41.840 --> 00:09:43.440]  有些人就會退出了
[00:09:43.440 --> 00:09:45.520]  所以記住
[00:09:45.520 --> 00:09:47.760]  神要求的是徵兵
[00:09:47.760 --> 00:09:49.960]  而不是護俠之眾
[00:09:49.960 --> 00:09:52.800]  神用少數的人去打這場仗
[00:09:52.800 --> 00:09:55.960]  目的就是防止這些以色列人
[00:09:55.960 --> 00:09:58.520]  有自高自大的錯誤的心態
[00:09:58.520 --> 00:09:59.960]  以為是自己的能力
[00:09:59.960 --> 00:10:02.360]  去戰勝這些米電人
[00:10:02.360 --> 00:10:06.240]  神要他們有謙卑和信心依靠祂
[00:10:06.240 --> 00:10:08.040]  看見的是祂的能力
[00:10:08.040 --> 00:10:09.560]  而不是自己
[00:10:09.560 --> 00:10:11.040]  所以這場戰爭
[00:10:11.040 --> 00:10:14.160]  不單單要解救以色列人
[00:10:14.160 --> 00:10:16.160]  脫離米電人的手
[00:10:17.760 --> 00:10:19.360]  脫離他們的核制
[00:10:19.360 --> 00:10:22.240]  更加重要是讓他們清楚
[00:10:22.240 --> 00:10:25.960]  他們敬拜的對象是一個怎樣的神
[00:10:25.960 --> 00:10:29.360]  剩下來的那一萬人
[00:10:29.360 --> 00:10:30.880]  算是好東西了
[00:10:30.880 --> 00:10:33.240]  一萬對十三萬五千
[00:10:33.240 --> 00:10:36.080]  絕對是勇敢不怕犧牲的
[00:10:36.080 --> 00:10:39.920]  因為要得勝的機會是很難的
[00:10:39.920 --> 00:10:41.840]  但是他們仍然堅持
[00:10:41.840 --> 00:10:44.720]  是絕對值得我們去讚揚的
[00:10:44.720 --> 00:10:48.960]  但是神仍然說人數太多了
[00:10:48.960 --> 00:10:53.120]  於是要大幅削減以色列軍隊的數目
[00:10:53.120 --> 00:10:55.800]  這個是很不合理的方法
[00:10:55.800 --> 00:10:57.640]  但是正如我剛才所說
[00:10:57.640 --> 00:10:59.800]  神需要的不是勇員
[00:10:59.800 --> 00:11:03.680]  更加不需要按人的方法去作戰
[00:11:03.680 --> 00:11:05.920]  祂要的就是徵兵
[00:11:05.920 --> 00:11:08.160]  於是用另外一個方法
[00:11:08.160 --> 00:11:11.120]  將那些人帶去西走
[00:11:11.120 --> 00:11:14.160]  在《史詩記》第七章第四到第七節
[00:11:14.160 --> 00:11:15.800]  耶穌說:對姬澱說
[00:11:15.800 --> 00:11:17.000]  人還是過多
[00:11:17.000 --> 00:11:19.120]  你要帶他們下到水泊
[00:11:19.120 --> 00:11:21.520]  我好在那裡為你涉事他們
[00:11:21.520 --> 00:11:22.680]  我只染誰說
[00:11:22.680 --> 00:11:24.120]  這人可以跟你去
[00:11:24.120 --> 00:11:25.840]  他就可以跟你去
[00:11:25.840 --> 00:11:26.960]  我只染誰說
[00:11:26.960 --> 00:11:28.520]  這人不可跟你去
[00:11:28.520 --> 00:11:30.240]  他就不可跟你去
[00:11:30.240 --> 00:11:32.560]  既然就帶他們下到水泊
[00:11:32.560 --> 00:11:34.480]  耶穌說對姬澱說
[00:11:34.480 --> 00:11:36.280]  凡用舌頭添水
[00:11:36.280 --> 00:11:37.480]  將狗添的
[00:11:37.480 --> 00:11:39.920]  要使它單站在一處
[00:11:39.920 --> 00:11:41.560]  凡跪下喝水的
[00:11:41.560 --> 00:11:43.960]  也要使它單站在一處
[00:11:43.960 --> 00:11:47.360]  於是用手捧著添水的有三百人
[00:11:47.360 --> 00:11:49.520]  其餘的都跪下喝水
[00:11:49.520 --> 00:11:51.200]  耶穌說對姬澱說
[00:11:51.200 --> 00:11:54.640]  我要用這添水的三百人拯救你們
[00:11:54.640 --> 00:11:57.080]  將米顛人交在你手中
[00:11:57.080 --> 00:12:00.280]  其餘的人都可以各歸各處去
[00:12:00.280 --> 00:12:02.760]  神是要DQ一些人
[00:12:02.760 --> 00:12:05.160]  好了 傳統的解釋就是什麼呢?
[00:12:05.160 --> 00:12:07.120]  一去到一口口汗
[00:12:07.120 --> 00:12:08.080]  就趴在那裡
[00:12:08.080 --> 00:12:08.920]  好像狗一樣
[00:12:08.920 --> 00:12:11.200]  噁噁噁噁的舔一些水
[00:12:11.200 --> 00:12:12.680]  這些人就不得警醒了
[00:12:12.680 --> 00:12:14.160]  因為敵人來到的時候
[00:12:14.160 --> 00:12:15.880]  它起身也慢了
[00:12:15.880 --> 00:12:18.760]  有些跪下的也同樣是這個道理
[00:12:18.760 --> 00:12:20.360]  但是如果站在那裡
[00:12:20.360 --> 00:12:21.800]  然後拿些水來
[00:12:21.800 --> 00:12:22.800]  去喝那些
[00:12:22.800 --> 00:12:25.200]  那些就行了
[00:12:25.200 --> 00:12:28.840]  這是傳統的教導
[00:12:28.840 --> 00:12:31.200]  但其實我們要看一看
[00:12:31.200 --> 00:12:33.200]  神要的是什麼呢?
[00:12:33.200 --> 00:12:35.480]  是要少數的人
[00:12:35.480 --> 00:12:38.600]  所以那少數的人只有三百
[00:12:38.600 --> 00:12:41.080]  如果你反過來想一想
[00:12:41.080 --> 00:12:45.680]  如果有九千多人
[00:12:45.680 --> 00:12:48.880]  都是站在那裡拿水喝
[00:12:48.880 --> 00:12:51.800]  而趴在那裡喝水只有三百人
[00:12:51.800 --> 00:12:53.800]  因為神是要少的數目
[00:12:53.800 --> 00:12:56.200]  所以可能趴在那裡喝水的那三百人
[00:12:56.200 --> 00:12:57.800]  就被神揀選
[00:12:57.800 --> 00:12:59.400]  所以記住
[00:12:59.400 --> 00:13:03.720]  原來不只是在乎他們怎麼喝水的方法
[00:13:03.720 --> 00:13:06.680]  焦點是哪些人是最少的
[00:13:06.680 --> 00:13:09.520]  結果就是只有三百人
[00:13:10.520 --> 00:13:14.200]  但是三百人會不會少得可憐呢?
[00:13:14.200 --> 00:13:18.000]  怎麼可以贏十三萬五千人呢?
[00:13:18.000 --> 00:13:21.520]  直到這樣才可以彰顯到神的能力
[00:13:21.520 --> 00:13:22.520]  好了
[00:13:22.520 --> 00:13:24.000]  接著
[00:13:24.000 --> 00:13:27.320]  幾年你猜他在那一刻裡面
[00:13:27.320 --> 00:13:31.120]  有沒有內心也有一些戰驚呢?
[00:13:31.120 --> 00:13:32.320]  行不行呢?
[00:13:32.320 --> 00:13:34.720]  三百人對這麼多人
[00:13:34.720 --> 00:13:36.520]  神滿有憐憫
[00:13:36.520 --> 00:13:39.680]  神讓他再得到憑據
[00:13:39.680 --> 00:13:43.120]  而且這次不是機電主動要求
[00:13:43.120 --> 00:13:46.920]  是神主動的來給這個憑據機電
[00:13:46.920 --> 00:13:50.720]  我們看看《時詩記》第七章第九到十一節
[00:13:50.720 --> 00:13:53.720]  「當那夜耶穌說吩咐機電說
[00:13:53.720 --> 00:13:56.120]  起來 下到米顛迎女去
[00:13:56.120 --> 00:13:58.720]  因我已將她們交在你手中
[00:13:58.720 --> 00:14:00.120]  倘若你怕下去
[00:14:00.120 --> 00:14:03.720]  就帶你的僕人普拉下到那迎女去
[00:14:03.720 --> 00:14:05.720]  你必聽見她們所說的
[00:14:05.720 --> 00:14:08.320]  然後你就有膽量下去攻迎
[00:14:08.320 --> 00:14:12.320]  於是機電帶著僕人普拉下到迎旁」
[00:14:12.320 --> 00:14:15.120]  你看到神真是滿有憐憫恩典的神
[00:14:15.120 --> 00:14:19.520]  上一課我們特別看到機電要求的那些確據
[00:14:19.520 --> 00:14:21.720]  其實是神憐憫機電
[00:14:21.720 --> 00:14:23.520]  難道沒有祂不行嗎?
[00:14:23.520 --> 00:14:26.320]  仍然來好好地訓練祂
[00:14:26.320 --> 00:14:28.120]  建立祂的信心
[00:14:28.120 --> 00:14:32.720]  所以在機電沒有要求的情況下
[00:14:32.720 --> 00:14:35.920]  神就讓祂得到憑據
[00:14:35.920 --> 00:14:38.520]  讓祂有信心去面對挑戰
[00:14:38.520 --> 00:14:40.120]  神一早已經宣告了
[00:14:40.120 --> 00:14:43.120]  已經將敵人交在祢的手中
[00:14:43.120 --> 00:14:44.520]  但是你有沒有留意到
[00:14:44.520 --> 00:14:47.520]  祂沒有叫機電立刻去作戰
[00:14:47.520 --> 00:14:50.520]  祂容讓機電稍作遲疑
[00:14:50.520 --> 00:14:53.520]  然後叫祂做一些刺探的工作
[00:14:53.520 --> 00:14:54.920]  甚至祂說出
[00:14:54.920 --> 00:14:57.120]  如果你怕的話
[00:14:57.120 --> 00:15:01.920]  祢可以帶祢的僕人普拉和你一起去
[00:15:01.920 --> 00:15:05.320]  於是神就讓我得到額外的情報
[00:15:05.320 --> 00:15:08.920]  而加強了祂的勇氣和信心
[00:15:08.920 --> 00:15:13.320]  機電果然沒有被神看錯
[00:15:13.320 --> 00:15:14.720]  祂真的害怕
[00:15:14.720 --> 00:15:19.320]  於是祂就帶了普拉這個僕人
[00:15:19.320 --> 00:15:24.720]  一齊靜悄悄地去米電營來刺探軍情
[00:15:24.720 --> 00:15:26.720]  但是看到那個景象
[00:15:26.720 --> 00:15:30.320]  使他們感覺到非常懼怕
[00:15:30.320 --> 00:15:32.920]  剛才我讀過第十二節
[00:15:32.920 --> 00:15:36.320]  就是這幫人散佈在平原裏面
[00:15:36.320 --> 00:15:38.320]  如同蝗蟲那樣多
[00:15:38.320 --> 00:15:40.320]  而且他們落塘無數
[00:15:40.320 --> 00:15:42.920]  好像海邊的沙那樣多
[00:15:42.920 --> 00:15:46.720]  但是雖然人很多
[00:15:46.720 --> 00:15:49.920]  但是機電竟然偷聽到
[00:15:49.920 --> 00:15:53.520]  米電軍營裏面的人的對話
[00:15:53.520 --> 00:15:54.520]  甚麼對話呢?
[00:15:54.520 --> 00:15:57.120]  我們看看13到15節
[00:15:57.120 --> 00:15:58.120]  「機電到了
[00:15:58.120 --> 00:16:01.120]  就聽見一人將夢告訴同伴說
[00:16:01.120 --> 00:16:06.120]  我作了一夢夢見一個大麥餅滾入米電營中
[00:16:06.120 --> 00:16:10.920]  到了帳幕將帳幕撞倒帳幕就翻轉傾覆了
[00:16:10.920 --> 00:16:13.120]  那同伴說這不是別的
[00:16:13.120 --> 00:16:16.720]  乃是以色列人約納斯的兒子機電的刀
[00:16:16.720 --> 00:16:20.520]  神已將米電和全軍都交在他的手中
[00:16:20.520 --> 00:16:24.320]  機電聽見這夢和夢的講解就敬拜神
[00:16:24.320 --> 00:16:27.120]  回到以色列營中說起來吧
[00:16:27.120 --> 00:16:33.120]  也會說已將米電的軍隊交在你們手中了」
[00:16:33.120 --> 00:16:37.120]  機電和他的僕人去刺探軍情
[00:16:37.120 --> 00:16:42.720]  就聽到那些米電軍隊講解他們的夢
[00:16:42.720 --> 00:16:47.720]  夢見大麥餅搗破了他們的軍營
[00:16:47.720 --> 00:16:49.320]  原來大麥餅是甚麼呢?
[00:16:49.320 --> 00:16:51.720]  就是很粗糙的食物
[00:16:51.720 --> 00:16:53.720]  如果稍為有錢的人
[00:16:53.720 --> 00:16:58.720]  都會用小麥來做餅
[00:16:58.720 --> 00:17:00.520]  所以如果你看《河西亞書》
[00:17:00.520 --> 00:17:03.120]  河西亞娶淫婦的時候
[00:17:03.120 --> 00:17:04.520]  是要怎樣呢?
[00:17:04.520 --> 00:17:05.920]  他不但要給錢
[00:17:05.920 --> 00:17:10.520]  因為錢不夠還要用大麥一鵝眉以半
[00:17:10.520 --> 00:17:12.320]  即是加上這些麥
[00:17:12.320 --> 00:17:16.320]  然後去換取淫亂的妻子回來
[00:17:16.320 --> 00:17:18.520]  他背後是在彰顯神的愛
[00:17:18.520 --> 00:17:20.720]  河西亞是一個窮的人
[00:17:20.720 --> 00:17:25.520]  但是你有沒有留意到是很特別
[00:17:25.520 --> 00:17:28.120]  不是一個人做夢
[00:17:28.120 --> 00:17:30.320]  我和你都會做夢
[00:17:30.320 --> 00:17:34.720]  但我和你做的夢是不會相同的
[00:17:34.720 --> 00:17:39.720]  但現在是很多很多米電人做的夢
[00:17:39.720 --> 00:17:42.720]  但他們做的夢竟然是相同的
[00:17:42.720 --> 00:17:45.120]  這豈不是神的工作嗎?
[00:17:45.120 --> 00:17:48.120]  大家一起來分享
[00:17:48.120 --> 00:17:52.720]  這個夢境令他們覺得非比尋常
[00:17:52.720 --> 00:17:56.320]  甚至這個夢境已經令他們膽戰心驚
[00:17:56.320 --> 00:18:02.120]  因為他們說這個大麥餅代表了機電
[00:18:02.120 --> 00:18:07.120]  他們了解到機電是約翰斯的兒子
[00:18:07.120 --> 00:18:13.120]  而且他們更加知道將來會和他打仗
[00:18:13.120 --> 00:18:18.120]  甚至神已經將米電和全軍都加在他們手裏
[00:18:18.120 --> 00:18:22.120]  這個夢令他們膽戰心驚
[00:18:22.120 --> 00:18:24.120]  機電雖然缺乏勇氣
[00:18:24.120 --> 00:18:28.120]  在要求他之下來刺探軍營
[00:18:28.120 --> 00:18:33.120]  但敵人似乎是一早認識了機電
[00:18:33.120 --> 00:18:35.120]  更加知道他的行動
[00:18:35.120 --> 00:18:41.120]  即是敵人的情報工作比機電來得好
[00:18:41.120 --> 00:18:45.120]  他們早已監視著這班以色列人
[00:18:45.120 --> 00:18:48.120]  知道以色列人的神
[00:18:48.120 --> 00:18:51.120]  以及在軍營裏宣告的預言
[00:18:51.120 --> 00:18:57.120]  雖然米電人的情報比以色列人的情報來得好
[00:18:57.120 --> 00:19:00.120]  但都不能令他們逃避災難
[00:19:00.120 --> 00:19:03.120]  機電得到這些確據後
[00:19:03.120 --> 00:19:05.120]  就不再猶豫
[00:19:05.120 --> 00:19:09.120]  於是回去召集這三百人和他們說
[00:19:09.120 --> 00:19:13.120]  今日耶和已經將米電的軍隊放在我們手裏
[00:19:13.120 --> 00:19:16.120]  但我們聽不到一件事
[00:19:16.120 --> 00:19:18.120]  在人和神的關係當中
[00:19:18.120 --> 00:19:25.120]  其實懷疑神比懼怕敵人更加有破壞性
[00:19:25.120 --> 00:19:27.120]  所以求神幫助我們
[00:19:27.120 --> 00:19:30.120]  讓我們有信心依靠神
[00:19:30.120 --> 00:19:35.120]  正正經經我們見到機電沒有信心
[00:19:35.120 --> 00:19:38.120]  相信神親口的宣告
[00:19:38.120 --> 00:19:42.120]  他是否主動要求神給人印證呢?
[00:19:42.120 --> 00:19:45.120]  但神就好像引退了
[00:19:45.120 --> 00:19:47.120]  完全再沒有主動出現了
[00:19:47.120 --> 00:19:49.120]  直到這一次
[00:19:49.120 --> 00:19:52.120]  是神主動吩咐機電去取印證
[00:19:52.120 --> 00:19:54.120]  祂只是信服而已
[00:19:54.120 --> 00:19:56.120]  但不要忘記
[00:19:56.120 --> 00:20:02.120]  祂之前都拿了羊毛這些印證
[00:20:02.120 --> 00:20:06.120]  但並沒有帶給我們甚麼實際的幫助
[00:20:06.120 --> 00:20:10.120]  直到他聽到敵人的夢境
[00:20:10.120 --> 00:20:12.120]  他反而有更大的信心
[00:20:12.120 --> 00:20:14.120]  是不是很諷刺呢?
[00:20:14.120 --> 00:20:16.120]  直接從神聽到的應許
[00:20:16.120 --> 00:20:20.120]  竟然不能夠叫機電去信服
[00:20:20.120 --> 00:20:24.120]  但從米電士兵裏聽到這樣的應許
[00:20:24.120 --> 00:20:26.120]  卻令他信服
[00:20:26.120 --> 00:20:31.120]  這豈不是今天很多基督徒的寫照呢?
[00:20:31.120 --> 00:20:34.120]  有時我們向神有很多很多要求
[00:20:34.120 --> 00:20:38.120]  但即使神答應了我們的要求
[00:20:38.120 --> 00:20:42.120]  但我們往往有時都沒有完全的信服
[00:20:42.120 --> 00:20:45.120]  反而有時外人一兩句說話
[00:20:45.120 --> 00:20:47.120]  就叫到我們貼貼束縛
[00:20:47.120 --> 00:20:49.120]  所以很可悲
[00:20:49.120 --> 00:20:50.120]  但無論如何
[00:20:50.120 --> 00:20:55.120]  機電在這一刻有一點值得我們去欣賞
[00:20:55.120 --> 00:20:59.120]  就是以神為重
[00:20:59.120 --> 00:21:05.120]  在他開戰之前他就要去敬拜神
[00:21:05.120 --> 00:21:07.120]  因為之前他是膽怯
[00:21:07.120 --> 00:21:09.120]  經常要憑據
[00:21:09.120 --> 00:21:12.120]  但現在在強弱懸殊之下
[00:21:12.120 --> 00:21:15.120]  他是有這份勇氣
[00:21:15.120 --> 00:21:20.120]  以敬畏神的心去呼召那三百人作戰
[00:21:20.120 --> 00:21:22.120]  但在他作戰之前
[00:21:22.120 --> 00:21:24.120]  他先去敬拜神
[00:21:24.120 --> 00:21:26.120]  他就是以神為先
[00:21:26.120 --> 00:21:28.120]  這個原則是值得我們欣賞的
[00:21:28.120 --> 00:21:30.120]  不要忘記日後
[00:21:30.120 --> 00:21:33.120]  第一個王蘇羅的失敗
[00:21:33.120 --> 00:21:36.120]  就是當他見到形勢好的時候
[00:21:36.120 --> 00:21:38.120]  就輕忽了神
[00:21:38.120 --> 00:21:45.120]  我們看看當日蘇羅要和菲律賓人打仗
[00:21:45.120 --> 00:21:47.120]  他失敗了
[00:21:47.120 --> 00:21:51.120]  但他打算抬個藥櫃出來去求問神
[00:21:51.120 --> 00:21:56.120]  誰知後來約拿丹去打贏菲律賓人
[00:21:56.120 --> 00:21:59.120]  他一聽到菲律賓人敗亡的時候
[00:21:59.120 --> 00:22:00.120]  他就不等了
[00:22:00.120 --> 00:22:01.120]  我們看看這段經文
[00:22:01.120 --> 00:22:04.120]  《撒布爾記》上14章18到19節
[00:22:04.120 --> 00:22:07.120]  那時神的藥櫃在以色列人那裏
[00:22:07.120 --> 00:22:09.120]  蘇羅對阿希亞說
[00:22:09.120 --> 00:22:11.120]  你將神的藥櫃運了來
[00:22:11.120 --> 00:22:14.120]  蘇羅正與祭司說話的時候
[00:22:14.120 --> 00:22:17.120]  菲律賓營中的軒轅越發大了
[00:22:17.120 --> 00:22:20.120]  蘇羅就對祭司說停手吧
[00:22:20.120 --> 00:22:25.120]  原來蘇羅當日很想拿藥櫃出來去求問神
[00:22:25.120 --> 00:22:28.120]  誰知他一聽到敵方陣腳大亂的時候
[00:22:28.120 --> 00:22:30.120]  他就馬上說不用了
[00:22:30.120 --> 00:22:33.120]  他就不再理會倚靠神了
[00:22:33.120 --> 00:22:34.120]  就跟著去打仗
[00:22:34.120 --> 00:22:36.120]  更加他要乘勝追擊
[00:22:36.120 --> 00:22:41.120]  及後他沒有理會士兵那種疲乏
[00:22:41.120 --> 00:22:43.120]  不准他們吃東西
[00:22:43.120 --> 00:22:44.120]  下這個命令
[00:22:44.120 --> 00:22:46.120]  之前是怎樣呢?
[00:22:46.120 --> 00:22:50.120]  原來當他要打仗之前
[00:22:50.120 --> 00:22:54.120]  他應該要等候撒布爾來為他們祈禱
[00:22:54.120 --> 00:22:59.120]  但是他等撒布爾還未到的時候
[00:22:59.120 --> 00:23:04.120]  他又見到跟隨他的人逐漸離開
[00:23:04.120 --> 00:23:09.120]  於是他就要自己獻祭
[00:23:09.120 --> 00:23:13.120]  我再講君王獻祭其實是可以的
[00:23:13.120 --> 00:23:17.120]  所羅門天聖殿的時候他都有獻祭
[00:23:17.120 --> 00:23:21.120]  但是這一刻蘇羅獻祭的目的
[00:23:21.120 --> 00:23:23.120]  絕對不是為了神
[00:23:23.120 --> 00:23:25.120]  而是一個政治行動
[00:23:25.120 --> 00:23:26.120]  我們看一看
[00:23:26.120 --> 00:23:29.120]  《十二記》第十三章第八到第十二節
[00:23:29.120 --> 00:23:33.120]  蘇羅照著撒布爾所定的日期等了七天
[00:23:33.120 --> 00:23:36.120]  撒布爾還沒有來到吉格
[00:23:36.120 --> 00:23:39.120]  百姓也離開蘇羅散去了
[00:23:39.120 --> 00:23:43.120]  蘇羅說把梵濟和平安濟帶到我這裡來
[00:23:43.120 --> 00:23:45.120]  蘇羅就獻上梵濟
[00:23:45.120 --> 00:23:46.120]  剛獻完梵濟
[00:23:46.120 --> 00:23:48.120]  撒布爾就到了
[00:23:48.120 --> 00:23:50.120]  蘇羅出去迎接他要問他好
[00:23:50.120 --> 00:23:53.120]  撒布爾說你做的是什麼事呢?
[00:23:53.120 --> 00:23:56.120]  蘇羅說因為我見百姓離開我散去
[00:23:56.120 --> 00:23:59.120]  你也不照所定的日期來到
[00:23:59.120 --> 00:24:01.120]  而且非利人聚集在墨沒
[00:24:01.120 --> 00:24:05.120]  所以我心裡說恐怕我沒有禱告耶和華
[00:24:05.120 --> 00:24:08.120]  非利人下到吉格攻擊我
[00:24:08.120 --> 00:24:10.120]  我就勉強獻上梵濟
[00:24:10.120 --> 00:24:13.120]  你有沒有留意到蘇羅他要怎麼樣呢?
[00:24:13.120 --> 00:24:16.120]  他要政治上的考量
[00:24:16.120 --> 00:24:19.120]  因為有些人擔心於是離開了
[00:24:19.120 --> 00:24:20.120]  要挽留百姓
[00:24:20.120 --> 00:24:23.120]  他也把責任推在撒布爾身上
[00:24:23.120 --> 00:24:24.120]  因為你遲到了
[00:24:24.120 --> 00:24:26.120]  我怎麼知道要等到什麼時候呢?
[00:24:26.120 --> 00:24:30.120]  他就說到我勉強獻上梵濟
[00:24:30.120 --> 00:24:31.120]  我再說
[00:24:31.120 --> 00:24:34.120]  他獻祭目的不是真的為了神
[00:24:34.120 --> 00:24:36.120]  是一個政治上的行動
[00:24:36.120 --> 00:24:38.120]  所以被神放棄
[00:24:38.120 --> 00:24:40.120]  但這次基地不是
[00:24:40.120 --> 00:24:41.120]  如果我看完經文的時候
[00:24:41.120 --> 00:24:45.120]  基地聽到這個軍情之後
[00:24:45.120 --> 00:24:47.120]  他呼召三百人
[00:24:47.120 --> 00:24:49.120]  但他先去敬拜神
[00:24:49.120 --> 00:24:52.120]  還有我們有沒有留意到一些細節呢?
[00:24:52.120 --> 00:24:56.120]  基殿做事往往是黑夜的
[00:24:56.120 --> 00:25:03.120]  他拆毀巴力的偶像和亞瑟拉的墓柱
[00:25:03.120 --> 00:25:04.120]  是在晚上進行的
[00:25:04.120 --> 00:25:07.120]  因為他不敢在日間來行事
[00:25:07.120 --> 00:25:08.120]  好了
[00:25:08.120 --> 00:25:12.120]  所以因為這件事被人稱為耶路巴力
[00:25:12.120 --> 00:25:15.120]  他要求羊毛濕或乾
[00:25:15.120 --> 00:25:17.120]  都是在晚上進行的
[00:25:17.120 --> 00:25:19.120]  他要第二天早上出去看
[00:25:19.120 --> 00:25:23.120]  現在他得到憑據
[00:25:23.120 --> 00:25:26.120]  都是在黑夜裡面進行的
[00:25:26.120 --> 00:25:28.120]  他回去之後
[00:25:28.120 --> 00:25:30.120]  就向那三百勇士
[00:25:30.120 --> 00:25:32.120]  其實我曾經想過
[00:25:32.120 --> 00:25:34.120]  這個題目叫「戰狼三百」
[00:25:34.120 --> 00:25:36.120]  不知道大家有沒有看過這部電影
[00:25:36.120 --> 00:25:38.120]  他向這三百個勇士
[00:25:38.120 --> 00:25:40.120]  好像神一樣宣告
[00:25:40.120 --> 00:25:45.120]  耶和華已經將米電的軍隊交到他們手裡
[00:25:45.120 --> 00:25:49.120]  這時候以色列人的領導者
[00:25:49.120 --> 00:25:54.120]  就是以神的話語來幫助他們
[00:25:54.120 --> 00:25:56.120]  提醒他們
[00:25:56.120 --> 00:25:58.120]  基殿讓他跟隨者
[00:25:58.120 --> 00:26:01.120]  一起承擔神的使命
[00:26:01.120 --> 00:26:05.120]  也一起分享勝利的光榮
[00:26:05.120 --> 00:26:06.120]  好了
[00:26:06.120 --> 00:26:09.120]  接著我們看到二小聖多
[00:26:09.120 --> 00:26:11.120]  我們很熟悉的一段經文
[00:26:11.120 --> 00:26:13.120]  稍為長一點
[00:26:13.120 --> 00:26:15.120]  麻煩Yvonne幫我們讀出來
[00:26:15.120 --> 00:26:18.120]  「於是基殿將三百人分作三隊
[00:26:18.120 --> 00:26:21.120]  把國和空瓶交在各人手裡
[00:26:21.120 --> 00:26:23.120]  瓶內都藏著火把
[00:26:23.120 --> 00:26:25.120]  吩咐他們說
[00:26:25.120 --> 00:26:27.120]  你們要看我行事
[00:26:27.120 --> 00:26:29.120]  我到了營的旁邊怎樣行
[00:26:29.120 --> 00:26:31.120]  你們也要怎樣行
[00:26:31.120 --> 00:26:34.120]  我和一切跟隨我的人吹角的時候
[00:26:34.120 --> 00:26:37.120]  你們也要在營的四處吹角
[00:26:37.120 --> 00:26:40.120]  喊叫說也會說和基殿的都
[00:26:40.120 --> 00:26:43.120]  基殿和跟隨他的一百人在三更之初
[00:26:43.120 --> 00:26:46.120]  才半更的時候來到營旁
[00:26:46.120 --> 00:26:47.120]  就吹角
[00:26:47.120 --> 00:26:49.120]  打破手中的瓶
[00:26:49.120 --> 00:26:52.120]  三隊的人就都吹角
[00:26:52.120 --> 00:26:53.120]  打破瓶子
[00:26:53.120 --> 00:26:55.120]  左手拿著火把
[00:26:55.120 --> 00:26:56.120]  右手拿著角
[00:26:56.120 --> 00:26:59.120]  喊叫說也會說和基殿的都
[00:26:59.120 --> 00:27:02.120]  他們在營的四處各站各的地方
[00:27:02.120 --> 00:27:04.120]  全營的都亂數
[00:27:04.120 --> 00:27:07.120]  八百人吶喊使他們逃跑
[00:27:07.120 --> 00:27:09.120]  三百人就吹角
[00:27:09.120 --> 00:27:13.120]  也會說全營的人用刀互相擊殺
[00:27:13.120 --> 00:27:16.120]  逃到西尼拉的伯哈斯塔
[00:27:16.120 --> 00:27:21.120]  直逃到靠近塔巴的巴米荷拉
[00:27:21.120 --> 00:27:24.120]  我們看到他們兵分三路
[00:27:24.120 --> 00:27:25.120]  每隊各一百人
[00:27:25.120 --> 00:27:27.120]  首先吹號角
[00:27:27.120 --> 00:27:30.120]  製造一個很大的響聲
[00:27:30.120 --> 00:27:34.120]  隨即將藏在火把裏面的瓶打碎
[00:27:34.120 --> 00:27:36.120]  然後突然之間
[00:27:36.120 --> 00:27:39.120]  看到有很多火光出現的時候
[00:27:39.120 --> 00:27:43.120]  就引發敵軍惶恐驚亂
[00:27:43.120 --> 00:27:45.120]  隨即大聲喊叫
[00:27:45.120 --> 00:27:46.120]  耶和華與基殿的都
[00:27:46.120 --> 00:27:48.120]  代替了角聲
[00:27:48.120 --> 00:27:50.120]  讓我們想起當日
[00:27:50.120 --> 00:27:51.120]  記不記得
[00:27:51.120 --> 00:27:53.120]  他們入迦南地的時候
[00:27:53.120 --> 00:27:57.120]  繞著耶利哥城多少次?
[00:27:57.120 --> 00:27:59.120]  是十三次
[00:27:59.120 --> 00:28:01.120]  然後大聲呼喊就得勝
[00:28:01.120 --> 00:28:06.120]  所以基殿就活出了摩西和約書亞所承傳的信仰
[00:28:06.120 --> 00:28:08.120]  留意
[00:28:08.120 --> 00:28:13.120]  也不是這三百人來和去擊殺那些軍隊
[00:28:13.120 --> 00:28:16.120]  請大家再留意第二十二節
[00:28:16.120 --> 00:28:22.120]  耶和華使全營的人用刀互相擊殺
[00:28:22.120 --> 00:28:26.120]  原來耶和華與基殿的都
[00:28:26.120 --> 00:28:29.120]  變成了敵軍的刀
[00:28:29.120 --> 00:28:35.120]  米殿人與他們的同盟互相殘殺
[00:28:35.120 --> 00:28:38.120]  當然觸發這件事的是誰?
[00:28:38.120 --> 00:28:39.120]  就是神
[00:28:39.120 --> 00:28:41.120]  絕對不是基殿
[00:28:41.120 --> 00:28:44.120]  以色列人用的刀是做什麼?
[00:28:44.120 --> 00:28:48.120]  是追殺逃亡的敵人
[00:28:48.120 --> 00:28:50.120]  三百個以色列人
[00:28:50.120 --> 00:28:55.120]  竟然可以追殺十三萬五千人的軍隊
[00:28:55.120 --> 00:28:57.120]  是以小勝多
[00:28:57.120 --> 00:29:00.120]  以兔損失
[00:29:00.120 --> 00:29:02.120]  真是難以想像
[00:29:02.120 --> 00:29:05.120]  但越難以想像的事情
[00:29:05.120 --> 00:29:09.120]  就越顯示神的能力
[00:29:09.120 --> 00:29:12.120]  跟著我們看看
[00:29:12.120 --> 00:29:14.120]  那些人一直處走的時候
[00:29:14.120 --> 00:29:16.120]  怎麼去追呢?
[00:29:16.120 --> 00:29:21.120]  我們看看《時史記》第七章23到25節
[00:29:21.120 --> 00:29:29.120]  「以色列人就從那佛塔利阿徹和馬拿西全地聚集來追趕米殿人
[00:29:29.120 --> 00:29:33.120]  米瑪基殿打發人走遍以法連山地
[00:29:33.120 --> 00:29:36.120]  說:你們下來攻擊米殿人
[00:29:36.120 --> 00:29:42.120]  爭先把守約但河的渡口直到伯巴拉
[00:29:42.120 --> 00:29:44.120]  於是以法連的眾人聚集
[00:29:44.120 --> 00:29:48.120]  把守約但河的渡口直到伯巴拉
[00:29:48.120 --> 00:29:51.120]  抓住了米殿人的兩個首領
[00:29:51.120 --> 00:29:54.120]  一名俄納一名西伊伯
[00:29:54.120 --> 00:29:57.120]  將俄納殺在俄納半石上
[00:29:57.120 --> 00:30:01.120]  將西伊伯殺在西伊伯酒鎮那裡
[00:30:01.120 --> 00:30:03.120]  又追趕米殿人
[00:30:03.120 --> 00:30:09.120]  將俄納和西伊伯的首級帶過約但河到基殿那裡」
[00:30:09.120 --> 00:30:15.120]  我們看到始終三百人很難完全追那些逃亡的敵人
[00:30:15.120 --> 00:30:18.120]  於是基殿呼召了
[00:30:18.120 --> 00:30:22.120]  拿伐塔利、阿徹、馬拿西、以法連人
[00:30:22.120 --> 00:30:26.120]  參與追殺這些敵軍
[00:30:26.120 --> 00:30:28.120]  這些支派當然樂於參與
[00:30:28.120 --> 00:30:33.120]  因為那時勝負已經很明顯出來了
[00:30:33.120 --> 00:30:39.120]  所謂「執個尾彩」要去追殺他們的時候
[00:30:39.120 --> 00:30:42.120]  最後他們將米殿人一名首領西伊伯
[00:30:42.120 --> 00:30:46.120]  殺死在西伊伯酒鎮那裡
[00:30:46.120 --> 00:30:51.120]  另外一個就殺死在盤石上
[00:30:51.120 --> 00:30:58.120]  我們看到被殺在酒鎮那裡
[00:30:58.120 --> 00:31:00.120]  都有一個很特別的描繪
[00:31:00.120 --> 00:31:04.120]  不要忘記當日基殿是很害怕的
[00:31:04.120 --> 00:31:07.120]  在酒鎮那裡來來去去打墨
[00:31:07.120 --> 00:31:14.120]  但現在酒鎮就成為處死敵軍首領的公開地方
[00:31:14.120 --> 00:31:18.120]  這個酒鎮竟然成為基殿得榮耀的地方
[00:31:18.120 --> 00:31:23.120]  以色列人勢力弱、情報差
[00:31:23.120 --> 00:31:29.120]  但沒有阻止他們靠著神得到勝利
[00:31:29.120 --> 00:31:33.120]  米殿人在兵力、在情報上佔優
[00:31:33.120 --> 00:31:39.120]  但他們不能夠歇止被殺的忠告
[00:31:39.120 --> 00:31:44.120]  神的事工上是需要資源的
[00:31:44.120 --> 00:31:47.120]  甚至各項資訊的幫助
[00:31:47.120 --> 00:31:50.120]  但我們不要將我們的注意力、信心
[00:31:50.120 --> 00:31:52.120]  集中在這些事上
[00:31:52.120 --> 00:31:55.120]  因為這樣的時候就會偏離正路
[00:31:55.120 --> 00:31:58.120]  甚至我們沒有跟隨神的引導
[00:31:58.120 --> 00:32:01.120]  將信心放在一旁
[00:32:01.120 --> 00:32:08.120]  我下一年年初就要幫傑尼索羅院搞一個課程
[00:32:08.120 --> 00:32:11.120]  大家都為我祈禱教我怎樣講道
[00:32:11.120 --> 00:32:13.120]  我相信神給我有機會
[00:32:13.120 --> 00:32:17.120]  我第一樣提醒年青一代的讀者
[00:32:17.120 --> 00:32:20.120]  不要用人工智能去寫講章
[00:32:20.120 --> 00:32:23.120]  我不是很懂得用人工智能
[00:32:23.120 --> 00:32:24.120]  到現在我都沒有
[00:32:24.120 --> 00:32:28.120]  我只是來不久用查GPT去旅行
[00:32:28.120 --> 00:32:30.120]  可以怎樣編排
[00:32:30.120 --> 00:32:33.120]  但越懂電腦的人
[00:32:33.120 --> 00:32:35.120]  越懂得用這些就越危險
[00:32:35.120 --> 00:32:36.120]  因為很多人都說
[00:32:36.120 --> 00:32:38.120]  牧師傑不用你自己做PowerPoint
[00:32:38.120 --> 00:32:39.120]  現在AI可以幫你做
[00:32:39.120 --> 00:32:40.120]  我到現在都要自己做
[00:32:40.120 --> 00:32:41.120]  我不懂得做
[00:32:41.120 --> 00:32:43.120]  所以PowerPoint很窄
[00:32:43.120 --> 00:32:45.120]  但你用這些的時候
[00:32:45.120 --> 00:32:46.120]  你沒有好的預備
[00:32:46.120 --> 00:32:47.120]  沒有好的等候
[00:32:47.120 --> 00:32:49.120]  沒有好的依靠神
[00:32:49.120 --> 00:32:51.120]  往往你就會怎樣呢?
[00:32:51.120 --> 00:32:54.120]  只是靠這些數據
[00:32:54.120 --> 00:32:58.120]  你沒有辦法讓神在你身上工作
[00:32:58.120 --> 00:33:02.120]  可能會花少了很多時間
[00:33:02.120 --> 00:33:06.120]  我今天寫再下一篇的講章
[00:33:06.120 --> 00:33:10.120]  就是講機電的兒子怎樣互相殘殺
[00:33:10.120 --> 00:33:13.120]  我由今早10點鐘
[00:33:13.120 --> 00:33:16.120]  一直寫到晚上6點鐘
[00:33:16.120 --> 00:33:18.120]  中間停了一段很短時間
[00:33:18.120 --> 00:33:20.120]  吃下午飯
[00:33:20.120 --> 00:33:21.120]  只是寫完講章
[00:33:21.120 --> 00:33:23.120]  未做PowerPoint
[00:33:23.120 --> 00:33:25.120]  但我會不斷去看書
[00:33:25.120 --> 00:33:26.120]  等候
[00:33:26.120 --> 00:33:27.120]  自己去發掘
[00:33:27.120 --> 00:33:28.120]  所以記住
[00:33:28.120 --> 00:33:31.120]  我們有些事是需要幫助的
[00:33:31.120 --> 00:33:32.120]  需要別人幫助我們
[00:33:32.120 --> 00:33:35.120]  但不要將信心放在那裏
[00:33:35.120 --> 00:33:36.120]  在聖經裏
[00:33:36.120 --> 00:33:39.120]  我們終於看到機電那種領導能力
[00:33:39.120 --> 00:33:41.120]  他用神的話語
[00:33:41.120 --> 00:33:44.120]  作為召喚以色列人上戰場
[00:33:44.120 --> 00:33:47.120]  當我們向神祈求的時候
[00:33:47.120 --> 00:33:50.120]  神很可能用我們來完成
[00:33:50.120 --> 00:33:53.120]  並且應運了我們的禱告
[00:33:53.120 --> 00:33:55.120]  所以禱告被應運
[00:33:55.120 --> 00:33:59.120]  很多時是來自禱告者本身的行動參與
[00:33:59.120 --> 00:34:04.120]  正如我們經常埋怨教會沒有
[00:34:04.120 --> 00:34:05.120]  那樣不行
[00:34:05.120 --> 00:34:08.120]  你求神改變某些事
[00:34:08.120 --> 00:34:10.120]  但當你去祈禱求神的時候
[00:34:10.120 --> 00:34:13.120]  你會不會想到你就是被神揀選
[00:34:13.120 --> 00:34:15.120]  去改變這些事呢?
[00:34:15.120 --> 00:34:19.120]  我自己很深感受一句說話
[00:34:19.120 --> 00:34:21.120]  與其奏作黑暗
[00:34:21.120 --> 00:34:23.120]  不如焚燒自己
[00:34:23.120 --> 00:34:27.120]  正如今天有些人說教會沒有兒童工作
[00:34:27.120 --> 00:34:29.120]  沒有人來參與
[00:34:29.120 --> 00:34:34.120]  我剛才在查經之前
[00:34:34.120 --> 00:34:37.120]  跟我一班弟兄姊妹去吃飯
[00:34:37.120 --> 00:34:39.120]  因為我們明天同一位
[00:34:39.120 --> 00:34:41.120]  過去的女傳道離開了
[00:34:41.120 --> 00:34:42.120]  來了英國
[00:34:42.120 --> 00:34:44.120]  我們一起來見面
[00:34:44.120 --> 00:34:49.120]  在英國的肢體都發出一些怨聲
[00:34:49.120 --> 00:34:50.120]  說甚麼呢?
[00:34:50.120 --> 00:34:52.120]  聚會的人多
[00:34:52.120 --> 00:34:54.120]  但參與侍奉的人少
[00:34:54.120 --> 00:34:57.120]  很多人都期望有兒童工作
[00:34:57.120 --> 00:34:58.120]  有青少年工作
[00:34:58.120 --> 00:35:01.120]  但邀請他們來參與幫忙的話
[00:35:01.120 --> 00:35:02.120]  個個都撒手擰頭
[00:35:02.120 --> 00:35:04.120]  這樣就很可悲
[00:35:04.120 --> 00:35:06.120]  所以求神來幫助我們
[00:35:06.120 --> 00:35:07.120]  與其奏作黑暗
[00:35:07.120 --> 00:35:08.120]  不如焚燒自己
[00:35:08.120 --> 00:35:09.120]  你去禱告
[00:35:09.120 --> 00:35:14.120]  但神可能用你這位禱告者去建立生命
[00:35:14.120 --> 00:35:15.120]  開這場戰爭
[00:35:15.120 --> 00:35:17.120]  我們看到神很奇妙的作為
[00:35:17.120 --> 00:35:19.120]  竟然可以以小勝多
[00:35:19.120 --> 00:35:22.120]  但最重要是整個事情對我們
[00:35:22.120 --> 00:35:25.120]  看到神長久的忍耐和恩賜
[00:35:25.120 --> 00:35:29.120]  神不斷的忍耐基電的膽怯
[00:35:29.120 --> 00:35:33.120]  去要求取得憑據
[00:35:33.120 --> 00:35:36.120]  但神仍然滿足到他
[00:35:36.120 --> 00:35:40.120]  去栽培基電成為拯救以色列的士師
[00:35:40.120 --> 00:35:42.120]  神一開始的時候
[00:35:42.120 --> 00:35:45.120]  稱基電為大能的勇士
[00:35:45.120 --> 00:35:46.120]  那時候他膽怯
[00:35:46.120 --> 00:35:48.120]  要求憑據
[00:35:48.120 --> 00:35:49.120]  但磨練了之後
[00:35:49.120 --> 00:35:51.120]  他終於有所突破
[00:35:51.120 --> 00:35:55.120]  所以成功並非一就而成
[00:35:55.120 --> 00:35:57.120]  我們都要有忍耐
[00:35:57.120 --> 00:35:59.120]  面對一些人的軟弱成長
[00:35:59.120 --> 00:36:03.120]  當然我們要有智慧去分辨
[00:36:03.120 --> 00:36:05.120]  因為很可能那些軟弱或者不足
[00:36:05.120 --> 00:36:07.120]  是會影響大局
[00:36:07.120 --> 00:36:10.120]  所以同樣我們都要求神忍耐我們
[00:36:10.120 --> 00:36:14.120]  但我們自己都要積極地去追求
[00:36:14.120 --> 00:36:18.120]  當我們學習的時候
[00:36:18.120 --> 00:36:22.120]  不要單單注視那個的凶險
[00:36:22.120 --> 00:36:25.120]  我們要轉眼仰望神
[00:36:25.120 --> 00:36:27.120]  求神來幫助我們
[00:36:27.120 --> 00:36:30.120]  我們更加要學習
[00:36:30.120 --> 00:36:34.120]  從悲觀裏面找到樂觀
[00:36:34.120 --> 00:36:38.120]  從失望中找到希望
[00:36:38.120 --> 00:36:42.120]  在危機之中我們找到機會
[00:36:42.120 --> 00:36:45.120]  願意了解神的計算方程式
[00:36:45.120 --> 00:36:47.120]  用信心去面對
[00:36:47.120 --> 00:36:52.120]  今天我們看這場戰爭已經完結了
[00:36:52.120 --> 00:36:55.120]  但我答應了一些人
[00:36:55.120 --> 00:36:56.120]  有些人問我
[00:36:56.120 --> 00:36:59.120]  牧師又說你講你蒙召的經歷
[00:36:59.120 --> 00:37:01.120]  我回答
[00:37:01.120 --> 00:37:03.120]  我十幾歲的時候
[00:37:03.120 --> 00:37:06.120]  我想十六、七歲已經開始感受到
[00:37:06.120 --> 00:37:08.120]  神對我的呼召
[00:37:08.120 --> 00:37:12.120]  但是我一直都不理會
[00:37:12.120 --> 00:37:14.120]  直到有一次
[00:37:14.120 --> 00:37:16.120]  我去大會堂音樂廳
[00:37:16.120 --> 00:37:18.120]  參加一個聚會
[00:37:18.120 --> 00:37:21.120]  好像是建道神學院的聚會
[00:37:21.120 --> 00:37:25.120]  昨天聚會完的時候
[00:37:25.120 --> 00:37:26.120]  那些人就呼召了
[00:37:26.120 --> 00:37:27.120]  有牧者呼召
[00:37:27.120 --> 00:37:30.120]  有誰很深感受到
[00:37:30.120 --> 00:37:33.120]  呼召你獻身做傳道人的時候
[00:37:33.120 --> 00:37:35.120]  請你走出來
[00:37:35.120 --> 00:37:37.120]  那時候我就像機電一樣
[00:37:37.120 --> 00:37:39.120]  我都可以的
[00:37:39.120 --> 00:37:40.120]  平時覺得自己很厲害
[00:37:40.120 --> 00:37:43.120]  但是又覺得我又喜歡玩又喜歡開玩笑
[00:37:43.120 --> 00:37:44.120]  不如做傳道人吧
[00:37:44.120 --> 00:37:46.120]  神就叫隔壁那個
[00:37:46.120 --> 00:37:47.120]  隔壁那個比較好
[00:37:47.120 --> 00:37:48.120]  豆紅色隔壁那個
[00:37:48.120 --> 00:37:50.120]  最重要的是甚麼呢
[00:37:50.120 --> 00:37:53.120]  因為那時候已經出來工作了
[00:37:53.120 --> 00:37:55.120]  十八、九歲左右
[00:37:55.120 --> 00:37:58.120]  我只是幫一個人的補習
[00:37:58.120 --> 00:38:00.120]  是一家銀行董事長的女兒
[00:38:00.120 --> 00:38:04.120]  那份工資已經等於一個人
[00:38:04.120 --> 00:38:06.120]  平時的文職人員的一個月工資
[00:38:06.120 --> 00:38:11.120]  還有給我的印象就是做傳道人
[00:38:11.120 --> 00:38:13.120]  又沒有收入
[00:38:13.120 --> 00:38:15.120]  又被人看不起
[00:38:15.120 --> 00:38:17.120]  我是神我寧願奉獻
[00:38:17.120 --> 00:38:20.120]  那一刻我是沒有決志的
[00:38:20.120 --> 00:38:23.120]  沒有出去
[00:38:23.120 --> 00:38:25.120]  我特別為自己說
[00:38:25.120 --> 00:38:28.120]  可能是周圍的氣氛影響
[00:38:28.120 --> 00:38:30.120]  當我離開的時候
[00:38:30.120 --> 00:38:31.120]  離開大會堂
[00:38:31.120 --> 00:38:32.120]  如果你看回這些圖片
[00:38:32.120 --> 00:38:34.120]  大會堂音樂廳對出的時候
[00:38:34.120 --> 00:38:36.120]  還在皇下碼頭
[00:38:36.120 --> 00:38:37.120]  下著微思細語
[00:38:37.120 --> 00:38:40.120]  但我心裏面非常不安
[00:38:40.120 --> 00:38:43.120]  還在這一刻出現了一句話
[00:38:43.120 --> 00:38:45.120]  就是聖經的話語
[00:38:45.120 --> 00:38:47.120]  「人若知道行善卻不內行
[00:38:47.120 --> 00:38:50.120]  這就是他的罪了」
[00:38:50.120 --> 00:38:52.120]  不是那一刻聽到的
[00:38:52.120 --> 00:38:53.120]  也不是那一天靈修的
[00:38:53.120 --> 00:38:55.120]  神就用這句話提醒我
[00:38:55.120 --> 00:38:58.120]  初時以為一些很負面的東西
[00:38:58.120 --> 00:39:01.120]  去猥瑣、看色情的東西
[00:39:01.120 --> 00:39:03.120]  那些才是罪
[00:39:03.120 --> 00:39:05.120]  但原來你知道什麼是對的
[00:39:05.120 --> 00:39:06.120]  而不去做
[00:39:06.120 --> 00:39:07.120]  這就是罪
[00:39:07.120 --> 00:39:09.120]  我記得那天晚上我回到家
[00:39:09.120 --> 00:39:12.120]  我跪在床上
[00:39:12.120 --> 00:39:14.120]  來祈禱和神說
[00:39:14.120 --> 00:39:17.120]  神啊
[00:39:17.120 --> 00:39:18.120]  呼召我
[00:39:18.120 --> 00:39:19.120]  可不可以讓我看到
[00:39:19.120 --> 00:39:21.120]  傳福音的重要呢?
[00:39:21.120 --> 00:39:23.120]  這是我對神的要求
[00:39:23.120 --> 00:39:25.120]  但還有一件事是什麼呢?
[00:39:25.120 --> 00:39:26.120]  就是要很實際
[00:39:26.120 --> 00:39:28.120]  我要在大會堂音樂廳
[00:39:28.120 --> 00:39:31.120]  再一次的站出去
[00:39:31.120 --> 00:39:33.120]  讓你站出去
[00:39:33.120 --> 00:39:35.120]  奉獻我自己
[00:39:35.120 --> 00:39:37.120]  押門之後
[00:39:37.120 --> 00:39:38.120]  第一
[00:39:38.120 --> 00:39:40.120]  我會知道傳福音的重要
[00:39:40.120 --> 00:39:41.120]  傳福音的重要
[00:39:41.120 --> 00:39:45.120]  這些只是藉口
[00:39:45.120 --> 00:39:47.120]  但第二個就是很實際
[00:39:47.120 --> 00:39:50.120]  我要在大會堂音樂廳裏面
[00:39:50.120 --> 00:39:52.120]  來奉獻
[00:39:52.120 --> 00:39:53.120]  押門之後我就告訴自己
[00:39:53.120 --> 00:39:55.120]  我以後都不會再去大會堂音樂廳了
[00:39:55.120 --> 00:40:00.120]  好了 怎知道在那一年裏面
[00:40:00.120 --> 00:40:04.120]  我是第一次回到中國
[00:40:04.120 --> 00:40:06.120]  當我回到中國的時候
[00:40:06.120 --> 00:40:08.120]  我在香港出生 在香港長大
[00:40:08.120 --> 00:40:10.120]  那時候是文革的後期
[00:40:10.120 --> 00:40:12.120]  我記得我在深圳一坐車
[00:40:12.120 --> 00:40:13.120]  預備上廣州
[00:40:13.120 --> 00:40:15.120]  我看到綠油油的田地
[00:40:15.120 --> 00:40:16.120]  我到現在都記得
[00:40:16.120 --> 00:40:17.120]  我在那裏流眼淚
[00:40:17.120 --> 00:40:18.120]  不知道為甚麼會流眼淚
[00:40:18.120 --> 00:40:20.120]  這個就是我的國家
[00:40:20.120 --> 00:40:24.120]  但那時候國內是非常悲慘的
[00:40:24.120 --> 00:40:27.120]  灰色的衣服或者藍色的衣服
[00:40:27.120 --> 00:40:28.120]  要糧票
[00:40:28.120 --> 00:40:29.120]  要肉票
[00:40:29.120 --> 00:40:32.120]  那些人很窮困
[00:40:32.120 --> 00:40:34.120]  當我上到去的時候
[00:40:34.120 --> 00:40:36.120]  我就住在別人的家裏
[00:40:36.120 --> 00:40:39.120]  晚上我都撕了一本聖經
[00:40:39.120 --> 00:40:43.120]  一卷書就是《馬太福音》和《傳道書》
[00:40:43.120 --> 00:40:44.120]  我挑燈夜讀
[00:40:44.120 --> 00:40:47.120]  怎知道被我的會友
[00:40:47.120 --> 00:40:49.120]  他的家人問這是甚麼
[00:40:49.120 --> 00:40:52.120]  很害怕 說不說呢
[00:40:52.120 --> 00:40:55.120]  因為那時候破四九
[00:40:55.120 --> 00:40:57.120]  如果講信仰就很有問題
[00:40:57.120 --> 00:40:59.120]  但我又記得聖經說
[00:40:59.120 --> 00:41:01.120]  如果我們在人的面前不認神
[00:41:01.120 --> 00:41:03.120]  神都不認我們
[00:41:03.120 --> 00:41:05.120]  死就死吧 跟他說
[00:41:05.120 --> 00:41:07.120]  這個是聖經來的
[00:41:07.120 --> 00:41:09.120]  是講耶穌的
[00:41:09.120 --> 00:41:10.120]  原來我們沒有聽過
[00:41:10.120 --> 00:41:11.120]  有些人說聽過
[00:41:11.120 --> 00:41:12.120]  但不知道是甚麼來的
[00:41:12.120 --> 00:41:14.120]  但最令我感動的是
[00:41:14.120 --> 00:41:16.120]  他拿了我的聖經手抄
[00:41:16.120 --> 00:41:17.120]  繼續看
[00:41:17.120 --> 00:41:19.120]  然後在那次裏面
[00:41:19.120 --> 00:41:20.120]  我跟他們講了福音
[00:41:20.120 --> 00:41:22.120]  但其實我不知道他們是否明白
[00:41:22.120 --> 00:41:23.120]  我又不明白他們說甚麼
[00:41:23.120 --> 00:41:25.120]  他們未必明白我們說甚麼
[00:41:25.120 --> 00:41:28.120]  我們在海珠廣場那裏
[00:41:28.120 --> 00:41:29.120]  圍著一個圈來講話
[00:41:29.120 --> 00:41:30.120]  為甚麼呢
[00:41:30.120 --> 00:41:32.120]  可以知道有沒有人走過來
[00:41:32.120 --> 00:41:34.120]  走過來我們就去看
[00:41:34.120 --> 00:41:36.120]  剛剛最近
[00:41:36.120 --> 00:41:39.120]  就和我以前小年團的團友
[00:41:39.120 --> 00:41:41.120]  來大陸去分享
[00:41:41.120 --> 00:41:44.120]  這個是早幾天我們的WhatsApp
[00:41:44.120 --> 00:41:45.120]  剛才我不是說
[00:41:45.120 --> 00:41:47.120]  我和冥恩堂一位離開了女傳道
[00:41:47.120 --> 00:41:50.120]  來大陸去吃飯的
[00:41:50.120 --> 00:41:54.120]  他現在就在報道會服侍
[00:41:54.120 --> 00:41:57.120]  而我這個小年團的團友
[00:41:57.120 --> 00:41:59.120]  現在就在這個教會裏面
[00:41:59.120 --> 00:42:00.120]  他就這樣說
[00:42:00.120 --> 00:42:02.120]  我們剛剛談到
[00:42:02.120 --> 00:42:05.120]  我記得我們十幾歲的時候
[00:42:05.120 --> 00:42:06.120]  膽粗粗的一起去廣州
[00:42:06.120 --> 00:42:08.120]  想向親人傳福音
[00:42:08.120 --> 00:42:10.120]  他說前幾個月我去廣州
[00:42:10.120 --> 00:42:12.120]  探望最小的表妹
[00:42:12.120 --> 00:42:13.120]  她談起往事
[00:42:13.120 --> 00:42:15.120]  突然說起你的名字
[00:42:15.120 --> 00:42:17.120]  記不記得你啊?
[00:42:17.120 --> 00:42:18.120]  還說記得你啊
[00:42:18.120 --> 00:42:21.120]  不知道你記不記得我舅父和我老婆呢?
[00:42:21.120 --> 00:42:24.120]  我當然記得 多謝他們不記得我
[00:42:24.120 --> 00:42:25.120]  為甚麼呢?
[00:42:25.120 --> 00:42:26.120]  很深印象
[00:42:26.120 --> 00:42:27.120]  因為那時候
[00:42:27.120 --> 00:42:31.120]  你一去到一些人家裏
[00:42:31.120 --> 00:42:34.120]  即刻有關愛隊
[00:42:34.120 --> 00:42:37.120]  有人來看你要查你是甚麼人
[00:42:37.120 --> 00:42:39.120]  所以我們不可以在家裏面說話
[00:42:39.120 --> 00:42:42.120]  我那時候和他一起踩單車
[00:42:42.120 --> 00:42:43.120]  所以我的單車技術很高
[00:42:43.120 --> 00:42:46.120]  一邊踩單車一邊講福音
[00:42:46.120 --> 00:42:48.120]  所以這個經歷是很深的
[00:42:48.120 --> 00:42:51.120]  這個是美好年輕的回憶
[00:42:51.120 --> 00:42:52.120]  這是第一點
[00:42:52.120 --> 00:42:54.120]  甚至我看到中國
[00:42:54.120 --> 00:42:57.120]  我的同胞需要福音
[00:42:57.120 --> 00:42:58.120]  第二是甚麼呢?
[00:42:58.120 --> 00:43:02.120]  就是我參加了宣導員
[00:43:02.120 --> 00:43:05.120]  一些六年級的畢業營
[00:43:05.120 --> 00:43:08.120]  去營地的
[00:43:08.120 --> 00:43:11.120]  我的孫女今天剛去了畢業營
[00:43:11.120 --> 00:43:15.120]  那時候原來畢業營裏面
[00:43:15.120 --> 00:43:17.120]  那些小朋友是東頭村十八座
[00:43:17.120 --> 00:43:21.120]  天台學校叫智江小學的小朋友
[00:43:21.120 --> 00:43:24.120]  我是1973年第一次參加
[00:43:24.120 --> 00:43:26.120]  第二次就是1974年
[00:43:26.120 --> 00:43:28.120]  所以你見到這本聖經
[00:43:28.120 --> 00:43:30.120]  現在我正在用的《死海古卷》
[00:43:30.120 --> 00:43:33.120]  就是1974年6月5日
[00:43:33.120 --> 00:43:35.120]  宣導員送給我的
[00:43:35.120 --> 00:43:37.120]  我來帶去
[00:43:37.120 --> 00:43:40.120]  那些小朋友很喜歡聽福音
[00:43:40.120 --> 00:43:42.120]  我未起床已經敲門
[00:43:42.120 --> 00:43:44.120]  要我來帶去和他們講福音
[00:43:44.120 --> 00:43:50.120]  接著我就去到東頭村
[00:43:50.120 --> 00:43:53.120]  為他們建立團契
[00:43:53.120 --> 00:43:55.120]  但其實我還未讀神學
[00:43:55.120 --> 00:43:57.120]  但看到他們的需要
[00:43:57.120 --> 00:43:58.120]  但其實我不懂得做導師
[00:43:58.120 --> 00:43:59.120]  但勝在有錢
[00:43:59.120 --> 00:44:00.120]  又請他們吃東西
[00:44:00.120 --> 00:44:01.120]  又請他們看電影
[00:44:01.120 --> 00:44:02.120]  所以很多人來跟隨
[00:44:02.120 --> 00:44:04.120]  現在也有人做了傳導員
[00:44:04.120 --> 00:44:05.120]  他們當中有一個
[00:44:05.120 --> 00:44:10.120]  神答應了我一個很騙他的禱告
[00:44:10.120 --> 00:44:12.120]  就是我去看廚房有沒有緊要
[00:44:12.120 --> 00:44:14.120]  但他大會堂音樂廳
[00:44:14.120 --> 00:44:16.120]  我不去
[00:44:16.120 --> 00:44:20.120]  當時宣導會想聯合這麼多間堂會
[00:44:20.120 --> 00:44:24.120]  有些友誼的互動
[00:44:24.120 --> 00:44:28.120]  記得剛剛旺角球場開了沒多久
[00:44:28.120 --> 00:44:31.120]  我們租了旺角球場有運動會
[00:44:31.120 --> 00:44:32.120]  世運會
[00:44:32.120 --> 00:44:36.120]  說我為了要為自己的團體增光
[00:44:36.120 --> 00:44:39.120]  我早上去跑馬地
[00:44:39.120 --> 00:44:40.120]  去練跑
[00:44:40.120 --> 00:44:41.120]  走一千六
[00:44:41.120 --> 00:44:44.120]  結果我是全場最多掌聲的
[00:44:44.120 --> 00:44:46.120]  因為最後是一千六米
[00:44:46.120 --> 00:44:48.120]  我得到最多掌聲
[00:44:48.120 --> 00:44:50.120]  因為我是最後一個
[00:44:50.120 --> 00:44:51.120]  很多人走來走去
[00:44:51.120 --> 00:44:54.120]  我跑到抽筋都完了
[00:44:54.120 --> 00:44:56.120]  所以有些人鼓勵我
[00:44:56.120 --> 00:45:01.120]  但發現原來這樣幫助不了人們彼此交往
[00:45:01.120 --> 00:45:03.120]  於是當年宣導會
[00:45:03.120 --> 00:45:06.120]  舉行了一個音樂會
[00:45:06.120 --> 00:45:08.120]  請一些目者去唱歌
[00:45:08.120 --> 00:45:10.120]  因為我是北宣的
[00:45:10.120 --> 00:45:13.120]  我在團體裏都活躍
[00:45:13.120 --> 00:45:16.120]  所以北宣的牧師就叫我
[00:45:16.120 --> 00:45:21.120]  梁永善 你今晚帶隊去大會堂
[00:45:21.120 --> 00:45:25.120]  這個聚會裏面去收奉獻
[00:45:25.120 --> 00:45:27.120]  大會堂?
[00:45:27.120 --> 00:45:29.120]  我問今晚的內容是怎樣
[00:45:29.120 --> 00:45:31.120]  那些牧師唱歌而已
[00:45:31.120 --> 00:45:33.120]  我有沒有講到
[00:45:33.120 --> 00:45:34.120]  他說沒有
[00:45:34.120 --> 00:45:36.120]  那我就去吧
[00:45:36.120 --> 00:45:38.120]  誰知今晚的唱歌很差
[00:45:38.120 --> 00:45:39.120]  我不太懂得欣賞
[00:45:39.120 --> 00:45:42.120]  最後結束的時候
[00:45:42.120 --> 00:45:46.120]  一位叫容寶羅先生的時候還沒有做牧師
[00:45:46.120 --> 00:45:49.120]  在完結之前他就說
[00:45:49.120 --> 00:45:51.120]  好 現在我們先唱一首歌
[00:45:51.120 --> 00:45:53.120]  就是《萬世戰爭》
[00:45:53.120 --> 00:45:57.120]  如果當中你心裏有感動的
[00:45:57.120 --> 00:45:59.120]  神父召你做傳導人的時候
[00:45:59.120 --> 00:46:00.120]  你就出來吧
[00:46:00.120 --> 00:46:02.120]  我馬上說 不是吧
[00:46:02.120 --> 00:46:04.120]  今晚哪有感動
[00:46:04.120 --> 00:46:06.120]  這麼難聽的歌不好玩
[00:46:06.120 --> 00:46:09.120]  但是這一首歌
[00:46:09.120 --> 00:46:12.120]  唱到這幾句
[00:46:12.120 --> 00:46:14.120]  寶貴光陰瞬即過去
[00:46:14.120 --> 00:46:16.120]  世界終局將臨
[00:46:16.120 --> 00:46:19.120]  是主機會快將消逝
[00:46:19.120 --> 00:46:21.120]  現在趁時救人
[00:46:21.120 --> 00:46:24.120]  神就說你現在還想怎樣?
[00:46:24.120 --> 00:46:26.120]  你所要求的我已經給了你
[00:46:26.120 --> 00:46:28.120]  你還不出來?
[00:46:28.120 --> 00:46:30.120]  我記得我流著眼淚出去
[00:46:30.120 --> 00:46:33.120]  奉獻自己給神
[00:46:33.120 --> 00:46:36.120]  接著一年之後 1975年
[00:46:36.120 --> 00:46:39.120]  我就進了建築神學院
[00:46:39.120 --> 00:46:41.120]  讀我的神學
[00:46:41.120 --> 00:46:44.120]  現在50年了已經過了
[00:46:44.120 --> 00:46:46.120]  1979年開始侍奉神
[00:46:46.120 --> 00:46:48.120]  我很清楚神的呼召
[00:46:48.120 --> 00:46:51.120]  初時我覺得奉獻可能是一個損失
[00:46:51.120 --> 00:46:53.120]  但是現在很肯定一件事
[00:46:53.120 --> 00:46:55.120]  絕對是一個祝福
[00:46:55.120 --> 00:46:59.120]  這個就是我自己要奉獻的時候
[00:46:59.120 --> 00:47:01.120]  要向神拿的憑據
[00:47:01.120 --> 00:47:03.120]  神都憐憫我
[00:47:03.120 --> 00:47:05.120]  給我機會
[00:47:05.120 --> 00:47:07.120]  祂對我的忍耐我要感恩
[00:47:07.120 --> 00:47:09.120]  好了下個星期
[00:47:09.120 --> 00:47:12.120]  我們就會去看第八章
[00:47:12.120 --> 00:47:13.120]  啊不是
[00:47:13.120 --> 00:47:15.120]  Sorry不是下個星期
[00:47:15.120 --> 00:47:17.120]  請大家為我祈禱
[00:47:17.120 --> 00:47:19.120]  因為接著我就會上蘇格蘭去廣道
[00:47:19.120 --> 00:47:21.120]  接著我有一個星期的休息
[00:47:21.120 --> 00:47:23.120]  蘇格蘭的網絡較為弱一些
[00:47:23.120 --> 00:47:24.120]  所以我們會停一個星期
[00:47:24.120 --> 00:47:25.120]  是再下個星期
[00:47:25.120 --> 00:47:27.120]  我們會看《時事記》第八章
[00:47:27.120 --> 00:47:29.120]  我們經常看《機電的成功》
[00:47:29.120 --> 00:47:31.120]  我們忽略了《機電的失敗》
[00:47:31.120 --> 00:47:33.120]  我們就會看《機電的失敗》
[00:47:33.120 --> 00:47:37.120]  失敗之父是誰呢?
[00:47:37.120 --> 00:47:39.120]  希望大家記住
[00:47:39.120 --> 00:47:41.120]  就是6月24日
[00:47:41.120 --> 00:47:43.120]  我們就會看《機電》
[00:47:43.120 --> 00:47:45.120]  我們會看第八章
[00:47:45.120 --> 00:47:47.120]  希望大家可以先看
[00:47:47.120 --> 00:47:49.120]  今晚結束的時候
[00:47:49.120 --> 00:47:51.120]  和大家祈禱之前
[00:47:51.120 --> 00:47:53.120]  我們都會聽一首歌
[00:47:53.120 --> 00:47:55.120]  就是剛才我所說的
[00:47:55.120 --> 00:47:57.120]  《萬世戰爭》
[00:47:57.120 --> 00:47:59.120]  現在我們都是在一個屬靈的爭戰裏面
[00:47:59.120 --> 00:48:01.120]  魔鬼都要誘惑我們
[00:48:01.120 --> 00:48:03.120]  但我們靠著神要得勝
[00:48:03.120 --> 00:48:05.120]  和事主機會快將消逝
[00:48:05.120 --> 00:48:07.120]  現在是趁時救人
[00:48:07.120 --> 00:48:09.120]  我們一起來去祈禱
[00:48:09.120 --> 00:48:10.120]  天父我們多謝祢
[00:48:10.120 --> 00:48:12.120]  我們看到祢奇妙的作為
[00:48:12.120 --> 00:48:14.120]  機電只是帶著三百人
[00:48:14.120 --> 00:48:17.120]  卻可以戰勝十三萬有多的人
[00:48:17.120 --> 00:48:19.120]  上天原諒我們知道不是依靠勢力
[00:48:19.120 --> 00:48:21.120]  也不是依靠才能
[00:48:21.120 --> 00:48:23.120]  而是依靠神祢的靈方能成事
[00:48:23.120 --> 00:48:25.120]  幫助我們
[00:48:25.120 --> 00:48:27.120]  很深的感受到神祢對我們的愛
[00:48:27.120 --> 00:48:29.120]  對我們的忍耐
[00:48:29.120 --> 00:48:31.120]  其實在侍奉的歷程上
[00:48:31.120 --> 00:48:33.120]  不是沒有我們就不行
[00:48:33.120 --> 00:48:35.120]  但神祢仍然讓我們有機會
[00:48:35.120 --> 00:48:37.120]  去服侍祢
[00:48:37.120 --> 00:48:39.120]  讓我們懂得用信心去擺上
[00:48:39.120 --> 00:48:41.120]  正如剛才我們所唱的那首歌
[00:48:41.120 --> 00:48:43.120]  我們所聽的
[00:48:43.120 --> 00:48:45.120]  原來寶貴光陰
[00:48:45.120 --> 00:48:47.120]  很快就會過去
[00:48:47.120 --> 00:48:49.120]  我們可以服侍祢的機會
[00:48:49.120 --> 00:48:51.120]  越來越少
[00:48:51.120 --> 00:48:53.120]  讓我們珍惜不要再拖延
[00:48:53.120 --> 00:48:55.120]  在祢面前去領受
[00:48:55.120 --> 00:48:57.120]  你華語的弟兄姊妹
[00:48:57.120 --> 00:48:59.120]  無論是現場的
[00:48:59.120 --> 00:49:01.120]  又或者在YouTube裏聽的
[00:49:01.120 --> 00:49:03.120]  都祝福我們
[00:49:03.120 --> 00:49:05.120]  讓我們能夠靠著祢
[00:49:05.120 --> 00:49:07.120]  我們有這份信心勇氣
[00:49:07.120 --> 00:49:09.120]  去面對挑戰
[00:49:09.120 --> 00:49:11.120]  更加願意積極地服侍
[00:49:11.120 --> 00:49:13.120]  聽下者面前的祈禱交托
[00:49:13.120 --> 00:49:15.120]  來奉主德性的名
