
[00:00:00.000 --> 00:00:02.000]  等姐妹早晨
[00:00:02.000 --> 00:00:08.000]  今日跟大家繼續思考文數記給我們的訊息
[00:00:08.000 --> 00:00:14.000]  今早我回來講九點鐘的崇拜
[00:00:14.000 --> 00:00:18.000]  之前發生了一個小小的插曲
[00:00:18.000 --> 00:00:24.000]  我明明記得我帶了手提電話回來
[00:00:24.000 --> 00:00:32.000]  跟他們祈願土 之後回到辦公室
[00:00:32.000 --> 00:00:35.000]  拿了講章之類的東西
[00:00:35.000 --> 00:00:40.000]  發覺到處都不見了那個手提電話
[00:00:40.000 --> 00:00:47.000]  同工又幫我在洗手間找 前台 到處都找不到
[00:00:47.000 --> 00:00:51.000]  接著又打電話給我的手機
[00:00:51.000 --> 00:00:55.000]  但我跟他們說我的手機應該調校了靜音
[00:00:55.000 --> 00:01:00.000]  因為崇拜 調校了靜音
[00:01:00.000 --> 00:01:03.000]  真是糟糕了 怎麼辦呢
[00:01:03.000 --> 00:01:07.000]  當時又要進來講道
[00:01:07.000 --> 00:01:10.000]  所以懷了一個很高度的焦慮
[00:01:10.000 --> 00:01:13.000]  但心裡默默的祈禱
[00:01:13.000 --> 00:01:16.000]  在辦公室一直祈禱 祈禱出來
[00:01:16.000 --> 00:01:21.000]  求主憐憫 因為我今天整天都有聚會
[00:01:21.000 --> 00:01:23.000]  直到晚上
[00:01:23.000 --> 00:01:25.000]  沒有手機怎麼辦呢
[00:01:25.000 --> 00:01:28.000]  現在沒有手機比沒有錢包還慘
[00:01:28.000 --> 00:01:30.000]  因為所有的資訊
[00:01:30.000 --> 00:01:33.000]  人家如果找你又找不到
[00:01:33.000 --> 00:01:35.000]  又不知道你去了哪裡
[00:01:35.000 --> 00:01:37.000]  這樣就很大件事
[00:01:37.000 --> 00:01:39.000]  這種的焦慮
[00:01:39.000 --> 00:01:43.000]  我覺得和我今天要講的經文
[00:01:43.000 --> 00:01:47.000]  也有一個很大的關連性
[00:01:47.000 --> 00:01:51.000]  其實我們信不信得過上帝的應許呢
[00:01:51.000 --> 00:01:53.000]  聖經有沒有應許告訴我們
[00:01:53.000 --> 00:01:56.000]  祈禱就得著 尋找就尋見
[00:01:56.000 --> 00:01:59.000]  叩門就給你門開門
[00:01:59.000 --> 00:02:01.000]  如果上帝的應許這麼真實
[00:02:01.000 --> 00:02:04.000]  你今天怎樣向神去依靠
[00:02:04.000 --> 00:02:06.000]  有時上帝給我們的回覆
[00:02:06.000 --> 00:02:08.000]  是臨時的
[00:02:08.000 --> 00:02:10.000]  好像是掉進水裡
[00:02:10.000 --> 00:02:13.000]  救我主耶穌 會不會說
[00:02:13.000 --> 00:02:16.000]  讓你多喝幾口鹹水
[00:02:16.000 --> 00:02:19.000]  我們看其實整件事
[00:02:19.000 --> 00:02:21.000]  當時我心裡頭
[00:02:21.000 --> 00:02:23.000]  雖然是焦慮
[00:02:23.000 --> 00:02:26.000]  但是我求神真的幫我
[00:02:26.000 --> 00:02:28.000]  再找我 因為我不是第一次
[00:02:28.000 --> 00:02:30.000]  留下電話
[00:02:30.000 --> 00:02:34.000]  我真的在教會洗手間也留下過
[00:02:34.000 --> 00:02:38.000]  去七仔買東西也留下過
[00:02:38.000 --> 00:02:41.000]  放手機在別人的桌子上
[00:02:41.000 --> 00:02:43.000]  給完八達通卡
[00:02:43.000 --> 00:02:46.000]  很安然的就離開了
[00:02:46.000 --> 00:02:48.000]  為什麼會這樣呢
[00:02:48.000 --> 00:02:51.000]  原來呢 我發覺原來都是
[00:02:51.000 --> 00:02:54.000]  人年紀大了可能是比較笨拙
[00:02:54.000 --> 00:02:59.000]  我們仍然是要繼續依靠神
[00:02:59.000 --> 00:03:04.000]  也是最近看到一個報告
[00:03:04.000 --> 00:03:06.000]  是香港心理衛生會
[00:03:06.000 --> 00:03:08.000]  三月 很新的
[00:03:08.000 --> 00:03:12.000]  全港抑鬱和焦慮的指數調查
[00:03:12.000 --> 00:03:17.000]  港人的情緒健康正處於關鍵時刻
[00:03:17.000 --> 00:03:19.000]  歷年的新高
[00:03:19.000 --> 00:03:23.000]  屬於中度至重度的焦慮受訪者比例
[00:03:23.000 --> 00:03:27.000]  顯著上升了22.6%
[00:03:27.000 --> 00:03:30.000]  上升至22.6%
[00:03:30.000 --> 00:03:37.000]  即是說每4至5個人就有一個人正默默承受著嚴重的焦慮
[00:03:37.000 --> 00:03:41.000]  在去年25年的時候
[00:03:41.000 --> 00:03:46.000]  香港樹人大學做了一個四代香港市民研究
[00:03:46.000 --> 00:03:48.000]  也都指出Z世代
[00:03:48.000 --> 00:03:52.000]  是說那些18到27歲的焦慮比率
[00:03:52.000 --> 00:03:55.000]  是高達30.5%
[00:03:55.000 --> 00:03:59.000]  是所有年齡層壓力最大的群體
[00:03:59.000 --> 00:04:01.000]  大家有沒有想過
[00:04:01.000 --> 00:04:05.000]  為什麼今天我們年輕人的焦慮這麼大
[00:04:05.000 --> 00:04:07.000]  因為我相信
[00:04:07.000 --> 00:04:11.000]  可能就是他們面對讀書壓力
[00:04:11.000 --> 00:04:13.000]  戀愛的壓力
[00:04:13.000 --> 00:04:16.000]  或者要結婚
[00:04:16.000 --> 00:04:18.000]  結婚你說有什麼壓力
[00:04:18.000 --> 00:04:19.000]  我有啊
[00:04:19.000 --> 00:04:21.000]  現在的人結婚
[00:04:21.000 --> 00:04:23.000]  以前就說要買樓
[00:04:23.000 --> 00:04:26.000]  現在的年輕一輩就不一定要買樓
[00:04:26.000 --> 00:04:28.000]  他說躺平了現在
[00:04:28.000 --> 00:04:32.000]  所以我們看到他有不同的焦慮
[00:04:32.000 --> 00:04:36.000]  甚至現在AI是整個浪潮
[00:04:36.000 --> 00:04:40.000]  在接下來的5年間是很明顯的
[00:04:40.000 --> 00:04:44.000]  是我們整個世界的社會都會有改變
[00:04:44.000 --> 00:04:47.000]  有很多的統計都告訴我們
[00:04:47.000 --> 00:04:52.000]  AI是會取代很多的工作
[00:04:52.000 --> 00:04:56.000]  但同時間AI是會產生一些新的工作
[00:04:56.000 --> 00:04:58.000]  問題就在這裡
[00:04:58.000 --> 00:05:00.000]  你說沒有問題
[00:05:00.000 --> 00:05:02.000]  每一個時代都會變
[00:05:02.000 --> 00:05:06.000]  失業的就去找一些新的工作就行了
[00:05:06.000 --> 00:05:08.000]  講就很容易
[00:05:08.000 --> 00:05:10.000]  在數據來講
[00:05:10.000 --> 00:05:12.000]  你可以講得通
[00:05:12.000 --> 00:05:15.000]  但在人來講我們不是機器
[00:05:15.000 --> 00:05:17.000]  你可能做的工作
[00:05:17.000 --> 00:05:19.000]  要你去做另外一些工作
[00:05:19.000 --> 00:05:21.000]  其實是有壓力的
[00:05:21.000 --> 00:05:23.000]  有很多不同的困難
[00:05:23.000 --> 00:05:28.000]  我們看到今天你是為了明天的幽女
[00:05:28.000 --> 00:05:30.000]  為了你的家庭
[00:05:30.000 --> 00:05:32.000]  為了你的兒女
[00:05:32.000 --> 00:05:35.000]  或者為了你要成立的家庭
[00:05:35.000 --> 00:05:37.000]  你的幽女
[00:05:37.000 --> 00:05:40.000]  今天你信不信得過上帝
[00:05:40.000 --> 00:05:43.000]  就是文素記13到14章
[00:05:43.000 --> 00:05:45.000]  你信神的什麼呢
[00:05:45.000 --> 00:05:47.000]  是神的應許
[00:05:47.000 --> 00:05:51.000]  這兩章的聖經給我們一個很清楚的思路
[00:05:51.000 --> 00:05:53.000]  你不只是信有神
[00:05:53.000 --> 00:05:56.000]  你是信神的每一句話
[00:05:56.000 --> 00:05:58.000]  神的吩咐
[00:05:58.000 --> 00:06:00.000]  神的命令背後是他的應許
[00:06:00.000 --> 00:06:02.000]  他與你同在
[00:06:02.000 --> 00:06:05.000]  要帶領你進去得著這個迦南美地
[00:06:05.000 --> 00:06:09.000]  但問題是你信心要有行動
[00:06:09.000 --> 00:06:11.000]  你不可以只是說我信
[00:06:11.000 --> 00:06:13.000]  你一點行動都沒有
[00:06:13.000 --> 00:06:16.000]  你用行動去領受上帝的恩典
[00:06:16.000 --> 00:06:18.000]  但你不相信的時候
[00:06:18.000 --> 00:06:21.000]  你就變成很多的焦慮
[00:06:21.000 --> 00:06:22.000]  很多的懼怕
[00:06:22.000 --> 00:06:24.000]  很多的埋怨
[00:06:24.000 --> 00:06:26.000]  你就錯失神的恩典
[00:06:26.000 --> 00:06:29.000]  我們一起來看看
[00:06:29.000 --> 00:06:33.000]  13章開場的情況是怎樣呢
[00:06:33.000 --> 00:06:34.000]  我們一起來讀
[00:06:34.000 --> 00:06:36.000]  耶和華吩咐摩西說
[00:06:36.000 --> 00:06:38.000]  你要派人去窺探
[00:06:38.000 --> 00:06:41.000]  我所賜給以色列人的迦南地
[00:06:41.000 --> 00:06:44.000]  每個父系之派要派一個人
[00:06:44.000 --> 00:06:47.000]  是他們中間的族長
[00:06:47.000 --> 00:06:50.000]  我們在這裡可以看到
[00:06:50.000 --> 00:06:53.000]  聖經是很清楚告訴我們
[00:06:53.000 --> 00:06:56.000]  是神賜的給以色列
[00:06:56.000 --> 00:06:59.000]  這個是明明上帝說
[00:06:59.000 --> 00:07:01.000]  是給過你們的
[00:07:01.000 --> 00:07:02.000]  給過你們
[00:07:02.000 --> 00:07:04.000]  但聖經也在這裡說
[00:07:04.000 --> 00:07:07.000]  耶和華吩咐摩西
[00:07:07.000 --> 00:07:11.000]  你要派人去窺探
[00:07:11.000 --> 00:07:13.000]  去視察
[00:07:13.000 --> 00:07:15.000]  他們沒有去過那個地方
[00:07:15.000 --> 00:07:18.000]  等於你今天去買一層樓
[00:07:18.000 --> 00:07:20.000]  你不只是看圖跡
[00:07:20.000 --> 00:07:22.000]  起碼也看看示範單位
[00:07:22.000 --> 00:07:26.000]  或者起碼也看到電腦的模型
[00:07:26.000 --> 00:07:28.000]  裡面好像進去了
[00:07:28.000 --> 00:07:31.000]  昔日他們沒有這些東西
[00:07:31.000 --> 00:07:35.000]  但他也要實地去看一看
[00:07:35.000 --> 00:07:36.000]  總之問題來了
[00:07:36.000 --> 00:07:37.000]  在生命記裡面
[00:07:37.000 --> 00:07:40.000]  當摩西複述這段歷史的時候
[00:07:40.000 --> 00:07:42.000]  是給那些新生代
[00:07:42.000 --> 00:07:45.000]  那一輩那些年輕一輩
[00:07:45.000 --> 00:07:46.000]  那些是以色列人
[00:07:46.000 --> 00:07:50.000]  唯有他們才能夠進入這個迦勒美地
[00:07:50.000 --> 00:07:52.000]  我們這兩張聖經會交代
[00:07:52.000 --> 00:07:55.000]  為什麼這些新生代的爸爸媽媽
[00:07:55.000 --> 00:07:57.000]  個個都進不了呢
[00:07:57.000 --> 00:07:59.000]  除了約書亞和迦勒
[00:07:59.000 --> 00:08:02.000]  就是因為他們不信神的應許
[00:08:02.000 --> 00:08:06.000]  他們是十二個探子去
[00:08:06.000 --> 00:08:08.000]  十個探子都說不行
[00:08:08.000 --> 00:08:13.000]  結果他們就去支持那十個
[00:08:13.000 --> 00:08:16.000]  報這個壞消息的
[00:08:16.000 --> 00:08:18.000]  這十個探子
[00:08:18.000 --> 00:08:21.000]  我們看到究竟是哪一個對呢
[00:08:21.000 --> 00:08:22.000]  哪個版本對呢
[00:08:22.000 --> 00:08:24.000]  其實兩個版本都對的
[00:08:24.000 --> 00:08:28.000]  其實聖經有時不是衝突的一些地方
[00:08:28.000 --> 00:08:30.000]  不是前後矛盾
[00:08:30.000 --> 00:08:33.000]  其實很肯定就是說那件事
[00:08:33.000 --> 00:08:35.000]  如果是以色列人
[00:08:35.000 --> 00:08:38.000]  他們說我們要去得地為業
[00:08:38.000 --> 00:08:40.000]  我們都要先看一下
[00:08:40.000 --> 00:08:42.000]  他們來到要求摩西
[00:08:42.000 --> 00:08:44.000]  但摩西作為他們的領袖
[00:08:44.000 --> 00:08:47.000]  摩西不會就這樣就去答應他們
[00:08:47.000 --> 00:08:50.000]  摩西是凡事都去求問上帝
[00:08:50.000 --> 00:08:52.000]  而上帝也都吩咐摩西
[00:08:52.000 --> 00:08:54.000]  你就派人去
[00:08:54.000 --> 00:08:56.000]  所以兩者沒有衝突的
[00:08:56.000 --> 00:08:58.000]  沒有矛盾的
[00:08:58.000 --> 00:09:01.000]  我們去看看這十二個探子的名字
[00:09:01.000 --> 00:09:05.000]  我們看到有兩個特別highlight出來
[00:09:05.000 --> 00:09:07.000]  就是迦勒和約書雅
[00:09:07.000 --> 00:09:10.000]  唯獨這兩個探子
[00:09:10.000 --> 00:09:15.000]  他們是用信心去扣得上神的應許
[00:09:15.000 --> 00:09:18.000]  他們就是可以作出一個
[00:09:18.000 --> 00:09:21.000]  是完全正確的一個報告
[00:09:21.000 --> 00:09:23.000]  這個報告是什麼呢
[00:09:23.000 --> 00:09:26.000]  這個報告帶來是可以
[00:09:26.000 --> 00:09:31.000]  令人是很雀躍還是很沮喪
[00:09:31.000 --> 00:09:33.000]  同一個事件
[00:09:33.000 --> 00:09:37.000]  原來是很視乎那個人的眼光和解讀
[00:09:37.000 --> 00:09:40.000]  帶出來是有不同的一個結論
[00:09:40.000 --> 00:09:43.000]  摩西叫探子去做什麼呢
[00:09:43.000 --> 00:09:45.000]  我們又看看下文
[00:09:45.000 --> 00:09:48.000]  由十七節到二十節
[00:09:48.000 --> 00:09:50.000]  其實是一個線型的結構
[00:09:50.000 --> 00:09:53.000]  在文學上就是前呼後應
[00:09:53.000 --> 00:09:57.000]  好像吃漢堡包吃到最裡面那層
[00:09:57.000 --> 00:09:59.000]  那個才是餡
[00:09:59.000 --> 00:10:03.000]  頭尾是說你們要去這個藍地
[00:10:03.000 --> 00:10:05.000]  去到山地去
[00:10:05.000 --> 00:10:08.000]  由藍邊進入這個迦藍地
[00:10:08.000 --> 00:10:10.000]  而去到那些山地
[00:10:10.000 --> 00:10:13.000]  你要去看看那些地是怎樣
[00:10:13.000 --> 00:10:15.000]  你還要拿一些果子回來
[00:10:15.000 --> 00:10:17.000]  拿一些果子回來
[00:10:17.000 --> 00:10:20.000]  其中那些居民是怎樣呢
[00:10:20.000 --> 00:10:23.000]  是多是少是強是弱呢
[00:10:23.000 --> 00:10:27.000]  還有那個土地是肥美還是貧脊呢
[00:10:27.000 --> 00:10:28.000]  有沒有樹木的呢
[00:10:28.000 --> 00:10:30.000]  叫他們做完這些考察
[00:10:30.000 --> 00:10:31.000]  好了
[00:10:31.000 --> 00:10:34.000]  中間最核心的是什麼
[00:10:34.000 --> 00:10:37.000]  上帝說這個是應許之地
[00:10:37.000 --> 00:10:39.000]  是留乃與物之地
[00:10:39.000 --> 00:10:42.000]  所住之處是好事大
[00:10:42.000 --> 00:10:44.000]  你們說吧
[00:10:44.000 --> 00:10:48.000]  你們翻出來看看那個情況是怎樣
[00:10:48.000 --> 00:10:52.000]  探子的行蹤是由21節到26節
[00:10:52.000 --> 00:10:56.000]  下一個地圖可以幫一下大家
[00:10:56.000 --> 00:11:01.000]  我們在藍邊就是這個迦底斯巴尼亞
[00:11:01.000 --> 00:11:05.000]  是近著這個尋的曠野
[00:11:05.000 --> 00:11:07.000]  他們在那裡進入去
[00:11:07.000 --> 00:11:11.000]  經過希伯倫耳實角谷
[00:11:11.000 --> 00:11:14.000]  然後他們是會一路北上
[00:11:14.000 --> 00:11:17.000]  去到這個利俠和哈瑪口
[00:11:17.000 --> 00:11:20.000]  哈瑪口就是最北面那個地方
[00:11:20.000 --> 00:11:22.000]  是他們以色列舊約的時候
[00:11:22.000 --> 00:11:24.000]  都是以那裡做一個關口
[00:11:24.000 --> 00:11:27.000]  當他們去到那裡而視察所有
[00:11:27.000 --> 00:11:30.000]  所以其實基本上是由南到北
[00:11:30.000 --> 00:11:34.000]  去看完這個迦南地
[00:11:34.000 --> 00:11:36.000]  他們看完那些山地
[00:11:36.000 --> 00:11:37.000]  看完那些果子
[00:11:37.000 --> 00:11:38.000]  看完那些居民
[00:11:38.000 --> 00:11:40.000]  然後他們才折返的
[00:11:40.000 --> 00:11:44.000]  整個行程他們頭尾40天
[00:11:44.000 --> 00:11:47.000]  探子回來的報告是什麼呢
[00:11:47.000 --> 00:11:49.000]  就這樣在第30節
[00:11:49.000 --> 00:11:51.000]  在13章30節
[00:11:51.000 --> 00:11:53.000]  迦納的報告
[00:11:53.000 --> 00:11:55.000]  我們立刻上去得地吧
[00:11:55.000 --> 00:11:57.000]  我們必能夠征服他
[00:11:57.000 --> 00:11:59.000]  迦納為什麼這麼有信心
[00:11:59.000 --> 00:12:02.000]  因為他知道這個是神所應許的
[00:12:02.000 --> 00:12:06.000]  我們不用理會其他的情況
[00:12:06.000 --> 00:12:08.000]  這個是神給予我們的
[00:12:08.000 --> 00:12:10.000]  我們一定得著
[00:12:10.000 --> 00:12:12.000]  問題在這裡了
[00:12:12.000 --> 00:12:14.000]  為什麼只有他一個人出聲
[00:12:14.000 --> 00:12:16.000]  12個探子
[00:12:16.000 --> 00:12:18.000]  那約書亞為什麼沉默呢
[00:12:18.000 --> 00:12:19.000]  在這個時候
[00:12:19.000 --> 00:12:22.000]  這個其實有些你要明白
[00:12:22.000 --> 00:12:25.000]  約書亞他是12個探子之一
[00:12:25.000 --> 00:12:28.000]  但約書亞當時也是怎樣
[00:12:28.000 --> 00:12:30.000]  他是摩西的副手
[00:12:30.000 --> 00:12:32.000]  他是摩西親自提拔
[00:12:32.000 --> 00:12:35.000]  揀選要做他的幫手
[00:12:35.000 --> 00:12:40.000]  約書亞完全明白摩西那個心意
[00:12:40.000 --> 00:12:42.000]  他是跟隨著摩西
[00:12:42.000 --> 00:12:45.000]  他的立場是完全一致的
[00:12:45.000 --> 00:12:47.000]  他知道上帝吩咐摩西
[00:12:47.000 --> 00:12:51.000]  而他們這個地是必然會得著
[00:12:51.000 --> 00:12:54.000]  所以他基本上的立場是迦納一樣
[00:12:54.000 --> 00:12:56.000]  但這個時候他不需要出聲
[00:12:56.000 --> 00:12:58.000]  因為如果他出聲的時候
[00:12:58.000 --> 00:13:01.000]  就好像跟他的利益有衝突了
[00:13:01.000 --> 00:13:03.000]  是不是我偏幫呢
[00:13:03.000 --> 00:13:04.000]  好了
[00:13:04.000 --> 00:13:06.000]  接著你看那10個探子
[00:13:06.000 --> 00:13:08.000]  他們的報告是什麼呢
[00:13:08.000 --> 00:13:12.000]  31節到33節我們一起讀
[00:13:12.000 --> 00:13:15.000]  但那些和他同去的人卻說
[00:13:15.000 --> 00:13:18.000]  我們不能上去攻打那些百姓
[00:13:18.000 --> 00:13:21.000]  因為他們比我們強大
[00:13:21.000 --> 00:13:24.000]  於是探子中有人向以色列人
[00:13:24.000 --> 00:13:28.000]  散佈有關所窺探之地的謠言
[00:13:28.000 --> 00:13:32.000]  說我們所走過所窺探之地
[00:13:32.000 --> 00:13:34.000]  是吞沒居民之地
[00:13:34.000 --> 00:13:37.000]  並且我們在那裡所看見的百姓
[00:13:37.000 --> 00:13:39.000]  都身材高大
[00:13:39.000 --> 00:13:41.000]  我們在那裡看見巨人
[00:13:41.000 --> 00:13:44.000]  就是巨人中的迦納族人
[00:13:44.000 --> 00:13:47.000]  我們在自己眼中像蚱蜢一樣
[00:13:47.000 --> 00:13:52.000]  而在他們眼中我們也確是一樣
[00:13:52.000 --> 00:13:55.000]  這裡他們報告了什麼呢
[00:13:55.000 --> 00:13:58.000]  報告就是那個地是怎樣
[00:13:58.000 --> 00:14:01.000]  那裡的人是怎樣
[00:14:01.000 --> 00:14:04.000]  他們都拿了那些果子回來
[00:14:04.000 --> 00:14:07.000]  但是聖經很清楚說
[00:14:07.000 --> 00:14:10.000]  他們是實地視察過的
[00:14:10.000 --> 00:14:11.000]  看過的
[00:14:11.000 --> 00:14:15.000]  但是他們所說的那些是謠言
[00:14:15.000 --> 00:14:17.000]  什麼是謠言呢
[00:14:17.000 --> 00:14:20.000]  謠言就是有些可能是
[00:14:20.000 --> 00:14:23.000]  一些觀察到的東西
[00:14:23.000 --> 00:14:24.000]  是事實
[00:14:24.000 --> 00:14:27.000]  但是將那些事實放在一起
[00:14:27.000 --> 00:14:28.000]  拼在一起
[00:14:28.000 --> 00:14:32.000]  可以扭曲了那個全面的真相
[00:14:32.000 --> 00:14:34.000]  那個圖畫
[00:14:34.000 --> 00:14:36.000]  這個扭曲是很嚴重的
[00:14:36.000 --> 00:14:40.000]  這個扭曲是誤導了所有的百姓
[00:14:40.000 --> 00:14:42.000]  他們就是要游說百姓
[00:14:42.000 --> 00:14:44.000]  不要進入這個迦納地
[00:14:44.000 --> 00:14:48.000]  因為他看眼前那個環境就是這樣
[00:14:48.000 --> 00:14:51.000]  大家你們有沒有試過
[00:14:51.000 --> 00:14:55.000]  誤信一些所謂的謠言
[00:14:55.000 --> 00:14:57.000]  試過沒有
[00:14:57.000 --> 00:15:01.000]  為什麼會信呢
[00:15:01.000 --> 00:15:02.000]  因為現實
[00:15:02.000 --> 00:15:05.000]  特別現在AI有圖有片
[00:15:05.000 --> 00:15:08.000]  所謂有真相其實是沒有真相
[00:15:08.000 --> 00:15:12.000]  這件事沒有AI的時候都在發生
[00:15:12.000 --> 00:15:14.000]  你有沒有留意過
[00:15:14.000 --> 00:15:15.000]  有時你看
[00:15:15.000 --> 00:15:17.000]  我不開名說
[00:15:17.000 --> 00:15:22.000]  有些你在便利店買到一些雜誌
[00:15:22.000 --> 00:15:24.000]  每個星期都會出一本
[00:15:24.000 --> 00:15:28.000]  每個星期都會說一些歌星明星
[00:15:28.000 --> 00:15:30.000]  說他的寵物
[00:15:30.000 --> 00:15:32.000]  他彈一張圖片出來
[00:15:32.000 --> 00:15:34.000]  或者封面的
[00:15:34.000 --> 00:15:35.000]  很出名啊
[00:15:35.000 --> 00:15:37.000]  這個女明星啊
[00:15:37.000 --> 00:15:39.000]  啊 拍到她
[00:15:39.000 --> 00:15:42.000]  就和這個年少的
[00:15:42.000 --> 00:15:46.000]  這個富家子弟
[00:15:46.000 --> 00:15:49.000]  富家子弟結了婚
[00:15:49.000 --> 00:15:52.000]  不過原來那張圖片
[00:15:52.000 --> 00:15:55.000]  是富家子弟旁邊都有他老婆
[00:15:55.000 --> 00:15:57.000]  不過他就斬件
[00:15:57.000 --> 00:16:02.000]  將那個男的和那個女明星合照
[00:16:02.000 --> 00:16:05.000]  這樣就可以大做文章了
[00:16:05.000 --> 00:16:07.000]  我們有時一見到這些情況
[00:16:07.000 --> 00:16:09.000]  你信的話
[00:16:09.000 --> 00:16:13.000]  你就會對那個人的印象大打折扣
[00:16:13.000 --> 00:16:14.000]  怎樣怎樣
[00:16:14.000 --> 00:16:16.000]  可能會罵爆他
[00:16:16.000 --> 00:16:20.000]  我們有時就是不信一些謠言
[00:16:20.000 --> 00:16:24.000]  可以將整個的所謂真相
[00:16:24.000 --> 00:16:27.000]  就埋沒了甚至扭曲了
[00:16:27.000 --> 00:16:30.000]  這件事很危險極度危險
[00:16:30.000 --> 00:16:33.000]  人的信心是否接得上神的應許呢
[00:16:33.000 --> 00:16:36.000]  當我們離開了神的應許
[00:16:36.000 --> 00:16:39.000]  人的眼光就完全看不到
[00:16:39.000 --> 00:16:42.000]  上帝要我們看見的
[00:16:42.000 --> 00:16:43.000]  他所說
[00:16:43.000 --> 00:16:46.000]  這個是流奶與物之地
[00:16:46.000 --> 00:16:49.000]  他們看到的不是流奶與物之地
[00:16:49.000 --> 00:16:53.000]  是會吞沒我們居民的地方
[00:16:53.000 --> 00:16:56.000]  為何他們會有這樣的一個印象呢
[00:16:56.000 --> 00:17:01.000]  因為那裏的居民是身材高大的巨人
[00:17:01.000 --> 00:17:03.000]  但這個是有前後矛盾的
[00:17:03.000 --> 00:17:06.000]  他們自己的報告裏面說
[00:17:06.000 --> 00:17:08.000]  是不少人居住在那個地方
[00:17:08.000 --> 00:17:11.000]  這個是很好的地圖
[00:17:11.000 --> 00:17:14.000]  地圖肥沃很多的果子
[00:17:14.000 --> 00:17:17.000]  流奶與物這兩個字
[00:17:17.000 --> 00:17:20.000]  你要知道是以色列裏頭
[00:17:20.000 --> 00:17:26.000]  三個重要的農業和畜牧的一個出產
[00:17:26.000 --> 00:17:30.000]  這些奶就是羊奶
[00:17:30.000 --> 00:17:33.000]  他們養很多羊
[00:17:33.000 --> 00:17:35.000]  蜜不是蜂蜜
[00:17:35.000 --> 00:17:37.000]  是那些蜜棗
[00:17:37.000 --> 00:17:39.000]  我去過以色列已經四次
[00:17:39.000 --> 00:17:40.000]  你有沒有吃過那些
[00:17:40.000 --> 00:17:42.000]  很甜的那些蜜棗
[00:17:42.000 --> 00:17:46.000]  那些蜜棗也都很有營養
[00:17:46.000 --> 00:17:47.000]  不過如果你有糖尿病
[00:17:47.000 --> 00:17:49.000]  當然不要不停地吃
[00:17:49.000 --> 00:17:52.000]  這個就是要告訴我們
[00:17:52.000 --> 00:17:54.000]  神的供應
[00:17:54.000 --> 00:17:56.000]  神要帶你進去的那個
[00:17:56.000 --> 00:17:57.000]  是一個美地
[00:17:57.000 --> 00:18:00.000]  極好的一個地方
[00:18:00.000 --> 00:18:02.000]  但他們這些全部就抹殺他
[00:18:02.000 --> 00:18:07.000]  全部就說這個變成一個吞沒我們的地方
[00:18:07.000 --> 00:18:09.000]  嘩這麼恐怖
[00:18:09.000 --> 00:18:14.000]  跟著他還把眼光只看那些巨人
[00:18:14.000 --> 00:18:15.000]  他看不到
[00:18:15.000 --> 00:18:16.000]  如果是這麼多巨人
[00:18:16.000 --> 00:18:18.000]  為什麼還有這麼多人在那裏住呢
[00:18:18.000 --> 00:18:20.000]  他們全部吞沒他們
[00:18:20.000 --> 00:18:23.000]  這個是很矛盾的
[00:18:23.000 --> 00:18:25.000]  第三是看他們自己
[00:18:25.000 --> 00:18:27.000]  我們好像乍賣一樣
[00:18:27.000 --> 00:18:28.000]  我們站過去
[00:18:28.000 --> 00:18:31.000]  好像你今天如果站在姚明的旁邊
[00:18:31.000 --> 00:18:33.000]  你真的好像小朋友一樣
[00:18:33.000 --> 00:18:35.000]  嘩他是巨人
[00:18:35.000 --> 00:18:36.000]  姚明很高的
[00:18:36.000 --> 00:18:38.000]  起碼七呎
[00:18:38.000 --> 00:18:40.000]  七呎近八呎
[00:18:40.000 --> 00:18:42.000]  很高的
[00:18:42.000 --> 00:18:44.000]  我以前我曾經第一次
[00:18:44.000 --> 00:18:46.000]  看他打NBA的時候
[00:18:46.000 --> 00:18:48.000]  我真的在家裏找張梯子
[00:18:48.000 --> 00:18:51.000]  我把他的高度拉一條尺
[00:18:51.000 --> 00:18:54.000]  跟著我發覺原來要找梯子站上去
[00:18:54.000 --> 00:18:55.000]  跟著我站上去
[00:18:55.000 --> 00:18:57.000]  嘩原來這個是姚明的高度
[00:18:57.000 --> 00:19:00.000]  非常是高瞻遠矚的
[00:19:00.000 --> 00:19:02.000]  但問題就是
[00:19:02.000 --> 00:19:04.000]  你把你自己的眼光
[00:19:04.000 --> 00:19:06.000]  只是看這個地方
[00:19:06.000 --> 00:19:07.000]  你看不到是上帝
[00:19:07.000 --> 00:19:10.000]  上帝比你的敵人是更高大威猛
[00:19:10.000 --> 00:19:12.000]  上帝是全能者
[00:19:12.000 --> 00:19:13.000]  是不是
[00:19:13.000 --> 00:19:15.000]  跟你隔壁說好不好
[00:19:15.000 --> 00:19:17.000]  上帝是全能者
[00:19:17.000 --> 00:19:18.000]  上帝是全能者
[00:19:18.000 --> 00:19:20.000]  不要害怕
[00:19:20.000 --> 00:19:22.000]  你害怕的時候
[00:19:22.000 --> 00:19:24.000]  你看我自己只是裝模作樣
[00:19:24.000 --> 00:19:26.000]  裝模作樣
[00:19:26.000 --> 00:19:27.000]  沒得揮
[00:19:27.000 --> 00:19:28.000]  他的意思就是
[00:19:28.000 --> 00:19:29.000]  我被他一踩就
[00:19:29.000 --> 00:19:32.000]  這個我用一個簡單的圖像
[00:19:32.000 --> 00:19:34.000]  給大家知道
[00:19:34.000 --> 00:19:39.000]  我把一個意念
[00:19:39.000 --> 00:19:41.000]  我跟辦公室同工
[00:19:41.000 --> 00:19:46.000]  你可不可以在網上幫我找一張圖片
[00:19:46.000 --> 00:19:49.000]  那些去賣鞋的人
[00:19:49.000 --> 00:19:51.000]  去到印度
[00:19:51.000 --> 00:19:53.000]  要開鞋舖的話
[00:19:53.000 --> 00:19:54.000]  他一見到那些
[00:19:54.000 --> 00:19:57.000]  很多印度人不穿鞋
[00:19:57.000 --> 00:19:59.000]  他的反應是怎樣
[00:19:59.000 --> 00:20:01.000]  他的反應會是怎樣
[00:20:01.000 --> 00:20:05.000]  怕沒生意
[00:20:05.000 --> 00:20:06.000]  但是
[00:20:06.000 --> 00:20:08.000]  另一種人的反應是怎樣
[00:20:08.000 --> 00:20:09.000]  正
[00:20:09.000 --> 00:20:10.000]  他們沒有鞋穿
[00:20:10.000 --> 00:20:12.000]  我現在給鞋他們穿
[00:20:12.000 --> 00:20:14.000]  你如果要做這個給鞋穿
[00:20:14.000 --> 00:20:16.000]  就要好像這個銷售員那樣
[00:20:16.000 --> 00:20:17.000]  解釋給你聽
[00:20:17.000 --> 00:20:19.000]  穿鞋的好處
[00:20:19.000 --> 00:20:21.000]  穿鞋可以保護你的腳
[00:20:21.000 --> 00:20:22.000]  你走路
[00:20:22.000 --> 00:20:23.000]  遠足
[00:20:23.000 --> 00:20:25.000]  是可以叫你
[00:20:25.000 --> 00:20:27.000]  可以走得更遠
[00:20:27.000 --> 00:20:28.000]  他可以很
[00:20:28.000 --> 00:20:31.000]  但這個是一個信心的眼光
[00:20:31.000 --> 00:20:34.000]  但要有後著的行動跟進
[00:20:34.000 --> 00:20:39.000]  要教育那裡那些不穿鞋的那些人
[00:20:39.000 --> 00:20:41.000]  但如果你只是看眼前
[00:20:41.000 --> 00:20:42.000]  他們不穿鞋
[00:20:42.000 --> 00:20:45.000]  我們開些鞋舖就沒生意了
[00:20:45.000 --> 00:20:47.000]  你如果這樣
[00:20:47.000 --> 00:20:48.000]  這個就是你的結論
[00:20:48.000 --> 00:20:49.000]  你就永遠
[00:20:49.000 --> 00:20:53.000]  你就是原地踏步
[00:20:53.000 --> 00:20:55.000]  我們的人生都一樣
[00:20:55.000 --> 00:20:57.000]  神有時會不會要帶領我們
[00:20:57.000 --> 00:21:00.000]  就是要走出你的安恕區
[00:21:00.000 --> 00:21:03.000]  你要進入一個你沒去過的地方
[00:21:03.000 --> 00:21:05.000]  一個新的領域
[00:21:05.000 --> 00:21:07.000]  如果是出於神的帶領
[00:21:07.000 --> 00:21:09.000]  他就一定有他的應許
[00:21:09.000 --> 00:21:11.000]  你看看那些百姓
[00:21:11.000 --> 00:21:13.000]  他們的反應是怎樣
[00:21:13.000 --> 00:21:16.000]  這是十四章的開場白
[00:21:16.000 --> 00:21:17.000]  我們一起讀
[00:21:17.000 --> 00:21:19.000]  傳輩眾大聲宣揚
[00:21:19.000 --> 00:21:21.000]  那夜百姓哭號
[00:21:21.000 --> 00:21:26.000]  以色列眾人向摩西和法輪法院言
[00:21:26.000 --> 00:21:28.000]  傳輩眾對他們說
[00:21:28.000 --> 00:21:30.000]  我們寧願死在埃及地
[00:21:30.000 --> 00:21:33.000]  寧願死在這曠野
[00:21:33.000 --> 00:21:37.000]  你說真是這班百姓
[00:21:37.000 --> 00:21:40.000]  難怪我講完一章的時候
[00:21:40.000 --> 00:21:42.000]  摩西真的激到吐血
[00:21:42.000 --> 00:21:48.000]  現在聖經用四個動詞去形容他們
[00:21:48.000 --> 00:21:51.000]  在原文希伯來文
[00:21:51.000 --> 00:21:54.000]  大聲宣揚其實是兩個字
[00:21:54.000 --> 00:21:55.000]  大聲
[00:21:55.000 --> 00:21:57.000]  不是細聲討論
[00:21:57.000 --> 00:21:58.000]  大聲說
[00:21:58.000 --> 00:22:00.000]  個個在說
[00:22:00.000 --> 00:22:01.000]  而且是宣揚
[00:22:01.000 --> 00:22:02.000]  引起輿論
[00:22:02.000 --> 00:22:05.000]  整個以色列的所有會眾
[00:22:05.000 --> 00:22:07.000]  個個在抱怨
[00:22:07.000 --> 00:22:11.000]  那晚他們全部在哭
[00:22:11.000 --> 00:22:14.000]  原來以色列百姓很厲害
[00:22:14.000 --> 00:22:15.000]  哭
[00:22:15.000 --> 00:22:17.000]  殺手鐧
[00:22:17.000 --> 00:22:20.000]  在十一章我講他們抱怨的時候
[00:22:20.000 --> 00:22:23.000]  前後十一章出現了五次
[00:22:23.000 --> 00:22:24.000]  他們哭號
[00:22:24.000 --> 00:22:27.000]  那些水
[00:22:27.000 --> 00:22:29.000]  不是沒有水
[00:22:29.000 --> 00:22:31.000]  他們覺得缺乏
[00:22:31.000 --> 00:22:33.000]  那些不是沒有東西吃
[00:22:33.000 --> 00:22:35.000]  神每天都給他們吃碼拿
[00:22:35.000 --> 00:22:36.000]  他們吃到厭
[00:22:36.000 --> 00:22:38.000]  他們不是厭那個碼拿
[00:22:38.000 --> 00:22:40.000]  他們是厭棄上帝
[00:22:40.000 --> 00:22:43.000]  做他們的主人
[00:22:43.000 --> 00:22:45.000]  他們是在拒絕
[00:22:45.000 --> 00:22:48.000]  不是只是說不夠東西吃
[00:22:48.000 --> 00:22:50.000]  或者沒有東西吃
[00:22:50.000 --> 00:22:53.000]  他們是拒絕上帝
[00:22:53.000 --> 00:22:55.000]  但是夜間我們看到
[00:22:55.000 --> 00:23:01.000]  神做很多奇妙的偉大的神蹟奇事
[00:23:01.000 --> 00:23:03.000]  神好像火般的雲彩
[00:23:03.000 --> 00:23:05.000]  一路不離不棄
[00:23:05.000 --> 00:23:08.000]  帶領著百姓在曠野裡面
[00:23:08.000 --> 00:23:11.000]  而且他們在睡覺的時候
[00:23:11.000 --> 00:23:14.000]  神每晚降下碼拿
[00:23:14.000 --> 00:23:16.000]  給他們早上就去撿
[00:23:16.000 --> 00:23:17.000]  去撿拾
[00:23:17.000 --> 00:23:20.000]  每天是救用的恩典
[00:23:20.000 --> 00:23:23.000]  神也在夜間叫紅海分開
[00:23:23.000 --> 00:23:26.000]  他們是安然走過這個巷地
[00:23:26.000 --> 00:23:27.000]  到天亮的時候
[00:23:27.000 --> 00:23:30.000]  那些法老大軍追進去紅海
[00:23:30.000 --> 00:23:33.000]  神就叫東風將紅海遇合
[00:23:33.000 --> 00:23:37.000]  結果他們埃及大軍全軍覆沒
[00:23:37.000 --> 00:23:42.000]  我們看到他們完全忘記上帝
[00:23:42.000 --> 00:23:46.000]  昔日怎樣來帶領直到如今
[00:23:46.000 --> 00:23:48.000]  已經一年多的時間
[00:23:48.000 --> 00:23:50.000]  他們看過很多神蹟奇事
[00:23:50.000 --> 00:23:56.000]  但是他們仍然向摩西和阿倫發怨言
[00:23:56.000 --> 00:23:59.000]  怨言在十一章和前文都
[00:23:59.000 --> 00:24:02.000]  甚至在出埃及記的時候都出現過
[00:24:02.000 --> 00:24:06.000]  但是這次的怨言是最嚴重的一次
[00:24:06.000 --> 00:24:08.000]  為什麼這樣說呢
[00:24:08.000 --> 00:24:09.000]  這次說的是
[00:24:09.000 --> 00:24:12.000]  我們寧願死在埃及地
[00:24:12.000 --> 00:24:14.000]  寧願死在曠野
[00:24:14.000 --> 00:24:15.000]  意思是什麼
[00:24:15.000 --> 00:24:16.000]  我們都不進去
[00:24:16.000 --> 00:24:18.000]  神要應許給我們地方
[00:24:18.000 --> 00:24:20.000]  哇 你說什麼
[00:24:20.000 --> 00:24:23.000]  神帶你來到邊緣
[00:24:23.000 --> 00:24:26.000]  你們如果有信心就直進去
[00:24:26.000 --> 00:24:28.000]  可以進去得地為業
[00:24:28.000 --> 00:24:31.000]  但是他們竟然在這個時候
[00:24:31.000 --> 00:24:35.000]  向摩西和阿倫發怨言
[00:24:35.000 --> 00:24:37.000]  我們再看下一文
[00:24:37.000 --> 00:24:40.000]  約書亞和迦勒很正面的
[00:24:40.000 --> 00:24:43.000]  他們兩個人很齊心的跟他們說
[00:24:43.000 --> 00:24:46.000]  我們要信得過神的應許
[00:24:46.000 --> 00:24:50.000]  他說我們所走過所窺探的地方是極美之地
[00:24:50.000 --> 00:24:52.000]  耶和華若喜愛我們
[00:24:52.000 --> 00:24:54.000]  就必令我們進入那地
[00:24:54.000 --> 00:24:56.000]  擺著牛奶與麥之地
[00:24:56.000 --> 00:24:57.000]  賜給我們
[00:24:57.000 --> 00:25:00.000]  但你們不可背叛耶和華
[00:25:00.000 --> 00:25:02.000]  也不要怕那地的百姓
[00:25:02.000 --> 00:25:04.000]  因為他們是我們的食物
[00:25:04.000 --> 00:25:07.000]  保護他們的已經離開他們
[00:25:07.000 --> 00:25:09.000]  耶和華卻與我們同在
[00:25:09.000 --> 00:25:11.000]  不要怕他們
[00:25:11.000 --> 00:25:12.000]  看到嗎
[00:25:12.000 --> 00:25:15.000]  重複叫他們不要背叛神
[00:25:15.000 --> 00:25:17.000]  不要怕他們
[00:25:17.000 --> 00:25:19.000]  不是他們吞嚥我們
[00:25:19.000 --> 00:25:20.000]  我們吞嚥他們
[00:25:20.000 --> 00:25:22.000]  我們必然會得勝
[00:25:22.000 --> 00:25:23.000]  很清楚
[00:25:23.000 --> 00:25:27.000]  但是百姓仍然反應
[00:25:27.000 --> 00:25:31.000]  他們說我們要求要另立一個首領
[00:25:31.000 --> 00:25:33.000]  帶我們回埃及地
[00:25:33.000 --> 00:25:38.000]  聽完迦勒和約書亞這個陳詞
[00:25:38.000 --> 00:25:40.000]  竟然他們的回覆
[00:25:40.000 --> 00:25:43.000]  不是我們要走回頭路
[00:25:43.000 --> 00:25:46.000]  我們要回埃及地
[00:25:46.000 --> 00:25:48.000]  他們寧願做奴隸
[00:25:48.000 --> 00:25:51.000]  也不願意做神的選民
[00:25:51.000 --> 00:25:54.000]  去敬拜侍奉耶和華
[00:25:54.000 --> 00:25:57.000]  這是很嚴重的否定
[00:25:57.000 --> 00:25:59.000]  就是神帶他們出埃及
[00:25:59.000 --> 00:26:01.000]  是出於祂的拯救
[00:26:01.000 --> 00:26:05.000]  他否定神是透過摩西的帶領
[00:26:05.000 --> 00:26:09.000]  也是否定神賜迦南地這個英雄
[00:26:09.000 --> 00:26:13.000]  否定神對這個地圖的評價
[00:26:13.000 --> 00:26:17.000]  否定神的聖情是美善
[00:26:17.000 --> 00:26:21.000]  神是極大的恩慈憐憫
[00:26:21.000 --> 00:26:23.000]  我們看這兩張聖經的時候
[00:26:23.000 --> 00:26:27.000]  你繼續看下文的時候
[00:26:27.000 --> 00:26:28.000]  你會看到
[00:26:28.000 --> 00:26:35.000]  我覺得上帝的忍耐是極高
[00:26:35.000 --> 00:26:39.000]  所以最後的後果
[00:26:39.000 --> 00:26:40.000]  你看到這群百姓
[00:26:40.000 --> 00:26:42.000]  我只能用兩個字
[00:26:42.000 --> 00:26:46.000]  我們廣東人有時很喜歡用這兩個字
[00:26:46.000 --> 00:26:47.000]  抵死
[00:26:47.000 --> 00:26:49.000]  是真的抵死
[00:26:49.000 --> 00:26:51.000]  給了你們那麼多機會
[00:26:51.000 --> 00:26:54.000]  悔改、迴轉
[00:26:54.000 --> 00:26:55.000]  你們都不醒水
[00:26:55.000 --> 00:27:00.000]  還是要繼續堅持你們的偏行己路
[00:27:00.000 --> 00:27:03.000]  所以我們看見領袖的回應
[00:27:03.000 --> 00:27:07.000]  摩西當時和亞倫就俯伏在地
[00:27:07.000 --> 00:27:09.000]  他們祈求上帝
[00:27:09.000 --> 00:27:11.000]  他們對上帝
[00:27:11.000 --> 00:27:13.000]  他們在那裡禱告
[00:27:13.000 --> 00:27:18.000]  約書亞和迦納聽到百姓這樣的要求
[00:27:18.000 --> 00:27:20.000]  他們是撕裂衣服的
[00:27:20.000 --> 00:27:24.000]  他們強調神的應許的地方
[00:27:24.000 --> 00:27:28.000]  和那些人不用怕他們
[00:27:28.000 --> 00:27:30.000]  你們最重要的是不要背叛神
[00:27:30.000 --> 00:27:32.000]  有神的同在
[00:27:32.000 --> 00:27:33.000]  如果神喜悅我們
[00:27:33.000 --> 00:27:35.000]  神一定會帶領我們進去
[00:27:35.000 --> 00:27:37.000]  其實今天我們人生都一樣
[00:27:37.000 --> 00:27:41.000]  你有沒有有時你要轉工作
[00:27:41.000 --> 00:27:44.000]  或者你看到一些異象
[00:27:44.000 --> 00:27:46.000]  你知道神呼召你
[00:27:46.000 --> 00:27:49.000]  你勇敢地你要踏上去
[00:27:49.000 --> 00:27:50.000]  踏出去
[00:27:50.000 --> 00:27:53.000]  我在這裡和大家介紹兩個年輕人
[00:27:53.000 --> 00:27:56.000]  這兩個年輕人都是很有創意
[00:27:56.000 --> 00:27:58.000]  左邊那個叫阿謙
[00:27:58.000 --> 00:28:00.000]  右邊那個叫Gordon
[00:28:00.000 --> 00:28:02.000]  是一個網紅
[00:28:02.000 --> 00:28:05.000]  他們兩個都有自己本身的職業
[00:28:05.000 --> 00:28:07.000]  阿謙是拍電影的
[00:28:07.000 --> 00:28:08.000]  他讀電影的
[00:28:08.000 --> 00:28:10.000]  他自己有他的正職
[00:28:10.000 --> 00:28:12.000]  但他自己一直很想
[00:28:12.000 --> 00:28:15.000]  為什麼今天教會
[00:28:15.000 --> 00:28:18.000]  即是說香港和全世界很多教會都是
[00:28:18.000 --> 00:28:20.000]  沒有那些年輕人
[00:28:20.000 --> 00:28:22.000]  很多年輕人流失了
[00:28:22.000 --> 00:28:27.000]  就是因為教會和時代有脫節
[00:28:27.000 --> 00:28:29.000]  和年輕人的溝通
[00:28:29.000 --> 00:28:32.000]  亦都是有一種疏離
[00:28:32.000 --> 00:28:34.000]  這件事他們覺得
[00:28:34.000 --> 00:28:37.000]  我們需要在這個網絡世界
[00:28:37.000 --> 00:28:39.000]  媒體的福音事公裡面
[00:28:39.000 --> 00:28:41.000]  我們要做一些事
[00:28:41.000 --> 00:28:42.000]  努力
[00:28:42.000 --> 00:28:44.000]  結果他就找他的好朋友Gordon
[00:28:44.000 --> 00:28:45.000]  這個網紅
[00:28:45.000 --> 00:28:48.000]  他說你在網上都講這麼多節目
[00:28:48.000 --> 00:28:50.000]  不如你幫我
[00:28:50.000 --> 00:28:53.000]  我們要成立一個叫紮路燈
[00:28:53.000 --> 00:28:56.000]  他們就做了一個網台的節目
[00:28:56.000 --> 00:28:58.000]  叫紮路燈
[00:28:58.000 --> 00:29:00.000]  紮路就是要告訴別人
[00:29:00.000 --> 00:29:03.000]  我們信耶穌其實是很正的
[00:29:03.000 --> 00:29:06.000]  信耶穌不是代表一帆風順
[00:29:06.000 --> 00:29:09.000]  因為我們走紮路是要付代價的
[00:29:09.000 --> 00:29:12.000]  我們做主的門徒不用怕
[00:29:12.000 --> 00:29:15.000]  當他們發覺要做的時候
[00:29:15.000 --> 00:29:18.000]  一天有時拍幾條短片就放上去
[00:29:18.000 --> 00:29:21.000]  當他們拍到一天要放七條片的時候
[00:29:21.000 --> 00:29:25.000]  發覺連自己的正職那份工作都搞不定
[00:29:25.000 --> 00:29:27.000]  他們有很多壓力
[00:29:27.000 --> 00:29:31.000]  有很多關於這些的財政經濟
[00:29:31.000 --> 00:29:33.000]  怎麼辦呢
[00:29:33.000 --> 00:29:36.000]  自己要養自己都養不了
[00:29:36.000 --> 00:29:38.000]  如果這樣
[00:29:38.000 --> 00:29:42.000]  但他們後來憑信心堅持要繼續做下去的時候
[00:29:42.000 --> 00:29:46.000]  他們也有一間機構幫助他們
[00:29:46.000 --> 00:29:49.000]  怎樣來解決每個月的營運
[00:29:49.000 --> 00:29:52.000]  而他們也請了這個節目
[00:29:52.000 --> 00:29:54.000]  就是請了王君興上去
[00:29:54.000 --> 00:29:56.000]  他們一起跟那些人講
[00:29:56.000 --> 00:30:00.000]  怎樣信耶穌不要誤解那個意思
[00:30:00.000 --> 00:30:03.000]  他用一些很創新的手法
[00:30:03.000 --> 00:30:05.000]  為他們這兩個年輕人感謝神
[00:30:05.000 --> 00:30:08.000]  給點掌聲我們感謝神
[00:30:08.000 --> 00:30:11.000]  其實今天不只是香港
[00:30:11.000 --> 00:30:13.000]  其實今天在其他一些地方
[00:30:13.000 --> 00:30:16.000]  我都看見一些很有創意
[00:30:16.000 --> 00:30:19.000]  很有心的年輕人
[00:30:19.000 --> 00:30:22.000]  他們願意用另類的方式去接觸
[00:30:22.000 --> 00:30:24.000]  這些時代的人
[00:30:24.000 --> 00:30:27.000]  但我們看見百姓的回應是怎樣呢
[00:30:27.000 --> 00:30:28.000]  他一看到
[00:30:28.000 --> 00:30:31.000]  他們的反應就是要用石頭
[00:30:31.000 --> 00:30:34.000]  打死約書亞和迦勒
[00:30:34.000 --> 00:30:36.000]  你們該死
[00:30:36.000 --> 00:30:38.000]  十個人都叫我們不要去
[00:30:38.000 --> 00:30:41.000]  為什麼你們兩個要叫我們去呢
[00:30:41.000 --> 00:30:43.000]  但在這個時候
[00:30:43.000 --> 00:30:45.000]  耶和華的榮光就在活動中
[00:30:45.000 --> 00:30:47.000]  向以色人顯現
[00:30:47.000 --> 00:30:49.000]  神要叫這些百姓
[00:30:49.000 --> 00:30:52.000]  知道他們在說的話
[00:30:52.000 --> 00:30:54.000]  他們是在得罪神
[00:30:54.000 --> 00:30:57.000]  他們對上帝所揀選的
[00:30:57.000 --> 00:30:59.000]  無論是摩西亞倫
[00:30:59.000 --> 00:31:02.000]  迦勒和約書亞
[00:31:02.000 --> 00:31:06.000]  你看見神宣告迎罰百姓
[00:31:06.000 --> 00:31:09.000]  在上一節他說
[00:31:09.000 --> 00:31:12.000]  這班百姓藐視我要到何時呢
[00:31:12.000 --> 00:31:15.000]  這班百姓不信我要到何時呢
[00:31:15.000 --> 00:31:17.000]  兩次重覆
[00:31:17.000 --> 00:31:19.000]  神已經忍無可忍
[00:31:19.000 --> 00:31:22.000]  所以神說要用瘟疫擊殺百姓
[00:31:22.000 --> 00:31:23.000]  在12節
[00:31:23.000 --> 00:31:25.000]  摩西一聽到
[00:31:25.000 --> 00:31:26.000]  他馬上
[00:31:26.000 --> 00:31:29.000]  所以摩西真的極其謙和
[00:31:29.000 --> 00:31:31.000]  他忍這班百姓之餘
[00:31:31.000 --> 00:31:34.000]  但他很愛這班百姓
[00:31:34.000 --> 00:31:36.000]  他當時一聽到神要擊殺百姓
[00:31:36.000 --> 00:31:38.000]  他馬上跪在神面前
[00:31:38.000 --> 00:31:40.000]  他說神千萬不要
[00:31:40.000 --> 00:31:42.000]  不可以這樣做
[00:31:42.000 --> 00:31:43.000]  為什麼呢
[00:31:43.000 --> 00:31:46.000]  摩西為百姓代求
[00:31:46.000 --> 00:31:48.000]  基於兩個原則
[00:31:48.000 --> 00:31:50.000]  他說因為你的明星
[00:31:50.000 --> 00:31:52.000]  你帶他們出埃及
[00:31:52.000 --> 00:31:55.000]  過去你和埃及人
[00:31:55.000 --> 00:31:56.000]  遣過十災
[00:31:56.000 --> 00:31:59.000]  你都要讓他們知道你多厲害
[00:31:59.000 --> 00:32:01.000]  你亦都現在帶我們一起
[00:32:01.000 --> 00:32:03.000]  在曠野路裏
[00:32:03.000 --> 00:32:04.000]  你都是保護我們
[00:32:04.000 --> 00:32:05.000]  供應我們
[00:32:05.000 --> 00:32:06.000]  而且你將來
[00:32:06.000 --> 00:32:08.000]  你還要帶我們進去迦南地
[00:32:08.000 --> 00:32:09.000]  如果來到這個時候
[00:32:09.000 --> 00:32:11.000]  你擊殺這班百姓
[00:32:11.000 --> 00:32:13.000]  連迦南地那些外邦人
[00:32:13.000 --> 00:32:17.000]  都會來恥笑我們
[00:32:17.000 --> 00:32:18.000]  神的明星
[00:32:18.000 --> 00:32:20.000]  神你說你很偉大
[00:32:20.000 --> 00:32:21.000]  神為什麼
[00:32:21.000 --> 00:32:24.000]  你現在連百姓都搞不定
[00:32:24.000 --> 00:32:26.000]  接著他亦都宣告
[00:32:26.000 --> 00:32:28.000]  就是神的本性
[00:32:28.000 --> 00:32:30.000]  神你是不輕易發怒
[00:32:30.000 --> 00:32:32.000]  且有豐盛的慈愛
[00:32:32.000 --> 00:32:34.000]  你赦免罪孽
[00:32:34.000 --> 00:32:37.000]  但你無不以有罪為無罪
[00:32:37.000 --> 00:32:40.000]  神的本性就是既有慈愛
[00:32:40.000 --> 00:32:42.000]  但同時有公義
[00:32:42.000 --> 00:32:44.000]  這個宣告
[00:32:44.000 --> 00:32:46.000]  就是在西乃山裏
[00:32:46.000 --> 00:32:49.000]  當摩西領受十戒板
[00:32:49.000 --> 00:32:51.000]  他發生一件事
[00:32:51.000 --> 00:32:53.000]  就是神跟他說
[00:32:53.000 --> 00:32:54.000]  你快些下山
[00:32:54.000 --> 00:32:58.000]  那班百姓已經作反
[00:32:58.000 --> 00:33:00.000]  鑄造金牛毒
[00:33:00.000 --> 00:33:01.000]  因為摩西上山了
[00:33:01.000 --> 00:33:03.000]  四十晝夜
[00:33:03.000 --> 00:33:04.000]  他就說這個摩西
[00:33:04.000 --> 00:33:07.000]  那這個摩西去了哪裏呢
[00:33:07.000 --> 00:33:08.000]  到摩西下來的時候
[00:33:08.000 --> 00:33:10.000]  見他們這樣做
[00:33:10.000 --> 00:33:12.000]  更加愚昧的就是
[00:33:12.000 --> 00:33:14.000]  阿倫作為大祭司
[00:33:14.000 --> 00:33:16.000]  竟然是順從民意
[00:33:16.000 --> 00:33:19.000]  做一件得罪神的地方
[00:33:19.000 --> 00:33:22.000]  結果神是很大的懲罰
[00:33:22.000 --> 00:33:26.000]  來擊殺當時這一班的百姓
[00:33:26.000 --> 00:33:31.000]  摩西又是用這個經文
[00:33:31.000 --> 00:33:34.000]  他就向神求憐憫赦罪
[00:33:34.000 --> 00:33:37.000]  這一段的經文同樣是出現在
[00:33:37.000 --> 00:33:40.000]  《初一及記》三十四章裏面
[00:33:40.000 --> 00:33:42.000]  但是十九節
[00:33:42.000 --> 00:33:44.000]  是這一段文訴記
[00:33:44.000 --> 00:33:45.000]  繼續加下去的
[00:33:45.000 --> 00:33:47.000]  求你照你的大慈愛
[00:33:47.000 --> 00:33:49.000]  赦免這個百姓的罪孽
[00:33:49.000 --> 00:33:51.000]  好像你從埃及到如今
[00:33:51.000 --> 00:33:53.000]  要輸這百姓一樣
[00:33:53.000 --> 00:33:55.000]  神的赦罪
[00:33:55.000 --> 00:33:57.000]  為了要符合
[00:33:57.000 --> 00:33:59.000]  除了祂慈愛的本性
[00:33:59.000 --> 00:34:01.000]  但同樣一定要符合
[00:34:01.000 --> 00:34:03.000]  祂公義的要求
[00:34:03.000 --> 00:34:04.000]  所以當上帝說
[00:34:04.000 --> 00:34:06.000]  赦免我們的罪的時候
[00:34:06.000 --> 00:34:08.000]  其實背後是甚麼
[00:34:08.000 --> 00:34:11.000]  背後是有一個很大的代價
[00:34:11.000 --> 00:34:13.000]  我們今天新約的信徒就明白
[00:34:13.000 --> 00:34:16.000]  是耶穌背負了我們每一個人的罪
[00:34:16.000 --> 00:34:17.000]  死在十字架上
[00:34:17.000 --> 00:34:19.000]  還清這個罪債
[00:34:19.000 --> 00:34:21.000]  所以赦免
[00:34:21.000 --> 00:34:23.000]  其實背後是一個代價
[00:34:23.000 --> 00:34:26.000]  這個代價上帝一定要解決
[00:34:26.000 --> 00:34:27.000]  我們試一下
[00:34:27.000 --> 00:34:29.000]  明白了這個意義的時候
[00:34:29.000 --> 00:34:31.000]  你就好像這段經文說
[00:34:31.000 --> 00:34:35.000]  從父到子直到三四代
[00:34:35.000 --> 00:34:38.000]  神不會以有罪為無罪
[00:34:38.000 --> 00:34:40.000]  祂要懲罰人的罪
[00:34:40.000 --> 00:34:42.000]  所以當我們要處理這個
[00:34:42.000 --> 00:34:44.000]  其實是一個神學的問題
[00:34:44.000 --> 00:34:46.000]  赦免的一個代價
[00:34:46.000 --> 00:34:48.000]  但同樣神在這個時候
[00:34:48.000 --> 00:34:52.000]  祂不可以擊殺所有的百姓
[00:34:52.000 --> 00:34:55.000]  祂要繼續跟那些曾經有錯誤的人
[00:34:55.000 --> 00:34:57.000]  要保持一個關係
[00:34:57.000 --> 00:35:01.000]  但祂要按祂的慈愛去行這件事
[00:35:01.000 --> 00:35:05.000]  就必須要符合另一個條件的要求
[00:35:05.000 --> 00:35:09.000]  這個就是祂必須為了祂的名聲
[00:35:09.000 --> 00:35:13.000]  祂要來到有公義的這個原則
[00:35:13.000 --> 00:35:15.000]  公義的原則就是
[00:35:15.000 --> 00:35:17.000]  在以色列當中
[00:35:17.000 --> 00:35:20.000]  確是有一些是不忠於上帝的人
[00:35:20.000 --> 00:35:23.000]  包括這十個的探子
[00:35:23.000 --> 00:35:27.000]  他們報一個謠言的壞消息
[00:35:27.000 --> 00:35:29.000]  誤導了神的百姓
[00:35:29.000 --> 00:35:31.000]  神是要懲罰他們的
[00:35:31.000 --> 00:35:34.000]  神也都雖然說赦免百姓
[00:35:34.000 --> 00:35:41.000]  但是上帝是拒絕那些活逆者進入應許之地
[00:35:41.000 --> 00:35:46.000]  所以這個後文是會跟我們交代的
[00:35:46.000 --> 00:35:48.000]  在後文23到24節
[00:35:48.000 --> 00:35:54.000]  神說這一班藐視我的人
[00:35:54.000 --> 00:35:57.000]  他們沒有一個可以見到這個應許地
[00:35:57.000 --> 00:35:59.000]  除了迦勒
[00:35:59.000 --> 00:36:01.000]  接著29到30節
[00:36:01.000 --> 00:36:05.000]  他也都說到凡20歲以上向我發怨言的
[00:36:05.000 --> 00:36:10.000]  他們必不得盡我所起誓應許他們居住的地方
[00:36:10.000 --> 00:36:17.000]  他們的屍體是要所謂倒在這個曠野
[00:36:17.000 --> 00:36:20.000]  他們接下來這38年多的時間
[00:36:20.000 --> 00:36:24.000]  他們不斷這一班那一代的人
[00:36:24.000 --> 00:36:26.000]  就一直死在曠野
[00:36:26.000 --> 00:36:28.000]  他們都會生而育裡
[00:36:28.000 --> 00:36:31.000]  真正入應許之地是他們的兒女
[00:36:31.000 --> 00:36:34.000]  但是他們的兒女33到34節
[00:36:34.000 --> 00:36:36.000]  是要在曠野遊牧40年
[00:36:36.000 --> 00:36:39.000]  是擔當你們不信的罪
[00:36:39.000 --> 00:36:42.000]  所以父母的罪
[00:36:42.000 --> 00:36:47.000]  原來都是牽連到兒女都要承擔
[00:36:47.000 --> 00:36:51.000]  承擔的時候這個牽連性真的很大
[00:36:51.000 --> 00:36:54.000]  就因為他們誤信靠神
[00:36:54.000 --> 00:36:58.000]  以致他們帶來的窺探那個地方40天
[00:36:58.000 --> 00:36:59.000]  一年就抵一日
[00:36:59.000 --> 00:37:04.000]  所以他們要有這40年的漂流在曠野
[00:37:04.000 --> 00:37:07.000]  最後在37到38節
[00:37:07.000 --> 00:37:10.000]  那些散佈謠言的人
[00:37:10.000 --> 00:37:12.000]  他們遭受瘟疫
[00:37:12.000 --> 00:37:14.000]  死在神的面前
[00:37:14.000 --> 00:37:16.000]  這個是說即死
[00:37:16.000 --> 00:37:19.000]  當日神就是施行瘟疫
[00:37:19.000 --> 00:37:20.000]  即時審判
[00:37:20.000 --> 00:37:27.000]  這10個探子全部要在神的面前死
[00:37:27.000 --> 00:37:32.000]  只有約書和迦勒他們可以存活
[00:37:32.000 --> 00:37:36.000]  所以12個人死了10個
[00:37:36.000 --> 00:37:40.000]  那你說那些百姓怕不怕
[00:37:40.000 --> 00:37:42.000]  醒了沒有
[00:37:42.000 --> 00:37:44.000]  他們醒了
[00:37:44.000 --> 00:37:48.000]  那他們是不是真的悔改
[00:37:48.000 --> 00:37:50.000]  你再讀下去文蘇記
[00:37:50.000 --> 00:37:52.000]  遲些繼續回來聽
[00:37:52.000 --> 00:37:54.000]  然後你看下去
[00:37:54.000 --> 00:37:58.000]  他們有些人就說
[00:37:58.000 --> 00:38:04.000]  我們現在要去得神給我們應許的地為業
[00:38:04.000 --> 00:38:06.000]  我們要衝進去
[00:38:06.000 --> 00:38:07.000]  我們要打仗
[00:38:07.000 --> 00:38:10.000]  和那些阿瑪利人、迦南人
[00:38:10.000 --> 00:38:11.000]  我們打仗
[00:38:11.000 --> 00:38:13.000]  我們一定可以拿到那個地方
[00:38:13.000 --> 00:38:15.000]  摩西怎樣跟我們說
[00:38:15.000 --> 00:38:19.000]  你們為何要違背耶和華的指示
[00:38:19.000 --> 00:38:21.000]  這件事不能夠順利
[00:38:21.000 --> 00:38:22.000]  你們不可以上去
[00:38:22.000 --> 00:38:24.000]  因為耶和華都不在你們中間
[00:38:24.000 --> 00:38:26.000]  又沒有吩咐你們
[00:38:26.000 --> 00:38:29.000]  只是吩咐你們去探地
[00:38:29.000 --> 00:38:31.000]  你們現在回來
[00:38:31.000 --> 00:38:35.000]  你們現在看到神懲罰那些惡的探子
[00:38:35.000 --> 00:38:36.000]  你們馬上就說
[00:38:36.000 --> 00:38:39.000]  我們要去拿地了
[00:38:39.000 --> 00:38:41.000]  這個不是真正的信服
[00:38:41.000 --> 00:38:45.000]  弟兄姊妹今天我們聽神的話
[00:38:45.000 --> 00:38:47.000]  可能你聽到都聽了幾十年
[00:38:47.000 --> 00:38:49.000]  但你有沒有試過
[00:38:49.000 --> 00:38:55.000]  你真正的選擇至死忠心去跟從神
[00:38:55.000 --> 00:38:57.000]  還是有時聽一點不聽一點
[00:38:57.000 --> 00:39:00.000]  還是選擇性的信服
[00:39:00.000 --> 00:39:02.000]  你終有一日你會發現
[00:39:02.000 --> 00:39:07.000]  你其實倒在應許的恩典的門之外
[00:39:07.000 --> 00:39:10.000]  原來上帝可能給你的家庭
[00:39:10.000 --> 00:39:11.000]  給你的個人
[00:39:11.000 --> 00:39:13.000]  甚至給你的事業
[00:39:13.000 --> 00:39:16.000]  不是只有這麼多
[00:39:16.000 --> 00:39:19.000]  不過你錯過了上帝給你的很多恩典
[00:39:19.000 --> 00:39:21.000]  是因為你不肯去相信
[00:39:21.000 --> 00:39:24.000]  你去知取神的應許
[00:39:24.000 --> 00:39:26.000]  我們再看的時候
[00:39:26.000 --> 00:39:30.000]  這個我們需要今天重新回轉
[00:39:30.000 --> 00:39:32.000]  重新聽神的話
[00:39:32.000 --> 00:39:35.000]  這個很重要
[00:39:35.000 --> 00:39:37.000]  神的應許放在我們每一個人面前
[00:39:37.000 --> 00:39:40.000]  你今天用信心去連上去
[00:39:40.000 --> 00:39:42.000]  我在這裡和大家分享
[00:39:42.000 --> 00:39:44.000]  就是李聖林牧師
[00:39:44.000 --> 00:39:47.000]  我昨天早上星期六
[00:39:47.000 --> 00:39:50.000]  就在聖安德魯這個教會
[00:39:50.000 --> 00:39:53.000]  其實場面非常感人
[00:39:53.000 --> 00:39:56.000]  我是其中一個受邀請的牧者
[00:39:56.000 --> 00:40:00.000]  因為那個場地有限
[00:40:00.000 --> 00:40:04.000]  所以他們那個實地的
[00:40:04.000 --> 00:40:07.000]  舉行的安息禮拜
[00:40:07.000 --> 00:40:11.000]  必須有通行證才能進去
[00:40:11.000 --> 00:40:14.000]  在整個聚會裡面
[00:40:14.000 --> 00:40:17.000]  其實在另外一個看直播
[00:40:17.000 --> 00:40:19.000]  那裡有八百人
[00:40:19.000 --> 00:40:21.000]  那個地方
[00:40:21.000 --> 00:40:23.000]  很多很多弟兄姊妹
[00:40:23.000 --> 00:40:24.000]  他們很懷念
[00:40:24.000 --> 00:40:26.000]  這一位我們所敬愛的
[00:40:26.000 --> 00:40:28.000]  李聖林牧師
[00:40:28.000 --> 00:40:30.000]  他一生
[00:40:30.000 --> 00:40:34.000]  牧養教會和神學院教導
[00:40:34.000 --> 00:40:37.000]  而他不單是很精於
[00:40:37.000 --> 00:40:40.000]  舊約聖經的教導
[00:40:40.000 --> 00:40:44.000]  他能夠活出神的話
[00:40:44.000 --> 00:40:47.000]  特別在三年半之前
[00:40:47.000 --> 00:40:49.000]  大家知道
[00:40:49.000 --> 00:40:51.000]  他的小兒子阿Mo
[00:40:51.000 --> 00:40:54.000]  就在那個紅館
[00:40:54.000 --> 00:40:56.000]  MIRROR的音樂會
[00:40:56.000 --> 00:40:59.000]  發生了一個很大的意外
[00:40:59.000 --> 00:41:03.000]  當時在高空那個LED
[00:41:03.000 --> 00:41:06.000]  一個大屏幕就掉了下來
[00:41:06.000 --> 00:41:09.000]  結果他的小兒子阿Mo
[00:41:09.000 --> 00:41:12.000]  正正就壓在他的背上
[00:41:12.000 --> 00:41:16.000]  他由脊椎一直全身是癱瘓
[00:41:16.000 --> 00:41:19.000]  但是牧師當時在加拿大
[00:41:19.000 --> 00:41:22.000]  他馬上趕回來香港
[00:41:22.000 --> 00:41:25.000]  接著是說三年多時間
[00:41:25.000 --> 00:41:28.000]  一千三百六十八天
[00:41:28.000 --> 00:41:30.000]  他真是年終無憂
[00:41:30.000 --> 00:41:32.000]  無怨無悔
[00:41:32.000 --> 00:41:35.000]  是陪伴自己的兒子
[00:41:35.000 --> 00:41:36.000]  不離不棄
[00:41:36.000 --> 00:41:37.000]  這種父愛
[00:41:37.000 --> 00:41:39.000]  正是彰顯了天父
[00:41:39.000 --> 00:41:41.000]  今天都是每一天
[00:41:41.000 --> 00:41:46.000]  等待每一個浪子回頭
[00:41:46.000 --> 00:41:49.000]  當時李牧師
[00:41:49.000 --> 00:41:52.000]  很愛惜這個兒子
[00:41:52.000 --> 00:41:55.000]  他一直用詩篇二十三篇鼓勵他
[00:41:55.000 --> 00:41:59.000]  他每一天用靈修神的說話
[00:41:59.000 --> 00:42:00.000]  安慰他
[00:42:00.000 --> 00:42:02.000]  叫他不要放棄
[00:42:02.000 --> 00:42:04.000]  當醫生判斷他的兒子
[00:42:04.000 --> 00:42:06.000]  基本上是不能醫治的時候
[00:42:06.000 --> 00:42:10.000]  他後來轉到中大的醫學院
[00:42:10.000 --> 00:42:13.000]  在一個很好的團隊
[00:42:13.000 --> 00:42:15.000]  後來他遇到一個很好的機會
[00:42:15.000 --> 00:42:21.000]  見到一個類似受傷的個案
[00:42:21.000 --> 00:42:23.000]  一個病人
[00:42:23.000 --> 00:42:26.000]  得到很大的康復
[00:42:26.000 --> 00:42:29.000]  他可以坐在輪椅
[00:42:29.000 --> 00:42:31.000]  但起碼可以活動
[00:42:31.000 --> 00:42:35.000]  他可以手腳用輪椅來控制
[00:42:35.000 --> 00:42:37.000]  比阿牧現在的情況
[00:42:37.000 --> 00:42:39.000]  由完全不能活動
[00:42:39.000 --> 00:42:40.000]  他現在開始
[00:42:40.000 --> 00:42:44.000]  可以活動到一些地方
[00:42:44.000 --> 00:42:46.000]  而且他是朝著這個方向
[00:42:46.000 --> 00:42:48.000]  這是一個目標
[00:42:48.000 --> 00:42:53.000]  宗教的目標就是就算不能起身
[00:42:53.000 --> 00:42:56.000]  起碼可以照顧到自己
[00:42:56.000 --> 00:42:59.000]  可以用輪椅來代步
[00:42:59.000 --> 00:43:01.000]  這才是神
[00:43:01.000 --> 00:43:05.000]  神其實在他們整個家庭最困難的時候
[00:43:05.000 --> 00:43:07.000]  他們都能夠挺過去
[00:43:07.000 --> 00:43:09.000]  是因為他們相信
[00:43:09.000 --> 00:43:11.000]  神沒有離棄他們
[00:43:11.000 --> 00:43:15.000]  所以在昨天這個聚會裡
[00:43:15.000 --> 00:43:19.000]  他三個兒女都有講見證
[00:43:19.000 --> 00:43:21.000]  阿牧就透過視像
[00:43:21.000 --> 00:43:23.000]  只是錄音去講
[00:43:23.000 --> 00:43:25.000]  他說
[00:43:25.000 --> 00:43:27.000]  我給爸爸的信
[00:43:27.000 --> 00:43:30.000]  很感謝爸爸這麼愛惜我
[00:43:30.000 --> 00:43:33.000]  我很願意將來在天下
[00:43:33.000 --> 00:43:37.000]  站起來抱著你
[00:43:37.000 --> 00:43:39.000]  這個年輕人
[00:43:39.000 --> 00:43:44.000]  他若然沒有一個這麼愛他的父親
[00:43:44.000 --> 00:43:49.000]  和一個充滿著上帝的愛的家庭
[00:43:49.000 --> 00:43:54.000]  他們三兄弟
[00:43:54.000 --> 00:43:58.000]  最大的就是這個大女兒Karen
[00:43:58.000 --> 00:44:01.000]  他們在爸爸媽媽的身上
[00:44:01.000 --> 00:44:03.000]  看到神的說話
[00:44:03.000 --> 00:44:05.000]  神的應許
[00:44:05.000 --> 00:44:07.000]  而看到在李牧師的身上
[00:44:07.000 --> 00:44:08.000]  他不只是教
[00:44:08.000 --> 00:44:09.000]  他不只是講
[00:44:09.000 --> 00:44:11.000]  他就走出來
[00:44:11.000 --> 00:44:13.000]  成為很多人生命的幫助
[00:44:13.000 --> 00:44:16.000]  這首詩是他的大女兒Karen
[00:44:16.000 --> 00:44:18.000]  作出來的
[00:44:18.000 --> 00:44:21.000]  而且昨天在現場演唱出來
[00:44:21.000 --> 00:44:23.000]  我自己很被觸動
[00:44:23.000 --> 00:44:28.000]  這首詩是講了詩篇23篇
[00:44:28.000 --> 00:44:34.000]  也都講了詩篇127篇
[00:44:34.000 --> 00:44:36.000]  121篇
[00:44:36.000 --> 00:44:38.000]  我要向山舉目
[00:44:38.000 --> 00:44:40.000]  我要幫助從何而來
[00:44:40.000 --> 00:44:43.000]  我幫助從天地的弱壞而來
[00:44:43.000 --> 00:44:45.000]  主你就是我的方向
[00:44:45.000 --> 00:44:46.000]  引領我一生的路
[00:44:46.000 --> 00:44:47.000]  樹林中同行
[00:44:47.000 --> 00:44:49.000]  幽谷中細雨
[00:44:49.000 --> 00:44:52.000]  我仍記得你的應許
[00:44:52.000 --> 00:44:53.000]  你的應許
[00:44:53.000 --> 00:44:56.000]  主你是我的安慰
[00:44:56.000 --> 00:44:58.000]  使我安潔青草地
[00:44:58.000 --> 00:44:59.000]  雖然經過黑暗
[00:44:59.000 --> 00:45:01.000]  我仍然選擇是相信
[00:45:01.000 --> 00:45:03.000]  我深信你必帶領
[00:45:03.000 --> 00:45:07.000]  我舉目定徵仰望群山
[00:45:07.000 --> 00:45:09.000]  我幫助從何而來
[00:45:09.000 --> 00:45:12.000]  主你就是從創造天地的主而來
[00:45:12.000 --> 00:45:15.000]  你在我的面前擺設筵席
[00:45:15.000 --> 00:45:17.000]  賜平安與喜樂
[00:45:17.000 --> 00:45:18.000]  丁姐妹
[00:45:18.000 --> 00:45:20.000]  願以今日你和我
[00:45:20.000 --> 00:45:22.000]  我們每一個一生
[00:45:22.000 --> 00:45:25.000]  都不忘記神的應許
[00:45:25.000 --> 00:45:26.000]  神的說話
[00:45:26.000 --> 00:45:28.000]  我不知道你現在人生
[00:45:28.000 --> 00:45:30.000]  是在經歷什麼階段
[00:45:30.000 --> 00:45:32.000]  你前行
[00:45:32.000 --> 00:45:35.000]  你看到的是一個巨人
[00:45:35.000 --> 00:45:36.000]  你很害怕
[00:45:36.000 --> 00:45:39.000]  或者是一個城牆很寬廣
[00:45:39.000 --> 00:45:42.000]  你沒有辦法去攻打這個城牆
[00:45:42.000 --> 00:45:43.000]  是不是
[00:45:43.000 --> 00:45:44.000]  是不是真的要這麼害怕
[00:45:44.000 --> 00:45:45.000]  最重要
[00:45:45.000 --> 00:45:46.000]  你是知道
[00:45:46.000 --> 00:45:48.000]  是不是上帝吩咐
[00:45:48.000 --> 00:45:50.000]  無論你要轉工作
[00:45:50.000 --> 00:45:53.000]  無論你是你的家庭
[00:45:53.000 --> 00:45:57.000]  你或者你和你的一些同事
[00:45:57.000 --> 00:45:58.000]  你有一些關係
[00:45:58.000 --> 00:46:00.000]  你要復和的話
[00:46:00.000 --> 00:46:02.000]  這些就好像巨人一樣
[00:46:02.000 --> 00:46:04.000]  魔鬼就整天在恐嚇我們
[00:46:04.000 --> 00:46:06.000]  不行的
[00:46:06.000 --> 00:46:07.000]  沒有辦法解決的
[00:46:07.000 --> 00:46:09.000]  這件事很複雜
[00:46:09.000 --> 00:46:11.000]  你一定輸定了
[00:46:11.000 --> 00:46:12.000]  我告訴你
[00:46:12.000 --> 00:46:15.000]  在神的領域裏面
[00:46:15.000 --> 00:46:17.000]  沒有難成的事
[00:46:17.000 --> 00:46:18.000]  你信嗎
[00:46:18.000 --> 00:46:20.000]  你信得過神的應許嗎
[00:46:20.000 --> 00:46:21.000]  不要怕
[00:46:21.000 --> 00:46:23.000]  只要信
[00:46:23.000 --> 00:46:24.000]  不要怕
[00:46:24.000 --> 00:46:25.000]  只要信
[00:46:25.000 --> 00:46:26.000]  和你旁邊的人說
[00:46:26.000 --> 00:46:27.000]  不要怕
[00:46:27.000 --> 00:46:28.000]  只要信
[00:46:28.000 --> 00:46:30.000]  只要信
[00:46:30.000 --> 00:46:32.000]  信神的應許
[00:46:32.000 --> 00:46:33.000]  神與我們同在
[00:46:33.000 --> 00:46:36.000]  用信心連結在神的話語上
[00:46:36.000 --> 00:46:37.000]  我們一起祈禱
[00:46:37.000 --> 00:46:39.000]  天父我求你幫助我們每一個弟兄姊妹
[00:46:39.000 --> 00:46:41.000]  每一個家庭
[00:46:41.000 --> 00:46:42.000]  我們身處的
[00:46:42.000 --> 00:46:45.000]  無論在多大的難處裏面
[00:46:45.000 --> 00:46:47.000]  求主給我們有信心的眼光
[00:46:47.000 --> 00:46:48.000]  是看見你
[00:46:48.000 --> 00:46:50.000]  不只是看見那些困難
[00:46:50.000 --> 00:46:53.000]  主要讓我們用信心的眼睛
[00:46:53.000 --> 00:46:55.000]  我們有新的眼光
[00:46:55.000 --> 00:46:56.000]  新的亮光
[00:46:56.000 --> 00:46:57.000]  我們敏銳
[00:46:57.000 --> 00:46:58.000]  你的帶領
[00:46:58.000 --> 00:47:00.000]  你自己的幫助
[00:47:00.000 --> 00:47:01.000]  你的幫助
[00:47:01.000 --> 00:47:04.000]  就是創造天地萬有的主
[00:47:04.000 --> 00:47:05.000]  聖多主
[00:47:05.000 --> 00:47:06.000]  以致我們今天
[00:47:06.000 --> 00:47:08.000]  不需要焦慮
[00:47:08.000 --> 00:47:10.000]  不需要徬徨
[00:47:10.000 --> 00:47:11.000]  我們不需要懼怕
[00:47:11.000 --> 00:47:15.000]  我們只是單單默然在你面前
[00:47:15.000 --> 00:47:16.000]  信服你
[00:47:16.000 --> 00:47:18.000]  仰望依靠你
[00:47:18.000 --> 00:47:19.000]  求主引領我們
[00:47:19.000 --> 00:47:20.000]  前行的路
[00:47:20.000 --> 00:47:23.000]  能夠打亮美好的像
[00:47:23.000 --> 00:47:24.000]  榮神益人
[00:47:24.000 --> 00:47:25.000]  同心祈禱
[00:47:25.000 --> 00:47:26.000]  奉主名求
[00:47:26.000 --> 00:47:27.000]  阿門
