
[00:00:00.000 --> 00:00:01.760]  聖嬰姐妹平安
[00:00:01.760 --> 00:00:04.040]  我們一起祈禱
[00:00:04.040 --> 00:00:07.300]  教會的主
[00:00:07.300 --> 00:00:09.980]  你是次下聖靈的主
[00:00:09.980 --> 00:00:13.140]  感謝你讓我們活在眾信徒
[00:00:13.140 --> 00:00:15.740]  都可以被聖靈充滿的時代
[00:00:15.740 --> 00:00:18.120]  由揀選我們
[00:00:18.120 --> 00:00:20.900]  成為有份見證你的群體
[00:00:20.900 --> 00:00:23.860]  願主幫助我們在今天的訊息裡
[00:00:23.860 --> 00:00:25.960]  再次被聖靈觸動
[00:00:25.960 --> 00:00:29.820]  以致我們可以勇敢闖開自己的生命
[00:00:29.820 --> 00:00:32.920]  被聖靈繼續透過我們的敬拜
[00:00:32.920 --> 00:00:36.040]  禱告、團契、經歷裡面
[00:00:36.040 --> 00:00:40.000]  塑造我們成為流露基督同在的群體
[00:00:40.000 --> 00:00:41.740]  我們的同心禱告
[00:00:41.740 --> 00:00:43.680]  奉主耶穌基督的聖名祈求
[00:00:43.680 --> 00:00:44.680]  阿門
[00:00:44.680 --> 00:00:46.860]  聖嬰姐妹
[00:00:46.860 --> 00:00:49.400]  不知道大家有沒有在社交媒體
[00:00:49.400 --> 00:00:51.640]  或者地鐵的廣告上面
[00:00:51.640 --> 00:00:52.740]  有聽聞過
[00:00:52.740 --> 00:00:56.300]  或者你也有玩一個遊戲叫皮克文呢
[00:00:56.300 --> 00:00:58.220]  好像沒有什麼
[00:00:58.220 --> 00:01:00.700]  因為沒有人見過這樣的東西
[00:01:00.700 --> 00:01:02.580]  總之地鐵可能會見到
[00:01:02.580 --> 00:01:03.980]  你們下次留意一下吧
[00:01:03.980 --> 00:01:08.460]  根據官方的說法
[00:01:08.460 --> 00:01:12.540]  這一堆的生物是半生物半植物
[00:01:12.540 --> 00:01:14.700]  在皮克文這個遊戲裡面
[00:01:14.700 --> 00:01:18.440]  它會陪著你去走路和探險
[00:01:18.440 --> 00:01:23.020]  會去收集果實、種花
[00:01:23.020 --> 00:01:26.020]  在累積足夠的友好度的時候
[00:01:26.020 --> 00:01:28.660]  它們也會回到自己的出生地
[00:01:28.660 --> 00:01:30.380]  去得到一些裝飾
[00:01:30.380 --> 00:01:33.660]  這個遊戲透過不同的設計
[00:01:33.660 --> 00:01:38.620]  想鼓勵玩的人多走路、多走動
[00:01:38.620 --> 00:01:43.220]  在遊戲裡面有一些可以個人努力的部分
[00:01:43.220 --> 00:01:45.740]  例如你每天走多少路
[00:01:45.740 --> 00:01:47.980]  你去了多少地方
[00:01:47.980 --> 00:01:51.620]  你怎樣跟自己的皮克文互動
[00:01:51.620 --> 00:01:53.940]  你有沒有餵它們吃東西
[00:01:53.940 --> 00:01:58.460]  或者去收集裝飾、活動徽章等等
[00:01:58.460 --> 00:02:03.100]  同時也有一些有社群性的元素
[00:02:03.100 --> 00:02:06.700]  例如你可以寄明信片給你的朋友
[00:02:06.700 --> 00:02:09.740]  你可以跟你的朋友組成五個人一隊
[00:02:09.740 --> 00:02:12.580]  去每個星期一起走十萬步
[00:02:12.580 --> 00:02:15.780]  或者在遊戲裡面的戰鬥的時候
[00:02:15.780 --> 00:02:19.500]  你就呼叫你的朋友幫忙
[00:02:19.500 --> 00:02:24.380]  我本身兩年前已經有下載這個遊戲
[00:02:24.380 --> 00:02:26.260]  在我的電話裡面
[00:02:26.260 --> 00:02:30.100]  但就是一種有空拿出來玩一下
[00:02:30.100 --> 00:02:32.340]  有空就沒有玩的一個狀態
[00:02:32.340 --> 00:02:37.660]  當時我身邊也不多人有玩這個遊戲
[00:02:37.660 --> 00:02:41.060]  但是去到今年二、三月的時候
[00:02:41.060 --> 00:02:45.140]  就突然由台灣開始掀起了一輪皮克文的風潮
[00:02:45.140 --> 00:02:48.660]  就熱到來香港
[00:02:48.660 --> 00:02:52.100]  突然有一次在我服侍的初職團體裡面
[00:02:52.100 --> 00:02:55.500]  聽到有些人聊天的時候提起皮克文這三個字
[00:02:55.500 --> 00:02:59.740]  我就衝進去加入這個對話
[00:02:59.740 --> 00:03:02.140]  然後我們就聯繫了
[00:03:02.140 --> 00:03:05.100]  我們開始在皮克文裡面做朋友
[00:03:05.100 --> 00:03:08.180]  開始叫其他人一起下載
[00:03:08.180 --> 00:03:11.140]  我們就可以一起走路
[00:03:11.140 --> 00:03:16.180]  當我們越來越多人玩的時候
[00:03:16.180 --> 00:03:21.700]  我們聽到或者自己也有經歷到一些生活模式上的改變
[00:03:21.700 --> 00:03:24.300]  有些人去上班放午餐的時候
[00:03:24.300 --> 00:03:27.820]  他不再留在座位上看YouTube或者睡覺
[00:03:27.820 --> 00:03:30.420]  他會選擇出去散步
[00:03:30.420 --> 00:03:33.900]  有些人在回家之前會選擇去繞路
[00:03:33.900 --> 00:03:36.060]  就是為了多走一些路
[00:03:36.060 --> 00:03:37.580]  我也有一個朋友
[00:03:37.580 --> 00:03:39.420]  本身有一些狀況
[00:03:39.420 --> 00:03:42.300]  不是很喜歡出門口
[00:03:42.300 --> 00:03:45.420]  又很怕一些人多的地方
[00:03:45.420 --> 00:03:49.180]  但他為了玩皮克文去儲這些裝飾
[00:03:49.180 --> 00:03:52.740]  他得到足夠的力量去過海
[00:03:52.740 --> 00:03:54.820]  是很奇妙的
[00:03:54.820 --> 00:04:01.820]  在社交媒體也看到有些人邀請了他的父母一起玩
[00:04:01.820 --> 00:04:04.980]  因此跟父母多了對話互動
[00:04:04.980 --> 00:04:08.420]  以及共同用的術語
[00:04:08.420 --> 00:04:11.740]  這個遊戲令我發現
[00:04:11.740 --> 00:04:15.300]  原來皮克文沒有說不可以自己玩
[00:04:15.300 --> 00:04:19.420]  但原來有人一起玩的體驗是完整得多
[00:04:19.420 --> 00:04:20.940]  有趣得多
[00:04:20.940 --> 00:04:22.900]  而且也是這樣一起玩
[00:04:22.900 --> 00:04:29.980]  才帶來真正對日常生活有很大幅度的改變
[00:04:29.980 --> 00:04:34.940]  在這幾個月裡經歷很多人一起玩
[00:04:34.940 --> 00:04:37.740]  很多人一起研究不同的攻略的時候
[00:04:37.740 --> 00:04:40.620]  也有不斷想起我們的信仰
[00:04:40.620 --> 00:04:44.620]  我覺得我們的信仰帶來的改變也是這樣
[00:04:44.620 --> 00:04:48.780]  我們信仰的群體也一樣這麼重要
[00:04:48.780 --> 00:04:53.860]  我們今天說的「士徒人轉移章」37-47節
[00:04:53.860 --> 00:04:58.020]  是說五旬節後的群體如何形成
[00:04:58.020 --> 00:05:01.860]  他們又是有什麼樣的面貌
[00:05:01.860 --> 00:05:04.180]  之前已經說了
[00:05:04.180 --> 00:05:07.740]  門徒一起禱告等候聖靈
[00:05:07.740 --> 00:05:09.100]  聖靈降臨
[00:05:09.100 --> 00:05:11.300]  他們旁邊的人的反應
[00:05:11.300 --> 00:05:14.660]  到今天這個部分就是五旬節
[00:05:14.660 --> 00:05:17.700]  聖靈降臨的故事發展到尾聲
[00:05:17.700 --> 00:05:23.740]  一個被聖靈充滿和改變的群體就形成了
[00:05:23.740 --> 00:05:26.620]  我們先來一些上回提要
[00:05:26.620 --> 00:05:29.660]  在耶穌設立聖餐的余節之後
[00:05:29.660 --> 00:05:32.900]  第五十天來到五旬節
[00:05:32.900 --> 00:05:34.740]  在這五十天裡
[00:05:34.740 --> 00:05:37.300]  跟隨耶穌的信徒已經經歷了
[00:05:37.300 --> 00:05:43.420]  耶穌被捕、受苦、受死、復活、升天
[00:05:43.420 --> 00:05:47.220]  到他們現在沒有了耶穌
[00:05:47.220 --> 00:05:50.420]  跟他們肉身上同在的時候
[00:05:50.420 --> 00:05:52.860]  他們等候聖靈
[00:05:52.860 --> 00:05:55.260]  當他們聚在一起祈禱
[00:05:55.260 --> 00:05:57.260]  然後聖靈降臨的時候
[00:05:57.260 --> 00:06:00.580]  每個人都欣著聖靈充滿
[00:06:00.580 --> 00:06:02.980]  而可以說起別國的話
[00:06:02.980 --> 00:06:07.780]  他們就用別國的話來講論神的作為
[00:06:07.780 --> 00:06:10.500]  而有一群被聖靈降臨的時候
[00:06:10.500 --> 00:06:14.060]  那個大響聲所吸引來聚集的猶太人
[00:06:14.060 --> 00:06:17.780]  見到他們這樣的情景既疑惑又驚奇
[00:06:17.780 --> 00:06:21.780]  有些人選擇去笑他們只是聚酒
[00:06:21.780 --> 00:06:26.260]  彼得就發表了《士徒行傳》裡的第一篇《道》
[00:06:26.260 --> 00:06:30.180]  透過去詮釋約爾書和詩篇的預言
[00:06:30.180 --> 00:06:33.620]  去解釋聖靈降臨是什麼一回事
[00:06:33.620 --> 00:06:36.420]  並且用這件事去論述
[00:06:36.420 --> 00:06:39.300]  拿撒勒人耶穌就是猶太人
[00:06:39.300 --> 00:06:45.220]  由先祖以來一直等候來臨的那個尼賽亞
[00:06:45.220 --> 00:06:48.900]  縱然猶太人將耶穌釘在十字架上
[00:06:48.900 --> 00:06:51.380]  但耶穌的死而復活
[00:06:51.380 --> 00:06:55.700]  卻顯明了祂是救主、是基督
[00:06:55.700 --> 00:07:02.500]  到37節那些因著想守節旗而來到耶路撒冷
[00:07:02.500 --> 00:07:06.180]  去到聖殿朝聖的經乾猶太人
[00:07:06.180 --> 00:07:10.340]  在聽到彼得的訊息後覺得「宅心」
[00:07:10.340 --> 00:07:13.860]  就問「士徒」他們應該做些什麼
[00:07:13.860 --> 00:07:19.060]  「宅心」的原文直譯為「刺透心臟」的用語
[00:07:19.060 --> 00:07:22.900]  是用來表達一種深度的憂傷
[00:07:22.900 --> 00:07:29.700]  我覺得中文是絕對足夠博大精深去譯得很生動
[00:07:29.700 --> 00:07:35.860]  「宅心」可以表達那種聖靈使用彼得的訊息
[00:07:35.860 --> 00:07:39.860]  直擊了這班敬虔猶太人的心
[00:07:39.860 --> 00:07:42.900]  以至他們進入了一份認訊
[00:07:42.900 --> 00:07:45.140]  相信耶穌是救主
[00:07:45.140 --> 00:07:49.140]  相信自己的罪需要耶穌去拯救
[00:07:49.140 --> 00:07:53.540]  而他們會急切渴望自己應該怎樣做
[00:07:53.540 --> 00:07:56.580]  唯有有一份這樣的認訊
[00:07:56.580 --> 00:08:00.500]  才可以帶來真正的悔改和轉化
[00:08:00.500 --> 00:08:05.700]  我們現在經常說「願聖靈在人心動工」
[00:08:05.700 --> 00:08:08.820]  剛剛報道會前我們不斷祈禱時
[00:08:08.820 --> 00:08:11.620]  也會說「願聖靈在人心動工」
[00:08:11.620 --> 00:08:16.980]  讓人「宅心」是聖靈其中一種具體的工作
[00:08:16.980 --> 00:08:22.500]  當人在聖靈的工作下穿透自我和驕傲
[00:08:22.500 --> 00:08:25.700]  而深刻體認到自己的罪
[00:08:25.700 --> 00:08:32.500]  為著自己遠離神、背叛神、傷害神而感到悲痛
[00:08:32.500 --> 00:08:39.380]  才會由心而發地渴望做一些事來改變局面
[00:08:39.380 --> 00:08:46.420]  弟兄姊妹,你還記不記得自己初次感到「宅心」時?
[00:08:46.420 --> 00:08:49.940]  當初為著自己的罪感到哀傷
[00:08:49.940 --> 00:08:53.460]  又很感激上主的救恩感受
[00:08:53.460 --> 00:08:58.500]  有沒有仍然推動著你將生命獻給神?
[00:08:58.500 --> 00:09:04.340]  你信主後到最近還有沒有經歷「宅心」?
[00:09:04.340 --> 00:09:07.060]  我是一個信二代
[00:09:07.060 --> 00:09:13.060]  所以沒有很記得有「宅心」而信主的畫面
[00:09:13.060 --> 00:09:20.340]  但卻很記得因若「宅心」而蒙回應呼召的畫面
[00:09:20.340 --> 00:09:24.340]  當時是我中二升中三的暑期營會
[00:09:24.340 --> 00:09:31.220]  當中的詩歌及訊息令我領會到神有很大的愛
[00:09:31.220 --> 00:09:34.340]  以及祂很體重我的生命和價值
[00:09:34.340 --> 00:09:37.540]  但我覺得自己實在不夠好
[00:09:37.540 --> 00:09:41.540]  然後就覺得很「宅心」
[00:09:41.540 --> 00:09:46.900]  以致講完去呼召人將來全職侍奉時
[00:09:46.900 --> 00:09:51.460]  我找不到理由跟聖靈說「不如不要吧」
[00:09:51.460 --> 00:09:55.300]  當日這一份對神的愛很廣大
[00:09:55.300 --> 00:09:58.500]  而我無以為報的深刻體會
[00:09:58.500 --> 00:10:05.860]  成為了我日後在軟弱、掙扎、不太想做的感受中
[00:10:05.860 --> 00:10:09.060]  一次次選擇信服的原因
[00:10:09.060 --> 00:10:15.460]  是當初的那份「宅心」令我日後也有其他的「宅心」
[00:10:15.460 --> 00:10:19.940]  亦是這些「宅心」令我、令很多其他人
[00:10:19.940 --> 00:10:25.700]  或曾經也讓你在生命中作出不一樣的選擇
[00:10:25.700 --> 00:10:31.540]  彼得以一個悔改的呼召回應這群人的「宅心」
[00:10:31.540 --> 00:10:42.500]  他叫他們各人要悔改,奉耶穌基督的名受洗,使你們的罪得赦免,就會領受所賜的聖靈
[00:10:42.500 --> 00:10:48.980]  要相信並承認人只能透過耶穌基督得潔淨和赦罪
[00:10:48.980 --> 00:11:00.660]  就可以領受耶穌應許此下的聖靈,住在人的心中,只因人按著神的心意而活
[00:11:00.660 --> 00:11:09.060]  這對當時的群體應該頗為重要,因為他們已不再有肉身的耶穌與他們同在
[00:11:09.060 --> 00:11:14.500]  但當人奉耶穌基督的名受洗,領受聖靈的時候
[00:11:14.500 --> 00:11:17.460]  仍然是應驗間施洗約翰所說的
[00:11:17.460 --> 00:11:22.580]  「耶穌要以聖靈和火吸引施洗」的語言
[00:11:22.580 --> 00:11:27.860]  復活後的耶穌成為了一個不可見的施洗者
[00:11:27.860 --> 00:11:40.020]  而這句應許是「給你們和你們的兒女,並一切在遠方的人,就是給所有住於我們的神所召來的人」
[00:11:40.020 --> 00:11:44.260]  五重節的事件標誌著一個新的時代開始
[00:11:44.260 --> 00:11:51.860]  是所有相信耶穌的人都會領受聖靈,有聖靈內著的時代
[00:11:51.860 --> 00:12:00.340]  五重節前和耶穌前,其實舊約開始一直有記載有人被聖靈充滿
[00:12:00.340 --> 00:12:06.580]  但往往那些只是少數人的經歷,並且是單次發生
[00:12:06.580 --> 00:12:12.820]  但由五重節開始,聖靈不再僅僅充滿某些人
[00:12:12.820 --> 00:12:23.220]  而是更加普遍和廣泛地持續充滿每一個願意悔改、相信耶穌是救主的人
[00:12:23.220 --> 00:12:34.260]  聖靈持續和信徒同在,幫助教會成為耶穌復活的一個有力和堅韌的見證
[00:12:34.260 --> 00:12:46.900]  雖然我們經常這樣說,但不知大家在你的生活中有沒有深刻地相信和經歷到聖靈持續同在呢?
[00:12:46.900 --> 00:12:53.300]  之前有和一些弟兄姊妹討論的時候
[00:12:53.300 --> 00:13:01.460]  剛說到想像一下耶穌在進入曠野時被聖靈充滿
[00:13:01.460 --> 00:13:08.580]  我們就想大家想像一下被聖靈充滿的狀態是怎樣
[00:13:08.580 --> 00:13:14.180]  有很多人不約而同地戴著頭盔表示
[00:13:14.180 --> 00:13:22.580]  「我不敢說自己有經歷過聖靈充滿,但我覺得耶穌那時應該怎樣怎樣吧」
[00:13:22.580 --> 00:13:34.420]  那次之後我回想了很久,為何我們一直這樣教導每個人都有聖靈,但我們又好像不太感受到呢?
[00:13:34.420 --> 00:13:38.980]  我們怎樣才會覺得有聖靈同在呢?
[00:13:38.980 --> 00:13:52.020]  我們會否感受到現在是靈命高峰,世界充滿盼望,才會有聖靈同在呢?
[00:13:52.020 --> 00:14:01.620]  其實在我們每日的生活中,我們仍然找到原因相信上主,堅持我們的信仰
[00:14:01.620 --> 00:14:09.940]  我們見到有需要的人時有憐憫的心,我們在生活中見到上帝的恩典
[00:14:09.940 --> 00:14:18.180]  可能這些都是聖靈一直充滿著我們,與我們同在的一些記號
[00:14:18.180 --> 00:14:23.540]  希望我們可以確信我們有聖靈同在的一群人
[00:14:23.540 --> 00:14:30.260]  並且在我們生活中也能見到聖靈與我們同在的一些記號
[00:14:30.260 --> 00:14:39.460]  40節給予血面人,他們要救自己脫離彎曲的世代,我覺得很有意思
[00:14:39.460 --> 00:14:47.860]  因為他說的是「耶穌成為了肉身來到世上,揹起所有人的罪,死而復活,升埋天」
[00:14:47.860 --> 00:14:53.620]  這個世代仍然是彎曲的,仍然是羅馬帝國統領的世界
[00:14:53.620 --> 00:15:01.620]  猶太人仍然有很多散居,但當彼得延續耶穌的教導時
[00:15:01.620 --> 00:15:07.940]  救自己脫離這個世代,應該不是當時很多猶太人所期盼的
[00:15:07.940 --> 00:15:12.820]  有一個人帶來強大的戰力幫他們復國
[00:15:12.820 --> 00:15:19.060]  彼得更有可能是透過悔改受洗,歸入耶穌基督的名下
[00:15:19.060 --> 00:15:27.060]  以一個新的世界觀去生活,在真理中重新得著自己的生命
[00:15:27.060 --> 00:15:35.540]  於是雖然帝國可以以權勢暫時統治列國,令列國伏在他的腳下
[00:15:35.540 --> 00:15:48.340]  甚至嘗試控制人民的語言及文化,但聖靈的福音才是真正可以改變人的心靈及頭腦
[00:15:48.340 --> 00:15:53.860]  才是到終末終極得勝的那一位
[00:15:53.860 --> 00:16:00.340]  當我們帶著這樣的認信時,信徒雖然仍然活在彎曲的世代
[00:16:00.340 --> 00:16:07.780]  但在價值上、生活實踐上,我們都可以救自己脫離這個彎曲的世代
[00:16:07.780 --> 00:16:17.780]  我們可以有另一份信念,有另一個世界觀去抗衡這些文化
[00:16:17.780 --> 00:16:25.620]  這種可以脫離或用另一種信念去抗衡的可能性
[00:16:25.620 --> 00:16:30.740]  今日仍然有透過聖靈賦予我們
[00:16:30.740 --> 00:16:36.020]  無論你看這個世界時,特別見到甚麼問題
[00:16:36.020 --> 00:16:43.060]  可能是消費主義,可能是社會上資源財富分配不均
[00:16:43.060 --> 00:16:47.700]  可能是某些位置的權力不受制衡
[00:16:47.700 --> 00:16:53.540]  可能是一些人濫權,一些人自我中心等等
[00:16:53.540 --> 00:16:58.660]  我們見到這個世代和二千多年前一樣彎曲
[00:16:58.660 --> 00:17:05.700]  但我們因著聖靈,都有一切努力去抗衡的可能性
[00:17:05.700 --> 00:17:13.060]  我們都會繼續思考,究竟我們信仰天國的世界觀
[00:17:13.060 --> 00:17:19.780]  怎樣幫助我們去看我們生活的世代,我們應該怎樣去回應
[00:17:19.780 --> 00:17:25.380]  回到當時,那些責心的人去問自己可以做甚麼
[00:17:25.380 --> 00:17:30.020]  彼得叫他們「悔改受洗」,他們就這樣做了
[00:17:30.020 --> 00:17:34.260]  當日這樣悔改受洗的人,約有三千
[00:17:34.260 --> 00:17:38.340]  路加沒有描述很多這班人的背景
[00:17:38.340 --> 00:17:44.420]  亦沒有分析究竟散居在甚麼地方的猶太人特別容易信主
[00:17:44.420 --> 00:17:51.460]  路加的焦點在於五旬節後這群群體的面貌特徵
[00:17:51.460 --> 00:18:00.100]  他們專注於使徒的教導和彼此的團契、抹餅和祈禱
[00:18:00.100 --> 00:18:04.500]  這群群體專注在四件事
[00:18:04.500 --> 00:18:10.020]  第一是聽使徒去複述和解釋耶穌的教訓
[00:18:10.020 --> 00:18:13.620]  學習去活出一個悔改的生命
[00:18:13.620 --> 00:18:16.820]  第二是彼此的團契
[00:18:16.820 --> 00:18:22.180]  團契這字帶有緊密連結彼此分享的意思
[00:18:22.180 --> 00:18:28.340]  福音書沒有用過,是去到《使徒行傳》這個位才第一次用
[00:18:28.340 --> 00:18:33.300]  顯示了耶穌的復活、升天和聖靈降臨
[00:18:33.300 --> 00:18:39.220]  為教會帶出一種互相參與在大家生活中的分享
[00:18:39.220 --> 00:18:42.020]  一種新的群體連結
[00:18:42.020 --> 00:18:44.900]  第三是抹餅
[00:18:44.900 --> 00:18:48.660]  抹餅本身在猶太人用餐禮儀中也有
[00:18:48.660 --> 00:18:51.540]  但因著基督設立了聖餐
[00:18:51.540 --> 00:18:59.060]  抹餅本身和教會群體一起抹餅這個動作的意思重要了許多
[00:18:59.060 --> 00:19:04.420]  而一起抹餅除了一起紀念設立聖餐的主
[00:19:04.420 --> 00:19:12.900]  記著主先是現職的主人及我們這個群體是主復活的見證外
[00:19:12.900 --> 00:19:18.820]  當時抹餅也很有可能在他們正式吃飯前進行
[00:19:18.820 --> 00:19:22.340]  每個人都可以得到一份聖餐
[00:19:22.340 --> 00:19:28.740]  也展現出當時他們不需要受自己有錢沒錢
[00:19:28.740 --> 00:19:31.940]  有多少資源影響他們有沒有東西吃
[00:19:31.940 --> 00:19:34.500]  每人都可以得到一份
[00:19:34.500 --> 00:19:40.900]  展現出被聖靈塑造的教會有慷慨及群體的特徵
[00:19:40.900 --> 00:19:46.660]  有份開始去應驗天國的價值及盼望
[00:19:46.660 --> 00:19:51.940]  第四是42節最後說到的禱告
[00:19:51.940 --> 00:19:54.660]  禱告是一個眾訴
[00:19:54.660 --> 00:20:04.260]  禱告不是單次發生的行動 而是教會群體持續的敬虔生活
[00:20:04.260 --> 00:20:09.060]  至43節有提到歧視神蹟
[00:20:09.060 --> 00:20:14.660]  最大的作用應該是預告之後會發生的神蹟故事
[00:20:14.660 --> 00:20:18.980]  同時也以一種和耶穌平衡的敘事
[00:20:18.980 --> 00:20:27.940]  象徵著教會作為耶穌在地上的代表延續耶穌當初的工作
[00:20:27.940 --> 00:20:40.100]  當這群會眾專注在聽道、團契分享、抹餅及祈禱中
[00:20:40.100 --> 00:20:45.220]  他們就成為一群心存敬畏的群體
[00:20:45.220 --> 00:20:51.620]  而這些心存敬畏的人 在五旬節當日的三千人當中
[00:20:51.620 --> 00:20:55.700]  應該有一部份不會留在耶路撒冷
[00:20:55.700 --> 00:21:00.260]  因為他們本身是散居各地的猶太人
[00:21:00.260 --> 00:21:03.940]  他們住在當時形容的天下各國
[00:21:03.940 --> 00:21:08.100]  與港地極差不多的描述
[00:21:08.100 --> 00:21:13.220]  所以這群人帶著他們的看見、被更新的信仰
[00:21:13.220 --> 00:21:16.180]  以及這四個群體生活的焦點
[00:21:16.180 --> 00:21:19.620]  帶回他們所散居的地方
[00:21:19.620 --> 00:21:25.460]  以至在使徒將福音傳到地極之前
[00:21:25.460 --> 00:21:30.660]  神在五旬節已經揀選了一批在地極來的人
[00:21:30.660 --> 00:21:32.740]  經歷悔改、更新
[00:21:32.740 --> 00:21:37.540]  再回去成為耶穌是復活主的見證人
[00:21:37.540 --> 00:21:42.660]  所以我們見到由使徒首先成為主的見證
[00:21:42.660 --> 00:21:47.780]  到其他信主的人見到他們的見證後
[00:21:47.780 --> 00:21:52.660]  都成為了聖靈能力的見證人和傳播者
[00:21:52.660 --> 00:21:55.460]  按著耶穌所說的大使命
[00:21:55.460 --> 00:22:00.580]  由聖靈降臨開始一路應驗著
[00:22:00.580 --> 00:22:08.900]  44至47節更加仔細地描述他們的群體生活
[00:22:08.900 --> 00:22:12.740]  信的人聚在一處繁物公用
[00:22:12.740 --> 00:22:15.300]  又賣了田產和家業
[00:22:15.300 --> 00:22:19.140]  照每一個人所需要的分給他們
[00:22:19.140 --> 00:22:24.900]  路加描繪了一個很街尾的教會群體畫面
[00:22:24.900 --> 00:22:30.420]  本來在社會中分配不均的資源和財富
[00:22:30.420 --> 00:22:35.780]  在這個教會群體中得以合宜地再分配
[00:22:35.780 --> 00:22:41.140]  以致有錢的人不需要為他的財富而自傲
[00:22:41.140 --> 00:22:48.580]  而本身貧困的人也不需要為他的缺乏而羞恥
[00:22:48.580 --> 00:22:50.500]  在教會群體中
[00:22:50.500 --> 00:22:55.620]  所有人都是因著聖靈的引導而聚集在這裡
[00:22:55.620 --> 00:23:00.740]  他們無論是吃飯的時候還是其他相處互動
[00:23:00.740 --> 00:23:06.500]  都不像當時的羅馬人這樣以社會階級主導
[00:23:06.500 --> 00:23:10.980]  他們在聽道、團契、抹餅、禱告中
[00:23:10.980 --> 00:23:17.380]  就在聖靈的幫助下脫離羅馬社會對人區分的淚鏡
[00:23:17.380 --> 00:23:22.260]  而轉向用救主的眼光看重每一個人的生命
[00:23:22.260 --> 00:23:26.980]  見到每一個人都是同等地被上主看重
[00:23:26.980 --> 00:23:32.900]  因為他們都是同樣被神以愛創造的人
[00:23:32.900 --> 00:23:38.500]  當一群被聖靈充滿的信徒不分階級彼此相助
[00:23:38.500 --> 00:23:43.140]  人與神與人的關係可以得以恢復的福音
[00:23:43.140 --> 00:23:46.820]  首先展現在教會群體中
[00:23:46.820 --> 00:23:51.940]  見證著社會和宗末的盼望
[00:23:51.940 --> 00:23:58.500]  今天我們身處的香港社會和羅馬社會都有點相似
[00:23:58.500 --> 00:24:04.100]  都會因應那個人的成就所掌握的資源
[00:24:04.100 --> 00:24:06.260]  或者可以帶來的利益
[00:24:06.260 --> 00:24:12.100]  將人分門別類或暗暗地分等級
[00:24:12.100 --> 00:24:17.940]  希望我們都可以在聽道、團契、抹餅、禱告中
[00:24:17.940 --> 00:24:20.260]  重新校正我們的眼光
[00:24:20.260 --> 00:24:26.340]  見到每一個人都是同等地被上主所看重
[00:24:26.340 --> 00:24:32.420]  成為社會和宗末的盼望的一種見證
[00:24:32.420 --> 00:24:34.660]  46至47節上
[00:24:34.660 --> 00:24:37.860]  講到這群信徒天天同心合意
[00:24:37.860 --> 00:24:40.900]  行徹地在聖殿裡敬拜
[00:24:40.900 --> 00:24:42.820]  且在家中抹餅
[00:24:42.820 --> 00:24:47.220]  全著歡喜坦誠的心用飯讚美神
[00:24:47.220 --> 00:24:51.700]  敬拜、抹餅、分享用飯、讚美
[00:24:51.700 --> 00:24:54.500]  都是一些現在式的分詞
[00:24:54.500 --> 00:24:58.180]  表示這些是持續地發生的行動
[00:24:58.180 --> 00:25:04.100]  成為了這群教會群體的日常生活方式
[00:25:04.100 --> 00:25:10.420]  所以他們的日常生活包括會公開到聖殿去敬拜神
[00:25:10.420 --> 00:25:14.900]  也包括私底下會在家中去敬拜神
[00:25:14.900 --> 00:25:18.900]  也包括他們會一起去抹餅
[00:25:18.900 --> 00:25:21.620]  在食飯中的平等相待
[00:25:21.620 --> 00:25:24.500]  都成為了他們的日常生活
[00:25:24.500 --> 00:25:27.620]  耶穌基督的「道成肉身」
[00:25:27.620 --> 00:25:30.420]  死而復活、聖靈的降臨
[00:25:30.420 --> 00:25:33.780]  令到連簡單日常的食飯
[00:25:33.780 --> 00:25:36.500]  都有了更深層的意義
[00:25:36.500 --> 00:25:40.900]  都可以成為天國價值的展現
[00:25:40.900 --> 00:25:44.820]  成為五旬節當日見證的延續
[00:25:44.820 --> 00:25:47.620]  對今天的教會來說
[00:25:47.620 --> 00:25:52.740]  重現聖靈降臨的畫面從來不是我們的實踐重點
[00:25:52.740 --> 00:25:57.460]  因為在五旬節發生的那一次聖靈降臨
[00:25:57.460 --> 00:26:03.780]  已經刻劃和肯定了神已經將聖靈賜給教會
[00:26:03.780 --> 00:26:11.060]  教會有著藉著聖靈在地上延續耶穌基督工作的身份和角色
[00:26:11.060 --> 00:26:16.420]  所以我們的重點是我們如何帶著這種身份
[00:26:16.420 --> 00:26:18.740]  帶著聖靈的同在
[00:26:18.740 --> 00:26:20.980]  在現今的社會裏
[00:26:20.980 --> 00:26:23.620]  在很多不同的主流文化裏
[00:26:23.620 --> 00:26:25.780]  我們如何學似耶穌
[00:26:25.780 --> 00:26:27.860]  展現出天國的價值
[00:26:27.860 --> 00:26:33.460]  我們一起在教會裏的生活
[00:26:33.460 --> 00:26:35.460]  平時的日常生活
[00:26:35.460 --> 00:26:39.060]  群體生活都是一些很重要的範疇
[00:26:39.060 --> 00:26:42.900]  剛才說了那麼多節經文
[00:26:42.900 --> 00:26:46.740]  都不斷提到他們的群體展現
[00:26:46.740 --> 00:26:51.060]  顯示出基督是會藉著群體而流露
[00:26:51.060 --> 00:26:58.260]  一個信徒如果只有個人的屬靈、操練而沒有群體
[00:26:58.260 --> 00:27:02.740]  他無法完整地展露基督給人看到
[00:27:02.740 --> 00:27:08.900]  而那種藉著群體包括了教會群體之間的互動
[00:27:08.900 --> 00:27:14.020]  亦包括了教會群體和身處社會的互動
[00:27:14.020 --> 00:27:20.980]  四十節下亦描述了五重節後的教會群體
[00:27:20.980 --> 00:27:23.380]  因著他們的群體生活見證
[00:27:23.380 --> 00:27:25.540]  得全體百姓的喜愛
[00:27:25.540 --> 00:27:29.380]  主張得救的人天天加給他們
[00:27:29.380 --> 00:27:33.220]  得全體百姓的喜愛是一個結果
[00:27:33.220 --> 00:27:38.340]  但未必是他們當初群體生活見證最著想的東西
[00:27:38.340 --> 00:27:41.540]  而他們會有新加入的人
[00:27:41.540 --> 00:27:44.740]  最主要的原因是上主的工作
[00:27:44.740 --> 00:27:46.660]  和四十一節一樣
[00:27:46.660 --> 00:27:50.900]  四十一節提到有三千人信主的時候
[00:27:50.900 --> 00:27:54.740]  原文是「若有三千人被加入」
[00:27:54.740 --> 00:28:02.020]  同樣是指有人加入教會群體是上主的工作
[00:28:02.020 --> 00:28:06.260]  真正使人信主的是主耶穌自己
[00:28:06.260 --> 00:28:10.660]  就如福音書中耶穌差派十二個門徒
[00:28:10.660 --> 00:28:12.660]  七十二個門徒去傳福音
[00:28:12.660 --> 00:28:16.500]  他是差派和持能力的那一位
[00:28:16.500 --> 00:28:21.620]  當那些門徒回來說「我們做到了,很開心」的時候
[00:28:21.620 --> 00:28:24.980]  這些成果並不是表明他們的能力
[00:28:24.980 --> 00:28:27.380]  而是表明他們屬於神
[00:28:27.380 --> 00:28:30.980]  教會宣講而有人信主
[00:28:30.980 --> 00:28:34.020]  我們去做見證,然後有人信主
[00:28:34.020 --> 00:28:35.700]  其實都是一樣
[00:28:35.700 --> 00:28:40.820]  並不是去證明我們做得很好
[00:28:40.820 --> 00:28:47.220]  而是證明我們屬於將人加入的神
[00:28:47.220 --> 00:28:50.020]  所以彼得的宣講很重要
[00:28:50.020 --> 00:28:53.860]  我們的分享和見證都很有意義
[00:28:53.860 --> 00:28:56.180]  不過當我們這樣做的時候
[00:28:56.180 --> 00:28:59.780]  希望我們都是想為主作見證
[00:28:59.780 --> 00:29:04.900]  我們都是帶著敬畏神、敬拜神的心去做
[00:29:04.900 --> 00:29:08.100]  因為唯有聖靈可以在人心動功
[00:29:08.100 --> 00:29:13.620]  我們都不太知道聖靈會如何使用我們所做的
[00:29:13.620 --> 00:29:18.100]  唯有聖靈可以令人有那份責心
[00:29:18.100 --> 00:29:21.700]  我們除了做好自己的見證外
[00:29:21.700 --> 00:29:25.140]  都應該要準備好作為一個群體
[00:29:25.140 --> 00:29:32.180]  將神新加入的人納入在我們的群體之中
[00:29:32.180 --> 00:29:35.300]  而這個得全體百姓的喜愛
[00:29:35.300 --> 00:29:40.500]  我都覺得是一個頗吊詭的一點
[00:29:40.500 --> 00:29:42.260]  因為我們都知道
[00:29:42.260 --> 00:29:44.820]  他在這裡說得全體百姓的喜愛
[00:29:44.820 --> 00:29:47.060]  但我們都知道在教會歷史上
[00:29:47.060 --> 00:29:50.020]  初代教會以至今天
[00:29:50.020 --> 00:29:54.580]  都不斷受到各種的逼迫
[00:29:54.580 --> 00:29:58.820]  可能去到今天都好像那麼吊詭
[00:29:58.820 --> 00:30:02.260]  有時人們會稱讚基督徒的不一樣
[00:30:02.260 --> 00:30:08.660]  他們會見到基督徒的群體會善良一點
[00:30:08.660 --> 00:30:11.620]  可能會有愛一點
[00:30:11.620 --> 00:30:19.060]  但有時同樣的人會挑戰基督徒的不一樣
[00:30:19.060 --> 00:30:20.900]  可能挑戰我們的信仰
[00:30:20.900 --> 00:30:24.980]  或者挑戰我們虔誠上的不一致
[00:30:24.980 --> 00:30:28.500]  我們固然仍然要做好見證
[00:30:28.500 --> 00:30:31.460]  就像在不同的書信裏
[00:30:31.460 --> 00:30:36.820]  這些使徒都有教會要做好自己
[00:30:36.820 --> 00:30:40.580]  嘗試去達至無可指責
[00:30:40.580 --> 00:30:45.300]  但其實基督教的天國價值
[00:30:45.300 --> 00:30:47.780]  和這個世界的文化
[00:30:47.780 --> 00:30:50.660]  注定是無法完全融合的
[00:30:50.660 --> 00:30:53.860]  因為這個世界是一個有罪的世界
[00:30:53.860 --> 00:30:57.620]  這個世界有很多帶有罪而扭曲的世界觀
[00:30:57.620 --> 00:30:59.300]  和意識形態
[00:30:59.300 --> 00:31:01.140]  我們總會去到一個位置
[00:31:01.140 --> 00:31:03.700]  要堅持告訴他們
[00:31:03.700 --> 00:31:05.620]  天國價值不是這樣
[00:31:05.620 --> 00:31:08.980]  我們就是有那份不一樣
[00:31:08.980 --> 00:31:13.620]  這條線很難在這裏用三言兩語去講清楚
[00:31:13.620 --> 00:31:15.860]  但我猜最重要的是
[00:31:15.860 --> 00:31:18.820]  我們有一個敬畏神的心
[00:31:18.820 --> 00:31:22.820]  當我們感受到我們所持守的價值
[00:31:22.820 --> 00:31:25.780]  和社會有衝突的時候
[00:31:25.780 --> 00:31:31.300]  我們以敬畏神的心去持守天國的價值
[00:31:31.300 --> 00:31:37.220]  亦記住是主去掌管一切
[00:31:37.220 --> 00:31:43.540]  因為是主會將得救的人加給教會的群體
[00:31:43.540 --> 00:31:48.740]  說起群體見證和時機
[00:31:48.740 --> 00:31:56.180]  我上星期六幫一個團體的姊妹做姊妹
[00:31:56.180 --> 00:32:00.900]  幫她處理了一個婚禮
[00:32:00.900 --> 00:32:02.660]  也挺特別的
[00:32:02.660 --> 00:32:07.300]  因為她的另一半是微信主
[00:32:07.300 --> 00:32:08.420]  我們覺得很接近
[00:32:08.420 --> 00:32:11.540]  不過她就是微信主
[00:32:11.540 --> 00:32:17.780]  而她的家人也有很多不是信徒
[00:32:17.780 --> 00:32:22.900]  所以當我們有份在婚禮裏帶師哥敬拜
[00:32:22.900 --> 00:32:28.020]  我們的團契在他們簽婚書有獻詩的時候
[00:32:28.020 --> 00:32:34.420]  我們一直準備將這班微信的親友放在心上
[00:32:34.420 --> 00:32:40.580]  希望可以將我們敬畏敬拜主的心唱給他們聽
[00:32:40.580 --> 00:32:44.660]  讓他們可以感受到一些
[00:32:44.660 --> 00:32:51.060]  最後我們的姊妹說她老公覺得很感動
[00:32:51.060 --> 00:32:53.620]  我們也覺得很感恩
[00:32:53.620 --> 00:32:56.420]  但我們也知道她會不會感動
[00:32:56.420 --> 00:32:57.940]  其實與我們沒有太大關係
[00:32:57.940 --> 00:32:59.780]  也與我無關
[00:32:59.780 --> 00:33:04.100]  誰決定的 其實都是聖靈去決定
[00:33:04.100 --> 00:33:08.340]  聖靈決定她這個位置會感動
[00:33:08.340 --> 00:33:10.260]  但她也未必去到決止
[00:33:10.260 --> 00:33:14.100]  但這樣不代表我們覺得這樣就不用做
[00:33:14.100 --> 00:33:19.220]  甚至她去到當天這個時刻會感動
[00:33:19.220 --> 00:33:23.700]  與我們之前這麼多年一直有認識她
[00:33:23.700 --> 00:33:26.900]  她來到團契當中與我們互動
[00:33:26.900 --> 00:33:30.100]  認識我們這一班人究竟在信什麼
[00:33:30.100 --> 00:33:32.020]  平時怎樣去展現
[00:33:32.020 --> 00:33:39.700]  她才可以更加被我們分享信仰的時候所感染和感動
[00:33:39.700 --> 00:33:48.660]  希望我們做見證 群體要持守不同價值和信念的時候
[00:33:48.660 --> 00:33:53.780]  我們記得做好自己去敬畏神
[00:33:53.780 --> 00:33:57.620]  上帝會按著他的時間去動功
[00:33:57.620 --> 00:34:02.740]  信仰的成長和展現離不開群體
[00:34:02.740 --> 00:34:06.580]  但也不能沒有個人努力的追求
[00:34:06.580 --> 00:34:11.700]  就好像玩皮克問 如果你完全不玩的話
[00:34:11.700 --> 00:34:14.260]  其實你很難與朋友一起交流
[00:34:14.260 --> 00:34:18.100]  甚至你的朋友可能開始不想與你一起玩
[00:34:18.100 --> 00:34:20.660]  因為你會拖他後腳
[00:34:20.660 --> 00:34:27.060]  但你要自己玩才可以與朋友一起交流 一起努力
[00:34:27.060 --> 00:34:32.180]  而如果你只是自己玩 沒有群體與你一起玩的話
[00:34:32.180 --> 00:34:34.740]  你的體驗又不完整
[00:34:34.740 --> 00:34:38.580]  甚至我本身只是自己玩
[00:34:38.580 --> 00:34:43.460]  我去到有人一起玩的時候 我才知道原來我曾經損失了什麼
[00:34:43.460 --> 00:34:46.260]  可能我們信仰上也是這樣
[00:34:46.260 --> 00:34:52.660]  我上次也很喜歡說打排球 打排球也是這樣
[00:34:52.660 --> 00:34:56.740]  你可以自己在場邊與自己搓球
[00:34:56.740 --> 00:34:59.060]  你可以想很多東西
[00:34:59.060 --> 00:35:05.460]  但你一天不下場與隊友合作 你也不見真章
[00:35:05.460 --> 00:35:08.020]  團契也是這樣
[00:35:08.020 --> 00:35:14.420]  如果我們平時只是週末回來交換任務進度
[00:35:14.420 --> 00:35:20.820]  其實我們未必能考驗到我們能否在生命中同行
[00:35:20.820 --> 00:35:25.940]  我們唯有慢慢參與在大家的日常生活中
[00:35:25.940 --> 00:35:29.780]  才能真正認識我們的弟兄姊妹更多
[00:35:29.780 --> 00:35:35.540]  我們才可以以我們的群體生活一起展現給人看
[00:35:35.540 --> 00:35:38.740]  一群因著基督而聚集起來的人
[00:35:38.740 --> 00:35:42.580]  一群學習基督彼此相愛的人
[00:35:42.580 --> 00:35:45.140]  是怎樣的不一樣
[00:35:45.140 --> 00:35:48.980]  信仰群體可以擴闊我們的眼界
[00:35:48.980 --> 00:35:54.100]  因為我們在同一個信仰裡 可能也會有一些不同的焦點
[00:35:54.100 --> 00:35:59.220]  好像玩皮克文 有些人想儲多些步數
[00:35:59.220 --> 00:36:03.060]  有些人想儲多些不同的皮克文裝飾
[00:36:03.060 --> 00:36:08.180]  有些人想多撿些不同的東西
[00:36:08.180 --> 00:36:12.020]  但其實他們最後的大目標是一樣的
[00:36:12.020 --> 00:36:15.860]  他們最後成就的東西都是他們走多了
[00:36:15.860 --> 00:36:18.420]  就好像我們在信仰裡面
[00:36:18.420 --> 00:36:23.540]  可能有些人對聖經研究比較有興趣
[00:36:23.540 --> 00:36:28.660]  有些人很喜歡研究怎樣將福音講得清楚明白
[00:36:28.660 --> 00:36:36.340]  有些人希望將自己的經歷成為與其他人同行的一種力量
[00:36:36.340 --> 00:36:39.940]  我們可能有不同的焦點
[00:36:39.940 --> 00:36:45.060]  但這些都沒有辦法完整地反映我們的信仰
[00:36:45.060 --> 00:36:47.860]  唯有當我們放在一起
[00:36:47.860 --> 00:36:52.740]  將我們不同的焦點中的得著彼此分享
[00:36:52.740 --> 00:36:57.860]  互相調整大家對信仰的認識 對上帝的認識
[00:36:57.860 --> 00:37:01.700]  我們在信仰裡面的體會
[00:37:01.700 --> 00:37:06.580]  對神的體會才會更加闊 更加豐富
[00:37:06.580 --> 00:37:12.580]  也會同時豐富了我們一起展現給其他人的見證
[00:37:12.580 --> 00:37:15.780]  人可以由我們群體裡面不同人
[00:37:15.780 --> 00:37:19.620]  怎樣有不同經歷神的模式
[00:37:19.620 --> 00:37:22.980]  去知道神是一個很有創意
[00:37:22.980 --> 00:37:28.340]  很豐富地與人互動的一個神
[00:37:28.340 --> 00:37:33.220]  我們在團體、抹餅、讀經、祈禱
[00:37:33.220 --> 00:37:35.220]  不同的操練裡面
[00:37:35.220 --> 00:37:39.220]  都去思考更多我們應該怎樣去生活
[00:37:39.220 --> 00:37:43.940]  有更大的勇氣在我們的信仰群體裡面
[00:37:43.940 --> 00:37:51.700]  可能有一些碰撞 一起去理解其他人
[00:37:51.700 --> 00:37:54.420]  怎樣去認識、經歷上帝
[00:37:54.420 --> 00:37:59.620]  以致我們一起可以有更加豐盛的信仰經歷
[00:37:59.620 --> 00:38:05.060]  也更加讓人看到一個屬於耶穌基督的群體
[00:38:05.060 --> 00:38:09.540]  是有怎樣的生命力、怎樣的豐盛
