
[00:00:00.000 --> 00:00:02.680]  今天是父親節,是嗎?
[00:00:02.680 --> 00:00:09.040]  父親節,今天父親們都比他生意大一點。
[00:00:09.040 --> 00:00:16.400]  我不曉得前面那些席位是不是表示absent father。
[00:00:16.400 --> 00:00:26.600]  你知道,很多年的時間,當我在講父親節信息的時候,
[00:00:27.720 --> 00:00:35.920]  當我去查考一些資料,我常常看到的資料都是父親缺席、統計數字。
[00:00:35.920 --> 00:00:38.640]  今天我就決定不講這個了。
[00:00:38.640 --> 00:00:44.080]  雖然那是一個社會的現象,
[00:00:44.080 --> 00:00:50.560]  但是我們相信這就是爲什麼我們需要耶穌基督。
[00:00:50.560 --> 00:00:55.600]  因爲沒有耶穌基督,你可以看見這個世界就是如此。
[00:00:56.200 --> 00:00:58.960]  整個世界的走向就是如此。
[00:00:58.960 --> 00:01:01.880]  今天我們要來跟大家分享,
[00:01:01.880 --> 00:01:08.880]  其實我們當中,我今天這個不是隻是跟父親講的,
[00:01:08.880 --> 00:01:12.440]  我是跟所有做父親、做母親的,
[00:01:12.440 --> 00:01:15.960]  甚至做祖父母、外祖父母的,
[00:01:15.960 --> 00:01:21.040]  我們都需要來看看今天這篇信息。
[00:01:21.040 --> 00:01:24.880]  我們中國人講說,再苦也不能夠苦孩子,
[00:01:25.680 --> 00:01:28.640]  再窮也不能夠窮教育。
[00:01:28.640 --> 00:01:30.720]  請問這是誰說的話?
[00:01:30.720 --> 00:01:32.680]  有聽過嗎?
[00:01:32.680 --> 00:01:42.080]  這個話最早是中國大陸在文化大革命結束之後,
[00:01:42.080 --> 00:01:47.680]  改革開放,政府爲了推及九年義務教育,
[00:01:47.680 --> 00:01:52.720]  解決農村失學問題,就提出的一個宣傳的標語。
[00:01:53.560 --> 00:01:57.440]  後來就在很多的牆壁上面都貼了這個標語。
[00:01:57.440 --> 00:02:04.400]  鄧小平後來在1970年代到80年代推動科教新國的時候,
[00:02:04.400 --> 00:02:09.000]  他也強調,千方百計在別的方面忍耐一些,
[00:02:09.000 --> 00:02:13.360]  甚至犧牲一點速度,把教育問題解決好。
[00:02:13.360 --> 00:02:17.840]  那不是隻有中國大陸講這些話,
[00:02:17.840 --> 00:02:22.600]  臺灣在前任的行政院長蘇貞昌,
[00:02:23.880 --> 00:02:25.920]  也曾經引用過。
[00:02:25.920 --> 00:02:28.680]  馬英九總統也講過,
[00:02:28.680 --> 00:02:32.840]  窮不能窮教育,苦不能夠苦孩子。
[00:02:32.840 --> 00:02:38.640]  所以你會發現我們中國人對於孩子的教育非常看重,對不對?
[00:02:38.640 --> 00:02:43.880]  我在墨西哥宣講,我告訴你,
[00:02:43.880 --> 00:02:46.400]  墨西哥人想法跟我們不一樣。
[00:02:46.400 --> 00:02:51.440]  中國人很看重教育,對不對?
[00:02:52.560 --> 00:02:55.160]  中國父母親看重孩子,
[00:02:55.160 --> 00:02:57.680]  這是一方面是好,
[00:02:57.680 --> 00:03:00.960]  但是另外一方面,今天我要問大家一個問題。
[00:03:00.960 --> 00:03:03.440]  父母親,你想,
[00:03:03.440 --> 00:03:07.640]  如果有一天你離開這個世界,
[00:03:07.640 --> 00:03:12.480]  你希望把什麼傳承給你自己的孩子?
[00:03:20.880 --> 00:03:26.240]  上個禮拜我去一個老闆是基督徒的一個公司去講道,
[00:03:26.240 --> 00:03:28.440]  禮拜一的時候,
[00:03:28.440 --> 00:03:34.880]  帶敬拜的姐妹就用了一個破冰遊戲,
[00:03:34.880 --> 00:03:38.240]  那時候剛好要準備過端午節。
[00:03:38.240 --> 00:03:39.760]  她就問說,
[00:03:39.760 --> 00:03:44.800]  你們最想跟哪一個人,如果可以的話,
[00:03:44.800 --> 00:03:47.880]  你最想跟哪一個人一起喫糉子?
[00:03:51.000 --> 00:03:52.320]  她就用了這個破冰遊戲,
[00:03:52.320 --> 00:03:55.000]  每個人都講了,我也講了,等等這些。
[00:03:55.000 --> 00:03:59.360]  結果他們老闆就講了,
[00:03:59.360 --> 00:04:05.000]  他說他最想要跟馬斯克一起喫糉子。
[00:04:05.000 --> 00:04:10.560]  所以那一天他就
[00:04:10.560 --> 00:04:12.480]  其實馬斯克我們都認識吧,認不認識?
[00:04:12.480 --> 00:04:15.120]  不認識啊,好,不認識。
[00:04:15.120 --> 00:04:18.160]  不認識,我給你看看他是誰好不好?
[00:04:21.160 --> 00:04:23.880]  這個照片比較小一點。
[00:04:23.880 --> 00:04:32.240]  馬斯克現在可以說是全世界的首富,
[00:04:32.240 --> 00:04:33.960]  億萬富翁,
[00:04:33.960 --> 00:04:38.840]  兆萬,不得了。
[00:04:38.840 --> 00:04:42.440]  所以你想跟他一起喫糉子嗎?
[00:04:50.120 --> 00:04:55.040]  馬斯克,我想很多人很羨慕他,
[00:04:55.040 --> 00:04:57.680]  很羨慕他這麼有錢,
[00:04:57.680 --> 00:05:00.360]  很羨慕他事業這麼樣子成功。
[00:05:00.360 --> 00:05:04.400]  可是其實,我今天沒有時間多講他,
[00:05:04.400 --> 00:05:08.000]  但是我要問大家一個問題,
[00:05:08.000 --> 00:05:13.120]  如果我們今天可以,
[00:05:13.120 --> 00:05:15.720]  我們希望把什麼留給孩子?
[00:05:18.120 --> 00:05:24.240]  馬斯克他一共有四個,
[00:05:24.240 --> 00:05:26.840]  我要怎麼稱呼他們?
[00:05:26.840 --> 00:05:35.320]  有四個,他跟四個女人生了14個孩子,
[00:05:35.320 --> 00:05:39.600]  除了第一任的妻子之外,
[00:05:39.600 --> 00:05:41.800]  其他統統沒有結婚,
[00:05:41.800 --> 00:05:46.240]  甚至有一個是他的科技高管,
[00:05:47.640 --> 00:05:53.000]  他替他生孩子是因爲他認爲聰明的人應該多生孩子,
[00:05:53.000 --> 00:05:57.360]  所以他就跟這個女的,
[00:05:57.360 --> 00:06:02.320]  這個叫做IVF,
[00:06:02.320 --> 00:06:05.320]  就是人工受孕,
[00:06:05.320 --> 00:06:10.760]  透過這個方式去幫他生孩子。
[00:06:10.760 --> 00:06:16.800]  所以他想要建一個大的莊園,
[00:06:17.280 --> 00:06:22.120]  可以把這14個孩子統統能夠跟他住在一起。
[00:06:22.120 --> 00:06:26.040]  但是unfortunately,
[00:06:26.040 --> 00:06:33.760]  他的大女兒,也就是第一任的妻子生的這個女兒叫做Vivian,
[00:06:33.760 --> 00:06:37.000]  在16歲的時候,
[00:06:37.000 --> 00:06:42.040]  她覺得自己應該要變性,
[00:06:42.040 --> 00:06:44.720]  所以她就去變性了,
[00:06:45.040 --> 00:06:47.320]  所以她本來是男的,
[00:06:47.320 --> 00:06:50.320]  現在是女的。
[00:06:50.320 --> 00:06:53.240]  到了18歲的時候,
[00:06:53.240 --> 00:06:57.440]  她甚至跟她的父親公開地決裂,
[00:06:57.440 --> 00:07:01.480]  她宣稱她不再有這一個父親,
[00:07:01.480 --> 00:07:04.000]  也不希望跟他有任何的關係。
[00:07:04.000 --> 00:07:10.880]  她把她自己的last name改成了母親的這個last name。
[00:07:12.800 --> 00:07:17.160]  那這一個女孩呢,你現在看到這個上面,
[00:07:17.160 --> 00:07:20.760]  她成爲Gucci,
[00:07:20.760 --> 00:07:24.120]  Gucci知道嗎?
[00:07:24.120 --> 00:07:28.440]  我念錯了嗎?
[00:07:28.440 --> 00:07:30.880]  Gucci
[00:07:30.880 --> 00:07:37.200]  對不起,
[00:07:37.200 --> 00:07:39.760]  所以你就知道我對名牌不太瞭解。
[00:07:40.720 --> 00:07:43.000]  Gucci
[00:07:43.000 --> 00:07:53.160]  她替Gucci這一類的名牌的包包做時裝的模特兒。
[00:07:53.160 --> 00:08:03.280]  其實想到她的家庭,我們不是在看笑話,
[00:08:03.280 --> 00:08:06.800]  我們是覺得真的是蠻難過的。
[00:08:08.160 --> 00:08:13.320]  其實我進一步瞭解,我發現說她的老爸也是一個很糟糕的老爸。
[00:08:13.320 --> 00:08:23.440]  好像變成是一代一代地在把這樣子的一個好像咒詛一樣。
[00:08:23.440 --> 00:08:26.160]  親愛的幼子們,
[00:08:26.160 --> 00:08:31.440]  今天我們在這裏慶祝父親節,
[00:08:33.160 --> 00:08:38.160]  那我們看看,神要我們做什麼樣子的一個父親呢?
[00:08:38.160 --> 00:08:44.200]  聖經裏面哪一個父親你認爲是模範父親的?
[00:08:44.200 --> 00:08:47.400]  有沒有想過?
[00:08:47.400 --> 00:08:49.560]  哪一個?
[00:08:49.560 --> 00:09:01.080]  好,我們今天讀的這個經文,我們來看,
[00:09:01.680 --> 00:09:03.320]  我們再來讀好不好?來,預備,請。
[00:09:03.320 --> 00:09:09.600]  亞伯拉罕所信的是那叫使人復活,使無變爲有的神,
[00:09:09.600 --> 00:09:13.120]  他在主面前做我們世人的父,
[00:09:13.120 --> 00:09:18.440]  如經上所記,我已經立你做多國的父。
[00:09:18.440 --> 00:09:27.320]  在這裏他說亞伯拉罕在主面前做我們世人的父,
[00:09:28.720 --> 00:09:32.280]  後面又提到說他是多國之父,
[00:09:32.280 --> 00:09:42.320]  所以亞伯拉罕他不僅僅是他自己這一個家族的父親,
[00:09:42.320 --> 00:09:44.880]  他也不僅僅是以色列的父親,
[00:09:44.880 --> 00:09:53.120]  他這裏說他作爲歷世歷代,他作爲我們的父親。
[00:09:55.000 --> 00:10:06.040]  今天要跟大家用亞伯拉罕來作爲我們今天要學習的模範的父親。
[00:10:06.040 --> 00:10:09.160]  亞伯拉罕是一個什麼樣子的父親呢?
[00:10:09.160 --> 00:10:12.520]  第一個,亞伯拉罕是一個竹壇的父親。
[00:10:12.520 --> 00:10:14.200]  我們一起來讀這段聖經,
[00:10:14.200 --> 00:10:21.560]  我們讀下面的那一節,來,預備,請。
[00:10:25.040 --> 00:10:27.920]  來到西部人曼利的橡樹那裏居住,
[00:10:27.920 --> 00:10:32.320]  在那裏爲耶和華竹了一座壇。
[00:10:32.320 --> 00:10:43.680]  聖經當中記載亞伯拉罕一生當中有四次竹壇,
[00:10:43.680 --> 00:10:48.040]  從他一開始蒙昭,
[00:10:48.040 --> 00:10:53.160]  他一路一路一直到最後他陷以上,
[00:10:54.680 --> 00:10:58.720]  每一次在這些重要的關口的時候,他都竹壇。
[00:10:58.720 --> 00:11:02.960]  現在我們準備竹壇是什麼意思呢?
[00:11:02.960 --> 00:11:07.680]  竹壇代表着與神的關係,
[00:11:07.680 --> 00:11:12.080]  竹壇代表着禱告、敬拜、親近神。
[00:11:12.080 --> 00:11:16.960]  所以亞伯拉罕是一個竹壇的父親,
[00:11:16.960 --> 00:11:20.000]  他無論到哪個地方,
[00:11:20.000 --> 00:11:22.040]  他第一件事情一定下來,
[00:11:22.040 --> 00:11:24.880]  他第一做這件事情是什麼?就是竹壇。
[00:11:24.880 --> 00:11:27.920]  親愛的同志們,
[00:11:27.920 --> 00:11:33.720]  亞伯拉罕沒有說今天到任何的地方去買房地產,
[00:11:33.720 --> 00:11:38.520]  就好像溫州的商人一樣,
[00:11:38.520 --> 00:11:42.240]  啊,一到一個地方買啊,炒房啊。
[00:11:42.240 --> 00:11:47.800]  我們做父親的,我們做父母親的,
[00:11:47.800 --> 00:11:51.160]  很多時候有能力的話,
[00:11:51.160 --> 00:11:57.560]  我們都想要替孩子能夠多喫一點東西,是不是?
[00:11:57.560 --> 00:11:59.000]  最好呢,
[00:11:59.000 --> 00:12:06.360]  以前我記得我在年輕讀書的時候,
[00:12:06.360 --> 00:12:08.600]  我一個同學,
[00:12:08.600 --> 00:12:16.320]  他的父親給他們每一個孩子都預備了一棟房子。
[00:12:16.320 --> 00:12:23.040]  哇,40年前的臺灣哦!
[00:12:23.040 --> 00:12:27.400]  我們當時覺得好像,哇,真的,這個父親太好了!
[00:12:27.400 --> 00:12:30.640]  但是親愛的同志們,
[00:12:30.640 --> 00:12:35.600]  我們是不是到處想要怎麼樣子給兒女
[00:12:35.600 --> 00:12:40.840]  存留更多的經濟上面、物質上面的幫助?
[00:12:40.840 --> 00:12:42.400]  但是我們有沒有想過,
[00:12:42.400 --> 00:12:50.200]  其實更寶貴的是我們怎麼樣子來建立孩子,
[00:12:50.200 --> 00:12:52.680]  把那個屬靈的傳承,
[00:12:52.680 --> 00:12:57.760]  把他跟神的關係,這是最重要的。
[00:12:57.760 --> 00:13:02.720]  所以亞伯拉罕無論到哪個地方去,他都足談。
[00:13:02.720 --> 00:13:08.920]  做父親的是家中的屬靈的祭祀,
[00:13:08.920 --> 00:13:12.560]  祭祀是要獻祭的,對不對?
[00:13:12.560 --> 00:13:16.120]  所以每一個做父親的,
[00:13:16.120 --> 00:13:19.000]  在家中有一個很重要的責任,
[00:13:19.000 --> 00:13:23.400]  就是要帶領全家一起來敬拜神,
[00:13:23.400 --> 00:13:25.400]  一起來親近神。
[00:13:25.400 --> 00:13:27.680]  我們看見在聖經上當中,
[00:13:27.680 --> 00:13:33.800]  有一個成爲我們的榜樣的是誰呢?
[00:13:33.800 --> 00:13:35.720]  約伯。
[00:13:35.720 --> 00:13:39.040]  我們一起來讀約伯記第一章第五節,一起來,
[00:13:39.040 --> 00:13:40.360]  預備,請。
[00:13:40.360 --> 00:13:42.480]  豔豔的日子過了,
[00:13:42.480 --> 00:13:45.560]  約伯打發人去叫他們自結,
[00:13:45.560 --> 00:13:51.160]  他清早起來,按着他們衆人的數目獻番祭,
[00:13:51.160 --> 00:14:00.200]  因爲他說,
[00:14:00.200 --> 00:14:03.400]  他說按着他們衆人的數目,
[00:14:03.400 --> 00:14:06.080]  這個衆人就指他的子女,
[00:14:06.080 --> 00:14:08.440]  按着他們衆人的數目獻番祭,
[00:14:08.440 --> 00:14:12.960]  獻番祭代表的就是他天天的,
[00:14:12.960 --> 00:14:14.840]  他每一天早上起來,
[00:14:14.840 --> 00:14:18.640]  他爲他的兒女們禱告,
[00:14:18.640 --> 00:14:22.440]  他下面說,恐怕我兒女犯了罪,
[00:14:22.440 --> 00:14:25.120]  心中離棄神。
[00:14:25.120 --> 00:14:27.320]  我覺得今天我們這個世代,
[00:14:27.320 --> 00:14:28.920]  我們更需要這樣子的禱告,
[00:14:28.920 --> 00:14:32.320]  是嗎?做父母親的。
[00:14:32.320 --> 00:14:34.800]  我們不知道孩子去了學校,
[00:14:34.800 --> 00:14:37.400]  或者他看手機或者上網,
[00:14:37.400 --> 00:14:39.880]  他會看到什麼,他會受到什麼影響?
[00:14:39.880 --> 00:14:44.160]  今天這個世代已經比亞伯拉罕那個時代,
[00:14:44.160 --> 00:14:47.120]  比約伯那個時代更是厲害,
[00:14:47.120 --> 00:14:49.040]  罪惡無孔不入,
[00:14:49.040 --> 00:14:50.720]  你根本不需要走出門來,
[00:14:50.720 --> 00:14:52.560]  坐在家裏面,手機一上去,
[00:14:52.560 --> 00:14:55.840]  罪惡就可以進入他的思想。
[00:14:55.840 --> 00:14:58.840]  所以約伯在那個時代,
[00:14:58.840 --> 00:15:03.320]  他每一天早上都需要起來禱告,
[00:15:03.320 --> 00:15:05.840]  他不是隻是爲自己禱告,
[00:15:05.840 --> 00:15:10.840]  他也爲着兒女們天天在神的面前禱告。
[00:15:10.840 --> 00:15:17.320]  我記得我們三個女兒還小的時候,
[00:15:17.320 --> 00:15:27.080]  那時候我們在前一個教會、幕會,
[00:15:27.080 --> 00:15:32.680]  最小的安娜是兩歲。
[00:15:32.680 --> 00:15:42.960]  兩歲、四歲、六歲,大概是這個年紀。
[00:15:42.960 --> 00:15:50.040]  我們這裏大概很多喜樂的夫妻、孩子都差不多這樣年紀。
[00:15:50.040 --> 00:15:53.640]  這個年紀真是太多事情,是不是?
[00:15:53.640 --> 00:15:56.680]  我們雙方也沒有父母親,也沒有祖父母,
[00:15:56.680 --> 00:15:59.680]  什麼都沒有,我們就是我們夫妻兩個人。
[00:15:59.680 --> 00:16:06.360]  所以你說,如果師母一個人搞三個,搞得來嗎?
[00:16:06.360 --> 00:16:08.760]  搞不來怎麼辦?
[00:16:08.760 --> 00:16:11.560]  搞得來啊!
[00:16:11.560 --> 00:16:20.120]  你看師母不講道,她得到的支持最多。
[00:16:20.120 --> 00:16:25.360]  但是我的女兒可以做見證。
[00:16:25.360 --> 00:16:32.840]  我在這種情況之下,
[00:16:32.840 --> 00:16:39.960]  又要幕會,教會很多的一些事工。
[00:16:39.960 --> 00:16:47.360]  晚上要出去探訪、禱告會、聚會。
[00:16:47.360 --> 00:16:50.320]  可是你知道嗎?
[00:16:50.320 --> 00:16:54.200]  當時候教會沒有禱禱會。
[00:16:54.200 --> 00:16:57.400]  我們從臺灣背景來說,
[00:16:57.400 --> 00:17:02.520]  早上沒有禱告會,這是很奇怪的。
[00:17:02.520 --> 00:17:08.760]  所以後來我就想說,要怎麼樣開始成島?
[00:17:08.760 --> 00:17:13.080]  因爲小孩子小,所以也需要照顧。
[00:17:13.080 --> 00:17:17.800]  所以後來我們就決定說,就從我們自己家開始。
[00:17:17.800 --> 00:17:24.520]  每天早上七點鐘有一場,然後八點鐘有一場。
[00:17:24.520 --> 00:17:29.600]  兩場禱告會,成島會在我們家。
[00:17:29.600 --> 00:17:34.440]  那麼七點鐘不到,我們預備等等這些,
[00:17:34.440 --> 00:17:39.480]  弟兄姊妹來了,成島完了之後,他們還喫點早餐,
[00:17:39.480 --> 00:17:42.360]  完了之後走了,去上班了,去什麼樣子的。
[00:17:42.360 --> 00:17:44.680]  接着八點又來一批,
[00:17:44.680 --> 00:17:47.520]  這樣子一直搞到差不多要九點鐘。
[00:17:47.520 --> 00:17:52.000]  每天早上九點以前,我們的家全都是人。
[00:17:52.000 --> 00:17:55.240]  所以那一段時間,三個孩子他們長大的時候,
[00:17:55.240 --> 00:18:01.520]  眼睛一睜開,家裏面都是人。
[00:18:01.520 --> 00:18:10.760]  親愛的同志們,是不是傳道人就應該如此呢?
[00:18:10.760 --> 00:18:13.720]  教會沒有要求我們。
[00:18:13.720 --> 00:18:24.760]  但是我相信這個對他們以後一生,
[00:18:24.760 --> 00:18:29.680]  這是我們希望留給他們的一個屬靈的產業。
[00:18:29.680 --> 00:18:37.560]  讓他們看見跟神的關係是最重要的一件事情。
[00:18:37.560 --> 00:18:41.280]  你做父母親的你躲不了,你也隱藏不了。
[00:18:41.280 --> 00:18:44.200]  孩子知道你是什麼樣子的。
[00:18:44.200 --> 00:18:47.120]  你可以在教會里面服侍很多,
[00:18:47.120 --> 00:18:51.920]  但是你在家中,可能根本你跟神沒有什麼關係。
[00:18:51.920 --> 00:18:54.560]  每一天的daily life如何呢?
[00:18:54.560 --> 00:18:57.160]  那個東西騙不了人的。
[00:18:57.160 --> 00:19:00.640]  所以做父母親的,不單單是做父親的你要起來,
[00:19:00.640 --> 00:19:05.200]  我知道我們當中有一些可能先生不在,
[00:19:05.200 --> 00:19:07.840]  或者是長期是absent father,
[00:19:07.840 --> 00:19:12.160]  那你做母親的你就起來扮演這個角色。
[00:19:12.160 --> 00:19:16.640]  總之家中要人起來,做父母親的做祖父母要人起來,
[00:19:16.640 --> 00:19:21.000]  來帶領這個家,使這個家建立一個跟神的關係,
[00:19:21.000 --> 00:19:22.640]  這是非常重要的事情。
[00:19:22.640 --> 00:19:28.720]  跟你旁邊說這是很重要的事情。
[00:19:28.720 --> 00:19:33.600]  講得有點好像不太重要的感覺。
[00:19:33.600 --> 00:19:36.520]  雖然你可能你覺得你自己都做不到,
[00:19:36.520 --> 00:19:38.680]  但是親愛的兄弟姐妹,沒有關係,
[00:19:38.680 --> 00:19:40.760]  我一開始也做不到的,
[00:19:40.760 --> 00:19:45.400]  我也是掙扎慢慢慢慢的一步一步的才建立這個習慣。
[00:19:45.400 --> 00:19:48.280]  你建立起這一個每一天跟神的關係,
[00:19:48.280 --> 00:19:50.760]  你建立每一天有好的靈脩生活,
[00:19:50.760 --> 00:19:54.360]  你纔可以去影響你的下一代,是吧?
[00:19:54.360 --> 00:19:55.200]  對不對?
[00:19:55.200 --> 00:19:59.360]  如果一個父母親他自己跟神每一天親近的時候,
[00:19:59.360 --> 00:20:02.360]  他就會知道這一個太重要的,
[00:20:02.360 --> 00:20:06.240]  怎麼樣子能夠pass on給他自己的孩子。
[00:20:06.240 --> 00:20:12.280]  所以,鼓勵我們當中做父母親的,
[00:20:12.280 --> 00:20:16.920]  特別是做父親的,要做一個足壇的父親,好嗎?
[00:20:16.920 --> 00:20:25.560]  你旁邊如果是弟兄的話,跟他說你要做一個足壇的父親。
[00:20:25.560 --> 00:20:40.440]  第二個,亞伯拉罕他也是一個帶領的父親。
[00:20:40.440 --> 00:20:49.160]  我們來看看,在《創世紀》第二十二章的時候,
[00:20:49.160 --> 00:20:58.080]  這時候是亞伯拉罕上帝要他把以薩奉獻給獻祭,對不對?
[00:20:58.080 --> 00:21:01.080]  那我請問大家,你們都知道亞伯拉罕的故事,
[00:21:01.080 --> 00:21:09.520]  以薩是亞伯拉罕他年老的時候上帝應許他給他生的孩子,對不對?
[00:21:09.520 --> 00:21:15.640]  上帝給他,這個以薩應許給他,
[00:21:15.640 --> 00:21:19.280]  這個孩子已經是這麼樣不容易得到了。
[00:21:19.280 --> 00:21:23.240]  請問上帝有一天,假設是你的話,上帝跟你說,
[00:21:23.240 --> 00:21:30.320]  把你的兒子放到祭壇上面,放祭壇上面是什麼意思?
[00:21:30.320 --> 00:21:34.320]  要殺掉他的,要作爲祭屋的。
[00:21:34.320 --> 00:21:38.760]  請問對亞伯拉罕來講,容不容易?
[00:21:38.760 --> 00:21:40.160]  不容易啊,是不是?
[00:21:40.160 --> 00:21:47.360]  好,那你看看,這個以薩呢,這個孩子我們來看看他,
[00:21:47.360 --> 00:21:53.120]  他那一天對亞伯拉罕他發出了一個問題,
[00:21:53.120 --> 00:22:02.720]  他說父親啊,請看,火與財都有了,
[00:22:02.720 --> 00:22:08.680]  但番祭的羊羔在哪裏呢?
[00:22:08.680 --> 00:22:14.200]  以薩問了這個問題之後,這個孩子很單純的,
[00:22:14.200 --> 00:22:16.960]  他不知道他就是那個祭屋,是不是?
[00:22:16.960 --> 00:22:20.000]  他就問說羊羔在哪裏呢?
[00:22:20.000 --> 00:22:28.720]  你做父親的你怎麼回答,如果是你的話你會怎麼回答?
[00:22:28.720 --> 00:22:34.440]  不容易啊,結果亞伯拉罕就回答了這句話,
[00:22:34.440 --> 00:22:42.640]  他說我兒神必自己預備做番祭的羊羔,
[00:22:42.640 --> 00:22:49.400]  亞伯拉罕說神必自己預備做番祭的羊羔,
[00:22:49.400 --> 00:22:59.880]  這句話彷彿是亞伯拉罕從信心裏面講出來的這麼一句話,
[00:22:59.880 --> 00:23:08.800]  所以這一個做父親的,他也是一個信靠神的父親,
[00:23:08.800 --> 00:23:15.000]  所以當他的孩子在人生當中發出這樣子的問題,
[00:23:15.000 --> 00:23:20.880]  有很多時候當孩子們在問我們說這些人生的一些各式各樣的,
[00:23:20.880 --> 00:23:26.560]  將來我應該去讀什麼啊,我讀哪一個科系啊,
[00:23:26.560 --> 00:23:31.040]  我上哪個學校啦或者是這些的問題的時候,
[00:23:31.040 --> 00:23:41.280]  親愛的同志們,你做父親的你會如何回答呢?
[00:23:41.280 --> 00:23:47.520]  亞伯拉罕他是一個信靠神的父親,
[00:23:47.520 --> 00:23:54.920]  所以他說神必自己預備,神必自己預備,
[00:23:54.920 --> 00:23:58.240]  後面接着就講出了一句話,
[00:23:58.240 --> 00:24:03.920]  結果後面發生什麼事情?
[00:24:03.920 --> 00:24:06.320]  當亞伯拉罕講了這句話之後,
[00:24:06.320 --> 00:24:13.840]  結果有一隻羊羔小被樹纏住了,
[00:24:13.840 --> 00:24:24.200]  所以那個羊羔就代替了伊薩,
[00:24:24.200 --> 00:24:29.800]  所以後來就稱那個地方叫做耶和華以勒,
[00:24:29.800 --> 00:24:35.400]  意思就是耶和華必預備。
[00:24:35.400 --> 00:24:41.720]  親愛的同志們,你相信耶和華以勒嗎?
[00:24:41.720 --> 00:24:43.640]  可能你在擔心,
[00:24:43.640 --> 00:24:56.320]  不曉得你將來你的孩子他到底在這個環境這麼惡劣的情況之下,
[00:24:56.320 --> 00:24:59.400]  他能不能夠找到好的工作?
[00:24:59.400 --> 00:25:03.720]  甚至現在的孩子,我們有時候會擔心他,
[00:25:03.720 --> 00:25:08.480]  他能不能夠買個房啊?
[00:25:08.480 --> 00:25:17.080]  親愛的同志們,你相不相信上帝會預備?
[00:25:17.080 --> 00:25:21.720]  耶和華以勒的神是不是也是你的神呢?
[00:25:21.720 --> 00:25:25.120]  戴德森,我們都很認識他,
[00:25:25.120 --> 00:25:28.480]  這個內地會的創辦人,
[00:25:28.480 --> 00:25:32.520]  在戴德森他的臨坡辦公室,
[00:25:32.520 --> 00:25:35.120]  還有他自己的家中,
[00:25:35.120 --> 00:25:38.120]  他貼着兩副的對聯,
[00:25:38.120 --> 00:25:41.960]  一邊是以便以謝,
[00:25:41.960 --> 00:25:44.440]  這個是他用的另外一個文號,
[00:25:44.440 --> 00:25:46.760]  就是以便以謝的意思,
[00:25:46.760 --> 00:25:50.480]  另外一邊是耶和華以勒。
[00:25:50.480 --> 00:25:56.120]  以便以謝是什麼意思?
[00:25:56.120 --> 00:26:02.600]  以便以謝就是到如今耶和華都幫助我們。
[00:26:02.600 --> 00:26:07.000]  那耶和華以勒剛纔我們講什麼意思?
[00:26:07.000 --> 00:26:09.680]  神必預備,是不是?
[00:26:09.680 --> 00:26:15.360]  所以戴德森他整個一生的宣教,
[00:26:15.360 --> 00:26:19.400]  這兩句話成爲他的座右銘,
[00:26:19.400 --> 00:26:22.840]  因爲神過去一直到如今,
[00:26:22.840 --> 00:26:24.680]  他都幫助我們,
[00:26:24.680 --> 00:26:30.480]  所以我相信神一定會供應我們一切的需要,
[00:26:30.480 --> 00:26:35.080]  這是他放這兩副對聯的目的。
[00:26:35.080 --> 00:26:37.360]  你知道嗎?
[00:26:37.360 --> 00:26:42.400]  這個戴德森家族不僅僅是戴德森如此,
[00:26:42.400 --> 00:26:52.200]  而且他自己親身的也經歷這樣子的一個對神的信靠所帶來的經歷。
[00:26:52.200 --> 00:26:58.640]  有一次戴德森在倫敦預備要前往中國宣教的時候,
[00:26:58.640 --> 00:27:02.360]  有一次他的口袋裏面只剩下最後的,
[00:27:02.360 --> 00:27:06.120]  他全身只剩下,可以說他全部的家當,
[00:27:06.120 --> 00:27:12.600]  只剩下一個五仙令的硬幣。
[00:27:12.600 --> 00:27:16.360]  可是當天晚上他去探望一個非常貧困,
[00:27:16.360 --> 00:27:21.600]  一個太太在重病的一個平民家庭,
[00:27:21.600 --> 00:27:24.720]  當他爲他們禱告的時候,
[00:27:24.720 --> 00:27:27.160]  聖靈就感動他,
[00:27:27.160 --> 00:27:32.880]  要把他身上剩下的這隻有這五塊錢,五仙令,
[00:27:32.880 --> 00:27:38.400]  要把它奉獻給這一對家庭。
[00:27:38.400 --> 00:27:43.680]  哇!他心裏面很真假,這是他全部的家當啊!
[00:27:43.680 --> 00:27:46.520]  但是聖靈在裏面很強烈地感動,
[00:27:46.520 --> 00:27:50.560]  最後他就順服把這個錢就奉獻了給這個家庭。
[00:27:50.560 --> 00:27:53.720]  你知道嗎?第二天的清晨,
[00:27:53.720 --> 00:27:56.720]  他就收到了一封利民信,
[00:27:56.720 --> 00:28:07.680]  裏面就有一筆足足是他奉獻的大概幾倍的金額。
[00:28:07.680 --> 00:28:10.080]  所以從那一次的經歷之後,
[00:28:10.080 --> 00:28:16.680]  他就相信上帝絕對負責他所差派之人的需要。
[00:28:16.680 --> 00:28:20.920]  因此戴德森就講了一句話,
[00:28:20.920 --> 00:28:24.600]  可以說是一句在整個中國的內地會,
[00:28:24.600 --> 00:28:28.880]  後來的服飾當中,大家一直遵守的一個原則是什麼呢?
[00:28:28.880 --> 00:28:32.040]  用神的方法做神的工作,
[00:28:32.040 --> 00:28:37.040]  斷然不會缺乏神的供應。
[00:28:37.040 --> 00:28:41.320]  Amen?
[00:28:41.320 --> 00:28:49.600]  親愛的兄弟姐妹,戴德森的神是你的神嗎?
[00:28:49.600 --> 00:28:51.400]  是嗎?
[00:28:51.400 --> 00:28:57.480]  戴德森所經歷的神蹟、耶和華以的必供應,
[00:28:57.480 --> 00:29:02.040]  它也可能發生在你身上嗎?
[00:29:02.040 --> 00:29:06.600]  我只聽到有一個人說是。
[00:29:06.600 --> 00:29:08.440]  或者你不覺得需要,
[00:29:08.440 --> 00:29:14.000]  因爲我退休金都足夠我下半輩子了。
[00:29:14.000 --> 00:29:16.600]  我覺得我們在南灣,
[00:29:16.600 --> 00:29:18.480]  我不能講說所有的人,
[00:29:18.480 --> 00:29:23.480]  我覺得我們在南灣可能很多人會有一個問題,
[00:29:23.480 --> 00:29:28.840]  就是我們不太需要去經歷神的供應。
[00:29:28.840 --> 00:29:31.960]  因爲我幹嘛需要神的供應呀?
[00:29:31.960 --> 00:29:34.760]  我如果我的經濟能力都很好,
[00:29:34.760 --> 00:29:38.480]  我幹嘛需要禱告上帝你供應我,你懂我意思嗎?
[00:29:38.480 --> 00:29:43.360]  所以永遠我們聽到的見證都是宣教士的見證、傳道人的見證,
[00:29:43.360 --> 00:29:46.400]  好像我們自己覺得那不是我。
[00:29:46.400 --> 00:29:48.720]  我甚至有聽到有時候有些弟兄子會說,
[00:29:48.720 --> 00:29:52.400]  哎呀,因爲你們是傳道人嘛。
[00:29:52.400 --> 00:30:00.560]  好像傳道人的神跟我們基督徒一般信徒的神不一樣哦,是嗎?
[00:30:00.560 --> 00:30:05.240]  耶和華以樂是上帝跟亞伯拉罕說的,
[00:30:05.240 --> 00:30:09.400]  還是上帝跟你說的、跟我說的?
[00:30:09.400 --> 00:30:12.520]  所有人說的,你相信嗎?
[00:30:12.520 --> 00:30:14.120]  你相信嗎?
[00:30:14.120 --> 00:30:20.800]  你相信的跟你旁邊說,阿們!
[00:30:20.800 --> 00:30:26.240]  好了,那你說,啊,牧師啊,道理我都懂啊。
[00:30:26.240 --> 00:30:28.320]  你要去經歷,
[00:30:28.320 --> 00:30:29.680]  你要去經歷,
[00:30:29.680 --> 00:30:36.600]  不一定是金錢上面的,各式各樣的,各式各樣的。
[00:30:36.600 --> 00:30:40.440]  讓你的孩子從你做父母親的身上,
[00:30:40.440 --> 00:30:45.080]  來經歷他是這位信使的神,阿們!
[00:30:45.080 --> 00:30:54.320]  好,接着我們看第三個,
[00:30:54.320 --> 00:31:01.200]  亞伯拉罕他也是一個放手的父親,怎麼講?
[00:31:01.200 --> 00:31:05.480]  剛纔講出來《創世紀》22章第9節到第10節,
[00:31:05.480 --> 00:31:10.880]  他講完了耶和華以樂,上帝必有預備,是不是?
[00:31:10.880 --> 00:31:15.680]  好了,其實當他講這句話的時候,
[00:31:15.680 --> 00:31:22.560]  他是不是知道上帝會用一隻羊羔來代替他?
[00:31:22.560 --> 00:31:27.400]  不知道,他如果知道就不會有這一個圖片出現了。
[00:31:27.400 --> 00:31:30.440]  他不知道,他講完之後兩個人繼續同行,
[00:31:30.440 --> 00:31:38.160]  然後到了祭壇的地方之後,他就把以撒放上去。
[00:31:38.160 --> 00:31:42.160]  你要記得那時候他已經不是一個baby了,
[00:31:42.160 --> 00:31:45.680]  這是一個童子了。
[00:31:45.680 --> 00:31:49.800]  好了,他把他綁起來。
[00:31:49.800 --> 00:31:52.720]  我在想,大家都是在講亞伯拉罕,
[00:31:52.720 --> 00:31:54.440]  但是我也在想,
[00:31:54.440 --> 00:32:04.280]  你看這個孩子,如果是你的話,你幹嗎?
[00:32:04.280 --> 00:32:08.040]  想盡辦法,就算不是跟爸爸打架,
[00:32:08.040 --> 00:32:11.960]  你也會要跳下來,趕快跑,對不對?
[00:32:11.960 --> 00:32:15.080]  這個孩子乖乖的怎麼樣?
[00:32:15.080 --> 00:32:17.760]  就父親把他綁在上面。
[00:32:17.760 --> 00:32:23.600]  當亞伯拉罕正拿起刀來準備把他的孩子要殺的時候呢?
[00:32:23.600 --> 00:32:25.720]  結果怎麼樣?
[00:32:25.720 --> 00:32:28.360]  天使攔住他。
[00:32:28.360 --> 00:32:32.000]  所以後來纔有那個羊羔的事情。
[00:32:32.000 --> 00:32:36.600]  親愛的同志們,我們看這個故事的時候,
[00:32:36.600 --> 00:32:42.160]  我們看見這件事情,亞伯拉罕,
[00:32:42.160 --> 00:32:46.640]  他要把自己最心愛的以撒奉獻出去的時候,
[00:32:46.640 --> 00:32:52.240]  你自己想想看,這是你老年所得的子,
[00:32:52.240 --> 00:32:55.640]  這是上帝曾經應許要給你的孩子。
[00:32:55.640 --> 00:32:59.520]  然後你可以有太多的理由跟上帝爭論,
[00:32:59.520 --> 00:33:03.080]  上帝呀,doesn't make sense。
[00:33:03.080 --> 00:33:09.520]  你既然應許給了我,你爲什麼還要我把他收回去呢,是不是?
[00:33:09.520 --> 00:33:15.400]  但是亞伯拉罕沒有,亞伯拉罕順服。
[00:33:15.400 --> 00:33:22.160]  亞伯拉罕順服,他學習把他自己的孩子放手,
[00:33:22.160 --> 00:33:25.760]  交託給主。
[00:33:25.760 --> 00:33:31.600]  放手這一個用詞是今天在我們談到家庭,
[00:33:31.600 --> 00:33:38.000]  所謂的親子教育當中常常用到的一句話,是不是?
[00:33:38.000 --> 00:33:42.920]  我們中國父母親最難放手了。
[00:33:42.920 --> 00:34:01.720]  根據曾經有人對美、日、韓、中這四個國家的高中生的父母做了一個調查。
[00:34:01.720 --> 00:34:26.680]  那麼在左邊的這個調查出來的結果,他們就說,做中國的父母親是在這四個國家當中最低的,也就是說最難放手的。
[00:34:26.680 --> 00:34:43.600]  做父親的大概是64.7%,他們會把中國父母親,這邊是講把孩子當成成年人來看待的,這個比例是在四個國家當中最低。
[00:34:43.600 --> 00:34:54.400]  那麼母親是隻有50.7%,所以表明什麼?母親更難放手,中國的母親更難放手。
[00:34:54.400 --> 00:35:04.080]  好,那另外右邊這一個圖,這是中國大陸自己他們在做的一個survey。
[00:35:04.080 --> 00:35:22.640]  那麼他們做的這個調查裏面,結果顯示說,高達94.6%的受訪者認爲中國家長對孩子大包大攬。
[00:35:22.640 --> 00:35:29.040]  聽懂了嗎?大包大攬是什麼意思?就是事事帶勞,不願放手。
[00:35:29.040 --> 00:35:34.440]  他說這個現象是非常的普遍,也就是說接受訪問的人他們都說,
[00:35:34.440 --> 00:35:52.320]  95%的人都說這些中國父母親幫孩子代辦一切,做的一切所做的事情大包大攬,這種現象非常的普遍。
[00:35:52.320 --> 00:36:04.240]  甚至到一個地步,父母親包辦到最後,小孩子的婚姻他也要包辦。
[00:36:04.240 --> 00:36:15.560]  在上海的人民公園去過嗎?有一個相親角,給大家看看。
[00:36:15.560 --> 00:36:28.560]  我看了一個視頻,那個人他說他進去上海人民公園相親角走一圈,他說他估計肯定有兩三百號人。
[00:36:28.560 --> 00:36:36.560]  全都是這些爸爸媽媽在那邊拿着自己的兒子女兒相親的資料。
[00:36:36.560 --> 00:36:45.560]  這邊有個經典的上海上進女生,94年戶籍,身高1.66米,身材佳,美國私立大學本科,
[00:36:45.560 --> 00:37:04.560]  現就職外企知名公司數據分析師,愛好健身,瑜伽,聽音樂,父親是德企銷售總監,母親退休,尋覓男生28到38歲,1.72米以上,本科以上,北美加拿大留學更佳。
[00:37:04.560 --> 00:37:21.560]  家庭和睦,上海有房,家長微信,非誠勿擾。
[00:37:21.560 --> 00:37:38.560]  上海人民公園有相親角,北京中山公園也有相親角,廣州全中國的這些城市的公園都有這麼一個相親角。
[00:37:38.560 --> 00:37:52.560]  所以有一些老外到上海,到北京去,他還專門跑去這個相親角當作旅遊點去看。
[00:37:52.560 --> 00:38:00.560]  這實在是一個很特別的現象。
[00:38:00.560 --> 00:38:22.560]  你不要笑他,像劉子梅,你會不會對自己的兒女也是把他抓在手中不想放掉,擔心他,怕他不安全,是吧,是不是,會不會?
[00:38:22.560 --> 00:38:42.560]  我覺得我們都會,我也會,你不會,感謝讚美組,統統交給組了,你要不然就是統統交給組,要不然就是不管他了,這個孩子太壞,不要管他了,不是。
[00:38:42.560 --> 00:39:01.560]  我們需要學習放手,放手需要學習,兒女是神所賜的產業,我們需要學習用禱告把他們交託放在神的手中。
[00:39:01.560 --> 00:39:13.560]  我們放手,讓神接手,我們不放手,神很難接手,兒女也很難成長的。
[00:39:13.560 --> 00:39:38.560]  你聽過媽寶嗎,有沒有,媽寶是怎麼樣,去讀大學了,家裏面爸爸媽媽,祖父祖母,外祖父外祖母,全家出動去幫他打理一切,有沒有,這在中國是很普遍的現象。
[00:39:38.560 --> 00:39:54.560]  我們這邊大概不可能有六個人,但是父母親也是一樣幫忙上大學去幫他打理一切,有沒有,有沒有,有沒有。
[00:39:54.560 --> 00:40:16.560]  不曉得是他們幸福呢,還是我們這一代,我想想看我們成長過程當中,去讀大學,考大學,讀書,什麼都沒有,父母親也管不了,六個孩子你還叫他管多少呢。
[00:40:16.560 --> 00:40:42.560]  可是往往就是在這種環境當中,我是我們家中老妖,只要我長大,我需要裝勁自強,處變不羈,我需要自力更生,我不自力更生,我就沒有辦法活了,自然就養成了一個從小就要獨立。
[00:40:42.560 --> 00:40:56.560]  當然我們今天講這個東西,跟你下一代講,你千萬不要跟他講這些東西,講這些東西他會怎麼說,他會告訴你時代不一樣了,你不要跟我講那些。
[00:40:56.560 --> 00:41:08.560]  但其他東西有什麼,屬靈的原則不會改變,有沒有,我們需要學習像亞伯拉罕一樣,我們需要學習把我們的孩子交託在主的手中,
[00:41:08.560 --> 00:41:24.560]  我們需要按照聖經的原則帶領他們,我們也需要從聖經的角度來操練他們,預備他們,讓他們能夠長大成人,滿有基督長成的神量。
[00:41:24.560 --> 00:41:51.560]  作爲父母親的,請記得一件事情,你的兒女不是你的產業,他是神所賜給你的,你只是管家,所以你需要做一個忠心的管家,最後你所做的這一切,你忠心地去做,那麼神就負責他一切。
[00:41:51.560 --> 00:42:20.560]  我記得今年的一月,我大女兒跟女婿,他們就搬到休斯頓去參加他們在聖地亞哥的教會,一個年輕的教會的牧師,他們有負擔要到休斯頓開拓教會。
[00:42:20.560 --> 00:42:44.560]  那這個事情其實是在去年的,應該講是前年的年底就已經開始了,那麼首先是我的女婿,他有負擔想要跟着教會的牧師去支堂,所以他就跟我女兒分享。
[00:42:44.560 --> 00:43:08.560]  那跟我女兒分享的時候,他們還不知道女兒懷孕,等到去年的時候,就是他們女婿跟女兒分享完了之後,結果隔了一段時間,發現說原來女兒懷孕了。
[00:43:08.560 --> 00:43:29.560]  這時候他們心中很掙扎,因爲想到去年的七月,教會就準備要全部支堂的人都要出去了,所以教會已經在分享異象,牧師也是在這邊傳遞異象,呼召如果有大家願意要跟着他一起搬去的人跟他一起了。
[00:43:29.560 --> 00:43:39.560]  所以當那個時候他知道自己懷孕的時候,其實女兒也很掙扎,連女婿聽了之後也很掙扎。
[00:43:39.560 --> 00:44:06.560]  因爲心想說,你先看算算,那時候大概預產期是九月,所以七月要去支堂。那我請問你,他是怎麼樣去?就等於是大概七八月的時候,就要搬過去了。
[00:44:06.560 --> 00:44:09.560]  所以就覺得說,哎呀,這個其實蠻掙扎的。
[00:44:09.560 --> 00:44:20.560]  事實上他們在San Diego那個地方也纔剛結婚兩年,也剛在那邊settle down,教會了,生活,各方面都是。
[00:44:20.560 --> 00:44:33.560]  可是我今天早上還跟我女兒在電話裏面視頻當中在問他,我本來想說叫他錄一下來,他就叫我自己講了。
[00:44:33.560 --> 00:44:42.560]  他就說其實當他知道自己懷孕,然後就在考慮要不要去支堂的時候,
[00:44:42.560 --> 00:44:57.560]  他說有一次他們聽到有他們前面的一個支堂的一些弟兄姐妹們分享他們的見證,神怎麼樣帶領他們,他心裏面很感動。
[00:44:57.560 --> 00:45:07.560]  那加上那時候他又在教會參加了一個課程叫做不再一樣,英文就叫做Experiencing God,
[00:45:07.560 --> 00:45:20.560]  那個課程就是在教你學習說,在你每一天的生活當中你要去留意,神可以透過聖經,透過環境,透過聖靈微小的聲音,
[00:45:20.560 --> 00:45:27.560]  你要去發現神他怎麼樣來引導你。所以他上了那個課的時候他就開始操練,
[00:45:27.560 --> 00:45:47.560]  他說就在有一天他們聽到了這個見證之後,他自己在禱告的時候,他就覺得說聖靈很清楚地告訴他要去。
[00:45:51.560 --> 00:46:01.560]  這個我們常常講就好像突然出點閃電或者是怎麼樣子,
[00:46:01.560 --> 00:46:11.560]  可是他跟我講的就是說,他說其實他就是在這一個過程當中越來越禱告,越來越想要明白神的聲音的時候,
[00:46:11.560 --> 00:46:22.560]  就在那個時候神很清楚地讓他知道他要去。所以他們夫妻兩個人都有同樣的感動,
[00:46:22.560 --> 00:46:36.560]  清楚神的引導之後,他們就決定去了。在生孩子之前,他們同時也就在那邊預備要去祠堂。
[00:46:36.560 --> 00:46:56.560]  後來就在今年的一月,也就是孩子出生之後的三個月,他們全家就搬到休斯頓去。
[00:46:56.560 --> 00:47:13.560]  在走之前把San Diego的房子要處理,要出租,等等這些很多的事情,要打包,要運輸等等這些事情,然後又要照顧這個寶寶。
[00:47:13.560 --> 00:47:23.560]  所以這一路的過程當中,可是當我聽到有一天晚上我們家庭在一起禱告的時候,
[00:47:23.560 --> 00:47:33.560]  我們固定,雖然他們都已經結婚,但是我們固定每個月至少有一次會讓大家一起來禱告。
[00:47:33.560 --> 00:47:41.560]  那一天剛好我們是可以在二女兒的家,我們就一起在那邊爲禱告。
[00:47:41.560 --> 00:48:01.560]  那她就跟我們分享這個事情。說實在的,做父母親的,聽到自己的孩子在這種狀況要出去,確實會捨不得。
[00:48:01.560 --> 00:48:11.560]  但是當我聽到他們兩個人在分享神的代理,特別女兒在一面分享的時候,她一面流着眼淚說,
[00:48:11.560 --> 00:48:18.560]  她說我不願意錯過神的代理。
[00:48:18.560 --> 00:48:34.560]  我自己聽了之後,我自己也流淚,我說主啊,是的,這是我從他們出生就一直希望他們做一個順服你,跟隨你的孩子,
[00:48:34.560 --> 00:48:41.560]  所以把他交託在天父的手中。
[00:48:41.560 --> 00:48:52.560]  親愛的,我們做父母親的,不僅僅只是把孩子養育長大,讓他們有好的生活,
[00:48:52.560 --> 00:49:03.560]  更重要的是讓他們能夠認識神,讓他們一生愛神,侍奉神,這是我們最大的責任。
[00:49:03.560 --> 00:49:08.560]  你不扮演這個角色,沒有人可以扮演這個角色。
[00:49:08.560 --> 00:49:16.560]  求主使用我們,做父母親的,甚至我們做祖父母的,
[00:49:16.560 --> 00:49:23.560]  我們一同來養育我們的下一代,建立盡情的下一代。
