
[00:00:00.000 --> 00:00:06.580]  一個人的成功,不但要靠着努力,還是要堅持,而且堅持到底。
[00:00:06.580 --> 00:00:15.200]  因爲一件事情的成功不是靠你一次的努力,乃是要繼續不斷的努力,並且要堅持到底。
[00:00:15.200 --> 00:00:17.160]  禱告也是如此。
[00:00:17.160 --> 00:00:24.640]  所以耶穌記錄在《路加福音》第十八章第一節,鼓勵我們說,要常常禱告,不可灰心。
[00:00:24.640 --> 00:00:30.240]  要常常禱告,不可灰心。其實追求女朋友也是如此。
[00:00:30.240 --> 00:00:34.840]  老張的朋友很想知道他怎麼娶到一個這麼漂亮的太太。
[00:00:34.840 --> 00:00:37.440]  老張就很自豪地說,
[00:00:37.440 --> 00:00:45.440]  "其實我娶這個太太,我堅持了三年,每天都去買彩券,
[00:00:45.440 --> 00:00:51.640]  中的最多的只不過是兩百塊錢。朋友們都笑我愛做百日夢,
[00:00:51.640 --> 00:00:58.440]  結果我把那賣彩票的女孩娶回家了。"
[00:00:58.440 --> 00:01:04.140]  告訴朋友們說,要常常禱告,不可灰心。
[00:01:04.140 --> 00:01:09.040]  爲什麼耶穌要我們常常禱告,不可灰心呢?
[00:01:09.040 --> 00:01:16.040]  因爲耶穌記錄來了以後,祂真的爲我們開了一條直接通往復神的一個道路。
[00:01:16.040 --> 00:01:22.240]  因爲在舊約聖經裏面看到舊約的信徒們,他們必須要透過祭司,包括祭司的獻祭,
[00:01:22.240 --> 00:01:25.540]  才能夠把他們的需要帶到神的面前。
[00:01:25.540 --> 00:01:32.340]  而且大祭司只能夠一年一次進到資聖所裏面與神會面,而且是戰戰兢兢的。
[00:01:32.340 --> 00:01:38.240]  那耶穌記錄來了以後,祂不但爲我們捨身流血在十字架上贖我們的罪,
[00:01:38.240 --> 00:01:42.140]  我們透過信靠祂,我們得以被稱爲神的兒女。
[00:01:42.140 --> 00:01:47.840]  因此祂也恢復了我們和祂天父美好的關係。
[00:01:47.840 --> 00:01:54.440]  這是爲什麼在西伯來書作者非常清楚告訴我們,一起來看第十章的十九二十節。
[00:01:54.440 --> 00:02:00.240]  這裏說,弟兄們,我們既因耶穌的血得以坦然進入資聖所,
[00:02:00.240 --> 00:02:05.240]  是藉助祂給我們開了一條又新又活的路,
[00:02:05.240 --> 00:02:11.240]  從曼子經過,這曼子就是祂的身體。
[00:02:11.240 --> 00:02:15.840]  這裏講到,因爲耶穌基督的血,我們可以進入到資聖所。
[00:02:15.840 --> 00:02:23.840]  資聖所乃是舊約聖經裏面所提到大祭司一年一次才能夠進去的資聖所,神同在的所在。
[00:02:23.840 --> 00:02:31.840]  而且是藉助我們,藉助祂給我們開了一條又新又活的路,從這個曼子經過。
[00:02:31.840 --> 00:02:33.340]  這個曼子指的是什麼呢?
[00:02:33.340 --> 00:02:38.040]  乃是聖殿裏面資聖所和聖所之間非常厚的一個曼子,
[00:02:38.040 --> 00:02:42.040]  從上到下沒有人可以用他的手力可以撕開的曼子。
[00:02:42.040 --> 00:02:49.040]  當聖靈告訴我們說,當耶穌基督釘死在十字架上,當他說成了將他的靈魂交付給天父的時候,
[00:02:49.040 --> 00:02:55.040]  聖靈告訴我們說,殿裏的曼子從上到下裂爲兩半,就是這個曼子。
[00:02:55.040 --> 00:03:00.040]  換句話說,神與人之間這樣一個隔閡的牆已經被斷開了,
[00:03:00.040 --> 00:03:06.040]  我們可以坦然無懼地進到父神的寶座面前,阿們。
[00:03:06.040 --> 00:03:11.040]  所以換句話說,禱告不但只是一個我們把需要帶到神的面前,
[00:03:11.040 --> 00:03:15.040]  禱告乃是神爲我們預備一條又新又活的路,
[00:03:15.040 --> 00:03:22.040]  好讓我們藉着禱告,藉着耶穌的寶血,能夠進入到神的同在裏面。
[00:03:22.040 --> 00:03:26.040]  因此我們說,禱告乃是主與你親密的關係,阿們。
[00:03:26.040 --> 00:03:31.040]  一起講一遍來,禱告是你和主的親密關係。
[00:03:31.040 --> 00:03:36.040]  是透過耶穌基督的寶血,我們可以進到神的寶座面前。
[00:03:36.040 --> 00:03:39.040]  因此每次你來到神面前禱告的時候,
[00:03:39.040 --> 00:03:43.040]  你不但只是把你的需要,禱告祈求交到給神,
[00:03:43.040 --> 00:03:48.040]  你說,你是可以進到神祂寶座的面前。
[00:03:48.040 --> 00:03:54.040]  這是一個生命的關係,耶穌開了一個直接通往父神的道路。
[00:03:54.040 --> 00:04:00.040]  所以耶穌基督自己在路加福音第十五章第七節很清楚告訴我們,
[00:04:00.040 --> 00:04:05.040]  你們若藏在我裏面,我的話也藏在你們裏面。
[00:04:05.040 --> 00:04:11.040]  凡你們所願意的祈求就給你們成就。
[00:04:11.040 --> 00:04:17.040]  你們若藏在我裏面,耶穌基督說,我是葡萄樹,你們是枝子。
[00:04:17.040 --> 00:04:20.040]  我們與祂有這樣一個生命的連結,
[00:04:20.040 --> 00:04:23.040]  不再透過祭物,不再透過祭祀,
[00:04:23.040 --> 00:04:27.040]  而是直接能夠住在主裏面,主也住在我們裏面。
[00:04:27.040 --> 00:04:30.040]  祂的話也在我們裏面的時候,我們願意什麼?
[00:04:30.040 --> 00:04:35.040]  只要祈求就給你們成就。
[00:04:35.040 --> 00:04:38.040]  親愛的網友姐妹,你可知道禱告是何等大的一個權柄,
[00:04:38.040 --> 00:04:40.040]  何等大的一個恩典嗎?
[00:04:40.040 --> 00:04:45.040]  這乃是舊約聖經裏面這些祭祀先知他們默密以求的事情。
[00:04:45.040 --> 00:04:50.040]  如今,因爲耶穌基督的保血,撕開了這個曼子,
[00:04:50.040 --> 00:04:56.040]  好讓我們直接,貪婪無懼地進到祂的執聖所裏面去,阿們。
[00:04:56.040 --> 00:04:59.040]  不但是如此,在約翰福音第十五章第十六節,
[00:04:59.040 --> 00:05:03.040]  耶穌繼續告訴我們說,不是你們揀選了我,
[00:05:03.040 --> 00:05:07.040]  是我揀選了你們,並且分派你們去結果子,
[00:05:07.040 --> 00:05:10.040]  叫你們的果子蠶存,使你們奉我的名,
[00:05:10.040 --> 00:05:15.040]  無論相父求什麼,他就是給你們。
[00:05:15.040 --> 00:05:18.040]  看到這個生命的連結,也是我們差的同工,
[00:05:18.040 --> 00:05:22.040]  他要差一派我們每一個人去爲他多結果子。
[00:05:22.040 --> 00:05:25.040]  換句話說,當你在跟隨主的道路上,
[00:05:25.040 --> 00:05:28.040]  當你在服侍神的道路上,有任何的需要,
[00:05:28.040 --> 00:05:30.040]  只要你向父神來祈求,
[00:05:30.040 --> 00:05:36.040]  因爲耶穌基督的明智的緣故,就會爲我們成就,阿們。
[00:05:36.040 --> 00:05:40.040]  換句話說,我們依靠神的人,服侍神的人,可以一無所缺,
[00:05:40.040 --> 00:05:46.040]  因爲耶穌基督就是我們通往天父的一個唯一的道路。
[00:05:46.040 --> 00:05:50.040]  因此,禱告,你要記得,不再只是一個儀式,
[00:05:50.040 --> 00:05:55.040]  不再只是一個形式,而是你與主非常親密的一個關係,
[00:05:55.040 --> 00:05:57.040]  是一個生命的連結。
[00:05:57.040 --> 00:06:01.040]  所以每次你禱告的時候,耶穌說我們在天上的父,哇!
[00:06:01.040 --> 00:06:05.040]  當你依靠耶穌基督的那一刻,聖靈就內住在你裏面,
[00:06:05.040 --> 00:06:07.040]  你可以呼叫阿爸父。
[00:06:07.040 --> 00:06:11.040]  想一想,這位創造宇宙天地萬物的主宰,
[00:06:11.040 --> 00:06:15.040]  如今成爲你在天上的阿爸父。
[00:06:15.040 --> 00:06:19.040]  這是何等寶貴的一個運續,何等寶貴的一個生命的連結,
[00:06:19.040 --> 00:06:22.040]  因此你要知道,每次你禱告的時候,
[00:06:22.040 --> 00:06:26.040]  你還是與主有這個親密的一個關係,阿們。
[00:06:26.040 --> 00:06:28.040]  那你說,既然是如此的話,
[00:06:28.040 --> 00:06:33.040]  我們必須要相信耶穌基督所應許我們的,必定會成就。
[00:06:33.040 --> 00:06:37.040]  換句話說,主必會隨聽和應允你的禱告,阿們。
[00:06:37.040 --> 00:06:42.040]  一起講一遍來,主必隨聽應允你的禱告。
[00:06:42.040 --> 00:06:45.040]  是的,我們主既然爲我們開了一條又新又活的路,
[00:06:45.040 --> 00:06:50.040]  因此祂必隨聽應允我們的禱告。
[00:06:50.040 --> 00:06:54.040]  你可否知道,其實聖經裏面很清楚告訴我們至少五方面,
[00:06:54.040 --> 00:06:58.040]  我們什麼樣的禱告肯定是蒙主隨聽和應允的。
[00:06:58.040 --> 00:07:00.040]  你想知道嗎?
[00:07:00.040 --> 00:07:02.040]  不少人啊。
[00:07:02.040 --> 00:07:08.040]  五個非常重要的原則,主必隨聽應允我們的禱告。
[00:07:08.040 --> 00:07:10.040]  首先第一,要奉主耶穌的名求。
[00:07:10.040 --> 00:07:14.040]  一起講一遍來,要奉主耶穌的名禱告。
[00:07:14.040 --> 00:07:17.040]  奉主耶穌基督的名禱告。
[00:07:17.040 --> 00:07:20.040]  剛纔已經看過希伯來稅第十章告訴我們說,
[00:07:20.040 --> 00:07:24.040]  是耶穌基督的血讓我們能夠坦然無懼地進到至聖所。
[00:07:24.040 --> 00:07:27.040]  所以耶穌基督也親自應許我們,
[00:07:27.040 --> 00:07:31.040]  在約翰福音第十四章十三節十四節說,
[00:07:31.040 --> 00:07:38.040]  你們奉我的名,無論求什麼,我可能,我或許,不是嗎?
[00:07:38.040 --> 00:07:42.040]  他說,我必成就,教父應兒子得榮耀。
[00:07:42.040 --> 00:07:44.040]  耶穌再重複恐怕你聽不清楚。
[00:07:44.040 --> 00:07:51.040]  你們若奉我的名,求什麼,我必成就。
[00:07:51.040 --> 00:07:54.040]  哇,耶穌的名字爲什麼那麼寶貴呢?
[00:07:54.040 --> 00:07:57.040]  因爲耶穌是那位神的兒子,道成肉身,
[00:07:57.040 --> 00:08:01.040]  住在我們中間,匆匆忙忙有恩典有真理。
[00:08:01.040 --> 00:08:05.040]  乃是透過耶穌基督我們可以來到神的面前,
[00:08:05.040 --> 00:08:07.040]  直接進到他的至聖所。
[00:08:07.040 --> 00:08:13.040]  所以你們奉我的名,無論求什麼,我必成就。
[00:08:13.040 --> 00:08:17.040]  因爲耶穌的名是大有權柄、大有能力。
[00:08:17.040 --> 00:08:21.040]  這是爲什麼我們基督徒每次禱告結束之前都要說什麼?
[00:08:21.040 --> 00:08:24.040]  奉主耶穌基督的名,求。
[00:08:24.040 --> 00:08:28.040]  這個不但只是一個形式,
[00:08:28.040 --> 00:08:30.040]  或者是一個我們必須要講的一句話,
[00:08:30.040 --> 00:08:32.040]  每次你講這句話的時候,
[00:08:32.040 --> 00:08:36.040]  你必須想到耶穌基督的名字是大有權柄的,
[00:08:36.040 --> 00:08:42.040]  是因爲祂的血使我們能夠直接進到父神的寶座面前。
[00:08:42.040 --> 00:08:46.040]  所以我們可以看到在五星節之後,
[00:08:46.040 --> 00:08:48.040]  使徒們經歷了聖靈的充滿,
[00:08:48.040 --> 00:08:50.040]  然後第一批的門徒彼得跟約翰,
[00:08:50.040 --> 00:08:53.040]  他們的確經歷了耶穌的名所帶來的能力,
[00:08:53.040 --> 00:08:55.040]  所帶來的權柄。
[00:08:55.040 --> 00:08:57.040]  有一天早上他們到聖殿裏面去禱告的時候,
[00:08:57.040 --> 00:09:02.040]  經過每門看到一個伸來切腿的人坐在那裏討飯。
[00:09:02.040 --> 00:09:04.040]  彼得就看着他說,你看着我。
[00:09:04.040 --> 00:09:07.040]  這個人以爲彼得要給他施捨什麼州紀。
[00:09:07.040 --> 00:09:09.040]  他就望着彼得,彼得說什麼呢?
[00:09:09.040 --> 00:09:11.040]  我們來看看第三章第六節。
[00:09:11.040 --> 00:09:14.040]  彼得說,金銀我都沒有,那幹嘛看我呢?
[00:09:14.040 --> 00:09:17.040]  他說,只是我把我所有的給你。
[00:09:17.040 --> 00:09:19.040]  彼得有什麼呢?非常寶貴的。
[00:09:19.040 --> 00:09:26.040]  我奉拿撒勒人耶穌基督的名,叫你起來行走。
[00:09:26.040 --> 00:09:29.040]  他們過去跟隨了耶穌基督三年半,
[00:09:29.040 --> 00:09:31.040]  如今耶穌基督復活昇天了。
[00:09:31.040 --> 00:09:36.040]  他們第一次經歷耶穌的名是何等的有能力,
[00:09:36.040 --> 00:09:37.040]  何等的有權柄。
[00:09:37.040 --> 00:09:42.040]  他說,金和銀我都沒有,我將我所有的都給你。
[00:09:42.040 --> 00:09:44.040]  我所有的是何等的寶貴。
[00:09:44.040 --> 00:09:50.040]  我奉拿撒勒人耶穌基督的名,叫你起來行走。
[00:09:50.040 --> 00:09:53.040]  拿着他的手,這個伸來切腿的人又站又跳,
[00:09:53.040 --> 00:09:56.040]  站在那裏唱詩,讚美我們的主。
[00:09:56.040 --> 00:10:01.040]  他們經歷了耶穌的名是大有能力,大有權柄的。
[00:10:01.040 --> 00:10:06.040]  所以每一次當你禱告的時候,爲病人禱告的時候,
[00:10:06.040 --> 00:10:08.040]  你要奉耶穌基督的名。
[00:10:08.040 --> 00:10:11.040]  每次當你要醫病趕軌的時候,要奉耶穌基督的名。
[00:10:11.040 --> 00:10:15.040]  爲人祝福禱告的時候,都要奉耶穌基督的名。
[00:10:15.040 --> 00:10:18.040]  因爲祂的名是大有權柄,大有能力的。
[00:10:18.040 --> 00:10:21.040]  所以第一,要奉主耶穌的名禱告。
[00:10:21.040 --> 00:10:23.040]  第二,要奉主的旨意祈求。
[00:10:23.040 --> 00:10:28.040]  一起來講,要造主的旨意求。
[00:10:28.040 --> 00:10:33.040]  另外一個,垂聽蒙應允的禱告,是要按照主的旨意求。
[00:10:33.040 --> 00:10:36.040]  很多時候你說,我求什麼沒有得到呢?
[00:10:36.040 --> 00:10:40.040]  雅各蘇告訴我們說,因爲你萬求,按照你自己的私心,
[00:10:40.040 --> 00:10:45.040]  按照你自己的私慾來祈求,並不是按照主的旨意而求。
[00:10:45.040 --> 00:10:49.040]  所以在約翰義書第五章,第五章裏面第十四節、十五節,
[00:10:49.040 --> 00:10:51.040]  使徒約翰很清楚告訴我們,
[00:10:51.040 --> 00:10:54.040]  我們若照祂的旨意求什麼?
[00:10:54.040 --> 00:10:56.040]  記得啊,神的旨意求什麼?
[00:10:56.040 --> 00:10:57.040]  祂就聽我們。
[00:10:57.040 --> 00:10:59.040]  這是我們向祂存什麼?
[00:10:59.040 --> 00:11:01.040]  坦然無懼的心。
[00:11:01.040 --> 00:11:03.040]  希伯來書第十章是同樣的字眼,
[00:11:03.040 --> 00:11:05.040]  坦然無懼的心,因爲耶穌的飽血。
[00:11:05.040 --> 00:11:09.040]  既然知道祂聽我們一切所求的,
[00:11:09.040 --> 00:11:14.040]  就知道我們所求於祂的無不得着。
[00:11:14.040 --> 00:11:18.040]  換句話說,當你按照神的旨意求的時候,
[00:11:18.040 --> 00:11:20.040]  祂就聽我們。
[00:11:20.040 --> 00:11:23.040]  而且我們所祈求的無不得着。阿們。
[00:11:23.040 --> 00:11:27.040]  那你說牧師啊,什麼是主的旨意呢?
[00:11:27.040 --> 00:11:30.040]  我怎麼知道如何按主的旨意求呢?
[00:11:30.040 --> 00:11:33.040]  親愛的兄弟姐妹,主的旨意都在哪裏?
[00:11:33.040 --> 00:11:35.040]  都在聖經的話語裏面。
[00:11:35.040 --> 00:11:39.040]  這是爲什麼我們今年教會特別鼓勵你,
[00:11:39.040 --> 00:11:42.040]  要來背誦聖經,好好地默想神的話語,
[00:11:42.040 --> 00:11:46.040]  好好地背記神的話語,思想神的話語,應用神的話語,
[00:11:46.040 --> 00:11:49.040]  因爲神的話語裏面就是神的旨意。
[00:11:49.040 --> 00:11:53.040]  那你按照神的旨意來祈求的時候,
[00:11:53.040 --> 00:11:55.040]  無不得着。阿們。
[00:11:55.040 --> 00:11:57.040]  因爲神的旨意都在祂的話語裏面,
[00:11:57.040 --> 00:12:00.040]  所以你越熟悉神的話語,你的禱告越有能力,
[00:12:00.040 --> 00:12:03.040]  你的禱告越蒙神垂聽。阿們。
[00:12:03.040 --> 00:12:06.040]  那你說有時候,當你遇到特殊的情況,
[00:12:06.040 --> 00:12:09.040]  你不知道該如何禱告,也不知道神的旨意是如何的時候,
[00:12:09.040 --> 00:12:10.040]  你怎麼禱告呢?
[00:12:10.040 --> 00:12:14.040]  感謝詔美主,有誰幫助你?有聖靈。
[00:12:14.040 --> 00:12:16.040]  在羅馬十一八章,二十六節,二十七節,
[00:12:16.040 --> 00:12:19.040]  我們才能記得二十八節,沒有看前面兩節。
[00:12:19.040 --> 00:12:20.040]  二十六節說什麼呢?
[00:12:20.040 --> 00:12:23.040]  況且我們的軟弱,有誰幫助啊?
[00:12:23.040 --> 00:12:25.040]  有聖靈幫助。
[00:12:25.040 --> 00:12:28.040]  我們本不曉得誕怎樣禱告,
[00:12:28.040 --> 00:12:33.040]  只是聖靈親自用說不出的探喜替我們禱告。
[00:12:33.040 --> 00:12:34.040]  二十七節說什麼呢?
[00:12:34.040 --> 00:12:39.040]  見察人心的,曉得聖靈的意識。
[00:12:39.040 --> 00:12:40.040]  見察者說什麼呢?
[00:12:40.040 --> 00:12:41.040]  因爲聖靈造作什麼?
[00:12:41.040 --> 00:12:45.040]  連聖靈都造作神的旨意,替聖徒祈求。
[00:12:45.040 --> 00:12:47.040]  Amen!
[00:12:47.040 --> 00:12:51.040]  連聖靈都會按照神的旨意爲你祈求。
[00:12:51.040 --> 00:12:54.040]  所以聖靈爲你禱告,肯定神一定垂聽的。
[00:12:54.040 --> 00:12:55.040]  爲什麼呢?
[00:12:55.040 --> 00:12:57.040]  他是按照神的旨意求。
[00:12:57.040 --> 00:12:59.040]  我這裏親身經歷了一次,
[00:12:59.040 --> 00:13:02.040]  真的不知道該如何禱告,不知道神的旨意是如何。
[00:13:02.040 --> 00:13:04.040]  二零零六年大海嘯之後,
[00:13:04.040 --> 00:13:07.040]  我帶短線隊到印尼去做一些救濟的工作。
[00:13:07.040 --> 00:13:11.040]  當地的牧者就帶我們去印尼的另外一個島叫雅琪省,
[00:13:11.040 --> 00:13:13.040]  必須經過南中國海。
[00:13:13.040 --> 00:13:16.040]  南中國海著名的是常常有大風浪的。
[00:13:16.040 --> 00:13:17.040]  這個牧師告訴我們說,
[00:13:17.040 --> 00:13:21.040]  上個禮拜剛好一艘漁船大風浪一打的話,
[00:13:21.040 --> 00:13:23.040]  船翻了,五個人都死掉。
[00:13:23.040 --> 00:13:25.040]  我說,幹嘛告訴我這些事情?
[00:13:25.040 --> 00:13:30.040]  我們當天早上五點鐘就要坐船,也是坐個漁船,到對面去。
[00:13:30.040 --> 00:13:33.040]  我就說我不怕,因爲從小在一個島上唸書,
[00:13:33.040 --> 00:13:38.040]  六年船來來回回坐好幾次,大風浪都經過,沒問題。
[00:13:38.040 --> 00:13:42.040]  驕傲的人,有好戲可看。
[00:13:42.040 --> 00:13:47.040]  後來船還不到一半,大風大浪就打在船上。
[00:13:47.040 --> 00:13:49.040]  我從來沒有如此暈船過的。
[00:13:49.040 --> 00:13:52.040]  我見過風浪,沒有見過如此大的風浪。
[00:13:52.040 --> 00:13:57.040]  被風浪打得我暈得想吐,吐不出來,想呼吸,不能夠呼吸。
[00:13:57.040 --> 00:14:01.040]  真的覺得幾乎要死了,就趕緊爬到船的,
[00:14:01.040 --> 00:14:05.040]  我坐在船尾,爬到船的正中央,抓住柱子裏面。
[00:14:05.040 --> 00:14:09.040]  心裏想着,主啊,我不能死,我兩個女兒還小。
[00:14:09.040 --> 00:14:10.040]  我的工作還沒有做完,
[00:14:10.040 --> 00:14:13.040]  心中只有這個念頭,不知道該如何禱告。
[00:14:13.040 --> 00:14:15.040]  真的是以爲自己真的是沒命了,
[00:14:15.040 --> 00:14:18.040]  真的不能呼吸,也想吐,吐不出來。
[00:14:18.040 --> 00:14:22.040]  沒想到不久以後,另外一個短裙子的姐妹也爬了進來。
[00:14:22.040 --> 00:14:24.040]  她也暈船。
[00:14:24.040 --> 00:14:28.040]  她爬進來做什麼?要找牧師爲她禱告。
[00:14:28.040 --> 00:14:31.040]  我從來服侍那麼多年,從來沒有那麼尷尬過,
[00:14:31.040 --> 00:14:33.040]  第一次有地方姐妹要我爲她禱告,
[00:14:33.040 --> 00:14:35.040]  我沒有辦法禱告,我說不出話來,
[00:14:35.040 --> 00:14:38.040]  我就根本快暈死在那邊了。
[00:14:38.040 --> 00:14:41.040]  她看到我比她更可憐。
[00:14:41.040 --> 00:14:45.040]  結果是她爲我禱告。
[00:14:45.040 --> 00:14:47.040]  聖靈用說不出話來的嘆息爲我們禱告,
[00:14:47.040 --> 00:14:49.040]  按照神的旨意,結果我沒事。
[00:14:49.040 --> 00:14:52.040]  所以今天站在這裏,哈利路亞,感謝大美主。
[00:14:52.040 --> 00:14:54.040]  很多時候當你不能禱告的時候,
[00:14:54.040 --> 00:14:57.040]  有聖靈幫助你啊。
[00:14:57.040 --> 00:14:59.040]  因爲當你按照主的旨意的時候,
[00:14:59.040 --> 00:15:02.040]  特別聖靈按照主的旨意爲你求的時候,
[00:15:02.040 --> 00:15:04.040]  就必成就,阿們。
[00:15:04.040 --> 00:15:07.040]  第三方面,要憑信心地禱告。
[00:15:07.040 --> 00:15:10.040]  大家都知道我們是因性稱義,
[00:15:10.040 --> 00:15:13.040]  因爲相信耶穌基督成爲天父的兒女。
[00:15:13.040 --> 00:15:16.040]  我們做基督徒,跟隨耶穌基督的道路,
[00:15:16.040 --> 00:15:19.040]  服事神的道路,也是要繼續憑信心,
[00:15:19.040 --> 00:15:22.040]  但是禱告更是要憑信心。
[00:15:22.040 --> 00:15:25.040]  所以耶穌基督告訴我們一句非常寶貴的應許,
[00:15:25.040 --> 00:15:27.040]  也是非常喜歡的一句話,
[00:15:27.040 --> 00:15:29.040]  在馬可福音第十一到二十四節,
[00:15:29.040 --> 00:15:31.040]  耶穌說:所以我告訴你們,
[00:15:31.040 --> 00:15:34.040]  凡你們禱告祈禱,
[00:15:34.040 --> 00:15:37.040]  凡你們禱告祈求的,
[00:15:37.040 --> 00:15:39.040]  無論是什麼事情,
[00:15:39.040 --> 00:15:41.040]  家庭,婚姻,各樣的事情,
[00:15:41.040 --> 00:15:45.040]  只要信是得着的,就必得着。
[00:15:45.040 --> 00:15:46.040]  一起講一遍來,
[00:15:46.040 --> 00:15:50.040]  只要信是得着的,就必得着。
[00:15:50.040 --> 00:15:51.040]  換句話說,
[00:15:51.040 --> 00:15:54.040]  耶穌說當你們禱告祈求的時候,
[00:15:54.040 --> 00:15:55.040]  無論是什麼事,
[00:15:55.040 --> 00:15:57.040]  你可以想到的爲你的孩子,
[00:15:57.040 --> 00:16:00.040]  爲懷孕,爲醫治,各樣的事情禱告,
[00:16:00.040 --> 00:16:05.040]  無論是什麼,你只要信是得着,就必得着。
[00:16:05.040 --> 00:16:06.040]  換句話說,
[00:16:06.040 --> 00:16:08.040]  出於信心的禱告,
[00:16:08.040 --> 00:16:12.040]  主一定會垂聽應於你的禱告,阿們。
[00:16:12.040 --> 00:16:14.040]  這是耶穌基督親口告訴我們的應許,
[00:16:14.040 --> 00:16:16.040]  你信是得着就必得着,
[00:16:16.040 --> 00:16:18.040]  爲什麼信心那麼重要呢?
[00:16:18.040 --> 00:16:19.040]  雅各蘇就告訴我們了,
[00:16:19.040 --> 00:16:22.040]  雅各蘇第一章我們看第六節到第七節,
[00:16:22.040 --> 00:16:25.040]  他說只要憑信心求,一點都不疑惑,
[00:16:25.040 --> 00:16:27.040]  因爲疑惑的人,
[00:16:27.040 --> 00:16:30.040]  不相信神能夠做,不相信神夠好,
[00:16:30.040 --> 00:16:35.040]  就像海中的波浪被風吹動翻騰,
[00:16:35.040 --> 00:16:40.040]  這樣的人不要想從主那裏得到什麼。
[00:16:40.040 --> 00:16:44.040]  哇!非常清楚!
[00:16:44.040 --> 00:16:47.040]  憑信心祈求,一點都不可以疑惑,
[00:16:47.040 --> 00:16:50.040]  因爲疑惑的人好像海中的波浪翻騰,
[00:16:50.040 --> 00:16:55.040]  這樣的人你不要想從神那裏得到什麼。
[00:16:55.040 --> 00:16:58.040]  那你說,不小心有疑惑怎麼辦?
[00:16:58.040 --> 00:17:01.040]  就奉耶穌的名,斥責疑惑,離開我吧!
[00:17:01.040 --> 00:17:03.040]  就斥責疑惑,退去吧,不要再回來!
[00:17:03.040 --> 00:17:06.040]  那你有完全的信心,依靠神,
[00:17:06.040 --> 00:17:11.040]  相信你信是得着就必得着。
[00:17:11.040 --> 00:17:14.040]  上上禮拜我剛剛從瓜裏馬拉醫療轉學回來,
[00:17:14.040 --> 00:17:16.040]  感謝讚美主我們兩天的時間,
[00:17:16.040 --> 00:17:20.040]  在那裏服侍了450位當地的居民,
[00:17:20.040 --> 00:17:23.040]  然後我們帶領了42位弟兄姐妹慶祝,
[00:17:23.040 --> 00:17:26.040]  下午的時間我們就到非常貧困的家庭,
[00:17:26.040 --> 00:17:28.040]  分派食物給貧困的家庭,
[00:17:28.040 --> 00:17:31.040]  一些油、米給一些日常用品。
[00:17:31.040 --> 00:17:34.040]  在回程的途中我們看到一位姐妹,
[00:17:34.040 --> 00:17:37.040]  她叫阿拉塞裏的姐妹,
[00:17:37.040 --> 00:17:40.040]  跟她一個六七歲的孩子剛走回來,
[00:17:40.040 --> 00:17:44.040]  我們就看到她就問她有什麼需要,
[00:17:44.040 --> 00:17:47.040]  其實這位姐妹她就得了腦癌,
[00:17:47.040 --> 00:17:49.040]  一兩年的時間,
[00:17:49.040 --> 00:17:51.040]  但是她是非常有信心的一個姐妹,
[00:17:51.040 --> 00:17:55.040]  我們就問她說你是否相信耶穌基督會醫治你呢?
[00:17:55.040 --> 00:17:57.040]  她說我相信,
[00:17:57.040 --> 00:17:59.040]  我相信神已經在醫治我了,
[00:17:59.040 --> 00:18:02.040]  我們整個醫療團隊跟我們短訓隊,
[00:18:02.040 --> 00:18:03.040]  我們就一直按手爲她禱告,
[00:18:03.040 --> 00:18:05.040]  看着相片,
[00:18:05.040 --> 00:18:09.040]  她的腦瘤已經影響到她的嘴巴,
[00:18:09.040 --> 00:18:11.040]  影響到她的眼睛,
[00:18:11.040 --> 00:18:13.040]  她的六七歲的孩子跟她一起,
[00:18:13.040 --> 00:18:15.040]  我們就按手爲她禱告,
[00:18:15.040 --> 00:18:18.040]  我們大家同心合一地奉主的名禱告,
[00:18:18.040 --> 00:18:21.040]  我們問她說只要我們信是得着就必得着,
[00:18:21.040 --> 00:18:23.040]  咱們一起爲她禱告宣告的時候,
[00:18:23.040 --> 00:18:26.040]  哇,這個媽媽跟這個孩子就被聖靈充滿,
[00:18:26.040 --> 00:18:28.040]  去那裏哭,在那裏顫抖,
[00:18:28.040 --> 00:18:30.040]  我們禱告完她我們就非常有信心說,
[00:18:30.040 --> 00:18:34.040]  耶穌基督告訴我們說我們禱告祈求,
[00:18:34.040 --> 00:18:38.040]  無論是什麼只要信是得着就必得着,
[00:18:38.040 --> 00:18:40.040]  你相信耶穌醫治你嗎?
[00:18:40.040 --> 00:18:42.040]  她說我相信耶穌醫治我,
[00:18:42.040 --> 00:18:43.040]  非常有信心,
[00:18:43.040 --> 00:18:44.040]  感謝大美主哈利路,
[00:18:44.040 --> 00:18:46.040]  我們相信這是禱告耶穌給我們的應許,
[00:18:46.040 --> 00:18:48.040]  我相信神會醫治她,
[00:18:48.040 --> 00:18:50.040]  雖然不是馬上醫治她,
[00:18:50.040 --> 00:18:51.040]  但是神會醫治她,
[00:18:51.040 --> 00:18:52.040]  因爲她是大有信心,
[00:18:52.040 --> 00:18:55.040]  她相信她禱告祈求的時候,
[00:18:55.040 --> 00:18:56.040]  信已經得着,
[00:18:56.040 --> 00:18:58.040]  她就已經得着了,
[00:18:58.040 --> 00:19:03.040]  所以第二方面要平信心來禱告,
[00:19:03.040 --> 00:19:05.040]  第四,清心的禱告,
[00:19:05.040 --> 00:19:07.040]  告訴我們要清心的禱告,
[00:19:07.040 --> 00:19:12.040]  清心的禱告也是蒙神垂聽應允的禱告,
[00:19:12.040 --> 00:19:14.040]  在馬太福音三個月的經文,
[00:19:14.040 --> 00:19:16.040]  第六章第五節說,
[00:19:16.040 --> 00:19:17.040]  清心的人有福了,
[00:19:17.040 --> 00:19:20.040]  因爲他們必得見神,
[00:19:20.040 --> 00:19:21.040]  所以當你禱告的時候,
[00:19:21.040 --> 00:19:25.040]  先求神的靈來檢查你是否心中有一些隱藏,
[00:19:25.040 --> 00:19:26.040]  還未認罪,
[00:19:26.040 --> 00:19:27.040]  悔改的罪,
[00:19:27.040 --> 00:19:31.040]  因爲當你沒有一個清潔的心來到神面前禱告的時候,
[00:19:31.040 --> 00:19:33.040]  你的禱告會被攔住,
[00:19:33.040 --> 00:19:34.040]  怎麼知道呢?
[00:19:34.040 --> 00:19:35.040]  聖經告訴我們,
[00:19:35.040 --> 00:19:38.040]  在以賽亞書第五十九章第一節第二節,
[00:19:38.040 --> 00:19:40.040]  耶和華的板背並非縮短,
[00:19:40.040 --> 00:19:41.040]  不能拯救,
[00:19:41.040 --> 00:19:43.040]  耳朵並非發沉,
[00:19:43.040 --> 00:19:44.040]  不能聽見,
[00:19:44.040 --> 00:19:46.040]  是因爲什麼呢?
[00:19:46.040 --> 00:19:52.040]  但你們的罪孽使你們與神隔絕,
[00:19:52.040 --> 00:19:57.040]  你們的罪惡使祂掩面不聽你們。
[00:19:57.040 --> 00:19:58.040]  換句話說,
[00:19:58.040 --> 00:19:59.040]  耶和華並非沒有能力,
[00:19:59.040 --> 00:20:01.040]  祂的板背並非縮短,
[00:20:01.040 --> 00:20:03.040]  祂的耳朵並非發沉,
[00:20:03.040 --> 00:20:04.040]  沒有空聽你的禱告,
[00:20:04.040 --> 00:20:06.040]  乃是因爲你的罪孽,
[00:20:06.040 --> 00:20:11.040]  乃是因爲你的罪惡使祂掩面不聽你們。
[00:20:11.040 --> 00:20:13.040]  換句話說,
[00:20:13.040 --> 00:20:14.040]  每次來到神面前禱告的時候,
[00:20:14.040 --> 00:20:16.040]  一起先來認罪悔改。
[00:20:16.040 --> 00:20:18.040]  約翰不是告訴我們,
[00:20:18.040 --> 00:20:19.040]  約翰一書一章九節說,
[00:20:19.040 --> 00:20:20.040]  我們落認自己的罪,
[00:20:20.040 --> 00:20:21.040]  神是信實的,
[00:20:21.040 --> 00:20:22.040]  是公義的,
[00:20:22.040 --> 00:20:23.040]  必要赦免我們的罪,
[00:20:23.040 --> 00:20:25.040]  洗淨我們一切的不義。
[00:20:25.040 --> 00:20:27.040]  這乃是對信徒講的,
[00:20:27.040 --> 00:20:28.040]  親愛的弟兄姐妹,
[00:20:28.040 --> 00:20:29.040]  不是對非信徒講的,
[00:20:29.040 --> 00:20:30.040]  約翰一書。
[00:20:30.040 --> 00:20:32.040]  我們落認自己的罪,
[00:20:32.040 --> 00:20:33.040]  神是信實的,
[00:20:33.040 --> 00:20:34.040]  是公義的,
[00:20:34.040 --> 00:20:35.040]  必要赦免你的罪,
[00:20:35.040 --> 00:20:37.040]  洗淨你一切的不義。
[00:20:37.040 --> 00:20:41.040]  因此你的禱告就毫無攔阻的,
[00:20:41.040 --> 00:20:42.040]  神的膀背就沒有縮短,
[00:20:42.040 --> 00:20:43.040]  耳朵就沒有發沉,
[00:20:43.040 --> 00:20:44.040]  就可以聽你的禱告。
[00:20:44.040 --> 00:20:45.040]  阿們。
[00:20:45.040 --> 00:20:47.040]  雅各書我們大家非常喜歡的一節聖經,
[00:20:47.040 --> 00:20:49.040]  第五章第十六節怎麼說呢?
[00:20:49.040 --> 00:20:50.040]  他說,
[00:20:50.040 --> 00:20:52.040]  所以你們要彼此什麼呀?
[00:20:52.040 --> 00:20:53.040]  認罪,
[00:20:53.040 --> 00:20:54.040]  互相代求,
[00:20:54.040 --> 00:20:56.040]  使你們可以得一致。
[00:20:56.040 --> 00:21:00.040]  義人祈禱所發的力量是大有功效的。
[00:21:00.040 --> 00:21:06.040]  我們常常只講義人祈禱所發的力量是大有功效的,
[00:21:06.040 --> 00:21:07.040]  所以前面那幾句話,
[00:21:07.040 --> 00:21:08.040]  要怎麼樣?
[00:21:08.040 --> 00:21:10.040]  彼此認罪呀,
[00:21:10.040 --> 00:21:12.040]  互相代求呀。
[00:21:12.040 --> 00:21:13.040]  換句話說,
[00:21:13.040 --> 00:21:14.040]  當你要尋求一致的時候,
[00:21:14.040 --> 00:21:15.040]  在神面前,
[00:21:15.040 --> 00:21:16.040]  問你自己,
[00:21:16.040 --> 00:21:17.040]  我是否有得罪神,
[00:21:17.040 --> 00:21:19.040]  得罪人的地方?
[00:21:19.040 --> 00:21:21.040]  我是否心中有怨恨,
[00:21:21.040 --> 00:21:22.040]  苦毒,
[00:21:22.040 --> 00:21:24.040]  不饒恕?
[00:21:24.040 --> 00:21:26.040]  求神來赦免我。
[00:21:26.040 --> 00:21:27.040]  彼此認罪,
[00:21:27.040 --> 00:21:30.040]  然後才互相代求,
[00:21:30.040 --> 00:21:31.040]  你纔會得一致。
[00:21:31.040 --> 00:21:36.040]  這纔是義人祈禱所發出來的力量,
[00:21:36.040 --> 00:21:37.040]  是大有功效的。
[00:21:37.040 --> 00:21:40.040]  是要你彼此認罪,
[00:21:40.040 --> 00:21:41.040]  對付你的罪,
[00:21:41.040 --> 00:21:43.040]  包括引而未泄的罪,
[00:21:43.040 --> 00:21:44.040]  求神來檢查,
[00:21:44.040 --> 00:21:45.040]  好讓你的禱告,
[00:21:45.040 --> 00:21:47.040]  毫無攔阻的,
[00:21:47.040 --> 00:21:50.040]  達到神的私人寶座面前。
[00:21:50.040 --> 00:21:51.040]  這是非常重要的,
[00:21:51.040 --> 00:21:52.040]  清心的禱告,
[00:21:52.040 --> 00:21:53.040]  避謀神,
[00:21:53.040 --> 00:21:55.040]  除一定陰雲。
[00:21:55.040 --> 00:21:56.040]  第五,
[00:21:56.040 --> 00:21:57.040]  同心合一的禱告,
[00:21:57.040 --> 00:22:00.040]  各位同心合一的禱告。
[00:22:00.040 --> 00:22:04.040]  《聖經》裏面非常看重我們弟兄姐妹同心合一,
[00:22:04.040 --> 00:22:07.040]  因爲合一非常非常的重要,
[00:22:07.040 --> 00:22:08.040]  教會的合一,
[00:22:08.040 --> 00:22:09.040]  弟兄姐妹的合一,
[00:22:09.040 --> 00:22:10.040]  家庭的合一,
[00:22:10.040 --> 00:22:12.040]  代詞的力量是大,
[00:22:12.040 --> 00:22:15.040]  而且大得非常非常有能力的。
[00:22:15.040 --> 00:22:18.040]  所以耶穌基督在他大祭司的禱告的時候,
[00:22:18.040 --> 00:22:19.040]  約翰福音第十七章,
[00:22:19.040 --> 00:22:21.040]  他多次爲門徒禱告,
[00:22:21.040 --> 00:22:23.040]  至少有五次,
[00:22:23.040 --> 00:22:26.040]  也爲後來信靠他的人,
[00:22:26.040 --> 00:22:27.040]  就是我們,
[00:22:27.040 --> 00:22:28.040]  就是我們每一個人,
[00:22:28.040 --> 00:22:30.040]  至少三次爲我們禱告說,
[00:22:30.040 --> 00:22:32.040]  叫他們合而爲一,
[00:22:32.040 --> 00:22:34.040]  像我們合而爲一一樣,
[00:22:34.040 --> 00:22:35.040]  叫他們合而爲一,
[00:22:35.040 --> 00:22:37.040]  像我和天父合而爲一一樣,
[00:22:37.040 --> 00:22:38.040]  叫他們合而爲一,
[00:22:38.040 --> 00:22:40.040]  像我和天父合而爲一一樣。
[00:22:40.040 --> 00:22:42.040]  爲什麼合一那麼重要呢?
[00:22:42.040 --> 00:22:45.040]  同心是非常非常寶貴的,
[00:22:45.040 --> 00:22:46.040]  同心合一的禱告,
[00:22:46.040 --> 00:22:48.040]  神避除一定陰雲,
[00:22:48.040 --> 00:22:49.040]  怎麼知道呢?
[00:22:49.040 --> 00:22:51.040]  耶穌在馬太福音第十八章十九節,
[00:22:51.040 --> 00:22:52.040]  給我們很清楚的應許,
[00:22:52.040 --> 00:22:54.040]  我又告訴你們,
[00:22:54.040 --> 00:22:58.040]  若是你們中間有兩個人,
[00:22:58.040 --> 00:23:01.040]  在地上同心合一地求什麼事,
[00:23:01.040 --> 00:23:04.040]  我在天上的父必,
[00:23:04.040 --> 00:23:05.040]  可能或許嗎?
[00:23:05.040 --> 00:23:06.040]  沒有,
[00:23:06.040 --> 00:23:09.040]  必爲他們成全。
[00:23:09.040 --> 00:23:11.040]  所以我告訴你們,
[00:23:11.040 --> 00:23:14.040]  若是你們中間這兩個條件,
[00:23:14.040 --> 00:23:15.040]  有兩個人沒有說,
[00:23:15.040 --> 00:23:16.040]  一個人一個人禱告好不好?
[00:23:16.040 --> 00:23:18.040]  好!
[00:23:18.040 --> 00:23:19.040]  但是更好的禱告,
[00:23:19.040 --> 00:23:20.040]  更有能力的禱告,
[00:23:20.040 --> 00:23:23.040]  更蒙神垂聽應允的禱告是,
[00:23:23.040 --> 00:23:26.040]  至少兩個人在地上同心合一,
[00:23:26.040 --> 00:23:28.040]  這個要求是兩個人,
[00:23:28.040 --> 00:23:30.040]  兩個人同心合一,
[00:23:30.040 --> 00:23:33.040]  在地上無論求什麼事情。
[00:23:33.040 --> 00:23:35.040]  這是我常常用來鼓勵夫妻,
[00:23:35.040 --> 00:23:38.040]  一起禱告的應許的經文。
[00:23:38.040 --> 00:23:39.040]  丈夫一個人禱告可以嗎?
[00:23:39.040 --> 00:23:40.040]  可以啊!
[00:23:40.040 --> 00:23:41.040]  太太一個人禱告可以嗎?
[00:23:41.040 --> 00:23:42.040]  可以啊!
[00:23:42.040 --> 00:23:44.040]  但是夫妻二人的禱告,
[00:23:44.040 --> 00:23:47.040]  就像馬太福音第十八章十九節所講的,
[00:23:47.040 --> 00:23:49.040]  你們在地上若有兩個人,
[00:23:49.040 --> 00:23:51.040]  最基本的單位是誰?
[00:23:51.040 --> 00:23:53.040]  就是丈夫跟太太兩個人。
[00:23:53.040 --> 00:23:56.040]  所以鼓勵你謙卑一下跟你太太一起禱告,
[00:23:56.040 --> 00:23:58.040]  謙卑一下跟你丈夫一起禱告,
[00:23:58.040 --> 00:24:01.040]  兩個人同心合一地禱告,
[00:24:01.040 --> 00:24:04.040]  在天上的父必爲你成就。
[00:24:04.040 --> 00:24:06.040]  包括同物也是如此,
[00:24:06.040 --> 00:24:08.040]  跟你的同工一起同心合一地禱告,
[00:24:08.040 --> 00:24:11.040]  跟你的小組員一起同心合一地禱告,
[00:24:11.040 --> 00:24:14.040]  跟你同事的弟兄姐妹一起同心合一地禱告,
[00:24:14.040 --> 00:24:15.040]  如此地禱告,
[00:24:15.040 --> 00:24:18.040]  在天上的父必爲他們成全。
[00:24:18.040 --> 00:24:20.040]  阿們!
[00:24:20.040 --> 00:24:22.040]  這些瓜裏麻拉短行爲,
[00:24:22.040 --> 00:24:27.040]  也是親身經歷了同心合一禱告所帶來的力量。
[00:24:27.040 --> 00:24:29.040]  我們在瓜裏麻拉分堂,
[00:24:29.040 --> 00:24:32.040]  準備有五位弟兄姐妹受洗。
[00:24:32.040 --> 00:24:35.040]  因爲他們是租用俱樂部來做逐日崇拜,
[00:24:35.040 --> 00:24:36.040]  因此沒有自己的教堂,
[00:24:36.040 --> 00:24:39.040]  就借用另外一間教堂來進行洗禮。
[00:24:39.040 --> 00:24:42.040]  而且洗禮的禁詞是在教會外面,
[00:24:42.040 --> 00:24:43.040]  你看看這個圖畫,
[00:24:43.040 --> 00:24:44.040]  在教會的外面,
[00:24:44.040 --> 00:24:47.040]  左邊底下藍色那個地方是禁詞,
[00:24:47.040 --> 00:24:50.040]  旁邊那個比較高的建築就是他的,
[00:24:50.040 --> 00:24:51.040]  樓上是教室,
[00:24:51.040 --> 00:24:52.040]  底下是廁所,
[00:24:52.040 --> 00:24:54.040]  就在旁邊那個禁詞。
[00:24:54.040 --> 00:24:58.040]  我們要事效禮拜六四點鐘要舉行這個敬禮,
[00:24:58.040 --> 00:25:00.040]  然後我們就在那裏看到,
[00:25:00.040 --> 00:25:01.040]  我們在開始敬拜讚美,
[00:25:01.040 --> 00:25:04.040]  預備要舉行敬禮的時候呢,
[00:25:04.040 --> 00:25:05.040]  忽然間,
[00:25:05.040 --> 00:25:07.040]  天烏雲滿布,
[00:25:07.040 --> 00:25:10.040]  然後清盆大雨倒下來,
[00:25:10.040 --> 00:25:12.040]  又打雷又閃電,
[00:25:12.040 --> 00:25:16.040]  整個地方完全覺得好像黑暗籠罩整個大地,
[00:25:16.040 --> 00:25:17.040]  我們大家都嚇了一跳,
[00:25:17.040 --> 00:25:18.040]  怎麼辦,四點鐘,
[00:25:18.040 --> 00:25:20.040]  那時候已經四點鐘,
[00:25:20.040 --> 00:25:22.040]  我們在那裏準備要洗禮了,
[00:25:22.040 --> 00:25:24.040]  四點鐘在那裏烏雲滿布,
[00:25:24.040 --> 00:25:25.040]  然後大雨大雷又閃電,
[00:25:25.040 --> 00:25:26.040]  真的很可怕,
[00:25:26.040 --> 00:25:30.040]  非常非常大的雨不斷的下來,
[00:25:30.040 --> 00:25:32.040]  我們的薩伯多牧師,
[00:25:32.040 --> 00:25:33.040]  我們看看下一張,
[00:25:33.040 --> 00:25:35.040]  我們在那裏敬拜讚美的時候,
[00:25:35.040 --> 00:25:38.040]  我們的分堂牧者薩伯多牧師大有信心,
[00:25:38.040 --> 00:25:39.040]  他就起來宣告說,
[00:25:39.040 --> 00:25:40.040]  我們一起同心禱告,
[00:25:40.040 --> 00:25:42.040]  禱告神要把太陽再一次伸出來,
[00:25:42.040 --> 00:25:44.040]  這個雨要停止,
[00:25:44.040 --> 00:25:46.040]  我聽了以後蠻有信心的,
[00:25:46.040 --> 00:25:47.040]  我們就一起禱告,
[00:25:47.040 --> 00:25:49.040]  我就想說豬啊,
[00:25:49.040 --> 00:25:50.040]  雅各蘇告訴我們說,
[00:25:50.040 --> 00:25:53.040]  以利亞跟我們一樣性情的人,
[00:25:53.040 --> 00:25:55.040]  禱告以後三年半不下雨,
[00:25:55.040 --> 00:25:56.040]  我說豬啊,
[00:25:56.040 --> 00:25:57.040]  我們現在同心禱告,
[00:25:57.040 --> 00:26:00.040]  只要三個小時不下雨就好了,
[00:26:00.040 --> 00:26:01.040]  我們就禱告,
[00:26:01.040 --> 00:26:02.040]  禱告,
[00:26:02.040 --> 00:26:03.040]  拼命地禱告,
[00:26:03.040 --> 00:26:06.040]  沒想到不到十分鐘,
[00:26:06.040 --> 00:26:07.040]  天開了,
[00:26:07.040 --> 00:26:09.040]  你看天開了,
[00:26:09.040 --> 00:26:12.040]  我們就可以在外面爲五位弟兄姐妹洗禮,
[00:26:12.040 --> 00:26:15.040]  你可以看到當時弟兄姐妹的心情好嗨,
[00:26:15.040 --> 00:26:17.040]  我們的神真棒,
[00:26:17.040 --> 00:26:18.040]  他們都沒有想到,
[00:26:18.040 --> 00:26:20.040]  大家禱告還不到十分鐘,
[00:26:20.040 --> 00:26:21.040]  雨停了,
[00:26:21.040 --> 00:26:22.040]  閃電也停了,
[00:26:22.040 --> 00:26:23.040]  雷也不打了,
[00:26:23.040 --> 00:26:27.040]  大家能夠順利地在外面爲五位弟兄姐妹受洗,
[00:26:27.040 --> 00:26:30.040]  我想這一天是我們非常非常難忘的一天,
[00:26:30.040 --> 00:26:32.040]  第二天逐日崇拜的時候,
[00:26:32.040 --> 00:26:33.040]  他們還在講起這個事情,
[00:26:33.040 --> 00:26:35.040]  我們的神是聽禱告的神,
[00:26:35.040 --> 00:26:36.040]  我說阿們,
[00:26:36.040 --> 00:26:38.040]  因爲聖經說你們在地上,
[00:26:38.040 --> 00:26:41.040]  若有兩個人同心合一,
[00:26:41.040 --> 00:26:42.040]  無論求什麼事,
[00:26:42.040 --> 00:26:44.040]  我們在天上的父,
[00:26:44.040 --> 00:26:48.040]  必爲你們成就,
[00:26:48.040 --> 00:26:52.040]  千萬不要輕看你們夫妻的禱告,
[00:26:52.040 --> 00:26:54.040]  爲你孩子的婚姻禱告,
[00:26:54.040 --> 00:26:56.040]  爲那個叛逆的青少年禱告,
[00:26:56.040 --> 00:26:57.040]  爲你的工作來禱告,
[00:26:57.040 --> 00:26:59.040]  爲你的服飾禱告,
[00:26:59.040 --> 00:27:03.040]  大有能力的禱告是兩個人同心合一的禱告,
[00:27:03.040 --> 00:27:04.040]  非常感謝師母,
[00:27:04.040 --> 00:27:05.040]  她非常堅持,
[00:27:05.040 --> 00:27:08.040]  我們每個禮拜至少三四天早上是一起同心,
[00:27:08.040 --> 00:27:09.040]  爲孩子禱告,
[00:27:09.040 --> 00:27:11.040]  爲兒孫女禱告,
[00:27:11.040 --> 00:27:13.040]  求神來幫助我們,
[00:27:13.040 --> 00:27:14.040]  讓我們領受這樣一個應許,
[00:27:14.040 --> 00:27:17.040]  能夠同心合一的禱告,阿們。
[00:27:17.040 --> 00:27:18.040]  不論是如此,
[00:27:18.040 --> 00:27:21.040]  我們知道禱告既然是這麼多寶貴的應許,
[00:27:21.040 --> 00:27:25.040]  你可不知道禱告是你最有能力的武器嗎?
[00:27:25.040 --> 00:27:26.040]  各位朋友們說,
[00:27:26.040 --> 00:27:29.040]  禱告是你最有能力的武器。
[00:27:29.040 --> 00:27:31.040]  禱告是你最有能力的武器,
[00:27:31.040 --> 00:27:33.040]  保羅在許多的書信告訴我們,
[00:27:33.040 --> 00:27:34.040]  不論是以夫所書,
[00:27:34.040 --> 00:27:35.040]  更連多書,
[00:27:35.040 --> 00:27:39.040]  我們在血契中行事,卻不靠血契來征戰。
[00:27:39.040 --> 00:27:43.040]  因爲我們征戰的惡魔是空中掌權屬靈契的惡魔,
[00:27:43.040 --> 00:27:45.040]  你靠你自己血肉之軀,
[00:27:45.040 --> 00:27:47.040]  肯定是粉身碎骨。
[00:27:47.040 --> 00:27:51.040]  但是神給你一個最有能力的武器是什麼武器呢?
[00:27:51.040 --> 00:27:52.040]  就是禱告。
[00:27:52.040 --> 00:27:53.040]  怎麼知道?
[00:27:53.040 --> 00:27:56.040]  看格林多後書第十章,第四節跟第五節。
[00:27:56.040 --> 00:27:59.040]  這裏說我們征戰的兵器本不是屬血契的,
[00:27:59.040 --> 00:28:00.040]  Hallelujah!
[00:28:00.040 --> 00:28:04.040]  乃是在神面前有能力,
[00:28:04.040 --> 00:28:06.040]  可以攻破堅固的引領。
[00:28:06.040 --> 00:28:08.040]  什麼是在神面前呢?
[00:28:08.040 --> 00:28:10.040]  是禱告進到神的面前嘛!
[00:28:10.040 --> 00:28:12.040]  耶穌我們看到一條又新又活的基督,
[00:28:12.040 --> 00:28:13.040]  禱告進到神的面前,
[00:28:13.040 --> 00:28:16.040]  有能力可以攻破堅固的引領,
[00:28:16.040 --> 00:28:18.040]  將各樣的巨謀,
[00:28:18.040 --> 00:28:21.040]  各樣攔阻人認識神的那些至高之事,
[00:28:21.040 --> 00:28:22.040]  一概攻破了,
[00:28:22.040 --> 00:28:25.040]  又將人所有的心意奪回,
[00:28:25.040 --> 00:28:28.040]  使他都順服。
[00:28:28.040 --> 00:28:30.040]  基督,Hallelujah!
[00:28:30.040 --> 00:28:33.040]  你可不知道你手中有的是一個最厲害,
[00:28:33.040 --> 00:28:36.040]  最有能力的武器嗎?
[00:28:36.040 --> 00:28:40.040]  這個武器讓你能夠在神面前有能力,
[00:28:40.040 --> 00:28:43.040]  可以攻破一切堅固的引領。
[00:28:43.040 --> 00:28:44.040]  親愛的弟兄姐妹,
[00:28:44.040 --> 00:28:47.040]  魔鬼撒旦不害怕你逐日來參加崇拜,
[00:28:47.040 --> 00:28:53.040]  魔鬼撒旦也不害怕你待會到行外去參加AVL的服飾,
[00:28:53.040 --> 00:28:59.040]  魔鬼撒旦最害怕的是你在神面前禱告祈求,
[00:28:59.040 --> 00:29:02.040]  特別是同心合一的禱告祈求。
[00:29:02.040 --> 00:29:05.040]  魔鬼最害怕的是當主的兒女們,
[00:29:05.040 --> 00:29:07.040]  憑信心奉主的名,
[00:29:07.040 --> 00:29:08.040]  照主的旨意,
[00:29:08.040 --> 00:29:11.040]  同心合一祈求的時候。
[00:29:11.040 --> 00:29:13.040]  這是爲什麼我們在神面前有能力,
[00:29:13.040 --> 00:29:15.040]  可以攻破一切堅固的引領,
[00:29:15.040 --> 00:29:16.040]  一概攻破了,
[00:29:16.040 --> 00:29:17.040]  可以將人的心意,
[00:29:17.040 --> 00:29:18.040]  可以想象,
[00:29:18.040 --> 00:29:20.040]  人的心意怎麼能夠奪回?
[00:29:20.040 --> 00:29:22.040]  是靠着禱告。
[00:29:22.040 --> 00:29:23.040]  你的孩子很叛逆嗎?
[00:29:23.040 --> 00:29:26.040]  你的丈夫很叛逆嗎?
[00:29:26.040 --> 00:29:28.040]  禱告!
[00:29:28.040 --> 00:29:31.040]  將他的心意奪回,
[00:29:31.040 --> 00:29:36.040]  使他能夠順服基督。
[00:29:36.040 --> 00:29:38.040]  這是你最有能力的武器,
[00:29:38.040 --> 00:29:39.040]  你知道嗎?
[00:29:39.040 --> 00:29:42.040]  不是靠着你嘴巴嘮叨,
[00:29:42.040 --> 00:29:44.040]  你越嘮叨他跑得越遠。
[00:29:44.040 --> 00:29:46.040]  你還是在神面前,
[00:29:46.040 --> 00:29:47.040]  好好的禱告。
[00:29:47.040 --> 00:29:49.040]  在神面前你是有能力的。
[00:29:49.040 --> 00:29:51.040]  這個能力不但使我們能夠攻破堅固的引領,
[00:29:51.040 --> 00:29:55.040]  這個能力也能讓我們經歷神蹟啓示的祕訣。
[00:29:55.040 --> 00:29:57.040]  所以經歷神蹟的祕訣在於什麼?
[00:29:57.040 --> 00:29:59.040]  在於禱告。
[00:29:59.040 --> 00:30:02.040]  你想經歷神蹟啓示嗎?
[00:30:02.040 --> 00:30:03.040]  禱告啊!
[00:30:03.040 --> 00:30:08.040]  這是剛纔所講的五個非常重要的神的應許的這樣的禱告。
[00:30:08.040 --> 00:30:11.040]  在神面前禱告就能夠經歷神蹟啓示。
[00:30:11.040 --> 00:30:14.040]  使徒保羅聽到了馬其頓的呼聲,
[00:30:14.040 --> 00:30:18.040]  就到菲律賓去要把福音傳給菲律賓的人。
[00:30:18.040 --> 00:30:22.040]  沒想到到那裏的時候遇到一個被誣毀所使用的一個使女,
[00:30:22.040 --> 00:30:24.040]  她就把誣毀趕出去以後,
[00:30:24.040 --> 00:30:26.040]  後來就被當地人抓拿,
[00:30:26.040 --> 00:30:31.040]  被打了以後,就把她和她的同伴希臘關在監獄裏面。
[00:30:31.040 --> 00:30:33.040]  你可以想象保羅說,
[00:30:33.040 --> 00:30:35.040]  我領受了馬其頓的呼聲,
[00:30:35.040 --> 00:30:37.040]  來到馬其頓的菲律賓要把福音傳給你們,
[00:30:37.040 --> 00:30:40.040]  沒想到被關在監獄裏面,好倒黴啊!
[00:30:40.040 --> 00:30:42.040]  她和希臘在做什麼呢?
[00:30:42.040 --> 00:30:47.040]  非常熟悉的經文在《實錄生》第16章第25節說什麼呢?
[00:30:47.040 --> 00:30:50.040]  約在半夜,保羅和希臘做什麼?
[00:30:50.040 --> 00:30:52.040]  禱告!
[00:30:52.040 --> 00:30:53.040]  在哪裏禱告啊?
[00:30:53.040 --> 00:30:56.040]  監獄裏面禱告,唱詩讚美神,
[00:30:56.040 --> 00:30:59.040]  衆囚犯也徹而聽,忽然!
[00:30:59.040 --> 00:31:01.040]  哇,非常喜歡這個字,
[00:31:01.040 --> 00:31:04.040]  禱告以後忽然地大震動,
[00:31:04.040 --> 00:31:07.040]  甚至監牢的地基都搖動了,
[00:31:07.040 --> 00:31:11.040]  監門立刻全開,衆囚犯的鎖鏈也都鬆開了,
[00:31:11.040 --> 00:31:12.040]  這裏面至少有三個神蹟,
[00:31:12.040 --> 00:31:15.040]  首先第一,保羅他們禱告,
[00:31:15.040 --> 00:31:17.040]  唱讚美詩的時候,
[00:31:17.040 --> 00:31:19.040]  這裏的囚犯都不是好搞的,
[00:31:19.040 --> 00:31:22.040]  竟然沒有咒罵他們,叫他們住手不要再吵,
[00:31:22.040 --> 00:31:23.040]  反而怎麼樣?
[00:31:23.040 --> 00:31:25.040]  徹而聽啊!
[00:31:25.040 --> 00:31:30.040]  哇,現在保羅和希臘的讚美詩肯定唱得特別好,
[00:31:30.040 --> 00:31:31.040]  他們徹而聽,
[00:31:31.040 --> 00:31:34.040]  然後第二,他們一聽拜讚美禱告的時候,
[00:31:34.040 --> 00:31:37.040]  忽然間地大震動,
[00:31:37.040 --> 00:31:39.040]  哇,監門打開了,
[00:31:39.040 --> 00:31:41.040]  囚犯的鎖鏈竟然都已經鬆了,
[00:31:41.040 --> 00:31:44.040]  這個第二大神蹟啊!
[00:31:44.040 --> 00:31:45.040]  第三神蹟是什麼?
[00:31:45.040 --> 00:31:48.040]  這御主看到以後想要自殺糟糕,
[00:31:48.040 --> 00:31:53.040]  囚犯要跑了,肯定要被砍頭的,
[00:31:53.040 --> 00:31:55.040]  保羅說,不不不,不要害你自己,
[00:31:55.040 --> 00:31:57.040]  我們都在這裏,
[00:31:57.040 --> 00:32:01.040]  竟然這些囚犯鎖鏈都脫了,
[00:32:01.040 --> 00:32:02.040]  監門也打開了,
[00:32:02.040 --> 00:32:04.040]  竟然不走啊!
[00:32:04.040 --> 00:32:05.040]  你可以想象嗎?
[00:32:05.040 --> 00:32:06.040]  這是不是神蹟啊?
[00:32:06.040 --> 00:32:08.040]  是神蹟啊!
[00:32:08.040 --> 00:32:09.040]  這裏御主看到以後,
[00:32:09.040 --> 00:32:12.040]  不但御主信靠了耶穌基督,
[00:32:12.040 --> 00:32:14.040]  全家都受洗歸羅族的名下,
[00:32:14.040 --> 00:32:17.040]  成爲菲律賓教會最重要的成員,
[00:32:17.040 --> 00:32:18.040]  哈利路亞,
[00:32:18.040 --> 00:32:21.040]  禱告是你經歷神蹟的祕訣,
[00:32:21.040 --> 00:32:22.040]  阿們!
[00:32:22.040 --> 00:32:26.040]  你在你的婚姻家庭裏面,
[00:32:26.040 --> 00:32:28.040]  需要神蹟嗎?
[00:32:28.040 --> 00:32:31.040]  目前你工作好像在監獄裏面,
[00:32:31.040 --> 00:32:34.040]  久久都沒有一條出路,
[00:32:34.040 --> 00:32:36.040]  你需要神蹟嗎?
[00:32:36.040 --> 00:32:37.040]  在你的福祉上,
[00:32:37.040 --> 00:32:39.040]  好像遇到史無同,
[00:32:39.040 --> 00:32:40.040]  沒有什麼果效,
[00:32:40.040 --> 00:32:41.040]  你需要神蹟,
[00:32:41.040 --> 00:32:42.040]  這什麼?
[00:32:42.040 --> 00:32:44.040]  禱告啊!
[00:32:44.040 --> 00:32:48.040]  禱告是使你在神的面前有能力,
[00:32:48.040 --> 00:32:53.040]  可以攻破所有魔鬼撒旦所興起的堅固引領,
[00:32:53.040 --> 00:32:54.040]  一旦攻破了,
[00:32:54.040 --> 00:32:56.040]  可以將人的心,
[00:32:56.040 --> 00:32:58.040]  包括你孩子的心,
[00:32:58.040 --> 00:32:59.040]  包括你丈夫的心,
[00:32:59.040 --> 00:33:01.040]  包括你老闆的心,
[00:33:01.040 --> 00:33:04.040]  你員工的心都可以奪回,
[00:33:04.040 --> 00:33:08.040]  使他們都聖服耶穌基督。
[00:33:08.040 --> 00:33:10.040]  這是主根本的應許啊!
[00:33:10.040 --> 00:33:15.040]  所以禱告是你最有能力的武器,
[00:33:15.040 --> 00:33:16.040]  不但如此,
[00:33:16.040 --> 00:33:20.040]  禱告詐美也能夠轉化成事,
[00:33:20.040 --> 00:33:21.040]  影響世代。
[00:33:21.040 --> 00:33:22.040]  一講一遍來,
[00:33:22.040 --> 00:33:23.040]  以禱告詐美,
[00:33:23.040 --> 00:33:24.040]  轉化成事,
[00:33:24.040 --> 00:33:25.040]  影響世代。
[00:33:25.040 --> 00:33:28.040]  禱告詐美可以轉化成事,
[00:33:28.040 --> 00:33:31.040]  影響世代。
[00:33:31.040 --> 00:33:33.040]  這是爲什麼教會今年做了一件,
[00:33:33.040 --> 00:33:35.040]  我們過去三十年沒有做過的事情,
[00:33:35.040 --> 00:33:38.040]  耶利哥行動,
[00:33:38.040 --> 00:33:40.040]  我們來推動,
[00:33:40.040 --> 00:33:41.040]  來鼓勵弟兄姐妹,
[00:33:41.040 --> 00:33:42.040]  一起來,
[00:33:42.040 --> 00:33:43.040]  透過禱告,
[00:33:43.040 --> 00:33:44.040]  透過敬拜詐美,
[00:33:44.040 --> 00:33:45.040]  透過請以盧,
[00:33:45.040 --> 00:33:46.040]  來轉化成事,
[00:33:46.040 --> 00:33:48.040]  來影響我們的世代。
[00:33:48.040 --> 00:33:50.040]  阿們。
[00:33:50.040 --> 00:33:51.040]  大家今天進來的時候,
[00:33:51.040 --> 00:33:52.040]  都已經拿到這一份,
[00:33:52.040 --> 00:33:55.040]  耶利哥行動手冊。
[00:33:55.040 --> 00:33:56.040]  非常謝謝劉師母,
[00:33:56.040 --> 00:33:58.040]  她真的是做手冊是一流的,
[00:33:58.040 --> 00:33:59.040]  非常非常精彩,
[00:33:59.040 --> 00:34:02.040]  裏面所有的資料都在裏面,
[00:34:02.040 --> 00:34:03.040]  花了很多的心血,
[00:34:03.040 --> 00:34:04.040]  花了很多的心思,
[00:34:04.040 --> 00:34:06.040]  特別爲大家預備了一個手冊,
[00:34:06.040 --> 00:34:07.040]  一共有三個階段,
[00:34:07.040 --> 00:34:10.040]  第一階段是二十一天的首萬禱告,
[00:34:10.040 --> 00:34:11.040]  今天是幾號?
[00:34:11.040 --> 00:34:12.040]  六月十四號。
[00:34:12.040 --> 00:34:14.040]  到七月五號一共幾天?
[00:34:14.040 --> 00:34:15.040]  二十一天。
[00:34:15.040 --> 00:34:17.040]  二十一天裏面首萬禱告,
[00:34:17.040 --> 00:34:19.040]  每天都有禱告的經文,
[00:34:19.040 --> 00:34:20.040]  禱告的重點,
[00:34:20.040 --> 00:34:23.040]  甚至禱告詞都給你了。
[00:34:23.040 --> 00:34:27.040]  二十一天預備迎接耶利哥行動,
[00:34:27.040 --> 00:34:28.040]  從今天開始,
[00:34:28.040 --> 00:34:30.040]  一直到七月五號,
[00:34:30.040 --> 00:34:32.040]  這個第一階段是什麼?
[00:34:32.040 --> 00:34:34.040]  禱告。
[00:34:34.040 --> 00:34:35.040]  第二階段是做什麼呢?
[00:34:35.040 --> 00:34:36.040]  就是耶利哥行動。
[00:34:36.040 --> 00:34:38.040]  爲什麼要有耶利哥行動?
[00:34:38.040 --> 00:34:39.040]  我們來看看,
[00:34:39.040 --> 00:34:40.040]  約書亞紀第一章第三節。
[00:34:40.040 --> 00:34:43.040]  我們來是領受了神給約書亞的應許,
[00:34:43.040 --> 00:34:44.040]  做我們的應許,
[00:34:44.040 --> 00:34:45.040]  祂說,
[00:34:45.040 --> 00:34:46.040]  "凡你們腳掌所踏之地,
[00:34:46.040 --> 00:34:50.040]  我都照做我所應許摩西的話,
[00:34:50.040 --> 00:34:53.040]  賜給你們了。"
[00:34:53.040 --> 00:34:55.040]  神應許賜給摩西的,
[00:34:55.040 --> 00:34:56.040]  就是對約書亞說,
[00:34:56.040 --> 00:34:58.040]  我都已經賜給你了。
[00:34:58.040 --> 00:35:00.040]  這是爲什麼我們今年要把這個行動
[00:35:00.040 --> 00:35:03.040]  做爲耶利哥行動。
[00:35:03.040 --> 00:35:07.040]  你知道當神呼召約書亞,
[00:35:07.040 --> 00:35:09.040]  要帶領百姓進入到迦南美地,
[00:35:09.040 --> 00:35:12.040]  要收取神所賜給他們的迦南美地的時候,
[00:35:12.040 --> 00:35:15.040]  給他一個非常非常有趣的策略,
[00:35:15.040 --> 00:35:17.040]  特別是要攻打耶利哥城的時候。
[00:35:17.040 --> 00:35:20.040]  耶利哥城是當時舊約聖經裏面所記載,
[00:35:20.040 --> 00:35:23.040]  最堅固的城牆,
[00:35:23.040 --> 00:35:25.040]  非常堅固到一種地步,
[00:35:25.040 --> 00:35:28.040]  沒有任何的軍隊能夠攻破的城牆。
[00:35:28.040 --> 00:35:30.040]  當神賜給他們一個特別的策略,
[00:35:30.040 --> 00:35:31.040]  什麼策略呢?
[00:35:31.040 --> 00:35:35.040]  要他們吹腳的祭司和軍隊,
[00:35:35.040 --> 00:35:37.040]  每天繞成一次,
[00:35:37.040 --> 00:35:41.040]  什麼都不做,繞成一次。
[00:35:41.040 --> 00:35:45.040]  繞了六天,第七天繞成七次,
[00:35:45.040 --> 00:35:47.040]  然後神就做功了。
[00:35:47.040 --> 00:35:49.040]  請問如果你是其中一個士兵,
[00:35:49.040 --> 00:35:50.040]  你會怎麼想?
[00:35:50.040 --> 00:35:53.040]  拜託神啊,這怎麼打法?
[00:35:53.040 --> 00:35:55.040]  孫子兵法裏面沒有這一套,
[00:35:55.040 --> 00:35:57.040]  哪裏有這種打法?
[00:35:57.040 --> 00:35:58.040]  不動一刀一槍,
[00:35:58.040 --> 00:36:01.040]  每天帶着軍隊,然後祭司吹腳,
[00:36:01.040 --> 00:36:04.040]  繞着城走一圈,
[00:36:04.040 --> 00:36:06.040]  而且每天都走六天,
[00:36:06.040 --> 00:36:08.040]  第七天做什麼呢?
[00:36:08.040 --> 00:36:09.040]  看看經文怎麼講,
[00:36:09.040 --> 00:36:11.040]  第六章十五節,
[00:36:11.040 --> 00:36:13.040]  到第七日清晨黎明的時候,
[00:36:13.040 --> 00:36:15.040]  他們起來照樣繞城多少次?
[00:36:15.040 --> 00:36:19.040]  七次,唯獨這日把城繞了七次,
[00:36:19.040 --> 00:36:20.040]  到了第七次,
[00:36:20.040 --> 00:36:22.040]  祭司吹腳的時候,
[00:36:22.040 --> 00:36:25.040]  嶽叔要吩咐百姓說呼喊吧,
[00:36:25.040 --> 00:36:29.040]  因爲嶽後華已經把城交給你們了。
[00:36:29.040 --> 00:36:32.040]  你相信嗎?
[00:36:32.040 --> 00:36:35.040]  只有一個人相信,
[00:36:35.040 --> 00:36:38.040]  可以叫他嶽叔爻了。
[00:36:38.040 --> 00:36:41.040]  嶽叔爻是信靠順福神給他的,
[00:36:41.040 --> 00:36:43.040]  unconventional,
[00:36:43.040 --> 00:36:46.040]  不平凡的一種打法,
[00:36:46.040 --> 00:36:48.040]  不動一刀一槍,
[00:36:48.040 --> 00:36:50.040]  每天繞着城走,
[00:36:50.040 --> 00:36:52.040]  第七天的時候還繞七次,
[00:36:52.040 --> 00:36:53.040]  最後一次怎麼樣?
[00:36:53.040 --> 00:36:55.040]  大聲地呼喊神啊,
[00:36:55.040 --> 00:36:56.040]  感謝讚美主,
[00:36:56.040 --> 00:36:57.040]  一呼喊,
[00:36:57.040 --> 00:36:58.040]  什麼事情發生了?
[00:36:58.040 --> 00:37:00.040]  我們看看第六章二十節,
[00:37:00.040 --> 00:37:02.040]  於是百姓呼喊,
[00:37:02.040 --> 00:37:03.040]  祭司也吹腳,
[00:37:03.040 --> 00:37:04.040]  你看這聲音大得不得了,
[00:37:04.040 --> 00:37:07.040]  百姓聽見叫聲便大聲呼喊,
[00:37:07.040 --> 00:37:08.040]  Hallelujah!
[00:37:08.040 --> 00:37:09.040]  城牆就怎麼樣?
[00:37:09.040 --> 00:37:10.040]  坍陷,
[00:37:10.040 --> 00:37:12.040]  百姓便散去進城,
[00:37:12.040 --> 00:37:14.040]  個人往前直上,
[00:37:14.040 --> 00:37:15.040]  將城奪取,
[00:37:15.040 --> 00:37:16.040]  Hallelujah!
[00:37:16.040 --> 00:37:17.040]  哇,
[00:37:17.040 --> 00:37:21.040]  神的道路畢竟是高過我們的道路,
[00:37:21.040 --> 00:37:24.040]  所以永遠高過我們的意念,
[00:37:24.040 --> 00:37:29.040]  耶律格行動就是一個處於完全信靠順服的行動,
[00:37:29.040 --> 00:37:31.040]  不是一般的行動,
[00:37:31.040 --> 00:37:33.040]  乃是一個屬靈的行動,
[00:37:33.040 --> 00:37:35.040]  要求我們信靠順服,
[00:37:35.040 --> 00:37:38.040]  所以我們耶律格行動是從七月五號禮拜天,
[00:37:38.040 --> 00:37:40.040]  七點半開始,
[00:37:40.040 --> 00:37:41.040]  一直到禮拜六,
[00:37:41.040 --> 00:37:43.040]  七月十一號的晚上,
[00:37:43.040 --> 00:37:44.040]  有復興之夜,
[00:37:44.040 --> 00:37:47.040]  每天晚上我們會用不同的城市,
[00:37:47.040 --> 00:37:54.040]  每天晚上爲不同的城市來禱告,來宣告,
[00:37:54.040 --> 00:37:56.040]  來繞圈,
[00:37:56.040 --> 00:38:00.040]  然後也爲影響世代的七座山頭,
[00:38:00.040 --> 00:38:02.040]  來爲這七座山頭來禱告,
[00:38:02.040 --> 00:38:05.040]  求神能夠將這些堅固的陰雷都拉下來,
[00:38:05.040 --> 00:38:07.040]  使人的心被奪回,
[00:38:07.040 --> 00:38:08.040]  順服耶穌基督,
[00:38:08.040 --> 00:38:10.040]  Amen!
[00:38:10.040 --> 00:38:12.040]  七天的時間,
[00:38:12.040 --> 00:38:15.040]  我想禮拜六晚上一定會大聲的,
[00:38:15.040 --> 00:38:16.040]  呼喊啊,
[00:38:16.040 --> 00:38:17.040]  Hallelujah!
[00:38:17.040 --> 00:38:18.040]  大聲的呼喊,
[00:38:18.040 --> 00:38:19.040]  Hallelujah!
[00:38:19.040 --> 00:38:20.040]  耶律格的城要坍塌了,
[00:38:20.040 --> 00:38:21.040]  要坍陷了,
[00:38:21.040 --> 00:38:22.040]  彎曲的,
[00:38:22.040 --> 00:38:24.040]  堅固的陰雷都要來坍陷了,
[00:38:24.040 --> 00:38:25.040]  Hallelujah!
[00:38:25.040 --> 00:38:26.040]  你興奮嗎?
[00:38:26.040 --> 00:38:28.040]  你期待嗎?
[00:38:28.040 --> 00:38:29.040]  請不要忘記,
[00:38:29.040 --> 00:38:31.040]  七月五號到十一號,
[00:38:31.040 --> 00:38:33.040]  七月十二號我們做什麼呢?
[00:38:33.040 --> 00:38:36.040]  逐日崇拜結束以後,
[00:38:36.040 --> 00:38:40.040]  每個墓區都已經安排了你們要去禱告行經的地點,
[00:38:40.040 --> 00:38:43.040]  就在這個首次的後半段,
[00:38:43.040 --> 00:38:45.040]  每個地方都安排了禱告行經的地方,
[00:38:45.040 --> 00:38:49.040]  你就帶領你們的弟兄姐妹一起到七座山頭裏面,
[00:38:49.040 --> 00:38:50.040]  政府機構,
[00:38:50.040 --> 00:38:51.040]  學校,
[00:38:51.040 --> 00:38:52.040]  藝術,
[00:38:52.040 --> 00:38:53.040]  宗教,
[00:38:53.040 --> 00:38:54.040]  家庭,
[00:38:54.040 --> 00:38:55.040]  娛樂,
[00:38:55.040 --> 00:38:56.040]  傳媒,
[00:38:56.040 --> 00:38:58.040]  各個機構裏面就在那裏宣告禱告,
[00:38:58.040 --> 00:39:00.040]  就像耶律格城一樣,
[00:39:00.040 --> 00:39:02.040]  當耶穌帶領他的軍隊,
[00:39:02.040 --> 00:39:04.040]  帶領祭祀去禱告的時候,
[00:39:04.040 --> 00:39:05.040]  他們就是如此做,
[00:39:05.040 --> 00:39:06.040]  我們相信,
[00:39:06.040 --> 00:39:10.040]  這麼樣的信心的宣告,
[00:39:10.040 --> 00:39:11.040]  信靠順福,
[00:39:11.040 --> 00:39:14.040]  是要來翻轉我們戲谷的城市,
[00:39:14.040 --> 00:39:17.040]  要轉化我們每一個所居住的城市,
[00:39:17.040 --> 00:39:18.040]  要影響這個時代,
[00:39:18.040 --> 00:39:19.040]  爲什麼呢?
[00:39:19.040 --> 00:39:21.040]  因爲耶穌在馬太福音第十六章,
[00:39:21.040 --> 00:39:22.040]  第十九節,
[00:39:22.040 --> 00:39:23.040]  給我們這樣的應許,
[00:39:23.040 --> 00:39:25.040]  我把天國的鑰匙給你,
[00:39:25.040 --> 00:39:26.040]  天國鑰匙是什麼?
[00:39:26.040 --> 00:39:28.040]  就是禱告啊,
[00:39:28.040 --> 00:39:30.040]  禱告宣告啊,
[00:39:30.040 --> 00:39:32.040]  禱告宣告就是天國的鑰匙,
[00:39:32.040 --> 00:39:34.040]  罰你們在地上所捆綁的,
[00:39:34.040 --> 00:39:36.040]  在天上也已經捆綁了,
[00:39:36.040 --> 00:39:37.040]  在原文意思是說,
[00:39:37.040 --> 00:39:38.040]  已經捆綁了,
[00:39:38.040 --> 00:39:39.040]  也要捆綁,
[00:39:39.040 --> 00:39:40.040]  罰你在地上所示範的,
[00:39:40.040 --> 00:39:42.040]  在天上也要示範,
[00:39:42.040 --> 00:39:44.040]  當我們出去到各個城市的,
[00:39:44.040 --> 00:39:46.040]  每一個不同的山頭禱告的時候,
[00:39:46.040 --> 00:39:47.040]  我們宣告諸啊,
[00:39:47.040 --> 00:39:48.040]  帶走你的權柄,
[00:39:48.040 --> 00:39:49.040]  帶走你的能力,
[00:39:49.040 --> 00:39:50.040]  我們宣告諸啊,
[00:39:50.040 --> 00:39:51.040]  在這個城市裏面,
[00:39:51.040 --> 00:39:52.040]  堅固的陰謀也都要破除,
[00:39:52.040 --> 00:39:53.040]  哈利路亞,
[00:39:53.040 --> 00:39:56.040]  所有男主人認識神的至高之色都要被除掉,
[00:39:56.040 --> 00:39:58.040]  讓你的心能夠被奪回,
[00:39:58.040 --> 00:40:00.040]  使他們順服嫉妒,
[00:40:00.040 --> 00:40:02.040]  我相信你的城市一定會經歷轉化,
[00:40:02.040 --> 00:40:04.040]  你的小主要復興,
[00:40:04.040 --> 00:40:05.040]  你的墓區要復興,
[00:40:05.040 --> 00:40:08.040]  整個灣區要被神大大的得罩,
[00:40:08.040 --> 00:40:09.040]  阿們,
[00:40:09.040 --> 00:40:11.040]  這是神給我們的應許,
[00:40:11.040 --> 00:40:17.040]  因爲神已經把最有能力的武器給你了,
[00:40:17.040 --> 00:40:19.040]  那就是禱告,
[00:40:19.040 --> 00:40:21.040]  特別是同心合一的禱告,
[00:40:21.040 --> 00:40:22.040]  阿們,
[00:40:22.040 --> 00:40:24.040]  我們一起禱告,
[00:40:24.040 --> 00:40:26.040]  祝我們感謝讚美你,
[00:40:26.040 --> 00:40:28.040]  因爲祝你愛我們,
[00:40:28.040 --> 00:40:29.040]  不但救贖了我們,
[00:40:29.040 --> 00:40:31.040]  也把這最寶貴,
[00:40:31.040 --> 00:40:33.040]  最有能力的武器賜給我們,
[00:40:33.040 --> 00:40:35.040]  讓我們能夠貪婪無懼的,
[00:40:35.040 --> 00:40:37.040]  來到你的至聖所,
[00:40:37.040 --> 00:40:38.040]  透過禱告,
[00:40:38.040 --> 00:40:39.040]  我們能夠經歷,
[00:40:39.040 --> 00:40:41.040]  祝你自己的大能,
[00:40:41.040 --> 00:40:42.040]  祝你的同在,
[00:40:42.040 --> 00:40:44.040]  我們恭敬姜定文姐妹,
[00:40:44.040 --> 00:40:46.040]  再次到主人的面前,
[00:40:46.040 --> 00:40:47.040]  那麼今天明白,
[00:40:47.040 --> 00:40:49.040]  每一次我們禱告的時候,
[00:40:49.040 --> 00:40:50.040]  主啊,
[00:40:50.040 --> 00:40:52.040]  禰就在工作,
[00:40:52.040 --> 00:40:55.040]  教堂當年戴德森宣教士說,
[00:40:55.040 --> 00:40:56.040]  到我們工作的時候,
[00:40:56.040 --> 00:40:57.040]  我們在工作,
[00:40:57.040 --> 00:40:59.040]  到我們禱告的時候,
[00:40:59.040 --> 00:41:01.040]  是禰在工作,
[00:41:01.040 --> 00:41:03.040]  When we work, we work.
[00:41:03.040 --> 00:41:06.040]  When we pray, God works.
[00:41:06.040 --> 00:41:09.040]  幫助我們,讓我們明白,
[00:41:09.040 --> 00:41:11.040]  禱告的真理,
[00:41:11.040 --> 00:41:12.040]  讓我們願意,
[00:41:12.040 --> 00:41:14.040]  真心主義的話語,
[00:41:14.040 --> 00:41:15.040]  同心合一,
[00:41:15.040 --> 00:41:16.040]  在你面前使用,
[00:41:16.040 --> 00:41:19.040]  你給我們最有能力的武器,
[00:41:19.040 --> 00:41:20.040]  來轉化城市,
[00:41:20.040 --> 00:41:22.040]  影響時代。
[00:41:22.040 --> 00:41:23.040]  謝謝我們的主,
[00:41:23.040 --> 00:41:24.040]  聽我們的禱告,
[00:41:24.040 --> 00:41:25.040]  奉考主耶穌基督,
[00:41:25.040 --> 00:41:26.040]  保貴了民窮。
