
[00:00:00.000 --> 00:00:03.320]  我昔日可能大家都有同大家講過
[00:00:03.320 --> 00:00:06.400]  我係喺阿德萊德讀大學嘅
[00:00:06.400 --> 00:00:09.720]  喺阿德萊德讀大學呢
[00:00:09.720 --> 00:00:12.800]  身邊呢原來有唔少朋友呢係讀
[00:00:12.800 --> 00:00:16.120]  航空同埋讀飛行即係讀Aviation
[00:00:16.120 --> 00:00:19.720]  咁所以而家我身邊呢都有好多朋友就真係喺
[00:00:19.720 --> 00:00:23.040]  啲航空公司裏面呢佢哋就係揸飛機咁樣
[00:00:23.040 --> 00:00:24.320]  昔日呢
[00:00:24.320 --> 00:00:25.600]  小弟呢
[00:00:25.600 --> 00:00:29.440]  都係讀航天同埋機械工程
[00:00:29.440 --> 00:00:32.000]  飛機我就冇揸過啦
[00:00:32.000 --> 00:00:38.400]  咁但係呢我都稍稍有接觸過嘗試過呢啲叫做飛行嘅
[00:00:38.400 --> 00:00:40.960]  模擬器啲Flight Simulator
[00:00:40.960 --> 00:00:47.360]  我哋今日可能時常我哋都會揸車大家知道揸車嘅時候呢即使我哋喺
[00:00:47.360 --> 00:00:53.520]  黑夜裏面我哋打開嗰個車頭燈我哋就見到前面嘅路幫我哋去到
[00:00:53.520 --> 00:00:55.040]  變形方向
[00:00:55.040 --> 00:00:57.600]  但係如果我哋唔係揸車呀
[00:00:57.600 --> 00:00:59.380]  係揸飛機呢
[00:00:59.380 --> 00:01:03.480]  如果揸飛機嘅時候去到
[00:01:03.480 --> 00:01:09.880]  半空上面循航嘅高度嗰啲Cruising Attitude見到出面呢就係
[00:01:09.880 --> 00:01:12.180]  淨係白濛濛一片㗎啫
[00:01:12.180 --> 00:01:20.120]  又或者揸飛機嘅時候當天氣好差窗外變狂風暴雨甚至喺黑夜裏面
[00:01:20.120 --> 00:01:26.780]  究竟機師係點樣辨別即係嗰個飛機所在喺邊度同埋即係
[00:01:26.780 --> 00:01:32.920]  嗰個方向喺邊度以至嗰個飛機唔會好似盲頭蒼蠅一路一路咁樣
[00:01:32.920 --> 00:01:34.200]  亂咁飛嘅呢
[00:01:34.200 --> 00:01:35.740]  原來呢
[00:01:35.740 --> 00:01:42.140]  飛機就機師呢就要靠飛機呀機駕駛艙前面嘅飛行
[00:01:42.140 --> 00:01:43.420]  儀錶板
[00:01:43.420 --> 00:01:47.520]  幫佢去到變形方向究竟喺邊度
[00:01:47.520 --> 00:01:51.360]  我又要向邊度去到飛
[00:01:51.360 --> 00:01:54.940]  其實我哋作為信徒都一樣當我哋今日打開新聞
[00:01:54.940 --> 00:01:58.780]  見到經濟嘅動盪呀見到好多疾病嘅威脅
[00:01:58.780 --> 00:02:01.860]  見到地緣政治嘅衝突
[00:02:01.860 --> 00:02:06.980]  又或者係我哋自己身上當我哋可能打開自己嘅體檢報告
[00:02:06.980 --> 00:02:13.880]  打開我哋嘅銀行戶口我哋見到嘅可能都成為我哋一啲突發嘅危機
[00:02:13.880 --> 00:02:19.780]  我哋都會諗我哋點樣走落去呢向邊個方向行呢我哋而家
[00:02:19.780 --> 00:02:22.580]  究竟身處喺邊度
[00:02:22.580 --> 00:02:26.660]  我哋喺黑夜喺狂風暴雨裏面嘅生命
[00:02:26.660 --> 00:02:34.600]  有冇一啲即係飛行嘅儀錶板係幫我哋辨別方向
[00:02:34.600 --> 00:02:37.160]  我哋過去喺四至六月
[00:02:37.160 --> 00:02:40.740]  讀咗主耶穌基督寫畀七間教會嘅信
[00:02:40.740 --> 00:02:43.300]  我哋見到唔同教會嘅狀況
[00:02:43.300 --> 00:02:47.140]  當然教會有被主稱讚嘅地方但係彷彿
[00:02:47.140 --> 00:02:52.780]  更加多嘅係被督責佢哋軟弱嘅地方喺邊度
[00:02:52.780 --> 00:02:54.820]  並且有時候我哋發現呢
[00:02:54.820 --> 00:02:59.680]  讀完呢七封信發現有時候其實唔係教會自甘墮落
[00:02:59.680 --> 00:03:01.980]  有時係佢哋迫不得已
[00:03:01.980 --> 00:03:06.600]  係面對好多嚟自環境嘅逼迫啦困難啦
[00:03:06.600 --> 00:03:12.480]  我哋發現地上面嘅教會好多嘅問題好多嘅困難
[00:03:12.480 --> 00:03:16.580]  身處喺黑夜狂風暴雨之中
[00:03:16.580 --> 00:03:20.420]  咁之後可以點樣呢
[00:03:20.420 --> 00:03:23.240]  雖然地上面有好多嘅問題
[00:03:23.240 --> 00:03:25.040]  但係之後
[00:03:25.040 --> 00:03:27.840]  此後聖經就記載
[00:03:27.840 --> 00:03:31.940]  約翰睜大眼見到嘅係天上嘅事
[00:03:31.940 --> 00:03:36.800]  約翰好清楚記載見到嘅呢一切嘅異象vision
[00:03:36.800 --> 00:03:40.400]  係神去到主導讓佢見得到
[00:03:40.400 --> 00:03:45.760]  佢聽到好似吹號嘅聲音叫佢領受呢一切將來要發生嘅事
[00:03:45.760 --> 00:03:52.160]  同時佢都話係聖靈感動佢讓佢見到呢一切
[00:03:52.160 --> 00:03:55.480]  撒瑪神好清楚嘅讓約翰知道
[00:03:55.480 --> 00:03:59.080]  雖然現在現世發生嘅事情
[00:03:59.080 --> 00:04:02.920]  係黑夜裏面係喺狂風暴雨裏面但係
[00:04:02.920 --> 00:04:09.060]  佢叫約翰佢眼目要注目喺天上嘅事
[00:04:09.060 --> 00:04:13.920]  當我哋嘗試去到理解約翰所見到嘅異象
[00:04:13.920 --> 00:04:18.020]  我哋就首先要明白呢其實我哋今日讀緊呢本書
[00:04:18.020 --> 00:04:25.180]  啟示錄裏面呢有好多好多好吸引我哋眼球嘅形象嗰啲嘅形容詞
[00:04:25.180 --> 00:04:29.020]  不過呢啲形容詞呢其實唔係要叫我哋覺得驚
[00:04:29.020 --> 00:04:34.920]  甚至亦都唔係要我哋直接按住字面嘅意思去到理解
[00:04:34.920 --> 00:04:40.040]  我哋必須要明白呢約翰喺啟示錄裏面呢見到嘅異象
[00:04:40.040 --> 00:04:46.440]  無論係發生嘅事啦無論係啲天使嘅形象啦又或者神自己嘅容貌
[00:04:46.440 --> 00:04:49.760]  我哋必須要承認呢一啲嘅vision呢
[00:04:49.760 --> 00:04:57.200]  其實係好多時候係超越咗人理性感官上面嘅經驗
[00:04:57.200 --> 00:05:01.800]  以致到呢我哋係冇辦法用人類有限嘅語言
[00:05:01.800 --> 00:05:04.880]  有限嘅視覺形象去形容
[00:05:04.880 --> 00:05:10.760]  所以呢約翰喺啟示錄裏面呢用咗好多象徵性嘅言語
[00:05:10.760 --> 00:05:18.200]  嘗試就讓讀者讓我哋用我哋用心靈去到體會去到領受
[00:05:18.200 --> 00:05:22.540]  究竟佢見到嘅係啲咩呢
[00:05:22.540 --> 00:05:25.360]  約翰見到啲咩呢第一眼
[00:05:25.360 --> 00:05:27.660]  約翰第一眼見到嘅
[00:05:27.660 --> 00:05:32.280]  就係一個喺天上面安置嘅寶座
[00:05:32.280 --> 00:05:36.380]  有一位坐喺寶座上面
[00:05:36.380 --> 00:05:42.260]  寶座呢個字喺短短第四章裏面出現咗14次
[00:05:42.260 --> 00:05:45.600]  喺成卷嘅啟示錄裏面出現咗47次
[00:05:45.600 --> 00:05:49.940]  讓我哋知道寶座呢樣嘢一定係喺啟示錄裏面
[00:05:49.940 --> 00:05:54.820]  好重要好重要嘅一個嘅核心一個嘅主題
[00:05:54.820 --> 00:05:58.400]  我哋記得喺七風寫畀教會嘅信裏面
[00:05:58.400 --> 00:06:02.500]  我哋講過當時嘅基督徒當時嘅教會
[00:06:02.500 --> 00:06:04.540]  佢哋面對好多嘅問題
[00:06:04.540 --> 00:06:09.400]  當時羅馬嘅皇帝要求人民就召佢做神
[00:06:09.400 --> 00:06:13.500]  嗰啲唔服從嘅信徒就要面對各樣嘅逼迫
[00:06:13.500 --> 00:06:15.800]  喺社會裏面被邊緣化啦
[00:06:15.800 --> 00:06:21.440]  講到佢哋嘅財產被沒收啦佢哋自己個人呀畀人掉落去嗰啲競技場
[00:06:21.440 --> 00:06:23.220]  去到受死啦
[00:06:23.220 --> 00:06:29.360]  而寫啟示錄嘅約翰自己呀都真係因為傳講神嘅道
[00:06:29.360 --> 00:06:33.460]  佢被去到流放去到呢個島上面
[00:06:33.460 --> 00:06:38.580]  所以當時嘅信徒喺現實裏面見到嘅寶座係啲咩呢
[00:06:38.580 --> 00:06:43.180]  就只係有嗰個羅馬皇帝嘅寶座
[00:06:43.180 --> 00:06:51.380]  不過神要約翰見到天上嘅寶座先係嗰個真真正正嘅寶座
[00:06:51.380 --> 00:06:54.460]  地上嘅政權嘅寶座係暫時嘅
[00:06:54.460 --> 00:07:01.880]  但係天上嘅先係真正永遠永恆存在嘅
[00:07:01.880 --> 00:07:05.460]  嗰個天上嘅寶座先係絕對嘅
[00:07:05.460 --> 00:07:10.580]  地上嘅一切都必然扭壞
[00:07:10.580 --> 00:07:13.660]  約翰跟住落嚟就對寶座嘅描述
[00:07:13.660 --> 00:07:16.720]  就好似舊約聖經以西傑書一樣
[00:07:16.720 --> 00:07:19.800]  嗰個嘅記載互相嘅去到影照
[00:07:19.800 --> 00:07:23.640]  約翰嘅目光從寶座首先佢嘅眼目
[00:07:23.640 --> 00:07:27.740]  係移向坐喺寶座上面嗰位嘅神
[00:07:27.740 --> 00:07:31.320]  嗰位嘅神係點樣嘅呢
[00:07:31.320 --> 00:07:39.760]  然而神係唔單止唔可以無法畀人嘅肉眼所局限同埋規範
[00:07:39.760 --> 00:07:42.580]  舊約聖經亦都多次同我哋講
[00:07:42.580 --> 00:07:45.400]  罪人係唔可以直視神
[00:07:45.400 --> 00:07:48.720]  當神要向人顯現嘅時候
[00:07:48.720 --> 00:07:51.280]  人點樣可以睇神呢
[00:07:51.280 --> 00:07:53.840]  一係搵布蒙住塊面
[00:07:53.840 --> 00:07:58.200]  一係只可以望神嘅背面
[00:07:58.200 --> 00:08:03.320]  所以當約翰好想望下神係咩樣嘅時候
[00:08:03.320 --> 00:08:11.000]  約翰喺啟示錄最後佢只可以用一啲側寫嘅手法去到形容
[00:08:11.000 --> 00:08:13.040]  究竟神係點樣
[00:08:13.040 --> 00:08:17.400]  佢就話神係好似碧玉、紅寶石一樣
[00:08:17.400 --> 00:08:20.720]  其實佢係好想描繪緊神嘅光輝
[00:08:20.720 --> 00:08:23.040]  神嘅聖潔、神嘅救贖
[00:08:23.040 --> 00:08:24.820]  神嘅榮耀
[00:08:24.820 --> 00:08:28.160]  嗰個好美麗嘅光輝
[00:08:28.160 --> 00:08:29.440]  然後約翰又話
[00:08:29.440 --> 00:08:32.000]  神寶座嘅周圍有紅
[00:08:32.000 --> 00:08:35.580]  好似綠寶石一樣嘅紅去到圍繞
[00:08:35.580 --> 00:08:39.940]  講緊嘅就係神親自紀念同埋遵守
[00:08:39.940 --> 00:08:46.320]  佢昔日喺洪水之後同人同所有嘅活物所納嗰個恩典嘅約
[00:08:46.320 --> 00:08:48.620]  呢個係講緊神記得呢個約
[00:08:48.620 --> 00:08:49.900]  神自己守住
[00:08:49.900 --> 00:08:52.720]  呢個係神嘅信實
[00:08:52.720 --> 00:08:54.000]  第五節形容
[00:08:54.000 --> 00:08:59.120]  有閃電、有聲音、有雷轟從寶座裏面發出
[00:08:59.120 --> 00:09:01.160]  呢啲我哋都諗得起呀
[00:09:01.160 --> 00:09:02.700]  可能我哋讀過舊約
[00:09:02.700 --> 00:09:06.300]  我哋就知道呢個係喺舊約出埃及記十九章
[00:09:06.300 --> 00:09:11.160]  當神臨在顯現喺西乃山同人顯現嘅時候
[00:09:11.160 --> 00:09:15.500]  嗰個景象就有呢啲雷轟閃電發出嚟
[00:09:15.500 --> 00:09:21.140]  係要凸顯緊神嘅權柄威嚴同埋審判
[00:09:21.140 --> 00:09:24.980]  寶座前面點咗七盞火燈
[00:09:24.980 --> 00:09:28.300]  代表嘅就係神完全嘅聖潔
[00:09:28.300 --> 00:09:32.400]  並且帶住潔淨力量嗰個火嘅燈呀
[00:09:32.400 --> 00:09:37.260]  帶住潔淨力量帶住權柄嘅聖靈
[00:09:37.260 --> 00:09:39.060]  然後第六節講到
[00:09:39.060 --> 00:09:41.860]  寶座前面好似一個玻璃海
[00:09:41.860 --> 00:09:44.180]  如同水晶
[00:09:44.180 --> 00:09:47.520]  玻璃海係咩意思呢
[00:09:47.520 --> 00:09:52.380]  原來喺古近東嘅文化又或者喺舊約聖經裏面
[00:09:52.380 --> 00:09:58.520]  海往往係代表住混沌代表住深淵代表住邪惡
[00:09:58.520 --> 00:10:00.820]  敵對神嘅力量
[00:10:00.820 --> 00:10:03.640]  所以大家記得耶穌做過嗰個嘅神蹟
[00:10:03.640 --> 00:10:05.440]  當嗰啲鬼
[00:10:05.440 --> 00:10:08.240]  畀耶穌趕入豬群之後
[00:10:08.240 --> 00:10:10.560]  佢哋就跳返落去個海裏面
[00:10:10.560 --> 00:10:15.680]  所以海對於猶大人佢哋嘅文化嚟講呢係一啲邪惡嘅嘢
[00:10:15.680 --> 00:10:21.300]  但係喺神嘅寶座根前呢個邪惡呢個洶湧嘅海
[00:10:21.300 --> 00:10:23.860]  變成一個玻璃海
[00:10:23.860 --> 00:10:26.420]  好似水晶一樣
[00:10:26.420 --> 00:10:32.580]  意味住呢個喺神嘅完全嘅主權同埋掌管底下
[00:10:32.580 --> 00:10:36.920]  所有嘅混亂所有嘅風暴所有嘅動蕩邪惡勢力
[00:10:36.920 --> 00:10:41.520]  都完全嘅被超越被平息被降伏
[00:10:41.520 --> 00:10:43.580]  被制止
[00:10:43.580 --> 00:10:45.880]  嗰個海唔再洶湧
[00:10:45.880 --> 00:10:48.180]  玻璃一樣水晶一樣
[00:10:48.180 --> 00:10:51.760]  甚至發出光輝
[00:10:51.760 --> 00:10:55.600]  我再講即係約翰喺啟示錄裏面嘅描繪呢
[00:10:55.600 --> 00:10:58.680]  係按住猶太人當時文化嘅習俗
[00:10:58.680 --> 00:11:01.240]  當時佢哋嘅處境嘅術語
[00:11:01.240 --> 00:11:05.080]  所以我哋要明白啟示錄呢啲特別嘅記載形象呢
[00:11:05.080 --> 00:11:10.460]  係我哋要理解嘅時候呢就首先我哋要明白究竟猶太人佢哋嘅
[00:11:10.460 --> 00:11:14.040]  文化佢哋嘅習俗呀係啲乜嘢嘢
[00:11:14.040 --> 00:11:18.640]  就好似我哋按住華人嘅傳統呢即係我哋就知道
[00:11:18.640 --> 00:11:21.200]  新年流流有啲嘢呢我哋唔好做呀
[00:11:21.200 --> 00:11:23.000]  新年流流唔好
[00:11:23.000 --> 00:11:24.540]  剪頭髮呀係咪呀
[00:11:24.540 --> 00:11:26.320]  新年流流即係初一
[00:11:26.320 --> 00:11:27.600]  初二你唔好
[00:11:27.600 --> 00:11:29.920]  唔好著到全身都黑色係咪呀
[00:11:29.920 --> 00:11:37.080]  因為就即係呢啲就招嚟啲唔吉利呀招嚟啲霉氣呀晦氣呀係咪
[00:11:37.080 --> 00:11:38.880]  但係如果我哋講
[00:11:38.880 --> 00:11:43.240]  喺我哋華人呢種嘅傳統文化裏面如果我哋講
[00:11:43.240 --> 00:11:46.300]  即使係喺新年流流
[00:11:46.300 --> 00:11:52.200]  只要係喺神嘅寶座之下我哋著到一身黑色都冇任何問題
[00:11:52.200 --> 00:11:57.320]  係因為所有嘅唔吉利所有嘅霉氣呀嗰啲我哋所講嘅嘢
[00:11:57.320 --> 00:12:00.660]  全部喺神嘅寶座底下
[00:12:00.660 --> 00:12:01.680]  都唔重要
[00:12:01.680 --> 00:12:03.720]  嗰啲都被平伏
[00:12:03.720 --> 00:12:06.020]  都被制止
[00:12:06.020 --> 00:12:07.560]  我哋就明白
[00:12:07.560 --> 00:12:09.360]  原來神嘅寶座
[00:12:09.360 --> 00:12:11.660]  神嘅權柄神嘅能力
[00:12:11.660 --> 00:12:13.700]  係高於一切
[00:12:13.700 --> 00:12:15.240]  我哋覺得
[00:12:15.240 --> 00:12:18.060]  我哋嘅文化裏面覺得嗰啲不祥呀
[00:12:18.060 --> 00:12:20.360]  唔吉利嘅嘢
[00:12:20.360 --> 00:12:23.440]  所以返返去一開頭嘅比喻
[00:12:23.440 --> 00:12:25.220]  親愛嘅朋友弟姐妹
[00:12:25.220 --> 00:12:28.560]  可能我哋而家生活裏面生命裏面
[00:12:28.560 --> 00:12:31.120]  遭遇緊一啲嘅亂流
[00:12:31.120 --> 00:12:35.980]  叫我哋望唔清窗外嘅環境同埋方向
[00:12:35.980 --> 00:12:39.560]  可能係我哋嘅老闆唔公義嘅對待我哋
[00:12:39.560 --> 00:12:41.600]  可能係我哋身體裏面
[00:12:41.600 --> 00:12:46.220]  醫生話畀我哋聽已經冇得醫㗎嗰個疾病
[00:12:46.220 --> 00:12:48.520]  可能係我哋即係
[00:12:48.520 --> 00:12:52.880]  晚晚都瞓唔著因為我哋即係面對住經濟嘅壓力
[00:12:52.880 --> 00:12:58.260]  可能係我哋屋企裏面不斷爭吵或者不斷經歷冷戰
[00:12:58.260 --> 00:13:01.080]  又或者可能係我哋持續
[00:13:01.080 --> 00:13:06.200]  填到好滿嘅嗰個嘅行程表
[00:13:06.200 --> 00:13:08.500]  但係啟示錄教導我哋
[00:13:08.500 --> 00:13:14.900]  唔好讓地上面嘅風暴掩蓋咗天上面嘅寶座
[00:13:14.900 --> 00:13:17.460]  當我哋今個星期
[00:13:17.460 --> 00:13:22.580]  再一次面對一啲令到我哋去到憂慮去到苦惱
[00:13:22.580 --> 00:13:24.880]  恐懼嘅處境時候
[00:13:24.880 --> 00:13:27.700]  但我邀請你好似約翰一樣
[00:13:27.700 --> 00:13:30.260]  先停低落嚟
[00:13:30.260 --> 00:13:32.300]  瞇埋我哋嘅雙眼
[00:13:32.300 --> 00:13:36.140]  然後喺我哋心裏面做個簡短嘅禱告
[00:13:36.140 --> 00:13:37.940]  我哋同神講
[00:13:37.940 --> 00:13:38.960]  神呀
[00:13:38.960 --> 00:13:41.020]  地上面嘅環境雖然好混亂
[00:13:41.020 --> 00:13:48.700]  但係我知道你仍然坐喺天上嗰個真實嘅寶座上面
[00:13:48.700 --> 00:13:52.800]  其實啱啱呢個星期呢都係我一個比較忙碌嘅星期
[00:13:52.800 --> 00:13:56.120]  你可能你問下Karen你都知道可能
[00:13:56.120 --> 00:13:58.940]  呢個星期呢佢都見到我有時候
[00:13:58.940 --> 00:14:00.980]  好懵陣嘅時候
[00:14:00.980 --> 00:14:02.780]  但係呢個星期呢
[00:14:02.780 --> 00:14:04.820]  我要講道
[00:14:04.820 --> 00:14:06.620]  所以又再一次
[00:14:06.620 --> 00:14:10.720]  係神叫我講道我首先要睇呢段經文
[00:14:10.720 --> 00:14:15.060]  首先神用啟示錄呢段經文去到提醒我
[00:14:15.060 --> 00:14:17.620]  我自己要安靜落嚟
[00:14:17.620 --> 00:14:19.160]  我又諗起
[00:14:19.160 --> 00:14:20.420]  針研四章
[00:14:20.420 --> 00:14:25.300]  廿三節講道你要保守你心勝過保守一切
[00:14:25.300 --> 00:14:27.080]  因為一生嘅果效
[00:14:27.080 --> 00:14:30.420]  係由心發出
[00:14:30.420 --> 00:14:32.460]  當我哋禱告同神講
[00:14:32.460 --> 00:14:38.100]  神呀地上面嘅環境雖然混亂雖然好多嘢做但係我知道你仍然
[00:14:38.100 --> 00:14:40.140]  喺天上面嘅寶座上面
[00:14:40.140 --> 00:14:41.940]  坐喺嗰度做
[00:14:41.940 --> 00:14:44.240]  當我哋咁講嘅時候
[00:14:44.240 --> 00:14:46.540]  我哋係同緊神講
[00:14:46.540 --> 00:14:48.340]  我哋亦都係同緊自己講
[00:14:48.340 --> 00:14:52.180]  我哋亦都係同緊世界去到宣告
[00:14:52.180 --> 00:14:54.740]  我哋嘅神係創造嘅主
[00:14:54.740 --> 00:14:58.060]  萬有都服喺佢嘅旨意之下
[00:14:58.060 --> 00:15:01.400]  我哋呢度神仍然係坐喺
[00:15:01.400 --> 00:15:03.440]  寶座之上
[00:15:03.440 --> 00:15:04.980]  而當我哋承認
[00:15:04.980 --> 00:15:07.280]  神嘅掌權嘅時候
[00:15:07.280 --> 00:15:10.100]  我哋就係將眼前嘅風暴
[00:15:10.100 --> 00:15:13.420]  眼前好洶湧嘅海水
[00:15:13.420 --> 00:15:16.740]  交畀嗰位坐喺寶座上嘅
[00:15:16.740 --> 00:15:20.080]  去到幫我哋去到平息
[00:15:20.080 --> 00:15:24.680]  而特別真正嘅平安係啲咩呢真正嘅平安唔係神
[00:15:24.680 --> 00:15:27.760]  就即刻命令嗰啲嘅風暴止住
[00:15:27.760 --> 00:15:29.300]  真正嘅平安
[00:15:29.300 --> 00:15:31.860]  係我哋清楚見得到
[00:15:31.860 --> 00:15:34.160]  喺一切嘅風暴一切嘅亂流
[00:15:34.160 --> 00:15:35.440]  上面
[00:15:35.440 --> 00:15:36.720]  有一個永不
[00:15:36.720 --> 00:15:38.000]  動搖
[00:15:38.000 --> 00:15:41.060]  嘅寶座
[00:15:41.060 --> 00:15:43.620]  去到第五章約翰嘅視覺
[00:15:43.620 --> 00:15:44.900]  從寶座
[00:15:44.900 --> 00:15:45.920]  轉移到
[00:15:45.920 --> 00:15:48.740]  寶座上面神右手
[00:15:48.740 --> 00:15:50.780]  有卷嘅書卷
[00:15:50.780 --> 00:15:54.880]  聖經就記載呢個書卷裏面外面都寫住字
[00:15:54.880 --> 00:15:57.700]  用七印封嚴咗
[00:15:57.700 --> 00:15:59.740]  按住當時羅馬嘅背景呢
[00:15:59.740 --> 00:16:04.860]  原來係一啲遺囑啦或者一啲好重要嘅地契啦先會用
[00:16:04.860 --> 00:16:06.920]  七個嘅印去封住
[00:16:06.920 --> 00:16:10.500]  並且淨係畀嗰啲有合法繼承人呢
[00:16:10.500 --> 00:16:14.600]  佢哋先有權去到拆開呢啲嘅書卷
[00:16:14.600 --> 00:16:16.140]  呢卷嘅書卷
[00:16:16.140 --> 00:16:19.720]  講緊唔單止好重要用七個嘅印封住
[00:16:19.720 --> 00:16:22.020]  更加講到佢裏面外面
[00:16:22.020 --> 00:16:23.560]  都寫滿晒字
[00:16:23.560 --> 00:16:25.360]  真係冇得再寫㗎真係
[00:16:25.360 --> 00:16:27.660]  完全嘅一卷嘅書卷
[00:16:27.660 --> 00:16:30.220]  呢卷嘅書卷按住舊約
[00:16:30.220 --> 00:16:34.320]  但以理書同埋以西傑書嘅神學嘅背景底下
[00:16:34.320 --> 00:16:38.160]  呢卷書卷係講緊神對人類歷史
[00:16:38.160 --> 00:16:39.680]  終極嘅旨意
[00:16:39.680 --> 00:16:42.000]  係講緊神救贖嘅計劃
[00:16:42.000 --> 00:16:44.040]  係講緊神對邪惡
[00:16:44.040 --> 00:16:48.900]  對所有邪惡罪惡嘅最終嘅審判
[00:16:48.900 --> 00:16:52.740]  當呢卷書必須要被剪開嘅時候
[00:16:52.740 --> 00:16:55.560]  世上嘅苦難先至可以結束
[00:16:55.560 --> 00:16:58.120]  神嘅公義先至可以彰顯
[00:16:58.120 --> 00:17:01.960]  神嘅國道先至可以完全嘅降臨
[00:17:01.960 --> 00:17:03.740]  所以我哋就諗
[00:17:03.740 --> 00:17:05.020]  無論係昔日
[00:17:05.020 --> 00:17:08.100]  係面對緊困難嘅教會信徒
[00:17:08.100 --> 00:17:11.180]  無論係昔日被流放嘅約翰
[00:17:11.180 --> 00:17:12.700]  又或者歷代嘅信徒
[00:17:12.700 --> 00:17:14.760]  甚至今日嘅我哋
[00:17:14.760 --> 00:17:16.800]  見到今日好多唔公義
[00:17:16.800 --> 00:17:19.880]  好多苦難發生嘅我哋
[00:17:19.880 --> 00:17:23.720]  我哋都同樣渴望神嘅公義可以臨到
[00:17:23.720 --> 00:17:27.820]  地上嘅罪惡嗰啲嘅戰爭所有都被制止
[00:17:27.820 --> 00:17:29.100]  我哋好渴望
[00:17:29.100 --> 00:17:29.860]  罪
[00:17:29.860 --> 00:17:32.940]  好渴望邪惡被審判
[00:17:32.940 --> 00:17:33.960]  但係
[00:17:33.960 --> 00:17:36.780]  當我哋好想呢卷書畀人打開嘅時候
[00:17:36.780 --> 00:17:38.840]  有位大力嘅天使就話
[00:17:38.840 --> 00:17:40.880]  有邊個配展開
[00:17:40.880 --> 00:17:44.460]  呢卷嘅書解除呢七個人
[00:17:44.460 --> 00:17:47.780]  當呢位天使好大聲去到講嘅時候
[00:17:47.780 --> 00:17:49.840]  天使得到嘅回應
[00:17:49.840 --> 00:17:53.160]  卻係一片嘅死寂
[00:17:53.160 --> 00:17:55.720]  原來地上面
[00:17:55.720 --> 00:17:57.520]  天上面地底下
[00:17:57.520 --> 00:18:03.140]  冇一個可以展開觀看呢個書卷
[00:18:03.140 --> 00:18:07.740]  冇任何一個人冇任何一個嘅受造物有資格
[00:18:07.740 --> 00:18:09.020]  有聖潔
[00:18:09.020 --> 00:18:10.300]  有能力
[00:18:10.300 --> 00:18:16.200]  去到推動世界呢個歷史走向救贖
[00:18:16.200 --> 00:18:20.800]  當書卷剛才講到呢個書卷唔被打開
[00:18:20.800 --> 00:18:22.080]  意味嘅
[00:18:22.080 --> 00:18:25.420]  就係嗰啲嘅苦難
[00:18:25.420 --> 00:18:28.480]  將會永無止境
[00:18:28.480 --> 00:18:34.620]  意味呢卷書唔再打開嘅時候就係講緊神嘅救贖計劃同樣嘅去到停滯
[00:18:34.620 --> 00:18:36.920]  公義嘅繼續無法伸冤
[00:18:36.920 --> 00:18:40.760]  歷史冇中共
[00:18:40.760 --> 00:18:46.660]  拒絕敬拜政權同埋君王嘅信徒佢哋就要繼續嘅殉道
[00:18:46.660 --> 00:18:49.980]  強權就可以繼續欺壓嗰啲嘅弱者
[00:18:49.980 --> 00:18:54.840]  無辜嘅平民百姓繼續就要承受嗰啲戰火嘅蹂躪
[00:18:54.840 --> 00:18:59.440]  各地繼續要遭遇天災嘅破壞
[00:18:59.440 --> 00:19:02.000]  罪惡繼續嘅猖獗
[00:19:02.000 --> 00:19:05.340]  所以約翰就覺得好悲痛
[00:19:05.340 --> 00:19:08.160]  佢覺得唔應該係咁呀呢個世界
[00:19:08.160 --> 00:19:12.760]  佢好絕望無力嘅痛哭
[00:19:12.760 --> 00:19:15.060]  但係呢個時候
[00:19:15.060 --> 00:19:18.400]  有一位長老叫約翰唔好喊
[00:19:18.400 --> 00:19:24.540]  因為猶大之派裏面嘅獅子大衛嘅根佢已經得成佢可以
[00:19:24.540 --> 00:19:29.400]  掀開呢個書卷揭開嗰七個人
[00:19:29.400 --> 00:19:34.020]  猶太之派嘅獅子源自創世紀四十九章
[00:19:34.020 --> 00:19:39.900]  講緊嗰個尼塞亞係滿有力量滿有權柄嘅征服者
[00:19:39.900 --> 00:19:43.480]  而大衛嘅根就係源自以賽亞書十一章
[00:19:43.480 --> 00:19:49.380]  好想講呢位嘅尼塞亞係要為世界帶嚟一個和平嘅國度
[00:19:49.380 --> 00:19:56.540]  所以約翰深深好期待呢個獅子威風凜凜嘅出現
[00:19:56.540 --> 00:19:59.100]  並且佢要去到撕裂受敵
[00:19:59.100 --> 00:20:00.900]  佢要去到征服敵人
[00:20:00.900 --> 00:20:04.480]  並且去到打開呢個書卷
[00:20:04.480 --> 00:20:09.340]  但係當約翰轉頭嘅時候
[00:20:09.340 --> 00:20:11.900]  佢見到嘅竟然唔係獅子
[00:20:11.900 --> 00:20:16.520]  卻係將被殺過嘅羔羊
[00:20:16.520 --> 00:20:20.100]  約翰聽到嘅係獅子
[00:20:20.100 --> 00:20:22.140]  係充滿住力量嘅征服者
[00:20:22.140 --> 00:20:25.980]  但係佢轉個頭見到嘅卻係軟弱
[00:20:25.980 --> 00:20:27.020]  卻係流血
[00:20:27.020 --> 00:20:31.620]  卻係被宰殺嘅生畜
[00:20:31.620 --> 00:20:36.480]  呢個世界可能我哋都覺得解決問題嘅方式
[00:20:36.480 --> 00:20:38.780]  就係一個獅子嘅方式
[00:20:38.780 --> 00:20:41.600]  要用武力去到壓制
[00:20:41.600 --> 00:20:43.400]  用權力去到掌控
[00:20:43.400 --> 00:20:45.700]  用財富去到收買
[00:20:45.700 --> 00:20:48.520]  去到消滅嗰啲嘅反對者
[00:20:48.520 --> 00:20:52.620]  我哋以為征服受敵只可以靠我哋嘅拳頭
[00:20:52.620 --> 00:20:56.700]  我以為推翻罪惡只能夠靠強權
[00:20:56.700 --> 00:21:00.300]  但係神卻係顛覆所有人
[00:21:00.300 --> 00:21:04.900]  包括所有跟隨佢嘅人嘅想像
[00:21:04.900 --> 00:21:10.540]  耶穌基督係點樣得勝嘅呢
[00:21:10.540 --> 00:21:15.140]  耶穌基督唔係藉住殺戮去到得勝
[00:21:15.140 --> 00:21:20.260]  耶穌基督係藉住被殺去到得勝
[00:21:20.260 --> 00:21:23.580]  佢唔係藉住施加暴力
[00:21:23.580 --> 00:21:27.680]  而係藉住承受暴力
[00:21:27.680 --> 00:21:30.500]  佢係十字架上面流出補血
[00:21:30.500 --> 00:21:34.340]  咁樣去到得勝
[00:21:34.340 --> 00:21:39.460]  原來世界上面最強大的力量唔係鎮壓
[00:21:39.460 --> 00:21:44.320]  而係犧牲捨己極外
[00:21:44.320 --> 00:21:47.400]  係耶穌基督冇用暴力去到推翻羅馬
[00:21:47.400 --> 00:21:49.700]  佢係走向十字架
[00:21:49.700 --> 00:21:54.560]  用自己嘅生命承擔所有人嘅罪孽
[00:21:54.560 --> 00:22:00.960]  佢用流出嘅血去到買贖各族各方各國各民
[00:22:00.960 --> 00:22:05.320]  我哋充滿住仇恨罪惡嘅世界就好似一個
[00:22:05.320 --> 00:22:11.720]  我哋可以想像其實一個好似打咗好多無數個死結嘅一個粗麻繩
[00:22:11.720 --> 00:22:15.300]  世界點樣嘗試去到解決呢個死結呢
[00:22:15.300 --> 00:22:20.160]  就係可能用剪刀用刀去到斬去到剪
[00:22:20.160 --> 00:22:21.440]  結果
[00:22:21.440 --> 00:22:22.480]  剪到
[00:22:22.480 --> 00:22:24.780]  雖然呢啲結好似打開咗
[00:22:24.780 --> 00:22:27.340]  但條繩就剪斷曬
[00:22:27.340 --> 00:22:32.720]  將人嘅生命破壞曬人被傷害
[00:22:32.720 --> 00:22:36.040]  但係主耶穌係點樣解呢個死結
[00:22:36.040 --> 00:22:37.840]  主耶穌係
[00:22:37.840 --> 00:22:41.940]  高揚嘅方法係親自成為嗰個結
[00:22:41.940 --> 00:22:43.740]  嘅一部分
[00:22:43.740 --> 00:22:46.040]  用自己嘅血去到潤滑
[00:22:46.040 --> 00:22:50.140]  去到解開每一個嘅死結
[00:22:50.140 --> 00:22:55.260]  今日當我哋面對生活裏面有啲嘅困境社會嘅不公嘅時候
[00:22:55.260 --> 00:23:01.140]  可能我哋同樣我哋都渴望有一個嘅獅子威風凜凜嘅去到拯救我哋
[00:23:01.140 --> 00:23:04.720]  我哋可能都渴望一個強大嘅政治人物
[00:23:04.720 --> 00:23:10.860]  或者我哋好渴望有豐厚嘅銀行存款或者有強硬嘅
[00:23:10.860 --> 00:23:16.240]  手段去到壓制嗰啲反對我哋嘅人攻擊我哋嘅人
[00:23:16.240 --> 00:23:17.520]  喺現世
[00:23:17.520 --> 00:23:24.680]  我哋依然相信甚至去到隨從獅子嘅方式強權嘅方式
[00:23:24.680 --> 00:23:27.500]  但係神卻係呼召我哋
[00:23:27.500 --> 00:23:30.580]  要跟隨被殺嘅高揚
[00:23:30.580 --> 00:23:32.880]  去到條路
[00:23:32.880 --> 00:23:35.180]  喺家庭嘅衝突裏面
[00:23:35.180 --> 00:23:38.000]  喺職場嘅競爭裏面
[00:23:38.000 --> 00:23:41.840]  喺人同人嘅意見分歧裏面
[00:23:41.840 --> 00:23:47.480]  我哋願唔願意效法高揚嗰個嘅捨己
[00:23:47.480 --> 00:23:50.540]  嗰個嘅退讓
[00:23:50.540 --> 00:23:54.640]  教會同埋信徒我哋如果要得勝嘅話
[00:23:54.640 --> 00:23:58.480]  就唔可以依靠世俗嘅權力遊戲
[00:23:58.480 --> 00:24:01.300]  而係要背起十字架
[00:24:01.300 --> 00:24:04.380]  走高揚嗰條受苦
[00:24:04.380 --> 00:24:07.440]  犧牲嘅道路
[00:24:07.440 --> 00:24:09.240]  約翰描述
[00:24:09.240 --> 00:24:12.560]  呢隻被殺過嘅高揚佢有七角
[00:24:12.560 --> 00:24:14.100]  七眼
[00:24:14.100 --> 00:24:15.640]  象徵
[00:24:15.640 --> 00:24:17.180]  呢隻嘅羊
[00:24:17.180 --> 00:24:19.740]  象徵呢個基督雖然係被殺
[00:24:19.740 --> 00:24:24.340]  但係佢卻係有完全嘅權柄完全嘅能力
[00:24:24.340 --> 00:24:26.140]  七個嘅角
[00:24:26.140 --> 00:24:29.980]  七個嘅眼亦都講緊佢有完全嘅智慧
[00:24:29.980 --> 00:24:34.080]  可以看透世事
[00:24:34.080 --> 00:24:37.660]  呢隻嘅高揚最終行到去寶座嘅庚前
[00:24:37.660 --> 00:24:39.700]  同神嘅右手裏面
[00:24:39.700 --> 00:24:42.020]  接過書卷
[00:24:42.020 --> 00:24:48.160]  呢個講緊呢個嘅書卷係神對人歷史嘅終極旨意
[00:24:48.160 --> 00:24:50.460]  神對人嘅救贖計劃
[00:24:50.460 --> 00:24:52.760]  對邪惡最終嘅審判
[00:24:52.760 --> 00:24:54.560]  將要被展開
[00:24:54.560 --> 00:24:56.600]  將要被揭示
[00:24:56.600 --> 00:24:58.140]  大家想唔想
[00:24:58.140 --> 00:24:59.940]  知道呢卷書裏面
[00:24:59.940 --> 00:25:01.980]  究竟打開之後
[00:25:01.980 --> 00:25:03.780]  寫咩呢
[00:25:03.780 --> 00:25:05.580]  如果你想知道呢
[00:25:05.580 --> 00:25:07.620]  呢卷書嘅審判訊息
[00:25:07.620 --> 00:25:09.420]  就記載喺啟示錄
[00:25:09.420 --> 00:25:13.260]  跟住落嚟第六章去到十六章
[00:25:13.260 --> 00:25:17.860]  所以如果你想知道呢就繼續返嚟主有崇拜
[00:25:17.860 --> 00:25:21.960]  今日我哋所睇嘅第四章第五章
[00:25:21.960 --> 00:25:25.020]  除咗講寶座呢個好重要嘅主題
[00:25:25.020 --> 00:25:26.560]  除咗講高揚
[00:25:26.560 --> 00:25:28.860]  呢個好重要嘅核心之外
[00:25:28.860 --> 00:25:31.160]  其實仲有一個我哋仲未觸及
[00:25:31.160 --> 00:25:33.720]  或者極為重要嘅元素
[00:25:33.720 --> 00:25:37.060]  你可能覺得一路打開手上嘅聖經見到
[00:25:37.060 --> 00:25:39.620]  好一大段Nelson都冇講到
[00:25:39.620 --> 00:25:40.900]  呢個就係
[00:25:40.900 --> 00:25:42.420]  第四章第五章
[00:25:42.420 --> 00:25:45.500]  其實都有一個好重要嘅元素
[00:25:45.500 --> 00:25:47.040]  一個嘅核心
[00:25:47.040 --> 00:25:52.420]  就係圍繞天上寶座嘅敬拜
[00:25:52.420 --> 00:25:57.540]  約翰目睹呢場史無前例天上嘅敬拜
[00:25:57.540 --> 00:25:59.840]  好似一個同心圓一樣
[00:25:59.840 --> 00:26:01.380]  一層一層嘅
[00:26:01.380 --> 00:26:06.000]  去到規模不斷嘅去到擴大
[00:26:06.000 --> 00:26:09.320]  同心圓講緊嘅就係呢個呢個呢啲嘅圓形
[00:26:09.320 --> 00:26:13.680]  係得一個嘅一個嘅圓心一個嘅中心
[00:26:13.680 --> 00:26:17.760]  當然神嘅寶座就係呢場敬拜裏面
[00:26:17.760 --> 00:26:20.580]  絕對嘅中心
[00:26:20.580 --> 00:26:22.380]  第一層係啲咩呢
[00:26:22.380 --> 00:26:25.200]  最靠近寶座中心嘅一層
[00:26:25.200 --> 00:26:29.280]  係第四章六節講到有四活物
[00:26:29.280 --> 00:26:35.180]  約翰呢形容佢哋有獅子啦有牛啦有人啦飛鷹嘅形象
[00:26:35.180 --> 00:26:37.220]  佢哋各有六個翅膀
[00:26:37.220 --> 00:26:41.320]  並且前後內外遍體都充滿住眼睛
[00:26:41.320 --> 00:26:45.160]  係一啲好吸引我哋嘅眼目嘅一啲嘅形象
[00:26:45.160 --> 00:26:46.960]  呢四種嘅形象
[00:26:46.960 --> 00:26:52.080]  其實就係涵蓋咗神創造最具代表性嘅物種
[00:26:52.080 --> 00:26:57.720]  講緊野獸啦講緊家畜啦講緊人類啦講緊飛鳥啦
[00:26:57.720 --> 00:26:59.760]  呢啲最具代表性嘅
[00:26:59.760 --> 00:27:01.560]  所以四活物就係
[00:27:01.560 --> 00:27:06.420]  彷彿就係代表住整個自然界整個嘅受造物
[00:27:06.420 --> 00:27:12.560]  佢哋遍體嘅眼睛就係象徵緊佢哋彷彿佢哋係全知一樣
[00:27:12.560 --> 00:27:20.500]  佢哋有完全嘅視覺洞察力可以見到地上面天上面發生嘅所有嘅事情
[00:27:20.500 --> 00:27:24.340]  呢個四活物佢哋就喺神嘅面前
[00:27:24.340 --> 00:27:27.420]  晝夜敬拜
[00:27:27.420 --> 00:27:28.700]  呢個係第一層
[00:27:28.700 --> 00:27:29.980]  第二層係啲咩呢
[00:27:29.980 --> 00:27:34.060]  就係第四章四節講到有24位嘅長老
[00:27:34.060 --> 00:27:37.900]  佢哋身穿白衣頭戴金冠棉
[00:27:37.900 --> 00:27:39.700]  24位代表嘅
[00:27:39.700 --> 00:27:44.300]  可能係舊約以色列有十二支派嘅牧長
[00:27:44.300 --> 00:27:47.380]  同埋新約耶穌十二位嘅使徒
[00:27:47.380 --> 00:27:53.780]  以此就去到代表歷世歷代神嘅選民同埋教會嘅整體
[00:27:53.780 --> 00:28:00.180]  亦都可能係依照舊約歷代至上當神為祭司去到制定
[00:28:00.180 --> 00:28:02.500]  一啲嘅體制嘅時候
[00:28:02.500 --> 00:28:09.140]  神為舊約嘅祭司制定咗佢哋有24班嘅輪值祭
[00:28:09.140 --> 00:28:18.100]  講緊呢個神就用24班都再一次講原來天上面都有祭司嘅積分
[00:28:18.100 --> 00:28:20.140]  無論係邊個嘅意思都好
[00:28:20.140 --> 00:28:22.700]  其實24位長老所象徵嘅
[00:28:22.700 --> 00:28:24.500]  就係喺天上面
[00:28:24.500 --> 00:28:29.360]  侍納喺神面前嘅敬拜者同埋代禱者
[00:28:29.360 --> 00:28:31.400]  所以四章十節記載佢哋
[00:28:31.400 --> 00:28:33.200]  俯伏喺神嘅面前
[00:28:33.200 --> 00:28:34.740]  將代表住
[00:28:34.740 --> 00:28:39.080]  將佢哋頭上面原本代表住成就嘅金冠棉
[00:28:39.080 --> 00:28:40.860]  佢哋擺喺寶座巾前
[00:28:40.860 --> 00:28:42.660]  俯伏喺度
[00:28:42.660 --> 00:28:45.480]  五章八節有記載佢哋攞住琴
[00:28:45.480 --> 00:28:50.340]  攞住裝滿眾聖徒祈禱嘅金香爐
[00:28:50.340 --> 00:28:54.180]  去到神嘅面前去到敬拜
[00:28:54.180 --> 00:28:55.980]  第三層
[00:28:55.980 --> 00:28:59.040]  當羔羊接過書卷之後
[00:28:59.040 --> 00:29:05.180]  五章十一十二節記載千千萬萬嘅天使加入敬拜嘅行列
[00:29:05.180 --> 00:29:08.000]  去到稱頌神
[00:29:08.000 --> 00:29:11.840]  而五章十三節講緊最後一層
[00:29:11.840 --> 00:29:15.420]  就係天地間一切所有嘅被造物
[00:29:15.420 --> 00:29:19.520]  天上面嘅地下嘅地底下面嘅滄海裏面嘅
[00:29:19.520 --> 00:29:21.820]  所有佢哋全部都加入
[00:29:21.820 --> 00:29:23.100]  去到敬拜
[00:29:23.100 --> 00:29:25.920]  加入呢個敬拜隊一齊去到敬拜神
[00:29:25.920 --> 00:29:28.480]  稱頌神
[00:29:28.480 --> 00:29:30.520]  呢幾一層一層
[00:29:30.520 --> 00:29:32.320]  一層一層
[00:29:32.320 --> 00:29:36.920]  從寶座嘅中心去到整個嘅宇宙
[00:29:36.920 --> 00:29:38.720]  從創造嘅主
[00:29:38.720 --> 00:29:41.540]  救贖嘅羔羊
[00:29:41.540 --> 00:29:45.640]  天上面原來冇一刻係停止過敬拜
[00:29:45.640 --> 00:29:50.500]  呢個同心圓嘅敬拜就讓我哋知道原來敬拜
[00:29:50.500 --> 00:29:53.320]  從來都唔係地上面發生嘅事
[00:29:53.320 --> 00:29:55.620]  敬拜而係天上面
[00:29:55.620 --> 00:29:57.400]  恆常嘅運作
[00:29:57.400 --> 00:30:00.480]  恆常發生緊嘅
[00:30:00.480 --> 00:30:03.560]  今日有好多基督徒可能都問一個問題
[00:30:03.560 --> 00:30:07.400]  我自己信神咪得囉點解要返教會呀
[00:30:07.400 --> 00:30:10.220]  教會裏面啲人好麻煩㗎
[00:30:10.220 --> 00:30:13.800]  教會裏面啲牧師呀傳道呀成日都
[00:30:13.800 --> 00:30:16.620]  煩我哋㗎
[00:30:16.620 --> 00:30:22.000]  因為好多時候今日我哋對崇拜對返教會有好大嘅誤解
[00:30:22.000 --> 00:30:25.580]  我哋成日帶住消費者嘅心態嚟到教會覺得
[00:30:25.580 --> 00:30:26.600]  今日
[00:30:26.600 --> 00:30:31.460]  啲詩歌啱唔啱我哋口味呢識唔識唱㗎呢
[00:30:31.460 --> 00:30:35.300]  當我哋望住台上面嘅敬拜隊
[00:30:35.300 --> 00:30:38.880]  或者識日我知道雪孫我哋有詩班
[00:30:38.880 --> 00:30:42.220]  當我哋望住台上面嘅詩班
[00:30:42.220 --> 00:30:47.580]  同大家分享下我自己成長嘅教會呢都有詩班
[00:30:47.580 --> 00:30:52.200]  我哋每年嘅聖誕節崇拜呢都會有聯合詩班
[00:30:52.200 --> 00:30:54.240]  仲會有管弦樂團
[00:30:54.240 --> 00:30:58.860]  去到獻奏呢個Hallelujah Chorus
[00:30:58.860 --> 00:31:00.640]  大家想唔想聽呀
[00:31:00.640 --> 00:31:03.720]  定係想快啲食飯
[00:31:03.720 --> 00:31:08.580]  聽聽聽聽聽三秒四十秒啦我哋好唔好呀
[00:31:08.580 --> 00:31:11.400]  睇下
[00:31:11.400 --> 00:31:17.280]  無咗聲嘅死啦
[00:31:30.840 --> 00:31:32.640]  唔好
[00:31:32.640 --> 00:31:35.960]  唔好
[00:31:35.960 --> 00:31:39.560]  唔好
[00:31:39.560 --> 00:31:43.640]  唔好
[00:31:43.640 --> 00:31:47.220]  唔好
[00:31:47.220 --> 00:31:49.280]  唔好
[00:31:49.280 --> 00:31:53.120]  唔好
[00:31:53.120 --> 00:32:00.560]  如果喺當場聽呢係好
[00:32:00.560 --> 00:32:02.600]  震撼
[00:32:02.600 --> 00:32:04.920]  好好聽
[00:32:04.920 --> 00:32:11.560]  可能大家都有聽過有啲嘅教會裏面詩班或者書書裏面詩班嘅獻詩
[00:32:11.560 --> 00:32:13.100]  問一個問題呀
[00:32:13.100 --> 00:32:17.720]  詩班獻詩係唱畀邊個聽㗎
[00:32:17.720 --> 00:32:19.760]  唱畀會眾聽㗎囉係咪呀
[00:32:19.760 --> 00:32:26.420]  唱畀嗰啲即係可能一年淨係復活節呀聖誕節先嚟崇拜嗰啲嗰啲人聽呀
[00:32:26.420 --> 00:32:32.320]  等佢吸引佢哋呀嘛等佢哋知道咁好聽嘅嘢嚟到教會聽係咪
[00:32:32.320 --> 00:32:36.920]  詩班其實係一班有音樂恩賜嘅弟兄姊妹
[00:32:36.920 --> 00:32:39.220]  佢哋不停嘅練習
[00:32:39.220 --> 00:32:42.300]  佢哋唱歌唱得好好聽
[00:32:42.300 --> 00:32:48.180]  所以其實佢哋係好似天上面嗰啲嘅天使嗰啲活物一樣
[00:32:48.180 --> 00:32:54.320]  佢哋係代替或者代表我哋呢班唱得唔好聽嘅人
[00:32:54.320 --> 00:32:57.140]  佢哋將最好最好嘅歌聲
[00:32:57.140 --> 00:32:59.700]  歸俾神
[00:32:59.700 --> 00:33:06.100]  剛才講今日有好多嘅信徒可能帶住消費者嘅心態嚟到教會
[00:33:06.100 --> 00:33:08.920]  講完嘅口才好唔好㗎
[00:33:08.920 --> 00:33:10.700]  呢場嘅崇拜
[00:33:10.700 --> 00:33:14.300]  可唔可以感動我呀幫唔幫到我減下壓呀
[00:33:14.300 --> 00:33:19.660]  所以如果崇拜滿足唔到我哋嘅需求呢我哋就覺得呢場嘅崇拜冇價值
[00:33:19.660 --> 00:33:23.500]  甚至我哋慢慢選擇我哋唔好返教會
[00:33:23.500 --> 00:33:30.920]  但係啟示錄第四第五章就打破咗呢種我哋自我中心嘅崇拜觀
[00:33:30.920 --> 00:33:33.740]  喺天上面嘅敬拜
[00:33:33.740 --> 00:33:35.280]  邊個係觀眾
[00:33:35.280 --> 00:33:37.080]  邊個係焦點
[00:33:37.080 --> 00:33:39.640]  係淨係有一位
[00:33:39.640 --> 00:33:43.980]  就係喺寶座上面嘅神嗰位嘅羔羊
[00:33:43.980 --> 00:33:48.340]  三一嘅神係敬拜嘅絕對中心
[00:33:48.340 --> 00:33:55.000]  敬拜原來崇拜唔係講緊我哋唱啲我哋想唱我哋鍾意唱好想聽嗰啲歌
[00:33:55.000 --> 00:33:56.020]  我哋唱
[00:33:56.020 --> 00:33:59.860]  神想聽我哋想唱嘅歌
[00:33:59.860 --> 00:34:03.700]  所以我哋今日嚟到教會崇拜原來我哋唔係睇表演
[00:34:03.700 --> 00:34:06.260]  亦都唔係消費
[00:34:06.260 --> 00:34:12.920]  啟示錄第四第五章讓我哋見到一個好重要點解我哋每個主日都要嚟到教會嘅原因
[00:34:12.920 --> 00:34:20.600]  就係原來我哋要同身邊嘅弟兄姊妹成個群體一齊去到敬拜讚美
[00:34:20.600 --> 00:34:24.440]  今日我哋喺教會裡面敬拜嘅敬拜讚美
[00:34:24.440 --> 00:34:30.840]  我哋唔單止係將將天上係唔單止呢個係一個天上面
[00:34:30.840 --> 00:34:33.400]  將來嘅敬拜讚美嘅預言
[00:34:33.400 --> 00:34:39.800]  我哋唔單止係將來天上大合奏一個嘅預告片
[00:34:39.800 --> 00:34:43.640]  唔單止係咁樣喺地上面去到進行
[00:34:43.640 --> 00:34:46.200]  今日地上面嘅崇拜
[00:34:46.200 --> 00:34:51.320]  更加係好似神其實喺天上面打開咗一扇門
[00:34:51.320 --> 00:34:55.160]  係讓我哋呢一班喺地上面嘅子民可以加入
[00:34:55.160 --> 00:35:01.560]  喺天上面嗰場已經進行緊並且永遠唔會停止嘅大敬拜
[00:35:01.560 --> 00:35:06.680]  所以點解呢個係我承認從心底裏面覺得其實崇拜
[00:35:06.680 --> 00:35:09.880]  喺教會裏面崇拜係好重要
[00:35:09.880 --> 00:35:17.160]  我亦都點解我好享受用音樂詩歌去到讚美敬拜
[00:35:17.160 --> 00:35:21.400]  又返返去一開始講到揸飛機嗰個嘅比喻
[00:35:21.400 --> 00:35:26.120]  當我哋今日喺黑夜裏面狂風暴雨裏面去到飛
[00:35:26.120 --> 00:35:30.520]  當我哋見唔到前路有時我哋嘅感覺會欺騙我哋
[00:35:30.520 --> 00:35:34.200]  講緊個飛機跌緊呀唔知去緊邊度
[00:35:34.200 --> 00:35:40.120]  喺呢個時候我哋就要低頭望下嗰個嘅儀錶板
[00:35:40.120 --> 00:35:46.760]  讓真實嘅數據糾正返我哋錯誤嘅感覺
[00:35:46.760 --> 00:35:50.040]  我哋信徒今日喺世上面嘅生活都係咁
[00:35:50.040 --> 00:35:55.960]  由星期一到星期六可能我哋浸淫喺一個充滿住謊言嘅世界裏面
[00:35:55.960 --> 00:36:01.480]  世界話畀我哋聽金錢先係萬能呀權力先至係決定一切呀
[00:36:01.480 --> 00:36:07.080]  你嘅價值係取決於你嘅業績你嘅地位你嘅名聲
[00:36:07.080 --> 00:36:11.400]  苦難證明咗新存在㗎喇
[00:36:11.400 --> 00:36:16.280]  喺呢一切嘅狂風暴雨裏面一切嘅黑暗裏面
[00:36:16.280 --> 00:36:19.080]  我哋好容易迷失方向
[00:36:19.080 --> 00:36:24.760]  我哋好容易陷入焦慮我哋好容易恐懼甚至絕望
[00:36:24.760 --> 00:36:28.760]  我哋以為羅馬嘅皇帝我哋以為我哋嘅老闆
[00:36:28.760 --> 00:36:34.760]  我哋以為我哋面對嘅疾病先至係掌控我哋生命嗰個
[00:36:34.760 --> 00:36:42.440]  但係當我哋每個星期日返到嚟教會參與崇拜
[00:36:42.440 --> 00:36:49.640]  我哋一齊唱一齊開口唱詩一齊開口讚美主同心敬拜嘅時候
[00:36:49.640 --> 00:36:57.560]  其實就係幫助緊我哋自己將眼目同埋焦點擺返喺天上面嘅寶座
[00:36:57.560 --> 00:36:59.880]  擺返喺嗰個德性嘅羔羊裏面
[00:36:59.880 --> 00:37:08.680]  亦都係整個群體我哋一齊集體重新校準返生命嘅儀錶板
[00:37:08.680 --> 00:37:11.400]  當我哋同弟兄姊妹一齊嘅站立
[00:37:11.400 --> 00:37:15.960]  唱出詩歌讚美宣告神嘅話語嘅時候
[00:37:15.960 --> 00:37:19.240]  其實我哋係做緊一件好顛覆性嘅事情
[00:37:19.240 --> 00:37:22.520]  我哋係參與喺屬靈嘅爭戰裏面
[00:37:22.520 --> 00:37:25.000]  我哋係對抗緊世界嘅謊言
[00:37:25.000 --> 00:37:27.880]  我哋係對抗緊同嗰啲邪惡嘅勢力
[00:37:27.880 --> 00:37:33.800]  同佢哋去宣告呢個世界嘅王冇呢個世界嘅王嗰啲嘅政權
[00:37:33.800 --> 00:37:36.360]  佢哋嘅能力佢哋唔係掌權緊
[00:37:36.360 --> 00:37:41.160]  坐喺天上面嘅寶座嗰個先至係真正嘅大君王
[00:37:41.160 --> 00:37:45.560]  我哋係宣告緊逆境唔可以動搖我嘅人生動搖我嘅信仰
[00:37:45.560 --> 00:37:51.240]  天上面嘅羔羊寶座上面嘅羔羊先係我唯一嘅主
[00:37:51.240 --> 00:37:54.520]  所以點解有時我哋生命裏面好沮喪
[00:37:54.520 --> 00:37:56.520]  生命裏面遭遇低谷
[00:37:56.520 --> 00:37:58.760]  但係當我哋返到嚟教會
[00:37:58.760 --> 00:38:00.760]  我哋返到嚟崇拜裏面
[00:38:00.760 --> 00:38:05.320]  投入同弟兄姊妹姿態一齊去到開口敬拜
[00:38:05.320 --> 00:38:07.560]  一齊去到聽主嘅道
[00:38:07.560 --> 00:38:10.840]  我哋就喺崇拜裏面重新嘅得力
[00:38:10.840 --> 00:38:14.760]  被鼓舞被更新
[00:38:14.760 --> 00:38:20.360]  我哋喺崇拜裏面就好似同天上面嗰24位長老一樣
[00:38:20.360 --> 00:38:23.000]  我哋擺低自己嘅冠冕
[00:38:23.000 --> 00:38:25.800]  我哋承認自己嘅遊行
[00:38:25.800 --> 00:38:29.080]  我哋喺崇拜裏面好似同眾天使一樣
[00:38:29.080 --> 00:38:32.120]  定徵喺羔羊嘅身上面
[00:38:32.120 --> 00:38:36.040]  我哋見到被救贖嘅真實
[00:38:36.040 --> 00:38:40.280]  每一次我哋用心靈誠實參與教會嘅崇拜嘅時候
[00:38:40.280 --> 00:38:43.800]  我哋嘅焦點就從地上面嘅混亂
[00:38:43.800 --> 00:38:48.840]  被重新嘅拉返到天上面嘅寶座
[00:38:48.840 --> 00:38:52.760]  以至於當我哋今日再行出呢個教會嘅大門嘅時候
[00:38:52.760 --> 00:38:57.720]  面對返星期一至五工作嘅壓力 生活嘅壓力
[00:38:57.720 --> 00:39:00.440]  可能我哋嘅環境係冇變
[00:39:00.440 --> 00:39:04.280]  但係我哋嘅內在已經被重整
[00:39:04.280 --> 00:39:07.480]  我哋知道自己身處邊度
[00:39:07.480 --> 00:39:10.680]  我哋知道自己應該行嘅方向喺邊度
[00:39:10.680 --> 00:39:16.440]  我哋亦都知道歷史嘅終局喺邊個人嘅手裏面
[00:39:16.440 --> 00:39:23.640]  所以親愛嘅弟兄姊妹唔好輕看你每個星期返嚟教會參與嘅崇拜
[00:39:23.640 --> 00:39:26.200]  呢個唔係一個宗教嘅習慣
[00:39:26.200 --> 00:39:29.240]  而係一場屬靈嘅爭戰
[00:39:29.240 --> 00:39:34.360]  呢個係一場打破世俗謊言嘅宣告
[00:39:34.360 --> 00:39:39.480]  我哋嚟到教會係因為我哋自己我哋都好需要不斷被提醒
[00:39:39.480 --> 00:39:47.160]  天上發生嘅事情先至係我哋生命最終嘅倚靠
[00:39:47.160 --> 00:39:53.320]  所以最後都好想鼓勵一下我哋親愛嘅敬拜隊
[00:39:53.320 --> 00:39:57.400]  親愛嘅敬拜隊隊友隊員們
[00:39:57.400 --> 00:40:00.600]  其實我唔知你有冇諗過
[00:40:00.600 --> 00:40:02.520]  你喺台上面嘅服侍
[00:40:02.520 --> 00:40:06.920]  你喺台下面嘅準備其實係好神聖
[00:40:06.920 --> 00:40:10.200]  其實係好有神學意義
[00:40:10.200 --> 00:40:16.760]  其實你哋嘅服侍係對於整個嘅群體都係好重要
[00:40:16.760 --> 00:40:21.000]  冇咗你哋每個星期喺台上面服侍
[00:40:21.000 --> 00:40:28.040]  台下嘅我哋嘅會中每一個我哋都會好難過
[00:40:28.040 --> 00:40:33.160]  弟兄姊妹今日我哋跟隨住約翰嘅目光
[00:40:33.160 --> 00:40:36.360]  我哋見到天上面嘅事情
[00:40:36.360 --> 00:40:40.760]  我哋見到嗰個永不動搖嘅寶座
[00:40:40.760 --> 00:40:43.160]  無論你眼前嘅生活有幾咁嘅混亂
[00:40:43.160 --> 00:40:47.000]  幾咁令到你覺得好懵憎好無力都好
[00:40:47.000 --> 00:40:50.120]  我哋都記住神嘅寶座跟前
[00:40:50.120 --> 00:40:56.040]  所有好致命嘅風暴都只會成為平靜嘅水
[00:40:56.040 --> 00:40:59.720]  一個水晶嘅玻璃海
[00:40:59.720 --> 00:41:03.000]  我哋又見到嗰個被殺過嘅羔羊
[00:41:03.000 --> 00:41:07.880]  佢提醒我哋面對著充滿著敵意充滿著罪惡嘅世界
[00:41:07.880 --> 00:41:13.800]  原來得勝嘅兵器唔係強權唔係財富亦都唔係報復
[00:41:13.800 --> 00:41:20.360]  而係效法基督嗰個捨生犧牲嘅愛
[00:41:20.360 --> 00:41:25.480]  最後我哋都見到嗰場冇紫色嘅天上嘅敬拜
[00:41:25.480 --> 00:41:29.640]  佢話畀我哋聽我哋每個主日返到嚟呢度
[00:41:29.640 --> 00:41:32.680]  唔係為咗完成一啲宗教嘅儀式
[00:41:32.680 --> 00:41:37.960]  而係為咗調整我哋自己生命裏面嗰個儀錶板
[00:41:37.960 --> 00:41:43.400]  我哋重新校準返我哋人生嘅方向
[00:41:43.400 --> 00:41:45.480]  一時間當崇拜結束
[00:41:45.480 --> 00:41:47.720]  當我哋行出教會嘅大門
[00:41:47.720 --> 00:41:53.160]  可能去到聽朝我哋都仍然要面對嗰個唔講理嘅老闆
[00:41:53.160 --> 00:41:57.320]  可能都仍然要面對我哋嘅戶口銀行嗰個存款
[00:41:57.320 --> 00:41:59.480]  冇升到冇突然嘅增加
[00:41:59.480 --> 00:42:02.280]  可能我哋仍然都要面對嘅係我哋身體嘅疾病
[00:42:02.280 --> 00:42:05.480]  仍然我哋都需要覆診
[00:42:05.480 --> 00:42:08.440]  世上嘅狂風暴雨冇止息到
[00:42:08.440 --> 00:42:14.760]  但係我哋嘅心理裏面應該已經不再一樣
[00:42:14.760 --> 00:42:20.040]  因為我哋知道自己身處變動
[00:42:20.040 --> 00:42:24.520]  唔好讓地上嘅現實定義咗我哋嘅生命
[00:42:24.520 --> 00:42:29.880]  而係要讓天上嘅真實帶領我哋走落去
[00:42:29.880 --> 00:42:32.440]  每一日成為我哋嘅力量
[00:42:32.440 --> 00:42:35.960]  心願我哋都能夠帶住寶座前面嘅平安
[00:42:35.960 --> 00:42:37.960]  帶住高揚嘅社稷
[00:42:37.960 --> 00:42:40.520]  亦都帶住敬拜者嘅眼光
[00:42:40.520 --> 00:42:43.720]  勇敢嘅迎向呢個星期每一個嘅挑戰
[00:42:43.720 --> 00:42:47.000]  我哋一齊低頭祈禱
[00:42:47.000 --> 00:42:50.680]  坐喺寶座上面滿有榮耀權能嘅主
[00:42:50.680 --> 00:42:54.200]  多謝你藉住今日睇時錄嘅訊息
[00:42:54.200 --> 00:42:56.760]  為我哋打開咗天上嘅門
[00:42:56.760 --> 00:42:59.080]  讓我哋見到世界嘅真相
[00:42:59.080 --> 00:43:02.920]  見到你光輝好榮美嘅寶座
[00:43:02.920 --> 00:43:06.520]  主讓我哋坦誠嚟到你嘅恩賢去到承認
[00:43:06.520 --> 00:43:09.240]  當我哋每日面對生活裏面嘅動盪
[00:43:09.240 --> 00:43:10.600]  疾病嘅威脅
[00:43:10.600 --> 00:43:11.880]  財務嘅壓力
[00:43:11.880 --> 00:43:13.800]  或者環境嘅未知嘅時候
[00:43:13.800 --> 00:43:19.320]  我哋嘅眼目常常都被地上嘅風暴所困住
[00:43:19.320 --> 00:43:22.120]  但求聖靈更新我哋嘅眼光
[00:43:22.120 --> 00:43:25.720]  讓我哋確信你嘅寶座永不動搖
[00:43:25.720 --> 00:43:28.520]  亦都讓我哋深刻嘅去到體會
[00:43:28.520 --> 00:43:31.720]  真正嘅德性唔係依靠勢力才能
[00:43:31.720 --> 00:43:34.120]  而係好似被殺嘅羔羊
[00:43:34.120 --> 00:43:38.520]  藉住十字架嘅捨己同埋犧牲
[00:43:38.520 --> 00:43:41.320]  求你賜畀我哋有真實嘅勇氣
[00:43:41.320 --> 00:43:44.040]  喺呢個看似失控嘅世界裏面
[00:43:44.040 --> 00:43:47.080]  我哋活出一個敬拜嘅生命
[00:43:47.080 --> 00:43:50.040]  當我哋遭遇不公苦難嘅時候
[00:43:50.040 --> 00:43:53.480]  教導我哋唔好急於去到抱怨
[00:43:53.480 --> 00:43:56.920]  而係我哋舉起手去到讚美
[00:43:56.920 --> 00:44:02.680]  用敬拜去到宣告你絕對嘅主權
[00:44:02.680 --> 00:44:06.200]  無論未來呢個星期我哋會遭遇咩嘅挑戰
[00:44:06.200 --> 00:44:09.480]  我哋深信我哋嘅生命都係穩妥嘅
[00:44:09.480 --> 00:44:11.560]  掌握喺你嘅手中
[00:44:11.560 --> 00:44:12.840]  聽我哋同生命祈禱
[00:44:12.840 --> 00:44:15.160]  奉主耶穌基督德性嘅名字祈求
[00:44:15.160 --> 00:44:17.160]  阿門
