
[00:00:00.000 --> 00:00:02.000]  弟兄姊妹早晨
[00:00:02.000 --> 00:00:04.000]  早晨
[00:00:04.000 --> 00:00:07.000]  我今天正道的題目是超越了基督
[00:00:07.000 --> 00:00:14.000]  我是剛剛從美國的東邊回來
[00:00:14.000 --> 00:00:18.000]  去了華盛頓DC
[00:00:18.000 --> 00:00:20.000]  接著經過費城
[00:00:20.000 --> 00:00:23.000]  也去了紐約和波士頓
[00:00:23.000 --> 00:00:26.000]  接著從波士頓回來
[00:00:26.000 --> 00:00:28.000]  這一連串的行程
[00:00:28.000 --> 00:00:30.000]  其實也蠻累的
[00:00:30.000 --> 00:00:32.000]  因為每天走那些點
[00:00:32.000 --> 00:00:36.000]  要走的路很多
[00:00:36.000 --> 00:00:38.000]  每天手錶告訴我
[00:00:38.000 --> 00:00:40.000]  大概超過兩萬步
[00:00:40.000 --> 00:00:44.000]  基本上那邊說是下雨
[00:00:44.000 --> 00:00:46.000]  去到的時候才出太陽
[00:00:46.000 --> 00:00:49.000]  現在就變成了古銅色的膚色
[00:00:49.000 --> 00:00:53.000]  最後那兩天
[00:00:53.000 --> 00:00:55.000]  其實跟我一起去的
[00:00:55.000 --> 00:00:56.000]  老師也好
[00:00:56.000 --> 00:01:00.000]  其他弟兄姊妹和同學也好
[00:01:00.000 --> 00:01:02.000]  他們的腳基本上
[00:01:02.000 --> 00:01:04.000]  女孩子有水泊
[00:01:04.000 --> 00:01:08.000]  另外一個弟兄的鞋子已經變形了
[00:01:08.000 --> 00:01:11.000]  連老帶隊的老師
[00:01:11.000 --> 00:01:13.000]  通常走到一半
[00:01:13.000 --> 00:01:14.000]  他就說我去過我看過了
[00:01:14.000 --> 00:01:15.000]  我不看了
[00:01:15.000 --> 00:01:17.000]  我就在那裡坐一坐
[00:01:17.000 --> 00:01:18.000]  等你們回頭
[00:01:18.000 --> 00:01:20.000]  跟我一起搭地鐵回去就好了
[00:01:20.000 --> 00:01:24.000]  所以我是走得很快的
[00:01:24.000 --> 00:01:27.000]  因為我夠體力
[00:01:27.000 --> 00:01:30.000]  加上我是壯年時期
[00:01:30.000 --> 00:01:32.000]  我就向著標桿直跑
[00:01:32.000 --> 00:01:34.000]  特別是走最後兩天
[00:01:34.000 --> 00:01:36.000]  在波士頓自由之路的時候
[00:01:36.000 --> 00:01:38.000]  看著那個碑
[00:01:38.000 --> 00:01:40.000]  我就向著那邊衝
[00:01:40.000 --> 00:01:44.000]  人家離我幾百米那麼遠
[00:01:44.000 --> 00:01:46.000]  等啊等啊我都聽不到
[00:01:46.000 --> 00:01:48.000]  後來響了手機
[00:01:48.000 --> 00:01:49.000]  等我們
[00:01:49.000 --> 00:01:51.000]  我才知道要等他們
[00:01:51.000 --> 00:01:53.000]  其實很多時候我們做事
[00:01:53.000 --> 00:01:58.000]  就是按著原先設定好的行程
[00:01:58.000 --> 00:02:03.000]  如果你一個站花的時間多了
[00:02:03.000 --> 00:02:06.000]  下一個站可能就趕不上了
[00:02:06.000 --> 00:02:08.000]  所以很多時候就是
[00:02:08.000 --> 00:02:10.000]  每樣東西都設定好了
[00:02:10.000 --> 00:02:13.000]  如果你停留得久的時候
[00:02:13.000 --> 00:02:15.000]  你的計劃就實現不了
[00:02:15.000 --> 00:02:20.000]  所以當時真的自己想
[00:02:20.000 --> 00:02:23.000]  就是要慢一點等他們
[00:02:23.000 --> 00:02:25.000]  等的時候
[00:02:25.000 --> 00:02:28.000]  我們就要改變原先的計劃
[00:02:28.000 --> 00:02:30.000]  改變計劃是很不容易的
[00:02:30.000 --> 00:02:31.000]  為什麼呢
[00:02:31.000 --> 00:02:34.000]  因為我們很多時候做事
[00:02:34.000 --> 00:02:35.000]  特別是現在這個世紀
[00:02:35.000 --> 00:02:37.000]  每一個行程
[00:02:37.000 --> 00:02:40.000]  每一個事情都設定好了
[00:02:40.000 --> 00:02:43.000]  一有什麼差錯就不想改
[00:02:43.000 --> 00:02:46.000]  覺得一改了
[00:02:46.000 --> 00:02:49.000]  整個計劃就不完美了
[00:02:49.000 --> 00:02:51.000]  很多時候我們以為我們自己
[00:02:51.000 --> 00:02:53.000]  設定好的精心計劃
[00:02:53.000 --> 00:02:55.000]  那個行程
[00:02:55.000 --> 00:02:57.000]  是不可以改的
[00:02:57.000 --> 00:02:59.000]  基本上連上帝都不可以改
[00:02:59.000 --> 00:03:01.000]  有時誇張都要改
[00:03:01.000 --> 00:03:03.000]  但是真正的
[00:03:03.000 --> 00:03:04.000]  在我們行程當中
[00:03:04.000 --> 00:03:05.000]  出去也好
[00:03:05.000 --> 00:03:06.000]  什麼都好
[00:03:06.000 --> 00:03:07.000]  最主要的就是
[00:03:07.000 --> 00:03:09.000]  你要活出基督的樣子
[00:03:09.000 --> 00:03:10.000]  是怎樣的
[00:03:10.000 --> 00:03:13.000]  所以我就等他們一起去走
[00:03:13.000 --> 00:03:14.000]  主耶穌基督呢
[00:03:14.000 --> 00:03:17.000]  主耶穌基督離開撒瑪利亞以後
[00:03:17.000 --> 00:03:19.000]  祂就往加利利去
[00:03:19.000 --> 00:03:21.000]  在這之前
[00:03:21.000 --> 00:03:24.000]  祂原本就是要往加利利去的
[00:03:24.000 --> 00:03:27.000]  祂就要刻意地經過撒瑪利亞
[00:03:27.000 --> 00:03:29.000]  在那裡住了兩天
[00:03:29.000 --> 00:03:32.000]  其實祂不是偶然的一種單元
[00:03:32.000 --> 00:03:34.000]  祂也不是臨時去改變行程
[00:03:34.000 --> 00:03:35.000]  不是像我這樣
[00:03:35.000 --> 00:03:37.000]  要臨時改變一下
[00:03:37.000 --> 00:03:39.000]  因為人做事有計劃
[00:03:39.000 --> 00:03:41.000]  沒錯
[00:03:41.000 --> 00:03:42.000]  因為我們的神
[00:03:42.000 --> 00:03:44.000]  本來也不是混亂的神
[00:03:44.000 --> 00:03:45.000]  祂是有計劃的
[00:03:45.000 --> 00:03:46.000]  祂有周詳的計劃
[00:03:46.000 --> 00:03:49.000]  我們遇見情況需要改變
[00:03:49.000 --> 00:03:50.000]  但是神呢
[00:03:50.000 --> 00:03:51.000]  耶穌基督呢
[00:03:51.000 --> 00:03:52.000]  祂不同
[00:03:52.000 --> 00:03:55.000]  祂早就清楚父神的旨意是怎樣的
[00:03:55.000 --> 00:03:57.000]  祂知道自己應該做些什麼
[00:03:57.000 --> 00:03:58.000]  祂的行程是什麼
[00:03:58.000 --> 00:04:00.000]  祂去哪裡
[00:04:00.000 --> 00:04:02.000]  祂是不需要臨時去改變
[00:04:02.000 --> 00:04:07.000]  所以祂這個行程不是走到一半
[00:04:07.000 --> 00:04:08.000]  好像我這樣
[00:04:08.000 --> 00:04:11.000]  只明白神的心意
[00:04:11.000 --> 00:04:14.000]  祂原先就開始信服神的心意
[00:04:14.000 --> 00:04:18.000]  所以祂在撒瑪利亞停了兩天
[00:04:18.000 --> 00:04:20.000]  祂沒有改變祂的計劃
[00:04:20.000 --> 00:04:23.000]  因為祂原先就是走在
[00:04:23.000 --> 00:04:26.000]  父神永恆的旨意當中
[00:04:26.000 --> 00:04:28.000]  正如主耶穌所說
[00:04:28.000 --> 00:04:30.000]  我的食物就是要專行
[00:04:30.000 --> 00:04:33.000]  猜我來者的旨意
[00:04:33.000 --> 00:04:34.000]  作成祂的功
[00:04:34.000 --> 00:04:37.000]  祂早就要定義這樣做
[00:04:37.000 --> 00:04:39.000]  對主耶穌來說
[00:04:39.000 --> 00:04:41.000]  造成父神的功是最重要的
[00:04:41.000 --> 00:04:45.000]  所以我們應該做很多事的時候
[00:04:45.000 --> 00:04:48.000]  應該將自己的計劃交給神
[00:04:48.000 --> 00:04:51.000]  無論是在教會當中的服事
[00:04:51.000 --> 00:04:52.000]  外展活動也好
[00:04:52.000 --> 00:04:54.000]  我們退休會的安排也好
[00:04:54.000 --> 00:04:56.000]  宣教的行程是怎樣
[00:04:56.000 --> 00:04:58.000]  甚至下一次的旅行
[00:04:58.000 --> 00:04:59.000]  你都要有計劃
[00:04:59.000 --> 00:05:02.000]  但是問題就是
[00:05:02.000 --> 00:05:05.000]  我們通常將自己的計劃
[00:05:05.000 --> 00:05:06.000]  set得太死了
[00:05:06.000 --> 00:05:07.000]  不可以改的
[00:05:07.000 --> 00:05:09.000]  連神你都不要干涉我
[00:05:09.000 --> 00:05:11.000]  所以當這樣的時候
[00:05:11.000 --> 00:05:14.000]  就容易出問題了
[00:05:14.000 --> 00:05:16.000]  所以我們會看到
[00:05:16.000 --> 00:05:19.000]  很多時候我們是口就說
[00:05:19.000 --> 00:05:20.000]  稱主為主
[00:05:20.000 --> 00:05:24.000]  但是我們要再問一問
[00:05:24.000 --> 00:05:26.000]  很多時候我們很少會問
[00:05:26.000 --> 00:05:28.000]  神祢的計劃是什麼
[00:05:28.000 --> 00:05:30.000]  祢在這個行程的計劃是什麼
[00:05:30.000 --> 00:05:32.000]  祢在這些外展的活動
[00:05:32.000 --> 00:05:33.000]  祢的計劃是什麼
[00:05:33.000 --> 00:05:35.000]  所以當神的計劃
[00:05:35.000 --> 00:05:38.000]  和我們的計劃不一致的時候
[00:05:38.000 --> 00:05:43.000]  神的計劃就會挑戰我們原先的計劃
[00:05:43.000 --> 00:05:44.000]  所以那個時候
[00:05:44.000 --> 00:05:47.000]  我們是否願意接受神的帶領
[00:05:47.000 --> 00:05:49.000]  放下自己的意思
[00:05:49.000 --> 00:05:55.000]  其實神不是邀請我們來參加我們的計劃
[00:05:55.000 --> 00:05:59.000]  是神要將我們放在祂的計劃當中
[00:05:59.000 --> 00:06:01.000]  將我們放入祂的國度當中
[00:06:01.000 --> 00:06:03.000]  祂的和祥當中
[00:06:03.000 --> 00:06:05.000]  造成祂自己的工作
[00:06:05.000 --> 00:06:08.000]  所以不是神配合我們的計劃
[00:06:08.000 --> 00:06:11.000]  是我們要尋求神祂的計劃
[00:06:11.000 --> 00:06:13.000]  配合神的計劃
[00:06:13.000 --> 00:06:17.000]  不是我們成全我們自己想要的東西
[00:06:17.000 --> 00:06:18.000]  祂的意思
[00:06:18.000 --> 00:06:20.000]  而是成全神祂自己的意思
[00:06:20.000 --> 00:06:24.000]  所以當耶穌基督停留在撒瑪利亞那裡
[00:06:24.000 --> 00:06:25.000]  兩天的時候
[00:06:25.000 --> 00:06:26.000]  很多撒瑪利亞人
[00:06:26.000 --> 00:06:29.000]  因著耶穌基督祂的話
[00:06:29.000 --> 00:06:31.000]  很多人信了祂
[00:06:31.000 --> 00:06:36.000]  祂專行神的旨意
[00:06:36.000 --> 00:06:37.000]  按人來看
[00:06:37.000 --> 00:06:39.000]  這兩天好像就是
[00:06:39.000 --> 00:06:40.000]  我就是要去加利利了
[00:06:40.000 --> 00:06:42.000]  就好像是一個擔言
[00:06:42.000 --> 00:06:44.000]  但是在神的計劃當中
[00:06:44.000 --> 00:06:48.000]  這兩天就是帶領了很多人
[00:06:48.000 --> 00:06:50.000]  得到了很多的雨
[00:06:50.000 --> 00:06:52.000]  讓很多人得救
[00:06:52.000 --> 00:06:54.000]  所以神祂的計劃
[00:06:54.000 --> 00:06:56.000]  是超過了人的計劃
[00:06:56.000 --> 00:06:59.000]  祂的道路是高過人的道路的
[00:06:59.000 --> 00:07:01.000]  有時候我們總是喜歡
[00:07:01.000 --> 00:07:05.000]  按著自己的時間表去前進
[00:07:05.000 --> 00:07:06.000]  不懂得等
[00:07:06.000 --> 00:07:08.000]  不懂得尋求神
[00:07:08.000 --> 00:07:11.000]  有時候我們以為做很多的安排
[00:07:11.000 --> 00:07:13.000]  有計劃被打亂的時候
[00:07:13.000 --> 00:07:14.000]  以為是擔言
[00:07:14.000 --> 00:07:15.000]  很可能那個時候
[00:07:15.000 --> 00:07:18.000]  就是神祂做功的時候
[00:07:18.000 --> 00:07:22.000]  神祂顯出祂大能的一個時刻
[00:07:22.000 --> 00:07:23.000]  所以神的計劃
[00:07:23.000 --> 00:07:28.000]  祂是超過人的計劃的
[00:07:28.000 --> 00:07:30.000]  當這個行程的時候
[00:07:30.000 --> 00:07:31.000]  學了很多的歷史
[00:07:31.000 --> 00:07:36.000]  我們中國當中
[00:07:36.000 --> 00:07:37.000]  在歷史當中
[00:07:37.000 --> 00:07:40.000]  出名的王有誰呢
[00:07:40.000 --> 00:07:41.000]  唐太宗
[00:07:41.000 --> 00:07:42.000]  他很有智慧
[00:07:42.000 --> 00:07:43.000]  為什麼
[00:07:43.000 --> 00:07:44.000]  因為他有一句話
[00:07:44.000 --> 00:07:46.000]  很特別的
[00:07:46.000 --> 00:07:48.000]  就是以銅為鏡
[00:07:48.000 --> 00:07:50.000]  可以正衣冠
[00:07:50.000 --> 00:07:52.000]  你看那個銅鏡的時候
[00:07:52.000 --> 00:07:55.000]  你就知道自己的衣服正不正
[00:07:55.000 --> 00:07:56.000]  以古為鏡
[00:07:56.000 --> 00:07:59.000]  你就可以知道那些興衰的交替
[00:07:59.000 --> 00:08:01.000]  國家的交替是怎樣的
[00:08:01.000 --> 00:08:03.000]  那個歷史是怎樣的
[00:08:03.000 --> 00:08:04.000]  以人為鏡
[00:08:04.000 --> 00:08:06.000]  你就可以知道
[00:08:06.000 --> 00:08:09.000]  默明的得失是什麼
[00:08:09.000 --> 00:08:11.000]  所以他講出一句很有智慧的話
[00:08:11.000 --> 00:08:15.000]  怪不得他可以讓中國那個唐朝的時候
[00:08:15.000 --> 00:08:17.000]  很興盛
[00:08:17.000 --> 00:08:18.000]  還有呢
[00:08:18.000 --> 00:08:19.000]  還有康熙
[00:08:19.000 --> 00:08:20.000]  大家都知道
[00:08:20.000 --> 00:08:23.000]  這些人都是很有智慧的
[00:08:23.000 --> 00:08:25.000]  不單止有智慧
[00:08:25.000 --> 00:08:26.000]  而且他們是王
[00:08:26.000 --> 00:08:28.000]  他們是有權力的
[00:08:28.000 --> 00:08:29.000]  所以後世呢
[00:08:29.000 --> 00:08:32.000]  就尊他們為一代明君
[00:08:32.000 --> 00:08:34.000]  所以歷史上
[00:08:34.000 --> 00:08:36.000]  有智慧的
[00:08:36.000 --> 00:08:38.000]  有些人有智慧
[00:08:38.000 --> 00:08:40.000]  但是他沒有那個權力
[00:08:40.000 --> 00:08:41.000]  有些人呢
[00:08:41.000 --> 00:08:42.000]  有權力呢
[00:08:42.000 --> 00:08:43.000]  他又沒有那個智慧
[00:08:43.000 --> 00:08:46.000]  所以當智慧和權力結合的時候
[00:08:46.000 --> 00:08:48.000]  這個人
[00:08:48.000 --> 00:08:51.000]  就是很多人所要景仰的
[00:08:51.000 --> 00:08:54.000]  很多人想得到這樣一個領導
[00:08:54.000 --> 00:08:56.000]  聖經當中呢
[00:08:56.000 --> 00:08:57.000]  所羅門
[00:08:57.000 --> 00:08:58.000]  他也是很出色的
[00:08:58.000 --> 00:08:59.000]  為什麼
[00:08:59.000 --> 00:09:02.000]  因為聖經說他的智慧是空前的
[00:09:02.000 --> 00:09:05.000]  又賜給他顯赫的王權
[00:09:05.000 --> 00:09:06.000]  所以你會看到
[00:09:06.000 --> 00:09:09.000]  所羅門他的智慧和他的權柄
[00:09:09.000 --> 00:09:10.000]  是集於一身的
[00:09:10.000 --> 00:09:13.000]  所以成為世間少有的人物
[00:09:13.000 --> 00:09:16.000]  列國都來聽他的智慧
[00:09:16.000 --> 00:09:17.000]  天下的君王呢
[00:09:17.000 --> 00:09:18.000]  都是尊敬他的
[00:09:18.000 --> 00:09:22.000]  所以他是成為了世人所景仰的對象
[00:09:22.000 --> 00:09:25.000]  但是我們不要忘記一件事
[00:09:25.000 --> 00:09:27.000]  就算是唐太宗也好
[00:09:27.000 --> 00:09:29.000]  所羅門的智慧也好
[00:09:29.000 --> 00:09:33.000]  其實智慧的最
[00:09:33.000 --> 00:09:35.000]  最根本的根源就是
[00:09:35.000 --> 00:09:36.000]  不是他們
[00:09:36.000 --> 00:09:38.000]  是上帝
[00:09:38.000 --> 00:09:39.000]  特別是所羅門
[00:09:39.000 --> 00:09:40.000]  你會看到
[00:09:40.000 --> 00:09:44.000]  所羅門的智慧是上帝所賜的
[00:09:44.000 --> 00:09:46.000]  當他敬畏神的時候
[00:09:46.000 --> 00:09:47.000]  倚靠神的時候
[00:09:47.000 --> 00:09:49.000]  他的國度就興盛了
[00:09:49.000 --> 00:09:50.000]  他的榮耀
[00:09:50.000 --> 00:09:53.000]  國度的榮耀可以說是在地上
[00:09:53.000 --> 00:09:55.000]  達到一個高峰
[00:09:55.000 --> 00:09:57.000]  但是當他離開神的時候
[00:09:57.000 --> 00:09:59.000]  他轉向偶像的時候
[00:09:59.000 --> 00:10:00.000]  神就管教他了
[00:10:00.000 --> 00:10:02.000]  他的榮耀就慢慢衰退了
[00:10:02.000 --> 00:10:03.000]  國度呢
[00:10:03.000 --> 00:10:07.000]  以色列國就走向一個分裂了
[00:10:07.000 --> 00:10:09.000]  人的智慧和權柄
[00:10:09.000 --> 00:10:11.000]  無論你有多大也好
[00:10:11.000 --> 00:10:13.000]  你都不是智慧的源頭
[00:10:13.000 --> 00:10:16.000]  人如果離開了上帝的時候
[00:10:16.000 --> 00:10:20.000]  他所擁有的一切
[00:10:20.000 --> 00:10:22.000]  都不可以長久的
[00:10:22.000 --> 00:10:24.000]  耶穌基督呢
[00:10:24.000 --> 00:10:26.000]  耶穌基督完全不同
[00:10:26.000 --> 00:10:27.000]  為什麼呢
[00:10:27.000 --> 00:10:28.000]  因為他是
[00:10:28.000 --> 00:10:30.000]  按人來看
[00:10:30.000 --> 00:10:33.000]  他不是坐在王的寶座上
[00:10:33.000 --> 00:10:34.000]  他不是王
[00:10:34.000 --> 00:10:36.000]  他也沒有皇宮
[00:10:36.000 --> 00:10:38.000]  他也不是在地上
[00:10:38.000 --> 00:10:39.000]  有什麼地位
[00:10:39.000 --> 00:10:40.000]  顯赫的地位
[00:10:40.000 --> 00:10:42.000]  他也沒有所羅門那種
[00:10:42.000 --> 00:10:43.000]  很威嚴
[00:10:43.000 --> 00:10:45.000]  很威榮的那種榮耀
[00:10:45.000 --> 00:10:47.000]  按人的目光來看
[00:10:47.000 --> 00:10:48.000]  他只不過是
[00:10:48.000 --> 00:10:50.000]  拿撒勒耶穌
[00:10:50.000 --> 00:10:51.000]  拿撒勒人
[00:10:51.000 --> 00:10:55.000]  拿撒勒能夠出什麼好東西出來呢
[00:10:55.000 --> 00:10:57.000]  而且他是木匠的兒子
[00:10:57.000 --> 00:10:58.000]  所以
[00:10:58.000 --> 00:11:01.000]  因著他很多的人
[00:11:01.000 --> 00:11:04.000]  所以很多的人就不會尊敬他
[00:11:04.000 --> 00:11:07.000]  因為他只不過是木匠的兒子
[00:11:07.000 --> 00:11:09.000]  正如耶穌自己說的
[00:11:09.000 --> 00:11:11.000]  先知在本地
[00:11:11.000 --> 00:11:13.000]  是沒有人尊敬的
[00:11:13.000 --> 00:11:14.000]  為什麼
[00:11:14.000 --> 00:11:17.000]  因為他只不過是木匠的兒子
[00:11:17.000 --> 00:11:19.000]  他只不過是拿撒勒人
[00:11:19.000 --> 00:11:20.000]  一個小小的地方
[00:11:20.000 --> 00:11:21.000]  木匠的兒子
[00:11:21.000 --> 00:11:23.000]  能夠有什麼榮耀
[00:11:23.000 --> 00:11:24.000]  有什麼權力
[00:11:24.000 --> 00:11:25.000]  有什麼智慧
[00:11:25.000 --> 00:11:28.000]  人都不會這樣看待他
[00:11:28.000 --> 00:11:31.000]  沒有給他一個合適的位置
[00:11:31.000 --> 00:11:34.000]  唐太宗有地上的智慧
[00:11:34.000 --> 00:11:35.000]  所羅門呢
[00:11:35.000 --> 00:11:38.000]  有從神而來的那種智慧
[00:11:38.000 --> 00:11:39.000]  耶穌基督呢
[00:11:39.000 --> 00:11:42.000]  耶穌基督是智慧的本體
[00:11:42.000 --> 00:11:43.000]  什麼意思
[00:11:43.000 --> 00:11:45.000]  他就是神的智慧
[00:11:45.000 --> 00:11:47.000]  他本身就是那個智慧
[00:11:47.000 --> 00:11:48.000]  他不是擁有智慧
[00:11:48.000 --> 00:11:50.000]  他是智慧的源頭
[00:11:50.000 --> 00:11:52.000]  他也不是擁有那種權力
[00:11:52.000 --> 00:11:54.000]  他是那種能力
[00:11:54.000 --> 00:11:56.000]  權柄的一個源頭
[00:11:56.000 --> 00:11:58.000]  他比康熙
[00:11:58.000 --> 00:11:59.000]  比唐太宗
[00:11:59.000 --> 00:12:01.000]  比所羅門都更有智慧
[00:12:01.000 --> 00:12:04.000]  也都比所羅門更偉大
[00:12:04.000 --> 00:12:07.000]  比一切地上的君王都更偉大
[00:12:07.000 --> 00:12:10.000]  因為地上
[00:12:10.000 --> 00:12:12.000]  就算你是王都也好
[00:12:12.000 --> 00:12:13.000]  你只不過是人
[00:12:13.000 --> 00:12:15.000]  那麼耶穌基督呢
[00:12:15.000 --> 00:12:18.000]  耶穌基督他是神
[00:12:18.000 --> 00:12:21.000]  他們看他是平凡人
[00:12:21.000 --> 00:12:24.000]  康熙和唐太宗只不過是一個平凡人
[00:12:24.000 --> 00:12:27.000]  只不過是被神使用的一些人
[00:12:27.000 --> 00:12:29.000]  包括所羅門
[00:12:29.000 --> 00:12:30.000]  耶穌基督呢
[00:12:30.000 --> 00:12:31.000]  他不一樣
[00:12:31.000 --> 00:12:36.000]  他是神成了肉身的一位主
[00:12:36.000 --> 00:12:37.000]  他就是主
[00:12:37.000 --> 00:12:38.000]  他是萬王之王
[00:12:38.000 --> 00:12:40.000]  萬子之子
[00:12:40.000 --> 00:12:43.000]  所以
[00:12:43.000 --> 00:12:45.000]  這個所羅門
[00:12:45.000 --> 00:12:48.000]  他只不過一切都是領受而來的
[00:12:48.000 --> 00:12:49.000]  耶穌基督呢
[00:12:49.000 --> 00:12:51.000]  耶穌基督他就不一樣
[00:12:51.000 --> 00:12:53.000]  他本來就是擁有一切的
[00:12:53.000 --> 00:12:57.000]  西人看耶穌很平凡
[00:12:57.000 --> 00:12:59.000]  看不出他有什麼超凡的
[00:12:59.000 --> 00:13:01.000]  木匠的兒子
[00:13:01.000 --> 00:13:03.000]  看不到他是神的兒子
[00:13:03.000 --> 00:13:04.000]  神的兒子
[00:13:04.000 --> 00:13:08.000]  也都看不到他是那位創造的主
[00:13:08.000 --> 00:13:10.000]  耶穌基督他是創造的主
[00:13:10.000 --> 00:13:12.000]  約翰福音一再講了
[00:13:12.000 --> 00:13:14.000]  萬物是藉著他做的
[00:13:14.000 --> 00:13:17.000]  耶穌基督他也是救贖的主
[00:13:17.000 --> 00:13:18.000]  除他以外
[00:13:18.000 --> 00:13:20.000]  別無拯救
[00:13:20.000 --> 00:13:21.000]  保羅也都講過
[00:13:21.000 --> 00:13:23.000]  基督
[00:13:23.000 --> 00:13:26.000]  總為神他的能力和神的智慧
[00:13:26.000 --> 00:13:29.000]  基督他就是神的能力和智慧
[00:13:29.000 --> 00:13:30.000]  但是人
[00:13:30.000 --> 00:13:31.000]  看耶穌基督的時候
[00:13:31.000 --> 00:13:33.000]  你看不出
[00:13:33.000 --> 00:13:36.000]  看到的就是一個很普通的人
[00:13:36.000 --> 00:13:38.000]  聖經也都跟我們講
[00:13:38.000 --> 00:13:42.000]  耶穌基督成為了我們的智慧
[00:13:42.000 --> 00:13:43.000]  我們的公義
[00:13:43.000 --> 00:13:44.000]  我們的聖潔
[00:13:44.000 --> 00:13:47.000]  也都成為了我們的救贖
[00:13:47.000 --> 00:13:49.000]  所以我們呢
[00:13:49.000 --> 00:13:51.000]  我們真是很平凡
[00:13:51.000 --> 00:13:54.000]  平凡得不能再平凡
[00:13:54.000 --> 00:13:56.000]  我們的出生很平凡
[00:13:56.000 --> 00:13:58.000]  我們的能力在這個地上
[00:13:58.000 --> 00:13:59.000]  按人來看
[00:13:59.000 --> 00:14:01.000]  比不上那些屬世的
[00:14:01.000 --> 00:14:03.000]  他們有更大的權力
[00:14:03.000 --> 00:14:06.000]  我們的知識按人來看
[00:14:06.000 --> 00:14:08.000]  是少數的
[00:14:08.000 --> 00:14:10.000]  也都沒有什麼個人的知識
[00:14:10.000 --> 00:14:11.000]  有時給人的感覺是
[00:14:11.000 --> 00:14:12.000]  生命呢
[00:14:12.000 --> 00:14:14.000]  也都是塵歸塵
[00:14:14.000 --> 00:14:15.000]  土歸土
[00:14:15.000 --> 00:14:16.000]  人們看我們是
[00:14:16.000 --> 00:14:19.000]  我們有什麼不平凡呢
[00:14:19.000 --> 00:14:22.000]  不是因為我們有什麼特別
[00:14:22.000 --> 00:14:24.000]  是因為我們有一位
[00:14:24.000 --> 00:14:26.000]  不平凡的基督
[00:14:26.000 --> 00:14:28.000]  所以我們就不平凡了
[00:14:28.000 --> 00:14:29.000]  為什麼
[00:14:29.000 --> 00:14:30.000]  因為基督
[00:14:30.000 --> 00:14:33.000]  他成為了我們的智慧
[00:14:33.000 --> 00:14:34.000]  公義
[00:14:34.000 --> 00:14:35.000]  聖潔和救贖
[00:14:35.000 --> 00:14:37.000]  也都成為了我們的力量
[00:14:37.000 --> 00:14:38.000]  我們的能力
[00:14:38.000 --> 00:14:41.000]  所以我們也是不平凡的
[00:14:41.000 --> 00:14:42.000]  我們是平凡
[00:14:42.000 --> 00:14:44.000]  我們也是不平凡的
[00:14:44.000 --> 00:14:46.000]  不是因為我們比其他人
[00:14:46.000 --> 00:14:47.000]  有什麼優秀
[00:14:47.000 --> 00:14:50.000]  而是因為我們領受了
[00:14:50.000 --> 00:14:53.000]  從天而來的福音
[00:14:53.000 --> 00:14:57.000]  擁有了從天而來的訊息
[00:14:57.000 --> 00:15:00.000]  也都認識了這位
[00:15:00.000 --> 00:15:02.000]  超越萬王之王
[00:15:02.000 --> 00:15:04.000]  萬主之主的基督
[00:15:04.000 --> 00:15:07.000]  世人看我們很平凡
[00:15:07.000 --> 00:15:08.000]  但是
[00:15:08.000 --> 00:15:11.000]  基督住在我們裡面的時候
[00:15:11.000 --> 00:15:14.000]  我們就不是平凡了
[00:15:14.000 --> 00:15:15.000]  所以
[00:15:15.000 --> 00:15:17.000]  因為我們所傳的
[00:15:17.000 --> 00:15:19.000]  不是平凡的訊息
[00:15:19.000 --> 00:15:21.000]  也都因為我們
[00:15:21.000 --> 00:15:23.000]  跟隨的那位主
[00:15:23.000 --> 00:15:25.000]  是超越萬有的
[00:15:25.000 --> 00:15:28.000]  萬王之王 萬主之主的耶穌基督
[00:15:28.000 --> 00:15:29.000]  所以我們
[00:15:29.000 --> 00:15:31.000]  從這個角度來說
[00:15:31.000 --> 00:15:33.000]  也都是不平凡的
[00:15:33.000 --> 00:15:39.000]  當我們以耶穌基督
[00:15:39.000 --> 00:15:42.000]  這個生命為中心的時候
[00:15:42.000 --> 00:15:44.000]  以耶穌基督為中心的時候
[00:15:44.000 --> 00:15:46.000]  我們的生命以耶穌基督為中心的時候
[00:15:46.000 --> 00:15:49.000]  教會以耶穌基督為中心的時候
[00:15:49.000 --> 00:15:53.000]  我們應當是這樣做的
[00:15:53.000 --> 00:15:58.000]  當我這次去東岸的時候
[00:15:58.000 --> 00:15:59.000]  看到波士頓
[00:15:59.000 --> 00:16:02.000]  波士頓有很多古老的教堂
[00:16:02.000 --> 00:16:05.000]  因為清教徒早期
[00:16:05.000 --> 00:16:06.000]  就來
[00:16:06.000 --> 00:16:11.000]  在普利茅斯上岸
[00:16:11.000 --> 00:16:15.000]  那邊就有很多古老的教堂
[00:16:15.000 --> 00:16:18.000]  教堂前面就像我們這裡一樣
[00:16:18.000 --> 00:16:19.000]  看到一個教堂
[00:16:19.000 --> 00:16:20.000]  後面呢
[00:16:20.000 --> 00:16:22.000]  後面你會看到什麼呢
[00:16:22.000 --> 00:16:24.000]  後面有一個church ear
[00:16:24.000 --> 00:16:26.000]  就是教堂的墓園
[00:16:26.000 --> 00:16:30.000]  是給長老 牧師
[00:16:30.000 --> 00:16:32.000]  因為他們盡忠了一生
[00:16:32.000 --> 00:16:33.000]  可能就是
[00:16:33.000 --> 00:16:35.000]  通常就埋在後面
[00:16:35.000 --> 00:16:37.000]  很有意思的
[00:16:37.000 --> 00:16:39.000]  教會
[00:16:39.000 --> 00:16:41.000]  它不是一個建築物
[00:16:41.000 --> 00:16:45.000]  教會是神呼召出來的一班人
[00:16:45.000 --> 00:16:46.000]  是屬神的
[00:16:46.000 --> 00:16:47.000]  我們是屬神的
[00:16:47.000 --> 00:16:50.000]  但是當耶穌基督
[00:16:50.000 --> 00:16:53.000]  不在我們生命當中去掌權的時候
[00:16:53.000 --> 00:16:55.000]  萬王之王 萬主之主
[00:16:55.000 --> 00:16:57.000]  超越一切的王
[00:16:57.000 --> 00:17:01.000]  不在我們教會當中去掌權的時候
[00:17:01.000 --> 00:17:03.000]  我們是沒有生氣的
[00:17:03.000 --> 00:17:06.000]  當我們以耶穌基督為主的時候
[00:17:06.000 --> 00:17:07.000]  讓祂掌權的時候
[00:17:07.000 --> 00:17:09.000]  教會就會活了
[00:17:09.000 --> 00:17:12.000]  所以當基督不再居守衛的時候
[00:17:12.000 --> 00:17:14.000]  教會就好像一個
[00:17:14.000 --> 00:17:19.000]  不是前面一個有生命的東西
[00:17:19.000 --> 00:17:26.000]  好像變成了教堂後面的墓地一樣
[00:17:26.000 --> 00:17:27.000]  為什麼?
[00:17:27.000 --> 00:17:31.000]  因為沒有基督的生命的時候
[00:17:31.000 --> 00:17:34.000]  就變成只有教堂裡面有的
[00:17:34.000 --> 00:17:35.000]  那種宗教形式
[00:17:35.000 --> 00:17:38.000]  但是沒有屬神的生命
[00:17:38.000 --> 00:17:41.000]  所以今天最大的危機是什麼呢?
[00:17:41.000 --> 00:17:42.000]  不是沒有教堂
[00:17:42.000 --> 00:17:44.000]  不是沒有華黎的教堂
[00:17:44.000 --> 00:17:46.000]  也不是說教堂裡面沒有人
[00:17:46.000 --> 00:17:47.000]  是有教堂
[00:17:47.000 --> 00:17:50.000]  但是很多時候沒有活出那種基督的生命
[00:17:50.000 --> 00:17:51.000]  有宗教
[00:17:51.000 --> 00:17:53.000]  也都活不出那種
[00:17:53.000 --> 00:17:55.000]  屬神而來的那種生命
[00:17:55.000 --> 00:17:57.000]  這件事是很重要的
[00:17:57.000 --> 00:17:59.000]  當活不出的時候
[00:17:59.000 --> 00:18:02.000]  教堂就變成了教堂
[00:18:02.000 --> 00:18:03.000]  變成了墓地
[00:18:03.000 --> 00:18:05.000]  這件事是很可怕的
[00:18:05.000 --> 00:18:06.000]  那耶穌基督呢
[00:18:06.000 --> 00:18:08.000]  當他回到加利利以後
[00:18:08.000 --> 00:18:10.000]  約翰特別說了一句話
[00:18:10.000 --> 00:18:14.000]  因為耶穌基督自己做過見證話
[00:18:14.000 --> 00:18:18.000]  先知在本地是沒有人尊敬的
[00:18:18.000 --> 00:18:21.000]  為什麼先知在本地沒有人尊敬?
[00:18:21.000 --> 00:18:26.000]  因為人往往只看外貌
[00:18:26.000 --> 00:18:29.000]  看不到人裡面的本質是什麼
[00:18:29.000 --> 00:18:32.000]  只看到這個夠不夠醒目
[00:18:32.000 --> 00:18:34.000]  這個夠不夠氣派
[00:18:34.000 --> 00:18:36.000]  但是當他們看耶穌
[00:18:36.000 --> 00:18:37.000]  耶穌都沒有這些
[00:18:37.000 --> 00:18:39.000]  你讀聖經就知道
[00:18:39.000 --> 00:18:44.000]  好像是枯乾的亂芽一樣
[00:18:44.000 --> 00:18:46.000]  沒有什麼特別的
[00:18:46.000 --> 00:18:48.000]  而且比一般人還要難看一點
[00:18:48.000 --> 00:18:51.000]  他們看不到耶穌基督的本質是什麼
[00:18:51.000 --> 00:18:53.000]  他們看到耶穌基督的現象
[00:18:53.000 --> 00:18:54.000]  是木匠
[00:18:54.000 --> 00:18:55.000]  是木匠的兒子
[00:18:55.000 --> 00:18:58.000]  看不出耶穌基督的真相是什麼
[00:18:58.000 --> 00:19:00.000]  他本來是神
[00:19:00.000 --> 00:19:01.000]  他是最高的神
[00:19:01.000 --> 00:19:03.000]  他是萬王之王
[00:19:03.000 --> 00:19:06.000]  加利利人從小就看他
[00:19:06.000 --> 00:19:09.000]  那撒勒人
[00:19:09.000 --> 00:19:12.000]  木匠約瑟的兒子
[00:19:12.000 --> 00:19:15.000]  媽媽瑪利亞很清楚
[00:19:15.000 --> 00:19:18.000]  所以看不到耶穌基督有什麼偉大
[00:19:18.000 --> 00:19:21.000]  但是當耶穌基督出來傳道的時候
[00:19:21.000 --> 00:19:24.000]  所以很多人就說了一句話
[00:19:24.000 --> 00:19:27.000]  他不是木匠的兒子嗎?
[00:19:27.000 --> 00:19:28.000]  這個就是木匠的兒子
[00:19:28.000 --> 00:19:31.000]  耶穌基督只不過是普通人
[00:19:31.000 --> 00:19:33.000]  鄉下的兒子
[00:19:33.000 --> 00:19:35.000]  對他太熟悉了
[00:19:35.000 --> 00:19:37.000]  他的真正身份
[00:19:37.000 --> 00:19:40.000]  就是這樣而已
[00:19:40.000 --> 00:19:43.000]  所以他們看到的是耶穌基督的人性
[00:19:43.000 --> 00:19:46.000]  看不到耶穌基督的神性
[00:19:46.000 --> 00:19:48.000]  知道耶穌基督的家庭背景
[00:19:48.000 --> 00:19:51.000]  但是看不出他是神的兒子
[00:19:51.000 --> 00:19:53.000]  看到他外面的平凡
[00:19:53.000 --> 00:19:56.000]  但是看不到他裡面的榮耀
[00:19:56.000 --> 00:19:59.000]  我們教會
[00:19:59.000 --> 00:20:01.000]  Johnson 牧師大家都很熟悉
[00:20:01.000 --> 00:20:05.000]  很多年長的人就會說
[00:20:05.000 --> 00:20:07.000]  Johnson 我從小看到他長大
[00:20:07.000 --> 00:20:09.000]  他和我兒子一起玩的
[00:20:09.000 --> 00:20:12.000]  他比我兒子還要調皮
[00:20:12.000 --> 00:20:14.000]  很多時候就是坐不定
[00:20:14.000 --> 00:20:16.000]  走來走去
[00:20:16.000 --> 00:20:20.000]  甚至闖禍的可能都是他
[00:20:20.000 --> 00:20:22.000]  但是今天呢
[00:20:22.000 --> 00:20:24.000]  所以當你這樣看的時候
[00:20:24.000 --> 00:20:25.000]  他站在港台的時候
[00:20:25.000 --> 00:20:27.000]  你很容易就想到
[00:20:27.000 --> 00:20:30.000]  他只不過是那個調皮仔
[00:20:30.000 --> 00:20:35.000]  你看不到神在他身上的恩典是什麼
[00:20:35.000 --> 00:20:38.000]  看不到神在他身上的榮耀是什麼
[00:20:38.000 --> 00:20:40.000]  因為太熟悉了
[00:20:40.000 --> 00:20:42.000]  所以很難去尊重
[00:20:42.000 --> 00:20:44.000]  還要比我小一輩
[00:20:44.000 --> 00:20:46.000]  很難去尊重
[00:20:46.000 --> 00:20:48.000]  你也知道他的過去
[00:20:48.000 --> 00:20:51.000]  因為他住在我家很近的
[00:20:51.000 --> 00:20:52.000]  只不過是
[00:20:52.000 --> 00:20:54.000]  我們很多時候忽略了
[00:20:54.000 --> 00:20:57.000]  神在人生命當中的工作是什麼
[00:20:57.000 --> 00:21:01.000]  俗話說 本地薑真的不辣
[00:21:01.000 --> 00:21:04.000]  人往往就是對自己熟悉的人
[00:21:04.000 --> 00:21:08.000]  存有那種固有的印象
[00:21:08.000 --> 00:21:09.000]  我看你就是這樣
[00:21:09.000 --> 00:21:12.000]  我從小看到你長大就是這樣
[00:21:12.000 --> 00:21:16.000]  甚至如果你是用歪一點的眼光去看
[00:21:16.000 --> 00:21:18.000]  你就會挑剔他
[00:21:18.000 --> 00:21:22.000]  所以很難真正看到對方的價值是什麼
[00:21:22.000 --> 00:21:23.000]  但是感謝上帝
[00:21:23.000 --> 00:21:25.000]  我們當中很多的長者
[00:21:25.000 --> 00:21:28.000]  他看到的不是一個痞子
[00:21:28.000 --> 00:21:31.000]  他看到的是神的恩典的作為
[00:21:31.000 --> 00:21:35.000]  因為那個痞子今天已經成為牧師
[00:21:35.000 --> 00:21:38.000]  那個坐不定的小孩
[00:21:38.000 --> 00:21:40.000]  今天已經成為神學的博士
[00:21:40.000 --> 00:21:42.000]  那個很軟弱的
[00:21:42.000 --> 00:21:44.000]  看不上眼的
[00:21:44.000 --> 00:21:49.000]  今天已經成為神手中的重用器皿
[00:21:49.000 --> 00:21:51.000]  這個不是人的工作
[00:21:51.000 --> 00:21:53.000]  是神的恩典
[00:21:53.000 --> 00:21:56.000]  同樣加里尼最大的問題是什麼
[00:21:56.000 --> 00:21:59.000]  不是不知道耶穌基督的背景是什麼
[00:21:59.000 --> 00:22:01.000]  祂在哪裡
[00:22:01.000 --> 00:22:05.000]  而是不知道耶穌基督真正是誰
[00:22:05.000 --> 00:22:07.000]  祂真正是誰
[00:22:07.000 --> 00:22:10.000]  他們知道祂來自拿撒勒
[00:22:10.000 --> 00:22:14.000]  但是不知道祂是從天上而來的
[00:22:14.000 --> 00:22:16.000]  祂知道是瑪利亞的兒子
[00:22:16.000 --> 00:22:18.000]  但是祂不知道祂是永生神的兒子
[00:22:18.000 --> 00:22:20.000]  祂知道祂是牧將
[00:22:20.000 --> 00:22:25.000]  祂不知道這位牧將竟然是創造天地的主
[00:22:25.000 --> 00:22:27.000]  祂是萬物的創造主
[00:22:27.000 --> 00:22:30.000]  這是人屬靈的一個問題和光景
[00:22:30.000 --> 00:22:34.000]  很多時候以為自己看得很清楚
[00:22:34.000 --> 00:22:36.000]  其實只不過是看到表面
[00:22:36.000 --> 00:22:38.000]  以為很了解
[00:22:38.000 --> 00:22:41.000]  其實都未真正認識
[00:22:41.000 --> 00:22:44.000]  我們很多時候都需要求主幫助
[00:22:44.000 --> 00:22:50.000]  不只是看到基督很表現、很外面、很平凡的東西
[00:22:50.000 --> 00:22:53.000]  而是要看到基督的榮耀是什麼
[00:22:53.000 --> 00:22:58.000]  所以不只是認識耶穌基督的人性
[00:22:58.000 --> 00:23:01.000]  我們要更相信祂的神性是什麼
[00:23:01.000 --> 00:23:05.000]  不只是知道祂來過這個世界
[00:23:05.000 --> 00:23:10.000]  我們也要相信祂就是那位道成肉身的神子
[00:23:10.000 --> 00:23:13.000]  世人的獨一的救主
[00:23:13.000 --> 00:23:21.000]  人最大的問題不是見得太少
[00:23:21.000 --> 00:23:23.000]  而是很多時候見來見去
[00:23:23.000 --> 00:23:26.000]  就是見到表面的東西
[00:23:26.000 --> 00:23:28.000]  約翰跟著說
[00:23:28.000 --> 00:23:29.000]  到了加利利
[00:23:29.000 --> 00:23:34.000]  加利利人既然看見他在耶路撒冷過節
[00:23:34.000 --> 00:23:38.000]  所行的一切事就接待他
[00:23:38.000 --> 00:23:42.000]  因為他們也想過節
[00:23:42.000 --> 00:23:47.000]  加利利人為什麼開始接待耶穌呢?
[00:23:47.000 --> 00:23:53.000]  因為他們親眼見到耶穌基督在耶路撒冷所行的一切事
[00:23:53.000 --> 00:23:57.000]  耶穌基督在聖殿上行了神蹟奇事
[00:23:57.000 --> 00:24:00.000]  眾人對他的反應也很熱烈
[00:24:00.000 --> 00:24:02.000]  很多人願意跟隨他
[00:24:02.000 --> 00:24:08.000]  也看到他在耶路撒冷對耶路撒冷一帶的影響
[00:24:08.000 --> 00:24:11.000]  當時耶穌基督很有影響力
[00:24:11.000 --> 00:24:17.000]  或者以前有些人曾經看不起耶穌基督
[00:24:17.000 --> 00:24:21.000]  覺得耶穌基督只不過是拿撒勒的木匠的兒子
[00:24:21.000 --> 00:24:23.000]  甚至可能心想
[00:24:23.000 --> 00:24:26.000]  耶穌基督算什麼?
[00:24:26.000 --> 00:24:28.000]  很多時候我們的心也很容易是這樣
[00:24:28.000 --> 00:24:30.000]  他算什麼?
[00:24:30.000 --> 00:24:32.000]  如果你跟他有爭執
[00:24:32.000 --> 00:24:34.000]  他算什麼?
[00:24:34.000 --> 00:24:36.000]  人看人
[00:24:36.000 --> 00:24:38.000]  看死人
[00:24:38.000 --> 00:24:41.000]  人看人很容易將人看死
[00:24:41.000 --> 00:24:44.000]  這是人墮落之後
[00:24:44.000 --> 00:24:48.000]  他很多時候的自然反應
[00:24:48.000 --> 00:24:50.000]  很多時候我們不會說我算什麼
[00:24:50.000 --> 00:24:52.000]  反而是說他算什麼
[00:24:52.000 --> 00:24:54.000]  他的學歷、地位
[00:24:54.000 --> 00:24:56.000]  耶穌基督沒有什麼學歷
[00:24:56.000 --> 00:24:58.000]  他的地位也看不上眼
[00:24:58.000 --> 00:25:00.000]  所以他算什麼?
[00:25:00.000 --> 00:25:05.000]  但是當耶穌基督在耶路撒冷回來的時候
[00:25:05.000 --> 00:25:07.000]  他行的一切事
[00:25:07.000 --> 00:25:11.000]  他們對耶穌基督的看法就不一樣了
[00:25:11.000 --> 00:25:15.000]  其實今天這種現象也是不陌生的
[00:25:15.000 --> 00:25:16.000]  為什麼?
[00:25:16.000 --> 00:25:17.000]  俗話說
[00:25:17.000 --> 00:25:19.000]  十年寒窗無人聞
[00:25:19.000 --> 00:25:22.000]  一舉成名天下知
[00:25:22.000 --> 00:25:26.000]  好像廣東有一個跳水的
[00:25:26.000 --> 00:25:28.000]  很厲害的叫做全雄善
[00:25:28.000 --> 00:25:30.000]  但是他在奧運會
[00:25:30.000 --> 00:25:32.000]  我甘拜之前
[00:25:32.000 --> 00:25:36.000]  他只不過是廣東農村的一個小孩子
[00:25:36.000 --> 00:25:38.000]  當他在奧運會
[00:25:38.000 --> 00:25:40.000]  一跳成名天下知
[00:25:40.000 --> 00:25:46.000]  之後他在奧運會拿了三塊金牌
[00:25:46.000 --> 00:25:47.000]  可以說是三金王
[00:25:47.000 --> 00:25:53.000]  是奧運會歷史上最年輕的三金王
[00:25:53.000 --> 00:25:56.000]  所以很多人,全世界都認識他
[00:25:56.000 --> 00:25:58.000]  媒體也都報導他
[00:25:58.000 --> 00:26:01.000]  很多人也都以他為榮
[00:26:01.000 --> 00:26:02.000]  特別是什麼?
[00:26:02.000 --> 00:26:05.000]  我是全雄善那條村的
[00:26:05.000 --> 00:26:08.000]  整個村,整個鎮,整個城市
[00:26:08.000 --> 00:26:10.000]  都掛他的名字出來
[00:26:10.000 --> 00:26:12.000]  所以以他為傲
[00:26:12.000 --> 00:26:14.000]  同樣一個人
[00:26:14.000 --> 00:26:19.000]  可能全雄善在未成名和成名之前
[00:26:19.000 --> 00:26:21.000]  其實沒有什麼大的分別
[00:26:21.000 --> 00:26:25.000]  但是人對他的眼光就變了
[00:26:25.000 --> 00:26:26.000]  因為他成名了
[00:26:26.000 --> 00:26:29.000]  所以我對他的看法就不一樣了
[00:26:29.000 --> 00:26:32.000]  加利利人,耶穌基督也是這樣
[00:26:32.000 --> 00:26:35.000]  從前看到耶穌基督是拿撒勒的人
[00:26:35.000 --> 00:26:38.000]  但是耶穌基督在耶路撒冷行神蹟
[00:26:38.000 --> 00:26:40.000]  那裡有很多宗教領袖
[00:26:40.000 --> 00:26:42.000]  個個都很大粒
[00:26:42.000 --> 00:26:44.000]  是很有影響力的
[00:26:44.000 --> 00:26:47.000]  但是耶穌基督竟然在那裡很有影響力
[00:26:47.000 --> 00:26:49.000]  人看他又不一樣
[00:26:49.000 --> 00:26:52.000]  當耶穌基督行了很多神蹟的時候
[00:26:52.000 --> 00:26:54.000]  聽見耶穌
[00:26:54.000 --> 00:26:57.000]  那裡就有很多人聽到耶穌基督的名字
[00:26:57.000 --> 00:26:58.000]  就好像一個人
[00:26:58.000 --> 00:27:01.000]  如果你在哈佛,在麻省理工
[00:27:01.000 --> 00:27:03.000]  你不單是在那裡讀
[00:27:03.000 --> 00:27:04.000]  你在那裡成名
[00:27:04.000 --> 00:27:05.000]  整間學校都知道了
[00:27:05.000 --> 00:27:07.000]  整個地區都知道了
[00:27:07.000 --> 00:27:09.000]  人對你的尊重不一樣
[00:27:09.000 --> 00:27:10.000]  就不一樣了
[00:27:10.000 --> 00:27:13.000]  所以耶穌基督在那裡回來的時候
[00:27:13.000 --> 00:27:15.000]  人就開始接待他了
[00:27:15.000 --> 00:27:19.000]  當然這樣沒有什麼錯
[00:27:19.000 --> 00:27:21.000]  因為人有美名
[00:27:21.000 --> 00:27:23.000]  有美好的名聲
[00:27:23.000 --> 00:27:24.000]  這樣是好的
[00:27:24.000 --> 00:27:27.000]  特別是對於我們傳福音是很有幫助的
[00:27:27.000 --> 00:27:28.000]  聖經也說
[00:27:28.000 --> 00:27:30.000]  美名勝過大財
[00:27:30.000 --> 00:27:31.000]  一個敬虔的生命
[00:27:31.000 --> 00:27:33.000]  一個美好的見證
[00:27:33.000 --> 00:27:36.000]  會幫助我們傳福音的時候
[00:27:36.000 --> 00:27:38.000]  減少了很多的麻煩
[00:27:38.000 --> 00:27:40.000]  也有很多人願意去聽
[00:27:40.000 --> 00:27:43.000]  一個有學識的,有名頭的人去說話
[00:27:43.000 --> 00:27:45.000]  這個沒有什麼錯
[00:27:45.000 --> 00:27:47.000]  但這段經文告訴我們
[00:27:47.000 --> 00:27:51.000]  不是人開始尊重耶穌基督了
[00:27:51.000 --> 00:27:53.000]  不是真正說這件事
[00:27:53.000 --> 00:28:00.000]  因為人尊重沒有對耶穌基督增加什麼
[00:28:00.000 --> 00:28:02.000]  沒有增加耶穌基督的榮耀
[00:28:02.000 --> 00:28:03.000]  可以說
[00:28:03.000 --> 00:28:06.000]  人看見他也減少不了耶穌基督的榮耀
[00:28:06.000 --> 00:28:08.000]  因為耶穌基督
[00:28:08.000 --> 00:28:10.000]  他本來就是偉大的
[00:28:10.000 --> 00:28:12.000]  不是因為你接待他
[00:28:12.000 --> 00:28:14.000]  所以他榮耀
[00:28:14.000 --> 00:28:15.000]  他本來就是偉大的
[00:28:15.000 --> 00:28:17.000]  他本來就是榮耀的
[00:28:17.000 --> 00:28:19.000]  他不是後來才榮耀
[00:28:19.000 --> 00:28:20.000]  不是因為人給他榮耀
[00:28:20.000 --> 00:28:21.000]  他才有榮耀
[00:28:21.000 --> 00:28:23.000]  他本來就是榮耀
[00:28:23.000 --> 00:28:25.000]  他就是榮耀的本體
[00:28:25.000 --> 00:28:27.000]  約翰福音一早就說了
[00:28:27.000 --> 00:28:29.000]  太初有道
[00:28:29.000 --> 00:28:30.000]  道與神同在
[00:28:30.000 --> 00:28:32.000]  道就是神
[00:28:32.000 --> 00:28:33.000]  然後又說
[00:28:33.000 --> 00:28:34.000]  我們見過他的榮光
[00:28:34.000 --> 00:28:37.000]  即是複讀生字的榮光
[00:28:37.000 --> 00:28:39.000]  耶穌基督本來就是有榮光的
[00:28:39.000 --> 00:28:43.000]  所以問題從來不在耶穌基督他自己的身上
[00:28:43.000 --> 00:28:45.000]  是在人
[00:28:45.000 --> 00:28:49.000]  他有沒有認出耶穌基督的榮耀
[00:28:49.000 --> 00:28:51.000]  不在於耶穌基督
[00:28:51.000 --> 00:28:57.000]  耶穌基督本來就是基督
[00:28:57.000 --> 00:29:03.000]  而不在於人願不願意相信耶穌基督
[00:29:03.000 --> 00:29:05.000]  他就是基督
[00:29:05.000 --> 00:29:08.000]  加利利人接待耶穌
[00:29:08.000 --> 00:29:11.000]  是否代表他們真正認識耶穌基督呢
[00:29:11.000 --> 00:29:13.000]  我接待你
[00:29:13.000 --> 00:29:15.000]  是否我就真正認識你呢
[00:29:15.000 --> 00:29:17.000]  他們看見神蹟
[00:29:17.000 --> 00:29:21.000]  不等於他們真正認識耶穌基督
[00:29:21.000 --> 00:29:22.000]  他們歡迎耶穌
[00:29:22.000 --> 00:29:25.000]  也不等於他們真正信了耶穌
[00:29:25.000 --> 00:29:28.000]  如果我們讀約翰福音第二章
[00:29:28.000 --> 00:29:32.000]  當耶穌基督在耶路撒冷過魚節的時候
[00:29:32.000 --> 00:29:35.000]  很多人看到他所行的神蹟
[00:29:35.000 --> 00:29:37.000]  就信了他的名字
[00:29:37.000 --> 00:29:39.000]  但接著
[00:29:39.000 --> 00:29:41.000]  經文又出來了
[00:29:41.000 --> 00:29:44.000]  耶穌基督卻不將自己交給他們
[00:29:44.000 --> 00:29:46.000]  他們的信是很有問題的
[00:29:46.000 --> 00:29:48.000]  為什麼呢
[00:29:48.000 --> 00:29:50.000]  因為他們所相信的
[00:29:50.000 --> 00:29:52.000]  更多是耶穌基督所行的神蹟
[00:29:52.000 --> 00:29:54.000]  不是真正的耶穌基督
[00:29:54.000 --> 00:29:56.000]  他是誰
[00:29:56.000 --> 00:29:59.000]  所以他們欣賞的是耶穌基督的能力
[00:29:59.000 --> 00:30:01.000]  不是願意接受耶穌基督
[00:30:01.000 --> 00:30:03.000]  他是基督的身份
[00:30:03.000 --> 00:30:05.000]  他們歡迎耶穌基督
[00:30:05.000 --> 00:30:06.000]  你多行神蹟吧
[00:30:06.000 --> 00:30:09.000]  但未必真正願意去信服
[00:30:09.000 --> 00:30:12.000]  這位耶穌基督的主權
[00:30:12.000 --> 00:30:13.000]  很多時候
[00:30:13.000 --> 00:30:17.000]  我們擁戴一些人就希望他帶來利益
[00:30:17.000 --> 00:30:18.000]  給我利益
[00:30:18.000 --> 00:30:19.000]  聽我的
[00:30:19.000 --> 00:30:20.000]  維護我的利益
[00:30:20.000 --> 00:30:21.000]  很多時候
[00:30:21.000 --> 00:30:24.000]  很少反而是你要聽他的
[00:30:24.000 --> 00:30:25.000]  當你要聽他的時候
[00:30:25.000 --> 00:30:28.000]  你就不一樣了
[00:30:28.000 --> 00:30:31.000]  你就可能不願意跟隨了
[00:30:31.000 --> 00:30:35.000]  但耶穌基督要的是信服他的主權
[00:30:35.000 --> 00:30:37.000]  所以約翰福音一直提醒我們
[00:30:37.000 --> 00:30:40.000]  信仰不是停留在神蹟那裡
[00:30:40.000 --> 00:30:43.000]  而是進入到耶穌基督裡面
[00:30:43.000 --> 00:30:45.000]  不只是欣賞他的能力
[00:30:45.000 --> 00:30:47.000]  而是要認識他真正是誰
[00:30:47.000 --> 00:30:51.000]  不只是看到他做過一些很表面的事
[00:30:51.000 --> 00:30:56.000]  更多是要信他是神所差來的那位基督
[00:30:56.000 --> 00:30:59.000]  因為真正能夠拯救人的
[00:30:59.000 --> 00:31:00.000]  不是神蹟
[00:31:00.000 --> 00:31:03.000]  也都真正能夠改變生命的
[00:31:03.000 --> 00:31:05.000]  也都不是他的名聲
[00:31:05.000 --> 00:31:07.000]  真正能夠賜給人生命的
[00:31:07.000 --> 00:31:10.000]  就是耶穌基督他自己
[00:31:10.000 --> 00:31:11.000]  他自己
[00:31:11.000 --> 00:31:13.000]  不只是他的名聲
[00:31:13.000 --> 00:31:16.000]  不是那些現象的東西
[00:31:16.000 --> 00:31:19.000]  加里尼人為什麼不尊重耶穌
[00:31:19.000 --> 00:31:22.000]  不是因為他們不認識耶穌
[00:31:22.000 --> 00:31:23.000]  剛剛相反
[00:31:23.000 --> 00:31:25.000]  是因為他們太熟悉耶穌了
[00:31:25.000 --> 00:31:27.000]  他們從小看到他們長大
[00:31:27.000 --> 00:31:28.000]  知道他的家庭背景
[00:31:28.000 --> 00:31:32.000]  也都反而看不到他真正的身份
[00:31:32.000 --> 00:31:38.000]  熟悉反而沒有幫助他們認識耶穌基督
[00:31:38.000 --> 00:31:42.000]  所以真正需要的
[00:31:42.000 --> 00:31:44.000]  他們真正需要的是信心
[00:31:44.000 --> 00:31:47.000]  熟悉反而使他們忽略了基督的榮耀
[00:31:47.000 --> 00:31:50.000]  因為他們沒有那個信心的眼去看耶穌基督
[00:31:50.000 --> 00:31:52.000]  他們沒有這個東西
[00:31:52.000 --> 00:31:55.000]  其實歷史上很多的基督徒都是這樣
[00:31:55.000 --> 00:31:57.000]  有一個共通的點
[00:31:57.000 --> 00:32:00.000]  就是對陌生的事很容易驚訝
[00:32:00.000 --> 00:32:04.000]  對熟悉的事我們都很容易忽略了
[00:32:04.000 --> 00:32:08.000]  對第一次經歷恩典的時候
[00:32:08.000 --> 00:32:09.000]  我們回顧一下
[00:32:09.000 --> 00:32:12.000]  第一次感受到基督的愛的時候
[00:32:12.000 --> 00:32:13.000]  我們很容易感動
[00:32:13.000 --> 00:32:17.000]  但是當我們恩典天天都在我們當中的時候
[00:32:17.000 --> 00:32:19.000]  我們就習以為常了
[00:32:19.000 --> 00:32:20.000]  很多時候
[00:32:20.000 --> 00:32:21.000]  很多美好的東西
[00:32:21.000 --> 00:32:22.000]  神的恩典
[00:32:22.000 --> 00:32:26.000]  我們就很容易覺得很太平常了
[00:32:26.000 --> 00:32:29.000]  因為神的恩典就是環繞著你們
[00:32:29.000 --> 00:32:30.000]  那些領袖
[00:32:30.000 --> 00:32:32.000]  如果你看猶太的領袖
[00:32:32.000 --> 00:32:33.000]  也是這樣
[00:32:33.000 --> 00:32:35.000]  他們看到耶穌基督有很多的神蹟
[00:32:35.000 --> 00:32:39.000]  但最後就要釘耶穌基督上十字架
[00:32:39.000 --> 00:32:43.000]  就算他看到耶穌基督叫拉撒路復活
[00:32:43.000 --> 00:32:45.000]  也是這樣照做
[00:32:45.000 --> 00:32:48.000]  但是如果我們看到叫死人復活
[00:32:48.000 --> 00:32:51.000]  我們可能就要俯伏敬拜了
[00:32:51.000 --> 00:32:52.000]  聖人
[00:32:52.000 --> 00:32:54.000]  耶穌基督就是神的兒子
[00:32:54.000 --> 00:32:55.000]  但是他們
[00:32:55.000 --> 00:32:56.000]  那些猶太人
[00:32:56.000 --> 00:32:58.000]  特別是那些領袖
[00:32:58.000 --> 00:32:59.000]  他們沒有悔改
[00:32:59.000 --> 00:33:02.000]  反而是要計劃怎樣去殺耶穌
[00:33:02.000 --> 00:33:03.000]  為什麼?
[00:33:03.000 --> 00:33:06.000]  因為熟悉的時候
[00:33:06.000 --> 00:33:09.000]  很多東西就當作平常
[00:33:09.000 --> 00:33:12.000]  很多的恩典就當作平常
[00:33:12.000 --> 00:33:15.000]  人心很可怕的一件事就是
[00:33:15.000 --> 00:33:16.000]  很多東西
[00:33:16.000 --> 00:33:19.000]  你覺得理所當然的時候
[00:33:19.000 --> 00:33:21.000]  你失去了那種洞察力
[00:33:21.000 --> 00:33:23.000]  這是很可怕的
[00:33:23.000 --> 00:33:25.000]  我們經常接觸真理
[00:33:25.000 --> 00:33:28.000]  可能有些是經常回來的
[00:33:28.000 --> 00:33:31.000]  但是從來都不覺得自己需要去信服真理
[00:33:31.000 --> 00:33:33.000]  每天都經歷恩典
[00:33:33.000 --> 00:33:36.000]  但是真的不覺得有什麼需要感恩的
[00:33:36.000 --> 00:33:39.000]  所以這是教會很大的一個危機
[00:33:39.000 --> 00:33:41.000]  不是因為沒有真理
[00:33:41.000 --> 00:33:44.000]  而是失去了對真理的那種感動
[00:33:44.000 --> 00:33:46.000]  那種感動
[00:33:46.000 --> 00:33:47.000]  那種回應
[00:33:47.000 --> 00:33:49.000]  不是沒有恩典
[00:33:49.000 --> 00:33:52.000]  是因為將恩典當作理所當然
[00:33:52.000 --> 00:33:55.000]  所以很多時候將基督當作平常
[00:33:55.000 --> 00:33:57.000]  福音也都平常
[00:33:57.000 --> 00:33:59.000]  恩典也都平常
[00:33:59.000 --> 00:34:00.000]  很多人就說
[00:34:00.000 --> 00:34:02.000]  我已經在教會三四十年了
[00:34:02.000 --> 00:34:04.000]  這些我都聽過了
[00:34:04.000 --> 00:34:07.000]  所以這些就是最大的危機
[00:34:07.000 --> 00:34:09.000]  不是沒有聽過福音
[00:34:09.000 --> 00:34:11.000]  不是沒有經歷過恩典
[00:34:11.000 --> 00:34:14.000]  而是失去了最初敬畏上帝的重心
[00:34:14.000 --> 00:34:16.000]  輕看了恩典
[00:34:16.000 --> 00:34:18.000]  所以我們要求主保守
[00:34:18.000 --> 00:34:22.000]  我們要不單止對基督的話熟悉
[00:34:22.000 --> 00:34:23.000]  對基督熟悉
[00:34:23.000 --> 00:34:26.000]  而且不要輕看基督
[00:34:26.000 --> 00:34:30.000]  也不要聽福音聽了很多次
[00:34:30.000 --> 00:34:32.000]  就忽略了福音的重要性
[00:34:32.000 --> 00:34:37.000]  蒙在恩也都很容易忘記了恩典
[00:34:37.000 --> 00:34:40.000]  所以我們要以敬畏和感恩的心
[00:34:40.000 --> 00:34:42.000]  跟隨這位耶穌基督
[00:34:42.000 --> 00:34:47.000]  接著講完這段的時候
[00:34:47.000 --> 00:34:49.000]  故事似乎又開始了
[00:34:49.000 --> 00:34:50.000]  有一個大臣
[00:34:50.000 --> 00:34:54.000]  他的兒子在加勒伯隆患病
[00:34:54.000 --> 00:34:56.000]  這位大臣不是普通人
[00:34:56.000 --> 00:34:58.000]  他有地位
[00:34:58.000 --> 00:34:59.000]  有權力
[00:34:59.000 --> 00:35:00.000]  有財富
[00:35:00.000 --> 00:35:01.000]  也都有影響力
[00:35:01.000 --> 00:35:03.000]  他是有權病的人
[00:35:03.000 --> 00:35:04.000]  什麼是權病
[00:35:04.000 --> 00:35:07.000]  我們做工就知道了
[00:35:07.000 --> 00:35:08.000]  我在機場做工的時候
[00:35:08.000 --> 00:35:10.000]  東區不夠人手
[00:35:10.000 --> 00:35:13.000]  領導手一指
[00:35:13.000 --> 00:35:14.000]  腳一出來
[00:35:14.000 --> 00:35:15.000]  腳一蹬
[00:35:15.000 --> 00:35:17.000]  再加一句話
[00:35:17.000 --> 00:35:19.000]  西區需要支援
[00:35:19.000 --> 00:35:21.000]  本來東區都不夠人手
[00:35:21.000 --> 00:35:22.000]  我們呢
[00:35:22.000 --> 00:35:24.000]  做到一場戲似的
[00:35:24.000 --> 00:35:25.000]  都要過去
[00:35:25.000 --> 00:35:26.000]  為什麼
[00:35:26.000 --> 00:35:27.000]  因為要服從安排
[00:35:27.000 --> 00:35:28.000]  為什麼
[00:35:28.000 --> 00:35:30.000]  因為他有權病
[00:35:30.000 --> 00:35:31.000]  就好像遙控器一樣
[00:35:31.000 --> 00:35:32.000]  我按一按
[00:35:32.000 --> 00:35:33.000]  按一按
[00:35:33.000 --> 00:35:34.000]  他就動了
[00:35:34.000 --> 00:35:35.000]  權病
[00:35:35.000 --> 00:35:36.000]  這個權力
[00:35:36.000 --> 00:35:37.000]  他可以調動人手
[00:35:37.000 --> 00:35:39.000]  也可以做出決定
[00:35:39.000 --> 00:35:40.000]  這個權病
[00:35:40.000 --> 00:35:41.000]  這位大臣
[00:35:41.000 --> 00:35:43.000]  他是皇室的官員
[00:35:43.000 --> 00:35:45.000]  可能是羅馬政府的官員
[00:35:45.000 --> 00:35:47.000]  當時的社會
[00:35:47.000 --> 00:35:49.000]  是很有地位和影響力的
[00:35:49.000 --> 00:35:51.000]  但是有一件事
[00:35:51.000 --> 00:35:53.000]  他沒有辦法解決
[00:35:53.000 --> 00:35:55.000]  他的兒子病得要死了
[00:35:55.000 --> 00:35:57.000]  他有權力
[00:35:57.000 --> 00:35:59.000]  有權力也有錢
[00:35:59.000 --> 00:36:01.000]  也都有地位
[00:36:01.000 --> 00:36:03.000]  但是生命這件事
[00:36:03.000 --> 00:36:05.000]  他沒有辦法
[00:36:05.000 --> 00:36:07.000]  他有財富
[00:36:07.000 --> 00:36:09.000]  但是他不可以用這些財富
[00:36:09.000 --> 00:36:11.000]  幫他的兒子續命
[00:36:11.000 --> 00:36:12.000]  他擁有權勢
[00:36:12.000 --> 00:36:14.000]  但是他沒有辦法
[00:36:14.000 --> 00:36:16.000]  升那個死亡
[00:36:16.000 --> 00:36:18.000]  他可以管理很多的事
[00:36:18.000 --> 00:36:20.000]  但是他掌管不了
[00:36:20.000 --> 00:36:21.000]  他的兒子的命
[00:36:21.000 --> 00:36:22.000]  他沒有辦法去管理
[00:36:22.000 --> 00:36:24.000]  到了這個時候
[00:36:24.000 --> 00:36:27.000]  這個大臣就看到自己的有限
[00:36:27.000 --> 00:36:29.000]  所以他放下自己的身份
[00:36:29.000 --> 00:36:32.000]  從加勃隆來到加拿大
[00:36:32.000 --> 00:36:34.000]  走了二十英里
[00:36:34.000 --> 00:36:36.000]  大概就是一天的路程
[00:36:36.000 --> 00:36:37.000]  去找耶穌基督
[00:36:37.000 --> 00:36:39.000]  專程去找他
[00:36:39.000 --> 00:36:40.000]  因為他知道
[00:36:40.000 --> 00:36:42.000]  看到自己已經沒有能力了
[00:36:42.000 --> 00:36:44.000]  救不了自己的兒子
[00:36:44.000 --> 00:36:46.000]  人走到盡頭的時候
[00:36:46.000 --> 00:36:48.000]  往往就是那個時候
[00:36:48.000 --> 00:36:52.000]  要上去找其他的外力
[00:36:52.000 --> 00:36:54.000]  這位大臣就在這個時候
[00:36:54.000 --> 00:36:56.000]  去找耶穌基督
[00:36:56.000 --> 00:36:58.000]  今天也是
[00:36:58.000 --> 00:37:01.000]  有錢、有學歷、有地位
[00:37:01.000 --> 00:37:03.000]  但是在我們人生當中
[00:37:03.000 --> 00:37:06.000]  很多事是沒有辦法去解決的
[00:37:06.000 --> 00:37:07.000]  可能是疾病
[00:37:07.000 --> 00:37:09.000]  可能是死亡
[00:37:09.000 --> 00:37:12.000]  可能是家庭一連串的問題
[00:37:12.000 --> 00:37:15.000]  或者身邊工作一連串的問題
[00:37:15.000 --> 00:37:16.000]  到了那個時候
[00:37:16.000 --> 00:37:19.000]  人才發現
[00:37:19.000 --> 00:37:21.000]  最需要的不是資源
[00:37:21.000 --> 00:37:23.000]  也不是多高的地位
[00:37:23.000 --> 00:37:25.000]  和多大的權力
[00:37:25.000 --> 00:37:27.000]  而是生命的這位主
[00:37:27.000 --> 00:37:29.000]  因為只有耶穌基督
[00:37:29.000 --> 00:37:31.000]  祂才可以解決
[00:37:31.000 --> 00:37:34.000]  人最根本的命題
[00:37:34.000 --> 00:37:38.000]  就是生命的問題
[00:37:38.000 --> 00:37:42.000]  耶穌基督容許我們每一個人
[00:37:42.000 --> 00:37:45.000]  經歷很多的難處
[00:37:45.000 --> 00:37:46.000]  甚至走到盡頭
[00:37:46.000 --> 00:37:49.000]  但是祂的目的不是要毀滅人
[00:37:49.000 --> 00:37:53.000]  而是要帶領人到神的面前
[00:37:53.000 --> 00:37:55.000]  苦難臨到人的時候
[00:37:55.000 --> 00:37:57.000]  不是要毀滅人
[00:37:57.000 --> 00:38:00.000]  而是將人帶到神的面前
[00:38:00.000 --> 00:38:04.000]  然而還有一件很特別的事
[00:38:04.000 --> 00:38:06.000]  很多的猶太人
[00:38:06.000 --> 00:38:09.000]  依然拒絕耶穌基督
[00:38:09.000 --> 00:38:11.000]  但是這位官員就來找他
[00:38:11.000 --> 00:38:13.000]  他有地位,有身份
[00:38:13.000 --> 00:38:17.000]  願意放下自己的身份來找耶穌
[00:38:17.000 --> 00:38:18.000]  之前說過的經文
[00:38:18.000 --> 00:38:21.000]  撒瑪利亞的婦人信主
[00:38:21.000 --> 00:38:24.000]  撒瑪利亞城很多人也信主
[00:38:24.000 --> 00:38:26.000]  這次說的是皇室
[00:38:26.000 --> 00:38:28.000]  我不知道他是否外邦
[00:38:28.000 --> 00:38:34.000]  皇室的官員來找耶穌
[00:38:34.000 --> 00:38:37.000]  你會看到約翰的思路
[00:38:37.000 --> 00:38:40.000]  約翰要突出一件事
[00:38:40.000 --> 00:38:43.000]  人所設立的界限
[00:38:43.000 --> 00:38:45.000]  神就要打破它
[00:38:45.000 --> 00:38:49.000]  《路加福音》羅馬白夫長是這樣
[00:38:49.000 --> 00:38:52.000]  一個外邦的白夫長
[00:38:52.000 --> 00:38:57.000]  為他身邊的僕人去求情
[00:38:57.000 --> 00:39:00.000]  舊約乃曼
[00:39:00.000 --> 00:39:03.000]  外邦乃曼將軍
[00:39:03.000 --> 00:39:09.000]  也是求以色列的先知
[00:39:09.000 --> 00:39:10.000]  他們都是很有地位的
[00:39:10.000 --> 00:39:11.000]  有身份的
[00:39:11.000 --> 00:39:12.000]  也有能力的
[00:39:12.000 --> 00:39:15.000]  他們都需要神的恩典
[00:39:15.000 --> 00:39:18.000]  神的恩典不只是給一個民族
[00:39:18.000 --> 00:39:20.000]  是要給萬民的
[00:39:20.000 --> 00:39:23.000]  所以神不是偏袒人
[00:39:23.000 --> 00:39:25.000]  祂不是看人的民族是甚麼
[00:39:25.000 --> 00:39:26.000]  祂的背景是甚麼
[00:39:26.000 --> 00:39:27.000]  地位是甚麼
[00:39:27.000 --> 00:39:28.000]  身份是甚麼
[00:39:28.000 --> 00:39:30.000]  最重要的是
[00:39:30.000 --> 00:39:33.000]  祂是看人願不願意
[00:39:33.000 --> 00:39:36.000]  憑信心來到祂的面前
[00:39:36.000 --> 00:39:38.000]  因為神所要尋求的
[00:39:38.000 --> 00:39:42.000]  不是那些因為地位
[00:39:42.000 --> 00:39:44.000]  也不是因為名望
[00:39:44.000 --> 00:39:48.000]  是尋求那些願意去接受祂的
[00:39:48.000 --> 00:39:50.000]  所以耶穌基督
[00:39:50.000 --> 00:39:52.000]  祂打破了這種偏見
[00:39:52.000 --> 00:39:56.000]  和這種局限
[00:39:56.000 --> 00:39:59.000]  當這位大神來找耶穌基督的時候
[00:39:59.000 --> 00:40:02.000]  來到耶穌基督的面前的時候
[00:40:02.000 --> 00:40:04.000]  耶穌基督是不是因為
[00:40:04.000 --> 00:40:05.000]  你這麼有地位
[00:40:05.000 --> 00:40:07.000]  就恭維他
[00:40:07.000 --> 00:40:08.000]  或者給他一些優待
[00:40:08.000 --> 00:40:11.000]  耶穌基督沒有這樣做
[00:40:11.000 --> 00:40:13.000]  祂反而直接說
[00:40:13.000 --> 00:40:16.000]  若不看見神跡其事
[00:40:16.000 --> 00:40:19.000]  你們總是不信
[00:40:19.000 --> 00:40:21.000]  不是因為你的地位是甚麼
[00:40:21.000 --> 00:40:23.000]  我就給你三分
[00:40:23.000 --> 00:40:25.000]  耶穌基督直接指出
[00:40:25.000 --> 00:40:29.000]  這個皇室大神的問題
[00:40:29.000 --> 00:40:32.000]  他的問題就是信心的問題
[00:40:32.000 --> 00:40:34.000]  這位大神對耶穌說
[00:40:34.000 --> 00:40:40.000]  求你趁著我的兒子還沒死
[00:40:40.000 --> 00:40:44.000]  你就去我那裡
[00:40:44.000 --> 00:40:45.000]  在他看來
[00:40:45.000 --> 00:40:49.000]  耶穌基督必須要親自去到加伯隆那裡
[00:40:49.000 --> 00:40:52.000]  站在他的兒子的面前
[00:40:52.000 --> 00:40:54.000]  親手去摸他的兒子
[00:40:54.000 --> 00:40:58.000]  親手去用他的能力去醫治他的兒子
[00:40:58.000 --> 00:41:02.000]  所以他相信耶穌基督是有能力的
[00:41:02.000 --> 00:41:05.000]  但是他自己的觀念
[00:41:05.000 --> 00:41:07.000]  又限制了耶穌基督
[00:41:07.000 --> 00:41:09.000]  他做事的方式
[00:41:09.000 --> 00:41:10.000]  為甚麼?
[00:41:10.000 --> 00:41:11.000]  因為耶穌基督在這裡
[00:41:11.000 --> 00:41:13.000]  按人的理性
[00:41:13.000 --> 00:41:15.000]  他應該要走到加伯隆
[00:41:15.000 --> 00:41:17.000]  好像醫生一樣去醫治他的兒子
[00:41:17.000 --> 00:41:18.000]  這樣才有效
[00:41:18.000 --> 00:41:21.000]  所以他知道耶穌基督有能力
[00:41:21.000 --> 00:41:22.000]  所以他邀請他過去
[00:41:22.000 --> 00:41:24.000]  你要這樣做
[00:41:24.000 --> 00:41:26.000]  他不是不相信耶穌
[00:41:26.000 --> 00:41:30.000]  他是把自己的方法放在信心的之前
[00:41:30.000 --> 00:41:32.000]  他有局限性
[00:41:32.000 --> 00:41:34.000]  因為我們很多時候也是這樣
[00:41:34.000 --> 00:41:36.000]  我們的禱告
[00:41:36.000 --> 00:41:37.000]  求神的時候
[00:41:37.000 --> 00:41:39.000]  一次、兩次、三次
[00:41:39.000 --> 00:41:41.000]  甚至是十次
[00:41:41.000 --> 00:41:46.000]  我們都是設定好自己那件事是甚麼
[00:41:46.000 --> 00:41:48.000]  比如我要求這件事
[00:41:48.000 --> 00:41:49.000]  一次、兩次、三次
[00:41:49.000 --> 00:41:53.000]  預備好了就是等神你來簽名
[00:41:53.000 --> 00:41:55.000]  等神你來答應
[00:41:55.000 --> 00:41:59.000]  就好像做爸爸的
[00:41:59.000 --> 00:42:01.000]  兒子求他的時候
[00:42:01.000 --> 00:42:02.000]  爸爸就給他
[00:42:02.000 --> 00:42:03.000]  第一次
[00:42:03.000 --> 00:42:04.000]  爸爸理不理他
[00:42:04.000 --> 00:42:05.000]  第二次
[00:42:05.000 --> 00:42:06.000]  又來求一次
[00:42:06.000 --> 00:42:10.000]  爸爸開始有些心動了
[00:42:10.000 --> 00:42:12.000]  一年幾次的時候
[00:42:12.000 --> 00:42:14.000]  做父母的通常
[00:42:14.000 --> 00:42:17.000]  很多父母都是心軟的
[00:42:17.000 --> 00:42:19.000]  很多時候
[00:42:19.000 --> 00:42:21.000]  我們就是把這種態度
[00:42:21.000 --> 00:42:23.000]  帶到神的面前
[00:42:23.000 --> 00:42:25.000]  我們以為夠熱切
[00:42:25.000 --> 00:42:26.000]  夠迫切
[00:42:26.000 --> 00:42:27.000]  夠堅持
[00:42:27.000 --> 00:42:29.000]  我就搖動神的手
[00:42:29.000 --> 00:42:33.000]  動動神的心
[00:42:33.000 --> 00:42:38.000]  神就按照我們的意思去做
[00:42:38.000 --> 00:42:41.000]  所以這裡你會看到一句經文
[00:42:41.000 --> 00:42:43.000]  因此耶穌基督才說
[00:42:43.000 --> 00:42:45.000]  若不看見神跡
[00:42:45.000 --> 00:42:46.000]  你們總是不信
[00:42:46.000 --> 00:42:48.000]  有時我們想的
[00:42:48.000 --> 00:42:50.000]  我想到的就是
[00:42:50.000 --> 00:42:52.000]  大家的禱告
[00:42:52.000 --> 00:42:56.000]  如果是為著物質的
[00:42:56.000 --> 00:42:57.000]  我的房子
[00:42:57.000 --> 00:42:59.000]  我的身體
[00:42:59.000 --> 00:43:00.000]  說來說去都是
[00:43:00.000 --> 00:43:02.000]  主要都是這件事的時候
[00:43:02.000 --> 00:43:04.000]  那個禱告就很有問題了
[00:43:04.000 --> 00:43:07.000]  我以前媽媽未信主之前
[00:43:07.000 --> 00:43:08.000]  她可以通靈
[00:43:08.000 --> 00:43:10.000]  逢初一、十五
[00:43:10.000 --> 00:43:11.000]  清冥
[00:43:11.000 --> 00:43:12.000]  清冥特別是
[00:43:12.000 --> 00:43:13.000]  都需要很多的紙錢
[00:43:13.000 --> 00:43:15.000]  都是要求回報
[00:43:15.000 --> 00:43:18.000]  或者是求家人的順利
[00:43:18.000 --> 00:43:20.000]  還有財源廣進
[00:43:20.000 --> 00:43:22.000]  最後還要什麼呢
[00:43:22.000 --> 00:43:23.000]  她有一個
[00:43:23.000 --> 00:43:25.000]  不知道那兩盒東西
[00:43:25.000 --> 00:43:27.000]  不知道叫做掛還是叫做杯
[00:43:27.000 --> 00:43:29.000]  要扔一個反一個盒
[00:43:29.000 --> 00:43:31.000]  如果一反一盒就叫做聖杯
[00:43:31.000 --> 00:43:32.000]  不聖杯的時候
[00:43:32.000 --> 00:43:34.000]  她就再扔幾次
[00:43:34.000 --> 00:43:36.000]  直到扔到聖杯為止
[00:43:36.000 --> 00:43:37.000]  我們的禱告
[00:43:37.000 --> 00:43:40.000]  好像類似是這樣
[00:43:40.000 --> 00:43:42.000]  所以基督徒
[00:43:42.000 --> 00:43:44.000]  我相信基督徒不會這樣做
[00:43:44.000 --> 00:43:46.000]  但是很多時候我們的反應
[00:43:46.000 --> 00:43:48.000]  我們的禱告
[00:43:48.000 --> 00:43:50.000]  和這些東西
[00:43:50.000 --> 00:43:52.000]  這些義邦的東西
[00:43:52.000 --> 00:43:53.000]  所求的東西
[00:43:53.000 --> 00:43:55.000]  是很類似的
[00:43:55.000 --> 00:43:57.000]  我們關心的就是
[00:43:57.000 --> 00:43:59.000]  平安、健康、發財
[00:43:59.000 --> 00:44:02.000]  只不過是換了一個對象
[00:44:02.000 --> 00:44:04.000]  最後還要加一句
[00:44:04.000 --> 00:44:06.000]  或者在前面加一句
[00:44:06.000 --> 00:44:07.000]  慈愛天父
[00:44:07.000 --> 00:44:08.000]  你真是慈愛的
[00:44:08.000 --> 00:44:09.000]  最後呢
[00:44:09.000 --> 00:44:10.000]  奉主明求
[00:44:10.000 --> 00:44:12.000]  就好像那個聖杯
[00:44:12.000 --> 00:44:14.000]  阿門就承了
[00:44:14.000 --> 00:44:16.000]  就是一定要聖杯的阿門
[00:44:16.000 --> 00:44:18.000]  我就是希望你這樣承傳的
[00:44:18.000 --> 00:44:20.000]  所以那個心思意念
[00:44:20.000 --> 00:44:23.000]  我們禱告的心思意念
[00:44:23.000 --> 00:44:25.000]  和這些
[00:44:25.000 --> 00:44:27.000]  未信主求的時候
[00:44:27.000 --> 00:44:28.000]  有很類似
[00:44:28.000 --> 00:44:29.000]  我不是說求這些不好
[00:44:29.000 --> 00:44:31.000]  我們也需要
[00:44:31.000 --> 00:44:32.000]  但是當這樣的時候
[00:44:32.000 --> 00:44:34.000]  就是以自己為中心
[00:44:34.000 --> 00:44:39.000]  我們喜歡神的恩典
[00:44:39.000 --> 00:44:40.000]  但是我們很多時候
[00:44:40.000 --> 00:44:42.000]  不喜歡神的主權
[00:44:42.000 --> 00:44:44.000]  不喜歡神去干涉我們
[00:44:44.000 --> 00:44:48.000]  我們希望神去改變那種困境
[00:44:48.000 --> 00:44:51.000]  但是又不希望神去改變我
[00:44:51.000 --> 00:44:53.000]  所以
[00:44:53.000 --> 00:44:55.000]  是很矛盾的
[00:44:55.000 --> 00:44:57.000]  這位大神呢
[00:44:57.000 --> 00:44:58.000]  他不單
[00:44:58.000 --> 00:45:01.000]  耶穌基督不只是要解決他的問題
[00:45:01.000 --> 00:45:03.000]  耶穌基督更想解決的是什麼?
[00:45:03.000 --> 00:45:05.000]  他的信心的問題
[00:45:05.000 --> 00:45:07.000]  他的心態的問題是什麼?
[00:45:08.000 --> 00:45:10.000]  所以我們要明白
[00:45:10.000 --> 00:45:12.000]  禱告不是我們改變神
[00:45:12.000 --> 00:45:14.000]  是求主來改變我
[00:45:14.000 --> 00:45:17.000]  禱告不是我們去感動神
[00:45:17.000 --> 00:45:18.000]  是因為神
[00:45:18.000 --> 00:45:19.000]  祂的話感動我
[00:45:19.000 --> 00:45:22.000]  禱告不是我們聽從
[00:45:22.000 --> 00:45:24.000]  是要神聽我們
[00:45:24.000 --> 00:45:27.000]  而是去學習聽神說什麼
[00:45:27.000 --> 00:45:28.000]  很多時候
[00:45:28.000 --> 00:45:30.000]  我們的禱告
[00:45:30.000 --> 00:45:33.000]  就是按著自己的心思意念
[00:45:33.000 --> 00:45:34.000]  為什麼?
[00:45:34.000 --> 00:45:36.000]  因為很多時候沒有讀經
[00:45:36.000 --> 00:45:39.000]  讀經和禱告是分不開的
[00:45:39.000 --> 00:45:43.000]  所以讀經是神向我們說話
[00:45:43.000 --> 00:45:46.000]  禱告是我們明白神的心意
[00:45:46.000 --> 00:45:48.000]  按著神的心意去回應神
[00:45:48.000 --> 00:45:49.000]  這是禱告
[00:45:49.000 --> 00:45:50.000]  真正的信心
[00:45:50.000 --> 00:45:54.000]  不是神你要聽我的
[00:45:54.000 --> 00:45:57.000]  神你要按著我的意思
[00:45:57.000 --> 00:46:00.000]  是我們要按著神的意思
[00:46:00.000 --> 00:46:01.000]  所以耶穌基督
[00:46:01.000 --> 00:46:04.000]  他要建立這位大神的信心
[00:46:07.000 --> 00:46:09.000]  很感謝主
[00:46:09.000 --> 00:46:11.000]  他不因為這位大神
[00:46:11.000 --> 00:46:13.000]  他的信心是這麼幼稚的
[00:46:13.000 --> 00:46:14.000]  而拒絕他
[00:46:14.000 --> 00:46:17.000]  也不是因為他很固執
[00:46:17.000 --> 00:46:19.000]  就把他趕走
[00:46:19.000 --> 00:46:21.000]  也沒有和他爭辯
[00:46:21.000 --> 00:46:23.000]  也沒有責備他
[00:46:23.000 --> 00:46:25.000]  他說了一句
[00:46:25.000 --> 00:46:26.000]  你回去吧
[00:46:26.000 --> 00:46:29.000]  你的兒子活了
[00:46:29.000 --> 00:46:33.000]  你的兒子再次精神了
[00:46:33.000 --> 00:46:35.000]  再次康復了
[00:46:35.000 --> 00:46:39.000]  所以當他聽到這句話的時候
[00:46:39.000 --> 00:46:41.000]  他就要做選擇了
[00:46:41.000 --> 00:46:42.000]  為什麼?
[00:46:42.000 --> 00:46:44.000]  因為他本來就要堅持這種方式
[00:46:44.000 --> 00:46:47.000]  耶穌基督你去到我家裡
[00:46:47.000 --> 00:46:48.000]  在我兒子面前
[00:46:48.000 --> 00:46:50.000]  親手去撫摸他
[00:46:50.000 --> 00:46:56.000]  用你大能的手去把他托起來
[00:46:56.000 --> 00:47:00.000]  現在扔給你一句話
[00:47:00.000 --> 00:47:01.000]  回去吧
[00:47:01.000 --> 00:47:03.000]  你的兒子康復了
[00:47:03.000 --> 00:47:06.000]  一般人來說很難去相信
[00:47:06.000 --> 00:47:10.000]  所以他到底要堅持自己的方法是什麼?
[00:47:10.000 --> 00:47:13.000]  要相信耶穌基督的話
[00:47:13.000 --> 00:47:17.000]  他是要耶穌基督拉住耶穌的三尾
[00:47:17.000 --> 00:47:19.000]  扯他去家裡
[00:47:19.000 --> 00:47:21.000]  或者派兵來抓他走
[00:47:21.000 --> 00:47:24.000]  還是聽耶穌基督這句話
[00:47:24.000 --> 00:47:26.000]  好像很平常
[00:47:26.000 --> 00:47:29.000]  好像沒什麼威力的話
[00:47:29.000 --> 00:47:32.000]  好像很難相信的話
[00:47:32.000 --> 00:47:36.000]  他要做選擇
[00:47:36.000 --> 00:47:37.000]  很感恩
[00:47:37.000 --> 00:47:42.000]  這位那人信耶穌所說的話
[00:47:42.000 --> 00:47:43.000]  就回去了
[00:47:43.000 --> 00:47:46.000]  這個大神他就走了
[00:47:46.000 --> 00:47:49.000]  所以耶穌沒有跟他走
[00:47:49.000 --> 00:47:51.000]  沒有跟他去他家裡
[00:47:51.000 --> 00:47:54.000]  也沒有讓他先看到神蹟
[00:47:54.000 --> 00:47:57.000]  也沒有讓他看到他的兒子康復了
[00:47:57.000 --> 00:47:59.000]  再叫他走
[00:47:59.000 --> 00:48:00.000]  而是給他一句話
[00:48:00.000 --> 00:48:01.000]  你的兒子活了
[00:48:01.000 --> 00:48:03.000]  最奇妙的事發生就是
[00:48:03.000 --> 00:48:05.000]  這位大神竟然做了一個選擇
[00:48:05.000 --> 00:48:08.000]  就是信奉耶穌基督的話
[00:48:08.000 --> 00:48:11.000]  那麼神蹟是什麼時候發生?
[00:48:11.000 --> 00:48:15.000]  神蹟是什麼時候發生?
[00:48:15.000 --> 00:48:17.000]  當耶穌基督說這句話的時候
[00:48:17.000 --> 00:48:20.000]  神蹟就發生了
[00:48:20.000 --> 00:48:22.000]  這位人看到神蹟了沒有?
[00:48:22.000 --> 00:48:23.000]  還沒有
[00:48:23.000 --> 00:48:25.000]  因為他還沒有回到家裡
[00:48:25.000 --> 00:48:26.000]  他不是耶穌基督
[00:48:26.000 --> 00:48:28.000]  他還沒有知道
[00:48:28.000 --> 00:48:29.000]  兒子康復了沒有?
[00:48:29.000 --> 00:48:30.000]  他還沒有知道
[00:48:30.000 --> 00:48:33.000]  兒子到底是否完全康復了?
[00:48:33.000 --> 00:48:36.000]  他沒有親眼看到
[00:48:36.000 --> 00:48:39.000]  沒有用親眼見到
[00:48:39.000 --> 00:48:42.000]  印證到這件事
[00:48:42.000 --> 00:48:44.000]  但是他就是這樣相信
[00:48:44.000 --> 00:48:45.000]  為什麼?
[00:48:45.000 --> 00:48:47.000]  因為耶穌基督這句話
[00:48:47.000 --> 00:48:49.000]  就改變了他的生命
[00:48:49.000 --> 00:48:51.000]  就改變了他
[00:48:51.000 --> 00:48:55.000]  之前他相信的是神蹟
[00:48:55.000 --> 00:48:59.000]  現在相信的是耶穌基督的話
[00:48:59.000 --> 00:49:03.000]  耶穌基督的話
[00:49:03.000 --> 00:49:08.000]  之前他要看到才相信
[00:49:08.000 --> 00:49:10.000]  現在他沒有看到
[00:49:10.000 --> 00:49:11.000]  他就相信了
[00:49:11.000 --> 00:49:14.000]  所以你會看到這位大神
[00:49:14.000 --> 00:49:15.000]  他改變了
[00:49:15.000 --> 00:49:17.000]  他的信心成長了
[00:49:17.000 --> 00:49:20.000]  他不是那麼幼稚
[00:49:20.000 --> 00:49:23.000]  你會看到聖經有一個很重要的原則
[00:49:23.000 --> 00:49:26.000]  真正的信心不是建立在神蹟之上
[00:49:26.000 --> 00:49:29.000]  是建立在神的話
[00:49:29.000 --> 00:49:31.000]  真理之上
[00:49:31.000 --> 00:49:33.000]  所以保羅說
[00:49:33.000 --> 00:49:36.000]  可見信道是從聽道來的
[00:49:36.000 --> 00:49:39.000]  聽道是從基督的話來的
[00:49:39.000 --> 00:49:42.000]  如果你看《路加福音》十六章的時候
[00:49:42.000 --> 00:49:45.000]  這個原則是同樣出現的
[00:49:45.000 --> 00:49:47.000]  因為財主在陰間的時候
[00:49:47.000 --> 00:49:51.000]  希望艾伯拉罕派人
[00:49:51.000 --> 00:49:58.000]  希望艾伯拉罕派人
[00:49:58.000 --> 00:50:00.000]  從死裡復活
[00:50:00.000 --> 00:50:03.000]  向他的兄弟傳道
[00:50:03.000 --> 00:50:07.000]  因為他認為死人復活
[00:50:07.000 --> 00:50:10.000]  這件事發生的時候
[00:50:10.000 --> 00:50:12.000]  這神蹟發生的時候
[00:50:12.000 --> 00:50:13.000]  就有人信了
[00:50:13.000 --> 00:50:15.000]  但艾伯拉罕說了一句話
[00:50:15.000 --> 00:50:18.000]  摩西和先知的話
[00:50:18.000 --> 00:50:21.000]  他們有摩西和先知的話可以聽從
[00:50:21.000 --> 00:50:23.000]  最後他說
[00:50:23.000 --> 00:50:26.000]  如果不聽從摩西和先知的話
[00:50:26.000 --> 00:50:29.000]  就算是一個從死裡復活的人
[00:50:29.000 --> 00:50:33.000]  他們依然是不會聽勸的
[00:50:33.000 --> 00:50:35.000]  看見神蹟也好
[00:50:35.000 --> 00:50:37.000]  他們也不會聽勸的
[00:50:37.000 --> 00:50:39.000]  所以神蹟可以吸引人
[00:50:39.000 --> 00:50:42.000]  但是不一定能夠改變人心
[00:50:42.000 --> 00:50:44.000]  真正改變人心的是
[00:50:44.000 --> 00:50:45.000]  神祂自己的話
[00:50:45.000 --> 00:50:48.000]  其實人的信心上是有不同的層次的
[00:50:48.000 --> 00:50:50.000]  我們每一個人其實
[00:50:50.000 --> 00:50:52.000]  當你看到大自然的時候
[00:50:52.000 --> 00:50:55.000]  你就知道自己有自然的信心
[00:50:55.000 --> 00:50:56.000]  這麼奇妙
[00:50:56.000 --> 00:50:59.000]  我就相信有一位神
[00:50:59.000 --> 00:51:06.000]  因為神已經將人最基本的信心
[00:51:06.000 --> 00:51:08.000]  放在人裡面了
[00:51:08.000 --> 00:51:10.000]  但因為罪的緣故
[00:51:10.000 --> 00:51:14.000]  人通常看到很宏偉的宇宙
[00:51:14.000 --> 00:51:16.000]  他依然是抗拒這位神
[00:51:16.000 --> 00:51:18.000]  不承認有神
[00:51:18.000 --> 00:51:20.000]  甚至是拒絕神
[00:51:20.000 --> 00:51:23.000]  拒絕真理
[00:51:23.000 --> 00:51:25.000]  所以人是阻擋真理的
[00:51:25.000 --> 00:51:26.000]  很多時候
[00:51:26.000 --> 00:51:28.000]  就是壓制這個真理
[00:51:28.000 --> 00:51:30.000]  當神的光照進去的時候
[00:51:30.000 --> 00:51:31.000]  他就要壓下去
[00:51:31.000 --> 00:51:33.000]  不願意去接受
[00:51:33.000 --> 00:51:34.000]  第二個層次
[00:51:34.000 --> 00:51:38.000]  當人信服這個信心的時候
[00:51:38.000 --> 00:51:41.000]  願意去知道有神的時候
[00:51:41.000 --> 00:51:43.000]  願意去渴慕的時候
[00:51:43.000 --> 00:51:45.000]  這就是第二層的信心
[00:51:45.000 --> 00:51:50.000]  神就繼續在人的心中去做工作
[00:51:50.000 --> 00:51:51.000]  讓這位人
[00:51:51.000 --> 00:51:52.000]  因為他沒有抵擋的時候
[00:51:52.000 --> 00:51:54.000]  讓他更渴慕
[00:51:54.000 --> 00:51:55.000]  在《伯尼書》說
[00:51:55.000 --> 00:51:57.000]  我還有一句很重要的話
[00:51:57.000 --> 00:52:01.000]  只是所聽見的道與他們無益
[00:52:01.000 --> 00:52:06.000]  因為他們沒有信心與所聽見的道調和
[00:52:06.000 --> 00:52:07.000]  什麼叫做調和?
[00:52:07.000 --> 00:52:14.000]  就是將神的話接受到我們心中
[00:52:14.000 --> 00:52:16.000]  用信心去回應神的話
[00:52:16.000 --> 00:52:18.000]  當我們聽到福音的時候
[00:52:18.000 --> 00:52:19.000]  有人不信
[00:52:19.000 --> 00:52:21.000]  有人不願意回應
[00:52:21.000 --> 00:52:23.000]  這就是差別
[00:52:23.000 --> 00:52:25.000]  有些人願意回應
[00:52:25.000 --> 00:52:28.000]  所以差別就在於
[00:52:28.000 --> 00:52:33.000]  你願意用信心去聽神的話
[00:52:33.000 --> 00:52:36.000]  用信心去聽神的話
[00:52:36.000 --> 00:52:38.000]  聽見神的話的時候
[00:52:38.000 --> 00:52:40.000]  這兩樣東西的一個調和
[00:52:40.000 --> 00:52:43.000]  所以當這樣做的時候
[00:52:43.000 --> 00:52:46.000]  就進入了第三個層次
[00:52:46.000 --> 00:52:48.000]  信道是從聽道而來的
[00:52:48.000 --> 00:52:50.000]  聽道是從基督的話而來的
[00:52:50.000 --> 00:52:53.000]  因為神的話裡面有信心的種子
[00:52:53.000 --> 00:52:55.000]  當人願意接受神的話
[00:52:55.000 --> 00:52:58.000]  用信心與所聽見的道去調和的時候
[00:52:58.000 --> 00:53:05.000]  神的話就在人的心中產生信心的果效
[00:53:05.000 --> 00:53:08.000]  他就生發出那種信心
[00:53:08.000 --> 00:53:11.000]  這位大神所經歷的就是這樣
[00:53:11.000 --> 00:53:13.000]  他現在聽到神的話
[00:53:13.000 --> 00:53:17.000]  他有信心與神的話去調和
[00:53:17.000 --> 00:53:19.000]  所以這位大神相信
[00:53:19.000 --> 00:53:21.000]  所以他之前相信神蹟
[00:53:21.000 --> 00:53:23.000]  現在相信耶穌基督的話
[00:53:23.000 --> 00:53:26.000]  之前看到之信
[00:53:26.000 --> 00:53:29.000]  現在還沒看到就相信了
[00:53:29.000 --> 00:53:31.000]  因為有耶穌基督的話
[00:53:31.000 --> 00:53:34.000]  前面要照著耶穌基督
[00:53:34.000 --> 00:53:36.000]  這是我的家
[00:53:36.000 --> 00:53:38.000]  我的兒子是有救的
[00:53:38.000 --> 00:53:41.000]  現在願意照著主的話
[00:53:41.000 --> 00:53:43.000]  主說了一句
[00:53:43.000 --> 00:53:45.000]  你的兒子活了
[00:53:45.000 --> 00:53:46.000]  他就相信了
[00:53:46.000 --> 00:53:53.000]  這就是耶穌基督神所要的信心
[00:53:53.000 --> 00:53:59.000]  所以這位大神就在這個經歷當中發生了改變
[00:53:59.000 --> 00:54:01.000]  第一句話
[00:54:01.000 --> 00:54:02.000]  若看不到神蹟
[00:54:02.000 --> 00:54:03.000]  你總是不遂
[00:54:03.000 --> 00:54:05.000]  第二句話就改變他的生命
[00:54:05.000 --> 00:54:06.000]  回去吧
[00:54:06.000 --> 00:54:08.000]  你的兒子活過來了
[00:54:08.000 --> 00:54:12.000]  所以從一個憑眼見的信
[00:54:12.000 --> 00:54:14.000]  這種次等的信
[00:54:14.000 --> 00:54:18.000]  變成憑著話語而信
[00:54:18.000 --> 00:54:21.000]  神所喜悅的這種信
[00:54:21.000 --> 00:54:24.000]  這位大神發生了改變
[00:54:24.000 --> 00:54:27.000]  從要主按我的意思
[00:54:27.000 --> 00:54:30.000]  現在就是我願意相信耶穌基督的話
[00:54:30.000 --> 00:54:32.000]  我願意信服祂的話
[00:54:32.000 --> 00:54:36.000]  願意專行祂的話
[00:54:36.000 --> 00:54:38.000]  很多時候我們在無望的時候
[00:54:38.000 --> 00:54:41.000]  主祂一句話就帶給我們盼望
[00:54:41.000 --> 00:54:43.000]  很多時候我們無助的時候
[00:54:43.000 --> 00:54:45.000]  就因為祂一句話
[00:54:45.000 --> 00:54:47.000]  聖經一句話
[00:54:47.000 --> 00:54:49.000]  就有信心出來了
[00:54:49.000 --> 00:54:53.000]  耶穌基督的話不只是主出問題
[00:54:53.000 --> 00:54:56.000]  更是讓這位人在困境當中
[00:54:56.000 --> 00:54:57.000]  在絕望當中
[00:54:57.000 --> 00:54:59.000]  生發出信心
[00:54:59.000 --> 00:55:02.000]  所以你會看到這位大神
[00:55:02.000 --> 00:55:06.000]  他信心的一個成長的歷程
[00:55:06.000 --> 00:55:08.000]  他屬靈的生命的一個成長
[00:55:08.000 --> 00:55:11.000]  當大神回去的時候
[00:55:11.000 --> 00:55:13.000]  僕人迎見他
[00:55:13.000 --> 00:55:14.000]  對他說
[00:55:14.000 --> 00:55:17.000]  你的兒子活了
[00:55:17.000 --> 00:55:19.000]  他就追問
[00:55:19.000 --> 00:55:22.000]  到底什麼時候好的
[00:55:22.000 --> 00:55:30.000]  僕人就對他說:昨日未時熱就退了
[00:55:30.000 --> 00:55:35.000]  所以這位大神就立刻知道
[00:55:35.000 --> 00:55:36.000]  為什麼?
[00:55:36.000 --> 00:55:41.000]  因為昨日未時熱就退了
[00:55:41.000 --> 00:55:42.000]  這一刻
[00:55:42.000 --> 00:55:44.000]  這個時候
[00:55:44.000 --> 00:55:46.000]  就是耶穌基督說
[00:55:46.000 --> 00:55:48.000]  你的兒子活了
[00:55:48.000 --> 00:55:50.000]  這個時候
[00:55:50.000 --> 00:55:55.000]  大神為什麼要印證這個時間?
[00:55:55.000 --> 00:55:57.000]  因為祂要確認一件事
[00:55:57.000 --> 00:55:59.000]  祂的兒子康復了
[00:55:59.000 --> 00:56:03.000]  到底是不是和耶穌基督的話有關
[00:56:03.000 --> 00:56:04.000]  當僕人說
[00:56:04.000 --> 00:56:07.000]  未時熱就退了
[00:56:07.000 --> 00:56:09.000]  祂的兒子康復了
[00:56:09.000 --> 00:56:12.000]  那個就是耶穌基督說話的時間
[00:56:12.000 --> 00:56:14.000]  主說話的時刻
[00:56:14.000 --> 00:56:16.000]  那個時刻
[00:56:16.000 --> 00:56:18.000]  時刻都不夠準
[00:56:18.000 --> 00:56:22.000]  時刻就刻在了歷史當中
[00:56:22.000 --> 00:56:25.000]  就是神祂工作的那個時刻
[00:56:25.000 --> 00:56:27.000]  這個不是巧合
[00:56:27.000 --> 00:56:30.000]  也不是偶然
[00:56:30.000 --> 00:56:32.000]  因為耶穌基督
[00:56:32.000 --> 00:56:37.000]  祂就是各位超越了時間和空間的主
[00:56:37.000 --> 00:56:39.000]  祂不需要去到祂那裡
[00:56:39.000 --> 00:56:42.000]  因為耶穌基督的話是有力量的
[00:56:42.000 --> 00:56:43.000]  耶穌基督
[00:56:43.000 --> 00:56:47.000]  祂本來就是創造萬物的主
[00:56:47.000 --> 00:56:51.000]  時間、空間
[00:56:51.000 --> 00:56:53.000]  萬物是因祂而來的
[00:56:53.000 --> 00:56:56.000]  時間是因為萬物有運動
[00:56:56.000 --> 00:56:58.000]  我們看到的
[00:56:58.000 --> 00:57:00.000]  所以祂是創造一切的主
[00:57:00.000 --> 00:57:03.000]  祂是創造空間的主
[00:57:03.000 --> 00:57:06.000]  祂雖然進入了歷史當中
[00:57:06.000 --> 00:57:10.000]  但是祂也進入了時空當中
[00:57:10.000 --> 00:57:14.000]  但是祂不受這些時空的限制
[00:57:14.000 --> 00:57:17.000]  祂不需要親自去加伯隆那裡
[00:57:17.000 --> 00:57:20.000]  不需要站在小孩的面前
[00:57:20.000 --> 00:57:22.000]  祂只需要一句話
[00:57:22.000 --> 00:57:28.000]  祂的能力就馬上可以醫好這位小孩
[00:57:28.000 --> 00:57:32.000]  祂的話、祂的能力就臨到這位
[00:57:32.000 --> 00:57:36.000]  離二十英里的小孩那裡
[00:57:36.000 --> 00:57:39.000]  因為主
[00:57:39.000 --> 00:57:41.000]  對於主來說
[00:57:41.000 --> 00:57:43.000]  距離不是問題
[00:57:43.000 --> 00:57:46.000]  人覺得不可能
[00:57:46.000 --> 00:57:48.000]  甚至是對祂的難阻
[00:57:48.000 --> 00:57:50.000]  也都不可以難阻到祂
[00:57:50.000 --> 00:57:52.000]  我們的主、我們的神
[00:57:52.000 --> 00:57:56.000]  在天上都是隨自己的旨意行事的
[00:57:56.000 --> 00:57:57.000]  今天也是
[00:57:57.000 --> 00:58:00.000]  有時候我們以為事情太遠了
[00:58:00.000 --> 00:58:01.000]  問題太大了
[00:58:01.000 --> 00:58:03.000]  時間太遲了
[00:58:03.000 --> 00:58:05.000]  機會都差不多沒有了
[00:58:05.000 --> 00:58:06.000]  但是主
[00:58:06.000 --> 00:58:08.000]  對我們的主來說
[00:58:08.000 --> 00:58:10.000]  沒有太遠的距離
[00:58:10.000 --> 00:58:11.000]  沒有太遲的時候
[00:58:11.000 --> 00:58:12.000]  沒有太難的時候
[00:58:12.000 --> 00:58:16.000]  因為祂是超越時空的主
[00:58:16.000 --> 00:58:19.000]  超越了時間和空間的主
[00:58:19.000 --> 00:58:21.000]  聖經說
[00:58:21.000 --> 00:58:23.000]  不單止這位大神自己信了
[00:58:23.000 --> 00:58:25.000]  而且是全家都信了
[00:58:25.000 --> 00:58:26.000]  因為大神的信心
[00:58:26.000 --> 00:58:28.000]  不是從一瞬間完成的
[00:58:28.000 --> 00:58:30.000]  是從一步一步成長的
[00:58:30.000 --> 00:58:32.000]  起初聽見耶穌基督的名字
[00:58:32.000 --> 00:58:36.000]  接著來到耶穌基督面前求助
[00:58:36.000 --> 00:58:39.000]  然後耶穌基督跟祂說話
[00:58:39.000 --> 00:58:41.000]  祂相信耶穌基督的話
[00:58:41.000 --> 00:58:44.000]  最後祂就經歷了這位主的大能
[00:58:44.000 --> 00:58:46.000]  不單止祂自己信了
[00:58:46.000 --> 00:58:48.000]  全家都信了
[00:58:48.000 --> 00:58:49.000]  所以你會看到
[00:58:49.000 --> 00:58:51.000]  這一切都是本於信
[00:58:51.000 --> 00:58:52.000]  以至於信
[00:58:52.000 --> 00:58:56.000]  信心不是停留在一個階段
[00:58:56.000 --> 00:58:59.000]  我們是要不斷地成長
[00:58:59.000 --> 00:59:01.000]  我們不單止要聽福音
[00:59:01.000 --> 00:59:03.000]  而且接受福音
[00:59:03.000 --> 00:59:04.000]  相信主的話
[00:59:04.000 --> 00:59:06.000]  不單止只是相信主的話
[00:59:06.000 --> 00:59:09.000]  我們也都會經歷主的作為
[00:59:09.000 --> 00:59:10.000]  這位大神也是這樣
[00:59:10.000 --> 00:59:14.000]  他因著聽聞耶穌基督而來
[00:59:14.000 --> 00:59:17.000]  因著主的話而相信
[00:59:17.000 --> 00:59:20.000]  因著神大能的作為
[00:59:20.000 --> 00:59:22.000]  在他身上的作為
[00:59:22.000 --> 00:59:24.000]  他的信心就更加堅定了
[00:59:24.000 --> 00:59:27.000]  最後全家都相信了
[00:59:27.000 --> 00:59:33.000]  所以時空不是問題
[00:59:33.000 --> 00:59:36.000]  主說話的時候
[00:59:36.000 --> 00:59:39.000]  就是神工作的時候
[00:59:39.000 --> 00:59:42.000]  神是一位超越的主
[00:59:42.000 --> 00:59:44.000]  耶穌基督是超越的
[00:59:44.000 --> 00:59:46.000]  祂不單止超越了人的計劃
[00:59:46.000 --> 00:59:49.000]  超越了人有限的眼光
[00:59:49.000 --> 00:59:51.000]  不只是看表面
[00:59:51.000 --> 00:59:53.000]  超越了人的界限
[00:59:53.000 --> 00:59:54.000]  我有我觀念的界限
[00:59:54.000 --> 00:59:56.000]  超越了人的經驗
[00:59:56.000 --> 00:59:59.000]  我有我很多經驗的局限
[00:59:59.000 --> 01:00:01.000]  耶穌基督也都超越了
[01:00:01.000 --> 01:00:04.000]  我們很難以想像的那樣東西
[01:00:04.000 --> 01:00:07.000]  超越了時間和空間
[01:00:07.000 --> 01:00:09.000]  所以我們在人生
[01:00:09.000 --> 01:00:12.000]  無論是哪種困境當中
[01:00:12.000 --> 01:00:14.000]  或者是我們的計劃被打亂了
[01:00:14.000 --> 01:00:16.000]  被人所冷落了
[01:00:16.000 --> 01:00:18.000]  或者是走投無路了
[01:00:18.000 --> 01:00:20.000]  沒有辦法解決很多的問題
[01:00:20.000 --> 01:00:22.000]  但是我們要記得一件事
[01:00:22.000 --> 01:00:23.000]  我們所相信的
[01:00:23.000 --> 01:00:25.000]  這位主是超越萬有的
[01:00:25.000 --> 01:00:27.000]  超越時空的
[01:00:27.000 --> 01:00:28.000]  祂不單止這樣
[01:00:28.000 --> 01:00:31.000]  祂是掌管一切的主
[01:00:31.000 --> 01:00:34.000]  所以我們一生都要信靠祂
[01:00:34.000 --> 01:00:36.000]  信服祂 跟隨祂
[01:00:36.000 --> 01:00:38.820]  它永遠是那位超越的主
[01:00:38.820 --> 01:00:39.820]  答案
