
[00:00:00.000 --> 00:00:03.000]  好 弟兄姊妹主 內平安
[00:00:03.000 --> 00:00:06.000]  願大家都有開心的日子
[00:00:06.000 --> 00:00:07.400]  特別是父親節的日子
[00:00:07.400 --> 00:00:08.800]  無論你是父親的
[00:00:08.800 --> 00:00:11.400]  或者你不是父親的
[00:00:11.400 --> 00:00:14.800]  但是我們盼望每天都開開心心的
[00:00:14.800 --> 00:00:17.200]  這樣去過我們的每一天
[00:00:17.200 --> 00:00:20.600]  好 我們一起先有個祈禱
[00:00:20.600 --> 00:00:22.600]  親愛的主 我們感謝祢
[00:00:22.600 --> 00:00:25.600]  讓我們一起可以在祢的面前
[00:00:25.600 --> 00:00:27.600]  我們去敬拜天父祢
[00:00:27.600 --> 00:00:29.800]  因為祢就是我們最好的父親
[00:00:29.800 --> 00:00:31.000]  讓今天父親節
[00:00:31.000 --> 00:00:34.000]  祢就得到最好的榮耀
[00:00:34.000 --> 00:00:36.000]  也讓祢自己先喜悅
[00:00:36.000 --> 00:00:38.000]  我們在祢面前的敬拜
[00:00:38.000 --> 00:00:40.600]  也讓父親祢自己親自對我們說話
[00:00:40.600 --> 00:00:42.400]  讓我們聽到父親祢的說話
[00:00:42.400 --> 00:00:44.400]  我們就成為一個乖孩子一樣
[00:00:44.400 --> 00:00:47.000]  我們是遵從主祢的吩咐
[00:00:47.000 --> 00:00:48.200]  求祢帶領我們
[00:00:48.200 --> 00:00:51.600]  聽我們祈禱奉耶穌名字而求
[00:00:51.600 --> 00:00:52.600]  阿們
[00:00:52.600 --> 00:00:57.200]  今天和大家分享的題目
[00:00:57.200 --> 00:01:01.800]  叫做《覆浸眼眉的驚喜》
[00:01:01.800 --> 00:01:04.800]  就是一個這樣的畫面
[00:01:04.800 --> 00:01:08.800]  在未去到裡面的內容之先
[00:01:08.800 --> 00:01:14.000]  首先和大家說一個故事
[00:01:14.000 --> 00:01:17.800]  大家都有喝中國茶
[00:01:17.800 --> 00:01:19.000]  有喝過中國茶
[00:01:19.000 --> 00:01:20.000]  中國茶裡面
[00:01:20.000 --> 00:01:22.600]  我們有時候也有一些叫茶道
[00:01:22.600 --> 00:01:24.800]  就是茶友茶道
[00:01:24.800 --> 00:01:26.800]  其中我們的茶道裡面
[00:01:26.800 --> 00:01:30.200]  有一個叫寇子禮
[00:01:30.200 --> 00:01:32.600]  不知道大家知不知道這個寇子禮
[00:01:32.600 --> 00:01:36.200]  為什麼會有這個寇子禮這件事發生呢
[00:01:36.200 --> 00:01:38.600]  原來按一些資料顯示
[00:01:38.600 --> 00:01:43.400]  其實這個寇子禮是和乾隆王有關的
[00:01:43.400 --> 00:01:48.400]  原來話說乾隆有一次微服出巡
[00:01:48.400 --> 00:01:50.400]  微服出巡就要出到裡面
[00:01:50.400 --> 00:01:54.400]  去了解一下民間的疾苦或者狀況
[00:01:54.400 --> 00:01:57.400]  於是就去到民間裡面其中有一次
[00:01:57.400 --> 00:02:01.400]  就去茶樓喝茶吃東西
[00:02:01.400 --> 00:02:05.400]  當時他就突然興致勃勃
[00:02:05.400 --> 00:02:11.400]  就幫他的侍從斟茶
[00:02:11.400 --> 00:02:14.400]  皇帝為你斟茶
[00:02:14.400 --> 00:02:16.400]  怎麼辦呢
[00:02:16.400 --> 00:02:18.400]  皇帝為你斟茶
[00:02:18.400 --> 00:02:25.400]  平時皇帝在皇宮上賜你要怎樣
[00:02:25.400 --> 00:02:27.400]  要謝主隆恩
[00:02:27.400 --> 00:02:30.400]  現在在光天化日之下
[00:02:30.400 --> 00:02:32.400]  全世界都看到你的時候
[00:02:32.400 --> 00:02:35.400]  如果他們謝主隆恩怎麼辦
[00:02:35.400 --> 00:02:38.400]  微服出巡就要露餡
[00:02:38.400 --> 00:02:40.400]  被人發現了微服出巡是不行的
[00:02:40.400 --> 00:02:43.400]  但是皇帝斟茶你不禮貌
[00:02:43.400 --> 00:02:45.400]  也不行的
[00:02:45.400 --> 00:02:51.400]  所以當時其中有一個智者侍從
[00:02:51.400 --> 00:02:53.400]  他就做了一個動作
[00:02:53.400 --> 00:02:55.400]  就是我們今天的購茶禮
[00:02:55.400 --> 00:02:58.400]  去表達了皇帝為你斟茶
[00:02:58.400 --> 00:03:00.400]  所以問題來了
[00:03:00.400 --> 00:03:03.400]  你知道我喜歡講道
[00:03:03.400 --> 00:03:05.400]  團體都要大家用一下腦
[00:03:05.400 --> 00:03:06.400]  問題來了
[00:03:06.400 --> 00:03:08.400]  以下有三種的購茶方式
[00:03:08.400 --> 00:03:13.400]  請問你哪一種是乾隆手下
[00:03:13.400 --> 00:03:16.400]  他的購茶方式呢
[00:03:16.400 --> 00:03:19.400]  第一個就是左邊
[00:03:19.400 --> 00:03:24.400]  用一隻手指這樣購茶
[00:03:24.400 --> 00:03:27.400]  第二個就是兩隻手指購茶
[00:03:27.400 --> 00:03:31.400]  第三個就是這樣手指購茶
[00:03:31.400 --> 00:03:34.400]  請問你這幾個侍從
[00:03:34.400 --> 00:03:36.400]  皇帝幫你斟茶的時候
[00:03:36.400 --> 00:03:39.400]  要用哪一種的方式去購呢
[00:03:39.400 --> 00:03:43.400]  第一種的舉手
[00:03:43.400 --> 00:03:46.400]  第二種的
[00:03:46.400 --> 00:03:49.400]  第三個的
[00:03:49.400 --> 00:03:52.400]  請問廣哥為什麼是第三個呢
[00:03:52.400 --> 00:03:59.400]  你會覺得是撞的
[00:03:59.400 --> 00:04:01.400]  謝謝你承認是撞的
[00:04:01.400 --> 00:04:03.400]  有沒有人猜到
[00:04:03.400 --> 00:04:06.400]  有些原因你會支持這種想法呢
[00:04:06.400 --> 00:04:14.400]  因為當時的大臣要五體投地
[00:04:14.400 --> 00:04:18.400]  因為皇帝平時在皇宮要五體投地
[00:04:18.400 --> 00:04:23.400]  暗地裡五體投地就用五隻手指
[00:04:23.400 --> 00:04:25.400]  向皇帝叩頭
[00:04:25.400 --> 00:04:29.400]  所以規矩是要叩三下
[00:04:29.400 --> 00:04:33.400]  表示對皇帝的叩頭
[00:04:33.400 --> 00:04:38.400]  所以今時今日我們的購茶裡
[00:04:38.400 --> 00:04:40.400]  都是這樣的
[00:04:40.400 --> 00:04:43.400]  如果你是晚輩
[00:04:43.400 --> 00:04:45.400]  向著你的長輩
[00:04:45.400 --> 00:04:47.400]  如果長輩斟茶給你
[00:04:47.400 --> 00:04:49.400]  就記得這樣輕輕叩三下
[00:04:49.400 --> 00:04:51.400]  你不要大大力
[00:04:51.400 --> 00:04:54.400]  質問人才是大大力
[00:04:54.400 --> 00:04:56.400]  輕輕叩三下就代表你是晚輩
[00:04:56.400 --> 00:04:59.400]  向長輩多謝他為你斟茶
[00:04:59.400 --> 00:05:01.400]  如果大家平輩
[00:05:01.400 --> 00:05:03.400]  平輩是怎樣
[00:05:03.400 --> 00:05:05.400]  就用兩隻手指
[00:05:05.400 --> 00:05:07.400]  叩三下
[00:05:07.400 --> 00:05:09.400]  平輩叩三下
[00:05:09.400 --> 00:05:11.400]  為什麼這樣呢
[00:05:11.400 --> 00:05:13.400]  原來兩隻手指代表
[00:05:13.400 --> 00:05:15.400]  像我們打功夫那樣
[00:05:15.400 --> 00:05:16.400]  抱權利
[00:05:16.400 --> 00:05:17.400]  兩隻手這樣
[00:05:17.400 --> 00:05:19.400]  表示一種恭敬
[00:05:19.400 --> 00:05:21.400]  平輩互相切磋的態度
[00:05:21.400 --> 00:05:23.400]  兩隻手
[00:05:23.400 --> 00:05:27.400]  所以如果晚輩斟茶給長輩
[00:05:27.400 --> 00:05:29.400]  我斟茶給你們呢
[00:05:29.400 --> 00:05:31.400]  你們要怎樣回應我
[00:05:31.400 --> 00:05:33.400]  就用一隻手指
[00:05:33.400 --> 00:05:35.400]  一隻手指
[00:05:35.400 --> 00:05:37.400]  叩多少下
[00:05:37.400 --> 00:05:39.400]  錯了
[00:05:39.400 --> 00:05:41.400]  你是長輩
[00:05:41.400 --> 00:05:44.400]  通常晚輩送禮物給你
[00:05:44.400 --> 00:05:46.400]  這樣就行了
[00:05:46.400 --> 00:05:48.400]  叩一下
[00:05:48.400 --> 00:05:50.400]  因為你是長輩
[00:05:50.400 --> 00:05:52.400]  表示輕輕點頭
[00:05:52.400 --> 00:05:54.400]  這樣就行了
[00:05:54.400 --> 00:05:56.400]  點一下頭
[00:05:56.400 --> 00:05:58.400]  所以叩一下就行了
[00:05:58.400 --> 00:06:00.400]  如果你很欣賞晚輩
[00:06:00.400 --> 00:06:02.400]  都可以拍三下
[00:06:02.400 --> 00:06:04.400]  你很欣賞晚輩就拍三下
[00:06:04.400 --> 00:06:06.400]  就是這樣
[00:06:06.400 --> 00:06:08.400]  所以原來
[00:06:08.400 --> 00:06:11.400]  喝茶有這些禮貌
[00:06:11.400 --> 00:06:13.400]  不過不知道你們有沒有發現
[00:06:13.400 --> 00:06:16.400]  我剛剛和弟兄姊妹去喝茶
[00:06:16.400 --> 00:06:19.400]  發現無論我叩多少下
[00:06:19.400 --> 00:06:21.400]  他們都繼續斟茶給我
[00:06:21.400 --> 00:06:24.400]  有時候我們理解
[00:06:24.400 --> 00:06:26.400]  叩幾下就代表夠了
[00:06:26.400 --> 00:06:28.400]  不要再斟了
[00:06:28.400 --> 00:06:29.400]  有時候我們這樣理解
[00:06:29.400 --> 00:06:31.400]  但有些人不斷斟
[00:06:31.400 --> 00:06:33.400]  喝多兩口又斟
[00:06:33.400 --> 00:06:35.400]  喝多兩口又斟
[00:06:35.400 --> 00:06:37.400]  有時候喝到膀胱都有病
[00:06:37.400 --> 00:06:39.400]  但代表什麼呢
[00:06:39.400 --> 00:06:41.400]  你的杯子
[00:06:41.400 --> 00:06:43.400]  從來都不會不夠茶喝
[00:06:43.400 --> 00:06:46.400]  從來都不會不夠茶喝
[00:06:46.400 --> 00:06:49.400]  今天我們思考這個題目
[00:06:49.400 --> 00:06:51.400]  都是在說
[00:06:51.400 --> 00:06:53.400]  茶有茶道
[00:06:53.400 --> 00:06:55.400]  我們的茶杯
[00:06:55.400 --> 00:06:57.400]  都會滿舍
[00:06:57.400 --> 00:06:59.400]  因為有人幫我們斟茶
[00:06:59.400 --> 00:07:01.400]  而神有神道
[00:07:01.400 --> 00:07:02.400]  神的道是什麼呢
[00:07:02.400 --> 00:07:05.400]  讓我們的福杯滿日
[00:07:05.400 --> 00:07:06.400]  讓我們的福杯滿日
[00:07:06.400 --> 00:07:07.400]  是因為什麼呢
[00:07:07.400 --> 00:07:08.400]  三章六字說
[00:07:08.400 --> 00:07:10.400]  因為我耶和華是不改變的
[00:07:10.400 --> 00:07:12.400]  所以雅各的子孫
[00:07:12.400 --> 00:07:14.400]  你們不自滅
[00:07:14.400 --> 00:07:17.400]  因為原來神的心意
[00:07:17.400 --> 00:07:19.400]  就是愛世人
[00:07:19.400 --> 00:07:21.400]  神愛世人
[00:07:21.400 --> 00:07:24.400]  甚至將他的獨生子
[00:07:24.400 --> 00:07:26.400]  賜給他們
[00:07:26.400 --> 00:07:28.400]  接著呢
[00:07:28.400 --> 00:07:31.400]  把自滅亡
[00:07:31.400 --> 00:07:33.400]  凡得永生
[00:07:33.400 --> 00:07:36.400]  證明你們有運輸
[00:07:36.400 --> 00:07:38.400]  一生人有幾句經文
[00:07:38.400 --> 00:07:41.400]  在心裡一生有幸
[00:07:41.400 --> 00:07:42.400]  不自滅亡
[00:07:42.400 --> 00:07:43.400]  凡得永生
[00:07:43.400 --> 00:07:46.400]  所以你記得前面三章五節
[00:07:46.400 --> 00:07:47.400]  上次我們說到
[00:07:47.400 --> 00:07:50.400]  三章五節裡說的七宗罪
[00:07:50.400 --> 00:07:53.400]  很多以色列人背棄上帝
[00:07:53.400 --> 00:07:54.400]  那些罪
[00:07:54.400 --> 00:07:56.400]  神說有一天要審判
[00:07:56.400 --> 00:07:58.400]  但第六節就說到
[00:07:58.400 --> 00:07:59.400]  一個很重要的問題
[00:07:59.400 --> 00:08:01.400]  雖然神會審判你們的罪
[00:08:01.400 --> 00:08:03.400]  但其實神的本意
[00:08:03.400 --> 00:08:05.400]  是不自滅亡
[00:08:05.400 --> 00:08:07.400]  所以神對我們的愛
[00:08:07.400 --> 00:08:09.400]  都是不改變的
[00:08:09.400 --> 00:08:11.400]  所以神就告訴我們
[00:08:11.400 --> 00:08:13.400]  其實神想在我們的生命裡
[00:08:13.400 --> 00:08:14.400]  是怎樣呢
[00:08:14.400 --> 00:08:16.400]  就是帶來祝福
[00:08:16.400 --> 00:08:19.400]  神其實本來就是愛我們
[00:08:19.400 --> 00:08:20.400]  本來就是想祝福我們
[00:08:20.400 --> 00:08:22.400]  但當你要經歷這種祝福的時候
[00:08:22.400 --> 00:08:24.400]  有時候都需要做一些事情
[00:08:24.400 --> 00:08:26.400]  去體驗、去經驗
[00:08:26.400 --> 00:08:28.400]  才能夠蒙受這種祝福
[00:08:28.400 --> 00:08:30.400]  原來我們的信仰就是這樣
[00:08:30.400 --> 00:08:32.400]  上帝就是要我們不自滅亡
[00:08:32.400 --> 00:08:34.400]  是凡得永生
[00:08:34.400 --> 00:08:36.400]  凡得上帝的愛
[00:08:36.400 --> 00:08:38.400]  凡得上帝的祝福
[00:08:38.400 --> 00:08:39.400]  不過問題是
[00:08:39.400 --> 00:08:43.400]  你願不願意去接受上帝的祝福呢
[00:08:43.400 --> 00:08:44.400]  上帝要祝福你
[00:08:44.400 --> 00:08:45.400]  但你要做一些事情
[00:08:45.400 --> 00:08:46.400]  或者這樣說
[00:08:46.400 --> 00:08:47.400]  你要不做一些事情
[00:08:47.400 --> 00:08:48.400]  你要調整你的生命
[00:08:48.400 --> 00:08:50.400]  才能夠承受到這種
[00:08:50.400 --> 00:08:52.400]  福杯滿日的狀況
[00:08:52.400 --> 00:08:54.400]  我們今天會看到
[00:08:54.400 --> 00:08:57.400]  《馬拉基書》後面的部分
[00:08:57.400 --> 00:08:59.400]  我們會分開兩個分題
[00:08:59.400 --> 00:09:01.400]  去看這個部分
[00:09:01.400 --> 00:09:02.400]  今天你們會發現
[00:09:02.400 --> 00:09:04.400]  我是有點不同的
[00:09:04.400 --> 00:09:05.400]  有什麼不同呢
[00:09:05.400 --> 00:09:07.400]  就是說慢了
[00:09:07.400 --> 00:09:09.400]  減輕了碧姐的壓力
[00:09:09.400 --> 00:09:11.400]  希望可以控制得舒服一點
[00:09:11.400 --> 00:09:13.400]  不用翻譯這麼辛苦
[00:09:13.400 --> 00:09:16.400]  我們先看第一個分題
[00:09:16.400 --> 00:09:17.400]  七至九節
[00:09:17.400 --> 00:09:18.400]  我想請大家讀一讀
[00:09:18.400 --> 00:09:19.400]  因為剛才主席讀了
[00:09:19.400 --> 00:09:21.400]  你們沒有機會讀
[00:09:21.400 --> 00:09:22.400]  他不可以搶奪你們
[00:09:22.400 --> 00:09:24.400]  讀聖經的福分
[00:09:24.400 --> 00:09:25.400]  我請大家讀一讀
[00:09:25.400 --> 00:09:27.400]  七至九節開始
[00:09:50.400 --> 00:09:51.400]  你們卻說
[00:09:51.400 --> 00:09:54.400]  我們在何事上搶奪你呢
[00:09:54.400 --> 00:09:56.400]  其實就是在你們
[00:09:56.400 --> 00:09:59.400]  當立的十分之一奉獻和
[00:09:59.400 --> 00:10:01.400]  當獻的供物上
[00:10:01.400 --> 00:10:03.400]  因你們全國上下
[00:10:03.400 --> 00:10:05.400]  都搶奪我的供物
[00:10:05.400 --> 00:10:08.400]  詛咒就臨到你們身上
[00:10:08.400 --> 00:10:13.400]  七至九節裏面
[00:10:13.400 --> 00:10:15.400]  我給大家一個分題
[00:10:15.400 --> 00:10:19.400]  叫做萬君之夜和所要求的獻賞
[00:10:19.400 --> 00:10:22.400]  原來神很想我們
[00:10:22.400 --> 00:10:24.400]  在蒙受福氣之前
[00:10:24.400 --> 00:10:26.400]  我們去學習去獻賞
[00:10:26.400 --> 00:10:28.400]  去擺一些東西給神
[00:10:28.400 --> 00:10:30.400]  擺些什麼給神呢
[00:10:30.400 --> 00:10:32.400]  我嘗試在這裏分開了
[00:10:32.400 --> 00:10:34.400]  兩個分題的重點
[00:10:34.400 --> 00:10:35.400]  第一個是什麼呢
[00:10:35.400 --> 00:10:36.400]  第七節
[00:10:36.400 --> 00:10:38.400]  就是要全人的獻賞
[00:10:38.400 --> 00:10:41.400]  全人的獻賞
[00:10:41.400 --> 00:10:44.400]  是整個人去獻賞給神
[00:10:45.400 --> 00:10:47.400]  怎樣獻賞呢
[00:10:47.400 --> 00:10:49.400]  這裏說
[00:10:49.400 --> 00:10:52.400]  他們要求這班
[00:10:52.400 --> 00:10:55.400]  以色列人要轉向神
[00:10:55.400 --> 00:10:57.400]  怎樣轉向呢
[00:10:57.400 --> 00:10:59.400]  如何轉向呢
[00:10:59.400 --> 00:11:01.400]  裏面是要求
[00:11:01.400 --> 00:11:04.400]  轉向的一種變化
[00:11:04.400 --> 00:11:06.400]  今天我們
[00:11:06.400 --> 00:11:08.400]  我剛才說了很多世界盃
[00:11:08.400 --> 00:11:10.400]  世界盃裏面其實有很多
[00:11:10.400 --> 00:11:12.400]  踢足球的技術
[00:11:12.400 --> 00:11:13.400]  其中一種技術
[00:11:13.400 --> 00:11:15.400]  美心很喜歡的
[00:11:15.400 --> 00:11:18.400]  就是插花
[00:11:18.400 --> 00:11:21.400]  足球有一種叫插花的動作
[00:11:21.400 --> 00:11:23.400]  即是走來走去
[00:11:23.400 --> 00:11:24.400]  插花
[00:11:24.400 --> 00:11:25.400]  不過你不明白不要緊
[00:11:25.400 --> 00:11:27.400]  但還有一種動作叫
[00:11:27.400 --> 00:11:29.400]  走左望右
[00:11:29.400 --> 00:11:31.400]  知不知道什麼叫走左望右
[00:11:31.400 --> 00:11:33.400]  走左邊
[00:11:33.400 --> 00:11:34.400]  但其實是望右邊
[00:11:34.400 --> 00:11:36.400]  引人以為是望那邊
[00:11:36.400 --> 00:11:37.400]  其實是望這邊
[00:11:37.400 --> 00:11:39.400]  就是騙了一個人
[00:11:39.400 --> 00:11:41.400]  整個身體就過了那個人
[00:11:41.400 --> 00:11:43.400]  原來有時候我們
[00:11:43.400 --> 00:11:45.400]  都會走左望右
[00:11:45.400 --> 00:11:47.400]  好像心在這邊
[00:11:47.400 --> 00:11:50.400]  但其實人已經在這邊
[00:11:50.400 --> 00:11:51.400]  這段經文告訴我們
[00:11:51.400 --> 00:11:52.400]  我們要轉向的時候
[00:11:52.400 --> 00:11:53.400]  就是什麼呢
[00:11:53.400 --> 00:11:56.400]  當你決定要轉向神的時候
[00:11:56.400 --> 00:11:57.400]  轉向一種悔改
[00:11:57.400 --> 00:11:58.400]  轉向神的時候
[00:11:58.400 --> 00:12:01.400]  不只是你想轉向
[00:12:01.400 --> 00:12:03.400]  而你的身體是不配合
[00:12:03.400 --> 00:12:06.400]  因為身體是很誠實的
[00:12:06.400 --> 00:12:07.400]  你的身體都要配合
[00:12:07.400 --> 00:12:09.400]  一同轉向
[00:12:09.400 --> 00:12:12.400]  這樣才能夠配合
[00:12:12.400 --> 00:12:14.400]  你的心裡想的動作
[00:12:14.400 --> 00:12:16.400]  所以神就吩咐
[00:12:16.400 --> 00:12:17.400]  當你要去決定
[00:12:17.400 --> 00:12:20.400]  要去獻上給神的時候
[00:12:20.400 --> 00:12:21.400]  首先第一個就是
[00:12:21.400 --> 00:12:23.400]  你要全人獻上
[00:12:23.400 --> 00:12:24.400]  將你整個人
[00:12:24.400 --> 00:12:26.400]  不只是想一些東西
[00:12:26.400 --> 00:12:27.400]  去給神
[00:12:27.400 --> 00:12:28.400]  而是整個人
[00:12:28.400 --> 00:12:30.400]  都真的擺上去給神
[00:12:30.400 --> 00:12:31.400]  所以在羅馬書裡面
[00:12:31.400 --> 00:12:32.400]  都很清楚
[00:12:32.400 --> 00:12:34.400]  我們經常讀到的經文
[00:12:34.400 --> 00:12:35.400]  就是說
[00:12:35.400 --> 00:12:37.400]  所以弟兄們
[00:12:37.400 --> 00:12:39.400]  上帝的慈悲勸你們
[00:12:39.400 --> 00:12:41.400]  將身體獻上當作活祭
[00:12:41.400 --> 00:12:43.400]  是聖潔的
[00:12:43.400 --> 00:12:45.400]  是上帝所希願的
[00:12:45.400 --> 00:12:49.400]  你們如此侍奉乃是理所當然的
[00:12:49.400 --> 00:12:51.400]  當你要成為一個
[00:12:51.400 --> 00:12:53.400]  祭物獻給神的時候
[00:12:53.400 --> 00:12:55.400]  神期望你獻上的
[00:12:55.400 --> 00:12:57.400]  是一個將身體獻上
[00:12:57.400 --> 00:12:59.400]  當作活祭
[00:12:59.400 --> 00:13:00.400]  你不可以說
[00:13:00.400 --> 00:13:01.400]  我的心我要獻給上帝
[00:13:01.400 --> 00:13:05.400]  但身體就繼續留在祭壇以下
[00:13:05.400 --> 00:13:07.400]  是不可以的
[00:13:07.400 --> 00:13:08.400]  所以在這段聖經裡面
[00:13:08.400 --> 00:13:09.400]  說的是期待著
[00:13:09.400 --> 00:13:11.400]  那種以色列人的轉向
[00:13:11.400 --> 00:13:14.400]  就是180度的改變方向
[00:13:14.400 --> 00:13:17.400]  整個人向著上帝
[00:13:17.400 --> 00:13:19.400]  但其實
[00:13:19.400 --> 00:13:22.400]  當時的以色列人有什麼反應呢?
[00:13:22.400 --> 00:13:23.400]  其實當時的以色列人
[00:13:23.400 --> 00:13:26.400]  他們就是覺得很委屈
[00:13:26.400 --> 00:13:28.400]  他們心裡面就說
[00:13:28.400 --> 00:13:31.400]  我們不是已經留在耶路撒冷了嗎?
[00:13:31.400 --> 00:13:32.400]  我們千里迢迢
[00:13:32.400 --> 00:13:35.400]  由秘魯之地回到耶路撒冷
[00:13:35.400 --> 00:13:39.400]  我們今天就特意回到耶路撒冷嗎?
[00:13:39.400 --> 00:13:41.400]  神大力要求有敬拜的生活
[00:13:41.400 --> 00:13:43.400]  我們不是有一些宗教儀式
[00:13:43.400 --> 00:13:46.400]  去配合上帝的期望嗎?
[00:13:46.400 --> 00:13:49.400]  你還要我們轉什麼方向?
[00:13:49.400 --> 00:13:50.400]  你要我做的功夫
[00:13:50.400 --> 00:13:53.400]  我都做足了
[00:13:53.400 --> 00:13:55.400]  以色列人心裡面這樣想
[00:13:55.400 --> 00:13:57.400]  所以你看到我們上次說的
[00:13:57.400 --> 00:13:59.400]  上樑不正下樑歪
[00:13:59.400 --> 00:14:00.400]  上樑和下樑
[00:14:00.400 --> 00:14:03.400]  都做了很多表面的功夫
[00:14:03.400 --> 00:14:07.400]  但裡面沒有實質的生命的轉向
[00:14:07.400 --> 00:14:10.400]  整個人轉向神裡面
[00:14:10.400 --> 00:14:11.400]  所以神就期望他們
[00:14:11.400 --> 00:14:13.400]  在偏離的路裡面
[00:14:13.400 --> 00:14:16.400]  再一次回來
[00:14:16.400 --> 00:14:18.400]  不要走了忘憂
[00:14:18.400 --> 00:14:22.400]  要全心全意向神奔跑
[00:14:22.400 --> 00:14:24.400]  神就期望人
[00:14:24.400 --> 00:14:27.400]  今天上帝的子民百姓都是這樣
[00:14:27.400 --> 00:14:29.400]  我們不只是在某些場合
[00:14:29.400 --> 00:14:30.400]  某些地方去說
[00:14:30.400 --> 00:14:32.400]  我很愛神
[00:14:32.400 --> 00:14:33.400]  不是這樣
[00:14:33.400 --> 00:14:35.400]  神期望我們整個人
[00:14:35.400 --> 00:14:37.400]  在我們生命裡面
[00:14:37.400 --> 00:14:41.400]  活出那種全然愛神的表現
[00:14:41.400 --> 00:14:44.400]  是時候又要說世界盃了
[00:14:44.400 --> 00:14:45.400]  世界盃裡面
[00:14:45.400 --> 00:14:50.400]  在以往很多不同的賽事
[00:14:50.400 --> 00:14:52.400]  今年有些不同的賽制
[00:14:52.400 --> 00:14:54.400]  有很多隊
[00:14:54.400 --> 00:14:56.400]  四十多隊的隊伍
[00:14:56.400 --> 00:15:00.400]  但今年很多花邊的消息裡面
[00:15:00.400 --> 00:15:02.400]  其中一個新聞是說什麼呢
[00:15:02.400 --> 00:15:04.400]  就是說美國隊
[00:15:04.400 --> 00:15:08.400]  美國隊已經成為了第二支
[00:15:08.400 --> 00:15:11.400]  必然篤定出勝的
[00:15:11.400 --> 00:15:15.400]  打入三十二強的隊伍
[00:15:15.400 --> 00:15:17.400]  其中原來美國隊裡面
[00:15:17.400 --> 00:15:18.400]  在整個球賽裡面
[00:15:18.400 --> 00:15:19.400]  做了一樣東西
[00:15:19.400 --> 00:15:22.400]  不知道你有沒有看新聞
[00:15:22.400 --> 00:15:26.400]  新聞裡面就這樣說
[00:15:26.400 --> 00:15:27.400]  6月12號
[00:15:27.400 --> 00:15:30.400]  在加州那場比賽裡面
[00:15:30.400 --> 00:15:32.400]  D組賽事裡面
[00:15:32.400 --> 00:15:36.400]  美國隊擊敗了烏拉圭的球隊
[00:15:36.400 --> 00:15:39.400]  但他們打勝了這場比賽之後
[00:15:39.400 --> 00:15:42.400]  他們做的是什麼呢
[00:15:42.400 --> 00:15:46.400]  他們就是圍埋一起祈禱
[00:15:46.400 --> 00:15:49.400]  圍埋一起祈禱
[00:15:49.400 --> 00:15:51.400]  他們在整個的賽事裡面
[00:15:51.400 --> 00:15:52.400]  很清楚就是
[00:15:52.400 --> 00:15:55.400]  他們打勝這場比賽
[00:15:55.400 --> 00:15:58.400]  他們看到上帝對他們的帶領
[00:15:58.400 --> 00:16:04.400]  他們願意將這件賽事交回給神
[00:16:04.400 --> 00:16:05.400]  他們勇敢地展示了
[00:16:05.400 --> 00:16:08.400]  他們是信耶穌的
[00:16:08.400 --> 00:16:10.400]  他們勇敢地在美國的國民面前
[00:16:10.400 --> 00:16:14.400]  顯示了他們和其他人不一樣
[00:16:14.400 --> 00:16:16.400]  他們是一齊玩意祈禱的人
[00:16:16.400 --> 00:16:23.400]  當中帶領著祈禱的就是後衛馬克麥肯齊
[00:16:23.400 --> 00:16:26.400]  他就是這樣帶領著球員去祈禱
[00:16:26.400 --> 00:16:28.400]  事實上他們不只是在
[00:16:28.400 --> 00:16:31.400]  球賽比賽結束的時候這樣祈禱
[00:16:31.400 --> 00:16:32.400]  在球賽比賽之前
[00:16:32.400 --> 00:16:35.400]  他們已經在一起禱告
[00:16:35.400 --> 00:16:38.400]  當中其中在這隊的隊伍裡面
[00:16:38.400 --> 00:16:42.400]  除了後衛帶領著這班隊員一起祈禱
[00:16:42.400 --> 00:16:46.400]  原來還有一個邊封
[00:16:46.400 --> 00:16:52.400]  就是克里斯蒂安·普利西奇
[00:16:52.400 --> 00:16:56.400]  他說原來他自己不只是在球場上
[00:16:56.400 --> 00:16:57.400]  一起參與祈禱
[00:16:57.400 --> 00:17:00.400]  原來他自己在平時的生活裡面
[00:17:00.400 --> 00:17:04.400]  他常常在自己的一些公開的頻道
[00:17:04.400 --> 00:17:06.400]  一些Instagram裡面
[00:17:06.400 --> 00:17:08.400]  都分享聖經和和別人談論
[00:17:08.400 --> 00:17:10.400]  他自己生活裡面
[00:17:10.400 --> 00:17:12.400]  他會有一個叫Bible Time
[00:17:12.400 --> 00:17:14.400]  聖經時間
[00:17:14.400 --> 00:17:18.400]  就是說他不只是在人面前
[00:17:18.400 --> 00:17:21.400]  或者在球場上一個樣子
[00:17:21.400 --> 00:17:23.400]  回到教會另一個樣子
[00:17:23.400 --> 00:17:24.400]  不是
[00:17:24.400 --> 00:17:26.400]  他願意整個人的生活習慣
[00:17:26.400 --> 00:17:28.400]  都是這樣去顯示出
[00:17:28.400 --> 00:17:33.400]  他有一種讀經親近神的生活習慣
[00:17:33.400 --> 00:17:36.400]  是整個人的
[00:17:36.400 --> 00:17:39.400]  他曾經在2021年這樣說過
[00:17:39.400 --> 00:17:43.400]  他說我必須一次又一次地證明自己
[00:17:43.400 --> 00:17:45.400]  但一如既往
[00:17:45.400 --> 00:17:47.400]  我向上帝祈禱
[00:17:47.400 --> 00:17:48.400]  祂給了我力量
[00:17:48.400 --> 00:17:50.400]  有了這份力量
[00:17:50.400 --> 00:17:53.400]  真的沒有什麼能阻止我了
[00:17:53.400 --> 00:17:57.400]  他自己就是這樣去深切的祈禱
[00:17:57.400 --> 00:18:00.400]  事實上在整個世界盃的賽事裡面
[00:18:00.400 --> 00:18:03.400]  記錄著不單止美國隊
[00:18:03.400 --> 00:18:05.400]  是這樣在賽後裡面祈禱
[00:18:05.400 --> 00:18:06.400]  原來
[00:18:06.400 --> 00:18:10.400]  報導裡面發現原來有很多的隊伍
[00:18:10.400 --> 00:18:13.400]  一些基督教的國家或者團體
[00:18:13.400 --> 00:18:15.400]  他們都是這樣
[00:18:15.400 --> 00:18:16.400]  另外一場的賽事
[00:18:16.400 --> 00:18:18.400]  就是這一場的賽事
[00:18:18.400 --> 00:18:19.400]  這場賽事裡面
[00:18:19.400 --> 00:18:21.400]  也是在說他們
[00:18:21.400 --> 00:18:23.400]  Prayer before the whole world
[00:18:23.400 --> 00:18:24.400]  就是說
[00:18:24.400 --> 00:18:26.400]  他們在賽事裡面
[00:18:26.400 --> 00:18:29.400]  向世界裡面一起去祈禱
[00:18:29.400 --> 00:18:30.400]  而且
[00:18:30.400 --> 00:18:34.400]  說的是巴拿馬
[00:18:34.400 --> 00:18:36.400]  德國隊
[00:18:36.400 --> 00:18:39.400]  應該是德國隊的隊員
[00:18:39.400 --> 00:18:42.400]  他們就是在這個賽事裡面
[00:18:42.400 --> 00:18:44.400]  就是這樣圍著
[00:18:44.400 --> 00:18:47.400]  圍著這班富拉索的球員
[00:18:47.400 --> 00:18:50.400]  在賽後裡面一起祈禱
[00:18:50.400 --> 00:18:53.400]  這幅圖畫特別的地方是什麼呢?
[00:18:53.400 --> 00:18:56.400]  不只是德國球員打完球就祈禱
[00:18:56.400 --> 00:19:00.400]  而他們圍著對方富拉索的球員
[00:19:00.400 --> 00:19:03.400]  圍著圈子一起祈禱
[00:19:03.400 --> 00:19:05.400]  表明了他們的信仰
[00:19:05.400 --> 00:19:06.400]  在別人面前
[00:19:06.400 --> 00:19:09.400]  而且是跨越了國家
[00:19:09.400 --> 00:19:11.400]  雖然這個比賽是為國家而戰
[00:19:11.400 --> 00:19:13.400]  但是在比賽之後
[00:19:13.400 --> 00:19:14.400]  他們仍然願意
[00:19:14.400 --> 00:19:15.400]  大家認為
[00:19:15.400 --> 00:19:17.400]  認定大家是弟兄
[00:19:17.400 --> 00:19:19.400]  其中帶領著這個祈禱
[00:19:19.400 --> 00:19:21.400]  其中一個球員
[00:19:21.400 --> 00:19:23.400]  就是剛才我們看到右邊
[00:19:23.400 --> 00:19:24.400]  這位球員
[00:19:24.400 --> 00:19:26.400]  他就說什麼呢?
[00:19:26.400 --> 00:19:28.400]  他說在這個比賽裡面
[00:19:28.400 --> 00:19:29.400]  雖然我們是對手
[00:19:29.400 --> 00:19:31.400]  但是在比賽完了之後
[00:19:31.400 --> 00:19:33.400]  其實我們都是基督徒
[00:19:33.400 --> 00:19:35.400]  所以我們都是兄弟
[00:19:35.400 --> 00:19:38.400]  所以我們就會一起去祈禱
[00:19:38.400 --> 00:19:39.400]  因為我們相信
[00:19:39.400 --> 00:19:42.400]  Jesus is glorified
[00:19:42.400 --> 00:19:46.400]  耶穌基督是要被榮耀的
[00:19:46.400 --> 00:19:48.400]  要被榮耀
[00:19:48.400 --> 00:19:51.400]  甚至在這位球員裡面
[00:19:51.400 --> 00:19:53.400]  他說過一句話
[00:19:53.400 --> 00:19:55.400]  他說在歐洲
[00:19:55.400 --> 00:19:58.400]  做基督徒最困難的是什麼呢?
[00:19:58.400 --> 00:20:00.400]  歐洲做基督徒
[00:20:00.400 --> 00:20:02.400]  不是一些回教國家
[00:20:02.400 --> 00:20:03.400]  要被逼迫
[00:20:03.400 --> 00:20:04.400]  不過他說在歐洲
[00:20:04.400 --> 00:20:06.400]  做基督徒最困難的
[00:20:06.400 --> 00:20:07.400]  就是什麼呢?
[00:20:07.400 --> 00:20:09.400]  就是隱性的壓力
[00:20:09.400 --> 00:20:11.400]  隱性的壓力
[00:20:11.400 --> 00:20:12.400]  什麼叫隱性的壓力呢?
[00:20:12.400 --> 00:20:13.400]  就是說
[00:20:13.400 --> 00:20:16.400]  有一種想法
[00:20:16.400 --> 00:20:18.400]  就是民間的想法
[00:20:18.400 --> 00:20:21.400]  就是信仰可以存在
[00:20:21.400 --> 00:20:23.400]  但最好不要太認真
[00:20:23.400 --> 00:20:26.400]  宗教可以保留
[00:20:26.400 --> 00:20:28.400]  但最好留在私人領域裡面
[00:20:28.400 --> 00:20:30.400]  即是你自己躲在一角
[00:20:30.400 --> 00:20:32.400]  做認認真真
[00:20:32.400 --> 00:20:33.400]  怎樣都好
[00:20:33.400 --> 00:20:35.400]  但公開場合
[00:20:35.400 --> 00:20:37.400]  最好不要這樣
[00:20:37.400 --> 00:20:38.400]  這個就是他自己
[00:20:38.400 --> 00:20:40.400]  公開表示的見證
[00:20:40.400 --> 00:20:41.400]  就是他願意
[00:20:41.400 --> 00:20:42.400]  站在別人面前
[00:20:42.400 --> 00:20:44.400]  去表明了
[00:20:44.400 --> 00:20:45.400]  他要成為一個活祭一樣
[00:20:45.400 --> 00:20:47.400]  去獻給神
[00:20:47.400 --> 00:20:49.400]  站在萬人見到的台前
[00:20:49.400 --> 00:20:50.400]  去顯明了
[00:20:50.400 --> 00:20:53.400]  他是甘心為主拜上
[00:20:53.400 --> 00:20:55.400]  所以第一個要求就是
[00:20:55.400 --> 00:20:56.400]  神要求的獻上
[00:20:56.400 --> 00:20:58.400]  就是一種全人
[00:20:58.400 --> 00:21:00.400]  整個生命的生活裡面
[00:21:00.400 --> 00:21:02.400]  那種獻上
[00:21:02.400 --> 00:21:04.400]  而第二種獻上是什麼呢?
[00:21:04.400 --> 00:21:06.400]  就是在後面的第八第九節
[00:21:06.400 --> 00:21:07.400]  我們見到
[00:21:07.400 --> 00:21:10.400]  就是一種財物上的獻上
[00:21:10.400 --> 00:21:12.400]  這裡特別說
[00:21:12.400 --> 00:21:15.400]  一種狀況就是
[00:21:15.400 --> 00:21:17.400]  這群人
[00:21:17.400 --> 00:21:18.400]  第九節說
[00:21:18.400 --> 00:21:20.400]  你們全國上下
[00:21:20.400 --> 00:21:22.400]  都搶奪我的貢物
[00:21:22.400 --> 00:21:23.400]  就是說
[00:21:23.400 --> 00:21:25.400]  我們獻上禮物給神
[00:21:25.400 --> 00:21:28.400]  其實是應份的
[00:21:28.400 --> 00:21:29.400]  不過這裡
[00:21:29.400 --> 00:21:30.400]  正好說一個
[00:21:30.400 --> 00:21:31.400]  很特別的處境
[00:21:31.400 --> 00:21:33.400]  這裡是全國上下
[00:21:33.400 --> 00:21:35.400]  都一起去搶奪
[00:21:35.400 --> 00:21:37.400]  屬於上帝的貢物
[00:21:37.400 --> 00:21:38.400]  搶奪這個字
[00:21:38.400 --> 00:21:40.400]  在原文裡面的意思就是
[00:21:40.400 --> 00:21:41.400]  一種以暴力
[00:21:41.400 --> 00:21:43.400]  強行奪取的狀況
[00:21:43.400 --> 00:21:44.400]  也有一種
[00:21:44.400 --> 00:21:47.400]  偷走的意思
[00:21:47.400 --> 00:21:49.400]  知道什麼叫偷東西嗎?
[00:21:49.400 --> 00:21:50.400]  偷東西是什麼?
[00:21:50.400 --> 00:21:51.400]  那個東西不是你的
[00:21:51.400 --> 00:21:53.400]  你拿了就叫偷
[00:21:53.400 --> 00:21:55.400]  如果那個東西是我的
[00:21:55.400 --> 00:21:56.400]  我想拿回
[00:21:56.400 --> 00:21:57.400]  那是不是偷?
[00:21:57.400 --> 00:21:58.400]  不是
[00:21:58.400 --> 00:22:00.400]  現在神就說
[00:22:00.400 --> 00:22:02.400]  我想拿回自己的東西
[00:22:02.400 --> 00:22:05.400]  因為這個是我的貢物
[00:22:05.400 --> 00:22:07.400]  神說這些東西是我的
[00:22:07.400 --> 00:22:10.400]  我想拿回自己的東西
[00:22:10.400 --> 00:22:12.400]  神不是在你身上拿東西
[00:22:12.400 --> 00:22:13.400]  神是想拿回
[00:22:13.400 --> 00:22:15.400]  一些屬於他自己的東西
[00:22:15.400 --> 00:22:17.400]  但是他反而遭到什麼呢?
[00:22:17.400 --> 00:22:18.400]  那群以色列人
[00:22:18.400 --> 00:22:20.400]  就是他們上下一心
[00:22:20.400 --> 00:22:24.400]  去搶奪了屬於上帝的東西
[00:22:24.400 --> 00:22:26.400]  其實上帝要求我們的獻賞
[00:22:26.400 --> 00:22:27.400]  這裡特別說
[00:22:27.400 --> 00:22:30.400]  一些財物上的獻賞
[00:22:30.400 --> 00:22:33.400]  其實這些本來就是神自己的
[00:22:33.400 --> 00:22:35.400]  所以第八節不斷強調
[00:22:35.400 --> 00:22:38.400]  人豈可搶奪上帝呢?
[00:22:38.400 --> 00:22:40.400]  豈可搶奪我呢?
[00:22:40.400 --> 00:22:42.400]  就是豈可搶奪上帝
[00:22:42.400 --> 00:22:43.400]  當他們還說
[00:22:43.400 --> 00:22:44.400]  我什麼時候
[00:22:44.400 --> 00:22:46.400]  有搶奪過上帝的東西呢?
[00:22:46.400 --> 00:22:47.400]  那些是我的
[00:22:47.400 --> 00:22:48.400]  不是你的
[00:22:48.400 --> 00:22:50.400]  上帝說不是的
[00:22:50.400 --> 00:22:53.400]  這些當立的十分之一的奉獻和貢物
[00:22:53.400 --> 00:22:55.400]  都是我的
[00:22:55.400 --> 00:22:56.400]  這裡正正好說
[00:22:56.400 --> 00:22:57.400]  一種狀況就是
[00:22:57.400 --> 00:22:59.400]  上帝不單止要用人獻賞
[00:22:59.400 --> 00:23:02.400]  我們也用一些物質的表現
[00:23:02.400 --> 00:23:06.400]  去顯明我們願意為主去擺上
[00:23:06.400 --> 00:23:09.400]  事實上我們見到
[00:23:09.400 --> 00:23:12.400]  在聖經裡提過一些奉獻的功課
[00:23:12.400 --> 00:23:15.400]  希望我們可以了解一下
[00:23:15.400 --> 00:23:17.400]  其中關於奉獻的功課
[00:23:17.400 --> 00:23:20.400]  其中可以簡單來說分為三大類
[00:23:20.400 --> 00:23:22.400]  第一類是什麼呢?
[00:23:22.400 --> 00:23:25.400]  就是對利美人的奉獻
[00:23:25.400 --> 00:23:27.400]  就是第一個十一奉獻的概念
[00:23:27.400 --> 00:23:30.400]  就是在利美記裡說到
[00:23:30.400 --> 00:23:31.400]  要對利美人
[00:23:31.400 --> 00:23:34.400]  就是一群他們分別出來
[00:23:34.400 --> 00:23:36.400]  專心服侍神的人
[00:23:36.400 --> 00:23:38.400]  十二個支派
[00:23:38.400 --> 00:23:40.400]  十二個支派
[00:23:40.400 --> 00:23:42.400]  其中有十一個支派
[00:23:42.400 --> 00:23:44.400]  都可以有土地
[00:23:44.400 --> 00:23:46.400]  有自己的農作物
[00:23:46.400 --> 00:23:48.400]  有自己的產業
[00:23:48.400 --> 00:23:50.400]  有自己的牛牛羊羊
[00:23:50.400 --> 00:23:52.400]  有自己的生意
[00:23:52.400 --> 00:23:53.400]  什麼都可以
[00:23:53.400 --> 00:23:55.400]  但其中有一個支派
[00:23:55.400 --> 00:23:57.400]  他不可以有自己的土地
[00:23:57.400 --> 00:23:59.400]  當你剛剛最近在讀文書的時候
[00:23:59.400 --> 00:24:01.400]  你發現不斷強調什麼呢?
[00:24:01.400 --> 00:24:03.400]  利美人是分不了土地的
[00:24:03.400 --> 00:24:05.400]  他們一直都沒有分土地
[00:24:05.400 --> 00:24:07.400]  他們甚至乎就是
[00:24:07.400 --> 00:24:09.400]  他們代表著一群以色列人
[00:24:09.400 --> 00:24:11.400]  成為了代表他們的一份子
[00:24:11.400 --> 00:24:15.400]  去將他們的藍丁獻上給神
[00:24:15.400 --> 00:24:17.400]  專心服侍神
[00:24:17.400 --> 00:24:19.400]  以致十一個支派不用派人
[00:24:19.400 --> 00:24:22.400]  來在聖殿或會幕裡服侍神
[00:24:22.400 --> 00:24:25.400]  所以對利美人要奉獻
[00:24:25.400 --> 00:24:27.400]  因為要照顧這群
[00:24:27.400 --> 00:24:29.400]  代表他們去服侍神的人
[00:24:29.400 --> 00:24:31.400]  第二個十一奉獻
[00:24:31.400 --> 00:24:33.400]  就是在靜夏裡
[00:24:33.400 --> 00:24:36.400]  要獻上一種殿捐或會幕
[00:24:36.400 --> 00:24:38.400]  因為你知道那裡說
[00:24:38.400 --> 00:24:41.400]  在會幕裡或聖殿的建立裡
[00:24:41.400 --> 00:24:43.400]  都有很多燈油火蠟
[00:24:43.400 --> 00:24:45.400]  很多維修 很多物資
[00:24:45.400 --> 00:24:47.400]  很多物料
[00:24:47.400 --> 00:24:49.400]  你要換油換燈
[00:24:49.400 --> 00:24:51.400]  很多東西
[00:24:51.400 --> 00:24:54.400]  以色列人都要對聖殿裡
[00:24:54.400 --> 00:24:57.400]  或會幕裡都要獻上
[00:24:57.400 --> 00:25:01.400]  以致能夠維持物資上的需要
[00:25:01.400 --> 00:25:03.400]  第三類的十一
[00:25:03.400 --> 00:25:07.400]  就是在有需要的人身上
[00:25:07.400 --> 00:25:09.400]  獻上一些詞彙
[00:25:09.400 --> 00:25:10.400]  一些幫助
[00:25:10.400 --> 00:25:13.400]  特別幫助窮困的孤兒寡婦
[00:25:13.400 --> 00:25:15.400]  讓他們在生命裡
[00:25:15.400 --> 00:25:19.400]  能夠得到一些愛心的關懷
[00:25:19.400 --> 00:25:21.400]  所以其實聖經裡說
[00:25:21.400 --> 00:25:23.400]  好幾個不同的十一奉獻
[00:25:23.400 --> 00:25:25.400]  但無論說哪一個都好
[00:25:25.400 --> 00:25:27.400]  重點就是說
[00:25:27.400 --> 00:25:29.400]  這些本來就是神
[00:25:29.400 --> 00:25:31.400]  這些本來就是神
[00:25:31.400 --> 00:25:34.400]  本來就應該物歸原主
[00:25:34.400 --> 00:25:37.400]  就要去給神自己
[00:25:37.400 --> 00:25:40.400]  所以其實神就是要求我們
[00:25:40.400 --> 00:25:44.400]  去學習將一些屬神的東西
[00:25:44.400 --> 00:25:45.400]  給神
[00:25:45.400 --> 00:25:47.400]  物歸原主
[00:25:47.400 --> 00:25:48.400]  就是這麼簡單
[00:25:48.400 --> 00:25:50.400]  一個這樣的功課
[00:25:50.400 --> 00:25:53.400]  但很多時候我們知道
[00:25:53.400 --> 00:25:55.400]  實況是什麼呢
[00:25:55.400 --> 00:25:56.400]  在這裡說
[00:25:56.400 --> 00:25:58.400]  Nice people rob God
[00:25:58.400 --> 00:26:00.400]  很多時候我們都會
[00:26:00.400 --> 00:26:02.400]  在生活裡不知不覺
[00:26:02.400 --> 00:26:04.400]  做好人之餘
[00:26:04.400 --> 00:26:06.400]  我們會搶奪上帝
[00:26:06.400 --> 00:26:08.400]  我們掛著一些很好聽的理由
[00:26:08.400 --> 00:26:10.400]  去搶奪上帝的東西
[00:26:10.400 --> 00:26:13.400]  而這些理由聽起來都很舒服
[00:26:13.400 --> 00:26:16.400]  在我信主年輕的日子裡
[00:26:16.400 --> 00:26:17.400]  我都聽過一個叫
[00:26:17.400 --> 00:26:18.400]  十個蘋果的故事
[00:26:18.400 --> 00:26:20.400]  大家聽過十個蘋果的故事嗎
[00:26:20.400 --> 00:26:21.400]  沒聽過吧
[00:26:21.400 --> 00:26:22.400]  十個蘋果的故事裡
[00:26:22.400 --> 00:26:23.400]  就是說有一個人
[00:26:23.400 --> 00:26:27.400]  他擁有了十個蘋果
[00:26:27.400 --> 00:26:28.400]  上帝祝福他
[00:26:28.400 --> 00:26:29.400]  讓他擁有十個蘋果
[00:26:29.400 --> 00:26:31.400]  上帝跟他說
[00:26:31.400 --> 00:26:33.400]  你獻一個給我就行了
[00:26:33.400 --> 00:26:34.400]  而這個人當時說好啊
[00:26:34.400 --> 00:26:37.400]  接著他望一望這十個蘋果
[00:26:37.400 --> 00:26:38.400]  他想一想
[00:26:38.400 --> 00:26:40.400]  我要租地方住
[00:26:40.400 --> 00:26:43.400]  我都要花蘋果去換這個地方
[00:26:43.400 --> 00:26:45.400]  於是他就想一想
[00:26:45.400 --> 00:26:46.400]  他將三個蘋果
[00:26:46.400 --> 00:26:49.400]  拿去交租供樓
[00:26:49.400 --> 00:26:51.400]  接著他又想一想
[00:26:51.400 --> 00:26:52.400]  我都要吃的
[00:26:52.400 --> 00:26:54.400]  我都有生活需要
[00:26:54.400 --> 00:26:56.400]  我都要確保不會餓死
[00:26:56.400 --> 00:26:58.400]  於是他又想
[00:26:58.400 --> 00:27:00.400]  我就將三個蘋果
[00:27:00.400 --> 00:27:03.400]  拿去生活裡飲飲食食
[00:27:03.400 --> 00:27:05.400]  接著再望一望
[00:27:05.400 --> 00:27:06.400]  不是啊
[00:27:06.400 --> 00:27:09.400]  我還要買保險
[00:27:09.400 --> 00:27:12.400]  還有很多要去旅行
[00:27:12.400 --> 00:27:14.400]  又要買漂亮的衣服
[00:27:14.400 --> 00:27:18.400]  有空又要出去娛樂一下
[00:27:18.400 --> 00:27:21.400]  這三個蘋果
[00:27:21.400 --> 00:27:25.400]  我就拿去學玩去玩
[00:27:25.400 --> 00:27:26.400]  當他想完之後
[00:27:26.400 --> 00:27:28.400]  然後分配好了
[00:27:28.400 --> 00:27:30.400]  接著他再望一望
[00:27:30.400 --> 00:27:33.400]  只有一個蘋果剩下
[00:27:33.400 --> 00:27:34.400]  只有一個蘋果剩下
[00:27:34.400 --> 00:27:36.400]  現在神就要我一個蘋果
[00:27:36.400 --> 00:27:39.400]  神不就是拿了我八分之八
[00:27:39.400 --> 00:27:40.400]  於是他就說
[00:27:40.400 --> 00:27:41.400]  神說不行
[00:27:41.400 --> 00:27:43.400]  你拿我八分之八
[00:27:43.400 --> 00:27:45.400]  你拿我全部剩下
[00:27:45.400 --> 00:27:47.400]  所以我不能夠給你
[00:27:47.400 --> 00:27:48.400]  就是這樣
[00:27:48.400 --> 00:27:49.400]  他本來答應了神
[00:27:49.400 --> 00:27:51.400]  給其中一個蘋果給他
[00:27:51.400 --> 00:27:52.400]  於是最後
[00:27:52.400 --> 00:27:55.400]  他一個蘋果都沒有給神
[00:27:55.400 --> 00:27:57.400]  是不是有時候都是這樣
[00:27:57.400 --> 00:27:58.400]  我們的優先次序
[00:27:58.400 --> 00:28:01.400]  放在這些東西
[00:28:01.400 --> 00:28:02.400]  分了在外生活
[00:28:02.400 --> 00:28:04.400]  分了這個分了那個
[00:28:04.400 --> 00:28:05.400]  最後才望回
[00:28:05.400 --> 00:28:08.400]  本來要獻給神的那個蘋果
[00:28:08.400 --> 00:28:09.400]  才望回
[00:28:09.400 --> 00:28:11.400]  神你好像拿了我很多
[00:28:11.400 --> 00:28:12.400]  其實有時候
[00:28:12.400 --> 00:28:14.400]  我們的優先次序的排列錯誤
[00:28:14.400 --> 00:28:16.400]  正好令我們有時候
[00:28:16.400 --> 00:28:20.400]  去學做奉獻很艱難
[00:28:20.400 --> 00:28:22.400]  但其實一開始
[00:28:22.400 --> 00:28:24.400]  上帝說你有十個
[00:28:24.400 --> 00:28:27.400]  你拿一個獻給我
[00:28:27.400 --> 00:28:29.400]  其實我們應該怎樣做呢
[00:28:29.400 --> 00:28:31.400]  應該先獻這個蘋果給上帝
[00:28:31.400 --> 00:28:32.400]  接著想想
[00:28:32.400 --> 00:28:33.400]  只有九個蘋果
[00:28:33.400 --> 00:28:37.400]  其實我少看一場戲都可以
[00:28:37.400 --> 00:28:39.400]  一年都去幾次旅行
[00:28:39.400 --> 00:28:43.400]  少去一次都可以
[00:28:43.400 --> 00:28:45.400]  家裡那麼多衣服
[00:28:45.400 --> 00:28:46.400]  還要買衣服
[00:28:46.400 --> 00:28:49.400]  少買幾件都可以
[00:28:49.400 --> 00:28:50.400]  其實你這樣
[00:28:50.400 --> 00:28:52.400]  調節了優先次序
[00:28:52.400 --> 00:28:53.400]  你會發現
[00:28:53.400 --> 00:28:57.400]  剩下的蘋果也夠用
[00:28:57.400 --> 00:28:59.400]  有時候就是這樣
[00:28:59.400 --> 00:29:01.400]  是我們奪取上帝
[00:29:01.400 --> 00:29:03.400]  用一個很好的理由
[00:29:03.400 --> 00:29:05.400]  不過原來我們的優先次序錯了
[00:29:05.400 --> 00:29:07.400]  令到我們本來是上帝的東西
[00:29:07.400 --> 00:29:09.400]  我們給不回上帝
[00:29:09.400 --> 00:29:11.400]  所以我自己奉獻的習慣
[00:29:11.400 --> 00:29:15.400]  就是月頭已經做奉獻
[00:29:15.400 --> 00:29:17.400]  因為我知道月頭做了奉獻之後
[00:29:17.400 --> 00:29:19.400]  我就將我剩下的錢
[00:29:19.400 --> 00:29:20.400]  在剩下的錢裡
[00:29:20.400 --> 00:29:21.400]  想想怎樣去花
[00:29:21.400 --> 00:29:23.400]  怎樣去渡過
[00:29:23.400 --> 00:29:25.400]  就不是去到月尾
[00:29:25.400 --> 00:29:27.400]  才想想再做不做奉獻
[00:29:27.400 --> 00:29:29.400]  有時候我們就是這樣
[00:29:29.400 --> 00:29:31.400]  去奪取了上帝的東西
[00:29:31.400 --> 00:29:33.400]  而且這種奪取
[00:29:33.400 --> 00:29:35.400]  甚至成為了一種問題
[00:29:35.400 --> 00:29:38.400]  一種我們信仰根基的問題
[00:29:38.400 --> 00:29:41.400]  這本書叫為何教會不像樣
[00:29:41.400 --> 00:29:46.400]  是陳希希牧師所寫的一本書
[00:29:46.400 --> 00:29:48.400]  當中其中有一課
[00:29:48.400 --> 00:29:52.400]  講到有關金錢觀的兩個基本真理
[00:29:52.400 --> 00:29:54.400]  兩個真理說什麼呢
[00:29:54.400 --> 00:30:00.400]  第一 神就是萬有的主宰
[00:30:00.400 --> 00:30:03.400]  問題是我們是否相信一切是屬於神的呢
[00:30:03.400 --> 00:30:09.400]  第二 祂擁有一切
[00:30:09.400 --> 00:30:11.400]  祂必然看顧我們
[00:30:11.400 --> 00:30:13.400]  既然你相信神是創造萬有的
[00:30:13.400 --> 00:30:15.400]  祂又擁有一切
[00:30:15.400 --> 00:30:17.400]  一切的需要祂都會看顧你
[00:30:17.400 --> 00:30:20.400]  但是為什麼我們走不到信心那一步
[00:30:20.400 --> 00:30:22.400]  去將當立的獻給神呢
[00:30:22.400 --> 00:30:26.400]  陳希希牧師說
[00:30:26.400 --> 00:30:30.400]  這可能源於我們對神的不相信
[00:30:30.400 --> 00:30:33.400]  我們不相信神真是萬有的主宰
[00:30:33.400 --> 00:30:36.400]  我們也不相信神真是看顧你
[00:30:36.400 --> 00:30:38.400]  照顧你生活所需
[00:30:38.400 --> 00:30:43.400]  所以今天我們會對著神怎麼說呢
[00:30:43.400 --> 00:30:45.400]  我們說 神啊 我的收入微薄
[00:30:45.400 --> 00:30:48.400]  我還要供養父母 養育兒女
[00:30:48.400 --> 00:30:50.400]  神啊 祢不會不足夠的
[00:30:50.400 --> 00:30:52.400]  但是我不足夠
[00:30:52.400 --> 00:30:54.400]  神啊 祢不需要衣食住行
[00:30:54.400 --> 00:30:56.400]  但是我需要
[00:30:56.400 --> 00:30:58.400]  神啊 祢不是負資產
[00:30:58.400 --> 00:31:00.400]  但是我是負資產
[00:31:00.400 --> 00:31:04.400]  因此暫時我不能奉獻
[00:31:04.400 --> 00:31:06.400]  當我安頓好一切
[00:31:06.400 --> 00:31:08.400]  安排好生活之後
[00:31:08.400 --> 00:31:10.400]  有多的我再給你
[00:31:10.400 --> 00:31:12.400]  陳希希牧師說
[00:31:12.400 --> 00:31:16.400]  我們有時信仰裏面就是對神不信的狀況
[00:31:16.400 --> 00:31:21.400]  以致我們今天在物質上獻給神
[00:31:21.400 --> 00:31:23.400]  都成為了我們那種困難
[00:31:23.400 --> 00:31:26.400]  甚至成為了信仰裏面的糾結
[00:31:26.400 --> 00:31:30.400]  令我們和神顯得格格不入
[00:31:30.400 --> 00:31:36.400]  有一個美國浸信會的牧師
[00:31:36.400 --> 00:31:38.400]  不知道你有沒有聽過他
[00:31:38.400 --> 00:31:42.400]  這個牧師叫Isaac Barton
[00:31:42.400 --> 00:31:45.400]  這位浸信會的牧師
[00:31:45.400 --> 00:31:49.400]  是一位美國的牧師
[00:31:49.400 --> 00:31:53.400]  是1826年至1902年的人物
[00:31:53.400 --> 00:31:55.400]  已經過了西班牙天家
[00:31:55.400 --> 00:31:57.400]  他說很多年前
[00:31:57.400 --> 00:32:00.400]  他為神學院募捐
[00:32:00.400 --> 00:32:04.400]  很多神學院其實都沒有錢的
[00:32:04.400 --> 00:32:07.400]  而經費或者照顧神學生的錢
[00:32:07.400 --> 00:32:11.400]  都是像剛才說的那些第三個十分之一
[00:32:11.400 --> 00:32:13.400]  一些慈惠的方式
[00:32:13.400 --> 00:32:15.400]  靠別人捐助的方式
[00:32:15.400 --> 00:32:17.400]  才能夠營運到一些神學院
[00:32:17.400 --> 00:32:23.400]  這位美國牧師為了神學院去募捐
[00:32:23.400 --> 00:32:26.400]  於是他去到不同的地方
[00:32:26.400 --> 00:32:29.400]  其中有一次在半路中途
[00:32:29.400 --> 00:32:33.400]  他遇到兩個持槍匪徒
[00:32:33.400 --> 00:32:39.400]  持槍匪徒叫他將所有錢交出來
[00:32:39.400 --> 00:32:43.400]  而牧師從馬背上下來
[00:32:43.400 --> 00:32:46.400]  因為當時不是駕駛私家車
[00:32:46.400 --> 00:32:48.400]  當時的年代騎馬
[00:32:48.400 --> 00:32:51.400]  於是牧師從馬背上下來
[00:32:51.400 --> 00:32:56.400]  將一個大的和一個小的錢包放在路邊
[00:32:56.400 --> 00:32:59.400]  對這兩個匪徒說
[00:32:59.400 --> 00:33:03.400]  先生我是浸信會的牧師
[00:33:03.400 --> 00:33:06.400]  我的任務是來走遍田納西州
[00:33:06.400 --> 00:33:11.400]  為了訓練年輕的傳道人的神學院
[00:33:11.400 --> 00:33:13.400]  去募集一些款項
[00:33:13.400 --> 00:33:18.400]  小包的錢是我的
[00:33:18.400 --> 00:33:20.400]  你儘管拿去
[00:33:20.400 --> 00:33:30.400]  大包的錢是為了有困難的神學生準備的生活費
[00:33:30.400 --> 00:33:32.400]  你敢不敢接受
[00:33:32.400 --> 00:33:35.400]  就這樣問他
[00:33:35.400 --> 00:33:37.400]  於是那兩個匪徒聽完之後
[00:33:37.400 --> 00:33:39.400]  他敢不敢接受呢
[00:33:39.400 --> 00:33:43.400]  當時這兩個匪徒和牧師聊天
[00:33:43.400 --> 00:33:47.400]  開始問他為何神學院需要這些經費
[00:33:47.400 --> 00:33:50.400]  關於這些神學院籌募經費的事情
[00:33:50.400 --> 00:33:52.400]  而牧師就和他解釋
[00:33:52.400 --> 00:33:56.400]  和他解釋那些錢是怎樣
[00:33:56.400 --> 00:33:58.400]  接著聽完解釋之後
[00:33:58.400 --> 00:34:01.400]  那兩個匪徒就決定甚麼呢
[00:34:01.400 --> 00:34:06.400]  他們決定不會去拿那兩包錢
[00:34:06.400 --> 00:34:08.400]  兩包錢都不拿
[00:34:08.400 --> 00:34:12.400]  故事是不是完結了
[00:34:12.400 --> 00:34:14.400]  還未完結
[00:34:14.400 --> 00:34:17.400]  接著牧師就說你們都是善良的人
[00:34:17.400 --> 00:34:19.400]  多謝你們的好意
[00:34:19.400 --> 00:34:21.400]  既然你們都聽了這麼久
[00:34:21.400 --> 00:34:24.400]  你們都知道我所做的工作是甚麼
[00:34:24.400 --> 00:34:27.400]  那你們現在是否要做些奉獻呢
[00:34:27.400 --> 00:34:33.400]  接著那兩個匪徒
[00:34:33.400 --> 00:34:36.400]  每人各自奉獻了五元美金
[00:34:36.400 --> 00:34:38.400]  牧師就放他們走
[00:34:43.400 --> 00:34:45.400]  這個是很真實的
[00:34:45.400 --> 00:34:47.400]  你上網找到這個見證
[00:34:47.400 --> 00:34:52.400]  連匪徒都不敢奪神學院這些錢
[00:34:52.400 --> 00:34:54.400]  因為這些是屬神的
[00:34:54.400 --> 00:34:56.400]  但這群以色列的百姓
[00:34:56.400 --> 00:35:00.400]  他們竟然上下一心
[00:35:00.400 --> 00:35:05.400]  上梁下梁一起欺騙搶奪屬於上帝的物品
[00:35:05.400 --> 00:35:08.400]  所以這裏正正好說一個很重要的事情
[00:35:08.400 --> 00:35:10.400]  就是神的要求很簡單
[00:35:10.400 --> 00:35:13.400]  我們身心財物都是屬於上帝的
[00:35:13.400 --> 00:35:17.400]  我們只需要將這些屬於上帝的物品獻給上帝
[00:35:17.400 --> 00:35:20.400]  當然有時候我們信耶穌很可愛
[00:35:20.400 --> 00:35:23.400]  我們覺得好像神要這樣要那樣
[00:35:23.400 --> 00:35:25.400]  但我們不要誤會
[00:35:25.400 --> 00:35:28.400]  剛才說過這些物品本身是屬神的
[00:35:28.400 --> 00:35:32.400]  而這個獻上的目的只有一個
[00:35:32.400 --> 00:35:34.400]  就是要祝福你
[00:35:34.400 --> 00:35:37.400]  就是要祝福你
[00:35:37.400 --> 00:35:39.400]  不自滅亡反得永生
[00:35:39.400 --> 00:35:41.400]  不自滅亡要得祝福
[00:35:41.400 --> 00:35:44.400]  所以第十至十二節就說出
[00:35:44.400 --> 00:35:46.400]  上帝要我們獻上的目的
[00:35:46.400 --> 00:35:48.400]  要讓我們蒙福
[00:35:48.400 --> 00:35:51.400]  我們一起讀讀第十至十二節
[00:35:51.400 --> 00:35:52.400]  開始
[00:35:52.400 --> 00:35:55.400]  你們要將當立的十分之一
[00:35:55.400 --> 00:35:57.400]  全然送入倉庫
[00:35:57.400 --> 00:35:58.400]  使我家有糧
[00:35:58.400 --> 00:36:00.400]  以此試試我
[00:36:00.400 --> 00:36:03.400]  是否為你們闖開天上的窗戶
[00:36:03.400 --> 00:36:05.400]  傾福於你們
[00:36:05.400 --> 00:36:07.400]  甚至無處可用
[00:36:07.400 --> 00:36:09.400]  這是耶和華說的
[00:36:09.400 --> 00:36:12.400]  我必為你們斥責蝗蟲
[00:36:12.400 --> 00:36:15.400]  不用它毀壞你們的土產
[00:36:15.400 --> 00:36:19.400]  你們田間的桃桃樹果實未熟已鮮
[00:36:19.400 --> 00:36:21.400]  也不會掉落
[00:36:21.400 --> 00:36:24.400]  這是萬君之耶和華說的
[00:36:24.400 --> 00:36:27.400]  萬國必稱你們為有福的
[00:36:27.400 --> 00:36:30.400]  因為你們必成為喜樂之地
[00:36:30.400 --> 00:36:33.400]  這是萬君之耶和華說的
[00:36:33.400 --> 00:36:37.400]  這裡十至十二節正好說出
[00:36:37.400 --> 00:36:39.400]  上帝的目的心意
[00:36:39.400 --> 00:36:42.400]  就是要讓我們成為一個蒙福的生命
[00:36:42.400 --> 00:36:45.400]  這裡的福氣有三種
[00:36:45.400 --> 00:36:47.400]  哪三種呢?
[00:36:47.400 --> 00:36:51.400]  第一就是屬天的福氣
[00:36:51.400 --> 00:36:54.400]  這裡說到為你們闖開天上的窗戶
[00:36:54.400 --> 00:36:57.400]  傾福於你們無處可用
[00:36:57.400 --> 00:37:00.400]  剛剛最近香港有黑雨
[00:37:00.400 --> 00:37:04.400]  雨多得水浸 路堵塞
[00:37:04.400 --> 00:37:09.400]  地庫整層都沒了
[00:37:09.400 --> 00:37:12.400]  原來神可以降雨
[00:37:12.400 --> 00:37:14.400]  有不同的雨可以降下來
[00:37:14.400 --> 00:37:17.400]  所以你記得在創世紀裡
[00:37:17.400 --> 00:37:20.400]  是不是有一次下很大雨
[00:37:20.400 --> 00:37:22.400]  是不是下到不停
[00:37:22.400 --> 00:37:24.400]  是不是下到滿社
[00:37:24.400 --> 00:37:28.400]  是不是下到連方舟都載得起
[00:37:28.400 --> 00:37:33.400]  原來上帝肯開天上的窗
[00:37:33.400 --> 00:37:35.400]  雨可以下到滿社
[00:37:35.400 --> 00:37:38.400]  神就藉著這個片段
[00:37:38.400 --> 00:37:39.400]  回憶給他們知道
[00:37:39.400 --> 00:37:42.400]  如果上帝開的不是雨水
[00:37:42.400 --> 00:37:46.400]  如果上帝開的窗是開了福的窗
[00:37:46.400 --> 00:37:47.400]  那怎麼辦?
[00:37:47.400 --> 00:37:48.400]  掉下來
[00:37:48.400 --> 00:37:50.400]  你一開始以為是綠福
[00:37:50.400 --> 00:37:52.400]  接著變成黃福
[00:37:52.400 --> 00:37:54.400]  接著紅福
[00:37:54.400 --> 00:37:55.400]  接著黑福
[00:37:55.400 --> 00:38:00.400]  就是滿到社
[00:38:00.400 --> 00:38:02.400]  可以滿到社的福氣
[00:38:02.400 --> 00:38:04.400]  神就在這裡說
[00:38:04.400 --> 00:38:07.400]  原來真是水浸眼眉
[00:38:07.400 --> 00:38:10.400]  多到浸了你整個人都可以
[00:38:10.400 --> 00:38:11.400]  上帝的福氣
[00:38:11.400 --> 00:38:13.400]  但是這個福氣從哪裡來呢?
[00:38:13.400 --> 00:38:16.400]  從天上敞開
[00:38:16.400 --> 00:38:19.400]  所以這裡正正好是一個畫面
[00:38:19.400 --> 00:38:21.400]  原來神要給我們的
[00:38:21.400 --> 00:38:24.400]  是一種屬天的福氣
[00:38:24.400 --> 00:38:25.400]  神而來的福氣
[00:38:25.400 --> 00:38:29.400]  以至我們每一個願意獻上的人
[00:38:29.400 --> 00:38:32.400]  都是成為蒙福之人
[00:38:32.400 --> 00:38:35.400]  看到的不是一般的景象
[00:38:35.400 --> 00:38:38.400]  而是一種不是從天上來
[00:38:38.400 --> 00:38:40.400]  都不會發生的景象
[00:38:40.400 --> 00:38:42.400]  那種福氣是超越了
[00:38:42.400 --> 00:38:43.400]  你所能夠理解
[00:38:43.400 --> 00:38:44.400]  你所期待
[00:38:44.400 --> 00:38:46.400]  你所計算的
[00:38:46.400 --> 00:38:48.400]  問題是你相不相信
[00:38:48.400 --> 00:38:50.400]  可以真的大到這樣呢?
[00:38:50.400 --> 00:38:54.400]  原來神就說祂要大大的賜福給我們
[00:38:54.400 --> 00:38:57.400]  不只是天上要很多福氣降臨
[00:38:57.400 --> 00:38:58.400]  而這些福氣
[00:38:58.400 --> 00:38:59.400]  當來到地上的時候
[00:38:59.400 --> 00:39:02.400]  成為我們能夠肉眼見得到的
[00:39:02.400 --> 00:39:04.400]  地上的福氣
[00:39:04.400 --> 00:39:07.400]  地上的福氣是什麼呢?
[00:39:07.400 --> 00:39:09.400]  我必為你們斥責蝗蟲
[00:39:09.400 --> 00:39:12.400]  不容他毀壞你們的土產
[00:39:12.400 --> 00:39:15.400]  你們田間的葡萄樹果實未熟
[00:39:15.400 --> 00:39:16.400]  以先也不會掉落
[00:39:16.400 --> 00:39:19.400]  當時他們的困難
[00:39:19.400 --> 00:39:21.400]  就是可能面對一些饑荒
[00:39:21.400 --> 00:39:23.400]  但上帝說不是的
[00:39:23.400 --> 00:39:25.400]  上帝容讓你有充足的雨水
[00:39:25.400 --> 00:39:28.400]  讓你的土產能夠生長
[00:39:28.400 --> 00:39:30.400]  你們不需要擔心
[00:39:30.400 --> 00:39:33.400]  你們吃不夠、著不暖
[00:39:33.400 --> 00:39:35.400]  所以當這裡說
[00:39:35.400 --> 00:39:38.400]  如果有蝗蟲上來襲擊你們的話
[00:39:38.400 --> 00:39:39.400]  因為事實上你見得到
[00:39:39.400 --> 00:39:42.400]  聖經裡面說了很多蝗蟲成為災害
[00:39:42.400 --> 00:39:45.400]  其中《若爾書》就說到蝗蟲
[00:39:45.400 --> 00:39:48.400]  他說神都會為你斥責這些蝗蟲
[00:39:48.400 --> 00:39:50.400]  責備他們
[00:39:50.400 --> 00:39:52.400]  以至這些蝗蟲都要轉頭走
[00:39:52.400 --> 00:39:55.400]  不會毀壞你們的土地
[00:39:55.400 --> 00:39:59.400]  你們的財產得到保護
[00:39:59.400 --> 00:40:02.400]  接著你田間的葡萄
[00:40:02.400 --> 00:40:04.400]  真的要成熟的時候
[00:40:04.400 --> 00:40:05.400]  才會掉下來
[00:40:05.400 --> 00:40:07.400]  成熟代表什麼?
[00:40:07.400 --> 00:40:10.400]  就能夠賣到很價錢的葡萄
[00:40:10.400 --> 00:40:13.400]  最大、最漂亮、最合味道的
[00:40:13.400 --> 00:40:15.400]  已經成熟、甜的
[00:40:15.400 --> 00:40:18.400]  才會收割
[00:40:18.400 --> 00:40:21.400]  不會掉下來、浪費
[00:40:21.400 --> 00:40:25.400]  原來神給我們地上的福氣是這樣的
[00:40:25.400 --> 00:40:28.400]  今天不知道你有沒有這樣的經歷
[00:40:28.400 --> 00:40:32.400]  有時候無端端沒有了錢
[00:40:32.400 --> 00:40:35.400]  有時候也會這樣
[00:40:35.400 --> 00:40:39.400]  有時候無端端壞這個壞那個
[00:40:39.400 --> 00:40:40.400]  又要花錢
[00:40:40.400 --> 00:40:42.400]  又要弄這個弄那個又要花錢
[00:40:42.400 --> 00:40:45.400]  無端端有什麼單又發給你又要花錢
[00:40:45.400 --> 00:40:47.400]  無端端掉了東西又不見
[00:40:47.400 --> 00:40:49.400]  又要買東西又要花錢
[00:40:49.400 --> 00:40:51.400]  你發現我們有時候
[00:40:51.400 --> 00:40:53.400]  可以隨時隨地都有一些
[00:40:53.400 --> 00:40:56.400]  所謂的蝗蟲在我們身邊經過
[00:40:56.400 --> 00:40:58.400]  侵蝕我們的財富
[00:40:58.400 --> 00:41:01.400]  但如果上帝保護你
[00:41:01.400 --> 00:41:03.400]  你不用擔心
[00:41:03.400 --> 00:41:05.400]  上帝保護你
[00:41:05.400 --> 00:41:06.400]  那個賊在你旁邊
[00:41:06.400 --> 00:41:09.400]  上帝都斥責他要離開
[00:41:09.400 --> 00:41:12.400]  地上的福氣是滿滿的
[00:41:12.400 --> 00:41:15.400]  不單止這樣
[00:41:15.400 --> 00:41:17.400]  第三個他說的是什麼呢?
[00:41:17.400 --> 00:41:19.400]  他說你們是稱為有福的
[00:41:19.400 --> 00:41:20.400]  為什麼呢?
[00:41:20.400 --> 00:41:22.400]  你們的福氣還會淋到
[00:41:22.400 --> 00:41:26.400]  你們裡面成為喜樂之地
[00:41:26.400 --> 00:41:28.400]  喜樂之地
[00:41:28.400 --> 00:41:29.400]  喜樂是什麼?
[00:41:29.400 --> 00:41:31.400]  喜樂不是一種物質
[00:41:31.400 --> 00:41:33.400]  是在心靈裡面的
[00:41:33.400 --> 00:41:35.400]  原來我們的心靈裡面
[00:41:35.400 --> 00:41:37.400]  都得到一份滿足
[00:41:37.400 --> 00:41:40.400]  一份喜樂讓我們生命裡面
[00:41:40.400 --> 00:41:42.400]  不是一個憂愁裡面
[00:41:42.400 --> 00:41:44.400]  所以你聽了很久
[00:41:44.400 --> 00:41:46.400]  《肥辣比書》很多課
[00:41:46.400 --> 00:41:49.400]  應該都記得什麼叫喜樂
[00:41:49.400 --> 00:41:52.400]  所以你們要喜樂
[00:41:52.400 --> 00:41:54.400]  你們要經歷喜樂
[00:41:54.400 --> 00:41:56.400]  你們要經歷心靈那種福氣
[00:41:56.400 --> 00:41:58.400]  才由你們去學習
[00:41:58.400 --> 00:42:00.400]  去放上海錢
[00:42:00.400 --> 00:42:02.400]  事實上喜樂
[00:42:02.400 --> 00:42:05.400]  這種狀況並不一定
[00:42:05.400 --> 00:42:08.400]  需要和錢有關係
[00:42:08.400 --> 00:42:10.400]  今天我們誤會了
[00:42:10.400 --> 00:42:12.400]  我們要經歷喜樂的生命
[00:42:12.400 --> 00:42:14.400]  一定要很多財產
[00:42:14.400 --> 00:42:16.400]  很多物質的豐富
[00:42:16.400 --> 00:42:17.400]  其實不是
[00:42:17.400 --> 00:42:19.400]  而是我們在神的裡面
[00:42:19.400 --> 00:42:22.400]  我們可以經歷那種喜樂
[00:42:22.400 --> 00:42:24.400]  剛剛在星期三
[00:42:24.400 --> 00:42:26.400]  我們又有我們的團契
[00:42:26.400 --> 00:42:28.400]  星期三我們的迦勒團契
[00:42:28.400 --> 00:42:30.400]  我們都有很好的時光
[00:42:30.400 --> 00:42:34.400]  當中黃太跟我說了一些話
[00:42:34.400 --> 00:42:36.400]  黃太捉住我跟我說
[00:42:36.400 --> 00:42:38.400]  我真的很開心
[00:42:38.400 --> 00:42:40.400]  每個星期三的團契
[00:42:40.400 --> 00:42:42.400]  他說很開心
[00:42:42.400 --> 00:42:44.400]  他玩得很開心
[00:42:44.400 --> 00:42:46.400]  我們每個星期三的團契
[00:42:46.400 --> 00:42:48.400]  沒有賭錢
[00:42:48.400 --> 00:42:50.400]  不會賭錢
[00:42:50.400 --> 00:42:52.400]  不用有錢人瓜葛
[00:42:52.400 --> 00:42:54.400]  但我們一起聽聖經
[00:42:54.400 --> 00:42:56.400]  吃東西
[00:42:56.400 --> 00:42:58.400]  一起玩遊戲
[00:42:58.400 --> 00:43:00.400]  很開心
[00:43:00.400 --> 00:43:02.400]  如果你打麻將
[00:43:02.400 --> 00:43:05.400]  輸了,整晚都睡不著
[00:43:05.400 --> 00:43:07.400]  不服氣
[00:43:07.400 --> 00:43:10.400]  但如果一群弟兄姊妹相交
[00:43:10.400 --> 00:43:11.400]  神給你一種福氣
[00:43:11.400 --> 00:43:13.400]  一種相交的生命
[00:43:13.400 --> 00:43:14.400]  你走在一起
[00:43:14.400 --> 00:43:16.400]  輸也開心
[00:43:16.400 --> 00:43:19.400]  輸也開心
[00:43:19.400 --> 00:43:21.400]  你看到下面的幅圖
[00:43:21.400 --> 00:43:24.400]  就是黃太和幾位姊妹
[00:43:24.400 --> 00:43:26.400]  一起玩潛烏龜
[00:43:26.400 --> 00:43:28.400]  玩潛烏龜
[00:43:28.400 --> 00:43:31.400]  師母輸得最多
[00:43:31.400 --> 00:43:33.400]  成為了龜王
[00:43:33.400 --> 00:43:35.400]  龜后
[00:43:35.400 --> 00:43:37.400]  成為了龜后
[00:43:37.400 --> 00:43:38.400]  輸得最多
[00:43:38.400 --> 00:43:40.400]  輸了三次
[00:43:40.400 --> 00:43:44.400]  但他們四個人都不停地笑
[00:43:44.400 --> 00:43:47.400]  輸了都可以笑得出聲
[00:43:47.400 --> 00:43:51.400]  因為我們有心靈的喜樂和滿足
[00:43:51.400 --> 00:43:54.400]  弟兄姊妹
[00:43:54.400 --> 00:43:57.400]  我們不要被物質限制
[00:43:57.400 --> 00:44:00.400]  但同時上帝也要祝福我們物質
[00:44:00.400 --> 00:44:02.400]  我們不要只想著物質
[00:44:02.400 --> 00:44:05.400]  我們想著天上的福氣
[00:44:05.400 --> 00:44:08.400]  所以很重要
[00:44:08.400 --> 00:44:12.400]  原來上帝本意就是要我們去蒙福
[00:44:12.400 --> 00:44:14.400]  所以今天我想去澄清
[00:44:14.400 --> 00:44:15.400]  很多人都說
[00:44:15.400 --> 00:44:17.400]  基督徒要去做十一奉獻
[00:44:17.400 --> 00:44:18.400]  因為事實上這段聖經
[00:44:18.400 --> 00:44:20.400]  是和十一奉獻有關
[00:44:20.400 --> 00:44:22.400]  很多時候都說
[00:44:22.400 --> 00:44:24.400]  十一奉獻是一種責任
[00:44:24.400 --> 00:44:25.400]  是一種逼迫
[00:44:25.400 --> 00:44:27.400]  上道的逼迫
[00:44:27.400 --> 00:44:28.400]  去拿我的東西等等
[00:44:28.400 --> 00:44:30.400]  其實很多都是錯誤的觀念
[00:44:30.400 --> 00:44:34.400]  這些東西是屬於上帝的
[00:44:34.400 --> 00:44:39.400]  上帝要你奉獻十分之一
[00:44:39.400 --> 00:44:41.400]  去考驗你的信心
[00:44:41.400 --> 00:44:44.400]  考驗你信不信得過上帝
[00:44:44.400 --> 00:44:47.400]  上帝不是不夠東西
[00:44:47.400 --> 00:44:48.400]  很多時候說
[00:44:48.400 --> 00:44:50.400]  是不是教會不夠錢
[00:44:50.400 --> 00:44:51.400]  要奉獻
[00:44:51.400 --> 00:44:52.400]  不是的
[00:44:52.400 --> 00:44:54.400]  如果上帝不祝
[00:44:54.400 --> 00:44:56.400]  我自己的看法
[00:44:56.400 --> 00:44:58.400]  如果上帝祝福的話
[00:44:58.400 --> 00:45:00.400]  這間教會是合上帝的心意
[00:45:00.400 --> 00:45:02.400]  就算人們不奉獻
[00:45:02.400 --> 00:45:04.400]  上帝都會令這間教會有錢
[00:45:04.400 --> 00:45:06.400]  這個就看回
[00:45:06.400 --> 00:45:10.400]  慕勒他們開孤兒院那件事
[00:45:10.400 --> 00:45:12.400]  稍後有機會再說
[00:45:12.400 --> 00:45:14.400]  上帝就會開路
[00:45:14.400 --> 00:45:16.400]  所以上帝不會不夠錢
[00:45:16.400 --> 00:45:18.400]  上帝會感動一些
[00:45:18.400 --> 00:45:20.400]  願意承擔的人去做
[00:45:20.400 --> 00:45:22.400]  但問題是
[00:45:22.400 --> 00:45:24.400]  上帝很想每一個信徒
[00:45:24.400 --> 00:45:28.400]  都去經歷信心的功課
[00:45:28.400 --> 00:45:30.400]  學習奉獻的功課
[00:45:30.400 --> 00:45:32.400]  讓他們都經歷蒙福
[00:45:32.400 --> 00:45:34.400]  弟兄姊妹
[00:45:34.400 --> 00:45:36.400]  不是教會要
[00:45:36.400 --> 00:45:40.400]  是上帝想你們每一個都經歷蒙福
[00:45:40.400 --> 00:45:43.400]  體會到天上的福氣是很多
[00:45:43.400 --> 00:45:45.400]  體會到地上的福氣
[00:45:45.400 --> 00:45:46.400]  你肯付出
[00:45:46.400 --> 00:45:47.400]  上帝祝福你
[00:45:47.400 --> 00:45:48.400]  看到你心靈裡
[00:45:48.400 --> 00:45:50.400]  不再被金錢所限制
[00:45:50.400 --> 00:45:53.400]  上帝要讓你有喜樂的生命
[00:45:53.400 --> 00:45:57.400]  最後總結
[00:45:57.400 --> 00:45:59.400]  馬拉基怎麼說
[00:45:59.400 --> 00:46:01.400]  馬拉基很簡單
[00:46:01.400 --> 00:46:05.400]  這是他體會到真實的情況
[00:46:05.400 --> 00:46:07.400]  但你需要做一個事情
[00:46:07.400 --> 00:46:09.400]  就是以此示善
[00:46:09.400 --> 00:46:12.400]  以此示善
[00:46:12.400 --> 00:46:14.400]  神說當你去學習
[00:46:14.400 --> 00:46:15.400]  將上帝的東西
[00:46:15.400 --> 00:46:16.400]  送入倉庫
[00:46:16.400 --> 00:46:18.400]  使神的加油量
[00:46:18.400 --> 00:46:20.400]  你用這件事試一試
[00:46:20.400 --> 00:46:23.400]  你就會體會到上帝是真實
[00:46:23.400 --> 00:46:25.400]  這裡的試一試
[00:46:25.400 --> 00:46:28.400]  並不是試探神的那種試
[00:46:28.400 --> 00:46:30.400]  而是你要做一次
[00:46:30.400 --> 00:46:32.400]  神抵不住
[00:46:32.400 --> 00:46:34.400]  你總是覺得
[00:46:34.400 --> 00:46:35.400]  在你那個位置裡
[00:46:35.400 --> 00:46:36.400]  卡住了走不了
[00:46:36.400 --> 00:46:38.400]  你試試做一次
[00:46:38.400 --> 00:46:40.400]  你做一次就會體會到
[00:46:40.400 --> 00:46:41.400]  體會了你就明白了
[00:46:41.400 --> 00:46:43.400]  牧師說這麼久都沒有用
[00:46:43.400 --> 00:46:44.400]  因為你沒有做過
[00:46:44.400 --> 00:46:46.400]  你體會不到原來那種福氣
[00:46:46.400 --> 00:46:49.400]  我信耶穌還有三十多年
[00:46:49.400 --> 00:46:52.400]  已經三十五年了
[00:46:52.400 --> 00:46:54.400]  三十五年裡我都有做
[00:46:54.400 --> 00:46:56.400]  而且是超過十一奉獻的
[00:46:56.400 --> 00:46:59.400]  我自己做
[00:46:59.400 --> 00:47:01.400]  是不是
[00:47:01.400 --> 00:47:02.400]  我來到佛羅倫多
[00:47:02.400 --> 00:47:05.400]  我胖了
[00:47:05.400 --> 00:47:06.400]  我沒有瘦
[00:47:06.400 --> 00:47:10.400]  我不會因為餓而瘦了
[00:47:10.400 --> 00:47:12.400]  你信不信
[00:47:12.400 --> 00:47:15.400]  上帝要求我們去試一試
[00:47:15.400 --> 00:47:16.400]  你去做一次
[00:47:16.400 --> 00:47:20.400]  你去經歷上帝給你的祝福
[00:47:20.400 --> 00:47:22.400]  怎樣去試呢
[00:47:22.400 --> 00:47:24.400]  其中有兩個很重要的
[00:47:24.400 --> 00:47:26.400]  向度
[00:47:26.400 --> 00:47:28.400]  第一
[00:47:28.400 --> 00:47:30.400]  一定要轉向
[00:47:30.400 --> 00:47:33.400]  你記住一定要向神
[00:47:33.400 --> 00:47:35.400]  你不要向著錢
[00:47:35.400 --> 00:47:37.400]  錢會吸引你很多方法
[00:47:37.400 --> 00:47:39.400]  金光閃閃吸引你
[00:47:39.400 --> 00:47:41.400]  但經文要求我們要轉向
[00:47:41.400 --> 00:47:44.400]  真的要整個身轉向神
[00:47:44.400 --> 00:47:47.400]  放上信心
[00:47:47.400 --> 00:47:49.400]  答案還不知道
[00:47:49.400 --> 00:47:52.400]  但你試了就知道
[00:47:52.400 --> 00:47:53.400]  你去做一次
[00:47:53.400 --> 00:47:54.400]  沒事的
[00:47:54.400 --> 00:47:56.400]  安心的
[00:47:56.400 --> 00:47:57.400]  你去做一次
[00:47:57.400 --> 00:48:00.400]  你就會經歷上帝那種生命的祝福
[00:48:00.400 --> 00:48:02.400]  滿滿
[00:48:02.400 --> 00:48:04.400]  最後說一個見證
[00:48:04.400 --> 00:48:06.400]  是我們阿加勒團
[00:48:06.400 --> 00:48:09.400]  這個星期有看的一個見證
[00:48:09.400 --> 00:48:10.400]  因為在座當中
[00:48:10.400 --> 00:48:12.400]  只有兩個是當天在場
[00:48:12.400 --> 00:48:14.400]  我再說一次
[00:48:14.400 --> 00:48:16.400]  當中的見證是
[00:48:16.400 --> 00:48:19.400]  大家聽過中年好聲音嗎
[00:48:19.400 --> 00:48:21.400]  中年好聲音大家有聽過
[00:48:21.400 --> 00:48:23.400]  其中的主持
[00:48:23.400 --> 00:48:26.400]  就是車婉婉
[00:48:26.400 --> 00:48:29.400]  車婉婉就是中年好聲音的主持
[00:48:29.400 --> 00:48:31.400]  事實上
[00:48:31.400 --> 00:48:34.400]  我最近看她的生命分享見證經歷
[00:48:34.400 --> 00:48:37.400]  她自己都經歷過
[00:48:37.400 --> 00:48:40.400]  怎樣去信耶穌
[00:48:40.400 --> 00:48:43.400]  其中一個信耶穌的經歷
[00:48:43.400 --> 00:48:45.400]  就是面對著
[00:48:45.400 --> 00:48:51.400]  她媽媽有一個餐館
[00:48:51.400 --> 00:48:53.400]  就是一個餐廳
[00:48:53.400 --> 00:48:56.400]  其實就是因為
[00:48:56.400 --> 00:48:59.400]  有些伙計穿貴通
[00:48:59.400 --> 00:49:02.400]  偷錢
[00:49:02.400 --> 00:49:05.400]  特別是那個會
[00:49:05.400 --> 00:49:07.400]  不知不覺間偷了很多錢
[00:49:07.400 --> 00:49:10.400]  公司不夠錢 公司要錢等等
[00:49:10.400 --> 00:49:12.400]  甚至有一次
[00:49:12.400 --> 00:49:16.400]  她跟車婉婉說
[00:49:16.400 --> 00:49:19.400]  你今天要拿到四十萬回來公司
[00:49:19.400 --> 00:49:22.400]  你今天要拿到四十萬回來公司
[00:49:22.400 --> 00:49:26.400]  公司才能夠過到今天
[00:49:26.400 --> 00:49:29.400]  四十萬
[00:49:29.400 --> 00:49:32.400]  即是五萬美金
[00:49:32.400 --> 00:49:35.400]  老實說
[00:49:35.400 --> 00:49:38.400]  誰借五萬美金給我
[00:49:38.400 --> 00:49:40.400]  沒有吧
[00:49:40.400 --> 00:49:43.400]  我跟你這麼熟你都不借給我
[00:49:43.400 --> 00:49:46.400]  車婉婉的見證是怎樣呢
[00:49:46.400 --> 00:49:49.400]  其實她當時都有少少接觸
[00:49:49.400 --> 00:49:51.400]  因為她自小都有一些基督教學校
[00:49:51.400 --> 00:49:52.400]  天主教學校的背景
[00:49:52.400 --> 00:49:54.400]  有些信仰的背景
[00:49:54.400 --> 00:49:56.400]  但她就未說信耶穌
[00:49:56.400 --> 00:49:58.400]  但她自己在過程中
[00:49:58.400 --> 00:50:02.400]  因為她身邊有些基督徒的藝人朋友
[00:50:02.400 --> 00:50:05.400]  亦給予她很多鼓勵
[00:50:05.400 --> 00:50:10.400]  於是她就向神做了一個呼求祈禱
[00:50:10.400 --> 00:50:12.400]  她說
[00:50:12.400 --> 00:50:15.400]  神啊我現在要四十萬
[00:50:15.400 --> 00:50:17.400]  真的應付不來
[00:50:17.400 --> 00:50:21.400]  如果神今天讓我籌到這四十萬
[00:50:21.400 --> 00:50:24.400]  我就順利了
[00:50:24.400 --> 00:50:25.400]  就是這樣
[00:50:25.400 --> 00:50:26.400]  這四十萬
[00:50:26.400 --> 00:50:27.400]  她就跟神說
[00:50:27.400 --> 00:50:29.400]  其實她在試神
[00:50:29.400 --> 00:50:33.400]  如果你今天做到我就順利
[00:50:33.400 --> 00:50:35.400]  她就是這樣去做的時候
[00:50:35.400 --> 00:50:37.400]  神就知道她的需要
[00:50:37.400 --> 00:50:38.400]  知道這個女兒
[00:50:38.400 --> 00:50:41.400]  她怎樣要經歷神
[00:50:41.400 --> 00:50:43.400]  而這種經歷她不是要試探神
[00:50:43.400 --> 00:50:46.400]  而是她在困境中的呼求
[00:50:46.400 --> 00:50:49.400]  以致上帝回應她的禱告神是怎樣呢
[00:50:49.400 --> 00:50:51.400]  她就說剛好那天
[00:50:51.400 --> 00:50:57.400]  她就跟一個認識了兩三個月的阿姨
[00:50:57.400 --> 00:50:59.400]  一個認識了兩三個月的阿姨
[00:50:59.400 --> 00:51:01.400]  一個做生意的阿姨
[00:51:01.400 --> 00:51:03.400]  就聽到她說
[00:51:03.400 --> 00:51:06.400]  她需要四十萬
[00:51:06.400 --> 00:51:09.400]  這個阿姨就叫她
[00:51:09.400 --> 00:51:12.400]  跟職員去樓下銀行
[00:51:12.400 --> 00:51:17.400]  馬上把四十萬現金給她
[00:51:17.400 --> 00:51:19.400]  我認識了你三年了
[00:51:19.400 --> 00:51:22.400]  剛才問你借五萬都沒有人肯
[00:51:22.400 --> 00:51:25.400]  但這個認識了兩三個月的阿姨
[00:51:25.400 --> 00:51:32.400]  她就這樣白白地借了四十萬給她
[00:51:32.400 --> 00:51:33.400]  是不是因為這個阿姨是好人呢
[00:51:33.400 --> 00:51:35.400]  可能她是一個好人
[00:51:35.400 --> 00:51:36.400]  但我更加相信
[00:51:36.400 --> 00:51:41.400]  是因為她向神發出求救的禱告
[00:51:41.400 --> 00:51:45.400]  所以神就幫助她
[00:51:45.400 --> 00:51:47.400]  讓她真的那一天
[00:51:47.400 --> 00:51:48.400]  不是遲一天
[00:51:48.400 --> 00:51:50.400]  是那一天就見到這四十萬
[00:51:50.400 --> 00:51:53.400]  來到她需要裏面
[00:51:53.400 --> 00:51:55.400]  她就這樣更加認定了
[00:51:55.400 --> 00:51:57.400]  原來這個神是真的
[00:51:57.400 --> 00:51:59.400]  她願意信靠神
[00:51:59.400 --> 00:52:05.400]  她經歷了很多不明白的事情
[00:52:05.400 --> 00:52:08.400]  但她就走了信心的步伐
[00:52:08.400 --> 00:52:09.400]  信神之後
[00:52:09.400 --> 00:52:12.400]  一直去很多不明白的地方求神
[00:52:12.400 --> 00:52:14.400]  去引領她的路
[00:52:14.400 --> 00:52:17.400]  其中第二個的事是什麼呢
[00:52:17.400 --> 00:52:20.400]  第二個事就是她的工作
[00:52:20.400 --> 00:52:25.400]  其中一個工作是在電台做的
[00:52:25.400 --> 00:52:27.400]  之前信耶穌的時候
[00:52:27.400 --> 00:52:29.400]  她有一個工作在電台做
[00:52:29.400 --> 00:52:32.400]  其中做什麼節目呢
[00:52:32.400 --> 00:52:37.400]  她做星座 講星座的節目
[00:52:37.400 --> 00:52:39.400]  她心裏很疑問
[00:52:39.400 --> 00:52:42.400]  她問她的目者
[00:52:42.400 --> 00:52:45.400]  她自己都覺得有點不妥
[00:52:45.400 --> 00:52:48.400]  她問我在電台講星座
[00:52:48.400 --> 00:52:51.400]  星座會不會不是一個很好的記錄圖
[00:52:51.400 --> 00:52:53.400]  因為星座是什麼呢
[00:52:53.400 --> 00:52:54.400]  相信那些星座
[00:52:54.400 --> 00:52:57.400]  你今天見到什麼就很黑仔
[00:52:57.400 --> 00:52:59.400]  你今天要近些什麼
[00:52:59.400 --> 00:53:02.400]  她說會不會有問題呢
[00:53:02.400 --> 00:53:03.400]  她自己都在想
[00:53:03.400 --> 00:53:05.400]  她就問牧師
[00:53:05.400 --> 00:53:06.400]  牧師說什麼
[00:53:06.400 --> 00:53:08.400]  牧師怎樣回答她
[00:53:08.400 --> 00:53:10.400]  不行
[00:53:10.400 --> 00:53:12.400]  可以
[00:53:12.400 --> 00:53:15.400]  牧師說我們為這件事祈禱
[00:53:15.400 --> 00:53:18.400]  在這件事祈禱
[00:53:18.400 --> 00:53:19.400]  結果
[00:53:19.400 --> 00:53:22.400]  轉頭那個星座節目就倒閉了
[00:53:22.400 --> 00:53:26.400]  神知道她的需要
[00:53:26.400 --> 00:53:28.400]  就倒閉了那個節目
[00:53:28.400 --> 00:53:29.400]  做其他
[00:53:29.400 --> 00:53:32.400]  現在中年好聲音
[00:53:32.400 --> 00:53:35.400]  第三個
[00:53:35.400 --> 00:53:37.400]  她怎樣去經歷
[00:53:37.400 --> 00:53:39.400]  試到神是真實呢
[00:53:39.400 --> 00:53:42.400]  她自己都體會到
[00:53:42.400 --> 00:53:47.400]  她願意讓她兒子在教會裏成長
[00:53:47.400 --> 00:53:49.400]  以致她體會到
[00:53:49.400 --> 00:53:52.400]  神祝福她的兒子
[00:53:52.400 --> 00:53:54.400]  有一天她兒子問她
[00:53:54.400 --> 00:53:55.400]  媽媽
[00:53:55.400 --> 00:53:59.400]  你知不知道誰是超級英雄
[00:53:59.400 --> 00:54:01.400]  她媽媽說
[00:54:01.400 --> 00:54:02.400]  是不是超級英雄
[00:54:02.400 --> 00:54:03.400]  不是
[00:54:03.400 --> 00:54:05.400]  是不是蜘蛛人
[00:54:05.400 --> 00:54:06.400]  不是
[00:54:06.400 --> 00:54:07.400]  是不是蜘蛛人
[00:54:07.400 --> 00:54:08.400]  不是
[00:54:08.400 --> 00:54:10.400]  那是誰呢
[00:54:10.400 --> 00:54:12.400]  Jesus
[00:54:12.400 --> 00:54:13.400]  是的
[00:54:13.400 --> 00:54:14.400]  這個小孩就是這樣說
[00:54:14.400 --> 00:54:16.400]  Jesus
[00:54:16.400 --> 00:54:17.400]  當她願意將她的小孩
[00:54:17.400 --> 00:54:21.400]  信心地交給神
[00:54:21.400 --> 00:54:23.400]  她就能夠在神的裏面
[00:54:23.400 --> 00:54:26.400]  這是最神的一種回應
[00:54:26.400 --> 00:54:27.400]  你試一下
[00:54:27.400 --> 00:54:30.400]  你將你的子女交給神
[00:54:30.400 --> 00:54:34.400]  有時我們拿著子女都不給神
[00:54:34.400 --> 00:54:37.400]  我自己用我的方法去管教
[00:54:37.400 --> 00:54:38.400]  但你信得過神
[00:54:38.400 --> 00:54:40.400]  就交給神去管教
[00:54:40.400 --> 00:54:42.400]  求主幫助我們
[00:54:42.400 --> 00:54:45.400]  學習信心的一步
[00:54:45.400 --> 00:54:47.400]  今天說的不單止是
[00:54:47.400 --> 00:54:48.400]  一種十一奉獻
[00:54:48.400 --> 00:54:53.400]  對這些以色列人不遵從上帝的吩咐
[00:54:53.400 --> 00:54:55.400]  更加是一種挑戰我們信仰
[00:54:55.400 --> 00:54:57.400]  信心的功課
[00:54:57.400 --> 00:54:58.400]  求主幫助我們
[00:54:58.400 --> 00:55:00.400]  更加在神的裏面去堅穩
[00:55:00.400 --> 00:55:01.400]  踏上信心的一步
[00:55:01.400 --> 00:55:04.400]  以致真的面對上帝
[00:55:04.400 --> 00:55:06.400]  給我們大大的祝福
[00:55:06.400 --> 00:55:07.400]  我們一起祈禱
[00:55:09.400 --> 00:55:11.400]  親愛的主我們去感謝你
[00:55:11.400 --> 00:55:14.400]  因為你給我們的心意
[00:55:14.400 --> 00:55:16.400]  原是要賜福
[00:55:16.400 --> 00:55:18.400]  不是降災的心意
[00:55:18.400 --> 00:55:20.400]  而是要賜福的心意
[00:55:20.400 --> 00:55:21.400]  你不是要我們滅亡
[00:55:21.400 --> 00:55:24.400]  而是要我們永生永福
[00:55:24.400 --> 00:55:25.400]  再次感謝你
[00:55:25.400 --> 00:55:27.400]  你本意就是對我們這麼好
[00:55:27.400 --> 00:55:30.400]  你就是那位愛我們的天上爸爸
[00:55:30.400 --> 00:55:33.400]  你這位爸爸對我們這些子女
[00:55:33.400 --> 00:55:34.400]  無論我們多麼不聽話
[00:55:34.400 --> 00:55:36.400]  你仍然顯明了這份愛
[00:55:36.400 --> 00:55:38.400]  我們感謝你
[00:55:38.400 --> 00:55:40.400]  主我們作為你的兒女
[00:55:40.400 --> 00:55:47.400]  我們學懂將有的糖請你吃一粒
[00:55:47.400 --> 00:55:50.400]  我們有的金錢獻給你
[00:55:50.400 --> 00:55:52.400]  讓你自己得著榮耀
[00:55:52.400 --> 00:55:54.400]  幫助我們去學習生命的功課
[00:55:54.400 --> 00:55:56.400]  實踐的功課
[00:55:56.400 --> 00:55:59.400]  聽我們祈禱奉耶穌名字而求
[00:55:59.400 --> 00:56:13.400]  今天的你可以決定明天的你
[00:56:13.400 --> 00:56:16.400]  求主幫助我們今天要立志
[00:56:16.400 --> 00:56:20.400]  最後還有幾句說話
[00:56:20.400 --> 00:56:22.400]  我們一起讀這幾句說話
[00:56:22.400 --> 00:56:24.400]  好 開始
[00:56:24.400 --> 00:56:26.400]  思想決定行動
[00:56:26.400 --> 00:56:28.400]  行動決定習慣
[00:56:28.400 --> 00:56:30.400]  習慣決定品德
[00:56:30.400 --> 00:56:33.400]  品德決定命運
[00:56:33.400 --> 00:56:38.400]  究竟在很多年之後
[00:56:38.400 --> 00:56:41.400]  神跟你說你也有今天
[00:56:41.400 --> 00:56:44.400]  究竟是什麼日子呢?
[00:56:44.400 --> 00:56:45.400]  求主幫助我們
[00:56:45.400 --> 00:56:46.400]  我們一起祈禱
[00:56:46.400 --> 00:56:48.400]  天父我們去感謝你
[00:56:48.400 --> 00:56:50.400]  因為你讓馬拉基先知
[00:56:50.400 --> 00:56:54.400]  在他們面對困惑的世代裏
[00:56:54.400 --> 00:56:56.400]  作出審判的訊息
[00:56:56.400 --> 00:56:58.400]  一個挑戰的訊息
[00:56:58.400 --> 00:57:00.400]  以致我們真的能夠知道
[00:57:00.400 --> 00:57:03.400]  我們等待彌賽亞的來臨的時候
[00:57:03.400 --> 00:57:05.400]  究竟對我們是真的好還是壞
[00:57:05.400 --> 00:57:08.400]  要視乎我們怎樣去活出我們的生命
[00:57:08.400 --> 00:57:10.400]  求主你幫助我們教會
[00:57:10.400 --> 00:57:12.400]  每一個聆聽你話語的人
[00:57:12.400 --> 00:57:14.400]  我們都有份心志
[00:57:14.400 --> 00:57:15.400]  有份悖念的心志
[00:57:15.400 --> 00:57:18.400]  我們要成為精心獻給上帝
[00:57:18.400 --> 00:57:22.400]  我們今天習慣了很悠閒
[00:57:22.400 --> 00:57:24.400]  很自在的生活
[00:57:24.400 --> 00:57:27.400]  求主你幫助我們更加知道
[00:57:27.400 --> 00:57:30.400]  我們要有一種韌力
[00:57:30.400 --> 00:57:32.400]  去面對上帝你自己
[00:57:32.400 --> 00:57:35.400]  以致我們成為一個最好的祭物獻給你
[00:57:35.400 --> 00:57:37.400]  幫助我們在這個世代裏
[00:57:37.400 --> 00:57:38.400]  堅守我們的信仰
[00:57:38.400 --> 00:57:41.400]  聽我們祈禱奉耶穌的名字而求
[00:57:41.400 --> 00:57:42.400]  阿門
[00:57:42.400 --> 00:57:48.400]  馬拉基書裏面那班百姓
[00:57:48.400 --> 00:57:51.400]  不知不覺影響了他們的社會
[00:57:51.400 --> 00:57:54.400]  信仰 家庭
[00:57:54.400 --> 00:57:57.400]  整個角度不知不覺
[00:57:57.400 --> 00:58:00.400]  已經不在上帝的喜悅裏面
[00:58:00.400 --> 00:58:02.400]  所以神體馬拉基書裏面
[00:58:02.400 --> 00:58:05.400]  帶來那種對祭司和對百姓的責備
[00:58:05.400 --> 00:58:07.400]  是真實的
[00:58:07.400 --> 00:58:09.400]  亦都是迫切的
[00:58:09.400 --> 00:58:12.400]  因為這個問題如果不認真處理的話
[00:58:12.400 --> 00:58:15.400]  會帶來很大的破壞
[00:58:15.400 --> 00:58:18.400]  最後一句總結
[00:58:18.400 --> 00:58:19.400]  我們有一段聖經
[00:58:19.400 --> 00:58:21.400]  大家一起讀這段聖經
[00:58:21.400 --> 00:58:23.400]  就是來自尼加書
[00:58:23.400 --> 00:58:26.400]  另外一個先知書所講的說話
[00:58:26.400 --> 00:58:28.400]  我們一起讀這句經文
[00:58:28.400 --> 00:58:30.400]  六章八節開始
[00:58:30.400 --> 00:58:31.400]  西人啊
[00:58:31.400 --> 00:58:34.400]  耶和華已指示你何為善
[00:58:34.400 --> 00:58:37.400]  他向你所要的是什麼呢
[00:58:37.400 --> 00:58:39.400]  只要你行公義
[00:58:39.400 --> 00:58:40.400]  好憐憫
[00:58:40.400 --> 00:58:44.400]  全謙卑的心與你的上帝同行
[00:58:44.400 --> 00:58:45.400]  求主幫助我們
[00:58:45.400 --> 00:58:49.400]  我們能夠活出一個公義的社會
[00:58:49.400 --> 00:58:51.400]  一個憐憫的婚姻
[00:58:51.400 --> 00:58:53.400]  亦都能夠在上帝面前
[00:58:53.400 --> 00:58:54.400]  全一個謙卑的心
[00:58:54.400 --> 00:58:57.400]  亦都能夠活出聖潔的國度
[00:58:57.400 --> 00:58:59.400]  我們一起祈禱
[00:58:59.400 --> 00:59:01.400]  最後幫助我們
[00:59:01.400 --> 00:59:02.400]  因為我們知道
[00:59:02.400 --> 00:59:05.400]  你給我們不單止有君尊的祭司
[00:59:05.400 --> 00:59:06.400]  好像上次所講一樣
[00:59:06.400 --> 00:59:09.400]  亦都要求我們有聖潔的國度
[00:59:09.400 --> 00:59:12.400]  一個屬神理的國度出現
[00:59:12.400 --> 00:59:13.400]  願主你幫助我們
[00:59:13.400 --> 00:59:15.400]  記著《馬拉基書》裏面的思考
[00:59:15.400 --> 00:59:17.400]  我們怎樣去遠離
[00:59:17.400 --> 00:59:19.400]  逃避這個世代裏面
[00:59:19.400 --> 00:59:22.400]  那種詭詐的行為和生活
[00:59:22.400 --> 00:59:24.400]  讓我們活出聖潔的生命
[00:59:24.400 --> 00:59:26.400]  你只能夠去榮耀你
[00:59:26.400 --> 00:59:27.400]  你只能夠在這個社會裏面
[00:59:27.400 --> 00:59:28.400]  更加被人見得到
[00:59:28.400 --> 00:59:30.400]  我們是誠實的一群
[00:59:30.400 --> 00:59:32.400]  我們是可信賴的一群
[00:59:32.400 --> 00:59:34.400]  以致更加多人願意來到神理面前
[00:59:34.400 --> 00:59:36.400]  去認識神理自己
[00:59:36.400 --> 00:59:37.400]  願主你幫助我們
[00:59:37.400 --> 00:59:38.400]  亦都幫助我們
[00:59:38.400 --> 00:59:41.400]  一會兒下來有分享討論團契的時間
[00:59:41.400 --> 00:59:43.400]  祈禱奉耶穌的名字而求
[00:59:43.400 --> 00:59:45.400]  阿門
