
[00:00:00.000 --> 00:00:01.640]  弟兄姊妹平安
[00:00:01.640 --> 00:00:05.420]  今個星期我們很多弟兄姊妹都在憂傷之中
[00:00:05.420 --> 00:00:07.520]  特別我們在太魯閣城居民
[00:00:07.520 --> 00:00:10.960]  我們在一個很大的難過裏面
[00:00:10.960 --> 00:00:12.080]  我們求神憐憫
[00:00:12.080 --> 00:00:15.260]  亦幫助我們可以走出死暗憂谷
[00:00:15.260 --> 00:00:17.600]  我們有少少安靜的時間
[00:00:17.600 --> 00:00:20.120]  然後我們一齊同心祈禱
[00:00:28.120 --> 00:00:30.900]  親愛的天父求祢幫助我們
[00:00:30.900 --> 00:00:35.600]  我們在極大的憂傷當中
[00:00:35.600 --> 00:00:37.100]  求祢幫助我們
[00:00:37.100 --> 00:00:41.400]  聖靈幫助我們轉眼仰望主耶穌
[00:00:41.400 --> 00:00:45.500]  我們知道我們很軟弱
[00:00:45.500 --> 00:00:49.500]  求祢因典臨到我們眾人身上
[00:00:49.500 --> 00:00:54.000]  讓我們成為祢合用的器皿
[00:00:54.000 --> 00:00:56.300]  流通的管子
[00:00:56.300 --> 00:01:00.500]  將盼望、將因典、將慈愛
[00:01:00.500 --> 00:01:04.300]  帶給我們身邊受驚嚇的人
[00:01:04.300 --> 00:01:09.700]  亦都求祢幫我們先飽得祢的慈愛
[00:01:09.700 --> 00:01:15.000]  以致我們今天可以先在祢面前蒙恩
[00:01:15.000 --> 00:01:18.700]  撫平我們心靈裏面的創傷
[00:01:18.700 --> 00:01:20.900]  我們繼續仰望祢
[00:01:20.900 --> 00:01:23.500]  拖著祢的恩手
[00:01:23.500 --> 00:01:26.900]  繼續走前面有生有活的路
[00:01:26.900 --> 00:01:29.300]  祈禱交托奉耶穌名靠
[00:01:29.300 --> 00:01:30.100]  阿門
[00:01:53.500 --> 00:02:09.500]  我們一起讀出約翰福音第八章第四十四節
[00:02:09.500 --> 00:02:11.500]  預備一二三
[00:02:24.500 --> 00:02:27.500]  因為心裡沒有真理
[00:02:27.500 --> 00:02:30.500]  他說謊是出於自己
[00:02:30.500 --> 00:02:33.300]  因他本是說謊的
[00:02:33.300 --> 00:02:36.300]  也是說謊人之父
[00:02:36.300 --> 00:02:39.500]  在這裏講到魔鬼撒旦是說謊人之父
[00:02:39.500 --> 00:02:42.500]  魔鬼撒旦將謊話放在我們心中
[00:02:42.500 --> 00:02:46.100]  將假的、不真實的東西放在我們心裏面
[00:02:46.100 --> 00:02:48.300]  所以我們提防、警惕
[00:02:48.300 --> 00:02:51.100]  免得這些謊話改變我們
[00:02:51.100 --> 00:02:53.500]  或者使我們陷入網奈
[00:02:53.500 --> 00:02:55.500]  謊話使人死亡
[00:02:55.500 --> 00:02:57.500]  在這裏說是殺人的
[00:02:57.500 --> 00:02:59.500]  因為謊話殺人
[00:02:59.500 --> 00:03:02.700]  我們今天牧師特意要講這件事情
[00:03:02.700 --> 00:03:04.500]  因為我們這個世界裏面
[00:03:04.500 --> 00:03:07.900]  被很多的謊話去改變我們自己
[00:03:07.900 --> 00:03:09.900]  擺錯了價值觀
[00:03:09.900 --> 00:03:11.700]  甚至殺害了我們的生命
[00:03:11.700 --> 00:03:13.500]  這個世界有什麼謊話呢
[00:03:13.500 --> 00:03:16.500]  很多的謊話
[00:03:16.500 --> 00:03:18.300]  例如如果讀不到這間小學
[00:03:18.300 --> 00:03:20.300]  你就死定了
[00:03:20.300 --> 00:03:23.100]  所以使我們很多家長都陷在網奈裏面
[00:03:23.100 --> 00:03:24.300]  讀不到這間中學
[00:03:24.300 --> 00:03:25.500]  你將來沒有希望了
[00:03:25.500 --> 00:03:27.300]  你讀不到書就死定了
[00:03:27.300 --> 00:03:29.500]  很多的謊話在我們心中
[00:03:29.500 --> 00:03:32.100]  使我們情不自覺地
[00:03:32.100 --> 00:03:34.700]  將不必要、不應該有的壓力
[00:03:34.700 --> 00:03:36.500]  放在我們身邊的人身上
[00:03:36.500 --> 00:03:37.900]  其實不單是家長
[00:03:37.900 --> 00:03:39.900]  其實很多人都有很多謊話
[00:03:39.900 --> 00:03:41.700]  丈夫很多時候
[00:03:41.700 --> 00:03:42.900]  或者太太也是
[00:03:42.900 --> 00:03:44.300]  覺得我老公很壞
[00:03:44.300 --> 00:03:46.300]  全世界最壞的他
[00:03:46.300 --> 00:03:48.500]  這是不是謊話
[00:03:48.500 --> 00:03:49.900]  很多價值觀都是謊話
[00:03:49.900 --> 00:03:50.900]  當然不是
[00:03:50.900 --> 00:03:52.700]  你旁邊的老公雖然是壞
[00:03:52.700 --> 00:03:54.700]  但是和旁邊的老公差不多壞
[00:03:54.700 --> 00:03:56.700]  不比的壞
[00:03:56.700 --> 00:03:58.500]  只要你回到那些夫婦團契
[00:03:58.500 --> 00:04:00.300]  你就知道每個老公都很壞
[00:04:00.300 --> 00:04:01.500]  對不起
[00:04:01.500 --> 00:04:03.500]  很多老公都很壞
[00:04:03.500 --> 00:04:05.900]  你老公算是這樣的
[00:04:05.900 --> 00:04:07.300]  很多謊話
[00:04:07.300 --> 00:04:09.500]  放了錯誤的價值觀在我們身上
[00:04:09.500 --> 00:04:10.700]  叫我們不能自拔
[00:04:10.700 --> 00:04:12.300]  所以求神提醒我們
[00:04:12.300 --> 00:04:15.300]  分辨真理和謊話
[00:04:15.300 --> 00:04:17.500]  這個社會裏面有很多謊話
[00:04:17.500 --> 00:04:21.100]  也讓我們陷在網絡之中
[00:04:21.100 --> 00:04:22.500]  在這段時間裏
[00:04:22.500 --> 00:04:24.500]  我心裏也覺得
[00:04:24.500 --> 00:04:26.100]  特別是為了那個家庭
[00:04:26.100 --> 00:04:27.700]  我們心裏很難過
[00:04:27.700 --> 00:04:29.500]  因為很多時候我們被這些謊話
[00:04:29.500 --> 00:04:32.100]  改變了我們生命的方向
[00:04:32.100 --> 00:04:36.300]  以致我們不能夠活得美好
[00:04:36.300 --> 00:04:38.900]  神的心意是讓真理讓我們活得美好
[00:04:38.900 --> 00:04:40.700]  在這裏提多一兩件事情
[00:04:40.700 --> 00:04:44.300]  我們為了這個家庭來禱告
[00:04:44.300 --> 00:04:46.500]  這個家庭
[00:04:46.500 --> 00:04:50.100]  其實是主裏面的家庭
[00:04:50.100 --> 00:04:52.100]  他們有回教會
[00:04:52.100 --> 00:04:53.700]  我們求神憐憫
[00:04:53.700 --> 00:04:54.700]  幫助他們
[00:04:54.700 --> 00:04:55.500]  特別是他們的教會
[00:04:55.500 --> 00:04:58.900]  也陷在一個很大的憂傷當中
[00:04:58.900 --> 00:05:00.900]  我們被謊話偶爾
[00:05:00.900 --> 00:05:02.500]  我們有時即使是信徒
[00:05:02.500 --> 00:05:03.700]  我們也會被謊話
[00:05:03.700 --> 00:05:06.900]  或者被惡者所勝過
[00:05:06.900 --> 00:05:08.300]  兩件事情
[00:05:08.300 --> 00:05:10.100]  我們昨天祈禱會有分享
[00:05:10.100 --> 00:05:11.300]  我們弟兄姊妹知道
[00:05:11.300 --> 00:05:13.500]  謊話是殺人的
[00:05:13.500 --> 00:05:16.700]  讓我們不單止自己受害
[00:05:16.700 --> 00:05:19.100]  很多其他人也受害
[00:05:19.100 --> 00:05:22.900]  昨天我們分享會的時候
[00:05:22.900 --> 00:05:24.300]  也有弟兄姊妹說到
[00:05:24.300 --> 00:05:27.300]  他們自己個人內心的經歷
[00:05:27.300 --> 00:05:30.500]  一個人選擇了
[00:05:30.500 --> 00:05:33.300]  用這個方法離開世界的時候
[00:05:33.300 --> 00:05:35.100]  其實全家受害
[00:05:35.100 --> 00:05:36.700]  和賢子孫
[00:05:36.700 --> 00:05:38.700]  他們跟著幾十年後
[00:05:38.700 --> 00:05:40.100]  他們的兒女
[00:05:40.100 --> 00:05:40.700]  他們的家人
[00:05:40.700 --> 00:05:41.500]  他們身邊的人
[00:05:41.500 --> 00:05:44.700]  都仍然在苦難當中
[00:05:44.700 --> 00:05:46.700]  因為那惡者的謊話
[00:05:46.700 --> 00:05:50.300]  使我們做了錯誤的決定
[00:05:50.300 --> 00:05:51.300]  求主幫我們
[00:05:51.300 --> 00:05:53.700]  我還想分享兩件事情
[00:05:53.700 --> 00:05:55.100]  我們有時也會心裏想
[00:05:55.100 --> 00:05:56.500]  為什麼會這樣發生呢?
[00:05:56.500 --> 00:05:58.700]  或者當中有些什麼
[00:05:58.700 --> 00:06:02.100]  為什麼謊話會令我們這樣呢?
[00:06:02.100 --> 00:06:02.900]  兩件事情
[00:06:02.900 --> 00:06:07.500]  有時有些叫做「調製」
[00:06:07.500 --> 00:06:10.100]  突然間「調製」了
[00:06:10.100 --> 00:06:11.100]  「調製」什麼呢?
[00:06:11.100 --> 00:06:13.300]  其實就是衝動「調製」
[00:06:13.300 --> 00:06:16.100]  有時也會衝動做些不合理的事情
[00:06:16.100 --> 00:06:16.900]  後來回想
[00:06:16.900 --> 00:06:18.700]  自己也覺得自己怎麼會做這種事
[00:06:18.700 --> 00:06:20.100]  為什麼會說出這種話
[00:06:20.100 --> 00:06:21.500]  或者做出這種事
[00:06:21.500 --> 00:06:22.500]  說話比較多
[00:06:22.500 --> 00:06:23.700]  做事也有時會有
[00:06:23.700 --> 00:06:24.700]  「調製」嘛
[00:06:24.700 --> 00:06:25.900]  你看我們吵架的時候
[00:06:25.900 --> 00:06:26.900]  也有時會「調製」
[00:06:26.900 --> 00:06:27.900]  說一些話後來會發覺
[00:06:27.900 --> 00:06:29.100]  為什麼會說出這種話呢?
[00:06:29.100 --> 00:06:30.700]  可以嗎?
[00:06:30.700 --> 00:06:31.700]  分享兩件事情
[00:06:31.700 --> 00:06:34.300]  一個是我自己身上
[00:06:34.300 --> 00:06:36.900]  就不要告訴我兒子
[00:06:36.900 --> 00:06:39.900]  我上個星期回家
[00:06:39.900 --> 00:06:41.300]  其實我回家是
[00:06:41.300 --> 00:06:43.700]  回家的時候
[00:06:43.700 --> 00:06:46.500]  其實我兒子和
[00:06:46.500 --> 00:06:49.900]  我女兒是在讀A-Level考試
[00:06:49.900 --> 00:06:52.100]  他們是全世界最遲的
[00:06:52.100 --> 00:06:54.100]  DSE考完很久還在考
[00:06:54.100 --> 00:06:58.500]  我兒子其實去了倫敦讀書
[00:06:58.500 --> 00:07:00.500]  但是被媽媽召回來
[00:07:00.500 --> 00:07:02.500]  看著妹妹
[00:07:02.500 --> 00:07:04.300]  幫她讀書
[00:07:04.300 --> 00:07:08.100]  但是怎麼說呢?
[00:07:08.100 --> 00:07:10.500]  我的女兒其實不太喜歡讀書
[00:07:10.500 --> 00:07:13.300]  其實地球人也不喜歡讀書
[00:07:13.300 --> 00:07:15.100]  總之就是不喜歡
[00:07:15.100 --> 00:07:17.900]  哥哥奉命來看著她讀書
[00:07:17.900 --> 00:07:20.100]  又要鞭策她
[00:07:20.100 --> 00:07:21.100]  要她溫習
[00:07:21.100 --> 00:07:23.500]  要她做練習
[00:07:23.500 --> 00:07:25.500]  但是弄著弄著
[00:07:25.500 --> 00:07:26.300]  弄著弄著
[00:07:26.300 --> 00:07:29.300]  妹妹也覺得很煩
[00:07:29.300 --> 00:07:35.500]  哥哥就覺得她擺爛
[00:07:35.500 --> 00:07:39.100]  於是妹妹就發脾氣
[00:07:39.100 --> 00:07:39.900]  擺爛
[00:07:39.900 --> 00:07:41.500]  不做練習
[00:07:41.500 --> 00:07:43.300]  我死她好過
[00:07:43.300 --> 00:07:44.300]  就這樣說
[00:07:44.300 --> 00:07:45.900]  突然哥哥跳掣
[00:07:45.900 --> 00:07:47.900]  我這麼辛苦來教你讀書
[00:07:47.900 --> 00:07:49.300]  你死我和你一起跳樓
[00:07:49.300 --> 00:07:51.500]  說這些東西嚇得
[00:07:51.500 --> 00:07:53.100]  他媽媽就嚇了一跳
[00:07:53.100 --> 00:07:54.300]  你們兩個都跳樓
[00:07:54.300 --> 00:07:55.300]  我怎麼辦呢?
[00:07:55.300 --> 00:07:57.300]  這叫做什麼?
[00:07:57.300 --> 00:07:58.900]  跳掣
[00:07:58.900 --> 00:07:59.900]  說完之後
[00:07:59.900 --> 00:08:02.900]  我問我女兒做了什麼?
[00:08:02.900 --> 00:08:03.900]  說了什麼?
[00:08:03.900 --> 00:08:05.500]  我說說而已
[00:08:05.500 --> 00:08:07.900]  但是我不知道哥哥跳掣這麼厲害
[00:08:07.900 --> 00:08:08.900]  不明白
[00:08:08.900 --> 00:08:10.900]  她說說而已
[00:08:10.900 --> 00:08:15.100]  我女兒其實我覺得她是擺爛躺平的人
[00:08:15.100 --> 00:08:15.900]  她怎會什麼呢?
[00:08:15.900 --> 00:08:16.900]  不過無論如何
[00:08:16.900 --> 00:08:17.500]  跳掣
[00:08:17.500 --> 00:08:18.700]  弄到哥哥跳掣
[00:08:18.700 --> 00:08:20.300]  行不行?
[00:08:20.300 --> 00:08:21.300]  有些時候
[00:08:21.300 --> 00:08:25.700]  也有些是心裡面有個漩渦
[00:08:25.700 --> 00:08:27.500]  那叫漩渦
[00:08:27.500 --> 00:08:29.900]  那漩渦是什麼呢?
[00:08:29.900 --> 00:08:31.700]  就是你想一遍
[00:08:31.700 --> 00:08:33.500]  或者情緒抑溫
[00:08:33.500 --> 00:08:36.500]  有個漩渦會一直沉下去
[00:08:36.500 --> 00:08:37.500]  就是個漩渦
[00:08:37.500 --> 00:08:38.700]  跳掣是一種
[00:08:38.700 --> 00:08:39.900]  漩渦是另一種
[00:08:39.900 --> 00:08:41.100]  漩渦一直沉下去
[00:08:41.100 --> 00:08:43.500]  整天都想著要這樣
[00:08:43.500 --> 00:08:44.300]  再說一個
[00:08:44.300 --> 00:08:45.700]  是我自己的經歷
[00:08:45.700 --> 00:08:47.100]  我有位教友
[00:08:47.100 --> 00:08:47.500]  不是我經歷
[00:08:47.500 --> 00:08:48.500]  是我的教友的經歷
[00:08:48.500 --> 00:08:50.500]  我的教友
[00:08:50.500 --> 00:08:51.500]  其實在幾十年前的時候
[00:08:51.500 --> 00:08:53.500]  他三姐妹的媽媽
[00:08:53.500 --> 00:08:56.300]  他媽媽有抑鬱病
[00:08:56.300 --> 00:08:57.300]  也很嚴重
[00:08:57.300 --> 00:08:59.100]  整天都想著要死
[00:08:59.100 --> 00:09:00.300]  也試過
[00:09:00.300 --> 00:09:02.100]  就是嘗試過
[00:09:02.100 --> 00:09:03.900]  那次嘗試
[00:09:03.900 --> 00:09:04.900]  救得回來
[00:09:04.900 --> 00:09:05.700]  進了醫院
[00:09:05.700 --> 00:09:06.900]  住了一陣子
[00:09:06.900 --> 00:09:11.300]  他們三姐妹下定決心
[00:09:11.300 --> 00:09:12.700]  下定決心輪著
[00:09:12.700 --> 00:09:14.100]  每人都陪著他
[00:09:14.100 --> 00:09:16.300]  輪著來陪
[00:09:16.300 --> 00:09:17.700]  隔了一陣子
[00:09:17.700 --> 00:09:19.500]  可能一個多兩個月
[00:09:19.500 --> 00:09:22.700]  那天是我教會的那位姐妹
[00:09:22.700 --> 00:09:24.100]  當更
[00:09:24.100 --> 00:09:25.500]  是不是叫當更?
[00:09:25.500 --> 00:09:26.100]  那更是她
[00:09:26.100 --> 00:09:27.900]  總之是她陪媽媽
[00:09:27.900 --> 00:09:30.300]  她被媽媽耍開了
[00:09:30.300 --> 00:09:31.100]  媽媽耍開了
[00:09:31.100 --> 00:09:34.300]  你整天黏著我都沒用
[00:09:34.300 --> 00:09:35.300]  我沒事
[00:09:35.300 --> 00:09:36.300]  你不要整天黏著我
[00:09:36.300 --> 00:09:37.900]  你幫我去買些什麼
[00:09:37.900 --> 00:09:40.100]  那一類
[00:09:40.100 --> 00:09:45.100]  那天她耍開了一個多小時
[00:09:45.100 --> 00:09:50.100]  她自己做了一些不能挽回的決定
[00:09:50.100 --> 00:09:51.300]  姐妹非常難過
[00:09:51.300 --> 00:09:55.300]  其實這件事已經隔了十幾二十年
[00:09:55.300 --> 00:09:57.100]  當然不會每天都想起
[00:09:57.100 --> 00:09:59.100]  但你可以想像中
[00:09:59.100 --> 00:10:02.100]  她被其他兩個姐姐
[00:10:02.100 --> 00:10:04.300]  說成怎樣
[00:10:04.300 --> 00:10:05.300]  叫了你
[00:10:05.300 --> 00:10:06.500]  什麼事不看緊媽媽
[00:10:06.500 --> 00:10:08.900]  就是那些
[00:10:08.900 --> 00:10:10.500]  但她也明白一件事
[00:10:10.500 --> 00:10:12.900]  如果她有心要這樣做的話
[00:10:12.900 --> 00:10:15.300]  難道我能夠看到她一生嗎?
[00:10:15.300 --> 00:10:16.700]  也不能夠
[00:10:16.700 --> 00:10:18.100]  但那一刻的難過
[00:10:18.100 --> 00:10:20.500]  這種傷痛
[00:10:20.500 --> 00:10:21.900]  差不多叫一生之久
[00:10:21.900 --> 00:10:25.500]  間中又會彈出來
[00:10:25.500 --> 00:10:27.100]  我們舊神都憐憫我們
[00:10:27.100 --> 00:10:29.700]  所以我們也有安排一些活動
[00:10:29.700 --> 00:10:33.100]  我們希望可以釋放惡者的謊話
[00:10:33.100 --> 00:10:36.500]  求主也幫助我們釋放惡者的謊話
[00:10:36.500 --> 00:10:39.900]  我們連程序表也等不及
[00:10:39.900 --> 00:10:41.300]  全部都是剛剛約好的
[00:10:41.300 --> 00:10:43.500]  下個星期六
[00:10:43.500 --> 00:10:45.100]  我們兩點半
[00:10:45.100 --> 00:10:46.300]  昨天就有祈禱會
[00:10:46.300 --> 00:10:46.900]  下個星期六
[00:10:46.900 --> 00:10:48.300]  我們邀請了一位醫生
[00:10:48.300 --> 00:10:49.900]  跟大家分享一下
[00:10:49.900 --> 00:10:51.500]  那些情緒
[00:10:51.500 --> 00:10:52.900]  你突然間跳掣那些
[00:10:52.900 --> 00:10:57.300]  有些漩渦是有徵狀的
[00:10:57.300 --> 00:11:00.700]  可以及早尋求幫助
[00:11:00.700 --> 00:11:04.300]  另外我們也有正向家長心理的專家
[00:11:04.300 --> 00:11:06.900]  所以在後面坐著
[00:11:06.900 --> 00:11:09.100]  所以幫我們說一下
[00:11:09.100 --> 00:11:10.100]  其實我很感恩
[00:11:10.100 --> 00:11:11.500]  過往的一年裡
[00:11:11.500 --> 00:11:13.500]  我們也有一起合作
[00:11:13.500 --> 00:11:14.700]  去幫助家長
[00:11:14.700 --> 00:11:17.100]  去分辨好一些謊話
[00:11:17.100 --> 00:11:19.300]  正向來教導子女
[00:11:19.300 --> 00:11:22.900]  但同樣地我也希望
[00:11:22.900 --> 00:11:24.900]  家長也好
[00:11:24.900 --> 00:11:25.500]  不是家長也好
[00:11:25.500 --> 00:11:27.300]  也要學習
[00:11:27.300 --> 00:11:31.500]  希望你也邀請身邊的人
[00:11:31.500 --> 00:11:33.500]  一起來學習
[00:11:33.500 --> 00:11:36.500]  能夠身心靈得著康健
[00:11:36.500 --> 00:11:40.300]  也能夠分辨到一些情緒上
[00:11:40.300 --> 00:11:41.300]  有警號
[00:11:41.300 --> 00:11:43.300]  需要怎樣去尋求幫助
[00:11:43.300 --> 00:11:44.300]  可以嗎?
[00:11:44.300 --> 00:11:45.300]  下個星期六
[00:11:45.300 --> 00:11:47.100]  我們一起邀請身邊的人
[00:11:47.100 --> 00:11:49.300]  我們自己也一起來學習
[00:11:49.300 --> 00:11:53.300]  求神幫助我們分辨哪些是謊話
[00:11:53.300 --> 00:11:55.300]  可以在當中
[00:11:55.300 --> 00:11:57.300]  求神使用我們
[00:11:57.300 --> 00:11:58.300]  我們繼續看下去
[00:11:58.300 --> 00:12:00.300]  今天我們要看經文
[00:12:00.300 --> 00:12:02.300]  剛才叫你揭曰漢
[00:12:02.300 --> 00:12:03.300]  我們剛才讀了一些
[00:12:03.300 --> 00:12:04.300]  但我讀不完
[00:12:04.300 --> 00:12:06.300]  我想今天你也一起看
[00:12:06.300 --> 00:12:07.300]  我們揭下去
[00:12:07.300 --> 00:12:09.300]  聖經曰漢福音第一章
[00:12:09.300 --> 00:12:11.300]  我們從十九節開始看
[00:12:11.300 --> 00:12:14.300]  這是曰漢所作的見證
[00:12:14.300 --> 00:12:15.300]  一章十九節
[00:12:15.300 --> 00:12:17.300]  一章十九節大家可以看到
[00:12:17.300 --> 00:12:19.300]  我們一起看
[00:12:19.300 --> 00:12:21.300]  我讀你也讀
[00:12:21.300 --> 00:12:22.300]  有些時候你讀
[00:12:22.300 --> 00:12:24.300]  有些時候我讀
[00:12:24.300 --> 00:12:25.300]  我先讀十九節
[00:12:25.300 --> 00:12:26.300]  這裡說到
[00:12:26.300 --> 00:12:27.300]  曰漢所作的見證
[00:12:27.300 --> 00:12:28.300]  記在下面
[00:12:28.300 --> 00:12:30.300]  猶太人從耶路撒冷差
[00:12:30.300 --> 00:12:33.300]  祭司和利美人到曰漢那裡
[00:12:33.300 --> 00:12:35.300]  問他們算
[00:12:35.300 --> 00:12:36.300]  你是誰
[00:12:36.300 --> 00:12:38.300]  我們一起讀二十一節
[00:12:38.300 --> 00:12:40.300]  他就明算
[00:12:40.300 --> 00:12:42.300]  並不隱瞞
[00:12:42.300 --> 00:12:43.300]  明算
[00:12:43.300 --> 00:12:44.300]  我不是基督
[00:12:44.300 --> 00:12:46.300]  他們又問他算
[00:12:46.300 --> 00:12:48.300]  這樣你是誰呢
[00:12:48.300 --> 00:12:49.300]  是以利亞嗎
[00:12:49.300 --> 00:12:50.300]  他算
[00:12:50.300 --> 00:12:51.300]  我不是
[00:12:51.300 --> 00:12:53.300]  是那先知嗎
[00:12:53.300 --> 00:12:55.300]  他回答算
[00:12:55.300 --> 00:12:56.300]  不是
[00:12:56.300 --> 00:12:57.300]  這裡說到
[00:12:57.300 --> 00:13:00.300]  他們問問你是誰
[00:13:00.300 --> 00:13:01.300]  常常在我們心裡
[00:13:01.300 --> 00:13:03.300]  或者在人身邊
[00:13:03.300 --> 00:13:04.300]  問你是誰
[00:13:04.300 --> 00:13:05.300]  你究竟是誰
[00:13:05.300 --> 00:13:07.300]  你是否先知
[00:13:07.300 --> 00:13:08.300]  是否那個先知
[00:13:08.300 --> 00:13:09.300]  是否以利亞
[00:13:09.300 --> 00:13:10.300]  他說我不是
[00:13:10.300 --> 00:13:12.300]  你不是的話
[00:13:12.300 --> 00:13:14.300]  於是他們再問
[00:13:14.300 --> 00:13:15.300]  第二十二節
[00:13:15.300 --> 00:13:16.300]  於是他們就說
[00:13:16.300 --> 00:13:17.300]  你到底是誰
[00:13:17.300 --> 00:13:20.300]  叫我們好回覆那猜我們來的人
[00:13:20.300 --> 00:13:22.300]  你自己說你是誰呢
[00:13:22.300 --> 00:13:24.300]  我們又讀二十三二十四節
[00:13:24.300 --> 00:13:25.300]  他說
[00:13:25.300 --> 00:13:27.300]  我就是那在曠野
[00:13:27.300 --> 00:13:29.300]  有人聲喊著說
[00:13:29.300 --> 00:13:31.300]  修直主的道路
[00:13:31.300 --> 00:13:34.300]  正如先知以賽亞所說的
[00:13:34.300 --> 00:13:37.300]  那些人是發利賽人
[00:13:37.300 --> 00:13:39.300]  猜來的
[00:13:39.300 --> 00:13:41.300]  我們讀到這裡
[00:13:41.300 --> 00:13:43.300]  原來他明說
[00:13:43.300 --> 00:13:45.300]  我就是那把聲
[00:13:45.300 --> 00:13:47.300]  而且那些人是發利賽人
[00:13:47.300 --> 00:13:48.300]  猜來的
[00:13:48.300 --> 00:13:49.300]  剛才說到
[00:13:49.300 --> 00:13:50.300]  是什麼人來的
[00:13:50.300 --> 00:13:53.300]  是祭司和那些利美人
[00:13:53.300 --> 00:13:54.300]  那些利美人
[00:13:54.300 --> 00:13:55.300]  祭司是從哪裡來的
[00:13:55.300 --> 00:13:56.300]  耶路撒冷來的
[00:13:56.300 --> 00:13:57.300]  有些人派他們來
[00:13:57.300 --> 00:13:58.300]  不是他們自己來
[00:13:58.300 --> 00:13:59.300]  他們派
[00:13:59.300 --> 00:14:00.300]  不是自己想來
[00:14:00.300 --> 00:14:01.300]  是有人派他們來
[00:14:01.300 --> 00:14:02.300]  派他們來的是什麼人
[00:14:02.300 --> 00:14:04.300]  發利賽人
[00:14:04.300 --> 00:14:06.300]  我們繼續讀下去
[00:14:06.300 --> 00:14:08.300]  我先讀二十五節
[00:14:08.300 --> 00:14:10.300]  使他們就問他說
[00:14:10.300 --> 00:14:11.300]  既不是基督
[00:14:11.300 --> 00:14:12.300]  又不是理令
[00:14:12.300 --> 00:14:13.300]  那也不是那
[00:14:13.300 --> 00:14:15.300]  先知為什麼施洗呢
[00:14:15.300 --> 00:14:17.300]  由二十六節一起讀
[00:14:17.300 --> 00:14:19.300]  約翰回答說
[00:14:19.300 --> 00:14:22.300]  我是用水施洗
[00:14:22.300 --> 00:14:25.300]  但有一位站在你們中間
[00:14:25.300 --> 00:14:27.300]  是你們不認識的
[00:14:27.300 --> 00:14:30.300]  就是在我耳後來的
[00:14:30.300 --> 00:14:33.300]  我給他解鞋帶也不配
[00:14:33.300 --> 00:14:36.300]  這是在約旦河外
[00:14:36.300 --> 00:14:40.300]  伯大利約翰施洗的地方
[00:14:40.300 --> 00:14:41.300]  作的見證
[00:14:41.300 --> 00:14:43.300]  原來他就說
[00:14:43.300 --> 00:14:45.300]  我是用水施洗
[00:14:45.300 --> 00:14:46.300]  在你們中間
[00:14:46.300 --> 00:14:47.300]  有一個你不認識的
[00:14:47.300 --> 00:14:49.300]  在我耳後來
[00:14:49.300 --> 00:14:51.300]  我是為他解鞋帶不配
[00:14:51.300 --> 00:14:54.300]  也為他作見證
[00:14:54.300 --> 00:14:55.300]  我又說回來
[00:14:55.300 --> 00:14:57.300]  這個問問我是誰
[00:14:57.300 --> 00:14:58.300]  你是誰
[00:14:58.300 --> 00:14:59.300]  為什麼做這些事
[00:14:59.300 --> 00:15:00.300]  是不是大字這樣問
[00:15:00.300 --> 00:15:01.300]  總合來說
[00:15:01.300 --> 00:15:02.300]  你是誰
[00:15:02.300 --> 00:15:04.300]  為什麼做這些事
[00:15:04.300 --> 00:15:05.300]  其實這段時間
[00:15:05.300 --> 00:15:08.300]  香港也有這些醞釀
[00:15:08.300 --> 00:15:09.300]  你是誰
[00:15:09.300 --> 00:15:10.300]  為什麼做這些事
[00:15:10.300 --> 00:15:14.300]  譬如有個媽媽在家裡生小孩
[00:15:14.300 --> 00:15:15.300]  你是誰
[00:15:15.300 --> 00:15:17.300]  你又不是醫生
[00:15:17.300 --> 00:15:18.300]  你又不是護士
[00:15:18.300 --> 00:15:19.300]  又不是助產士
[00:15:19.300 --> 00:15:21.300]  你為什麼在家裡
[00:15:21.300 --> 00:15:22.300]  明白
[00:15:22.300 --> 00:15:23.300]  你是誰
[00:15:23.300 --> 00:15:24.300]  為什麼做這些事
[00:15:24.300 --> 00:15:25.300]  明白
[00:15:25.300 --> 00:15:26.300]  大字這樣的意思
[00:15:26.300 --> 00:15:28.300]  幾個重複出現
[00:15:28.300 --> 00:15:30.300]  或者有個
[00:15:30.300 --> 00:15:31.300]  怎麼說呢
[00:15:31.300 --> 00:15:32.300]  有時候我們有個身份
[00:15:32.300 --> 00:15:33.300]  有個位份
[00:15:33.300 --> 00:15:34.300]  才做這些事
[00:15:34.300 --> 00:15:35.300]  不是一定不行
[00:15:35.300 --> 00:15:36.300]  有時候也是可以的
[00:15:36.300 --> 00:15:39.300]  但是給我們一個提醒
[00:15:39.300 --> 00:15:40.300]  挑戰
[00:15:40.300 --> 00:15:41.300]  你有什麼特質
[00:15:41.300 --> 00:15:43.300]  你為什麼會做到這些事
[00:15:43.300 --> 00:15:46.300]  施洗約翰其實是誰
[00:15:46.300 --> 00:15:49.300]  是天父派他做一個很特別的事情
[00:15:49.300 --> 00:15:50.300]  他原本是什麼人
[00:15:50.300 --> 00:15:53.300]  施洗約翰其實應該是一個祭司
[00:15:53.300 --> 00:15:55.300]  因為他爸爸就是祭司
[00:15:55.300 --> 00:15:57.300]  撒加利亞是一個祭司
[00:15:57.300 --> 00:16:01.300]  他應該按照班次來電女公職
[00:16:01.300 --> 00:16:02.300]  如果這樣說
[00:16:02.300 --> 00:16:04.300]  當時是世襲
[00:16:04.300 --> 00:16:06.300]  這個祭司是世襲
[00:16:06.300 --> 00:16:08.300]  他如果安安分分
[00:16:08.300 --> 00:16:09.300]  應該在哪裡
[00:16:09.300 --> 00:16:11.300]  在耶路撒冷等候公職
[00:16:11.300 --> 00:16:12.300]  然後就怎樣
[00:16:12.300 --> 00:16:14.300]  然後就做祭司
[00:16:14.300 --> 00:16:15.300]  他現在去了哪裡
[00:16:15.300 --> 00:16:16.300]  去了曠野
[00:16:16.300 --> 00:16:18.300]  去了為人施洗
[00:16:18.300 --> 00:16:19.300]  你是誰
[00:16:19.300 --> 00:16:20.300]  你是不是才知道
[00:16:20.300 --> 00:16:21.300]  為什麼要做這些事
[00:16:21.300 --> 00:16:22.300]  說回頭
[00:16:22.300 --> 00:16:24.300]  每個人都有個特質
[00:16:24.300 --> 00:16:26.300]  有時候這些質問
[00:16:26.300 --> 00:16:28.300]  其實給我們檢視自己
[00:16:28.300 --> 00:16:30.300]  究竟我是誰
[00:16:30.300 --> 00:16:31.300]  我要做些什麼
[00:16:31.300 --> 00:16:32.300]  為什麼要做這些事
[00:16:32.300 --> 00:16:34.300]  每個人都有些特質
[00:16:34.300 --> 00:16:36.300]  人人都有些特質
[00:16:36.300 --> 00:16:37.300]  教會有沒有特質
[00:16:37.300 --> 00:16:39.300]  每間教會都有些特質
[00:16:39.300 --> 00:16:41.300]  我們教會有什麼特質
[00:16:41.300 --> 00:16:43.300]  我們教會的特質是什麼
[00:16:43.300 --> 00:16:44.300]  有什麼特質
[00:16:44.300 --> 00:16:45.300]  我們教會的特質
[00:16:45.300 --> 00:16:46.300]  是很認真的
[00:16:46.300 --> 00:16:47.300]  你知不知道
[00:16:47.300 --> 00:16:48.300]  你不知覺不覺
[00:16:48.300 --> 00:16:49.300]  我們教會的特質
[00:16:49.300 --> 00:16:51.300]  玩也很認真玩
[00:16:51.300 --> 00:16:54.300]  知不知道為什麼玩認真
[00:16:54.300 --> 00:16:56.300]  我見到部長在那裡說
[00:16:56.300 --> 00:16:57.300]  我們玩
[00:16:57.300 --> 00:16:58.300]  我們那些
[00:16:58.300 --> 00:17:01.300]  反過來有些人很認真的
[00:17:01.300 --> 00:17:02.300]  都好像玩一樣
[00:17:02.300 --> 00:17:03.300]  譬如阿叻
[00:17:03.300 --> 00:17:05.300]  他們很認真的
[00:17:05.300 --> 00:17:07.300]  都很兒戲玩
[00:17:07.300 --> 00:17:10.300]  但我們反過來
[00:17:10.300 --> 00:17:11.300]  我們玩的都很認真的
[00:17:11.300 --> 00:17:13.300]  你見到我們亂世遊戲
[00:17:13.300 --> 00:17:16.300]  時間都計算得很準確
[00:17:16.300 --> 00:17:19.300]  我們有我們的特質
[00:17:19.300 --> 00:17:21.300]  但我們是誰
[00:17:21.300 --> 00:17:23.300]  我們教會的特質
[00:17:23.300 --> 00:17:25.300]  是這方面
[00:17:25.300 --> 00:17:26.300]  但同樣地
[00:17:26.300 --> 00:17:27.300]  我們教會還有特質
[00:17:27.300 --> 00:17:29.300]  我們教會的特質
[00:17:29.300 --> 00:17:32.300]  是希望我們成為一間社區的教會
[00:17:32.300 --> 00:17:34.300]  不知你覺不覺得
[00:17:34.300 --> 00:17:36.300]  我們希望可以將神的愛
[00:17:36.300 --> 00:17:38.300]  帶給我們身邊的街坊
[00:17:38.300 --> 00:17:39.300]  未必很成功
[00:17:39.300 --> 00:17:40.300]  要我們特質
[00:17:40.300 --> 00:17:41.300]  我們希望可以做
[00:17:41.300 --> 00:17:42.300]  可以嗎
[00:17:42.300 --> 00:17:43.300]  我們希望可以做
[00:17:43.300 --> 00:17:45.300]  究竟我們是誰
[00:17:45.300 --> 00:17:47.300]  我們究竟的目標是怎樣
[00:17:47.300 --> 00:17:53.300]  我們希望可以成為神使用的器皿
[00:17:53.300 --> 00:17:54.300]  約翰是誰
[00:17:54.300 --> 00:17:56.300]  他究竟是誰
[00:17:56.300 --> 00:17:58.300]  他的目標
[00:17:58.300 --> 00:17:59.300]  很明顯
[00:17:59.300 --> 00:18:00.300]  我們再看一次經文
[00:18:00.300 --> 00:18:03.300]  第23節
[00:18:03.300 --> 00:18:05.300]  原來他是那把聲
[00:18:05.300 --> 00:18:08.300]  我就是那在曠野有人聲喊著說
[00:18:08.300 --> 00:18:09.300]  修直主的道路
[00:18:09.300 --> 00:18:11.300]  是那把聲
[00:18:11.300 --> 00:18:13.300]  修直主道路的那把聲
[00:18:13.300 --> 00:18:16.300]  希望神引領主耶穌
[00:18:16.300 --> 00:18:18.300]  來到眾人的面前
[00:18:18.300 --> 00:18:20.300]  我們都希望做到那把聲
[00:18:20.300 --> 00:18:22.300]  約翰做的我們都要做
[00:18:22.300 --> 00:18:25.300]  因為地上最大的是約翰
[00:18:25.300 --> 00:18:26.300]  主耶穌說的
[00:18:26.300 --> 00:18:29.300]  但是天國最小的都大過他
[00:18:29.300 --> 00:18:30.300]  我們同樣要做
[00:18:30.300 --> 00:18:32.300]  我們將修直主的道路
[00:18:32.300 --> 00:18:34.300]  引領人去到主的面前
[00:18:34.300 --> 00:18:36.300]  還有約翰要做甚麼呢
[00:18:36.300 --> 00:18:39.300]  帶領人受洗、施洗
[00:18:39.300 --> 00:18:41.300]  我是試用水施洗
[00:18:41.300 --> 00:18:42.300]  我們看經文
[00:18:42.300 --> 00:18:43.300]  我們繼續看
[00:18:43.300 --> 00:18:44.300]  跳過去看
[00:18:44.300 --> 00:18:46.300]  第29節我們看
[00:18:46.300 --> 00:18:47.300]  次日
[00:18:47.300 --> 00:18:48.300]  我們一起讀
[00:18:48.300 --> 00:18:50.300]  次日29、30、31
[00:18:50.300 --> 00:18:54.300]  次日約翰看見耶穌來到他那裡
[00:18:54.300 --> 00:18:55.300]  就說
[00:18:55.300 --> 00:18:57.300]  看那神的羔羊
[00:18:57.300 --> 00:18:59.300]  去世人聚業的
[00:18:59.300 --> 00:19:01.300]  這就是我曾說
[00:19:01.300 --> 00:19:03.300]  有一位在我以後來的
[00:19:03.300 --> 00:19:05.300]  反成了在我以前的
[00:19:05.300 --> 00:19:09.300]  因他本來在我以前
[00:19:09.300 --> 00:19:11.300]  我先前不認識他
[00:19:11.300 --> 00:19:14.300]  如今我來用水施洗
[00:19:14.300 --> 00:19:18.300]  為要叫他顯明給以色列人
[00:19:18.300 --> 00:19:20.300]  所以還有第二個
[00:19:20.300 --> 00:19:21.300]  約翰要做的就是
[00:19:21.300 --> 00:19:23.300]  用水來和人施洗
[00:19:23.300 --> 00:19:26.300]  亦宣告主耶穌是神的羔羊
[00:19:26.300 --> 00:19:27.300]  神的羔羊
[00:19:27.300 --> 00:19:29.300]  這裏遙遙指向甚麼呢
[00:19:29.300 --> 00:19:31.300]  指向在禹節裏面
[00:19:31.300 --> 00:19:32.300]  神的羔羊
[00:19:32.300 --> 00:19:35.300]  將血灑在門欄上
[00:19:35.300 --> 00:19:37.300]  神的審判不臨到當中
[00:19:37.300 --> 00:19:39.300]  神的羔羊
[00:19:39.300 --> 00:19:40.300]  他去宣告
[00:19:40.300 --> 00:19:42.300]  亦用水來施洗
[00:19:42.300 --> 00:19:44.300]  引領我們明白主的救恩
[00:19:44.300 --> 00:19:46.300]  約翰要做的事
[00:19:46.300 --> 00:19:48.300]  只能夠做到甚麼呢
[00:19:48.300 --> 00:19:51.300]  是用人去用水來施洗
[00:19:51.300 --> 00:19:55.300]  讓我們知道我們需要除去罪孽
[00:19:55.300 --> 00:19:56.300]  但等候著甚麼呢
[00:19:56.300 --> 00:20:00.300]  等候著用聖靈為我們施洗的主耶穌
[00:20:00.300 --> 00:20:02.300]  我們繼續看下去
[00:20:02.300 --> 00:20:05.300]  我們看三十二節
[00:20:05.300 --> 00:20:07.300]  我們讀到三十六節
[00:20:07.300 --> 00:20:09.300]  預備,一二三
[00:20:09.300 --> 00:20:11.300]  約翰又作見證說
[00:20:11.300 --> 00:20:13.300]  我曾看見聖靈
[00:20:13.300 --> 00:20:16.300]  彷彿甲子從天降下
[00:20:16.300 --> 00:20:18.300]  住在他身上
[00:20:18.300 --> 00:20:20.300]  我先前不認識他
[00:20:20.300 --> 00:20:24.300]  只是那差我來的用水施洗
[00:20:24.300 --> 00:20:25.300]  對我說
[00:20:25.300 --> 00:20:28.300]  你看見聖靈降下來
[00:20:28.300 --> 00:20:30.300]  住在誰的身上
[00:20:30.300 --> 00:20:33.300]  誰就是用聖靈施洗的
[00:20:33.300 --> 00:20:34.300]  我看見了
[00:20:34.300 --> 00:20:38.300]  就證明這是神的兒子
[00:20:38.300 --> 00:20:39.300]  再次人
[00:20:39.300 --> 00:20:44.300]  約翰和兩個門徒在那裡
[00:20:44.300 --> 00:20:46.300]  他看見耶穌行走
[00:20:46.300 --> 00:20:50.300]  就算看那這是神的羔羊
[00:20:50.300 --> 00:20:51.300]  我們讀到這裡
[00:20:51.300 --> 00:20:53.300]  這裡再次宣告
[00:20:53.300 --> 00:20:54.300]  再次即是第二天
[00:20:54.300 --> 00:20:55.300]  又再說
[00:20:55.300 --> 00:20:57.300]  這是神的羔羊
[00:20:57.300 --> 00:20:58.300]  向著兩個門徒說
[00:20:58.300 --> 00:21:00.300]  因為他也看到了
[00:21:00.300 --> 00:21:01.300]  他去證明
[00:21:01.300 --> 00:21:03.300]  施洗約翰
[00:21:03.300 --> 00:21:05.300]  用水和人施洗
[00:21:05.300 --> 00:21:07.300]  提醒我們是有罪人
[00:21:07.300 --> 00:21:08.300]  要來到主耶穌的面前
[00:21:08.300 --> 00:21:10.300]  來到神的羔羊面前
[00:21:10.300 --> 00:21:11.300]  領受聖靈
[00:21:11.300 --> 00:21:12.300]  因為我是用水施洗
[00:21:12.300 --> 00:21:15.300]  但是我看見聖靈降在誰的身上
[00:21:15.300 --> 00:21:17.300]  誰就是用聖靈施洗
[00:21:17.300 --> 00:21:18.300]  我看見了
[00:21:18.300 --> 00:21:20.300]  就為此作證明
[00:21:20.300 --> 00:21:22.300]  證明這是神的兒子
[00:21:22.300 --> 00:21:25.300]  所以約翰做了三件事
[00:21:25.300 --> 00:21:27.300]  約翰是施水
[00:21:27.300 --> 00:21:29.300]  做了三件事
[00:21:29.300 --> 00:21:31.300]  第一件事就是那把聲
[00:21:31.300 --> 00:21:34.300]  修籍主的道路那把聲
[00:21:34.300 --> 00:21:35.300]  向世界宣告
[00:21:35.300 --> 00:21:36.300]  第二
[00:21:36.300 --> 00:21:37.300]  行動
[00:21:37.300 --> 00:21:39.300]  用水向人施洗
[00:21:39.300 --> 00:21:41.300]  證明我們是
[00:21:41.300 --> 00:21:43.300]  或者指示我們是罪人
[00:21:43.300 --> 00:21:44.300]  第三
[00:21:44.300 --> 00:21:47.300]  去證明這是神的兒子
[00:21:47.300 --> 00:21:49.300]  去作見證
[00:21:49.300 --> 00:21:52.300]  施洗約翰所做的三件事
[00:21:52.300 --> 00:21:55.300]  我們也提醒自己
[00:21:55.300 --> 00:21:57.300]  讓我們知道
[00:21:57.300 --> 00:21:58.300]  因為聖經提到
[00:21:58.300 --> 00:22:00.300]  我先前不知道
[00:22:00.300 --> 00:22:02.300]  不是完全不知道
[00:22:02.300 --> 00:22:04.300]  是不是很知道
[00:22:04.300 --> 00:22:06.300]  似乎知道
[00:22:06.300 --> 00:22:08.300]  他是不是不認識耶穌
[00:22:08.300 --> 00:22:09.300]  不是
[00:22:09.300 --> 00:22:10.300]  他是耶穌的親戚
[00:22:10.300 --> 00:22:12.300]  但是後來他才知道
[00:22:12.300 --> 00:22:14.300]  這是神的兒子
[00:22:14.300 --> 00:22:16.300]  因為看見了一個很明確的證據
[00:22:16.300 --> 00:22:18.300]  那明確的證據是什麼
[00:22:18.300 --> 00:22:20.300]  那明確的證據是
[00:22:20.300 --> 00:22:23.300]  因為聖靈降臨在他身上
[00:22:23.300 --> 00:22:25.300]  我今天還想提醒一件事
[00:22:25.300 --> 00:22:28.300]  今天我們究竟是誰
[00:22:28.300 --> 00:22:32.300]  我們今天是上帝所使用的器皿
[00:22:32.300 --> 00:22:35.300]  去宣告主耶穌是神的兒子
[00:22:35.300 --> 00:22:38.300]  引導人去到神的面前
[00:22:38.300 --> 00:22:40.300]  我們要做那把聲
[00:22:40.300 --> 00:22:43.300]  修織主的道路
[00:22:43.300 --> 00:22:45.300]  我們要做什麼呢
[00:22:45.300 --> 00:22:47.300]  引領人去得著主的救恩
[00:22:47.300 --> 00:22:49.300]  我們提醒人
[00:22:49.300 --> 00:22:51.300]  我們是罪人
[00:22:51.300 --> 00:22:53.300]  需要主的救恩
[00:22:53.300 --> 00:22:55.300]  同樣證明耶穌基督是神的兒子
[00:22:55.300 --> 00:22:57.300]  在我們身上
[00:22:57.300 --> 00:22:59.300]  我今天還想提一兩件事
[00:22:59.300 --> 00:23:02.300]  如果我們這樣的時候
[00:23:02.300 --> 00:23:04.300]  我們也提醒自己
[00:23:04.300 --> 00:23:08.300]  我們究竟是不是在做這樣的事
[00:23:08.300 --> 00:23:11.300]  是不是在做修織主的道路
[00:23:11.300 --> 00:23:14.300]  引領人去到神的面前的事
[00:23:14.300 --> 00:23:16.300]  今天我還想提一件事
[00:23:16.300 --> 00:23:18.300]  我是誰
[00:23:18.300 --> 00:23:24.300]  我是神所使用的
[00:23:24.300 --> 00:23:26.300]  你也是
[00:23:26.300 --> 00:23:28.300]  我們是弟兄姊妹
[00:23:28.300 --> 00:23:29.300]  我們都在一起
[00:23:29.300 --> 00:23:31.300]  「同打那美好的仗」
[00:23:31.300 --> 00:23:36.300]  在我上一次
[00:23:36.300 --> 00:23:38.300]  在我還沒放假前就提到
[00:23:38.300 --> 00:23:39.300]  提到一篇信息
[00:23:39.300 --> 00:23:41.300]  有位弟兄來提醒我
[00:23:41.300 --> 00:23:42.300]  我看看
[00:23:42.300 --> 00:23:44.300]  轉到PowerPoint
[00:23:44.300 --> 00:23:46.300]  一邊看一邊看
[00:23:46.300 --> 00:23:48.300]  在經文那邊一邊看
[00:23:48.300 --> 00:23:50.300]  在5月17日
[00:23:50.300 --> 00:23:53.300]  有弟兄姊妹回應我
[00:23:53.300 --> 00:23:55.300]  那天我說大使命
[00:23:55.300 --> 00:23:56.300]  我有提到
[00:23:56.300 --> 00:23:58.300]  其實我沒有展示經文
[00:23:58.300 --> 00:24:00.300]  《馬太福音28章19-20節》
[00:24:00.300 --> 00:24:02.300]  大使命
[00:24:02.300 --> 00:24:04.300]  我相信你也記得
[00:24:04.300 --> 00:24:06.300]  大使命叫我們往普天下去傳福音
[00:24:06.300 --> 00:24:07.300]  給萬民聽
[00:24:07.300 --> 00:24:08.300]  凡我所教訓的
[00:24:08.300 --> 00:24:10.300]  都教訓他們遵守
[00:24:10.300 --> 00:24:11.300]  我就常與你們同在
[00:24:11.300 --> 00:24:12.300]  記不記得
[00:24:12.300 --> 00:24:13.300]  那段經文
[00:24:13.300 --> 00:24:14.300]  我有提及前一部分
[00:24:14.300 --> 00:24:16.300]  但弟兄提醒我
[00:24:16.300 --> 00:24:18.300]  你沒有提及後面的部分
[00:24:18.300 --> 00:24:19.300]  因為兩件事
[00:24:19.300 --> 00:24:20.300]  第一件事是傳福音
[00:24:20.300 --> 00:24:22.300]  第二件事是教訓門徒
[00:24:22.300 --> 00:24:24.300]  遵守主的教訓
[00:24:24.300 --> 00:24:26.300]  繼續看下一頁
[00:24:26.300 --> 00:24:30.300]  今天我所說的信息
[00:24:30.300 --> 00:24:33.300]  在5月17日提醒大家傳福音
[00:24:33.300 --> 00:24:35.300]  但是沒有強調
[00:24:35.300 --> 00:24:39.300]  信徒要成為門徒
[00:24:39.300 --> 00:24:40.300]  遵守主的教訓
[00:24:40.300 --> 00:24:42.300]  各位弟兄提醒我
[00:24:42.300 --> 00:24:43.300]  原文中
[00:24:43.300 --> 00:24:45.300]  這個N的意思
[00:24:45.300 --> 00:24:46.300]  是連接詞
[00:24:46.300 --> 00:24:48.300]  將19-20節
[00:24:48.300 --> 00:24:50.300]  寫到連在一起
[00:24:50.300 --> 00:24:51.300]  那麼重要
[00:24:51.300 --> 00:24:52.300]  整傳大使命
[00:24:52.300 --> 00:24:53.300]  傳福音
[00:24:53.300 --> 00:24:54.300]  但要做門徒
[00:24:54.300 --> 00:24:55.300]  可以嗎
[00:24:55.300 --> 00:24:57.300]  大致的說法
[00:24:57.300 --> 00:24:58.300]  當然有人提醒我
[00:24:58.300 --> 00:25:00.300]  我第一個感覺就是
[00:25:00.300 --> 00:25:03.300]  我是誰
[00:25:03.300 --> 00:25:04.300]  我是牧師
[00:25:04.300 --> 00:25:06.300]  你提我講到講漏的東西
[00:25:06.300 --> 00:25:08.300]  甚麼人
[00:25:08.300 --> 00:25:09.300]  不是
[00:25:09.300 --> 00:25:11.300]  是弟兄
[00:25:11.300 --> 00:25:13.300]  那又何妨呢
[00:25:13.300 --> 00:25:15.300]  提醒我就告訴你
[00:25:15.300 --> 00:25:16.300]  所以我覺得
[00:25:16.300 --> 00:25:17.300]  好啊
[00:25:17.300 --> 00:25:18.300]  因為我們都是需要
[00:25:18.300 --> 00:25:19.300]  互相提醒的
[00:25:19.300 --> 00:25:21.300]  同意嗎
[00:25:21.300 --> 00:25:22.300]  互相提醒
[00:25:22.300 --> 00:25:23.300]  我就告訴你
[00:25:23.300 --> 00:25:24.300]  所以肯定
[00:25:24.300 --> 00:25:26.300]  你看這些不是我的風格
[00:25:26.300 --> 00:25:27.300]  我拋一個重點
[00:25:27.300 --> 00:25:28.300]  弄出來給你看
[00:25:28.300 --> 00:25:29.300]  清楚一點
[00:25:29.300 --> 00:25:30.300]  繼續看下去
[00:25:30.300 --> 00:25:31.300]  不用看了
[00:25:31.300 --> 00:25:32.300]  下一個
[00:25:32.300 --> 00:25:34.300]  因此一定要一起強調
[00:25:34.300 --> 00:25:36.300]  避免肢體
[00:25:36.300 --> 00:25:37.300]  主教強調
[00:25:37.300 --> 00:25:39.300]  真實實踐主的教導
[00:25:39.300 --> 00:25:43.300]  所以我認同肢體
[00:25:43.300 --> 00:25:45.300]  給我愛心的回應
[00:25:45.300 --> 00:25:46.300]  這裡特別宣告
[00:25:46.300 --> 00:25:47.300]  互相勸勉
[00:25:47.300 --> 00:25:49.300]  我是誰
[00:25:49.300 --> 00:25:50.300]  我們是神所使用
[00:25:50.300 --> 00:25:52.300]  我們一切都是上帝所使用
[00:25:52.300 --> 00:25:54.300]  提醒人要來到主的面前
[00:25:54.300 --> 00:25:55.300]  互相教導
[00:25:55.300 --> 00:25:56.300]  實踐真理
[00:25:56.300 --> 00:25:58.300]  不過我還想繼續看下去
[00:25:58.300 --> 00:26:00.300]  我們先前知道
[00:26:00.300 --> 00:26:02.300]  先前不知道
[00:26:02.300 --> 00:26:03.300]  現在知道
[00:26:03.300 --> 00:26:05.300]  現在開始實踐
[00:26:05.300 --> 00:26:07.300]  不過我還有一件事
[00:26:07.300 --> 00:26:09.300]  想繼續說下去
[00:26:09.300 --> 00:26:10.300]  重點
[00:26:10.300 --> 00:26:11.300]  這裡提到
[00:26:11.300 --> 00:26:13.300]  神的羔羊主耶穌
[00:26:13.300 --> 00:26:16.300]  是用聖靈和我們洗禮的
[00:26:16.300 --> 00:26:17.300]  可以嗎
[00:26:17.300 --> 00:26:19.300]  今天你和我
[00:26:19.300 --> 00:26:21.300]  有沒有聖靈呢
[00:26:21.300 --> 00:26:24.300]  我們是否受了聖靈的洗禮呢
[00:26:24.300 --> 00:26:27.300]  不要懷疑
[00:26:27.300 --> 00:26:30.300]  我們能夠接受主耶穌的救恩
[00:26:30.300 --> 00:26:32.300]  已經領受聖靈
[00:26:32.300 --> 00:26:34.300]  聖靈一定在我們當中
[00:26:34.300 --> 00:26:37.300]  不需要懷疑
[00:26:37.300 --> 00:26:39.300]  聖靈在我們心裡面
[00:26:39.300 --> 00:26:41.300]  三件工作
[00:26:41.300 --> 00:26:43.300]  我們已經因為主耶穌
[00:26:43.300 --> 00:26:44.300]  已經賜下聖靈
[00:26:44.300 --> 00:26:47.300]  因為主耶穌離開世界之前
[00:26:47.300 --> 00:26:48.300]  肉身離開世界之前
[00:26:48.300 --> 00:26:50.300]  祂已經賜下保衛師
[00:26:50.300 --> 00:26:51.300]  我要離開你們
[00:26:51.300 --> 00:26:53.300]  但我們賜了一位保衛師
[00:26:53.300 --> 00:26:55.300]  在你們當中
[00:26:55.300 --> 00:26:57.300]  是永遠與我們同在
[00:26:57.300 --> 00:26:59.300]  所以我們不需要擔心
[00:26:59.300 --> 00:27:01.300]  我們能夠信主耶穌
[00:27:01.300 --> 00:27:02.300]  是因為聖靈
[00:27:02.300 --> 00:27:03.300]  如果不是聖靈
[00:27:03.300 --> 00:27:06.300]  沒有人能夠稱耶穌是主
[00:27:06.300 --> 00:27:07.300]  如果不是聖靈
[00:27:07.300 --> 00:27:10.300]  我們也不能夠接受主耶穌的救恩
[00:27:10.300 --> 00:27:12.300]  是因為聖靈
[00:27:12.300 --> 00:27:16.300]  我承認主是神的兒子
[00:27:16.300 --> 00:27:19.300]  我承認主耶穌是我的救主和生命主
[00:27:19.300 --> 00:27:23.300]  聖靈在我心中是證明、證據
[00:27:23.300 --> 00:27:25.300]  如果有聖靈在心中
[00:27:25.300 --> 00:27:28.300]  沒有人會說耶穌是可救助的
[00:27:28.300 --> 00:27:30.300]  羅馬書告訴我們
[00:27:30.300 --> 00:27:32.300]  還有第二件事
[00:27:32.300 --> 00:27:34.300]  我們有聖靈在心中
[00:27:34.300 --> 00:27:36.300]  我們必定會怎樣呢
[00:27:36.300 --> 00:27:38.300]  我們對罪有一個醒覺
[00:27:38.300 --> 00:27:41.300]  會為罪、為義、為審判
[00:27:41.300 --> 00:27:43.300]  自己責備自己
[00:27:43.300 --> 00:27:44.300]  我不詳細說
[00:27:44.300 --> 00:27:46.300]  但我們對罪有敏感
[00:27:46.300 --> 00:27:48.300]  聖靈在我們心中提醒
[00:27:48.300 --> 00:27:50.300]  我們可以拒絕聖靈
[00:27:50.300 --> 00:27:51.300]  我們會的
[00:27:51.300 --> 00:27:52.300]  有時也會的
[00:27:52.300 --> 00:27:53.300]  聖靈提醒我
[00:27:53.300 --> 00:27:57.300]  但我抗拒消滅聖靈的聲音是可以的
[00:27:57.300 --> 00:28:00.300]  但聖靈的聲音在我心中是證據
[00:28:00.300 --> 00:28:02.300]  聖靈在我心中提醒
[00:28:02.300 --> 00:28:04.300]  我在犯罪
[00:28:04.300 --> 00:28:06.300]  在規決上帝的榮耀
[00:28:06.300 --> 00:28:07.300]  提醒我
[00:28:07.300 --> 00:28:08.300]  一定有
[00:28:08.300 --> 00:28:09.300]  我們有聖靈在心中
[00:28:09.300 --> 00:28:10.300]  第三件事
[00:28:10.300 --> 00:28:12.300]  我們會結出聖靈的果子
[00:28:12.300 --> 00:28:16.300]  「仁愛、喜樂、和平、忍耐、溫柔、良善、淑女、節制」
[00:28:16.300 --> 00:28:18.300]  這些是一定有的
[00:28:18.300 --> 00:28:22.300]  雖然未必結得很靚仔、很成熟
[00:28:22.300 --> 00:28:24.300]  但起碼有結的
[00:28:24.300 --> 00:28:26.300]  求神也幫助我們
[00:28:26.300 --> 00:28:27.300]  不需要懷疑
[00:28:27.300 --> 00:28:30.300]  聖靈已經在我們心中
[00:28:30.300 --> 00:28:32.300]  求主幫我們
[00:28:32.300 --> 00:28:35.300]  聖靈在我們心中的時候
[00:28:35.300 --> 00:28:39.300]  我們就歡喜地在地上走天路
[00:28:39.300 --> 00:28:41.300]  我還想和你分享一件事
[00:28:41.300 --> 00:28:44.300]  有時我們也會覺得患得患失
[00:28:44.300 --> 00:28:45.300]  有沒有聖靈呢?
[00:28:45.300 --> 00:28:47.300]  我們一定有聖靈
[00:28:47.300 --> 00:28:49.300]  但有些弟兄姊妹跟我說
[00:28:49.300 --> 00:28:52.300]  有些教會是比較明確的
[00:28:52.300 --> 00:28:54.300]  會講方言
[00:28:54.300 --> 00:28:56.300]  我們教會是不講方言的
[00:28:56.300 --> 00:28:59.300]  有些教會又有神蹟歧視
[00:28:59.300 --> 00:29:01.300]  我們又比較少
[00:29:01.300 --> 00:29:03.300]  聖靈不同的表達
[00:29:03.300 --> 00:29:06.300]  在我們宗教會有獨特的遺訓
[00:29:06.300 --> 00:29:07.300]  表達的方式
[00:29:07.300 --> 00:29:09.300]  但是聖靈一定在我們心中
[00:29:09.300 --> 00:29:12.300]  我想分享兩個見證
[00:29:12.300 --> 00:29:14.300]  在我們教會裡
[00:29:14.300 --> 00:29:17.300]  聖靈有時比較
[00:29:17.300 --> 00:29:19.300]  天父會讓我突出一點
[00:29:19.300 --> 00:29:21.300]  讓我感受到聖靈與我們同在
[00:29:21.300 --> 00:29:22.300]  在這裡的
[00:29:22.300 --> 00:29:23.300]  不過突出一點
[00:29:23.300 --> 00:29:25.300]  他害怕我不知道的時候
[00:29:25.300 --> 00:29:26.300]  他會突出一點
[00:29:26.300 --> 00:29:28.300]  幾年前
[00:29:28.300 --> 00:29:29.300]  沒有幾年前
[00:29:29.300 --> 00:29:30.300]  兩年前
[00:29:30.300 --> 00:29:31.300]  有一位弟兄
[00:29:31.300 --> 00:29:32.300]  其實回教會很久了
[00:29:32.300 --> 00:29:33.300]  但沒有洗禮
[00:29:33.300 --> 00:29:35.300]  因為他身體比較軟弱
[00:29:35.300 --> 00:29:36.300]  經常回不了
[00:29:36.300 --> 00:29:37.300]  他有回
[00:29:37.300 --> 00:29:38.300]  但又回不了洗禮班
[00:29:38.300 --> 00:29:40.300]  經常坐不了那麼久
[00:29:40.300 --> 00:29:41.300]  沒有回
[00:29:41.300 --> 00:29:43.300]  但是他病情突然急轉直下
[00:29:43.300 --> 00:29:45.300]  進了ICU
[00:29:45.300 --> 00:29:49.300]  他想洗禮
[00:29:49.300 --> 00:29:50.300]  他有跟他老婆說
[00:29:50.300 --> 00:29:51.300]  我想洗禮
[00:29:51.300 --> 00:29:53.300]  遲些痊愈
[00:29:53.300 --> 00:29:55.300]  就上洗禮班
[00:29:55.300 --> 00:29:57.300]  但一直都沒有
[00:29:57.300 --> 00:29:58.300]  去到那天沒有機會
[00:29:58.300 --> 00:29:59.300]  回到洗禮班
[00:29:59.300 --> 00:30:01.300]  他太太跟我說
[00:30:01.300 --> 00:30:04.300]  我可不可以幫我丈夫
[00:30:04.300 --> 00:30:06.300]  就是牧師幫我掌洗禮
[00:30:06.300 --> 00:30:07.300]  這樣
[00:30:07.300 --> 00:30:09.300]  他進了ICU
[00:30:09.300 --> 00:30:11.300]  表達不了
[00:30:11.300 --> 00:30:13.300]  我可不可以幫他洗禮
[00:30:13.300 --> 00:30:17.300]  我真的要做決定
[00:30:17.300 --> 00:30:19.300]  有人會挑戰牧師
[00:30:19.300 --> 00:30:21.300]  他又不能告訴你
[00:30:21.300 --> 00:30:23.300]  我做決定
[00:30:23.300 --> 00:30:25.300]  按照聖靈給我的心
[00:30:25.300 --> 00:30:27.300]  不一定對
[00:30:27.300 --> 00:30:29.300]  幫他洗禮
[00:30:29.300 --> 00:30:31.300]  但其實他太太跟我有些疑惑
[00:30:31.300 --> 00:30:33.300]  都有一點點疑惑
[00:30:33.300 --> 00:30:36.300]  究竟是不是他的意願
[00:30:36.300 --> 00:30:38.300]  有些意願
[00:30:38.300 --> 00:30:40.300]  我跟他洗完禮之後
[00:30:40.300 --> 00:30:42.300]  那星期我又去探望他
[00:30:42.300 --> 00:30:44.300]  一起唱詩歌
[00:30:44.300 --> 00:30:46.300]  一起祈禱
[00:30:46.300 --> 00:30:48.300]  那天從來都沒有
[00:30:48.300 --> 00:30:49.300]  我平時都這樣做
[00:30:49.300 --> 00:30:50.300]  但那天很特別
[00:30:50.300 --> 00:30:51.300]  在ICU裏面
[00:30:51.300 --> 00:30:55.300]  我感受到聖靈所賜下的平安
[00:30:55.300 --> 00:30:58.300]  我覺得是天父額外給我的印證
[00:30:58.300 --> 00:31:00.300]  給我的姊妹
[00:31:00.300 --> 00:31:01.300]  我們一起去印證
[00:31:01.300 --> 00:31:02.300]  聖靈在這裏
[00:31:02.300 --> 00:31:04.300]  我問他
[00:31:04.300 --> 00:31:06.300]  平時不是這樣
[00:31:06.300 --> 00:31:07.300]  我感受到出人意外的平安
[00:31:07.300 --> 00:31:08.300]  心裏的溫暖
[00:31:08.300 --> 00:31:10.300]  很特別
[00:31:10.300 --> 00:31:12.300]  聖靈在此
[00:31:12.300 --> 00:31:13.300]  看我
[00:31:13.300 --> 00:31:14.300]  也給我們證據
[00:31:14.300 --> 00:31:16.300]  我們沒有冤枉他
[00:31:16.300 --> 00:31:18.300]  沒有冤枉那位弟兄
[00:31:18.300 --> 00:31:19.300]  他是上了
[00:31:19.300 --> 00:31:21.300]  神現在如立他
[00:31:21.300 --> 00:31:23.300]  聖靈在我們當中
[00:31:23.300 --> 00:31:24.300]  神在我們當中
[00:31:24.300 --> 00:31:26.300]  還想說一個見證
[00:31:26.300 --> 00:31:28.300]  我本來
[00:31:28.300 --> 00:31:29.300]  這位弟兄
[00:31:29.300 --> 00:31:31.300]  我認識他幾十年
[00:31:31.300 --> 00:31:33.300]  這也是幾十年前的見證
[00:31:33.300 --> 00:31:34.300]  聖靈
[00:31:34.300 --> 00:31:36.300]  有時很明顯在我們信主人心中
[00:31:36.300 --> 00:31:38.300]  這位弟兄
[00:31:38.300 --> 00:31:40.300]  一個聖靈的經歷
[00:31:40.300 --> 00:31:42.300]  見證就是
[00:31:42.300 --> 00:31:44.300]  有一天他睡覺
[00:31:44.300 --> 00:31:46.300]  聖靈提醒他
[00:31:46.300 --> 00:31:48.300]  看聖經
[00:31:48.300 --> 00:31:50.300]  揭聖經
[00:31:50.300 --> 00:31:52.300]  看,看,看,看
[00:31:52.300 --> 00:31:53.300]  看完之後
[00:31:53.300 --> 00:31:54.300]  聖靈提醒他
[00:31:54.300 --> 00:31:56.300]  聽
[00:31:56.300 --> 00:31:58.300]  他就停下來
[00:31:58.300 --> 00:31:59.300]  他就祈禱
[00:31:59.300 --> 00:32:01.300]  我接下來怎麼辦
[00:32:01.300 --> 00:32:02.300]  聖靈給他聲音
[00:32:02.300 --> 00:32:04.300]  沖涼
[00:32:04.300 --> 00:32:06.300]  他就去沖涼
[00:32:06.300 --> 00:32:08.300]  沖涼之後
[00:32:08.300 --> 00:32:10.300]  他又祈禱
[00:32:10.300 --> 00:32:12.300]  我接下來怎麼辦
[00:32:12.300 --> 00:32:14.300]  聖靈有聲音跟他說
[00:32:14.300 --> 00:32:16.300]  我那時候的綽號
[00:32:16.300 --> 00:32:17.300]  現在也有使用
[00:32:17.300 --> 00:32:19.300]  叫做布魯圖
[00:32:19.300 --> 00:32:21.300]  聖靈的聲音叫做尹布魯圖
[00:32:21.300 --> 00:32:23.300]  六點多
[00:32:23.300 --> 00:32:24.300]  那天早上六點
[00:32:24.300 --> 00:32:25.300]  搞了這麼多事
[00:32:25.300 --> 00:32:26.300]  到了六點
[00:32:26.300 --> 00:32:27.300]  打給我
[00:32:27.300 --> 00:32:29.300]  嚇得我有什麼事
[00:32:29.300 --> 00:32:31.300]  有個人六點鐘打給我
[00:32:31.300 --> 00:32:34.300]  他就把這件事告訴我
[00:32:34.300 --> 00:32:36.300]  他提了一段經文
[00:32:36.300 --> 00:32:37.300]  告訴我
[00:32:37.300 --> 00:32:39.300]  我問他做什麼
[00:32:39.300 --> 00:32:40.300]  但不知道為什麼
[00:32:40.300 --> 00:32:41.300]  聖靈有跟他說
[00:32:41.300 --> 00:32:42.300]  他沒有跟我說
[00:32:42.300 --> 00:32:43.300]  他就這樣跟我說
[00:32:43.300 --> 00:32:44.300]  我就跟他說
[00:32:44.300 --> 00:32:46.300]  這段經文是這個意思
[00:32:46.300 --> 00:32:48.300]  大概意思是怎麼樣
[00:32:48.300 --> 00:32:50.300]  我正在讀神學
[00:32:50.300 --> 00:32:52.300]  不知不覺
[00:32:52.300 --> 00:32:54.300]  然後呢
[00:32:54.300 --> 00:32:57.300]  然後就沒有然後了
[00:32:57.300 --> 00:32:59.300]  也不是完全沒有然後
[00:32:59.300 --> 00:33:01.300]  就完了
[00:33:01.300 --> 00:33:03.300]  因為他移民到英國
[00:33:03.300 --> 00:33:05.300]  我見到他
[00:33:05.300 --> 00:33:07.300]  這次我去旅行的時候
[00:33:07.300 --> 00:33:09.300]  我說你記不記得這件事
[00:33:09.300 --> 00:33:11.300]  他說
[00:33:11.300 --> 00:33:13.300]  很清晰
[00:33:13.300 --> 00:33:14.300]  又走出來
[00:33:14.300 --> 00:33:17.300]  那天的脈絡是很清晰
[00:33:17.300 --> 00:33:18.300]  不過你不說
[00:33:18.300 --> 00:33:19.300]  我又放下了
[00:33:19.300 --> 00:33:20.300]  沒有記得
[00:33:20.300 --> 00:33:22.300]  我今晚回去再看那段經文
[00:33:22.300 --> 00:33:25.300]  他還記得那段經文
[00:33:25.300 --> 00:33:27.300]  我再看
[00:33:27.300 --> 00:33:30.300]  剛才是他跟我說的
[00:33:30.300 --> 00:33:32.300]  他就跟我說
[00:33:32.300 --> 00:33:33.300]  他說
[00:33:33.300 --> 00:33:35.300]  我終於明白
[00:33:35.300 --> 00:33:37.300]  少少明白
[00:33:37.300 --> 00:33:40.300]  為什麼神要叫我找你
[00:33:40.300 --> 00:33:41.300]  就是找我
[00:33:41.300 --> 00:33:43.300]  原因是什麼
[00:33:43.300 --> 00:33:45.300]  原因是我很記性
[00:33:45.300 --> 00:33:47.300]  記得幾十年後告訴你
[00:33:47.300 --> 00:33:49.300]  今天再看
[00:33:49.300 --> 00:33:51.300]  然後呢
[00:33:51.300 --> 00:33:53.300]  然後我在等然後
[00:33:53.300 --> 00:33:54.300]  現在剛剛開始
[00:33:54.300 --> 00:33:56.300]  繼續等然後
[00:33:56.300 --> 00:33:58.300]  神叫我們總不孤單
[00:33:58.300 --> 00:34:00.300]  叫我們在地上的時候
[00:34:00.300 --> 00:34:01.300]  互相作字體
[00:34:01.300 --> 00:34:03.300]  聖靈一定在我們心中
[00:34:03.300 --> 00:34:05.300]  有時候我們不察覺
[00:34:05.300 --> 00:34:07.300]  神有祂的心意
[00:34:07.300 --> 00:34:09.300]  還想多說一個故事
[00:34:09.300 --> 00:34:11.300]  唱首詩歌之前
[00:34:11.300 --> 00:34:13.300]  預備唱詩歌
[00:34:13.300 --> 00:34:15.300]  我們多說一個故事
[00:34:15.300 --> 00:34:17.300]  聖靈
[00:34:17.300 --> 00:34:19.300]  讓我們
[00:34:19.300 --> 00:34:20.300]  明白神的心意
[00:34:20.300 --> 00:34:21.300]  同樣
[00:34:21.300 --> 00:34:23.300]  神也賜我們有同伴
[00:34:23.300 --> 00:34:24.300]  剛才我們讀經文
[00:34:24.300 --> 00:34:26.300]  再次一日
[00:34:26.300 --> 00:34:28.300]  約翰和兩個
[00:34:28.300 --> 00:34:29.300]  你看看聖經說的
[00:34:29.300 --> 00:34:31.300]  三十六節
[00:34:31.300 --> 00:34:32.300]  三十五節
[00:34:32.300 --> 00:34:33.300]  再次一日
[00:34:33.300 --> 00:34:35.300]  約翰和兩個門徒
[00:34:35.300 --> 00:34:37.300]  站在那裡
[00:34:37.300 --> 00:34:39.300]  他見耶穌行走
[00:34:39.300 --> 00:34:40.300]  就說看啊
[00:34:40.300 --> 00:34:41.300]  這是神的羔羊
[00:34:41.300 --> 00:34:42.300]  記不記得
[00:34:42.300 --> 00:34:43.300]  這裡是兩個門徒
[00:34:43.300 --> 00:34:45.300]  一個門徒叫安德烈
[00:34:45.300 --> 00:34:47.300]  另外一個是誰
[00:34:47.300 --> 00:34:49.300]  不知道
[00:34:49.300 --> 00:34:50.300]  因為接著沒有說
[00:34:50.300 --> 00:34:51.300]  不知道是誰
[00:34:51.300 --> 00:34:52.300]  總之一個是安德烈
[00:34:52.300 --> 00:34:54.300]  另一個是神
[00:34:54.300 --> 00:34:55.300]  叫我們不孤單
[00:34:55.300 --> 00:34:57.300]  兩個門徒在其中
[00:34:57.300 --> 00:34:58.300]  第二個門徒是什麼呢
[00:34:58.300 --> 00:35:00.300]  不知道是誰
[00:35:00.300 --> 00:35:04.300]  不過第二個門徒有沒有用呢
[00:35:04.300 --> 00:35:06.300]  不知道
[00:35:06.300 --> 00:35:08.300]  不過神讓這個門徒
[00:35:08.300 --> 00:35:16.300]  陪安德烈一起去見耶穌
[00:35:16.300 --> 00:35:19.300]  讓我們長路變近
[00:35:19.300 --> 00:35:20.300]  什麼事呢
[00:35:20.300 --> 00:35:22.300]  我還想起一個經歷和見證
[00:35:22.300 --> 00:35:23.300]  想和你說
[00:35:23.300 --> 00:35:25.300]  這個經歷
[00:35:25.300 --> 00:35:26.300]  又是幾十年前
[00:35:26.300 --> 00:35:30.300]  我讀中學的時候
[00:35:30.300 --> 00:35:32.300]  我讀中學的時候
[00:35:32.300 --> 00:35:34.300]  其實有一次去踩單車
[00:35:34.300 --> 00:35:35.300]  那時候踩單車
[00:35:35.300 --> 00:35:36.300]  其實我不太會踩單車
[00:35:36.300 --> 00:35:38.300]  不過總之別人叫我不敢不去
[00:35:38.300 --> 00:35:39.300]  一起去
[00:35:39.300 --> 00:35:40.300]  當年的時候
[00:35:40.300 --> 00:35:41.300]  我讀中學的時候
[00:35:41.300 --> 00:35:43.300]  踩單車最高級數是什麼呢
[00:35:43.300 --> 00:35:45.300]  平時是活道
[00:35:45.300 --> 00:35:47.300]  灣仔租單車
[00:35:47.300 --> 00:35:50.300]  最高級數的人大圍租單車踩去
[00:35:50.300 --> 00:35:52.300]  新娘探
[00:35:52.300 --> 00:35:54.300]  這個最高級數
[00:35:54.300 --> 00:35:55.300]  有沒有人踩過
[00:35:55.300 --> 00:35:56.300]  最高級數
[00:35:56.300 --> 00:35:57.300]  厲害
[00:35:57.300 --> 00:35:58.300]  踩過這些
[00:35:58.300 --> 00:36:00.300]  很遠的
[00:36:00.300 --> 00:36:01.300]  很辛苦
[00:36:01.300 --> 00:36:02.300]  當年租單車
[00:36:02.300 --> 00:36:04.300]  要放下身份證或者學生證
[00:36:04.300 --> 00:36:06.300]  做抵押
[00:36:06.300 --> 00:36:08.300]  租單車在那裡踩
[00:36:08.300 --> 00:36:10.300]  浩浩蕩蕩踩去
[00:36:10.300 --> 00:36:11.300]  三個同學去
[00:36:11.300 --> 00:36:14.300]  我就記得三個同學
[00:36:14.300 --> 00:36:16.300]  三個同學踩單車的時候
[00:36:16.300 --> 00:36:18.300]  最厲害踩單車那個
[00:36:18.300 --> 00:36:20.300]  炒車
[00:36:20.300 --> 00:36:22.300]  不會踩單車那個
[00:36:22.300 --> 00:36:24.300]  沒事
[00:36:24.300 --> 00:36:25.300]  然後呢
[00:36:25.300 --> 00:36:27.300]  嚴重到要進醫院
[00:36:27.300 --> 00:36:29.300]  救傷車撿了那個
[00:36:29.300 --> 00:36:31.300]  進醫院的那個
[00:36:31.300 --> 00:36:33.300]  那剩下什麼呢
[00:36:33.300 --> 00:36:35.300]  剩下兩個
[00:36:35.300 --> 00:36:36.300]  但是呢
[00:36:36.300 --> 00:36:38.300]  有三輛單車
[00:36:38.300 --> 00:36:41.300]  那怎麼辦呢
[00:36:41.300 --> 00:36:43.300]  你說怎麼辦呢
[00:36:43.300 --> 00:36:48.300]  我們要還單車
[00:36:48.300 --> 00:36:50.300]  我們想了個方法
[00:36:50.300 --> 00:36:53.300]  我們兩個
[00:36:53.300 --> 00:36:55.300]  我就踩
[00:36:55.300 --> 00:36:56.300]  兩個人一踩
[00:36:56.300 --> 00:36:57.300]  踩兩輛車
[00:36:57.300 --> 00:36:58.300]  然後呢
[00:36:58.300 --> 00:37:00.300]  你看著單車
[00:37:00.300 --> 00:37:02.300]  一個走回頭
[00:37:02.300 --> 00:37:04.300]  就踩那個回來
[00:37:04.300 --> 00:37:05.300]  然後又踩一段
[00:37:05.300 --> 00:37:07.300]  然後又放下單車
[00:37:07.300 --> 00:37:08.300]  你看著
[00:37:08.300 --> 00:37:09.300]  這次輪到你
[00:37:09.300 --> 00:37:10.300]  你走回去
[00:37:10.300 --> 00:37:12.300]  又踩一段
[00:37:12.300 --> 00:37:14.300]  行不行呢
[00:37:14.300 --> 00:37:17.300]  最後就還了單車
[00:37:17.300 --> 00:37:19.300]  我覺得很感恩
[00:37:19.300 --> 00:37:22.300]  一開始覺得沒可能
[00:37:22.300 --> 00:37:23.300]  不過
[00:37:23.300 --> 00:37:25.300]  只要有人同行
[00:37:25.300 --> 00:37:27.300]  長路便近
[00:37:27.300 --> 00:37:29.300]  我想起這件事的時候
[00:37:29.300 --> 00:37:30.300]  我一直在想
[00:37:30.300 --> 00:37:33.300]  那兩個同學是誰呢
[00:37:33.300 --> 00:37:35.300]  我忘記了
[00:37:35.300 --> 00:37:37.300]  我用很大的力氣都想不到
[00:37:37.300 --> 00:37:39.300]  那兩個是誰呢
[00:37:39.300 --> 00:37:44.300]  不過他是陪我一起踩單車的人
[00:37:44.300 --> 00:37:46.300]  有他的美意放在當中
[00:37:46.300 --> 00:37:49.300]  就正如我們今天在太古城
[00:37:49.300 --> 00:37:50.300]  一起相聚
[00:37:50.300 --> 00:37:51.300]  同行
[00:37:51.300 --> 00:37:52.300]  有他的美意
[00:37:52.300 --> 00:37:54.300]  可能幾十年後你不記得是誰
[00:37:54.300 --> 00:37:57.300]  不過這段路是有價值的
[00:37:57.300 --> 00:37:58.300]  這兩個門徒
[00:37:58.300 --> 00:37:59.300]  一個是安特烈
[00:37:59.300 --> 00:38:00.300]  一個呢
[00:38:00.300 --> 00:38:01.300]  不知道是誰
[00:38:01.300 --> 00:38:02.300]  不過一起同行
