
[00:00:00.000 --> 00:00:02.840]  我們一直在講一個短的系列
[00:00:02.840 --> 00:00:04.360]  是講女性的侍奉
[00:00:04.360 --> 00:00:06.360]  我們從不同的經文出發
[00:00:06.360 --> 00:00:08.360]  來思考這個問題
[00:00:08.360 --> 00:00:10.360]  我們曾經講過
[00:00:10.360 --> 00:00:12.360]  聖經裏面應該怎樣看
[00:00:12.360 --> 00:00:14.720]  女性的侍奉
[00:00:14.720 --> 00:00:18.480]  還有社會裏面有不同的
[00:00:18.480 --> 00:00:20.960]  宗派有不同的聲音等等
[00:00:20.960 --> 00:00:23.960]  我們應該在這些經文裏面怎樣去處理
[00:00:23.960 --> 00:00:25.960]  這是一個很切身的問題
[00:00:25.960 --> 00:00:28.360]  因為教會總是有男有女的
[00:00:28.360 --> 00:00:32.600]  甚至很多教會都是女性比較多於男性
[00:00:32.600 --> 00:00:34.600]  對嗎
[00:00:34.600 --> 00:00:36.600]  我們UV不知為何
[00:00:36.600 --> 00:00:39.600]  我們是五五的
[00:00:39.600 --> 00:00:41.600]  多年來都是
[00:00:41.600 --> 00:00:44.600]  不是女性特別多於男性
[00:00:44.600 --> 00:00:46.600]  就是男女的均勻
[00:00:46.600 --> 00:00:48.600]  都是平衡得不錯
[00:00:48.600 --> 00:00:50.600]  不知道這是誰的功勞
[00:00:50.600 --> 00:00:52.600]  我也不太清楚
[00:00:52.600 --> 00:00:54.600]  是上帝差派的人
[00:00:54.600 --> 00:00:57.600]  所以我們未必有這種問題
[00:00:57.600 --> 00:00:59.600]  我曾經去過一些教會
[00:00:59.600 --> 00:01:01.600]  整個小組
[00:01:01.600 --> 00:01:03.600]  十個人或十二個人的小組
[00:01:03.600 --> 00:01:05.600]  有一個男生在那裏
[00:01:05.600 --> 00:01:07.600]  然後有十一個女生
[00:01:07.600 --> 00:01:09.600]  好像蝴蝶一樣
[00:01:09.600 --> 00:01:11.600]  飛來飛去
[00:01:11.600 --> 00:01:13.600]  是有些不同的
[00:01:13.600 --> 00:01:15.600]  但是是一個切身的問題
[00:01:15.600 --> 00:01:17.600]  因為普遍的教會裏面
[00:01:17.600 --> 00:01:19.600]  是有很多女士和姐妹
[00:01:19.600 --> 00:01:21.600]  在那裏合作和建立教會
[00:01:21.600 --> 00:01:23.600]  所以他們真的功不可沒
[00:01:23.600 --> 00:01:25.600]  但很多時候我們看聖經的時候
[00:01:25.600 --> 00:01:27.600]  我們有個感覺
[00:01:27.600 --> 00:01:29.600]  就是以男為上
[00:01:29.600 --> 00:01:31.600]  或者以男為主導
[00:01:31.600 --> 00:01:33.600]  不知道大家有沒有這樣的感覺
[00:01:33.600 --> 00:01:35.600]  在聖經裏面從頭到尾
[00:01:35.600 --> 00:01:37.600]  如果你去看
[00:01:37.600 --> 00:01:39.600]  留意一下
[00:01:39.600 --> 00:01:41.600]  有沒有一些信心的人物
[00:01:41.600 --> 00:01:43.600]  聖經裏面的人物
[00:01:43.600 --> 00:01:45.600]  是不是很多都是男人
[00:01:45.600 --> 00:01:47.600]  你想想
[00:01:47.600 --> 00:01:49.600]  有誰
[00:01:49.600 --> 00:01:51.600]  你想到的大部分都是男人
[00:01:51.600 --> 00:01:53.600]  阿伯拉罕是不是男人
[00:01:53.600 --> 00:01:55.600]  以撒瓦國
[00:01:55.600 --> 00:01:57.600]  十二眾子十二支派之父
[00:01:57.600 --> 00:01:59.600]  然後摩西
[00:01:59.600 --> 00:02:01.600]  大衛索羅門
[00:02:01.600 --> 00:02:03.600]  這些全部都是男人的名字
[00:02:03.600 --> 00:02:05.600]  對不對
[00:02:05.600 --> 00:02:07.600]  好像很奇怪
[00:02:07.600 --> 00:02:09.600]  其實一點都不奇怪
[00:02:09.600 --> 00:02:11.600]  因為當時的社會當時的文化
[00:02:11.600 --> 00:02:13.600]  是屬於這種的
[00:02:13.600 --> 00:02:15.600]  習俗
[00:02:15.600 --> 00:02:17.600]  男為上男在外
[00:02:17.600 --> 00:02:19.600]  女在內
[00:02:19.600 --> 00:02:21.600]  所以很多時候
[00:02:21.600 --> 00:02:23.600]  由年輕的時候到現在
[00:02:23.600 --> 00:02:25.600]  在教會裏面去講
[00:02:25.600 --> 00:02:27.600]  聖經裏面
[00:02:27.600 --> 00:02:29.600]  舊屬歷史的推展
[00:02:29.600 --> 00:02:31.600]  那個工作的進展
[00:02:31.600 --> 00:02:33.600]  由創世直到基督
[00:02:33.600 --> 00:02:35.600]  然後再到新天新地
[00:02:35.600 --> 00:02:37.600]  你見到那個timeline
[00:02:37.600 --> 00:02:39.600]  由左邊
[00:02:39.600 --> 00:02:41.600]  創世與人的半變墮落
[00:02:41.600 --> 00:02:43.600]  到族長的時期
[00:02:43.600 --> 00:02:45.600]  出埃及
[00:02:45.600 --> 00:02:47.600]  然後出了埃及他們在四十年在曠野
[00:02:47.600 --> 00:02:49.600]  然後他們先入主迦南
[00:02:49.600 --> 00:02:51.600]  然後才定居在迦南
[00:02:51.600 --> 00:02:53.600]  對不對
[00:02:53.600 --> 00:02:55.600]  然後到王國的時代
[00:02:55.600 --> 00:02:57.600]  王國分裂了
[00:02:57.600 --> 00:02:59.600]  然後北國滅南國又被滅
[00:02:59.600 --> 00:03:01.600]  然後他們大部分被老巴比倫
[00:03:01.600 --> 00:03:03.600]  然後就回歸
[00:03:03.600 --> 00:03:05.600]  回歸回來的時候
[00:03:05.600 --> 00:03:07.600]  就等這位彌賽亞基督
[00:03:07.600 --> 00:03:09.600]  耶穌基督來到
[00:03:09.600 --> 00:03:11.600]  這個就已經
[00:03:11.600 --> 00:03:13.600]  涵蓋了整個的
[00:03:13.600 --> 00:03:15.600]  舊約新約的
[00:03:15.600 --> 00:03:17.600]  整個的歷史
[00:03:17.600 --> 00:03:19.600]  或者整個的救贖的計劃
[00:03:19.600 --> 00:03:21.600]  中間那裡
[00:03:21.600 --> 00:03:23.600]  我們很多時候聽到的就是
[00:03:23.600 --> 00:03:25.600]  這個故事裡面由頭到尾
[00:03:25.600 --> 00:03:27.600]  所謂英雄人物
[00:03:27.600 --> 00:03:29.600]  所謂那些神用的人
[00:03:29.600 --> 00:03:31.600]  就是下面那些
[00:03:31.600 --> 00:03:33.600]  阿布拉罕爾薩亞國
[00:03:33.600 --> 00:03:35.600]  摩西約書亞帶領
[00:03:35.600 --> 00:03:37.600]  以色列人進入迦南
[00:03:37.600 --> 00:03:39.600]  然後有士司的時代
[00:03:39.600 --> 00:03:41.600]  大部分的士司都是男人
[00:03:41.600 --> 00:03:43.600]  然後大衛之前是素羅
[00:03:43.600 --> 00:03:45.600]  後面就是索羅門等等
[00:03:45.600 --> 00:03:47.600]  然後他們被老回歸
[00:03:47.600 --> 00:03:49.600]  就是以斯拉
[00:03:49.600 --> 00:03:51.600]  尼希米
[00:03:51.600 --> 00:03:53.600]  然後到耶穌呼召十二個門徒
[00:03:53.600 --> 00:03:55.600]  都是男人
[00:03:55.600 --> 00:03:57.600]  這個就是下面我們通常留意到的
[00:03:57.600 --> 00:04:01.600]  上面我們很少留意的
[00:04:01.600 --> 00:04:03.600]  原來每一個關鍵的地方
[00:04:03.600 --> 00:04:05.600]  你看到有轉折
[00:04:05.600 --> 00:04:07.600]  這個聖經歷史有轉折的時候
[00:04:07.600 --> 00:04:09.600]  關鍵的人物
[00:04:09.600 --> 00:04:11.600]  往往就是女士
[00:04:11.600 --> 00:04:13.600]  你有沒有留意過
[00:04:13.600 --> 00:04:15.600]  由人的叛變開始
[00:04:15.600 --> 00:04:17.600]  然後上帝有一個應許
[00:04:17.600 --> 00:04:19.600]  就是給一個女人的後裔
[00:04:19.600 --> 00:04:21.600]  然後她可以
[00:04:21.600 --> 00:04:23.600]  戰勝邪惡
[00:04:23.600 --> 00:04:25.600]  女人的後裔
[00:04:25.600 --> 00:04:27.600]  女人的後裔
[00:04:27.600 --> 00:04:29.600]  然後到族長時期過了
[00:04:29.600 --> 00:04:31.600]  以色列人
[00:04:31.600 --> 00:04:33.600]  流浪在埃及的時候
[00:04:33.600 --> 00:04:35.600]  救他們
[00:04:35.600 --> 00:04:37.600]  出埃及之前
[00:04:37.600 --> 00:04:39.600]  是誰去使
[00:04:39.600 --> 00:04:41.600]  摩西能夠成為英雄
[00:04:41.600 --> 00:04:43.600]  原來是修身婆
[00:04:43.600 --> 00:04:45.600]  出埃及記第一章
[00:04:45.600 --> 00:04:47.600]  記得嗎
[00:04:47.600 --> 00:04:49.600]  Alice也有提及過
[00:04:49.600 --> 00:04:51.600]  這幾段經文
[00:04:51.600 --> 00:04:53.600]  然後
[00:04:53.600 --> 00:04:55.600]  米利暗就是摩西的姐姐
[00:04:55.600 --> 00:04:57.600]  法魯的女兒
[00:04:57.600 --> 00:05:01.600]  這些在上帝的暗處裏面
[00:05:01.600 --> 00:05:03.600]  去到薄後
[00:05:03.600 --> 00:05:05.600]  去安排的裏面
[00:05:05.600 --> 00:05:07.600]  他們所謂立功
[00:05:07.600 --> 00:05:09.600]  或者在關鍵的時候
[00:05:09.600 --> 00:05:11.600]  因為他們所做的事
[00:05:11.600 --> 00:05:13.600]  以致有摩西誕生
[00:05:13.600 --> 00:05:17.600]  到了入主迦南
[00:05:17.600 --> 00:05:19.600]  他們派探子進去
[00:05:19.600 --> 00:05:21.600]  然後有誰
[00:05:21.600 --> 00:05:23.600]  告訴他們
[00:05:23.600 --> 00:05:25.600]  這個地方是耶和華給了你們
[00:05:25.600 --> 00:05:27.600]  是妓女拉合
[00:05:27.600 --> 00:05:29.600]  入主迦南之後
[00:05:29.600 --> 00:05:31.600]  到混亂的時候
[00:05:31.600 --> 00:05:33.600]  就是士師的時代
[00:05:33.600 --> 00:05:35.600]  雖然大部分士師都是男人
[00:05:35.600 --> 00:05:37.600]  因為打仗
[00:05:37.600 --> 00:05:39.600]  士師的將士
[00:05:39.600 --> 00:05:41.600]  就是Deborah
[00:05:41.600 --> 00:05:43.600]  底波拉
[00:05:43.600 --> 00:05:45.600]  士師記第四章
[00:05:45.600 --> 00:05:47.600]  然後在路德記裏面
[00:05:47.600 --> 00:05:49.600]  當然有提及過
[00:05:49.600 --> 00:05:51.600]  路德所做的事
[00:05:51.600 --> 00:05:53.600]  以致大衛能夠誕生
[00:05:53.600 --> 00:05:55.600]  王國的時期
[00:05:55.600 --> 00:05:57.600]  未到之前
[00:05:57.600 --> 00:05:59.600]  哪一個去踢入這個時期
[00:05:59.600 --> 00:06:01.600]  就是哈拿
[00:06:01.600 --> 00:06:03.600]  哈拿是母子生的
[00:06:03.600 --> 00:06:05.600]  然後求耶和華給她一個兒子
[00:06:05.600 --> 00:06:07.600]  就變了薩姆爾
[00:06:07.600 --> 00:06:09.600]  誕生
[00:06:09.600 --> 00:06:11.600]  所以王國的時期才臨到
[00:06:11.600 --> 00:06:13.600]  到這個
[00:06:13.600 --> 00:06:15.600]  秘魯回歸的時候
[00:06:15.600 --> 00:06:17.600]  有一本書叫以斯帖
[00:06:17.600 --> 00:06:19.600]  以斯帖就是講到
[00:06:19.600 --> 00:06:21.600]  女人的書
[00:06:21.600 --> 00:06:23.600]  接著到瑪利亞
[00:06:23.600 --> 00:06:25.600]  瑪利亞就是因為她的信心
[00:06:25.600 --> 00:06:27.600]  所以救主能夠出生
[00:06:27.600 --> 00:06:29.600]  到了
[00:06:29.600 --> 00:06:31.600]  耶穌基督
[00:06:31.600 --> 00:06:33.600]  從死裏復活
[00:06:33.600 --> 00:06:35.600]  空墳墓
[00:06:35.600 --> 00:06:37.600]  和第一個被拆牌
[00:06:37.600 --> 00:06:39.600]  去宣告復活的
[00:06:39.600 --> 00:06:41.600]  信息
[00:06:41.600 --> 00:06:43.600]  是哪一個
[00:06:43.600 --> 00:06:45.600]  Mary Magdalene
[00:06:45.600 --> 00:06:47.600]  所以你這樣看的時候
[00:06:47.600 --> 00:06:49.600]  其實女人不是一些配角
[00:06:49.600 --> 00:06:51.600]  或者一些注腳
[00:06:51.600 --> 00:06:53.600]  是一些很重要的角色
[00:06:53.600 --> 00:06:55.600]  每逢一些關鍵
[00:06:55.600 --> 00:06:57.600]  或者
[00:06:57.600 --> 00:06:59.600]  叫做turning point
[00:06:59.600 --> 00:07:01.600]  即是轉捩點
[00:07:01.600 --> 00:07:03.600]  就會有女士出現
[00:07:03.600 --> 00:07:05.600]  所以上帝是
[00:07:05.600 --> 00:07:07.600]  揀選一些女性
[00:07:07.600 --> 00:07:09.600]  和男人一起去
[00:07:09.600 --> 00:07:11.600]  成就他自己的計劃
[00:07:11.600 --> 00:07:13.600]  推展他自己的計劃
[00:07:13.600 --> 00:07:15.600]  這個很少聽
[00:07:15.600 --> 00:07:17.600]  這個chart大概
[00:07:17.600 --> 00:07:19.600]  十幾年前做的
[00:07:19.600 --> 00:07:21.600]  十年前左右
[00:07:21.600 --> 00:07:23.600]  我自己這幾天去看的時候
[00:07:23.600 --> 00:07:25.600]  我都不能夠做到
[00:07:25.600 --> 00:07:27.600]  一個更加好的
[00:07:27.600 --> 00:07:29.600]  我覺得那時候已經做得很好
[00:07:29.600 --> 00:07:31.600]  現在還是做這個出來
[00:07:31.600 --> 00:07:33.600]  即是轉了一些顏色等等
[00:07:33.600 --> 00:07:35.600]  但是我想告訴你
[00:07:35.600 --> 00:07:37.600]  平日我們所接觸的
[00:07:37.600 --> 00:07:39.600]  聖經的救贖的
[00:07:39.600 --> 00:07:41.600]  工作的進展
[00:07:41.600 --> 00:07:43.600]  很多時候我們聽見的下面
[00:07:43.600 --> 00:07:45.600]  但很多時候我們沒有留意
[00:07:45.600 --> 00:07:47.600]  是上面的
[00:07:47.600 --> 00:07:49.600]  這個是整本聖經去認識的時候
[00:07:49.600 --> 00:07:51.600]  我們就有一個不同的體會
[00:07:51.600 --> 00:07:53.600]  今天看一段很熟悉的經文
[00:07:53.600 --> 00:07:55.600]  是路加福音第十章
[00:07:55.600 --> 00:07:57.600]  我們先讀
[00:07:57.600 --> 00:07:59.600]  文門徒繼續前行
[00:07:59.600 --> 00:08:01.600]  耶穌進了一個村莊
[00:08:01.600 --> 00:08:03.600]  有一個女人名叫瑪大
[00:08:03.600 --> 00:08:05.600]  接她到自己家裡
[00:08:05.600 --> 00:08:07.600]  她有一個妹妹叫瑪麗亞
[00:08:07.600 --> 00:08:09.600]  這個瑪麗亞不是生耶穌的瑪麗亞
[00:08:09.600 --> 00:08:11.600]  另外一個瑪麗亞
[00:08:11.600 --> 00:08:13.600]  在主的腳前
[00:08:13.600 --> 00:08:15.600]  坐著聽耶穌的道
[00:08:15.600 --> 00:08:19.600]  瑪大事後的事太多
[00:08:19.600 --> 00:08:21.600]  心裡面亡亂進前來說
[00:08:21.600 --> 00:08:23.600]  主呀我的妹妹
[00:08:23.600 --> 00:08:25.600]  留下我一個人事後
[00:08:25.600 --> 00:08:27.600]  你不在意嗎
[00:08:27.600 --> 00:08:29.600]  請吩咐她來幫助我
[00:08:29.600 --> 00:08:31.600]  耶穌就回答
[00:08:31.600 --> 00:08:33.600]  瑪大瑪大
[00:08:33.600 --> 00:08:35.600]  你為許多事操心煩惱
[00:08:35.600 --> 00:08:37.600]  但是不可少的
[00:08:37.600 --> 00:08:39.600]  只有一件
[00:08:39.600 --> 00:08:41.600]  瑪麗亞已經損上了那上好的福分
[00:08:41.600 --> 00:08:43.600]  是沒有人
[00:08:43.600 --> 00:08:45.600]  能從她奪去的
[00:08:45.600 --> 00:08:47.600]  這段很熟悉的經文
[00:08:47.600 --> 00:08:49.600]  傳統或者一般來說
[00:08:49.600 --> 00:08:51.600]  我們看見這段經文的時候
[00:08:51.600 --> 00:08:53.600]  很多時候是你靈修的時候
[00:08:53.600 --> 00:08:55.600]  看見的
[00:08:55.600 --> 00:08:57.600]  你第一個感覺就是
[00:08:57.600 --> 00:08:59.600]  不要太忙
[00:08:59.600 --> 00:09:01.600]  因為瑪大實在太忙了
[00:09:01.600 --> 00:09:03.600]  大家記不記得
[00:09:03.600 --> 00:09:05.600]  我見到有些人皺眉頭
[00:09:05.600 --> 00:09:07.600]  可能是第一次看聖經
[00:09:07.600 --> 00:09:09.600]  或者第一次看這個故事
[00:09:09.600 --> 00:09:11.600]  耶穌和門徒在上路
[00:09:11.600 --> 00:09:13.600]  從加里往耶路撒冷進發的時候
[00:09:13.600 --> 00:09:15.600]  他們經過一個村莊
[00:09:15.600 --> 00:09:17.600]  然後有一個女士
[00:09:17.600 --> 00:09:19.600]  邀請他去到她的家裡
[00:09:19.600 --> 00:09:21.600]  進了她家的時候
[00:09:21.600 --> 00:09:23.600]  開始講道 去教導人
[00:09:23.600 --> 00:09:25.600]  然後有兩個姐妹
[00:09:25.600 --> 00:09:27.600]  一個叫瑪大
[00:09:27.600 --> 00:09:29.600]  Martha 一個叫瑪麗亞
[00:09:29.600 --> 00:09:31.600]  瑪大在廚房裡
[00:09:31.600 --> 00:09:33.600]  要事後的事太多
[00:09:33.600 --> 00:09:35.600]  是不是
[00:09:35.600 --> 00:09:37.600]  因為你今天進來有東西吃有東西喝
[00:09:37.600 --> 00:09:39.600]  為什麼
[00:09:39.600 --> 00:09:41.600]  因為有很多人事後
[00:09:41.600 --> 00:09:43.600]  那些食物不會
[00:09:43.600 --> 00:09:45.600]  無中生有
[00:09:45.600 --> 00:09:47.600]  所以有人在這裡做了很多事
[00:09:47.600 --> 00:09:49.600]  之前早到很多
[00:09:49.600 --> 00:09:51.600]  煮好東西
[00:09:51.600 --> 00:09:53.600]  去款待你們
[00:09:53.600 --> 00:09:55.600]  事後很多事
[00:09:55.600 --> 00:09:57.600]  所以他就去款待她
[00:09:57.600 --> 00:09:59.600]  於是款待的時候她很忙
[00:09:59.600 --> 00:10:01.600]  然後瑪麗亞她妹妹
[00:10:01.600 --> 00:10:03.600]  就留下她在廚房
[00:10:03.600 --> 00:10:05.600]  然後她就去了哪裡
[00:10:05.600 --> 00:10:07.600]  她就坐在耶穌的腳下
[00:10:07.600 --> 00:10:09.600]  然後她就聽到
[00:10:09.600 --> 00:10:11.600]  然後瑪大當然有些投訴
[00:10:11.600 --> 00:10:13.600]  對不對
[00:10:13.600 --> 00:10:15.600]  耶穌就說
[00:10:15.600 --> 00:10:17.600]  你為許多事操心煩惱
[00:10:17.600 --> 00:10:19.600]  操心煩惱
[00:10:19.600 --> 00:10:21.600]  但一件事是不可少的
[00:10:21.600 --> 00:10:23.600]  瑪麗亞已經選上了最好的福分
[00:10:23.600 --> 00:10:25.600]  是沒有人能夠奪去的
[00:10:25.600 --> 00:10:27.600]  大概的故事就是這麼簡單
[00:10:27.600 --> 00:10:29.600]  我第一個感覺當然就是說
[00:10:29.600 --> 00:10:31.600]  這裡耶穌所說的
[00:10:31.600 --> 00:10:33.600]  就是你們
[00:10:33.600 --> 00:10:35.600]  不要太忙
[00:10:35.600 --> 00:10:37.600]  因為你不要去搞那些咖啡奶茶那些東西
[00:10:37.600 --> 00:10:39.600]  你進來聽道
[00:10:39.600 --> 00:10:41.600]  好不好
[00:10:41.600 --> 00:10:43.600]  好不好
[00:10:43.600 --> 00:10:45.600]  好喔
[00:10:45.600 --> 00:10:47.600]  是不是
[00:10:47.600 --> 00:10:49.600]  大概是這樣的意思
[00:10:49.600 --> 00:10:51.600]  我們跟主的關係應該是安靜地
[00:10:51.600 --> 00:10:53.600]  來到聽道
[00:10:53.600 --> 00:10:55.600]  然後有一些
[00:10:55.600 --> 00:10:57.600]  特別是在煩囂的生活裡面
[00:10:57.600 --> 00:10:59.600]  我們留下時間親近主
[00:10:59.600 --> 00:11:01.600]  然後我們才服事
[00:11:01.600 --> 00:11:03.600]  這個讀法是很好的
[00:11:03.600 --> 00:11:05.600]  這個理解是很好的
[00:11:05.600 --> 00:11:07.600]  造就了很多人
[00:11:07.600 --> 00:11:09.600]  以往我們看這個故事的時候
[00:11:09.600 --> 00:11:11.600]  都是一個很好的提醒
[00:11:11.600 --> 00:11:13.600]  特別一些大忙人
[00:11:13.600 --> 00:11:15.600]  很喜歡工作的人
[00:11:15.600 --> 00:11:17.600]  對於我來說
[00:11:17.600 --> 00:11:19.600]  是喔,需要坐在耶穌的腳前
[00:11:19.600 --> 00:11:21.600]  來聽一聽道
[00:11:21.600 --> 00:11:23.600]  但我們今天思考到女性侍奉的時候
[00:11:23.600 --> 00:11:25.600]  我們不妨看一下
[00:11:25.600 --> 00:11:27.600]  其實這個是不是故事的全部
[00:11:27.600 --> 00:11:29.600]  還是我們更加要深入去理解
[00:11:29.600 --> 00:11:31.600]  大家要留意
[00:11:31.600 --> 00:11:33.600]  這裡是路加福音
[00:11:33.600 --> 00:11:35.600]  福音書很多時候
[00:11:35.600 --> 00:11:37.600]  是寫給當時第一世紀的教會
[00:11:37.600 --> 00:11:39.600]  這裡說到
[00:11:39.600 --> 00:11:41.600]  家
[00:11:41.600 --> 00:11:43.600]  在家
[00:11:43.600 --> 00:11:45.600]  發生了一件事
[00:11:45.600 --> 00:11:47.600]  兩個姐妹和耶穌之間
[00:11:47.600 --> 00:11:49.600]  可能有些爭拗等等
[00:11:49.600 --> 00:11:51.600]  你要知道
[00:11:51.600 --> 00:11:53.600]  當時第一世紀的時候
[00:11:53.600 --> 00:11:55.600]  他們看路加福音
[00:11:55.600 --> 00:11:57.600]  第一代的信眾
[00:11:57.600 --> 00:11:59.600]  第一代的聽眾
[00:11:59.600 --> 00:12:01.600]  他們看見路加福音的時候
[00:12:01.600 --> 00:12:03.600]  他們不會想起我們教會
[00:12:03.600 --> 00:12:05.600]  有一個公眾的
[00:12:05.600 --> 00:12:07.600]  建築物,然後我們在那裡
[00:12:07.600 --> 00:12:09.600]  去聚會
[00:12:09.600 --> 00:12:11.600]  他們所有的
[00:12:11.600 --> 00:12:13.600]  聚會的方式都是在家庭裡面
[00:12:13.600 --> 00:12:15.600]  所以你在
[00:12:15.600 --> 00:12:17.600]  新約的聖經裡面
[00:12:17.600 --> 00:12:19.600]  你都留意到這樣的線索
[00:12:19.600 --> 00:12:21.600]  有些經文告訴我們
[00:12:21.600 --> 00:12:23.600]  教會是在哪裡發生的呢
[00:12:23.600 --> 00:12:25.600]  就不是一個公共的場合
[00:12:25.600 --> 00:12:27.600]  而是一個家裡面發生的
[00:12:27.600 --> 00:12:29.600]  所以那些真的叫做
[00:12:29.600 --> 00:12:31.600]  House Churches
[00:12:31.600 --> 00:12:33.600]  或者Home Churches
[00:12:33.600 --> 00:12:35.600]  是在家庭裡面發生的
[00:12:35.600 --> 00:12:37.600]  是的,士郎傳第十六章
[00:12:37.600 --> 00:12:39.600]  保羅去到
[00:12:39.600 --> 00:12:41.600]  菲律賓
[00:12:41.600 --> 00:12:43.600]  菲律賓,那裡有一個人
[00:12:43.600 --> 00:12:45.600]  去招待他
[00:12:45.600 --> 00:12:47.600]  招待不是純粹弄東西給他吃這麼簡單
[00:12:47.600 --> 00:12:49.600]  而是在家裡面有
[00:12:49.600 --> 00:12:51.600]  教會,在那裡有聚會
[00:12:51.600 --> 00:12:53.600]  女底亞的家裡面
[00:12:53.600 --> 00:12:55.600]  這個是女人,女底亞
[00:12:55.600 --> 00:12:57.600]  Lydia的家裡面
[00:12:57.600 --> 00:12:59.600]  有一些弟兄姊妹在那裡聚會
[00:12:59.600 --> 00:13:01.600]  十二章十二節,士郎傳
[00:13:01.600 --> 00:13:03.600]  講到彼得
[00:13:03.600 --> 00:13:05.600]  出監,然後去了一個地方
[00:13:05.600 --> 00:13:07.600]  去到教會
[00:13:07.600 --> 00:13:09.600]  弟兄姊妹的裡面
[00:13:09.600 --> 00:13:11.600]  是什麼地方呢
[00:13:11.600 --> 00:13:13.600]  是馬可約翰的母親
[00:13:13.600 --> 00:13:15.600]  瑪麗亞,也是叫瑪麗亞
[00:13:15.600 --> 00:13:17.600]  但是另一個瑪麗亞,在她家裡面發生的
[00:13:17.600 --> 00:13:19.600]  那裡有很多人在那裡聚集
[00:13:19.600 --> 00:13:21.600]  去到禱告
[00:13:21.600 --> 00:13:23.600]  哥羅西書第四章
[00:13:23.600 --> 00:13:25.600]  講到老底家的弟兄姊妹的時候
[00:13:25.600 --> 00:13:27.600]  有一個姊妹叫做
[00:13:27.600 --> 00:13:29.600]  靈法和她家裡面的
[00:13:29.600 --> 00:13:31.600]  教會
[00:13:31.600 --> 00:13:33.600]  家裡面的教會
[00:13:33.600 --> 00:13:35.600]  所以當時他們提到
[00:13:35.600 --> 00:13:37.600]  教會的時候,他們就想起家
[00:13:37.600 --> 00:13:39.600]  所以瑪麗亞的故事
[00:13:39.600 --> 00:13:41.600]  也是在一個家裡面
[00:13:41.600 --> 00:13:43.600]  來發生的
[00:13:43.600 --> 00:13:45.600]  甚至瑪麗亞
[00:13:45.600 --> 00:13:47.600]  所做的事,她說事後
[00:13:47.600 --> 00:13:49.600]  事後的事太多
[00:13:49.600 --> 00:13:51.600]  其實這個字,是後來
[00:13:51.600 --> 00:13:53.600]  來去形容,執事
[00:13:53.600 --> 00:13:55.600]  和侍奉的詞彙
[00:13:55.600 --> 00:13:57.600]  所以
[00:13:57.600 --> 00:13:59.600]  路加不是在講飯廳
[00:13:59.600 --> 00:14:01.600]  客廳的一種風波
[00:14:01.600 --> 00:14:03.600]  而是在講
[00:14:03.600 --> 00:14:05.600]  一個家庭的教會裡面
[00:14:05.600 --> 00:14:07.600]  侍奉的角色和功能
[00:14:07.600 --> 00:14:09.600]  不同
[00:14:09.600 --> 00:14:11.600]  大家記得
[00:14:11.600 --> 00:14:13.600]  以前的社會
[00:14:13.600 --> 00:14:15.600]  和我們現在的社會,是有分別的
[00:14:15.600 --> 00:14:17.600]  第一世紀特別
[00:14:17.600 --> 00:14:19.600]  那個近東的社會
[00:14:19.600 --> 00:14:21.600]  那個社會的空間
[00:14:21.600 --> 00:14:23.600]  是分得很清楚的
[00:14:23.600 --> 00:14:25.600]  分得很清楚,男與女
[00:14:25.600 --> 00:14:27.600]  這個地方是屬於你的
[00:14:27.600 --> 00:14:29.600]  是女人的
[00:14:29.600 --> 00:14:31.600]  這個地方是屬於我的
[00:14:31.600 --> 00:14:33.600]  是男人的
[00:14:33.600 --> 00:14:35.600]  我們華人的傳統文化都會這樣講的
[00:14:35.600 --> 00:14:37.600]  男主外,女主內
[00:14:37.600 --> 00:14:39.600]  女人要三從四德等等
[00:14:39.600 --> 00:14:41.600]  女人要三從四德等等
[00:14:41.600 --> 00:14:43.600]  甚至今天
[00:14:43.600 --> 00:14:45.600]  一些比較保守的地方,都是這樣分的
[00:14:45.600 --> 00:14:47.600]  譬如你今天去
[00:14:47.600 --> 00:14:49.600]  西牆,耶路撒冷西牆
[00:14:49.600 --> 00:14:51.600]  他們都是分開男女的
[00:14:51.600 --> 00:14:53.600]  男女去到
[00:14:53.600 --> 00:14:55.600]  碰那個西牆的時候
[00:14:55.600 --> 00:14:57.600]  男人碰那個西牆是比較漂亮的
[00:14:57.600 --> 00:14:59.600]  在裏面的
[00:14:59.600 --> 00:15:01.600]  他們見的東西是比較多的
[00:15:01.600 --> 00:15:03.600]  日曬雨淋的時候
[00:15:03.600 --> 00:15:05.600]  他們可以鑽進去裏面的,有個會堂在裏面的
[00:15:05.600 --> 00:15:07.600]  也是貼著西牆的
[00:15:07.600 --> 00:15:09.600]  女人就在外面的
[00:15:09.600 --> 00:15:11.600]  你不喜歡曬的,你就擔遮
[00:15:11.600 --> 00:15:13.600]  這個是男的區域
[00:15:13.600 --> 00:15:15.600]  這個是女人的區域,分得很清楚的
[00:15:15.600 --> 00:15:17.600]  我有很多次去巴勒斯坦地
[00:15:17.600 --> 00:15:19.600]  有時候是一個人去的
[00:15:19.600 --> 00:15:21.600]  有時候去conference
[00:15:21.600 --> 00:15:23.600]  或者去
[00:15:23.600 --> 00:15:25.600]  做一些工作等等
[00:15:25.600 --> 00:15:27.600]  我記得有好幾次
[00:15:27.600 --> 00:15:29.600]  我是住在一個穆斯林的家
[00:15:29.600 --> 00:15:31.600]  因為是那些airbnb
[00:15:31.600 --> 00:15:33.600]  我需要一個床位,我一條爛命
[00:15:33.600 --> 00:15:35.600]  我就很便宜,我就找了一個床位
[00:15:35.600 --> 00:15:37.600]  然後我找了一個家庭接待我
[00:15:37.600 --> 00:15:39.600]  那個家庭就是一些穆斯林的家庭
[00:15:39.600 --> 00:15:41.600]  我記得有一次
[00:15:41.600 --> 00:15:43.600]  很深印象,第一次來的
[00:15:43.600 --> 00:15:45.600]  我就進去West Bank
[00:15:45.600 --> 00:15:47.600]  就跟一個
[00:15:47.600 --> 00:15:49.600]  進去一個穆斯林的家
[00:15:49.600 --> 00:15:51.600]  我住了幾天
[00:15:51.600 --> 00:15:53.600]  我從來沒有見過他老婆
[00:15:53.600 --> 00:15:55.600]  我從來沒有見過他老婆
[00:15:55.600 --> 00:15:57.600]  從來沒有見過任何女人
[00:15:57.600 --> 00:15:59.600]  我只見到他
[00:15:59.600 --> 00:16:01.600]  和他一個小朋友
[00:16:01.600 --> 00:16:03.600]  有時候走進來
[00:16:03.600 --> 00:16:05.600]  就是我住的地方,睡的地方
[00:16:05.600 --> 00:16:07.600]  和他款待我
[00:16:07.600 --> 00:16:09.600]  煮東西給我的地方
[00:16:09.600 --> 00:16:11.600]  都是沒有見過女人的
[00:16:11.600 --> 00:16:13.600]  那我又
[00:16:13.600 --> 00:16:15.600]  因為我很關心人
[00:16:15.600 --> 00:16:17.600]  很好笑吧
[00:16:17.600 --> 00:16:19.600]  我很關心人
[00:16:19.600 --> 00:16:21.600]  那我當然問一下他家庭狀況
[00:16:21.600 --> 00:16:23.600]  我說你太太怎麼樣
[00:16:23.600 --> 00:16:25.600]  那他就說
[00:16:25.600 --> 00:16:27.600]  我們結了婚多久
[00:16:27.600 --> 00:16:29.600]  原來他們有很多小朋友
[00:16:29.600 --> 00:16:31.600]  那
[00:16:31.600 --> 00:16:33.600]  從來沒有見過他老婆
[00:16:33.600 --> 00:16:35.600]  但是每一次早午晚餐
[00:16:35.600 --> 00:16:37.600]  都會有東西煮在那裡
[00:16:37.600 --> 00:16:39.600]  放在那裡
[00:16:39.600 --> 00:16:41.600]  那我就和他吃東西和他聊天
[00:16:41.600 --> 00:16:43.600]  因為男人是主外的
[00:16:43.600 --> 00:16:45.600]  所以是一個公共的空間
[00:16:45.600 --> 00:16:47.600]  公共的空間就是有人出入
[00:16:47.600 --> 00:16:49.600]  有外人在那裡
[00:16:49.600 --> 00:16:51.600]  女人是不會給我看的
[00:16:51.600 --> 00:16:53.600]  是吧
[00:16:53.600 --> 00:16:55.600]  女人是在裡面
[00:16:55.600 --> 00:16:57.600]  你聽見他沙煲罌撐的聲音
[00:16:57.600 --> 00:16:59.600]  但是他永遠不會露面
[00:16:59.600 --> 00:17:01.600]  因為那個是裡面的世界
[00:17:01.600 --> 00:17:03.600]  那個是裡面的社會空間
[00:17:03.600 --> 00:17:05.600]  是煮飯的社會空間
[00:17:05.600 --> 00:17:07.600]  你這樣去體會的時候
[00:17:07.600 --> 00:17:09.600]  你就明白了
[00:17:09.600 --> 00:17:11.600]  這個故事其實不是那麼簡單
[00:17:11.600 --> 00:17:13.600]  這個故事是說一些
[00:17:13.600 --> 00:17:15.600]  公共的空間
[00:17:15.600 --> 00:17:17.600]  和私有的空間
[00:17:17.600 --> 00:17:19.600]  是耶穌這樣做的時候
[00:17:19.600 --> 00:17:21.600]  可能是在做一些很破格的東西
[00:17:21.600 --> 00:17:23.600]  或者瑪利亞在做的
[00:17:23.600 --> 00:17:25.600]  是一些很破格的東西
[00:17:25.600 --> 00:17:27.600]  加上這裡怎麼形容瑪利亞呢
[00:17:27.600 --> 00:17:29.600]  形容他的動作是在耶穌的腳前
[00:17:29.600 --> 00:17:31.600]  來聽他的道
[00:17:31.600 --> 00:17:33.600]  在腳前來聽他的道
[00:17:33.600 --> 00:17:35.600]  我們第一個的感覺
[00:17:35.600 --> 00:17:37.600]  看這個故事的時候
[00:17:37.600 --> 00:17:39.600]  我們就覺得
[00:17:39.600 --> 00:17:41.600]  他一定好像那些
[00:17:41.600 --> 00:17:43.600]  高中生的女學生
[00:17:43.600 --> 00:17:45.600]  看著一個老師
[00:17:45.600 --> 00:17:47.600]  那個老師可能很帥
[00:17:47.600 --> 00:17:49.600]  他就坐在她的腳邊
[00:17:49.600 --> 00:17:51.600]  然後很仰慕地看著她
[00:17:51.600 --> 00:17:53.600]  聽她講學很好
[00:17:53.600 --> 00:17:55.600]  聽得很入神
[00:17:55.600 --> 00:17:57.600]  我們的感覺就是這樣
[00:17:57.600 --> 00:17:59.600]  瑪利亞和耶穌之間的互動
[00:17:59.600 --> 00:18:01.600]  但是其實不是這樣的
[00:18:01.600 --> 00:18:03.600]  這句話坐在主的腳前
[00:18:03.600 --> 00:18:05.600]  聽他的道
[00:18:05.600 --> 00:18:07.600]  其實是一句
[00:18:07.600 --> 00:18:09.600]  猶太教裡面的術語
[00:18:09.600 --> 00:18:11.600]  sitting at the feet of the rabbi
[00:18:11.600 --> 00:18:13.600]  坐在一個
[00:18:13.600 --> 00:18:15.600]  老師的腳前
[00:18:15.600 --> 00:18:17.600]  是什麼意思呢
[00:18:17.600 --> 00:18:19.600]  其實就是去成為
[00:18:19.600 --> 00:18:21.600]  他的門生
[00:18:21.600 --> 00:18:23.600]  保羅也是這樣介紹自己的
[00:18:23.600 --> 00:18:25.600]  保羅在《士郎傳》第二十二章
[00:18:25.600 --> 00:18:27.600]  他說我原是猶太人
[00:18:27.600 --> 00:18:29.600]  生在基里加的大素
[00:18:29.600 --> 00:18:31.600]  大素是當時一個很大的城市
[00:18:31.600 --> 00:18:33.600]  但在這城裡面長大
[00:18:33.600 --> 00:18:35.600]  保羅說什麼
[00:18:35.600 --> 00:18:37.600]  他的學歷
[00:18:37.600 --> 00:18:39.600]  這個是他的resume
[00:18:39.600 --> 00:18:41.600]  他說他在加瑪列的門下
[00:18:41.600 --> 00:18:43.600]  按著我們祖宗嚴謹的律法受教
[00:18:43.600 --> 00:18:45.600]  熱心侍奉上帝
[00:18:45.600 --> 00:18:47.600]  就如你們
[00:18:47.600 --> 00:18:49.600]  大家今天一樣
[00:18:49.600 --> 00:18:51.600]  加瑪列的門下
[00:18:51.600 --> 00:18:53.600]  加瑪列是誰
[00:18:53.600 --> 00:18:55.600]  加瑪列是一個很出名的拉比
[00:18:55.600 --> 00:18:57.600]  聖經裡面
[00:18:57.600 --> 00:18:59.600]  在這裡有記載
[00:18:59.600 --> 00:19:01.600]  聖經以外也有很多講他
[00:19:01.600 --> 00:19:03.600]  他們當時
[00:19:03.600 --> 00:19:05.600]  哈佛來的
[00:19:05.600 --> 00:19:07.600]  哈佛的學院
[00:19:07.600 --> 00:19:09.600]  如果有加瑪列
[00:19:09.600 --> 00:19:11.600]  去收你做門僧的話
[00:19:11.600 --> 00:19:13.600]  你真的會反應
[00:19:13.600 --> 00:19:15.600]  什麼意思
[00:19:15.600 --> 00:19:17.600]  他說加瑪列的門下
[00:19:17.600 --> 00:19:19.600]  原文是加瑪列的腳下
[00:19:19.600 --> 00:19:21.600]  去受教
[00:19:21.600 --> 00:19:23.600]  他sitting at the feet
[00:19:23.600 --> 00:19:25.600]  of the rabbi
[00:19:25.600 --> 00:19:27.600]  在加瑪列的腳下
[00:19:27.600 --> 00:19:29.600]  去聽道
[00:19:29.600 --> 00:19:31.600]  培養他出來
[00:19:31.600 --> 00:19:33.600]  保羅說
[00:19:33.600 --> 00:19:35.600]  我多厲害
[00:19:35.600 --> 00:19:37.600]  我在哪間學院
[00:19:37.600 --> 00:19:39.600]  最高等的學院
[00:19:39.600 --> 00:19:41.600]  去接受教育
[00:19:41.600 --> 00:19:43.600]  加瑪列的腳下
[00:19:43.600 --> 00:19:45.600]  所以這句說話在
[00:19:45.600 --> 00:19:47.600]  主的腳前
[00:19:47.600 --> 00:19:49.600]  腳下
[00:19:49.600 --> 00:19:51.600]  或者at the feet
[00:19:51.600 --> 00:19:53.600]  其實是一句很重要的用語
[00:19:53.600 --> 00:19:55.600]  特別加上當時
[00:19:55.600 --> 00:19:57.600]  一些拉比的著作
[00:19:57.600 --> 00:19:59.600]  講到女孩子
[00:19:59.600 --> 00:20:01.600]  如果要學Torah的話
[00:20:01.600 --> 00:20:03.600]  如果女孩子要學律法的話
[00:20:03.600 --> 00:20:05.600]  其實是教她
[00:20:05.600 --> 00:20:07.600]  講忠自己
[00:20:07.600 --> 00:20:09.600]  有一些拉比會這樣講
[00:20:09.600 --> 00:20:11.600]  你可以想像當時的
[00:20:11.600 --> 00:20:13.600]  那種討論
[00:20:13.600 --> 00:20:15.600]  這個空間
[00:20:15.600 --> 00:20:17.600]  到底是屬於男還是屬於女
[00:20:17.600 --> 00:20:19.600]  有很多人認為
[00:20:19.600 --> 00:20:21.600]  這個空間只是屬於男
[00:20:21.600 --> 00:20:23.600]  你坐在拉比的腳下
[00:20:23.600 --> 00:20:25.600]  是誰
[00:20:25.600 --> 00:20:27.600]  是男還是女
[00:20:27.600 --> 00:20:29.600]  是男
[00:20:29.600 --> 00:20:31.600]  通常都是男
[00:20:31.600 --> 00:20:33.600]  很少是女的
[00:20:33.600 --> 00:20:35.600]  女人不應該在的地方是什麼
[00:20:35.600 --> 00:20:37.600]  在廚房
[00:20:37.600 --> 00:20:39.600]  在廚房
[00:20:39.600 --> 00:20:41.600]  女人不應該在的是什麼地方
[00:20:41.600 --> 00:20:43.600]  拉比的腳下
[00:20:43.600 --> 00:20:45.600]  所以瑪利亞在做的事情
[00:20:45.600 --> 00:20:47.600]  很有趣
[00:20:47.600 --> 00:20:49.600]  所以耶穌就讚許她
[00:20:49.600 --> 00:20:51.600]  他說瑪利亞
[00:20:51.600 --> 00:20:53.600]  她已經選上了最好的福分
[00:20:53.600 --> 00:20:55.600]  坐在耶穌的腳前
[00:20:55.600 --> 00:20:57.600]  不只是聽道
[00:20:57.600 --> 00:20:59.600]  作筆記
[00:20:59.600 --> 00:21:01.600]  其實是她將來能夠成為什麼
[00:21:01.600 --> 00:21:03.600]  拉比
[00:21:03.600 --> 00:21:05.600]  是嗎
[00:21:05.600 --> 00:21:07.600]  保羅坐在加瑪利亞的腳下
[00:21:07.600 --> 00:21:09.600]  是為了什麼
[00:21:09.600 --> 00:21:11.600]  不只是仰慕
[00:21:11.600 --> 00:21:13.600]  做她的粉絲
[00:21:13.600 --> 00:21:15.600]  覺得加瑪利亞很好
[00:21:15.600 --> 00:21:17.600]  然後寫下很多筆記
[00:21:17.600 --> 00:21:19.600]  她將來能夠成為加瑪利亞
[00:21:19.600 --> 00:21:21.600]  所以坐在耶穌的腳前
[00:21:21.600 --> 00:21:23.600]  這位瑪利亞
[00:21:23.600 --> 00:21:25.600]  就是拿了上好的福分
[00:21:25.600 --> 00:21:27.600]  所以你看到這個故事
[00:21:27.600 --> 00:21:29.600]  其實是挑戰當時社會裡面
[00:21:29.600 --> 00:21:31.600]  一些的
[00:21:31.600 --> 00:21:33.600]  社會空間的定義
[00:21:33.600 --> 00:21:35.600]  這裡屬於男的
[00:21:35.600 --> 00:21:37.600]  女人是不能進去的
[00:21:37.600 --> 00:21:39.600]  但是瑪利亞就進去了
[00:21:39.600 --> 00:21:41.600]  坐在耶穌的腳前
[00:21:41.600 --> 00:21:43.600]  然後她受教成為門生
[00:21:43.600 --> 00:21:45.600]  並且將來能夠成為
[00:21:45.600 --> 00:21:47.600]  拉比
[00:21:47.600 --> 00:21:49.600]  你這樣上下文去看的時候
[00:21:49.600 --> 00:21:51.600]  你就會發現
[00:21:51.600 --> 00:21:53.600]  這裡說的話不只是叫我們安靜
[00:21:53.600 --> 00:21:55.600]  靈修
[00:21:55.600 --> 00:21:57.600]  這麼簡單
[00:21:57.600 --> 00:21:59.600]  如果你看看路加福音
[00:21:59.600 --> 00:22:03.600]  從頭到尾的脈絡的話
[00:22:03.600 --> 00:22:05.600]  你就知道這裡
[00:22:05.600 --> 00:22:07.600]  其實就是在說這件事
[00:22:07.600 --> 00:22:09.600]  就是將當時社會裡面
[00:22:09.600 --> 00:22:11.600]  有的空間的隔離
[00:22:11.600 --> 00:22:13.600]  將它拆掉
[00:22:13.600 --> 00:22:15.600]  路加福音第九章五十一節
[00:22:15.600 --> 00:22:17.600]  那裡是整個路加福音裡面
[00:22:17.600 --> 00:22:19.600]  一個大的轉折
[00:22:19.600 --> 00:22:21.600]  因為之前耶穌就在加尼利活躍
[00:22:21.600 --> 00:22:23.600]  然後在那裡傳道廣道
[00:22:23.600 --> 00:22:25.600]  九章五十一節
[00:22:25.600 --> 00:22:27.600]  他說
[00:22:27.600 --> 00:22:29.600]  耶穌被接上升的日子將到
[00:22:29.600 --> 00:22:31.600]  耶穌就決意
[00:22:31.600 --> 00:22:33.600]  向耶路撒冷
[00:22:33.600 --> 00:22:35.600]  走
[00:22:35.600 --> 00:22:37.600]  他的方向完全改變了
[00:22:37.600 --> 00:22:39.600]  九章五十一節就是整個路加福音的
[00:22:39.600 --> 00:22:41.600]  轉折
[00:22:41.600 --> 00:22:43.600]  就是耶穌離開加尼利
[00:22:43.600 --> 00:22:45.600]  向耶路撒冷進發
[00:22:45.600 --> 00:22:47.600]  為什麼向耶路撒冷進發
[00:22:47.600 --> 00:22:49.600]  因為在耶路撒冷
[00:22:49.600 --> 00:22:51.600]  他要在十字架上死成就上帝的救恩
[00:22:51.600 --> 00:22:53.600]  所以九章五十一節
[00:22:53.600 --> 00:22:55.600]  一直在說一些故事
[00:22:55.600 --> 00:22:57.600]  是在成就一個救恩的過程裡面
[00:22:57.600 --> 00:22:59.600]  門徒跟著耶穌
[00:22:59.600 --> 00:23:01.600]  去學校他
[00:23:01.600 --> 00:23:03.600]  什麼叫做做一個門徒
[00:23:03.600 --> 00:23:05.600]  最終當然是死在十字架寫記
[00:23:05.600 --> 00:23:07.600]  去為人
[00:23:07.600 --> 00:23:09.600]  但這些故事集合起來的時候
[00:23:09.600 --> 00:23:11.600]  就是在說耶穌
[00:23:11.600 --> 00:23:13.600]  去定義到底什麼叫做門徒
[00:23:13.600 --> 00:23:15.600]  什麼叫做做一個利塞亞
[00:23:15.600 --> 00:23:17.600]  而跟隨利塞亞的人
[00:23:17.600 --> 00:23:19.600]  應該是怎樣的
[00:23:19.600 --> 00:23:21.600]  所以九章五十一節定義去耶路撒冷的時候
[00:23:21.600 --> 00:23:23.600]  路加集合了一些故事
[00:23:23.600 --> 00:23:25.600]  放在一起
[00:23:25.600 --> 00:23:27.600]  我們只是看第十章
[00:23:27.600 --> 00:23:29.600]  十章一到二十四節
[00:23:29.600 --> 00:23:31.600]  耶穌就在
[00:23:31.600 --> 00:23:33.600]  上耶路撒冷的路上
[00:23:33.600 --> 00:23:35.600]  他就差派七十人
[00:23:35.600 --> 00:23:37.600]  差派他們去其他地方
[00:23:37.600 --> 00:23:39.600]  傳天國的福音
[00:23:39.600 --> 00:23:41.600]  這裡已經打破了很多
[00:23:41.600 --> 00:23:43.600]  人與人之間的隔離
[00:23:43.600 --> 00:23:45.600]  然後十章二十五節到三十七節
[00:23:45.600 --> 00:23:47.600]  就是我們很熟悉的
[00:23:47.600 --> 00:23:49.600]  這個好撒瑪利亞人的比喻
[00:23:49.600 --> 00:23:51.600]  其實就是在回答
[00:23:51.600 --> 00:23:53.600]  你跟隨耶穌的時候
[00:23:53.600 --> 00:23:55.600]  你就是做一個愛人如己
[00:23:55.600 --> 00:23:57.600]  愛鄰舍如己的人
[00:23:57.600 --> 00:23:59.600]  耶穌就是一個這樣的人
[00:23:59.600 --> 00:24:01.600]  耶穌的門徒更加是一個這樣的人
[00:24:01.600 --> 00:24:03.600]  所以十章三十八節
[00:24:03.600 --> 00:24:05.600]  四十二節 瑪大瑪利亞的故事
[00:24:05.600 --> 00:24:07.600]  我們的感覺就好像
[00:24:07.600 --> 00:24:09.600]  跟上下沒有什麼關係
[00:24:09.600 --> 00:24:11.600]  其實就不是的 其實是在聯絡上與下的
[00:24:11.600 --> 00:24:13.600]  因為上面那個比喻
[00:24:13.600 --> 00:24:15.600]  好撒瑪利亞人的比喻
[00:24:15.600 --> 00:24:17.600]  就是在說愛人如己
[00:24:17.600 --> 00:24:19.600]  律法師也是這樣問的
[00:24:19.600 --> 00:24:21.600]  耶穌就回答他
[00:24:21.600 --> 00:24:23.600]  你回答吧 兩大誡命是什麼
[00:24:23.600 --> 00:24:25.600]  愛人如己和盡心盡性盡義盡力愛你的神
[00:24:25.600 --> 00:24:27.600]  十章三十八節到四十二節
[00:24:27.600 --> 00:24:29.600]  就是在說怎樣侍主
[00:24:29.600 --> 00:24:31.600]  怎樣去侍奉主
[00:24:31.600 --> 00:24:33.600]  要盡心盡力來愛主
[00:24:33.600 --> 00:24:35.600]  十章三十八節到四十二節
[00:24:35.600 --> 00:24:37.600]  瑪大瑪利亞的故事
[00:24:37.600 --> 00:24:39.600]  原來就是在說侍奉
[00:24:39.600 --> 00:24:41.600]  並且耶穌是拆毀了
[00:24:41.600 --> 00:24:43.600]  打破了
[00:24:43.600 --> 00:24:45.600]  性別的界限
[00:24:45.600 --> 00:24:47.600]  正如
[00:24:47.600 --> 00:24:49.600]  好撒瑪利亞人的比喻
[00:24:49.600 --> 00:24:51.600]  是打破了種族的界限
[00:24:51.600 --> 00:24:53.600]  你記得那個故事 我們不詳談了
[00:24:53.600 --> 00:24:55.600]  是在說
[00:24:55.600 --> 00:24:57.600]  不只是猶太人才是你的鄰舍
[00:24:57.600 --> 00:24:59.600]  猶太人不喜歡的撒瑪利亞人
[00:24:59.600 --> 00:25:01.600]  都是你的鄰舍
[00:25:01.600 --> 00:25:03.600]  你就需要愛人
[00:25:03.600 --> 00:25:05.600]  如己
[00:25:05.600 --> 00:25:07.600]  十章三十八節到四十二節
[00:25:07.600 --> 00:25:09.600]  這樣看的時候 他打破了什麼界限呢
[00:25:09.600 --> 00:25:11.600]  就不是種族 就是性別的界限
[00:25:11.600 --> 00:25:13.600]  其實是在說真正的門徒
[00:25:13.600 --> 00:25:15.600]  一個Full Discipleship
[00:25:15.600 --> 00:25:17.600]  應該是怎樣的
[00:25:17.600 --> 00:25:19.600]  這裡說的是在家裡做的事
[00:25:19.600 --> 00:25:21.600]  事後的事 等等
[00:25:21.600 --> 00:25:23.600]  不是按性別而分的
[00:25:23.600 --> 00:25:25.600]  而是按上帝的呼召
[00:25:25.600 --> 00:25:29.600]  所以我們看回這個故事的時候
[00:25:29.600 --> 00:25:31.600]  就不是這麼簡單
[00:25:31.600 --> 00:25:33.600]  原來這個故事是在說
[00:25:33.600 --> 00:25:35.600]  女人坐在耶穌的腳前
[00:25:35.600 --> 00:25:37.600]  不是單單
[00:25:37.600 --> 00:25:39.600]  有聽到的權利
[00:25:39.600 --> 00:25:41.600]  她去成全了一個真正的門徒
[00:25:41.600 --> 00:25:43.600]  正如一個男人
[00:25:43.600 --> 00:25:45.600]  可以做一個真正的門徒
[00:25:45.600 --> 00:25:47.600]  女人都可以做一個真正的門徒
[00:25:47.600 --> 00:25:49.600]  在這裡結束的時候
[00:25:49.600 --> 00:25:51.600]  讓我們想一想
[00:25:51.600 --> 00:25:53.600]  在教會裡面
[00:25:53.600 --> 00:25:55.600]  我們很多時候都會有一些
[00:25:55.600 --> 00:25:57.600]  不自覺地
[00:25:57.600 --> 00:25:59.600]  有一些對男女的定義
[00:25:59.600 --> 00:26:03.600]  Cafe Team
[00:26:03.600 --> 00:26:05.600]  煮飯那些應該是誰
[00:26:05.600 --> 00:26:07.600]  是燕姐
[00:26:07.600 --> 00:26:09.600]  燕姐
[00:26:09.600 --> 00:26:11.600]  燕姐
[00:26:11.600 --> 00:26:13.600]  但這個是不自覺地的
[00:26:13.600 --> 00:26:15.600]  大盜威這裡有很多男士
[00:26:15.600 --> 00:26:17.600]  其實煮東西是很厲害的
[00:26:17.600 --> 00:26:19.600]  他們煮東西是很厲害的
[00:26:19.600 --> 00:26:23.600]  起碼比我厲害
[00:26:23.600 --> 00:26:25.600]  我們有時候
[00:26:25.600 --> 00:26:27.600]  有一些不自覺的定義
[00:26:27.600 --> 00:26:29.600]  港獨的
[00:26:29.600 --> 00:26:31.600]  出來做帶領的應該是什麼
[00:26:31.600 --> 00:26:33.600]  應該是男還是女
[00:26:33.600 --> 00:26:35.600]  我們有時候不自覺地會覺得
[00:26:35.600 --> 00:26:37.600]  一定是男
[00:26:37.600 --> 00:26:39.600]  不一定
[00:26:39.600 --> 00:26:41.600]  男的領導
[00:26:41.600 --> 00:26:43.600]  和女的領導
[00:26:43.600 --> 00:26:45.600]  各有好處
[00:26:45.600 --> 00:26:47.600]  亦都各有
[00:26:47.600 --> 00:26:49.600]  需要改變
[00:26:49.600 --> 00:26:51.600]  長進的地方
[00:26:51.600 --> 00:26:53.600]  男的不一定是最大的
[00:26:53.600 --> 00:26:55.600]  一定是最好的
[00:26:55.600 --> 00:26:57.600]  我也有不同的缺陷
[00:26:57.600 --> 00:26:59.600]  如果有女性去到帶領的時候
[00:26:59.600 --> 00:27:01.600]  她看到的東西
[00:27:01.600 --> 00:27:03.600]  很多時候是我的盲點
[00:27:03.600 --> 00:27:05.600]  所以為什麼我們的同工會
[00:27:05.600 --> 00:27:07.600]  都是男女
[00:27:07.600 --> 00:27:09.600]  有齊的
[00:27:09.600 --> 00:27:11.600]  希望做什麼呢
[00:27:11.600 --> 00:27:13.600]  希望大家可以彼此平衡
[00:27:13.600 --> 00:27:15.600]  大家一起默默地服侍
[00:27:15.600 --> 00:27:17.600]  這是第一樣
[00:27:17.600 --> 00:27:19.600]  我們不要有一些男與女
[00:27:19.600 --> 00:27:21.600]  不該有的定義
[00:27:21.600 --> 00:27:23.600]  那些定義很多時候
[00:27:23.600 --> 00:27:25.600]  是我們文化背景而生出來的
[00:27:25.600 --> 00:27:27.600]  我們試一下
[00:27:27.600 --> 00:27:29.600]  去改一改
[00:27:29.600 --> 00:27:31.600]  試一下改一改
[00:27:31.600 --> 00:27:33.600]  咖啡廳可能就不是燕姐
[00:27:33.600 --> 00:27:35.600]  可能是燕哥
[00:27:35.600 --> 00:27:39.600]  你再想一想
[00:27:39.600 --> 00:27:41.600]  上一個禮拜給大家想的問題
[00:27:41.600 --> 00:27:43.600]  在你心靈裏面
[00:27:43.600 --> 00:27:45.600]  曾經祝福過你的
[00:27:45.600 --> 00:27:47.600]  姐妹
[00:27:47.600 --> 00:27:49.600]  這個女士
[00:27:49.600 --> 00:27:51.600]  為了去感謝神
[00:27:51.600 --> 00:27:53.600]  今個禮拜給你一個功課
[00:27:53.600 --> 00:27:55.600]  這些默默去
[00:27:55.600 --> 00:27:57.600]  侍奉默默在你心靈裏面
[00:27:57.600 --> 00:27:59.600]  有過影響的人
[00:27:59.600 --> 00:28:01.600]  你不妨
[00:28:01.600 --> 00:28:03.600]  微信她
[00:28:03.600 --> 00:28:05.600]  或者給她一個短的訊息
[00:28:05.600 --> 00:28:07.600]  你多謝她
[00:28:07.600 --> 00:28:09.600]  好嗎
[00:28:09.600 --> 00:28:11.600]  多謝她
[00:28:11.600 --> 00:28:13.600]  寫張卡給她
[00:28:13.600 --> 00:28:15.600]  去感謝她
[00:28:15.600 --> 00:28:17.600]  讓我們這個教會能夠成為一個
[00:28:17.600 --> 00:28:19.600]  男與女
[00:28:19.600 --> 00:28:21.600]  在耶穌的腳前
[00:28:21.600 --> 00:28:23.600]  都能夠聽到
[00:28:23.600 --> 00:28:25.600]  能夠做拉比
[00:28:25.600 --> 00:28:27.600]  打破
[00:28:27.600 --> 00:28:29.600]  性別的界限
[00:28:29.600 --> 00:28:31.600]  每一個人
[00:28:31.600 --> 00:28:33.600]  讓我們能夠被祂所使用
[00:28:33.600 --> 00:28:35.600]  我們動心得要祈禱
[00:28:35.600 --> 00:28:37.600]  上主我們多謝祢
[00:28:37.600 --> 00:28:39.600]  讓我們教會裏面
[00:28:39.600 --> 00:28:41.600]  有男有女
[00:28:41.600 --> 00:28:43.600]  有兄弟有姐妹
[00:28:43.600 --> 00:28:45.600]  我們缺一不可
[00:28:45.600 --> 00:28:47.600]  上主我們求祢
[00:28:47.600 --> 00:28:49.600]  求祢
[00:28:49.600 --> 00:28:51.600]  求祢使教會能夠
[00:28:51.600 --> 00:28:53.600]  茁壯的成長
[00:28:53.600 --> 00:28:55.600]  求祢興起我們弟兄
[00:28:55.600 --> 00:28:57.600]  和姐妹
[00:28:57.600 --> 00:28:59.600]  我們為著我們教會
[00:28:59.600 --> 00:29:01.600]  有很多的姐妹
[00:29:01.600 --> 00:29:03.600]  默默地作供
[00:29:03.600 --> 00:29:05.600]  默默地禱告
[00:29:05.600 --> 00:29:07.600]  默默地服侍
[00:29:07.600 --> 00:29:09.600]  我們獻上感恩和讚美
[00:29:09.600 --> 00:29:11.600]  多謝祢使用她們
[00:29:11.600 --> 00:29:13.600]  有姐妹是帶領的
[00:29:13.600 --> 00:29:15.600]  講道的 教道的
[00:29:15.600 --> 00:29:17.600]  主我們為著她們所帶來的
[00:29:17.600 --> 00:29:19.600]  教導
[00:29:19.600 --> 00:29:21.600]  她們所帶來的真理
[00:29:21.600 --> 00:29:23.600]  我們獻上感謝
[00:29:23.600 --> 00:29:25.600]  我們更加感謝祢
[00:29:25.600 --> 00:29:27.600]  呼召男並且女
[00:29:27.600 --> 00:29:29.600]  在基督裏面成為一
[00:29:29.600 --> 00:29:31.600]  在教會裏面能夠
[00:29:31.600 --> 00:29:33.600]  同心合意來服侍主
[00:29:33.600 --> 00:29:35.600]  讓我們同心合意
[00:29:35.600 --> 00:29:37.600]  盡心盡力地愛祢
[00:29:37.600 --> 00:29:39.600]  我們這樣祈禱 奉主命
