
[00:00:00.000 --> 00:00:01.200]  弟兄姊妹平安
[00:00:01.200 --> 00:00:05.400]  我們很期待夏令會的來臨
[00:00:05.400 --> 00:00:08.200]  已經是以月計了
[00:00:08.200 --> 00:00:10.100]  我們說了很多時間
[00:00:10.100 --> 00:00:13.800]  也都是透過四十天的禱告
[00:00:13.800 --> 00:00:15.000]  預備我們的心靈
[00:00:15.000 --> 00:00:17.500]  我們都真的看到
[00:00:17.500 --> 00:00:19.700]  每一個的牧區小組
[00:00:19.700 --> 00:00:23.300]  都很重視在這次的夏令會當中
[00:00:23.300 --> 00:00:26.700]  我們都撥開我們原本開組的時間
[00:00:26.700 --> 00:00:28.100]  我們原本的活動
[00:00:28.300 --> 00:00:31.900]  轉移在這三天當中去經歷神
[00:00:31.900 --> 00:00:36.700]  我沒有在燒浸經歷過特會
[00:00:36.700 --> 00:00:41.800]  這個特會這個字其實有很多的回憶
[00:00:41.800 --> 00:00:45.700]  我不知道大家是否每一個都經歷過
[00:00:45.700 --> 00:00:48.800]  我聽說是要在門口排隊的
[00:00:48.800 --> 00:00:55.000]  還有要預先站在那裡
[00:00:55.300 --> 00:01:01.400]  這個情況我們當然都很期待去見到
[00:01:01.400 --> 00:01:04.300]  不過我心上一樣東西就是
[00:01:04.300 --> 00:01:08.600]  我們對神的熱情不是人為的
[00:01:08.600 --> 00:01:13.100]  不是一些人所造成的氣氛所造成
[00:01:13.100 --> 00:01:16.300]  而是我們真是很渴望
[00:01:16.300 --> 00:01:18.900]  神在我們的生命裡面
[00:01:18.900 --> 00:01:21.700]  點燃我們那個屬靈的火焰
[00:01:22.600 --> 00:01:25.600]  所以我們今年教會主題
[00:01:25.600 --> 00:01:28.800]  大家看到就是「渴慕靈火點燃生命」
[00:01:28.800 --> 00:01:31.300]  我們就取了其中四個字
[00:01:31.300 --> 00:01:33.800]  就是靈火和點燃
[00:01:33.800 --> 00:01:36.400]  去成為我們這次夏令會的主題
[00:01:36.400 --> 00:01:38.600]  這個不單只是一個口號
[00:01:38.600 --> 00:01:40.200]  而是一個禱告來的
[00:01:40.200 --> 00:01:45.000]  就是主要是求你的靈火點燃我們
[00:01:45.000 --> 00:01:47.500]  不過我們首先要問
[00:01:47.500 --> 00:01:53.900]  究竟我們所渴慕的靈火是什麼呢?
[00:01:53.900 --> 00:01:59.100]  原來靈火不單是說短暫情緒的高漲
[00:01:59.100 --> 00:02:02.100]  也不是說到聚會氣氛的熱鬧
[00:02:02.100 --> 00:02:04.700]  也不是夏令會那幾天的感動
[00:02:04.700 --> 00:02:09.500]  聖經中的火常常是代表神的同在
[00:02:09.500 --> 00:02:13.500]  神的聖潔、神的引導和神的差遣
[00:02:13.800 --> 00:02:17.800]  所以真正的靈火是聖靈親自點燃我們的
[00:02:17.800 --> 00:02:20.600]  使我們被神的同在所吸引
[00:02:20.600 --> 00:02:23.800]  被神的聖潔去潔淨、煉淨
[00:02:23.800 --> 00:02:25.800]  被神的愛去更新
[00:02:25.800 --> 00:02:29.600]  更加重要是被神的使命去差遣
[00:02:29.600 --> 00:02:34.000]  所以靈火點燃不單是問我有沒有感動
[00:02:34.000 --> 00:02:37.800]  而是問我的生命有沒有被神重新點燃
[00:02:37.800 --> 00:02:40.300]  我的教會有沒有被神更新
[00:02:40.300 --> 00:02:44.800]  我們是否重新走進神給我們的使命呢?
[00:02:44.800 --> 00:02:48.300]  所以我相信我們要點燃的
[00:02:48.300 --> 00:02:51.100]  是一個基督徒整全的使命
[00:02:51.100 --> 00:02:54.800]  從創造、復活到終末的使命
[00:02:54.800 --> 00:02:56.800]  今天我們從三段經文裏面
[00:02:56.800 --> 00:02:59.800]  看科罕信仰的整全使命
[00:02:59.800 --> 00:03:01.800]  第一是創造告訴我們
[00:03:01.800 --> 00:03:04.300]  我們是按神的形象受造
[00:03:04.300 --> 00:03:07.300]  生命是有尊貴也有使命
[00:03:07.300 --> 00:03:11.800]  第二是復活告訴我們基督以他的愛更新我們
[00:03:11.800 --> 00:03:15.300]  使教會成為彼此相愛的群體
[00:03:15.300 --> 00:03:17.300]  第三是使命告訴我們
[00:03:17.300 --> 00:03:19.300]  復活主差遣我們
[00:03:19.300 --> 00:03:21.300]  使萬民作祂的門徒
[00:03:21.300 --> 00:03:23.300]  直到世代的終結
[00:03:23.300 --> 00:03:27.300]  願以今天的訊息成為我們進入下令會前的準備
[00:03:27.300 --> 00:03:29.800]  讓我們一同向神立志
[00:03:29.800 --> 00:03:32.300]  主呀!求祢的靈火點燃我
[00:03:32.300 --> 00:03:33.300]  點燃我們
[00:03:33.300 --> 00:03:34.800]  點燃祢的教會
[00:03:34.800 --> 00:03:36.300]  讓我們同心禱告
[00:03:36.300 --> 00:03:38.300]  慈愛主我們感謝祢
[00:03:38.300 --> 00:03:40.800]  神祢預備在今年的裏面
[00:03:40.800 --> 00:03:42.300]  我們的下令會
[00:03:42.300 --> 00:03:44.800]  是能夠讓更多的弟兄姊妹
[00:03:44.800 --> 00:03:47.300]  在這個堂所裏面參與
[00:03:47.300 --> 00:03:49.800]  主呀!我已經聽到弟兄姊妹說
[00:03:49.800 --> 00:03:53.300]  我已經預備好來參加這個下令會
[00:03:53.300 --> 00:03:55.800]  我們可能要早一個小時
[00:03:55.800 --> 00:03:57.300]  早45分鐘
[00:03:57.300 --> 00:04:00.300]  我們來到這個禮堂裏面
[00:04:00.300 --> 00:04:03.300]  神祢真是透過講完的訊息
[00:04:03.300 --> 00:04:06.800]  透過詩歌再一次提醒和激勵我們
[00:04:06.800 --> 00:04:09.800]  我們的生命需要被你去點燃
[00:04:09.800 --> 00:04:12.300]  我們的靈命需要被滋潤
[00:04:12.300 --> 00:04:15.300]  我們更加要在這個火熱的生命裏面
[00:04:15.300 --> 00:04:17.300]  再一次確定我們的召命
[00:04:17.300 --> 00:04:19.300]  所以主幫助我們
[00:04:19.300 --> 00:04:22.300]  就願意我們每一個人都在這個下令會裏面
[00:04:22.300 --> 00:04:24.800]  經歷你親自和我們的說話
[00:04:24.800 --> 00:04:28.300]  親自帶領我們生命前的道路
[00:04:28.300 --> 00:04:31.300]  我們將以下我們要分享的訊息
[00:04:31.300 --> 00:04:33.800]  交託仰望求主使用
[00:04:33.800 --> 00:04:36.800]  祈禱感恩奉基督寶貴名字祈求
[00:04:36.800 --> 00:04:38.800]  阿門
[00:04:38.800 --> 00:04:41.300]  讓我們去看創造
[00:04:41.300 --> 00:04:43.800]  人是按神的形象受造
[00:04:43.800 --> 00:04:46.300]  為要去承載使命
[00:04:46.300 --> 00:04:49.300]  在創世紀一章26到28節這樣說
[00:04:49.300 --> 00:04:51.800]  神說我們要照著我們的形象
[00:04:51.800 --> 00:04:53.800]  按著我們的樣式做人
[00:04:53.800 --> 00:04:55.800]  使他們管理海裏的魚
[00:04:55.800 --> 00:04:56.800]  空中的鳥
[00:04:56.800 --> 00:04:58.800]  地上的生畜和泉地
[00:04:58.800 --> 00:05:01.800]  並地上所爬的一切爬行動物
[00:05:01.800 --> 00:05:04.300]  神就照著自己的形象做人
[00:05:04.300 --> 00:05:07.300]  乃是照著他的形象做男做女
[00:05:07.300 --> 00:05:08.800]  神賜福給他們
[00:05:08.800 --> 00:05:09.800]  神對他們說
[00:05:09.800 --> 00:05:11.300]  要繁顯增多
[00:05:11.300 --> 00:05:12.800]  遍滿這地
[00:05:12.800 --> 00:05:13.800]  治理他
[00:05:13.800 --> 00:05:15.300]  要管理海裏的魚
[00:05:15.300 --> 00:05:16.300]  空中的鳥
[00:05:16.300 --> 00:05:19.300]  和地上各樣活動的生物
[00:05:19.300 --> 00:05:22.300]  這段經文告訴我們人是哪一個
[00:05:22.300 --> 00:05:24.300]  人不是偶然存在的
[00:05:24.300 --> 00:05:28.300]  人不是只為工作消費享受成功而活
[00:05:28.300 --> 00:05:33.300]  人也不是由成績、收入、地位、外貌、能力來定義
[00:05:33.300 --> 00:05:37.300]  聖經說人是照著神的形象地做
[00:05:37.300 --> 00:05:39.300]  這是一個尊貴的身份
[00:05:39.300 --> 00:05:41.300]  也是一個神聖的使命
[00:05:41.300 --> 00:05:42.300]  請你留意
[00:05:42.300 --> 00:05:45.800]  神先說人是照著他的形象地做
[00:05:45.800 --> 00:05:49.800]  然後才說要他們管理全地
[00:05:49.800 --> 00:05:50.800]  換句話來說
[00:05:50.800 --> 00:05:54.300]  身份是先於使命的
[00:05:54.300 --> 00:05:56.800]  記得我們信主決志那一刻
[00:05:56.800 --> 00:05:58.300]  我們是這樣說的
[00:05:58.300 --> 00:06:01.800]  我們的生命主權是全部交給主
[00:06:01.800 --> 00:06:07.300]  我們經常說耶穌基督是我們救贖的主
[00:06:07.300 --> 00:06:09.300]  更加是我們生命的主
[00:06:09.300 --> 00:06:11.800]  其實當我們這樣宣告的時候
[00:06:11.800 --> 00:06:15.300]  那個生命的擁有權已經改變了
[00:06:15.300 --> 00:06:18.300]  以前我們的人生是我們自己決定的
[00:06:18.300 --> 00:06:20.300]  我們人生做什麼
[00:06:20.300 --> 00:06:21.800]  我們去讀什麼書
[00:06:21.800 --> 00:06:23.300]  我們去做什麼工作
[00:06:23.300 --> 00:06:24.800]  我和誰結婚
[00:06:24.800 --> 00:06:27.300]  其實我們還沒有認識主之前
[00:06:27.300 --> 00:06:29.800]  這些就是我們自己作的決定
[00:06:29.800 --> 00:06:31.800]  我自己決定怎樣做就怎樣做
[00:06:31.800 --> 00:06:33.800]  但是當我們確認了
[00:06:33.800 --> 00:06:38.800]  耶穌基督在我們生命裡面有主權的時候
[00:06:38.800 --> 00:06:43.300]  我們就覺得我們要學習禱告和尋求
[00:06:43.300 --> 00:06:46.300]  很多弟兄姊妹可能都經歷過
[00:06:46.300 --> 00:06:48.300]  究竟我做什麼工作
[00:06:48.300 --> 00:06:50.300]  我將這件事交託給主
[00:06:50.300 --> 00:06:51.300]  我在禱告裡面
[00:06:51.300 --> 00:06:54.300]  我和誰拍拖、結婚
[00:06:54.300 --> 00:06:56.800]  我都交託給主讓主去引領
[00:06:56.800 --> 00:06:58.800]  甚至我們在家庭裡面
[00:06:58.800 --> 00:07:00.300]  我們的家庭計劃
[00:07:00.300 --> 00:07:02.300]  我們要生小朋友的時候
[00:07:02.300 --> 00:07:04.800]  我們都將這件事交託給主
[00:07:04.800 --> 00:07:07.300]  其實人生有很多的問題
[00:07:07.300 --> 00:07:10.300]  我們都沒有辦法靠著自己去解決
[00:07:10.300 --> 00:07:13.300]  但是因為這個生命主權的轉換
[00:07:13.300 --> 00:07:16.800]  我們就能夠學習祈禱和交託
[00:07:16.800 --> 00:07:19.300]  以致我們能夠靠主的力量
[00:07:19.300 --> 00:07:22.300]  去承擔走上前面的道路
[00:07:22.300 --> 00:07:24.300]  從為自己而活
[00:07:24.300 --> 00:07:26.300]  開始我們學習為神而活
[00:07:26.300 --> 00:07:28.300]  因為我們為神而活
[00:07:28.300 --> 00:07:31.300]  所以我們也會多考慮別人的需要
[00:07:31.300 --> 00:07:35.300]  我們都會多建立人、多扶持人
[00:07:35.300 --> 00:07:38.300]  今天很多人都活得很疲累
[00:07:38.300 --> 00:07:42.300]  因為其實我們常常調轉了生活的次序
[00:07:42.300 --> 00:07:46.300]  我們以為要先有成就、先有價值
[00:07:46.300 --> 00:07:49.300]  要先自己做得好,我們才值得被愛
[00:07:49.300 --> 00:07:52.300]  要先證明自己,我們才可以安心
[00:07:52.300 --> 00:07:54.300]  但是創世紀告訴我們
[00:07:54.300 --> 00:07:56.300]  在我們做任何事之前
[00:07:56.300 --> 00:07:59.300]  神已經按祂的形象做我們
[00:07:59.300 --> 00:08:01.300]  我們的價值不是世界給我們的
[00:08:01.300 --> 00:08:03.300]  不是別人評分的
[00:08:03.300 --> 00:08:05.300]  也不是自己努力賺回來的
[00:08:05.300 --> 00:08:08.300]  我們的價值是來自創造我們的神
[00:08:08.300 --> 00:08:12.300]  這個對我們的信仰和侍奉都很重要
[00:08:12.300 --> 00:08:14.300]  我不知道有時候我們會不會
[00:08:14.300 --> 00:08:16.300]  即使我們信了主
[00:08:16.300 --> 00:08:19.300]  我們都好像擺錯了方向
[00:08:19.300 --> 00:08:23.300]  我們常常說你在教會裏面有很多侍奉
[00:08:23.300 --> 00:08:26.300]  你在教會裏面很賣力侍奉
[00:08:26.300 --> 00:08:28.300]  其實會不會有一個心態
[00:08:28.300 --> 00:08:30.300]  就是我越多侍奉的時候
[00:08:30.300 --> 00:08:32.300]  神就會祝福我呢?
[00:08:32.300 --> 00:08:34.300]  神就會賜福給我呢?
[00:08:34.300 --> 00:08:36.300]  又或者如果我不侍奉的時候
[00:08:36.300 --> 00:08:38.300]  神會懲罰我的呢?
[00:08:38.300 --> 00:08:40.300]  我不知道大家會不會有這樣的心態
[00:08:40.300 --> 00:08:42.300]  如果有這樣的心態
[00:08:42.300 --> 00:08:46.300]  其實我們把世界的標準帶來教會
[00:08:46.300 --> 00:08:51.300]  我們把世人說多勞多得的標準帶來教會
[00:08:51.300 --> 00:08:55.300]  其實在教會的侍奉不是一種重擔
[00:08:55.300 --> 00:08:59.300]  其實在教會的侍奉不是一種責任這麼簡單
[00:08:59.300 --> 00:09:02.300]  更加是我們對神愛的回應
[00:09:02.300 --> 00:09:05.300]  但我承認侍奉不是簡單的
[00:09:05.300 --> 00:09:07.300]  侍奉不是容易的
[00:09:07.300 --> 00:09:10.300]  侍奉不單止是在那件事上我們做好
[00:09:10.300 --> 00:09:13.300]  侍奉是包括我們在過程裏面
[00:09:13.300 --> 00:09:16.300]  和人與人之間的關係
[00:09:16.300 --> 00:09:17.300]  正如我都說的
[00:09:17.300 --> 00:09:20.300]  侍奉有時最難不是做那個任務
[00:09:20.300 --> 00:09:23.300]  最難是在那個過程裏面
[00:09:23.300 --> 00:09:25.300]  怎樣去和人建立關係
[00:09:25.300 --> 00:09:27.300]  怎樣去和人相處
[00:09:27.300 --> 00:09:29.300]  所以今天很多人在侍奉上
[00:09:29.300 --> 00:09:32.300]  都有失望有沮喪
[00:09:32.300 --> 00:09:37.300]  往往就是因為在關係裏面出了問題
[00:09:37.300 --> 00:09:40.300]  但今天神再一次提醒我們
[00:09:40.300 --> 00:09:43.300]  當我們說靈火點燃的時候
[00:09:43.300 --> 00:09:48.300]  第一件事不是求神讓我們為他做更多的工作
[00:09:48.300 --> 00:09:51.300]  而是求神恢復我們作祂兒女
[00:09:51.300 --> 00:09:54.300]  作祂形象承載者的身份
[00:09:54.300 --> 00:09:58.300]  神做人之後是託父人治理和管理全地的
[00:09:58.300 --> 00:10:02.300]  這裏的管理不是剝削不是濫用
[00:10:02.300 --> 00:10:04.300]  不是為自己去佔有
[00:10:04.300 --> 00:10:09.300]  而是代表神以祂的良善公義慈愛和智慧
[00:10:09.300 --> 00:10:11.300]  來管理這個受造世界
[00:10:11.300 --> 00:10:14.300]  所以使命不單只是發生在教會裏面
[00:10:14.300 --> 00:10:17.300]  使命的範圍是遠超過報道
[00:10:17.300 --> 00:10:20.300]  仿孫裝備門訓和崇拜的侍奉
[00:10:20.300 --> 00:10:22.300]  這些都是很重要
[00:10:22.300 --> 00:10:26.300]  但聖經的使命觀是更加整全的
[00:10:26.300 --> 00:10:30.300]  其實回頭問我們在家裏面
[00:10:30.300 --> 00:10:34.300]  我們怎樣做丈夫妻子父母兒女
[00:10:34.300 --> 00:10:36.300]  這個是使命
[00:10:36.300 --> 00:10:41.300]  你在職場上是否能夠誠實公義憐憫
[00:10:41.300 --> 00:10:42.300]  這個是使命
[00:10:42.300 --> 00:10:47.300]  你在學校裏面怎樣對待同學老師弱小者
[00:10:47.300 --> 00:10:48.300]  這個是使命
[00:10:48.300 --> 00:10:52.300]  你怎樣使用時間金錢資源恩賜
[00:10:52.300 --> 00:10:53.300]  這個都是使命
[00:10:53.300 --> 00:10:58.300]  你是否去關心貧窮的人傷心的人邊緣的人
[00:10:58.300 --> 00:11:01.300]  社區和受造界的破碎
[00:11:01.300 --> 00:11:03.300]  這個都是使命
[00:11:03.300 --> 00:11:05.300]  福音信仰的整全使命
[00:11:05.300 --> 00:11:09.300]  就是神創造了整個人
[00:11:09.300 --> 00:11:11.300]  拯救了整個人
[00:11:11.300 --> 00:11:14.300]  更新了整個世界
[00:11:14.300 --> 00:11:21.300]  所以教會也要以整個生命見證整全的福音
[00:11:21.300 --> 00:11:26.300]  這段說話我很有感受要分享
[00:11:26.300 --> 00:11:30.300]  最近我們教務同工收到一條問題
[00:11:30.300 --> 00:11:33.300]  這條問題是說到
[00:11:33.300 --> 00:11:41.300]  如果最近美國公開了更多有關那些不明現象的資訊
[00:11:41.300 --> 00:11:44.300]  即是我們小時候說的UFO
[00:11:44.300 --> 00:11:46.300]  現在就擴展了
[00:11:46.300 --> 00:11:47.300]  不只是UFO
[00:11:47.300 --> 00:11:53.300]  總之所有我們不明白的分不清的現象是怎樣
[00:11:53.300 --> 00:11:57.300]  引起了這些討論
[00:11:57.300 --> 00:12:00.300]  簡單來說
[00:12:00.300 --> 00:12:02.300]  如果真的有外星人的話
[00:12:02.300 --> 00:12:05.300]  會不會影響神的救贖計劃呢
[00:12:05.300 --> 00:12:08.300]  這條問題不知道你怎樣回答
[00:12:08.300 --> 00:12:11.300]  這條問題可能有些未信的人會問你
[00:12:11.300 --> 00:12:15.300]  可能有些人對這個問題很有興趣
[00:12:15.300 --> 00:12:18.300]  我嘗試這樣回答
[00:12:18.300 --> 00:12:21.300]  從福音信仰的角度來看
[00:12:21.300 --> 00:12:24.300]  這些所謂UFO UAP
[00:12:24.300 --> 00:12:26.300]  他們不等於外星人
[00:12:26.300 --> 00:12:30.300]  不明只是表示現在未能解釋
[00:12:30.300 --> 00:12:32.300]  可能是涉及一些軍事科技
[00:12:32.300 --> 00:12:33.300]  自然現象
[00:12:33.300 --> 00:12:34.300]  感測的誤差
[00:12:34.300 --> 00:12:37.300]  無人機或者是其他的飛行物
[00:12:37.300 --> 00:12:40.300]  因此我們是不需要恐慌的
[00:12:40.300 --> 00:12:45.300]  也不應該急於將所有未知的現象神學化
[00:12:45.300 --> 00:12:47.300]  我們應該按聖經的教導說
[00:12:47.300 --> 00:12:51.300]  凡事測驗善美的要持守
[00:12:51.300 --> 00:12:54.300]  即使退一萬步來說
[00:12:54.300 --> 00:12:58.300]  即使將來證實有外星的生命
[00:12:58.300 --> 00:13:01.300]  也不會推翻我們的信仰
[00:13:01.300 --> 00:13:03.300]  基督教信仰的核心
[00:13:03.300 --> 00:13:08.300]  不是說地球是宇宙唯一有生命的地方
[00:13:08.300 --> 00:13:09.300]  不知道你同不同意
[00:13:09.300 --> 00:13:11.300]  而是神創造萬有
[00:13:11.300 --> 00:13:14.300]  人按神的形象被造
[00:13:14.300 --> 00:13:16.300]  卻是在最終墮落
[00:13:16.300 --> 00:13:18.300]  神藉著耶穌基督的道成肉身
[00:13:18.300 --> 00:13:22.300]  十字架和復活成就救恩
[00:13:22.300 --> 00:13:26.300]  並且要使萬有在基督裏同歸於一
[00:13:26.300 --> 00:13:29.300]  聖經沒有很清楚地說
[00:13:29.300 --> 00:13:34.300]  宇宙其他地方絕不可能有受造的生命
[00:13:34.300 --> 00:13:36.300]  不過我們又再想
[00:13:36.300 --> 00:13:40.300]  如果這些外星的生命只是一些非理性的生物
[00:13:40.300 --> 00:13:43.300]  就不會涉及罪和救恩的問題
[00:13:43.300 --> 00:13:49.300]  如果他們是有理性、有道德和靈性責任的位格存在的話
[00:13:49.300 --> 00:13:52.300]  才會引發起我們更多的思考
[00:13:52.300 --> 00:13:56.300]  究竟這些所謂外星的生命會不會有神的形象呢?
[00:13:56.300 --> 00:13:58.300]  他們有沒有曾經墮落呢?
[00:13:58.300 --> 00:14:00.300]  他們是否需要被救贖呢?
[00:14:00.300 --> 00:14:02.300]  老實說
[00:14:02.300 --> 00:14:06.300]  我找文聖經也找不到直接回答這些問題
[00:14:06.300 --> 00:14:09.300]  所以我們不應該妄下定論
[00:14:09.300 --> 00:14:16.300]  我不知道你讀聖經讀不讀到以西傑書第一章的意象
[00:14:16.300 --> 00:14:21.300]  即是說有一個飛行物件往直往行行走
[00:14:21.300 --> 00:14:27.300]  我讀到這裏就想起那些UFO
[00:14:27.300 --> 00:14:32.300]  其實這些就有少少穿鑿附會
[00:14:32.300 --> 00:14:36.300]  你說你在聖經裏讀到UFO
[00:14:36.300 --> 00:14:40.300]  但是聖經裏面真的沒有說這些事情
[00:14:40.300 --> 00:14:42.300]  但是可以確信的是
[00:14:42.300 --> 00:14:44.300]  如果他們真的存在
[00:14:44.300 --> 00:14:47.300]  他們是在創造主的主權之下
[00:14:47.300 --> 00:14:50.300]  人的尊嚴也不會因此降低
[00:14:50.300 --> 00:14:55.300]  因為人的價值是來自神的創造、呼召和救贖
[00:14:55.300 --> 00:15:02.300]  而不是說人是宇宙唯一智慧生命的地位上
[00:15:02.300 --> 00:15:04.300]  所以我們的信仰是必須堅持的
[00:15:04.300 --> 00:15:09.300]  耶穌基督不是局限在某個地區的宗教人物
[00:15:09.300 --> 00:15:13.300]  而是萬有的創造者、維繫者和主宰
[00:15:13.300 --> 00:15:16.300]  任何所謂外星的信息
[00:15:16.300 --> 00:15:19.300]  如果否定基督事主、貶低十字架
[00:15:19.300 --> 00:15:21.300]  取代了聖經的啟示
[00:15:21.300 --> 00:15:25.300]  或者宣稱有另一套更高級的救恩道路
[00:15:25.300 --> 00:15:26.300]  都必須拒絕
[00:15:26.300 --> 00:15:30.300]  因為這個已經成為了另一個福音
[00:15:30.300 --> 00:15:33.300]  因此我們面對外星生命的可能性
[00:15:33.300 --> 00:15:37.300]  基督徒應該保持謙卑、理性和警醒
[00:15:37.300 --> 00:15:40.300]  我們要對科學的發現開放
[00:15:40.300 --> 00:15:42.300]  我們要對陰謀論謹慎
[00:15:42.300 --> 00:15:45.300]  我們要對靈性的迷惑提高警覺
[00:15:45.300 --> 00:15:48.300]  並且安穩信靠神的主權
[00:15:48.300 --> 00:15:51.300]  我們要將未知的事交託給神
[00:15:51.300 --> 00:15:55.300]  而啟示的事我們卻要忠心持守
[00:15:55.300 --> 00:16:00.300]  其實今天我們要重視的並不是外星人信主美
[00:16:00.300 --> 00:16:03.300]  其實我們要重視的是地球上
[00:16:03.300 --> 00:16:05.300]  我們所認識的人信主美
[00:16:05.300 --> 00:16:08.300]  我們經常說福音的大能
[00:16:08.300 --> 00:16:11.300]  就是要在那些一切未相信主的人
[00:16:11.300 --> 00:16:16.300]  如果我們將焦點放在研究外星人是怎樣的時候
[00:16:16.300 --> 00:16:18.300]  我們就失去那個焦點
[00:16:18.300 --> 00:16:24.300]  所以我嘗試這樣回答
[00:16:24.300 --> 00:16:27.300]  這個問題是不容易的
[00:16:27.300 --> 00:16:30.300]  我覺得起碼我們能夠對身邊一些
[00:16:30.300 --> 00:16:32.300]  對這些有興趣的人
[00:16:32.300 --> 00:16:37.300]  我們可以有一個分享和回應
[00:16:37.300 --> 00:16:39.300]  不過說回頭
[00:16:39.300 --> 00:16:42.300]  當我們說整全使命的時候
[00:16:42.300 --> 00:16:45.300]  就是叫我們在日常的生活裏
[00:16:45.300 --> 00:16:48.300]  都是重新活出神的形象
[00:16:48.300 --> 00:16:52.300]  就好像說主求你點燃我們
[00:16:52.300 --> 00:16:56.300]  使我們在家庭、職場、學校、教會和社區中
[00:16:56.300 --> 00:16:59.300]  重新盛載你的形象
[00:16:59.300 --> 00:17:01.300]  活出你的使命
[00:17:01.300 --> 00:17:06.300]  在第二個思想裏面
[00:17:06.300 --> 00:17:08.300]  我們就說到復和
[00:17:08.300 --> 00:17:09.300]  在經文裏面這樣說
[00:17:09.300 --> 00:17:11.300]  我賜給你們一條新命令
[00:17:11.300 --> 00:17:13.300]  乃是叫你們彼此相愛
[00:17:13.300 --> 00:17:15.300]  我怎樣愛你們
[00:17:15.300 --> 00:17:17.300]  你們也要怎樣彼此相愛
[00:17:17.300 --> 00:17:19.300]  你們若彼此相愛
[00:17:19.300 --> 00:17:23.300]  眾人因此就認出你們是我的門徒了
[00:17:23.300 --> 00:17:28.300]  這段經文發生在耶穌被釘十字架之前的晚上
[00:17:28.300 --> 00:17:30.300]  祂知道猶大要出賣祂
[00:17:30.300 --> 00:17:32.300]  彼得要不認祂
[00:17:32.300 --> 00:17:34.300]  門徒將要四散
[00:17:34.300 --> 00:17:35.300]  就在這個時刻
[00:17:35.300 --> 00:17:37.300]  耶穌就洗門徒的腳
[00:17:37.300 --> 00:17:38.300]  然後對他們說
[00:17:38.300 --> 00:17:41.300]  我賜給你們一條新命令
[00:17:41.300 --> 00:17:43.300]  乃是叫你們彼此相愛
[00:17:43.300 --> 00:17:46.300]  耶穌不單只是說你們要相愛
[00:17:46.300 --> 00:17:48.300]  祂是說我怎樣愛你們
[00:17:48.300 --> 00:17:51.300]  你們也要怎樣彼此相愛
[00:17:51.300 --> 00:17:55.300]  基督徒的愛是以耶穌的愛為標準
[00:17:55.300 --> 00:17:57.300]  耶穌是怎樣愛我們的
[00:17:57.300 --> 00:17:58.300]  祂愛那些不配的人
[00:17:58.300 --> 00:18:00.300]  祂愛那些軟弱的人
[00:18:00.300 --> 00:18:02.300]  祂愛那些會失敗的人
[00:18:02.300 --> 00:18:04.300]  祂愛那些會逃走的人
[00:18:04.300 --> 00:18:07.300]  祂的愛不是停留在感覺上
[00:18:07.300 --> 00:18:09.300]  祂的愛是很實質地
[00:18:09.300 --> 00:18:12.300]  藉著走上十字架顯明
[00:18:12.300 --> 00:18:14.300]  祂的愛不是高高在上
[00:18:14.300 --> 00:18:16.300]  而是祂撫身的服侍
[00:18:16.300 --> 00:18:18.300]  祂的愛不是保存自己
[00:18:18.300 --> 00:18:21.300]  而是捨己成全別人
[00:18:21.300 --> 00:18:23.300]  這就是一個復和的福音
[00:18:23.300 --> 00:18:27.300]  耶穌基督就是使神和人的關係復和
[00:18:27.300 --> 00:18:30.300]  正因為罪使我們與神隔絕
[00:18:30.300 --> 00:18:32.300]  但是基督的十字架
[00:18:32.300 --> 00:18:34.300]  使我們能夠與神的關係恢復
[00:18:34.300 --> 00:18:37.300]  而與神關係恢復的人
[00:18:37.300 --> 00:18:41.300]  也都被帶進一個彼此復和的新群體
[00:18:41.300 --> 00:18:43.300]  就是教會
[00:18:43.300 --> 00:18:47.300]  教會並不是由一群完美的人組成的
[00:18:47.300 --> 00:18:49.300]  而是由一群蒙恩
[00:18:49.300 --> 00:18:52.300]  但仍在成長中的罪人同行
[00:18:52.300 --> 00:18:55.300]  我們有時都會誤解了別人
[00:18:55.300 --> 00:18:57.300]  亦都難免遭人誤會
[00:18:57.300 --> 00:19:00.300]  我們有時在受傷的裏面
[00:19:00.300 --> 00:19:03.300]  亦都不自覺地傷害了人
[00:19:03.300 --> 00:19:05.300]  我們或者都滿有熱心
[00:19:05.300 --> 00:19:08.300]  但是不一定常常有溫柔
[00:19:08.300 --> 00:19:10.300]  我們看重真理
[00:19:10.300 --> 00:19:13.300]  卻有時會忘記以恩典去承托
[00:19:13.300 --> 00:19:15.300]  我們努力推動事工
[00:19:15.300 --> 00:19:19.300]  他可能忽略了身邊那些真實的人
[00:19:19.300 --> 00:19:20.300]  正因為這樣
[00:19:20.300 --> 00:19:22.300]  教會需要復興
[00:19:22.300 --> 00:19:23.300]  而真正的復興
[00:19:23.300 --> 00:19:27.300]  必然包含關係的修復和和好
[00:19:27.300 --> 00:19:29.300]  聖靈的火點燃生命
[00:19:29.300 --> 00:19:31.300]  不單止使我們更投入在聚會
[00:19:31.300 --> 00:19:33.300]  更熱心服事
[00:19:33.300 --> 00:19:36.300]  亦都照亮我們內心深處的苦毒
[00:19:36.300 --> 00:19:40.300]  恣意、冷漠、驕傲、嫉妒和論斷
[00:19:40.300 --> 00:19:42.300]  這個火要煉成我們
[00:19:42.300 --> 00:19:45.300]  使我們願意悔改、學習、饒恕
[00:19:45.300 --> 00:19:48.300]  勇於道歉、放下執著
[00:19:48.300 --> 00:19:53.300]  並且重新走上愛的道路
[00:19:53.300 --> 00:19:56.300]  過往在沙鎮的侍奉
[00:19:56.300 --> 00:20:03.300]  我有一個不時會發生的現象
[00:20:03.300 --> 00:20:06.300]  我曾經在內心或者言語上
[00:20:06.300 --> 00:20:10.300]  評斷其他人侍奉的動機
[00:20:10.300 --> 00:20:13.300]  當我嘗試問自己
[00:20:13.300 --> 00:20:16.300]  為什麼我會對他有這樣的評斷的時候
[00:20:16.300 --> 00:20:19.300]  當然就是他所做的行為我不喜歡
[00:20:19.300 --> 00:20:21.300]  就是他所說的言論我不喜歡
[00:20:21.300 --> 00:20:26.300]  但是這件事也不構成我不喜歡他
[00:20:26.300 --> 00:20:29.300]  其實我們華人總是有一個傳統
[00:20:29.300 --> 00:20:33.300]  我們就是將人和他的觀點很難分開
[00:20:33.300 --> 00:20:36.300]  就是說我們不接納他的觀點
[00:20:36.300 --> 00:20:38.300]  就好像我不接納了他一樣
[00:20:38.300 --> 00:20:40.300]  在教會大家知道
[00:20:40.300 --> 00:20:43.300]  我們浸信會會眾制
[00:20:43.300 --> 00:20:47.300]  會眾制不是牧師說了算
[00:20:47.300 --> 00:20:49.300]  也不是單是執事說了算
[00:20:49.300 --> 00:20:54.300]  會眾是常常可以表達他的意見、看法
[00:20:54.300 --> 00:20:57.300]  所以有時候我經常都會說
[00:20:57.300 --> 00:21:00.300]  「業會,你又出來說話」
[00:21:00.300 --> 00:21:03.300]  「很長啊,已經開了一個多小時了」
[00:21:03.300 --> 00:21:06.300]  我心裡經常都有這個難處
[00:21:06.300 --> 00:21:08.300]  「哎呀,為什麼說那麼多」
[00:21:08.300 --> 00:21:10.300]  「快點散會吧」
[00:21:10.300 --> 00:21:14.300]  但是我就有一個反省
[00:21:14.300 --> 00:21:20.300]  其實弟兄姊妹愛熱心的參與的時候
[00:21:20.300 --> 00:21:25.300]  他提出的意見都可以豐富了我們的思想
[00:21:25.300 --> 00:21:28.300]  或者他有某些情況的時候
[00:21:28.300 --> 00:21:30.300]  給我們有全面的思考
[00:21:30.300 --> 00:21:33.300]  所以我經常求主幫助
[00:21:33.300 --> 00:21:35.300]  當我有這樣的聲音出來的時候
[00:21:35.300 --> 00:21:37.300]  我要求主幫助我
[00:21:37.300 --> 00:21:43.300]  我真的要去重新了解他背後的想法
[00:21:43.300 --> 00:21:48.300]  當我對他有更多的認識的時候
[00:21:48.300 --> 00:21:52.300]  我就會對他表達更大的寬容和接受
[00:21:52.300 --> 00:21:54.300]  當然啦,如果開會開得長
[00:21:54.300 --> 00:21:56.300]  真的是很辛苦的
[00:21:56.300 --> 00:21:59.300]  但是我都是靠主啦
[00:21:59.300 --> 00:22:01.300]  靠主的恩典啦
[00:22:01.300 --> 00:22:06.300]  還有提醒我們可以做得更好
[00:22:06.300 --> 00:22:09.300]  耶穌說你們若彼此相愛
[00:22:09.300 --> 00:22:12.300]  眾人因此就認出你們是我的門徒
[00:22:12.300 --> 00:22:17.300]  這個表示彼此相愛本身就是宣教的見證
[00:22:17.300 --> 00:22:19.300]  世界不缺人給意見
[00:22:19.300 --> 00:22:21.300]  不缺人批評
[00:22:21.300 --> 00:22:22.300]  不缺人對立
[00:22:22.300 --> 00:22:26.300]  但是世界渴望看見的是真實的愛
[00:22:26.300 --> 00:22:29.300]  當世界以利益連結的時候
[00:22:29.300 --> 00:22:32.300]  願人看見教會是以恩慈相待
[00:22:32.300 --> 00:22:35.300]  當世界以成敗去評價人的時候
[00:22:35.300 --> 00:22:40.300]  願人看見教會是能夠接納軟弱者的
[00:22:40.300 --> 00:22:43.300]  當世界以冷漠面對痛苦的時候
[00:22:43.300 --> 00:22:47.300]  願人看見教會是願意作陪伴的
[00:22:47.300 --> 00:22:50.300]  當世界以自我為中心
[00:22:50.300 --> 00:22:54.300]  願人看見教會是願意捨己服事的
[00:22:54.300 --> 00:22:58.300]  這樣眾人就認出我們是耶穌的門徒
[00:22:58.300 --> 00:22:59.300]  弟兄姊妹
[00:22:59.300 --> 00:23:02.300]  下令會如果要成為復興的開始
[00:23:02.300 --> 00:23:06.300]  就是要我們願意讓基督的愛重新掌權
[00:23:06.300 --> 00:23:07.300]  在下令會之前
[00:23:07.300 --> 00:23:11.300]  我鼓勵大家讓我們設定一段安靜的時間
[00:23:11.300 --> 00:23:14.300]  很安靜地去問一下主
[00:23:14.300 --> 00:23:18.300]  主啊 我有沒有不願意饒恕的人呢?
[00:23:18.300 --> 00:23:22.300]  我有沒有需要修復的關係呢?
[00:23:22.300 --> 00:23:27.300]  我有沒有習慣了批評冷淡和苦毒呢?
[00:23:27.300 --> 00:23:35.300]  德晉牧師在上個禮拜提出了四種作伏人的心態
[00:23:35.300 --> 00:23:37.300]  他說服事是應份的
[00:23:37.300 --> 00:23:40.300]  他說甘心要放下自己的權利
[00:23:40.300 --> 00:23:43.300]  他說要不問結果只求忠心
[00:23:43.300 --> 00:23:46.300]  他說要保持低調
[00:23:46.300 --> 00:23:47.300]  對我來說
[00:23:47.300 --> 00:23:49.300]  他對我最大的提醒就是
[00:23:49.300 --> 00:23:53.300]  我侍奉的時候能夠懷著感恩的心去服事
[00:23:53.300 --> 00:23:55.300]  他特別提到一點
[00:23:55.300 --> 00:23:57.300]  我很深刻印象
[00:23:57.300 --> 00:24:00.300]  原來我們內心經常有一種觀念
[00:24:00.300 --> 00:24:02.300]  就是要將別人給下去
[00:24:02.300 --> 00:24:04.300]  就是覺得自己比別人好
[00:24:04.300 --> 00:24:06.300]  所以就像一隻怪獸一樣
[00:24:06.300 --> 00:24:09.300]  我要拿這隻怪獸出來打打打
[00:24:09.300 --> 00:24:12.300]  直到我們回到天家的時候
[00:24:12.300 --> 00:24:14.300]  我們才完成這個過程
[00:24:14.300 --> 00:24:17.300]  來不及就要拿出來打他
[00:24:17.300 --> 00:24:19.300]  所以今天
[00:24:19.300 --> 00:24:21.300]  如果我們渴慕神的同在
[00:24:21.300 --> 00:24:24.300]  就不能夠同時緊握著不饒恕
[00:24:24.300 --> 00:24:26.300]  如果我們渴慕教會的復興
[00:24:26.300 --> 00:24:29.300]  就不能夠滿足於那些表面的和平
[00:24:29.300 --> 00:24:31.300]  如果我們渴慕靈火
[00:24:31.300 --> 00:24:38.300]  就不要讓聖靈先焚燒我們內心那些不屬神的東西
[00:24:38.300 --> 00:24:40.300]  主啊我們求祢點燃我們
[00:24:40.300 --> 00:24:42.300]  使我們成為彼此相愛
[00:24:42.300 --> 00:24:43.300]  彼此復和
[00:24:43.300 --> 00:24:46.300]  彼此建立的群體
[00:24:46.300 --> 00:24:53.300]  第三就是講到使命
[00:24:54.300 --> 00:24:57.300]  復活主差遣我們直到世代的終結
[00:24:57.300 --> 00:25:02.300]  第三個經文是《馬太福音》28章16到20節
[00:25:02.300 --> 00:25:04.300]  十一個門徒往加利利去
[00:25:04.300 --> 00:25:07.300]  到了耶穌指定他們去的山上
[00:25:07.300 --> 00:25:09.300]  他們見了耶穌就拜他
[00:25:09.300 --> 00:25:11.300]  然而還有人疑惑
[00:25:11.300 --> 00:25:13.300]  耶穌進前來對他們說
[00:25:13.300 --> 00:25:16.300]  天上地下所有的權柄都似給我了
[00:25:16.300 --> 00:25:18.300]  所以你們要去
[00:25:18.300 --> 00:25:20.300]  使萬民作我的門徒
[00:25:20.300 --> 00:25:23.300]  奉父子聖靈的名給他們施浸
[00:25:23.300 --> 00:25:26.300]  凡我所吩咐你們的都教導他們遵守
[00:25:26.300 --> 00:25:29.300]  看那我天天與你們同在
[00:25:29.300 --> 00:25:31.300]  直到世代的終結
[00:25:31.300 --> 00:25:34.300]  這個正正就是我們所熟悉的大使命
[00:25:34.300 --> 00:25:37.300]  但我們請留意第17節
[00:25:37.300 --> 00:25:40.300]  他們見了耶穌就拜他
[00:25:40.300 --> 00:25:43.300]  然而還有人疑惑
[00:25:43.300 --> 00:25:45.300]  這句話很真實
[00:25:45.300 --> 00:25:49.300]  我們的信仰難免也會有疑惑的時候
[00:25:49.300 --> 00:25:51.300]  門徒去敬拜
[00:25:51.300 --> 00:25:53.300]  但仍有人疑惑
[00:25:53.300 --> 00:25:55.300]  他們見到復活的主
[00:25:55.300 --> 00:25:57.300]  但心裡仍然有掙扎
[00:25:57.300 --> 00:25:59.300]  他們被差遣
[00:25:59.300 --> 00:26:01.300]  不是因為他們完全的剛強
[00:26:01.300 --> 00:26:05.300]  而是因為復活主已經完全的掌權
[00:26:05.300 --> 00:26:10.300]  耶穌說天上地下所有的權柄都已經似給我了
[00:26:10.300 --> 00:26:12.300]  這個就是使命的根基
[00:26:12.300 --> 00:26:19.300]  我們去是因為復活的主已經得著天上地下所有的權柄
[00:26:19.300 --> 00:26:22.300]  耶穌說所以你們要去
[00:26:22.300 --> 00:26:25.300]  使萬民作我的門徒
[00:26:25.300 --> 00:26:28.300]  大使命的核心很清楚
[00:26:28.300 --> 00:26:30.300]  使人作耶穌的門徒
[00:26:30.300 --> 00:26:33.300]  他不是只叫人參加聚會
[00:26:33.300 --> 00:26:36.300]  也不是只叫人認同基督教的價值
[00:26:36.300 --> 00:26:40.300]  更不是叫人缺志祈禱之後就停下來
[00:26:40.300 --> 00:26:43.300]  大使命要求我們帶領人去跟隨基督
[00:26:43.300 --> 00:26:45.300]  學習他的教導
[00:26:45.300 --> 00:26:48.300]  並且在生命中活出信仰
[00:26:48.300 --> 00:26:50.300]  門徒是跟隨耶穌的人
[00:26:50.300 --> 00:26:53.300]  門徒是學習耶穌生命樣式的人
[00:26:53.300 --> 00:26:56.300]  門徒是信服耶穌教導的人
[00:26:56.300 --> 00:27:00.300]  門徒是被耶穌差遣的人
[00:27:00.300 --> 00:27:04.300]  耶穌說要奉父子聖靈的名給他們施浸
[00:27:04.300 --> 00:27:08.300]  這是將人帶進去三一神生命和群體裏
[00:27:08.300 --> 00:27:12.300]  他又說凡我所吩咐你們的都教訓他們遵守
[00:27:12.300 --> 00:27:14.300]  不單是教導人知道
[00:27:14.300 --> 00:27:17.300]  而是教導人遵守
[00:27:17.300 --> 00:27:20.300]  教師曾經做過一個普查
[00:27:20.300 --> 00:27:23.300]  是關於教會裏面的教導工作
[00:27:23.300 --> 00:27:28.300]  他就發現在教會裏面越來越多的趨勢
[00:27:28.300 --> 00:27:31.300]  我們作為諸堂教目的
[00:27:31.300 --> 00:27:35.300]  比較少去教一些裝備的課程
[00:27:35.300 --> 00:27:37.300]  或者是教導聖經的課程
[00:27:37.300 --> 00:27:39.300]  他的提醒就是
[00:27:39.300 --> 00:27:43.300]  會不會可能是因為現在很多的神學院
[00:27:43.300 --> 00:27:46.300]  都開很多的講座很多的課程
[00:27:46.300 --> 00:27:50.300]  老實說我自己都是聽他們講的
[00:27:50.300 --> 00:27:54.300]  我都參加環球聖經公會裏面的一個channel
[00:27:54.300 --> 00:27:56.300]  我subscribe的時候
[00:27:56.300 --> 00:27:59.300]  他差不多每個禮拜或者隔兩個禮拜
[00:27:59.300 --> 00:28:00.300]  都有些片出來
[00:28:00.300 --> 00:28:03.300]  就是他們在不同的教會裏面
[00:28:03.300 --> 00:28:07.300]  講一些關於聖經和神學裏面的講座
[00:28:07.300 --> 00:28:10.300]  我覺得對我很有幫助
[00:28:10.300 --> 00:28:14.300]  因為我真的沒有那麼多時間去進修
[00:28:14.300 --> 00:28:16.300]  有時候去研究一個課題
[00:28:16.300 --> 00:28:18.300]  所以那些博士
[00:28:18.300 --> 00:28:24.300]  其實當年我認識的教我的神學院老師
[00:28:24.300 --> 00:28:26.300]  一個一個的退休了
[00:28:26.300 --> 00:28:29.300]  鄧兆光博士都退休了
[00:28:29.300 --> 00:28:33.300]  我都發現一代又去一代又來
[00:28:33.300 --> 00:28:37.300]  現在新神學院的老師多數都是年輕人
[00:28:37.300 --> 00:28:39.300]  不是很懂的
[00:28:39.300 --> 00:28:42.300]  但是我都從他們所講的東西
[00:28:42.300 --> 00:28:44.300]  有吸收有學習
[00:28:44.300 --> 00:28:46.300]  我認識多一些
[00:28:46.300 --> 00:28:48.300]  但是我就發現一樣東西
[00:28:48.300 --> 00:28:50.300]  這個是我的感受
[00:28:50.300 --> 00:28:52.300]  就是在教會裏面
[00:28:52.300 --> 00:28:54.300]  叫我的同工教聖經
[00:28:54.300 --> 00:28:58.300]  真的出盡九牛二虎之力
[00:28:58.300 --> 00:29:00.300]  我說其實做傳道人
[00:29:00.300 --> 00:29:03.300]  教聖經是我們的特權
[00:29:03.300 --> 00:29:05.300]  教聖經是我們的權利
[00:29:05.300 --> 00:29:08.300]  教聖經是我們的福分
[00:29:08.300 --> 00:29:13.300]  哪一份工作給你錢去教人教聖經
[00:29:13.300 --> 00:29:16.300]  而且我就發現教聖經
[00:29:16.300 --> 00:29:19.300]  我們教和博士教是不同的
[00:29:19.300 --> 00:29:23.300]  博士教那些就是很多學術上的新知
[00:29:23.300 --> 00:29:25.300]  或者新的洞見
[00:29:25.300 --> 00:29:30.300]  我們教可能就是教當年我們在神學院學的那些
[00:29:30.300 --> 00:29:33.300]  或者我們沒有那麼多新的理論
[00:29:33.300 --> 00:29:38.300]  但是我們教的是和弟兄姊妹互動
[00:29:38.300 --> 00:29:41.300]  所以我覺得是很寶貴
[00:29:41.300 --> 00:29:43.300]  有些弟兄姊妹說
[00:29:43.300 --> 00:29:45.300]  喂 牧師 我很喜歡上的
[00:29:45.300 --> 00:29:47.300]  其實他不只是聽我說的
[00:29:47.300 --> 00:29:51.300]  其實我的裝備有些是分組自己在討論的
[00:29:51.300 --> 00:29:55.300]  其實最開心的就是他們上完堂之後
[00:29:55.300 --> 00:29:58.300]  我要他們寫50字學習心得
[00:29:58.300 --> 00:30:01.300]  即是說要他們有些反思
[00:30:01.300 --> 00:30:05.300]  聽完講座通常很少要求你做功課
[00:30:05.300 --> 00:30:08.300]  但是你上去的裝備就要求了
[00:30:08.300 --> 00:30:13.300]  所以我覺得有一樣東西是彼此的鼓勵
[00:30:13.300 --> 00:30:17.300]  今天教會不是欠缺那些資訊
[00:30:17.300 --> 00:30:19.300]  不是欠缺那些門徒
[00:30:19.300 --> 00:30:22.300]  不是 我們不是缺少資訊
[00:30:22.300 --> 00:30:26.300]  但是我們缺少了一些真正行道的門徒
[00:30:26.300 --> 00:30:29.300]  我們聽了很多道他未必是信服的
[00:30:29.300 --> 00:30:34.300]  我們參加了很多活動是未必地塑造的
[00:30:34.300 --> 00:30:36.300]  我們懂得很多屬靈的詞語
[00:30:36.300 --> 00:30:39.300]  未必能夠活出基督的樣式
[00:30:39.300 --> 00:30:42.300]  所以下令會不是一個終點
[00:30:42.300 --> 00:30:44.300]  而是一個起點
[00:30:44.300 --> 00:30:47.300]  如果下令會只是那幾天的感動
[00:30:47.300 --> 00:30:51.300]  之後就沒有跟進 沒有信服 沒有改變
[00:30:51.300 --> 00:30:54.300]  這個復興的火很快就會熄滅
[00:30:54.300 --> 00:30:58.300]  真正的靈火是會點燃持續的門徒生命
[00:30:58.300 --> 00:31:00.300]  他使我們問主啊
[00:31:00.300 --> 00:31:03.300]  我生命中有什麼地方要信服你呢
[00:31:03.300 --> 00:31:05.300]  我有什麼關係要修復呢
[00:31:05.300 --> 00:31:08.300]  我有什麼恩賜要獻上呢
[00:31:08.300 --> 00:31:10.300]  我可以怎樣參與你在教會
[00:31:10.300 --> 00:31:16.300]  這個城市和世界中的工作呢
[00:31:16.300 --> 00:31:17.300]  耶穌最後說
[00:31:17.300 --> 00:31:19.300]  看啊 我天天與你們同在
[00:31:19.300 --> 00:31:21.300]  直到世代的終結
[00:31:21.300 --> 00:31:23.300]  這個是大使命的保證
[00:31:23.300 --> 00:31:26.300]  也是一個終末的盼望
[00:31:26.300 --> 00:31:29.300]  我經常很喜歡用一個觀念
[00:31:29.300 --> 00:31:31.300]  叫做Already but not yet
[00:31:31.300 --> 00:31:34.300]  就是今天我們已經蒙神請救了
[00:31:34.300 --> 00:31:36.300]  我們已經是神的兒女了
[00:31:36.300 --> 00:31:40.300]  但同時我們展開了一段屬天的旅程
[00:31:40.300 --> 00:31:43.300]  我們今天都未能夠在生命裏面完全
[00:31:43.300 --> 00:31:46.300]  我們今天面對世界仍然有很多的衝擊
[00:31:46.300 --> 00:31:48.300]  因為主耶穌還沒回來之前
[00:31:48.300 --> 00:31:50.300]  世界是很混亂的
[00:31:50.300 --> 00:31:53.300]  所以我們同時展開了
[00:31:53.300 --> 00:31:54.300]  我們已經是蒙恩得救
[00:31:54.300 --> 00:31:56.300]  這個是已然
[00:31:56.300 --> 00:31:58.300]  我們在基督裏面的地位已經確立
[00:31:58.300 --> 00:32:02.300]  但未然的意思就是我們仍然等候一個完全的來臨
[00:32:02.300 --> 00:32:04.300]  我們等候基督的降臨
[00:32:04.300 --> 00:32:08.300]  我們等候這個世界的秩序恢復正軌
[00:32:08.300 --> 00:32:13.300]  所以我們活在這個已然和未然之間的時代
[00:32:13.300 --> 00:32:15.300]  基督已經復活
[00:32:15.300 --> 00:32:18.300]  但我們今天眼見世界仍然破碎
[00:32:18.300 --> 00:32:20.300]  神覺已經臨到
[00:32:20.300 --> 00:32:22.300]  但我們仍見到祂未完全實現
[00:32:22.300 --> 00:32:24.300]  聖靈已經賜下
[00:32:24.300 --> 00:32:27.300]  但我們仍然看到萬物在嘆息
[00:32:27.300 --> 00:32:29.300]  我們已經得救了
[00:32:29.300 --> 00:32:31.300]  但我們仍然等候主的再來
[00:32:31.300 --> 00:32:33.300]  新天新地完全的來臨
[00:32:33.300 --> 00:32:35.300]  所以教會的使命
[00:32:35.300 --> 00:32:38.300]  是在等候主再來的日子當中
[00:32:38.300 --> 00:32:40.300]  去見證神的覺
[00:32:40.300 --> 00:32:43.300]  所以今天我們的侍奉不是徒然的
[00:32:43.300 --> 00:32:47.300]  我們今天愛人不是虛空的
[00:32:47.300 --> 00:32:51.300]  我們不是靠自己的熱心去維持一間教會
[00:32:51.300 --> 00:32:53.300]  我們深信有一天
[00:32:53.300 --> 00:32:54.300]  基督要再來
[00:32:54.300 --> 00:32:56.300]  神要更新萬物
[00:32:56.300 --> 00:32:57.300]  直到那一天
[00:32:57.300 --> 00:32:58.300]  主就應去說
[00:32:58.300 --> 00:33:01.300]  我天天與你們同在
[00:33:01.300 --> 00:33:02.300]  弟兄姊妹
[00:33:02.300 --> 00:33:05.300]  這正是我們最深的渴慕
[00:33:05.300 --> 00:33:08.300]  我們渴慕神的同在
[00:33:08.300 --> 00:33:11.300]  我們為何可以承擔使命
[00:33:11.300 --> 00:33:13.300]  因為主與我們同在
[00:33:13.300 --> 00:33:16.300]  我們為何可以面對軟弱
[00:33:16.300 --> 00:33:18.300]  因為主與我們同在
[00:33:18.300 --> 00:33:21.300]  我們為何可以走進這個破碎的世界
[00:33:21.300 --> 00:33:23.300]  因為主與我們同在
[00:33:23.300 --> 00:33:24.300]  但請記得
[00:33:24.300 --> 00:33:29.300]  神的同在常常與神的差遣連結在一起
[00:33:29.300 --> 00:33:31.300]  如果我們渴慕神的同在
[00:33:31.300 --> 00:33:34.300]  我們都要預備被神差遣
[00:33:34.300 --> 00:33:36.300]  主求祢點燃我們
[00:33:36.300 --> 00:33:39.300]  使我們不單止停留在感動之中
[00:33:39.300 --> 00:33:41.300]  而是要回應祢的差遣
[00:33:41.300 --> 00:33:44.300]  直到世代的終結
[00:33:44.300 --> 00:33:45.300]  弟兄姊妹
[00:33:45.300 --> 00:33:49.300]  讓我們將以上三段經文連起來
[00:33:49.300 --> 00:33:51.300]  《創世紀》一章告訴我們
[00:33:51.300 --> 00:33:52.300]  神創造人
[00:33:52.300 --> 00:33:54.300]  按祂的形象做男做女
[00:33:54.300 --> 00:33:56.300]  託付人管理全地
[00:33:56.300 --> 00:33:58.300]  這是使命的起點
[00:33:58.300 --> 00:34:00.300]  《日漢福音》十三章告訴我們
[00:34:00.300 --> 00:34:03.300]  耶穌以十字架的愛建立新的群體
[00:34:03.300 --> 00:34:05.300]  吩咐我們彼此相愛
[00:34:05.300 --> 00:34:07.300]  這是復和的使命
[00:34:07.300 --> 00:34:10.300]  《馬太福音》二十八章告訴我們
[00:34:10.300 --> 00:34:13.300]  復活主得著天上地下所有的權柄
[00:34:13.300 --> 00:34:14.300]  差遣教會
[00:34:14.300 --> 00:34:16.300]  使萬民作祂的門徒
[00:34:16.300 --> 00:34:18.300]  並且應許同在
[00:34:18.300 --> 00:34:20.300]  直到世代的終結
[00:34:20.300 --> 00:34:23.300]  這是終末盼望中的使命
[00:34:23.300 --> 00:34:26.300]  所以福音信仰的整全使命就是
[00:34:26.300 --> 00:34:30.300]  在創造中活出神的形象
[00:34:30.300 --> 00:34:33.300]  在基督裏成為復和的群體
[00:34:33.300 --> 00:34:35.300]  在聖靈裏被差遣
[00:34:35.300 --> 00:34:37.300]  使萬民作門徒
[00:34:37.300 --> 00:34:41.300]  直到主再來萬物更生
[00:34:41.300 --> 00:34:43.300]  一間被靈火點燃的教會
[00:34:43.300 --> 00:34:45.300]  會更加愛神
[00:34:45.300 --> 00:34:46.300]  亦會更加愛人
[00:34:46.300 --> 00:34:48.300]  會更渴慕去敬拜
[00:34:48.300 --> 00:34:50.300]  亦都更願意去服侍
[00:34:50.300 --> 00:34:52.300]  會更珍惜這個真理
[00:34:52.300 --> 00:34:54.300]  亦都會活出恩典
[00:34:54.300 --> 00:34:57.300]  會更重視內在的生命
[00:34:57.300 --> 00:35:00.300]  亦都更承擔外在的使命
[00:35:00.300 --> 00:35:02.300]  會更加彼此相愛
[00:35:02.300 --> 00:35:05.300]  亦都更加願意走向萬民
[00:35:05.300 --> 00:35:07.300]  讓我們一起禱告
[00:35:09.300 --> 00:35:13.300]  次愛主我們很感恩
[00:35:13.300 --> 00:35:15.300]  靈火點燃這個下令會
[00:35:15.300 --> 00:35:19.300]  激勵我們要為我們的生命作好準備
[00:35:19.300 --> 00:35:22.300]  我們不要只是滿足於
[00:35:22.300 --> 00:35:24.300]  在這個下令會裏面
[00:35:24.300 --> 00:35:26.300]  坐得很擠迫
[00:35:26.300 --> 00:35:27.300]  人頭湧湧
[00:35:27.300 --> 00:35:29.300]  很熱鬧
[00:35:29.300 --> 00:35:31.300]  我們更加渴慕的是
[00:35:31.300 --> 00:35:33.300]  在這個聚會當中我們遇見你
[00:35:33.300 --> 00:35:34.300]  在這個聚會當中
[00:35:34.300 --> 00:35:36.300]  我們所領受神給我們的說話
[00:35:36.300 --> 00:35:38.300]  是能夠持續下去的
[00:35:38.300 --> 00:35:40.300]  是能夠幫助我們
[00:35:40.300 --> 00:35:42.300]  帶領我們走上前面
[00:35:42.300 --> 00:35:44.300]  信靠你的道路
[00:35:44.300 --> 00:35:48.300]  下星期我們就進入這個下令會
[00:35:48.300 --> 00:35:51.300]  我們願意你再一次
[00:35:51.300 --> 00:35:53.300]  讓我們聽到你的聲音
[00:35:53.300 --> 00:35:56.300]  我們知道復興不是我們製造出來的
[00:35:56.300 --> 00:35:59.300]  靈火亦都不是我們所能控制的
[00:35:59.300 --> 00:36:01.300]  但我們可以預備自己
[00:36:01.300 --> 00:36:02.300]  躺開生命
[00:36:02.300 --> 00:36:04.300]  渴慕神和信福神
[00:36:04.300 --> 00:36:09.300]  今天我很想邀請大家在神面前立志
[00:36:09.300 --> 00:36:12.300]  我有三個立志
[00:36:12.300 --> 00:36:14.300]  第一個立志就是
[00:36:14.300 --> 00:36:16.300]  我們要渴慕神自己
[00:36:16.300 --> 00:36:18.300]  多於渴慕經歷
[00:36:18.300 --> 00:36:22.300]  讓我們不要只是追求感覺
[00:36:22.300 --> 00:36:23.300]  氣氛
[00:36:23.300 --> 00:36:24.300]  眼淚
[00:36:24.300 --> 00:36:25.300]  或者熟齡的高潮
[00:36:25.300 --> 00:36:27.300]  讓我們渴望神自己
[00:36:27.300 --> 00:36:29.300]  我們向神禱告
[00:36:29.300 --> 00:36:31.300]  主啊我渴慕你
[00:36:31.300 --> 00:36:33.300]  求你向我顯明你的聖潔
[00:36:33.300 --> 00:36:36.300]  慈愛和榮耀
[00:36:36.300 --> 00:36:38.300]  求你讓我在下令會當中
[00:36:38.300 --> 00:36:40.300]  不是單單得著感動
[00:36:40.300 --> 00:36:43.300]  而是能夠真正遇見你
[00:36:43.300 --> 00:36:47.300]  我不知道在我們當中
[00:36:47.300 --> 00:36:48.300]  有沒有弟兄姊妹
[00:36:48.300 --> 00:36:50.300]  有這個感動就是說
[00:36:50.300 --> 00:36:53.300]  我願意在神面前這樣的立志
[00:36:53.300 --> 00:36:55.300]  我就是立志說
[00:36:55.300 --> 00:36:57.300]  我要渴慕神自己
[00:36:57.300 --> 00:36:59.300]  如果有這樣的弟兄姊妹
[00:36:59.300 --> 00:37:02.300]  我也很想邀請你在位置上舉手
[00:37:02.300 --> 00:37:04.300]  我們一起在神面前立願
[00:37:04.300 --> 00:37:07.300]  主啊我要渴慕你自己
[00:37:07.300 --> 00:37:09.300]  我不是要渴慕那些氣氛
[00:37:09.300 --> 00:37:10.300]  我是要渴慕你自己
[00:37:10.300 --> 00:37:16.300]  讓你在下令會當中對我說話
[00:37:16.300 --> 00:37:17.300]  感謝主
[00:37:17.300 --> 00:37:20.300]  我有第二個邀請
[00:37:20.300 --> 00:37:22.300]  第二個立志就是
[00:37:22.300 --> 00:37:27.300]  我們願意讓聖靈去練正我們的生命
[00:37:27.300 --> 00:37:29.300]  如果我們去求靈火
[00:37:29.300 --> 00:37:32.300]  就要預備讓神去練正我們
[00:37:32.300 --> 00:37:35.300]  讓神去對付我們的驕傲
[00:37:35.300 --> 00:37:36.300]  對付我們的冷淡
[00:37:36.300 --> 00:37:39.300]  對付我們和人關係的苦毒
[00:37:39.300 --> 00:37:42.300]  對付那些不要樹人的地方
[00:37:42.300 --> 00:37:43.300]  對於我們的貪婪
[00:37:43.300 --> 00:37:44.300]  情慾
[00:37:44.300 --> 00:37:48.300]  懼怕和麻木
[00:37:48.300 --> 00:37:51.300]  我們願意向神禱告這樣說
[00:37:51.300 --> 00:37:55.300]  主啊我願意在這個下令會當中
[00:37:55.300 --> 00:37:57.300]  求你光照我
[00:37:57.300 --> 00:38:00.300]  使我能夠勇於面對你
[00:38:00.300 --> 00:38:04.300]  如果你真的要練正我的生命的時候
[00:38:04.300 --> 00:38:09.300]  我願意將這個生命再一次呈現在你面前
[00:38:09.300 --> 00:38:11.300]  求你不單要感動我
[00:38:11.300 --> 00:38:15.300]  你更加要改變我
[00:38:15.300 --> 00:38:18.300]  我知道這個決定是很不容易的
[00:38:18.300 --> 00:38:20.300]  我自己也試過
[00:38:20.300 --> 00:38:22.300]  真的要作出這個決定是很難的
[00:38:22.300 --> 00:38:27.300]  你要生命裡面去持守你自己的純潔
[00:38:27.300 --> 00:38:31.300]  你說我要成為一個合神心意的人的時候
[00:38:31.300 --> 00:38:35.300]  我要將很多這些想法去拋棄
[00:38:35.300 --> 00:38:37.300]  有時候我們很怕
[00:38:37.300 --> 00:38:39.300]  我們怕人多過怕神
[00:38:39.300 --> 00:38:42.300]  有時候這個也是我的掙扎
[00:38:42.300 --> 00:38:45.300]  有時候我不想傷害彼此的關係
[00:38:45.300 --> 00:38:47.300]  我寧願作出妥協
[00:38:47.300 --> 00:38:50.300]  但是我不能夠堅心的信靠神
[00:38:50.300 --> 00:38:53.300]  我不能夠信靠神會保守
[00:38:53.300 --> 00:38:55.300]  有時候在我生命裡面
[00:38:55.300 --> 00:38:58.300]  很多心裡面的怨言
[00:38:58.300 --> 00:39:00.300]  很多的評論
[00:39:00.300 --> 00:39:02.300]  所以主啊
[00:39:02.300 --> 00:39:05.300]  我自己也很想在這個下令會當中
[00:39:05.300 --> 00:39:08.300]  神親自練正我的生命
[00:39:08.300 --> 00:39:10.300]  所以我也很想邀請
[00:39:10.300 --> 00:39:12.300]  如果有人也像我一樣
[00:39:12.300 --> 00:39:15.300]  很想生命被練正的
[00:39:15.300 --> 00:39:17.300]  去除我們生命裡面的雜質的
[00:39:17.300 --> 00:39:20.300]  我也請你舉手去回應神好不好
[00:39:20.300 --> 00:39:22.300]  感謝主
[00:39:22.300 --> 00:39:23.300]  感謝主
[00:39:23.300 --> 00:39:25.300]  這個決定真的不容易
[00:39:25.300 --> 00:39:28.300]  我們預了要被神動我們
[00:39:28.300 --> 00:39:32.300]  但是我相信動了之後是更好的
[00:39:32.300 --> 00:39:34.300]  第三個立志
[00:39:34.300 --> 00:39:36.300]  就是我們接受差遣
[00:39:36.300 --> 00:39:38.300]  活出一個整全的使命
[00:39:38.300 --> 00:39:40.300]  正如我剛才所說
[00:39:40.300 --> 00:39:42.300]  下令會不是那個終點
[00:39:42.300 --> 00:39:43.300]  而是那個起點
[00:39:43.300 --> 00:39:45.300]  神如果點燃我們
[00:39:45.300 --> 00:39:47.300]  是要差遣我們回到我們的家
[00:39:47.300 --> 00:39:50.300]  職場、學校、社區和世界
[00:39:50.300 --> 00:39:52.300]  在那裡能夠活出神的形象
[00:39:52.300 --> 00:39:54.300]  實踐彼此相愛
[00:39:54.300 --> 00:39:56.300]  見證基督的福音
[00:39:56.300 --> 00:39:59.300]  使人作主的門徒
[00:39:59.300 --> 00:40:01.300]  我們的禱告可以這樣說
[00:40:01.300 --> 00:40:02.300]  主啊
[00:40:02.300 --> 00:40:04.300]  我在這裡請差遣我
[00:40:04.300 --> 00:40:07.300]  求你使用我的生命、時間、恩賜
[00:40:07.300 --> 00:40:10.300]  家庭、工作和關係
[00:40:10.300 --> 00:40:13.300]  成為你福音的見證
