
[00:00:00.000 --> 00:00:04.920]  今日的講題就是「審判的七任逼近的災害」
[00:00:04.920 --> 00:00:09.260]  我首先講一講我自己的一個故事
[00:00:09.260 --> 00:00:12.440]  有一年我去宣導總會的退休營
[00:00:12.440 --> 00:00:14.960]  當我開車回家的時候
[00:00:14.960 --> 00:00:19.460]  我聽到「啪啪」的聲音
[00:00:19.460 --> 00:00:22.340]  我不知道是從哪裡發出來
[00:00:22.340 --> 00:00:26.740]  是很持續和有規律的
[00:00:26.740 --> 00:00:29.740]  我走著走著 繼續聽到
[00:00:29.740 --> 00:00:31.740]  我的反應是「好像沒什麼事」
[00:00:31.740 --> 00:00:35.440]  「車開著都挺好 沒什麼事的」
[00:00:35.440 --> 00:00:38.040]  於是就不理會它了
[00:00:38.040 --> 00:00:41.840]  想著還有一個多小時才回家
[00:00:41.840 --> 00:00:44.740]  到時候回家就看看它
[00:00:44.740 --> 00:00:47.460]  怎知道還不到一個小時
[00:00:47.460 --> 00:00:53.000]  我就聞到車上有少許煙味
[00:00:53.000 --> 00:00:55.080]  又不是車頭冒煙
[00:00:55.080 --> 00:00:59.920]  當時我已經走上了起碼80公里的高速公路
[00:00:59.920 --> 00:01:02.220]  不是高速 是大的公路
[00:01:02.220 --> 00:01:05.380]  不能停下來 因為沒有小街讓我停
[00:01:05.380 --> 00:01:07.300]  唯有不要開得那麼快
[00:01:07.300 --> 00:01:09.420]  一直祈禱「神啊 祢讓我平安」
[00:01:09.420 --> 00:01:11.220]  不知道發生什麼事
[00:01:11.220 --> 00:01:14.740]  大家知不知道發生什麼事?
[00:01:14.740 --> 00:01:18.260]  離開公路我就駛向一個小的街道
[00:01:18.260 --> 00:01:21.140]  我下車看看什麼事
[00:01:21.140 --> 00:01:26.580]  發覺車輪完全平了
[00:01:26.580 --> 00:01:28.260]  怪不得有點不舒服
[00:01:28.260 --> 00:01:31.060]  因為用輪胎在刮路
[00:01:31.060 --> 00:01:35.180]  一邊走 我都看見有些黑色飛鳥飛過來
[00:01:35.180 --> 00:01:37.180]  我不知道從哪裡飛過來
[00:01:37.180 --> 00:01:41.700]  我就只好去找NRMA 即是路邊服務
[00:01:41.700 --> 00:01:43.460]  我不懂得換輪胎
[00:01:43.460 --> 00:01:47.340]  後來收車的師傅跟我說
[00:01:47.340 --> 00:01:51.580]  「哇 你的輪胎爆成這樣 連鋼鐵都外露」
[00:01:51.580 --> 00:01:56.420]  「它的駕駛就很不穩定 而且很危險」
[00:01:56.420 --> 00:02:00.220]  我還開到80、90公里的高速公路
[00:02:00.220 --> 00:02:04.620]  所以問題不是車輪突然爆胎
[00:02:04.620 --> 00:02:08.940]  問題是我忽略了很早出現的記號
[00:02:08.940 --> 00:02:13.500]  就是車輪胎在路上被釘插進去
[00:02:13.500 --> 00:02:16.340]  然後就發出「砰砰」的聲音
[00:02:16.340 --> 00:02:18.900]  一直開車都有「砰砰」「砰砰」的聲音
[00:02:18.900 --> 00:02:21.140]  很小的聲音 但我聽到
[00:02:21.140 --> 00:02:22.780]  我當時不知道發生什麼事
[00:02:22.780 --> 00:02:26.500]  我又沒有預早停下來看什麼事
[00:02:26.500 --> 00:02:31.980]  所以將自己放在一個危險的環境裡面
[00:02:31.980 --> 00:02:35.500]  感謝神的保守 沒有什麼交通意外
[00:02:35.500 --> 00:02:38.020]  所以以後大家留意一下
[00:02:38.020 --> 00:02:43.380]  同樣的 我們今天活在一個危機四伏的時代
[00:02:43.380 --> 00:02:47.660]  當我們打開新聞 聽一些新聞
[00:02:47.660 --> 00:02:52.060]  你發覺不論是國際性的地緣政治
[00:02:52.060 --> 00:02:56.860]  或者是地區上一些的戰爭、煙火
[00:02:56.860 --> 00:03:00.140]  或者全球性的 現在都有通貨膨脹
[00:03:00.140 --> 00:03:03.780]  我們都很難以預測 也都有病毒
[00:03:03.780 --> 00:03:07.100]  或者是氣候變化帶來一些災難
[00:03:07.100 --> 00:03:13.660]  就是地震、海嘯、熱浪、熱死人都不少
[00:03:13.660 --> 00:03:16.220]  歐洲也都熱死人的
[00:03:16.220 --> 00:03:19.820]  所以其實這些東西我們都很難去預測
[00:03:19.820 --> 00:03:24.900]  你看見世界的人的道德觀念都要越來越下降
[00:03:24.900 --> 00:03:27.220]  人與人之間也都很緊張
[00:03:27.220 --> 00:03:34.180]  就算工作上、家庭裡面都有一些不平安
[00:03:34.180 --> 00:03:37.740]  所以我們經常都好像有些危機感
[00:03:37.740 --> 00:03:40.340]  或者有些人都會問 神在哪裡啊?
[00:03:40.340 --> 00:03:41.340]  祂為什麼不管?
[00:03:41.340 --> 00:03:46.500]  這麼多災難 神為什麼會讓這些災難去發生?
[00:03:46.500 --> 00:03:51.900]  其實啟示錄告訴我們一個我們很意想不到的答案
[00:03:51.900 --> 00:03:54.740]  就是神不單止在管
[00:03:54.740 --> 00:03:57.580]  神是向人已經發出了警號
[00:03:57.580 --> 00:04:01.100]  所以今天我們講到 剛才讀的經文
[00:04:01.100 --> 00:04:07.940]  講到揭開的印 其實是告訴我們一些災難正在逼近我們
[00:04:07.940 --> 00:04:10.460]  其實這些就是神要發出的警號
[00:04:10.460 --> 00:04:16.220]  讓我們看見世界是會有這樣的走向
[00:04:16.220 --> 00:04:18.860]  我們要怎樣去回應神呢?
[00:04:18.860 --> 00:04:23.340]  我們一起先來祈禱 好嗎?
[00:04:23.340 --> 00:04:26.020]  神愛天父 我們看見世界上的混亂
[00:04:26.020 --> 00:04:29.020]  我們看見祢來的日子很近
[00:04:29.020 --> 00:04:32.020]  祢要審判這個大地
[00:04:32.020 --> 00:04:34.980]  當我們看見這些混亂 不知道怎麼辦的時候
[00:04:34.980 --> 00:04:37.220]  如何求祢去教導我們
[00:04:37.220 --> 00:04:39.580]  怎樣去數算我們的日子
[00:04:39.580 --> 00:04:42.140]  好叫我們得著智慧的心
[00:04:42.140 --> 00:04:46.060]  讓我們謙卑下來 願意去回到祢的根前
[00:04:46.060 --> 00:04:47.820]  去聽從祢的話語
[00:04:47.820 --> 00:04:50.500]  以致我們心裏面有平安
[00:04:50.500 --> 00:04:54.740]  因為神祢說過 在你裏面有平安
[00:04:54.740 --> 00:04:56.940]  雖然世界上是有苦難
[00:04:56.940 --> 00:04:58.220]  願主祢帶領我們
[00:04:58.220 --> 00:04:59.220]  多謝你聽我們祈禱
[00:04:59.220 --> 00:05:03.740]  奉主耶穌基督得聖的命祈求 阿們
[00:05:03.740 --> 00:05:09.460]  上星期Nelson傳道講到約翰福音
[00:05:09.460 --> 00:05:14.340]  約翰在《啟示錄》裏面被提到天上
[00:05:14.340 --> 00:05:17.340]  在《啟示錄》第四、第五章
[00:05:17.340 --> 00:05:20.620]  他看見神坐在寶座上
[00:05:20.620 --> 00:05:23.180]  那時候神拿著一張書卷
[00:05:23.180 --> 00:05:26.060]  在第五章的一節開始
[00:05:26.060 --> 00:05:30.020]  講到這張書卷是用七個印去填封的
[00:05:30.020 --> 00:05:33.900]  沒有人是配得去展開這張書卷
[00:05:33.900 --> 00:05:35.420]  書卷用七個印去填封
[00:05:35.420 --> 00:05:43.420]  是很實在的 很重要的
[00:05:43.420 --> 00:05:45.900]  當時猶太人是有些印去填封
[00:05:45.900 --> 00:05:47.060]  好像圍竹那些
[00:05:47.060 --> 00:05:51.060]  不准死之前都不可以去掀開的
[00:05:51.060 --> 00:05:54.900]  是很重要的書卷
[00:05:54.900 --> 00:05:59.420]  所以約翰看見神手裏面拿著這張書卷的時候
[00:05:59.420 --> 00:06:00.980]  他就大哭了
[00:06:00.980 --> 00:06:02.980]  為什麼他要哭呢?
[00:06:02.980 --> 00:06:08.780]  因為約翰知道如果神的計劃不可以實現的時候
[00:06:08.780 --> 00:06:11.140]  他知道這不是普通的書卷
[00:06:11.140 --> 00:06:15.700]  是一個好像別人納完圍竹之後很重要的書卷
[00:06:15.700 --> 00:06:20.980]  所以他知道是關於神要向普天下
[00:06:20.980 --> 00:06:23.460]  講的一些很重要的信息
[00:06:23.460 --> 00:06:25.300]  可能是關於一些審判的計劃
[00:06:25.300 --> 00:06:27.620]  更加是關於一些救贖的計劃
[00:06:27.620 --> 00:06:29.140]  因為神是很愛我們
[00:06:29.140 --> 00:06:30.580]  所以他就很緊張
[00:06:30.580 --> 00:06:33.780]  他很怕這些書卷不能夠打開
[00:06:33.780 --> 00:06:37.540]  你想想在第一世紀教會的處境
[00:06:37.540 --> 00:06:40.660]  其實他們正是受到逼迫的
[00:06:40.660 --> 00:06:44.180]  當時是羅馬王去管治他們
[00:06:44.180 --> 00:06:46.460]  很多基督徒他們都會被殺的
[00:06:46.460 --> 00:06:49.060]  如果你不敬拜羅馬王的時候
[00:06:49.060 --> 00:06:52.780]  所以有股惡勢力好像不斷去得勝
[00:06:52.780 --> 00:06:54.380]  不斷去擴大
[00:06:54.380 --> 00:07:00.020]  所以約翰也是受逼迫去流放一個荒島
[00:07:00.020 --> 00:07:01.340]  拔摩海島
[00:07:01.340 --> 00:07:02.940]  所以他一定很期待
[00:07:02.940 --> 00:07:05.180]  如果神的國度來臨
[00:07:05.180 --> 00:07:06.820]  公義就會彰顯
[00:07:06.820 --> 00:07:08.700]  苦難就可以結束
[00:07:08.700 --> 00:07:10.940]  所以如果沒有人去打開這個書卷
[00:07:10.940 --> 00:07:16.180]  代表神的審判或者神的救贖不可以開始
[00:07:16.180 --> 00:07:18.860]  所以惡人可能一直在當道
[00:07:18.860 --> 00:07:20.580]  教會也一直受苦
[00:07:20.580 --> 00:07:22.540]  公義也得不到彰顯
[00:07:22.540 --> 00:07:24.900]  所以約翰就去痛哭
[00:07:24.900 --> 00:07:26.260]  很大很大的哭泣
[00:07:26.260 --> 00:07:28.860]  很大很大的痛哭
[00:07:28.860 --> 00:07:31.620]  啟示錄五章五節有一個好消息
[00:07:31.620 --> 00:07:34.980]  說到耶穌基督已經復活了
[00:07:34.980 --> 00:07:36.540]  得勝了死亡
[00:07:36.540 --> 00:07:40.660]  所以耶穌基督可以去掀開這個書卷
[00:07:40.660 --> 00:07:43.940]  掀開這個嚴封的書卷
[00:07:43.940 --> 00:07:49.140]  即是說耶穌基督開始去執行神的計劃
[00:07:49.140 --> 00:07:52.780]  所以今天我們集中去看六章一到八節
[00:07:52.780 --> 00:07:54.540]  前面那四個印
[00:07:54.540 --> 00:07:56.220]  就說到有四匹馬
[00:07:56.220 --> 00:07:57.340]  剛才我們讀到
[00:07:57.340 --> 00:07:58.980]  是什麼意思呢?
[00:07:58.980 --> 00:08:02.580]  我們再看六章一到二節
[00:08:02.580 --> 00:08:04.580]  說到高揚揭開七印中
[00:08:04.580 --> 00:08:05.780]  第一印的時候
[00:08:05.780 --> 00:08:09.300]  有一匹白馬
[00:08:09.300 --> 00:08:11.340]  騎在馬上的拿著弓
[00:08:11.340 --> 00:08:13.300]  並有冠冕賜給他
[00:08:13.300 --> 00:08:16.700]  他出來勝了又要勝
[00:08:16.700 --> 00:08:20.260]  有些人認為這個白馬是贏的
[00:08:20.260 --> 00:08:23.220]  會不會是主耶穌基督來呢?
[00:08:23.220 --> 00:08:26.420]  主耶穌基督這匹白馬是代表
[00:08:26.420 --> 00:08:28.500]  好像啟示錄一直看下去
[00:08:28.500 --> 00:08:32.500]  十九章也說到耶穌基督騎著白馬來
[00:08:32.500 --> 00:08:35.020]  但其實這個解釋就很牽強
[00:08:35.020 --> 00:08:38.740]  因為你看見這個白馬是拿著弓的
[00:08:38.740 --> 00:08:40.940]  代表他會攻擊
[00:08:40.940 --> 00:08:45.100]  主耶穌基督從來都不會用弓箭去攻擊人
[00:08:45.100 --> 00:08:48.300]  所以從上下文去看
[00:08:48.300 --> 00:08:50.940]  這匹馬是和災難有關的
[00:08:50.940 --> 00:08:53.100]  他不是主耶穌基督
[00:08:53.100 --> 00:08:55.260]  那麼是誰呢?
[00:08:55.260 --> 00:08:58.900]  這個白馬要模仿基督
[00:08:58.900 --> 00:09:02.340]  所以是代表一個假基督的勢力
[00:09:02.340 --> 00:09:05.180]  他拿著弓代表他要去征戰
[00:09:05.180 --> 00:09:06.900]  而且是攻擊遠方
[00:09:06.900 --> 00:09:07.700]  不是近距離
[00:09:07.700 --> 00:09:09.420]  攻擊遠的東西
[00:09:09.420 --> 00:09:13.580]  是一個軍事的勢力
[00:09:13.580 --> 00:09:17.140]  可能是攻打遠方的地圖
[00:09:17.140 --> 00:09:19.420]  他要去有一個權力的鬥爭
[00:09:19.420 --> 00:09:23.940]  他要去擴張自己的勢力
[00:09:23.940 --> 00:09:26.260]  而當時第一世紀的人
[00:09:26.260 --> 00:09:28.460]  如果看到這個情景的時候
[00:09:28.460 --> 00:09:29.580]  他們會想到
[00:09:29.580 --> 00:09:33.100]  羅馬人最崇尚的就是騎著白馬
[00:09:33.100 --> 00:09:35.020]  所以你會發覺白馬是很好的
[00:09:35.020 --> 00:09:37.060]  我們說白馬王子
[00:09:37.060 --> 00:09:41.820]  所以當時很多人崇尚白馬
[00:09:41.820 --> 00:09:43.540]  因為白馬代表軍隊
[00:09:43.540 --> 00:09:46.380]  海船歸來都是騎著白馬
[00:09:46.380 --> 00:09:48.660]  代表勝利
[00:09:48.660 --> 00:09:51.020]  而且有冠冕賜給他
[00:09:51.020 --> 00:09:53.620]  所以想到是勝利的場面
[00:09:53.620 --> 00:09:57.220]  而羅馬當時管治的人民來說
[00:09:57.220 --> 00:09:58.540]  他一直宣稱
[00:09:58.540 --> 00:10:00.660]  我們羅馬多麼強大
[00:10:00.660 --> 00:10:03.580]  我們可以帶來羅馬的和平
[00:10:03.580 --> 00:10:05.060]  給他的子民
[00:10:05.060 --> 00:10:07.220]  所以當時他不斷擴充他的勢力
[00:10:07.220 --> 00:10:10.860]  去打別人的國家
[00:10:10.860 --> 00:10:14.180]  所以猶太人也是被他們打敗了
[00:10:14.180 --> 00:10:20.100]  以至他們是在羅馬統治的一個民族
[00:10:20.100 --> 00:10:23.500]  這個騎著馬的拿著弓
[00:10:23.500 --> 00:10:26.500]  但是很奇怪地他又沒有箭
[00:10:26.500 --> 00:10:29.220]  你看他拉著弓他都沒有箭
[00:10:29.220 --> 00:10:32.020]  代表他是虛假
[00:10:32.020 --> 00:10:35.580]  不是真的靠軍事實力去征服
[00:10:35.580 --> 00:10:37.060]  征服這個世界
[00:10:37.060 --> 00:10:38.300]  征服一些東西
[00:10:38.300 --> 00:10:40.940]  所以他是靠政治的謊言
[00:10:40.940 --> 00:10:42.540]  或者經濟操控
[00:10:42.540 --> 00:10:45.300]  或者一些宣傳
[00:10:45.300 --> 00:10:48.740]  或者一些偽裝的宣傳和平
[00:10:48.740 --> 00:10:50.580]  去叫別人去臣服他
[00:10:50.580 --> 00:10:52.980]  要他去迷惑別人的心
[00:10:52.980 --> 00:10:55.300]  結果帶來更多的災難
[00:10:55.300 --> 00:10:56.980]  所以第一匹馬告訴我們
[00:10:56.980 --> 00:11:01.420]  是一個虛假的和平和欺騙
[00:11:01.420 --> 00:11:03.180]  你看看今天的世界都是這樣
[00:11:03.180 --> 00:11:04.820]  我們覺得很和平
[00:11:04.820 --> 00:11:07.100]  但是如果你突然間接個電話
[00:11:07.100 --> 00:11:09.100]  然後又信他講什麼
[00:11:09.100 --> 00:11:11.460]  又將你的錢傳給他
[00:11:11.460 --> 00:11:12.820]  其實是什麼意思?
[00:11:12.820 --> 00:11:14.500]  就是被人騙了
[00:11:14.500 --> 00:11:16.940]  但是有很多人上吊
[00:11:16.940 --> 00:11:22.500]  澳洲好像是其中一個最容易被人騙的地方
[00:11:22.500 --> 00:11:27.020]  澳洲是被人騙了每人平均有一至兩元
[00:11:27.020 --> 00:11:30.300]  如果你沒被騙過其實你很厲害
[00:11:30.300 --> 00:11:33.940]  你想想二千萬人口
[00:11:33.940 --> 00:11:35.820]  每人騙了一至兩元就是四千萬
[00:11:35.820 --> 00:11:38.940]  就是不少人騙了很多錢給別人
[00:11:38.940 --> 00:11:44.060]  所以另外今天的世界就是這麼虛假
[00:11:44.060 --> 00:11:47.100]  我們覺得以為很和平
[00:11:47.100 --> 00:11:51.060]  但是突然間有人用一些虛假的東西去欺騙
[00:11:51.060 --> 00:11:52.300]  去迷惑你
[00:11:52.300 --> 00:11:54.700]  你發覺大國與大國之間都是
[00:11:54.700 --> 00:11:56.100]  弄個和平協議出來
[00:11:56.100 --> 00:11:58.260]  我們不再打仗了
[00:11:58.260 --> 00:11:59.940]  有沒有成功呢?
[00:11:59.940 --> 00:12:02.340]  幾天可能都不知道有沒有
[00:12:02.340 --> 00:12:04.900]  接著人道主義的口號
[00:12:04.900 --> 00:12:06.820]  就是我們要和平的
[00:12:06.820 --> 00:12:09.860]  我們要有人道的
[00:12:09.860 --> 00:12:11.740]  要講人權的
[00:12:11.740 --> 00:12:13.620]  很多這樣的口號
[00:12:13.620 --> 00:12:17.700]  但是其實背後都是騙人的
[00:12:17.700 --> 00:12:19.220]  大有大的騙
[00:12:19.220 --> 00:12:20.300]  小有小的騙
[00:12:20.300 --> 00:12:22.260]  小的騙就像你剛才說的
[00:12:22.260 --> 00:12:25.460]  電話理財服務其實騙了你的錢
[00:12:25.460 --> 00:12:29.860]  街頭祈福黨去詐騙又騙你的錢
[00:12:29.860 --> 00:12:34.300]  所以我們其實是很希望和平的
[00:12:34.300 --> 00:12:39.340]  我們都以為條約可以去製造和平
[00:12:39.340 --> 00:12:43.580]  我們以為宣傳和平可以製造和平
[00:12:43.580 --> 00:12:48.060]  但是你發覺人心比萬物都詭詐
[00:12:48.060 --> 00:12:52.620]  所以結果是帶來更多的衝突
[00:12:52.620 --> 00:12:57.020]  一個衝突可以毀掉一個國家
[00:12:57.020 --> 00:13:01.020]  一個仇恨可以毀滅人的一生
[00:13:01.020 --> 00:13:06.860]  或者一個謊言可以毀掉一個家庭
[00:13:06.860 --> 00:13:10.940]  所以我們發覺不容易要和平
[00:13:10.940 --> 00:13:15.420]  我想唯有我們回到天家才有真正的和平
[00:13:15.420 --> 00:13:17.180]  所以第一個白馬被我們看到的
[00:13:17.180 --> 00:13:19.980]  就是虛假的和平和欺騙
[00:13:19.980 --> 00:13:21.540]  會淋到這個世界
[00:13:21.540 --> 00:13:22.940]  真是越來越多
[00:13:22.940 --> 00:13:26.900]  越有知識就越知道怎樣去騙人
[00:13:26.900 --> 00:13:31.700]  這個真是今天我們面對的世界
[00:13:31.700 --> 00:13:36.980]  我們再來看第二個印第三第四節
[00:13:36.980 --> 00:13:38.420]  揭開第二印的時候
[00:13:38.420 --> 00:13:41.220]  有一匹馬又出來了 是紅的
[00:13:41.220 --> 00:13:44.540]  有權兵給了騎馬的
[00:13:44.540 --> 00:13:47.020]  可以從地上奪去太平
[00:13:47.020 --> 00:13:48.820]  使人彼此相殺
[00:13:48.820 --> 00:13:51.620]  又有一把大刀賜給他
[00:13:51.620 --> 00:13:54.580]  紅色我們都想到了
[00:13:54.580 --> 00:13:59.740]  代表暴力或者流血的顏色
[00:13:59.740 --> 00:14:02.580]  所以當太平被奪去
[00:14:02.580 --> 00:14:04.420]  可以奪去太平
[00:14:04.420 --> 00:14:06.940]  戰爭就沒有了太平
[00:14:06.940 --> 00:14:08.700]  所以當太平被奪去的時候
[00:14:08.700 --> 00:14:11.700]  表面上羅馬帝國被人覺得很有太平
[00:14:11.700 --> 00:14:21.180]  但其實國內的軍隊都是軍閥割據
[00:14:21.180 --> 00:14:24.260]  不是很服對方
[00:14:24.260 --> 00:14:28.980]  因為這是一個虛假的征服能力
[00:14:28.980 --> 00:14:30.540]  所以第一世紀的信徒
[00:14:30.540 --> 00:14:35.980]  他看見紅馬有把大刀的時候
[00:14:35.980 --> 00:14:37.140]  他知道
[00:14:37.140 --> 00:14:39.700]  說到羅馬帝國
[00:14:39.700 --> 00:14:43.180]  其實他們在公元69年
[00:14:43.180 --> 00:14:48.180]  剛剛寫啟示錄的前幾十年
[00:14:48.180 --> 00:14:53.620]  就有一個很悲慘的內戰
[00:14:53.620 --> 00:14:56.340]  一年內換了四個皇帝
[00:14:56.340 --> 00:15:00.300]  軍閥割據、血流成河
[00:15:00.300 --> 00:15:04.660]  其實他們都在經歷這些征戰
[00:15:04.660 --> 00:15:11.060]  所以紅馬是一個戰爭和人性殘殺的記號
[00:15:11.060 --> 00:15:12.420]  一個警號
[00:15:12.420 --> 00:15:15.460]  所以當虛假被揭開的時候
[00:15:15.460 --> 00:15:18.020]  接下來就是征戰
[00:15:18.020 --> 00:15:21.060]  人的野心和慾望沒有停止過
[00:15:21.060 --> 00:15:23.220]  所以不斷都有征戰
[00:15:23.220 --> 00:15:27.100]  經文講到使人彼此去相殺
[00:15:27.100 --> 00:15:30.820]  我覺得很恐怖
[00:15:30.820 --> 00:15:33.140]  人可以彼此相殺
[00:15:33.140 --> 00:15:37.220]  我們看見今天的征戰、今天的戰爭
[00:15:37.220 --> 00:15:41.540]  突然間一天可以扔個飛彈下來
[00:15:41.540 --> 00:15:43.420]  你就沒有了和平
[00:15:43.420 --> 00:15:45.500]  接著戰爭就開始
[00:15:45.500 --> 00:15:48.260]  昔日已經差不多四年了
[00:15:48.260 --> 00:15:50.620]  俄烏戰爭就是這樣
[00:15:50.620 --> 00:15:56.780]  接著現在的美伊衝突和中東的戰爭也是
[00:15:56.780 --> 00:15:58.500]  接著還有很多的內戰
[00:15:58.500 --> 00:16:02.340]  蘇丹、緬甸等內戰都沒有停止過
[00:16:02.340 --> 00:16:07.660]  所以我看見人最大的問題不是我們的資源不夠
[00:16:07.660 --> 00:16:08.940]  資源太少
[00:16:08.940 --> 00:16:10.580]  或者我們住的房子太小
[00:16:10.580 --> 00:16:12.340]  不是這些問題
[00:16:12.340 --> 00:16:16.140]  是人的心永遠都不能滿足
[00:16:16.140 --> 00:16:19.780]  你看見做到首富是不是可以滿足呢?
[00:16:19.780 --> 00:16:23.900]  你的投資幾代都吃不完
[00:16:23.900 --> 00:16:26.540]  你是不是可以滿足呢?
[00:16:26.540 --> 00:16:27.940]  你會發覺不是
[00:16:27.940 --> 00:16:31.540]  而是人的心不斷去不滿足
[00:16:31.540 --> 00:16:33.420]  夢想要多一點
[00:16:33.420 --> 00:16:36.260]  正如在《雅各書》也講到
[00:16:36.260 --> 00:16:43.540]  它講到你們中間的爭鬥
[00:16:43.540 --> 00:16:46.500]  按錯了 回頭看
[00:16:46.500 --> 00:16:53.420]  你們中間的爭鬥是從哪裡來的呢?
[00:16:53.420 --> 00:16:58.380]  不是從你們百體之中的私慾來的嗎?
[00:16:58.380 --> 00:17:01.860]  所以其實是我們的戰爭、我們的爭鬥
[00:17:01.860 --> 00:17:03.980]  不是外面的環境
[00:17:03.980 --> 00:17:06.580]  是我們的心
[00:17:06.580 --> 00:17:10.140]  所以我們的戰場其實是我們心裏面
[00:17:10.140 --> 00:17:12.500]  你想想家庭裏面的戰場
[00:17:12.500 --> 00:17:16.420]  有多少是在我們自己的心裏面
[00:17:16.420 --> 00:17:21.100]  就是夫妻之間的衝突
[00:17:21.100 --> 00:17:24.180]  所以如果人心裏面只有自己
[00:17:24.180 --> 00:17:26.780]  我這樣的 為什麼你不遷就我呢?
[00:17:26.780 --> 00:17:29.860]  我要怎樣你就應該遷就我
[00:17:29.860 --> 00:17:33.020]  如果是自我看得這麼大
[00:17:33.020 --> 00:17:36.060]  而心裏面沒有了神、沒有了愛
[00:17:36.060 --> 00:17:38.860]  也沒有了道德觀念
[00:17:38.860 --> 00:17:41.620]  其實罪惡就會不斷去產生
[00:17:41.620 --> 00:17:46.540]  而導致更加嚴重的衝突和爭戰
[00:17:46.540 --> 00:17:49.420]  前兩天我看到一個香港的新聞
[00:17:49.420 --> 00:17:51.500]  我覺得挺唏噓的
[00:17:51.500 --> 00:17:53.500]  那個標題大家可能都聽過
[00:17:53.500 --> 00:17:58.300]  「小巴站兩女打鬥 釀成命案」
[00:17:58.300 --> 00:17:59.500]  小巴站而已
[00:17:59.500 --> 00:18:01.300]  因為這個標題這麼說
[00:18:01.300 --> 00:18:04.180]  我還以為是女生 不是男的
[00:18:04.180 --> 00:18:06.980]  通常這些我都覺得男的會比較容易
[00:18:06.980 --> 00:18:10.340]  所以我就進去看看詳細的情形是怎樣
[00:18:10.340 --> 00:18:14.060]  他說有兩名五十多歲的女子
[00:18:14.060 --> 00:18:17.100]  也不是二十多歲 血氣方剛那些
[00:18:17.100 --> 00:18:18.820]  五十多歲
[00:18:18.820 --> 00:18:22.580]  晚上十點多乘坐小巴到一個屋邨的時候
[00:18:22.580 --> 00:18:26.100]  下車的時候 因為一些肢體碰撞
[00:18:26.100 --> 00:18:28.620]  有人踩到有人的腳
[00:18:28.620 --> 00:18:32.340]  然後就引起衝突 踩到腳而已
[00:18:32.340 --> 00:18:38.580]  被踩腳的女人就將這個婦人倒在地上
[00:18:38.580 --> 00:18:41.220]  然後用雙腳跪在肚子裏面
[00:18:41.220 --> 00:18:42.820]  用兩隻手插著她的頸
[00:18:42.820 --> 00:18:46.100]  襲擊了幾分鐘之後就走了
[00:18:46.100 --> 00:18:48.500]  這個警方就接報到場
[00:18:48.500 --> 00:18:52.740]  發現死者昏迷 頸部臉部有明顯的傷痕
[00:18:52.740 --> 00:18:55.380]  然後就去送醫院搶救
[00:18:55.380 --> 00:18:59.300]  之後就證實不治
[00:18:59.300 --> 00:19:04.980]  你會發覺 嘩 為什麼這麼緊要 什麼事啊?
[00:19:04.980 --> 00:19:10.100]  所以這個新聞令我覺得人性很可怕
[00:19:10.100 --> 00:19:16.660]  小小的肢體碰撞 叫兩句 突然間就可以大打出手
[00:19:16.660 --> 00:19:22.180]  家庭也是這樣的 夫妻之間有愛也是這樣的
[00:19:22.180 --> 00:19:29.060]  所以你會發覺 可以是這麼大的報復行動
[00:19:29.060 --> 00:19:34.220]  這個可能和我們心理上要征服人的心態有關
[00:19:34.220 --> 00:19:39.660]  就是你踩到我 我要還顏色給你看看
[00:19:39.660 --> 00:19:42.060]  讓人知道你不是弱者
[00:19:42.060 --> 00:19:45.180]  然後就要控制一下 我就要贏
[00:19:45.180 --> 00:19:49.140]  看你知不知道我的厲害
[00:19:49.140 --> 00:19:51.500]  其實這個就是熊馬的縮影
[00:19:51.500 --> 00:19:53.380]  我們為什麼要戰爭呢?
[00:19:53.380 --> 00:19:55.260]  我們為什麼要爭鬥呢?
[00:19:55.260 --> 00:19:59.820]  就是因為我們的心不可以滿足
[00:19:59.820 --> 00:20:01.660]  我們的心要贏
[00:20:01.660 --> 00:20:05.660]  其實人性的暴戾也挺可怕的
[00:20:05.660 --> 00:20:12.700]  我們再來看第五節 第六節 六章的第五節
[00:20:12.700 --> 00:20:16.540]  第三章揭開的時候 黑馬就出現了
[00:20:16.540 --> 00:20:19.020]  黑馬手裡拿著天秤
[00:20:19.020 --> 00:20:20.740]  然後有一個聲音說
[00:20:20.740 --> 00:20:28.300]  「一錢銀紙買一升墨紙 遊和走不可糟蹋」
[00:20:28.300 --> 00:20:32.180]  一錢墨 先說黑馬
[00:20:32.180 --> 00:20:34.620]  黑馬其實是代表饑荒
[00:20:34.620 --> 00:20:37.100]  就是沒得吃 到很瘦
[00:20:37.100 --> 00:20:39.340]  所以你看到人都很瘦
[00:20:39.340 --> 00:20:42.980]  貧窮和經濟崩潰的現象
[00:20:42.980 --> 00:20:47.860]  所以天秤就是象徵著食物都要斤斤計較過
[00:20:47.860 --> 00:20:50.140]  才可以配給你
[00:20:50.140 --> 00:20:52.740]  就是天秤的意思 象徵的意思
[00:20:52.740 --> 00:20:59.420]  所以戰亂帶來的就是饑荒或者經濟的危機
[00:20:59.420 --> 00:21:03.500]  有可能就是我們接下來世界的走向
[00:21:03.500 --> 00:21:05.900]  所以第三匹馬告訴我們
[00:21:05.900 --> 00:21:09.860]  就是饑荒和經濟的崩潰
[00:21:09.860 --> 00:21:13.420]  當時一錢銀紙是什麼意思呢?
[00:21:13.420 --> 00:21:19.700]  一錢銀紙就是一個工人一千的工資
[00:21:19.700 --> 00:21:25.460]  平時一錢銀紙可以買八到十二公升的墨紙
[00:21:25.460 --> 00:21:29.460]  但是這裡說到現在只可以買一升的墨紙
[00:21:29.460 --> 00:21:32.940]  原來一升的墨紙當然夠一個人一天的食用
[00:21:32.940 --> 00:21:36.420]  就是說你辛辛苦苦一天的工作
[00:21:36.420 --> 00:21:39.620]  只是可以養到你自己
[00:21:39.620 --> 00:21:42.500]  一家人都養不到 都不夠吃
[00:21:42.500 --> 00:21:48.140]  所以這個代表極度嚴重的通貨膨脹
[00:21:48.140 --> 00:21:53.380]  但諷刺是「油和酒不可糟蹋」
[00:21:53.380 --> 00:21:56.980]  就是說有些人可以享受油和酒
[00:21:56.980 --> 00:21:58.580]  還說你不要糟蹋這些東西
[00:21:58.580 --> 00:22:01.060]  就是他在糟蹋 你叫他不要糟蹋
[00:22:01.060 --> 00:22:02.260]  就是這個意思
[00:22:02.260 --> 00:22:05.260]  所以就是說有人可以很富有
[00:22:05.260 --> 00:22:07.140]  有人可以很貧窮
[00:22:07.140 --> 00:22:08.980]  有人可以沒有飯吃
[00:22:08.980 --> 00:22:15.340]  有人喝酒有油都可以糟蹋得很嚴重
[00:22:15.340 --> 00:22:18.980]  所以基本上說到糧食也都被壟斷了
[00:22:18.980 --> 00:22:22.820]  窮人就餓死 富人就繼續享樂
[00:22:22.820 --> 00:22:27.220]  這個也是公元92年的一個寫照
[00:22:27.220 --> 00:22:30.620]  就是《啟示錄》的一個時代的寫照
[00:22:30.620 --> 00:22:34.060]  那個時候小亞細亞 就是七個教會所在的地方
[00:22:34.060 --> 00:22:37.540]  也都爆發了嚴重的糧食短缺
[00:22:37.540 --> 00:22:38.460]  為什麼會這樣呢?
[00:22:38.460 --> 00:22:40.540]  就是因為皇帝 那時候是羅馬皇帝
[00:22:40.540 --> 00:22:45.740]  為了保護意大利的本土葡萄酒的經濟
[00:22:45.740 --> 00:22:47.540]  就是有錢人的經濟
[00:22:47.540 --> 00:22:52.140]  竟然下令整個小亞細亞的地方不可以種蜜
[00:22:52.140 --> 00:22:58.540]  停止去種小蜜 改要種葡萄 就是葡萄
[00:22:58.540 --> 00:23:03.020]  所以令到當地的小蜜就沒有出產了
[00:23:03.020 --> 00:23:07.980]  也都導致糧食的價格突然間暴漲
[00:23:07.980 --> 00:23:12.060]  窮人連一星的蜜都買不到
[00:23:12.060 --> 00:23:16.020]  一銀子買三星大蜜 大蜜是粗糙一點的蜜
[00:23:16.020 --> 00:23:19.340]  那時候如果你吃一些比較差的蜜
[00:23:19.340 --> 00:23:22.900]  很難吃的那些 你就可以買三星
[00:23:22.900 --> 00:23:28.340]  所以其實小蜜大蜜都沒有什麼栽種
[00:23:28.340 --> 00:23:33.140]  以致人去飢餓 窮人去飢餓
[00:23:33.140 --> 00:23:40.420]  所以你發覺很不公平
[00:23:40.420 --> 00:23:43.620]  糧食很不公平地去分配
[00:23:43.620 --> 00:23:47.500]  上高的黃華點 你就要怎麼做
[00:23:47.500 --> 00:23:51.940]  不用理民間的情況
[00:23:51.940 --> 00:23:54.500]  也都講一下今天的數據給你聽一下
[00:23:54.500 --> 00:23:56.980]  聽完你都會有些驚訝的可能
[00:23:56.980 --> 00:23:59.380]  我們現在的世界又是怎樣呢?
[00:23:59.380 --> 00:24:02.140]  我們目前的世界有7至10億人
[00:24:02.140 --> 00:24:07.660]  是處於飢餓的狀態 即是長期營養不良
[00:24:07.660 --> 00:24:12.220]  每天工資低於一至兩美元
[00:24:12.220 --> 00:24:17.140]  你可能會問 是不是全球的生產不夠呢?
[00:24:17.140 --> 00:24:19.620]  即是糧食不夠呢?
[00:24:19.620 --> 00:24:22.820]  全球食物的供應不夠呢?
[00:24:22.820 --> 00:24:24.620]  你猜是不是?
[00:24:24.620 --> 00:24:27.700]  你都猜到了 不是 不是
[00:24:27.700 --> 00:24:31.180]  而是全世界如果是食物供應量
[00:24:31.180 --> 00:24:34.500]  是有150%的食物
[00:24:34.500 --> 00:24:40.420]  即是說這些食物可以供應全世界的人
[00:24:40.420 --> 00:24:43.780]  可以有150%的人吃
[00:24:43.780 --> 00:24:45.340]  即是說人還不夠多
[00:24:45.340 --> 00:24:51.500]  食物多到可以有150%的人吃都吃不完
[00:24:51.500 --> 00:24:53.580]  即是說我們根本是夠食物
[00:24:53.580 --> 00:24:55.180]  我們不是不夠食物
[00:24:55.180 --> 00:24:57.700]  全球都是夠食物的
[00:24:57.700 --> 00:24:58.900]  我們住在澳洲
[00:24:58.900 --> 00:25:04.620]  你知不知道澳洲的糧食出產夠不夠我們吃呢?
[00:25:04.620 --> 00:25:07.380]  很夠吧 雖然有些東西很貴
[00:25:07.380 --> 00:25:10.540]  現在很貴 都是貴的
[00:25:10.540 --> 00:25:12.660]  完全是足夠的 而且是綽綽有餘的
[00:25:12.660 --> 00:25:17.220]  知不知道澳洲的食物生產是多少呢?
[00:25:17.220 --> 00:25:20.580]  原來澳洲的食物生產可以養活
[00:25:20.580 --> 00:25:25.140]  我們自己澳洲人兩至三倍
[00:25:25.140 --> 00:25:30.260]  多少呢?即是說你吃到肚子都吃不完
[00:25:30.260 --> 00:25:32.460]  即是說你吃不到那麼多
[00:25:32.460 --> 00:25:37.300]  所以澳洲最大的出口就是食物
[00:25:37.300 --> 00:25:39.700]  兩至三倍 不要浪費
[00:25:39.700 --> 00:25:41.220]  所以我們有時候都買貴的東西
[00:25:41.220 --> 00:25:44.580]  因為有些出口多了
[00:25:44.580 --> 00:25:47.660]  所以為什麼會有十億左右的人
[00:25:47.660 --> 00:25:51.780]  在飢餓的狀態裏長期沒得吃呢?
[00:25:51.780 --> 00:25:53.580]  很慘呢?
[00:25:53.580 --> 00:25:57.540]  真正的問題不是糧食不夠
[00:25:57.540 --> 00:26:01.740]  真正的問題就是不公平地去分配
[00:26:01.740 --> 00:26:05.940]  亦都是嚴重的食物浪費
[00:26:05.940 --> 00:26:09.220]  和地區衝突所引致
[00:26:09.220 --> 00:26:16.820]  或者是一些資訊不正當地去傳播
[00:26:16.820 --> 00:26:23.420]  所以今天我們真的要不要浪費我們的食物
[00:26:23.420 --> 00:26:26.980]  所以我看見糧食是這樣
[00:26:26.980 --> 00:26:29.500]  但世界的經濟體系又是怎樣呢?
[00:26:29.500 --> 00:26:32.940]  其實都很脆弱
[00:26:32.940 --> 00:26:35.180]  我們經歷過金融風暴
[00:26:35.180 --> 00:26:38.500]  一天之內你看見那些人拿著那些股票
[00:26:38.500 --> 00:26:40.740]  突然間變成廢紙
[00:26:40.740 --> 00:26:42.780]  現在都是物價高漲
[00:26:42.780 --> 00:26:46.180]  因為銀紙有些國家可以不斷印
[00:26:46.180 --> 00:26:49.780]  不斷印銀紙就全球物價高漲
[00:26:49.780 --> 00:26:53.780]  不只是他的國家是全球都會
[00:26:53.780 --> 00:26:55.180]  所以十年前的一百萬
[00:26:55.180 --> 00:26:57.940]  我們說一百萬富翁
[00:26:57.940 --> 00:27:02.380]  無論你拿著港幣澳幣都叫百萬富翁
[00:27:02.380 --> 00:27:05.700]  今天一百萬真是平民來的
[00:27:05.700 --> 00:27:09.780]  屋都不止一百萬都買不到
[00:27:09.780 --> 00:27:16.940]  如果我們的安全感建立在存款、投資、房屋、房地產
[00:27:16.940 --> 00:27:20.300]  這個黑馬就告訴我們
[00:27:20.300 --> 00:27:24.060]  我們的安全感隨時會動搖
[00:27:24.060 --> 00:27:25.580]  神提醒我們
[00:27:25.580 --> 00:27:29.780]  今天如果我們的心放在財富裏面
[00:27:29.780 --> 00:27:31.740]  當你的保障
[00:27:31.740 --> 00:27:35.060]  你發覺你的心就很不平安
[00:27:35.060 --> 00:27:37.180]  因為財富控制了你的心
[00:27:37.180 --> 00:27:41.140]  財富可以高高低低
[00:27:41.140 --> 00:27:45.740]  唯有神的話語才是我們的保障
[00:27:45.740 --> 00:27:47.140]  我們不會落空
[00:27:47.140 --> 00:27:49.500]  我們有安全感
[00:27:49.500 --> 00:27:52.620]  因為神的應許是不會落空的
[00:27:52.620 --> 00:27:56.780]  我們再來看第七、第八節
[00:27:56.780 --> 00:28:00.380]  第四印揭開的時候
[00:28:00.380 --> 00:28:03.300]  第四印揭開一匹灰馬就出來了
[00:28:03.300 --> 00:28:06.780]  在馬上的名字就叫做「死」
[00:28:06.780 --> 00:28:09.700]  跟著陰間也跟隨著它
[00:28:09.700 --> 00:28:11.220]  也有權柄給它
[00:28:11.220 --> 00:28:14.580]  可以用刀劍、饑荒、瘟疫、野獸
[00:28:14.580 --> 00:28:17.620]  殺害地上四分之一的人
[00:28:17.620 --> 00:28:22.100]  所以第四匹灰色的馬是一個死亡的陰影
[00:28:22.100 --> 00:28:27.180]  我們人類最害怕的是死亡
[00:28:27.180 --> 00:28:31.060]  所以第四匹馬就是告訴你死亡期會臨到
[00:28:31.060 --> 00:28:33.380]  還是用不同的方法去臨到
[00:28:33.380 --> 00:28:36.380]  不同的災難去臨到
[00:28:36.380 --> 00:28:40.180]  有刀劍、饑荒、瘟疫、野獸一起出現
[00:28:40.180 --> 00:28:43.180]  造成有四分之一人的死亡
[00:28:43.180 --> 00:28:46.020]  有些譯本就說是管轄四分之一地方
[00:28:46.020 --> 00:28:48.700]  以致那四分之一人可以死亡
[00:28:48.700 --> 00:28:50.140]  不管是怎樣
[00:28:50.140 --> 00:28:51.140]  譯本是怎樣
[00:28:51.140 --> 00:28:55.300]  但總之都會有四分之一的死亡
[00:28:55.300 --> 00:28:58.100]  會發生
[00:28:58.100 --> 00:29:00.780]  我想想2019年的病毒
[00:29:00.780 --> 00:29:04.340]  新冠的病毒大家是不是覺得很厲害
[00:29:04.340 --> 00:29:06.580]  那時候我們全球都恐慌
[00:29:06.580 --> 00:29:08.180]  不只是一個地方
[00:29:08.180 --> 00:29:10.940]  不只是西班牙發現病毒
[00:29:10.940 --> 00:29:13.420]  而是全球都有病毒
[00:29:13.420 --> 00:29:17.540]  每天的新聞就是看著全球有多少人死
[00:29:17.540 --> 00:29:19.940]  每天都有多少人被傳染
[00:29:19.940 --> 00:29:21.580]  大家就不敢出街
[00:29:21.580 --> 00:29:23.580]  如果有病毒就要隔離
[00:29:23.580 --> 00:29:25.580]  隔離也很慘
[00:29:25.580 --> 00:29:28.380]  到你死的時候你的親人都不在你旁邊
[00:29:28.380 --> 00:29:30.940]  小朋友隔離突然就死了
[00:29:30.940 --> 00:29:33.180]  連家人、父母的陪伴都沒有
[00:29:33.180 --> 00:29:35.300]  或者老人家都是
[00:29:35.300 --> 00:29:39.100]  死亡的時候連親人都不在旁邊
[00:29:39.100 --> 00:29:41.260]  所以其實這些病毒都很恐怖
[00:29:41.260 --> 00:29:47.380]  帶動我們的心情都起伏很沉重
[00:29:47.380 --> 00:29:50.820]  抗疫了三年就暫告一段落
[00:29:50.820 --> 00:29:53.060]  我們都經歷過
[00:29:53.060 --> 00:29:55.100]  所以一提起病毒瘟疫
[00:29:55.100 --> 00:29:57.900]  我們都提高了警覺
[00:29:57.900 --> 00:30:03.140]  這個警號我們都開始害怕
[00:30:03.140 --> 00:30:05.860]  雖然新冠病毒我們覺得這麼厲害
[00:30:05.860 --> 00:30:07.500]  大家有沒有去查過資料
[00:30:07.500 --> 00:30:10.940]  其實死了人口有多少
[00:30:10.940 --> 00:30:12.500]  我又查一查
[00:30:12.500 --> 00:30:14.980]  我講起這篇報道查很多資料
[00:30:14.980 --> 00:30:17.780]  那時候大約有多少人死亡呢
[00:30:17.780 --> 00:30:20.340]  原來大約死了全球的
[00:30:20.340 --> 00:30:22.060]  有些因為很難統計
[00:30:22.060 --> 00:30:25.340]  所以是0.1%到0.4%
[00:30:25.340 --> 00:30:29.780]  即是全球人口的半個百分點都沒有
[00:30:29.780 --> 00:30:33.780]  所以如果說到有些災禍是有四分之一人死亡
[00:30:33.780 --> 00:30:37.540]  其實這些災禍是很大的
[00:30:37.540 --> 00:30:39.780]  亦都很恐怖
[00:30:39.780 --> 00:30:44.620]  所以這四匹馬提醒我們
[00:30:44.620 --> 00:30:48.060]  死亡的陰影其實每個人都害怕
[00:30:48.060 --> 00:30:50.820]  亦都會淋到
[00:30:50.820 --> 00:30:52.420]  所以當我們看完這四匹馬
[00:30:52.420 --> 00:30:54.740]  你有什麼感受
[00:30:54.740 --> 00:30:57.860]  真是害怕
[00:30:57.860 --> 00:31:02.420]  但這四匹馬其實是末世反復出現的現象
[00:31:02.420 --> 00:31:05.940]  因為我們人性的罪惡帶來欺騙
[00:31:05.940 --> 00:31:07.780]  或者想征服別人
[00:31:07.780 --> 00:31:11.620]  更加想征服別人就帶來一些戰爭
[00:31:11.620 --> 00:31:13.820]  戰爭亦都帶來一些饑荒
[00:31:13.820 --> 00:31:16.620]  饑荒亦都帶來死亡
[00:31:16.620 --> 00:31:19.300]  所以我們都會感到恐懼
[00:31:19.300 --> 00:31:22.820]  亦都覺得世界是否失控呢
[00:31:22.820 --> 00:31:24.340]  但啟示佬告訴我們
[00:31:24.340 --> 00:31:29.940]  或者表達給我們的訊息其實是剛剛相反
[00:31:29.940 --> 00:31:33.380]  當我們感到恐懼或者驚慌的時候
[00:31:33.380 --> 00:31:36.140]  其實啟示佬剛才所說的四匹馬
[00:31:36.140 --> 00:31:38.380]  不是要我們驚慌
[00:31:38.380 --> 00:31:41.860]  而是告訴我們這個世界真的會有災難
[00:31:41.860 --> 00:31:45.620]  因為災難是因人的罪惡而起
[00:31:45.620 --> 00:31:47.780]  不是代表神失控
[00:31:47.780 --> 00:31:52.060]  更加災難是神要介入告訴我們
[00:31:52.060 --> 00:31:54.060]  我要審判這個世界
[00:31:54.060 --> 00:31:56.100]  警號已經來了
[00:31:56.100 --> 00:31:59.860]  你要去留意神的掌管
[00:31:59.860 --> 00:32:01.940]  神要介入 要審判
[00:32:01.940 --> 00:32:05.540]  祂讓我們看到災難逼近
[00:32:05.540 --> 00:32:07.660]  是祂的審判來到了
[00:32:07.660 --> 00:32:10.740]  世界上的警號已經響了
[00:32:10.740 --> 00:32:13.340]  所以神容許這些災難逼近
[00:32:13.340 --> 00:32:17.460]  容許地上的秩序好像在動搖
[00:32:17.460 --> 00:32:20.580]  其實祂是要打破我們一個
[00:32:20.580 --> 00:32:25.420]  對物質世界一個虛假的安全感
[00:32:25.420 --> 00:32:29.580]  今天我們以為我們住得好就炫耀了
[00:32:29.580 --> 00:32:33.900]  以為小孩很聰明就炫耀了
[00:32:33.900 --> 00:32:35.420]  其實這些事情都會過去的
[00:32:35.420 --> 00:32:37.300]  一場山火 一個地震
[00:32:37.300 --> 00:32:38.620]  你發覺最近都是
[00:32:38.620 --> 00:32:42.460]  完全房屋倒塌了下來
[00:32:42.460 --> 00:32:44.900]  所以神已經發出了警號
[00:32:44.900 --> 00:32:49.740]  催促人們要悔改 回轉歸向神
[00:32:49.740 --> 00:32:52.780]  所以第四匹馬其實殺害四分之一人
[00:32:52.780 --> 00:32:56.100]  你發覺反而是一個神的憐憫
[00:32:56.100 --> 00:32:58.700]  不是大部份人都死了沒有機會
[00:32:58.700 --> 00:33:01.620]  而是一個警號告訴你神的憐憫
[00:33:01.620 --> 00:33:05.540]  神帶著恩慈去發出這個管教和憐憫
[00:33:05.540 --> 00:33:08.500]  所以災難的意義是什麼呢?
[00:33:08.500 --> 00:33:11.340]  是呼喚我們要去悔改
[00:33:11.340 --> 00:33:14.660]  你見人的罪惡這麼滿盈的時候
[00:33:14.660 --> 00:33:16.900]  不是你要跟隨他們一份
[00:33:16.900 --> 00:33:18.900]  你怎樣對我 我就怎樣對你
[00:33:18.900 --> 00:33:24.500]  好像小巴那兩個女子那樣
[00:33:24.500 --> 00:33:26.940]  你要踩我一腳 我就踩你一腳
[00:33:26.940 --> 00:33:28.620]  不是這樣的
[00:33:28.620 --> 00:33:32.900]  告訴你災難的意義就是要我們去悔改
[00:33:32.900 --> 00:33:35.980]  要我們懂得去反省
[00:33:35.980 --> 00:33:38.780]  而且災難你發覺是有終點 有盡頭的
[00:33:38.780 --> 00:33:41.140]  不只是不斷的災難
[00:33:41.140 --> 00:33:45.620]  盡頭就是引向我們回到神那裡
[00:33:45.620 --> 00:33:48.380]  回到天家才有盼望
[00:33:48.380 --> 00:33:52.460]  是一個新天新地的方向
[00:33:52.460 --> 00:33:54.780]  如果大家有留意剛才讀的經文
[00:33:54.780 --> 00:33:57.900]  每個印都是誰揭開的呢?
[00:33:57.900 --> 00:34:01.180]  是羔羊 即是耶穌基督
[00:34:01.180 --> 00:34:06.540]  祂有資格去揭開審判的印
[00:34:06.540 --> 00:34:09.100]  所以重點是告訴我們
[00:34:09.100 --> 00:34:11.660]  不是災難有多可怕
[00:34:11.660 --> 00:34:14.300]  而是即使災難臨到
[00:34:14.300 --> 00:34:17.740]  是耶穌自己去掌管這個世界
[00:34:17.740 --> 00:34:19.780]  去揭開這個印
[00:34:19.780 --> 00:34:24.060]  所以就算有邪惡也好
[00:34:24.060 --> 00:34:30.300]  世界上的邪惡是由神許可產生的
[00:34:30.300 --> 00:34:39.300]  所以我們知道今天我們有邪惡
[00:34:39.300 --> 00:34:40.900]  但是神是掌管的
[00:34:40.900 --> 00:34:42.060]  所以經文出現
[00:34:42.060 --> 00:34:43.900]  你發覺有冠冕賜給他
[00:34:43.900 --> 00:34:45.820]  即是暫時讓他贏
[00:34:45.820 --> 00:34:48.420]  或者有權柄賜給騎馬
[00:34:48.420 --> 00:34:50.020]  意思就是我給你權
[00:34:50.020 --> 00:34:51.940]  不是你有權
[00:34:51.940 --> 00:34:54.660]  或者有一把大刀賜給他
[00:34:54.660 --> 00:35:00.020]  意思就是戰爭上你可以暫時讓他贏
[00:35:00.020 --> 00:35:04.380]  這些都是說到很凶殘的災禍
[00:35:04.380 --> 00:35:06.780]  但是主權不在他的手裏
[00:35:06.780 --> 00:35:09.340]  而是在神的手裏
[00:35:09.340 --> 00:35:10.740]  所以今天我們看到
[00:35:10.740 --> 00:35:12.500]  啟示錄最大的安慰
[00:35:12.500 --> 00:35:15.460]  不是預告災難是什麼時間發生
[00:35:15.460 --> 00:35:16.820]  而是預告我們
[00:35:16.820 --> 00:35:17.820]  告訴我們
[00:35:17.820 --> 00:35:20.180]  神仍然在掌權
[00:35:20.180 --> 00:35:23.020]  神仍然作爵為王
[00:35:23.020 --> 00:35:26.500]  所以只要我們深信神仍然掌權的時候
[00:35:26.500 --> 00:35:28.300]  當我們看到這些災禍的時候
[00:35:28.300 --> 00:35:29.460]  我們不是要驚慌
[00:35:29.460 --> 00:35:32.020]  而是為這些災禍祈禱
[00:35:32.020 --> 00:35:34.940]  求神的憐憫臨到我們
[00:35:34.940 --> 00:35:37.260]  以致我們不要失控
[00:35:37.260 --> 00:35:38.580]  知道神是愛我們
[00:35:38.580 --> 00:35:40.220]  為我們捨己的神
[00:35:40.220 --> 00:35:43.860]  以致祂一定去看顧祂的百姓
[00:35:43.860 --> 00:35:48.620]  所以今天我們看到這些災禍的時候
[00:35:48.620 --> 00:35:50.260]  神不是要我們驚慌
[00:35:50.260 --> 00:35:52.260]  而是要我們知道
[00:35:52.260 --> 00:35:55.260]  誰才是主宰呢?
[00:35:55.260 --> 00:35:57.660]  亦都讓第一世紀的教會
[00:35:57.660 --> 00:35:59.860]  他們面對逼迫的時候
[00:35:59.860 --> 00:36:02.500]  其實約翰寫這封信告訴他們
[00:36:02.500 --> 00:36:04.980]  羅馬王不是歷史的主宰
[00:36:04.980 --> 00:36:09.740]  撒旦亦都不是靈界的主宰
[00:36:09.740 --> 00:36:13.460]  真正掌權的是主耶穌基督
[00:36:13.460 --> 00:36:16.580]  所以這是帶給教會一個很大的安慰
[00:36:16.580 --> 00:36:18.980]  即使我們面對逼迫、面對死亡
[00:36:18.980 --> 00:36:20.220]  面對一些災難
[00:36:20.220 --> 00:36:24.660]  我們知道世界的走向
[00:36:24.660 --> 00:36:27.620]  可能世界會滅亡
[00:36:27.620 --> 00:36:30.260]  但是最終的走向
[00:36:30.260 --> 00:36:32.580]  是神的角度會臨到
[00:36:32.580 --> 00:36:35.940]  耶穌基督應許我們新天新地
[00:36:35.940 --> 00:36:37.140]  我們信祂的人
[00:36:37.140 --> 00:36:39.980]  祂為我們預備了一個榮耀的居所
[00:36:39.980 --> 00:36:41.380]  就是新天新地
[00:36:41.380 --> 00:36:44.940]  之後看啟示錄我們會再留意到
[00:36:44.940 --> 00:36:50.540]  所以當世人因為罪惡帶來的驚慌
[00:36:50.540 --> 00:36:54.140]  帶來的恐慌、帶來的經濟崩潰
[00:36:54.140 --> 00:36:59.860]  當世界的人有這些事情發生的時候
[00:36:59.860 --> 00:37:03.220]  造成災難的時候
[00:37:03.220 --> 00:37:06.180]  我們看見不是一個混亂的情況
[00:37:06.180 --> 00:37:11.300]  我們看見神是坐著為王
[00:37:11.300 --> 00:37:12.940]  神是在寶座上面
[00:37:12.940 --> 00:37:15.780]  所以一開始約翰看見這些
[00:37:15.780 --> 00:37:19.020]  以致我們第四、第五章啟示錄
[00:37:19.020 --> 00:37:21.100]  人是被約翰一看見這些
[00:37:21.100 --> 00:37:23.100]  以致他的心定下來
[00:37:23.100 --> 00:37:25.460]  才被你看見災難
[00:37:25.460 --> 00:37:28.540]  所以這是啟示錄一個很大的訊息
[00:37:28.540 --> 00:37:32.740]  至於今天我們要怎樣去回應這些警號呢?
[00:37:32.740 --> 00:37:35.700]  以致我們不要驚惶失措
[00:37:35.700 --> 00:37:39.740]  第一樣就是我們不要再沉迷在這個世界
[00:37:39.740 --> 00:37:41.820]  去追尋這個世界
[00:37:41.820 --> 00:37:44.660]  今天我們沉迷世界杯
[00:37:44.660 --> 00:37:47.380]  今天打邊場可能大家都知道
[00:37:47.380 --> 00:37:49.300]  世界會過去
[00:37:49.300 --> 00:37:55.020]  但這個世界物質的事情都會過去
[00:37:55.020 --> 00:37:58.220]  唯有神的國和神的愛是不會過去的
[00:37:58.220 --> 00:38:00.500]  祂給我們有盼望的
[00:38:00.500 --> 00:38:02.260]  所以我們不要失去盼望
[00:38:02.260 --> 00:38:04.780]  我們盼望不是世界上的事
[00:38:04.780 --> 00:38:08.660]  我們盼望的是神仍然去掌權
[00:38:08.660 --> 00:38:12.260]  我們將來就算我們死的時候
[00:38:12.260 --> 00:38:15.060]  我們知道我們回到的是天家
[00:38:15.060 --> 00:38:18.460]  是神為我們預備一個不會動搖的角度
[00:38:18.460 --> 00:38:21.420]  所以我們要對神有信心
[00:38:21.420 --> 00:38:25.220]  我們不要怕 只要信
[00:38:25.220 --> 00:38:28.860]  第三就是趁著今天還有機會悔改
[00:38:28.860 --> 00:38:32.460]  我們應當去歸向神 悔改歸向神
[00:38:32.460 --> 00:38:38.020]  所以今天我都很含重地去和大家說
[00:38:38.020 --> 00:38:40.740]  你們有誰還沒有信主耶穌基督?
[00:38:40.740 --> 00:38:44.420]  我知道在座當中都有人還沒有信主
[00:38:44.420 --> 00:38:46.580]  我都很盼望
[00:38:46.580 --> 00:38:49.540]  很盼望你今天去做一個決定
[00:38:49.540 --> 00:38:53.020]  去相信愛我們的這位神
[00:38:53.020 --> 00:38:56.460]  你要去趁著還有機會歸向祂
[00:38:56.460 --> 00:38:59.180]  你去相信祂
[00:38:59.180 --> 00:39:02.100]  祂是那位愛你的神
[00:39:02.100 --> 00:39:05.300]  也都趁著有機會
[00:39:05.300 --> 00:39:07.940]  也是把握時間 我們更加要傳福音
[00:39:07.940 --> 00:39:09.820]  我們的家人需要福音
[00:39:09.820 --> 00:39:11.500]  我們的朋友需要福音
[00:39:11.500 --> 00:39:13.780]  我們不知道明天的世界會怎樣
[00:39:13.780 --> 00:39:15.980]  我們要活在現在的時候
[00:39:15.980 --> 00:39:17.580]  我們要活出愛
[00:39:17.580 --> 00:39:20.620]  做一個和平的使者
[00:39:20.620 --> 00:39:25.980]  做一個珍惜你家人朋友的信徒
[00:39:25.980 --> 00:39:29.820]  以致我們願意將福音帶給我們未信的家人
[00:39:29.820 --> 00:39:34.300]  帶給我們需要愛的家人
[00:39:34.300 --> 00:39:35.980]  所以審判雖然是逼近
[00:39:35.980 --> 00:39:40.300]  但是救恩的門是很大大地開著
[00:39:40.300 --> 00:39:42.100]  災難雖然是增多
[00:39:42.100 --> 00:39:44.700]  但是我們記得神仍在掌權
[00:39:44.700 --> 00:39:49.020]  最後我想分享我自己很喜歡的經文
[00:39:49.020 --> 00:39:51.460]  在希伯來書12章1到2節
[00:39:51.460 --> 00:39:54.140]  說到我們既有許多的見證人
[00:39:54.140 --> 00:39:56.540]  如同雲彩圍著我們
[00:39:56.540 --> 00:39:57.860]  即是說我們有教會
[00:39:57.860 --> 00:40:01.620]  我們有很多周圍很美麗的弟兄姊妹
[00:40:01.620 --> 00:40:02.940]  好像雲彩圍著我們
[00:40:02.940 --> 00:40:04.580]  其實是加力給我們的
[00:40:04.580 --> 00:40:07.900]  要我們放下各樣的重擔
[00:40:07.900 --> 00:40:10.420]  斷去容易纏繞我們的罪
[00:40:10.420 --> 00:40:12.180]  我們很容易放棄
[00:40:12.180 --> 00:40:14.100]  我們有很多重擔圍著我們
[00:40:14.100 --> 00:40:16.460]  以致我們經常都很累
[00:40:16.460 --> 00:40:19.460]  但是神叫我們要脫離這些
[00:40:19.460 --> 00:40:21.420]  然後全心忍耐
[00:40:21.420 --> 00:40:24.180]  奔那擺在我們前頭的路程
[00:40:24.180 --> 00:40:28.420]  仰望為我們順心創始成中的耶穌
[00:40:28.420 --> 00:40:32.340]  所以當我們去忍耐的時候
[00:40:32.340 --> 00:40:35.860]  你會發覺神一定會開出路
[00:40:35.860 --> 00:40:38.260]  耶穌是怎樣的一個愛我們的神呢?
[00:40:38.260 --> 00:40:41.740]  祂因擺在前面的喜樂
[00:40:41.740 --> 00:40:43.580]  就興旱羞辱
[00:40:43.580 --> 00:40:45.700]  忍受了十字架的苦難
[00:40:45.700 --> 00:40:48.620]  便坐在神寶座的右邊
[00:40:48.620 --> 00:40:51.700]  所以耶穌也試過很大的死亡
[00:40:51.700 --> 00:40:54.700]  死的時候多辛苦在十字架上
[00:40:54.700 --> 00:40:56.180]  流血流死的
[00:40:56.180 --> 00:40:57.860]  幾個小時流血
[00:40:57.860 --> 00:40:59.740]  祂愛我們愛到一個地步
[00:40:59.740 --> 00:41:02.460]  就是要我們去有個救恩
[00:41:02.460 --> 00:41:06.780]  我特別喜歡的就是我提到的那句
[00:41:06.780 --> 00:41:09.580]  我希望大家我們一起來讀
[00:41:09.580 --> 00:41:10.900]  「全心忍耐」開始
[00:41:10.900 --> 00:41:12.100]  我們一起來讀兩次
[00:41:12.100 --> 00:41:14.900]  看看可不可以記得背了它
[00:41:14.900 --> 00:41:16.780]  全心忍耐
[00:41:16.780 --> 00:41:20.540]  奔那擺在我們前頭的路程
[00:41:20.540 --> 00:41:25.300]  仰望為我們順心創始成中的耶穌
[00:41:25.300 --> 00:41:26.540]  我們再來一次
[00:41:26.540 --> 00:41:28.340]  全心忍耐
[00:41:28.340 --> 00:41:32.100]  奔那擺在我們前頭的路程
[00:41:32.100 --> 00:41:37.060]  仰望為我們順心創始成中的耶穌
[00:41:37.060 --> 00:41:40.420]  所以我很喜歡這個奔字
[00:41:40.420 --> 00:41:41.580]  我們不是去走
[00:41:41.580 --> 00:41:45.500]  不是去赤赤裸裸地這樣走
[00:41:45.500 --> 00:41:46.980]  我們是去奔
[00:41:46.980 --> 00:41:49.780]  我們去盡力去走
[00:41:49.780 --> 00:41:52.700]  神要為我們預備的路程
[00:41:52.700 --> 00:41:56.180]  秘訣就是為何我們可以有力可以奔走呢?
[00:41:56.180 --> 00:42:00.020]  秘訣就是仰望為我們順心創始的
[00:42:00.020 --> 00:42:02.700]  創始成中的耶穌
[00:42:02.700 --> 00:42:05.140]  祂是多麼愛我、為我去捨棄
[00:42:05.140 --> 00:42:08.820]  以致我們今天可以有能力去愛人
[00:42:08.820 --> 00:42:10.780]  也可以活出愛
[00:42:10.780 --> 00:42:14.340]  願我們一起去奔走這條道路
[00:42:14.340 --> 00:42:19.340]  我們一起去祈禱
[00:42:19.340 --> 00:42:22.260]  恩愛的阿爸父
[00:42:22.260 --> 00:42:28.460]  我們知道祢很想我們去奔走這條天國的道路
[00:42:28.460 --> 00:42:31.060]  祢很想我們去仰望祢
[00:42:31.060 --> 00:42:33.500]  但當我們看見災難的時候
[00:42:33.500 --> 00:42:35.940]  我們很容易去懼怕
[00:42:35.940 --> 00:42:39.380]  很容易去失落
[00:42:39.380 --> 00:42:41.660]  很容易害怕
[00:42:41.660 --> 00:42:44.660]  求主去兼顧我們的信心
[00:42:44.660 --> 00:42:46.700]  無論什麼境況
[00:42:46.700 --> 00:42:48.860]  讓我們都能夠仰望
[00:42:48.860 --> 00:42:53.540]  為我們順心創始成中的耶穌
[00:42:53.540 --> 00:42:58.060]  求主去給我們先嘗主恩的滋味
[00:42:58.060 --> 00:43:01.780]  我們如果沒有嘗過主恩的滋味的時候
[00:43:01.780 --> 00:43:06.060]  我們就不能體驗到這份愛是多麼的大
[00:43:06.060 --> 00:43:08.700]  求主去進到我們的心裡
[00:43:08.700 --> 00:43:11.500]  讓我們看見神的恩典
[00:43:11.500 --> 00:43:14.540]  讓我們嘗到神的恩典
[00:43:14.540 --> 00:43:17.940]  讓我們看見世界上雖然有很多的災難
[00:43:17.940 --> 00:43:21.540]  但祢的愛從來沒有離開我們
[00:43:21.540 --> 00:43:25.060]  讓我們懂得去投靠祢
[00:43:25.060 --> 00:43:27.900]  讓我們知道祢是美善的
[00:43:27.900 --> 00:43:30.180]  如你在聖經裡說過
[00:43:30.180 --> 00:43:33.020]  我們要先嘗嘗主恩的滋味
[00:43:33.020 --> 00:43:35.180]  便知道主祢是美善的
[00:43:35.180 --> 00:43:37.700]  投靠祢的人是有福的
[00:43:37.700 --> 00:43:40.220]  當我們活在這個混亂的世代的時候
[00:43:40.220 --> 00:43:43.460]  我們最有福的事情是投靠祢
[00:43:43.460 --> 00:43:46.700]  很多事情在我們的掌控之下
[00:43:46.700 --> 00:43:49.980]  雖然我們很想去掌管
[00:43:49.980 --> 00:43:53.140]  但我們不知道明天是怎樣
[00:43:53.140 --> 00:43:55.580]  唯有神祢知道
[00:43:55.580 --> 00:43:59.740]  讓我們都可以上傳忍耐的心
[00:43:59.740 --> 00:44:01.820]  願意去盡力奔走
[00:44:01.820 --> 00:44:04.460]  擺在我們前面的路程
[00:44:04.460 --> 00:44:07.300]  積極的向我們家人去傳福音
[00:44:07.300 --> 00:44:08.980]  以示我們可以活出愛
[00:44:08.980 --> 00:44:11.420]  去吸引更多人去跪向祢
[00:44:11.420 --> 00:44:12.980]  求主來帶領我們
[00:44:12.980 --> 00:44:14.100]  多謝您聽我們祈禱
[00:44:14.100 --> 00:44:16.220]  奉主耶穌的獨特性的名祈求
[00:44:16.220 --> 00:44:17.060]  大家好
