
[00:00:00.000 --> 00:00:02.000]  弟兄姊妹平安
[00:00:02.000 --> 00:00:04.000]  每一次回到靈亮堂
[00:00:04.000 --> 00:00:06.000]  就真的好像回到娘家一樣
[00:00:06.000 --> 00:00:08.000]  非常非常高興
[00:00:08.000 --> 00:00:10.000]  見到有很多熟悉的面孔
[00:00:10.000 --> 00:00:12.000]  我今天要和你們說的是
[00:00:12.000 --> 00:00:14.000]  哥林多前書的
[00:00:14.000 --> 00:00:16.000]  一至四章
[00:00:16.000 --> 00:00:18.000]  稍後你們會看到
[00:00:18.000 --> 00:00:20.000]  為甚麼呢
[00:00:20.000 --> 00:00:22.000]  因為是一個單元
[00:00:22.000 --> 00:00:24.000]  我會解釋為甚麼
[00:00:24.000 --> 00:00:26.000]  我給他的題目是
[00:00:26.000 --> 00:00:28.000]  為何基督徒知道真理
[00:00:28.000 --> 00:00:30.000]  卻做不到
[00:00:30.000 --> 00:00:32.000]  就好像我們每個基督徒
[00:00:32.000 --> 00:00:34.000]  都是一樣
[00:00:34.000 --> 00:00:36.000]  我們都知道真理
[00:00:36.000 --> 00:00:38.000]  很多時候我們做不到
[00:00:38.000 --> 00:00:40.000]  為甚麼呢
[00:00:40.000 --> 00:00:42.000]  我們都有神的話語在我們手上
[00:00:42.000 --> 00:00:44.000]  有聖經
[00:00:44.000 --> 00:00:46.000]  我們還有聖靈在我們身上
[00:00:46.000 --> 00:00:48.000]  帶領引導我們
[00:00:48.000 --> 00:00:50.000]  但很多時候我們都做不到
[00:00:50.000 --> 00:00:52.000]  不能夠蒙神喜悅
[00:00:52.000 --> 00:00:54.000]  究竟為甚麼呢
[00:00:54.000 --> 00:00:56.000]  其實就是
[00:00:56.000 --> 00:00:58.000]  有兩個主要的原因
[00:00:58.000 --> 00:01:00.000]  就是有外在
[00:01:00.000 --> 00:01:02.000]  和內在的原因
[00:01:02.000 --> 00:01:04.000]  外在是甚麼原因呢
[00:01:04.000 --> 00:01:06.000]  外在就是
[00:01:06.000 --> 00:01:08.000]  這個花花的世界
[00:01:08.000 --> 00:01:10.000]  我們每一個人
[00:01:10.000 --> 00:01:12.000]  我們每一個人
[00:01:12.000 --> 00:01:14.000]  每一個基督徒
[00:01:14.000 --> 00:01:16.000]  就好像一條三文魚
[00:01:16.000 --> 00:01:18.000]  在這裡生產的季節
[00:01:18.000 --> 00:01:20.000]  就會在河裡逆流而上
[00:01:20.000 --> 00:01:22.000]  這樣游上去
[00:01:22.000 --> 00:01:24.000]  當我們在游的時候
[00:01:24.000 --> 00:01:26.000]  見到有很多
[00:01:26.000 --> 00:01:28.000]  俗世的人
[00:01:28.000 --> 00:01:30.000]  會怎樣呢
[00:01:30.000 --> 00:01:32.000]  順流而下
[00:01:32.000 --> 00:01:34.000]  像滑水梯一樣
[00:01:34.000 --> 00:01:36.000]  很好玩
[00:01:36.000 --> 00:01:38.000]  我們也很想像他們一樣
[00:01:38.000 --> 00:01:40.000]  但我們不行
[00:01:40.000 --> 00:01:42.000]  我們要逆流而上
[00:01:42.000 --> 00:01:44.000]  我們也很想像他們一樣
[00:01:44.000 --> 00:01:46.000]  順流而下
[00:01:46.000 --> 00:01:48.000]  做一些隨心所欲的事
[00:01:48.000 --> 00:01:50.000]  但我們不能夠
[00:01:50.000 --> 00:01:52.000]  另外內在的原因
[00:01:52.000 --> 00:01:54.000]  我們的靈魂被救贖
[00:01:54.000 --> 00:01:56.000]  但我們的身體還沒被救贖
[00:01:56.000 --> 00:01:58.000]  我們仍然有罪性
[00:01:58.000 --> 00:02:00.000]  在我們的身體裡
[00:02:00.000 --> 00:02:02.000]  我們仍然會犯罪
[00:02:02.000 --> 00:02:04.000]  記不記得保羅在羅馬書第七章
[00:02:04.000 --> 00:02:06.000]  他怎麼說
[00:02:06.000 --> 00:02:08.000]  故此我所願意的善
[00:02:08.000 --> 00:02:10.000]  我反不作
[00:02:10.000 --> 00:02:12.000]  我所不願意的惡
[00:02:12.000 --> 00:02:14.000]  我倒去作
[00:02:14.000 --> 00:02:16.000]  若我去作所不願意作的
[00:02:16.000 --> 00:02:18.000]  就不是我作的
[00:02:18.000 --> 00:02:20.000]  乃是在我裡頭的罪作的
[00:02:20.000 --> 00:02:22.000]  保羅不是推卸責任
[00:02:22.000 --> 00:02:24.000]  他不是說不關我的事
[00:02:24.000 --> 00:02:26.000]  是罪
[00:02:26.000 --> 00:02:28.000]  他是意識到
[00:02:28.000 --> 00:02:30.000]  他的肉身
[00:02:30.000 --> 00:02:32.000]  他的身體仍然有罪性
[00:02:32.000 --> 00:02:34.000]  他仍然會犯罪
[00:02:34.000 --> 00:02:36.000]  這就是
[00:02:36.000 --> 00:02:38.000]  外在和內在的問題
[00:02:38.000 --> 00:02:40.000]  而撒旦
[00:02:40.000 --> 00:02:42.000]  時時用這兩方面
[00:02:42.000 --> 00:02:44.000]  來攻擊我們
[00:02:44.000 --> 00:02:46.000]  花花世界的引誘
[00:02:46.000 --> 00:02:48.000]  內心我們仍然有
[00:02:48.000 --> 00:02:50.000]  罪的傾向
[00:02:50.000 --> 00:02:52.000]  而且撒旦會用
[00:02:52.000 --> 00:02:54.000]  花花世界的物質
[00:02:54.000 --> 00:02:56.000]  來引誘我們
[00:02:56.000 --> 00:02:58.000]  以致我們會犯罪
[00:02:58.000 --> 00:03:00.000]  所以
[00:03:00.000 --> 00:03:02.000]  在一個基督徒的身上
[00:03:02.000 --> 00:03:04.000]  時時都有鬥爭
[00:03:04.000 --> 00:03:06.000]  有什麼鬥爭?
[00:03:06.000 --> 00:03:08.000]  聖靈和肉體的鬥爭
[00:03:08.000 --> 00:03:10.000]  就好像在迦拉泰書第五章
[00:03:10.000 --> 00:03:12.000]  羅馬書第七章
[00:03:12.000 --> 00:03:14.000]  都有說
[00:03:14.000 --> 00:03:16.000]  聖靈和我們的肉體
[00:03:16.000 --> 00:03:18.000]  不斷有爭鬥
[00:03:18.000 --> 00:03:20.000]  有戰役
[00:03:20.000 --> 00:03:22.000]  小的戰役
[00:03:22.000 --> 00:03:24.000]  但不要說
[00:03:24.000 --> 00:03:26.000]  為了這些小的戰役
[00:03:26.000 --> 00:03:28.000]  而失去了我們的注意
[00:03:28.000 --> 00:03:30.000]  就是整個戰爭
[00:03:30.000 --> 00:03:32.000]  我們要勝利
[00:03:32.000 --> 00:03:34.000]  就像保羅說
[00:03:34.000 --> 00:03:36.000]  到最後我守住了我守的道
[00:03:36.000 --> 00:03:38.000]  行了我應行的道路
[00:03:38.000 --> 00:03:40.000]  在我們
[00:03:40.000 --> 00:03:42.000]  屬靈的生命可能有些小的戰役
[00:03:42.000 --> 00:03:44.000]  我們會輸
[00:03:44.000 --> 00:03:46.000]  但最重要的是
[00:03:46.000 --> 00:03:48.000]  行完這條路
[00:03:48.000 --> 00:03:50.000]  贏得最後的戰爭
[00:03:50.000 --> 00:03:52.000]  哥林波教會
[00:03:52.000 --> 00:03:54.000]  其實他們
[00:03:54.000 --> 00:03:56.000]  真的很軟弱
[00:03:56.000 --> 00:03:58.000]  外在沒有辦法
[00:03:58.000 --> 00:04:00.000]  抵抗這個世界的引誘
[00:04:00.000 --> 00:04:02.000]  內在也沒有辦法
[00:04:02.000 --> 00:04:04.000]  對抗他們的肉體
[00:04:04.000 --> 00:04:06.000]  所以他們向世界
[00:04:06.000 --> 00:04:08.000]  來妥協
[00:04:08.000 --> 00:04:10.000]  他們是向肉體屈服
[00:04:10.000 --> 00:04:12.000]  以致他們犯了各樣的罪
[00:04:12.000 --> 00:04:14.000]  如果你留意
[00:04:14.000 --> 00:04:16.000]  在哥林多前書
[00:04:16.000 --> 00:04:18.000]  全部都是神
[00:04:18.000 --> 00:04:20.000]  都是保羅替他們
[00:04:20.000 --> 00:04:22.000]  解決一個又一個
[00:04:22.000 --> 00:04:24.000]  有關罪的問題
[00:04:24.000 --> 00:04:26.000]  由1至16章都是這樣
[00:04:26.000 --> 00:04:28.000]  整個哥林多前書都是這樣
[00:04:28.000 --> 00:04:30.000]  那你說
[00:04:30.000 --> 00:04:32.000]  哥林多教會
[00:04:32.000 --> 00:04:34.000]  有什麼外在的問題
[00:04:34.000 --> 00:04:36.000]  他們與俗世為友
[00:04:36.000 --> 00:04:38.000]  很多時候
[00:04:38.000 --> 00:04:40.000]  我們認為什麼叫
[00:04:40.000 --> 00:04:42.000]  與俗世為友
[00:04:42.000 --> 00:04:44.000]  有空打兩圈衛生麻將
[00:04:44.000 --> 00:04:46.000]  晚上喝兩杯紅酒
[00:04:46.000 --> 00:04:48.000]  有人說
[00:04:48.000 --> 00:04:50.000]  你與俗世為友
[00:04:50.000 --> 00:04:52.000]  不是
[00:04:52.000 --> 00:04:54.000]  與俗世為友
[00:04:54.000 --> 00:04:56.000]  是接受了世俗的思想
[00:04:56.000 --> 00:04:58.000]  哥林多教會就是這樣
[00:04:58.000 --> 00:05:00.000]  他們其實是一個
[00:05:00.000 --> 00:05:02.000]  很繁榮的一個港口
[00:05:02.000 --> 00:05:04.000]  很多船隻都要停泊在那裡
[00:05:04.000 --> 00:05:06.000]  做生意有很多商人都去到
[00:05:06.000 --> 00:05:08.000]  有些商人
[00:05:08.000 --> 00:05:10.000]  有不同的俗世的思想
[00:05:10.000 --> 00:05:12.000]  帶著不同的宗教
[00:05:12.000 --> 00:05:14.000]  就好像一個melting pot一樣
[00:05:14.000 --> 00:05:16.000]  有齊
[00:05:16.000 --> 00:05:18.000]  所有各地的思想
[00:05:18.000 --> 00:05:20.000]  信仰
[00:05:20.000 --> 00:05:22.000]  還有他們距離雅典
[00:05:22.000 --> 00:05:24.000]  只不過是45里
[00:05:24.000 --> 00:05:26.000]  很接近
[00:05:26.000 --> 00:05:28.000]  雅典就是一個充滿了
[00:05:28.000 --> 00:05:30.000]  哲學思想的地方
[00:05:30.000 --> 00:05:32.000]  什麼是哲學思想
[00:05:32.000 --> 00:05:34.000]  不是神學
[00:05:34.000 --> 00:05:36.000]  是人的學說
[00:05:36.000 --> 00:05:38.000]  其實是哲學
[00:05:38.000 --> 00:05:40.000]  所以保羅在哥林多前書的第一章
[00:05:40.000 --> 00:05:42.000]  是罵這些人
[00:05:42.000 --> 00:05:44.000]  這些人不要這樣做
[00:05:44.000 --> 00:05:46.000]  還有他們那裡有一間廟
[00:05:46.000 --> 00:05:48.000]  叫做
[00:05:48.000 --> 00:05:50.000]  阿佛洛迪基廟
[00:05:50.000 --> 00:05:52.000]  阿佛洛迪基廟
[00:05:52.000 --> 00:05:54.000]  阿佛洛迪基廟
[00:05:54.000 --> 00:05:56.000]  在這個廟裡面
[00:05:56.000 --> 00:05:58.000]  就是敬拜一個希臘的女神
[00:05:58.000 --> 00:06:00.000]  當他們敬拜這個女神的時候
[00:06:00.000 --> 00:06:02.000]  就會和廟祭行淫
[00:06:02.000 --> 00:06:04.000]  非常非常亂七八糟
[00:06:04.000 --> 00:06:06.000]  其實
[00:06:06.000 --> 00:06:08.000]  哥林多不是一個好的名字
[00:06:08.000 --> 00:06:10.000]  如果在古時
[00:06:10.000 --> 00:06:12.000]  你被人叫做哥林多
[00:06:12.000 --> 00:06:14.000]  就是說你濫交
[00:06:14.000 --> 00:06:16.000]  甚至說你可能是一個妓女
[00:06:16.000 --> 00:06:18.000]  或者妓男
[00:06:18.000 --> 00:06:20.000]  這樣就叫你做哥林多
[00:06:20.000 --> 00:06:22.000]  所以哥林多是有很多外在的問題
[00:06:22.000 --> 00:06:24.000]  那你說
[00:06:24.000 --> 00:06:26.000]  內在的問題呢
[00:06:26.000 --> 00:06:28.000]  保羅說他們不明白十字架的道理
[00:06:28.000 --> 00:06:30.000]  我們等一下就會看到
[00:06:30.000 --> 00:06:32.000]  哥林多前書的一章
[00:06:32.000 --> 00:06:34.000]  十七節到二章
[00:06:34.000 --> 00:06:36.000]  十六節
[00:06:36.000 --> 00:06:38.000]  而在書第三章
[00:06:38.000 --> 00:06:40.000]  保羅罵他們
[00:06:40.000 --> 00:06:42.000]  你們根本是屬肉體的
[00:06:42.000 --> 00:06:44.000]  你們不是屬靈的
[00:06:44.000 --> 00:06:46.000]  屬肉體的人有什麼特徵呢?
[00:06:46.000 --> 00:06:48.000]  就是他們是自私自利
[00:06:48.000 --> 00:06:50.000]  他們在教會裡面搞分裂
[00:06:50.000 --> 00:06:52.000]  屬肉體的人怎麼說呢?
[00:06:52.000 --> 00:06:54.000]  我不注重
[00:06:54.000 --> 00:06:56.000]  神叫我做什麼
[00:06:56.000 --> 00:06:58.000]  最重要的是我自己要做什麼
[00:06:58.000 --> 00:07:00.000]  我就去做
[00:07:00.000 --> 00:07:02.000]  屬肉體的人
[00:07:02.000 --> 00:07:04.000]  記不記得我剛才說
[00:07:04.000 --> 00:07:06.000]  一至四章
[00:07:06.000 --> 00:07:08.000]  都是一個單元
[00:07:08.000 --> 00:07:10.000]  其實這裡有一個首尾結構
[00:07:10.000 --> 00:07:12.000]  第一章說到
[00:07:12.000 --> 00:07:14.000]  哥林多教會的分裂
[00:07:14.000 --> 00:07:16.000]  第三和第四章
[00:07:16.000 --> 00:07:18.000]  又重複說哥林多教會的分裂
[00:07:18.000 --> 00:07:20.000]  而且話語
[00:07:20.000 --> 00:07:22.000]  很相似
[00:07:22.000 --> 00:07:24.000]  如果你看哥林多前書的一章
[00:07:24.000 --> 00:07:26.000]  十二節
[00:07:26.000 --> 00:07:28.000]  哥林多教會的人說
[00:07:28.000 --> 00:07:30.000]  我是屬保羅的
[00:07:30.000 --> 00:07:32.000]  我是屬基法的
[00:07:32.000 --> 00:07:34.000]  又有人說我是屬阿波羅的
[00:07:34.000 --> 00:07:36.000]  去到哥林多前書的
[00:07:36.000 --> 00:07:38.000]  三章四節
[00:07:38.000 --> 00:07:40.000]  很相似的話語
[00:07:40.000 --> 00:07:42.000]  又有人說我是屬保羅的
[00:07:42.000 --> 00:07:44.000]  我是屬基法的
[00:07:44.000 --> 00:07:46.000]  我是屬阿波羅的
[00:07:46.000 --> 00:07:48.000]  有沒有看到前面和後面
[00:07:48.000 --> 00:07:50.000]  有一個對偶
[00:07:50.000 --> 00:07:52.000]  這個就是首尾對偶
[00:07:52.000 --> 00:07:54.000]  而最重要的地方就是
[00:07:54.000 --> 00:07:56.000]  在哥林多前書的
[00:07:56.000 --> 00:07:58.000]  一章十七至到二章十六節
[00:07:58.000 --> 00:08:00.000]  保羅說你們不明白
[00:08:00.000 --> 00:08:02.000]  十字架的道理
[00:08:02.000 --> 00:08:04.000]  所以你們都是屬肉體
[00:08:04.000 --> 00:08:06.000]  你們都是屬血氣
[00:08:06.000 --> 00:08:08.000]  很可惜我今天沒有時間
[00:08:08.000 --> 00:08:10.000]  和你們說十字架的道理
[00:08:10.000 --> 00:08:12.000]  就是哥林多前書的
[00:08:12.000 --> 00:08:14.000]  一章十七至到二章十六
[00:08:14.000 --> 00:08:16.000]  但我就會說
[00:08:16.000 --> 00:08:18.000]  為什麼基督徒
[00:08:18.000 --> 00:08:20.000]  時時都會明明知道真理
[00:08:20.000 --> 00:08:22.000]  但是做不到
[00:08:24.000 --> 00:08:26.000]  保羅可能
[00:08:26.000 --> 00:08:28.000]  和路加醫生在一起太久
[00:08:28.000 --> 00:08:30.000]  所以他學了
[00:08:30.000 --> 00:08:32.000]  路加醫生
[00:08:32.000 --> 00:08:34.000]  路加是一個醫生
[00:08:34.000 --> 00:08:36.000]  醫生會做什麼?
[00:08:36.000 --> 00:08:38.000]  診斷病人
[00:08:38.000 --> 00:08:40.000]  保羅也學會了
[00:08:40.000 --> 00:08:42.000]  在《使徒行傳》的
[00:08:42.000 --> 00:08:44.000]  二十五章第二十一節
[00:08:44.000 --> 00:08:46.000]  保羅用了
[00:08:46.000 --> 00:08:48.000]  診斷這個字
[00:08:48.000 --> 00:08:50.000]  英文就是Diagnosis
[00:08:50.000 --> 00:08:52.000]  希臘文
[00:08:52.000 --> 00:08:54.000]  就是Diagnosis
[00:08:54.000 --> 00:08:56.000]  Diagnosis
[00:08:56.000 --> 00:08:58.000]  是什麼意思?
[00:08:58.000 --> 00:09:00.000]  Diagnosis就是
[00:09:00.000 --> 00:09:02.000]  透過
[00:09:02.000 --> 00:09:04.000]  就是知識
[00:09:04.000 --> 00:09:06.000]  透過知識
[00:09:06.000 --> 00:09:08.000]  透過病情
[00:09:08.000 --> 00:09:10.000]  透過病徵
[00:09:10.000 --> 00:09:12.000]  能夠診斷出這個人有什麼問題
[00:09:12.000 --> 00:09:14.000]  所以
[00:09:14.000 --> 00:09:16.000]  我今天和大家說的這篇道
[00:09:16.000 --> 00:09:18.000]  一共有三點
[00:09:18.000 --> 00:09:20.000]  第一點保羅說
[00:09:20.000 --> 00:09:22.000]  病因是什麼
[00:09:22.000 --> 00:09:24.000]  為什麼你們會這樣
[00:09:24.000 --> 00:09:26.000]  第二你們的病徵是怎樣
[00:09:26.000 --> 00:09:28.000]  因為你有這些病
[00:09:28.000 --> 00:09:30.000]  所以你有很多病徵
[00:09:30.000 --> 00:09:32.000]  還有第三點
[00:09:32.000 --> 00:09:34.000]  保羅也是讓他們知道
[00:09:34.000 --> 00:09:36.000]  應該怎樣來醫治
[00:09:36.000 --> 00:09:38.000]  所以我先說第一點
[00:09:38.000 --> 00:09:40.000]  就是病因
[00:09:40.000 --> 00:09:42.000]  我剛才說
[00:09:42.000 --> 00:09:44.000]  哥倫多教會外在有很多問題
[00:09:44.000 --> 00:09:46.000]  內在
[00:09:46.000 --> 00:09:48.000]  在哥倫多前書的三章一節
[00:09:48.000 --> 00:09:50.000]  保羅說
[00:09:50.000 --> 00:09:52.000]  不能把你們當作屬靈的
[00:09:52.000 --> 00:09:54.000]  只能把你們當作屬肉體
[00:09:54.000 --> 00:09:56.000]  在基督裡
[00:09:56.000 --> 00:09:58.000]  為嬰孩的
[00:09:58.000 --> 00:10:00.000]  保羅說
[00:10:00.000 --> 00:10:02.000]  不單止
[00:10:02.000 --> 00:10:04.000]  你們受到外在
[00:10:04.000 --> 00:10:06.000]  花花世界的影響
[00:10:06.000 --> 00:10:08.000]  你們內裡也是軟弱的
[00:10:08.000 --> 00:10:10.000]  注意
[00:10:10.000 --> 00:10:12.000]  保羅在哥倫多前書的
[00:10:12.000 --> 00:10:14.000]  三章一節
[00:10:14.000 --> 00:10:16.000]  叫哥倫多教會的人做弟兄
[00:10:16.000 --> 00:10:18.000]  這點很重要
[00:10:18.000 --> 00:10:20.000]  弟兄是一個很充滿
[00:10:20.000 --> 00:10:22.000]  愛和充滿感情的
[00:10:22.000 --> 00:10:24.000]  一個名稱
[00:10:24.000 --> 00:10:26.000]  保羅是用同等的地位
[00:10:26.000 --> 00:10:28.000]  跟他們說話
[00:10:28.000 --> 00:10:30.000]  其實保羅不需要這樣
[00:10:30.000 --> 00:10:32.000]  哥倫多教會是他建立的
[00:10:32.000 --> 00:10:34.000]  保羅是他們的
[00:10:34.000 --> 00:10:36.000]  老師
[00:10:36.000 --> 00:10:38.000]  但保羅是用平等的地位
[00:10:38.000 --> 00:10:40.000]  來跟他們說話
[00:10:40.000 --> 00:10:42.000]  保羅說什麼
[00:10:42.000 --> 00:10:44.000]  我不能夠
[00:10:44.000 --> 00:10:46.000]  當你們是屬靈的人
[00:10:46.000 --> 00:10:48.000]  我只能夠當你們是屬肉體
[00:10:48.000 --> 00:10:50.000]  屬血氣
[00:10:50.000 --> 00:10:52.000]  屬靈什麼意思?
[00:10:52.000 --> 00:10:54.000]  靈字
[00:10:54.000 --> 00:10:56.000]  是很重要
[00:10:56.000 --> 00:10:58.000]  可以解釋為
[00:10:58.000 --> 00:11:00.000]  靈界,可以解釋為聖靈
[00:11:00.000 --> 00:11:02.000]  也可以解釋為邪靈
[00:11:02.000 --> 00:11:04.000]  但是我們
[00:11:04.000 --> 00:11:06.000]  說一個人屬靈
[00:11:06.000 --> 00:11:08.000]  什麼意思?
[00:11:08.000 --> 00:11:10.000]  很多時候我們說
[00:11:10.000 --> 00:11:12.000]  有個基督徒很屬靈
[00:11:12.000 --> 00:11:14.000]  他不是屬血氣
[00:11:14.000 --> 00:11:16.000]  他不是屬肉體
[00:11:16.000 --> 00:11:18.000]  甚至這個基督徒
[00:11:18.000 --> 00:11:20.000]  時時被聖靈充滿
[00:11:20.000 --> 00:11:22.000]  但我們來看看
[00:11:22.000 --> 00:11:24.000]  保羅在用字上
[00:11:24.000 --> 00:11:26.000]  他是怎樣用字的?
[00:11:26.000 --> 00:11:28.000]  他用屬靈
[00:11:28.000 --> 00:11:30.000]  是哪個字?
[00:11:30.000 --> 00:11:32.000]  Numatikos
[00:11:32.000 --> 00:11:34.000]  逢親在希臘文
[00:11:34.000 --> 00:11:36.000]  Ekos就是你被那樣東西
[00:11:36.000 --> 00:11:38.000]  來控制
[00:11:38.000 --> 00:11:40.000]  Numa是什麼?
[00:11:40.000 --> 00:11:42.000]  聖靈
[00:11:42.000 --> 00:11:44.000]  Numatikos就是一個
[00:11:44.000 --> 00:11:46.000]  被聖靈
[00:11:46.000 --> 00:11:48.000]  控制
[00:11:48.000 --> 00:11:50.000]  被聖靈帶領的人
[00:11:50.000 --> 00:11:52.000]  這個就是一個屬靈的人
[00:11:52.000 --> 00:11:54.000]  一個真正的基督徒
[00:11:54.000 --> 00:11:56.000]  是一個屬靈的人
[00:11:56.000 --> 00:11:58.000]  我可以告訴你
[00:11:58.000 --> 00:12:00.000]  沒有基督徒不是屬靈
[00:12:00.000 --> 00:12:02.000]  每一個基督徒
[00:12:02.000 --> 00:12:04.000]  都應該被聖靈控制
[00:12:04.000 --> 00:12:06.000]  這個就是保羅告訴我們
[00:12:06.000 --> 00:12:08.000]  在哥倫多
[00:12:08.000 --> 00:12:10.000]  前書2章14節
[00:12:10.000 --> 00:12:12.000]  保羅說
[00:12:12.000 --> 00:12:14.000]  賢義屬血氣的人
[00:12:14.000 --> 00:12:16.000]  不領會神聖靈的事
[00:12:16.000 --> 00:12:18.000]  什麼和屬靈
[00:12:18.000 --> 00:12:20.000]  是相反的?
[00:12:20.000 --> 00:12:22.000]  什麼和屬靈
[00:12:22.000 --> 00:12:24.000]  是相反的?
[00:12:24.000 --> 00:12:26.000]  屬血氣
[00:12:26.000 --> 00:12:28.000]  保羅說屬血氣的人不能夠明白
[00:12:28.000 --> 00:12:30.000]  聖靈的事
[00:12:30.000 --> 00:12:32.000]  不能夠明白聖經裡面的事
[00:12:32.000 --> 00:12:34.000]  不能夠明白神的話語
[00:12:34.000 --> 00:12:36.000]  所以我們看到
[00:12:36.000 --> 00:12:38.000]  屬靈的人和屬血氣
[00:12:38.000 --> 00:12:40.000]  就是相反
[00:12:40.000 --> 00:12:42.000]  屬靈的人就是一個基督徒
[00:12:42.000 --> 00:12:44.000]  屬血氣呢?
[00:12:44.000 --> 00:12:46.000]  是一個非基督徒
[00:12:46.000 --> 00:12:48.000]  保羅用什麼字?
[00:12:48.000 --> 00:12:50.000]  Sukikos
[00:12:50.000 --> 00:12:52.000]  又是Ekos
[00:12:52.000 --> 00:12:54.000]  又是被一樣東西來控制
[00:12:54.000 --> 00:12:56.000]  這是什麼?
[00:12:56.000 --> 00:12:58.000]  是你的Suki
[00:12:58.000 --> 00:13:00.000]  是你的靈魂
[00:13:00.000 --> 00:13:02.000]  所以一個屬靈的人是怎樣?
[00:13:02.000 --> 00:13:04.000]  是被聖靈來控制
[00:13:04.000 --> 00:13:06.000]  能夠明白聖靈裡面的事
[00:13:06.000 --> 00:13:08.000]  能夠明白聖靈裡面的事
[00:13:08.000 --> 00:13:10.000]  一個屬血氣或屬肉體的人
[00:13:10.000 --> 00:13:12.000]  一個屬血氣或屬肉體的人
[00:13:12.000 --> 00:13:14.000]  不能夠明白聖靈的事
[00:13:14.000 --> 00:13:16.000]  他是被自己的靈魂來控制
[00:13:16.000 --> 00:13:18.000]  他是被自己的靈魂來控制
[00:13:18.000 --> 00:13:20.000]  自把自為
[00:13:20.000 --> 00:13:22.000]  他喜歡怎樣做就怎樣做
[00:13:22.000 --> 00:13:24.000]  這就是不同的地方
[00:13:24.000 --> 00:13:26.000]  在哥倫多前書的二章十五節
[00:13:26.000 --> 00:13:28.000]  在哥倫多前書的二章十五節
[00:13:28.000 --> 00:13:30.000]  保羅說屬靈的人能看透萬事
[00:13:30.000 --> 00:13:32.000]  保羅說屬靈的人能看透萬事
[00:13:32.000 --> 00:13:34.000]  你說看透萬事?
[00:13:34.000 --> 00:13:36.000]  這個一定是一個特別的基督徒
[00:13:36.000 --> 00:13:38.000]  這個一定是一個特別的基督徒
[00:13:38.000 --> 00:13:40.000]  不是的
[00:13:40.000 --> 00:13:42.000]  保羅的寫作裡面
[00:13:42.000 --> 00:13:44.000]  屬靈和屬血氣
[00:13:44.000 --> 00:13:46.000]  屬肉體
[00:13:46.000 --> 00:13:48.000]  不是說一個好基督徒和一個壞基督徒的分別
[00:13:48.000 --> 00:13:50.000]  不是說一個好基督徒和一個壞基督徒的分別
[00:13:50.000 --> 00:13:52.000]  不是一個成熟的基督徒和一個不成熟的基督徒的分別
[00:13:52.000 --> 00:13:54.000]  不是一個成熟的基督徒和一個不成熟的基督徒的分別
[00:13:54.000 --> 00:13:56.000]  而是什麼分別呢?
[00:13:56.000 --> 00:13:58.000]  是一個基督徒和一個非基督徒的分別
[00:13:58.000 --> 00:14:00.000]  是一個基督徒和一個非基督徒的分別
[00:14:00.000 --> 00:14:02.000]  屬靈是基督徒
[00:14:02.000 --> 00:14:04.000]  屬血氣屬肉體是非基督徒
[00:14:04.000 --> 00:14:06.000]  屬血氣屬肉體是非基督徒
[00:14:06.000 --> 00:14:08.000]  我們每一個基督徒在得救之前
[00:14:08.000 --> 00:14:10.000]  我們每一個基督徒在得救之前
[00:14:10.000 --> 00:14:12.000]  都是屬肉體
[00:14:12.000 --> 00:14:14.000]  都是被我們自己的靈魂來控制
[00:14:14.000 --> 00:14:16.000]  都是被我們自己的靈魂來控制
[00:14:16.000 --> 00:14:18.000]  但是當成為基督徒之後
[00:14:18.000 --> 00:14:20.000]  我們是被聖靈來控制
[00:14:20.000 --> 00:14:22.000]  我們是被聖靈來控制
[00:14:22.000 --> 00:14:24.000]  而且剛才哥倫多前書的2章14-15節
[00:14:24.000 --> 00:14:26.000]  而且剛才哥倫多前書的2章14-15節
[00:14:26.000 --> 00:14:28.000]  說我們能夠明白聖靈的事
[00:14:28.000 --> 00:14:30.000]  說我們能夠明白聖靈的事
[00:14:30.000 --> 00:14:32.000]  能夠明白神的話語
[00:14:32.000 --> 00:14:34.000]  你有沒有發覺
[00:14:34.000 --> 00:14:36.000]  你成為基督徒之前
[00:14:36.000 --> 00:14:38.000]  說不定你也有讀聖經
[00:14:38.000 --> 00:14:40.000]  但當時你明白嗎?
[00:14:40.000 --> 00:14:42.000]  不能夠明白
[00:14:42.000 --> 00:14:44.000]  但很奇怪
[00:14:44.000 --> 00:14:46.000]  當你成為基督徒之後
[00:14:46.000 --> 00:14:48.000]  你讀聖經
[00:14:48.000 --> 00:14:50.000]  突然有個亮光
[00:14:50.000 --> 00:14:52.000]  你能夠明白
[00:14:52.000 --> 00:14:54.000]  這就是聖靈的光照
[00:14:54.000 --> 00:14:56.000]  在《述語聖經》裏面
[00:14:56.000 --> 00:14:58.000]  是有一樣東西
[00:14:58.000 --> 00:15:00.000]  就是
[00:15:00.000 --> 00:15:02.000]  保羅提醒
[00:15:02.000 --> 00:15:04.000]  哥倫多教會
[00:15:04.000 --> 00:15:06.000]  信徒有關他們的身份
[00:15:06.000 --> 00:15:08.000]  在哥倫多前書的
[00:15:08.000 --> 00:15:10.000]  第一章保羅已經提醒他們
[00:15:10.000 --> 00:15:12.000]  你們是信徒
[00:15:12.000 --> 00:15:14.000]  你看看
[00:15:14.000 --> 00:15:16.000]  在哥倫多前書2章6節
[00:15:16.000 --> 00:15:18.000]  保羅用什麼字
[00:15:18.000 --> 00:15:20.000]  信徒是Telios
[00:15:20.000 --> 00:15:22.000]  這個字
[00:15:22.000 --> 00:15:24.000]  Telios是什麼意思
[00:15:24.000 --> 00:15:26.000]  是一個完全的人
[00:15:26.000 --> 00:15:28.000]  原來我們基督徒
[00:15:28.000 --> 00:15:30.000]  是一個完全的人
[00:15:30.000 --> 00:15:32.000]  不是三分之一完全
[00:15:32.000 --> 00:15:34.000]  不是一半完全
[00:15:34.000 --> 00:15:36.000]  也不是三分之二完全
[00:15:36.000 --> 00:15:40.000]  而是一個完全的完全人
[00:15:40.000 --> 00:15:42.000]  這個就是基督徒
[00:15:42.000 --> 00:15:44.000]  所以世上只有兩種人
[00:15:44.000 --> 00:15:46.000]  屬靈的
[00:15:46.000 --> 00:15:48.000]  完全的基督徒
[00:15:48.000 --> 00:15:50.000]  和屬血氣屬肉體
[00:15:50.000 --> 00:15:52.000]  不完全的人
[00:15:52.000 --> 00:15:54.000]  只有兩種
[00:15:54.000 --> 00:15:56.000]  沒有第三種
[00:15:56.000 --> 00:15:58.000]  有人會問
[00:15:58.000 --> 00:16:00.000]  維穆斯
[00:16:00.000 --> 00:16:02.000]  如果我已經是完全了
[00:16:02.000 --> 00:16:04.000]  為什麼聖經和宗教
[00:16:04.000 --> 00:16:07.000]  要我們越來越像耶穌基督
[00:16:07.000 --> 00:16:09.000]  如果我已經完全了
[00:16:09.000 --> 00:16:11.000]  我不需要我們
[00:16:11.000 --> 00:16:13.000]  越來越像耶穌基督
[00:16:13.000 --> 00:16:15.000]  越來越聖潔
[00:16:15.000 --> 00:16:17.000]  為什麼
[00:16:17.000 --> 00:16:19.000]  因為我說的完全
[00:16:19.000 --> 00:16:21.000]  是地位上的完全
[00:16:21.000 --> 00:16:23.000]  在神的面前
[00:16:23.000 --> 00:16:25.000]  見到我們每一個基督徒
[00:16:25.000 --> 00:16:27.000]  我們都是完全的人
[00:16:27.000 --> 00:16:29.000]  我們都是完全聖潔的人
[00:16:29.000 --> 00:16:31.000]  為什麼
[00:16:31.000 --> 00:16:33.000]  因為當我們接受耶穌基督的時候
[00:16:33.000 --> 00:16:35.000]  耶穌基督的意義就披在我們身上
[00:16:35.000 --> 00:16:37.000]  當神望見我們的時候
[00:16:37.000 --> 00:16:39.000]  他見不見到我們的罪
[00:16:39.000 --> 00:16:41.000]  他見不到
[00:16:41.000 --> 00:16:43.000]  他只見到他自己的愛子
[00:16:43.000 --> 00:16:45.000]  耶穌基督
[00:16:45.000 --> 00:16:47.000]  所以在地位上
[00:16:47.000 --> 00:16:49.000]  我們是一個百分之百完全的人
[00:16:49.000 --> 00:16:51.000]  但是在實踐上
[00:16:51.000 --> 00:16:53.000]  我們屬靈的程度
[00:16:53.000 --> 00:16:55.000]  和我們的地位差得遠
[00:16:55.000 --> 00:16:57.000]  所以我們要
[00:16:57.000 --> 00:16:59.000]  越來越像耶穌基督
[00:16:59.000 --> 00:17:01.000]  我們雖然得救了
[00:17:01.000 --> 00:17:03.000]  但我們仍然會犯罪
[00:17:03.000 --> 00:17:05.000]  我們不能夠時時都能夠
[00:17:05.000 --> 00:17:07.000]  活出應有的樣式
[00:17:07.000 --> 00:17:09.000]  在聖經裏面
[00:17:09.000 --> 00:17:11.000]  有一樣東西
[00:17:11.000 --> 00:17:13.000]  就是叫做「Already not yet」
[00:17:13.000 --> 00:17:15.000]  有些東西
[00:17:15.000 --> 00:17:17.000]  好像已經得到了
[00:17:17.000 --> 00:17:19.000]  好像還沒有得到
[00:17:19.000 --> 00:17:21.000]  這個完全就是這樣
[00:17:21.000 --> 00:17:23.000]  一方面我們都是完全的人
[00:17:23.000 --> 00:17:25.000]  在神的面前
[00:17:25.000 --> 00:17:27.000]  已經是一個完全的子民
[00:17:27.000 --> 00:17:29.000]  完全的兒女
[00:17:29.000 --> 00:17:31.000]  但是另一方面
[00:17:31.000 --> 00:17:33.000]  我們真正屬靈的程度
[00:17:33.000 --> 00:17:35.000]  真的不能夠
[00:17:35.000 --> 00:17:37.000]  及我們的地位
[00:17:37.000 --> 00:17:39.000]  所以我們需要改變
[00:17:39.000 --> 00:17:41.000]  在以弗所書的
[00:17:41.000 --> 00:17:43.000]  四章十三節
[00:17:43.000 --> 00:17:45.000]  保羅說
[00:17:45.000 --> 00:17:47.000]  我們要得以長成
[00:17:47.000 --> 00:17:49.000]  長大成人
[00:17:49.000 --> 00:17:51.000]  滿有基督長成的新娘
[00:17:51.000 --> 00:17:53.000]  這裏
[00:17:53.000 --> 00:17:55.000]  「長成」這個字
[00:17:55.000 --> 00:17:57.000]  又是Talios這個字
[00:17:57.000 --> 00:17:59.000]  我們要越來越長大成人
[00:17:59.000 --> 00:18:01.000]  好像耶穌基督的新娘
[00:18:01.000 --> 00:18:03.000]  好像耶穌基督一樣完美
[00:18:03.000 --> 00:18:05.000]  有沒有看到
[00:18:05.000 --> 00:18:07.000]  同一個字
[00:18:07.000 --> 00:18:09.000]  「Already not yet」
[00:18:09.000 --> 00:18:11.000]  有部分我們已經是完美了
[00:18:11.000 --> 00:18:13.000]  保羅稱他們為信徒
[00:18:13.000 --> 00:18:15.000]  我們要成長
[00:18:15.000 --> 00:18:17.000]  羅馬書的八章十四節
[00:18:17.000 --> 00:18:21.000]  凡地神的靈引導的
[00:18:21.000 --> 00:18:23.000]  都是神的兒子
[00:18:23.000 --> 00:18:25.000]  每一個神的兒女
[00:18:25.000 --> 00:18:27.000]  我們都會被聖靈
[00:18:27.000 --> 00:18:29.000]  來引導
[00:18:29.000 --> 00:18:31.000]  我們都會成長
[00:18:31.000 --> 00:18:33.000]  這一節的經文
[00:18:33.000 --> 00:18:35.000]  也令我想起另外一節的經文
[00:18:35.000 --> 00:18:37.000]  就是希伯來書的
[00:18:37.000 --> 00:18:39.000]  十二章第六節
[00:18:39.000 --> 00:18:41.000]  屈神所愛的兒女
[00:18:41.000 --> 00:18:43.000]  祂會怎樣?
[00:18:43.000 --> 00:18:45.000]  祂會管教
[00:18:45.000 --> 00:18:47.000]  有沒有看到兩節經文都講到神的兒女
[00:18:47.000 --> 00:18:49.000]  所以神的兒女
[00:18:49.000 --> 00:18:51.000]  聖靈一定會帶領
[00:18:51.000 --> 00:18:53.000]  幫助你能夠增長
[00:18:53.000 --> 00:18:55.000]  能夠改變
[00:18:55.000 --> 00:18:57.000]  越來越像耶穌基督
[00:18:57.000 --> 00:18:59.000]  但是當你不去長進
[00:18:59.000 --> 00:19:03.000]  希伯來書的十二章第六節
[00:19:03.000 --> 00:19:05.000]  神愛的兒女
[00:19:05.000 --> 00:19:07.000]  祂會管教
[00:19:07.000 --> 00:19:09.000]  所以如果你停留在
[00:19:09.000 --> 00:19:11.000]  某一個地區
[00:19:11.000 --> 00:19:13.000]  某一個地步
[00:19:13.000 --> 00:19:15.000]  你不去長進
[00:19:15.000 --> 00:19:17.000]  神的管教就會來臨
[00:19:17.000 --> 00:19:19.000]  有人說不是啊牧師
[00:19:19.000 --> 00:19:21.000]  我做了基督徒這麼久
[00:19:21.000 --> 00:19:23.000]  我一點都不長進
[00:19:23.000 --> 00:19:25.000]  多好啊
[00:19:25.000 --> 00:19:27.000]  神都不理我
[00:19:27.000 --> 00:19:29.000]  不是好事來的
[00:19:29.000 --> 00:19:31.000]  如果是這樣
[00:19:31.000 --> 00:19:33.000]  你真的要監察一下你自己的信心
[00:19:33.000 --> 00:19:35.000]  看看你自己是不是一個
[00:19:35.000 --> 00:19:37.000]  真正重新得救的人
[00:19:37.000 --> 00:19:39.000]  你一定會長進
[00:19:39.000 --> 00:19:41.000]  保羅怎麼說
[00:19:41.000 --> 00:19:43.000]  在三章一節
[00:19:43.000 --> 00:19:45.000]  我不能把你們當作
[00:19:45.000 --> 00:19:47.000]  屬靈的
[00:19:47.000 --> 00:19:49.000]  只能把你們當作屬肉體的
[00:19:49.000 --> 00:19:51.000]  什麼意思
[00:19:51.000 --> 00:19:53.000]  你看完三章三節
[00:19:53.000 --> 00:19:55.000]  這豈不是
[00:19:55.000 --> 00:19:57.000]  屬乎肉體
[00:19:57.000 --> 00:19:59.000]  照著世人的樣子行嗎
[00:19:59.000 --> 00:20:01.000]  屬肉體是什麼
[00:20:01.000 --> 00:20:03.000]  就好像世人一樣
[00:20:03.000 --> 00:20:05.000]  保羅說
[00:20:05.000 --> 00:20:07.000]  我根本不能當你們是基督徒
[00:20:07.000 --> 00:20:09.000]  我只能當你們是非基督徒
[00:20:09.000 --> 00:20:11.000]  屬肉體
[00:20:11.000 --> 00:20:13.000]  sax這個字
[00:20:13.000 --> 00:20:15.000]  或者sakikos這個字
[00:20:15.000 --> 00:20:17.000]  就是屬肉體
[00:20:17.000 --> 00:20:19.000]  不是一個基督徒
[00:20:19.000 --> 00:20:21.000]  是一個非基督徒
[00:20:21.000 --> 00:20:23.000]  有很多基督徒
[00:20:23.000 --> 00:20:25.000]  都會說
[00:20:25.000 --> 00:20:27.000]  牧師啊
[00:20:27.000 --> 00:20:29.000]  我不想做一個屬靈的基督徒
[00:20:29.000 --> 00:20:31.000]  太屬靈了
[00:20:31.000 --> 00:20:33.000]  我做不來
[00:20:33.000 --> 00:20:35.000]  我想做一個屬血氣的基督徒
[00:20:35.000 --> 00:20:37.000]  屬肉體的基督徒
[00:20:37.000 --> 00:20:39.000]  這樣我能做什麼
[00:20:39.000 --> 00:20:41.000]  當你這樣說的時候
[00:20:41.000 --> 00:20:43.000]  你是想做什麼
[00:20:43.000 --> 00:20:45.000]  其實你是想做一個非基督徒
[00:20:45.000 --> 00:20:47.000]  我不要做基督徒了
[00:20:47.000 --> 00:20:49.000]  我要做非基督徒
[00:20:49.000 --> 00:20:51.000]  如果你說你要屬肉體屬血氣
[00:20:51.000 --> 00:20:53.000]  你就想做一個非基督徒
[00:20:53.000 --> 00:20:55.000]  為什麼我這樣說
[00:20:55.000 --> 00:20:57.000]  你看羅馬書的八章六節
[00:20:57.000 --> 00:20:59.000]  體貼肉體的
[00:20:59.000 --> 00:21:01.000]  就是死
[00:21:01.000 --> 00:21:03.000]  聖靈乃是生命平安
[00:21:03.000 --> 00:21:05.000]  哇
[00:21:05.000 --> 00:21:07.000]  你想做一個肉體的基督徒
[00:21:07.000 --> 00:21:09.000]  你就是找死啊
[00:21:09.000 --> 00:21:11.000]  羅馬書的八章八節
[00:21:11.000 --> 00:21:13.000]  而且屬肉體的人
[00:21:13.000 --> 00:21:15.000]  不能得神的喜悅
[00:21:15.000 --> 00:21:17.000]  有沒有看到
[00:21:17.000 --> 00:21:19.000]  保羅又進一步
[00:21:19.000 --> 00:21:21.000]  他說
[00:21:21.000 --> 00:21:23.000]  在哥倫多前書的三章
[00:21:23.000 --> 00:21:25.000]  一節尾
[00:21:25.000 --> 00:21:27.000]  只得把你們當作屬肉體
[00:21:27.000 --> 00:21:29.000]  在基督裡
[00:21:29.000 --> 00:21:31.000]  做嬰孩的
[00:21:31.000 --> 00:21:33.000]  嬰孩的基督徒?
[00:21:33.000 --> 00:21:35.000]  當然是新基督徒了
[00:21:35.000 --> 00:21:37.000]  不是啊
[00:21:37.000 --> 00:21:39.000]  聖經裡面從來沒有叫
[00:21:39.000 --> 00:21:41.000]  新基督徒做嬰孩
[00:21:41.000 --> 00:21:43.000]  有些新的基督徒
[00:21:43.000 --> 00:21:45.000]  已經很成熟了
[00:21:45.000 --> 00:21:47.000]  不是每個新基督徒
[00:21:47.000 --> 00:21:49.000]  都是嬰孩
[00:21:49.000 --> 00:21:51.000]  這個
[00:21:51.000 --> 00:21:53.000]  嬰孩是什麼?
[00:21:53.000 --> 00:21:55.000]  是屬靈上的愚蠢
[00:21:55.000 --> 00:21:57.000]  和無知
[00:21:57.000 --> 00:21:59.000]  那你說
[00:21:59.000 --> 00:22:01.000]  新基督徒就是啊
[00:22:01.000 --> 00:22:03.000]  有些新基督徒
[00:22:03.000 --> 00:22:05.000]  真的不認識基督教
[00:22:05.000 --> 00:22:07.000]  可能他們真的
[00:22:07.000 --> 00:22:09.000]  好像嬰孩一樣
[00:22:09.000 --> 00:22:11.000]  但不是所有人都是一樣
[00:22:11.000 --> 00:22:13.000]  也有人已經在教會很久了
[00:22:13.000 --> 00:22:15.000]  但他們仍然是嬰孩
[00:22:15.000 --> 00:22:17.000]  我們怎麼知道?
[00:22:17.000 --> 00:22:19.000]  你看希伯來書的五章
[00:22:19.000 --> 00:22:21.000]  十二至十三節
[00:22:21.000 --> 00:22:23.000]  希伯來書的作者說
[00:22:23.000 --> 00:22:25.000]  你們早該作老師了
[00:22:25.000 --> 00:22:27.000]  什麼意思?
[00:22:27.000 --> 00:22:29.000]  你們在教會很久了
[00:22:29.000 --> 00:22:31.000]  你們應該作老師了
[00:22:31.000 --> 00:22:33.000]  但希伯來書的作者說
[00:22:33.000 --> 00:22:35.000]  你們仍然好像嬰孩一樣
[00:22:35.000 --> 00:22:39.000]  嬰孩都很可愛
[00:22:39.000 --> 00:22:41.000]  我們都很喜歡嬰孩
[00:22:41.000 --> 00:22:43.000]  很可愛
[00:22:43.000 --> 00:22:45.000]  但如果一個人去到五六十歲
[00:22:45.000 --> 00:22:47.000]  仍然好像嬰孩一樣
[00:22:47.000 --> 00:22:49.000]  動不動就哭,動不動就鬧
[00:22:49.000 --> 00:22:51.000]  你見到會怎樣?
[00:22:51.000 --> 00:22:53.000]  你會覺得很討厭
[00:22:53.000 --> 00:22:55.000]  所以我們都要小心
[00:22:55.000 --> 00:22:57.000]  嬰孩是很自私的
[00:22:57.000 --> 00:22:59.000]  你有沒有發覺?
[00:22:59.000 --> 00:23:01.000]  他哭是因為肚餓
[00:23:01.000 --> 00:23:03.000]  想喝奶
[00:23:03.000 --> 00:23:05.000]  喝飽了又睡
[00:23:05.000 --> 00:23:07.000]  一個屬肉體
[00:23:07.000 --> 00:23:09.000]  屬血氣
[00:23:09.000 --> 00:23:11.000]  一個嬰孩的嬰孩
[00:23:11.000 --> 00:23:13.000]  都是一樣
[00:23:13.000 --> 00:23:15.000]  正是別人來餵你
[00:23:15.000 --> 00:23:17.000]  說起飲奶
[00:23:17.000 --> 00:23:19.000]  保羅在哥倫多前書的三章二節
[00:23:19.000 --> 00:23:21.000]  他說什麼?
[00:23:21.000 --> 00:23:23.000]  我是用奶餵你們
[00:23:23.000 --> 00:23:25.000]  沒有用飯餵你們
[00:23:25.000 --> 00:23:27.000]  那時你們不能吃
[00:23:27.000 --> 00:23:29.000]  就是如今
[00:23:29.000 --> 00:23:31.000]  還是不能
[00:23:31.000 --> 00:23:33.000]  保羅說我第一次來見你們的時候
[00:23:33.000 --> 00:23:35.000]  我用奶來餵你們
[00:23:35.000 --> 00:23:37.000]  因為你們不吃 solid food
[00:23:37.000 --> 00:23:39.000]  你們不吃肉食
[00:23:39.000 --> 00:23:41.000]  我用奶來餵
[00:23:41.000 --> 00:23:43.000]  我現在回來看你們
[00:23:43.000 --> 00:23:45.000]  你們又是這樣
[00:23:45.000 --> 00:23:47.000]  你們是屬肉體的
[00:23:47.000 --> 00:23:49.000]  你們還是嬰孩
[00:23:49.000 --> 00:23:51.000]  現在有很多基督徒
[00:23:51.000 --> 00:23:53.000]  都希望有人
[00:23:53.000 --> 00:23:55.000]  餵他們
[00:23:55.000 --> 00:23:57.000]  像嬰孩一樣喝奶
[00:23:57.000 --> 00:23:59.000]  意思是什麼?
[00:23:59.000 --> 00:24:01.000]  他們不能夠接受
[00:24:01.000 --> 00:24:03.000]  比較深的真理
[00:24:03.000 --> 00:24:05.000]  不能夠接受比較深的道理
[00:24:05.000 --> 00:24:07.000]  很可惜
[00:24:07.000 --> 00:24:09.000]  天主教在歷史當中
[00:24:09.000 --> 00:24:11.000]  曾經有一段時期
[00:24:11.000 --> 00:24:13.000]  就是這樣
[00:24:13.000 --> 00:24:15.000]  只有神職人員
[00:24:15.000 --> 00:24:17.000]  是可以吃肉的
[00:24:17.000 --> 00:24:19.000]  其他的天主教徒
[00:24:19.000 --> 00:24:21.000]  都是喝奶
[00:24:21.000 --> 00:24:23.000]  他們不主張天主教徒
[00:24:23.000 --> 00:24:25.000]  自己去讀聖經
[00:24:25.000 --> 00:24:27.000]  你有神職人員
[00:24:27.000 --> 00:24:29.000]  來教你們
[00:24:29.000 --> 00:24:31.000]  所以在歷史當中
[00:24:31.000 --> 00:24:33.000]  有好幾個世紀
[00:24:33.000 --> 00:24:35.000]  天主教徒
[00:24:35.000 --> 00:24:39.000]  都是處於無知的狀態
[00:24:39.000 --> 00:24:41.000]  這是非常可惜
[00:24:41.000 --> 00:24:45.000]  也有人會問
[00:24:45.000 --> 00:24:47.000]  喝奶
[00:24:47.000 --> 00:24:49.000]  和吃肉
[00:24:49.000 --> 00:24:51.000]  的教義有什麼不同呢?
[00:24:51.000 --> 00:24:55.000]  沒有不同,是一樣的
[00:24:55.000 --> 00:24:57.000]  喝奶和吃肉的教義
[00:24:57.000 --> 00:24:59.000]  是一樣的
[00:24:59.000 --> 00:25:01.000]  有些東西你認為是喝奶的
[00:25:01.000 --> 00:25:03.000]  其他人聽了
[00:25:03.000 --> 00:25:05.000]  就是吃肉的
[00:25:05.000 --> 00:25:07.000]  就是他們的肉食
[00:25:07.000 --> 00:25:09.000]  我舉一個例子
[00:25:09.000 --> 00:25:11.000]  我們說的教義
[00:25:11.000 --> 00:25:13.000]  就是耶穌基督為我們釘十字架
[00:25:13.000 --> 00:25:15.000]  替我們贖罪
[00:25:15.000 --> 00:25:17.000]  一個喝奶的人
[00:25:17.000 --> 00:25:19.000]  他們聽了
[00:25:19.000 --> 00:25:21.000]  就是耶穌基督為我們釘十字架
[00:25:21.000 --> 00:25:23.000]  替我們贖罪
[00:25:23.000 --> 00:25:25.000]  這就是他的奶
[00:25:25.000 --> 00:25:27.000]  一個
[00:25:27.000 --> 00:25:29.000]  吃肉的朋友
[00:25:29.000 --> 00:25:31.000]  他能夠看到很多東西
[00:25:31.000 --> 00:25:33.000]  耶穌基督本來在天上
[00:25:33.000 --> 00:25:35.000]  與父同在
[00:25:35.000 --> 00:25:37.000]  為了我們書尊降貴
[00:25:37.000 --> 00:25:39.000]  道成肉身來到世上
[00:25:39.000 --> 00:25:41.000]  為我們釘十字架
[00:25:41.000 --> 00:25:43.000]  替我們贖罪
[00:25:43.000 --> 00:25:45.000]  無罪的成為罪
[00:25:45.000 --> 00:25:47.000]  所有接受他的人都能夠與神和好
[00:25:47.000 --> 00:25:49.000]  被神稱為一個義人
[00:25:49.000 --> 00:25:51.000]  這就是肉食
[00:25:51.000 --> 00:25:53.000]  有沒有看到
[00:25:53.000 --> 00:25:55.000]  同樣是教義
[00:25:55.000 --> 00:25:57.000]  耶穌基督為我們釘十字架
[00:25:57.000 --> 00:25:59.000]  吃肉的朋友
[00:25:59.000 --> 00:26:01.000]  更加深入能夠明白
[00:26:01.000 --> 00:26:03.000]  但是喝奶的朋友
[00:26:03.000 --> 00:26:05.000]  就是停留在字面上
[00:26:05.000 --> 00:26:09.000]  一個基督徒
[00:26:09.000 --> 00:26:11.000]  今天認識神的話語
[00:26:11.000 --> 00:26:13.000]  絕對是一件非常興奮的事
[00:26:13.000 --> 00:26:15.000]  令人興奮的事
[00:26:15.000 --> 00:26:17.000]  我有時候講道
[00:26:17.000 --> 00:26:19.000]  都有一些弟兄姊妹
[00:26:19.000 --> 00:26:21.000]  來聯絡我
[00:26:21.000 --> 00:26:23.000]  他們說牧師你講的東西很深
[00:26:23.000 --> 00:26:25.000]  我聽不明白
[00:26:25.000 --> 00:26:27.000]  但也有些新信的基督徒會跟我說
[00:26:27.000 --> 00:26:29.000]  牧師你講的東西我聽得懂
[00:26:29.000 --> 00:26:31.000]  我能夠明白
[00:26:31.000 --> 00:26:33.000]  即是說
[00:26:33.000 --> 00:26:35.000]  同樣一篇道裡面
[00:26:35.000 --> 00:26:37.000]  是有喝奶的部分
[00:26:37.000 --> 00:26:39.000]  也有吃肉的部分
[00:26:39.000 --> 00:26:41.000]  這個很重要
[00:26:41.000 --> 00:26:43.000]  一個牧師不能夠不斷地
[00:26:43.000 --> 00:26:45.000]  餵奶給會眾
[00:26:45.000 --> 00:26:47.000]  為甚麼?
[00:26:47.000 --> 00:26:49.000]  他是會忽略了聖靈的工作
[00:26:49.000 --> 00:26:51.000]  聖靈是透過
[00:26:51.000 --> 00:26:53.000]  我們講的道
[00:26:53.000 --> 00:26:55.000]  能夠將神的啟示彰顯出來
[00:26:55.000 --> 00:26:57.000]  但如果你只是拼命
[00:26:57.000 --> 00:26:59.000]  講那些喝奶的部分
[00:26:59.000 --> 00:27:01.000]  沒有吃肉的部分的話
[00:27:01.000 --> 00:27:03.000]  那些會眾不能夠增長
[00:27:03.000 --> 00:27:05.000]  聖靈也不可能
[00:27:05.000 --> 00:27:07.000]  將神的啟示彰顯出來
[00:27:07.000 --> 00:27:09.000]  所以就會忽視了聖靈的工作
[00:27:09.000 --> 00:27:11.000]  所以就會忽視了聖靈的工作
[00:27:11.000 --> 00:27:13.000]  其實
[00:27:13.000 --> 00:27:15.000]  在現實的生活裡面
[00:27:15.000 --> 00:27:17.000]  都是一樣
[00:27:17.000 --> 00:27:19.000]  你見過一個去到很大眾
[00:27:19.000 --> 00:27:21.000]  是經常喝奶的人嗎?
[00:27:21.000 --> 00:27:23.000]  我不是說偶爾喝奶
[00:27:23.000 --> 00:27:25.000]  我說他就是喝奶
[00:27:25.000 --> 00:27:27.000]  不吃其他東西
[00:27:27.000 --> 00:27:29.000]  一歲的嬰兒就可以
[00:27:29.000 --> 00:27:31.000]  你把他餵到兩歲
[00:27:31.000 --> 00:27:33.000]  如果你兩歲之後
[00:27:33.000 --> 00:27:35.000]  還餵奶
[00:27:35.000 --> 00:27:37.000]  不給他其他東西
[00:27:37.000 --> 00:27:39.000]  慢慢就會營養不良
[00:27:39.000 --> 00:27:41.000]  還會怎樣?
[00:27:41.000 --> 00:27:43.000]  可能連命都沒了
[00:27:43.000 --> 00:27:45.000]  基督徒也是一樣
[00:27:45.000 --> 00:27:49.000]  屬靈的無知
[00:27:49.000 --> 00:27:51.000]  和屬肉體是分不開的
[00:27:51.000 --> 00:27:53.000]  保羅說
[00:27:53.000 --> 00:27:55.000]  我只能夠當你們是非基督徒
[00:27:55.000 --> 00:27:57.000]  其實這個
[00:27:57.000 --> 00:27:59.000]  和耶穌基督在
[00:27:59.000 --> 00:28:01.000]  《馬太福音》第十八章的
[00:28:01.000 --> 00:28:03.000]  教導是很相似的
[00:28:03.000 --> 00:28:05.000]  記不記得耶穌基督在
[00:28:05.000 --> 00:28:07.000]  《馬太福音》第十八章說
[00:28:07.000 --> 00:28:09.000]  倘若你的弟兄得罪你
[00:28:09.000 --> 00:28:11.000]  你就去趁著只有他和你在
[00:28:11.000 --> 00:28:13.000]  一處的時候
[00:28:13.000 --> 00:28:15.000]  指出他的錯來
[00:28:15.000 --> 00:28:17.000]  他若不聽
[00:28:17.000 --> 00:28:19.000]  你就另外帶一兩個人去
[00:28:19.000 --> 00:28:21.000]  若是不聽他們
[00:28:21.000 --> 00:28:23.000]  就告訴教會
[00:28:23.000 --> 00:28:25.000]  若是不聽教會
[00:28:25.000 --> 00:28:27.000]  就看他們像外邦人和
[00:28:27.000 --> 00:28:29.000]  瑞利一樣
[00:28:29.000 --> 00:28:31.000]  當我們當一個信徒
[00:28:31.000 --> 00:28:33.000]  是外邦人和瑞利
[00:28:33.000 --> 00:28:35.000]  是什麼意思?
[00:28:35.000 --> 00:28:37.000]  就是當他們是非基督徒
[00:28:37.000 --> 00:28:39.000]  這裡當然
[00:28:39.000 --> 00:28:41.000]  嚴重的程度是不同的
[00:28:41.000 --> 00:28:43.000]  耶穌基督所說的
[00:28:43.000 --> 00:28:45.000]  是有人有道德上的罪
[00:28:45.000 --> 00:28:47.000]  不肯認罪悔改
[00:28:47.000 --> 00:28:49.000]  最後要將他趕出去
[00:28:49.000 --> 00:28:51.000]  就當他是非基督徒一樣
[00:28:51.000 --> 00:28:53.000]  但是若果有一個基督徒
[00:28:53.000 --> 00:28:55.000]  他不長進
[00:28:55.000 --> 00:28:57.000]  他也拒絕去長進
[00:28:57.000 --> 00:28:59.000]  也是一種罪
[00:28:59.000 --> 00:29:01.000]  最後保羅說什麼?
[00:29:01.000 --> 00:29:04.000]  我只能夠當你們是非基督徒
[00:29:04.000 --> 00:29:07.000]  是很嚴重的問題
[00:29:07.000 --> 00:29:10.000]  哥林多前書的五章五節
[00:29:10.000 --> 00:29:13.000]  要把這樣的人交給撒旦
[00:29:13.000 --> 00:29:15.000]  敗壞他的肉體
[00:29:15.000 --> 00:29:19.000]  使他的靈魂在主耶穌的日子可以得救
[00:29:19.000 --> 00:29:22.000]  教會處理這些事情
[00:29:22.000 --> 00:29:25.000]  若果有人犯罪不悔改
[00:29:25.000 --> 00:29:27.000]  教會來勸他
[00:29:27.000 --> 00:29:29.000]  他也不悔改
[00:29:29.000 --> 00:29:31.000]  最後將他趕出教會
[00:29:31.000 --> 00:29:33.000]  是不是叫他自生自滅?
[00:29:33.000 --> 00:29:34.000]  不是
[00:29:34.000 --> 00:29:36.000]  希望他可以回來
[00:29:36.000 --> 00:29:38.000]  他的肉身敗壞
[00:29:38.000 --> 00:29:41.000]  但是希望他的靈能夠得救
[00:29:41.000 --> 00:29:43.000]  能夠有一天他會回來
[00:29:43.000 --> 00:29:45.000]  所以我們看到
[00:29:45.000 --> 00:29:48.000]  無論你說是一個基督徒
[00:29:48.000 --> 00:29:50.000]  我不願意長進
[00:29:50.000 --> 00:29:53.000]  或者是耶穌基督在馬太福音十八章所說
[00:29:53.000 --> 00:29:55.000]  都是很嚴重的事
[00:29:55.000 --> 00:29:57.000]  我們都要很小心
[00:29:57.000 --> 00:30:00.000]  千萬不要停留不去成長
[00:30:00.000 --> 00:30:03.000]  我已經說了第一點
[00:30:03.000 --> 00:30:05.000]  就是病因
[00:30:05.000 --> 00:30:08.000]  保羅說有很多外在的引誘
[00:30:08.000 --> 00:30:10.000]  也有內在的
[00:30:10.000 --> 00:30:13.000]  就是一個基督徒不願意去成長
[00:30:13.000 --> 00:30:16.000]  是一個嬰孩只會喝奶
[00:30:16.000 --> 00:30:19.000]  有什麼病徵呢?
[00:30:19.000 --> 00:30:22.000]  在哥林多前書的三章三節
[00:30:22.000 --> 00:30:24.000]  你們仍是屬肉體的
[00:30:24.000 --> 00:30:28.000]  因為在你們中間有疾度紛爭
[00:30:28.000 --> 00:30:30.000]  這豈不是屬乎肉體
[00:30:30.000 --> 00:30:33.000]  照著世人的樣子行?
[00:30:33.000 --> 00:30:35.000]  有沒有看到病徵是什麼?
[00:30:35.000 --> 00:30:37.000]  有疾度
[00:30:37.000 --> 00:30:39.000]  有紛爭
[00:30:39.000 --> 00:30:41.000]  搞分裂
[00:30:41.000 --> 00:30:44.000]  這些人原來屬肉體就會怎樣?
[00:30:44.000 --> 00:30:47.000]  很多時候他們會很自私
[00:30:47.000 --> 00:30:50.000]  在教會裡面搞紛爭、搞分裂
[00:30:50.000 --> 00:30:53.000]  就好像癌細胞一樣
[00:30:53.000 --> 00:30:56.000]  當我們的身體有了癌細胞
[00:30:56.000 --> 00:30:59.000]  就會去攻擊不同的器官
[00:30:59.000 --> 00:31:01.000]  我們不同身體的部份
[00:31:01.000 --> 00:31:04.000]  當教會有屬肉體的人
[00:31:04.000 --> 00:31:06.000]  也是一樣
[00:31:06.000 --> 00:31:09.000]  就好像加拉太書的第五章
[00:31:09.000 --> 00:31:12.000]  有很多道德的問題出現
[00:31:12.000 --> 00:31:14.000]  在哥林多前書
[00:31:14.000 --> 00:31:16.000]  我剛才跟大家說了
[00:31:16.000 --> 00:31:18.000]  整部哥林多前書
[00:31:18.000 --> 00:31:22.000]  保羅就是排解一個關於罪的問題
[00:31:22.000 --> 00:31:24.000]  又去排解第二個
[00:31:24.000 --> 00:31:28.000]  在第一章到第四章就是教會分裂
[00:31:28.000 --> 00:31:31.000]  這個對保羅很重要
[00:31:31.000 --> 00:31:33.000]  所以他將它放在首位
[00:31:33.000 --> 00:31:35.000]  一開始就講這件事
[00:31:35.000 --> 00:31:37.000]  在第五章到第六章
[00:31:37.000 --> 00:31:40.000]  是有不道德的事發生
[00:31:40.000 --> 00:31:44.000]  有人和自己的繼母發生性行為
[00:31:44.000 --> 00:31:48.000]  所以保羅要來處理這件事
[00:31:48.000 --> 00:31:52.000]  第七章講到有人對婚姻有誤解
[00:31:52.000 --> 00:31:55.000]  第八章到第十一章
[00:31:55.000 --> 00:31:59.000]  有人對主內的自由也有誤解
[00:31:59.000 --> 00:32:02.000]  所以保羅要教導
[00:32:02.000 --> 00:32:05.000]  第十一章有人吃聖餐的時候
[00:32:05.000 --> 00:32:08.000]  不照規矩去做
[00:32:08.000 --> 00:32:10.000]  第十二章到十四章
[00:32:10.000 --> 00:32:14.000]  有人濫用恩賜
[00:32:14.000 --> 00:32:19.000]  其實他們用恩賜的方法是錯了
[00:32:19.000 --> 00:32:23.000]  所以保羅在十二到十四章來教導
[00:32:23.000 --> 00:32:28.000]  還有十五章有人誤解了復活的訊息
[00:32:28.000 --> 00:32:31.000]  十六章是有關錢財的問題
[00:32:31.000 --> 00:32:32.000]  所以有沒有見到
[00:32:32.000 --> 00:32:35.000]  當一間教會出現了問題
[00:32:35.000 --> 00:32:41.000]  有很多屬血氣或肉體的弟兄姊妹
[00:32:41.000 --> 00:32:45.000]  就會出現很多問題
[00:32:45.000 --> 00:32:49.000]  在《使徒行傳》第二章
[00:32:49.000 --> 00:32:52.000]  第四十六至四十七節
[00:32:52.000 --> 00:32:56.000]  我們見到教會合一是很重要
[00:32:56.000 --> 00:33:00.000]  當早期教會天天同心合二
[00:33:00.000 --> 00:33:06.000]  主就將得救的人數天天加給他們
[00:33:06.000 --> 00:33:09.000]  所以合一是非常重要
[00:33:09.000 --> 00:33:13.000]  在教會如果有屬血氣或肉體的人
[00:33:13.000 --> 00:33:16.000]  他們就會搞小圈子
[00:33:16.000 --> 00:33:17.000]  而且也會覺得
[00:33:17.000 --> 00:33:21.000]  我的小圈子比你的圈子更加人多
[00:33:21.000 --> 00:33:26.000]  就很開心,覺得自豪
[00:33:26.000 --> 00:33:30.000]  這正是撒旦希望見到
[00:33:30.000 --> 00:33:32.000]  但不為神所喜悅
[00:33:32.000 --> 00:33:34.000]  神是希望我們能夠合一
[00:33:34.000 --> 00:33:37.000]  在《雅各書》的四章一節
[00:33:37.000 --> 00:33:41.000]  你們中間的真戰鬥毆
[00:33:41.000 --> 00:33:43.000]  是從哪裡來的呢?
[00:33:43.000 --> 00:33:50.000]  不是從你們白體中戰鬥之私欲來的嗎?
[00:33:50.000 --> 00:33:51.000]  有沒有見到?
[00:33:51.000 --> 00:33:54.000]  這些就是從我們的私欲而來
[00:33:54.000 --> 00:33:56.000]  而我剛才講過
[00:33:56.000 --> 00:33:58.000]  一個屬肉體屬血氣的人
[00:33:58.000 --> 00:34:00.000]  就是很自私
[00:34:00.000 --> 00:34:02.000]  不在乎神叫他做什麼
[00:34:02.000 --> 00:34:05.000]  只是在乎自己要做什麼
[00:34:05.000 --> 00:34:07.000]  第三點
[00:34:07.000 --> 00:34:09.000]  講完病因
[00:34:09.000 --> 00:34:12.000]  病徵就是在教會搞分裂
[00:34:12.000 --> 00:34:17.000]  保羅給什麼醫治的介紹呢?
[00:34:17.000 --> 00:34:19.000]  在哥倫多前書的一章十節
[00:34:19.000 --> 00:34:22.000]  弟兄們,我直著我主耶穌基督的名
[00:34:22.000 --> 00:34:25.000]  勸你們都說一樣的話
[00:34:25.000 --> 00:34:27.000]  你們中間也不可分黨
[00:34:27.000 --> 00:34:31.000]  只要一心一意彼此相合
[00:34:31.000 --> 00:34:34.000]  當有一個人在教會
[00:34:34.000 --> 00:34:39.000]  他覺得一個領袖講的話不對
[00:34:39.000 --> 00:34:41.000]  或者他的教導不對
[00:34:41.000 --> 00:34:43.000]  慢慢就會怎樣呢?
[00:34:43.000 --> 00:34:46.000]  有人會說「是的,我同意你」
[00:34:46.000 --> 00:34:48.000]  然後怎樣呢?
[00:34:48.000 --> 00:34:51.000]  一個變兩個,兩個變三個
[00:34:51.000 --> 00:34:54.000]  這樣就有分裂了
[00:34:54.000 --> 00:34:56.000]  所以保羅講什麼呢?
[00:34:56.000 --> 00:34:58.000]  都要說一樣的話
[00:34:58.000 --> 00:35:02.000]  就能夠一心一意彼此相合
[00:35:02.000 --> 00:35:04.000]  所以很重要的
[00:35:04.000 --> 00:35:07.000]  我們的教義是需要一致
[00:35:07.000 --> 00:35:11.000]  每間教會都有信仰的宣言
[00:35:11.000 --> 00:35:13.000]  我相信靈良堂也是一樣
[00:35:13.000 --> 00:35:14.000]  Statement of Faith
[00:35:14.000 --> 00:35:17.000]  我們要對這個很熟悉
[00:35:17.000 --> 00:35:20.000]  照著這個來教
[00:35:20.000 --> 00:35:23.000]  不要說教其他五花八門的教義
[00:35:23.000 --> 00:35:25.000]  有很多是錯的
[00:35:25.000 --> 00:35:29.000]  保羅在肥納比書的三章十六節說什麼呢?
[00:35:29.000 --> 00:35:31.000]  然而我們到了什麼地步
[00:35:31.000 --> 00:35:34.000]  就當照著什麼地步走
[00:35:34.000 --> 00:35:37.000]  你說這節的英文講什麼呢?
[00:35:37.000 --> 00:35:40.000]  讀英文就比較容易一點
[00:35:40.000 --> 00:35:44.000]  Nevertheless, the degree that we have already attained
[00:35:44.000 --> 00:35:47.000]  Let us walk by the same rule
[00:35:47.000 --> 00:35:49.000]  Let us be of the same mind
[00:35:49.000 --> 00:35:54.000]  就是說教會已經定了規則
[00:35:54.000 --> 00:35:56.000]  我們就照著來做
[00:35:56.000 --> 00:35:58.000]  我們各人是有一樣的思想
[00:35:58.000 --> 00:36:00.000]  一樣的意念
[00:36:00.000 --> 00:36:04.000]  定了的教義我們就照著來執行
[00:36:04.000 --> 00:36:10.000]  你說這些信仰宣言是誰寫出來的呢?
[00:36:10.000 --> 00:36:14.000]  教會的領袖長老
[00:36:14.000 --> 00:36:19.000]  定了之後我們就應該照著來實行
[00:36:19.000 --> 00:36:22.000]  一個教會不是神學院
[00:36:22.000 --> 00:36:26.000]  神學院就讀很多很多不同的教義
[00:36:26.000 --> 00:36:30.000]  但我們不一定需要知道這些教義
[00:36:30.000 --> 00:36:34.000]  我有一個我很喜歡的牧師叫John MacArthur
[00:36:34.000 --> 00:36:36.000]  他經常說
[00:36:36.000 --> 00:36:40.000]  我不需要去到訓詞我知道的臭
[00:36:40.000 --> 00:36:44.000]  很多人都說我要下去看一下
[00:36:44.000 --> 00:36:49.000]  John MacArthur說我不需要去到訓詞我也知道的臭
[00:36:49.000 --> 00:36:51.000]  你去做什麼呢?
[00:36:51.000 --> 00:36:53.000]  你們知不知道銀行教職員
[00:36:53.000 --> 00:36:56.000]  怎樣來辨別偽鈔是怎樣辨別的?
[00:36:56.000 --> 00:37:00.000]  是不是看五花八門不同的偽鈔?
[00:37:00.000 --> 00:37:02.000]  你看了一千張偽鈔
[00:37:02.000 --> 00:37:04.000]  僅有一張你沒見過的
[00:37:04.000 --> 00:37:06.000]  一千零一張
[00:37:06.000 --> 00:37:08.000]  他們是怎樣教他們的?
[00:37:08.000 --> 00:37:11.000]  你只看那張真的鈔票就可以了
[00:37:11.000 --> 00:37:14.000]  你認定了那張真的鈔票有的質素
[00:37:14.000 --> 00:37:16.000]  你就能夠辨別偽鈔
[00:37:16.000 --> 00:37:21.000]  我們只需要對正確的教義明白
[00:37:21.000 --> 00:37:25.000]  我們就能夠知道其他所有教義
[00:37:25.000 --> 00:37:27.000]  不對的教義
[00:37:27.000 --> 00:37:30.000]  除了教義一致
[00:37:30.000 --> 00:37:32.000]  也需要處事一致
[00:37:32.000 --> 00:37:35.000]  在詩篇的一百一十九篇
[00:37:35.000 --> 00:37:38.000]  一百零四至一百零五節
[00:37:38.000 --> 00:37:43.000]  我藉著你們的訓詞得以明白
[00:37:43.000 --> 00:37:45.000]  所以我恨一切的假道
[00:37:45.000 --> 00:37:48.000]  你的話是我腳前的燈
[00:37:48.000 --> 00:37:49.000]  是我腦上的光
[00:37:49.000 --> 00:37:51.000]  我們很熟悉的經文
[00:37:51.000 --> 00:37:55.000]  我們處事是照什麼準則?
[00:37:55.000 --> 00:37:57.000]  神的話語
[00:37:57.000 --> 00:38:00.000]  我剛才說過John MacArthur的牧師
[00:38:00.000 --> 00:38:02.000]  我很喜歡
[00:38:02.000 --> 00:38:06.000]  他的教會他們處理事情是怎樣處理?
[00:38:06.000 --> 00:38:09.000]  二十至四十個長老坐在一起
[00:38:09.000 --> 00:38:11.000]  大家一起讀經
[00:38:11.000 --> 00:38:13.000]  大家一起禱告
[00:38:13.000 --> 00:38:15.000]  然後作出決定
[00:38:15.000 --> 00:38:16.000]  從來不投票的
[00:38:16.000 --> 00:38:18.000]  照著聖經來做
[00:38:18.000 --> 00:38:21.000]  但他們作出來的決定都是一致
[00:38:21.000 --> 00:38:24.000]  有很多人說不用這麼麻煩
[00:38:24.000 --> 00:38:27.000]  聖經不是教我們抽籤的嗎?
[00:38:27.000 --> 00:38:32.000]  在約書亞分地的時候
[00:38:32.000 --> 00:38:34.000]  抽籤
[00:38:34.000 --> 00:38:36.000]  在《使徒行傳》第一章
[00:38:36.000 --> 00:38:39.000]  要找一個門徒來代替猶大
[00:38:39.000 --> 00:38:40.000]  怎麼找?
[00:38:40.000 --> 00:38:42.000]  又是抽籤
[00:38:42.000 --> 00:38:44.000]  為什麼現在不抽籤?
[00:38:44.000 --> 00:38:48.000]  那時候他們還沒有全部神的話語
[00:38:48.000 --> 00:38:50.000]  聖靈也還沒有降臨
[00:38:50.000 --> 00:38:52.000]  現在我們有了聖靈在我們身上
[00:38:52.000 --> 00:38:54.000]  藉著神的話語
[00:38:54.000 --> 00:38:56.000]  我們就能夠知道什麼是對什麼是錯
[00:38:56.000 --> 00:38:59.000]  不需要再抽籤
[00:38:59.000 --> 00:39:05.000]  其實一個教會投票不是聖經的教導
[00:39:05.000 --> 00:39:07.000]  但我很慚愧
[00:39:07.000 --> 00:39:09.000]  我自己的教會也不能說服他們
[00:39:09.000 --> 00:39:12.000]  我們仍然在投票
[00:39:12.000 --> 00:39:15.000]  但我知道投票不是聖經的教導
[00:39:15.000 --> 00:39:16.000]  為什麼?
[00:39:16.000 --> 00:39:18.000]  你看看聖經裡面
[00:39:18.000 --> 00:39:21.000]  少數服從多數的時候
[00:39:21.000 --> 00:39:22.000]  多數是錯的
[00:39:22.000 --> 00:39:25.000]  記不記得在文數記十三章
[00:39:25.000 --> 00:39:28.000]  十二個探子進入迦南地
[00:39:28.000 --> 00:39:30.000]  這班都是領袖
[00:39:30.000 --> 00:39:32.000]  我不是說阿子阿祖
[00:39:32.000 --> 00:39:34.000]  每個都是領導
[00:39:34.000 --> 00:39:37.000]  進去十個領袖說不要進去
[00:39:37.000 --> 00:39:39.000]  有巨人
[00:39:39.000 --> 00:39:42.000]  只有兩個是迦納和約書亞
[00:39:42.000 --> 00:39:44.000]  說應該要進去
[00:39:44.000 --> 00:39:46.000]  所以少數服從多數是問題
[00:39:46.000 --> 00:39:49.000]  還有在《春安及記》三十二章
[00:39:49.000 --> 00:39:50.000]  一說拜金牛
[00:39:50.000 --> 00:39:52.000]  每個人都一窩蜂
[00:39:52.000 --> 00:39:55.000]  叫阿倫幫他們做一隻金牛出來
[00:39:55.000 --> 00:39:56.000]  還有蘇羅呢?
[00:39:56.000 --> 00:39:58.000]  以色列人第一個皇帝
[00:39:58.000 --> 00:39:59.000]  他是看人的
[00:39:59.000 --> 00:40:00.000]  他不是看神
[00:40:00.000 --> 00:40:02.000]  這就是問題
[00:40:02.000 --> 00:40:05.000]  很多時候我在教會投票的時候
[00:40:05.000 --> 00:40:08.000]  我看到他們每個都看著最大的那幾個
[00:40:08.000 --> 00:40:10.000]  這樣投票
[00:40:10.000 --> 00:40:11.000]  每個都投
[00:40:11.000 --> 00:40:12.000]  你只是看人
[00:40:12.000 --> 00:40:13.000]  你不是看神
[00:40:13.000 --> 00:40:17.000]  所以真的是很大的問題
[00:40:17.000 --> 00:40:20.000]  如果真的是眾數的長老
[00:40:20.000 --> 00:40:25.000]  被聖靈用神的話語帶領回眾
[00:40:25.000 --> 00:40:29.000]  絕對會作出正確的決定
[00:40:29.000 --> 00:40:31.000]  為甚麼?
[00:40:31.000 --> 00:40:34.000]  聖靈在每一件事上都有祂的旨意
[00:40:34.000 --> 00:40:38.000]  當眾數的長老服從聖靈
[00:40:38.000 --> 00:40:40.000]  當他們一起禱告
[00:40:40.000 --> 00:40:42.000]  有不同意見的時候
[00:40:42.000 --> 00:40:44.000]  大家一起來查經
[00:40:44.000 --> 00:40:45.000]  尋求神的旨意
[00:40:45.000 --> 00:40:48.000]  他們一定能夠作出一致的決定
[00:40:48.000 --> 00:40:51.000]  而這個決定就是符合神的旨意
[00:40:51.000 --> 00:40:53.000]  符合聖經的教導
[00:40:53.000 --> 00:40:55.000]  而不是專制
[00:40:55.000 --> 00:40:58.000]  拿保羅在《羅馬書》的十五章五至六節
[00:40:58.000 --> 00:41:02.000]  「但願忍耐安慰的神
[00:41:02.000 --> 00:41:04.000]  叫你們彼此同心
[00:41:04.000 --> 00:41:06.000]  效法基督耶穌
[00:41:06.000 --> 00:41:08.000]  一心一口榮耀神
[00:41:08.000 --> 00:41:11.000]  我們主耶穌基督的父」
[00:41:11.000 --> 00:41:14.000]  剛才就是說
[00:41:14.000 --> 00:41:17.000]  我們要在哥倫多前書的一章十節
[00:41:17.000 --> 00:41:19.000]  說一樣的話
[00:41:19.000 --> 00:41:21.000]  你現在看到保羅說
[00:41:21.000 --> 00:41:23.000]  一心一口
[00:41:23.000 --> 00:41:27.000]  當我們服從神做得對的時候
[00:41:27.000 --> 00:41:29.000]  我們就能夠一心一口
[00:41:29.000 --> 00:41:32.000]  其實合一的心
[00:41:32.000 --> 00:41:34.000]  神已經賜給我們了
[00:41:34.000 --> 00:41:36.000]  在以弗所書的四章三節
[00:41:36.000 --> 00:41:40.000]  「要竭力保守聖靈所賜合而為一的心」
[00:41:40.000 --> 00:41:42.000]  已經賜給我們了
[00:41:42.000 --> 00:41:45.000]  我們要做的是保持這個合一
[00:41:45.000 --> 00:41:48.000]  不是去搞分裂
[00:41:48.000 --> 00:41:51.000]  以弗所書的四章四至六節
[00:41:51.000 --> 00:41:52.000]  「身體只有一個
[00:41:52.000 --> 00:41:54.000]  聖靈只有一個
[00:41:54.000 --> 00:41:56.000]  正如你們夢照
[00:41:56.000 --> 00:41:57.000]  同有一個指望
[00:41:57.000 --> 00:42:01.000]  一主一信一洗一神」
[00:42:01.000 --> 00:42:04.000]  當保羅發現那些
[00:42:04.000 --> 00:42:06.000]  哥倫多教會的人搞分裂
[00:42:06.000 --> 00:42:08.000]  說我是屬保羅的
[00:42:08.000 --> 00:42:10.000]  我是屬基化
[00:42:10.000 --> 00:42:11.000]  我是屬阿波羅
[00:42:11.000 --> 00:42:12.000]  他怎麼說呢?
[00:42:12.000 --> 00:42:16.000]  在哥倫多前書的一章十二節
[00:42:16.000 --> 00:42:18.000]  「基督是分開的
[00:42:18.000 --> 00:42:22.000]  保羅為你們釘十字架了嗎?
[00:42:22.000 --> 00:42:26.000]  你們是奉保羅的名受洗嗎?」
[00:42:26.000 --> 00:42:29.000]  全部都是基督為主的
[00:42:29.000 --> 00:42:35.000]  保羅是為我們釘十字架嗎?
[00:42:35.000 --> 00:42:36.000]  不是的
[00:42:36.000 --> 00:42:37.000]  是主的
[00:42:37.000 --> 00:42:40.000]  那我們受洗是奉主的名
[00:42:40.000 --> 00:42:42.000]  不是奉保羅的
[00:42:42.000 --> 00:42:43.000]  所以保羅說
[00:42:43.000 --> 00:42:46.000]  除了基里斯堡和哥尤
[00:42:46.000 --> 00:42:48.000]  我沒有和其他人受洗
[00:42:48.000 --> 00:42:52.000]  你們千萬不要說是奉我的名受洗
[00:42:52.000 --> 00:42:54.000]  但是很有趣
[00:42:54.000 --> 00:42:55.000]  過了一節經文
[00:42:55.000 --> 00:42:58.000]  在哥倫多前書的一章十六
[00:42:58.000 --> 00:42:59.000]  保羅立刻說
[00:42:59.000 --> 00:43:02.000]  「我也給史提反加施過洗
[00:43:02.000 --> 00:43:05.000]  此外給別人施洗沒有
[00:43:05.000 --> 00:43:07.000]  我卻記不清」
[00:43:07.000 --> 00:43:09.000]  有人說大件事
[00:43:09.000 --> 00:43:12.000]  聖經不是聖靈所密使的嗎?
[00:43:12.000 --> 00:43:14.000]  這個保羅怎麼可以這樣?
[00:43:14.000 --> 00:43:18.000]  忘記了自己和誰人受洗、施洗
[00:43:18.000 --> 00:43:20.000]  那麼聖經還是聖靈密使的?
[00:43:20.000 --> 00:43:22.000]  還是不是?
[00:43:22.000 --> 00:43:24.000]  其實這裡剛好讓我們看到
[00:43:24.000 --> 00:43:27.000]  聖經是聖靈密使的
[00:43:27.000 --> 00:43:30.000]  神是用那些會犯錯的作者
[00:43:30.000 --> 00:43:33.000]  來寫出不會錯的聖經
[00:43:33.000 --> 00:43:37.000]  當保羅忘記了自己和多少人受洗、施洗
[00:43:37.000 --> 00:43:39.000]  聖靈又如何?
[00:43:39.000 --> 00:43:40.000]  提醒他
[00:43:40.000 --> 00:43:43.000]  還有史提反加,你忘記了
[00:43:43.000 --> 00:43:45.000]  所以寫出來有沒有錯?
[00:43:45.000 --> 00:43:46.000]  沒有錯
[00:43:46.000 --> 00:43:48.000]  所以這裡讓我們看到
[00:43:48.000 --> 00:43:51.000]  真是聖靈密使聖經
[00:43:51.000 --> 00:43:53.000]  在提摩泰
[00:43:53.000 --> 00:43:57.000]  在哥倫多前書的一章十七節
[00:43:57.000 --> 00:43:59.000]  經文說
[00:43:59.000 --> 00:44:02.000]  「基督差遣我,原不是為…」
[00:44:02.000 --> 00:44:03.000]  我想問一問
[00:44:03.000 --> 00:44:05.000]  我是否沒有時間?
[00:44:07.000 --> 00:44:09.000]  可以嗎?
[00:44:09.000 --> 00:44:14.000]  「基督差遣我,原不是為施洗,乃是為傳福音
[00:44:14.000 --> 00:44:19.000]  並不用智慧言語免得基督的十字架落空了」
[00:44:19.000 --> 00:44:21.000]  很多人誤解這節的聖經
[00:44:21.000 --> 00:44:24.000]  原不是為施洗
[00:44:24.000 --> 00:44:25.000]  差遣我
[00:44:25.000 --> 00:44:27.000]  施洗不重要
[00:44:27.000 --> 00:44:29.000]  這裡不是這樣說
[00:44:29.000 --> 00:44:31.000]  這裡是有次序的分別
[00:44:31.000 --> 00:44:33.000]  記不記得大使命
[00:44:33.000 --> 00:44:35.000]  在麥太福音的第二十八章
[00:44:35.000 --> 00:44:41.000]  「去使萬民作愛門徒,然後奉父子聖靈的名為他們施洗」
[00:44:41.000 --> 00:44:43.000]  這是次序的問題
[00:44:43.000 --> 00:44:44.000]  差遣他出去
[00:44:44.000 --> 00:44:47.000]  最重要的是傳福音
[00:44:47.000 --> 00:44:51.000]  而施洗是之後的事
[00:44:51.000 --> 00:44:54.000]  在事與哥倫多前書的三章五節
[00:44:54.000 --> 00:44:55.000]  保羅說
[00:44:55.000 --> 00:44:58.000]  「阿波羅算什麼,保羅算什麼
[00:44:58.000 --> 00:45:02.000]  無非是執事照主所賜給他們各人的
[00:45:02.000 --> 00:45:05.000]  引導你們相信」
[00:45:05.000 --> 00:45:06.000]  保羅說
[00:45:06.000 --> 00:45:07.000]  我是執事
[00:45:07.000 --> 00:45:08.000]  執事是什麼?
[00:45:08.000 --> 00:45:10.000]  是企桌的
[00:45:10.000 --> 00:45:11.000]  Waiters
[00:45:11.000 --> 00:45:12.000]  喂!
[00:45:12.000 --> 00:45:14.000]  你不要高舉我
[00:45:14.000 --> 00:45:15.000]  我是一個僕人
[00:45:15.000 --> 00:45:17.000]  我是器皿來的
[00:45:17.000 --> 00:45:18.000]  保羅說
[00:45:18.000 --> 00:45:19.000]  「在三章六節
[00:45:19.000 --> 00:45:20.000]  我栽種了
[00:45:20.000 --> 00:45:22.000]  阿波羅曉灌了
[00:45:22.000 --> 00:45:25.000]  惟有神叫他生長」
[00:45:25.000 --> 00:45:28.000]  不是說保羅和阿波羅不和
[00:45:28.000 --> 00:45:32.000]  他們兩個有不同的事工
[00:45:32.000 --> 00:45:34.000]  是保羅栽種
[00:45:34.000 --> 00:45:36.000]  阿波羅曉灌
[00:45:36.000 --> 00:45:39.000]  但是誰令他們生長?
[00:45:39.000 --> 00:45:42.000]  是神自己
[00:45:42.000 --> 00:45:45.000]  有一節經文對我有很大的鼓勵
[00:45:45.000 --> 00:45:48.000]  就是哥倫多前書的三章八節
[00:45:48.000 --> 00:45:51.000]  將來各人要照自己的功夫
[00:45:51.000 --> 00:45:53.000]  得自己的賞賜
[00:45:53.000 --> 00:45:56.000]  是照著什麼來賞賜我們?
[00:45:56.000 --> 00:45:59.000]  是不是照著你傳福音的效果
[00:45:59.000 --> 00:46:02.000]  是照著你的成就來賞賜你?
[00:46:02.000 --> 00:46:03.000]  不是
[00:46:03.000 --> 00:46:05.000]  是照著你的功夫
[00:46:05.000 --> 00:46:08.000]  一個宣教士去到山卡拉的地帶
[00:46:08.000 --> 00:46:10.000]  去到荒島上高
[00:46:10.000 --> 00:46:14.000]  用了三、四十年來為主作供
[00:46:14.000 --> 00:46:17.000]  只能帶領一個人信主
[00:46:17.000 --> 00:46:20.000]  這個人的賞賜一定沒有什麼
[00:46:20.000 --> 00:46:23.000]  帶了一個人信主
[00:46:23.000 --> 00:46:26.000]  如果神真的照著我們的成就
[00:46:26.000 --> 00:46:29.000]  照著我們的效果來賞賜
[00:46:29.000 --> 00:46:31.000]  那就是
[00:46:31.000 --> 00:46:32.000]  不是
[00:46:32.000 --> 00:46:35.000]  神是照著我們的功夫
[00:46:35.000 --> 00:46:37.000]  在哥倫多前書的三章九節
[00:46:37.000 --> 00:46:40.000]  因為我們是與神同工的
[00:46:40.000 --> 00:46:44.000]  你們是神所耕種的田地所造的房屋
[00:46:44.000 --> 00:46:48.000]  令我想起詩篇的一百二十七篇第一節
[00:46:48.000 --> 00:46:51.000]  若不是耶和華建造房屋
[00:46:51.000 --> 00:46:55.000]  建造的人就枉然勞力
[00:46:55.000 --> 00:46:57.000]  今天在結束的時候
[00:46:57.000 --> 00:46:59.000]  我想和大家看看
[00:46:59.000 --> 00:47:03.000]  保羅對哥倫多教會的診斷
[00:47:03.000 --> 00:47:05.000]  他們的病因是什麼?
[00:47:05.000 --> 00:47:07.000]  有外在的問題
[00:47:07.000 --> 00:47:10.000]  有五花八門的學說
[00:47:10.000 --> 00:47:13.000]  又有偶像的敬拜
[00:47:13.000 --> 00:47:15.000]  內在呢?
[00:47:15.000 --> 00:47:18.000]  他們有很多弟兄姊妹都不長進
[00:47:18.000 --> 00:47:20.000]  停留在這裡
[00:47:20.000 --> 00:47:22.000]  是屬肉體的,是屬血氣的
[00:47:22.000 --> 00:47:23.000]  是喝奶的
[00:47:23.000 --> 00:47:25.000]  我們都要很小心
[00:47:25.000 --> 00:47:27.000]  病徵是什麼?
[00:47:27.000 --> 00:47:29.000]  就是搞分裂
[00:47:29.000 --> 00:47:32.000]  所以保羅將這些事擺在一至四章
[00:47:32.000 --> 00:47:35.000]  因為對保羅是非常非常重要
[00:47:35.000 --> 00:47:39.000]  而保羅也教我們要一心一口
[00:47:39.000 --> 00:47:41.000]  怎樣能夠一心一口?
[00:47:41.000 --> 00:47:43.000]  有一樣的教義
[00:47:43.000 --> 00:47:45.000]  有一樣處理的方法
[00:47:45.000 --> 00:47:49.000]  而保羅說要明白十字架的道理
[00:47:49.000 --> 00:47:50.000]  這個很可惜
[00:47:50.000 --> 00:47:52.000]  我今天不能夠和大家講
[00:47:52.000 --> 00:47:54.000]  就是哥倫多前書的十七
[00:47:54.000 --> 00:47:56.000]  一章十七節
[00:47:56.000 --> 00:47:58.000]  至到二章十六節
[00:47:58.000 --> 00:48:00.000]  願神祝福他自己的懷孕
[00:48:00.000 --> 00:48:02.000]  讓我們低頭禱告
[00:48:02.000 --> 00:48:04.000]  主啊,我們感謝祢
[00:48:04.000 --> 00:48:06.000]  感謝祢讓我們有
[00:48:06.000 --> 00:48:08.000]  哥倫多前書的一章
[00:48:08.000 --> 00:48:10.000]  至到第四章
[00:48:10.000 --> 00:48:11.000]  讓我們看到
[00:48:11.000 --> 00:48:14.000]  哥倫多教會很多很多的問題
[00:48:14.000 --> 00:48:17.000]  都是出於有外在和內在
[00:48:17.000 --> 00:48:20.000]  外在就是這個花花的世界
[00:48:20.000 --> 00:48:22.000]  而內在就是有很多的信徒
[00:48:22.000 --> 00:48:24.000]  都不願意長進
[00:48:24.000 --> 00:48:27.000]  停留在喝奶的地步
[00:48:27.000 --> 00:48:29.000]  屬肉體,屬血氣
[00:48:29.000 --> 00:48:32.000]  願意我們都不會像他們一樣
[00:48:32.000 --> 00:48:34.000]  願意我們都能夠
[00:48:34.000 --> 00:48:37.000]  做一個屬靈的基督徒
[00:48:37.000 --> 00:48:40.000]  一心一口來榮耀祢
[00:48:40.000 --> 00:48:42.000]  願意我們都能夠
[00:48:42.000 --> 00:48:45.000]  保持合而為一的心
[00:48:45.000 --> 00:48:47.000]  在世上的時候
[00:48:47.000 --> 00:48:49.000]  打那美好的仗
[00:48:49.000 --> 00:48:51.000]  是能夠完成這個真戰
[00:48:51.000 --> 00:48:53.000]  將那榮耀重贊歸給祢
[00:48:53.000 --> 00:48:55.000]  我們這樣的禱告
[00:48:55.000 --> 00:48:57.000]  跟主耶穌基督的名義求
[00:48:57.000 --> 00:48:59.000]  阿門
