
[00:00:00.000 --> 00:00:06.000]  大家好 平安喜樂
[00:00:06.000 --> 00:00:09.000]  家中的弟兄姊妹都經歷上帝的祝福
[00:00:09.000 --> 00:00:11.000]  今天跟大家分享一個題目
[00:00:11.000 --> 00:00:13.000]  問你會否跟我走
[00:00:13.000 --> 00:00:17.000]  先問一問 誰有喝酒的?
[00:00:17.000 --> 00:00:19.000]  有喝酒的 懂得喝酒的 是不是?
[00:00:19.000 --> 00:00:21.000]  那行了 待會你出來說
[00:00:21.000 --> 00:00:24.000]  因為我酒就不懂了
[00:00:24.000 --> 00:00:26.000]  我都不喝酒的
[00:00:26.000 --> 00:00:28.000]  我喝不到酒的
[00:00:28.000 --> 00:00:33.000]  不過都嘗試在這個題目裏思考神給我們的學習
[00:00:33.000 --> 00:00:35.000]  我們一起祈禱
[00:00:35.000 --> 00:00:38.000]  天父我們去感謝你
[00:00:38.000 --> 00:00:40.000]  因為你話語是寶貴
[00:00:40.000 --> 00:00:45.000]  你所做的一切都成為我們生命裏的啟迪
[00:00:45.000 --> 00:00:47.000]  求主耶穌你親自幫助我們
[00:00:47.000 --> 00:00:50.000]  藉著你所顯的第一個神蹟
[00:00:50.000 --> 00:00:54.000]  去教導我們 幫助我們 建立我們
[00:00:54.000 --> 00:00:57.000]  成為主你合用喜悅的門徒
[00:00:57.000 --> 00:00:59.000]  求你帶領我們的時間
[00:00:59.000 --> 00:01:02.000]  祈禱奉耶穌名字而求 阿們
[00:01:02.000 --> 00:01:06.000]  所以今天跟大家分享這個題目
[00:01:06.000 --> 00:01:10.000]  這幅是現代一點的酒宴
[00:01:10.000 --> 00:01:13.000]  有個現代一點的耶穌在這裏
[00:01:13.000 --> 00:01:15.000]  這是AI幫我做的
[00:01:15.000 --> 00:01:18.000]  現代感覺大家投入感會多一點
[00:01:18.000 --> 00:01:21.000]  如果大家還記得
[00:01:21.000 --> 00:01:23.000]  在我們過去這兩三個月裏
[00:01:23.000 --> 00:01:27.000]  跟大家看的聖經是哪一卷
[00:01:27.000 --> 00:01:29.000]  馬拉基書
[00:01:29.000 --> 00:01:33.000]  事實上馬拉基書是舊約裏面
[00:01:33.000 --> 00:01:35.000]  最後的一卷書
[00:01:35.000 --> 00:01:39.000]  按照我們的研究
[00:01:39.000 --> 00:01:42.000]  在馬拉基書成為最後一卷書之後
[00:01:42.000 --> 00:01:44.000]  大約有四百年
[00:01:44.000 --> 00:01:48.000]  再沒有任何先知的書的記錄
[00:01:48.000 --> 00:01:54.000]  成為了我們今天留下的聖經的經卷
[00:01:54.000 --> 00:01:56.000]  事實上我們發現
[00:01:56.000 --> 00:01:58.000]  上次我們說馬拉基書
[00:01:58.000 --> 00:02:02.000]  正好代表了舊約說完了
[00:02:02.000 --> 00:02:05.000]  舊約去到馬拉基書完成的階段
[00:02:05.000 --> 00:02:09.000]  但這個階段並不是上帝計劃的結束
[00:02:09.000 --> 00:02:13.000]  而上帝計劃在四百年沉寂之後
[00:02:13.000 --> 00:02:15.000]  就要展開新的一頁
[00:02:15.000 --> 00:02:19.000]  這個新的一頁就是在新約裏面
[00:02:19.000 --> 00:02:21.000]  開啟了這個新的一頁
[00:02:21.000 --> 00:02:23.000]  而這個新約出現
[00:02:23.000 --> 00:02:26.000]  正好在新約的頭那四卷書
[00:02:26.000 --> 00:02:28.000]  帶出那個主角
[00:02:28.000 --> 00:02:31.000]  主角就要出場
[00:02:31.000 --> 00:02:36.000]  主角的其中一個形象
[00:02:36.000 --> 00:02:38.000]  就是一個君王的形象
[00:02:38.000 --> 00:02:40.000]  這也是在馬太福音裏面
[00:02:40.000 --> 00:02:42.000]  我們所看到的形象
[00:02:42.000 --> 00:02:44.000]  事實上在聖經裏面
[00:02:44.000 --> 00:02:49.000]  四卷福音書都是從四種不同的角度
[00:02:49.000 --> 00:02:53.000]  眼光去嘗試表達耶穌的形象
[00:02:53.000 --> 00:02:58.000]  所以有些學者嘗試將四卷福音書的形象
[00:02:58.000 --> 00:03:02.000]  結合了先知裏面的描述
[00:03:02.000 --> 00:03:08.000]  包括了在丹義理書裏面
[00:03:08.000 --> 00:03:10.000]  去到第七至十二章裏面
[00:03:10.000 --> 00:03:15.000]  描述一些要來的人子見到的畫像
[00:03:15.000 --> 00:03:18.000]  在以西傑書裏面同樣見到的畫像
[00:03:18.000 --> 00:03:20.000]  就是一些幾種不同的動物
[00:03:20.000 --> 00:03:24.000]  所以有些學者嘗試說出
[00:03:24.000 --> 00:03:28.000]  四福音似乎用了四種不同的動物
[00:03:28.000 --> 00:03:33.000]  或者一種象徵去表達福音所說的內容
[00:03:33.000 --> 00:03:36.000]  就是那個要來的主角是怎樣呢?
[00:03:36.000 --> 00:03:38.000]  其中馬太福音剛才說到
[00:03:38.000 --> 00:03:39.000]  就是一個君王的角色
[00:03:39.000 --> 00:03:42.000]  所以他就會在教會歷史裏面
[00:03:42.000 --> 00:03:46.000]  用獅子去表達馬太福音所表達的
[00:03:46.000 --> 00:03:48.000]  那位的救主耶穌
[00:03:48.000 --> 00:03:50.000]  獅子其實代表一個君王
[00:03:50.000 --> 00:03:54.000]  馬克福音就用了牛的圖畫去表達這個意象
[00:03:54.000 --> 00:03:57.000]  牛就好像很辛苦耕田一樣
[00:03:57.000 --> 00:04:00.000]  因為馬克福音裏面耶穌是一個僕人的樣式
[00:04:00.000 --> 00:04:03.000]  成為一個僕人去服侍的樣式
[00:04:03.000 --> 00:04:05.000]  而去到路加福音
[00:04:05.000 --> 00:04:08.000]  路加福音裏面就從一個人子的角度
[00:04:08.000 --> 00:04:10.000]  成為一個完完全全的人一樣
[00:04:10.000 --> 00:04:11.000]  在當中
[00:04:11.000 --> 00:04:14.000]  這個就是路加醫生裏面所看到的畫像
[00:04:14.000 --> 00:04:16.000]  而約翰福音裏面
[00:04:16.000 --> 00:04:19.000]  就用了鷹這個動物的表達
[00:04:19.000 --> 00:04:22.000]  這個表達了一個永在的神
[00:04:22.000 --> 00:04:24.000]  一個永在的神
[00:04:24.000 --> 00:04:27.000]  一個神聖超越在天際之上
[00:04:27.000 --> 00:04:30.000]  在天空之上那種視野的角度
[00:04:30.000 --> 00:04:34.000]  所以在今天我們接下來這幾次裏面
[00:04:34.000 --> 00:04:39.000]  都會嘗試看看這個新約的角度的時候
[00:04:39.000 --> 00:04:41.000]  特別是從約翰的眼裏面
[00:04:41.000 --> 00:04:45.000]  看看耶穌所要給我們看到的形象
[00:04:45.000 --> 00:04:48.000]  我們特別會看約翰福音
[00:04:48.000 --> 00:04:50.000]  而看約翰福音裏面
[00:04:50.000 --> 00:04:52.000]  我們今次這個系列
[00:04:52.000 --> 00:04:56.000]  就會集中在耶穌所做的神蹟裏面
[00:04:56.000 --> 00:04:58.000]  如果你看約翰福音
[00:04:58.000 --> 00:04:59.000]  你都會留意到
[00:04:59.000 --> 00:05:04.000]  約翰福音其中的特徵是很多個七
[00:05:04.000 --> 00:05:06.000]  所以在約翰福音裏面
[00:05:06.000 --> 00:05:09.000]  技術的神蹟都有七個
[00:05:09.000 --> 00:05:11.000]  七個的神蹟
[00:05:11.000 --> 00:05:13.000]  而今天我們讀到的經文
[00:05:13.000 --> 00:05:16.000]  就是將水變為酒的
[00:05:16.000 --> 00:05:20.000]  就是第一個的神蹟
[00:05:20.000 --> 00:05:22.000]  所以我們今天就嘗試
[00:05:22.000 --> 00:05:24.000]  透過先看第一個的神蹟
[00:05:24.000 --> 00:05:30.000]  去看看究竟我們應該用什麼角度去看神蹟
[00:05:30.000 --> 00:05:32.000]  今天的經文裏面一開始的場景
[00:05:32.000 --> 00:05:34.000]  就是在二章一至二節裏面
[00:05:34.000 --> 00:05:36.000]  講了一個背景
[00:05:36.000 --> 00:05:41.000]  經文說第三日在加利利的加拿有一個婚宴
[00:05:41.000 --> 00:05:43.000]  耶穌的母親就在那裏
[00:05:43.000 --> 00:05:45.000]  於是耶穌和他的門徒
[00:05:45.000 --> 00:05:49.000]  也因為這樣被邀請去赴宴
[00:05:49.000 --> 00:05:51.000]  在時間上面
[00:05:51.000 --> 00:05:54.000]  這句話第三日是怎樣的呢
[00:05:54.000 --> 00:05:56.000]  因為約翰福音由第一章開始
[00:05:56.000 --> 00:05:57.000]  就講到太初有道
[00:05:57.000 --> 00:05:59.000]  道與神同在
[00:05:59.000 --> 00:06:01.000]  道就是神
[00:06:01.000 --> 00:06:03.000]  施洗約翰如何成為千驅
[00:06:03.000 --> 00:06:07.000]  一路突顯出道就是主耶穌
[00:06:07.000 --> 00:06:09.000]  但一路開始就會講到
[00:06:09.000 --> 00:06:11.000]  耶穌一路服侍的生命
[00:06:11.000 --> 00:06:13.000]  當中由第十九節
[00:06:13.000 --> 00:06:15.000]  一章十九節開始講到
[00:06:15.000 --> 00:06:17.000]  這次約翰的見證
[00:06:17.000 --> 00:06:21.000]  這就是第一天開始描述的
[00:06:21.000 --> 00:06:23.000]  約翰福音的片段
[00:06:23.000 --> 00:06:25.000]  接著到二十九節
[00:06:25.000 --> 00:06:27.000]  又講到第二天
[00:06:27.000 --> 00:06:29.000]  施洗約翰見到耶穌
[00:06:29.000 --> 00:06:31.000]  接著到第三十五節
[00:06:31.000 --> 00:06:33.000]  又過了一天
[00:06:33.000 --> 00:06:37.000]  約翰和兩個門徒站在那裏見到耶穌
[00:06:37.000 --> 00:06:39.000]  又去到一章四十三節
[00:06:39.000 --> 00:06:41.000]  又過了一天
[00:06:41.000 --> 00:06:43.000]  耶穌就要上往加利利
[00:06:43.000 --> 00:06:47.000]  在約翰福音一路由十九節開始
[00:06:47.000 --> 00:06:49.000]  日復日
[00:06:49.000 --> 00:06:53.000]  一天一天介紹施洗約翰
[00:06:53.000 --> 00:06:57.000]  慢慢介紹出真正的主角耶穌的出場
[00:06:57.000 --> 00:07:01.000]  所以一章十四十三節
[00:07:01.000 --> 00:07:03.000]  又過了一天
[00:07:03.000 --> 00:07:05.000]  耶穌就要去到加利利
[00:07:05.000 --> 00:07:07.000]  就是這樣
[00:07:07.000 --> 00:07:09.000]  要去到加利利
[00:07:09.000 --> 00:07:11.000]  就去到第二章一節
[00:07:11.000 --> 00:07:13.000]  大概就是去到加利利
[00:07:13.000 --> 00:07:15.000]  第三天的時間
[00:07:15.000 --> 00:07:17.000]  承接著已經進入
[00:07:17.000 --> 00:07:19.000]  加利利這個地方的時候
[00:07:19.000 --> 00:07:21.000]  第三天的時間
[00:07:21.000 --> 00:07:23.000]  而當中耶穌要去到的地點
[00:07:23.000 --> 00:07:25.000]  就是去到
[00:07:25.000 --> 00:07:27.000]  加利利的迦勒
[00:07:27.000 --> 00:07:29.000]  加利利的迦勒
[00:07:29.000 --> 00:07:31.000]  在哪裏呢?
[00:07:31.000 --> 00:07:33.000]  如果你看地圖
[00:07:33.000 --> 00:07:35.000]  其實左邊的圖像
[00:07:35.000 --> 00:07:37.000]  就是今天的迦勒的位置
[00:07:37.000 --> 00:07:41.000]  就是在一個小山上的城鎮
[00:07:41.000 --> 00:07:43.000]  這個位置就大約在
[00:07:43.000 --> 00:07:45.000]  我們看到的那撒勒
[00:07:45.000 --> 00:07:47.000]  就是在下面的位置
[00:07:47.000 --> 00:07:49.000]  你知道我們經常說
[00:07:49.000 --> 00:07:51.000]  那撒勒人耶穌
[00:07:51.000 --> 00:07:53.000]  那撒勒就是耶穌的地方
[00:07:53.000 --> 00:07:55.000]  所以附近的村莊
[00:07:55.000 --> 00:07:57.000]  可以想像得到
[00:07:57.000 --> 00:07:59.000]  都是耶穌或者瑪利亞
[00:07:59.000 --> 00:08:01.000]  他們熟悉的一些
[00:08:01.000 --> 00:08:03.000]  我們所謂的街坊
[00:08:03.000 --> 00:08:05.000]  隔離的村 隔離的城鎮
[00:08:05.000 --> 00:08:07.000]  北邊就是我們今天
[00:08:07.000 --> 00:08:09.000]  所看到的迦勒的地方
[00:08:09.000 --> 00:08:11.000]  這個迦勒的地方
[00:08:11.000 --> 00:08:13.000]  整個區就是所謂的
[00:08:13.000 --> 00:08:15.000]  加利利
[00:08:15.000 --> 00:08:17.000]  上加利利 下加利利 隔離
[00:08:17.000 --> 00:08:19.000]  右邊就是加利利湖
[00:08:19.000 --> 00:08:21.000]  或者加利利海
[00:08:21.000 --> 00:08:23.000]  整個地區就是我們經常說的
[00:08:23.000 --> 00:08:25.000]  加利利
[00:08:25.000 --> 00:08:27.000]  正正好就是
[00:08:27.000 --> 00:08:29.000]  耶穌剛剛在前面第一章
[00:08:29.000 --> 00:08:31.000]  已經開始焦聚了一些門徒
[00:08:31.000 --> 00:08:33.000]  而在這個時刻裏面
[00:08:33.000 --> 00:08:35.000]  正好有一個婚宴
[00:08:35.000 --> 00:08:37.000]  耶穌和這些門徒被邀請
[00:08:37.000 --> 00:08:39.000]  去到這個婚宴裏面
[00:08:39.000 --> 00:08:41.000]  這個婚宴是一個很開心的日子
[00:08:41.000 --> 00:08:43.000]  你見得到這些是一些
[00:08:43.000 --> 00:08:45.000]  現代的以色列人
[00:08:45.000 --> 00:08:47.000]  一些開心的婚禮的圖畫
[00:08:47.000 --> 00:08:49.000]  一些的場面
[00:08:49.000 --> 00:08:51.000]  事實上結婚
[00:08:51.000 --> 00:08:53.000]  是人生的大事
[00:08:53.000 --> 00:08:55.000]  應該都是這樣
[00:08:55.000 --> 00:08:57.000]  當然今天新興的男女
[00:08:57.000 --> 00:08:59.000]  旅行脈月
[00:08:59.000 --> 00:09:01.000]  結了婚了
[00:09:01.000 --> 00:09:03.000]  爸爸媽媽我結了婚
[00:09:03.000 --> 00:09:05.000]  比較特別
[00:09:05.000 --> 00:09:07.000]  但在古代不是
[00:09:07.000 --> 00:09:09.000]  在現代社會裏面
[00:09:09.000 --> 00:09:11.000]  他們的結婚是一件隆重的事
[00:09:11.000 --> 00:09:13.000]  以致到會叫齊附近的
[00:09:13.000 --> 00:09:15.000]  鄉村的一些居民
[00:09:15.000 --> 00:09:17.000]  親友一齊來到
[00:09:17.000 --> 00:09:19.000]  去慶祝
[00:09:19.000 --> 00:09:21.000]  在聖經裏面講到一些結婚的場合
[00:09:21.000 --> 00:09:23.000]  是很特別的
[00:09:23.000 --> 00:09:25.000]  很隆重的
[00:09:25.000 --> 00:09:27.000]  甚至乎按他們的婚禮
[00:09:27.000 --> 00:09:29.000]  的習慣
[00:09:29.000 --> 00:09:31.000]  新郎要去接新娘的時候
[00:09:31.000 --> 00:09:33.000]  往往就是
[00:09:33.000 --> 00:09:35.000]  一出家門口
[00:09:35.000 --> 00:09:37.000]  就要去到附近不同的街坊
[00:09:37.000 --> 00:09:39.000]  就要拜訪
[00:09:39.000 --> 00:09:41.000]  我今天結婚了
[00:09:41.000 --> 00:09:43.000]  我長大了
[00:09:43.000 --> 00:09:45.000]  到不同的鄉里
[00:09:45.000 --> 00:09:47.000]  到不同的店鋪
[00:09:47.000 --> 00:09:49.000]  親戚那裏都要告訴他們
[00:09:49.000 --> 00:09:51.000]  我今天結婚了
[00:09:51.000 --> 00:09:53.000]  要不斷去拜訪不同的人
[00:09:53.000 --> 00:09:55.000]  所以拜訪下拜訪下
[00:09:55.000 --> 00:09:57.000]  時間就不是你控制的
[00:09:57.000 --> 00:09:59.000]  因為你去到別人家裏
[00:09:59.000 --> 00:10:01.000]  別人叫你多喝一杯水
[00:10:01.000 --> 00:10:03.000]  跟你多講幾句話
[00:10:03.000 --> 00:10:05.000]  可能有些心意想給你
[00:10:05.000 --> 00:10:07.000]  所以時間不受控制
[00:10:07.000 --> 00:10:09.000]  所以你記得聖經裏面
[00:10:09.000 --> 00:10:11.000]  曾經出現了十個
[00:10:11.000 --> 00:10:13.000]  童女的比喻
[00:10:13.000 --> 00:10:15.000]  童女的比喻裏面
[00:10:15.000 --> 00:10:17.000]  新郎要去到不同的拜訪
[00:10:17.000 --> 00:10:19.000]  新郎來的時間
[00:10:19.000 --> 00:10:21.000]  往往是去到黃昏
[00:10:21.000 --> 00:10:23.000]  甚至乎再晚一點的時間
[00:10:23.000 --> 00:10:25.000]  所以童女就要預備燈
[00:10:25.000 --> 00:10:27.000]  去迎接著
[00:10:27.000 --> 00:10:29.000]  新郎的來臨
[00:10:29.000 --> 00:10:31.000]  沒有預備燈就不好意思了
[00:10:31.000 --> 00:10:33.000]  到時關了門就不歡迎你了
[00:10:33.000 --> 00:10:35.000]  就因為那個時間
[00:10:35.000 --> 00:10:37.000]  是不受控制
[00:10:37.000 --> 00:10:39.000]  所以最後去到
[00:10:39.000 --> 00:10:41.000]  新娘的家裏
[00:10:41.000 --> 00:10:43.000]  終於順利接完
[00:10:43.000 --> 00:10:45.000]  新娘之後
[00:10:45.000 --> 00:10:47.000]  就會帶著
[00:10:47.000 --> 00:10:49.000]  伴郎和新郎
[00:10:49.000 --> 00:10:51.000]  迎接著新娘
[00:10:51.000 --> 00:10:53.000]  回到家裏
[00:10:53.000 --> 00:10:55.000]  就開始進行
[00:10:55.000 --> 00:10:57.000]  他們的宴會
[00:10:57.000 --> 00:10:59.000]  就是這樣
[00:10:59.000 --> 00:11:01.000]  所以整個過程
[00:11:01.000 --> 00:11:03.000]  都是一個長的時間
[00:11:03.000 --> 00:11:05.000]  還有他們的宴會
[00:11:05.000 --> 00:11:07.000]  有些傳統的說法都會說到
[00:11:07.000 --> 00:11:09.000]  他們擺酒就不像我們今天這樣
[00:11:09.000 --> 00:11:11.000]  今天很簡單
[00:11:11.000 --> 00:11:13.000]  一個晚上就搞定
[00:11:13.000 --> 00:11:15.000]  他們甚至乎要一個禮拜的時間
[00:11:15.000 --> 00:11:17.000]  為什麼要擺這麼久呢
[00:11:17.000 --> 00:11:19.000]  你想像一下
[00:11:19.000 --> 00:11:21.000]  你靠近鄰居的家
[00:11:21.000 --> 00:11:23.000]  走過來就到了
[00:11:23.000 --> 00:11:25.000]  但是有些人
[00:11:25.000 --> 00:11:27.000]  住得很遠
[00:11:27.000 --> 00:11:29.000]  紐約的親戚又要來
[00:11:29.000 --> 00:11:31.000]  加州的親戚又要來
[00:11:31.000 --> 00:11:33.000]  香港的親戚來
[00:11:33.000 --> 00:11:35.000]  坐飛機都要時間
[00:11:35.000 --> 00:11:37.000]  所以他們的酒宴
[00:11:37.000 --> 00:11:39.000]  甚至乎會長到一個禮拜的時間
[00:11:39.000 --> 00:11:41.000]  要預備充足的酒水
[00:11:41.000 --> 00:11:43.000]  是少不免的
[00:11:43.000 --> 00:11:45.000]  要預備充足的食物
[00:11:45.000 --> 00:11:47.000]  是必須的
[00:11:47.000 --> 00:11:49.000]  所以在這個情況下
[00:11:49.000 --> 00:11:51.000]  今天這件事情
[00:11:51.000 --> 00:11:53.000]  這麼多賓客來到的時候
[00:11:53.000 --> 00:11:55.000]  就出現了我們今天
[00:11:55.000 --> 00:11:57.000]  要看的重點
[00:11:57.000 --> 00:11:59.000]  第一個重點是什麼呢
[00:11:59.000 --> 00:12:01.000]  就是主決
[00:12:01.000 --> 00:12:03.000]  我邀請大家讀一讀這三節
[00:12:03.000 --> 00:12:05.000]  好 開始
[00:12:05.000 --> 00:12:07.000]  酒用完了 耶穌的母親對她說
[00:12:07.000 --> 00:12:09.000]  她們沒有酒了
[00:12:09.000 --> 00:12:11.000]  耶穌說
[00:12:11.000 --> 00:12:13.000]  母親 我與你何干呢
[00:12:13.000 --> 00:12:15.000]  我的時候還沒有到
[00:12:15.000 --> 00:12:17.000]  她母親用人說
[00:12:17.000 --> 00:12:19.000]  他告訴你們什麼
[00:12:19.000 --> 00:12:21.000]  你們就做吧
[00:12:21.000 --> 00:12:23.000]  剛才我們說到
[00:12:23.000 --> 00:12:25.000]  這個婚宴
[00:12:25.000 --> 00:12:27.000]  維持一個不是一個短時間
[00:12:27.000 --> 00:12:29.000]  短時間你容易些掌握
[00:12:29.000 --> 00:12:31.000]  你的酒水的數量
[00:12:31.000 --> 00:12:33.000]  但是當你維持一天兩天
[00:12:33.000 --> 00:12:35.000]  甚至會再長一些
[00:12:35.000 --> 00:12:37.000]  如果真的去到七天的話
[00:12:37.000 --> 00:12:39.000]  你預備的酒水
[00:12:39.000 --> 00:12:41.000]  就有時難以控制
[00:12:41.000 --> 00:12:43.000]  而在這個經文裏面
[00:12:43.000 --> 00:12:45.000]  我們見得到
[00:12:45.000 --> 00:12:47.000]  耶穌的母親
[00:12:47.000 --> 00:12:49.000]  就因為這些酒水的問題
[00:12:49.000 --> 00:12:51.000]  去找耶穌
[00:12:51.000 --> 00:12:53.000]  為什麼會是耶穌的母親做這些事呢
[00:12:53.000 --> 00:12:55.000]  有些人都說
[00:12:55.000 --> 00:12:57.000]  其中一個可能就是
[00:12:57.000 --> 00:12:59.000]  剛才我們說
[00:12:59.000 --> 00:13:01.000]  那撒勒和迦勒是很近的
[00:13:01.000 --> 00:13:03.000]  可能瑪利亞
[00:13:03.000 --> 00:13:05.000]  都是被邀請成為幫手
[00:13:05.000 --> 00:13:07.000]  籌辦婚禮當中
[00:13:07.000 --> 00:13:09.000]  一些飲宴的事的人
[00:13:09.000 --> 00:13:11.000]  所以瑪利亞
[00:13:11.000 --> 00:13:13.000]  這個時候都需要
[00:13:13.000 --> 00:13:15.000]  去幫手打點一些事情
[00:13:15.000 --> 00:13:17.000]  就是這樣
[00:13:17.000 --> 00:13:19.000]  她要負責打點一些事情的時候
[00:13:19.000 --> 00:13:21.000]  她就發現了
[00:13:21.000 --> 00:13:23.000]  沒有酒了
[00:13:23.000 --> 00:13:25.000]  她說他們沒有酒了
[00:13:25.000 --> 00:13:27.000]  我不知道對於你來說
[00:13:27.000 --> 00:13:29.000]  如果一個婚宴沒有酒喝
[00:13:29.000 --> 00:13:31.000]  有什麼大不了
[00:13:31.000 --> 00:13:33.000]  小小的
[00:13:33.000 --> 00:13:35.000]  沒有什麼大問題
[00:13:35.000 --> 00:13:37.000]  沒有就沒有
[00:13:37.000 --> 00:13:39.000]  但是你要知道
[00:13:39.000 --> 00:13:41.000]  在當時的文化社會
[00:13:41.000 --> 00:13:43.000]  這一場婚宴
[00:13:43.000 --> 00:13:45.000]  不夠酒喝
[00:13:45.000 --> 00:13:47.000]  是一件大事
[00:13:47.000 --> 00:13:49.000]  有幾個原因是一件大事
[00:13:49.000 --> 00:13:51.000]  為什麼呢
[00:13:51.000 --> 00:13:53.000]  原來當你預備的酒
[00:13:53.000 --> 00:13:55.000]  不夠的時候
[00:13:55.000 --> 00:13:57.000]  第一是一個極大的恥辱
[00:13:57.000 --> 00:13:59.000]  和一個社交災難
[00:13:59.000 --> 00:14:01.000]  正所謂
[00:14:01.000 --> 00:14:03.000]  你結婚是喜慶的事
[00:14:03.000 --> 00:14:05.000]  當中大家都覺得
[00:14:05.000 --> 00:14:07.000]  你是一件喜慶的事
[00:14:07.000 --> 00:14:09.000]  大家千里迢迢來到
[00:14:09.000 --> 00:14:11.000]  參與這個宴會
[00:14:11.000 --> 00:14:13.000]  你作為主人家
[00:14:13.000 --> 00:14:15.000]  你一個任務要盛情去招待
[00:14:15.000 --> 00:14:17.000]  每一個來到的
[00:14:17.000 --> 00:14:19.000]  讓他們盡興而歸
[00:14:19.000 --> 00:14:21.000]  如果你沒有準備足夠的酒水
[00:14:21.000 --> 00:14:23.000]  就會被視為
[00:14:23.000 --> 00:14:25.000]  新郎的這一家
[00:14:25.000 --> 00:14:27.000]  一個極大的錯失
[00:14:27.000 --> 00:14:29.000]  甚至乎
[00:14:29.000 --> 00:14:31.000]  吝嗇的表現
[00:14:31.000 --> 00:14:33.000]  吝嗇認不認得
[00:14:33.000 --> 00:14:35.000]  希望認得
[00:14:35.000 --> 00:14:37.000]  吝嗇的表現
[00:14:37.000 --> 00:14:39.000]  甚至乎是缺乏準備
[00:14:39.000 --> 00:14:41.000]  以至到
[00:14:41.000 --> 00:14:43.000]  你失敗了
[00:14:43.000 --> 00:14:45.000]  這件事
[00:14:45.000 --> 00:14:47.000]  你以後
[00:14:47.000 --> 00:14:49.000]  要唱你幾年
[00:14:49.000 --> 00:14:51.000]  要唱你十年
[00:14:51.000 --> 00:14:53.000]  這麼孤寒的一家人
[00:14:53.000 --> 00:14:55.000]  結婚會弄成這樣
[00:14:55.000 --> 00:14:57.000]  所以成為一種
[00:14:57.000 --> 00:14:59.000]  結婚新郎一家
[00:14:59.000 --> 00:15:01.000]  一個極大的羞辱
[00:15:01.000 --> 00:15:03.000]  和一個不好的表現
[00:15:03.000 --> 00:15:05.000]  所以你可以想像一下
[00:15:05.000 --> 00:15:07.000]  Facebook就會被人不斷說
[00:15:07.000 --> 00:15:09.000]  不單止這樣
[00:15:09.000 --> 00:15:11.000]  原來
[00:15:11.000 --> 00:15:13.000]  我找資料時說
[00:15:13.000 --> 00:15:15.000]  還有趣的地方是什麼
[00:15:15.000 --> 00:15:17.000]  可能面對法律的訴訟
[00:15:17.000 --> 00:15:19.000]  要被人告
[00:15:19.000 --> 00:15:21.000]  我不知道今天你去
[00:15:21.000 --> 00:15:23.000]  結婚喝酒吃飯
[00:15:23.000 --> 00:15:25.000]  原來你沒有
[00:15:25.000 --> 00:15:27.000]  不足夠的酒水會被人告
[00:15:27.000 --> 00:15:29.000]  為什麼呢?很簡單
[00:15:29.000 --> 00:15:31.000]  你去婚禮
[00:15:31.000 --> 00:15:33.000]  你會不會空手去
[00:15:33.000 --> 00:15:35.000]  什麼都不帶
[00:15:35.000 --> 00:15:37.000]  通常會
[00:15:37.000 --> 00:15:39.000]  特別是和你約熟
[00:15:39.000 --> 00:15:41.000]  帶金鏈、金珠
[00:15:41.000 --> 00:15:43.000]  金珠鏈
[00:15:43.000 --> 00:15:45.000]  帶金戒指
[00:15:45.000 --> 00:15:47.000]  送一隻撈、跑車
[00:15:47.000 --> 00:15:49.000]  應該還沒有
[00:15:49.000 --> 00:15:51.000]  送很多不同的東西
[00:15:51.000 --> 00:15:53.000]  禮金又要即場計算
[00:15:53.000 --> 00:15:55.000]  禮金有多少
[00:15:55.000 --> 00:15:57.000]  會這樣的
[00:15:57.000 --> 00:15:59.000]  每個人都可以去
[00:15:59.000 --> 00:16:01.000]  不是你白吃
[00:16:01.000 --> 00:16:03.000]  是帶齊的
[00:16:03.000 --> 00:16:05.000]  做足準備
[00:16:05.000 --> 00:16:07.000]  但如果你
[00:16:07.000 --> 00:16:09.000]  帶不夠
[00:16:09.000 --> 00:16:11.000]  沒有盡你的義務
[00:16:11.000 --> 00:16:13.000]  原來在當時的文化裏
[00:16:13.000 --> 00:16:15.000]  就可以
[00:16:15.000 --> 00:16:17.000]  向新娘
[00:16:17.000 --> 00:16:19.000]  或者賓客
[00:16:19.000 --> 00:16:21.000]  可以向主人家
[00:16:21.000 --> 00:16:23.000]  去告狀
[00:16:23.000 --> 00:16:25.000]  申請法律訴訟
[00:16:25.000 --> 00:16:27.000]  如果用今天的角度
[00:16:27.000 --> 00:16:29.000]  商品說明條例
[00:16:29.000 --> 00:16:31.000]  不符合商品說明條例
[00:16:31.000 --> 00:16:33.000]  不符合商品說明條例
[00:16:33.000 --> 00:16:35.000]  不符合商品說明條例
[00:16:35.000 --> 00:16:37.000]  貨不對板
[00:16:37.000 --> 00:16:39.000]  簡單地說
[00:16:39.000 --> 00:16:41.000]  原來都要這樣
[00:16:41.000 --> 00:16:43.000]  甚至乎
[00:16:43.000 --> 00:16:45.000]  不是錢銀的問題
[00:16:45.000 --> 00:16:47.000]  可能被視為不祥的預兆
[00:16:47.000 --> 00:16:49.000]  為什麼呢?
[00:16:49.000 --> 00:16:51.000]  女人嫁給你
[00:16:51.000 --> 00:16:53.000]  都沒有幸福
[00:16:53.000 --> 00:16:55.000]  一嫁給你
[00:16:55.000 --> 00:16:57.000]  就沒有面子
[00:16:57.000 --> 00:16:59.000]  沒有幸福
[00:16:59.000 --> 00:17:01.000]  所以在婚宴裏
[00:17:01.000 --> 00:17:03.000]  沒有離開不是這麼簡單
[00:17:03.000 --> 00:17:05.000]  是一件大事
[00:17:05.000 --> 00:17:07.000]  是一件很緊張的事
[00:17:07.000 --> 00:17:09.000]  既然是這麼緊張的事
[00:17:09.000 --> 00:17:11.000]  負責的人
[00:17:11.000 --> 00:17:13.000]  就要怎樣?
[00:17:13.000 --> 00:17:15.000]  就要立即想想怎樣去解決
[00:17:15.000 --> 00:17:17.000]  所以你見到
[00:17:17.000 --> 00:17:19.000]  耶穌的母親
[00:17:19.000 --> 00:17:21.000]  就是要離開
[00:17:21.000 --> 00:17:23.000]  去問耶穌
[00:17:23.000 --> 00:17:25.000]  特別是她要幫忙參與婚宴的事務
[00:17:25.000 --> 00:17:27.000]  她就跟耶穌說
[00:17:27.000 --> 00:17:29.000]  她們沒有離開
[00:17:29.000 --> 00:17:31.000]  即是怎樣?
[00:17:31.000 --> 00:17:33.000]  耶穌幫我解決
[00:17:33.000 --> 00:17:35.000]  即是說
[00:17:35.000 --> 00:17:37.000]  現在這一刻
[00:17:37.000 --> 00:17:39.000]  她說出來
[00:17:39.000 --> 00:17:41.000]  解決不了
[00:17:41.000 --> 00:17:43.000]  新郎不行
[00:17:43.000 --> 00:17:45.000]  我幫忙的都沒有面子
[00:17:45.000 --> 00:17:47.000]  耶穌要出手幫我們解決
[00:17:47.000 --> 00:17:49.000]  這個問題
[00:17:49.000 --> 00:17:51.000]  解決這個問題
[00:17:51.000 --> 00:17:53.000]  而當中耶穌怎樣回答呢?
[00:17:53.000 --> 00:17:55.000]  耶穌怎樣回答呢?
[00:17:55.000 --> 00:17:57.000]  這裡他說
[00:17:57.000 --> 00:17:59.000]  耶穌的回答就是母親
[00:17:59.000 --> 00:18:01.000]  我與你何干呢?
[00:18:01.000 --> 00:18:03.000]  我的時候
[00:18:03.000 --> 00:18:05.000]  還沒有到
[00:18:05.000 --> 00:18:07.000]  這個就是和合本修訂版裏面
[00:18:07.000 --> 00:18:09.000]  那個翻譯
[00:18:09.000 --> 00:18:11.000]  這個翻譯我想大家都覺得
[00:18:11.000 --> 00:18:13.000]  都沒有什麼問題
[00:18:13.000 --> 00:18:15.000]  好像是耶穌說幫她解決
[00:18:15.000 --> 00:18:17.000]  但如果你留意
[00:18:17.000 --> 00:18:19.000]  其實在聖經裏面的原文
[00:18:19.000 --> 00:18:21.000]  並不是叫母親的
[00:18:21.000 --> 00:18:23.000]  事實上
[00:18:23.000 --> 00:18:25.000]  今天我們看很多翻譯本
[00:18:25.000 --> 00:18:27.000]  都嘗試去處理一個問題
[00:18:27.000 --> 00:18:29.000]  所以很多翻譯本都說母親
[00:18:29.000 --> 00:18:31.000]  即是用一些
[00:18:31.000 --> 00:18:33.000]  好一點的字眼
[00:18:33.000 --> 00:18:35.000]  但其實在原文裏面
[00:18:35.000 --> 00:18:37.000]  其實耶穌就叫
[00:18:37.000 --> 00:18:39.000]  瑪利亞是甚麼呢?
[00:18:39.000 --> 00:18:41.000]  婦人
[00:18:41.000 --> 00:18:43.000]  女人
[00:18:43.000 --> 00:18:45.000]  即是這樣的
[00:18:45.000 --> 00:18:47.000]  你想想
[00:18:47.000 --> 00:18:49.000]  如果師母煮東西給我的子女
[00:18:49.000 --> 00:18:51.000]  我兒子說
[00:18:51.000 --> 00:18:53.000]  婦人
[00:18:53.000 --> 00:18:55.000]  煮個麵給我吃
[00:18:55.000 --> 00:18:57.000]  他死定了
[00:18:57.000 --> 00:18:59.000]  是不是?
[00:18:59.000 --> 00:19:01.000]  是不是?
[00:19:01.000 --> 00:19:03.000]  即是我們今天會說
[00:19:03.000 --> 00:19:05.000]  你對媽媽這樣說當然不行
[00:19:05.000 --> 00:19:07.000]  是不是?
[00:19:07.000 --> 00:19:09.000]  不可以這樣說的
[00:19:09.000 --> 00:19:11.000]  但我們發現在聖經裏面
[00:19:11.000 --> 00:19:13.000]  出現這個問題
[00:19:13.000 --> 00:19:15.000]  就是原來當時耶穌
[00:19:15.000 --> 00:19:17.000]  和他們的母親
[00:19:17.000 --> 00:19:19.000]  婦人
[00:19:19.000 --> 00:19:21.000]  女人
[00:19:21.000 --> 00:19:23.000]  我與你何干呢?
[00:19:23.000 --> 00:19:25.000]  所以這是一個最大的問題
[00:19:25.000 --> 00:19:27.000]  為甚麼會這樣說呢?
[00:19:27.000 --> 00:19:29.000]  有很多學者嘗試不同的解釋
[00:19:29.000 --> 00:19:31.000]  其中
[00:19:31.000 --> 00:19:33.000]  最合理的解釋就是
[00:19:33.000 --> 00:19:35.000]  因為當母親
[00:19:35.000 --> 00:19:37.000]  瑪利亞來到的時候
[00:19:37.000 --> 00:19:39.000]  她的心態就是想
[00:19:39.000 --> 00:19:41.000]  耶穌幫忙解決
[00:19:41.000 --> 00:19:43.000]  她當下最緊急的問題
[00:19:43.000 --> 00:19:45.000]  但耶穌很清楚
[00:19:45.000 --> 00:19:47.000]  祂來到這個世界的目的是甚麼?
[00:19:47.000 --> 00:19:49.000]  祂要解決
[00:19:49.000 --> 00:19:51.000]  人類最大的問題
[00:19:51.000 --> 00:19:53.000]  是不一樣的
[00:19:53.000 --> 00:19:55.000]  我們很著緊
[00:19:55.000 --> 00:19:57.000]  解決我們自己生活的問題
[00:19:57.000 --> 00:19:59.000]  就求耶穌
[00:19:59.000 --> 00:20:01.000]  我們祈禱的時候也是這樣
[00:20:01.000 --> 00:20:03.000]  解決一下今天買到菜
[00:20:03.000 --> 00:20:05.000]  今天搭車順利
[00:20:05.000 --> 00:20:07.000]  今天不要下雨
[00:20:07.000 --> 00:20:09.000]  今晚看到雨
[00:20:09.000 --> 00:20:11.000]  我們求這些問題的
[00:20:11.000 --> 00:20:13.000]  但耶穌不一樣
[00:20:15.000 --> 00:20:17.000]  耶穌說
[00:20:17.000 --> 00:20:19.000]  我的時候還沒有到
[00:20:19.000 --> 00:20:21.000]  因為耶穌的時間來到
[00:20:21.000 --> 00:20:23.000]  更大的處理我們罪的問題
[00:20:23.000 --> 00:20:25.000]  我們罪的問題
[00:20:25.000 --> 00:20:27.000]  才能讓我們真正開心
[00:20:27.000 --> 00:20:29.000]  真正得回那份面子的時刻
[00:20:29.000 --> 00:20:31.000]  一份與上帝修補關係的時刻
[00:20:31.000 --> 00:20:35.000]  所以為甚麼
[00:20:35.000 --> 00:20:37.000]  耶穌不是這樣說
[00:20:37.000 --> 00:20:39.000]  只是稱祂為婦人呢?
[00:20:39.000 --> 00:20:41.000]  因為耶穌那一刻
[00:20:41.000 --> 00:20:43.000]  不是從兒子對母親的角度
[00:20:43.000 --> 00:20:45.000]  去稱呼瑪利亞
[00:20:45.000 --> 00:20:47.000]  這個女人
[00:20:47.000 --> 00:20:49.000]  而是從
[00:20:49.000 --> 00:20:51.000]  祂被神差派來到的時候
[00:20:51.000 --> 00:20:53.000]  那個道
[00:20:53.000 --> 00:20:55.000]  道成肉身的主
[00:20:55.000 --> 00:20:57.000]  的角度跟這個女人說
[00:20:57.000 --> 00:20:59.000]  跟瑪利亞說
[00:20:59.000 --> 00:21:01.000]  祂有祂的時間
[00:21:01.000 --> 00:21:03.000]  所以這裡
[00:21:03.000 --> 00:21:05.000]  說到我與你何干
[00:21:05.000 --> 00:21:07.000]  是甚麼意思呢?
[00:21:07.000 --> 00:21:09.000]  我與你何干的意思是
[00:21:09.000 --> 00:21:11.000]  為甚麼不讓我來作決定呢?
[00:21:11.000 --> 00:21:13.000]  因為這一刻瑪利亞
[00:21:13.000 --> 00:21:15.000]  很想用她自己的決定
[00:21:15.000 --> 00:21:17.000]  要耶穌跟隨她的決定去做
[00:21:17.000 --> 00:21:19.000]  但耶穌說了一個問題
[00:21:19.000 --> 00:21:21.000]  我有我自己的時間
[00:21:21.000 --> 00:21:23.000]  為甚麼你不讓我用我自己的時間
[00:21:23.000 --> 00:21:25.000]  去做我自己應該有的決定呢?
[00:21:25.000 --> 00:21:29.000]  哪一個是主?
[00:21:29.000 --> 00:21:31.000]  哪一個有主權?
[00:21:31.000 --> 00:21:33.000]  在這一刻
[00:21:33.000 --> 00:21:35.000]  耶穌就從天上的角度
[00:21:35.000 --> 00:21:37.000]  跟地上的女人
[00:21:37.000 --> 00:21:39.000]  瑪利亞這個母親
[00:21:39.000 --> 00:21:41.000]  跟她說
[00:21:41.000 --> 00:21:43.000]  夫人
[00:21:43.000 --> 00:21:45.000]  為甚麼不讓我作決定呢?
[00:21:45.000 --> 00:21:47.000]  由我去決定
[00:21:47.000 --> 00:21:49.000]  幫還是不幫?
[00:21:49.000 --> 00:21:51.000]  做還是不做?
[00:21:51.000 --> 00:21:53.000]  原來就是這樣的
[00:21:53.000 --> 00:21:55.000]  今天我們都要面對一個
[00:21:55.000 --> 00:21:57.000]  很實際的
[00:21:57.000 --> 00:21:59.000]  一個思考
[00:21:59.000 --> 00:22:01.000]  我們有沒有
[00:22:01.000 --> 00:22:03.000]  著急於自己的困難
[00:22:03.000 --> 00:22:05.000]  和問題,以致很多時候
[00:22:05.000 --> 00:22:07.000]  我們干擾神的時候
[00:22:07.000 --> 00:22:09.000]  神有計劃,神有時候
[00:22:09.000 --> 00:22:11.000]  但很多時候
[00:22:11.000 --> 00:22:13.000]  我們只顧著自己
[00:22:13.000 --> 00:22:15.000]  今天的安排
[00:22:15.000 --> 00:22:17.000]  明天的安排,下個月的安排
[00:22:17.000 --> 00:22:19.000]  下一年的計劃
[00:22:19.000 --> 00:22:21.000]  做了很多這樣的事情
[00:22:21.000 --> 00:22:23.000]  但總是沒有想過神的時間
[00:22:23.000 --> 00:22:25.000]  神的計劃,神的日子
[00:22:25.000 --> 00:22:27.000]  所以我們很多時候
[00:22:27.000 --> 00:22:29.000]  就是求神去改變祂的計劃
[00:22:29.000 --> 00:22:31.000]  改變祂的計劃
[00:22:31.000 --> 00:22:33.000]  來滿足我的計劃
[00:22:33.000 --> 00:22:35.000]  以神的時間
[00:22:35.000 --> 00:22:37.000]  去更改
[00:22:37.000 --> 00:22:39.000]  來配合我的時間
[00:22:39.000 --> 00:22:41.000]  所以瑪利亞會這樣說
[00:22:41.000 --> 00:22:43.000]  但耶穌說不是
[00:22:43.000 --> 00:22:45.000]  耶穌說不是
[00:22:45.000 --> 00:22:47.000]  你要讓我作決定
[00:22:47.000 --> 00:22:49.000]  你要讓我作決定
[00:22:49.000 --> 00:22:51.000]  特別很多時候
[00:22:51.000 --> 00:22:53.000]  這裡其中一個反思
[00:22:53.000 --> 00:22:55.000]  就是我們和一個人
[00:22:55.000 --> 00:22:57.000]  越親密
[00:22:57.000 --> 00:22:59.000]  我們很多時候就越容易
[00:22:59.000 --> 00:23:01.000]  因為親密的原因
[00:23:01.000 --> 00:23:03.000]  我叫你做事
[00:23:03.000 --> 00:23:05.000]  很有趣
[00:23:05.000 --> 00:23:07.000]  我們一般人
[00:23:07.000 --> 00:23:09.000]  叫別人做事,我們都會好聲好氣
[00:23:09.000 --> 00:23:11.000]  請你遲,請你後
[00:23:11.000 --> 00:23:13.000]  但越親密
[00:23:13.000 --> 00:23:15.000]  你幫我煮個麵
[00:23:15.000 --> 00:23:17.000]  你幫我煮個飯
[00:23:17.000 --> 00:23:19.000]  好像呼呼喝喝
[00:23:19.000 --> 00:23:21.000]  甚至有時候
[00:23:21.000 --> 00:23:23.000]  親密多的地方
[00:23:23.000 --> 00:23:25.000]  你不是不聽我說話吧
[00:23:25.000 --> 00:23:27.000]  我是你媽媽
[00:23:27.000 --> 00:23:29.000]  有時候我們是兒女的爸爸
[00:23:29.000 --> 00:23:31.000]  我們是兒女的媽媽
[00:23:31.000 --> 00:23:33.000]  我們和她很密切的關係
[00:23:33.000 --> 00:23:35.000]  但有時候
[00:23:35.000 --> 00:23:37.000]  她也有她想作決定的時候
[00:23:37.000 --> 00:23:39.000]  我們又要
[00:23:39.000 --> 00:23:41.000]  我和你這麼親密
[00:23:41.000 --> 00:23:43.000]  我和你這麼大關係
[00:23:43.000 --> 00:23:45.000]  你不是不聽吧
[00:23:45.000 --> 00:23:47.000]  有時候我們會有這樣的想法
[00:23:47.000 --> 00:23:49.000]  我們和神的關係
[00:23:49.000 --> 00:23:51.000]  有時候我們帶著這些想法
[00:23:51.000 --> 00:23:53.000]  神我經常和你祈禱
[00:23:53.000 --> 00:23:55.000]  神我這麼聽你的話
[00:23:55.000 --> 00:23:57.000]  神我又要你回教會
[00:23:57.000 --> 00:23:59.000]  你不是這樣都不幫我吧
[00:23:59.000 --> 00:24:01.000]  我們都很期望
[00:24:01.000 --> 00:24:03.000]  有時候令我們和神的親密
[00:24:03.000 --> 00:24:05.000]  就成為了我們
[00:24:05.000 --> 00:24:07.000]  一種指派神做事的
[00:24:07.000 --> 00:24:09.000]  好像一個把柄
[00:24:09.000 --> 00:24:11.000]  所以你不能不聽
[00:24:11.000 --> 00:24:13.000]  我們有時候會這樣
[00:24:13.000 --> 00:24:15.000]  今天我們第一個思考
[00:24:15.000 --> 00:24:17.000]  不是的
[00:24:17.000 --> 00:24:19.000]  就算我們和神有多親密
[00:24:19.000 --> 00:24:21.000]  你仍要弄清楚
[00:24:21.000 --> 00:24:23.000]  主權是屬於上帝
[00:24:23.000 --> 00:24:25.000]  我們是神
[00:24:25.000 --> 00:24:27.000]  何等寶貴的兒女
[00:24:27.000 --> 00:24:29.000]  我們可以向神祈禱
[00:24:29.000 --> 00:24:31.000]  不過你不要以為
[00:24:31.000 --> 00:24:33.000]  你就可以點神去做事
[00:24:33.000 --> 00:24:35.000]  耶穌很簡單
[00:24:35.000 --> 00:24:37.000]  你可以向神說你的需要
[00:24:37.000 --> 00:24:39.000]  但決定的
[00:24:39.000 --> 00:24:41.000]  是神自己
[00:24:41.000 --> 00:24:43.000]  我們學習的功課
[00:24:43.000 --> 00:24:45.000]  就是要馴服上帝的主權
[00:24:45.000 --> 00:24:47.000]  所以我們看到
[00:24:47.000 --> 00:24:49.000]  在之後
[00:24:49.000 --> 00:24:51.000]  瑪利亞的回應很簡單
[00:24:51.000 --> 00:24:53.000]  聽完耶穌的吩咐
[00:24:53.000 --> 00:24:55.000]  你發現她不是生氣了
[00:24:55.000 --> 00:24:57.000]  正常是生氣
[00:24:57.000 --> 00:24:59.000]  不知道怎樣翻譯
[00:24:59.000 --> 00:25:01.000]  就是說
[00:25:01.000 --> 00:25:03.000]  如果婦人
[00:25:03.000 --> 00:25:05.000]  你真的覺得有問題
[00:25:05.000 --> 00:25:07.000]  你會生氣
[00:25:07.000 --> 00:25:09.000]  但瑪利亞的回應
[00:25:09.000 --> 00:25:11.000]  馬上和用人說
[00:25:11.000 --> 00:25:13.000]  她告訴你們
[00:25:13.000 --> 00:25:15.000]  你們就做吧
[00:25:15.000 --> 00:25:17.000]  她不是生氣
[00:25:17.000 --> 00:25:19.000]  她知道
[00:25:19.000 --> 00:25:21.000]  她一早已經認識到耶穌是誰
[00:25:21.000 --> 00:25:23.000]  福音書很清楚
[00:25:23.000 --> 00:25:25.000]  在耶穌十二歲的時候
[00:25:25.000 --> 00:25:27.000]  已經知道耶穌是誰
[00:25:27.000 --> 00:25:29.000]  在耶穌肚子裡的時候
[00:25:29.000 --> 00:25:31.000]  已經知道他是非凡
[00:25:31.000 --> 00:25:33.000]  不是普通人
[00:25:33.000 --> 00:25:35.000]  所以她醒悟之後
[00:25:35.000 --> 00:25:37.000]  她的反應是
[00:25:37.000 --> 00:25:39.000]  她不再和耶穌爭拗
[00:25:39.000 --> 00:25:41.000]  她只交主權給耶穌
[00:25:41.000 --> 00:25:43.000]  由耶穌決定
[00:25:43.000 --> 00:25:45.000]  所以夥計
[00:25:45.000 --> 00:25:47.000]  她和你說什麼
[00:25:47.000 --> 00:25:49.000]  你都照做
[00:25:49.000 --> 00:25:51.000]  你不要和她爭拗
[00:25:51.000 --> 00:25:53.000]  由耶穌決定
[00:25:53.000 --> 00:25:55.000]  所以最後不是吵架
[00:25:55.000 --> 00:25:57.000]  不是母子吵架
[00:25:57.000 --> 00:25:59.000]  是瑪利亞不以母親自居
[00:25:59.000 --> 00:26:01.000]  而選擇
[00:26:01.000 --> 00:26:03.000]  以一個婦人的身份
[00:26:03.000 --> 00:26:05.000]  去馴服主耶穌
[00:26:05.000 --> 00:26:07.000]  跟著耶穌的安排
[00:26:07.000 --> 00:26:09.000]  請用人跟著耶穌的安排
[00:26:09.000 --> 00:26:11.000]  這是第一點
[00:26:11.000 --> 00:26:15.000]  我們要思考主權是誰
[00:26:15.000 --> 00:26:17.000]  我們要將主權
[00:26:17.000 --> 00:26:19.000]  交給可以做決定的一個
[00:26:21.000 --> 00:26:23.000]  第二點
[00:26:23.000 --> 00:26:25.000]  轉化
[00:26:25.000 --> 00:26:27.000]  這裡說到
[00:26:27.000 --> 00:26:29.000]  怎麼做呢
[00:26:29.000 --> 00:26:31.000]  當中就說到
[00:26:31.000 --> 00:26:33.000]  怎樣以水變酒
[00:26:33.000 --> 00:26:35.000]  這裡說
[00:26:35.000 --> 00:26:37.000]  按照猶太人潔淨的規矩
[00:26:37.000 --> 00:26:39.000]  原來他們門口有六口石缸
[00:26:39.000 --> 00:26:41.000]  擺在那裡
[00:26:41.000 --> 00:26:43.000]  每口可以乘兩三桶水
[00:26:43.000 --> 00:26:45.000]  用來做潔淨
[00:26:45.000 --> 00:26:47.000]  這裡就是
[00:26:47.000 --> 00:26:49.000]  那六口的石缸是怎樣呢
[00:26:49.000 --> 00:26:51.000]  根據這幅圖的左邊
[00:26:51.000 --> 00:26:53.000]  今天在迦納
[00:26:53.000 --> 00:26:55.000]  有一間教堂
[00:26:55.000 --> 00:26:57.000]  迦納的
[00:26:57.000 --> 00:26:59.000]  婚宴紀念堂
[00:26:59.000 --> 00:27:01.000]  傳聞說
[00:27:01.000 --> 00:27:03.000]  這是迦納
[00:27:03.000 --> 00:27:05.000]  以水變酒的地方
[00:27:05.000 --> 00:27:07.000]  但是很難去作實
[00:27:07.000 --> 00:27:09.000]  其中這裡
[00:27:09.000 --> 00:27:11.000]  留下了
[00:27:11.000 --> 00:27:13.000]  四世紀時候
[00:27:13.000 --> 00:27:15.000]  留下的大石缸
[00:27:15.000 --> 00:27:17.000]  可以想像
[00:27:17.000 --> 00:27:19.000]  極大機會
[00:27:19.000 --> 00:27:21.000]  是耶穌當時的石缸
[00:27:21.000 --> 00:27:23.000]  因為很多時候
[00:27:23.000 --> 00:27:25.000]  我們看書
[00:27:25.000 --> 00:27:27.000]  或者看漫畫
[00:27:27.000 --> 00:27:29.000]  畫面通常是這樣
[00:27:29.000 --> 00:27:31.000]  像壺
[00:27:31.000 --> 00:27:33.000]  這些通常
[00:27:33.000 --> 00:27:35.000]  都是用什麼材料做的
[00:27:35.000 --> 00:27:37.000]  那些叫陶瓷
[00:27:37.000 --> 00:27:39.000]  通常不是石
[00:27:39.000 --> 00:27:41.000]  這些圖案
[00:27:41.000 --> 00:27:43.000]  好像花瓶
[00:27:43.000 --> 00:27:45.000]  所以這個
[00:27:45.000 --> 00:27:47.000]  就是石造
[00:27:47.000 --> 00:27:49.000]  因為聖經說六口是石缸
[00:27:49.000 --> 00:27:51.000]  所以
[00:27:51.000 --> 00:27:53.000]  我們相信
[00:27:53.000 --> 00:27:55.000]  這個似乎比較大
[00:27:55.000 --> 00:27:57.000]  比較近的機會
[00:27:57.000 --> 00:27:59.000]  就是那種這麼大型的
[00:27:59.000 --> 00:28:01.000]  旁邊有個女人
[00:28:01.000 --> 00:28:03.000]  半個身這麼高
[00:28:03.000 --> 00:28:05.000]  這麼闊大
[00:28:05.000 --> 00:28:07.000]  可以穩妥地
[00:28:07.000 --> 00:28:09.000]  裝一些水
[00:28:09.000 --> 00:28:11.000]  這些水
[00:28:11.000 --> 00:28:13.000]  裝多少的水呢
[00:28:13.000 --> 00:28:15.000]  就是兩三桶的水
[00:28:15.000 --> 00:28:17.000]  兩三桶的水
[00:28:17.000 --> 00:28:19.000]  是多少呢
[00:28:19.000 --> 00:28:21.000]  兩三桶水
[00:28:21.000 --> 00:28:23.000]  大約是18至24加侖
[00:28:23.000 --> 00:28:25.000]  或者80至120公升
[00:28:25.000 --> 00:28:27.000]  平時你的車
[00:28:27.000 --> 00:28:29.000]  入油入多少加侖
[00:28:29.000 --> 00:28:31.000]  十多加侖
[00:28:31.000 --> 00:28:33.000]  是不是
[00:28:33.000 --> 00:28:35.000]  我通常入十多加侖
[00:28:35.000 --> 00:28:37.000]  都入滿了
[00:28:37.000 --> 00:28:39.000]  這裡說是18至24加侖
[00:28:39.000 --> 00:28:41.000]  你可以想像一下
[00:28:41.000 --> 00:28:43.000]  這個石缸還不夠
[00:28:43.000 --> 00:28:45.000]  而且有六口
[00:28:45.000 --> 00:28:47.000]  其實有很多
[00:28:47.000 --> 00:28:49.000]  很多這樣的水
[00:28:49.000 --> 00:28:51.000]  可以裝很多的水
[00:28:51.000 --> 00:28:53.000]  很大的容量
[00:28:53.000 --> 00:28:55.000]  但是裝這麼多水做什麼呢
[00:28:55.000 --> 00:28:57.000]  無非
[00:28:57.000 --> 00:28:59.000]  都是放在這裡
[00:28:59.000 --> 00:29:01.000]  用潔淨的用途
[00:29:01.000 --> 00:29:03.000]  因為這裡說
[00:29:03.000 --> 00:29:05.000]  是按照猶太人潔淨的規矩
[00:29:05.000 --> 00:29:07.000]  按照猶太人潔淨的規矩
[00:29:07.000 --> 00:29:09.000]  而有的這個石缸
[00:29:09.000 --> 00:29:11.000]  所以呢
[00:29:11.000 --> 00:29:15.000]  這裡說其實
[00:29:15.000 --> 00:29:17.000]  因為猶太人很強調
[00:29:17.000 --> 00:29:19.000]  舊約裏面
[00:29:19.000 --> 00:29:21.000]  一些要求一些禮儀
[00:29:21.000 --> 00:29:23.000]  其中馬學福音裏面
[00:29:23.000 --> 00:29:25.000]  就這樣說
[00:29:25.000 --> 00:29:27.000]  法理賽人和所有的猶太人
[00:29:27.000 --> 00:29:29.000]  都拘守古人的傳統
[00:29:29.000 --> 00:29:31.000]  按照舊約的要求
[00:29:31.000 --> 00:29:33.000]  若不按規矩洗手
[00:29:33.000 --> 00:29:35.000]  就不准吃飯
[00:29:35.000 --> 00:29:37.000]  從史上來的
[00:29:37.000 --> 00:29:39.000]  若不洗淨
[00:29:39.000 --> 00:29:41.000]  也不准吃飯
[00:29:41.000 --> 00:29:43.000]  他們還拘守好些別的規矩
[00:29:43.000 --> 00:29:45.000]  洗杯
[00:29:45.000 --> 00:29:47.000]  洗銅器等等
[00:29:47.000 --> 00:29:49.000]  所以呢
[00:29:49.000 --> 00:29:51.000]  原來他們很著重
[00:29:51.000 --> 00:29:53.000]  去到長途跋涉
[00:29:53.000 --> 00:29:55.000]  要去洗這個手
[00:29:55.000 --> 00:29:57.000]  才可以吃飯
[00:29:57.000 --> 00:29:59.000]  補充多一點
[00:29:59.000 --> 00:30:01.000]  這裡的水不是洗腳那些
[00:30:01.000 --> 00:30:03.000]  你記得耶穌幫叛徒洗腳
[00:30:03.000 --> 00:30:05.000]  洗腳是另外一樣東西
[00:30:05.000 --> 00:30:07.000]  就是由僕人
[00:30:07.000 --> 00:30:09.000]  去幫來賓洗腳
[00:30:09.000 --> 00:30:11.000]  是另外一樣東西
[00:30:11.000 --> 00:30:13.000]  而這些門口的水
[00:30:13.000 --> 00:30:15.000]  是給來賓來的時候
[00:30:15.000 --> 00:30:17.000]  去洗手用的
[00:30:17.000 --> 00:30:19.000]  所以按照這些規矩
[00:30:19.000 --> 00:30:21.000]  每一個進來的來賓
[00:30:21.000 --> 00:30:23.000]  都要做這件事
[00:30:23.000 --> 00:30:25.000]  石缸很清楚
[00:30:25.000 --> 00:30:27.000]  因為要倒得滿水
[00:30:27.000 --> 00:30:29.000]  石缸因為很多來賓
[00:30:29.000 --> 00:30:31.000]  來到之後已經用了水
[00:30:31.000 --> 00:30:33.000]  用著用著就少了很多水
[00:30:33.000 --> 00:30:35.000]  而耶穌
[00:30:35.000 --> 00:30:37.000]  就要吩咐
[00:30:37.000 --> 00:30:39.000]  要倒滿這些水
[00:30:39.000 --> 00:30:41.000]  倒滿這些水
[00:30:41.000 --> 00:30:43.000]  落這些石缸裏面
[00:30:43.000 --> 00:30:45.000]  這些水
[00:30:45.000 --> 00:30:47.000]  只是一些普通的水
[00:30:47.000 --> 00:30:49.000]  這些水是幫助他們
[00:30:49.000 --> 00:30:51.000]  行舊約律法裏面
[00:30:51.000 --> 00:30:53.000]  一些規矩
[00:30:53.000 --> 00:30:55.000]  一些儀式
[00:30:55.000 --> 00:30:57.000]  這些水
[00:30:57.000 --> 00:30:59.000]  甚至對他們來說
[00:30:59.000 --> 00:31:01.000]  是捍衛
[00:31:01.000 --> 00:31:03.000]  無物的
[00:31:03.000 --> 00:31:05.000]  因為他們期待的是
[00:31:05.000 --> 00:31:07.000]  喝好酒
[00:31:07.000 --> 00:31:09.000]  如果你有記得我之前說過
[00:31:09.000 --> 00:31:11.000]  在以色列猶太的地方
[00:31:11.000 --> 00:31:13.000]  其實那些人主要的飲料
[00:31:13.000 --> 00:31:15.000]  很多時候都不是水
[00:31:15.000 --> 00:31:17.000]  很多時候都是酒
[00:31:17.000 --> 00:31:21.000]  所以現在
[00:31:21.000 --> 00:31:23.000]  面對這個問題
[00:31:23.000 --> 00:31:25.000]  就是不夠酒用
[00:31:25.000 --> 00:31:27.000]  那怎麼辦呢?
[00:31:27.000 --> 00:31:29.000]  現在牽涉到耶穌吩咐
[00:31:29.000 --> 00:31:35.000]  這個僕人就把這六個石缸都倒滿了水
[00:31:35.000 --> 00:31:35.000]  滿到滿到滿到滿到滿到滿到滿到滿到滿到滿到滿到滿到滿到滿到滿到滿到滿到滿到滿到滿到滿到滿到滿到滿到滿到滿到滿到滿到滿到滿到滿到滿到滿到滿到滿到滿到滿到滿到滿到滿到滿到滿到滿到滿到滿到滿到滿到滿到滿到滿到滿到滿到滿到滿到滿到滿到滿到滿到滿到滿到滿到滿到滿到滿到滿到滿到滿到滿到滿到滿到滿到滿到滿到滿到滿到滿到滿到滿到滿到滿到滿到滿到滿到滿到滿到滿到滿到滿到滿到滿到滿到滿到滿到滿到滿到滿到滿到滿到滿到滿到滿
[00:31:35.000 --> 00:32:04.000]  滿了水之後 耶穌就去吩咐 現在又要出來送給宴會總管 當他喝了之後說什麼呢? 他說這些是好酒! 哇! 好酒!
[00:32:06.000 --> 00:32:28.000]  他不知道發生什麼事 他就知道用人拿出來的是好酒 只有那個用人知道他倒了一些水在石缸裡 也只有他知道他現在就在石缸裡舀一些水出來 拿去給總管 而總管一嘗就說好酒 他不知道為什麼
[00:32:28.000 --> 00:32:57.000]  其實那個用人知不知道呢? 也不知道為什麼 因為他親自倒的 他很清楚他倒水進去 他也很清楚現在主管說這個是酒 什麼時候發生不知道 但是重要的就是這個過程裡面 耶穌就讓這些本來是用來潔淨禮儀的水 透過他私人的神蹟 變為最多滿滿的好酒
[00:32:57.000 --> 00:33:17.000]  不是很少的酒 不是說耶穌法力不夠 不能夠變很多 不是的 耶穌是倒到滿了 六個石缸都滿了 讓這些水成為酒 讓這些酒將這個尷尬的場面成為一個歡樂的場面
[00:33:17.000 --> 00:33:37.000]  剛才說到如果這次婚宴搞得不好 會成為一家人的羞恥 成為被人告的事情 成為老婆妻子抱怨的婚姻 但是現在耶穌就將這些水變成一個歡樂的場面
[00:33:37.000 --> 00:33:57.000]  整個環境很不同 甚至這個總管說你現在把最好的拿出來 比之前的好 你真是收收買賣 第一姐妹 這裡說的是耶穌用這麼普通的水 轉為這麼好的酒
[00:33:57.000 --> 00:34:13.000]  耶穌就能夠將我們一些生命裡尷尬的場面 轉為一個喜樂的時刻 如果你將你的生命交給耶穌 耶穌同樣能夠將你一個扭敗的生命 變成一個滿足的生命
[00:34:13.000 --> 00:34:30.000]  我們有時候不太明白這個過程是怎麼發生的 因為耶穌什麼時候做神蹟 什麼時候幫我 有時候不能說到哪一個時刻耶穌正在幫你 但是當你回頭一看 你會看到改變了 而這個過程就是需要轉化
[00:34:30.000 --> 00:34:49.000]  要記得上次Alex說了有三個轉 記不記得 我也不太記得 因為我好像不在 我不記得很正常 包括了就是轉機 約拿給第二次機會再去傳福音 轉機
[00:34:49.000 --> 00:35:05.000]  第二個就是轉變 轉變就是那幫利利美人轉變 第三個神就是轉念 寬恕了這幫利利美人 而我們生命裡還需要一個轉 就是轉化
[00:35:05.000 --> 00:35:26.000]  很多時候我們都不化的 但是上帝要我們轉化 就是什麼呢 藉著他的幫助 我們覺得平淡沒什麼用 平平無奇的人生去轉化 我們有時候生命淡如水 有時候我覺得在佛羅里達生活真的淡如水
[00:35:26.000 --> 00:35:37.000]  我去過奧蘭多我就知道多姿多彩 要什麼有什麼 要吃什麼有得吃 中西美食什麼都有得吃 要住的環境什麼都有 要玩的全部都有
[00:35:37.000 --> 00:35:50.000]  在佛羅里達生活真的很悶 好像我們的生活平淡如水一樣 但是耶穌能夠改變 只要願意被神用的水可以變為酒
[00:35:50.000 --> 00:36:03.000]  跟大家分享一個見證 就是一個地盤的安全室要成為一個上帝祝福的地方
[00:36:03.000 --> 00:36:25.000]  在香港有一個機構叫希福協會 當中他們在做一個地盤事工 他們聯絡那些地盤 問他們可不可以有些地方借給他們 有機會成為一個聚會點
[00:36:25.000 --> 00:36:45.000]  當中他們借到一個叫安全室 這個安全室的特點是什麼呢 在地牢下面的 收不到電話的 沒網絡的 很多蚊子的 和他們本身吃飯的地點有一個距離的
[00:36:45.000 --> 00:36:57.000]  不方便的 就是這樣他們在這個地點招聚了起初有12個人來這個聚會點 讓他們可以分享福音
[00:36:57.000 --> 00:37:13.000]  這個環境其實說不到怎樣能夠吸引人 但是有一次在一個很熱的環境之下 他們希望繼續邀請人來 派了一盒檸檬茶給其中一位信佛的工友
[00:37:13.000 --> 00:37:23.000]  就請你喝一包檸檬茶 接著那個工友就說我下次帶十幾個人來聽耶穌的聚會
[00:37:23.000 --> 00:37:43.000]  起初他們以為只是說說而已 通常都是說說而已 但這個人下一次帶了很多人來 令到那個聚會有33個人坐滿了整個安全室
[00:37:43.000 --> 00:38:01.000]  一齊聽福音見證 聽生命故事 星火飛騰 而且這班工友都很專注 用心去聆聽 於是最後為他們祈禱 他們又真的肯祈禱 說下次來不來呀 來了
[00:38:01.000 --> 00:38:29.000]  一個這樣的地方 安全室 神會使用 讓他們繼續成為一個福音的工作 所以沙漠可以開江河 曠野可以開道路 水可以變成酒 安全室可以變成福音場所
[00:38:29.000 --> 00:38:54.000]  那麼你呢 你可以成為一個全新的你 你的生命需要被改變的時候 你需要一個轉化 這個轉化過程就由耶穌去幫你做 由耶穌去幫你生命經歷的轉化 你就可以成為一個不一樣的生命
[00:38:54.000 --> 00:39:10.000]  今天我們回教會回來 我們太平淡 平淡到一個地步 就是我們覺得不可以轉變 我們覺得我們的生命裏面就是繼續這樣 而那種這樣是一種沒什麼生命力的狀況
[00:39:10.000 --> 00:39:34.000]  但我們知道就是神能夠將我們都可以成為一個祂使用的酒 所以一個挑戰思考就是我們會不會像今天的題目那樣 問你會否跟我走 問你會否跟耶穌變為酒
[00:39:34.000 --> 00:39:41.000]  我們就要求著幫助我們去闖開我們的生命 去被主去改變我們 轉化我們 第三點
[00:39:41.000 --> 00:39:52.000]  最後福音下最後十一節 十二節 這裡很清楚說 最後的總結就是說 這是耶穌所行的第一個神蹟 就是在加里尼的迦拿所行的
[00:39:52.000 --> 00:40:08.000]  不過很多時候我們讀聖經的時候中文翻譯我們不是很掌握很清楚 事實上在聖經裏面四卷福音書都有提到神蹟 但約翰福音裏面不一樣
[00:40:08.000 --> 00:40:22.000]  約翰福音裏面用神蹟那個字 希臘文不是馬太馬可路加所用的神蹟那個字 在約翰福音裏面他用的神蹟那個字其實是什麼字呢
[00:40:22.000 --> 00:40:40.000]  就是西那個字 西就是記號 約翰福音很清楚就是有很多耶穌所行的神蹟 不過他說他選了耶穌的七個神蹟 因為這個是耶穌所顯明了的西一個記號
[00:40:40.000 --> 00:40:58.000]  西是什麼意思呢 就是好像現在這裡的路牌這個叫你走這個方向 這個叫你走那邊 這裡告訴你有分岔路 這裡叫你要轉彎要S形去 甚至在我們人生裏面有時候有些西 有些路牌是告訴我們此路不通
[00:40:58.000 --> 00:41:09.000]  停了 你不要再走這條路了 就像我們在看哥倫多前書一樣 神就破壞了保羅的路 以致引領他去馬其頓
[00:41:09.000 --> 00:41:28.000]  此路不通 不行 不行 這裡就向前走 放心走 原來耶穌所留下的神蹟是要成為一個指引 一個指示牌 一個路標去指引出我們一個蒙福的生命
[00:41:28.000 --> 00:41:55.000]  所以我們今天要讀耶穌的神蹟 七個神蹟的時候 要知道不要只想著做一些很奇特的事 或者一些超越你想像的事 耶穌當然會做這些神蹟騎士 但這些神蹟騎士背後其實就是要做一個記號 一個路牌 告訴你怎麼能夠經歷喜樂 信心 恩典等等等等的東西
[00:41:55.000 --> 00:42:06.000]  他就告訴你 走這邊 不要走那邊 指引我們該走的路 約翰福音在第20章裡面很清楚解釋給我們聽
[00:42:06.000 --> 00:42:35.000]  20章30至31節 他說耶穌在他的門徒面前另外行了許多神蹟 耶穌做了很多很多神蹟 不過約翰全部都沒有記錄 31節 他說 但記載這些事是什麼呢 是為要使你們信耶穌是基督 是上帝的兒子 並且使你們信他 好恩著他的名得生命
[00:42:35.000 --> 00:42:56.000]  你要知道他讓我們得的更豐盛 所以在這段經文裡面 最後的總結就是我們今天要搞清楚 我們今天期待耶穌在我們生命裡面有神蹟 這個神蹟並不是要我們看到一些奇妙的魔術一樣的一些想像不到的一些事情這麼簡單
[00:42:56.000 --> 00:43:12.000]  更加要讓我們知道什麼呢 我們要知道就是顯出神的榮耀 耶穌的神蹟要顯出神的榮耀 也要帶領讓門徒能夠去相信他 這個就是今天耶穌給我們看到的神蹟
[00:43:12.000 --> 00:43:29.000]  所以第三個反思就是你期待什麼神蹟呢 我們今天很多時候期待的神蹟就是滿足我們 幫助我們 讓我們解決問題的神蹟 但是你有沒有讓這個神蹟成為一個記號呢
[00:43:29.000 --> 00:43:47.000]  以致讓人看到神的榮耀呢 引領人去信主呢 什麼意思呢 就是說如果今天我們很想神幫我 給我一個神蹟 給我一個神蹟 看到今天怎麼樣 今天怎麼樣 明天怎麼樣 找到工作也好 找到老婆也好 或者怎麼樣也好
[00:43:47.000 --> 00:44:07.000]  但是如果你藏起來呢 那你要問一個問題 你藏起來就是說什麼呢 你這個記號本來應該擺出來指引人方向的 但是你不擺出來 你藏起來了 你都不能夠帶領別人信耶穌 你都不能夠榮耀神 你就要問神為什麼要給你一個神蹟呢
[00:44:07.000 --> 00:44:26.000]  我們搞錯了 我們很期望神蹟就是滿足我這樣滿足我那樣 但是我們要問耶穌的神蹟是要顯出神的榮耀 我們有沒有求神這個神蹟是為了要顯出神的榮耀才求神這個神蹟呢
[00:44:26.000 --> 00:44:51.000]  今天我們這個世代裡面很多人我們都見不到神蹟或者我們做不到神蹟 是因為我們沒有期待我們的生命是要彰顯神榮耀神帶人去信耶穌 我自己經歷很多生命的日子就是見到很奇妙的神蹟的時候都是上帝要做事的時候 上帝要做事的時候就會顯出他的神蹟
[00:44:51.000 --> 00:45:06.000]  最後分享一個人物 一個人物可能大家都認識的 不過可能又不是很認識的 這個人物叫做宋上哲 大家誰認識他 應該Grace一定認識他 Jenny都認識他
[00:45:06.000 --> 00:45:21.000]  宋上哲這個人物就是1901年至1944年你想像一下上一世紀的一個人物 他被譽為中國的衛斯理 衛斯理是一個英國很出名的報導家
[00:45:21.000 --> 00:45:44.000]  宋上哲他自身就是一個年輕人 他自己是一個牧師的家庭裡面長大 一路成長 甚至小時候十多歲就叫他出來分享一下訊息 做一個小傳道小牧師 自小就去學習分享福音
[00:45:44.000 --> 00:46:03.000]  有一個心智就是要去成為一個傳道 為了去榮耀神 不過神就帶領他的路又不一樣 神就帶領他去到大約20歲左右 他就因為有籌到一些錢有些幫助 他就能夠去到美國去讀書
[00:46:03.000 --> 00:46:19.000]  就在美國的俄亥俄州讀書 結果就讀到一個學士碩士博士 幾段時間就已經拿了一個化學的博士
[00:46:19.000 --> 00:46:39.000]  這個年輕人很厲害 拿了博士之後很多地方都爭相要請他 因為你知道一個這麼年輕的博士 在中國有人說要請他 在美國有人說要請他 但是他決心要去服侍神
[00:46:39.000 --> 00:46:53.000]  於是他後來就去了紐約的協和神學院 遲些去紐約可以去參觀一下協和神學院 就是這樣他就去了協和神學院
[00:46:53.000 --> 00:47:12.000]  我們會問其實他信不信主 他肯定信主 一心都去服侍神 但原來一個信主的人 好像我們剛才所說的 只是平淡如水的信主生命
[00:47:12.000 --> 00:47:27.000]  但是他經歷了什麼呢 他經歷了他不單是信主 而是他經歷了轉化 他經歷了轉化 他的轉化過程當他在讀協和神學院的時候
[00:47:27.000 --> 00:47:45.000]  他經歷了一些在當中學習的 在一些自由派的神學裏面的一些不同的思想去衝擊他 以致他自己親自去跟神禱告 一個晚上去跟神禱告之後 他經歷了一個深切的跟上帝關係的復活
[00:47:45.000 --> 00:48:06.000]  他更加經歷了一種深切的被神赦罪的經歷 他之前信不信主是信主 不過他這種經歷成為了一個生命裏面很大的大躍進的信仰的經歷 就是這樣去體會到神對他的一種完全的赦免
[00:48:06.000 --> 00:48:18.000]  在這個過程裏面 他甚至乎之後他很興奮地跟別人說要在神面前認罪悔改的信息 他就在神學院裏面跟別人說
[00:48:18.000 --> 00:48:33.000]  在神學院裏面對信耶穌的人說你們要悔改 要信主等等的經歷 以致他瘋狂到一個地步 就是什麼呢 當時就說那些人以為他有精神病
[00:48:33.000 --> 00:48:47.000]  神學院裏面就說這個人應該有精神病 甚至乎在一些報道裏面說真的找到他的醫學證明 說他有精神分裂的一個狀況
[00:48:47.000 --> 00:49:01.000]  一個這樣的人他自己經歷那種生命的大躍進 變了的時候他竟然被人說他有精神病 於是他就送了去精神病院
[00:49:01.000 --> 00:49:14.000]  送了去精神病院的時候其實他又沒有反應 不過他知道他不是精神病的 但就確實送了去的時候在過程裏面有很多的東西
[00:49:14.000 --> 00:49:26.000]  但其中在那個日子裏面 他曾經好像不知道為什麼會這樣 後來他有一次聽到神跟他說話
[00:49:26.000 --> 00:49:43.000]  他說萬事互相效力 叫愛神的人得益處 你若果能夠忍耐過了這一百九十三日的苦難 你就知道怎樣去背十家 跟我走各國他馴服之路
[00:49:43.000 --> 00:49:59.000]  他經歷了神跟他這樣說 一百九十三日的苦難 你就知道怎樣背十字架 跟從主馴服神自己 就是這樣他一路渡過去的每一日
[00:49:59.000 --> 00:50:19.000]  不過我想問你 你知不知道他怎樣渡過去這一百多日的日子 他只有兩樣東西 第一是一支筆 第二是一本聖經
[00:50:19.000 --> 00:50:30.000]  在這一百多日的精神病的日子裏面 他選擇了沒有荒廢他的時間 而是選擇讀聖經
[00:50:30.000 --> 00:50:40.000]  問題來了 他讀了多少次聖經呢 他是由舊約到新約讀完 才叫一次 他讀了多少次聖經呢 在這一百多日裏面
[00:50:40.000 --> 00:50:50.000]  多少次 三次 多一點 十次 十次 有沒有再多一點 答案四十次
[00:50:50.000 --> 00:51:00.000]  在這個精神病的日子裏面 他用了四十次 由舊約到新約 不斷讀了四十次的聖經
[00:51:00.000 --> 00:51:10.000]  這四十次的聖經 讓他真的很深切地明白上帝的計劃 救恩 拯救等等的事情
[00:51:10.000 --> 00:51:17.000]  以致到當他終於出院那一天 出院那一天就剛剛好一百九十三日
[00:51:17.000 --> 00:51:24.000]  一百九十三日就出院離開 跟著他就成為了什麼 成為了酒
[00:51:24.000 --> 00:51:31.000]  他本來是信耶穌的 可能是水 或者他本來是一些淡淡的啤酒
[00:51:31.000 --> 00:51:40.000]  經歷了這段日子 他成為了烈酒 什麼叫烈酒啊 即是一喝下去就知道很嗆
[00:51:40.000 --> 00:51:48.000]  事實上今天現在很多假 不是假酒 你見到他買的果汁 是零個百分比果汁的
[00:51:48.000 --> 00:51:57.000]  今天喝酒 有時候說是酒 但是零個百分比酒精 或者零點零五個百分比的酒精都說他是酒
[00:51:57.000 --> 00:52:07.000]  送上至成為烈酒 成為烈酒之後他就回到中國裏面 不斷去到中國地方 東南亞地方不斷去傳福音 傳福音
[00:52:07.000 --> 00:52:14.000]  成為了當時來說一個很重要的一個報道家 所以我們說被譽為中國的衛斯理
[00:52:14.000 --> 00:52:22.000]  在藤近輝牧師的見證集裏面都提過送上至博士 其中他講到一個見證
[00:52:22.000 --> 00:52:32.000]  就是他聽過他的講道的時候 他就這樣跟當中的所有來的人說
[00:52:32.000 --> 00:52:39.000]  你們都要槍斃 在那個年代很重要 你們都要槍斃 但其實他說什麼
[00:52:39.000 --> 00:52:49.000]  因為他講一些普通話 都跟我一樣有些不正 連文都要槍斃
[00:52:49.000 --> 00:52:59.000]  你們都要謙卑 他要帶來一個謙卑的訊息 要他們謙卑在上帝面前承認他們的罪 悔改歸向神
[00:52:59.000 --> 00:53:06.000]  他就成為一個烈酒一樣 每一個品嘗到這個酒的人都經歷了生命的激勵轉化
[00:53:06.000 --> 00:53:16.000]  甚至乎臣用他去施行神蹟 他自己都做過神蹟 神蹟的意義是什麼
[00:53:16.000 --> 00:53:23.000]  是一個記號 讓人信住 而他那次有一次去到一個地方
[00:53:23.000 --> 00:53:31.000]  這個地方就是在山東的地方 有一次有個牧師就叫他
[00:53:31.000 --> 00:53:37.000]  他那時候應該是1931年的時間 已經三十多歲的時候 已經開始到處傳道
[00:53:37.000 --> 00:53:43.000]  有一次牧師就叫他 你為這個人醫病祈禱 為他沒尤祈禱
[00:53:43.000 --> 00:53:50.000]  於是別人叫他一個報道家 他就真的跪在神面前求神醫治這個人
[00:53:50.000 --> 00:53:55.000]  於是就為這個病人去沒尤祈禱 他說現在奉主耶穌的名去醫好你
[00:53:55.000 --> 00:54:02.000]  一個一個為人去醫好 為他們每一個人祈禱之後
[00:54:02.000 --> 00:54:11.000]  他自己都驚一驚 他說你們有沒有人醫好了 有沒有人醫好了
[00:54:11.000 --> 00:54:17.000]  然後有一個人說有 有個人有 這個人的名叫大玉蘭
[00:54:17.000 --> 00:54:23.000]  這個大玉蘭是一個熱心信主的人 但是他癱瘓了十八年
[00:54:23.000 --> 00:54:29.000]  他癱瘓了十八年 他仍然說信耶穌 而他丈夫就很鄙視他
[00:54:29.000 --> 00:54:37.000]  他丈夫說他是抗拒基督教的 他說如果你都信耶穌 我都去做傳道
[00:54:37.000 --> 00:54:43.000]  就是這樣指著他的老婆 但是在這次裏面
[00:54:43.000 --> 00:54:49.000]  宋尚哲就真的能夠藉著神蹟去醫好這個大玉蘭姐妹
[00:54:49.000 --> 00:54:58.000]  而且他即時能夠起來行走 現場的人所有人見到都大聲認罪悔改
[00:54:58.000 --> 00:55:06.000]  禱告向主 當時有三十多人都蒙醫治和將榮耀重贊歸給神
[00:55:06.000 --> 00:55:11.000]  這個是一個記號 這個記號或者要引人去認識主
[00:55:11.000 --> 00:55:17.000]  他當時這個大玉蘭的丈夫在遠處收到他太太的信 他完全不信
[00:55:17.000 --> 00:55:22.000]  於是他就回來 回到家裏面的時候
[00:55:22.000 --> 00:55:28.000]  見到他認識了這麼多年癱瘓的妻子真的能夠行走
[00:55:28.000 --> 00:55:33.000]  於是他就悔改去做了傳道 傳福音 很奇妙
[00:55:33.000 --> 00:55:40.000]  一個宋尚哲成為獵走激起人的心 以至讓人都經歷神蹟
[00:55:40.000 --> 00:55:44.000]  而這個神蹟的背後是要帶更多人信主
[00:55:44.000 --> 00:55:50.000]  第一節目 今天我們要去思考這個題目的時候 問你會否跟我走
[00:55:50.000 --> 00:55:55.000]  就是挑戰我們今天 有時候我們覺得生活平淡如水
[00:55:55.000 --> 00:56:02.000]  真的不能再平淡了 日子都是這樣 日復日 年復年都是這樣生活
[00:56:02.000 --> 00:56:09.000]  但是你有沒有想過你都可以成為走 究竟你成為什麼走呢
[00:56:09.000 --> 00:56:17.000]  啤酒 有少少味 有少少令人臉紅 還是一個清酒
[00:56:17.000 --> 00:56:22.000]  還是你要成為主所使用的龍酒 求主幫助我們
[00:56:22.000 --> 00:56:27.000]  幫助我們更深認識祂 幫助我們更明白耶穌是我們生命的主
[00:56:27.000 --> 00:56:31.000]  我們一起祈禱 最後幫助我們 求你積著
[00:56:31.000 --> 00:56:36.000]  耶穌的神蹟讓我們看得到主你是我們生命的主
[00:56:36.000 --> 00:56:42.000]  我們要去學習降服在你的主權之下 願意被主你去轉化我們的生命
[00:56:42.000 --> 00:56:48.000]  以至我們能夠成為一個在眾人面前的路牌 去指明人的生命的方向
[00:56:48.000 --> 00:56:54.000]  求主你幫助我們 我們知道在地上有一個這樣愛主的基督徒
[00:56:54.000 --> 00:56:59.000]  勝過一百萬個從來都平淡如水的基督徒
[00:56:59.000 --> 00:57:04.000]  求主你讓我們這間教會成為一間你所使用的烈酒的教會
[00:57:04.000 --> 00:57:07.000]  可以去服侍你 去榮耀你 幫助我們
[00:57:07.000 --> 00:57:11.000]  我們走在你的心意裡 走在你的旨意當中
[00:57:11.000 --> 00:57:14.000]  祈禱是奉耶穌的命旨而求 阿們
