
[00:00:00.000 --> 00:00:04.220]  上周跟大家講的是撒米爾記下的第一章
[00:00:04.220 --> 00:00:12.180]  講到關乎大衛知道蘇羅已經死了
[00:00:12.180 --> 00:00:17.880]  但是發掘了一個方畫
[00:00:17.880 --> 00:00:20.800]  顯出了他的生命的正直
[00:00:20.800 --> 00:00:25.400]  特別是來表揚這種尊榮神的品格
[00:00:25.400 --> 00:00:31.620]  今天來到第二章 撒米爾記第二章記載了一件事蹟
[00:00:31.620 --> 00:00:36.880]  這件事蹟也很值得我們思想學習領受
[00:00:36.880 --> 00:00:42.320]  今天我給這個題目是 大家認不認識
[00:00:42.320 --> 00:00:54.060]  無釀玉白成干戈 知不知道是什麼意思
[00:00:54.060 --> 00:00:59.380]  有沒有聽過一句話叫做化干戈為玉白
[00:00:59.380 --> 00:01:06.060]  是什麼意思 化干戈為玉白
[00:01:06.060 --> 00:01:09.360]  什麼叫做玉白
[00:01:09.360 --> 00:01:14.160]  玉白其實就是我們的保育
[00:01:14.160 --> 00:01:17.680]  很多時候都是代表兩國之間
[00:01:17.680 --> 00:01:21.460]  大家和平友好 彼此送禮
[00:01:21.460 --> 00:01:27.100]  以保密為徵 結盟 立和約
[00:01:27.100 --> 00:01:36.560]  所以玉白通常表明和平 盟約 大家和好 善意
[00:01:36.560 --> 00:01:42.700]  干戈呢 干戈就是打仗
[00:01:42.700 --> 00:01:48.760]  所以在中國成語 化干戈為玉白是什麼意思
[00:01:48.760 --> 00:01:52.580]  本來大家在爭執 鬥爭
[00:01:52.580 --> 00:01:57.720]  但是大事化小 小事化無
[00:01:57.720 --> 00:01:59.960]  大家能夠和平相處
[00:01:59.960 --> 00:02:03.880]  所以化干戈為玉白 很好
[00:02:03.880 --> 00:02:09.480]  本來打仗 現在成為大家彼此和好 結盟
[00:02:09.480 --> 00:02:13.840]  但是在這張聖經裏面 我們看見就糟糕了
[00:02:13.840 --> 00:02:17.040]  所以給我們一個反面的學習
[00:02:17.040 --> 00:02:23.180]  他們本來和好 但是後來就變成爭戰
[00:02:23.180 --> 00:02:25.480]  所以讓我們得到尷尬
[00:02:25.480 --> 00:02:38.040]  所以這個題目叫做「毋讓玉白反而成為干戈」
[00:02:38.040 --> 00:02:40.340]  這幅圖是有意思的
[00:02:40.340 --> 00:02:44.440]  這幅圖是考古的地圖
[00:02:44.440 --> 00:02:47.960]  大家看到中文字有解釋
[00:02:47.960 --> 00:02:51.600]  就是雞片的一個詞者
[00:02:51.600 --> 00:02:55.720]  雞片我們讀舊約聖經都是很熟悉的
[00:02:55.720 --> 00:02:58.360]  特別約書亞記出現的時候
[00:02:58.360 --> 00:03:02.880]  就是記載這些雞片人來欺騙約書亞
[00:03:02.880 --> 00:03:06.960]  因為他們害怕伊斯蘭進去不單止滅
[00:03:06.960 --> 00:03:10.560]  其他迦南人也會滅了他們
[00:03:10.560 --> 00:03:14.880]  所以這個雞片其實是一個迦南的古代的大城
[00:03:14.880 --> 00:03:17.880]  如果大家記得約書亞記記載的艾城
[00:03:17.880 --> 00:03:19.320]  它是很近艾城的
[00:03:19.320 --> 00:03:23.080]  在西北大約九公里之近
[00:03:23.080 --> 00:03:30.400]  但是雞片出名的地方附近有一些橄欖和地下的泉水
[00:03:30.400 --> 00:03:34.560]  其實雞片這個字的意思是屬於山地
[00:03:34.560 --> 00:03:37.120]  山地不過能夠有泉水
[00:03:37.120 --> 00:03:39.120]  所以是一個很特別的地方
[00:03:39.120 --> 00:03:44.440]  有一個很優美同時也有水源的地方
[00:03:44.440 --> 00:03:48.360]  但是這個考古發現
[00:03:48.360 --> 00:03:52.840]  他們大概在鐵器早期時代發掘出來的
[00:03:52.840 --> 00:03:56.040]  就是有一個大的坑
[00:03:56.040 --> 00:04:00.720]  裡面有11公尺深
[00:04:00.720 --> 00:04:03.760]  但是你看到有樓梯
[00:04:03.760 --> 00:04:07.320]  樓梯下去下面有一條水道
[00:04:07.320 --> 00:04:11.000]  這條水道有12尺通道這麼長
[00:04:11.000 --> 00:04:12.760]  是一個儲水庫
[00:04:12.760 --> 00:04:16.600]  所以他們將這些水池儲在裡面
[00:04:16.600 --> 00:04:20.360]  考古後來發現這個就是在雞片地方的一個池
[00:04:20.360 --> 00:04:21.200]  一個井
[00:04:21.200 --> 00:04:22.920]  他們挖出來的一個井
[00:04:22.920 --> 00:04:26.120]  是有水可以儲水的
[00:04:26.120 --> 00:04:27.840]  所以這個叫做雞片池
[00:04:27.840 --> 00:04:31.240]  就是我們稍後會讀到的地方
[00:04:31.240 --> 00:04:34.960]  所以這個雞片池發生了什麼事呢
[00:04:34.960 --> 00:04:37.600]  今天我們一起來看看
[00:04:37.600 --> 00:04:39.120]  這個題目叫做
[00:04:39.120 --> 00:04:43.680]  「化乾戈為玉帛」
[00:04:43.680 --> 00:04:47.320]  就是不要讓玉帛成為乾戈
[00:04:47.320 --> 00:04:50.640]  其實也是一個很好的意思
[00:04:50.640 --> 00:04:54.360]  讓我們看到本來他們是很美好的
[00:04:54.360 --> 00:04:56.760]  不過就是因為這些爭執
[00:04:56.760 --> 00:04:58.880]  搞成戰爭
[00:04:58.880 --> 00:05:01.640]  搞成人命的傷亡
[00:05:01.640 --> 00:05:03.960]  好像形容我們今天來說
[00:05:03.960 --> 00:05:05.600]  我們本來很好的
[00:05:05.600 --> 00:05:06.920]  大家的關係
[00:05:06.920 --> 00:05:08.280]  很朋友的
[00:05:08.280 --> 00:05:10.960]  但是因為這些爭執小事
[00:05:10.960 --> 00:05:15.400]  後來就越來越有爭執
[00:05:15.400 --> 00:05:17.240]  變成傷害
[00:05:17.240 --> 00:05:18.840]  變成仇恨
[00:05:18.840 --> 00:05:20.520]  變成血腥
[00:05:20.520 --> 00:05:25.080]  所以這個就是很難過的事
[00:05:25.080 --> 00:05:27.080]  無論是我們的家庭也好
[00:05:27.080 --> 00:05:29.600]  我們朋友之間的關係也好
[00:05:29.600 --> 00:05:31.040]  我們工作的地方也好
[00:05:31.040 --> 00:05:33.080]  本來是很和好的地方
[00:05:33.080 --> 00:05:34.440]  教會更加如此
[00:05:34.440 --> 00:05:36.320]  教會應該不用說了
[00:05:36.320 --> 00:05:39.040]  應該是一個和平和好的地方
[00:05:39.040 --> 00:05:46.720]  但是人性也會有鬥爭爭執或者摩擦
[00:05:46.720 --> 00:05:49.600]  不要讓玉帛成為什麼
[00:05:49.600 --> 00:05:50.840]  不要成為乾戈
[00:05:50.840 --> 00:05:54.920]  這就是我們今天從這段經文裏面的很好的提醒
[00:05:54.920 --> 00:05:56.840]  先看看背景
[00:05:56.840 --> 00:05:59.000]  就是從第一節開始
[00:05:59.000 --> 00:06:01.480]  這裡聖經不讀也不行
[00:06:01.480 --> 00:06:03.480]  因為是一個很重要的背景
[00:06:03.480 --> 00:06:05.000]  所以聽我讀
[00:06:05.000 --> 00:06:06.840]  我讀完十一節給大家聽
[00:06:06.840 --> 00:06:09.480]  中間有些解釋
[00:06:09.480 --> 00:06:12.240]  《撒末爾記》第二章第一節
[00:06:12.240 --> 00:06:15.040]  「之後大衛問耶和華說」
[00:06:15.040 --> 00:06:16.440]  所以這裡我們看到
[00:06:16.440 --> 00:06:19.440]  大衛這個靈性美好的開始
[00:06:19.440 --> 00:06:21.120]  「大衛問耶和華說
[00:06:21.120 --> 00:06:24.120]  『我想由大的一個城去,可以嗎?』
[00:06:24.120 --> 00:06:25.600]  耶和華就回答他
[00:06:25.600 --> 00:06:27.200]  『耶和華說,可以』
[00:06:27.200 --> 00:06:30.480]  大衛說,『我想哪一個城去呢?』
[00:06:30.480 --> 00:06:33.000]  耶和華說,『想希伯倫去』」
[00:06:33.000 --> 00:06:33.960]  你看到這裡
[00:06:33.960 --> 00:06:35.400]  大衛與神對話
[00:06:35.400 --> 00:06:37.280]  就好像我們今天祈禱一樣
[00:06:37.280 --> 00:06:38.520]  聖靈跟我們說話
[00:06:38.520 --> 00:06:40.040]  我們向神禱告
[00:06:40.040 --> 00:06:42.800]  所以這是一個很好的親密的關係
[00:06:42.800 --> 00:06:44.880]  這真是很美好的事
[00:06:44.880 --> 00:06:48.040]  大衛很值得欣賞的就是這些地方
[00:06:48.040 --> 00:06:48.760]  第二節
[00:06:48.760 --> 00:06:50.640]  「於是大衛和他兩個妻
[00:06:50.640 --> 00:06:52.960]  一個是耶斯列人
[00:06:52.960 --> 00:06:55.720]  阿希倫一個是作為加密人
[00:06:55.720 --> 00:06:57.720]  那八妻的阿比戈
[00:06:57.720 --> 00:07:00.280]  都上那裡去了」
[00:07:00.280 --> 00:07:03.320]  「大衛也將跟隨他的人
[00:07:03.320 --> 00:07:06.640]  和他們各人的眷屬一同帶上去
[00:07:06.640 --> 00:07:09.080]  住在希伯倫的城入中」
[00:07:09.080 --> 00:07:10.880]  所以你看到很多人一起
[00:07:10.880 --> 00:07:12.800]  去了希伯倫
[00:07:12.800 --> 00:07:14.600]  神指示他的地方
[00:07:14.600 --> 00:07:16.200]  所以我們看到
[00:07:16.200 --> 00:07:17.160]  第四節開始
[00:07:17.160 --> 00:07:19.560]  「猶大人就來到希伯倫了
[00:07:19.560 --> 00:07:23.320]  在那裡告大衛作猶大家的王」
[00:07:23.320 --> 00:07:24.800]  有人告訴大衛說
[00:07:24.800 --> 00:07:28.920]  「作埋葬素羅的基列雅比人」
[00:07:28.920 --> 00:07:33.920]  我們看到大衛從這裡開始作王
[00:07:33.920 --> 00:07:37.320]  所以他先做猶大家的王
[00:07:37.320 --> 00:07:39.080]  後來做了七年之後
[00:07:39.080 --> 00:07:40.560]  其他的耶斯列家
[00:07:40.560 --> 00:07:41.840]  其他的族人
[00:07:41.840 --> 00:07:45.520]  就一起再擁立他作為全國的王
[00:07:45.520 --> 00:07:47.040]  但他現在這個階段
[00:07:47.040 --> 00:07:50.520]  就是先做他們自己的支派
[00:07:50.520 --> 00:07:53.040]  大衛屬於哪個支派?
[00:07:53.040 --> 00:07:53.920]  猶大
[00:07:53.920 --> 00:07:54.840]  所以他是猶大支派
[00:07:54.840 --> 00:07:59.000]  所以先作猶大支派的猶大家的王
[00:07:59.000 --> 00:08:01.160]  但是有人告訴他
[00:08:01.160 --> 00:08:02.400]  剛剛上一章記載
[00:08:02.400 --> 00:08:03.720]  素羅死了
[00:08:03.720 --> 00:08:04.680]  葬在哪裡?
[00:08:04.680 --> 00:08:09.640]  葬在基列雅比人那裡
[00:08:09.640 --> 00:08:10.840]  基列雅比人是什麼人?
[00:08:10.840 --> 00:08:13.880]  其實就是素羅自己的原族
[00:08:13.880 --> 00:08:16.360]  所以他葬在自己的故鄉
[00:08:16.360 --> 00:08:17.800]  自己的原族那裡
[00:08:17.800 --> 00:08:19.880]  就是基列雅比
[00:08:19.880 --> 00:08:22.160]  第五節
[00:08:22.160 --> 00:08:25.360]  大衛差人去見基列雅比人
[00:08:25.360 --> 00:08:26.120]  對他們說
[00:08:26.120 --> 00:08:28.480]  你們厚待你們的主素羅
[00:08:28.480 --> 00:08:29.760]  將他埋葬
[00:08:29.760 --> 00:08:32.000]  願耶和華賜福於你們
[00:08:32.000 --> 00:08:35.320]  大家記得上一次素羅死的時候慘死
[00:08:35.320 --> 00:08:38.400]  還被人割了手甲
[00:08:38.400 --> 00:08:40.000]  掛在了愛邦之地
[00:08:40.000 --> 00:08:41.600]  結果這些同族的人
[00:08:41.600 --> 00:08:42.840]  很有憐憫之心
[00:08:42.840 --> 00:08:43.720]  因為大家是同族
[00:08:43.720 --> 00:08:46.880]  所以就將素羅的屍首帶回來
[00:08:46.880 --> 00:08:48.880]  將他安葬
[00:08:48.880 --> 00:08:50.320]  所以大衛就稱讚他們
[00:08:50.320 --> 00:08:54.360]  你厚待你們的主素羅將他埋葬
[00:08:54.360 --> 00:08:55.000]  第六節
[00:08:55.000 --> 00:08:56.520]  你們既行了這事
[00:08:56.520 --> 00:08:59.160]  願耶和華以恩慈誠實待你們
[00:08:59.160 --> 00:09:02.040]  我也要為此厚待你們
[00:09:02.040 --> 00:09:04.160]  現在你們的主素羅死了
[00:09:04.160 --> 00:09:07.760]  尤大家已經告我作他們的王
[00:09:07.760 --> 00:09:10.280]  所以你們要剛強奮勇
[00:09:10.280 --> 00:09:12.000]  所以這是很好的事
[00:09:12.000 --> 00:09:14.600]  大家都是同是以色列人
[00:09:14.600 --> 00:09:16.200]  雖然不同族
[00:09:16.200 --> 00:09:19.560]  現在我已經被尤大家封立為王
[00:09:19.560 --> 00:09:20.400]  不過不要緊
[00:09:20.400 --> 00:09:21.720]  你們有你們的生活
[00:09:21.720 --> 00:09:24.560]  我們互相尊重
[00:09:24.560 --> 00:09:26.680]  我也不要你們一定歸屬王
[00:09:26.680 --> 00:09:29.480]  你們就好好剛強奮勇
[00:09:29.480 --> 00:09:31.280]  好不好
[00:09:31.280 --> 00:09:33.880]  是不是好像大家一種很好的關係
[00:09:33.880 --> 00:09:35.240]  彼此互勉
[00:09:35.240 --> 00:09:36.560]  彼此祝福
[00:09:36.560 --> 00:09:39.800]  他說願耶和華以慈愛誠實待你們
[00:09:39.800 --> 00:09:41.800]  願耶和華賜福給你們
[00:09:41.800 --> 00:09:42.720]  好不好
[00:09:42.720 --> 00:09:43.840]  真是很好
[00:09:43.840 --> 00:09:46.080]  所以能夠對人
[00:09:46.080 --> 00:09:49.960]  對我們的弟兄姊妹彼此祝福
[00:09:49.960 --> 00:09:52.360]  以恩慈誠實彼此相待
[00:09:52.360 --> 00:09:54.080]  真是很美好的事
[00:09:54.080 --> 00:09:55.160]  而且他鼓勵他們
[00:09:55.160 --> 00:09:57.440]  你們應當剛強奮勇
[00:09:57.440 --> 00:09:59.600]  所以彼此鼓勵彼此勉勵
[00:09:59.600 --> 00:10:01.760]  這些真是很美好的事
[00:10:01.760 --> 00:10:04.280]  第八節開始有些不同
[00:10:04.280 --> 00:10:07.400]  我們看見第八節是素羅的元帥
[00:10:07.400 --> 00:10:09.360]  即是素羅家那邊
[00:10:09.360 --> 00:10:12.360]  尼爾的兒子叫甚麼名
[00:10:12.360 --> 00:10:13.920]  叫做阿尼爾
[00:10:13.920 --> 00:10:17.880]  他曾將素羅的兒子伊斯波切帶過河
[00:10:17.880 --> 00:10:21.000]  到馬哈廉納他作王
[00:10:21.000 --> 00:10:25.200]  智利、基列、阿蘇利、耶穌列、
[00:10:25.200 --> 00:10:26.720]  以法廉變阿敏
[00:10:26.720 --> 00:10:29.480]  這些全部都是屬於後來北角的地方
[00:10:29.480 --> 00:10:32.160]  即是素羅家那邊的地方
[00:10:32.160 --> 00:10:33.680]  以及以色列的眾人
[00:10:33.680 --> 00:10:35.560]  不是猶太家那邊
[00:10:35.560 --> 00:10:39.360]  所以素羅有他們自己的主將
[00:10:39.360 --> 00:10:42.120]  素羅有自己的兒子
[00:10:42.120 --> 00:10:43.560]  就是伊斯波切
[00:10:43.560 --> 00:10:44.400]  所以第十節
[00:10:44.400 --> 00:10:48.640]  素羅的兒子伊斯波切登基的時候四十歲
[00:10:48.640 --> 00:10:50.880]  作以色列王二年
[00:10:50.880 --> 00:10:52.800]  唯獨猶太家歸從大衛
[00:10:52.800 --> 00:10:54.080]  大家很清楚了
[00:10:54.080 --> 00:10:56.720]  所以猶太家歸誰?
[00:10:56.720 --> 00:10:57.600]  大衛
[00:10:57.600 --> 00:11:00.320]  其他那些以色列人就歸
[00:11:00.320 --> 00:11:01.560]  伊斯波切
[00:11:01.560 --> 00:11:03.720]  伊斯波切作王兩年
[00:11:03.720 --> 00:11:05.440]  所以這裡就分開了
[00:11:05.440 --> 00:11:07.400]  猶太家和伊斯波切
[00:11:07.400 --> 00:11:09.480]  即是素羅家
[00:11:09.480 --> 00:11:12.680]  大衛在希伯倫作猶太家的王
[00:11:12.680 --> 00:11:13.960]  總共多久?
[00:11:13.960 --> 00:11:16.240]  共七年零六個月
[00:11:16.240 --> 00:11:19.800]  所以這個就是他在希伯倫
[00:11:19.800 --> 00:11:22.080]  做猶太家的王
[00:11:22.080 --> 00:11:22.920]  開始做王了
[00:11:22.920 --> 00:11:24.920]  總共有七年多
[00:11:24.920 --> 00:11:25.560]  好了
[00:11:25.560 --> 00:11:27.120]  接著十二節下去
[00:11:27.120 --> 00:11:29.080]  我們用啟英方式讀
[00:11:29.080 --> 00:11:29.880]  我讀一節
[00:11:29.880 --> 00:11:31.040]  請弟兄姊妹讀一節
[00:11:31.040 --> 00:11:33.320]  我們一起看看這個法字
[00:11:33.320 --> 00:11:36.960]  十二節我先讀
[00:11:36.960 --> 00:11:39.160]  尼爾的兒子
[00:11:39.160 --> 00:11:41.760]  阿尼爾和素羅的兒子
[00:11:41.760 --> 00:11:43.760]  伊斯波切的僕人
[00:11:43.760 --> 00:11:45.840]  從哈馬哈廉出來
[00:11:45.840 --> 00:11:47.440]  往基片去
[00:11:47.440 --> 00:11:49.040]  即是去猶太家那邊
[00:11:49.040 --> 00:11:50.360]  十三節請讀
[00:11:50.360 --> 00:12:05.560]  (十三節)
[00:12:05.560 --> 00:12:08.360]  所以這個就是基片馳立
[00:12:08.360 --> 00:12:11.240]  所以他們往基片去
[00:12:11.240 --> 00:12:15.680]  就是剛才我們看考古的地圖
[00:12:15.680 --> 00:12:18.800]  那幅圖的地方
[00:12:18.800 --> 00:12:20.880]  這個叫基片馳
[00:12:20.880 --> 00:12:35.280]  (十三節)
[00:12:35.280 --> 00:12:36.320]  可以啊
[00:12:36.320 --> 00:12:39.680]  這個就開始棄灑
[00:12:39.680 --> 00:12:40.520]  怎樣棄灑呢?
[00:12:40.520 --> 00:12:41.920]  十五節請你們讀
[00:12:41.920 --> 00:12:55.240]  (十五節)
[00:12:55.240 --> 00:12:55.800]  十六節
[00:12:55.800 --> 00:12:58.840]  彼此抽頭用刀刺勒
[00:12:58.840 --> 00:12:59.840]  一同撲倒
[00:12:59.840 --> 00:13:00.640]  即是怎樣?
[00:13:00.640 --> 00:13:02.080]  即是死了
[00:13:02.080 --> 00:13:03.640]  玩到死
[00:13:03.640 --> 00:13:08.160]  所以那地叫做希利夾哈蘇林
[00:13:08.160 --> 00:13:10.600]  就在基片這個地方
[00:13:10.600 --> 00:13:11.880]  十七節請你們讀
[00:13:11.880 --> 00:13:20.280]  (十七節)
[00:13:20.280 --> 00:13:23.280]  所以本來十二個出來
[00:13:23.280 --> 00:13:24.240]  大家玩下玩下
[00:13:24.240 --> 00:13:25.760]  越玩越大問題
[00:13:25.760 --> 00:13:27.200]  接著就死了
[00:13:27.200 --> 00:13:30.080]  接著就變成戰士兇猛
[00:13:30.080 --> 00:13:31.280]  慘了
[00:13:31.280 --> 00:13:33.280]  見過誰打勝仗?
[00:13:33.280 --> 00:13:35.440]  大衛博人勝仗
[00:13:35.440 --> 00:13:37.680]  所以我們見到這個就開始
[00:13:37.680 --> 00:13:39.280]  阿尼爾那些人走了
[00:13:39.280 --> 00:13:40.880]  十八節請聽我讀
[00:13:40.880 --> 00:13:57.600]  (十八節)
[00:13:57.600 --> 00:13:59.600]  十九節請讀
[00:13:59.600 --> 00:14:05.880]  (十九節)
[00:14:05.880 --> 00:14:07.240]  阿尼爾正在走
[00:14:07.240 --> 00:14:08.680]  阿尼爾是誰?
[00:14:08.680 --> 00:14:12.000]  阿尼爾是塑羅家的主將
[00:14:12.000 --> 00:14:13.600]  他現在打輸了
[00:14:13.600 --> 00:14:14.440]  走了
[00:14:14.440 --> 00:14:17.000]  走放過他嗎?
[00:14:17.000 --> 00:14:17.720]  不放過
[00:14:17.720 --> 00:14:19.000]  誰追他?
[00:14:19.000 --> 00:14:20.000]  阿薩克追他
[00:14:20.000 --> 00:14:23.720]  所以這個阿薩克就是約翰的弟弟
[00:14:23.720 --> 00:14:26.440]  約翰就是大衛的元帥
[00:14:26.440 --> 00:14:28.760]  所以我們見到阿薩克就追他
[00:14:28.760 --> 00:14:30.760]  二十節請聽我讀
[00:14:30.760 --> 00:14:32.040]  阿尼爾回頭說
[00:14:32.040 --> 00:14:33.600]  追緊的時候回頭說
[00:14:33.600 --> 00:14:35.280]  你是阿薩克嗎?
[00:14:35.280 --> 00:14:36.160]  回答說
[00:14:36.160 --> 00:14:36.760]  是
[00:14:36.760 --> 00:14:37.760]  請讀
[00:14:37.760 --> 00:14:51.840]  (十八節)
[00:14:51.840 --> 00:14:55.400]  所以阿尼爾叫他不要追我
[00:14:55.400 --> 00:15:00.200]  隨便找一個做替死鬼
[00:15:00.200 --> 00:15:02.360]  剝了他的戰衣就算了
[00:15:02.360 --> 00:15:04.720]  我們就此結束
[00:15:04.720 --> 00:15:06.480]  二十二節
[00:15:06.480 --> 00:15:08.240]  阿尼爾又對阿薩克說
[00:15:08.240 --> 00:15:10.560]  你轉開不追趕我爬
[00:15:10.560 --> 00:15:12.560]  我何必殺你呢?
[00:15:12.560 --> 00:15:16.480]  若殺你有什麼念見你哥哥若蘭呢?
[00:15:16.480 --> 00:15:17.480]  請讀
[00:15:17.480 --> 00:15:39.080]  (十八節)
[00:15:39.080 --> 00:15:43.560]  所以後來阿尼爾是高手
[00:15:43.560 --> 00:15:45.600]  是以色列的元帥
[00:15:45.600 --> 00:15:46.720]  是塑羅家的
[00:15:46.720 --> 00:15:48.960]  而一槍一個槍轉
[00:15:48.960 --> 00:15:52.000]  就刺入阿薩克的肚腹
[00:15:52.000 --> 00:15:53.160]  就死了
[00:15:53.160 --> 00:15:53.800]  二十四節
[00:15:53.800 --> 00:15:55.120]  約阿和阿比西
[00:15:55.120 --> 00:15:56.320]  就是他們兩個哥哥
[00:15:56.320 --> 00:15:58.920]  追趕阿尼爾
[00:15:58.920 --> 00:16:00.760]  日落的時候到了
[00:16:00.760 --> 00:16:03.040]  通基片曠野的路旁
[00:16:03.040 --> 00:16:06.000]  基亞對面的阿瑪山
[00:16:06.000 --> 00:16:07.560]  所以這兩兄弟見到
[00:16:07.560 --> 00:16:10.400]  他的弟弟被阿尼爾殺了
[00:16:10.400 --> 00:16:11.360]  繼續追趕他
[00:16:11.360 --> 00:16:12.760]  由此你報仇
[00:16:12.760 --> 00:16:14.760]  二十五節請讀
[00:16:14.760 --> 00:16:21.400]  (十八節)
[00:16:21.400 --> 00:16:22.600]  變阿曼人
[00:16:22.600 --> 00:16:24.200]  就是塑羅家的人
[00:16:24.200 --> 00:16:25.640]  塑羅家的人聚集
[00:16:25.640 --> 00:16:29.440]  跟隨阿尼爾站在一個山頂上
[00:16:29.440 --> 00:16:33.400]  阿尼爾呼叫約阿薩克山頂
[00:16:33.400 --> 00:16:37.080]  和對面的大衛加約阿這些人說
[00:16:37.080 --> 00:16:39.600]  刀劍豈可永遠殺人
[00:16:39.600 --> 00:16:42.840]  你豈不知終究必有苦楚
[00:16:42.840 --> 00:16:47.040]  你要等何時才叫百姓回去
[00:16:47.040 --> 00:16:49.280]  不追趕弟兄呢
[00:16:49.280 --> 00:16:50.720]  二十七節請讀
[00:16:50.720 --> 00:17:04.200]  (十八節)
[00:17:04.200 --> 00:17:08.240]  他們本來是稱兄道弟的
[00:17:08.240 --> 00:17:12.000]  本來同為一家的
[00:17:12.000 --> 00:17:13.840]  真是好可惜
[00:17:13.840 --> 00:17:15.160]  二十八節
[00:17:15.160 --> 00:17:15.920]  (二十八節)
[00:17:15.920 --> 00:17:18.080]  於是約阿摧國
[00:17:18.080 --> 00:17:19.640]  中文就暫住
[00:17:19.640 --> 00:17:21.440]  不再追趕以色列人
[00:17:21.440 --> 00:17:22.760]  也不再打仗了
[00:17:22.760 --> 00:17:23.720]  請讀
[00:17:23.720 --> 00:17:35.760]  (十八節)
[00:17:35.760 --> 00:17:37.760]  約阿追趕阿尼爾回來
[00:17:37.760 --> 00:17:38.720]  聚集民眾
[00:17:38.720 --> 00:17:39.720]  見大衛的僕人
[00:17:39.720 --> 00:17:41.760]  終缺少了十九個人
[00:17:41.760 --> 00:17:43.240]  和阿薩克
[00:17:43.240 --> 00:17:52.920]  (十八節)
[00:17:52.920 --> 00:17:53.720]  最後一次一起讀
[00:17:53.720 --> 00:17:54.480]  請讀
[00:17:54.480 --> 00:18:08.680]  (十八節)
[00:18:08.680 --> 00:18:10.320]  所以叫各回自己的地方
[00:18:10.320 --> 00:18:11.800]  一個回到馬哈廉
[00:18:11.800 --> 00:18:14.160]  一個回到希伯倫
[00:18:14.160 --> 00:18:16.600]  我們見到阿薩克
[00:18:16.600 --> 00:18:18.320]  他本來是猶太家的人
[00:18:18.320 --> 00:18:22.280]  送回他故鄉的伯利恆安葬
[00:18:22.280 --> 00:18:23.880]  事情就到這裏
[00:18:23.880 --> 00:18:25.680]  後來如果大家回去讀
[00:18:25.680 --> 00:18:26.400]  還有的
[00:18:26.400 --> 00:18:28.880]  大衛知道的時候就為他們悲哀
[00:18:28.880 --> 00:18:31.320]  所以大衛就很傷心
[00:18:31.320 --> 00:18:37.440]  見到阿薩克被刺死
[00:18:37.440 --> 00:18:39.760]  所以見到死傷很多
[00:18:39.760 --> 00:18:42.720]  三十節和三十一節
[00:18:42.720 --> 00:18:44.640]  所以我們見到這件事
[00:18:44.640 --> 00:18:46.720]  因此這個地方
[00:18:46.720 --> 00:18:49.120]  我們看見十六節就這樣說
[00:18:49.120 --> 00:19:01.400]  (十六節)
[00:19:01.400 --> 00:19:02.520]  我曾經和大家說過
[00:19:02.520 --> 00:19:05.640]  在三維記裏面有幾個地方
[00:19:05.640 --> 00:19:06.600]  很特別的
[00:19:06.600 --> 00:19:08.080]  不是普通的名字
[00:19:08.080 --> 00:19:09.880]  他們把音譯譯出來
[00:19:09.880 --> 00:19:11.120]  而且很長
[00:19:11.120 --> 00:19:12.960]  其中一個就是
[00:19:12.960 --> 00:19:14.880]  希利夾哈蘇林
[00:19:14.880 --> 00:19:17.720]  所以他的希伯倫文就是
[00:19:17.720 --> 00:19:20.240]  Kathasrem
[00:19:20.240 --> 00:19:26.280]  這個地方因此改名叫做
[00:19:26.280 --> 00:19:27.680]  希利夾哈蘇林
[00:19:27.680 --> 00:19:30.480]  本來叫做基片祠
[00:19:30.480 --> 00:19:31.760]  基片祠我們再說
[00:19:31.760 --> 00:19:34.200]  是一個山丘
[00:19:34.200 --> 00:19:37.720]  是一個有水有池的地方
[00:19:37.720 --> 00:19:39.480]  非常優美
[00:19:39.480 --> 00:19:42.960]  但是因為這件事就改成這個名
[00:19:42.960 --> 00:19:44.000]  這個名是甚麼意思
[00:19:44.000 --> 00:19:46.640]  這個名的意思就是
[00:19:46.640 --> 00:19:48.960]  刀劍之地
[00:19:48.960 --> 00:19:51.960]  優美小山處水池而變成刀劍之地
[00:19:51.960 --> 00:19:55.800]  這個就是玉帛成為甚麼
[00:19:55.800 --> 00:19:59.760]  成為干戈
[00:19:59.760 --> 00:20:01.760]  真是玉帛成為干戈
[00:20:01.760 --> 00:20:03.440]  不過求主幫助我們
[00:20:03.440 --> 00:20:07.040]  在這個故事當中我們得到尷尬
[00:20:07.040 --> 00:20:12.280]  不要讓玉帛成為干戈
[00:20:12.280 --> 00:20:14.440]  好了 刀劍之地
[00:20:14.440 --> 00:20:15.440]  由於甚麼出現
[00:20:15.440 --> 00:20:17.920]  請問為何會變成刀劍之地
[00:20:17.920 --> 00:20:19.280]  本來是一個和諧的地方
[00:20:19.280 --> 00:20:20.400]  一個和諧的家
[00:20:20.400 --> 00:20:23.280]  一個和諧的團體
[00:20:23.280 --> 00:20:25.440]  為何變成相咬相吞
[00:20:25.440 --> 00:20:29.040]  刀劍之地
[00:20:29.040 --> 00:20:32.120]  第一 我們既然刀劍之地出於甚麼
[00:20:32.120 --> 00:20:34.360]  出於氣喪
[00:20:34.360 --> 00:20:37.560]  本來只是玩玩而已
[00:20:37.560 --> 00:20:40.160]  結果弄出人命
[00:20:40.160 --> 00:20:43.640]  禍愈闖愈大
[00:20:43.640 --> 00:20:46.800]  在這裏給我們真是好提醒
[00:20:46.800 --> 00:20:48.680]  氣喪的問題
[00:20:48.680 --> 00:20:52.280]  第一 我們見到這個氣喪的行為
[00:20:52.280 --> 00:20:54.360]  第十四節這樣說
[00:20:54.360 --> 00:20:56.280]  阿尼爾對玉帛說
[00:20:56.280 --> 00:20:57.680]  讓少年人起來
[00:20:57.680 --> 00:20:59.600]  在我們面前氣喪吧
[00:20:59.600 --> 00:21:02.440]  玉帛說 好啊
[00:21:02.440 --> 00:21:04.560]  那就開始來了
[00:21:04.560 --> 00:21:10.240]  大家都是懂武功的
[00:21:10.240 --> 00:21:11.840]  大家鬥一下武功
[00:21:11.840 --> 00:21:15.400]  可能先出拳 後來出腳 後來出刀
[00:21:15.400 --> 00:21:17.120]  越打越盛
[00:21:17.120 --> 00:21:21.360]  所以這個是氣喪的行為
[00:21:21.360 --> 00:21:23.160]  我們中國人說得好
[00:21:23.160 --> 00:21:24.000]  不知道大家有沒有聽過
[00:21:24.000 --> 00:21:28.800]  勤就有功
[00:21:28.800 --> 00:21:32.720]  氣無益
[00:21:32.720 --> 00:21:34.600]  當然不是說玩遊戲
[00:21:34.600 --> 00:21:37.400]  誰知道乒乒那些遊戲
[00:21:37.400 --> 00:21:40.120]  打乒乓球 打籃球
[00:21:40.120 --> 00:21:42.440]  氣無益即是說
[00:21:42.440 --> 00:21:45.800]  彼此的氣灑
[00:21:45.800 --> 00:21:49.400]  玩著玩著就玩出火
[00:21:49.400 --> 00:21:54.080]  這種氣灑是很危險的
[00:21:54.080 --> 00:21:58.800]  所以這種通常都是出於好勝
[00:21:58.800 --> 00:22:00.240]  一定要贏
[00:22:00.240 --> 00:22:02.000]  還有放縱
[00:22:02.000 --> 00:22:07.680]  這些行為在氣灑裏面成為危險
[00:22:07.680 --> 00:22:09.760]  有沒有 今天這個世界多不多
[00:22:09.760 --> 00:22:10.560]  多不多這些
[00:22:10.560 --> 00:22:13.000]  本來大家慶祝
[00:22:13.000 --> 00:22:15.280]  突然間越整越搞
[00:22:15.280 --> 00:22:16.480]  又說玩一下遊戲
[00:22:16.480 --> 00:22:19.200]  你們喝一杯 我喝一杯
[00:22:19.200 --> 00:22:22.080]  越整越 接著出拳 出刀
[00:22:22.080 --> 00:22:25.680]  接著出什麼 出槍
[00:22:25.680 --> 00:22:29.320]  美國就是這樣
[00:22:29.320 --> 00:22:32.720]  你們現在看不看世界盃
[00:22:32.720 --> 00:22:35.360]  不是每個人都看
[00:22:35.360 --> 00:22:40.240]  現在哪隊就哪隊
[00:22:40.240 --> 00:22:43.000]  很多時候這些本來是慶祝的
[00:22:43.000 --> 00:22:44.680]  哪隊贏了就大肆慶祝
[00:22:44.680 --> 00:22:46.480]  前陣子NBA就是這樣
[00:22:46.480 --> 00:22:47.960]  NBA知不知道是什麼
[00:22:47.960 --> 00:22:52.920]  NBA就是打籃球的
[00:22:52.920 --> 00:22:56.440]  這個東岸贏了冠軍
[00:22:56.440 --> 00:23:00.640]  結果第一場贏了已經暴動了
[00:23:00.640 --> 00:23:01.960]  本來慶祝
[00:23:01.960 --> 00:23:04.000]  全街就搞到什麼
[00:23:04.000 --> 00:23:06.920]  又放火 又推警察車
[00:23:06.920 --> 00:23:10.040]  又打爛玻璃 又搶東西
[00:23:10.040 --> 00:23:12.640]  贏了總冠軍不得了
[00:23:12.640 --> 00:23:18.320]  結果要全城警察出動
[00:23:18.320 --> 00:23:21.000]  很多時候就是這些問題
[00:23:21.000 --> 00:23:27.560]  玩開始 玩著玩著就放縱
[00:23:27.560 --> 00:23:29.160]  今年年頭不知道大家有沒有聽過
[00:23:29.160 --> 00:23:31.960]  在阿爾卑斯山發生一件慘劇
[00:23:31.960 --> 00:23:35.400]  今年年頭1月1日凌晨發生
[00:23:35.400 --> 00:23:37.280]  記得嗎
[00:23:37.280 --> 00:23:43.440]  他們年輕人在那裡慶祝過年
[00:23:43.440 --> 00:23:47.120]  結果因為樓頂設計不太好
[00:23:47.120 --> 00:23:51.440]  他們騎駁馬 香檳又是放火的
[00:23:51.440 --> 00:23:55.160]  香檳放火 誰不知一個不小心燙著
[00:23:55.160 --> 00:23:58.240]  燙著東西就燒起來
[00:23:58.240 --> 00:24:02.400]  這些就是我們明天開始的VBS的佈置
[00:24:02.400 --> 00:24:05.440]  為什麼這裡有這麼多蜘蛛網
[00:24:05.440 --> 00:24:10.920]  因為明天是兒童書記聖經班的佈置
[00:24:10.920 --> 00:24:12.840]  他們不是燒著了屋頂
[00:24:12.840 --> 00:24:17.520]  結果死了47個人
[00:24:17.520 --> 00:24:19.600]  就是因為這樣燒
[00:24:19.600 --> 00:24:21.680]  115人受傷
[00:24:21.680 --> 00:24:24.280]  所以差不多200個年輕人
[00:24:24.280 --> 00:24:32.480]  在滑雪聖地 瑞士慘遭罹難
[00:24:32.480 --> 00:24:34.880]  屍體也無法辨識 消毒
[00:24:34.880 --> 00:24:37.960]  所以很多人害怕
[00:24:37.960 --> 00:24:43.440]  正當的娛樂 輕鬆有益的運動活動是好的
[00:24:43.440 --> 00:24:45.640]  我們要鼓勵弟兄姊妹
[00:24:45.640 --> 00:24:50.000]  但如果氣灑太多 整天只顧著玩
[00:24:50.000 --> 00:24:54.680]  人們就這樣 打麻將 通宵打麻將
[00:24:54.680 --> 00:24:59.280]  結果就很大很大的傷害身體
[00:24:59.280 --> 00:25:02.800]  一開始只是玩玩 後來賭一下
[00:25:02.800 --> 00:25:07.560]  越整越大 開始只是口角之爭
[00:25:07.560 --> 00:25:11.040]  後來就出手出刀
[00:25:11.040 --> 00:25:15.480]  所以我們發覺真的要留意
[00:25:15.480 --> 00:25:20.280]  為什麼保羅經常勸我們要謹慎自守 謹慎禱告
[00:25:20.280 --> 00:25:22.480]  真的要留意
[00:25:22.480 --> 00:25:25.720]  所以今天我們教會回到頂尖會
[00:25:25.720 --> 00:25:28.360]  教導我們年輕人真的很重要
[00:25:28.360 --> 00:25:30.320]  所以從小開始回教會
[00:25:30.320 --> 00:25:32.760]  我們就開始從小教導他們
[00:25:32.760 --> 00:25:34.720]  當然不可以避免所有
[00:25:34.720 --> 00:25:37.080]  不過我們都知道這是很重要的
[00:25:37.080 --> 00:25:41.920]  從小開始培養和指導
[00:25:41.920 --> 00:25:45.480]  基督徒可不可以玩
[00:25:45.480 --> 00:25:48.760]  近代有一個叫休閒神學
[00:25:48.760 --> 00:25:53.800]  休閒神學就是探討究竟我們基督徒如何休閒
[00:25:53.800 --> 00:25:56.680]  有什麼聖經的教導
[00:25:56.680 --> 00:26:02.880]  其實有一個指標或考慮是不錯的
[00:26:02.880 --> 00:26:07.040]  你可以在玩的當中感謝神
[00:26:07.040 --> 00:26:11.800]  如果大家打麻將打得很興奮
[00:26:11.800 --> 00:26:21.400]  感謝主 食烏
[00:26:21.400 --> 00:26:25.680]  可不可以在這些當中感謝神
[00:26:25.680 --> 00:26:27.600]  我們郭猶團是很好的
[00:26:27.600 --> 00:26:30.360]  我們打球之前祈禱
[00:26:30.360 --> 00:26:31.960]  所以我們看看
[00:26:31.960 --> 00:26:36.160]  如果你能夠在當中讓神參與
[00:26:36.160 --> 00:26:39.760]  那就有些樂譜了
[00:26:39.760 --> 00:26:42.080]  如果我們發覺自己有自己的生活
[00:26:42.080 --> 00:26:45.280]  教會有一套 出去又另一套
[00:26:45.280 --> 00:26:47.840]  最近我和我女兒聊天
[00:26:47.840 --> 00:26:50.880]  很傷心 見到有些他們的同輩
[00:26:50.880 --> 00:26:55.520]  教會很侍奉 很熱心
[00:26:55.520 --> 00:27:00.040]  出去派對的時候和普通人一樣
[00:27:00.040 --> 00:27:05.200]  他們覺得為何基督徒要將這些分教
[00:27:05.200 --> 00:27:07.400]  教會是一個價值觀
[00:27:07.400 --> 00:27:11.320]  去到別處有一種表現
[00:27:11.320 --> 00:27:13.160]  如果你能夠在這裡感謝
[00:27:13.160 --> 00:27:15.600]  你在看足球也可以感謝
[00:27:15.600 --> 00:27:17.480]  那就差不多了
[00:27:17.480 --> 00:27:20.600]  如果你在這裡看通宵聖靈感動你睡覺
[00:27:20.600 --> 00:27:24.000]  看劇好收檔
[00:27:24.000 --> 00:27:31.240]  感謝主 繼續看
[00:27:31.240 --> 00:27:34.120]  真的有些問題
[00:27:34.120 --> 00:27:35.600]  大家明白嗎
[00:27:35.600 --> 00:27:38.480]  基督徒不是不可以休閒 不可以氣灑
[00:27:38.480 --> 00:27:45.120]  不過去到這些地方的時候就過界了
[00:27:45.120 --> 00:27:51.000]  除了氣灑的行為 氣灑的言語
[00:27:51.000 --> 00:27:53.760]  若說我指著永生的上帝氣勢
[00:27:53.760 --> 00:27:58.880]  也若不說氣灑的那句話
[00:27:58.880 --> 00:28:01.760]  今天早晨百姓就會去不追趕弟兄
[00:28:01.760 --> 00:28:03.840]  這個後來約自己說
[00:28:03.840 --> 00:28:06.480]  最壞都是你 說這些話
[00:28:06.480 --> 00:28:11.960]  你一說這句話就讓我們有爭執開始
[00:28:11.960 --> 00:28:14.760]  所以氣灑的說話
[00:28:14.760 --> 00:28:20.600]  由衝突引起的原因
[00:28:20.600 --> 00:28:25.280]  現在這個世代也一樣 不單是行為
[00:28:25.280 --> 00:28:28.720]  說話亂來
[00:28:28.720 --> 00:28:30.560]  喜歡說話
[00:28:30.560 --> 00:28:33.760]  說得你也知道你的感受如何
[00:28:33.760 --> 00:28:36.720]  他不會想一下再說
[00:28:36.720 --> 00:28:41.600]  有時候也會說笑而已
[00:28:41.600 --> 00:28:45.120]  說就說笑 不過很容易就過火了
[00:28:45.120 --> 00:28:47.440]  就過界了
[00:28:47.440 --> 00:28:51.680]  所以當然有些粗俗的言語
[00:28:51.680 --> 00:28:53.960]  不好的說話更加要避免
[00:28:53.960 --> 00:28:56.280]  甚至那些嬉笑的話
[00:28:56.280 --> 00:28:58.360]  即是用來取笑別人
[00:28:58.360 --> 00:29:01.120]  那些嬉笑的話
[00:29:01.120 --> 00:29:04.320]  挑逗別人的血氣
[00:29:04.320 --> 00:29:08.320]  挖苦你 貶低你
[00:29:08.320 --> 00:29:12.640]  這些都是很容易在這個時代會有的
[00:29:12.640 --> 00:29:15.200]  在《爾弗所書》提醒我們
[00:29:15.200 --> 00:29:23.480]  他說任詞 妄語 嬉笑的話都不相宜
[00:29:23.480 --> 00:29:26.160]  總要說感謝的話
[00:29:26.160 --> 00:29:29.280]  能夠說感謝的話就對了
[00:29:29.280 --> 00:29:34.840]  所以不要想到說就說
[00:29:34.840 --> 00:29:37.960]  然後說笑一下
[00:29:37.960 --> 00:29:45.000]  說笑和取笑一線之間
[00:29:45.000 --> 00:29:48.600]  你可以說一句話 笑一下自己
[00:29:48.600 --> 00:29:50.600]  笑一下環境 有些幽默感
[00:29:50.600 --> 00:29:52.760]  基督徒應該也是這樣的
[00:29:52.760 --> 00:29:53.960]  有些幽默感
[00:29:53.960 --> 00:29:56.520]  做基督徒不會很呆板
[00:29:56.520 --> 00:30:01.320]  不過不要變成取笑
[00:30:01.320 --> 00:30:04.400]  即是傷害別人 貶低別人
[00:30:04.400 --> 00:30:07.640]  取笑的話更加挑動血氣
[00:30:07.640 --> 00:30:09.600]  就會危險
[00:30:09.600 --> 00:30:16.120]  這很多時候發生在哪裏呢
[00:30:16.120 --> 00:30:19.000]  即是第一次見面會不會說這些話
[00:30:19.000 --> 00:30:20.280]  好笑 好笑
[00:30:20.280 --> 00:30:22.520]  所以多數發生在哪裏
[00:30:22.520 --> 00:30:25.160]  很熟悉的那些人
[00:30:25.160 --> 00:30:27.160]  很熟悉的那些人
[00:30:27.160 --> 00:30:29.560]  熟悉要小心
[00:30:29.560 --> 00:30:33.880]  唉呀 此熟邁熟
[00:30:33.880 --> 00:30:36.800]  熟悉就不拘禮了
[00:30:36.800 --> 00:30:42.720]  熟悉就不拘禮了
[00:30:42.720 --> 00:30:45.080]  因為不拘禮就容易得罪別人
[00:30:45.080 --> 00:30:47.960]  所以代表熟悉要更加小心
[00:30:47.960 --> 00:30:50.240]  誰最熟悉呢
[00:30:50.240 --> 00:30:53.040]  家人最熟悉
[00:30:53.040 --> 00:30:55.840]  為甚麼很多時候會在家裏發生
[00:30:55.840 --> 00:30:59.200]  因為你不留意家人最熟悉
[00:30:59.200 --> 00:31:02.520]  所以一下子就出來
[00:31:02.520 --> 00:31:04.120]  就收不回
[00:31:04.120 --> 00:31:08.600]  最慘是這樣 說了出來收不回
[00:31:08.600 --> 00:31:12.120]  所以真的代表我們要留意
[00:31:12.120 --> 00:31:15.160]  不要太喜歡責人
[00:31:15.160 --> 00:31:17.080]  不要太喜歡取笑人
[00:31:17.080 --> 00:31:18.200]  小心
[00:31:18.200 --> 00:31:23.160]  所以原來這些言語上引起這個問題
[00:31:23.160 --> 00:31:26.200]  所以我們第一看見刀劍之地出於甚麼
[00:31:26.200 --> 00:31:28.360]  出於氣灑
[00:31:28.360 --> 00:31:30.600]  留意我們要提防
[00:31:30.600 --> 00:31:32.440]  不要將欺騙詞
[00:31:32.440 --> 00:31:34.600]  本來是一個很好的彼此祝福的地方
[00:31:34.600 --> 00:31:36.560]  變成一個刀劍之地
[00:31:36.560 --> 00:31:37.640]  真的要小心
[00:31:37.640 --> 00:31:39.960]  氣灑的行為
[00:31:39.960 --> 00:31:41.880]  氣灑的言語
[00:31:41.880 --> 00:31:44.360]  讓我們謹慎我們的言語
[00:31:44.360 --> 00:31:46.040]  謹慎我們的行為
[00:31:46.040 --> 00:31:50.120]  我再說謹慎不是代表你
[00:31:50.120 --> 00:31:54.440]  做基督徒好像節日不少
[00:31:54.440 --> 00:31:57.560]  又不能說笑 又沒甚麼輕鬆
[00:31:57.560 --> 00:32:00.520]  基督徒不是這樣的 我們有喜樂
[00:32:00.520 --> 00:32:03.960]  但喜樂裏面有愛
[00:32:03.960 --> 00:32:06.040]  在愛裏面要小心
[00:32:06.040 --> 00:32:08.200]  在愛裏面用祝福的說話
[00:32:08.200 --> 00:32:11.400]  平安的說話 感謝的話
[00:32:11.400 --> 00:32:13.320]  所以這個很重要
[00:32:13.320 --> 00:32:15.880]  求神幫助我們
[00:32:15.880 --> 00:32:19.240]  第二我們看見刀劍之地出於甚麼
[00:32:19.240 --> 00:32:23.720]  刀劍之地出於憎勁
[00:32:23.720 --> 00:32:29.400]  我們發覺這個就是最大背後的原因
[00:32:29.400 --> 00:32:32.360]  本來同出一家 雅各家
[00:32:32.360 --> 00:32:36.120]  大家都是雅各的子孫
[00:32:36.120 --> 00:32:41.720]  但是發覺以色列和猶太家
[00:32:41.720 --> 00:32:44.920]  大家就因為這些爭鬥
[00:32:44.920 --> 00:32:51.880]  利益、地盤、權力開始
[00:32:51.880 --> 00:32:54.680]  本來大衛的心胸很廣
[00:32:54.680 --> 00:32:56.840]  但下面的人不是
[00:32:56.840 --> 00:32:59.960]  所以他們發現下面的人開始鬥爭
[00:32:59.960 --> 00:33:03.240]  來呀來呀 看誰比較厲害
[00:33:03.240 --> 00:33:05.480]  憎勁
[00:33:05.480 --> 00:33:07.400]  中文字挺好的
[00:33:07.400 --> 00:33:10.920]  競爭和憎勁有些不同
[00:33:10.920 --> 00:33:15.160]  競爭可以壞也可以好
[00:33:15.160 --> 00:33:17.320]  良性的競爭
[00:33:17.320 --> 00:33:19.640]  比賽、遊戲競爭
[00:33:19.640 --> 00:33:23.000]  希望大家都進步
[00:33:23.000 --> 00:33:26.040]  良性的不會傷害別人
[00:33:26.040 --> 00:33:29.320]  也出於要改進自己
[00:33:29.320 --> 00:33:31.080]  不是要貶低別人
[00:33:31.080 --> 00:33:34.120]  這些競爭大家努力
[00:33:34.120 --> 00:33:38.520]  像現在打足球 落場當然要贏
[00:33:38.520 --> 00:33:41.800]  不過落場出矛招就不是了
[00:33:41.800 --> 00:33:45.560]  一出矛招 心地不好
[00:33:45.560 --> 00:33:49.560]  就變成憎勁
[00:33:49.560 --> 00:33:51.720]  憎勁就是血氣
[00:33:51.720 --> 00:33:55.560]  憎勁就是要抬高自己貶低別人
[00:33:55.560 --> 00:33:57.160]  要比別人厲害
[00:33:57.160 --> 00:34:01.960]  那種心態不是為了一種正義的取向
[00:34:01.960 --> 00:34:04.440]  得勝利的標準
[00:34:04.440 --> 00:34:06.600]  良性的益處
[00:34:06.600 --> 00:34:07.720]  不是為了這些
[00:34:07.720 --> 00:34:10.440]  是為了一些血氣的競爭
[00:34:10.440 --> 00:34:13.240]  一些嫉妒、紛爭
[00:34:13.240 --> 00:34:19.240]  一些好勝
[00:34:19.240 --> 00:34:21.400]  所以我們看到很明顯
[00:34:21.400 --> 00:34:24.040]  這次整件事大家讀了這麼多經節
[00:34:24.040 --> 00:34:25.560]  你會留意到
[00:34:25.560 --> 00:34:28.920]  這是出於一種憎勁
[00:34:28.920 --> 00:34:31.480]  是肉體的一種罪性
[00:34:31.480 --> 00:34:34.200]  不能輸 不能輸
[00:34:34.200 --> 00:34:37.240]  所以心裏面其實是一種驕傲
[00:34:37.240 --> 00:34:40.680]  所以這種驕傲就是背後的原因
[00:34:40.680 --> 00:34:42.600]  所以聖經裏面提醒我們
[00:34:42.600 --> 00:34:46.760]  特別在《針研書》有很多關乎憎勁的
[00:34:46.760 --> 00:34:50.280]  記載的原因和一些教導
[00:34:50.280 --> 00:34:52.440]  今天我們溫習有幾樣東西
[00:34:52.440 --> 00:34:54.920]  在聖經的《針研》裏面
[00:34:54.920 --> 00:34:57.960]  第一 我們發覺很多問題出於憎勁
[00:34:57.960 --> 00:34:58.520]  出於什麼?
[00:34:58.520 --> 00:35:00.680]  剛才我們說憎勁出於什麼?
[00:35:00.680 --> 00:35:02.280]  出於驕傲
[00:35:02.280 --> 00:35:03.960]  《針研》第十三章第十節
[00:35:03.960 --> 00:35:05.320]  一起讀好嗎?請讀
[00:35:05.320 --> 00:35:09.400]  驕傲旨愧憎勁
[00:35:09.400 --> 00:35:13.480]  聽勸賢的卻有自慰
[00:35:13.480 --> 00:35:15.880]  這真是自慰
[00:35:15.880 --> 00:35:19.320]  所以驕傲就帶來憎勁
[00:35:19.320 --> 00:35:21.800]  因為他覺得自己最厲害
[00:35:21.800 --> 00:35:22.920]  自己很驕傲
[00:35:22.920 --> 00:35:24.280]  我賺多少錢
[00:35:24.280 --> 00:35:25.560]  我多厲害
[00:35:25.560 --> 00:35:28.520]  我有什麼擁有
[00:35:28.520 --> 00:35:30.760]  他開始驕傲的時候就和別人比較
[00:35:30.760 --> 00:35:32.200]  和別人憎勁
[00:35:32.200 --> 00:35:33.400]  發覺有個人比我厲害
[00:35:33.400 --> 00:35:34.360]  不行
[00:35:34.360 --> 00:35:35.880]  我一定要比他厲害
[00:35:35.880 --> 00:35:37.160]  開始來了
[00:35:37.160 --> 00:35:40.120]  這個就是憎勁開始
[00:35:40.120 --> 00:35:42.920]  所以驕傲旨愧憎勁
[00:35:42.920 --> 00:35:49.400]  但是這個卻帶來一個
[00:35:49.400 --> 00:35:50.920]  彼此爭鬥
[00:35:50.920 --> 00:35:53.480]  彼此破壞的結果
[00:35:53.480 --> 00:35:55.880]  所以聽勸賢就有自慰
[00:35:55.880 --> 00:35:59.240]  不要留意驕傲的心態
[00:35:59.240 --> 00:36:01.400]  這正是我們的肉體
[00:36:01.400 --> 00:36:02.280]  新玉就知道了
[00:36:02.280 --> 00:36:03.720]  這是出於肉體的
[00:36:03.720 --> 00:36:04.680]  需要對付的
[00:36:04.680 --> 00:36:07.560]  需要靠聖靈致死它
[00:36:07.560 --> 00:36:10.920]  《針研》十七章第十九節
[00:36:10.920 --> 00:36:12.360]  同樣請讀好嗎?
[00:36:12.360 --> 00:36:16.840]  喜愛憎勁的是喜愛過分
[00:36:16.840 --> 00:36:21.320]  高立家門的乃自取敗壞
[00:36:21.320 --> 00:36:22.680]  什麼叫高立家門?
[00:36:22.680 --> 00:36:25.160]  就是覺得自己比別人厲害
[00:36:25.160 --> 00:36:27.000]  自視過高
[00:36:27.000 --> 00:36:28.440]  這就是驕傲
[00:36:28.440 --> 00:36:29.400]  自視過高
[00:36:29.400 --> 00:36:30.280]  自己比別人厲害
[00:36:30.280 --> 00:36:31.640]  義氣憎勁
[00:36:31.640 --> 00:36:33.960]  所以這些人就憎勁了
[00:36:33.960 --> 00:36:36.520]  憎勁其實就是喜愛過分
[00:36:36.520 --> 00:36:38.520]  專搞事搞憎勁
[00:36:38.520 --> 00:36:40.840]  搞鬥爭
[00:36:40.840 --> 00:36:45.000]  這些就是自取敗壞
[00:36:45.000 --> 00:36:48.040]  我們見到聖經提醒我們
[00:36:48.040 --> 00:36:50.920]  小心這些驕傲
[00:36:50.920 --> 00:36:52.360]  在夫婦之間
[00:36:52.360 --> 00:36:54.280]  在親友之間
[00:36:54.280 --> 00:36:57.800]  大家有一種驕傲
[00:36:57.800 --> 00:36:59.400]  彼此鬥爭的心
[00:36:59.400 --> 00:37:02.920]  就會產生不好的後果
[00:37:02.920 --> 00:37:04.440]  產生憎勁
[00:37:04.440 --> 00:37:06.040]  第二我們見到
[00:37:06.040 --> 00:37:08.680]  這個憎勁在《針研》提醒我們
[00:37:08.680 --> 00:37:10.200]  就是放任
[00:37:10.200 --> 00:37:13.000]  在《針研》十七章第十四節
[00:37:13.000 --> 00:37:14.200]  我們再一起讀好嗎?
[00:37:14.200 --> 00:37:15.080]  請讀
[00:37:15.080 --> 00:37:19.400]  「紛爭的起頭如水放開
[00:37:19.400 --> 00:37:22.120]  所以在爭鬧之先
[00:37:22.120 --> 00:37:25.640]  必當止息憎勁」
[00:37:25.640 --> 00:37:28.360]  所以原來紛爭的起頭如水放開
[00:37:28.360 --> 00:37:30.920]  大家有沒有開過水喉?
[00:37:30.920 --> 00:37:34.040]  愈開愈猛
[00:37:34.040 --> 00:37:36.680]  那怎樣才解決呢?
[00:37:36.680 --> 00:37:40.680]  他說在開頭的時候快點關掉
[00:37:40.680 --> 00:37:43.320]  這個我們一會兒再看
[00:37:43.320 --> 00:37:44.600]  這種是指什麼呢?
[00:37:44.600 --> 00:37:45.400]  指放任
[00:37:45.400 --> 00:37:48.360]  因為他開頭已經覺得有點不妥
[00:37:48.360 --> 00:37:50.680]  不過他沒有聽勸告
[00:37:50.680 --> 00:37:54.760]  也沒有留心、耐心的感覺
[00:37:54.760 --> 00:37:57.800]  更加基督徒沒有留意聖靈的感動
[00:37:57.800 --> 00:38:00.280]  他就放縱
[00:38:00.280 --> 00:38:02.440]  照自己的意思而行
[00:38:02.440 --> 00:38:04.760]  所以憎勁就愈來愈大
[00:38:04.760 --> 00:38:05.960]  他沒有留意
[00:38:05.960 --> 00:38:07.560]  這是屬於肉體的
[00:38:07.560 --> 00:38:10.440]  這是破壞他自己
[00:38:10.440 --> 00:38:13.960]  也破壞他和別人的關係
[00:38:13.960 --> 00:38:16.680]  還有我們看到這種逞強
[00:38:16.680 --> 00:38:19.000]  什麼叫逞強?
[00:38:19.000 --> 00:38:21.880]  就是逞英雄
[00:38:21.880 --> 00:38:24.200]  《針研二十五章》第八節
[00:38:24.200 --> 00:38:25.320]  請讀
[00:38:25.320 --> 00:38:29.240]  「不要務失出去與人爭競
[00:38:29.240 --> 00:38:32.120]  免得至終被他羞辱
[00:38:32.120 --> 00:38:35.640]  你就不知道怎樣行了」
[00:38:35.640 --> 00:38:38.520]  拍拍胸口走出去
[00:38:38.520 --> 00:38:40.760]  就是逞英雄
[00:38:40.760 --> 00:38:42.840]  他說不要務失出去
[00:38:42.840 --> 00:38:45.800]  想過這是否需要的
[00:38:45.800 --> 00:38:47.320]  如果你挺身而出
[00:38:47.320 --> 00:38:49.080]  為正義而行的
[00:38:49.080 --> 00:38:50.200]  付代價的
[00:38:50.200 --> 00:38:51.320]  沒問題
[00:38:51.320 --> 00:38:53.880]  但是如果你務失出去
[00:38:53.880 --> 00:38:55.560]  與人爭競
[00:38:55.560 --> 00:38:58.920]  這樣至終會產生羞辱
[00:38:58.920 --> 00:39:00.920]  根本你都不是別人的那一批人
[00:39:00.920 --> 00:39:03.720]  更加是逞強、逞英雄
[00:39:03.720 --> 00:39:06.360]  這樣就自找麻煩
[00:39:06.360 --> 00:39:09.160]  所以這種逞英雄心態
[00:39:09.160 --> 00:39:11.160]  今天很多人都有
[00:39:11.160 --> 00:39:14.040]  接著還有留言
[00:39:14.040 --> 00:39:16.600]  《針研二十六章》二十到二十一節
[00:39:16.600 --> 00:39:18.120]  我們一起讀
[00:39:18.120 --> 00:39:22.200]  「火缺了柴就必熄滅
[00:39:22.200 --> 00:39:26.920]  無人傳洩爭競便自息
[00:39:26.920 --> 00:39:31.480]  好爭競的人善或爭端
[00:39:31.480 --> 00:39:38.200]  就如如火加炭火上加柴一樣」
[00:39:38.200 --> 00:39:40.600]  所以這種是甚麼?
[00:39:40.600 --> 00:39:44.280]  撥火
[00:39:44.280 --> 00:39:46.120]  所以原來爭競
[00:39:46.120 --> 00:39:47.880]  很多時候出於甚麼?
[00:39:47.880 --> 00:39:50.680]  出於傳洩
[00:39:50.680 --> 00:39:52.600]  傳洩即是甚麼?
[00:39:52.600 --> 00:39:54.840]  又講人行嗎?
[00:39:54.840 --> 00:39:58.920]  本來火都熄滅了
[00:39:58.920 --> 00:40:03.160]  接著給你一撥,又熄滅
[00:40:03.160 --> 00:40:06.360]  如如火加炭火上加柴
[00:40:06.360 --> 00:40:09.320]  所以這些人叫好爭競
[00:40:09.320 --> 00:40:11.320]  好爭競當然喜歡這樣做
[00:40:11.320 --> 00:40:13.560]  很大問題
[00:40:13.560 --> 00:40:16.120]  喜歡生事
[00:40:16.120 --> 00:40:18.440]  無端生事
[00:40:18.440 --> 00:40:26.200]  搞到你一塌糊塗就開心
[00:40:26.200 --> 00:40:28.840]  這些出於非常壞的心態
[00:40:28.840 --> 00:40:31.960]  但不知不覺就做了這種事
[00:40:31.960 --> 00:40:35.240]  所以真是好爭競的人要留心
[00:40:35.240 --> 00:40:37.000]  如果你發現自己很喜歡
[00:40:37.000 --> 00:40:40.360]  靈異認叻,怕心口
[00:40:40.360 --> 00:40:42.760]  說得出就說
[00:40:42.760 --> 00:40:43.880]  好爭競的時候
[00:40:43.880 --> 00:40:46.680]  小心會變成自己都不知道
[00:40:46.680 --> 00:40:54.200]  成為這種煽風點火的人
[00:40:54.200 --> 00:40:55.640]  流言
[00:40:55.640 --> 00:40:57.160]  指於甚麼?
[00:40:57.160 --> 00:41:00.520]  流言指於自己
[00:41:00.520 --> 00:41:02.680]  所以爭競就是知識
[00:41:02.680 --> 00:41:05.880]  沒有人傳洩
[00:41:05.880 --> 00:41:08.680]  接著就爭辯
[00:41:08.680 --> 00:41:12.600]  在提摩太后書2章23節
[00:41:12.600 --> 00:41:16.680]  唯有那愚拙無學問的辯論
[00:41:16.680 --> 00:41:18.280]  總要棄拙
[00:41:18.280 --> 00:41:27.240]  因為知道者等事事起爭競地
[00:41:27.240 --> 00:41:29.160]  保羅提醒提摩太后留心教會裏面
[00:41:29.160 --> 00:41:30.840]  即是他提醒教會
[00:41:30.840 --> 00:41:32.040]  這個伊弗梭教會
[00:41:32.040 --> 00:41:33.960]  保羅心目讓的
[00:41:33.960 --> 00:41:35.960]  提摩太后心目讓的
[00:41:35.960 --> 00:41:38.920]  他說這些愚拙無學問的辯論
[00:41:38.920 --> 00:41:40.840]  總要棄拙
[00:41:40.840 --> 00:41:42.920]  因為這些事很多時候最後都是
[00:41:42.920 --> 00:41:45.400]  大家都咬到臉紅耳熱
[00:41:45.400 --> 00:41:47.320]  最後又怎樣?
[00:41:47.320 --> 00:41:52.280]  最後就產生爭競
[00:41:52.280 --> 00:41:54.120]  所以這些是
[00:41:54.120 --> 00:41:56.280]  教會少談政治
[00:41:56.280 --> 00:41:59.080]  不要說我是藍你是紅
[00:41:59.080 --> 00:42:01.080]  就爭辯一輪
[00:42:01.080 --> 00:42:04.760]  所以是無謂的
[00:42:04.760 --> 00:42:05.800]  沒有絕對
[00:42:05.800 --> 00:42:07.480]  更加不是真理
[00:42:07.480 --> 00:42:10.360]  為甚麼要這麼守住自己的立場
[00:42:10.360 --> 00:42:14.200]  要爭辯到差不多要出拳出腳
[00:42:14.200 --> 00:42:22.360]  又不要因為大家的小小的看法不同
[00:42:22.360 --> 00:42:25.320]  又說咬到臉紅耳熱
[00:42:25.320 --> 00:42:29.320]  還有這個其實講到有些愚拙無學問的辯論
[00:42:29.320 --> 00:42:32.760]  有些世上的小學
[00:42:32.760 --> 00:42:36.200]  甚至有些神學辯論
[00:42:36.200 --> 00:42:40.840]  其實那些無關痛癢的也不是絕對真理
[00:42:40.840 --> 00:42:45.400]  聖經裡面有支持這邊有支持那邊
[00:42:45.400 --> 00:42:48.120]  你覺得自己這邊對
[00:42:48.120 --> 00:42:51.880]  你覺得我分享我的看法我的領受是這樣
[00:42:51.880 --> 00:42:55.880]  不過也尊重其他人的看法
[00:42:55.880 --> 00:42:57.320]  除非他是異端
[00:42:57.320 --> 00:43:01.320]  除非他是違反基要真理
[00:43:01.320 --> 00:43:05.960]  所以這些也是無謂辯論
[00:43:05.960 --> 00:43:10.520]  所以這個也是會引起爭辯
[00:43:10.520 --> 00:43:13.080]  爭辯開始
[00:43:13.080 --> 00:43:14.360]  那怎樣避免?
[00:43:14.360 --> 00:43:16.280]  怎樣避免增進之道?
[00:43:16.280 --> 00:43:17.880]  這裡也告訴我
[00:43:17.880 --> 00:43:19.080]  避免增進之道
[00:43:19.080 --> 00:43:19.880]  剛才我讀過
[00:43:19.880 --> 00:43:22.200]  第一就是甚麼?
[00:43:22.200 --> 00:43:26.600]  蓄止
[00:43:26.600 --> 00:43:29.640]  紛爭的起頭如水開放
[00:43:29.640 --> 00:43:31.720]  所以爭鬧之先
[00:43:31.720 --> 00:43:33.480]  必當甚麼?
[00:43:33.480 --> 00:43:38.120]  必當止息增進
[00:43:38.120 --> 00:43:40.120]  避免血氣之爭
[00:43:40.120 --> 00:43:45.640]  避免小事化大
[00:43:45.640 --> 00:43:47.800]  一發覺開始有些火藥味
[00:43:47.800 --> 00:43:51.320]  那又怎樣?
[00:43:51.320 --> 00:43:54.520]  我們談到這裡就好了
[00:43:54.520 --> 00:43:56.520]  就這樣
[00:43:56.520 --> 00:43:57.720]  不要再爭辯下去
[00:43:57.720 --> 00:43:59.320]  無謂爭辯
[00:43:59.320 --> 00:44:03.720]  我們可以agree to be disagree
[00:44:03.720 --> 00:44:06.600]  所以無謂傷感情
[00:44:06.600 --> 00:44:08.200]  所以說話不要太大聲
[00:44:08.200 --> 00:44:10.360]  不要太權威的
[00:44:10.360 --> 00:44:12.360]  因為留點餘地給別人
[00:44:12.360 --> 00:44:17.320]  所以我認為會不會是這樣呢?
[00:44:17.320 --> 00:44:18.280]  這樣好一點
[00:44:18.280 --> 00:44:20.280]  不要太絕對
[00:44:20.280 --> 00:44:26.120]  所以避免大家無謂的爭執
[00:44:26.120 --> 00:44:27.640]  事實上很多事情是
[00:44:27.640 --> 00:44:29.640]  有些事情不需要太絕對
[00:44:29.640 --> 00:44:32.280]  你的領袖未必是對的
[00:44:32.280 --> 00:44:35.800]  所以除非很清楚有聖經根據
[00:44:35.800 --> 00:44:37.640]  這個權威不是來自你
[00:44:37.640 --> 00:44:39.240]  而是聖經的權威
[00:44:39.240 --> 00:44:41.240]  這樣就不同
[00:44:41.240 --> 00:44:44.040]  所以我們看到這是很重要的
[00:44:44.040 --> 00:44:47.720]  一種止息增進之道
[00:44:47.720 --> 00:44:50.760]  第二就是最好和解
[00:44:50.760 --> 00:44:52.360]  所以針研提醒我們
[00:44:52.360 --> 00:44:53.560]  十八章十八字
[00:44:53.560 --> 00:44:54.440]  請讀
[00:44:54.440 --> 00:44:58.280]  祭籤能止息增進
[00:44:58.280 --> 00:45:03.240]  也能解散強性的人
[00:45:03.240 --> 00:45:06.040]  所以你說你要跟我鬥
[00:45:06.040 --> 00:45:07.880]  一起喝
[00:45:07.880 --> 00:45:09.880]  你喝一杯我喝一杯
[00:45:09.880 --> 00:45:13.320]  你說不要用這些方法解決
[00:45:13.320 --> 00:45:17.320]  我們不如猜情沉算了
[00:45:17.320 --> 00:45:20.520]  或者讓他
[00:45:20.520 --> 00:45:24.600]  或者找其他方法抽籤
[00:45:24.600 --> 00:45:29.000]  所以不需要用這些血氣爭鬥的事
[00:45:29.000 --> 00:45:30.440]  用和平解決最好
[00:45:30.440 --> 00:45:34.840]  和平解決不要用鬥爭力鬥解決
[00:45:34.840 --> 00:45:40.200]  通常力鬥都是出於血氣
[00:45:40.200 --> 00:45:42.200]  所以好爭勁好出頭
[00:45:42.200 --> 00:45:43.400]  我們要提防
[00:45:43.400 --> 00:45:47.000]  免得落在血氣鬥爭之上
[00:45:47.000 --> 00:45:49.640]  小爭執本來出來玩玩
[00:45:49.640 --> 00:45:51.560]  不過化成大
[00:45:51.560 --> 00:45:53.400]  小糾紛不平息
[00:45:53.400 --> 00:45:55.160]  就變成嚴重的結果
[00:45:55.160 --> 00:45:58.760]  死了多少人
[00:45:58.760 --> 00:46:00.360]  死了很多人
[00:46:00.360 --> 00:46:02.760]  按著定數所計
[00:46:02.760 --> 00:46:07.560]  贖蘇羅兒子伊斯波帖的辯鴉民過去12名
[00:46:07.560 --> 00:46:09.320]  大衛的僕人過去有12名
[00:46:09.320 --> 00:46:11.720]  大家一起12名出去
[00:46:11.720 --> 00:46:13.320]  死了多少個
[00:46:13.320 --> 00:46:15.320]  死了24個
[00:46:15.320 --> 00:46:19.240]  約瓦追趕阿里回來
[00:46:19.240 --> 00:46:20.840]  聚集群眾見大衛的僕人
[00:46:20.840 --> 00:46:22.600]  少了多少個
[00:46:22.600 --> 00:46:24.520]  大衛那邊少了19個
[00:46:24.520 --> 00:46:28.360]  加上阿薩克20個
[00:46:28.360 --> 00:46:31.800]  總共32個
[00:46:31.800 --> 00:46:33.400]  大衛加上有32個
[00:46:33.400 --> 00:46:36.440]  但大衛的僕人殺了辯鴉民
[00:46:36.440 --> 00:46:40.520]  跟隨阿里的人有多少個
[00:46:40.520 --> 00:46:44.360]  360加12
[00:46:44.360 --> 00:46:46.760]  372個
[00:46:46.760 --> 00:46:49.000]  真是不值
[00:46:49.000 --> 00:46:53.080]  無端端死了400人做什麼呢
[00:46:53.080 --> 00:46:54.040]  四傷三重
[00:46:54.040 --> 00:46:56.040]  我們再講本來同國同家
[00:46:56.040 --> 00:46:58.520]  大家親同手足
[00:46:58.520 --> 00:47:00.520]  稱兄道弟
[00:47:00.520 --> 00:47:04.040]  今年我們教會的主題是什麼
[00:47:04.040 --> 00:47:07.960]  叫全家侍奉主
[00:47:07.960 --> 00:47:11.560]  所以全家不代表我們肉身家庭
[00:47:11.560 --> 00:47:14.600]  全部是兄姊妹神的家
[00:47:14.600 --> 00:47:18.280]  神的家最好一起做什麼
[00:47:18.280 --> 00:47:20.680]  一起侍奉主就最好
[00:47:20.680 --> 00:47:22.600]  Amen
[00:47:22.600 --> 00:47:27.480]  不要搞到全家
[00:47:27.480 --> 00:47:30.040]  彼此鬥爭就慘了
[00:47:30.040 --> 00:47:35.160]  家庭如是 教會如是 團體如是
[00:47:35.160 --> 00:47:43.400]  不要讓肉百變成幹局
[00:47:43.400 --> 00:47:45.560]  最後我們看見
[00:47:45.560 --> 00:47:46.520]  順便一提一下
[00:47:46.520 --> 00:47:48.920]  今天我們受媒體影響很大
[00:47:48.920 --> 00:47:50.120]  大家知不知道
[00:47:50.120 --> 00:47:51.960]  你經常看YouTube
[00:47:51.960 --> 00:47:55.480]  經常看電影
[00:47:55.480 --> 00:47:57.640]  很多時候都宣導這些
[00:47:57.640 --> 00:47:58.520]  你知不知道
[00:47:58.520 --> 00:48:01.320]  很多時候宣導這些鬥爭
[00:48:01.320 --> 00:48:05.880]  很厲害
[00:48:05.880 --> 00:48:07.880]  打打殺殺
[00:48:07.880 --> 00:48:09.880]  對人很mean
[00:48:09.880 --> 00:48:11.880]  有一套電影叫做Mean Girls
[00:48:11.880 --> 00:48:13.880]  你們有沒有聽過
[00:48:13.880 --> 00:48:15.880]  Mean怎麼翻譯
[00:48:15.880 --> 00:48:17.880]  很難翻譯
[00:48:17.880 --> 00:48:19.880]  你對我很mean
[00:48:19.880 --> 00:48:21.880]  很壞
[00:48:21.880 --> 00:48:27.000]  所以今天很多這些意識
[00:48:27.000 --> 00:48:28.840]  弟兄姊妹你們在教會裡
[00:48:28.840 --> 00:48:31.880]  受教導聖經
[00:48:31.880 --> 00:48:34.840]  每天靈修十分鐘
[00:48:34.840 --> 00:48:36.840]  每個星期加起來多少分鐘
[00:48:36.840 --> 00:48:38.840]  自己有沒有讀聖經
[00:48:38.840 --> 00:48:40.840]  有沒有思想用神的話
[00:48:40.840 --> 00:48:42.840]  但是你看那些媒體
[00:48:42.840 --> 00:48:44.840]  看那些電影 看那些劇集
[00:48:44.840 --> 00:48:46.840]  宣導你影響你的思想
[00:48:46.840 --> 00:48:52.600]  有多少分鐘
[00:48:52.600 --> 00:48:57.080]  懂不懂得分辨
[00:48:57.080 --> 00:49:00.600]  懂不懂得留意
[00:49:00.600 --> 00:49:05.560]  懂不懂得拒絕
[00:49:05.560 --> 00:49:07.560]  第三我們看見刀劍之地
[00:49:07.560 --> 00:49:10.840]  因為出於氣灑
[00:49:10.840 --> 00:49:12.840]  出於憎勁
[00:49:12.840 --> 00:49:16.440]  我們跳一跳
[00:49:16.440 --> 00:49:18.440]  這節要講一下
[00:49:18.440 --> 00:49:20.440]  耶穌說他不憎勁
[00:49:20.440 --> 00:49:23.640]  不宣揚 街上有沒有聽見他的聲音
[00:49:23.640 --> 00:49:25.640]  這是應用主耶穌基督
[00:49:25.640 --> 00:49:27.640]  所以我們看到耶穌的榜樣就是這樣
[00:49:27.640 --> 00:49:29.640]  他不憎勁 不宣揚
[00:49:29.640 --> 00:49:31.640]  這就是主的榜樣
[00:49:31.640 --> 00:49:33.640]  求主幫助我們學習這個榜樣
[00:49:33.640 --> 00:49:35.640]  我們看看刀劍之地
[00:49:35.640 --> 00:49:37.640]  出於什麼
[00:49:37.640 --> 00:49:39.640]  出於慢神
[00:49:39.640 --> 00:49:41.640]  什麼叫慢神
[00:49:41.640 --> 00:49:43.640]  慢就是怠慢
[00:49:43.640 --> 00:49:45.640]  輕忽 輕視
[00:49:45.640 --> 00:49:47.640]  或者不敬
[00:49:47.640 --> 00:49:49.640]  輕慢
[00:49:49.640 --> 00:49:51.640]  神本是輕慢不得
[00:49:51.640 --> 00:49:53.640]  你發覺
[00:49:53.640 --> 00:49:55.640]  整個問題
[00:49:55.640 --> 00:49:57.640]  氣灑也好 憎勁也好
[00:49:57.640 --> 00:49:59.640]  背後就是因為他們
[00:49:59.640 --> 00:50:01.640]  把神放得太低
[00:50:01.640 --> 00:50:03.640]  因為他們
[00:50:03.640 --> 00:50:05.640]  太過慢神
[00:50:05.640 --> 00:50:07.640]  把自己抬得太高
[00:50:07.640 --> 00:50:09.640]  自己的血氣
[00:50:09.640 --> 00:50:11.640]  過於神的真理
[00:50:11.640 --> 00:50:13.640]  所以這張起頭
[00:50:13.640 --> 00:50:15.640]  本來我們看見很好
[00:50:15.640 --> 00:50:17.640]  最初大衛求問耶和華
[00:50:17.640 --> 00:50:19.640]  真的很好
[00:50:19.640 --> 00:50:21.640]  開頭開得
[00:50:21.640 --> 00:50:23.640]  第五節
[00:50:23.640 --> 00:50:25.640]  大衛就祝福他們
[00:50:25.640 --> 00:50:27.640]  願耶和華的慈愛
[00:50:27.640 --> 00:50:29.640]  恩代你們
[00:50:29.640 --> 00:50:31.640]  所以大家留意
[00:50:31.640 --> 00:50:33.640]  大衛全部都是以耶和華為中心
[00:50:33.640 --> 00:50:35.640]  求問耶和華 耶和華和他們對話
[00:50:35.640 --> 00:50:37.640]  他就以耶和華的真理
[00:50:37.640 --> 00:50:39.640]  用他的愛對人
[00:50:39.640 --> 00:50:41.640]  以耶和華為
[00:50:41.640 --> 00:50:43.640]  他心中的大靈
[00:50:43.640 --> 00:50:45.640]  所以他就願耶和華賜福給你們
[00:50:45.640 --> 00:50:47.640]  願耶和華的
[00:50:47.640 --> 00:50:49.640]  慈愛誠實待你們
[00:50:49.640 --> 00:50:51.640]  所以我們看見
[00:50:51.640 --> 00:50:53.640]  這個就是以神為中心
[00:50:53.640 --> 00:50:55.640]  的言語行為
[00:50:55.640 --> 00:50:57.640]  祝福別人 恩代別人
[00:50:57.640 --> 00:50:59.640]  鼓勵別人不去憎勁
[00:50:59.640 --> 00:51:01.640]  我們看見這種就是靈命
[00:51:01.640 --> 00:51:03.640]  相反我們看見
[00:51:03.640 --> 00:51:05.640]  在整件事
[00:51:05.640 --> 00:51:07.640]  剛才讀了這麼長的第二章經文
[00:51:07.640 --> 00:51:09.640]  這些鬥爭裏面
[00:51:09.640 --> 00:51:11.640]  一句都沒有提及上帝
[00:51:11.640 --> 00:51:13.640]  就是人和人之間
[00:51:13.640 --> 00:51:15.640]  的仇恨 人和人之間的鬥爭
[00:51:15.640 --> 00:51:17.640]  人和人之間的血氣
[00:51:17.640 --> 00:51:19.640]  沒有提及上帝在我們中間
[00:51:19.640 --> 00:51:21.640]  為什麼會這樣呢?
[00:51:21.640 --> 00:51:23.640]  為什麼教會
[00:51:23.640 --> 00:51:25.640]  有時候都會有這些問題呢?
[00:51:25.640 --> 00:51:27.640]  因為沒有將神放在中間
[00:51:27.640 --> 00:51:29.640]  這裡本來是神聖之地
[00:51:29.640 --> 00:51:31.640]  怎麼會變成
[00:51:31.640 --> 00:51:33.640]  刀劍之地呢?
[00:51:33.640 --> 00:51:37.640]  因為他們
[00:51:37.640 --> 00:51:39.640]  萬神
[00:51:39.640 --> 00:51:41.640]  在唯一一句
[00:51:41.640 --> 00:51:43.640]  唯一一句
[00:51:43.640 --> 00:51:45.640]  約亞講
[00:51:45.640 --> 00:51:47.640]  我指著永生的上帝起誓
[00:51:47.640 --> 00:51:49.640]  你若不說
[00:51:49.640 --> 00:51:51.640]  氣散的話 今日早晨
[00:51:51.640 --> 00:51:53.640]  百姓就會去
[00:51:53.640 --> 00:51:55.640]  不趕追趕弟兄了
[00:51:55.640 --> 00:51:57.640]  他只講了一句是提到神
[00:51:57.640 --> 00:51:59.640]  那麼多在哪裏呢?
[00:51:59.640 --> 00:52:01.640]  其實提到神的意思都是說
[00:52:01.640 --> 00:52:03.640]  我指著永生的上帝起誓
[00:52:03.640 --> 00:52:05.640]  借上帝的名字來講
[00:52:05.640 --> 00:52:07.640]  都是你壞
[00:52:07.640 --> 00:52:09.640]  我現在講的這句是真話
[00:52:09.640 --> 00:52:11.640]  可以在神面前講真話
[00:52:11.640 --> 00:52:13.640]  但其實在整個過程裏
[00:52:13.640 --> 00:52:15.640]  我們看到
[00:52:15.640 --> 00:52:17.640]  他們只不過是
[00:52:17.640 --> 00:52:19.640]  用自己的意思
[00:52:19.640 --> 00:52:21.640]  事實上約亞
[00:52:21.640 --> 00:52:23.640]  這句話特別的是約亞講
[00:52:23.640 --> 00:52:25.640]  約亞就出了名
[00:52:25.640 --> 00:52:27.640]  是一個血氣之輩
[00:52:27.640 --> 00:52:29.640]  約亞出了名就是非常自我自大
[00:52:29.640 --> 00:52:31.640]  約亞出了名
[00:52:31.640 --> 00:52:33.640]  就是不當神
[00:52:33.640 --> 00:52:35.640]  是很重要的
[00:52:35.640 --> 00:52:37.640]  由他講出來
[00:52:37.640 --> 00:52:39.640]  其實是口提上帝
[00:52:39.640 --> 00:52:51.640]  他口提上帝
[00:52:51.640 --> 00:52:53.640]  其實約亞本人
[00:52:53.640 --> 00:52:55.640]  就不是真是
[00:52:55.640 --> 00:52:57.640]  我們見到是一個
[00:52:57.640 --> 00:52:59.640]  真是敬畏神的人
[00:52:59.640 --> 00:53:01.640]  曾敬
[00:53:01.640 --> 00:53:03.640]  這些嫉妒
[00:53:03.640 --> 00:53:05.640]  紛爭
[00:53:05.640 --> 00:53:07.640]  是因為人大過神
[00:53:07.640 --> 00:53:09.640]  所以我們分析
[00:53:09.640 --> 00:53:11.640]  為何人大過神
[00:53:11.640 --> 00:53:13.640]  因為人的自我
[00:53:13.640 --> 00:53:15.640]  因為人的自私
[00:53:15.640 --> 00:53:17.640]  因為人的血氣
[00:53:17.640 --> 00:53:19.640]  因為人的自大
[00:53:19.640 --> 00:53:21.640]  驕傲狂妄
[00:53:21.640 --> 00:53:23.640]  因為人的萬神
[00:53:23.640 --> 00:53:25.640]  當神無道
[00:53:25.640 --> 00:53:27.640]  所以我們見到
[00:53:27.640 --> 00:53:29.640]  這就是問題
[00:53:29.640 --> 00:53:31.640]  求神幫助我們
[00:53:31.640 --> 00:53:33.640]  讓我們了解人性就是這些
[00:53:33.640 --> 00:53:35.640]  人性就是自我
[00:53:35.640 --> 00:53:37.640]  自私自大
[00:53:37.640 --> 00:53:39.640]  但是靈性就是將神
[00:53:39.640 --> 00:53:41.640]  擺在我們心中
[00:53:41.640 --> 00:53:43.640]  管理我們
[00:53:43.640 --> 00:53:45.640]  敬畏上帝
[00:53:45.640 --> 00:53:47.640]  神聖之地應該是和平的地方
[00:53:47.640 --> 00:53:49.640]  不要一不喜歡自己的意思
[00:53:49.640 --> 00:53:51.640]  就隨便說隨便做
[00:53:51.640 --> 00:53:53.640]  破壞和諧
[00:53:53.640 --> 00:53:55.640]  因為其實問題在於
[00:53:55.640 --> 00:53:57.640]  心裏沒有尊敬上帝
[00:53:57.640 --> 00:53:59.640]  所以求主幫助我們
[00:53:59.640 --> 00:54:01.640]  讓我們能夠了解到這些道理
[00:54:01.640 --> 00:54:03.640]  明白這些真理
[00:54:03.640 --> 00:54:05.640]  實踐這些真理
[00:54:05.640 --> 00:54:07.640]  讓我們在我們的人際關係
[00:54:07.640 --> 00:54:09.640]  我們的家人,我們的朋友
[00:54:09.640 --> 00:54:11.640]  弟兄姊妹,最熟的那些
[00:54:11.640 --> 00:54:13.640]  更加小心
[00:54:13.640 --> 00:54:15.640]  在教會裏面
[00:54:15.640 --> 00:54:17.640]  不要讓這些
[00:54:17.640 --> 00:54:19.640]  本來
[00:54:19.640 --> 00:54:21.640]  是欺騙子
[00:54:21.640 --> 00:54:23.640]  變成
[00:54:23.640 --> 00:54:25.640]  刀劍之地
[00:54:25.640 --> 00:54:27.640]  求主幫助我們
[00:54:27.640 --> 00:54:29.640]  求主讓我們帶著恩慈,帶著鼓勵
[00:54:29.640 --> 00:54:31.640]  帶著美好的見證
[00:54:31.640 --> 00:54:33.640]  拒絕這些欺騙的言語
[00:54:33.640 --> 00:54:37.640]  尊敬的心態
[00:54:37.640 --> 00:54:39.640]  尊敬的行為
[00:54:39.640 --> 00:54:41.640]  更加的敬畏上帝
[00:54:41.640 --> 00:54:43.640]  被神管理
[00:54:43.640 --> 00:54:45.640]  我們低頭祈禱
[00:54:45.640 --> 00:54:49.640]  求主幫助我們
[00:54:49.640 --> 00:54:51.640]  能夠活出耶穌基督的生命
[00:54:51.640 --> 00:54:55.640]  主啊,感謝祢
[00:54:55.640 --> 00:54:57.640]  因為祢不尊敬,不宣揚
[00:54:57.640 --> 00:54:59.640]  祢說
[00:54:59.640 --> 00:55:01.640]  我心裏柔和謙卑
[00:55:01.640 --> 00:55:03.640]  你們當負我的額
[00:55:03.640 --> 00:55:05.640]  學我的養成
[00:55:05.640 --> 00:55:07.640]  這樣我們就能夠得向
[00:55:07.640 --> 00:55:09.640]  安息
[00:55:09.640 --> 00:55:11.640]  讓我們真的不要讓
[00:55:11.640 --> 00:55:13.640]  這些無謂的
[00:55:13.640 --> 00:55:15.640]  血氣的內心
[00:55:15.640 --> 00:55:17.640]  驕傲的心態
[00:55:17.640 --> 00:55:19.640]  自我的表現
[00:55:19.640 --> 00:55:21.640]  傷害了自己和你的關係
[00:55:21.640 --> 00:55:23.640]  更加不要讓我們
[00:55:23.640 --> 00:55:25.640]  透過這些
[00:55:25.640 --> 00:55:27.640]  傷害和別人的關係
[00:55:27.640 --> 00:55:29.640]  讓我們反而應該
[00:55:29.640 --> 00:55:31.640]  化乾戈成玉帛
[00:55:31.640 --> 00:55:33.640]  活出
[00:55:33.640 --> 00:55:35.640]  基督的養成
[00:55:35.640 --> 00:55:37.640]  求主聽我們禱告
[00:55:37.640 --> 00:55:39.640]  幫助我們在你面前
[00:55:39.640 --> 00:55:41.640]  藉著聖靈的更生
[00:55:41.640 --> 00:55:43.640]  再一次活出
[00:55:43.640 --> 00:55:45.640]  美好英傑的果子
[00:55:45.640 --> 00:55:47.640]  聽我們祈禱
[00:55:47.640 --> 00:55:49.640]  奉耶穌基督的名
[00:55:49.640 --> 00:55:51.640]  阿們
