
[00:00:00.000 --> 00:00:03.800]  (主持人:好,大家晚安)
[00:00:03.800 --> 00:00:09.900]  (主持人:安啊,歡迎大家再一次回來YIS崇拜,去到港島)
[00:00:09.900 --> 00:00:15.100]  (主持人:如果大家今年回來一段較為長時間的日子)
[00:00:15.100 --> 00:00:18.800]  (主持人:理論上你應該有印象的)
[00:00:18.800 --> 00:00:21.800]  (主持人:就是我們今年YIS的港台)
[00:00:21.800 --> 00:00:26.100]  (主持人:其實是為了配合我們教會有多代同行這個主題)
[00:00:26.100 --> 00:00:31.800]  (主持人:所以我們就將我們整個港台的訊息分了兩條路線)
[00:00:31.800 --> 00:00:36.800]  (主持人:第一個就是我們上兩個月不斷地說的生命記)
[00:00:36.800 --> 00:00:41.800]  (主持人:然後就是說摩西和那班新一代的以色列人)
[00:00:41.800 --> 00:00:44.000]  (主持人:他在說很多不同的提醒)
[00:00:44.000 --> 00:00:46.200]  (主持人:說的是兩代的以色列人)
[00:00:46.200 --> 00:00:50.900]  (主持人:如何好好地繼續傳遞耶和華的律例典章)
[00:00:50.900 --> 00:00:56.400]  (主持人:同時也說的是當摩西即將死去的時候)
[00:00:56.400 --> 00:01:02.000]  (主持人:要將帶領以色列人的重任交給約書亞)
[00:01:02.000 --> 00:01:04.300]  (主持人:在交給他之前)
[00:01:04.300 --> 00:01:09.000]  (主持人:摩西就對著一班以色列人重新說這些律例典章)
[00:01:09.000 --> 00:01:14.700]  (主持人:同時也為約書亞鋪路做好準備)
[00:01:14.700 --> 00:01:21.700]  (主持人:說的是兩代以色列人領袖的交接的重要篇章)
[00:01:21.700 --> 00:01:27.300]  (主持人:然後另一條路線就是教會多代同行的路線)
[00:01:27.300 --> 00:01:29.800]  (主持人:但是在不同的季度裏面)
[00:01:29.800 --> 00:01:32.300]  (主持人:我們這一邊再細分)
[00:01:32.300 --> 00:01:34.200]  (主持人:有不同的小主題)
[00:01:34.200 --> 00:01:37.800]  (主持人:成為我們不同的主題的分享)
[00:01:37.800 --> 00:01:42.100]  (主持人:首兩個季度我們分別說的是與神同行)
[00:01:42.100 --> 00:01:44.400]  (主持人:和與同輩同行)
[00:01:44.400 --> 00:01:46.100]  (主持人:說的是兩個不同的系列)
[00:01:46.100 --> 00:01:48.000]  (主持人:而從這個星期開始)
[00:01:48.000 --> 00:01:51.900]  (主持人:我們就說到多代同行的第三個季度)
[00:01:51.900 --> 00:01:54.800]  (主持人:我們就說如何與家庭同行)
[00:01:54.800 --> 00:01:58.600]  (主持人:我們會集中說家庭的主題)
[00:01:58.600 --> 00:02:00.900]  (主持人:說到一個家庭的時候)
[00:02:00.900 --> 00:02:03.000]  (主持人:我預備這篇信息的時候)
[00:02:03.000 --> 00:02:05.400]  (主持人:我就去想其實這個世代)
[00:02:05.400 --> 00:02:07.100]  (主持人:到今天這個世界)
[00:02:07.100 --> 00:02:09.300]  (主持人:其實這個家庭模式很複雜)
[00:02:09.300 --> 00:02:11.600]  (主持人:在我印象中)
[00:02:11.600 --> 00:02:13.600]  (主持人:在我祖父祖母那一代)
[00:02:13.600 --> 00:02:15.500]  (主持人:其實這個家庭很簡單)
[00:02:15.500 --> 00:02:18.000]  (主持人:可能都是一個傳統的大家庭)
[00:02:18.000 --> 00:02:19.800]  (主持人:過時過節就會聚在一起)
[00:02:19.800 --> 00:02:22.200]  (主持人:就會去慶祝諸如此類)
[00:02:22.200 --> 00:02:25.500]  (主持人:又或者可能就算不是住在一起)
[00:02:25.500 --> 00:02:26.900]  (主持人:起碼都是住在附近)
[00:02:26.900 --> 00:02:28.900]  (主持人:可能一個星期會見幾次)
[00:02:28.900 --> 00:02:30.800]  (主持人:可能是這樣的形式)
[00:02:30.800 --> 00:02:32.200]  (主持人:但是到了今天)
[00:02:32.200 --> 00:02:35.600]  (主持人:家庭的模式就變得很多元化)
[00:02:35.600 --> 00:02:37.900]  (主持人:我都嘗試過去問一下AI)
[00:02:37.900 --> 00:02:40.900]  (主持人:最常見會可以怎樣分呢?)
[00:02:40.900 --> 00:02:42.600]  (主持人:其實它有分了很多)
[00:02:42.600 --> 00:02:44.800]  (主持人:有一個叫做核心的家庭)
[00:02:44.800 --> 00:02:46.300]  (主持人:核心的家庭是說什麼呢?)
[00:02:46.300 --> 00:02:47.800]  (主持人:就是說父母)
[00:02:47.800 --> 00:02:50.900]  (主持人:很單純地和未婚的子女一起住)
[00:02:50.900 --> 00:02:53.600]  (主持人:就是現今最常見的一個形式)
[00:02:53.600 --> 00:02:57.600]  (主持人:然後三代同堂 就是祖父母)
[00:02:57.600 --> 00:02:58.800]  (主持人:不一定是祖父母)
[00:02:58.800 --> 00:03:00.900]  (主持人:和父母和子女一起住)
[00:03:00.900 --> 00:03:02.300]  (主持人:互相照應)
[00:03:02.300 --> 00:03:03.800]  (主持人:但是這種形式)
[00:03:03.800 --> 00:03:05.900]  (主持人:通常就是較常見的)
[00:03:05.900 --> 00:03:08.100]  (主持人:就是會有代溝的出現)
[00:03:08.100 --> 00:03:10.400]  (主持人:然後最後一個就是叫做)
[00:03:10.400 --> 00:03:13.000]  (主持人:擴展的家庭 就是剛剛類似)
[00:03:13.000 --> 00:03:15.000]  (主持人:剛才說傳統大家庭的形式)
[00:03:15.000 --> 00:03:19.800]  (主持人:就是靠很多不同血緣的小家庭)
[00:03:19.800 --> 00:03:21.800]  (主持人:他們在附近一起生活)
[00:03:21.800 --> 00:03:25.000]  (主持人:他們和以前農業社會的時候)
[00:03:25.000 --> 00:03:27.300]  (主持人:那種形式是類近的)
[00:03:27.300 --> 00:03:29.800]  (主持人:然後又有叫做什麼雙生家庭)
[00:03:29.800 --> 00:03:33.100]  (主持人:就是說夫妻都出外打工)
[00:03:33.100 --> 00:03:36.300]  (主持人:然後就共同承擔家裡的經濟需要)
[00:03:36.300 --> 00:03:40.100]  (主持人:家裡不同的經濟責任)
[00:03:40.100 --> 00:03:42.600]  (主持人:但是很重要的就是需要他們)
[00:03:42.600 --> 00:03:44.200]  (主持人:因為兩個都出外打工)
[00:03:44.200 --> 00:03:48.200]  (主持人:就要平衡工作和家庭的)
[00:03:48.200 --> 00:03:50.800]  (主持人:在中間如何拿捏這件事)
[00:03:50.800 --> 00:03:54.300]  (主持人:接著就單親家庭 我想大家明白了)
[00:03:54.300 --> 00:03:56.500]  (主持人:然後就重組家庭)
[00:03:56.500 --> 00:03:57.900]  (主持人:重組家庭就是說)
[00:03:57.900 --> 00:04:00.900]  (主持人:可能是一些離婚的夫妻)
[00:04:00.900 --> 00:04:04.300]  (主持人:或者喪偶的夫妻去再婚的時候)
[00:04:04.300 --> 00:04:08.800]  (主持人:子女要和繼父和母共同生活)
[00:04:08.800 --> 00:04:11.600]  (主持人:他們要重新建立一個情感的關係)
[00:04:11.600 --> 00:04:14.400]  (主持人:他們要磨合很多這些問題)
[00:04:14.400 --> 00:04:18.500]  (主持人:到另一樣就是隔代教養的家庭)
[00:04:18.500 --> 00:04:20.100]  (主持人:就是爸爸媽媽)
[00:04:20.100 --> 00:04:24.900]  (主持人:我想較常見的是在內地的情況)
[00:04:24.900 --> 00:04:27.000]  (主持人:爸爸媽媽因為工作的緣故)
[00:04:27.000 --> 00:04:29.700]  (主持人:所以長期都不在家裡)
[00:04:29.700 --> 00:04:35.000]  (主持人:照顧小朋友的責任就放在爺爺奶奶那裡)
[00:04:35.000 --> 00:04:38.800]  (主持人:然後還有一個叫做頂客家庭)
[00:04:38.800 --> 00:04:40.600]  (主持人:說的是什麼呢)
[00:04:40.600 --> 00:04:41.800]  (主持人:它是英文來的)
[00:04:41.800 --> 00:04:44.200]  (主持人:大家看到有個結字)
[00:04:44.200 --> 00:04:45.500]  (主持人:它的全名)
[00:04:45.500 --> 00:04:46.300]  (主持人:應該不是全名)
[00:04:46.300 --> 00:04:47.800]  (主持人:它整個解釋就是)
[00:04:47.800 --> 00:04:50.500]  (主持人:叫做Double Income 但是No Kids)
[00:04:50.500 --> 00:04:52.100]  (主持人:就是夫妻結了婚)
[00:04:52.100 --> 00:04:54.100]  (主持人:但是選擇不生小朋友)
[00:04:54.100 --> 00:04:55.700]  (主持人:就專注在工作)
[00:04:55.700 --> 00:04:59.600]  (主持人:或者他們自己生活的一些品質的追求)
[00:04:59.600 --> 00:05:03.100]  (主持人:最後就是說一個跨國的婚姻家庭)
[00:05:03.100 --> 00:05:05.500]  (主持人:就是跟一些外國人的溝通)
[00:05:05.500 --> 00:05:08.700]  (主持人:因為夫妻可能來自不同的地區)
[00:05:08.700 --> 00:05:10.400]  (主持人:不同的民族 不同的人)
[00:05:10.400 --> 00:05:12.300]  (主持人:可能有很多不同的文化背景)
[00:05:12.300 --> 00:05:14.800]  (主持人:同樣都很需要在那個家庭裡面)
[00:05:14.800 --> 00:05:19.400]  (主持人:去適應 彼此去配合)
[00:05:19.400 --> 00:05:22.600]  (主持人:就這樣說 我已經高估了這一堆)
[00:05:22.600 --> 00:05:25.400]  (主持人:在今天的家庭的這些模式)
[00:05:25.400 --> 00:05:26.600]  (主持人:其實的確就是因為這樣)
[00:05:26.600 --> 00:05:28.100]  (主持人:就變得越來越複雜)
[00:05:28.100 --> 00:05:29.800]  (主持人:所以當我們說)
[00:05:29.800 --> 00:05:32.900]  (主持人:我們要學怎樣與家庭同行的時候)
[00:05:32.900 --> 00:05:35.900]  (主持人:究竟其實聖經有沒有什麼的教導)
[00:05:35.900 --> 00:05:39.500]  (主持人:是可以幫到我們去做好這件事的呢?)
[00:05:39.500 --> 00:05:41.200]  (主持人:我們的這個系列)
[00:05:41.200 --> 00:05:44.000]  (主持人:其實就很盼望可以一起去探討這件事)
[00:05:44.000 --> 00:05:46.000]  (主持人:在聖經裡面一起找一些答案)
[00:05:46.000 --> 00:05:47.400]  (主持人:找一些指引)
[00:05:47.400 --> 00:05:48.600]  (主持人:讓到我們可以)
[00:05:48.600 --> 00:05:52.900]  (主持人:當我們說我們要去學習與家庭同行的時候)
[00:05:52.900 --> 00:05:55.500]  (主持人:我們都要懂得怎樣去做)
[00:05:55.500 --> 00:05:57.900]  (主持人:那我們先進入經文之先)
[00:05:57.900 --> 00:06:02.100]  (主持人:我們一起祈禱好嗎?)
[00:06:02.100 --> 00:06:03.300]  (主持人:好,天父上帝,多謝祢)
[00:06:03.300 --> 00:06:08.100]  (主持人:多謝祢讓我們可以一起去探討家庭的問題)
[00:06:08.100 --> 00:06:09.100]  (主持人:上帝,我們多謝祢)
[00:06:09.100 --> 00:06:11.700]  (主持人:因為其實我們從一出生的時候)
[00:06:11.700 --> 00:06:14.100]  (主持人:每個人都有他的家庭)
[00:06:14.100 --> 00:06:16.300]  (主持人:可能形式上不同)
[00:06:16.300 --> 00:06:18.900]  (主持人:可能或多或少有些分別)
[00:06:18.900 --> 00:06:21.200]  (主持人:但主要我們都仍然有一個家)
[00:06:21.200 --> 00:06:23.200]  (主持人:所以神啊,我求祢祝福我們)
[00:06:23.200 --> 00:06:24.500]  (主持人:我們很盼望)
[00:06:24.500 --> 00:06:26.400]  (主持人:我們在我們的家庭當中)
[00:06:26.400 --> 00:06:29.600]  (主持人:無論是一個我們已經自己建立的家庭)
[00:06:29.600 --> 00:06:32.100]  (主持人:抑或是我們原生的家庭)
[00:06:32.100 --> 00:06:34.300]  (主持人:上帝,我們很盼望祢的恩典在我們裡面)
[00:06:34.300 --> 00:06:36.100]  (主持人:祢的指引在我們當中)
[00:06:36.100 --> 00:06:37.900]  (主持人:求神祢這樣繼續帶領我們)
[00:06:37.900 --> 00:06:40.700]  (主持人:祝福我們在經文裡面明白祢更多)
[00:06:40.700 --> 00:06:42.200]  (主持人:求主祢這樣聽我們禱告)
[00:06:42.200 --> 00:06:44.300]  (主持人:奉主名求,阿們)
[00:06:44.300 --> 00:06:48.600]  (主持人:好,我們今天先想邀請大家跟我讀經文)
[00:06:48.600 --> 00:06:49.600]  (主持人:今天看的經文就是)
[00:06:49.600 --> 00:06:54.700]  (主持人:《哥羅西書》的三章十二至二十一節)
[00:06:54.700 --> 00:06:57.000]  (主持人:好,大家一二三一起讀,好嗎?)
[00:06:57.000 --> 00:07:03.000]  (主持人:一二三:「所以你們既然是神所揀選的)
[00:07:03.000 --> 00:07:07.800]  (主持人:是聖潔蒙愛的人,就要傳廉穩的心腸)
[00:07:07.800 --> 00:07:11.600]  (主持人:恩慈,謙卑,溫柔和忍耐)
[00:07:11.600 --> 00:07:16.500]  (主持人:如果有人對別人有嫌隙,總要彼此寬容)
[00:07:16.500 --> 00:07:20.200]  (主持人:互相饒恕,主怎樣饒恕了你們)
[00:07:20.200 --> 00:07:23.500]  (主持人:你們也要照樣饒恕人)
[00:07:23.500 --> 00:07:27.400]  (主持人:在這一切之上還要有愛心)
[00:07:27.400 --> 00:07:29.800]  (主持人:愛心是聯繫傳得的)
[00:07:29.800 --> 00:07:34.600]  (主持人:又要讓基督的平安在你們心裡作主)
[00:07:34.600 --> 00:07:39.600]  (主持人:你們蒙召歸為一體也是為了這個緣故)
[00:07:39.600 --> 00:07:42.100]  (主持人:你們要有感謝的心)
[00:07:42.100 --> 00:07:47.200]  (主持人:你們要讓基督的道豐豐富富地住在你們心裡)
[00:07:47.200 --> 00:07:51.700]  (主持人:以各樣的智慧彼此教導,互相勸誡)
[00:07:51.700 --> 00:07:57.300]  (主持人:用詩章聖詩靈歌懷著感恩的心歌頌神)
[00:07:57.300 --> 00:08:02.200]  (主持人:凡你們所作的無論是言語或行為)
[00:08:02.200 --> 00:08:07.900]  (主持人:都要奉主耶穌的名積著他感謝父神)
[00:08:07.900 --> 00:08:13.700]  (主持人:你們作妻子的要馴服丈夫,這在主裡是合宜的)
[00:08:13.700 --> 00:08:18.600]  (主持人:你們作丈夫的要愛妻子,不可輔待他們)
[00:08:18.600 --> 00:08:22.500]  (主持人:你們作兒女的要凡事聽從父母)
[00:08:22.500 --> 00:08:25.500]  (主持人:因為這在主裡是可喜悅的)
[00:08:25.500 --> 00:08:29.100]  (主持人:你們作父親的不要激怒兒女)
[00:08:29.100 --> 00:08:32.200]  (主持人:免得他們灰心喪志)
[00:08:32.200 --> 00:08:34.200]  好,謝謝大家
[00:08:34.200 --> 00:08:36.900]  先講解這段經文
[00:08:36.900 --> 00:08:40.800]  想和大家看看哥羅西書的一些小背景
[00:08:40.800 --> 00:08:44.400]  哥羅西書其實是保羅寫的一封書信
[00:08:44.400 --> 00:08:49.800]  這封信其實是寫給哥羅西教會的一班信徒
[00:08:49.800 --> 00:08:51.800]  如果大家看聖經的時候
[00:08:51.800 --> 00:08:55.300]  你會看到其實有很多的書信在新約裡面
[00:08:55.300 --> 00:08:57.800]  大部分都是保羅書信
[00:08:57.800 --> 00:09:00.400]  即是保羅寫的書信就叫做保羅書信
[00:09:00.400 --> 00:09:03.100]  而哥羅西書就是其中的一篇
[00:09:03.100 --> 00:09:06.400]  就是四封在保羅坐牢的時期
[00:09:06.400 --> 00:09:09.400]  寫的書信裡面的其中一封
[00:09:09.400 --> 00:09:15.000]  然後他的對象是那班哥羅西教會的信徒
[00:09:15.000 --> 00:09:18.400]  哥羅西教會的信徒其實是一班什麼樣的人呢?
[00:09:18.400 --> 00:09:21.100]  其實大部分都是外邦人來的
[00:09:21.100 --> 00:09:23.100]  他不是猶太人來的
[00:09:23.100 --> 00:09:27.600]  而他為什麼要寫這封信給哥羅西教會呢?
[00:09:27.600 --> 00:09:31.400]  就是說當時的哥羅西教會
[00:09:31.400 --> 00:09:37.500]  因為受到一些混合主義的錯誤教導的影響
[00:09:37.500 --> 00:09:43.400]  就令到那班信徒混淆了基督的信仰
[00:09:43.400 --> 00:09:46.600]  我們看回頭兩章的經文
[00:09:46.600 --> 00:09:52.300]  我們看到這些錯誤的教導其實夾雜了很多東西
[00:09:52.300 --> 00:09:55.700]  夾雜了一些猶太教的規條
[00:09:55.700 --> 00:10:00.100]  又夾雜了一些哲學的思想
[00:10:00.100 --> 00:10:03.500]  甚至夾雜了一些神秘主義在裡面
[00:10:03.500 --> 00:10:06.200]  就搞到這班信徒因為太複雜了
[00:10:06.200 --> 00:10:09.600]  因為哥羅西這個地方其實是一個
[00:10:09.600 --> 00:10:15.600]  當時的一個叫做旅遊的中樞的一條路
[00:10:15.600 --> 00:10:17.000]  所以它其實是多元的
[00:10:17.000 --> 00:10:20.100]  有一點點像香港就是很多人都會經過這個地方
[00:10:20.100 --> 00:10:21.100]  也都因為這樣
[00:10:21.100 --> 00:10:24.000]  所以他們的文化就很複雜了
[00:10:24.000 --> 00:10:27.700]  以致到有不同的人講不同的東西
[00:10:27.700 --> 00:10:30.600]  令到那班信徒的信心
[00:10:30.600 --> 00:10:33.300]  他信的東西都有些動搖
[00:10:33.300 --> 00:10:37.300]  所以保羅就為了要回應這一切錯誤的事
[00:10:37.300 --> 00:10:38.800]  他就寫了這封信
[00:10:38.800 --> 00:10:42.700]  但是他的目的不是為了要爭取贏那班
[00:10:42.700 --> 00:10:45.100]  講錯誤教導的那班人
[00:10:45.100 --> 00:10:49.000]  他最重要的是為了鞏固這班信徒
[00:10:49.000 --> 00:10:52.600]  讓他們知道其實他們講的那些東西
[00:10:52.600 --> 00:10:54.300]  其實是不太重要的
[00:10:54.300 --> 00:10:55.900]  他們最重要要知道的就是
[00:10:55.900 --> 00:10:58.800]  其實當他們信了耶穌之後
[00:10:58.800 --> 00:11:00.600]  他們在耶穌基督的裡面
[00:11:00.600 --> 00:11:04.100]  他們已經擁有了他們所需要的一切
[00:11:04.100 --> 00:11:08.800]  而不需要加那些複雜的思想學說下去
[00:11:08.800 --> 00:11:10.300]  一直到第三章
[00:11:10.300 --> 00:11:12.500]  今天我們剛剛讀的經文都是第三章
[00:11:12.500 --> 00:11:14.500]  第三章的開頭
[00:11:14.500 --> 00:11:21.700]  其實保羅不再停留在解釋什麼叫做正確的基督教的神學觀
[00:11:21.700 --> 00:11:26.800]  而是將焦點放在信徒的生命和他們生活的裡面
[00:11:26.800 --> 00:11:30.600]  他不再說究竟我們應該相信什麼
[00:11:30.600 --> 00:11:36.200]  而是在說我們怎樣活出我們所相信的東西
[00:11:36.200 --> 00:11:40.300]  在經文的第三章的一至十一節
[00:11:40.300 --> 00:11:42.800]  保羅已經在跟門徒說
[00:11:42.800 --> 00:11:44.200]  你們其實是誰誰
[00:11:44.200 --> 00:11:46.600]  你們已經是誰誰的時候
[00:11:46.600 --> 00:11:50.700]  他就提到門徒既然你已經和基督一同復活的時候
[00:11:50.700 --> 00:11:54.300]  你們就應該思念的是天上的事
[00:11:54.300 --> 00:11:57.900]  將人生的焦點放在基督的裡面
[00:11:57.900 --> 00:12:01.400]  所以他們就要將舊有的生活
[00:12:01.400 --> 00:12:03.900]  那種模式就要自死去
[00:12:03.900 --> 00:12:07.100]  然後就要穿上一個新人的樣式
[00:12:07.100 --> 00:12:11.900]  就要將自己的思想、慾望、言語
[00:12:11.900 --> 00:12:15.600]  甚至人際的關係都交回給基督
[00:12:15.600 --> 00:12:21.000]  給基督的教導去更新改變
[00:12:21.000 --> 00:12:24.200]  之後就去到我們剛剛讀的經文
[00:12:24.200 --> 00:12:26.100]  在第十二至十三章
[00:12:26.100 --> 00:12:31.900]  其實就在延伸繼續說這個新人其實有什麼特徵
[00:12:31.900 --> 00:12:34.100]  保羅提醒的信徒
[00:12:34.100 --> 00:12:36.500]  就是在說神的子民
[00:12:36.500 --> 00:12:43.200]  其實就應該要存有憐憫、恩慈、謙虛、溫柔、忍耐
[00:12:43.200 --> 00:12:47.100]  還要彼此包容、彼此饒恕
[00:12:47.100 --> 00:12:49.100]  我想這些信徒的特質
[00:12:49.100 --> 00:12:50.700]  其實我們看聖經多
[00:12:50.700 --> 00:12:52.400]  我想大家都很熟悉
[00:12:52.400 --> 00:12:55.500]  因為其實在保羅很多其他的書信裡面
[00:12:55.500 --> 00:12:56.600]  其實都有提過
[00:12:56.600 --> 00:13:03.100]  我也不打算逐個特質跟大家去解釋
[00:13:03.100 --> 00:13:04.700]  但是根據我的觀察
[00:13:04.700 --> 00:13:09.300]  這些特質其實我想大家會明白
[00:13:09.300 --> 00:13:11.100]  在大家身上
[00:13:11.100 --> 00:13:13.500]  我其實都已經見到很多
[00:13:13.500 --> 00:13:17.700]  特別是當我見到大家的情況
[00:13:17.700 --> 00:13:20.500]  一般情況都是在教會見到大家
[00:13:20.500 --> 00:13:22.600]  這些所謂的良好的品格
[00:13:22.600 --> 00:13:24.300]  通常都特別容易見到
[00:13:24.300 --> 00:13:26.700]  就算你做都做給我看
[00:13:26.700 --> 00:13:29.600]  不過我們今天的主題是說什麼呢
[00:13:29.600 --> 00:13:31.900]  我們說家庭
[00:13:31.900 --> 00:13:33.800]  我反而很有興趣知道
[00:13:33.800 --> 00:13:36.900]  當大家回到家的時候
[00:13:36.900 --> 00:13:38.700]  究竟又是怎樣的呢
[00:13:38.700 --> 00:13:45.100]  究竟這些品格還存不存在在你的家裡面
[00:13:45.100 --> 00:13:49.400]  家是一個很玄妙的地方
[00:13:49.400 --> 00:13:52.900]  它是我們一個很熟悉的地方
[00:13:52.900 --> 00:13:55.300]  最能夠令到我們放鬆
[00:13:55.300 --> 00:13:59.300]  可以令到我們放下一切的防備
[00:13:59.300 --> 00:14:04.200]  我們放下一切在平時生活裡面的那些偽裝出來
[00:14:04.200 --> 00:14:06.800]  例如上班要做到很暴躁那些
[00:14:06.800 --> 00:14:09.200]  你回到家就可以休息了
[00:14:09.200 --> 00:14:11.300]  所以為什麼我們很多人
[00:14:11.300 --> 00:14:15.100]  當我們上班工作做到很累的時候
[00:14:15.100 --> 00:14:17.200]  我們都會很想回家
[00:14:17.200 --> 00:14:20.500]  因為家裡給我們一份安全感
[00:14:20.500 --> 00:14:21.800]  有一份安恕
[00:14:21.800 --> 00:14:24.800]  讓我們的身體可以休息
[00:14:24.800 --> 00:14:29.700]  讓我們的心靈都可以有些空間去停一停
[00:14:29.700 --> 00:14:31.700]  是我們的避難所
[00:14:31.700 --> 00:14:34.200]  就好像我們最近
[00:14:34.200 --> 00:14:36.900]  教會有一位同工剛剛做完手術
[00:14:36.900 --> 00:14:39.300]  他發訊息給我們的時候
[00:14:39.300 --> 00:14:41.600]  他報平安了 就是做完手術
[00:14:41.600 --> 00:14:44.100]  他都會第一句說的就是
[00:14:44.100 --> 00:14:46.400]  回家真好
[00:14:46.400 --> 00:14:49.800]  是的 家裡就是一個這樣的地方
[00:14:49.800 --> 00:14:55.900]  而家裡正正是因為它是一個這麼安全的地方
[00:14:55.900 --> 00:14:58.200]  每當我們回到家的時候
[00:14:58.200 --> 00:15:01.000]  我們放鬆的時候
[00:15:01.000 --> 00:15:05.100]  也都是顯露那個真我的時候
[00:15:05.100 --> 00:15:07.800]  我們不需要再想究竟那些
[00:15:07.800 --> 00:15:09.700]  說話需不需要說得很漂亮
[00:15:09.700 --> 00:15:11.900]  需不需要想過度過再說
[00:15:11.900 --> 00:15:15.300]  我們不需要介意我們旁邊的家人怎麼看我
[00:15:15.300 --> 00:15:18.900]  就算你不穿衣服我也不要緊
[00:15:18.900 --> 00:15:24.300]  甚至也是將我們很真實的那一面
[00:15:24.300 --> 00:15:26.300]  顯露出來的時間
[00:15:26.300 --> 00:15:29.900]  我們可以毫無保留地將我們的喜怒哀樂
[00:15:29.900 --> 00:15:32.300]  我們可以表現出來
[00:15:32.300 --> 00:15:34.300]  而這種形式
[00:15:34.300 --> 00:15:39.300]  這種表達方式的變相
[00:15:39.300 --> 00:15:43.800]  很容易成為我們家裡
[00:15:43.800 --> 00:15:48.200]  其他人需要吃光的一些東西
[00:15:48.200 --> 00:15:50.600]  他們要接住你的情緒
[00:15:50.600 --> 00:15:55.500]  他們要接住你回到家裡很多的真我
[00:15:55.500 --> 00:16:00.200]  可能是你在工作裡面有的一些壓力
[00:16:00.200 --> 00:16:04.500]  可能是你的生活的一些小習慣
[00:16:04.500 --> 00:16:06.500]  例如不收拾東西那些
[00:16:06.500 --> 00:16:09.600]  甚至可能是你說話的語氣
[00:16:09.600 --> 00:16:14.100]  這些都是你的家人最直接最真實
[00:16:14.100 --> 00:16:17.100]  會受曬的一些地方
[00:16:17.100 --> 00:16:20.000]  當然這件事不是單向的
[00:16:20.000 --> 00:16:24.200]  因為這個地方同樣是他的家
[00:16:24.200 --> 00:16:26.200]  所以他同樣有他的情緒
[00:16:26.200 --> 00:16:30.700]  他同樣有他自小就養成的那些習慣
[00:16:30.700 --> 00:16:34.200]  所以如果兩個人同樣在一個
[00:16:34.200 --> 00:16:37.300]  這麼舒適的環境去表露真我的時候
[00:16:37.300 --> 00:16:42.500]  而這兩個人的生活細節有些不同的時候
[00:16:42.500 --> 00:16:45.500]  也是他們很容易產生碰撞
[00:16:45.500 --> 00:16:49.500]  很容易產生摩擦的一些東西
[00:16:49.500 --> 00:16:51.300]  大家都聽過一句話叫做
[00:16:51.300 --> 00:16:53.900]  「相見好同住難」
[00:16:53.900 --> 00:16:56.200]  很多夫妻的爭拗
[00:16:56.200 --> 00:16:59.200]  很多婆媳之間的糾紛
[00:16:59.200 --> 00:17:01.900]  其實都是這樣發生的
[00:17:01.900 --> 00:17:06.200]  所以保羅在經文提醒信徒的那些東西
[00:17:06.200 --> 00:17:08.300]  其實就很重要了
[00:17:08.300 --> 00:17:09.300]  他在說的是什麼
[00:17:09.300 --> 00:17:11.300]  我們要有憐憫恩慈
[00:17:11.300 --> 00:17:13.600]  要謙虛要溫柔要忍耐
[00:17:13.600 --> 00:17:16.700]  要彼此包容要彼此饒恕
[00:17:16.700 --> 00:17:21.400]  這些屬神子民擁有的一些特質
[00:17:21.400 --> 00:17:24.000]  其實不是拿來量別人的
[00:17:24.000 --> 00:17:25.300]  我們通常看這些東西的時候
[00:17:25.300 --> 00:17:26.700]  就是看你
[00:17:26.700 --> 00:17:28.700]  Ricky你有沒有忍耐
[00:17:28.700 --> 00:17:30.000]  你沒有忍耐
[00:17:30.000 --> 00:17:31.600]  Yuki你沒有恩慈
[00:17:31.600 --> 00:17:33.700]  就是拿來篤人
[00:17:33.700 --> 00:17:37.200]  但不是 這些是在說的是
[00:17:37.200 --> 00:17:40.500]  我們這一班跟隨神的人
[00:17:40.500 --> 00:17:44.900]  我們要對於自己的性格的性情
[00:17:44.900 --> 00:17:49.600]  我們是要我們自己改變的地方
[00:17:49.600 --> 00:17:50.900]  人與人之間相處
[00:17:50.900 --> 00:17:52.900]  其實不只是很多時候
[00:17:52.900 --> 00:17:54.800]  我們很多時候習慣講道理
[00:17:54.800 --> 00:17:57.400]  很多時候就是習慣講對錯
[00:17:57.400 --> 00:18:00.300]  但人不是機械人
[00:18:00.300 --> 00:18:02.100]  我們每個人會有情緒
[00:18:02.100 --> 00:18:03.700]  會有軟弱
[00:18:03.700 --> 00:18:06.600]  會有需要別人幫助的時候
[00:18:06.600 --> 00:18:11.500]  我們不可能永遠做到自己完美無瑕
[00:18:11.500 --> 00:18:16.700]  我們也不可能做每件事都無可自責
[00:18:16.700 --> 00:18:20.800]  所以在我們跟人之間的相處
[00:18:20.800 --> 00:18:23.600]  特別今天我們講家人的時候
[00:18:23.600 --> 00:18:26.300]  我們是需要別人的憐憫
[00:18:26.300 --> 00:18:28.500]  需要別人的包容
[00:18:28.500 --> 00:18:30.900]  需要別人的忍耐
[00:18:30.900 --> 00:18:34.000]  需要別人的饒恕
[00:18:34.000 --> 00:18:36.300]  而相反的也一樣
[00:18:36.300 --> 00:18:39.400]  別人也需要我們對他有恩慈
[00:18:39.400 --> 00:18:43.300]  需要我們對他有溫柔
[00:18:43.300 --> 00:18:45.100]  需要我們的接納
[00:18:45.100 --> 00:18:48.000]  需要我們的支持
[00:18:48.000 --> 00:18:49.100]  所以突然之間我會說
[00:18:49.100 --> 00:18:50.600]  家裡雖然是一個
[00:18:50.600 --> 00:18:54.200]  我們可以顯露真我的地方
[00:18:54.200 --> 00:18:57.900]  但是家裡其實不是那個
[00:18:57.900 --> 00:19:01.900]  可以縱容我們自私的地方
[00:19:01.900 --> 00:19:04.000]  我們仍然都要將那些
[00:19:04.000 --> 00:19:07.100]  屬神的子民應有的特質
[00:19:07.100 --> 00:19:08.300]  仍然要活出來
[00:19:08.300 --> 00:19:11.500]  仍然要在家裡都能夠活出來
[00:19:11.500 --> 00:19:13.400]  要令到我們的家裡
[00:19:13.400 --> 00:19:16.800]  有更多基督的愛在裡面
[00:19:16.800 --> 00:19:17.900]  特別是
[00:19:17.900 --> 00:19:19.000]  倘若我們如果
[00:19:19.000 --> 00:19:22.100]  我們本身家人未認識耶穌的話
[00:19:22.100 --> 00:19:25.500]  你更加要活出這些特質
[00:19:25.500 --> 00:19:29.700]  因為你需要改變你自己
[00:19:29.700 --> 00:19:30.700]  你需要的是
[00:19:30.700 --> 00:19:33.600]  讓你自己在主裡面的生命
[00:19:33.600 --> 00:19:35.700]  得以被更新
[00:19:35.700 --> 00:19:39.900]  而不是走去埋怨家人的不是
[00:19:39.900 --> 00:19:43.800]  要家人讓步去遷就你
[00:19:43.800 --> 00:19:48.300]  但是自己卻一直都不肯付出
[00:19:48.300 --> 00:19:49.600]  倘若你是這樣的話
[00:19:49.600 --> 00:19:51.100]  我就會問
[00:19:51.100 --> 00:19:56.600]  那究竟誰才是真正認識神的那個呢?
[00:19:56.600 --> 00:19:58.600]  如果連你本身是認識神的那個
[00:19:58.600 --> 00:20:00.100]  你都不去改變
[00:20:00.100 --> 00:20:03.200]  不去嘗試去繼續跟神的教導
[00:20:03.200 --> 00:20:05.700]  去讓自己生命得以更新
[00:20:05.700 --> 00:20:06.800]  那你沒理由要求
[00:20:06.800 --> 00:20:10.500]  那個不信耶穌的走去做的
[00:20:10.500 --> 00:20:13.400]  所以盼望我們不要讓
[00:20:13.400 --> 00:20:17.400]  這些屬神子民應有的一些特質
[00:20:17.400 --> 00:20:21.000]  想著回到家裡就可以放下
[00:20:21.000 --> 00:20:22.600]  那個不是一件衣服
[00:20:22.600 --> 00:20:24.400]  不是脫下來
[00:20:24.400 --> 00:20:27.500]  上帝想我們擁有這些特質
[00:20:27.500 --> 00:20:30.000]  是在我們生命裡面
[00:20:30.000 --> 00:20:33.000]  真真正正地更新改變
[00:20:33.000 --> 00:20:35.400]  是成為我們那個本性
[00:20:35.400 --> 00:20:37.900]  我們那個特性
[00:20:37.900 --> 00:20:40.900]  這是第一點
[00:20:40.900 --> 00:20:42.400]  第二點
[00:20:42.400 --> 00:20:47.600]  我們繼續看經文的十四至十七節
[00:20:47.600 --> 00:20:48.700]  這幾節在說什麼呢?
[00:20:48.700 --> 00:20:52.600]  在說的是其實保羅把信徒的目光
[00:20:52.600 --> 00:20:56.800]  從剛剛說一些較為針對個人內心
[00:20:56.800 --> 00:20:59.900]  一些個人自己的性格上的事情
[00:20:59.900 --> 00:21:02.400]  轉到了一個更加大的範圍
[00:21:02.400 --> 00:21:04.600]  他不只是在說一個個人的問題
[00:21:04.600 --> 00:21:06.300]  而是把那件事
[00:21:06.300 --> 00:21:11.400]  推延到一個群體的生活
[00:21:11.400 --> 00:21:13.800]  你看到我highlight了第十五節
[00:21:13.800 --> 00:21:14.900]  如果你看到的話
[00:21:14.900 --> 00:21:16.500]  你會看到這一句很特別的
[00:21:16.500 --> 00:21:18.700]  就是在說你們蒙召歸為一體
[00:21:18.700 --> 00:21:22.700]  也是為了這個緣故
[00:21:22.700 --> 00:21:25.400]  這段經文好像是在說
[00:21:25.400 --> 00:21:28.400]  究竟這一段的教導
[00:21:28.400 --> 00:21:32.700]  是不是針對一個所謂的信徒群體之間呢?
[00:21:32.700 --> 00:21:33.700]  正如剛才說的
[00:21:33.700 --> 00:21:36.100]  家人不一定每個人都信主的
[00:21:36.100 --> 00:21:38.700]  是不是呢?
[00:21:38.700 --> 00:21:39.600]  也是的
[00:21:39.600 --> 00:21:41.000]  其實我會覺得
[00:21:41.000 --> 00:21:44.900]  本身這段經文是在跟信徒說的
[00:21:44.900 --> 00:21:48.300]  但當我自己繼續去想這些
[00:21:48.300 --> 00:21:50.600]  裡面的細節的時候
[00:21:50.600 --> 00:21:52.000]  我會認為
[00:21:52.000 --> 00:21:53.800]  其實這些事情
[00:21:53.800 --> 00:21:57.500]  擺在家中的setting裡面
[00:21:57.500 --> 00:21:59.900]  同樣是一件很重要的事
[00:21:59.900 --> 00:22:02.500]  這幾節經文大概的教導是在說什麼呢?
[00:22:02.500 --> 00:22:05.200]  就是在說一個以基督為中心的群體
[00:22:05.200 --> 00:22:07.700]  有三件事是要做的
[00:22:07.700 --> 00:22:10.800]  分別就是要以愛相憐
[00:22:10.800 --> 00:22:13.000]  讓基督的平安作主
[00:22:13.000 --> 00:22:17.900]  並且還要把神的話充滿在他們的中間
[00:22:17.900 --> 00:22:21.400]  以愛相憐我想大家不難明白
[00:22:21.400 --> 00:22:23.800]  一個家裡面如果沒有愛
[00:22:23.800 --> 00:22:27.700]  我想其實一個家人之間
[00:22:27.700 --> 00:22:31.400]  你連很基本的溝通、尊重
[00:22:31.400 --> 00:22:33.000]  你本身都做不到
[00:22:33.000 --> 00:22:35.700]  所以家裡要有愛是一件很重要的事
[00:22:35.700 --> 00:22:38.500]  我想大家都很容易就會認同
[00:22:38.500 --> 00:22:41.100]  所以我想多花一點時間說的是
[00:22:41.100 --> 00:22:43.700]  什麼叫做讓基督的平安作主
[00:22:43.700 --> 00:22:49.000]  以及怎樣把神的話充滿在家中這兩件事
[00:22:49.000 --> 00:22:51.100]  讓基督的平安作主
[00:22:51.100 --> 00:22:53.400]  本來不是在說
[00:22:53.400 --> 00:22:56.100]  因為上帝教我們要有平安
[00:22:56.100 --> 00:22:58.800]  我們就特意做一些平安出來
[00:22:58.800 --> 00:23:02.100]  去做一些家裡表面的和諧出來
[00:23:02.100 --> 00:23:03.600]  他不是在說這件事
[00:23:03.600 --> 00:23:05.200]  而是在說的是
[00:23:05.200 --> 00:23:09.000]  他要讓基督的平安在你們心裡面作主
[00:23:09.000 --> 00:23:12.100]  他說的是作主的意思
[00:23:12.100 --> 00:23:15.100]  是將一切的事情
[00:23:15.100 --> 00:23:20.100]  都用神的平安作決定
[00:23:20.100 --> 00:23:23.900]  作為裁判、作為中心
[00:23:23.900 --> 00:23:26.700]  因為你製造出來的平安
[00:23:26.700 --> 00:23:29.500]  你製造出來的和諧
[00:23:29.500 --> 00:23:32.500]  可以是引氣吞聲
[00:23:32.500 --> 00:23:37.100]  可以是單純覺得多事不如少事
[00:23:37.100 --> 00:23:43.800]  但是當我們要願意將基督的平安作主的時候
[00:23:43.800 --> 00:23:48.100]  我們將上帝的平安成為了中心的時候
[00:23:48.100 --> 00:23:49.800]  不再是在說的是
[00:23:49.800 --> 00:23:52.900]  因為我們的怒氣
[00:23:52.900 --> 00:23:54.500]  因為我們的面子
[00:23:54.500 --> 00:23:57.600]  因為我們自己想控制的事情
[00:23:57.600 --> 00:24:03.600]  去決定所有事情的解決辦法
[00:24:03.600 --> 00:24:05.900]  在家裡我想很難避免的
[00:24:05.900 --> 00:24:08.600]  就是很多時候都會有衝突
[00:24:08.600 --> 00:24:11.500]  本身這些衝突的開始
[00:24:11.500 --> 00:24:16.900]  可能說它只不過是一些很雞毛蒜皮的事
[00:24:16.900 --> 00:24:18.700]  一些很小的問題
[00:24:18.700 --> 00:24:20.300]  但是當我們如果
[00:24:20.300 --> 00:24:23.100]  當那些衝突來的時候
[00:24:23.100 --> 00:24:26.900]  我們讓我們自己的想法
[00:24:26.900 --> 00:24:29.300]  我們想證明自己是對的那個
[00:24:29.300 --> 00:24:32.100]  我們要證明我家裡的地位
[00:24:32.100 --> 00:24:36.700]  我要保住我自己個人的感受
[00:24:36.700 --> 00:24:40.100]  結果容易繼續走下去的時候
[00:24:40.100 --> 00:24:45.100]  那個小問題會令到慢慢地演變成為
[00:24:45.100 --> 00:24:47.500]  關係越來越緊張
[00:24:47.500 --> 00:24:50.500]  家裡的氣氛會越來越沉重
[00:24:50.500 --> 00:24:53.900]  但是當我們願意將我們那個主權
[00:24:53.900 --> 00:24:58.300]  將我們那個想法那個中心
[00:24:58.300 --> 00:25:01.100]  放在基督的平安裡面的時候
[00:25:01.100 --> 00:25:02.500]  我想反過來的就是
[00:25:02.500 --> 00:25:06.500]  起碼我們願意去停一停
[00:25:06.500 --> 00:25:09.500]  去聽一聽對方說什麼
[00:25:09.500 --> 00:25:14.100]  甚至有時候聽完讓一讓又如何呢?
[00:25:14.100 --> 00:25:19.700]  我們在學的是讓基督的真理去作主
[00:25:19.700 --> 00:25:24.900]  而不是純粹用我們的情緒去處理問題
[00:25:24.900 --> 00:25:29.900]  因為我們知道到最終的問題如何解決
[00:25:29.900 --> 00:25:32.900]  其實仍然有神去掌管
[00:25:32.900 --> 00:25:36.300]  有神去帶領我們
[00:25:36.300 --> 00:25:39.700]  而讓基督的平安在我們的家庭裡面
[00:25:39.700 --> 00:25:42.100]  維持的時候
[00:25:42.100 --> 00:25:44.300]  我們就會渴望
[00:25:44.300 --> 00:25:45.100]  又或者這麼說
[00:25:45.100 --> 00:25:46.900]  我們本身會擁有的就是
[00:25:46.900 --> 00:25:49.700]  我們會有更多上帝給我們的愛
[00:25:49.700 --> 00:25:52.700]  給我們那份的忍耐
[00:25:52.700 --> 00:25:55.900]  去處理一切一切的事
[00:25:55.900 --> 00:25:59.300]  這個是讓基督的平安作主
[00:25:59.300 --> 00:26:06.300]  那什麼叫做將神的話充滿在家裡面呢?
[00:26:06.300 --> 00:26:07.700]  經文剛剛也說了
[00:26:07.700 --> 00:26:10.300]  是有提到我們要讓基督的道
[00:26:10.300 --> 00:26:12.900]  豐豐富富住在我們的心裡
[00:26:12.900 --> 00:26:16.500]  以致我們可以用各樣的智慧
[00:26:16.500 --> 00:26:22.300]  去彼此教導、互相勸誡
[00:26:22.300 --> 00:26:23.900]  正如剛才說的
[00:26:23.900 --> 00:26:27.500]  那如果我的家人未信主又如何呢?
[00:26:27.500 --> 00:26:30.500]  你跟他們說聖經怎樣怎樣
[00:26:30.500 --> 00:26:32.700]  耶穌教我怎樣怎樣
[00:26:32.700 --> 00:26:33.900]  簡單來說
[00:26:33.900 --> 00:26:35.700]  其實他們理解你也是傻的
[00:26:35.700 --> 00:26:37.300]  因為他們也不相信
[00:26:37.300 --> 00:26:38.900]  那我們怎樣可以做到
[00:26:38.900 --> 00:26:44.300]  什麼彼此教導、互相勸誡呢?
[00:26:44.300 --> 00:26:45.100]  是的
[00:26:45.100 --> 00:26:47.500]  如果家人未信主的話
[00:26:47.500 --> 00:26:50.300]  我都會認為真的有點困難
[00:26:50.300 --> 00:26:53.500]  不過在這兩節的經文裡面
[00:26:53.500 --> 00:26:56.100]  其實我覺得相比起
[00:26:56.100 --> 00:26:59.100]  要用各樣的智慧去彼此教導
[00:26:59.100 --> 00:27:01.900]  和互相勸誡這件事
[00:27:01.900 --> 00:27:05.700]  我更想大家留意的是
[00:27:05.700 --> 00:27:07.100]  經文裡面說
[00:27:07.100 --> 00:27:10.100]  你們要有感謝心
[00:27:10.100 --> 00:27:13.900]  我們要用詩章聖詩靈歌
[00:27:13.900 --> 00:27:20.100]  懷著感恩的心去歌頌神
[00:27:20.100 --> 00:27:22.100]  第一節我不知道大家有沒有
[00:27:22.100 --> 00:27:26.100]  為了你們的家人去感謝神
[00:27:26.100 --> 00:27:27.100]  即是上帝的教導
[00:27:27.100 --> 00:27:28.100]  當然我們很多時候
[00:27:28.100 --> 00:27:31.100]  就好像拿著上帝的教導
[00:27:31.100 --> 00:27:33.500]  去抽情對方
[00:27:33.500 --> 00:27:37.700]  去想想你是否正確
[00:27:37.700 --> 00:27:39.100]  但是
[00:27:39.100 --> 00:27:40.500]  我想保羅的教導
[00:27:40.500 --> 00:27:42.100]  其實為什麼他在這裡
[00:27:42.100 --> 00:27:46.500]  仍然有很多感謝的話要說呢?
[00:27:46.500 --> 00:27:48.300]  正正他的教導就是說
[00:27:48.300 --> 00:27:53.100]  他只是單純針對我們要彼此教導
[00:27:53.100 --> 00:27:56.500]  他還要我們動得感恩
[00:27:56.500 --> 00:27:58.100]  因為我們如果
[00:27:58.100 --> 00:27:59.500]  永遠只是用那個
[00:27:59.500 --> 00:28:04.700]  要為了互相勸誡的目光去看事情的話
[00:28:04.700 --> 00:28:06.300]  去看你的家人的話
[00:28:06.300 --> 00:28:09.500]  你永遠就是用一個批判的目光
[00:28:09.500 --> 00:28:11.500]  去看他們
[00:28:11.500 --> 00:28:13.900]  這樣的目光去看他們的時候
[00:28:13.900 --> 00:28:17.300]  你永遠看到的就是他們的不足
[00:28:17.300 --> 00:28:20.700]  你永遠看到的就是他們的缺點
[00:28:20.700 --> 00:28:25.100]  你永遠看到的就是他們要改善的地方
[00:28:25.100 --> 00:28:26.300]  因為你的心
[00:28:26.300 --> 00:28:27.500]  經常在想
[00:28:27.500 --> 00:28:28.700]  我怎樣教他們呢?
[00:28:28.700 --> 00:28:32.100]  我怎樣提點他們呢?
[00:28:32.100 --> 00:28:36.300]  但是保羅提醒我們要感恩
[00:28:36.300 --> 00:28:39.700]  因為當我們用感恩的目光
[00:28:39.700 --> 00:28:43.100]  感恩的角度去看的時候
[00:28:43.100 --> 00:28:46.300]  你就會見得到你家人的好
[00:28:46.300 --> 00:28:49.500]  你見得到你這個家的好
[00:28:49.500 --> 00:28:53.300]  你會學懂怎樣去欣賞他們
[00:28:53.300 --> 00:28:57.500]  以致當你懂得欣賞他們的時候
[00:28:57.500 --> 00:29:03.300]  你同樣會變得更加懂得包容他們的不是
[00:29:03.300 --> 00:29:07.700]  甚至你更加懂得
[00:29:07.700 --> 00:29:11.100]  將你自己對他們的愛
[00:29:11.100 --> 00:29:18.100]  對他們的感謝去表達出來
[00:29:18.100 --> 00:29:21.300]  所以在一個家裡面
[00:29:21.300 --> 00:29:25.100]  我們不只是想著教人
[00:29:25.100 --> 00:29:27.500]  想著將我覺得對的那一套
[00:29:27.500 --> 00:29:30.500]  告訴對方
[00:29:30.500 --> 00:29:33.900]  我們嘗試改變我們的目光
[00:29:33.900 --> 00:29:37.100]  嘗試欣賞對方更多
[00:29:37.100 --> 00:29:42.300]  以致你看到那些好處的時候
[00:29:42.300 --> 00:29:48.100]  懂得將感恩歸還給我們的神
[00:29:48.100 --> 00:29:54.500]  最後我們看經文第十八至二十一節
[00:29:54.500 --> 00:29:58.900]  這幾節經文其實保羅很具體地說
[00:29:58.900 --> 00:30:00.900]  他很具體地說到
[00:30:00.900 --> 00:30:03.900]  妻子、丈夫、兒女、父親
[00:30:03.900 --> 00:30:06.300]  這些家庭角色裡面
[00:30:06.300 --> 00:30:09.500]  有很多不同的本分需要做
[00:30:09.500 --> 00:30:13.300]  但這些本分不是用一個世人的角度
[00:30:13.300 --> 00:30:17.100]  英文裡面你見到我highlight了紅色那些
[00:30:17.100 --> 00:30:21.100]  我們分別見到的就是在主裡面是合二的
[00:30:21.100 --> 00:30:25.100]  在主裡面是可喜悅的字句
[00:30:25.100 --> 00:30:28.100]  所以說的是這些本分
[00:30:28.100 --> 00:30:32.900]  是每一個家庭的成員在主裡面要活出來
[00:30:32.900 --> 00:30:37.900]  也就是說整個家庭的運作
[00:30:37.900 --> 00:30:41.100]  最重要不是在說誰話事
[00:30:41.100 --> 00:30:43.500]  不是在說誰有道理
[00:30:43.500 --> 00:30:46.500]  又或者我的身份是爸爸
[00:30:46.500 --> 00:30:48.300]  看似是大一點的
[00:30:48.300 --> 00:30:49.900]  你就要聽我說
[00:30:49.900 --> 00:30:52.700]  不是在說要論資排輩
[00:30:52.700 --> 00:30:55.100]  而是在說我們每一個家庭的成員
[00:30:55.100 --> 00:30:58.700]  都有責任在這個家裡面
[00:30:58.700 --> 00:31:01.500]  活出基督的教導
[00:31:01.500 --> 00:31:08.100]  去負上我們本身擁有的角色的本分
[00:31:08.100 --> 00:31:20.900]  這樣的家庭才更接近神本身設立家庭的心意
[00:31:20.900 --> 00:31:23.900]  想和大家分享我家裡的一個小片段
[00:31:23.900 --> 00:31:29.500]  就是我老婆教女兒的一個小例子
[00:31:29.500 --> 00:31:31.500]  我老婆在這裡 沒錯
[00:31:31.500 --> 00:31:34.700]  她們都知道我會說的
[00:31:34.700 --> 00:31:42.500]  首先我要大家借一隻手來給我老婆掌聲
[00:31:42.500 --> 00:31:47.500]  我老婆是一個才德的婦人
[00:31:47.500 --> 00:31:51.500]  戴帽子的位置
[00:31:51.500 --> 00:31:54.300]  為什麼我說我老婆是一個才德的婦人呢
[00:31:54.300 --> 00:31:58.100]  其實她本身是一個非常厲害的人
[00:31:58.100 --> 00:32:03.100]  也對於教養孩童有她的想法
[00:32:03.100 --> 00:32:06.700]  所以在我老婆在我女兒很小的時候
[00:32:06.700 --> 00:32:08.300]  她一直教我的女兒
[00:32:08.300 --> 00:32:11.500]  她們經常都要想一下
[00:32:11.500 --> 00:32:14.700]  自己在做的事情是不是一件正確的事
[00:32:14.700 --> 00:32:18.700]  不要人叫你做就跟著做
[00:32:18.700 --> 00:32:20.500]  例如一些同學
[00:32:20.500 --> 00:32:24.100]  大家都明白有同學的時候
[00:32:24.100 --> 00:32:26.500]  同學叫 或者同學一起瘋一起玩
[00:32:26.500 --> 00:32:28.300]  當然是一起跟著的
[00:32:28.300 --> 00:32:29.500]  我老婆就教
[00:32:29.500 --> 00:32:30.900]  例如一些壞同學
[00:32:30.900 --> 00:32:34.100]  叫你不要和誰做朋友
[00:32:34.100 --> 00:32:35.500]  你就要想
[00:32:35.500 --> 00:32:37.100]  你不和那個人做朋友
[00:32:37.100 --> 00:32:41.100]  其實這件事是不是一件正確的事呢
[00:32:41.100 --> 00:32:43.900]  就很想她懂得去反思
[00:32:43.900 --> 00:32:46.900]  究竟自己在做的那件事
[00:32:46.900 --> 00:32:49.300]  是不是做對的事情
[00:32:49.300 --> 00:32:56.100]  而這件事隨著我女兒慢慢地成長
[00:32:56.100 --> 00:32:57.700]  越來越大的時候
[00:32:57.700 --> 00:33:00.700]  就不再只是說做對的事情
[00:33:00.700 --> 00:33:03.100]  還要在正確的時間
[00:33:03.100 --> 00:33:08.300]  即是說 例如我女兒本身會溫書
[00:33:08.300 --> 00:33:10.300]  是不是一件好事呢
[00:33:10.300 --> 00:33:15.100]  但是她卻選擇在上課的時候去溫書的話
[00:33:15.100 --> 00:33:16.700]  那這件就不是好事
[00:33:16.700 --> 00:33:20.900]  因為你會失去了很多之後老師的教導
[00:33:20.900 --> 00:33:22.500]  然後再下去
[00:33:22.500 --> 00:33:26.500]  在正確的時間 還在說在正確的位置
[00:33:26.500 --> 00:33:28.500]  這個例子就是
[00:33:28.500 --> 00:33:30.500]  不再用我女兒做例子
[00:33:30.500 --> 00:33:32.500]  例如我們的子女做錯事
[00:33:32.500 --> 00:33:37.500]  我們可能有時需要責備他們 需要罵他們
[00:33:37.500 --> 00:33:42.500]  但是我們怎樣才算是合適的地方呢
[00:33:42.500 --> 00:33:47.500]  我們不應該在一個大庭廣眾的情況下去罵他們
[00:33:47.500 --> 00:33:52.500]  因為這件事根據育兒書的研究
[00:33:52.500 --> 00:33:56.500]  可能會影響到小朋友的自尊
[00:33:56.500 --> 00:34:00.500]  所以就算小朋友犯錯
[00:34:00.500 --> 00:34:02.500]  是需要被責備的時候
[00:34:02.500 --> 00:34:05.500]  如果你在一個大庭廣眾的情況下
[00:34:05.500 --> 00:34:08.500]  就是在一個錯誤的位置
[00:34:08.500 --> 00:34:10.500]  而時至今日
[00:34:10.500 --> 00:34:14.500]  這個教導的發展已經變成了
[00:34:14.500 --> 00:34:17.500]  我們要學習的是
[00:34:17.500 --> 00:34:24.500]  在正確的時間 在正確的位置 用正確的方法去做
[00:34:24.500 --> 00:34:30.500]  先不要管那件事難不難
[00:34:30.500 --> 00:34:32.500]  教很多都要教
[00:34:32.500 --> 00:34:34.500]  財德的婦人教的東西你怎樣難呢
[00:34:34.500 --> 00:34:36.500]  不要亂回答
[00:34:36.500 --> 00:34:39.500]  No matter what
[00:34:39.500 --> 00:34:43.500]  我覺得重點是為何我們要這樣教呢
[00:34:43.500 --> 00:34:51.500]  是因為我們都很想女兒隨著她的新娘慢慢地成長的時候
[00:34:51.500 --> 00:34:55.500]  她不再只是單純用一個最基本的
[00:34:55.500 --> 00:34:58.500]  Do the right thing 去做人
[00:34:58.500 --> 00:35:04.500]  因為人生不是單純 所有事都只是講對錯
[00:35:04.500 --> 00:35:10.500]  我們很盼望的是她能夠更加多方面去為人設想
[00:35:10.500 --> 00:35:17.500]  而不是純粹單純 Do the right thing 就覺得自己全對
[00:35:17.500 --> 00:35:19.500]  我講這個例子
[00:35:19.500 --> 00:35:21.500]  其實我正想講的就是
[00:35:21.500 --> 00:35:24.500]  其實我們每一個人的家庭都一樣
[00:35:24.500 --> 00:35:27.500]  我們要在一個關係的裏面
[00:35:27.500 --> 00:35:29.500]  一個家庭的當中
[00:35:29.500 --> 00:35:31.500]  Do the right thing
[00:35:31.500 --> 00:35:35.500]  其實是最簡單的東西
[00:35:35.500 --> 00:35:38.500]  但是一個家庭的裏面
[00:35:38.500 --> 00:35:42.500]  其實你不只是跟她講對錯
[00:35:42.500 --> 00:35:48.500]  不只是在講我們要做一些對的事
[00:35:48.500 --> 00:35:50.500]  因為正如剛才所講
[00:35:50.500 --> 00:35:54.500]  你單純所有事都只是對錯 對不對
[00:35:54.500 --> 00:35:58.500]  你可以破壞關係
[00:35:58.500 --> 00:36:00.500]  家庭這個地方
[00:36:00.500 --> 00:36:07.500]  是讓我們學習怎樣在主的裏面
[00:36:07.500 --> 00:36:11.500]  用上帝教導的方法
[00:36:11.500 --> 00:36:15.500]  在一個對的時間地點
[00:36:15.500 --> 00:36:19.500]  將那些對的事情
[00:36:19.500 --> 00:36:28.500]  盡力做好一個很好的練習的地方
[00:36:28.500 --> 00:36:34.500]  因為我們每個人的家庭的情況都不同
[00:36:34.500 --> 00:36:36.500]  正如剛才所講
[00:36:36.500 --> 00:36:39.500]  你家裏可能有人未信耶穌
[00:36:39.500 --> 00:36:42.500]  你跟他講聖經教導
[00:36:42.500 --> 00:36:48.500]  就是個right thing
[00:36:48.500 --> 00:36:53.500]  But wrong time
[00:36:53.500 --> 00:36:56.500]  又例如夫妻之間
[00:36:56.500 --> 00:36:58.500]  你有爭執的時候
[00:36:58.500 --> 00:37:03.500]  雙方的情緒激動的時候
[00:37:03.500 --> 00:37:05.500]  雖然講道理
[00:37:05.500 --> 00:37:11.500]  在平日裏的確是一件正確的事
[00:37:11.500 --> 00:37:15.500]  但難道大家不會認為
[00:37:15.500 --> 00:37:18.500]  不如先冷靜一下
[00:37:18.500 --> 00:37:21.500]  等你的說話
[00:37:21.500 --> 00:37:23.500]  等你做出的決定
[00:37:23.500 --> 00:37:26.500]  不再被情緒主導的時候
[00:37:26.500 --> 00:37:31.500]  你再慢慢談
[00:37:31.500 --> 00:37:35.500]  很多時候我們見到我們的上一輩
[00:37:35.500 --> 00:37:38.500]  你會發覺他的那套
[00:37:38.500 --> 00:37:40.500]  old school 不合用
[00:37:40.500 --> 00:37:42.500]  你很想提醒他
[00:37:42.500 --> 00:37:47.500]  其實今時今日應該怎樣怎樣
[00:37:47.500 --> 00:37:49.500]  但在這些情況
[00:37:49.500 --> 00:37:52.500]  我們要學習的是
[00:37:52.500 --> 00:37:56.500]  你仍然要有一個尊重
[00:37:56.500 --> 00:37:58.500]  和溫和的語氣
[00:37:58.500 --> 00:38:03.500]  態度去嘗試令他們明白
[00:38:03.500 --> 00:38:06.500]  而不是帶著怒氣去罵
[00:38:06.500 --> 00:38:08.500]  你這樣就錯了
[00:38:08.500 --> 00:38:10.500]  或者你諷刺他
[00:38:10.500 --> 00:38:13.500]  跟你講浪費力氣
[00:38:13.500 --> 00:38:16.500]  不是這樣
[00:38:16.500 --> 00:38:19.500]  因為長輩都要面子
[00:38:19.500 --> 00:38:21.500]  你這種態度
[00:38:21.500 --> 00:38:25.500]  只會令到他耳朵關起來
[00:38:25.500 --> 00:38:28.500]  他聽不到
[00:38:28.500 --> 00:38:30.500]  要再想更多的例子
[00:38:30.500 --> 00:38:32.500]  可以有很多
[00:38:32.500 --> 00:38:33.500]  但我想到最終
[00:38:33.500 --> 00:38:34.500]  真正的重點
[00:38:34.500 --> 00:38:36.500]  仍然是我們怎樣在主的裏面
[00:38:36.500 --> 00:38:39.500]  按主給我們的家庭角色
[00:38:39.500 --> 00:38:42.500]  去盡力做好我們的本分
[00:38:42.500 --> 00:38:46.500]  而不是單純用我們個人的想法
[00:38:46.500 --> 00:38:50.500]  又或者單純按世間的道理邏輯
[00:38:50.500 --> 00:38:54.500]  去做所謂正確的事
[00:38:54.500 --> 00:38:59.500]  而是我們究竟在我們的生命裏面
[00:38:59.500 --> 00:39:03.500]  在我們跟家人的關係裏面
[00:39:03.500 --> 00:39:06.500]  我們有沒有真真正正地
[00:39:06.500 --> 00:39:09.500]  活出上帝給我們的教導
[00:39:09.500 --> 00:39:16.500]  活出我們那個屬神子民的身分
[00:39:16.500 --> 00:39:18.500]  但當然
[00:39:18.500 --> 00:39:20.500]  就好像我的女兒
[00:39:20.500 --> 00:39:23.500]  學做正確的事
[00:39:23.500 --> 00:39:26.500]  我們是不會一踢就懂的
[00:39:26.500 --> 00:39:29.500]  我們是需要時間去成長
[00:39:29.500 --> 00:39:32.500]  需要慢慢一步一步去學
[00:39:32.500 --> 00:39:37.500]  要在不同的情境裏面慢慢去體會到
[00:39:37.500 --> 00:39:39.500]  但最重要的是
[00:39:39.500 --> 00:39:42.500]  我們仍然要堅持
[00:39:42.500 --> 00:39:45.500]  就是無論什麼情況
[00:39:45.500 --> 00:39:48.500]  我們仍然要將自己
[00:39:48.500 --> 00:39:55.500]  將我們的家庭放回在主的裏面
[00:39:55.500 --> 00:40:01.500]  就好像哥羅西書三章二十三節裏面這樣說
[00:40:01.500 --> 00:40:03.500]  無論你們做什麼
[00:40:03.500 --> 00:40:07.500]  要從心裏面去做
[00:40:07.500 --> 00:40:09.500]  是為主而做
[00:40:09.500 --> 00:40:14.500]  不是為了那些人而做
[00:40:14.500 --> 00:40:15.500]  你可以想的是
[00:40:15.500 --> 00:40:19.500]  所有的情況出現也好
[00:40:19.500 --> 00:40:22.500]  如果你知道你每一個對答
[00:40:22.500 --> 00:40:25.500]  你是為了神而做的時候
[00:40:25.500 --> 00:40:28.500]  你會不會還那麼輕佻
[00:40:28.500 --> 00:40:31.500]  那麼輕忽你的態度
[00:40:31.500 --> 00:40:36.500]  那麼著重你的道理
[00:40:36.500 --> 00:40:39.500]  你不會
[00:40:39.500 --> 00:40:41.500]  因為你知道
[00:40:41.500 --> 00:40:46.500]  上帝著緊的是我們整個的關係
[00:40:46.500 --> 00:40:47.500]  著緊的是
[00:40:47.500 --> 00:40:54.500]  究竟我們是否活在神的恩典、愛的裏面
[00:40:54.500 --> 00:40:56.500]  終結了
[00:40:56.500 --> 00:40:58.500]  經牌在這裏,謝謝
[00:40:58.500 --> 00:41:01.500]  我今天將我這篇訊息的講題
[00:41:01.500 --> 00:41:05.500]  叫做「同一屋簷下」
[00:41:05.500 --> 00:41:07.500]  當然如果有這麼上下年紀
[00:41:07.500 --> 00:41:10.500]  應該都知道是一套日劇
[00:41:10.500 --> 00:41:14.500]  但我想講的當然不是那套日劇
[00:41:14.500 --> 00:41:15.500]  我想講的是
[00:41:15.500 --> 00:41:18.500]  當我們在同一個屋簷下
[00:41:18.500 --> 00:41:21.500]  其實不只是一個家庭
[00:41:21.500 --> 00:41:24.500]  這班人住在同一個地方
[00:41:24.500 --> 00:41:26.500]  一起生活就算
[00:41:26.500 --> 00:41:29.500]  而是我們要知道的是
[00:41:29.500 --> 00:41:32.500]  在這個屋簷下
[00:41:32.500 --> 00:41:37.500]  是一個我們能夠一起去學習
[00:41:37.500 --> 00:41:40.500]  繼續去成長
[00:41:40.500 --> 00:41:44.500]  繼續被神塑造的一個地方
[00:41:44.500 --> 00:41:46.500]  可能你會想
[00:41:46.500 --> 00:41:47.500]  學那些東西
[00:41:47.500 --> 00:41:49.500]  跟朋友、同事學
[00:41:49.500 --> 00:41:52.500]  為什麼一定要跟家人學呢?
[00:41:52.500 --> 00:41:55.500]  朋友你可以絕交
[00:41:55.500 --> 00:41:57.500]  同事你可以離職
[00:41:57.500 --> 00:42:01.500]  就不再是你的同事
[00:42:01.500 --> 00:42:04.500]  但你的家人
[00:42:04.500 --> 00:42:09.500]  在一般情況下你是不能選擇的
[00:42:09.500 --> 00:42:14.500]  你一定要學
[00:42:14.500 --> 00:42:17.500]  所以我們要知道的是
[00:42:17.500 --> 00:42:21.500]  當我們跟這班家人一起住
[00:42:21.500 --> 00:42:25.500]  不會永遠沒有問題
[00:42:25.500 --> 00:42:31.500]  甚至其實是很多問題
[00:42:31.500 --> 00:42:36.500]  但我想今天這段經文提醒我們
[00:42:36.500 --> 00:42:38.500]  我們回到家裡
[00:42:38.500 --> 00:42:42.500]  不要將神的子民身份放下
[00:42:42.500 --> 00:42:45.500]  你仍然要在家裡
[00:42:45.500 --> 00:42:47.500]  活出基督的樣子
[00:42:47.500 --> 00:42:52.500]  你仍然要在家裡
[00:42:52.500 --> 00:42:56.500]  成為那個新人
[00:42:56.500 --> 00:42:59.500]  讓神的教導
[00:42:59.500 --> 00:43:02.500]  繼續更新我們的生命
[00:43:02.500 --> 00:43:04.500]  讓神的教導
[00:43:04.500 --> 00:43:09.500]  繼續幫助我們跟家人的關係
[00:43:09.500 --> 00:43:13.500]  甚至藉著我們
[00:43:13.500 --> 00:43:16.500]  做好我們的本分的時候
[00:43:16.500 --> 00:43:23.500]  讓神的愛、神的平安、神的說話
[00:43:23.500 --> 00:43:29.500]  進到我們的家人裡面
[00:43:29.500 --> 00:43:32.500]  讓我們的家
[00:43:32.500 --> 00:43:37.500]  不單純是一個我們居住的地方
[00:43:37.500 --> 00:43:42.500]  而是成為一個能夠見證神恩典的地方
[00:43:42.500 --> 00:43:47.500]  向上帝我們再次將我們的生命獻給祢
[00:43:47.500 --> 00:43:50.500]  求神祢去提醒我們
[00:43:50.500 --> 00:44:00.500]  當我們回到家裡的時候
[00:44:00.500 --> 00:44:04.500]  上帝我不知道在我們的弟兄姊妹當中
[00:44:04.500 --> 00:44:10.500]  會不會就好像我們剛才上次所說
[00:44:10.500 --> 00:44:13.500]  因為太舒服
[00:44:13.500 --> 00:44:17.500]  因為太過放鬆
[00:44:17.500 --> 00:44:20.500]  可以將一切都放下
[00:44:20.500 --> 00:44:24.500]  甚至連我們是屬神子民這個身份
[00:44:24.500 --> 00:44:28.500]  我們都放下
[00:44:28.500 --> 00:44:30.500]  如果這樣的話
[00:44:30.500 --> 00:44:33.500]  求神祢提醒我們
[00:44:33.500 --> 00:44:35.500]  祢提醒我們
[00:44:35.500 --> 00:44:45.500]  我們除了家庭這個角色的本分之外
[00:44:45.500 --> 00:44:49.500]  其實神子民這個身份
[00:44:49.500 --> 00:44:54.500]  同樣是有一個本分在我們裡面
[00:44:54.500 --> 00:44:58.500]  所以求神祢讓我們不要忘記
[00:44:58.500 --> 00:45:02.500]  讓我們仍然要成為祢那個流動的管子
[00:45:02.500 --> 00:45:08.500]  讓祢的恩典、讓祢的愛、讓祢的教導
[00:45:08.500 --> 00:45:14.500]  藉著我們流進去我們的家庭當中
[00:45:14.500 --> 00:45:20.500]  流進去我們跟家人的關係當中
[00:45:20.500 --> 00:45:24.500]  讓我們這些關係
[00:45:24.500 --> 00:45:27.500]  我們家裡的氣氛
[00:45:27.500 --> 00:45:30.500]  因為神祢的愛的緣故
[00:45:30.500 --> 00:45:35.500]  能夠改變、能夠更新
[00:45:35.500 --> 00:45:38.500]  求主祢這樣去祝福我們每一個
[00:45:38.500 --> 00:45:42.500]  使用我們每一個
[00:45:42.500 --> 00:45:46.500]  讓我們在家裡成為那個美好的見證
[00:45:46.500 --> 00:45:57.500]  成為見證神祢恩典的一個很重要的部分
[00:45:57.500 --> 00:45:59.500]  求主祢這樣去帶領我們
[00:45:59.500 --> 00:46:01.500]  祝福我們每一個
[00:46:01.500 --> 00:46:04.500]  聽我們禱告、交託、封住明球
[00:46:04.500 --> 00:46:06.500]  Amen,大家請坐
