
[00:00:00.000 --> 00:00:02.000]  讓我們同心祈禱
[00:00:02.000 --> 00:00:04.000]  親愛的阿爸天父
[00:00:04.000 --> 00:00:06.000]  親愛的主
[00:00:06.000 --> 00:00:08.000]  求祢差派聖靈
[00:00:08.000 --> 00:00:10.000]  讓我們內注的聖靈
[00:00:10.000 --> 00:00:12.000]  讓我們的心思
[00:00:12.000 --> 00:00:14.000]  意念
[00:00:14.000 --> 00:00:16.000]  價值觀
[00:00:16.000 --> 00:00:18.000]  能夠像主耶穌基督一樣
[00:00:18.000 --> 00:00:20.000]  幫我們
[00:00:20.000 --> 00:00:22.000]  看到我們內心的自我
[00:00:22.000 --> 00:00:24.000]  老我
[00:00:24.000 --> 00:00:26.000]  自嬌自我
[00:00:26.000 --> 00:00:28.000]  輕看別人
[00:00:28.000 --> 00:00:30.000]  求主憐憫幫助
[00:00:30.000 --> 00:00:32.000]  將現在的時間全部擺上
[00:00:32.000 --> 00:00:34.000]  求主你拖大
[00:00:34.000 --> 00:00:36.000]  祈禱交到奉主名而求
[00:00:36.000 --> 00:00:38.000]  阿們
[00:00:58.000 --> 00:01:00.000]  活著就像基督一樣
[00:01:00.000 --> 00:01:02.000]  好像耶穌基督在他身上
[00:01:02.000 --> 00:01:04.000]  好像見到他一樣
[00:01:04.000 --> 00:01:06.000]  有沒有
[00:01:06.000 --> 00:01:08.000]  如果有就感謝主
[00:01:08.000 --> 00:01:10.000]  反過來看到很多人都沒有反應
[00:01:10.000 --> 00:01:12.000]  更加危險
[00:01:12.000 --> 00:01:14.000]  我看到反面
[00:01:14.000 --> 00:01:16.000]  在他身上
[00:01:16.000 --> 00:01:18.000]  我完全看不到一些基督徒
[00:01:18.000 --> 00:01:20.000]  或者主義的樣式
[00:01:20.000 --> 00:01:22.000]  我看到的是相反
[00:01:22.000 --> 00:01:24.000]  我很難和他同行
[00:01:24.000 --> 00:01:26.000]  祈禱也好
[00:01:26.000 --> 00:01:28.000]  都想找一個人祈禱
[00:01:28.000 --> 00:01:30.000]  因為我很難和他同行
[00:01:30.000 --> 00:01:32.000]  更加重要的問題
[00:01:32.000 --> 00:01:34.000]  我們
[00:01:34.000 --> 00:01:36.000]  我們在神面前
[00:01:36.000 --> 00:01:38.000]  我們是一個基督徒
[00:01:38.000 --> 00:01:40.000]  在神面前
[00:01:40.000 --> 00:01:42.000]  神怎樣給分我們
[00:01:42.000 --> 00:01:44.000]  當我們這樣想的時候
[00:01:44.000 --> 00:01:46.000]  亦是一個很靠近的問題
[00:01:46.000 --> 00:01:48.000]  我經常問自己
[00:01:48.000 --> 00:01:50.000]  亦難以避免
[00:01:50.000 --> 00:01:52.000]  我在台上經常說我和我太太
[00:01:52.000 --> 00:01:54.000]  因為在我心目中
[00:01:54.000 --> 00:01:56.000]  在我心目中
[00:01:56.000 --> 00:01:58.000]  怎樣能夠最顯現
[00:01:58.000 --> 00:02:00.000]  究竟我是多愛主
[00:02:00.000 --> 00:02:02.000]  或者我是多改變
[00:02:02.000 --> 00:02:04.000]  就在家裏
[00:02:04.000 --> 00:02:06.000]  而莫過是我和我太太的關係
[00:02:06.000 --> 00:02:08.000]  我經常說
[00:02:08.000 --> 00:02:10.000]  愈愛就可能會愈恨
[00:02:10.000 --> 00:02:12.000]  我太太令我最憤怒
[00:02:12.000 --> 00:02:14.000]  所以我的臥上我太太見好了
[00:02:14.000 --> 00:02:16.000]  倒轉亦然
[00:02:16.000 --> 00:02:18.000]  但是弟兄姊妹
[00:02:18.000 --> 00:02:20.000]  我們都經歷過
[00:02:20.000 --> 00:02:22.000]  人生當中
[00:02:22.000 --> 00:02:24.000]  大家相信同一個主
[00:02:24.000 --> 00:02:26.000]  大家應該有很好的關係
[00:02:26.000 --> 00:02:28.000]  但為什麼關係有時會不太好
[00:02:28.000 --> 00:02:30.000]  有時不能夠同心合意
[00:02:30.000 --> 00:02:32.000]  夫婦如是
[00:02:32.000 --> 00:02:34.000]  家庭如是
[00:02:34.000 --> 00:02:36.000]  父母子女如是
[00:02:36.000 --> 00:02:38.000]  兄弟姊妹如是
[00:02:38.000 --> 00:02:40.000]  大家同一個主
[00:02:40.000 --> 00:02:42.000]  回到教會小組可能都如是
[00:02:42.000 --> 00:02:44.000]  多難有一個完美的小組
[00:02:44.000 --> 00:02:46.000]  5G竟然有些小組說
[00:02:46.000 --> 00:02:48.000]  我們小組近乎完美
[00:02:48.000 --> 00:02:50.000]  很難得
[00:02:50.000 --> 00:02:52.000]  他未必想
[00:02:52.000 --> 00:02:54.000]  一個近乎完美的小組
[00:02:54.000 --> 00:02:56.000]  但他不想拆組
[00:02:56.000 --> 00:02:58.000]  是否真的那麼完美
[00:02:58.000 --> 00:03:00.000]  可能是我們問的問題
[00:03:00.000 --> 00:03:02.000]  教會今天面對的是518
[00:03:02.000 --> 00:03:04.000]  但其實518可能是一個過程
[00:03:04.000 --> 00:03:06.000]  透過518
[00:03:06.000 --> 00:03:08.000]  可能反映
[00:03:08.000 --> 00:03:10.000]  究竟我們怎樣行神那條路
[00:03:10.000 --> 00:03:12.000]  是否真的像主耶穌基督
[00:03:12.000 --> 00:03:14.000]  我看這個當然是重點
[00:03:14.000 --> 00:03:16.000]  因為518總會過去
[00:03:16.000 --> 00:03:18.000]  但我們人生這條路
[00:03:18.000 --> 00:03:20.000]  我們是一個基督徒
[00:03:20.000 --> 00:03:22.000]  我們一直都要想這個問題
[00:03:22.000 --> 00:03:24.000]  今天是透過肥牙比書
[00:03:24.000 --> 00:03:26.000]  這個系列
[00:03:26.000 --> 00:03:28.000]  上星期很感謝鄺牧師
[00:03:28.000 --> 00:03:30.000]  已經開頭了
[00:03:30.000 --> 00:03:32.000]  今天我要講一個很重要的經文
[00:03:32.000 --> 00:03:34.000]  二章一至十一節
[00:03:34.000 --> 00:03:36.000]  可以說是整個肥牙比書的膽
[00:03:36.000 --> 00:03:38.000]  整個肥牙比書
[00:03:38.000 --> 00:03:40.000]  就是透過基督頌
[00:03:40.000 --> 00:03:42.000]  大家都很熟悉
[00:03:42.000 --> 00:03:44.000]  熟悉到差不多會唸
[00:03:44.000 --> 00:03:46.000]  所以我特別想將
[00:03:46.000 --> 00:03:48.000]  這個基督頌
[00:03:48.000 --> 00:03:50.000]  放在整個肥牙比書的背景
[00:03:50.000 --> 00:03:52.000]  為什麼在肥牙比書
[00:03:52.000 --> 00:03:54.000]  面對什麼問題
[00:03:54.000 --> 00:03:56.000]  要處理什麼事情
[00:03:56.000 --> 00:03:58.000]  肥牙比書其實說什麼
[00:03:58.000 --> 00:04:00.000]  四章的書卷應該很容易明白
[00:04:00.000 --> 00:04:02.000]  是不是說合一
[00:04:02.000 --> 00:04:04.000]  是不是說受苦
[00:04:04.000 --> 00:04:06.000]  是不是說受苦當中喜樂
[00:04:06.000 --> 00:04:08.000]  是不是說謙卑
[00:04:08.000 --> 00:04:10.000]  其實是說什麼呢
[00:04:10.000 --> 00:04:12.000]  肥牙比書
[00:04:12.000 --> 00:04:14.000]  可能當我們了解背景
[00:04:14.000 --> 00:04:16.000]  就比較清楚
[00:04:16.000 --> 00:04:18.000]  肥牙比的地方
[00:04:18.000 --> 00:04:20.000]  你現在看到
[00:04:20.000 --> 00:04:22.000]  大家很熟悉的馬其頓
[00:04:22.000 --> 00:04:24.000]  即是現在在希臘附近
[00:04:24.000 --> 00:04:26.000]  在歐洲那邊
[00:04:26.000 --> 00:04:28.000]  隔離那邊是小亞細亞
[00:04:28.000 --> 00:04:30.000]  就是亞洲或者土耳其
[00:04:30.000 --> 00:04:32.000]  肥牙比是什麼城市呢
[00:04:32.000 --> 00:04:34.000]  肥牙比獨特之處
[00:04:34.000 --> 00:04:36.000]  是當時羅馬帝國
[00:04:36.000 --> 00:04:38.000]  少有的羅馬殖民地
[00:04:38.000 --> 00:04:40.000]  你說羅馬殖民地
[00:04:40.000 --> 00:04:42.000]  很少有
[00:04:42.000 --> 00:04:44.000]  你就自然想起
[00:04:44.000 --> 00:04:46.000]  因為我們很多人在英國殖民地出生
[00:04:46.000 --> 00:04:48.000]  英國殖民地
[00:04:48.000 --> 00:04:50.000]  不知你還記不記得
[00:04:50.000 --> 00:04:52.000]  英國殖民地
[00:04:52.000 --> 00:04:54.000]  以前在殖民地時代
[00:04:54.000 --> 00:04:56.000]  你入什麼行業都好
[00:04:56.000 --> 00:04:58.000]  公務員都好
[00:04:58.000 --> 00:05:00.000]  甚至在早期
[00:05:00.000 --> 00:05:02.000]  你看看歷史
[00:05:02.000 --> 00:05:04.000]  那些大班
[00:05:04.000 --> 00:05:06.000]  全部差不多都要英國人扣頭
[00:05:06.000 --> 00:05:10.000]  早期香港沒有法律學院
[00:05:10.000 --> 00:05:12.000]  你要去英國讀
[00:05:12.000 --> 00:05:14.000]  全部都英國文化
[00:05:14.000 --> 00:05:16.000]  英國牌才有用
[00:05:16.000 --> 00:05:18.000]  其他什麼專業都好
[00:05:18.000 --> 00:05:20.000]  其他外國牌都不行
[00:05:20.000 --> 00:05:22.000]  一定要英國牌
[00:05:22.000 --> 00:05:24.000]  當時你去英國浸鹹水
[00:05:24.000 --> 00:05:26.000]  你個人都特別聰明
[00:05:26.000 --> 00:05:28.000]  我是殖民地的地方
[00:05:28.000 --> 00:05:30.000]  去英國浸鹹水
[00:05:30.000 --> 00:05:32.000]  那個是英國牛津大學
[00:05:32.000 --> 00:05:34.000]  我們就是在這個地方長大
[00:05:34.000 --> 00:05:36.000]  所以我和肥牙比很有默契
[00:05:36.000 --> 00:05:38.000]  什麼默契呢
[00:05:38.000 --> 00:05:40.000]  作為一個羅馬的
[00:05:40.000 --> 00:05:42.000]  我們叫小友的
[00:05:42.000 --> 00:05:44.000]  殖民地
[00:05:44.000 --> 00:05:46.000]  他和馬其頓的首都
[00:05:46.000 --> 00:05:48.000]  當時馬其頓的首都是什麼呢
[00:05:48.000 --> 00:05:50.000]  是貼薩羅尼加
[00:05:50.000 --> 00:05:52.000]  貼薩羅尼加人口起碼比他
[00:05:52.000 --> 00:05:54.000]  最起碼是大十倍
[00:05:54.000 --> 00:05:56.000]  很多學者覺得
[00:05:56.000 --> 00:05:58.000]  人口可能去到二十萬
[00:05:58.000 --> 00:06:00.000]  十五至二十萬
[00:06:00.000 --> 00:06:02.000]  肥牙比多少人
[00:06:02.000 --> 00:06:04.000]  一萬至一萬五
[00:06:04.000 --> 00:06:06.000]  肥牙比是很小的地方
[00:06:06.000 --> 00:06:08.000]  因為
[00:06:08.000 --> 00:06:10.000]  當時羅馬帝國
[00:06:10.000 --> 00:06:12.000]  在二十年三十年打完仗之後
[00:06:12.000 --> 00:06:14.000]  他特別是將很多
[00:06:14.000 --> 00:06:16.000]  退伍軍人
[00:06:16.000 --> 00:06:18.000]  軍官
[00:06:18.000 --> 00:06:20.000]  一去哪裡退就走到那裡退
[00:06:20.000 --> 00:06:22.000]  你試想像在那個城市
[00:06:22.000 --> 00:06:24.000]  羅馬殖民地
[00:06:24.000 --> 00:06:26.000]  羅馬人是特別低一點
[00:06:26.000 --> 00:06:28.000]  西里羅馬人當中
[00:06:28.000 --> 00:06:30.000]  還有不同的官階
[00:06:30.000 --> 00:06:32.000]  大家不知道做過紀律部隊沒有
[00:06:32.000 --> 00:06:34.000]  我以前在香港和大家分享過
[00:06:34.000 --> 00:06:36.000]  我在做輔警
[00:06:36.000 --> 00:06:38.000]  你做輔警
[00:06:38.000 --> 00:06:40.000]  在街上見到警察
[00:06:40.000 --> 00:06:42.000]  在警署見到警察
[00:06:42.000 --> 00:06:44.000]  你一定要見他
[00:06:44.000 --> 00:06:46.000]  你看他的肩膀多一顆花
[00:06:46.000 --> 00:06:48.000]  多一顆花
[00:06:48.000 --> 00:06:50.000]  完全不同說法
[00:06:50.000 --> 00:06:52.000]  階級觀念是非常重的
[00:06:52.000 --> 00:06:54.000]  你看他如是
[00:06:54.000 --> 00:06:56.000]  他看不到你
[00:06:56.000 --> 00:06:58.000]  他直覺看不到你
[00:06:58.000 --> 00:07:00.000]  因為階級重到我不知道要看你
[00:07:00.000 --> 00:07:02.000]  你要給我面子
[00:07:02.000 --> 00:07:04.000]  我不用給你面子
[00:07:04.000 --> 00:07:06.000]  這個很重要
[00:07:06.000 --> 00:07:08.000]  整個菲律賓
[00:07:08.000 --> 00:07:10.000]  這個地方就是這樣的背景
[00:07:10.000 --> 00:07:12.000]  所以大家都會
[00:07:12.000 --> 00:07:14.000]  很吹噓自己的身份
[00:07:14.000 --> 00:07:16.000]  將一切榮耀
[00:07:16.000 --> 00:07:18.000]  你不給我也高舉
[00:07:18.000 --> 00:07:20.000]  你摸一摸肩膀
[00:07:20.000 --> 00:07:22.000]  你摸一摸身份
[00:07:22.000 --> 00:07:24.000]  我是羅馬公民
[00:07:24.000 --> 00:07:26.000]  所以大家都記得的時候
[00:07:26.000 --> 00:07:30.000]  當時保羅在第二次宣教旅程的時候
[00:07:30.000 --> 00:07:32.000]  透過聖靈的感動
[00:07:32.000 --> 00:07:34.000]  很出名的
[00:07:34.000 --> 00:07:36.000]  馬其頓意象
[00:07:36.000 --> 00:07:38.000]  去到馬其頓
[00:07:38.000 --> 00:07:40.000]  第一個城市是菲律賓
[00:07:40.000 --> 00:07:42.000]  所以聖經都說
[00:07:42.000 --> 00:07:44.000]  他雖然不是馬其頓的首輔
[00:07:44.000 --> 00:07:46.000]  但可能是頭一個城
[00:07:46.000 --> 00:07:48.000]  頭一個城的意思
[00:07:48.000 --> 00:07:50.000]  就是頭一個傳福音的地方
[00:07:50.000 --> 00:07:52.000]  當時說回保羅
[00:07:52.000 --> 00:07:54.000]  發生了什麼事
[00:07:54.000 --> 00:07:56.000]  傳福音的時候
[00:07:56.000 --> 00:07:58.000]  有一個侍女
[00:07:58.000 --> 00:08:00.000]  被鬼附
[00:08:00.000 --> 00:08:02.000]  結果
[00:08:02.000 --> 00:08:04.000]  他就將她釋放了
[00:08:04.000 --> 00:08:06.000]  驅鬼
[00:08:06.000 --> 00:08:08.000]  結果他反而被人捉去坐牢
[00:08:08.000 --> 00:08:10.000]  但被人捉去坐牢
[00:08:10.000 --> 00:08:12.000]  他就在監獄裡
[00:08:12.000 --> 00:08:14.000]  仍然是唱詩敬拜神
[00:08:14.000 --> 00:08:16.000]  他怕不怕
[00:08:16.000 --> 00:08:18.000]  他受很苦
[00:08:18.000 --> 00:08:20.000]  不怕
[00:08:20.000 --> 00:08:22.000]  又地震
[00:08:22.000 --> 00:08:24.000]  然後他的綑綁都鬆了
[00:08:24.000 --> 00:08:26.000]  結果嚇到過獄
[00:08:26.000 --> 00:08:28.000]  他就想自殺
[00:08:28.000 --> 00:08:30.000]  不要自殺
[00:08:30.000 --> 00:08:32.000]  我還在
[00:08:32.000 --> 00:08:34.000]  全家都相信主
[00:08:34.000 --> 00:08:36.000]  這個經歷很重要
[00:08:36.000 --> 00:08:38.000]  在保羅心目中
[00:08:38.000 --> 00:08:40.000]  坐牢不要緊嗎
[00:08:40.000 --> 00:08:42.000]  不要緊
[00:08:42.000 --> 00:08:44.000]  因為他活著就成為基督
[00:08:44.000 --> 00:08:46.000]  今天我們在座每一個人
[00:08:46.000 --> 00:08:48.000]  若然你要為耶穌基督傳福音的緣故
[00:08:48.000 --> 00:08:50.000]  你坐牢
[00:08:50.000 --> 00:08:52.000]  你心裡會想什麼
[00:08:52.000 --> 00:08:54.000]  還會敬拜讚美神
[00:08:54.000 --> 00:08:56.000]  我們所受的苦
[00:08:56.000 --> 00:08:58.000]  其實很少
[00:08:58.000 --> 00:09:00.000]  為主受的苦更少
[00:09:00.000 --> 00:09:02.000]  可能我們受的苦
[00:09:02.000 --> 00:09:04.000]  是你自己應該受的
[00:09:04.000 --> 00:09:06.000]  自己拿來壞
[00:09:06.000 --> 00:09:08.000]  但也不是為二受苦
[00:09:08.000 --> 00:09:10.000]  像保羅那樣為二受苦
[00:09:10.000 --> 00:09:12.000]  真的少或難得
[00:09:12.000 --> 00:09:14.000]  我自問我未必做到這個版
[00:09:14.000 --> 00:09:16.000]  一定要求神的幫助
[00:09:16.000 --> 00:09:18.000]  但當一天
[00:09:18.000 --> 00:09:20.000]  他在坐牢的時候
[00:09:20.000 --> 00:09:22.000]  這樣的事發生
[00:09:22.000 --> 00:09:24.000]  官長後來聽見
[00:09:24.000 --> 00:09:26.000]  原來你是羅馬公民
[00:09:26.000 --> 00:09:28.000]  馬上害怕
[00:09:28.000 --> 00:09:30.000]  羅馬公民
[00:09:30.000 --> 00:09:32.000]  特別有特權
[00:09:32.000 --> 00:09:34.000]  不要這樣
[00:09:34.000 --> 00:09:36.000]  我坐牢你沒死過
[00:09:36.000 --> 00:09:38.000]  你離開吧
[00:09:38.000 --> 00:09:40.000]  這個就是城市的背景
[00:09:40.000 --> 00:09:42.000]  肥納比教會
[00:09:42.000 --> 00:09:44.000]  保羅傳了福音之後
[00:09:44.000 --> 00:09:46.000]  保羅離開了
[00:09:46.000 --> 00:09:48.000]  肥納比教會是什麼教會
[00:09:48.000 --> 00:09:50.000]  在保羅心目中
[00:09:50.000 --> 00:09:52.000]  肥納比教會是好的教會還是不好的教會
[00:09:52.000 --> 00:09:54.000]  根據肥納比書
[00:09:54.000 --> 00:09:56.000]  保羅自己所說
[00:09:56.000 --> 00:09:58.000]  肥納比教會是我的喜樂
[00:09:58.000 --> 00:10:00.000]  我的冠冕
[00:10:00.000 --> 00:10:02.000]  傳福音是有份的
[00:10:02.000 --> 00:10:04.000]  所以就算他在監獄的時候
[00:10:04.000 --> 00:10:06.000]  他也很有愛心關顧
[00:10:06.000 --> 00:10:08.000]  肥納比教會
[00:10:08.000 --> 00:10:10.000]  因為也是從保羅開始
[00:10:10.000 --> 00:10:12.000]  和提摩泰
[00:10:12.000 --> 00:10:14.000]  所以他們也派了伊巴忽提
[00:10:14.000 --> 00:10:16.000]  去照顧保羅
[00:10:16.000 --> 00:10:18.000]  當時保羅相信
[00:10:18.000 --> 00:10:20.000]  家居被囚
[00:10:20.000 --> 00:10:22.000]  也可能在不同的地方
[00:10:22.000 --> 00:10:24.000]  但無論如何
[00:10:24.000 --> 00:10:26.000]  他們也派了伊巴忽提去照顧
[00:10:26.000 --> 00:10:28.000]  但伊巴忽提當時照顧他
[00:10:28.000 --> 00:10:30.000]  是患重病
[00:10:30.000 --> 00:10:32.000]  所以其中一個原因
[00:10:32.000 --> 00:10:34.000]  為什麼要寫肥納比書
[00:10:34.000 --> 00:10:36.000]  就是感謝他們
[00:10:36.000 --> 00:10:38.000]  感謝他們在福音上有份
[00:10:38.000 --> 00:10:40.000]  感謝他們的公認
[00:10:40.000 --> 00:10:42.000]  但也跟他們說
[00:10:42.000 --> 00:10:44.000]  伊巴忽提大病
[00:10:44.000 --> 00:10:46.000]  但現在康復了
[00:10:46.000 --> 00:10:48.000]  所以他們不用太擔心
[00:10:48.000 --> 00:10:50.000]  所以肥納比書
[00:10:50.000 --> 00:10:52.000]  是正面的偏向
[00:10:52.000 --> 00:10:54.000]  那為什麼要寫肥納比書
[00:10:54.000 --> 00:10:56.000]  自己在監獄
[00:10:56.000 --> 00:10:58.000]  那麼多地方都可以寫肥納比書
[00:10:58.000 --> 00:11:00.000]  為什麼寫給肥納比教會
[00:11:00.000 --> 00:11:02.000]  除了感謝之外
[00:11:02.000 --> 00:11:04.000]  不用擔心之外
[00:11:04.000 --> 00:11:06.000]  第三點更重要
[00:11:06.000 --> 00:11:08.000]  就是第四章
[00:11:08.000 --> 00:11:10.000]  原來肥納比教會有兩個姊妹
[00:11:10.000 --> 00:11:12.000]  一個叫友雅蝶
[00:11:12.000 --> 00:11:14.000]  一個叫頓秦
[00:11:14.000 --> 00:11:16.000]  道姊友雅蝶
[00:11:16.000 --> 00:11:18.000]  和秦道姊
[00:11:18.000 --> 00:11:20.000]  要在主裡面有同樣的思想
[00:11:20.000 --> 00:11:22.000]  即使他們兩個有沒有同樣的思想
[00:11:22.000 --> 00:11:24.000]  是沒有的
[00:11:24.000 --> 00:11:26.000]  兩個是有爭拗的
[00:11:26.000 --> 00:11:28.000]  但這兩個女人
[00:11:28.000 --> 00:11:30.000]  曾經跟他在福音上
[00:11:30.000 --> 00:11:32.000]  是一同牢符的
[00:11:32.000 --> 00:11:34.000]  也保羅認定他們的名字
[00:11:34.000 --> 00:11:36.000]  在生命冊上
[00:11:36.000 --> 00:11:38.000]  保羅認定他們是信耶穌的
[00:11:38.000 --> 00:11:40.000]  但信耶穌也好
[00:11:40.000 --> 00:11:42.000]  全福音也好
[00:11:42.000 --> 00:11:44.000]  是不合的
[00:11:44.000 --> 00:11:46.000]  所以大家要分開
[00:11:46.000 --> 00:11:48.000]  而這裡用的是
[00:11:48.000 --> 00:11:50.000]  把整個肥納比書前後
[00:11:50.000 --> 00:11:52.000]  灌輸的一個希臘文
[00:11:52.000 --> 00:11:54.000]  叫做Forneo
[00:11:54.000 --> 00:11:56.000]  這個字可以解釋為思想
[00:11:56.000 --> 00:11:58.000]  但思想是解釋不到的
[00:11:58.000 --> 00:12:00.000]  因為它是灌輸整個人的
[00:12:00.000 --> 00:12:02.000]  無論你的心思
[00:12:02.000 --> 00:12:04.000]  你的意念
[00:12:04.000 --> 00:12:06.000]  所以今天我的題目是
[00:12:06.000 --> 00:12:08.000]  同一心思心智
[00:12:08.000 --> 00:12:10.000]  是一個心但是一個思念
[00:12:10.000 --> 00:12:12.000]  它不只是思想
[00:12:12.000 --> 00:12:14.000]  它是愛顧你的
[00:12:14.000 --> 00:12:16.000]  它有意志去做這件事
[00:12:16.000 --> 00:12:18.000]  三樣東西並齊
[00:12:18.000 --> 00:12:20.000]  這種
[00:12:20.000 --> 00:12:22.000]  是一種人生的態度
[00:12:22.000 --> 00:12:24.000]  我們怎樣對弟兄姊妹
[00:12:24.000 --> 00:12:26.000]  怎樣對你家的太太
[00:12:26.000 --> 00:12:28.000]  丈夫就是這個態度
[00:12:28.000 --> 00:12:30.000]  他就用這個字去串連
[00:12:30.000 --> 00:12:32.000]  若然主要是串這兩個人
[00:12:32.000 --> 00:12:34.000]  叫他們同一個思想
[00:12:34.000 --> 00:12:36.000]  若然這樣做
[00:12:36.000 --> 00:12:38.000]  一開始就直接講第四章
[00:12:38.000 --> 00:12:40.000]  為什麼要講頭三章呢
[00:12:40.000 --> 00:12:42.000]  特別要問一個問題
[00:12:42.000 --> 00:12:44.000]  第一個什麼問題呢
[00:12:44.000 --> 00:12:46.000]  就是上個星期所講
[00:12:46.000 --> 00:12:48.000]  狂牧師所講第一章
[00:12:48.000 --> 00:12:50.000]  為什麼要講第一章
[00:12:50.000 --> 00:12:52.000]  為什麼要講第一章
[00:12:52.000 --> 00:12:54.000]  因為第一章是拉開了
[00:12:54.000 --> 00:12:56.000]  在開講第一章之前
[00:12:56.000 --> 00:12:58.000]  今天我要講第二章
[00:12:58.000 --> 00:13:00.000]  你發覺
[00:13:00.000 --> 00:13:02.000]  剛才所說的這個字
[00:13:02.000 --> 00:13:04.000]  這個所謂心思意念
[00:13:04.000 --> 00:13:06.000]  是整個全面書
[00:13:06.000 --> 00:13:08.000]  它是一個主線
[00:13:08.000 --> 00:13:10.000]  或者很重的字眼
[00:13:10.000 --> 00:13:12.000]  重複地用
[00:13:12.000 --> 00:13:14.000]  特別是在自己
[00:13:14.000 --> 00:13:16.000]  一開頭去跟
[00:13:16.000 --> 00:13:18.000]  菲律賓教會講的時候
[00:13:18.000 --> 00:13:20.000]  我對你們大家有同樣的想法
[00:13:20.000 --> 00:13:22.000]  我很掛念你們
[00:13:22.000 --> 00:13:24.000]  我經常都掛念你們
[00:13:24.000 --> 00:13:26.000]  想著你們
[00:13:26.000 --> 00:13:28.000]  在我心中
[00:13:28.000 --> 00:13:30.000]  之前我講過
[00:13:30.000 --> 00:13:32.000]  如果你在一個小組
[00:13:32.000 --> 00:13:34.000]  然後你去放假
[00:13:36.000 --> 00:13:38.000]  不是我
[00:13:38.000 --> 00:13:40.000]  你去放假
[00:13:40.000 --> 00:13:42.000]  然後你回來的時候
[00:13:42.000 --> 00:13:44.000]  弟兄姊妹
[00:13:44.000 --> 00:13:46.000]  真心
[00:13:46.000 --> 00:13:48.000]  不是假意
[00:13:48.000 --> 00:13:50.000]  幾個星期沒有掛念你
[00:13:50.000 --> 00:13:52.000]  沒有見到你
[00:13:52.000 --> 00:13:54.000]  很掛念你
[00:13:54.000 --> 00:13:56.000]  你老公老婆放了工之後
[00:13:56.000 --> 00:13:58.000]  幾個小時沒有見到你
[00:13:58.000 --> 00:14:00.000]  真的很掛念你
[00:14:00.000 --> 00:14:02.000]  你的心馬上甜了
[00:14:02.000 --> 00:14:04.000]  本來不同的思想
[00:14:04.000 --> 00:14:06.000]  本來就是這樣
[00:14:06.000 --> 00:14:08.000]  對菲律賓教會
[00:14:08.000 --> 00:14:10.000]  今日的經文
[00:14:10.000 --> 00:14:12.000]  中間點
[00:14:12.000 --> 00:14:14.000]  特別是用同一個字
[00:14:14.000 --> 00:14:16.000]  有同樣的思想
[00:14:16.000 --> 00:14:18.000]  思想一致
[00:14:18.000 --> 00:14:20.000]  同一個字出現了兩次
[00:14:20.000 --> 00:14:22.000]  這段經文主要出現了兩次
[00:14:22.000 --> 00:14:24.000]  後面這樣講
[00:14:24.000 --> 00:14:26.000]  各人不要只顧自己的事
[00:14:26.000 --> 00:14:28.000]  也要顧及別人的事
[00:14:28.000 --> 00:14:30.000]  不只是思想的問題
[00:14:30.000 --> 00:14:32.000]  思想去到一個地步
[00:14:32.000 --> 00:14:34.000]  不只是顧及
[00:14:34.000 --> 00:14:36.000]  去到一個地步
[00:14:36.000 --> 00:14:38.000]  是影響你做任何事的動機
[00:14:38.000 --> 00:14:40.000]  那個動機
[00:14:40.000 --> 00:14:42.000]  就是整份肥牛秘書所講
[00:14:42.000 --> 00:14:44.000]  一個很重要的問題
[00:14:44.000 --> 00:14:46.000]  究竟我們回教會
[00:14:46.000 --> 00:14:48.000]  我們有什麼動機
[00:14:48.000 --> 00:14:50.000]  我們在教會侍奉
[00:14:50.000 --> 00:14:52.000]  有什麼動機
[00:14:52.000 --> 00:14:54.000]  在家結婚
[00:14:54.000 --> 00:14:56.000]  其實結婚有什麼動機
[00:14:56.000 --> 00:14:58.000]  有沒有人想過結婚有什麼動機
[00:14:58.000 --> 00:15:00.000]  或者生子女有什麼動機
[00:15:00.000 --> 00:15:02.000]  有些人生子女的動機是什麼
[00:15:02.000 --> 00:15:04.000]  說真一句
[00:15:04.000 --> 00:15:06.000]  為什麼生子女
[00:15:06.000 --> 00:15:08.000]  可能等我年紀大了
[00:15:08.000 --> 00:15:10.000]  之後子女去照顧我
[00:15:10.000 --> 00:15:12.000]  是不是
[00:15:12.000 --> 00:15:14.000]  希望子女孝順我
[00:15:14.000 --> 00:15:16.000]  希望子女聽話
[00:15:16.000 --> 00:15:18.000]  希望我去管他
[00:15:18.000 --> 00:15:20.000]  希望他做到我做不到的事
[00:15:20.000 --> 00:15:22.000]  之後讓我有榮耀
[00:15:22.000 --> 00:15:24.000]  很多不同的動機
[00:15:24.000 --> 00:15:26.000]  肥牛秘書
[00:15:26.000 --> 00:15:28.000]  再深入講
[00:15:28.000 --> 00:15:30.000]  要同一個意念
[00:15:30.000 --> 00:15:32.000]  同一個動機
[00:15:32.000 --> 00:15:34.000]  同一個價值觀
[00:15:34.000 --> 00:15:36.000]  說回第一章
[00:15:36.000 --> 00:15:38.000]  為什麼第一章這麼重要
[00:15:38.000 --> 00:15:40.000]  其中一個問題
[00:15:40.000 --> 00:15:42.000]  第一章
[00:15:42.000 --> 00:15:44.000]  保羅是透過自己的自白
[00:15:44.000 --> 00:15:46.000]  去引伸整份肥牛秘書所講的重點
[00:15:46.000 --> 00:15:48.000]  肥牛秘書的重點
[00:15:48.000 --> 00:15:50.000]  是要以基督的心為心
[00:15:50.000 --> 00:15:52.000]  而他第一章
[00:15:52.000 --> 00:15:54.000]  他就將這件事
[00:15:54.000 --> 00:15:56.000]  活現出來
[00:15:56.000 --> 00:15:58.000]  他將自己
[00:15:58.000 --> 00:16:00.000]  以基督的心為心
[00:16:00.000 --> 00:16:02.000]  去看肥牛秘教會
[00:16:02.000 --> 00:16:04.000]  再講一次
[00:16:04.000 --> 00:16:06.000]  他心裡有肥牛秘教會
[00:16:06.000 --> 00:16:08.000]  而肥牛秘教會的心裡有他
[00:16:08.000 --> 00:16:10.000]  因為他們是差派
[00:16:10.000 --> 00:16:12.000]  而他坐牢的時候
[00:16:12.000 --> 00:16:14.000]  都很掛念他
[00:16:14.000 --> 00:16:16.000]  知道他們有兩個姐妹吵架
[00:16:16.000 --> 00:16:18.000]  他專寫信給他們
[00:16:18.000 --> 00:16:20.000]  因為他掛念他
[00:16:20.000 --> 00:16:22.000]  他感恩掛念
[00:16:22.000 --> 00:16:24.000]  也祈求
[00:16:24.000 --> 00:16:26.000]  希望他能暫時得穩
[00:16:26.000 --> 00:16:28.000]  是不是很好的表達
[00:16:28.000 --> 00:16:30.000]  這樣就引伸了一個問題
[00:16:30.000 --> 00:16:32.000]  很好表達
[00:16:32.000 --> 00:16:34.000]  為什麼講到第一章
[00:16:34.000 --> 00:16:36.000]  一個很重要的
[00:16:36.000 --> 00:16:38.000]  上個禮拜大家也聽過
[00:16:38.000 --> 00:16:40.000]  是什麼問題呢
[00:16:40.000 --> 00:16:42.000]  問題在於
[00:16:42.000 --> 00:16:44.000]  弟們,我願你們知道
[00:16:44.000 --> 00:16:46.000]  我所遭遇的反而使福音
[00:16:46.000 --> 00:16:48.000]  更加興旺
[00:16:48.000 --> 00:16:50.000]  以致整個宮裡
[00:16:50.000 --> 00:16:52.000]  的衛隊和其餘一切的人
[00:16:52.000 --> 00:16:54.000]  都知道我是為了基督
[00:16:54.000 --> 00:16:56.000]  才受困所的
[00:16:56.000 --> 00:16:58.000]  而且大多數主內的弟兄
[00:16:58.000 --> 00:17:00.000]  因我所受的困所
[00:17:00.000 --> 00:17:02.000]  就篤信不疑,毫無畏懼
[00:17:02.000 --> 00:17:04.000]  更勇敢地傳講神的道
[00:17:04.000 --> 00:17:06.000]  他寫信給肥牛秘
[00:17:06.000 --> 00:17:08.000]  大家肥牛秘教會
[00:17:08.000 --> 00:17:10.000]  都知道他在坐牢
[00:17:10.000 --> 00:17:12.000]  他說,我在坐牢,但你不用擔心我
[00:17:12.000 --> 00:17:14.000]  雖然我在坐牢
[00:17:14.000 --> 00:17:16.000]  但問題是福音仍然廣傳
[00:17:16.000 --> 00:17:18.000]  所以他的著眼點是他坐牢還是福音
[00:17:18.000 --> 00:17:20.000]  他的價值觀
[00:17:20.000 --> 00:17:22.000]  最重要的是福音
[00:17:22.000 --> 00:17:24.000]  今日我們教會一樣
[00:17:24.000 --> 00:17:26.000]  我們是否最重要的是福音
[00:17:26.000 --> 00:17:28.000]  還是最重要的是自己的感受
[00:17:28.000 --> 00:17:30.000]  我猜很多人很重要是回教會,而我有什麼感受
[00:17:30.000 --> 00:17:32.000]  而不重要的是福音是否廣傳
[00:17:32.000 --> 00:17:34.000]  頂至沒有被詛咒
[00:17:34.000 --> 00:17:36.000]  但保羅完全不是這樣看
[00:17:36.000 --> 00:17:38.000]  而當他講到這一點的時候
[00:17:38.000 --> 00:17:40.000]  大多數主內的弟兄就跟著講
[00:17:40.000 --> 00:17:42.000]  但當中有些人
[00:17:42.000 --> 00:17:44.000]  出於妒忌
[00:17:44.000 --> 00:17:46.000]  出於自私
[00:17:46.000 --> 00:17:48.000]  動機不純正
[00:17:48.000 --> 00:17:50.000]  另外有些人出於好意
[00:17:50.000 --> 00:17:52.000]  出於愛心,上星期也講了
[00:17:52.000 --> 00:17:54.000]  我想問你一個問題
[00:17:54.000 --> 00:17:56.000]  這班人,現在講的是傳福音的人
[00:17:56.000 --> 00:17:58.000]  這班人
[00:17:58.000 --> 00:18:00.000]  在菲臘比傳福音
[00:18:00.000 --> 00:18:02.000]  還是在被囚的城市傳福音
[00:18:02.000 --> 00:18:04.000]  你覺得呢
[00:18:04.000 --> 00:18:10.000]  被囚的城市
[00:18:10.000 --> 00:18:12.000]  如果被囚在羅馬
[00:18:12.000 --> 00:18:14.000]  即是羅馬的人
[00:18:14.000 --> 00:18:16.000]  在菲臘比的地方
[00:18:16.000 --> 00:18:18.000]  在羅馬被囚的時候
[00:18:18.000 --> 00:18:20.000]  羅馬的人怎樣做
[00:18:20.000 --> 00:18:22.000]  跟菲臘比教會的人有什麼關係
[00:18:22.000 --> 00:18:24.000]  這個就是重點
[00:18:24.000 --> 00:18:26.000]  重點就是說
[00:18:26.000 --> 00:18:28.000]  雖然這樣,但也傳了出去
[00:18:28.000 --> 00:18:30.000]  都是好事
[00:18:30.000 --> 00:18:32.000]  所以這個很早的時候,我們教會也用
[00:18:32.000 --> 00:18:34.000]  是誤用了
[00:18:34.000 --> 00:18:36.000]  傳福音當然是好事
[00:18:36.000 --> 00:18:38.000]  但如果傳福音只是好事
[00:18:38.000 --> 00:18:40.000]  這樣的話,就講完了
[00:18:40.000 --> 00:18:42.000]  不用說出於什麼
[00:18:42.000 --> 00:18:44.000]  因為出於什麼不重要
[00:18:44.000 --> 00:18:46.000]  最重要是傳福音
[00:18:46.000 --> 00:18:48.000]  在教會的時候這樣講
[00:18:48.000 --> 00:18:50.000]  尤其是我們華人教會,最重要是做到事
[00:18:50.000 --> 00:18:52.000]  部門總之做到事
[00:18:52.000 --> 00:18:54.000]  開會就要講做到事
[00:18:54.000 --> 00:18:56.000]  所以做到事最重要
[00:18:56.000 --> 00:18:58.000]  518最重要,談了之後
[00:18:58.000 --> 00:19:00.000]  入了火,入了火就最重要
[00:19:00.000 --> 00:19:02.000]  過程不是很重要
[00:19:02.000 --> 00:19:04.000]  如果這樣講
[00:19:04.000 --> 00:19:06.000]  用這個講法是對的,那就不用寫這封信
[00:19:06.000 --> 00:19:08.000]  但他要專心寫這封信
[00:19:08.000 --> 00:19:10.000]  雖然福音傳了出去
[00:19:10.000 --> 00:19:12.000]  是好的,因為他最重要是福音傳出去
[00:19:12.000 --> 00:19:14.000]  但他們背後的動機
[00:19:14.000 --> 00:19:16.000]  就有分別
[00:19:16.000 --> 00:19:18.000]  所以在講這個的時候
[00:19:18.000 --> 00:19:20.000]  保羅有一個祈禱
[00:19:20.000 --> 00:19:22.000]  就是希望你們的愛心
[00:19:22.000 --> 00:19:24.000]  祈禱
[00:19:24.000 --> 00:19:26.000]  希望你們的愛心
[00:19:26.000 --> 00:19:28.000]  在知識和色見當中
[00:19:28.000 --> 00:19:30.000]  要增長
[00:19:30.000 --> 00:19:32.000]  即是你要分辨
[00:19:32.000 --> 00:19:34.000]  你要分辨到弟兄姊妹
[00:19:34.000 --> 00:19:36.000]  所傳福音背後的動機
[00:19:36.000 --> 00:19:38.000]  是什麼動機
[00:19:38.000 --> 00:19:40.000]  什麼心態,什麼價值觀
[00:19:40.000 --> 00:19:42.000]  他為什麼傳福音
[00:19:42.000 --> 00:19:44.000]  他為什麼在教會侍奉
[00:19:44.000 --> 00:19:46.000]  他為什麼做執事,他為什麼做傳道人
[00:19:46.000 --> 00:19:48.000]  不要只看他傳福音
[00:19:48.000 --> 00:19:50.000]  看他為什麼傳福音
[00:19:50.000 --> 00:19:52.000]  這樣就不同了
[00:19:52.000 --> 00:19:54.000]  不要看他為什麼去小組
[00:19:54.000 --> 00:19:56.000]  不要看他是不是在小組
[00:19:56.000 --> 00:19:58.000]  而是他為什麼有什麼動機去小組
[00:19:58.000 --> 00:20:00.000]  這個很深沉
[00:20:00.000 --> 00:20:02.000]  因為這個就是影響心緣
[00:20:02.000 --> 00:20:06.000]  因為這個就不是基督的心為心
[00:20:06.000 --> 00:20:08.000]  而特別這句說話
[00:20:08.000 --> 00:20:10.000]  有些人在羅馬傳福音
[00:20:10.000 --> 00:20:12.000]  是出於自私
[00:20:12.000 --> 00:20:14.000]  或者另一個字叫結黨
[00:20:14.000 --> 00:20:16.000]  原文另一個解釋叫結黨
[00:20:16.000 --> 00:20:18.000]  他的動機不純正
[00:20:18.000 --> 00:20:20.000]  他只想加重我在捆綁中
[00:20:20.000 --> 00:20:22.000]  捆鎖中的煩惱
[00:20:22.000 --> 00:20:24.000]  你們想一想,這些人在外面傳福音
[00:20:24.000 --> 00:20:26.000]  保羅被人坐監
[00:20:26.000 --> 00:20:28.000]  為什麼這些人在外面傳福音
[00:20:28.000 --> 00:20:30.000]  會加重了
[00:20:30.000 --> 00:20:32.000]  保羅在監獄中的煩惱
[00:20:32.000 --> 00:20:34.000]  大家想得通嗎
[00:20:34.000 --> 00:20:36.000]  有沒有想過
[00:20:38.000 --> 00:20:40.000]  大家有沒有想過
[00:20:40.000 --> 00:20:42.000]  想到可以在座位輕微舉手
[00:20:42.000 --> 00:20:46.000]  一個傳福音的人
[00:20:46.000 --> 00:20:48.000]  他在這裡傳福音
[00:20:48.000 --> 00:20:50.000]  但他是出於歪心的
[00:20:50.000 --> 00:20:52.000]  動機不良
[00:20:52.000 --> 00:20:54.000]  但見到保羅一個傳福音很有效的人
[00:20:54.000 --> 00:20:56.000]  他在監獄中
[00:20:56.000 --> 00:20:58.000]  他在外面傳福音
[00:20:58.000 --> 00:21:00.000]  他覺得傳福音就令到你痛苦
[00:21:00.000 --> 00:21:02.000]  加添你痛苦
[00:21:02.000 --> 00:21:04.000]  這樣怎麼想呢
[00:21:04.000 --> 00:21:06.000]  大家想不想通
[00:21:06.000 --> 00:21:08.000]  希望大家不要想通
[00:21:08.000 --> 00:21:10.000]  因為這是小人之心
[00:21:10.000 --> 00:21:12.000]  因為他們是小人
[00:21:12.000 --> 00:21:14.000]  什麼叫小人呢
[00:21:14.000 --> 00:21:16.000]  他們根本是在爭榮耀
[00:21:16.000 --> 00:21:18.000]  在爭地盤
[00:21:18.000 --> 00:21:20.000]  這是他們的動機
[00:21:20.000 --> 00:21:22.000]  所以如果你進去坐監
[00:21:22.000 --> 00:21:24.000]  我在外面傳福音
[00:21:24.000 --> 00:21:26.000]  我便會有很多人跟隨我
[00:21:26.000 --> 00:21:28.000]  我便升職
[00:21:28.000 --> 00:21:30.000]  你便降職,我便高興
[00:21:30.000 --> 00:21:32.000]  我高興,你便很慘
[00:21:32.000 --> 00:21:34.000]  因為他們將心比己
[00:21:34.000 --> 00:21:36.000]  以小人的心
[00:21:36.000 --> 00:21:38.000]  去度君子之福
[00:21:38.000 --> 00:21:40.000]  就是他們
[00:21:40.000 --> 00:21:42.000]  今天教會有沒有人
[00:21:42.000 --> 00:21:46.000]  有人說有
[00:21:46.000 --> 00:21:48.000]  是什麼人會這樣想呢
[00:21:48.000 --> 00:21:50.000]  他有侍奉
[00:21:50.000 --> 00:21:52.000]  人有侍奉
[00:21:52.000 --> 00:21:54.000]  但見到人家恩賜比他高
[00:21:54.000 --> 00:21:56.000]  人家恩賜比他高
[00:21:56.000 --> 00:21:58.000]  最近他生病了
[00:21:58.000 --> 00:22:00.000]  心裏微微笑
[00:22:00.000 --> 00:22:02.000]  今次輪不到我
[00:22:02.000 --> 00:22:04.000]  但他會不會跟你說
[00:22:04.000 --> 00:22:06.000]  有誰在教會侍奉呢
[00:22:06.000 --> 00:22:08.000]  他會跟你說
[00:22:08.000 --> 00:22:10.000]  我是小人,我是這樣反駁你的
[00:22:10.000 --> 00:22:12.000]  我出來是想威風你
[00:22:12.000 --> 00:22:14.000]  我講話是大聲上來聽
[00:22:14.000 --> 00:22:16.000]  有沒有
[00:22:16.000 --> 00:22:18.000]  但他會用什麼
[00:22:18.000 --> 00:22:20.000]  來講合一呢
[00:22:20.000 --> 00:22:22.000]  如果是領袖的時候
[00:22:22.000 --> 00:22:24.000]  他用合一的方法很容易講
[00:22:24.000 --> 00:22:28.000]  我是領袖,我有這個方案
[00:22:30.000 --> 00:22:32.000]  我們弟兄姊妹合一
[00:22:32.000 --> 00:22:34.000]  跟著什麼
[00:22:34.000 --> 00:22:36.000]  你跟我的方案就合一
[00:22:36.000 --> 00:22:38.000]  不過你不跟就不順服
[00:22:38.000 --> 00:22:40.000]  又不合一
[00:22:40.000 --> 00:22:42.000]  我想問你,這個講法
[00:22:42.000 --> 00:22:44.000]  是不是以基督的心為心
[00:22:44.000 --> 00:22:48.000]  他想人家跟他
[00:22:48.000 --> 00:22:50.000]  因為在他階級觀來講
[00:22:50.000 --> 00:22:52.000]  他才重要
[00:22:52.000 --> 00:22:54.000]  你不是這麼重要
[00:22:54.000 --> 00:22:56.000]  講到底
[00:22:56.000 --> 00:22:58.000]  他用任何基督教的口號
[00:22:58.000 --> 00:23:00.000]  去蓋過
[00:23:00.000 --> 00:23:02.000]  無論合一
[00:23:02.000 --> 00:23:04.000]  或者順服,或者愛心
[00:23:04.000 --> 00:23:06.000]  但講到底動機是什麼呢
[00:23:06.000 --> 00:23:08.000]  是想你跟他所做的想法
[00:23:08.000 --> 00:23:12.000]  但他沒這樣講出來
[00:23:12.000 --> 00:23:14.000]  就是這樣做,而被你看穿了
[00:23:14.000 --> 00:23:16.000]  結果是合一還是分裂呢
[00:23:16.000 --> 00:23:20.000]  就算被你跟他也好
[00:23:20.000 --> 00:23:22.000]  你們不是走基督的路
[00:23:22.000 --> 00:23:24.000]  所以這個背景很重要
[00:23:24.000 --> 00:23:26.000]  所以保羅一開始的時候
[00:23:26.000 --> 00:23:28.000]  他用了第一章所發生
[00:23:28.000 --> 00:23:30.000]  用了羅馬所發生的事
[00:23:30.000 --> 00:23:32.000]  他先以分辨出來
[00:23:32.000 --> 00:23:34.000]  他是以基督為主
[00:23:34.000 --> 00:23:36.000]  他要盼望的是什麼呢
[00:23:36.000 --> 00:23:38.000]  他要盼望的就是這件事
[00:23:38.000 --> 00:23:42.000]  就是在基督來到的時候
[00:23:42.000 --> 00:23:44.000]  他無可指責
[00:23:44.000 --> 00:23:46.000]  為什麼呢
[00:23:46.000 --> 00:23:48.000]  因為他所想要的
[00:23:48.000 --> 00:23:50.000]  在心中最重要的
[00:23:50.000 --> 00:23:52.000]  就是能夠讓耶穌基督
[00:23:52.000 --> 00:23:54.000]  讓到神
[00:23:54.000 --> 00:23:56.000]  得到榮耀
[00:23:56.000 --> 00:24:00.000]  原來這是他的心思
[00:24:00.000 --> 00:24:02.000]  他的心思,他整個人生的目的
[00:24:02.000 --> 00:24:04.000]  就是讓耶穌基督得到榮耀
[00:24:04.000 --> 00:24:08.000]  活著就好像耶穌一樣
[00:24:08.000 --> 00:24:10.000]  而他的祈求是什麼呢
[00:24:10.000 --> 00:24:12.000]  他的祈求就是說
[00:24:12.000 --> 00:24:14.000]  他們在一起的時候
[00:24:14.000 --> 00:24:16.000]  他們能夠站立得穩
[00:24:16.000 --> 00:24:20.000]  所以活著的時候為耶穌
[00:24:20.000 --> 00:24:22.000]  他自己講
[00:24:22.000 --> 00:24:24.000]  今天大兄姊妹
[00:24:24.000 --> 00:24:26.000]  我想問大家一個很誠懇的問題
[00:24:26.000 --> 00:24:28.000]  如果你問你太太
[00:24:28.000 --> 00:24:30.000]  你問你丈夫
[00:24:30.000 --> 00:24:32.000]  你問你家人,你問你周圍身邊的弟兄姊妹
[00:24:32.000 --> 00:24:34.000]  究竟
[00:24:34.000 --> 00:24:36.000]  你是不是一個誠實的基督徒
[00:24:36.000 --> 00:24:38.000]  你只要問他一個心
[00:24:38.000 --> 00:24:40.000]  其實我們做事
[00:24:40.000 --> 00:24:44.000]  行事為人
[00:24:44.000 --> 00:24:46.000]  究竟有沒有考慮過他
[00:24:46.000 --> 00:24:48.000]  行事為人這個字在原文
[00:24:48.000 --> 00:24:50.000]  很奇怪,是什麼意思呢
[00:24:50.000 --> 00:24:52.000]  是作公民
[00:24:52.000 --> 00:24:54.000]  為什麼保羅要在這裡
[00:24:54.000 --> 00:24:56.000]  和在三七二十節
[00:24:56.000 --> 00:24:58.000]  用行事為人和作公民這個字
[00:24:58.000 --> 00:25:00.000]  來做一個串連呢
[00:25:00.000 --> 00:25:02.000]  因為在保羅來說
[00:25:02.000 --> 00:25:04.000]  最重要是一個天國公民的身份
[00:25:04.000 --> 00:25:06.000]  不是羅馬公民的身份
[00:25:06.000 --> 00:25:08.000]  而天國公民的身份
[00:25:08.000 --> 00:25:10.000]  就要耶穌基督的心態去思考
[00:25:10.000 --> 00:25:12.000]  而耶穌的心態去思考是什麼呢
[00:25:12.000 --> 00:25:14.000]  就是謙卑虛己
[00:25:14.000 --> 00:25:16.000]  而謙卑虛己最重要
[00:25:16.000 --> 00:25:18.000]  謙卑的相反是什麼呢
[00:25:18.000 --> 00:25:20.000]  驕傲
[00:25:20.000 --> 00:25:22.000]  但是驕傲怎樣表現出來呢
[00:25:22.000 --> 00:25:24.000]  原來驕傲的表現
[00:25:24.000 --> 00:25:26.000]  就是只顧自己
[00:25:26.000 --> 00:25:28.000]  而我經常說
[00:25:28.000 --> 00:25:30.000]  看別人比自己強
[00:25:30.000 --> 00:25:32.000]  我想了很久什麼叫
[00:25:32.000 --> 00:25:34.000]  看別人比自己強呢
[00:25:34.000 --> 00:25:36.000]  明明我唱歌比他好聽
[00:25:36.000 --> 00:25:38.000]  我不會走音,他走音
[00:25:38.000 --> 00:25:40.000]  那我怎樣看他比我強呢
[00:25:40.000 --> 00:25:42.000]  你明白我的意思嗎
[00:25:42.000 --> 00:25:44.000]  我明明神比我愛心大過他
[00:25:44.000 --> 00:25:46.000]  愛心爆棚,愛心那麼少
[00:25:46.000 --> 00:25:48.000]  我怎樣看別人比我強呢
[00:25:48.000 --> 00:25:50.000]  在經文裡的看他比他強呢
[00:25:50.000 --> 00:25:52.000]  又是finale
[00:25:52.000 --> 00:25:54.000]  但他有兩個finale
[00:25:54.000 --> 00:25:56.000]  你要和耶穌有同一個心智
[00:25:56.000 --> 00:25:58.000]  再加上要同一個愛心
[00:25:58.000 --> 00:26:00.000]  但再加上
[00:26:00.000 --> 00:26:02.000]  你要有這個finale
[00:26:02.000 --> 00:26:04.000]  什麼意思呢
[00:26:04.000 --> 00:26:06.000]  你是要有同一個心事
[00:26:06.000 --> 00:26:08.000]  而這個心智是有愛心
[00:26:08.000 --> 00:26:10.000]  之餘你是要mind他們
[00:26:10.000 --> 00:26:12.000]  你是要顧及他們
[00:26:12.000 --> 00:26:14.000]  這個叫同一個心事
[00:26:14.000 --> 00:26:16.000]  mind他們
[00:26:16.000 --> 00:26:18.000]  你要重視他們
[00:26:18.000 --> 00:26:20.000]  看別人比自己強
[00:26:20.000 --> 00:26:22.000]  是要重視他們的地步
[00:26:22.000 --> 00:26:24.000]  好像你重視你最愛的人
[00:26:24.000 --> 00:26:26.000]  你重視他的感受
[00:26:26.000 --> 00:26:28.000]  昨天我帶茶經的時候
[00:26:28.000 --> 00:26:30.000]  說起一件事很有趣
[00:26:30.000 --> 00:26:32.000]  我最近在帶一些
[00:26:32.000 --> 00:26:34.000]  每個人性格的問題
[00:26:34.000 --> 00:26:36.000]  我經常都沒有記性
[00:26:36.000 --> 00:26:38.000]  有時候在家裡工作我都會沒有記性
[00:26:38.000 --> 00:26:40.000]  我太太看到沒有記性就會很不高興
[00:26:40.000 --> 00:26:42.000]  因為我太太覺得
[00:26:42.000 --> 00:26:44.000]  我的沒有記性是什麼呢
[00:26:44.000 --> 00:26:46.000]  我說我沒有記性
[00:26:46.000 --> 00:26:48.000]  那太太會說什麼
[00:26:48.000 --> 00:26:50.000]  聽著
[00:26:50.000 --> 00:26:52.000]  可能你們這樣說
[00:26:52.000 --> 00:26:54.000]  其他東西又不見你沒有記性
[00:26:54.000 --> 00:26:58.000]  你自己要的
[00:26:58.000 --> 00:27:00.000]  你喜歡的你緊的東西
[00:27:00.000 --> 00:27:02.000]  你就有記性
[00:27:02.000 --> 00:27:04.000]  這句話是說什麼
[00:27:04.000 --> 00:27:06.000]  你不緊他
[00:27:06.000 --> 00:27:08.000]  mind
[00:27:08.000 --> 00:27:10.000]  others
[00:27:10.000 --> 00:27:12.000]  即是你緊他
[00:27:12.000 --> 00:27:14.000]  同一個心思
[00:27:14.000 --> 00:27:16.000]  看別人比自己強
[00:27:16.000 --> 00:27:18.000]  即是你緊他
[00:27:18.000 --> 00:27:20.000]  在教會的合一
[00:27:20.000 --> 00:27:22.000]  我想問大家
[00:27:22.000 --> 00:27:24.000]  是不是少數服從多數
[00:27:24.000 --> 00:27:26.000]  就是合一的表現
[00:27:26.000 --> 00:27:30.000]  如果用聖經來看
[00:27:30.000 --> 00:27:32.000]  這個不是合一的表現
[00:27:32.000 --> 00:27:34.000]  少數服從多數不是合一的表現
[00:27:34.000 --> 00:27:36.000]  多數服從少數是不是合一的表現
[00:27:36.000 --> 00:27:38.000]  都不是合一的表現
[00:27:40.000 --> 00:27:42.000]  領袖
[00:27:42.000 --> 00:27:44.000]  你去馴服領袖的決定
[00:27:44.000 --> 00:27:46.000]  是不是合一的表現
[00:27:46.000 --> 00:27:50.000]  領袖只聽你的表現
[00:27:50.000 --> 00:27:52.000]  你的意見最好
[00:27:52.000 --> 00:27:54.000]  在經文來說
[00:27:54.000 --> 00:27:56.000]  兩者都不是合一的表現
[00:27:56.000 --> 00:27:58.000]  因為兩者
[00:27:58.000 --> 00:28:00.000]  只不過是將其他人的意見
[00:28:00.000 --> 00:28:02.000]  去拉到是你的意見
[00:28:02.000 --> 00:28:04.000]  而在過程當中
[00:28:04.000 --> 00:28:06.000]  你是沒有
[00:28:06.000 --> 00:28:08.000]  重視其他人
[00:28:08.000 --> 00:28:10.000]  你沒有緊其他人
[00:28:10.000 --> 00:28:12.000]  我舉例
[00:28:12.000 --> 00:28:14.000]  我們很多移民
[00:28:14.000 --> 00:28:16.000]  或者是靠子女方法不同
[00:28:16.000 --> 00:28:18.000]  往往意見是不同的
[00:28:18.000 --> 00:28:20.000]  但對方
[00:28:20.000 --> 00:28:22.000]  最難受的是
[00:28:22.000 --> 00:28:24.000]  你沒有聽到我裏面
[00:28:24.000 --> 00:28:26.000]  所講的東西
[00:28:26.000 --> 00:28:28.000]  你沒有重視我
[00:28:28.000 --> 00:28:30.000]  我不是這樣跟你說了嗎
[00:28:30.000 --> 00:28:32.000]  為什麼你不記得
[00:28:32.000 --> 00:28:34.000]  是因為你不緊我
[00:28:34.000 --> 00:28:36.000]  你不重視我
[00:28:36.000 --> 00:28:38.000]  用我的舉例
[00:28:38.000 --> 00:28:40.000]  我太太跟我說
[00:28:40.000 --> 00:28:42.000]  其實余大峰是一個很驕傲的人
[00:28:42.000 --> 00:28:44.000]  余大峰是一個很自私的人
[00:28:44.000 --> 00:28:46.000]  余大峰你完全不謙卑
[00:28:46.000 --> 00:28:48.000]  因為你心裏面
[00:28:48.000 --> 00:28:50.000]  只想你自己
[00:28:50.000 --> 00:28:52.000]  你是沒有顧及我
[00:28:52.000 --> 00:28:54.000]  你不知道耶穌基督
[00:28:54.000 --> 00:28:56.000]  耶穌基督有什麼不同
[00:28:56.000 --> 00:28:58.000]  今日經文最主要講的是
[00:28:58.000 --> 00:29:00.000]  虛己
[00:29:00.000 --> 00:29:02.000]  虛己是
[00:29:02.000 --> 00:29:04.000]  袋淑
[00:29:04.000 --> 00:29:06.000]  道成肉身
[00:29:06.000 --> 00:29:08.000]  所以虛己
[00:29:08.000 --> 00:29:10.000]  顯示他是謙卑
[00:29:10.000 --> 00:29:12.000]  也顯示他不只是為自己
[00:29:12.000 --> 00:29:14.000]  他不是為自己
[00:29:14.000 --> 00:29:16.000]  他為誰呢
[00:29:16.000 --> 00:29:18.000]  他就為我們
[00:29:18.000 --> 00:29:20.000]  但今日經文
[00:29:20.000 --> 00:29:22.000]  重點
[00:29:22.000 --> 00:29:24.000]  是兩個字
[00:29:24.000 --> 00:29:26.000]  為什麼耶穌基督
[00:29:26.000 --> 00:29:28.000]  這麼謙卑
[00:29:28.000 --> 00:29:30.000]  這麼虛偽
[00:29:30.000 --> 00:29:32.000]  這麼倒空
[00:29:32.000 --> 00:29:34.000]  玩遊戲
[00:29:34.000 --> 00:29:38.000]  馴服
[00:29:38.000 --> 00:29:40.000]  馴服至死
[00:29:40.000 --> 00:29:42.000]  他馴服誰
[00:29:42.000 --> 00:29:44.000]  馴服我們
[00:29:44.000 --> 00:29:46.000]  他馴服父神
[00:29:46.000 --> 00:29:48.000]  耶穌基督的心
[00:29:48.000 --> 00:29:50.000]  他怎麼想
[00:29:50.000 --> 00:29:52.000]  他馴服父神
[00:29:52.000 --> 00:29:54.000]  當然其他經文補充
[00:29:54.000 --> 00:29:56.000]  他愛父神
[00:29:56.000 --> 00:29:58.000]  他的愛顯然在他馴服
[00:29:58.000 --> 00:30:00.000]  而他馴服
[00:30:00.000 --> 00:30:02.000]  而他的馴服
[00:30:02.000 --> 00:30:04.000]  是因為神想用這個方法救贖
[00:30:04.000 --> 00:30:06.000]  因為這個方法
[00:30:06.000 --> 00:30:08.000]  符合你的公義
[00:30:08.000 --> 00:30:10.000]  符合你的愛
[00:30:10.000 --> 00:30:12.000]  所以我因為馴服你
[00:30:12.000 --> 00:30:14.000]  我就會寫記
[00:30:14.000 --> 00:30:16.000]  今日我們問同一個問題
[00:30:16.000 --> 00:30:18.000]  我們待會回教會
[00:30:18.000 --> 00:30:20.000]  我們待會在侍奉
[00:30:20.000 --> 00:30:22.000]  我們和家人吵架的時候
[00:30:22.000 --> 00:30:24.000]  意見不同的時候
[00:30:24.000 --> 00:30:26.000]  我們很想將別人的意見拉到你的意見
[00:30:26.000 --> 00:30:28.000]  因為這個就是你的階級觀念
[00:30:28.000 --> 00:30:30.000]  你覺得你這樣才有Faith
[00:30:30.000 --> 00:30:32.000]  你這樣才給我面子
[00:30:32.000 --> 00:30:34.000]  你當我是你老公的時候
[00:30:34.000 --> 00:30:36.000]  你聽我說
[00:30:36.000 --> 00:30:38.000]  不是,你當我是你老婆的時候,你聽我說
[00:30:38.000 --> 00:30:40.000]  如果你當我是牧師,你聽我說
[00:30:40.000 --> 00:30:42.000]  如果你當我是執事,你聽我說
[00:30:42.000 --> 00:30:44.000]  如果你當我是中文堂的,英文堂聽我說
[00:30:44.000 --> 00:30:46.000]  如果是中文堂的話
[00:30:46.000 --> 00:30:48.000]  如果你是甚麼,你聽我說
[00:30:48.000 --> 00:30:50.000]  個個都是想拉攏不同的人
[00:30:50.000 --> 00:30:52.000]  聽他所講的不同意見
[00:30:52.000 --> 00:30:56.000]  如果你這樣做的話
[00:30:56.000 --> 00:30:58.000]  是完完全全不是合一
[00:30:58.000 --> 00:31:00.000]  因為合一
[00:31:00.000 --> 00:31:02.000]  是倒轉問題
[00:31:02.000 --> 00:31:04.000]  你有沒有考慮別人的意見
[00:31:04.000 --> 00:31:06.000]  而考慮當中,你有沒有重視別人
[00:31:06.000 --> 00:31:10.000]  而這件事,為甚麼這樣做
[00:31:10.000 --> 00:31:12.000]  因為當你能夠寫記
[00:31:12.000 --> 00:31:14.000]  而重視別人的時候
[00:31:14.000 --> 00:31:16.000]  別人就在你生命當中
[00:31:16.000 --> 00:31:18.000]  見到基督的樣式
[00:31:18.000 --> 00:31:20.000]  你活著
[00:31:20.000 --> 00:31:22.000]  就是基督,你活著
[00:31:22.000 --> 00:31:24.000]  就是為了基督,因為別人見到
[00:31:24.000 --> 00:31:26.000]  你是卸下了自己的利益
[00:31:26.000 --> 00:31:30.000]  所以這堂課讓我有很大的反思
[00:31:30.000 --> 00:31:34.000]  因為我要問自己的動機
[00:31:34.000 --> 00:31:36.000]  我要問
[00:31:36.000 --> 00:31:38.000]  甚麼是合一的重心
[00:31:38.000 --> 00:31:40.000]  甚麼是謙卑
[00:31:40.000 --> 00:31:42.000]  原來每當我在家
[00:31:42.000 --> 00:31:44.000]  在小組
[00:31:44.000 --> 00:31:46.000]  在團契,在同工
[00:31:46.000 --> 00:31:48.000]  在執事會,在不同的教會
[00:31:48.000 --> 00:31:52.000]  若然我只是看自己的向度
[00:31:52.000 --> 00:31:54.000]  我沒有去關心別人
[00:31:54.000 --> 00:31:56.000]  沒有去著緊別人
[00:31:56.000 --> 00:31:58.000]  沒有去重視別人
[00:31:58.000 --> 00:32:00.000]  我只是想別人認同我
[00:32:00.000 --> 00:32:02.000]  因為我很feel good
[00:32:02.000 --> 00:32:04.000]  很有榮耀
[00:32:04.000 --> 00:32:06.000]  我就無意間
[00:32:06.000 --> 00:32:08.000]  是榮耀歸給自己
[00:32:08.000 --> 00:32:10.000]  而原來
[00:32:10.000 --> 00:32:12.000]  after all,很多基督徒
[00:32:12.000 --> 00:32:14.000]  都是很重視
[00:32:14.000 --> 00:32:16.000]  自己的榮耀
[00:32:16.000 --> 00:32:18.000]  而很容易在教會
[00:32:18.000 --> 00:32:20.000]  侍奉
[00:32:20.000 --> 00:32:22.000]  最終
[00:32:22.000 --> 00:32:24.000]  可能只是血氣之爭
[00:32:24.000 --> 00:32:26.000]  這時候
[00:32:26.000 --> 00:32:28.000]  在神來看
[00:32:28.000 --> 00:32:30.000]  在耶穌來看
[00:32:30.000 --> 00:32:32.000]  我們是否一個人敗的基督徒
[00:32:32.000 --> 00:32:34.000]  是很值得去反思
[00:32:34.000 --> 00:32:36.000]  大家一起祈禱
[00:32:36.000 --> 00:32:38.000]  當我們去到你的面前的時候
[00:32:38.000 --> 00:32:42.000]  主啊,我們感謝你
[00:32:42.000 --> 00:32:44.000]  因為是你的捨己
[00:32:44.000 --> 00:32:46.000]  你每一步
[00:32:46.000 --> 00:32:48.000]  有你的道成肉身
[00:32:48.000 --> 00:32:50.000]  有你的
[00:32:50.000 --> 00:32:52.000]  教導
[00:32:52.000 --> 00:32:54.000]  有你怎樣去被人唾罵
[00:32:54.000 --> 00:32:56.000]  但你仍然是
[00:32:56.000 --> 00:32:58.000]  向著這些罪人
[00:32:58.000 --> 00:33:00.000]  去伸手
[00:33:00.000 --> 00:33:02.000]  哪怕你明知一些你醫好了
[00:33:02.000 --> 00:33:04.000]  患麻風病的人
[00:33:04.000 --> 00:33:06.000]  他不會回應你
[00:33:06.000 --> 00:33:08.000]  你仍然是著緊他們
[00:33:08.000 --> 00:33:10.000]  你仍然是去醫治他們
[00:33:10.000 --> 00:33:12.000]  因為你說
[00:33:12.000 --> 00:33:14.000]  醫生來到
[00:33:14.000 --> 00:33:16.000]  不是醫這些健康的人,是醫病的人
[00:33:16.000 --> 00:33:18.000]  你心目中是著緊每一個病的人
[00:33:18.000 --> 00:33:20.000]  但今天
[00:33:20.000 --> 00:33:22.000]  可能我們的意識形態
[00:33:22.000 --> 00:33:24.000]  不和我們
[00:33:24.000 --> 00:33:26.000]  剛剛談的弟兄姊妹
[00:33:26.000 --> 00:33:28.000]  就不和他們談
[00:33:28.000 --> 00:33:30.000]  不和我們剛剛談的聖駕弟兄姊妹
[00:33:30.000 --> 00:33:32.000]  千萬不要放在我一組
[00:33:32.000 --> 00:33:34.000]  在教會的討論
[00:33:34.000 --> 00:33:36.000]  開很多的會當中
[00:33:36.000 --> 00:33:38.000]  可能是血氣之爭
[00:33:38.000 --> 00:33:40.000]  我們用不同的觀點
[00:33:40.000 --> 00:33:42.000]  不同的角度
[00:33:42.000 --> 00:33:44.000]  去證明我的看法
[00:33:44.000 --> 00:33:46.000]  我更多的論據
[00:33:46.000 --> 00:33:48.000]  更多的證據
[00:33:48.000 --> 00:33:50.000]  但整個討論當中
[00:33:50.000 --> 00:33:52.000]  竟然我們沒有考慮
[00:33:52.000 --> 00:33:54.000]  真真正正著緊對方
[00:33:54.000 --> 00:33:56.000]  而也表現了出來
[00:33:56.000 --> 00:33:58.000]  結果
[00:33:58.000 --> 00:34:00.000]  會議開了
[00:34:00.000 --> 00:34:02.000]  決定做了
[00:34:02.000 --> 00:34:04.000]  但我們不是更加合一
[00:34:04.000 --> 00:34:06.000]  我們只是沒有說出來
[00:34:06.000 --> 00:34:08.000]  內心很難受
[00:34:08.000 --> 00:34:10.000]  可能我們都是成為一個
[00:34:10.000 --> 00:34:12.000]  以小人之心度君子之腹的人
[00:34:12.000 --> 00:34:14.000]  我們也是這樣度寶羅
[00:34:14.000 --> 00:34:16.000]  但寶羅反轉和我們說
[00:34:16.000 --> 00:34:18.000]  那又何妨
[00:34:18.000 --> 00:34:20.000]  他被人這樣冤枉
[00:34:20.000 --> 00:34:22.000]  又何妨
[00:34:22.000 --> 00:34:24.000]  他被人這樣奚落又何妨
[00:34:24.000 --> 00:34:26.000]  因為他單以耶穌基督
[00:34:26.000 --> 00:34:28.000]  為中心
[00:34:28.000 --> 00:34:30.000]  而他亦都是單以
[00:34:30.000 --> 00:34:32.000]  耶穌基督的想法為想法
[00:34:32.000 --> 00:34:34.000]  耶穌基督是中心
[00:34:34.000 --> 00:34:36.000]  耶穌基督
[00:34:36.000 --> 00:34:38.000]  都是能夠達到這個中心的途徑
[00:34:40.000 --> 00:34:42.000]  今日經文更加說到
[00:34:42.000 --> 00:34:44.000]  如何能夠做到這件事
[00:34:44.000 --> 00:34:46.000]  若然
[00:34:46.000 --> 00:34:48.000]  我們在
[00:34:48.000 --> 00:34:50.000]  基督裡有這個
[00:34:50.000 --> 00:34:52.000]  鼓勵
[00:34:52.000 --> 00:34:54.000]  若然我們有這個愛心
[00:34:54.000 --> 00:34:56.000]  若然我們有
[00:34:56.000 --> 00:34:58.000]  聖靈傳契的時候
[00:34:58.000 --> 00:35:00.000]  三個都是若然
[00:35:00.000 --> 00:35:02.000]  但誰不知
[00:35:02.000 --> 00:35:04.000]  經文所說的
[00:35:04.000 --> 00:35:06.000]  其實是忌然
[00:35:06.000 --> 00:35:08.000]  因為在希臘文當中
[00:35:08.000 --> 00:35:10.000]  其實是一個忌然的表達
[00:35:10.000 --> 00:35:12.000]  換句話說
[00:35:12.000 --> 00:35:14.000]  我們怎能夠有合一,怎能夠謙卑
[00:35:14.000 --> 00:35:16.000]  原來經文提醒我們
[00:35:16.000 --> 00:35:18.000]  既然我們經歷了
[00:35:18.000 --> 00:35:20.000]  三位一體神
[00:35:20.000 --> 00:35:22.000]  的恩典
[00:35:22.000 --> 00:35:24.000]  既然
[00:35:24.000 --> 00:35:26.000]  我們就要更加去活出
[00:35:26.000 --> 00:35:28.000]  人與人之間那種
[00:35:28.000 --> 00:35:30.000]  關懷、憐憫
[00:35:30.000 --> 00:35:32.000]  所以反過來說
[00:35:32.000 --> 00:35:34.000]  為何今日我們不夠謙卑
[00:35:34.000 --> 00:35:36.000]  我們今日只顧自己的事
[00:35:36.000 --> 00:35:38.000]  我們自私
[00:35:38.000 --> 00:35:40.000]  我們結黨
[00:35:40.000 --> 00:35:42.000]  原來可能
[00:35:42.000 --> 00:35:44.000]  我們花了很少時間跟你結連
[00:35:44.000 --> 00:35:46.000]  我們真的沒有好好
[00:35:46.000 --> 00:35:48.000]  經歷主理恩典
[00:35:48.000 --> 00:35:50.000]  原來我們的信仰
[00:35:50.000 --> 00:35:52.000]  是那麼膚淺
[00:35:52.000 --> 00:35:54.000]  所以保羅
[00:35:54.000 --> 00:35:56.000]  為肥納比書的祈禱
[00:35:56.000 --> 00:35:58.000]  今天求主都幫助我們
[00:35:58.000 --> 00:36:00.000]  我們的愛心
[00:36:00.000 --> 00:36:02.000]  在知識和識見上
[00:36:02.000 --> 00:36:04.000]  去增長
[00:36:04.000 --> 00:36:06.000]  我們的信心
[00:36:06.000 --> 00:36:08.000]  愈發增多
[00:36:08.000 --> 00:36:10.000]  從而我們在全福音
[00:36:10.000 --> 00:36:12.000]  能夠站立得穩
[00:36:12.000 --> 00:36:14.000]  從而我們能夠一條心
[00:36:14.000 --> 00:36:16.000]  像耶穌基督的心
[00:36:16.000 --> 00:36:18.000]  好使我們見主面的時候
[00:36:18.000 --> 00:36:20.000]  問心無愧
[00:36:20.000 --> 00:36:22.000]  無可指責
[00:36:22.000 --> 00:36:24.000]  人們見到我們的行為
[00:36:24.000 --> 00:36:26.000]  表現,然後將榮耀
[00:36:26.000 --> 00:36:28.000]  不是歸給我們
[00:36:28.000 --> 00:36:30.000]  而是歸給為主
[00:36:30.000 --> 00:36:32.000]  但願今日我們面對五一八的挑戰
[00:36:32.000 --> 00:36:34.000]  最終我們在考慮
[00:36:34.000 --> 00:36:36.000]  一切的事情
[00:36:36.000 --> 00:36:38.000]  更加考慮別人
[00:36:38.000 --> 00:36:40.000]  而最終將一切榮耀
[00:36:40.000 --> 00:36:42.000]  重贊歸給主你
[00:36:42.000 --> 00:36:44.000]  感恩站美祈求,奉我主耶穌基督的聖名
[00:36:44.000 --> 00:36:46.000]  阿們
