
[00:00:00.000 --> 00:00:02.000]  鄧小平晚安
[00:00:02.000 --> 00:00:05.320]  很快我們來到文掃記第十九章
[00:00:05.320 --> 00:00:11.280]  利未記十一章到十五章
[00:00:11.280 --> 00:00:14.740]  如果我們有看過舊約這本書
[00:00:14.740 --> 00:00:19.860]  裡面很詳細記載了人因為食物病患
[00:00:19.860 --> 00:00:22.520]  或者生產的原因
[00:00:22.520 --> 00:00:26.500]  而引致在神所頒佈的律例面前
[00:00:26.500 --> 00:00:30.160]  被認定在禮儀上不潔
[00:00:30.160 --> 00:00:31.760]  那不是罪
[00:00:31.760 --> 00:00:35.540]  是在禮儀上被看為不潔
[00:00:35.540 --> 00:00:39.060]  於是他們要向神獻上贖罪祭、
[00:00:39.060 --> 00:00:41.840]  犯祭和掃祭
[00:00:41.840 --> 00:00:46.760]  讓他們在神面前再一次被看為潔淨
[00:00:46.760 --> 00:00:47.720]  這是很重要的
[00:00:47.720 --> 00:00:49.980]  因為被認為不潔的人
[00:00:49.980 --> 00:00:52.400]  聖經告訴我們是不能親近神
[00:00:52.400 --> 00:00:53.820]  即是他沒有犯罪
[00:00:53.820 --> 00:00:56.940]  但在宗教禮儀上
[00:00:56.940 --> 00:00:59.340]  神說這樣是不潔
[00:00:59.340 --> 00:01:00.960]  當他們不潔就不能親近神
[00:01:00.960 --> 00:01:04.520]  於是他們就要獻祭
[00:01:04.520 --> 00:01:06.760]  來到今天我們看的這章經文
[00:01:06.760 --> 00:01:08.360]  同樣提到不潔
[00:01:08.360 --> 00:01:14.100]  但與食物病患生產無關
[00:01:14.100 --> 00:01:18.980]  而是與人的死亡有關
[00:01:18.980 --> 00:01:25.060]  或許有時我們會問為何死亡在神體內是不潔
[00:01:25.060 --> 00:01:31.340]  我們好像每個人都經歷
[00:01:31.340 --> 00:01:33.820]  我們知道神是生命的主
[00:01:33.820 --> 00:01:37.640]  所以死亡其實是與祂對立
[00:01:37.640 --> 00:01:39.200]  因此是不潔
[00:01:39.200 --> 00:01:43.920]  不能夠親近祂
[00:01:43.920 --> 00:01:46.420]  一位聖經學者金恩是這樣說的
[00:01:46.420 --> 00:01:50.200]  古代以色列人處理身體上的禮儀不潔
[00:01:50.200 --> 00:01:52.380]  背後有一套理論
[00:01:52.380 --> 00:01:55.880]  人類由出生到死亡的循環
[00:01:55.880 --> 00:01:58.400]  涉及必然死亡的特性
[00:01:58.400 --> 00:02:01.180]  即是沒有人有例外
[00:02:01.180 --> 00:02:05.480]  幾個星期前有一個
[00:02:05.480 --> 00:02:07.840]  我不記得是哪個特輯
[00:02:07.840 --> 00:02:09.520]  按照醫療的發達
[00:02:09.520 --> 00:02:13.640]  人類如果一直醫療的發展都很好
[00:02:13.640 --> 00:02:16.100]  人真的可以活到六百多歲
[00:02:16.100 --> 00:02:18.920]  不過依然沒有永生
[00:02:18.920 --> 00:02:24.260]  即是告訴我們人出生後必然死亡是一件事實
[00:02:24.260 --> 00:02:25.820]  是一個特性
[00:02:25.820 --> 00:02:31.220]  而這個特性是與神的神性相違背
[00:02:31.220 --> 00:02:34.920]  人的死亡與神的神性相違背
[00:02:34.920 --> 00:02:39.700]  因為神的神性的特徵就是永生
[00:02:39.700 --> 00:02:41.220]  就是生命
[00:02:41.220 --> 00:02:44.160]  我們說神無始無終
[00:02:44.160 --> 00:02:53.580]  所以死亡、生命有終結與神的神性的特性是有違背
[00:02:53.580 --> 00:02:54.960]  因此我們可以這樣說
[00:02:54.960 --> 00:03:01.620]  沒有任何東西比一個人的屍體更加能夠代表死亡
[00:03:01.620 --> 00:03:05.860]  因此古代以色列人他們看如何處理死屍帶來的不潔
[00:03:05.860 --> 00:03:11.580]  是非常之重要和嚴肅
[00:03:11.580 --> 00:03:13.240]  我們記得在文素記十三十四章
[00:03:13.240 --> 00:03:14.920]  告訴我們十二探子當中
[00:03:14.920 --> 00:03:19.540]  十個探子去完迦南地帶來一個錯誤的信息
[00:03:19.540 --> 00:03:23.080]  認為攻打迦南地以色列人必死無疑
[00:03:23.080 --> 00:03:26.100]  因此引發了以色列民對神的抱怨
[00:03:26.100 --> 00:03:29.140]  結果神懲罰他們
[00:03:29.140 --> 00:03:32.060]  布厄遜那十個人都遭瘟疫而死
[00:03:32.060 --> 00:03:34.060]  抱怨的以色列人神說
[00:03:34.060 --> 00:03:37.220]  當中二十歲以上的都要死在曠野
[00:03:37.220 --> 00:03:40.240]  所以在那四十年的曠野旅程當中
[00:03:40.240 --> 00:03:43.680]  每天以色列民都面對他們當中的人
[00:03:43.680 --> 00:03:45.680]  陸陸續續地死去
[00:03:45.680 --> 00:03:50.880]  然後當以色列人聽到摩西村告
[00:03:50.880 --> 00:03:51.800]  摩西說
[00:03:51.800 --> 00:03:52.720]  漢娜
[00:03:52.720 --> 00:03:56.520]  摩西村告說神聽到他們的埋怨
[00:03:56.520 --> 00:03:58.520]  不會再帶領他們進迦南地
[00:03:58.520 --> 00:04:02.060]  然後這班以色列人就說
[00:04:02.060 --> 00:04:05.760]  葛漢娜我們要上到耶和華所說的地方
[00:04:05.760 --> 00:04:07.100]  因為我們犯了罪
[00:04:07.100 --> 00:04:08.700]  即是當我們聽到原來他們不上去
[00:04:08.700 --> 00:04:10.900]  神很不喜歡要懲罰他們的時候
[00:04:10.900 --> 00:04:11.820]  這班以色列人就說
[00:04:11.820 --> 00:04:13.020]  不如我們上去吧
[00:04:13.020 --> 00:04:13.820]  我們去吧
[00:04:13.820 --> 00:04:15.080]  神啊我們去吧
[00:04:15.080 --> 00:04:18.400]  然後摩西就說
[00:04:18.400 --> 00:04:20.400]  這事必不能順利
[00:04:20.400 --> 00:04:21.560]  不要上去
[00:04:21.560 --> 00:04:24.280]  因為耶和華不在你們中間
[00:04:24.280 --> 00:04:27.200]  恐怕你們在仇敵面前被擊敗
[00:04:27.200 --> 00:04:30.400]  阿瑪利人和迦南人都在你們面前
[00:04:30.400 --> 00:04:32.400]  你們必倒在刀下
[00:04:32.400 --> 00:04:35.400]  因為你們背離不跟從耶和華
[00:04:35.400 --> 00:04:37.400]  耶和華必不與你們同在
[00:04:37.920 --> 00:04:40.280]  不過這班以色列人不聽摩西的勸告
[00:04:40.280 --> 00:04:41.280]  一意孤行
[00:04:41.280 --> 00:04:45.900]  結果聖經說他們被阿瑪利人和迦南人所打敗
[00:04:45.900 --> 00:04:47.900]  死了很多人
[00:04:47.900 --> 00:04:51.400]  然後在《文素記》十六章
[00:04:51.400 --> 00:04:54.400]  又記載可拉大丹和亞比蘭
[00:04:54.400 --> 00:04:58.400]  帶領二百五十個以色列人當中的領袖叛變
[00:04:58.400 --> 00:05:01.400]  這場叛變使得這三個家族的成員
[00:05:01.400 --> 00:05:04.400]  在《文素記》十六章二十八到三十三節告訴我
[00:05:04.400 --> 00:05:07.400]  神做了一件很奇特的事情
[00:05:07.400 --> 00:05:09.400]  就是大地裂開
[00:05:09.400 --> 00:05:13.400]  將這班人吞噬了在大地裏面
[00:05:13.400 --> 00:05:16.400]  他們的死亡不是像人類那樣
[00:05:16.400 --> 00:05:18.400]  屍體留在地上
[00:05:18.400 --> 00:05:20.400]  他們是被吞噬的
[00:05:20.400 --> 00:05:22.400]  而和他們一起叛變的二十五
[00:05:22.400 --> 00:05:26.400]  二百五十個人也是被神從天上降火
[00:05:26.400 --> 00:05:28.400]  下來燒死了
[00:05:28.400 --> 00:05:34.400]  這一連串的事件突然間在以色列人當中
[00:05:34.400 --> 00:05:37.400]  不斷地出現死屍
[00:05:37.400 --> 00:05:42.400]  他們不斷地要去處理生死的問題
[00:05:42.400 --> 00:05:46.400]  以色列人在這樣的背景下
[00:05:46.400 --> 00:05:48.400]  不斷地處理死人的屍體
[00:05:48.400 --> 00:05:54.400]  而又不斷地觸犯了禮儀上被認定為不潔
[00:05:54.400 --> 00:05:57.400]  如果要按利美紀的律例記載
[00:05:57.400 --> 00:06:00.400]  他們就要不斷地向神獻贖罪祭
[00:06:00.400 --> 00:06:02.400]  煩祭和掃祭
[00:06:02.400 --> 00:06:05.400]  不過神很憐憫以色列人
[00:06:05.400 --> 00:06:09.400]  為他們定下一個比較容易跟從的方法
[00:06:09.400 --> 00:06:13.400]  使他們在從禮儀的筆記當中
[00:06:13.400 --> 00:06:16.400]  很容易地不需要做那麼多繁複的獻祭
[00:06:16.400 --> 00:06:18.400]  可以得到潔淨
[00:06:18.400 --> 00:06:20.400]  就是用今日經文裏所講的
[00:06:20.400 --> 00:06:25.400]  「除污穢的水,行潔淨之禮」
[00:06:25.400 --> 00:06:27.400]  如果我們看這段聖經
[00:06:27.400 --> 00:06:31.400]  我們就發覺以色列人不潔的處境有幾方面
[00:06:31.400 --> 00:06:34.400]  亦都講了他們解決的方法
[00:06:34.400 --> 00:06:36.400]  大家跟我一起讀這段經文好嗎
[00:06:36.400 --> 00:06:39.400]  文素記第十九章第一到第十節
[00:06:39.400 --> 00:06:40.400]  我們一起讀
[00:07:01.400 --> 00:07:04.400]  人就在他面前把牛宰了
[00:07:04.400 --> 00:07:08.400]  以利亞撒祭司要用指頭招借牛的血
[00:07:08.400 --> 00:07:11.400]  向回眸面前彈七次
[00:07:11.400 --> 00:07:14.400]  人要在他眼前焚燒者母牛
[00:07:14.400 --> 00:07:18.400]  牛的皮、肉、血和糞都要焚燒
[00:07:18.400 --> 00:07:23.400]  祭司要把香柏木、牛膝草和珠紅色沙
[00:07:23.400 --> 00:07:25.400]  都吊在焚燒牛的火中
[00:07:25.400 --> 00:07:28.400]  祭司要洗衣服,用水洗身
[00:07:28.400 --> 00:07:31.400]  然後才可以進營
[00:07:31.400 --> 00:07:34.400]  祭司必不潔淨到晚上
[00:07:34.400 --> 00:07:37.400]  焚燒牛的人也要用水洗衣服
[00:07:37.400 --> 00:07:41.400]  用水洗身,必不見淨到晚上
[00:07:41.400 --> 00:07:44.400]  一個潔淨的人要掃母牛的灰
[00:07:44.400 --> 00:07:47.400]  串放在營外潔淨的地方
[00:07:47.400 --> 00:07:51.400]  為以色列會眾留作除污穢的水之用
[00:07:51.400 --> 00:07:54.400]  這是為除罪用的
[00:07:54.400 --> 00:07:55.400]  讀完這節
[00:07:55.400 --> 00:07:58.400]  收取母牛灰的人要洗衣服
[00:07:58.400 --> 00:08:00.400]  必不潔淨到晚上
[00:08:00.400 --> 00:08:02.400]  者要成為以色列人
[00:08:02.400 --> 00:08:06.400]  和寄居在他們中間的外人永遠的定例
[00:08:06.400 --> 00:08:09.400]  讀完之後我們忘記讀了甚麼
[00:08:09.400 --> 00:08:13.400]  因為又說不知道甚麼要做這樣,甚麼要做那樣
[00:08:13.400 --> 00:08:17.400]  在這尊聖經裏面
[00:08:17.400 --> 00:08:20.400]  和我們提了一樣叫除污穢的水
[00:08:20.400 --> 00:08:22.400]  簡單來說就是除污水
[00:08:22.400 --> 00:08:24.400]  如果我們用這個字眼
[00:08:24.400 --> 00:08:26.400]  那個製造方法很簡單
[00:08:26.400 --> 00:08:28.400]  就是找一隻沒有殘疾
[00:08:28.400 --> 00:08:35.400]  未曾去負荷過任何人或物品的純紅色母牛
[00:08:35.400 --> 00:08:39.400]  人要將這隻牛帶到大祭司阿倫的面前
[00:08:39.400 --> 00:08:44.400]  阿倫要將這隻牛交給其中一位祭司叫伊利亞撒
[00:08:44.400 --> 00:08:48.400]  伊利亞撒就是將這隻牛牽到以色列人居住的營外
[00:08:48.400 --> 00:08:50.400]  由其他人宰殺
[00:08:50.400 --> 00:08:52.400]  然後祭司要用他的手
[00:08:52.400 --> 00:08:54.400]  沾一些這些的血
[00:08:54.400 --> 00:08:56.400]  向著回膜彈七次
[00:08:56.400 --> 00:09:00.400]  然後將牛加上香柏木、牛失草、豬紅色腺
[00:09:00.400 --> 00:09:03.400]  一起燒成灰就可以了
[00:09:03.400 --> 00:09:06.400]  簡單來說就是選一隻好的牛
[00:09:06.400 --> 00:09:08.400]  燒了它
[00:09:08.400 --> 00:09:10.400]  然後收起那些灰
[00:09:10.400 --> 00:09:12.400]  當人被看為禮儀不潔淨
[00:09:12.400 --> 00:09:15.400]  拿一些這些灰擠在水裏
[00:09:15.400 --> 00:09:18.400]  然後人沾一些水滴在你的面前
[00:09:18.400 --> 00:09:20.400]  你感受到那些水
[00:09:20.400 --> 00:09:23.400]  第七天你就潔淨
[00:09:23.400 --> 00:09:25.400]  我記得我看這段經文的時候
[00:09:25.400 --> 00:09:27.400]  心裏面就想起一件事
[00:09:27.400 --> 00:09:29.400]  就是中國人的香爐灰
[00:09:29.400 --> 00:09:32.400]  不過兩件事是很不同的
[00:09:32.400 --> 00:09:34.400]  我們的香爐灰是要喝的
[00:09:34.400 --> 00:09:36.400]  還是不知道是甚麼物質
[00:09:36.400 --> 00:09:37.400]  但這裏不是
[00:09:37.400 --> 00:09:40.400]  這裏是外用的一個方法
[00:09:40.400 --> 00:09:44.400]  但含血的行為
[00:09:44.400 --> 00:09:47.400]  其實按照利美紀十七章十一節告訴我們
[00:09:47.400 --> 00:09:49.400]  是含有贖罪的意思
[00:09:49.400 --> 00:09:51.400]  所以這裏暗示
[00:09:51.400 --> 00:09:53.400]  這裏所提及的不潔
[00:09:53.400 --> 00:09:55.400]  是不是犯罪
[00:09:55.400 --> 00:09:57.400]  但都是和罪有關係
[00:09:57.400 --> 00:09:58.400]  因為聖經強調
[00:09:58.400 --> 00:10:01.400]  罪和死亡之間有很深的關連性
[00:10:01.400 --> 00:10:03.400]  不過我們留意
[00:10:03.400 --> 00:10:05.400]  很有趣的一件事
[00:10:05.400 --> 00:10:09.400]  就是原來負責做這些除污餵水的人
[00:10:09.400 --> 00:10:11.400]  當中提到三種的人
[00:10:11.400 --> 00:10:13.400]  就是祭祀燒牛的
[00:10:13.400 --> 00:10:16.400]  和收起沒有牛灰的人
[00:10:16.400 --> 00:10:18.400]  這三種人
[00:10:18.400 --> 00:10:20.400]  當他們做了這個
[00:10:20.400 --> 00:10:24.400]  預備除污餵水的行動之後
[00:10:24.400 --> 00:10:30.400]  他們都變成為禮儀上的不潔
[00:10:30.400 --> 00:10:33.400]  神要我做的
[00:10:33.400 --> 00:10:35.400]  做完之後我又不潔
[00:10:35.400 --> 00:10:37.400]  所以這段經文很有趣
[00:10:37.400 --> 00:10:41.400]  有人說為甚麼他們不潔呢?
[00:10:41.400 --> 00:10:43.400]  解經學者告訴我們
[00:10:43.400 --> 00:10:45.400]  因為參與這些行動的人
[00:10:45.400 --> 00:10:47.400]  在禮儀上變為不潔的原因
[00:10:47.400 --> 00:10:49.400]  是因為牛灰
[00:10:49.400 --> 00:10:51.400]  是從死屍燒成的
[00:10:51.400 --> 00:10:53.400]  即是牛先被殺
[00:10:53.400 --> 00:10:55.400]  後面就會說
[00:10:55.400 --> 00:10:57.400]  碰到死屍的就是不潔
[00:10:57.400 --> 00:10:59.400]  所以這三種人
[00:10:59.400 --> 00:11:01.400]  他們都是觸摸過死屍
[00:11:01.400 --> 00:11:03.400]  所以他們不潔
[00:11:03.400 --> 00:11:08.400]  這也是為甚麼
[00:11:08.400 --> 00:11:10.400]  神說將這隻牛
[00:11:10.400 --> 00:11:13.400]  要交給另外的祭司
[00:11:13.400 --> 00:11:15.400]  而不是大祭司亞倫來負責
[00:11:15.400 --> 00:11:17.400]  因為聖經說得很清楚
[00:11:17.400 --> 00:11:19.400]  作為大祭司
[00:11:19.400 --> 00:11:21.400]  亞倫不能夠
[00:11:21.400 --> 00:11:23.400]  接觸任何的死屍
[00:11:23.400 --> 00:11:29.400]  他不是接觸死屍之後不潔
[00:11:29.400 --> 00:11:31.400]  他是不准接觸任何死屍
[00:11:31.400 --> 00:11:33.400]  因此亞倫作為大祭司
[00:11:33.400 --> 00:11:35.400]  神說
[00:11:35.400 --> 00:11:37.400]  人拿這隻牛來他面前
[00:11:37.400 --> 00:11:39.400]  之後他要將這隻牛
[00:11:39.400 --> 00:11:41.400]  交給另外的祭司處理
[00:11:41.400 --> 00:11:43.400]  不過這幾個人
[00:11:43.400 --> 00:11:45.400]  他們是不潔很短的時間
[00:11:45.400 --> 00:11:47.400]  不潔的日期只有一天
[00:11:47.400 --> 00:11:49.400]  潔淨的方法也很簡單
[00:11:49.400 --> 00:11:51.400]  就是洗衣服 洗澡
[00:11:51.400 --> 00:11:53.400]  然後晚上就潔淨
[00:11:53.400 --> 00:11:55.400]  沒有說何時洗衣服洗澡
[00:11:55.400 --> 00:11:57.400]  可能是處理完之後洗衣服洗澡
[00:11:57.400 --> 00:11:59.400]  不過等到晚上才潔淨
[00:11:59.400 --> 00:12:01.400]  第二班
[00:12:01.400 --> 00:12:03.400]  不潔的人就是摸了死屍的人
[00:12:03.400 --> 00:12:05.400]  我們一起讀這幾節
[00:12:05.400 --> 00:12:07.400]  摸了人死屍的
[00:12:07.400 --> 00:12:09.400]  就必七天不潔淨
[00:12:09.400 --> 00:12:11.400]  哪人到第三天
[00:12:11.400 --> 00:12:13.400]  要用者除污穢的水
[00:12:13.400 --> 00:12:15.400]  潔淨自己
[00:12:15.400 --> 00:12:17.400]  第七天就潔淨了
[00:12:17.400 --> 00:12:19.400]  他若在第三天
[00:12:19.400 --> 00:12:21.400]  不潔淨自己
[00:12:21.400 --> 00:12:23.400]  第七天就不潔淨了
[00:12:23.400 --> 00:12:25.400]  分開讀容易明白
[00:12:25.400 --> 00:12:27.400]  這裡可能是說
[00:12:27.400 --> 00:12:29.400]  那些要處理死屍的
[00:12:29.400 --> 00:12:31.400]  工作人員
[00:12:31.400 --> 00:12:33.400]  我這樣猜的 聖經沒有說
[00:12:33.400 --> 00:12:35.400]  就是我們現在可能做殯儀
[00:12:35.400 --> 00:12:37.400]  常常都會
[00:12:37.400 --> 00:12:39.400]  接觸到的
[00:12:39.400 --> 00:12:41.400]  可能是家屬 親屬
[00:12:41.400 --> 00:12:43.400]  無論是什麼人 聖經說只要他們
[00:12:43.400 --> 00:12:45.400]  曾經觸摸過死屍
[00:12:45.400 --> 00:12:47.400]  他們就
[00:12:47.400 --> 00:12:49.400]  不潔
[00:12:49.400 --> 00:12:51.400]  這樣的人在碰過死屍之後
[00:12:51.400 --> 00:12:53.400]  第三天
[00:12:53.400 --> 00:12:55.400]  留意他們七天不潔淨
[00:12:55.400 --> 00:12:57.400]  不過去到第三天 不是第一天
[00:12:57.400 --> 00:12:59.400]  不是第二天 去到第三天
[00:12:59.400 --> 00:13:01.400]  是他們自己進行
[00:13:01.400 --> 00:13:03.400]  灑除污水的禮儀
[00:13:03.400 --> 00:13:05.400]  可能就是他去到祭司面前
[00:13:05.400 --> 00:13:07.400]  祭司就將灰放在活水裡面
[00:13:07.400 --> 00:13:09.400]  然後他們自己沾點水
[00:13:09.400 --> 00:13:11.400]  灑在自己身上
[00:13:11.400 --> 00:13:13.400]  然後
[00:13:13.400 --> 00:13:15.400]  經過這個禮儀之後
[00:13:15.400 --> 00:13:17.400]  等到第七天 他才潔淨
[00:13:17.400 --> 00:13:19.400]  行不行 不潔淨之後
[00:13:19.400 --> 00:13:21.400]  等三天 去到第三天
[00:13:21.400 --> 00:13:23.400]  自己去做這個禮儀
[00:13:23.400 --> 00:13:25.400]  灑水在自己身上
[00:13:25.400 --> 00:13:27.400]  但這些水要加上紅母鵝的灰
[00:13:27.400 --> 00:13:29.400]  才有那個果效
[00:13:29.400 --> 00:13:31.400]  然後他就潔淨了
[00:13:31.400 --> 00:13:33.400]  第三種人
[00:13:33.400 --> 00:13:35.400]  如果有人在帳篷裡面
[00:13:35.400 --> 00:13:37.400]  死了
[00:13:37.400 --> 00:13:39.400]  當中的人和在帳篷裡面的物品
[00:13:39.400 --> 00:13:41.400]  都不潔淨
[00:13:41.400 --> 00:13:43.400]  我們一起讀這段聖經
[00:13:43.400 --> 00:13:45.400]  人死在帳篷裡的條例乃是這樣
[00:13:45.400 --> 00:13:47.400]  凡進那帳篷的
[00:13:47.400 --> 00:13:49.400]  和一切在帳篷裡的
[00:13:49.400 --> 00:13:51.400]  都必七天不潔淨
[00:13:51.400 --> 00:13:53.400]  凡躺後的器皿
[00:13:53.400 --> 00:13:55.400]  就是沒有紮上蓋的
[00:13:55.400 --> 00:13:57.400]  也是不潔淨
[00:13:57.400 --> 00:13:59.400]  要為這不潔淨的人拿些
[00:13:59.400 --> 00:14:01.400]  銷成的除罪灰
[00:14:01.400 --> 00:14:03.400]  放在器皿裡 倒上活水
[00:14:03.400 --> 00:14:05.400]  必當有一個
[00:14:05.400 --> 00:14:07.400]  潔淨的人拿
[00:14:07.400 --> 00:14:09.400]  牛室草招載者水中
[00:14:09.400 --> 00:14:11.400]  意思是
[00:14:11.400 --> 00:14:13.400]  在曠野生活在帳篷裡面
[00:14:13.400 --> 00:14:15.400]  即是他們未入迦蘭地的時候
[00:14:15.400 --> 00:14:17.400]  不是住在屋裡面 他們住在帳篷裡面
[00:14:17.400 --> 00:14:19.400]  所以帳篷是他們日常起居作息的地方
[00:14:19.400 --> 00:14:21.400]  但一旦有人在帳篷裡面
[00:14:21.400 --> 00:14:23.400]  死了 可能是病患
[00:14:23.400 --> 00:14:25.400]  可能是年老 可能是傷患
[00:14:25.400 --> 00:14:27.400]  我們不知道 總之
[00:14:27.400 --> 00:14:29.400]  如果人死在帳篷裡面
[00:14:29.400 --> 00:14:31.400]  在帳篷裡面所有的人
[00:14:31.400 --> 00:14:33.400]  和之後進入
[00:14:33.400 --> 00:14:35.400]  這個帳篷的人
[00:14:35.400 --> 00:14:37.400]  可能
[00:14:37.400 --> 00:14:39.400]  人死了 有喪禮
[00:14:39.400 --> 00:14:41.400]  親屬會來 朋友會來
[00:14:41.400 --> 00:14:43.400]  去問喪 會進入這個帳篷
[00:14:43.400 --> 00:14:45.400]  所有這些人
[00:14:45.400 --> 00:14:47.400]  包括負責後來來
[00:14:47.400 --> 00:14:49.400]  處理屍體的人
[00:14:49.400 --> 00:14:51.400]  當他們進入這個帳篷
[00:14:51.400 --> 00:14:53.400]  就變成七天不潔淨
[00:14:53.400 --> 00:14:59.400]  當他們七天不潔淨的時候 聖經就說
[00:14:59.400 --> 00:15:01.400]  不單止這些人
[00:15:01.400 --> 00:15:03.400]  在帳篷裡面的氣味很大 很有趣
[00:15:03.400 --> 00:15:07.400]  如果你的煲有煲蓋蓋住
[00:15:07.400 --> 00:15:09.400]  是潔淨的
[00:15:09.400 --> 00:15:11.400]  你的煲蓋昨晚煮了飯
[00:15:11.400 --> 00:15:13.400]  洗完不記得蓋 它是不潔淨的
[00:15:13.400 --> 00:15:17.400]  到時你就看了
[00:15:17.400 --> 00:15:19.400]  這個沒有蓋 這個不潔淨
[00:15:19.400 --> 00:15:21.400]  這個蓋了 這個潔淨
[00:15:21.400 --> 00:15:23.400]  在這樣的情況下
[00:15:23.400 --> 00:15:25.400]  聖經就說
[00:15:25.400 --> 00:15:27.400]  人不再是自己私行潔淨之禮
[00:15:29.400 --> 00:15:31.400]  你要找一個潔淨的人
[00:15:31.400 --> 00:15:33.400]  沒有進入過這個帳篷的人
[00:15:33.400 --> 00:15:35.400]  去幫你做這個禮儀
[00:15:35.400 --> 00:15:39.400]  這個潔淨的人要拿牛膝草
[00:15:39.400 --> 00:15:41.400]  同樣都是沾在那些
[00:15:41.400 --> 00:15:43.400]  加了沒有牛灰的水
[00:15:43.400 --> 00:15:45.400]  然後將那些水
[00:15:45.400 --> 00:15:47.400]  第一 先灑在帳篷上
[00:15:47.400 --> 00:15:51.400]  然後你的帳篷就潔淨了
[00:15:51.400 --> 00:15:53.400]  灑了水在帳篷
[00:15:53.400 --> 00:15:55.400]  進去的人
[00:15:55.400 --> 00:15:57.400]  就不再髒了 就是潔淨的人
[00:15:59.400 --> 00:16:01.400]  然後如果那些沒有蓋的器皿
[00:16:01.400 --> 00:16:03.400]  同樣要灑水上去
[00:16:03.400 --> 00:16:05.400]  然後他們才會潔淨
[00:16:05.400 --> 00:16:07.400]  至於不潔的人
[00:16:07.400 --> 00:16:13.400]  我漏了一張
[00:16:13.400 --> 00:16:15.400]  在這裏
[00:16:15.400 --> 00:16:17.400]  至於不潔的人就分別在第三天和第七天
[00:16:17.400 --> 00:16:19.400]  由潔淨的人
[00:16:19.400 --> 00:16:21.400]  將除污穢的水灑在他們身上
[00:16:21.400 --> 00:16:23.400]  就不只是做一次
[00:16:23.400 --> 00:16:25.400]  第三天做一次
[00:16:25.400 --> 00:16:27.400]  到第七天要再做一次
[00:16:29.400 --> 00:16:31.400]  當做完這兩件事
[00:16:31.400 --> 00:16:33.400]  到了第七天
[00:16:33.400 --> 00:16:35.400]  這些人要換衣服
[00:16:35.400 --> 00:16:37.400]  洗澡
[00:16:37.400 --> 00:16:39.400]  然後就捍衛潔淨
[00:16:39.400 --> 00:16:41.400]  都是第七天會潔淨的
[00:16:41.400 --> 00:16:43.400]  不過之前所說的
[00:16:43.400 --> 00:16:45.400]  做一次只是第三天
[00:16:45.400 --> 00:16:47.400]  但這次是第三天和第七天都要做
[00:16:47.400 --> 00:16:49.400]  同樣都是要換衣服 要洗澡
[00:16:49.400 --> 00:16:51.400]  另外還有
[00:16:51.400 --> 00:16:53.400]  在田野之間
[00:16:53.400 --> 00:16:55.400]  摸了死屍
[00:16:55.400 --> 00:16:57.400]  摸了死人的骨頭
[00:16:57.400 --> 00:16:59.400]  摸到墳墓
[00:16:59.400 --> 00:17:01.400]  就不潔淨
[00:17:01.400 --> 00:17:03.400]  我們一起讀這幾句
[00:17:03.400 --> 00:17:05.400]  無論何人在田野裏
[00:17:05.400 --> 00:17:07.400]  摸了被刀殺的
[00:17:07.400 --> 00:17:09.400]  或是屍首或是人的骨頭
[00:17:09.400 --> 00:17:11.400]  或是墳墓
[00:17:11.400 --> 00:17:13.400]  就要七天不潔淨
[00:17:13.400 --> 00:17:15.400]  要為這不潔淨的人拿些燒成的灰
[00:17:15.400 --> 00:17:19.400]  對不起
[00:17:19.400 --> 00:17:21.400]  讀到這裏
[00:17:21.400 --> 00:17:23.400]  在田野間摸了被刀殺的人的屍體
[00:17:23.400 --> 00:17:25.400]  或是自然死亡之人的屍骨
[00:17:27.400 --> 00:17:29.400]  或是碰到墳墓
[00:17:29.400 --> 00:17:31.400]  碰到墳墓可能是上墳或是收墳
[00:17:31.400 --> 00:17:33.400]  總之你是觸摸到墳墓的人
[00:17:33.400 --> 00:17:35.400]  都要在禮儀上七天不潔淨
[00:17:35.400 --> 00:17:37.400]  潔淨的方法
[00:17:37.400 --> 00:17:39.400]  和上面所說
[00:17:39.400 --> 00:17:41.400]  在帳篷裏面死了人
[00:17:41.400 --> 00:17:43.400]  那些潔淨禮儀的方式
[00:17:43.400 --> 00:17:45.400]  是一樣的
[00:17:45.400 --> 00:17:47.400]  所以不重複了
[00:17:47.400 --> 00:17:49.400]  和上面一樣
[00:17:49.400 --> 00:17:51.400]  第五
[00:17:51.400 --> 00:17:53.400]  彈除污水的人
[00:17:53.400 --> 00:17:55.400]  和碰觸過污穢水的人
[00:17:55.400 --> 00:17:57.400]  都不潔淨
[00:17:57.400 --> 00:18:01.400]  我這裡打錯了一個字
[00:18:01.400 --> 00:18:03.400]  應該是
[00:18:03.400 --> 00:18:05.400]  碰過除污水的人
[00:18:05.400 --> 00:18:07.400]  打了一個凡字
[00:18:07.400 --> 00:18:11.400]  十九章二十一節下
[00:18:11.400 --> 00:18:13.400]  真的很簡單
[00:18:13.400 --> 00:18:15.400]  那彈除污水的人也要洗衣服
[00:18:15.400 --> 00:18:17.400]  凡碰除污水的人
[00:18:17.400 --> 00:18:19.400]  必不潔淨到晚上
[00:18:19.400 --> 00:18:21.400]  我們提到第三第四種潔淨禮的進行
[00:18:21.400 --> 00:18:23.400]  必須由潔淨的人來施行
[00:18:23.400 --> 00:18:25.400]  但是當這些潔淨的人
[00:18:25.400 --> 00:18:27.400]  施行禮儀完畢之後
[00:18:27.400 --> 00:18:29.400]  那個負責
[00:18:29.400 --> 00:18:31.400]  彈除污穢水的人
[00:18:31.400 --> 00:18:33.400]  都要洗衣服
[00:18:33.400 --> 00:18:35.400]  否則他又不潔淨
[00:18:35.400 --> 00:18:37.400]  真的慘了
[00:18:37.400 --> 00:18:39.400]  我幫人自己又不潔淨
[00:18:39.400 --> 00:18:41.400]  然後又要處理
[00:18:41.400 --> 00:18:43.400]  不過洗衣服而已
[00:18:43.400 --> 00:18:45.400]  另外如果在整個潔淨禮儀當中
[00:18:45.400 --> 00:18:47.400]  不小心
[00:18:47.400 --> 00:18:49.400]  譬如我拿個牛濕紙去沾水
[00:18:49.400 --> 00:18:51.400]  不小心我的手碰到那些除污水
[00:18:51.400 --> 00:18:53.400]  同樣都要做潔淨之禮
[00:18:53.400 --> 00:18:57.400]  如果這兩種人
[00:18:57.400 --> 00:18:59.400]  他們沒有潔淨自己
[00:18:59.400 --> 00:19:01.400]  然後
[00:19:01.400 --> 00:19:03.400]  凡是被他觸摸過的
[00:19:03.400 --> 00:19:05.400]  一切物品都不潔淨
[00:19:05.400 --> 00:19:07.400]  即是說如果我是那個潔淨的人
[00:19:07.400 --> 00:19:09.400]  我幫人做那個除污水的
[00:19:09.400 --> 00:19:11.400]  灑淨之禮
[00:19:11.400 --> 00:19:13.400]  之後我沒有潔淨自己
[00:19:13.400 --> 00:19:15.400]  我碰到那個智輝
[00:19:15.400 --> 00:19:17.400]  不單止我不潔
[00:19:17.400 --> 00:19:19.400]  他也變成不潔
[00:19:19.400 --> 00:19:21.400]  這個港台又變成不潔
[00:19:21.400 --> 00:19:23.400]  後面我們見到
[00:19:23.400 --> 00:19:25.400]  有個牽連性
[00:19:25.400 --> 00:19:27.400]  他說如果之後任何人
[00:19:27.400 --> 00:19:29.400]  碰到智輝或這個港台
[00:19:29.400 --> 00:19:31.400]  那個人都不潔
[00:19:31.400 --> 00:19:33.400]  明白嗎
[00:19:33.400 --> 00:19:35.400]  那就不是一個人的問題
[00:19:35.400 --> 00:19:37.400]  一個牽連性一直牽連下去
[00:19:37.400 --> 00:19:39.400]  所以
[00:19:39.400 --> 00:19:41.400]  凡是摸了他所摸過的物品的人
[00:19:41.400 --> 00:19:43.400]  亦都不潔淨到晚上
[00:19:43.400 --> 00:19:45.400]  所以這些禮儀上不潔的人
[00:19:45.400 --> 00:19:47.400]  都需要進行潔淨之禮
[00:19:49.400 --> 00:19:51.400]  然後聖經就告訴我們
[00:19:51.400 --> 00:19:53.400]  不潔者的牽連性和結局
[00:19:53.400 --> 00:19:55.400]  「各凡摸了死屍
[00:19:55.400 --> 00:19:57.400]  不潔淨自己的
[00:19:57.400 --> 00:19:59.400]  就玷污了耶和華的帳幕
[00:19:59.400 --> 00:20:01.400]  此人必從以色列中剪除
[00:20:01.400 --> 00:20:03.400]  因為那除污渭水的水
[00:20:03.400 --> 00:20:05.400]  沒有灑在他身上
[00:20:05.400 --> 00:20:07.400]  他就為不潔淨
[00:20:07.400 --> 00:20:09.400]  污渭還在他身上
[00:20:09.400 --> 00:20:11.400]  但那污渭而不潔淨自己的
[00:20:11.400 --> 00:20:13.400]  要將他從會中剪除
[00:20:13.400 --> 00:20:15.400]  因為他玷污了耶和華的聖所
[00:20:15.400 --> 00:20:17.400]  除污渭水的水
[00:20:17.400 --> 00:20:19.400]  除污渭的水
[00:20:19.400 --> 00:20:21.400]  沒有灑在他身上
[00:20:21.400 --> 00:20:23.400]  他是不潔淨的
[00:20:23.400 --> 00:20:25.400]  這要給你們作為永遠的定例
[00:20:25.400 --> 00:20:27.400]  不潔淨的人
[00:20:27.400 --> 00:20:29.400]  所摸的任何東西都不潔淨
[00:20:29.400 --> 00:20:31.400]  摸了這東西的人
[00:20:31.400 --> 00:20:33.400]  必不潔淨到晚上」
[00:20:33.400 --> 00:20:39.400]  這個潔淨禮儀我們一直看的時候
[00:20:39.400 --> 00:20:41.400]  我覺得其實是很簡單的
[00:20:41.400 --> 00:20:43.400]  你潔淨就拿些灰放在水裡
[00:20:43.400 --> 00:20:45.400]  然後你自己
[00:20:45.400 --> 00:20:47.400]  灑在你身上
[00:20:47.400 --> 00:20:49.400]  然後換衣服洗澡
[00:20:49.400 --> 00:20:51.400]  所以看來很簡單沒有什麼特別的地方
[00:20:51.400 --> 00:20:53.400]  不知道會不會這樣
[00:20:53.400 --> 00:20:55.400]  有些人就輕看了
[00:20:55.400 --> 00:20:57.400]  神所命定的
[00:20:57.400 --> 00:20:59.400]  這個潔淨禮儀
[00:20:59.400 --> 00:21:01.400]  譬如我在田野不小心摸到死屍
[00:21:01.400 --> 00:21:03.400]  我不出聲
[00:21:03.400 --> 00:21:05.400]  免得麻煩
[00:21:05.400 --> 00:21:07.400]  應該沒事的
[00:21:07.400 --> 00:21:09.400]  因為沒有特別影響
[00:21:09.400 --> 00:21:11.400]  但因此神在頒佈這個潔淨之禮的時候
[00:21:11.400 --> 00:21:13.400]  清楚表明
[00:21:13.400 --> 00:21:15.400]  任何人輕忽這個禮儀
[00:21:15.400 --> 00:21:17.400]  那個結局
[00:21:17.400 --> 00:21:19.400]  是非常可怕的
[00:21:19.400 --> 00:21:21.400]  結局就是
[00:21:21.400 --> 00:21:23.400]  從以色列中剪除
[00:21:23.400 --> 00:21:25.400]  我們會問
[00:21:25.400 --> 00:21:27.400]  摸到死屍
[00:21:27.400 --> 00:21:29.400]  家裡死了人
[00:21:29.400 --> 00:21:31.400]  我之後沒有做那個禮儀
[00:21:31.400 --> 00:21:33.400]  為什麼
[00:21:33.400 --> 00:21:35.400]  要有這麼嚴厲的懲治
[00:21:35.400 --> 00:21:41.400]  第一件事
[00:21:41.400 --> 00:21:43.400]  以色列民是一個群體
[00:21:43.400 --> 00:21:45.400]  以色列人
[00:21:45.400 --> 00:21:47.400]  在神的眼中不是一個個人
[00:21:47.400 --> 00:21:49.400]  而是一個群體
[00:21:49.400 --> 00:21:51.400]  神呼召整個群體
[00:21:51.400 --> 00:21:53.400]  出來
[00:21:53.400 --> 00:21:55.400]  所以他們需要在生活當中
[00:21:55.400 --> 00:21:57.400]  做一件非常重要的事
[00:21:57.400 --> 00:21:59.400]  就是維持整個民族
[00:21:59.400 --> 00:22:01.400]  一起配合
[00:22:01.400 --> 00:22:03.400]  來服侍神
[00:22:03.400 --> 00:22:05.400]  整個民族
[00:22:05.400 --> 00:22:07.400]  是一起
[00:22:07.400 --> 00:22:09.400]  神體是如一地
[00:22:09.400 --> 00:22:11.400]  來服侍
[00:22:11.400 --> 00:22:13.400]  如果這個群體
[00:22:13.400 --> 00:22:15.400]  不能夠過聖潔的生活
[00:22:15.400 --> 00:22:17.400]  當中任何一個人
[00:22:17.400 --> 00:22:19.400]  處於不潔的狀態
[00:22:19.400 --> 00:22:21.400]  而不處理
[00:22:21.400 --> 00:22:23.400]  就整個民族
[00:22:23.400 --> 00:22:25.400]  都配不上
[00:22:25.400 --> 00:22:27.400]  侍奉神的要求
[00:22:27.400 --> 00:22:29.400]  我的不潔
[00:22:29.400 --> 00:22:31.400]  如果用現在的傳統來說
[00:22:31.400 --> 00:22:33.400]  我的不潔
[00:22:33.400 --> 00:22:35.400]  影響了自費傳道的服侍
[00:22:35.400 --> 00:22:37.400]  我的不潔
[00:22:37.400 --> 00:22:39.400]  影響了祂的服侍
[00:22:39.400 --> 00:22:41.400]  神也不越立
[00:22:41.400 --> 00:22:43.400]  這是神體整個
[00:22:43.400 --> 00:22:45.400]  所以你見到為什麼在以色列民當中
[00:22:45.400 --> 00:22:47.400]  當有人犯罪之後
[00:22:47.400 --> 00:22:49.400]  神的懲罰是臨到整個民族
[00:22:49.400 --> 00:22:51.400]  因為有人處於不潔的狀態
[00:22:51.400 --> 00:22:53.400]  不處理
[00:22:53.400 --> 00:22:55.400]  整個群體都配不上侍奉神的要求
[00:22:55.400 --> 00:22:57.400]  當社群當中
[00:22:57.400 --> 00:22:59.400]  混淆著清潔和不潔的時候
[00:22:59.400 --> 00:23:01.400]  就會引致
[00:23:01.400 --> 00:23:03.400]  整個以色列民眾
[00:23:03.400 --> 00:23:05.400]  受到牽連
[00:23:05.400 --> 00:23:07.400]  又得到神的喜悅
[00:23:07.400 --> 00:23:09.400]  可能大家都記得
[00:23:09.400 --> 00:23:11.400]  《約書亞記》裡面說到
[00:23:11.400 --> 00:23:13.400]  約書亞帶領以色列人
[00:23:13.400 --> 00:23:15.400]  打耶利哥城大勝
[00:23:15.400 --> 00:23:17.400]  但是打艾城的時候
[00:23:17.400 --> 00:23:19.400]  失敗是因為阿干一個人
[00:23:19.400 --> 00:23:21.400]  拿了一些神
[00:23:21.400 --> 00:23:23.400]  講明不准拿東西
[00:23:23.400 --> 00:23:25.400]  結果整個民族
[00:23:25.400 --> 00:23:27.400]  就在艾城的戰爭當中失敗
[00:23:27.400 --> 00:23:29.400]  死了很多人
[00:23:29.400 --> 00:23:33.400]  並且神指出
[00:23:33.400 --> 00:23:35.400]  這些不潔
[00:23:35.400 --> 00:23:37.400]  是會傳染的
[00:23:37.400 --> 00:23:39.400]  在文宿的十九章二十二節說
[00:23:39.400 --> 00:23:41.400]  不潔症的人所摸的東西都不潔症
[00:23:41.400 --> 00:23:43.400]  摸了東西的人
[00:23:43.400 --> 00:23:45.400]  必不潔症到晚上
[00:23:45.400 --> 00:23:47.400]  這個人的不潔症不是他個人的事
[00:23:47.400 --> 00:23:49.400]  而是對整個
[00:23:49.400 --> 00:23:51.400]  以色列的民族來說
[00:23:51.400 --> 00:23:53.400]  會帶來更多的不潔
[00:23:53.400 --> 00:23:55.400]  而這些不為人知的不潔
[00:23:55.400 --> 00:23:57.400]  就成為了他們在生活上
[00:23:57.400 --> 00:23:59.400]  得不到神的賜福
[00:23:59.400 --> 00:24:01.400]  在敬拜上得不到神
[00:24:01.400 --> 00:24:03.400]  這個地方
[00:24:03.400 --> 00:24:05.400]  即是說縱然
[00:24:05.400 --> 00:24:07.400]  其他人在做很多的事
[00:24:07.400 --> 00:24:09.400]  但神都不閱立
[00:24:09.400 --> 00:24:11.400]  因為他們當中有不潔的存在
[00:24:11.400 --> 00:24:15.400]  所以神對那些
[00:24:15.400 --> 00:24:17.400]  興旱潔淨之類的人
[00:24:17.400 --> 00:24:19.400]  作出這麼嚴厲的懲治
[00:24:19.400 --> 00:24:21.400]  是出於他對以色列人的愛
[00:24:21.400 --> 00:24:23.400]  就是要保障這個群體
[00:24:23.400 --> 00:24:25.400]  常常處於潔淨的狀態
[00:24:25.400 --> 00:24:27.400]  從而配得上
[00:24:27.400 --> 00:24:29.400]  一同侍奉神的要求
[00:24:29.400 --> 00:24:31.400]  從而讓他們在生活上
[00:24:31.400 --> 00:24:33.400]  能夠無福
[00:24:33.400 --> 00:24:35.400]  在敬拜上
[00:24:35.400 --> 00:24:37.400]  得到神的喜悅
[00:24:37.400 --> 00:24:41.400]  當我們讀完這段經文
[00:24:41.400 --> 00:24:43.400]  心裏面
[00:24:43.400 --> 00:24:45.400]  不知道會不會有個疑問
[00:24:45.400 --> 00:24:47.400]  就是既然神
[00:24:47.400 --> 00:24:49.400]  重視整個社群
[00:24:49.400 --> 00:24:51.400]  維持全體
[00:24:51.400 --> 00:24:53.400]  配合侍奉神的理想
[00:24:53.400 --> 00:24:55.400]  為什麼潔淨之禮
[00:24:55.400 --> 00:24:57.400]  不可以簡單一點
[00:24:57.400 --> 00:24:59.400]  我摸了死屍
[00:24:59.400 --> 00:25:01.400]  就自己來
[00:25:01.400 --> 00:25:03.400]  在瘴癌中
[00:25:03.400 --> 00:25:05.400]  死了的又要找人
[00:25:05.400 --> 00:25:07.400]  這個就三天
[00:25:07.400 --> 00:25:09.400]  那個就第三天
[00:25:09.400 --> 00:25:11.400]  洗衣服又去洗澡
[00:25:11.400 --> 00:25:13.400]  為什麼不是說
[00:25:13.400 --> 00:25:15.400]  凡是碰到死屍
[00:25:15.400 --> 00:25:17.400]  跟死屍有關的
[00:25:17.400 --> 00:25:19.400]  就去接受這個灑水禮
[00:25:19.400 --> 00:25:21.400]  然後就潔淨
[00:25:21.400 --> 00:25:23.400]  為什麼有些那晚就行
[00:25:23.400 --> 00:25:25.400]  有些要等七天
[00:25:25.400 --> 00:25:27.400]  跟第七天做完
[00:25:27.400 --> 00:25:29.400]  都是第七天晚上才行
[00:25:29.400 --> 00:25:31.400]  我們看到
[00:25:31.400 --> 00:25:33.400]  這個潔淨之禮的條文
[00:25:33.400 --> 00:25:35.400]  都複雜
[00:25:35.400 --> 00:25:37.400]  因為在不同處境下
[00:25:37.400 --> 00:25:39.400]  要用不同的方式
[00:25:39.400 --> 00:25:41.400]  有些洗衣服洗澡就行
[00:25:41.400 --> 00:25:43.400]  有些第三天用污穢的水自潔
[00:25:43.400 --> 00:25:45.400]  第三天要用潔淨的人
[00:25:45.400 --> 00:25:47.400]  第三天跟第七天
[00:25:47.400 --> 00:25:49.400]  灑污穢的水
[00:25:49.400 --> 00:25:51.400]  第七天洗衣服洗澡
[00:25:51.400 --> 00:25:53.400]  而不在任何情況下
[00:25:53.400 --> 00:25:55.400]  無論用什麼方法
[00:25:55.400 --> 00:25:57.400]  只要用污穢的水碰到我
[00:25:57.400 --> 00:25:59.400]  我就可以潔淨
[00:25:59.400 --> 00:26:01.400]  如果這樣不是好嗎?
[00:26:01.400 --> 00:26:03.400]  既散事也散功夫
[00:26:03.400 --> 00:26:05.400]  為什麼不是一天就行
[00:26:05.400 --> 00:26:07.400]  有些一天,有些要等七天
[00:26:07.400 --> 00:26:09.400]  既散事也散功夫
[00:26:09.400 --> 00:26:11.400]  不是更符合神的期望
[00:26:11.400 --> 00:26:13.400]  而是整個群體一起侍奉
[00:26:13.400 --> 00:26:15.400]  很快就處理了
[00:26:15.400 --> 00:26:17.400]  沒有任何的影響
[00:26:17.400 --> 00:26:19.400]  沒有時限的限制
[00:26:19.400 --> 00:26:21.400]  不過我們不要忘記
[00:26:21.400 --> 00:26:23.400]  潔淨之禮的目的
[00:26:23.400 --> 00:26:25.400]  一方面是讓人
[00:26:25.400 --> 00:26:27.400]  因為生活上都有可能
[00:26:27.400 --> 00:26:29.400]  遇上的不潔
[00:26:29.400 --> 00:26:31.400]  而跟神有了隔絕的情況下
[00:26:31.400 --> 00:26:33.400]  抵禦潔淨
[00:26:33.400 --> 00:26:35.400]  剛才說的那幾件事
[00:26:35.400 --> 00:26:37.400]  也是在生活中會遇到的
[00:26:37.400 --> 00:26:39.400]  家人會離世
[00:26:39.400 --> 00:26:41.400]  去探病
[00:26:41.400 --> 00:26:43.400]  可能去上墳
[00:26:43.400 --> 00:26:45.400]  我們做親人
[00:26:45.400 --> 00:26:47.400]  很多這些都是我們生活上
[00:26:47.400 --> 00:26:49.400]  會遇到的情況
[00:26:49.400 --> 00:26:51.400]  我們定立潔淨之禮
[00:26:51.400 --> 00:26:53.400]  就是希望
[00:26:53.400 --> 00:26:55.400]  因為人在生活上會帶來的不潔
[00:26:55.400 --> 00:26:57.400]  跟他有了隔閡
[00:26:57.400 --> 00:26:59.400]  於是他就要想一想
[00:26:59.400 --> 00:27:01.400]  希望透過潔淨之禮
[00:27:01.400 --> 00:27:03.400]  可以恢復
[00:27:03.400 --> 00:27:05.400]  人和神之間的敬拜
[00:27:05.400 --> 00:27:07.400]  和服侍
[00:27:07.400 --> 00:27:09.400]  而另一方面
[00:27:09.400 --> 00:27:11.400]  在做禮儀的過程
[00:27:11.400 --> 00:27:13.400]  更加要人想起
[00:27:13.400 --> 00:27:15.400]  禮儀背後的原因
[00:27:19.400 --> 00:27:21.400]  就是聖潔的神
[00:27:21.400 --> 00:27:23.400]  不希望人因為不潔
[00:27:23.400 --> 00:27:25.400]  而不能親近他
[00:27:25.400 --> 00:27:29.400]  神給他一個方法
[00:27:29.400 --> 00:27:31.400]  不潔之後
[00:27:31.400 --> 00:27:33.400]  用一個簡單的方法
[00:27:33.400 --> 00:27:35.400]  就可以重新潔淨
[00:27:35.400 --> 00:27:37.400]  這個我相信
[00:27:37.400 --> 00:27:39.400]  可以讓我們明白
[00:27:39.400 --> 00:27:41.400]  就是各種節慶禮儀
[00:27:41.400 --> 00:27:43.400]  都有背後的原因
[00:27:43.400 --> 00:27:47.400]  現在中秋節
[00:27:47.400 --> 00:27:49.400]  我們習俗上月吃月餅
[00:27:49.400 --> 00:27:51.400]  不是西柚
[00:27:51.400 --> 00:27:53.400]  是吃柚子
[00:27:53.400 --> 00:27:59.400]  但是中秋節
[00:27:59.400 --> 00:28:01.400]  如果我們追回
[00:28:01.400 --> 00:28:03.400]  背後的原因
[00:28:03.400 --> 00:28:05.400]  起源於周代
[00:28:05.400 --> 00:28:07.400]  祈求五穀豐收和合家平安
[00:28:07.400 --> 00:28:09.400]  這是那個目的
[00:28:09.400 --> 00:28:11.400]  今天我們沒有了
[00:28:11.400 --> 00:28:13.400]  我們只知道中秋節就吃月餅
[00:28:13.400 --> 00:28:15.400]  上月
[00:28:15.400 --> 00:28:17.400]  這是神話故事
[00:28:17.400 --> 00:28:19.400]  然後端午節我們會吃粽
[00:28:19.400 --> 00:28:21.400]  我們會爬龍舟
[00:28:21.400 --> 00:28:23.400]  這個多些人知道
[00:28:23.400 --> 00:28:25.400]  就是為了紀念屈原
[00:28:25.400 --> 00:28:27.400]  這位忠心愛國的大神
[00:28:27.400 --> 00:28:29.400]  就連教會
[00:28:29.400 --> 00:28:31.400]  現在講堂每年都做的
[00:28:31.400 --> 00:28:33.400]  Hallelujah Party
[00:28:33.400 --> 00:28:35.400]  都有背後的原因
[00:28:35.400 --> 00:28:37.400]  不是純粹搞活動給小朋友玩
[00:28:37.400 --> 00:28:39.400]  而是希望為這些兒童
[00:28:39.400 --> 00:28:41.400]  建立一個抗衡萬聖節的節慶
[00:28:43.400 --> 00:28:45.400]  我們不想我們小朋友
[00:28:45.400 --> 00:28:47.400]  去參與那些
[00:28:47.400 --> 00:28:49.400]  於是我們教會有一個節慶
[00:28:49.400 --> 00:28:51.400]  提供
[00:28:51.400 --> 00:28:53.400]  不是純粹玩的
[00:28:53.400 --> 00:28:55.400]  背後有原因
[00:28:55.400 --> 00:28:57.400]  不過對於小朋友來說
[00:28:57.400 --> 00:28:59.400]  原因不大
[00:28:59.400 --> 00:29:01.400]  但對成立這個節慶的人
[00:29:01.400 --> 00:29:03.400]  是有他的原因
[00:29:03.400 --> 00:29:09.400]  既然潔淨禮儀
[00:29:09.400 --> 00:29:11.400]  背後的原因是聖潔的神
[00:29:11.400 --> 00:29:13.400]  是希望人因不潔而不能親近神
[00:29:13.400 --> 00:29:17.400]  禮儀的重點就不在於潔淨
[00:29:17.400 --> 00:29:21.400]  禮儀的重點
[00:29:21.400 --> 00:29:23.400]  是在於重建人與神的關係
[00:29:23.400 --> 00:29:25.400]  和重建
[00:29:25.400 --> 00:29:27.400]  整個民族
[00:29:27.400 --> 00:29:29.400]  可以再一次一起
[00:29:29.400 --> 00:29:31.400]  侍奉神的理想
[00:29:31.400 --> 00:29:35.400]  即是說當不潔的人
[00:29:35.400 --> 00:29:37.400]  他接受這個禮儀
[00:29:37.400 --> 00:29:39.400]  不是純粹令他自己潔淨
[00:29:39.400 --> 00:29:41.400]  是一個禮儀的目的
[00:29:41.400 --> 00:29:43.400]  整個禮儀的目的
[00:29:43.400 --> 00:29:45.400]  就是讓這個群體
[00:29:45.400 --> 00:29:47.400]  能夠重新侍奉神
[00:29:47.400 --> 00:29:51.400]  也讓這個人
[00:29:51.400 --> 00:29:53.400]  因為不再不潔
[00:29:53.400 --> 00:29:55.400]  能夠重新建立與神的關係
[00:29:55.400 --> 00:29:59.400]  不同的禮儀方式
[00:29:59.400 --> 00:30:01.400]  往往幫助我們
[00:30:01.400 --> 00:30:03.400]  在不同的處境當中
[00:30:03.400 --> 00:30:05.400]  有不同的反思和生命上的更新
[00:30:09.400 --> 00:30:11.400]  這張經文
[00:30:11.400 --> 00:30:13.400]  好像與我們今天的生活
[00:30:13.400 --> 00:30:15.400]  起初看的時候沒有什麼直接意義
[00:30:15.400 --> 00:30:17.400]  今天我們不用這件事
[00:30:17.400 --> 00:30:19.400]  今天你來到不會找牧師
[00:30:19.400 --> 00:30:21.400]  牧師我做了這件事
[00:30:21.400 --> 00:30:23.400]  或者我發生了這件事
[00:30:23.400 --> 00:30:25.400]  你可不可以幫我做個禮儀
[00:30:25.400 --> 00:30:27.400]  今天我們沒有這件事
[00:30:27.400 --> 00:30:29.400]  不過我相信按照當中的教導
[00:30:29.400 --> 00:30:31.400]  都可以讓我們有兩個的反思
[00:30:31.400 --> 00:30:33.400]  第一個就是
[00:30:33.400 --> 00:30:35.400]  我重不重視我每一天
[00:30:35.400 --> 00:30:37.400]  都過的聖潔或潔淨的生活
[00:30:39.400 --> 00:30:41.400]  有些人在教育時代
[00:30:41.400 --> 00:30:43.400]  一碰到死屍就不潔
[00:30:43.400 --> 00:30:45.400]  他很快就需要去面對
[00:30:45.400 --> 00:30:47.400]  記不記得
[00:30:47.400 --> 00:30:49.400]  他說如果你第三天不做
[00:30:49.400 --> 00:30:51.400]  你第七天就不潔淨
[00:30:51.400 --> 00:30:53.400]  而當你不潔淨的時候
[00:30:53.400 --> 00:30:55.400]  神就說要從他的群體當中
[00:30:55.400 --> 00:30:57.400]  將這個人除掉
[00:30:57.400 --> 00:30:59.400]  即是殺了他
[00:30:59.400 --> 00:31:01.400]  因為這個人
[00:31:01.400 --> 00:31:03.400]  不能繼續存在
[00:31:03.400 --> 00:31:05.400]  因為他繼續存在
[00:31:05.400 --> 00:31:07.400]  就會影響整個屬靈的群體
[00:31:07.400 --> 00:31:09.400]  那種聖潔性
[00:31:09.400 --> 00:31:15.400]  將來可以問今天
[00:31:15.400 --> 00:31:17.400]  我面對著各種各樣世俗的誘惑
[00:31:17.400 --> 00:31:19.400]  撒旦的試探
[00:31:19.400 --> 00:31:21.400]  從不同文化處境帶來的挑戰
[00:31:21.400 --> 00:31:25.400]  我們用什麼標準
[00:31:25.400 --> 00:31:27.400]  來衡量
[00:31:27.400 --> 00:31:29.400]  要抗衡
[00:31:29.400 --> 00:31:31.400]  還是可以妥協
[00:31:31.400 --> 00:31:33.400]  不是所有的東西都不需要妥協
[00:31:33.400 --> 00:31:35.400]  都不可以妥協
[00:31:35.400 --> 00:31:37.400]  但是我們用什麼來衡量
[00:31:37.400 --> 00:31:39.400]  有些東西可以妥協
[00:31:39.400 --> 00:31:41.400]  有些不可以
[00:31:41.400 --> 00:31:43.400]  正如在節慶裡面
[00:31:43.400 --> 00:31:45.400]  我們用什麼來衡量
[00:31:45.400 --> 00:31:47.400]  有些東西我們可以做
[00:31:47.400 --> 00:31:49.400]  有些東西我們不可以做
[00:31:49.400 --> 00:31:51.400]  另一方面就是
[00:31:51.400 --> 00:31:53.400]  當我們做了神不喜悅的事的時候
[00:31:53.400 --> 00:31:55.400]  我們重不重視
[00:31:55.400 --> 00:31:57.400]  向神認罪
[00:31:57.400 --> 00:31:59.400]  祈求祂的寬恕
[00:31:59.400 --> 00:32:01.400]  從而重建我們和神的關係
[00:32:01.400 --> 00:32:03.400]  還是我們覺得
[00:32:03.400 --> 00:32:05.400]  小事而已
[00:32:05.400 --> 00:32:07.400]  神是不會介意的
[00:32:07.400 --> 00:32:09.400]  我想那個
[00:32:09.400 --> 00:32:11.400]  鄭麟基文說的話
[00:32:11.400 --> 00:32:13.400]  其實很小事
[00:32:13.400 --> 00:32:15.400]  生活上我們真的遇到
[00:32:15.400 --> 00:32:17.400]  我祖母真的在家裡離開
[00:32:17.400 --> 00:32:19.400]  在家裡
[00:32:19.400 --> 00:32:21.400]  回天家
[00:32:21.400 --> 00:32:23.400]  如果按這裡的說法
[00:32:23.400 --> 00:32:25.400]  如果有一些禮儀
[00:32:25.400 --> 00:32:27.400]  就在家裡
[00:32:27.400 --> 00:32:29.400]  如果本來應該有這個禮儀
[00:32:29.400 --> 00:32:31.400]  我覺得我和她這麼親
[00:32:31.400 --> 00:32:33.400]  這樣就好了
[00:32:33.400 --> 00:32:35.400]  鄭麟基文說不是
[00:32:35.400 --> 00:32:37.400]  是要做那個禮儀
[00:32:37.400 --> 00:32:41.400]  另一個
[00:32:41.400 --> 00:32:43.400]  就是今天
[00:32:43.400 --> 00:32:45.400]  我重不重視教會群體之間的
[00:32:45.400 --> 00:32:47.400]  合一侍奉
[00:32:47.400 --> 00:32:49.400]  我們覺得重不重要
[00:32:49.400 --> 00:32:53.400]  今天我們生活在一個
[00:32:53.400 --> 00:32:55.400]  很講求個人權利的社會
[00:32:55.400 --> 00:32:57.400]  我相信每個人都很重視
[00:32:57.400 --> 00:32:59.400]  個人的權益
[00:32:59.400 --> 00:33:01.400]  所以我們對於教會
[00:33:01.400 --> 00:33:03.400]  有很多我的期望和要求
[00:33:03.400 --> 00:33:05.400]  這個不一定錯的
[00:33:05.400 --> 00:33:07.400]  我相信每一個人來到教會都期望被牧養
[00:33:07.400 --> 00:33:09.400]  被關心
[00:33:09.400 --> 00:33:11.400]  有人可以和你一起團契
[00:33:11.400 --> 00:33:13.400]  可以一起享受在整個教會裡面
[00:33:13.400 --> 00:33:15.400]  的那種團契
[00:33:15.400 --> 00:33:17.400]  那種彼此相交合一愛的生活
[00:33:17.400 --> 00:33:21.400]  但是
[00:33:21.400 --> 00:33:23.400]  當我們有這麼多的期望和要求的時候
[00:33:23.400 --> 00:33:25.400]  我有沒有想過
[00:33:25.400 --> 00:33:27.400]  我是應該有些付出
[00:33:29.400 --> 00:33:31.400]  除了希望收到一些東西
[00:33:31.400 --> 00:33:33.400]  我會不會想
[00:33:33.400 --> 00:33:35.400]  我可以付出一些什麼
[00:33:35.400 --> 00:33:37.400]  以致讓這個教會的群體裡面
[00:33:37.400 --> 00:33:39.400]  充滿愛
[00:33:39.400 --> 00:33:41.400]  充滿團契之間彼此那種合一的生活
[00:33:41.400 --> 00:33:43.400]  彼此的關心
[00:33:43.400 --> 00:33:45.400]  我期望別人關心我
[00:33:45.400 --> 00:33:47.400]  我會不會關心別人
[00:33:47.400 --> 00:33:49.400]  我期望別人為我祈禱
[00:33:49.400 --> 00:33:51.400]  我會不會為他人禱告
[00:33:51.400 --> 00:33:55.400]  既然神這麼愛我們
[00:33:55.400 --> 00:33:57.400]  將我們放在一個屬靈的群體當中
[00:33:57.400 --> 00:33:59.400]  我們在教會裡面的生活
[00:33:59.400 --> 00:34:01.400]  是不是重視
[00:34:01.400 --> 00:34:03.400]  建立整個群體的意識
[00:34:03.400 --> 00:34:05.400]  讓我們可以成為一個
[00:34:05.400 --> 00:34:07.400]  會出合一是奉神的教會
[00:34:07.400 --> 00:34:09.400]  我們有不同的牧區
[00:34:09.400 --> 00:34:11.400]  不同的部門
[00:34:11.400 --> 00:34:13.400]  不同的士工
[00:34:13.400 --> 00:34:17.400]  我們怎樣能夠將
[00:34:17.400 --> 00:34:19.400]  不同的牧區
[00:34:19.400 --> 00:34:21.400]  不同的部門的工作
[00:34:21.400 --> 00:34:23.400]  向著同一個目標
[00:34:23.400 --> 00:34:25.400]  曾經有人說
[00:34:25.400 --> 00:34:27.400]  教會好像有很多頭馬車
[00:34:27.400 --> 00:34:29.400]  各個部門
[00:34:29.400 --> 00:34:31.400]  各個牧區有自己想做的事
[00:34:31.400 --> 00:34:33.400]  於是我們可能就
[00:34:33.400 --> 00:34:35.400]  向著很多不同的方向去
[00:34:35.400 --> 00:34:39.400]  今天我們怎樣去
[00:34:39.400 --> 00:34:41.400]  看這件事情
[00:34:41.400 --> 00:34:43.400]  但願這段經文
[00:34:43.400 --> 00:34:45.400]  很簡單
[00:34:45.400 --> 00:34:47.400]  但值得我們深思
[00:34:47.400 --> 00:34:49.400]  就是我們在微小的事件上
[00:34:49.400 --> 00:34:51.400]  怎樣跟足神的要求
[00:34:51.400 --> 00:34:53.400]  我們一起禱告
[00:34:53.400 --> 00:34:55.400]  請讓上帝我們來到祢的面前
[00:34:55.400 --> 00:34:57.400]  主日時
[00:34:57.400 --> 00:34:59.400]  我們看這段經文裡面所說
[00:34:59.400 --> 00:35:01.400]  其實是很小的事
[00:35:01.400 --> 00:35:03.400]  我們日常生活裡面都遇到
[00:35:03.400 --> 00:35:05.400]  都面對
[00:35:05.400 --> 00:35:07.400]  但當日你要以色列人
[00:35:07.400 --> 00:35:09.400]  這樣來到去
[00:35:09.400 --> 00:35:11.400]  在細微處都要
[00:35:11.400 --> 00:35:13.400]  做潔淨之禮
[00:35:13.400 --> 00:35:15.400]  是因為你是聖潔的神
[00:35:15.400 --> 00:35:17.400]  你不想
[00:35:17.400 --> 00:35:19.400]  任何一個人
[00:35:19.400 --> 00:35:21.400]  去影響整個群體
[00:35:21.400 --> 00:35:23.400]  的聖潔性
[00:35:23.400 --> 00:35:25.400]  所以天父我們都來到祢的面前
[00:35:25.400 --> 00:35:27.400]  為我們來禱告
[00:35:27.400 --> 00:35:29.400]  為我們自己祈禱
[00:35:29.400 --> 00:35:31.400]  因為今天我們活在一個
[00:35:31.400 --> 00:35:33.400]  跟當時很不同的社會
[00:35:33.400 --> 00:35:35.400]  我們不強調群體
[00:35:35.400 --> 00:35:37.400]  我們強調個人
[00:35:37.400 --> 00:35:39.400]  大主我們知道你仍然呼召我們
[00:35:39.400 --> 00:35:41.400]  進入一個屬靈群體
[00:35:41.400 --> 00:35:43.400]  就是進入教會裡面
[00:35:43.400 --> 00:35:45.400]  大主我們知道你說的不是這四面牆
[00:35:45.400 --> 00:35:47.400]  而是你將我們帶入一個屬靈
[00:35:47.400 --> 00:35:49.400]  的唯一的教會當中
[00:35:49.400 --> 00:35:51.400]  但是主按著這件經文
[00:35:51.400 --> 00:35:53.400]  你真的提醒我們
[00:35:53.400 --> 00:35:55.400]  原來當我們
[00:35:55.400 --> 00:35:57.400]  不聖潔
[00:35:57.400 --> 00:35:59.400]  當我們不合理心意的時候
[00:35:59.400 --> 00:36:01.400]  原來是真的會影響整個群體
[00:36:01.400 --> 00:36:03.400]  在你面前得你的喜悅
[00:36:03.400 --> 00:36:05.400]  也都影響
[00:36:05.400 --> 00:36:07.400]  我們在你面前敬拜的時候
[00:36:07.400 --> 00:36:09.400]  你願不願
[00:36:09.400 --> 00:36:11.400]  所以主幫助我們
[00:36:11.400 --> 00:36:13.400]  讓我們不單止看自己
[00:36:13.400 --> 00:36:15.400]  以至我們生活上是否謹慎
[00:36:15.400 --> 00:36:17.400]  而是當我們知道原來
[00:36:17.400 --> 00:36:19.400]  你所作的是對整個群體
[00:36:19.400 --> 00:36:21.400]  有影響的時候
[00:36:21.400 --> 00:36:23.400]  幫助我們謹慎
[00:36:23.400 --> 00:36:25.400]  讓全群在你面前都滿你的月
[00:36:25.400 --> 00:36:27.400]  多謝主
[00:36:27.400 --> 00:36:29.400]  我們禱告奉基督耶穌的名而求
