
[00:00:00.000 --> 00:00:03.960]  我又想問一下 最怕失去的東西
[00:00:03.960 --> 00:00:08.640]  如果想起最怕失去的東西 是會是什麼呢?
[00:00:08.640 --> 00:00:19.080]  會不會怕失去健康 怕失去工作 怕失去財富?
[00:00:19.080 --> 00:00:21.840]  可能我們每個人都有點不同
[00:00:21.840 --> 00:00:26.040]  但是 如果一個人還活著的時候
[00:00:26.040 --> 00:00:30.120]  失去了自己 失去了自己的話
[00:00:30.120 --> 00:00:33.800]  這個可能就是一個最深的失去
[00:00:33.800 --> 00:00:39.880]  在早幾年 英格蘭 我們最近在廣播
[00:00:39.880 --> 00:00:48.240]  英格蘭有一個足球員 他是一個很年輕已經入了國家隊
[00:00:48.240 --> 00:00:53.640]  很出名 前途一片光明的一個球星
[00:00:53.640 --> 00:00:57.200]  他在2013年的時候做過一個訪問
[00:00:57.200 --> 00:01:02.040]  這個訪問他提到 在他年輕的時候
[00:01:02.040 --> 00:01:07.360]  他曾經經歷過什麼
[00:01:07.360 --> 00:01:14.080]  在他八歲的時候 他已經開始被大人騙去幫忙運動
[00:01:14.080 --> 00:01:22.600]  成長之後 他有很多坎坷的經歷
[00:01:22.600 --> 00:01:26.440]  所以他去到雖然是一個很出名的球星
[00:01:26.440 --> 00:01:31.320]  但是在2013年的訪問 他就分享到
[00:01:31.320 --> 00:01:35.320]  有幾年的時間 他覺得失去了自己
[00:01:35.320 --> 00:01:38.640]  他Lost了 不知道自己是誰
[00:01:38.640 --> 00:01:44.160]  我們發現 原來一個人就算有名聲 名成利就
[00:01:44.160 --> 00:01:50.280]  好像他那樣 當時是一個新星
[00:01:50.280 --> 00:01:56.080]  但原來也有失去自己的時候
[00:01:56.080 --> 00:02:02.760]  今天我們一起去看看 聖經裡面也有一個人失去了自己
[00:02:02.760 --> 00:02:09.000]  當一個人失去了自己的時候 他會變成什麼樣子呢?
[00:02:09.000 --> 00:02:14.040]  容不容易找回他呢? 怎樣找回他呢?
[00:02:14.040 --> 00:02:16.920]  我們一起看看今天的經文
[00:02:16.920 --> 00:02:20.560]  《馬可福音》第五章 一到二十節
[00:02:20.560 --> 00:02:22.600]  我們看和修本
[00:02:22.600 --> 00:02:27.920]  因為經文有點長 所以我不會一次過讀完二十節
[00:02:27.920 --> 00:02:31.160]  但首先講一下總結
[00:02:31.160 --> 00:02:35.160]  在《馬可福音》五章一到二十節
[00:02:35.160 --> 00:02:39.640]  講到一個我們很熟悉的事件 格拉森的事件
[00:02:39.640 --> 00:02:46.400]  耶穌渡過了加利利海的時候 去到格拉森人這個地方
[00:02:46.400 --> 00:02:49.840]  一上岸的時候 他就見到一個人
[00:02:49.840 --> 00:02:52.240]  這個人是什麼人呢?
[00:02:52.240 --> 00:02:57.520]  被污鬼附身的人 我們俗稱「鬼附身」的人
[00:02:57.520 --> 00:03:02.000]  他住在墳墓裡 沒人能夠制服他
[00:03:02.000 --> 00:03:05.760]  他在墳墓裡天天大喊大叫
[00:03:05.760 --> 00:03:10.800]  而且他會用石頭去打自己 打傷自己
[00:03:10.800 --> 00:03:15.000]  耶穌來渡的時候 他吩咐污鬼離開這個人
[00:03:15.000 --> 00:03:19.040]  污鬼告訴耶穌 他叫做「群」
[00:03:19.040 --> 00:03:22.720]  「群」的意思是「很多」
[00:03:22.720 --> 00:03:28.200]  即是這個人身上不只是一個污鬼在他裡面
[00:03:28.200 --> 00:03:32.000]  於是這個群 這些污鬼就求耶穌
[00:03:32.000 --> 00:03:37.200]  讓他離開這個人之後 不要離開這個地方
[00:03:37.200 --> 00:03:40.520]  讓他進入一群豬裡面
[00:03:40.520 --> 00:03:46.320]  耶穌准許了 於是這一群污靈就進入豬的裡面
[00:03:46.320 --> 00:03:50.840]  最終他就掉進了崖裡面 豬就淹死了
[00:03:50.840 --> 00:03:52.760]  淹死了二千隻
[00:03:52.760 --> 00:03:57.400]  而救出來本身污靈附體的這個人
[00:03:57.400 --> 00:04:02.080]  他因為耶穌救了他 他就很想跟著耶穌
[00:04:02.080 --> 00:04:04.440]  但是耶穌有沒有給呢?
[00:04:04.440 --> 00:04:07.480]  耶穌有沒有給呢?我們一會兒就看看
[00:04:07.480 --> 00:04:10.160]  故事大概就講到這裡
[00:04:10.160 --> 00:04:15.080]  耶穌離開了這個地方的時候
[00:04:15.080 --> 00:04:18.880]  這個人求他 可以讓他跟著
[00:04:18.880 --> 00:04:20.440]  即是求耶穌讓他跟著
[00:04:20.440 --> 00:04:23.440]  最終耶穌有沒有回答他 我們一會兒就講
[00:04:23.440 --> 00:04:26.240]  我們發現三卷的福音書
[00:04:26.240 --> 00:04:30.200]  我們叫對觀福音 即是《馬可》、《馬太》和《路加》
[00:04:30.200 --> 00:04:35.520]  三卷福音書裡面都有記載到格拉森的事件
[00:04:35.520 --> 00:04:39.440]  即是說格拉森的事件其實是一件很重要的事
[00:04:39.440 --> 00:04:43.880]  如果不是三個福音書都有提到這件事
[00:04:43.880 --> 00:04:50.880]  到底聖經的作者 即是那三個門徒
[00:04:50.880 --> 00:04:55.720]  想我們今天聖經的讀者去明白些什麼呢?
[00:04:55.720 --> 00:05:00.320]  透過這件事 明白些什麼呢?
[00:05:00.320 --> 00:05:03.320]  我們一會兒又再慢慢講
[00:05:03.320 --> 00:05:07.200]  我們看看《馬可福音》五章
[00:05:07.200 --> 00:05:11.520]  五章二到五節其實是講到一個狀況
[00:05:11.520 --> 00:05:16.120]  一個人在屋靈裡面被屋靈糟蹋
[00:05:16.120 --> 00:05:18.600]  摧毀到一個什麼樣的狀況
[00:05:18.600 --> 00:05:22.720]  這個人原本是按著神的形象做的
[00:05:22.720 --> 00:05:27.120]  但現在被屋靈糟蹋到怎樣呢?
[00:05:27.120 --> 00:05:33.800]  原來當一個人長久地被黑暗霸佔的時候
[00:05:33.800 --> 00:05:42.280]  這個人會活得越來越不像一個神創造的人
[00:05:42.280 --> 00:05:44.440]  越來越不像
[00:05:44.440 --> 00:05:51.760]  黑暗的勢力就是霸佔了一個神創造的人
[00:05:51.760 --> 00:05:53.720]  怎樣霸佔呢?
[00:05:53.720 --> 00:05:55.560]  就好像這樣
[00:05:55.560 --> 00:05:59.400]  本身我們人與人之間是近的
[00:05:59.400 --> 00:06:00.960]  人與人之間是近的
[00:06:00.960 --> 00:06:03.240]  坐兩座位而已
[00:06:03.240 --> 00:06:05.560]  人與神都是坐兩座位
[00:06:05.560 --> 00:06:09.000]  誰知黑暗的勢力強行塞在我們中間
[00:06:09.000 --> 00:06:10.840]  在一個兩座位的身上
[00:06:10.840 --> 00:06:13.440]  強行塞進來
[00:06:13.440 --> 00:06:19.920]  黑暗很多時候就是這樣塞在人與人的關係裡面
[00:06:19.920 --> 00:06:23.880]  人與神的關係裡面
[00:06:23.880 --> 00:06:26.840]  黑暗的勢力通常只有兩招
[00:06:26.840 --> 00:06:28.520]  只有幾招來來去去
[00:06:28.520 --> 00:06:33.760]  我們今天會說出了哪兩招在這個人身上
[00:06:33.760 --> 00:06:36.960]  其中第一招叫梳離
[00:06:36.960 --> 00:06:40.160]  就是他強行要在中間塞一個位置
[00:06:40.160 --> 00:06:41.280]  他霸佔著
[00:06:41.280 --> 00:06:44.680]  瓦開來 瓦開來
[00:06:44.680 --> 00:06:46.200]  我們看看經文裡面說到
[00:06:46.200 --> 00:06:48.240]  格拉森這個人
[00:06:48.240 --> 00:06:51.040]  不是 格拉森被污淩附體這個人
[00:06:51.040 --> 00:06:52.520]  他住在哪裡?
[00:06:52.520 --> 00:06:55.120]  剛剛說到
[00:06:55.120 --> 00:06:56.720]  他住在墳墓裡面
[00:06:56.720 --> 00:06:58.480]  他不是住在家裡
[00:06:58.480 --> 00:07:00.480]  他不是住在人群裡面
[00:07:00.480 --> 00:07:02.880]  他住在一個墳墓裡面
[00:07:02.880 --> 00:07:07.320]  墳墓不是活人住的地方
[00:07:07.320 --> 00:07:12.360]  但這個活人就離開了活人的群體
[00:07:12.360 --> 00:07:15.160]  去到墳墓裡居住
[00:07:15.160 --> 00:07:17.320]  即是說他與他家隔絕
[00:07:17.320 --> 00:07:19.120]  與人群隔絕
[00:07:19.120 --> 00:07:21.640]  與所有正常的人
[00:07:21.640 --> 00:07:24.760]  都是關係隔絕了
[00:07:24.760 --> 00:07:28.080]  我們見到五章四節那裡怎樣說呢?
[00:07:28.080 --> 00:07:35.720]  他說這個人屢次被腳鏈和鐵鏈困鎖他
[00:07:35.720 --> 00:07:38.360]  但是困不困得住呢?
[00:07:38.360 --> 00:07:40.960]  經文說困不住
[00:07:40.960 --> 00:07:42.600]  但回頭一點點
[00:07:42.600 --> 00:07:46.280]  為什麼人們要制服他?
[00:07:46.280 --> 00:07:47.560]  為什麼要綁住他?
[00:07:47.560 --> 00:07:49.880]  為什麼要困住他呢?
[00:07:49.880 --> 00:07:53.080]  原來馬可福音這裡沒有說
[00:07:53.080 --> 00:07:54.880]  但我們看馬太福音
[00:07:54.880 --> 00:07:56.760]  第八章就要告訴我們
[00:07:56.760 --> 00:08:02.480]  為什麼人們要嘗試多次用鐵鏈去制服他
[00:08:02.480 --> 00:08:04.240]  馬太福音第八章說
[00:08:04.240 --> 00:08:10.680]  原來這個被污鬼附身的人極其兇惡
[00:08:10.680 --> 00:08:15.280]  他惡到沒有人敢走近那條路
[00:08:15.280 --> 00:08:17.440]  整個區域都被他霸佔了
[00:08:17.440 --> 00:08:22.560]  沒有人敢走過去
[00:08:22.560 --> 00:08:35.200]  原來黑暗令這個被污靈附身的人極其兇惡
[00:08:35.200 --> 00:08:38.680]  完全失去了自己
[00:08:38.680 --> 00:08:39.920]  和人隔絕
[00:08:39.920 --> 00:08:43.160]  我們不知道他有多少天沒有跟別人說話
[00:08:43.160 --> 00:08:45.960]  不知道他有多少天沒有見過人
[00:08:45.960 --> 00:08:50.400]  總之就是一個隔絕的狀態
[00:08:50.400 --> 00:08:52.880]  弟兄姊妹其實
[00:08:52.880 --> 00:08:55.120]  黑暗的勢力
[00:08:55.120 --> 00:08:58.040]  它第一個招數都是這樣的
[00:08:58.040 --> 00:09:00.960]  它都是要我們孤立
[00:09:00.960 --> 00:09:04.280]  要我們和人隔絕
[00:09:04.280 --> 00:09:06.640]  它會在我們心裡面跟我們說
[00:09:06.640 --> 00:09:09.040]  沒有人明白你了
[00:09:09.040 --> 00:09:11.080]  你不用告訴別人了
[00:09:11.080 --> 00:09:14.400]  讓別人知道別人會看不起你
[00:09:14.400 --> 00:09:17.360]  你不用回教會跟他們說了
[00:09:17.360 --> 00:09:19.720]  你不用跟弟兄姊妹說了
[00:09:19.720 --> 00:09:21.800]  沒有人能幫你
[00:09:21.800 --> 00:09:25.600]  你一個人能應付嗎?
[00:09:25.600 --> 00:09:29.880]  黑暗的勢力會跟你說你的話
[00:09:29.880 --> 00:09:34.120]  因為它知道當一個人離開了群體之後
[00:09:34.120 --> 00:09:37.440]  當一個人疏離了拒絕幫忙
[00:09:37.440 --> 00:09:40.560]  拒絕被人幫助的時候
[00:09:40.560 --> 00:09:45.240]  它就可以慢慢地霸佔這個人的生命
[00:09:45.240 --> 00:09:50.640]  但是為什麼我們知道我們要有群體的生活呢?
[00:09:50.640 --> 00:09:52.560]  聖經在哪裡告訴我們呢?
[00:09:52.560 --> 00:09:55.000]  為什麼我們不可以一個人呢?
[00:09:55.000 --> 00:09:59.920]  原來神做我們的心意都是要有群體的生活
[00:09:59.920 --> 00:10:01.160]  在《創世紀》那裡說
[00:10:01.160 --> 00:10:02.400]  神做人的時候
[00:10:02.400 --> 00:10:06.960]  祂說「那人獨居不好」
[00:10:06.960 --> 00:10:14.320]  就是說神做我們的時候有神的形象
[00:10:14.320 --> 00:10:17.560]  但是神的形象怎樣彰顯出來呢?
[00:10:17.560 --> 00:10:21.960]  不是只有一個人的個體去彰顯神的形象
[00:10:21.960 --> 00:10:25.440]  神要我們透過跟人的相處
[00:10:25.440 --> 00:10:28.560]  神要我們透過跟人的關係
[00:10:28.560 --> 00:10:30.680]  一些群體的生活
[00:10:30.680 --> 00:10:34.280]  才彰顯到神的形象、神的愛
[00:10:34.280 --> 00:10:36.000]  這是神的心意
[00:10:36.000 --> 00:10:38.200]  所以黑暗來到的時候
[00:10:38.200 --> 00:10:41.200]  祂的第一個詭計就是要這樣做
[00:10:41.200 --> 00:10:47.280]  破壞關係
[00:10:47.280 --> 00:10:51.520]  祂會令我們恐懼、隔絕
[00:10:51.520 --> 00:10:56.360]  慢慢地躲起來
[00:10:56.360 --> 00:11:00.160]  黑暗的勢力就好像一個綁匪一樣
[00:11:00.160 --> 00:11:02.040]  首先會怎樣呢?
[00:11:02.040 --> 00:11:06.280]  就是用方法引開你、疏離你
[00:11:06.280 --> 00:11:09.560]  你自己一個的時候就綁走你
[00:11:09.560 --> 00:11:16.240]  所以第二個招數就是綁走你、綁住你
[00:11:16.240 --> 00:11:18.480]  黑暗霸佔了一個人
[00:11:18.480 --> 00:11:21.120]  當日在格拉森的這個人
[00:11:21.120 --> 00:11:23.320]  霸佔了這個人
[00:11:23.320 --> 00:11:25.920]  他自己管理自己的能力
[00:11:25.920 --> 00:11:31.280]  這個人沒有辦法管理自己的生命
[00:11:31.280 --> 00:11:34.800]  他只剩下一個殼、一個軀殼
[00:11:34.800 --> 00:11:37.720]  五章四節的經文說
[00:11:37.720 --> 00:11:40.280]  這個人沒有人能夠制服他
[00:11:40.280 --> 00:11:44.960]  因為他連鐵鏈、鎖鏈全部都可以鬆得開
[00:11:44.960 --> 00:11:47.040]  但是
[00:11:47.040 --> 00:11:49.960]  他是不是真的沒有人能夠制服他呢?
[00:11:49.960 --> 00:11:52.800]  原來他表面上好像很大力
[00:11:52.800 --> 00:11:54.440]  沒有人能夠制服他
[00:11:54.440 --> 00:11:56.280]  鬆開了鐵鏈
[00:11:56.280 --> 00:11:58.680]  但是他的心
[00:11:58.680 --> 00:12:06.520]  其實是被黑暗的勢力鎖得很緊
[00:12:06.520 --> 00:12:11.400]  原來他沒有辦法解開裏面的綑綁
[00:12:11.400 --> 00:12:14.760]  所以他大喊大叫
[00:12:14.760 --> 00:12:16.320]  接著經文還怎樣說
[00:12:16.320 --> 00:12:20.880]  他用石頭打自己
[00:12:20.880 --> 00:12:26.160]  原來一個人被黑暗去綑綁的時候
[00:12:26.160 --> 00:12:30.520]  他就會自己傷害自己
[00:12:30.520 --> 00:12:32.800]  自殘身體
[00:12:32.800 --> 00:12:37.360]  今天雖然我們沒有人住在墳墓裏
[00:12:37.360 --> 00:12:40.320]  有沒有人住在墳墓裏?沒有吧?
[00:12:40.320 --> 00:12:43.160]  但是我們原來的心
[00:12:43.160 --> 00:12:45.880]  可能是住在墳墓裏
[00:12:45.880 --> 00:12:48.840]  有些東西綁住了我們的心
[00:12:48.840 --> 00:12:50.440]  例如什麼呢?
[00:12:50.440 --> 00:12:52.680]  過度的工作
[00:12:52.680 --> 00:12:55.160]  我們傷害了自己
[00:12:55.160 --> 00:12:57.520]  自殘了自己
[00:12:57.520 --> 00:12:59.000]  例如什麼呢?
[00:12:59.000 --> 00:13:01.280]  我們有些人可能會
[00:13:01.280 --> 00:13:04.200]  不是我們,有些人可能會用酒精
[00:13:04.200 --> 00:13:05.560]  有人用毒品
[00:13:05.560 --> 00:13:07.480]  有人用色情
[00:13:07.480 --> 00:13:12.760]  去令自己進入一個
[00:13:12.760 --> 00:13:15.960]  他自己享受的狀態
[00:13:15.960 --> 00:13:17.640]  等等的綑綁
[00:13:17.640 --> 00:13:21.720]  有人很喜歡在一些社交媒體上
[00:13:21.720 --> 00:13:23.040]  一定要看
[00:13:23.040 --> 00:13:24.600]  看完之後
[00:13:24.600 --> 00:13:27.120]  就將自己和別人比較
[00:13:27.120 --> 00:13:30.840]  進入一個綑綁裏面
[00:13:30.840 --> 00:13:33.360]  今天我們很多時候
[00:13:33.360 --> 00:13:35.360]  都被這些綑綁
[00:13:35.360 --> 00:13:38.800]  綁到以為是一個習慣
[00:13:38.800 --> 00:13:40.520]  習以為常
[00:13:40.520 --> 00:13:41.840]  無所謂了
[00:13:41.840 --> 00:13:43.760]  習慣
[00:13:43.760 --> 00:13:48.720]  就好像我們用橡筋綁住了自己的手指
[00:13:48.720 --> 00:13:51.120]  綁住了手指之後會怎樣呢?
[00:13:51.120 --> 00:13:53.480]  開始的時候有點痛
[00:13:53.480 --> 00:13:55.640]  痛痛的時候會怎樣呢?
[00:13:55.640 --> 00:13:58.600]  慢慢痛就會消失
[00:13:58.600 --> 00:14:02.280]  消失不是因為解鬆了
[00:14:02.280 --> 00:14:04.840]  而是因為我們習慣了
[00:14:04.840 --> 00:14:08.200]  麻木了
[00:14:08.200 --> 00:14:13.560]  原來黑暗的勢力令我們被綑綁
[00:14:13.560 --> 00:14:15.720]  這就是高招
[00:14:15.720 --> 00:14:20.560]  他以為我們被綑綁是應該的
[00:14:20.560 --> 00:14:22.800]  習以為常
[00:14:22.800 --> 00:14:26.560]  在早幾年的時候
[00:14:26.560 --> 00:14:29.560]  在香港有一個異端
[00:14:29.560 --> 00:14:34.520]  想不到他從來都沒有完全熄滅過
[00:14:34.520 --> 00:14:40.280]  這個異端當時鼓勵他的教友去喝雙氧水
[00:14:40.280 --> 00:14:42.440]  當年可能大家都有聽過
[00:14:42.440 --> 00:14:45.920]  但原來他並沒有關掉
[00:14:45.920 --> 00:14:50.040]  一個地方怎樣分辨是異端還是邪教呢?
[00:14:50.040 --> 00:14:53.720]  異端的意思是他還會用聖經去教導
[00:14:53.720 --> 00:14:57.320]  不過是在教扭曲了的教導
[00:14:57.320 --> 00:14:59.160]  這些稱為異端
[00:14:59.160 --> 00:15:02.320]  所以他還會稱自己為教會
[00:15:02.320 --> 00:15:05.520]  這個石安教的教會
[00:15:05.520 --> 00:15:09.440]  當時是鼓勵信徒去喝雙氧水
[00:15:09.440 --> 00:15:11.680]  那麼多年之後
[00:15:11.680 --> 00:15:16.000]  原來他不單止繼續鼓勵信徒喝雙氧水
[00:15:16.000 --> 00:15:22.920]  他還要在這十多年來多次預言世界末日
[00:15:22.920 --> 00:15:24.360]  在世界末日的時候
[00:15:24.360 --> 00:15:27.400]  他鼓勵他的信徒去做些什麼
[00:15:27.400 --> 00:15:28.760]  你要做些什麼去預備
[00:15:28.760 --> 00:15:29.760]  要買些什麼
[00:15:29.760 --> 00:15:32.480]  要做很多很多的準備
[00:15:32.480 --> 00:15:35.160]  誰知道
[00:15:35.160 --> 00:15:36.120]  末日沒有來臨
[00:15:36.120 --> 00:15:37.920]  當然他預計不到
[00:15:37.920 --> 00:15:39.720]  預計不到的時候
[00:15:39.720 --> 00:15:48.240]  那麼那個目者怎樣自圓其說呢?
[00:15:48.240 --> 00:15:50.680]  要麼第二天就當沒事發生
[00:15:50.680 --> 00:15:54.640]  要麼就會跟那些信徒說
[00:15:54.640 --> 00:15:58.200]  神的時間我們都是不能預測的
[00:15:58.200 --> 00:16:05.200]  但是又再繼續去預言哪一天是世界末日
[00:16:05.200 --> 00:16:08.880]  在這個近期的訪問裏面
[00:16:08.880 --> 00:16:12.280]  就是訪問裏面的一個會友
[00:16:12.280 --> 00:16:14.600]  這個會友他講了一句
[00:16:14.600 --> 00:16:17.080]  他說其實我也覺得很詭異
[00:16:17.080 --> 00:16:19.560]  我也覺得很奇怪
[00:16:19.560 --> 00:16:22.560]  但是沒有辦法
[00:16:22.560 --> 00:16:25.240]  我們要繼續去這個地方
[00:16:25.240 --> 00:16:29.400]  也要繼續回到這個所謂的教會
[00:16:29.400 --> 00:16:32.920]  他沒有辦法
[00:16:32.920 --> 00:16:36.800]  我們見到這個就是綑綁
[00:16:36.800 --> 00:16:38.760]  這個是綑綁
[00:16:38.760 --> 00:16:41.880]  原來人會覺得習慣了
[00:16:41.880 --> 00:16:43.560]  沒有辦法
[00:16:43.560 --> 00:16:47.440]  習慣了沒有辦法
[00:16:47.440 --> 00:16:54.120]  原來黑暗令人覺得可怕的地方就是這件事
[00:16:54.120 --> 00:16:57.840]  當一個人長期被黑暗霸佔的時候
[00:16:57.840 --> 00:17:00.400]  他會以為自己沒有辦法
[00:17:00.400 --> 00:17:01.280]  搞不定的了
[00:17:01.280 --> 00:17:04.240]  就是這樣
[00:17:04.240 --> 00:17:06.480]  但是感謝神
[00:17:06.480 --> 00:17:07.800]  感謝神
[00:17:07.800 --> 00:17:09.760]  是不是真的沒有辦法呢?
[00:17:09.760 --> 00:17:13.040]  加拉森今天這個故事就是告訴我們
[00:17:13.040 --> 00:17:14.760]  不是沒有辦法的
[00:17:14.760 --> 00:17:17.040]  不是沒有辦法
[00:17:17.040 --> 00:17:20.480]  黑暗的勢力沒有辦法
[00:17:20.480 --> 00:17:26.360]  將神給我們的形象拿走
[00:17:26.360 --> 00:17:27.440]  他沒有辦法
[00:17:27.440 --> 00:17:29.320]  但是他有辦法
[00:17:29.320 --> 00:17:33.160]  將神的形象在我們身上扭曲
[00:17:33.160 --> 00:17:34.560]  他有辦法扭曲
[00:17:34.560 --> 00:17:37.160]  但是沒有辦法拿走
[00:17:37.160 --> 00:17:42.560]  所以耶穌來到就要恢復神給我們的形象
[00:17:42.560 --> 00:17:48.680]  耶穌來到就要恢復神給我們的形象
[00:17:48.680 --> 00:17:51.040]  我們回看經文的時候
[00:17:51.040 --> 00:18:00.320]  我們見到耶穌來到加拉森這個地方的時候是怎樣呢?
[00:18:00.320 --> 00:18:03.160]  他一落船
[00:18:03.160 --> 00:18:07.600]  他遠遠看見耶穌就跑來拜祂
[00:18:07.600 --> 00:18:12.240]  這個「他」就是被污鬼附身的那個人
[00:18:12.240 --> 00:18:14.920]  就跑來拜耶穌
[00:18:14.920 --> 00:18:18.960]  這個人平時剛剛形容他是兇猛的
[00:18:18.960 --> 00:18:20.800]  沒有人敢惹他
[00:18:20.800 --> 00:18:24.160]  但是他竟然跑來拜耶穌
[00:18:24.160 --> 00:18:26.720]  平時沒有人能綁住這個人
[00:18:26.720 --> 00:18:30.960]  但是這個人竟然跑來拜耶穌
[00:18:30.960 --> 00:18:37.040]  原來就算一個人在一些黑暗的勢力怎樣也問也無
[00:18:37.040 --> 00:18:39.680]  怎樣說自己很厲害
[00:18:39.680 --> 00:18:40.600]  怎樣惡霸
[00:18:40.600 --> 00:18:45.160]  但是當他面對真正的君王的時候
[00:18:45.160 --> 00:18:48.680]  他必須要俯伏下拜
[00:18:48.680 --> 00:18:51.240]  必須要俯伏下拜
[00:18:51.240 --> 00:18:53.400]  弟兄姊妹我們留意一下這段經文
[00:18:53.400 --> 00:18:55.000]  其實整段經文
[00:18:55.000 --> 00:19:02.160]  他特意很強調一個權柄的關係
[00:19:02.160 --> 00:19:04.440]  權柄的關係
[00:19:04.440 --> 00:19:07.400]  重複了好幾次
[00:19:07.400 --> 00:19:10.280]  污鬼是求耶穌的
[00:19:10.280 --> 00:19:11.800]  污鬼是求耶穌的
[00:19:11.800 --> 00:19:12.840]  第一
[00:19:12.840 --> 00:19:15.320]  五章七字那裡他求耶穌
[00:19:15.320 --> 00:19:18.280]  求祢不要叫我受苦
[00:19:18.280 --> 00:19:20.600]  第十字那裡他又求耶穌
[00:19:20.600 --> 00:19:23.840]  祢不要叫我離開這個地方
[00:19:23.840 --> 00:19:25.640]  十二字再求耶穌
[00:19:25.640 --> 00:19:31.520]  求祢讓我進入豬群
[00:19:31.520 --> 00:19:35.240]  原來一開始就告訴我們知道
[00:19:35.240 --> 00:19:38.920]  其實黑暗的勢力好像很強
[00:19:38.920 --> 00:19:44.320]  但是遇到見到耶穌這個君王的時候
[00:19:44.320 --> 00:19:47.960]  他必須要俯伏去跪拜
[00:19:47.960 --> 00:19:51.280]  這個原來不需要拉鋸的
[00:19:51.280 --> 00:19:53.640]  原來耶穌不需要和他拉鋸
[00:19:53.640 --> 00:19:55.880]  耶穌一句話
[00:19:55.880 --> 00:19:58.240]  他就要離開
[00:19:58.240 --> 00:20:00.360]  這個是我們的神
[00:20:00.360 --> 00:20:02.680]  這個是我們的神
[00:20:02.680 --> 00:20:05.080]  黑暗有時令人很可怕
[00:20:05.080 --> 00:20:08.960]  不知道大家常不常看新聞
[00:20:08.960 --> 00:20:11.920]  我們見到新聞的時候很心寒
[00:20:11.920 --> 00:20:13.120]  最近我看到一個新聞
[00:20:13.120 --> 00:20:18.240]  怎樣一個爸爸可以殺死一家六口
[00:20:18.240 --> 00:20:20.440]  我們見到很多世界上的新聞
[00:20:20.440 --> 00:20:22.280]  我們覺得很荒誕
[00:20:22.280 --> 00:20:25.560]  很心寒
[00:20:25.560 --> 00:20:28.640]  黑暗可以令人很可怕
[00:20:28.640 --> 00:20:31.560]  但是在耶穌基督的面前
[00:20:31.560 --> 00:20:35.040]  黑暗勢力都必須要跪拜
[00:20:35.040 --> 00:20:36.920]  必須要跪拜
[00:20:36.920 --> 00:20:40.160]  所以我們不需要怕這些黑暗勢力
[00:20:40.160 --> 00:20:43.880]  我們只需要靠近耶穌
[00:20:43.880 --> 00:20:45.800]  靠近耶穌
[00:20:45.800 --> 00:20:48.680]  試過有家長問我
[00:20:48.680 --> 00:20:52.040]  他說現在小朋友在學校
[00:20:52.040 --> 00:20:54.360]  其實他聽的東西學的東西
[00:20:54.360 --> 00:20:55.960]  都是很多歪理
[00:20:55.960 --> 00:20:58.200]  老師跟他說完一套
[00:20:58.200 --> 00:20:59.680]  其實是不對的
[00:20:59.680 --> 00:21:02.240]  我回來應該怎樣教
[00:21:02.240 --> 00:21:05.320]  我就跟他說帶他回教會
[00:21:05.320 --> 00:21:07.640]  恆常回教會
[00:21:07.640 --> 00:21:08.840]  有家長又問我
[00:21:08.840 --> 00:21:15.560]  他說我兒子長時間都想忍
[00:21:15.560 --> 00:21:17.280]  喜歡看YouTube
[00:21:17.280 --> 00:21:20.760]  不斷拿著電話打機看YouTube
[00:21:20.760 --> 00:21:27.760]  有些女孩甚至開始不斷買東西很喜歡
[00:21:27.760 --> 00:21:29.840]  問我怎麼辦
[00:21:29.840 --> 00:21:34.040]  我就說帶他恆常回教會
[00:21:34.040 --> 00:21:37.160]  是不是說回教會甚麼都可以解決
[00:21:37.160 --> 00:21:38.560]  當然不是
[00:21:38.560 --> 00:21:41.760]  我沒辦法令他脫離任何人
[00:21:41.760 --> 00:21:47.240]  但是回教會是唯一開始的途徑
[00:21:47.240 --> 00:21:50.040]  可以讓他親近耶穌
[00:21:50.040 --> 00:21:56.120]  他親近耶穌的時候自然就遠離黑暗
[00:21:56.120 --> 00:22:01.920]  所以我們親近耶穌
[00:22:01.920 --> 00:22:05.520]  當我們恆常回教會的時候
[00:22:05.520 --> 00:22:07.840]  我們有耶穌在我們裏面
[00:22:07.840 --> 00:22:10.680]  我們將耶穌帶回家
[00:22:10.680 --> 00:22:14.320]  讓耶穌成為我們我家之主
[00:22:14.320 --> 00:22:15.720]  這個很重要
[00:22:15.720 --> 00:22:21.120]  讓耶穌成為我們家庭裏面的一個王
[00:22:21.120 --> 00:22:26.520]  我們相信神的話沒有一句不大能力
[00:22:26.520 --> 00:22:31.320]  神的話是最強大的
[00:22:31.320 --> 00:22:35.720]  所以我們相信親近耶穌一定可以遠離黑暗
[00:22:35.720 --> 00:22:38.720]  最近有一個神經外科醫生
[00:22:38.720 --> 00:22:42.120]  他叫Dr. Lee Warren
[00:22:42.120 --> 00:22:44.720]  好像Rick Warren
[00:22:44.720 --> 00:22:48.120]  神經外科醫生他發現
[00:22:48.120 --> 00:22:49.120]  他寫了一本書
[00:22:49.120 --> 00:23:00.920]  他發現讀聖經真的可以解決一些情緒的問題
[00:23:00.920 --> 00:23:05.120]  他用神經外科的角度去看
[00:23:05.120 --> 00:23:07.120]  解決到情緒、精神
[00:23:07.120 --> 00:23:08.520]  為什麼他會這樣發現呢?
[00:23:08.520 --> 00:23:13.120]  因為這個醫生他曾經有嚴重的創傷後遺症
[00:23:13.120 --> 00:23:16.720]  他也有一個兒子不幸夭折死了
[00:23:16.720 --> 00:23:23.320]  所以他就在研究看聖經是否真的有用
[00:23:23.320 --> 00:23:24.920]  他寫了一本書
[00:23:24.920 --> 00:23:32.920]  他要證實看聖經真的對精神和情緒有用
[00:23:32.920 --> 00:23:36.320]  為什麼事緣會這樣發生呢?
[00:23:36.320 --> 00:23:42.320]  因為最近有科學家研究指出
[00:23:42.320 --> 00:23:48.120]  有一個理論叫做「表觀遺傳學」
[00:23:48.120 --> 00:23:49.320]  有一個新的理論
[00:23:49.320 --> 00:23:55.520]  他說以前我們會覺得情緒病是沒有遺傳的
[00:23:55.520 --> 00:24:00.520]  但這個科學家他們研究指出
[00:24:00.520 --> 00:24:06.520]  原來心理創傷是有遺傳的
[00:24:06.520 --> 00:24:10.720]  即是說如果那個人上一代有很嚴重的心理創傷
[00:24:10.720 --> 00:24:14.320]  有機會被遺傳給下一代
[00:24:14.320 --> 00:24:19.720]  這個研究就代表著
[00:24:19.720 --> 00:24:23.320]  即是說好像世世代代都受咒咒
[00:24:23.320 --> 00:24:25.520]  原來這樣也有遺傳
[00:24:25.520 --> 00:24:27.120]  但感恩的是
[00:24:27.120 --> 00:24:31.520]  這個腦神經科的醫生
[00:24:31.520 --> 00:24:35.520]  他反過來的研究就指出
[00:24:35.520 --> 00:24:42.720]  聖經是可以幫助精神和情緒的問題
[00:24:42.720 --> 00:24:45.520]  就好像停止咒咒
[00:24:45.520 --> 00:24:48.320]  不是醫生停止咒咒
[00:24:48.320 --> 00:24:51.520]  是聖經停止咒咒
[00:24:51.520 --> 00:24:57.520]  神的話語可以停止世世代代黑暗的咒咒
[00:24:57.520 --> 00:25:01.920]  所以等於說我們相信神的話語的力量
[00:25:01.920 --> 00:25:04.520]  相信神話語的力量
[00:25:04.520 --> 00:25:06.520]  耶穌來到格拉森
[00:25:06.520 --> 00:25:09.720]  祂不單止要驅走黑暗
[00:25:09.720 --> 00:25:13.520]  祂要恢復一個人的形象
[00:25:13.520 --> 00:25:16.120]  神在裏面的形象
[00:25:16.120 --> 00:25:19.320]  恢復一個人的生命
[00:25:19.320 --> 00:25:23.920]  這個人當烏靈在他身上離開的時候
[00:25:23.920 --> 00:25:26.120]  《馬學福音》五章怎樣說呢?
[00:25:26.120 --> 00:25:29.320]  這個人就坐著穿著衣服
[00:25:29.320 --> 00:25:32.920]  神自清醒了
[00:25:32.920 --> 00:25:35.520]  這個很美很美的一個圖畫
[00:25:35.520 --> 00:25:37.120]  為什麼呢?
[00:25:37.120 --> 00:25:41.320]  因為上文才說到祂是怎樣
[00:25:41.320 --> 00:25:43.520]  不停地大叫大叫
[00:25:43.520 --> 00:25:45.320]  自己打自己
[00:25:45.320 --> 00:25:48.720]  但是現在祂得著平安
[00:25:48.720 --> 00:25:51.720]  祂可以坐在耶穌的面前
[00:25:51.720 --> 00:25:54.920]  現在耶穌讓祂穿回衣服
[00:25:54.920 --> 00:25:58.520]  穿回祂應有的尊嚴
[00:25:58.520 --> 00:26:04.520]  現在耶穌讓祂恢復人的理性
[00:26:04.520 --> 00:26:07.920]  可以有神自清醒的時候
[00:26:07.920 --> 00:26:12.720]  神自清醒這個字在聖經裏面
[00:26:12.720 --> 00:26:16.520]  和修會譯作神自清醒
[00:26:16.520 --> 00:26:19.720]  這個字在希臘文裏
[00:26:19.720 --> 00:26:23.920]  有一個頗深遠的意思
[00:26:23.920 --> 00:26:29.520]  在新約裏面
[00:26:29.520 --> 00:26:32.520]  原來不單止是說到一個
[00:26:32.520 --> 00:26:38.720]  精神健康的健全的一個理智聰明
[00:26:38.720 --> 00:26:45.920]  而且是說到謹慎認真
[00:26:45.920 --> 00:26:50.120]  為什麼呢?有什麼關係?
[00:26:50.120 --> 00:26:51.120]  我們看看
[00:26:51.120 --> 00:26:53.720]  原來在羅馬書裏這樣說
[00:26:53.720 --> 00:26:56.720]  不要看自己看得太高
[00:26:56.720 --> 00:26:59.720]  要照神分給我們的信心
[00:26:59.720 --> 00:27:03.120]  看自己看得合乎中度
[00:27:03.120 --> 00:27:05.920]  不多不少
[00:27:05.920 --> 00:27:08.120]  然後彼得前書裏又說到
[00:27:08.120 --> 00:27:10.320]  你們要謹慎自守
[00:27:10.320 --> 00:27:12.720]  要警醒禱告
[00:27:12.720 --> 00:27:15.520]  原來謹慎、合乎中度
[00:27:15.520 --> 00:27:17.920]  是一個自制能力
[00:27:17.920 --> 00:27:20.520]  自控的能力
[00:27:20.520 --> 00:27:23.120]  原來不是每個人都有
[00:27:23.120 --> 00:27:27.720]  格拉森這個本身被鬼附身的人
[00:27:27.720 --> 00:27:30.520]  他就是失去了這個能力
[00:27:30.520 --> 00:27:33.320]  他沒有辦法管理他自己
[00:27:33.320 --> 00:27:37.720]  因為他被黑暗的勢力箝制著
[00:27:37.720 --> 00:27:40.920]  但耶穌原來恢復他的時候
[00:27:40.920 --> 00:27:43.720]  他全人恢復
[00:27:43.720 --> 00:27:47.520]  他能夠有這個能力
[00:27:47.520 --> 00:27:50.320]  去管理他的生命
[00:27:50.320 --> 00:27:52.520]  神自清醒
[00:27:52.520 --> 00:27:56.920]  能夠有自控
[00:27:56.920 --> 00:28:02.120]  他由混亂回復到清晰
[00:28:02.120 --> 00:28:04.720]  回復到一個正常
[00:28:04.720 --> 00:28:08.120]  有能力去信服神
[00:28:08.120 --> 00:28:10.720]  有能力去信服神
[00:28:10.720 --> 00:28:17.120]  這個就是我們的自控
[00:28:17.120 --> 00:28:22.520]  妥著、穿著、神之清醒
[00:28:22.520 --> 00:28:24.920]  這三個動作
[00:28:24.920 --> 00:28:26.720]  就是告訴我們
[00:28:26.720 --> 00:28:29.720]  耶穌恢復了這個人
[00:28:29.720 --> 00:28:34.120]  全人的恢復
[00:28:34.120 --> 00:28:39.120]  所以耶穌原來不是單純趕走了污靈
[00:28:39.120 --> 00:28:41.720]  他要恢復一個人
[00:28:41.720 --> 00:28:47.720]  他要讓我們像一個神做我們的樣式
[00:28:47.720 --> 00:28:50.720]  福音不單叫人少一個問題
[00:28:50.720 --> 00:28:53.720]  他不是幫我們撕掉一舖癮
[00:28:53.720 --> 00:28:55.720]  撕掉一些壞習慣
[00:28:55.720 --> 00:28:59.720]  福音是主耶穌要進入到
[00:28:59.720 --> 00:29:03.720]  黑暗侵佔了的地方
[00:29:03.720 --> 00:29:07.720]  然後重新恢復一個人的平安、尊嚴
[00:29:07.720 --> 00:29:12.720]  和自由 靈裡面的自由
[00:29:12.720 --> 00:29:14.720]  剛剛說到
[00:29:14.720 --> 00:29:18.720]  三卷的福音書都記載了格拉森這件事
[00:29:18.720 --> 00:29:23.720]  那格拉森這件事有什麼重要呢?
[00:29:23.720 --> 00:29:25.720]  原來三卷的福音書
[00:29:25.720 --> 00:29:28.720]  我們知道福音書記載的事情
[00:29:28.720 --> 00:29:32.720]  有時不是根據時間的順序
[00:29:32.720 --> 00:29:36.720]  很多時候是按照福音書的作者
[00:29:36.720 --> 00:29:38.720]  他想寫的主題
[00:29:38.720 --> 00:29:39.720]  很多時候是這樣
[00:29:39.720 --> 00:29:42.720]  不是按照時間發生的次序
[00:29:42.720 --> 00:29:46.720]  但是三卷的福音書記載這件事
[00:29:46.720 --> 00:29:49.720]  格拉森這件事都是同一個順序
[00:29:49.720 --> 00:29:52.720]  上面是說什麼呢?
[00:29:52.720 --> 00:29:54.720]  格拉森這件事的上文
[00:29:54.720 --> 00:29:58.720]  都是說到耶穌平靜風浪
[00:29:58.720 --> 00:30:00.720]  耶穌平靜風浪之後
[00:30:00.720 --> 00:30:03.720]  有一句話很吊詭
[00:30:03.720 --> 00:30:05.720]  記不記得耶穌平靜風浪之後
[00:30:05.720 --> 00:30:10.720]  最後門徒說了一句什麼話
[00:30:10.720 --> 00:30:13.720]  門徒很詫異地說
[00:30:13.720 --> 00:30:16.720]  這個到底是誰?
[00:30:16.720 --> 00:30:20.720]  為什麼連風和海都聽他的?
[00:30:20.720 --> 00:30:24.720]  三卷福音書就將這個問題
[00:30:24.720 --> 00:30:27.720]  放在那個段落的最後
[00:30:27.720 --> 00:30:31.720]  然後沒有再說其他東西
[00:30:31.720 --> 00:30:33.720]  沒有再說其他東西是什麼意思呢?
[00:30:33.720 --> 00:30:35.720]  沒有記載門徒
[00:30:35.720 --> 00:30:37.720]  然後互相討論
[00:30:37.720 --> 00:30:40.720]  沒有說到耶穌走過去回答他們
[00:30:40.720 --> 00:30:41.720]  沒有
[00:30:41.720 --> 00:30:44.720]  三卷都是在這件事
[00:30:44.720 --> 00:30:45.720]  平靜風浪之後
[00:30:45.720 --> 00:30:47.720]  就是這一句話
[00:30:47.720 --> 00:30:49.720]  就結束了
[00:30:49.720 --> 00:30:53.720]  所以耶穌到底是誰呢?
[00:30:53.720 --> 00:30:55.720]  耶穌到底是誰呢?
[00:30:55.720 --> 00:31:00.720]  就是說在平靜風浪之後
[00:31:00.720 --> 00:31:02.720]  那件事就要解答
[00:31:02.720 --> 00:31:04.720]  耶穌到底是誰
[00:31:04.720 --> 00:31:07.720]  就是由格拉森事件
[00:31:07.720 --> 00:31:12.720]  去解答耶穌是誰
[00:31:12.720 --> 00:31:16.720]  三個福音作者都要我們將兩件事
[00:31:16.720 --> 00:31:19.720]  拍在一起看
[00:31:19.720 --> 00:31:23.720]  耶穌平靜風浪和格拉森事件
[00:31:23.720 --> 00:31:26.720]  兩件事要拍在一起看
[00:31:26.720 --> 00:31:29.720]  就是說三個福音作者
[00:31:29.720 --> 00:31:33.720]  他故意沒有回答耶穌是誰
[00:31:33.720 --> 00:31:36.720]  然後進入格拉森事件的時候
[00:31:36.720 --> 00:31:40.720]  就告訴我們一個很重要的事
[00:31:40.720 --> 00:31:43.720]  就是揭曉耶穌是誰
[00:31:43.720 --> 00:31:47.720]  大家都承認
[00:31:47.720 --> 00:31:49.720]  也要宣告
[00:31:49.720 --> 00:31:52.720]  耶穌是那個平靜風浪
[00:31:52.720 --> 00:31:58.720]  可以有天地萬有的權柄
[00:31:58.720 --> 00:32:03.720]  而且能勝過一切黑暗勢力
[00:32:03.720 --> 00:32:07.720]  讓人得生命的那個神
[00:32:07.720 --> 00:32:09.720]  三件事
[00:32:09.720 --> 00:32:12.720]  滿有權柄
[00:32:12.720 --> 00:32:15.720]  可以勝過黑暗勢力
[00:32:15.720 --> 00:32:18.720]  讓人得生命
[00:32:18.720 --> 00:32:20.720]  三件事
[00:32:20.720 --> 00:32:24.720]  套餐來的,缺一不可
[00:32:24.720 --> 00:32:29.720]  我們不可以說只是喜歡他的權柄
[00:32:29.720 --> 00:32:34.720]  不可以說只是喜歡他驅走我心裏的黑暗
[00:32:34.720 --> 00:32:37.720]  不用他做我的主
[00:32:37.720 --> 00:32:39.720]  不可以
[00:32:39.720 --> 00:32:42.720]  他要是我們生命的主
[00:32:42.720 --> 00:32:45.720]  在柬埔寨有一個女孩
[00:32:45.720 --> 00:32:49.720]  她身體本身有殘障
[00:32:49.720 --> 00:32:53.720]  本身在一個很窮困的村裏住
[00:32:53.720 --> 00:32:56.720]  很難得有一個窮困的村
[00:32:56.720 --> 00:32:59.720]  可以去到城市金邊工作
[00:32:59.720 --> 00:33:01.720]  當時是2014年
[00:33:01.720 --> 00:33:04.720]  這個女孩一開始去到金邊工作
[00:33:04.720 --> 00:33:06.720]  就有機會接觸到教會
[00:33:06.720 --> 00:33:11.720]  當時她也是剛接觸到教會
[00:33:11.720 --> 00:33:14.720]  但是靈異的事情就發生了
[00:33:14.720 --> 00:33:16.720]  她有一天突然動彈不得
[00:33:16.720 --> 00:33:18.720]  所以她就想
[00:33:18.720 --> 00:33:24.720]  是不是一些靈體不喜歡我去教會呢?
[00:33:24.720 --> 00:33:29.720]  當時她最終決定要和耶穌祈禱
[00:33:29.720 --> 00:33:32.720]  慢慢地她可以活動
[00:33:32.720 --> 00:33:34.720]  後來她信了主
[00:33:34.720 --> 00:33:35.720]  但信了主之後
[00:33:35.720 --> 00:33:39.720]  最大的挑戰不是她身體上的殘缺
[00:33:39.720 --> 00:33:44.720]  而是她要勇敢地宣稱耶穌基督是主
[00:33:44.720 --> 00:33:45.720]  因為信主之後
[00:33:45.720 --> 00:33:49.720]  這個女孩發現原來和她同房的一個女孩
[00:33:49.720 --> 00:33:52.720]  一直都在房裏拜偶像
[00:33:52.720 --> 00:33:59.720]  由於經濟上不容許她太容易搬出去自己住
[00:33:59.720 --> 00:34:01.720]  但是她經過掙扎之後
[00:34:01.720 --> 00:34:03.720]  她也和她同房說
[00:34:03.720 --> 00:34:06.720]  你可不可以不要在家裏拜偶像
[00:34:06.720 --> 00:34:08.720]  如果你真的要堅決拜的話
[00:34:08.720 --> 00:34:10.720]  我唯有搬走
[00:34:10.720 --> 00:34:16.720]  最終她和她同房沒有拜
[00:34:16.720 --> 00:34:20.720]  這個女孩從小到大
[00:34:20.720 --> 00:34:22.720]  因為在窮村裏
[00:34:22.720 --> 00:34:26.720]  家裏有一些拜偶像的儀式
[00:34:26.720 --> 00:34:29.720]  有一天她媽媽有重病
[00:34:29.720 --> 00:34:33.720]  她媽媽又根據那些儀式去拜
[00:34:33.720 --> 00:34:36.720]  她又再面對一個困難
[00:34:36.720 --> 00:34:38.720]  她和吳同他們一起拜
[00:34:38.720 --> 00:34:41.720]  這個女孩決定不拜
[00:34:41.720 --> 00:34:43.720]  她要坐在旁邊
[00:34:43.720 --> 00:34:45.720]  只看
[00:34:45.720 --> 00:34:48.720]  看完節目我們看到
[00:34:48.720 --> 00:34:52.720]  原來當我們跟隨耶穌的時候
[00:34:52.720 --> 00:34:59.720]  不單止是喜歡或者愛上耶穌
[00:34:59.720 --> 00:35:01.720]  去幫我們驅走黑暗
[00:35:01.720 --> 00:35:04.720]  不單止是愛祂的權柄
[00:35:04.720 --> 00:35:11.720]  我們要愛這個生命的主
[00:35:11.720 --> 00:35:13.720]  我們要愛這個生命的主
[00:35:13.720 --> 00:35:16.720]  今天我們有沒有一些是希望耶穌幫我們
[00:35:16.720 --> 00:35:19.720]  但我們不想祂成為我們的主呢?
[00:35:19.720 --> 00:35:23.720]  有沒有一些我們希望祂幫我們解決一些痛苦
[00:35:23.720 --> 00:35:27.720]  但我們不想祂改變我們一些熟悉的生活呢?
[00:35:27.720 --> 00:35:32.720]  有沒有時候我們很想被耶穌去醫治
[00:35:32.720 --> 00:35:37.720]  但我不想付任何代價
[00:35:37.720 --> 00:35:40.720]  最好不要搞我任何東西
[00:35:40.720 --> 00:35:43.720]  好像吃雞翼要走雞皮
[00:35:43.720 --> 00:35:45.720]  好像蔥油餅要走蔥
[00:35:45.720 --> 00:35:48.720]  不是很合理
[00:35:48.720 --> 00:35:55.720]  有時候我們發覺不是耶穌有沒有能力去改變我們現在的現況
[00:35:55.720 --> 00:36:03.720]  而是當主耶穌來修復我們生命裡的失地的時候
[00:36:03.720 --> 00:36:08.720]  我們願不願意去承認
[00:36:08.720 --> 00:36:12.720]  願不願意將主權交回給祂
[00:36:12.720 --> 00:36:17.720]  當耶穌說要來修復我們生命的失地的時候
[00:36:17.720 --> 00:36:20.720]  我們願不願意將主權交回給祂
[00:36:20.720 --> 00:36:25.720]  我們願不願意呢?
[00:36:25.720 --> 00:36:30.720]  當我們願意的時候
[00:36:30.720 --> 00:36:38.720]  我們就發現原來我們的生命是很有意義和寶貴的
[00:36:38.720 --> 00:36:41.720]  很有意義和寶貴的
[00:36:41.720 --> 00:36:47.720]  因為無論我們在什麼境況、什麼年紀、處於什麼時候
[00:36:47.720 --> 00:36:50.720]  神告訴我們
[00:36:50.720 --> 00:36:54.720]  祂對我們生命的使命是沒有變過的
[00:36:54.720 --> 00:36:56.720]  無論我們在什麼狀況
[00:36:56.720 --> 00:37:01.720]  祂仍然給我們使命
[00:37:01.720 --> 00:37:04.720]  馬可福音第五章
[00:37:04.720 --> 00:37:09.720]  當耶穌趕走了這個污靈
[00:37:09.720 --> 00:37:12.720]  這個曾經被鬼附身的人
[00:37:12.720 --> 00:37:15.720]  被耶穌治好了之後
[00:37:15.720 --> 00:37:17.720]  他很想跟著耶穌
[00:37:17.720 --> 00:37:19.720]  但是耶穌准不准呢?
[00:37:19.720 --> 00:37:21.720]  耶穌不准
[00:37:21.720 --> 00:37:23.720]  耶穌跟他說:你回家去
[00:37:23.720 --> 00:37:25.720]  到你的親友那裡
[00:37:25.720 --> 00:37:29.720]  將主為你所做多麼大的事
[00:37:29.720 --> 00:37:35.720]  祂怎樣憐憫你都告訴他們
[00:37:35.720 --> 00:37:38.720]  你回家去
[00:37:38.720 --> 00:37:41.720]  這三個字很重要
[00:37:41.720 --> 00:37:43.720]  回家去
[00:37:43.720 --> 00:37:46.720]  以前這個人有沒有家?
[00:37:46.720 --> 00:37:48.720]  沒有家
[00:37:48.720 --> 00:37:51.720]  以前這個人和社區隔絕
[00:37:51.720 --> 00:37:53.720]  被人離棄
[00:37:53.720 --> 00:37:56.720]  現在他可以回去
[00:37:56.720 --> 00:38:00.720]  以前這個人所有人都怕了他
[00:38:00.720 --> 00:38:06.720]  現在耶穌要他成為一個傳揚恩典的人
[00:38:06.720 --> 00:38:11.720]  以前這個人見證著黑暗有多恐怖
[00:38:11.720 --> 00:38:18.720]  現在耶穌讓他見證著恩典是多麼美麗
[00:38:18.720 --> 00:38:20.720]  弟兄姊妹
[00:38:20.720 --> 00:38:24.720]  耶穌恢復我們的生命
[00:38:24.720 --> 00:38:27.720]  祂也恢復我們的使命
[00:38:27.720 --> 00:38:31.720]  祂也是這樣改變我們的生命
[00:38:31.720 --> 00:38:33.720]  五章二十節說
[00:38:33.720 --> 00:38:36.720]  那個人就走了
[00:38:36.720 --> 00:38:38.720]  當然沒有黏著耶穌
[00:38:38.720 --> 00:38:40.720]  耶穌不准怎樣黏著他呢?
[00:38:40.720 --> 00:38:46.720]  但是他開始在底加玻璃傳揚耶穌為他所做的事
[00:38:46.720 --> 00:38:49.720]  眾人受到驚訝
[00:38:49.720 --> 00:38:54.720]  底加玻璃是一個什麼地方?
[00:38:54.720 --> 00:38:58.720]  原來是一個外邦人的地方
[00:38:58.720 --> 00:39:00.720]  大到怎樣呢?
[00:39:00.720 --> 00:39:02.720]  我們看看地圖
[00:39:02.720 --> 00:39:05.720]  粉紅色的地方就是底加玻璃
[00:39:05.720 --> 00:39:10.720]  加里里湖,加里里海,耶穌在那一帶
[00:39:10.720 --> 00:39:12.720]  聖經經常出現的地方
[00:39:12.720 --> 00:39:14.720]  加里里湖那麼大
[00:39:14.720 --> 00:39:18.720]  整個底加玻璃是紫色的地方
[00:39:18.720 --> 00:39:22.720]  原來這個曾經被黑暗捆綁
[00:39:22.720 --> 00:39:25.720]  然後被耶穌恢復的這個人
[00:39:25.720 --> 00:39:31.720]  就是第一個外邦人去傳揚耶穌
[00:39:31.720 --> 00:39:35.720]  第一個外邦人可以傳揚耶穌
[00:39:35.720 --> 00:39:39.720]  弟兄姊妹,這個就是神國的恢復
[00:39:39.720 --> 00:39:44.720]  耶穌來就是這樣修復失地
[00:39:44.720 --> 00:39:47.720]  修復失地
[00:39:47.720 --> 00:39:53.720]  主耶穌來到是要恢復我們每一個人的生命
[00:39:53.720 --> 00:39:59.720]  讓我們恢復神的形象在我們裡面
[00:39:59.720 --> 00:40:02.720]  在經文開始的時候
[00:40:02.720 --> 00:40:05.720]  其實有一句說話不停出現
[00:40:05.720 --> 00:40:10.720]  裡面說到沒有人能夠
[00:40:10.720 --> 00:40:13.720]  看馬可福音時你會看到
[00:40:13.720 --> 00:40:15.720]  沒有人能夠困住他
[00:40:15.720 --> 00:40:17.720]  沒有人能夠制服他
[00:40:17.720 --> 00:40:23.720]  沒有人敢走那條街
[00:40:23.720 --> 00:40:26.720]  但在人看來是沒有希望的
[00:40:26.720 --> 00:40:28.720]  沒有人能夠做到
[00:40:28.720 --> 00:40:32.720]  但耶穌來,耶穌來就要改變
[00:40:32.720 --> 00:40:37.720]  人不能夠做到的,耶穌能夠做到
[00:40:37.720 --> 00:40:45.720]  弟兄姊妹,今天我們心靈裡有什麼被黑暗霸佔了很久?
[00:40:45.720 --> 00:40:48.720]  有什麼被黑暗霸佔了很久?
[00:40:48.720 --> 00:40:52.720]  會不會已經令我們覺得沒有辦法了?
[00:40:52.720 --> 00:40:54.720]  我們的家庭是這樣的了
[00:40:54.720 --> 00:40:57.720]  我們的關係是這樣的了
[00:40:57.720 --> 00:40:59.720]  我們的婚姻是這樣的了
[00:40:59.720 --> 00:41:02.720]  我們的孩子是這樣的了
[00:41:02.720 --> 00:41:07.720]  會不會是一些我們無論如何都撕不掉的恐懼?
[00:41:07.720 --> 00:41:12.720]  很害怕
[00:41:12.720 --> 00:41:17.720]  會不會是一些我們不想改變的習慣?
[00:41:17.720 --> 00:41:21.720]  我們不想改變的習慣
[00:41:21.720 --> 00:41:26.720]  弟兄姊妹,格拉森那些人都是這樣想的
[00:41:26.720 --> 00:41:30.720]  沒有辦法了,這個人被鬼附
[00:41:30.720 --> 00:41:34.720]  格拉森那一區的人習慣了繞路走
[00:41:34.720 --> 00:41:38.720]  習慣了被鬼附的人這麼恐怖
[00:41:38.720 --> 00:41:44.720]  但耶穌沒有繞路走
[00:41:44.720 --> 00:41:54.720]  祂特意從加利利另外一邊乘船去到格拉森這個地方
[00:41:54.720 --> 00:42:00.720]  祂就是要進入黑暗
[00:42:00.720 --> 00:42:04.720]  要取回黑暗霸佔了的地方
[00:42:04.720 --> 00:42:08.720]  今天神也是要在我們生命裡做這件事
[00:42:08.720 --> 00:42:14.720]  我們有什麼被黑暗霸佔了很久?
[00:42:14.720 --> 00:42:22.720]  今天神說祂要來修復我們生命的實地
[00:42:22.720 --> 00:42:27.720]  即是神會跟你說:回家吧
[00:42:27.720 --> 00:42:33.720]  將主為你所做的大事告訴別人
[00:42:33.720 --> 00:42:44.720]  弟兄姊妹,我們願不願意將神在我們生命裡做的大事告訴別人?
[00:42:44.720 --> 00:42:51.720]  黑暗只能夠霸佔一段短的時間
[00:42:51.720 --> 00:43:00.720]  耶穌的心意是來修復人永恆的生命和永恆的使命
[00:43:00.720 --> 00:43:07.720]  弟兄姊妹,我們願不願意被神去修復我們的生命?
[00:43:07.720 --> 00:43:09.720]  我們一起低頭祈禱
[00:43:09.720 --> 00:43:12.720]  親愛的主,我們感謝祢
[00:43:12.720 --> 00:43:21.720]  祢就是那個故意要渡過加里里湖
[00:43:21.720 --> 00:43:27.720]  老遠都要走到來我們身邊的各位神
[00:43:27.720 --> 00:43:33.720]  祢就是這樣要進入我們生命黑暗的地方
[00:43:33.720 --> 00:43:38.720]  為的是要拯救我們的全人
[00:43:38.720 --> 00:43:47.720]  主耶穌,我們生命裡有什麼被黑暗捆綁
[00:43:47.720 --> 00:43:51.720]  有什麼被黑暗籠罩著
[00:43:51.720 --> 00:43:54.720]  祢一一都知道
[00:43:54.720 --> 00:44:04.720]  父啊,所以求祢讓我們像加拉森被鬼附的人
[00:44:04.720 --> 00:44:11.720]  當我們一見到耶穌,祂願意來找我們的時候
[00:44:11.720 --> 00:44:20.720]  我們就衝向祢,跪拜祢,降服在祢的面前
[00:44:20.720 --> 00:44:29.720]  主耶穌,祢最知道我們有多願意去親近祢
[00:44:29.720 --> 00:44:36.720]  祢最知道我們是避開祢,還是奔向祢
[00:44:36.720 --> 00:44:42.720]  父啊,求祢幫助,求祢幫助
[00:44:42.720 --> 00:44:48.720]  多謝祢來修復我們每一個生命的失地
[00:44:48.720 --> 00:44:50.720]  多謝祢聽我們禱告
[00:44:50.720 --> 00:44:54.720]  我們同心禱告奉主耶穌基督的命求
[00:44:54.720 --> 00:44:56.720]  Amen, Amen
