
[00:00:00.000 --> 00:00:03.700]  好,我們回到今天我要分享的題目
[00:00:03.700 --> 00:00:06.200]  分享的題目就是
[00:00:06.200 --> 00:00:09.100]  我們一起來唸好不好
[00:00:09.100 --> 00:00:11.300]  無情世界有晴天
[00:00:11.300 --> 00:00:13.400]  無情世界有晴天
[00:00:13.400 --> 00:00:14.500]  我想分享這個題目
[00:00:14.500 --> 00:00:16.500]  因爲這也是對我自己說的
[00:00:16.500 --> 00:00:18.400]  我們都是軟弱的人
[00:00:18.400 --> 00:00:20.700]  但是有一位愛我們的天父
[00:00:20.700 --> 00:00:23.900]  有一位大有能力慈愛的天父
[00:00:23.900 --> 00:00:26.100]  剛纔所念的經文
[00:00:26.100 --> 00:00:31.700]  其實又回到第一句話就是講到說
[00:00:31.700 --> 00:00:35.400]  這世以後到了猶太人的一個節期
[00:00:35.400 --> 00:00:37.900]  這世以後
[00:00:37.900 --> 00:00:40.800]  在《約翰福音》裏面好幾次說這世以後
[00:00:40.800 --> 00:00:43.600]  這世以後一隔下去就隔了好幾個月
[00:00:43.600 --> 00:00:45.400]  有時候隔了一年
[00:00:45.400 --> 00:00:47.800]  那麼到了一個節期
[00:00:47.800 --> 00:00:49.600]  那麼這個節期
[00:00:49.600 --> 00:00:54.600]  我們知道猶太人一生要參加有三個節期
[00:00:54.600 --> 00:00:56.800]  每一年有三個大節期
[00:00:56.800 --> 00:01:00.800]  都要到耶路撒冷去過節
[00:01:00.800 --> 00:01:03.200]  那麼哪三個節日
[00:01:03.200 --> 00:01:05.200]  我考大家一下
[00:01:05.200 --> 00:01:07.200]  猶太人的弟兄
[00:01:07.200 --> 00:01:08.800]  驢夜節
[00:01:08.800 --> 00:01:10.700]  祝逢節
[00:01:10.700 --> 00:01:12.400]  五旬節
[00:01:12.400 --> 00:01:17.500]  那麼我們通常說耶穌在世界上
[00:01:17.500 --> 00:01:20.000]  到世界上公開傳福音
[00:01:20.000 --> 00:01:20.900]  一共傳了幾年
[00:01:20.900 --> 00:01:22.600]  多久
[00:01:22.600 --> 00:01:24.600]  三年半
[00:01:24.600 --> 00:01:27.000]  你怎麼知道
[00:01:27.000 --> 00:01:29.700]  你看《馬太福音》《馬可福音》《路加福音》
[00:01:29.700 --> 00:01:31.100]  你看都是
[00:01:31.100 --> 00:01:32.800]  就是第一個一到驢夜節
[00:01:32.800 --> 00:01:34.900]  他就到那邊就
[00:01:34.900 --> 00:01:36.900]  就被定十字架了
[00:01:36.900 --> 00:01:38.800]  那就只有一年的時間
[00:01:38.800 --> 00:01:40.600]  但是看《約翰福音》
[00:01:40.600 --> 00:01:43.400]  因爲《約翰福音》是馬太馬可路加寫完以後
[00:01:43.400 --> 00:01:44.800]  過了60年才寫的
[00:01:44.800 --> 00:01:47.200]  這是補充馬太馬可路加的
[00:01:47.200 --> 00:01:50.000]  《約翰福音》裏面就講到說
[00:01:50.000 --> 00:01:52.300]  第二章就講到驢夜節的時候
[00:01:52.300 --> 00:01:53.900]  第六章講到五比二餘的時候
[00:01:53.900 --> 00:01:54.900]  又講到驢夜節
[00:01:54.900 --> 00:01:57.000]  然後到最後十八章又講到
[00:01:57.000 --> 00:01:57.900]  又是驢夜節的時候
[00:01:57.900 --> 00:01:58.900]  耶穌被定十架
[00:01:58.900 --> 00:02:00.400]  是三個驢夜節對不對
[00:02:00.400 --> 00:02:02.500]  那麼在第五章剛纔念
[00:02:02.500 --> 00:02:04.200]  這季以後到了一個節期
[00:02:04.200 --> 00:02:05.400]  這個節期
[00:02:05.400 --> 00:02:08.000]  我們通常猜應該是驢夜節
[00:02:08.000 --> 00:02:09.200]  因爲驢夜節
[00:02:09.200 --> 00:02:12.900]  大節日耶穌會去耶路撒冷
[00:02:12.900 --> 00:02:14.100]  所以四個節日
[00:02:14.100 --> 00:02:16.400]  所以耶穌之前
[00:02:16.400 --> 00:02:18.600]  可能是我們講說半年的傳福音
[00:02:18.600 --> 00:02:21.100]  然後第一個驢夜節
[00:02:21.100 --> 00:02:23.200]  一年兩年三年對不對
[00:02:23.200 --> 00:02:24.700]  那麼說三年半
[00:02:24.700 --> 00:02:26.000]  所以我們這樣纔講說
[00:02:26.000 --> 00:02:31.600]  耶穌在世上公開傳福音
[00:02:31.600 --> 00:02:33.900]  有三年半的時間
[00:02:33.900 --> 00:02:36.600]  因此耶穌是在驢夜節的時候
[00:02:36.600 --> 00:02:38.400]  去耶路撒冷過節
[00:02:38.400 --> 00:02:40.200]  我一般人都喜歡過節對不對
[00:02:40.200 --> 00:02:42.100]  剛過了July 4th
[00:02:42.100 --> 00:02:44.700]  我們的美國國慶日
[00:02:44.700 --> 00:02:47.300]  因爲過節嘛
[00:02:47.300 --> 00:02:49.300]  可以放假嘛對不對
[00:02:49.300 --> 00:02:52.900]  我們過節充滿了歡慶很快樂
[00:02:52.900 --> 00:02:54.000]  那過年的時候
[00:02:54.000 --> 00:02:56.700]  我們在這邊美國比較沒有什麼過年
[00:02:56.700 --> 00:02:59.000]  到臺灣到我們中國大陸
[00:02:59.000 --> 00:03:02.100]  哇我喜歡那種過年的感覺
[00:03:02.100 --> 00:03:04.500]  大家爲了討吉利求平安
[00:03:04.500 --> 00:03:06.800]  大部分人過節的時候
[00:03:06.800 --> 00:03:09.300]  都不想去那個很痛苦的地方
[00:03:09.300 --> 00:03:10.700]  我記得我岳母
[00:03:10.700 --> 00:03:11.600]  她去世的時候
[00:03:11.600 --> 00:03:15.400]  就是剛好是在農曆年的時候
[00:03:15.400 --> 00:03:20.600]  我們鄰居不敢靠近
[00:03:20.600 --> 00:03:22.900]  連那個包那個白包都在門口
[00:03:22.900 --> 00:03:25.200]  嗨要慰問一下
[00:03:25.200 --> 00:03:27.200]  不敢進來就外面都離開了
[00:03:27.200 --> 00:03:30.700]  大家都避開了
[00:03:30.700 --> 00:03:34.200]  但是我們都希望聽到
[00:03:34.200 --> 00:03:36.800]  過年的時候是聽吉祥的話啦
[00:03:36.800 --> 00:03:37.900]  年齡有餘啦
[00:03:37.900 --> 00:03:40.200]  大富大貴的這些的話語
[00:03:40.200 --> 00:03:41.600]  但是耶穌很特別
[00:03:41.600 --> 00:03:44.300]  耶穌過節他沒有去大喫大喝
[00:03:44.300 --> 00:03:45.500]  沒有去看煙火
[00:03:45.500 --> 00:03:47.800]  他卻是一個非常困難的
[00:03:47.800 --> 00:03:48.800]  有需要的
[00:03:48.800 --> 00:03:50.500]  一些走投無路的
[00:03:50.500 --> 00:03:52.000]  沒有希望的人當中
[00:03:52.000 --> 00:03:52.800]  因爲什麼
[00:03:52.800 --> 00:03:54.100]  他過節的時候
[00:03:54.100 --> 00:03:56.700]  他到了一個醫院去探訪
[00:03:56.700 --> 00:03:59.300]  這個醫院是全世界最特別的醫院
[00:03:59.300 --> 00:04:01.100]  因爲有很多很多病人
[00:04:01.100 --> 00:04:04.500]  沒有一個醫生
[00:04:04.500 --> 00:04:10.300]  我們來看
[00:04:10.300 --> 00:04:11.400]  特別的醫院
[00:04:11.400 --> 00:04:13.200]  這個特別的醫院
[00:04:13.200 --> 00:04:15.000]  沒有醫生
[00:04:15.000 --> 00:04:18.300]  但卻有很多的病人
[00:04:18.300 --> 00:04:21.900]  我們來唸一下第三節到第四節
[00:04:21.900 --> 00:04:24.400]  裏面躺着瞎眼的
[00:04:24.400 --> 00:04:25.400]  缺腿的
[00:04:25.400 --> 00:04:27.900]  血氣枯乾的許多病人
[00:04:27.900 --> 00:04:29.600]  等候水洞
[00:04:29.600 --> 00:04:32.600]  因爲有天使暗時下池子
[00:04:32.600 --> 00:04:33.800]  攪動那水
[00:04:33.800 --> 00:04:35.200]  水洞之後
[00:04:35.200 --> 00:04:36.500]  誰先下去
[00:04:36.500 --> 00:04:38.000]  我能害什麼
[00:04:38.000 --> 00:04:39.400]  病就痊癒了
[00:04:39.400 --> 00:04:43.400]  我不討論這個醫病的方式是怎麼樣
[00:04:43.400 --> 00:04:44.600]  但聖經這麼寫
[00:04:44.600 --> 00:04:48.400]  顯然這裏發生過很神機的奇事
[00:04:48.400 --> 00:04:50.600]  醫治的神機在這裏
[00:04:50.600 --> 00:04:52.100]  不然不會吸引那麼多人
[00:04:52.100 --> 00:04:54.200]  在池子旁邊等候
[00:04:54.200 --> 00:04:59.100]  到底天使多久攪動一下池子
[00:04:59.100 --> 00:05:00.600]  每個禮拜
[00:05:00.600 --> 00:05:02.000]  或是每個月
[00:05:02.000 --> 00:05:03.200]  沒有講
[00:05:03.200 --> 00:05:04.500]  聖經只說
[00:05:04.500 --> 00:05:06.800]  天使攪動池子的時候
[00:05:06.800 --> 00:05:11.000]  誰先得到醫治
[00:05:11.000 --> 00:05:11.800]  第一個下去
[00:05:11.800 --> 00:05:14.000]  水裏面的人得到醫治
[00:05:14.000 --> 00:05:15.900]  所以想想看
[00:05:15.900 --> 00:05:19.800]  哪種病人會來到這個醫院
[00:05:19.800 --> 00:05:20.700]  會來到
[00:05:20.700 --> 00:05:24.200]  哪種病人會來到這個醫院
[00:05:24.200 --> 00:05:26.700]  就是四處就醫
[00:05:26.700 --> 00:05:28.100]  不得醫治的病人
[00:05:28.100 --> 00:05:29.700]  病最重的病人
[00:05:29.700 --> 00:05:31.100]  或是很窮困
[00:05:31.100 --> 00:05:33.000]  沒有錢去找醫生的
[00:05:33.000 --> 00:05:35.300]  這種人會來這邊求診
[00:05:35.300 --> 00:05:38.000]  我想說這個醫院是充滿了
[00:05:38.000 --> 00:05:40.900]  病情最重的最窮的人
[00:05:40.900 --> 00:05:43.000]  這個醫院有一個特別的名稱
[00:05:43.000 --> 00:05:46.000]  叫什麼
[00:05:46.000 --> 00:05:47.500]  叫畢師大
[00:05:47.500 --> 00:05:50.200]  各位知道畢師大什麼意思嗎
[00:05:50.200 --> 00:05:51.400]  畢師大
[00:05:51.400 --> 00:05:53.700]  意思叫憐憫之屋
[00:05:53.700 --> 00:05:55.800]  House of Mercy
[00:05:55.800 --> 00:05:57.900]  病人由衷的希望
[00:05:57.900 --> 00:06:00.900]  在這裏得到上帝的憐憫
[00:06:00.900 --> 00:06:02.000]  因爲在那裏
[00:06:02.000 --> 00:06:04.600]  在其他地方找不到憐憫
[00:06:04.600 --> 00:06:06.200]  可以幫助他們的人
[00:06:06.200 --> 00:06:08.200]  所以他們來到畢師大
[00:06:08.200 --> 00:06:10.600]  因爲這裏有上帝的憐憫
[00:06:10.600 --> 00:06:13.700]  那天耶穌主動的來到這個
[00:06:13.700 --> 00:06:18.600]  充滿了貧窮苦難絕症的病人
[00:06:18.600 --> 00:06:20.900]  通常耶穌一出現的時候
[00:06:20.900 --> 00:06:22.000]  衆人怎麼樣
[00:06:22.000 --> 00:06:23.900]  蜂擁圍繞祂
[00:06:23.900 --> 00:06:25.200]  擁擠祂
[00:06:25.200 --> 00:06:28.500]  看到十二年血肉婦人就知道
[00:06:28.500 --> 00:06:30.300]  到處人擁擠祂
[00:06:30.300 --> 00:06:32.000]  你看甚至無名惡意說
[00:06:32.000 --> 00:06:34.600]  跟祂到曠野地方去了
[00:06:34.600 --> 00:06:36.500]  但是這裏看到
[00:06:36.500 --> 00:06:38.400]  好像這些人
[00:06:38.400 --> 00:06:40.700]  耶穌親自來到這裏
[00:06:40.700 --> 00:06:42.900]  這些人都很需要幫助的
[00:06:42.900 --> 00:06:44.800]  他們卻沒有去找耶穌
[00:06:44.800 --> 00:06:46.600]  爲什麼
[00:06:46.600 --> 00:06:49.600]  因爲他們不是去找
[00:06:49.600 --> 00:06:50.300]  不找耶穌
[00:06:50.300 --> 00:06:54.300]  因爲他們的盼望都放在那個池子
[00:06:54.300 --> 00:06:55.900]  他們專心注意
[00:06:55.900 --> 00:06:59.300]  池水什麼時候動
[00:06:59.300 --> 00:07:00.400]  全能的上帝
[00:07:00.400 --> 00:07:04.500]  來到這一羣沒有盼望的人當中
[00:07:04.500 --> 00:07:06.700]  這些人不求耶穌的幫助
[00:07:06.700 --> 00:07:08.500]  這是很大的諷刺
[00:07:08.500 --> 00:07:11.400]  其實跟今天的世界的情況很相像
[00:07:11.400 --> 00:07:12.400]  對不對
[00:07:12.400 --> 00:07:14.900]  因爲今天很多人生活很愁苦
[00:07:14.900 --> 00:07:16.100]  有很多的憂慮
[00:07:16.100 --> 00:07:17.500]  很多的重擔
[00:07:17.500 --> 00:07:18.700]  但不僅是窮人
[00:07:18.700 --> 00:07:19.800]  很多有錢人
[00:07:19.800 --> 00:07:21.000]  很多有高學位的人
[00:07:21.000 --> 00:07:22.500]  還是一樣的
[00:07:22.500 --> 00:07:24.100]  這些人用各種方式
[00:07:24.100 --> 00:07:26.900]  來解決心中的痛苦
[00:07:26.900 --> 00:07:28.200]  有人是拼命賺錢
[00:07:28.200 --> 00:07:29.400]  有人是用毒品
[00:07:29.400 --> 00:07:30.900]  喝酒打麻將
[00:07:30.900 --> 00:07:32.300]  有人是唱卡拉OK
[00:07:32.300 --> 00:07:34.400]  有各種宗教拜偶像
[00:07:34.400 --> 00:07:35.400]  不同的方式
[00:07:35.400 --> 00:07:37.700]  但是沒有一個人
[00:07:37.700 --> 00:07:40.700]  可以從那裏得到真正的解決
[00:07:40.700 --> 00:07:42.600]  這些活在痛苦當中
[00:07:42.600 --> 00:07:44.100]  沒有人來找耶穌
[00:07:44.100 --> 00:07:47.300]  但是耶穌卻親自來到他們當中
[00:07:47.300 --> 00:07:49.000]  來到避世大池
[00:07:49.000 --> 00:07:50.800]  他注意到有一個人
[00:07:50.800 --> 00:07:52.900]  病了38年
[00:07:52.900 --> 00:07:54.400]  38年
[00:07:54.400 --> 00:07:57.600]  耶穌說知道他病了38年
[00:07:57.600 --> 00:07:59.700]  所以耶穌主動來找他
[00:07:59.700 --> 00:08:01.200]  耶穌關心他
[00:08:01.200 --> 00:08:01.900]  請問
[00:08:01.900 --> 00:08:02.800]  我考大家
[00:08:02.800 --> 00:08:05.600]  耶穌就對他說了三句話
[00:08:05.600 --> 00:08:06.400]  還記得嗎
[00:08:06.400 --> 00:08:09.500]  哪三句話
[00:08:09.500 --> 00:08:13.000]  耶穌第一句話問他說什麼
[00:08:13.000 --> 00:08:15.200]  你要全語嗎
[00:08:15.200 --> 00:08:15.600]  對不起
[00:08:15.600 --> 00:08:20.100]  我都沒有
[00:08:20.100 --> 00:08:20.800]  你要全語嗎
[00:08:20.800 --> 00:08:24.600]  那第二句話呢
[00:08:24.600 --> 00:08:25.500]  起來
[00:08:25.500 --> 00:08:26.400]  拿起你的鹿子
[00:08:26.400 --> 00:08:27.500]  走吧
[00:08:27.500 --> 00:08:30.800]  第三句話呢
[00:08:30.800 --> 00:08:31.900]  你已經全語了
[00:08:31.900 --> 00:08:33.100]  不要再犯罪了
[00:08:33.100 --> 00:08:35.900]  恐怕你遭遇的更加厲害
[00:08:35.900 --> 00:08:36.100]  好
[00:08:36.100 --> 00:08:38.000]  我們今天很簡單
[00:08:38.000 --> 00:08:39.900]  就從耶穌的三句話
[00:08:39.900 --> 00:08:40.400]  很簡單
[00:08:40.400 --> 00:08:41.600]  耶穌只有講三句
[00:08:41.600 --> 00:08:43.200]  很簡短有力的話
[00:08:43.200 --> 00:08:44.600]  但是主耶穌
[00:08:44.600 --> 00:08:46.700]  祂是道神肉身的神
[00:08:46.700 --> 00:08:47.600]  所以祂每一句話
[00:08:47.600 --> 00:08:49.800]  每一個字都帶着全秉
[00:08:49.800 --> 00:08:50.700]  帶着力量
[00:08:50.700 --> 00:08:51.800]  很有意義的
[00:08:51.800 --> 00:08:54.000]  我們先來講第一句話
[00:08:54.000 --> 00:08:57.700]  耶穌問他說你要全語嗎
[00:08:57.700 --> 00:09:02.500]  耶穌望着那個躺在池子旁邊的那個攤子說
[00:09:02.500 --> 00:09:04.700]  你要全語嗎
[00:09:04.700 --> 00:09:08.200]  耶穌知道這個人已經病了三十八年
[00:09:08.200 --> 00:09:12.400]  耶穌問這句話不是有點太可笑了嗎
[00:09:12.400 --> 00:09:15.600]  哪個病人不想得全語了
[00:09:15.600 --> 00:09:17.700]  耶穌知道還要問他
[00:09:17.700 --> 00:09:20.100]  好像你到餐廳一坐下來
[00:09:20.100 --> 00:09:22.600]  那個waiter就跑來問他
[00:09:22.600 --> 00:09:26.500]  先生你是要來喫飯了嗎
[00:09:26.500 --> 00:09:29.000]  好像你去醫院掛門診了
[00:09:29.000 --> 00:09:33.500]  那醫生說你是要來看門診嗎
[00:09:33.500 --> 00:09:37.000]  好像說你去乞丐旁邊
[00:09:37.000 --> 00:09:38.500]  我們的homeless在旁邊
[00:09:38.500 --> 00:09:39.800]  跟你伸手
[00:09:39.800 --> 00:09:43.000]  你是要錢是不是
[00:09:43.000 --> 00:09:44.400]  明知故問嘛
[00:09:44.400 --> 00:09:48.100]  那請問一個病了三十八年的人
[00:09:48.100 --> 00:09:50.900]  最迫切的需要是什麼
[00:09:50.900 --> 00:09:52.200]  要得醫治嘛
[00:09:52.200 --> 00:09:55.300]  但是全能全知的耶穌基督
[00:09:55.300 --> 00:09:58.200]  他不知道會問這句話嗎
[00:09:58.200 --> 00:10:01.300]  那耶穌是明知故問嗎
[00:10:01.300 --> 00:10:04.300]  耶穌也沒有機會廢話對不對
[00:10:04.300 --> 00:10:06.300]  所以耶穌的意思
[00:10:06.300 --> 00:10:09.100]  就第一句話的意思是什麼
[00:10:09.100 --> 00:10:13.200]  這問題顯露出這個人生命的光景
[00:10:13.200 --> 00:10:15.600]  那個人自己沒有察覺
[00:10:15.600 --> 00:10:17.600]  因爲他病了三十八年
[00:10:17.600 --> 00:10:19.900]  他早已經失去了盼望
[00:10:19.900 --> 00:10:23.800]  我們俗語說哀莫大於心死
[00:10:23.800 --> 00:10:25.800]  你每次都名落深山
[00:10:25.800 --> 00:10:28.300]  哇我考大考
[00:10:28.300 --> 00:10:29.700]  我考高考
[00:10:29.700 --> 00:10:31.100]  我考國家的考試
[00:10:31.100 --> 00:10:32.000]  我一次沒有考上
[00:10:32.000 --> 00:10:32.700]  第二次沒考上
[00:10:32.700 --> 00:10:34.700]  三次四次五次
[00:10:34.700 --> 00:10:35.900]  十次沒有考上
[00:10:35.900 --> 00:10:37.100]  十二次也沒考上
[00:10:37.100 --> 00:10:38.300]  第十三次我去
[00:10:38.300 --> 00:10:39.600]  請問我去考試的時候
[00:10:39.600 --> 00:10:41.500]  我心裏怎麼講
[00:10:41.500 --> 00:10:43.700]  反正跟上次一樣
[00:10:43.700 --> 00:10:45.200]  反正也是一樣的
[00:10:45.200 --> 00:10:46.100]  不可能的
[00:10:46.100 --> 00:10:48.900]  甚至他可能就沒有勇氣再去考
[00:10:48.900 --> 00:10:50.200]  同樣的
[00:10:50.200 --> 00:10:51.500]  經商失敗的
[00:10:51.500 --> 00:10:52.800]  一次兩次三次
[00:10:52.800 --> 00:10:53.800]  到最後
[00:10:53.800 --> 00:10:55.000]  他的朋友他的親戚
[00:10:55.000 --> 00:10:57.300]  看到他就躲了對不對
[00:10:57.300 --> 00:11:03.000]  請問他還有東山再起的那種盼望嗎
[00:11:03.000 --> 00:11:03.800]  同樣的
[00:11:03.800 --> 00:11:05.200]  病了三十八年
[00:11:05.200 --> 00:11:07.900]  你請問他這個人還會巴望
[00:11:07.900 --> 00:11:11.100]  我還可以得到醫治嗎
[00:11:11.100 --> 00:11:13.500]  他的心已經絕望了
[00:11:13.500 --> 00:11:15.300]  他自我放棄了
[00:11:15.300 --> 00:11:17.700]  所以避世大憐憫之家
[00:11:17.700 --> 00:11:18.900]  名字很好聽
[00:11:18.900 --> 00:11:24.100]  可是避世大是一個非常缺乏憐憫的地方
[00:11:24.100 --> 00:11:26.600]  就像是罪惡的世界
[00:11:26.600 --> 00:11:28.900]  因爲避世大是最重
[00:11:28.900 --> 00:11:30.200]  最需要憐憫
[00:11:30.200 --> 00:11:32.400]  沒有錢就醫的窮人
[00:11:32.400 --> 00:11:36.100]  他們指望水洞的神機
[00:11:36.100 --> 00:11:37.900]  可是想想看那個場面
[00:11:37.900 --> 00:11:41.200]  各位想想看那個場面
[00:11:41.200 --> 00:11:43.400]  城市旁邊有各種病人
[00:11:43.400 --> 00:11:44.500]  有血氣枯乾的
[00:11:44.500 --> 00:11:47.700]  有瘸腿的有瞎眼的
[00:11:47.700 --> 00:11:53.100]  甚至有伴身不睡的
[00:11:53.100 --> 00:11:54.700]  他們在旁邊
[00:11:54.700 --> 00:11:56.200]  都圍在池子旁邊
[00:11:56.200 --> 00:11:59.600]  隨時怎麼樣
[00:11:59.600 --> 00:12:01.000]  只要池水一動
[00:12:01.000 --> 00:12:06.600]  他馬上就要跳下去
[00:12:06.600 --> 00:12:08.800]  各位想想那個光景
[00:12:08.800 --> 00:12:10.500]  我叫你發揮想象力
[00:12:10.500 --> 00:12:12.500]  想想那個光景
[00:12:12.500 --> 00:12:16.000]  哇 突然間有一個聲音大聲
[00:12:16.000 --> 00:12:17.800]  水洞了
[00:12:17.800 --> 00:12:19.500]  怎麼樣
[00:12:19.500 --> 00:12:22.000]  搶啊 踢啊 扯啊 拉啊
[00:12:22.000 --> 00:12:24.200]  什麼都有對不對
[00:12:24.200 --> 00:12:26.600]  結果呢
[00:12:26.600 --> 00:12:27.300]  會不會說
[00:12:27.300 --> 00:12:28.000]  Lady first
[00:12:28.000 --> 00:12:33.000]  會不會這樣
[00:12:33.000 --> 00:12:38.000]  請問結果誰最先下水
[00:12:38.000 --> 00:12:39.200]  最強壯的
[00:12:39.200 --> 00:12:40.200]  跑得最快的
[00:12:40.200 --> 00:12:41.400]  演最尖的
[00:12:41.400 --> 00:12:43.000]  耳朵鈴的
[00:12:43.000 --> 00:12:49.000]  結果哪種病人得到冠軍
[00:12:49.000 --> 00:12:50.400]  香港角
[00:12:50.400 --> 00:12:52.500]  瞎眼
[00:12:52.500 --> 00:12:53.800]  喉嚨痛
[00:12:53.800 --> 00:12:54.700]  皮膚癢
[00:12:54.700 --> 00:12:55.300]  鼻子過敏
[00:12:55.300 --> 00:12:58.800]  可能跑最快對不對
[00:12:58.800 --> 00:12:59.500]  他雖然有病
[00:12:59.500 --> 00:13:01.500]  但病不嚴重
[00:13:01.500 --> 00:13:02.800]  所以他能殺出重圍
[00:13:02.800 --> 00:13:05.300]  第一個跳到水裏面去
[00:13:05.300 --> 00:13:08.100]  那真是一個驚心動魄的場面
[00:13:08.100 --> 00:13:08.900]  聽到一個水洞
[00:13:08.900 --> 00:13:11.600]  咔咔咔咔下去了
[00:13:11.600 --> 00:13:14.500]  要出動救生員去打撈一下
[00:13:14.500 --> 00:13:16.900]  不然怎麼
[00:13:16.900 --> 00:13:20.900]  會死成一片
[00:13:20.900 --> 00:13:23.200]  不是最需要醫治的人
[00:13:23.200 --> 00:13:25.000]  卻先得到醫治
[00:13:25.000 --> 00:13:26.400]  最需要醫治的人
[00:13:26.400 --> 00:13:28.200]  卻得不到醫治
[00:13:28.200 --> 00:13:32.500]  我們的世界不是這樣嗎
[00:13:32.500 --> 00:13:33.400]  最需要幫助
[00:13:33.400 --> 00:13:34.800]  最需要憐憫的人
[00:13:34.800 --> 00:13:36.700]  很少人伸手去幫助他
[00:13:36.700 --> 00:13:38.700]  去憐憫他
[00:13:38.700 --> 00:13:39.500]  最需要鼓勵
[00:13:39.500 --> 00:13:41.200]  最需要安慰的人
[00:13:41.200 --> 00:13:42.200]  很少人給他們鼓勵
[00:13:42.200 --> 00:13:44.000]  給他們安慰
[00:13:44.000 --> 00:13:45.600]  反過來
[00:13:45.600 --> 00:13:46.500]  美麗的
[00:13:46.500 --> 00:13:49.200]  掌聲已經夠多了
[00:13:49.200 --> 00:13:50.000]  能幹的
[00:13:50.000 --> 00:13:51.200]  錢已經多了
[00:13:51.200 --> 00:13:52.400]  多得不得了了
[00:13:52.400 --> 00:13:53.000]  繼續的
[00:13:53.000 --> 00:13:54.400]  會把更多的掌聲
[00:13:54.400 --> 00:13:56.100]  更多的錢財
[00:13:56.100 --> 00:13:58.700]  不斷的來加給他們
[00:13:58.700 --> 00:13:59.800]  各位想想看
[00:13:59.800 --> 00:14:03.800]  這個38年的處境如何
[00:14:03.800 --> 00:14:05.100]  也許他38年
[00:14:05.100 --> 00:14:08.700]  他從小 可能是從小
[00:14:08.700 --> 00:14:10.600]  他就癱瘓
[00:14:10.600 --> 00:14:12.100]  那麼誰會陪他來
[00:14:12.100 --> 00:14:14.800]  來到這個池子旁邊呢
[00:14:14.800 --> 00:14:16.400]  爸爸媽媽
[00:14:16.400 --> 00:14:18.900]  爸爸媽媽家裏窮
[00:14:18.900 --> 00:14:21.700]  就把孩子就在池子旁邊
[00:14:21.700 --> 00:14:23.900]  等候神機得到醫治
[00:14:23.900 --> 00:14:25.200]  所以呢
[00:14:25.200 --> 00:14:26.300]  你可以想想看
[00:14:26.300 --> 00:14:29.000]  爸爸媽媽要輪流看着這個孩子
[00:14:29.000 --> 00:14:32.400]  因爲準備隨時要衝下水裏面
[00:14:32.400 --> 00:14:34.700]  隨時都把他扔到水裏面去了
[00:14:34.700 --> 00:14:36.200]  結果呢
[00:14:36.200 --> 00:14:38.200]  晚上不敢睡覺
[00:14:38.200 --> 00:14:39.200]  一直守夜
[00:14:39.200 --> 00:14:41.500]  你守一到三小時
[00:14:41.500 --> 00:14:42.700]  一到三點
[00:14:42.700 --> 00:14:44.800]  我三點到六點鐘
[00:14:44.800 --> 00:14:46.400]  每天都這樣
[00:14:46.400 --> 00:14:47.900]  可是一次兩次
[00:14:47.900 --> 00:14:51.300]  每次都沒有搶到第一名
[00:14:51.300 --> 00:14:52.400]  一天兩天
[00:14:52.400 --> 00:14:53.500]  一個禮拜兩個禮拜
[00:14:53.500 --> 00:14:54.500]  一個月兩個月
[00:14:54.500 --> 00:14:55.700]  一年兩年
[00:14:55.700 --> 00:14:58.800]  怎麼樣
[00:14:58.800 --> 00:14:59.700]  最後呢
[00:14:59.700 --> 00:15:00.800]  他跟孩子說
[00:15:00.800 --> 00:15:01.800]  孩子
[00:15:01.800 --> 00:15:03.000]  實在沒有辦法
[00:15:03.000 --> 00:15:04.800]  爸爸媽媽愛你
[00:15:04.800 --> 00:15:06.700]  可是我還要照顧你的弟弟妹妹
[00:15:06.700 --> 00:15:07.500]  對不對
[00:15:07.500 --> 00:15:08.500]  爸爸還要去工作
[00:15:08.500 --> 00:15:09.200]  對不對
[00:15:09.200 --> 00:15:10.700]  我們還有家
[00:15:10.700 --> 00:15:12.400]  所以上帝愛你
[00:15:12.400 --> 00:15:14.000]  爲你禱告
[00:15:14.000 --> 00:15:14.900]  再見了
[00:15:14.900 --> 00:15:17.000]  靠你自己了
[00:15:17.000 --> 00:15:17.700]  後來呢
[00:15:17.700 --> 00:15:19.700]  可能有他的朋友
[00:15:19.700 --> 00:15:20.800]  小時候一起長大的
[00:15:20.800 --> 00:15:21.500]  鄰居啦
[00:15:21.500 --> 00:15:22.900]  朋友啦
[00:15:22.900 --> 00:15:23.600]  我幫你
[00:15:23.600 --> 00:15:25.200]  兄弟嘛
[00:15:25.200 --> 00:15:26.900]  一個月
[00:15:26.900 --> 00:15:28.400]  兩個月以下去
[00:15:28.400 --> 00:15:31.000]  對不起啊
[00:15:31.000 --> 00:15:32.500]  我實在也很愛你
[00:15:32.500 --> 00:15:33.500]  很想幫助你
[00:15:33.500 --> 00:15:34.100]  但是啊
[00:15:34.100 --> 00:15:36.000]  我還要上班啊
[00:15:36.000 --> 00:15:37.800]  我還有家人啊
[00:15:37.800 --> 00:15:39.600]  我還有孩子要養啊
[00:15:39.600 --> 00:15:40.500]  所以對不起
[00:15:40.500 --> 00:15:42.000]  上帝愛你
[00:15:42.000 --> 00:15:42.800]  上帝愛你
[00:15:42.800 --> 00:15:44.100]  你好自爲之吧
[00:15:44.100 --> 00:15:46.400]  一個一個的離去
[00:15:46.400 --> 00:15:49.300]  所以當這個病人回答耶穌
[00:15:49.300 --> 00:15:50.600]  怎麼說
[00:15:50.600 --> 00:15:52.000]  他說先生
[00:15:52.000 --> 00:15:53.000]  我們起念
[00:15:53.000 --> 00:15:54.000]  先生
[00:15:54.000 --> 00:15:55.500]  水洞的時候
[00:15:55.500 --> 00:15:57.600]  沒有人把我放在池子裏
[00:15:57.600 --> 00:16:01.700]  我正去的時候
[00:16:01.700 --> 00:16:04.100]  所以他不是沒有求生的意志
[00:16:04.100 --> 00:16:06.600]  只是苦於沒有能力
[00:16:06.600 --> 00:16:07.500]  已經沒有家人
[00:16:07.500 --> 00:16:08.500]  沒有朋友
[00:16:08.500 --> 00:16:11.400]  可以長期給他伸出援手
[00:16:11.400 --> 00:16:12.400]  頭幾年
[00:16:12.400 --> 00:16:14.500]  他可能還有些要掙扎一下
[00:16:14.500 --> 00:16:16.800]  爭取下水得醫治
[00:16:16.800 --> 00:16:17.500]  到後來
[00:16:17.500 --> 00:16:19.100]  後來幾年怎麼樣
[00:16:19.100 --> 00:16:20.200]  當聽到水洞的時候
[00:16:20.200 --> 00:16:21.300]  他現在就抱怨
[00:16:21.300 --> 00:16:23.200]  反正也輪不到我
[00:16:23.200 --> 00:16:25.700]  反正也不是我
[00:16:25.700 --> 00:16:26.600]  所以
[00:16:26.600 --> 00:16:27.300]  各位想想看
[00:16:27.300 --> 00:16:28.700]  因爲他還徹底絕望
[00:16:28.700 --> 00:16:30.600]  他心已經死了
[00:16:30.600 --> 00:16:32.600]  這就是耶穌來到的
[00:16:32.600 --> 00:16:34.700]  這一個避世大憐憫之家
[00:16:34.700 --> 00:16:35.800]  一個你爭我斷
[00:16:35.800 --> 00:16:39.000]  你死我活的世界
[00:16:39.000 --> 00:16:42.700]  這也不是我們今天活生生的世界的寫照嗎
[00:16:42.700 --> 00:16:43.600]  當耶穌說
[00:16:43.600 --> 00:16:45.900]  你要痊癒嗎
[00:16:45.900 --> 00:16:48.200]  你說我
[00:16:48.200 --> 00:16:49.400]  我不能
[00:16:49.400 --> 00:16:51.900]  我已經失去了盼望
[00:16:51.900 --> 00:16:53.600]  我想要
[00:16:53.600 --> 00:16:55.800]  但是我不能
[00:16:55.800 --> 00:16:57.200]  但是耶穌問這句話
[00:16:57.200 --> 00:16:58.100]  你要痊癒嗎
[00:16:58.100 --> 00:17:01.100]  因爲耶穌還有一個積極的意思在裏面
[00:17:01.100 --> 00:17:03.400]  耶穌的意思是什麼
[00:17:03.400 --> 00:17:04.200]  你不能
[00:17:04.200 --> 00:17:05.700]  我能
[00:17:05.700 --> 00:17:06.800]  感謝主
[00:17:06.800 --> 00:17:09.500]  耶穌來到這個無情罪惡的世界
[00:17:09.500 --> 00:17:11.000]  是要將我們從黑暗
[00:17:11.000 --> 00:17:12.000]  從恐懼
[00:17:12.000 --> 00:17:13.000]  從絕望
[00:17:13.000 --> 00:17:15.300]  從痛苦裏面拯救出來
[00:17:15.300 --> 00:17:18.900]  因爲耶穌是使人有盼望的神
[00:17:18.900 --> 00:17:20.200]  各位還記得嗎
[00:17:20.200 --> 00:17:22.300]  當耶穌第一次出來的時候
[00:17:22.300 --> 00:17:23.400]  他在加百農
[00:17:23.400 --> 00:17:24.600]  站在會堂裏面
[00:17:24.600 --> 00:17:26.500]  他第一次就使命宣言
[00:17:26.500 --> 00:17:27.600]  他怎麼說
[00:17:27.600 --> 00:17:28.600]  耶穌的使命宣言
[00:17:28.600 --> 00:17:29.200]  第一次
[00:17:29.200 --> 00:17:29.900]  他就說
[00:17:29.900 --> 00:17:31.100]  他在路加福音就說
[00:17:31.100 --> 00:17:32.900]  他主的靈在我身上
[00:17:32.900 --> 00:17:34.400]  他翻開以賽亞書
[00:17:34.400 --> 00:17:36.400]  叫我傳福音給貧窮人
[00:17:36.400 --> 00:17:38.100]  猜測我報告
[00:17:38.100 --> 00:17:39.600]  被辱的得釋放
[00:17:39.600 --> 00:17:41.000]  瞎眼的得看見
[00:17:41.000 --> 00:17:43.600]  叫受壓制的得自由
[00:17:43.600 --> 00:17:45.900]  報告神約納人的喜憐
[00:17:45.900 --> 00:17:48.600]  今天這個經就應驗在你們
[00:17:48.600 --> 00:17:50.800]  你們的耳中了
[00:17:50.800 --> 00:17:53.700]  所以很多人因爲病了太久了
[00:17:53.700 --> 00:17:56.000]  一直不再有盼望了
[00:17:56.000 --> 00:17:57.500]  所以當耶穌問他說
[00:17:57.500 --> 00:17:59.500]  你要痊癒嗎
[00:17:59.500 --> 00:18:02.200]  不僅顯露出這個人生命的光景
[00:18:02.200 --> 00:18:03.200]  更重要的是
[00:18:03.200 --> 00:18:05.300]  耶穌的意思是要點燃
[00:18:05.300 --> 00:18:09.600]  他裏面得醫治的盼望
[00:18:09.600 --> 00:18:10.500]  耶穌這句話
[00:18:10.500 --> 00:18:12.500]  好像突然間觸摸到
[00:18:12.500 --> 00:18:14.400]  這個病了38年
[00:18:14.400 --> 00:18:17.400]  生命深處的那個根
[00:18:17.400 --> 00:18:20.200]  他起初盼望得醫治的
[00:18:20.200 --> 00:18:21.500]  是盼望什麼
[00:18:21.500 --> 00:18:23.900]  這個恥止
[00:18:23.900 --> 00:18:25.100]  但是現在呢
[00:18:25.100 --> 00:18:27.600]  他看到耶穌看他臉旁
[00:18:27.600 --> 00:18:30.200]  愛他關心他的
[00:18:30.200 --> 00:18:32.400]  他改變了
[00:18:32.400 --> 00:18:37.100]  換一個心得醫治的源頭
[00:18:37.100 --> 00:18:39.100]  他看到站在前面
[00:18:39.100 --> 00:18:40.900]  是不是就是他素來等候的
[00:18:40.900 --> 00:18:42.400]  那一位呢
[00:18:42.400 --> 00:18:45.500]  我幫各位瞭解一下
[00:18:45.500 --> 00:18:48.000]  這個問題的背後
[00:18:48.000 --> 00:18:50.900]  深藏着很深的含義
[00:18:50.900 --> 00:18:52.400]  那含義就是
[00:18:52.400 --> 00:18:54.100]  耶穌的心
[00:18:54.100 --> 00:18:55.600]  耶穌的愛
[00:18:55.600 --> 00:18:57.800]  耶穌的渴望
[00:18:57.800 --> 00:19:00.600]  照天地萬物同管萬有的神
[00:19:00.600 --> 00:19:02.800]  萬王之王萬主之主
[00:19:02.800 --> 00:19:05.500]  親自來到他的百姓面前說
[00:19:05.500 --> 00:19:07.400]  你要痊癒嗎
[00:19:07.400 --> 00:19:11.100]  你要不要痊癒
[00:19:11.100 --> 00:19:12.800]  顯示神的慈愛
[00:19:12.800 --> 00:19:16.100]  顯示神要帶來給我們新的盼望
[00:19:16.100 --> 00:19:18.200]  事實上耶穌
[00:19:18.200 --> 00:19:19.500]  同樣像
[00:19:19.500 --> 00:19:21.000]  我們在場很多人
[00:19:21.000 --> 00:19:23.500]  講過同樣的話
[00:19:23.500 --> 00:19:26.400]  你要痊癒嗎
[00:19:26.400 --> 00:19:29.900]  你要痊癒嗎
[00:19:29.900 --> 00:19:34.200]  這些話會挑起我們很多風塵往事
[00:19:34.200 --> 00:19:37.500]  喚起我們很多深藏的記憶
[00:19:37.500 --> 00:19:39.000]  也許是你的婚姻
[00:19:39.000 --> 00:19:41.400]  也許是你長期的病痛
[00:19:41.400 --> 00:19:43.700]  也許是你無解的人際關係
[00:19:43.700 --> 00:19:45.100]  你事業的難處
[00:19:45.100 --> 00:19:46.600]  無奈的工作的壓力
[00:19:46.600 --> 00:19:48.000]  你的財務的狀況
[00:19:48.000 --> 00:19:51.600]  或者你糾纏你很久的壞習慣
[00:19:51.600 --> 00:19:53.600]  但是介入一個事實
[00:19:53.600 --> 00:19:57.300]  我們幾乎都已經喪失了盼望了
[00:19:57.300 --> 00:19:58.900]  我不能
[00:19:58.900 --> 00:20:02.000]  但是這句話就帶來好消息
[00:20:02.000 --> 00:20:03.100]  你不能
[00:20:03.100 --> 00:20:05.100]  耶穌能
[00:20:05.100 --> 00:20:05.700]  你不能
[00:20:05.700 --> 00:20:06.300]  耶穌能
[00:20:06.300 --> 00:20:07.800]  祂能夠幫助你
[00:20:07.800 --> 00:20:08.900]  我們一起來說好不好
[00:20:08.900 --> 00:20:09.600]  我不能
[00:20:09.600 --> 00:20:12.600]  耶穌能
[00:20:12.600 --> 00:20:13.400]  我不能
[00:20:13.400 --> 00:20:14.900]  但耶穌能
[00:20:14.900 --> 00:20:17.000]  接着我們來看第二句話
[00:20:17.000 --> 00:20:18.100]  耶穌說什麼話
[00:20:18.100 --> 00:20:19.400]  我們一起來唸
[00:20:19.400 --> 00:20:22.700]  起來
[00:20:22.700 --> 00:20:24.100]  哎呀
[00:20:24.100 --> 00:20:26.000]  耶穌看着那個人
[00:20:26.000 --> 00:20:28.400]  就講了簡短的話
[00:20:28.400 --> 00:20:29.600]  起來
[00:20:29.600 --> 00:20:31.100]  拿着鹿子走吧
[00:20:31.100 --> 00:20:35.100]  其實這句話裏面有三個動詞
[00:20:35.100 --> 00:20:36.300]  起來
[00:20:36.300 --> 00:20:37.300]  走
[00:20:37.300 --> 00:20:39.400]  拿着鹿子走
[00:20:39.400 --> 00:20:40.600]  首先我們來看第一個
[00:20:40.600 --> 00:20:43.100]  起來
[00:20:43.100 --> 00:20:46.500]  首先耶穌看着那個人
[00:20:46.500 --> 00:20:50.800]  對着要他做一個他38年都做不到的事情
[00:20:50.800 --> 00:20:52.100]  起來
[00:20:52.100 --> 00:20:53.500]  起來
[00:20:53.500 --> 00:20:54.800]  開玩笑
[00:20:54.800 --> 00:20:56.600]  我要起來我早就起來了
[00:20:56.600 --> 00:20:58.400]  我38年都起不來
[00:20:58.400 --> 00:20:59.500]  你叫我起來
[00:20:59.500 --> 00:21:00.700]  對不對
[00:21:00.700 --> 00:21:03.900]  常常耶穌就是要挑戰我們這些人
[00:21:03.900 --> 00:21:06.600]  我們用這種方式操練我們的信心
[00:21:06.600 --> 00:21:09.800]  當我們生命來到一個關鍵點的時候
[00:21:09.800 --> 00:21:11.000]  祂會吩咐我們
[00:21:11.000 --> 00:21:13.700]  做我們認爲是一個不可能的事情
[00:21:13.700 --> 00:21:16.400]  但是必須要你親自去做的
[00:21:16.400 --> 00:21:19.000]  起來
[00:21:19.000 --> 00:21:20.200]  有人就問了
[00:21:20.200 --> 00:21:22.000]  斯伯箴牧師
[00:21:22.000 --> 00:21:24.000]  你們聽過斯伯箴對不對
[00:21:24.000 --> 00:21:26.100]  英國牧師很有名的
[00:21:26.100 --> 00:21:27.800]  講道王子
[00:21:27.800 --> 00:21:31.000]  他說爲什麼做基督徒好睏難哦
[00:21:31.000 --> 00:21:34.300]  你們覺得做基督徒實在好睏難哦
[00:21:34.300 --> 00:21:37.200]  斯伯箴回答說
[00:21:37.200 --> 00:21:38.100]  不難啊
[00:21:38.100 --> 00:21:40.900]  蛤 什麼不難
[00:21:40.900 --> 00:21:42.000]  怎麼不難
[00:21:42.000 --> 00:21:44.100]  很多事情我想做我做不到啊
[00:21:44.100 --> 00:21:45.700]  他說不是難
[00:21:45.700 --> 00:21:47.200]  不是難
[00:21:47.200 --> 00:21:50.800]  是不可能
[00:21:50.800 --> 00:21:52.500]  It's not difficult
[00:21:52.500 --> 00:21:54.900]  It's impossible
[00:21:54.900 --> 00:21:58.700]  因爲靠自己的能力你做不到的
[00:21:58.700 --> 00:22:00.700]  不可能做到神的要求的
[00:22:00.700 --> 00:22:02.200]  所以你要靠着主
[00:22:02.200 --> 00:22:05.700]  所以耶穌他先揭露我們生命的光景
[00:22:05.700 --> 00:22:07.300]  我們軟弱
[00:22:07.300 --> 00:22:09.100]  使我們知道我不能
[00:22:09.100 --> 00:22:11.100]  我靠着自己我無能爲力
[00:22:11.100 --> 00:22:14.200]  然後我們察覺到我不能靠自己的
[00:22:14.200 --> 00:22:17.000]  我需要依靠那位吩咐我起來的
[00:22:17.000 --> 00:22:18.100]  那位上帝
[00:22:18.100 --> 00:22:19.300]  那位主耶穌
[00:22:19.300 --> 00:22:21.200]  當人願意順服的時候
[00:22:21.200 --> 00:22:23.400]  這個軟弱的人怎麼樣
[00:22:23.400 --> 00:22:25.700]  他就靠着神給你的恩典力量
[00:22:25.700 --> 00:22:28.100]  你就可以站起來了
[00:22:28.100 --> 00:22:31.100]  但這個人是怎樣得到能力的呢
[00:22:31.100 --> 00:22:32.600]  各位
[00:22:32.600 --> 00:22:34.800]  這個人是怎麼樣得到能力站起來的
[00:22:34.800 --> 00:22:36.000]  我們通常說
[00:22:36.000 --> 00:22:40.800]  一個人要有什麼纔可以得到一致
[00:22:40.800 --> 00:22:42.600]  我們通常就這麼講對不對
[00:22:42.600 --> 00:22:44.900]  但是這件事情當中
[00:22:44.900 --> 00:22:46.900]  你看到這個
[00:22:46.900 --> 00:22:50.200]  38年胎子有信心嗎
[00:22:50.200 --> 00:22:53.400]  好像看不太出來對不對
[00:22:53.400 --> 00:22:55.200]  他只做一件事情
[00:22:55.200 --> 00:22:56.600]  當耶穌問他的時候
[00:22:56.600 --> 00:22:57.900]  你要痊癒嗎
[00:22:57.900 --> 00:22:59.600]  他回答了
[00:22:59.600 --> 00:23:01.000]  他說先生
[00:23:01.000 --> 00:23:01.800]  我是要痊癒啊
[00:23:01.800 --> 00:23:04.700]  但是沒有人把我放在這池子裏
[00:23:04.700 --> 00:23:07.700]  耶穌滿有恩典
[00:23:07.700 --> 00:23:09.200]  每一個人身上都有很多的罪
[00:23:09.200 --> 00:23:10.300]  又有很多的軟弱
[00:23:10.300 --> 00:23:13.200]  但是我們若有一丁點的
[00:23:13.200 --> 00:23:15.500]  一丁點的長處
[00:23:15.500 --> 00:23:17.900]  神就可以用我們這
[00:23:17.900 --> 00:23:19.600]  爲乎其爲的長處
[00:23:19.600 --> 00:23:22.000]  讓我們生命變得更光輝
[00:23:22.000 --> 00:23:25.200]  所以當這個病人身體上沒有長處
[00:23:25.200 --> 00:23:27.600]  但是他有一點點的信心
[00:23:27.600 --> 00:23:29.300]  就是當耶穌問他的時候
[00:23:29.300 --> 00:23:31.100]  他回答了
[00:23:31.100 --> 00:23:33.400]  當耶穌吩咐他要起來的時候
[00:23:33.400 --> 00:23:36.400]  他願意嘗試起來
[00:23:36.400 --> 00:23:38.700]  今天這世界上有很多的人
[00:23:38.700 --> 00:23:40.200]  當耶穌對他說話
[00:23:40.200 --> 00:23:41.900]  當他聽見福音的時候
[00:23:41.900 --> 00:23:44.000]  他一點反應都沒有
[00:23:44.000 --> 00:23:44.800]  他沒有反應
[00:23:44.800 --> 00:23:47.600]  只有反感
[00:23:47.600 --> 00:23:50.400]  但這個人對耶穌的話回答了
[00:23:50.400 --> 00:23:52.100]  他有反應了
[00:23:52.100 --> 00:23:55.800]  而且耶穌接着就跟他說
[00:23:55.800 --> 00:23:57.600]  起來
[00:23:57.600 --> 00:24:00.200]  起來
[00:24:00.200 --> 00:24:02.800]  當他聽到耶穌叫他起來的時候
[00:24:02.800 --> 00:24:06.600]  他裏面有一個順服的心
[00:24:06.600 --> 00:24:08.300]  雖然我38年我都做不到
[00:24:08.300 --> 00:24:10.000]  那我就嘗試着起來吧
[00:24:10.000 --> 00:24:11.100]  所以他嘗試的
[00:24:11.100 --> 00:24:12.800]  想要掙扎要起來
[00:24:12.800 --> 00:24:15.200]  發現好像有一個能力幫助他
[00:24:15.200 --> 00:24:16.800]  他腳可以動了
[00:24:16.800 --> 00:24:19.800]  撐的時候可以撐起來了
[00:24:19.800 --> 00:24:22.300]  真的勉強怎麼搞的
[00:24:22.300 --> 00:24:23.500]  這腳踝骨
[00:24:23.500 --> 00:24:25.100]  大腿肌肉開始有力量
[00:24:25.100 --> 00:24:28.600]  可以站起來了
[00:24:28.600 --> 00:24:30.700]  靠着神賜給他隱藏的能力
[00:24:30.700 --> 00:24:32.100]  他站起來了
[00:24:32.100 --> 00:24:34.300]  這是信心的第一步
[00:24:34.300 --> 00:24:35.800]  親愛的弟兄姊妹
[00:24:35.800 --> 00:24:40.200]  今天耶穌給你的挑戰是什麼
[00:24:40.200 --> 00:24:42.700]  我不知道
[00:24:42.700 --> 00:24:43.800]  但是主會帶領你
[00:24:43.800 --> 00:24:45.300]  你會知道的
[00:24:45.300 --> 00:24:47.000]  很可能這是你的習慣
[00:24:47.000 --> 00:24:48.100]  你的壞習慣
[00:24:48.100 --> 00:24:49.800]  很可能是你的壞脾氣
[00:24:49.800 --> 00:24:51.500]  可能是你的前途的抉擇
[00:24:51.500 --> 00:24:53.200]  可能是你的人際關係
[00:24:53.200 --> 00:24:55.200]  可能是你的價值觀
[00:24:55.200 --> 00:24:56.700]  或是你那些切不斷的
[00:24:56.700 --> 00:25:00.200]  那些的犯罪的那個決心
[00:25:00.200 --> 00:25:01.800]  或其他的事
[00:25:01.800 --> 00:25:03.400]  但耶穌總會把你帶到
[00:25:03.400 --> 00:25:05.800]  你認爲最大的難處的地方
[00:25:05.800 --> 00:25:06.800]  叫你說
[00:25:06.800 --> 00:25:08.200]  起來
[00:25:08.200 --> 00:25:09.700]  就在那個地方起來
[00:25:09.700 --> 00:25:10.600]  你或許說
[00:25:10.600 --> 00:25:12.000]  主啊
[00:25:12.000 --> 00:25:14.300]  這不可能了
[00:25:14.300 --> 00:25:15.300]  這不可能的事情
[00:25:15.300 --> 00:25:16.300]  這是我最軟弱
[00:25:16.300 --> 00:25:17.500]  我沒辦法做到的
[00:25:17.500 --> 00:25:19.600]  千萬不要這樣回答
[00:25:19.600 --> 00:25:21.700]  你要學習三十八年攤子
[00:25:21.700 --> 00:25:24.900]  是的主啊
[00:25:24.900 --> 00:25:27.600]  我願意遵照禰的旨意
[00:25:27.600 --> 00:25:29.400]  我靠着禰的能力
[00:25:29.400 --> 00:25:31.700]  我要起來
[00:25:31.700 --> 00:25:33.900]  你將見到神是給你超越
[00:25:33.900 --> 00:25:35.500]  你一切難處
[00:25:35.500 --> 00:25:37.100]  軟弱的能力
[00:25:37.100 --> 00:25:38.800]  你可以起得來
[00:25:38.800 --> 00:25:39.600]  接着呢
[00:25:39.600 --> 00:25:41.100]  耶穌不但叫他起來
[00:25:41.100 --> 00:25:43.800]  耶穌接着循序漸進
[00:25:43.800 --> 00:25:44.700]  給他第一步
[00:25:44.700 --> 00:25:45.400]  第二步的
[00:25:45.400 --> 00:25:47.000]  叫他怎麼樣
[00:25:47.000 --> 00:25:48.600]  走吧
[00:25:48.600 --> 00:25:49.100]  起來
[00:25:49.100 --> 00:25:50.700]  走吧
[00:25:50.700 --> 00:25:51.600]  意思是什麼
[00:25:51.600 --> 00:25:53.400]  主要吩咐他
[00:25:53.400 --> 00:25:55.900]  繼續地用信心
[00:25:55.900 --> 00:25:56.800]  繼續地走
[00:25:56.800 --> 00:25:59.000]  繼續踏出信心的步伐
[00:25:59.000 --> 00:26:00.000]  如果你只順服
[00:26:00.000 --> 00:26:01.100]  你只站起來
[00:26:01.100 --> 00:26:02.500]  你站久怎麼樣
[00:26:02.500 --> 00:26:03.200]  腳會酸啊
[00:26:03.200 --> 00:26:03.800]  會累啊
[00:26:03.800 --> 00:26:04.700]  又坐下去了
[00:26:04.700 --> 00:26:06.600]  又躺下去了
[00:26:06.600 --> 00:26:08.700]  還是回到原處
[00:26:08.700 --> 00:26:10.300]  在約翰福音裏面
[00:26:10.300 --> 00:26:12.300]  講到信心這個字
[00:26:12.300 --> 00:26:12.800]  約翰福音
[00:26:12.800 --> 00:26:14.300]  約翰一書二十三章
[00:26:14.300 --> 00:26:15.700]  講了快要一百次
[00:26:15.700 --> 00:26:17.500]  有人說是九十八次
[00:26:17.500 --> 00:26:21.700]  很特別的
[00:26:21.700 --> 00:26:23.500]  這個約翰福音裏面
[00:26:23.500 --> 00:26:27.300]  講到相信的信這個字
[00:26:27.300 --> 00:26:28.900]  是動詞
[00:26:28.900 --> 00:26:30.500]  不是名詞
[00:26:30.500 --> 00:26:31.600]  我們英文說
[00:26:31.600 --> 00:26:32.500]  Believe
[00:26:32.500 --> 00:26:33.300]  和Believe
[00:26:33.300 --> 00:26:34.400]  對不對
[00:26:34.400 --> 00:26:36.100]  Believe是一個動詞
[00:26:36.100 --> 00:26:37.100]  而且很特別的
[00:26:37.100 --> 00:26:37.900]  約翰福音講到的
[00:26:37.900 --> 00:26:39.800]  相信的全部都是動詞
[00:26:39.800 --> 00:26:41.900]  表示信心是一個動態的
[00:26:41.900 --> 00:26:43.200]  而且信心的那個
[00:26:43.200 --> 00:26:44.800]  時態 tense
[00:26:44.800 --> 00:26:46.300]  是一個continuing tense
[00:26:46.300 --> 00:26:47.400]  是繼續不斷的
[00:26:47.400 --> 00:26:48.900]  所以信心不是一點
[00:26:48.900 --> 00:26:49.500]  不是動態
[00:26:49.500 --> 00:26:50.900]  而是繼續不斷的
[00:26:50.900 --> 00:26:53.300]  而且後面還接了一個接系詞
[00:26:53.300 --> 00:26:54.600]  我們說I believe in God
[00:26:54.600 --> 00:26:55.300]  對不對
[00:26:55.300 --> 00:26:58.400]  他那個是
[00:26:58.400 --> 00:27:00.600]  接系詞是into
[00:27:00.600 --> 00:27:02.600]  bestow has
[00:27:02.600 --> 00:27:05.200]  就是相信
[00:27:05.200 --> 00:27:06.100]  加上接系詞
[00:27:06.100 --> 00:27:07.100]  對着耶穌基督
[00:27:07.100 --> 00:27:08.500]  對着神
[00:27:08.500 --> 00:27:10.500]  所以變成我們法翻譯成into
[00:27:10.500 --> 00:27:14.300]  I believe into God
[00:27:14.300 --> 00:27:15.100]  就是我信
[00:27:15.100 --> 00:27:16.600]  信到裏面去的
[00:27:16.600 --> 00:27:18.300]  所以這是教導我們的
[00:27:18.300 --> 00:27:19.300]  神教導我們的
[00:27:19.300 --> 00:27:20.100]  我們的相信
[00:27:20.100 --> 00:27:21.100]  信心要怎麼樣
[00:27:21.100 --> 00:27:23.100]  繼續不斷的對着神
[00:27:23.100 --> 00:27:25.100]  而且信到裏面去
[00:27:25.100 --> 00:27:27.600]  所以信心有一個起點
[00:27:27.600 --> 00:27:29.000]  但是沒有一個結束
[00:27:29.000 --> 00:27:30.100]  繼續不斷對着主
[00:27:30.100 --> 00:27:30.800]  一直走
[00:27:30.800 --> 00:27:33.500]  一生都走信心的道路
[00:27:33.500 --> 00:27:34.900]  所以耶穌對這個人說
[00:27:34.900 --> 00:27:37.000]  你無法靠你自己的
[00:27:37.000 --> 00:27:38.900]  走到池子裏面得一知
[00:27:38.900 --> 00:27:40.800]  但是你若順服的話
[00:27:40.800 --> 00:27:43.100]  你現在就可以得一知
[00:27:43.100 --> 00:27:45.500]  你不要嘗試自己的力量
[00:27:45.500 --> 00:27:48.500]  而是要全人都去順服
[00:27:48.500 --> 00:27:50.300]  繼續的依靠主耶穌的話
[00:27:50.300 --> 00:27:53.400]  你就可以得到完全的一知了
[00:27:53.400 --> 00:27:54.400]  第三個
[00:27:54.400 --> 00:27:56.400]  耶穌不能叫他起來
[00:27:56.400 --> 00:27:57.400]  走
[00:27:57.400 --> 00:27:58.900]  還要加上一個什麼
[00:27:58.900 --> 00:28:00.400]  一起說
[00:28:00.400 --> 00:28:02.700]  拿起你的褥子走吧
[00:28:02.700 --> 00:28:03.900]  我剛開始覺得
[00:28:03.900 --> 00:28:05.600]  耶穌啊
[00:28:05.600 --> 00:28:06.600]  起來就好了嘛
[00:28:06.600 --> 00:28:07.100]  會走
[00:28:07.100 --> 00:28:08.200]  不錯了嘛對不對
[00:28:08.200 --> 00:28:10.200]  這應該結束了吧
[00:28:10.200 --> 00:28:11.200]  爲什麼
[00:28:11.200 --> 00:28:12.200]  爲什麼
[00:28:12.200 --> 00:28:13.300]  還必須的
[00:28:13.300 --> 00:28:15.100]  拿起你的褥子走了
[00:28:15.100 --> 00:28:16.100]  各位想想看
[00:28:16.100 --> 00:28:17.700]  38年的褥子
[00:28:17.700 --> 00:28:19.700]  它的味道跟外觀
[00:28:19.700 --> 00:28:25.600]  耶穌會不會是爲了環保的緣故
[00:28:27.600 --> 00:28:28.800]  想想看
[00:28:28.800 --> 00:28:31.700]  褥子對這個癱瘓的人
[00:28:31.700 --> 00:28:33.700]  有什麼意義
[00:28:33.700 --> 00:28:39.000]  他沒有辦法離開這個褥子
[00:28:39.000 --> 00:28:41.100]  不管是墊
[00:28:41.100 --> 00:28:42.000]  靠着他背
[00:28:42.000 --> 00:28:43.400]  或是晚上
[00:28:43.400 --> 00:28:46.400]  他都需要這個褥子
[00:28:46.400 --> 00:28:48.600]  這拿起你的褥子走吧
[00:28:48.600 --> 00:28:49.900]  代表什麼意義呢
[00:28:49.900 --> 00:28:52.200]  本來是褥子支持他的身體
[00:28:52.200 --> 00:28:53.100]  現在呢
[00:28:53.100 --> 00:28:54.800]  本來是褥子做他的主人
[00:28:54.800 --> 00:28:56.000]  現在是倒過來
[00:28:56.000 --> 00:28:58.300]  他做褥子的主人
[00:28:58.300 --> 00:29:01.300]  他的身子不再被褥子所限制
[00:29:01.300 --> 00:29:02.300]  所控制
[00:29:02.300 --> 00:29:04.300]  所瑕疵的
[00:29:04.300 --> 00:29:05.400]  各位再想想看
[00:29:05.400 --> 00:29:07.600]  這38年的褥子
[00:29:07.600 --> 00:29:09.200]  代表什麼意思呢
[00:29:09.200 --> 00:29:10.400]  有人說得很好
[00:29:10.400 --> 00:29:12.400]  就是將來完全的勝過
[00:29:12.400 --> 00:29:13.500]  完全的勝過
[00:29:13.500 --> 00:29:15.600]  沒有回頭的餘地
[00:29:15.600 --> 00:29:16.800]  因爲耶穌說什麼
[00:29:16.800 --> 00:29:20.100]  福裏往後看的人不配
[00:29:20.100 --> 00:29:21.400]  進神的國
[00:29:21.400 --> 00:29:23.400]  人的軟弱就常常會
[00:29:23.400 --> 00:29:25.300]  爲自己過去的失誤
[00:29:25.300 --> 00:29:27.300]  留下一些地步
[00:29:27.300 --> 00:29:29.000]  雖然我願意走
[00:29:29.000 --> 00:29:29.800]  但是呢
[00:29:29.800 --> 00:29:30.900]  褥子留在那邊
[00:29:30.900 --> 00:29:33.500]  防備了不時之需
[00:29:33.500 --> 00:29:34.000]  你知道嗎
[00:29:34.000 --> 00:29:35.800]  以備
[00:29:35.800 --> 00:29:37.500]  真的是這樣的
[00:29:37.500 --> 00:29:44.800]  我曾經非常着迷跳舞
[00:29:44.800 --> 00:29:47.100]  我還跳探戈
[00:29:47.100 --> 00:29:52.200]  我當過教探戈的老師
[00:29:52.200 --> 00:29:54.200]  有一天我就在思想
[00:29:54.200 --> 00:29:55.400]  我一天在路上走路
[00:29:55.400 --> 00:29:57.100]  我已經限制住我
[00:29:57.100 --> 00:29:58.900]  聽到鄧麗君和何志軍
[00:29:58.900 --> 00:30:00.100]  在探戈的步伐
[00:30:00.100 --> 00:30:00.700]  我走走走
[00:30:00.700 --> 00:30:01.500]  發現不能這樣走
[00:30:01.500 --> 00:30:03.100]  我就變成這樣走了
[00:30:03.100 --> 00:30:05.200]  slow slow
[00:30:05.200 --> 00:30:06.400]  quick quick slow
[00:30:06.400 --> 00:30:08.300]  我開始
[00:30:08.300 --> 00:30:09.000]  我就想說
[00:30:09.000 --> 00:30:12.900]  到底是我跳舞還是舞跳舞
[00:30:12.900 --> 00:30:15.200]  我那時候就開始反省了
[00:30:15.200 --> 00:30:16.700]  我好像被捆綁了
[00:30:16.700 --> 00:30:17.600]  我當時覺得
[00:30:17.600 --> 00:30:19.400]  跳舞是個利與美的表現
[00:30:19.400 --> 00:30:20.200]  你知道嗎
[00:30:20.200 --> 00:30:22.400]  我那時候還沒有結婚
[00:30:22.400 --> 00:30:24.900]  所以我想說這個跳舞很好
[00:30:24.900 --> 00:30:27.900]  可是後來我慢慢發現
[00:30:27.900 --> 00:30:29.300]  覺得不太安
[00:30:29.300 --> 00:30:32.600]  因爲我的女朋友
[00:30:32.600 --> 00:30:34.100]  我的太太她不跳舞
[00:30:34.100 --> 00:30:37.000]  她只跳土風舞
[00:30:37.000 --> 00:30:37.800]  所以她不跳舞
[00:30:37.800 --> 00:30:39.500]  那我整天跟別人跳
[00:30:39.500 --> 00:30:40.900]  還有學生就說
[00:30:40.900 --> 00:30:41.800]  老師換我換我
[00:30:41.800 --> 00:30:42.900]  換我帶我換我帶我
[00:30:42.900 --> 00:30:43.900]  都是姐妹
[00:30:43.900 --> 00:30:44.500]  都是女孩子
[00:30:44.500 --> 00:30:45.100]  我說這樣不好
[00:30:45.100 --> 00:30:46.000]  太受試探了
[00:30:46.000 --> 00:30:47.000]  所以我也不跳了
[00:30:47.000 --> 00:30:47.800]  從那個時候到現在
[00:30:47.800 --> 00:30:50.700]  我就沒跳舞了
[00:30:50.700 --> 00:30:53.900]  我決定不再跳舞了
[00:30:53.900 --> 00:30:55.800]  我不知道你的入職是什麼
[00:30:55.800 --> 00:30:57.100]  我的入職曾經是
[00:30:57.100 --> 00:30:58.200]  城市跳舞
[00:30:58.200 --> 00:31:00.200]  你的入職是什麼呢
[00:31:00.200 --> 00:31:01.700]  對一個喜歡賭博的人
[00:31:01.700 --> 00:31:04.000]  他的入職可能是麻將桌
[00:31:04.000 --> 00:31:04.500]  對不對
[00:31:04.500 --> 00:31:05.700]  可能是麻將牌
[00:31:05.700 --> 00:31:07.700]  我這是象牙桌的
[00:31:07.700 --> 00:31:10.300]  對有些人想戒菸的老煙槍
[00:31:10.300 --> 00:31:12.600]  他的入職可能就是打火機
[00:31:12.600 --> 00:31:15.000]  這個很貴重的打火機
[00:31:15.000 --> 00:31:18.100]  對一個喜歡夫妻常常失和的人
[00:31:18.100 --> 00:31:21.300]  可能他的入職是太太的嘮叨
[00:31:21.300 --> 00:31:25.000]  弟兄就是壞脾氣
[00:31:25.000 --> 00:31:26.300]  對喜歡加班的人
[00:31:26.300 --> 00:31:29.800]  他的入職可能就是愛錢
[00:31:29.800 --> 00:31:31.600]  他當金錢的奴隸
[00:31:31.600 --> 00:31:33.900]  我不知道你的入職是什麼
[00:31:33.900 --> 00:31:35.000]  耶穌不僅希望我們
[00:31:35.000 --> 00:31:38.400]  從38年的酒病當中起來
[00:31:38.400 --> 00:31:40.600]  還吩咐我們拿起你的入職
[00:31:40.600 --> 00:31:41.900]  走吧
[00:31:41.900 --> 00:31:43.400]  意思是什麼
[00:31:43.400 --> 00:31:45.000]  要我們離棄
[00:31:45.000 --> 00:31:47.200]  我們那些不健康的生活
[00:31:47.200 --> 00:31:49.300]  那些不好的習慣
[00:31:49.300 --> 00:31:51.600]  那些不好的不對的思想
[00:31:51.600 --> 00:31:53.000]  耶穌的意思是說
[00:31:53.000 --> 00:31:54.100]  你從現在開始
[00:31:54.100 --> 00:31:56.600]  你要專心的專一的跟從我
[00:31:56.600 --> 00:31:59.500]  不要再回到過去的黑暗的光景
[00:31:59.500 --> 00:32:03.600]  你要專心的開始一個全新的生活
[00:32:03.600 --> 00:32:05.300]  阿們嗎
[00:32:05.300 --> 00:32:06.800]  這叫跟隨耶穌
[00:32:06.800 --> 00:32:08.200]  信耶穌不是
[00:32:08.200 --> 00:32:09.900]  過去我有
[00:32:09.900 --> 00:32:12.100]  五年前十年前我有很好的經歷
[00:32:12.100 --> 00:32:15.500]  不過現在繼續不斷的跟着主耶穌
[00:32:15.500 --> 00:32:18.600]  好 我們來看最後第三句話
[00:32:18.600 --> 00:32:20.900]  第三句話我們一起來唸
[00:32:20.900 --> 00:32:28.400]  很有意思
[00:32:28.400 --> 00:32:30.500]  這句話在前面是說
[00:32:30.500 --> 00:32:35.200]  後來耶穌在殿裏遇見他
[00:32:35.200 --> 00:32:36.700]  這個被醫治好的人
[00:32:36.700 --> 00:32:40.000]  那他後來到哪裏去
[00:32:40.000 --> 00:32:40.800]  到聖殿
[00:32:40.800 --> 00:32:42.500]  你去過那個
[00:32:42.500 --> 00:32:43.200]  密斯大慈
[00:32:43.200 --> 00:32:44.600]  我也去過那個地方
[00:32:44.600 --> 00:32:46.800]  因爲密斯大慈就在聖殿北邊
[00:32:46.800 --> 00:32:48.400]  北邊就是陽門
[00:32:48.400 --> 00:32:49.700]  要宰殺羊的地方
[00:32:49.700 --> 00:32:53.900]  他北邊出來一點點就到密斯大慈
[00:32:53.900 --> 00:32:56.500]  所以這個被醫好的人去哪裏
[00:32:56.500 --> 00:32:58.300]  到聖殿裏面去幹嘛
[00:32:58.300 --> 00:33:00.100]  感謝主嘛
[00:33:00.100 --> 00:33:01.200]  去讚美主嘛
[00:33:01.200 --> 00:33:02.600]  去敬拜主嘛
[00:33:02.600 --> 00:33:05.400]  過去他是被認爲誤會的
[00:33:05.400 --> 00:33:06.300]  不完全的人
[00:33:06.300 --> 00:33:07.700]  他不能進聖殿
[00:33:07.700 --> 00:33:08.600]  現在怎麼樣
[00:33:08.600 --> 00:33:11.300]  他可以進到聖殿去的
[00:33:11.300 --> 00:33:12.300]  當我們得到醫治
[00:33:12.300 --> 00:33:13.400]  我們得到恩典的時候
[00:33:13.400 --> 00:33:15.600]  我們有沒有一個感恩的心
[00:33:15.600 --> 00:33:18.300]  到神的面前去感謝他呢
[00:33:18.300 --> 00:33:21.700]  越感恩越蒙恩
[00:33:21.700 --> 00:33:23.900]  所以十四節這裏講到說
[00:33:23.900 --> 00:33:28.000]  耶穌後來在殿裏遇見他
[00:33:28.000 --> 00:33:28.700]  遇見他
[00:33:28.700 --> 00:33:31.000]  我們中文看到是遇見他
[00:33:31.000 --> 00:33:33.500]  但是英文翻譯不一樣
[00:33:33.500 --> 00:33:35.600]  英文翻譯更準確
[00:33:35.600 --> 00:33:37.800]  英文翻什麼
[00:33:37.800 --> 00:33:40.500]  其實是found him
[00:33:40.500 --> 00:33:41.500]  就是說
[00:33:41.500 --> 00:33:46.700]  人文意思是說耶穌是主動的去尋找他
[00:33:46.700 --> 00:33:49.100]  耶穌是主動的去尋找他
[00:33:49.100 --> 00:33:50.600]  找他做什麼
[00:33:50.600 --> 00:33:52.300]  找他耶穌要跟他說
[00:33:52.300 --> 00:33:54.000]  你已經遷移了
[00:33:54.000 --> 00:33:55.300]  不要再犯罪
[00:33:55.300 --> 00:33:58.300]  恐怕你遭遇的更加厲害
[00:33:58.300 --> 00:33:59.100]  請注意了
[00:33:59.100 --> 00:34:00.600]  耶穌講這句話的時候
[00:34:00.600 --> 00:34:03.200]  不是清算他的過去
[00:34:03.200 --> 00:34:05.800]  而是關心他的未來
[00:34:05.800 --> 00:34:08.600]  耶穌不僅是關心這個人身體得到健康
[00:34:08.600 --> 00:34:13.600]  耶穌關心這個人的心靈要得到健康
[00:34:13.600 --> 00:34:16.300]  關心他的未來
[00:34:16.300 --> 00:34:17.200]  再想想
[00:34:17.200 --> 00:34:18.900]  再深入去看的話
[00:34:18.900 --> 00:34:20.500]  當耶穌問他說
[00:34:20.500 --> 00:34:23.100]  你要痊癒嗎
[00:34:23.100 --> 00:34:24.300]  原文不是說
[00:34:24.300 --> 00:34:25.900]  你是不是要得到身體的醫治
[00:34:25.900 --> 00:34:27.300]  不是這個意思
[00:34:27.300 --> 00:34:29.600]  因爲痊癒這個字是
[00:34:29.600 --> 00:34:31.900]  英文把它翻成
[00:34:31.900 --> 00:34:34.500]  Do you want to be whole
[00:34:34.500 --> 00:34:37.300]  你要不要成一個完全的人
[00:34:37.300 --> 00:34:38.400]  完全的人
[00:34:38.400 --> 00:34:39.200]  意思說
[00:34:39.200 --> 00:34:41.400]  耶穌想給我們的是什麼
[00:34:41.400 --> 00:34:47.300]  一個身心靈健康的人
[00:34:47.300 --> 00:34:49.600]  所以聖經說
[00:34:49.600 --> 00:34:52.700]  耶穌愛我們就愛我們到底
[00:34:52.700 --> 00:34:56.700]  拯救我們就拯救我們到底
[00:34:56.700 --> 00:34:59.300]  你看聖經
[00:34:59.300 --> 00:35:01.100]  像約翰福音裏面有很多
[00:35:01.100 --> 00:35:03.600]  講到大臣的兒子
[00:35:03.600 --> 00:35:05.200]  他說你回去吧
[00:35:05.200 --> 00:35:06.300]  你兒子活了
[00:35:06.300 --> 00:35:07.900]  所以耶穌不只是醫治
[00:35:07.900 --> 00:35:09.900]  他大臣的兒子
[00:35:09.900 --> 00:35:12.900]  或者大臣全家人都信了耶穌
[00:35:12.900 --> 00:35:15.400]  不單是一個人身體得醫治了
[00:35:15.400 --> 00:35:17.000]  心裏也得到醫治了
[00:35:17.000 --> 00:35:19.000]  全家得到醫治了
[00:35:19.000 --> 00:35:20.800]  血肉的富人也是一樣
[00:35:20.800 --> 00:35:22.300]  他摸了耶穌以後
[00:35:22.300 --> 00:35:24.000]  一生歲時得到醫治以後
[00:35:24.000 --> 00:35:26.500]  耶穌說誰摸我
[00:35:26.500 --> 00:35:28.800]  耶穌是希望怎麼樣
[00:35:28.800 --> 00:35:31.100]  要他全人得到醫治
[00:35:31.100 --> 00:35:33.900]  女兒平平安安的去吧
[00:35:33.900 --> 00:35:36.200]  進入我的平安吧
[00:35:36.200 --> 00:35:39.200]  所以這裏你看到
[00:35:39.200 --> 00:35:40.500]  耶穌對那人說
[00:35:40.500 --> 00:35:43.100]  你不要再犯罪了
[00:35:43.100 --> 00:35:48.700]  請問他到底犯了什麼罪
[00:35:48.700 --> 00:35:50.900]  我也不清楚
[00:35:50.900 --> 00:35:52.700]  但是聖經告訴我們說
[00:35:52.700 --> 00:35:54.200]  世人都犯了罪
[00:35:54.200 --> 00:35:56.000]  虧欠了神的榮耀
[00:35:56.000 --> 00:35:58.000]  世人有沒有包括你
[00:35:58.000 --> 00:35:59.900]  有沒有包括我
[00:35:59.900 --> 00:36:03.000]  所以罪的功架乃是
[00:36:03.000 --> 00:36:05.600]  罪使人與神隔絕了
[00:36:05.600 --> 00:36:09.400]  這個隔絕就是聖經所說的死
[00:36:09.400 --> 00:36:11.600]  但耶穌說這句話
[00:36:11.600 --> 00:36:14.400]  其實不是要指責人
[00:36:14.400 --> 00:36:16.200]  定他的罪
[00:36:16.200 --> 00:36:17.800]  使他灰心使他氣餒
[00:36:17.800 --> 00:36:19.700]  想說相反的
[00:36:19.700 --> 00:36:21.100]  耶穌說這句話的時候
[00:36:21.100 --> 00:36:23.800]  其實是述說一個極大的福音
[00:36:23.800 --> 00:36:25.000]  極大的福音
[00:36:25.000 --> 00:36:27.800]  使他得到全人徹底的更新
[00:36:27.800 --> 00:36:28.600]  請注意到
[00:36:28.600 --> 00:36:31.600]  耶穌說這句話的上下文的關聯性
[00:36:31.600 --> 00:36:33.100]  非常的美麗
[00:36:33.100 --> 00:36:35.000]  因爲耶穌從來不會說
[00:36:35.000 --> 00:36:36.400]  你不要再犯罪了
[00:36:36.400 --> 00:36:38.400]  除非他前面說了一句話
[00:36:38.400 --> 00:36:40.400]  你已經痊癒了
[00:36:40.400 --> 00:36:42.800]  已經完全了
[00:36:42.800 --> 00:36:46.800]  因爲耶穌已經爲他
[00:36:46.800 --> 00:36:48.000]  注意到這個關聯性
[00:36:48.000 --> 00:36:50.600]  因爲耶穌已經替這個人
[00:36:50.600 --> 00:36:52.000]  立下了一個根基
[00:36:52.000 --> 00:36:54.600]  使他可以不用再犯罪的理由
[00:36:54.600 --> 00:36:58.800]  好叫這個人可以不用故意的犯罪
[00:36:58.800 --> 00:37:00.400]  你已經痊癒了
[00:37:00.400 --> 00:37:01.800]  我不僅是醫治你多年
[00:37:01.800 --> 00:37:03.600]  纏綿你的身體的疾病
[00:37:03.600 --> 00:37:06.600]  而且我是給你內在的能力
[00:37:06.600 --> 00:37:07.600]  耶穌爲你
[00:37:07.600 --> 00:37:09.000]  耶穌的恩典
[00:37:09.000 --> 00:37:10.800]  讓你可以靠着這個能力
[00:37:10.800 --> 00:37:12.600]  從今以後爲我而活
[00:37:12.600 --> 00:37:15.600]  從今以後你不要再故意犯罪了
[00:37:15.600 --> 00:37:18.800]  免得你落入更糟糕的光景
[00:37:18.800 --> 00:37:20.200]  不要再犯罪
[00:37:20.200 --> 00:37:21.800]  恐怕你遭遇的更厲害
[00:37:21.800 --> 00:37:22.800]  請問一下
[00:37:22.800 --> 00:37:27.400]  有什麼比貪犯38年
[00:37:27.400 --> 00:37:29.400]  更糟糕的
[00:37:29.400 --> 00:37:31.600]  有什麼
[00:37:31.600 --> 00:37:34.800]  39年啊
[00:37:34.800 --> 00:37:38.600]  還有什麼更糟糕的
[00:37:38.600 --> 00:37:41.200]  地獄
[00:37:41.200 --> 00:37:42.800]  因爲38年
[00:37:42.800 --> 00:37:44.000]  再怎麼痛苦
[00:37:44.000 --> 00:37:45.800]  還有個期限對不對
[00:37:45.800 --> 00:37:47.000]  但地獄是吧
[00:37:47.000 --> 00:37:49.000]  永遠永遠沒有期限
[00:37:49.000 --> 00:37:50.800]  沒有結束的時候
[00:37:50.800 --> 00:37:53.200]  所以耶穌在這裏
[00:37:53.200 --> 00:37:55.400]  最嚴重的警告我們
[00:37:55.400 --> 00:37:57.200]  我們身體要得醫治
[00:37:57.200 --> 00:37:59.400]  不過是戰的而已
[00:37:59.400 --> 00:38:02.000]  有一天我們都會過去
[00:38:02.000 --> 00:38:02.600]  各位
[00:38:02.600 --> 00:38:06.000]  我跟你講說我脊椎受傷了51年
[00:38:06.000 --> 00:38:10.400]  我真的現在是跟脊椎疼痛共存了
[00:38:10.400 --> 00:38:13.600]  但是耶穌曾經跟我講過很多次
[00:38:13.600 --> 00:38:15.400]  我的恩典夠你用
[00:38:15.400 --> 00:38:17.200]  所以我
[00:38:17.200 --> 00:38:19.400]  我以前在公研院做研究工作
[00:38:19.400 --> 00:38:21.400]  做下來要趕那個報告
[00:38:21.400 --> 00:38:22.600]  趕研究報告
[00:38:22.600 --> 00:38:24.600]  哇受不了
[00:38:24.600 --> 00:38:26.600]  那在神學院要念希臘文
[00:38:26.600 --> 00:38:27.600]  背希伯來文
[00:38:27.600 --> 00:38:28.600]  做不下來
[00:38:28.600 --> 00:38:30.400]  記憶力又看不了
[00:38:30.400 --> 00:38:32.000]  後來寫論文寫博士論文寫
[00:38:32.000 --> 00:38:34.800]  我念了好幾個學校
[00:38:34.800 --> 00:38:35.800]  我真的沒辦法
[00:38:35.800 --> 00:38:37.000]  建堂也是一樣
[00:38:37.000 --> 00:38:38.800]  恩典夠你用
[00:38:38.800 --> 00:38:39.800]  我雖軟弱
[00:38:39.800 --> 00:38:41.400]  神是剛強的
[00:38:41.400 --> 00:38:43.400]  神的恩典是夠用的
[00:38:43.400 --> 00:38:44.400]  這就是
[00:38:44.400 --> 00:38:45.800]  這就是神的恩典
[00:38:45.800 --> 00:38:47.600]  是真實的
[00:38:47.600 --> 00:38:50.000]  但是我要問一個問題
[00:38:50.000 --> 00:38:52.400]  人可能不再犯罪嗎
[00:38:52.400 --> 00:38:53.000]  請問
[00:38:53.000 --> 00:38:55.800]  你有可能不再犯罪嗎
[00:38:55.800 --> 00:38:58.800]  可能嗎
[00:38:58.800 --> 00:39:00.800]  但是耶穌宣告
[00:39:00.800 --> 00:39:02.400]  只有耶穌宣告說
[00:39:02.400 --> 00:39:04.000]  你已經痊癒了以後
[00:39:04.000 --> 00:39:07.800]  你纔有可能不犯罪
[00:39:07.800 --> 00:39:08.800]  我的意思
[00:39:08.800 --> 00:39:10.200]  不是你馬上可以
[00:39:10.200 --> 00:39:11.400]  變成像耶穌一樣
[00:39:11.400 --> 00:39:15.400]  在世上這樣聖潔毫無瑕疵
[00:39:15.400 --> 00:39:17.200]  那只有在將來在天上的時候
[00:39:17.200 --> 00:39:18.400]  我們纔可以
[00:39:18.400 --> 00:39:20.200]  跟絕處相聚的時候
[00:39:20.200 --> 00:39:23.800]  我們纔可以完全的聖潔毫無瑕疵
[00:39:23.800 --> 00:39:26.400]  但是耶穌的意思是說
[00:39:26.400 --> 00:39:28.600]  我們可以在主耶穌所賜的
[00:39:28.600 --> 00:39:31.000]  聖潔 能力 愛的激勵之下
[00:39:31.000 --> 00:39:33.600]  我們可以不再犯任意妄爲的罪
[00:39:33.600 --> 00:39:35.600]  可以嗎
[00:39:35.600 --> 00:39:38.000]  不再犯罪的意思是什麼意思
[00:39:38.000 --> 00:39:39.200]  就是說
[00:39:39.200 --> 00:39:41.000]  人可能在犯罪
[00:39:41.000 --> 00:39:43.600]  但人可以選擇不犯罪
[00:39:43.600 --> 00:39:47.200]  因爲基督已經使我痊癒了
[00:39:47.200 --> 00:39:49.200]  已經給我赦罪的恩典了
[00:39:49.200 --> 00:39:51.400]  再次給我豐盛內在的能力
[00:39:51.400 --> 00:39:53.600]  我可以勝過罪
[00:39:53.600 --> 00:39:57.600]  所以不再犯罪的祕訣是什麼
[00:39:57.600 --> 00:39:59.000]  就是這句話
[00:39:59.000 --> 00:40:02.000]  繼續的信靠耶穌
[00:40:02.000 --> 00:40:03.200]  對不起
[00:40:03.200 --> 00:40:04.600]  不再犯罪的意思就是
[00:40:04.600 --> 00:40:06.600]  繼續信靠耶穌
[00:40:06.600 --> 00:40:09.400]  繼續信靠耶穌
[00:40:09.400 --> 00:40:11.600]  然後住在基督裏面
[00:40:11.600 --> 00:40:15.400]  享受祂赦罪跟赦罪的恩典
[00:40:15.400 --> 00:40:17.000]  這是我們一起要學習的
[00:40:17.000 --> 00:40:19.600]  你看很多地方
[00:40:19.600 --> 00:40:22.200]  馬太福音五章到七章
[00:40:22.200 --> 00:40:24.400]  俗行傳裏面講了七個教會的
[00:40:24.400 --> 00:40:25.400]  最後
[00:40:25.400 --> 00:40:28.400]  每個教會都有優點
[00:40:28.400 --> 00:40:30.400]  但是耶穌說得勝的
[00:40:30.400 --> 00:40:31.400]  我要賜祂什麼
[00:40:31.400 --> 00:40:32.600]  得勝的我賜什麼
[00:40:32.600 --> 00:40:35.400]  所以不只是要我們得救而已
[00:40:35.400 --> 00:40:37.600]  還要我們得勝的
[00:40:37.600 --> 00:40:41.000]  所以這裏就是繼續的信靠耶穌
[00:40:41.000 --> 00:40:42.000]  住在基督裏面
[00:40:42.000 --> 00:40:45.800]  可以經歷祂赦罪跟赦罪的恩典
[00:40:45.800 --> 00:40:48.600]  在聖經裏面有兩個詞
[00:40:48.600 --> 00:40:49.800]  很美麗
[00:40:49.800 --> 00:40:51.400]  一個叫無可指責
[00:40:51.400 --> 00:40:55.000]  一個叫毫無瑕疵
[00:40:55.000 --> 00:40:56.800]  這兩個很有意思的
[00:40:56.800 --> 00:40:58.400]  我們可以在基督所賜的
[00:40:58.400 --> 00:40:59.800]  一級的恩典裏面
[00:40:59.800 --> 00:41:01.600]  過一個無可指責的生活
[00:41:01.600 --> 00:41:03.000]  我們可以
[00:41:03.000 --> 00:41:05.000]  但是我們只能站在天上
[00:41:05.000 --> 00:41:07.200]  耶穌的寶座那時候
[00:41:07.200 --> 00:41:10.200]  我們纔可以過一個毫無瑕疵的生活
[00:41:10.200 --> 00:41:11.200]  那麼這樣的話
[00:41:11.200 --> 00:41:17.200]  無可指責跟毫無瑕疵的區別在哪裏呢
[00:41:17.200 --> 00:41:21.600]  我有一次在抽屜裏面找到了
[00:41:21.600 --> 00:41:24.000]  三十幾年前
[00:41:24.000 --> 00:41:25.600]  三十幾年前的
[00:41:25.600 --> 00:41:30.600]  我兒子送給我的父親節的禮物
[00:41:30.600 --> 00:41:32.400]  那時候他三歲
[00:41:32.400 --> 00:41:33.800]  兒童指書寫做完以後
[00:41:33.800 --> 00:41:34.800]  爸爸爸爸
[00:41:34.800 --> 00:41:37.200]  我要把這個禮物送給你
[00:41:37.200 --> 00:41:38.600]  請問
[00:41:38.600 --> 00:41:39.600]  這幅畫
[00:41:39.600 --> 00:41:43.600]  請問這幅畫是毫無瑕疵嗎
[00:41:43.600 --> 00:41:46.400]  是不是毫無瑕疵
[00:41:46.400 --> 00:41:49.400]  怎麼可能
[00:41:49.400 --> 00:41:52.200]  但是無可指責嗎
[00:41:52.200 --> 00:41:53.000]  是嘛
[00:41:53.000 --> 00:41:55.000]  對一個三歲的孩童來講
[00:41:55.000 --> 00:41:56.800]  他盡了他的力量了
[00:41:56.800 --> 00:41:58.400]  他老師還幫助他
[00:41:58.400 --> 00:42:00.000]  他已經盡了努力了
[00:42:00.000 --> 00:42:02.600]  他把最好的獻給他的爸爸
[00:42:02.600 --> 00:42:04.400]  我好感動哦
[00:42:04.400 --> 00:42:06.000]  但是隨着年齡長大
[00:42:06.000 --> 00:42:07.600]  他越畫越好
[00:42:07.600 --> 00:42:09.800]  寫的更多的字
[00:42:09.800 --> 00:42:10.600]  我回去的時候
[00:42:10.600 --> 00:42:12.600]  他會寫給我很長的卡片
[00:42:12.600 --> 00:42:14.400]  我女兒寫的又會畫
[00:42:14.400 --> 00:42:16.600]  我女兒還念藝術系的
[00:42:16.600 --> 00:42:18.400]  心理學還有藝術系的
[00:42:18.400 --> 00:42:20.200]  所以他畫得更好
[00:42:20.200 --> 00:42:22.400]  可是
[00:42:22.400 --> 00:42:25.000]  沒有一幅畫比我兒子
[00:42:25.000 --> 00:42:26.600]  第一次送給我的禮物
[00:42:26.600 --> 00:42:29.000]  更加的無可指責
[00:42:29.000 --> 00:42:31.000]  所以親愛的弟兄姊妹
[00:42:31.000 --> 00:42:32.400]  你也可以
[00:42:32.400 --> 00:42:33.400]  我也可以
[00:42:33.400 --> 00:42:36.200]  在基督愛的激勵之下
[00:42:36.200 --> 00:42:37.200]  將我們的人生
[00:42:37.200 --> 00:42:39.800]  變成一個無可指責的生活
[00:42:39.800 --> 00:42:41.400]  獻給耶穌
[00:42:41.400 --> 00:42:44.000]  你可以嗎
[00:42:44.000 --> 00:42:45.200]  所以如果你明白
[00:42:45.200 --> 00:42:46.600]  耶穌問這句話說
[00:42:46.600 --> 00:42:47.800]  你要痊癒嗎
[00:42:47.800 --> 00:42:49.600]  那背後的意義就是
[00:42:49.600 --> 00:42:50.400]  祂愛你
[00:42:50.400 --> 00:42:51.200]  祂瞭解你
[00:42:51.200 --> 00:42:52.200]  祂可以幫助你
[00:42:52.200 --> 00:42:55.000]  祂可以再造一個全新的你
[00:42:55.000 --> 00:42:57.400]  你會被耶穌愛深深的感覺
[00:42:57.400 --> 00:42:59.800]  但是我們可能
[00:42:59.800 --> 00:43:03.000]  活出一個無可指責的生活嗎
[00:43:03.000 --> 00:43:04.200]  可以的
[00:43:04.200 --> 00:43:07.400]  那方法就是什麼
[00:43:07.400 --> 00:43:08.200]  起來
[00:43:08.200 --> 00:43:10.200]  拿起你的路子走吧
[00:43:10.200 --> 00:43:13.600]  繼續用信心跟隨我們的主
[00:43:13.600 --> 00:43:15.400]  靠着主給我們的力量
[00:43:15.400 --> 00:43:17.200]  不單是赦罪
[00:43:17.200 --> 00:43:18.600]  赦罪的恩典
[00:43:18.600 --> 00:43:22.200]  而且進到耶穌所命定的豐盛的生活
