
[00:00:00.000 --> 00:00:02.960]  我今天正道的訊息是
[00:00:02.960 --> 00:00:04.960]  安息日的啟示
[00:00:04.960 --> 00:00:06.560]  有三點
[00:00:06.560 --> 00:00:09.840]  就是顯明人屬靈的盲點
[00:00:09.840 --> 00:00:12.480]  也都顯明神他真正的心意
[00:00:12.480 --> 00:00:15.520]  顯明了耶穌基督是神的兒子
[00:00:15.520 --> 00:00:21.680]  中國有很多很好的
[00:00:21.680 --> 00:00:25.120]  很優秀的傳統
[00:00:25.120 --> 00:00:28.000]  但是有一些不是那麼好的
[00:00:28.000 --> 00:00:31.040]  是需要被更新的
[00:00:31.040 --> 00:00:35.040]  過去我們中國有一個叫做
[00:00:35.040 --> 00:00:37.840]  前腳 扎腳
[00:00:37.840 --> 00:00:41.440]  扎腳是興起在五代的時候
[00:00:41.440 --> 00:00:44.560]  盛行在宋朝、明朝和清朝
[00:00:44.560 --> 00:00:50.720]  所以延續到近一千年
[00:00:50.720 --> 00:00:52.320]  為什麼叫做扎腳
[00:00:52.320 --> 00:00:54.400]  當時有一個很好的名字叫做
[00:00:54.400 --> 00:00:56.560]  三寸金蓮
[00:00:56.560 --> 00:01:00.720]  是視為一種女子的美德
[00:01:00.720 --> 00:01:03.520]  它是將這件事納入女子的美德
[00:01:03.520 --> 00:01:05.840]  所以很多人就認為
[00:01:05.840 --> 00:01:06.880]  如果你不扎腳
[00:01:06.880 --> 00:01:09.360]  你就不是好的女子
[00:01:09.360 --> 00:01:14.720]  甚至你會嫁不出
[00:01:14.720 --> 00:01:16.880]  所以久而久之
[00:01:16.880 --> 00:01:20.160]  這種就成為一個文化和傳統
[00:01:20.160 --> 00:01:23.920]  而且變成了一種不可以改變的標準
[00:01:23.920 --> 00:01:27.040]  我不知道在座的父母有沒有扎過腳
[00:01:27.040 --> 00:01:30.720]  如果你是地主家庭、富商家庭
[00:01:30.720 --> 00:01:34.320]  你們祖父祖母那一輩
[00:01:34.320 --> 00:01:37.040]  可能真的會扎腳
[00:01:37.040 --> 00:01:42.240]  後來有不少來到中國
[00:01:42.240 --> 00:01:45.840]  或者來到華人地區的宣教士去宣教
[00:01:45.840 --> 00:01:48.880]  他們根據聖經的教導就指出
[00:01:48.880 --> 00:01:51.440]  人是按照神的形象去做的
[00:01:51.440 --> 00:01:55.040]  他的身體不應該受到傷害
[00:01:55.040 --> 00:01:58.000]  所以他們就成立了天竺會
[00:01:58.000 --> 00:02:01.760]  而且在中國一帶創辦了學校
[00:02:01.760 --> 00:02:04.640]  鼓勵那些信徒的家庭
[00:02:04.640 --> 00:02:07.600]  不要被他們的女兒扎腳
[00:02:07.600 --> 00:02:11.200]  你捆得太死
[00:02:11.200 --> 00:02:13.680]  他們在一個化育時期的時候
[00:02:13.680 --> 00:02:17.920]  就被捆綁住了
[00:02:17.920 --> 00:02:19.360]  這樣是對他們不健康的
[00:02:19.360 --> 00:02:24.400]  所以他們就積極推動反對扎腳的運動
[00:02:24.400 --> 00:02:26.800]  後來越來越多的基督徒
[00:02:26.800 --> 00:02:31.200]  和社會的改革人士和政府就參與在當中
[00:02:31.200 --> 00:02:37.440]  所以就延續了一千年的
[00:02:37.440 --> 00:02:45.040]  可以說是留疾不好的風俗廢除了
[00:02:45.040 --> 00:02:48.480]  這件事給我們看到什麼呢
[00:02:48.480 --> 00:02:51.200]  有時傳統本身不是一個問題
[00:02:51.200 --> 00:02:52.960]  傳統有好有不好
[00:02:52.960 --> 00:02:54.240]  但真正的問題就是
[00:02:54.240 --> 00:02:57.440]  你把傳統當成一個絕對的標準
[00:02:57.440 --> 00:03:01.120]  當然扎腳這種傳統真的不好
[00:03:01.120 --> 00:03:02.720]  對人健康不好
[00:03:02.720 --> 00:03:07.040]  當你把傳統當成絕對的時候
[00:03:07.040 --> 00:03:09.360]  而且是高過真理的時候
[00:03:09.360 --> 00:03:12.000]  那就很出問題了
[00:03:12.000 --> 00:03:15.920]  凡是違背聖經真理的神心意的
[00:03:15.920 --> 00:03:19.440]  他應該是受到神話語的一個更新
[00:03:19.440 --> 00:03:22.720]  不是凌駕在真理之上
[00:03:22.720 --> 00:03:24.640]  如果你看那幅圖你就知道了
[00:03:24.640 --> 00:03:29.040]  如果一個正常人的腳是這麼長的
[00:03:29.040 --> 00:03:34.240]  但是他以後還是要穿這麼小一雙鞋子的時候
[00:03:34.240 --> 00:03:35.920]  對人的影響是很大的
[00:03:35.920 --> 00:03:37.360]  所以一些的留疾
[00:03:37.360 --> 00:03:39.520]  一些的傳統不好的傳統
[00:03:39.520 --> 00:03:41.440]  應該是被更新的
[00:03:41.440 --> 00:03:43.040]  所以有神學家就說
[00:03:43.040 --> 00:03:48.400]  傳統是那些已逝去的人
[00:03:48.400 --> 00:03:49.920]  活的一個信仰
[00:03:49.920 --> 00:03:52.400]  他們當時
[00:03:52.400 --> 00:03:54.560]  他們把這些美好的傳統
[00:03:54.560 --> 00:03:56.320]  那些精華留給後面
[00:03:56.320 --> 00:03:58.720]  但是傳統主義就真的不好
[00:03:58.720 --> 00:04:05.760]  就是他把活人的
[00:04:05.760 --> 00:04:09.040]  就是一個活人死的信仰
[00:04:09.040 --> 00:04:10.160]  人是生的
[00:04:10.160 --> 00:04:11.920]  但是那個信仰已經死了
[00:04:11.920 --> 00:04:12.640]  什麼意思
[00:04:12.640 --> 00:04:16.000]  真正的傳統是歷代的信徒
[00:04:16.000 --> 00:04:18.320]  忠於聖經的傳承
[00:04:18.320 --> 00:04:22.240]  傳統主義是把人的做法
[00:04:22.240 --> 00:04:24.560]  就是人的想法
[00:04:24.560 --> 00:04:26.320]  絕對化了
[00:04:26.320 --> 00:04:27.520]  人是有限的
[00:04:27.520 --> 00:04:30.880]  他怎麼可能是絕對的呢
[00:04:30.880 --> 00:04:32.320]  不可能的
[00:04:32.320 --> 00:04:36.160]  甚至是把人的話高過神的話
[00:04:36.160 --> 00:04:37.520]  那就很大問題了
[00:04:37.520 --> 00:04:38.800]  那猶太人呢
[00:04:38.800 --> 00:04:41.680]  他們在安息日的問題上
[00:04:41.680 --> 00:04:47.440]  都犯了同樣一個錯誤
[00:04:47.440 --> 00:04:48.800]  上次說到哪裡呢
[00:04:48.800 --> 00:04:52.400]  上次說到病了38年的人
[00:04:52.400 --> 00:04:54.800]  得到了醫治
[00:04:54.800 --> 00:04:57.840]  本應該是一件很高興的事
[00:04:57.840 --> 00:04:59.920]  而且是震撼人心的
[00:04:59.920 --> 00:05:06.080]  38年的人都可以被耶穌治好
[00:05:06.080 --> 00:05:07.280]  按人的想法
[00:05:07.280 --> 00:05:12.080]  如果是38年的人病得醫好
[00:05:12.080 --> 00:05:16.000]  可以說他們在文化當中
[00:05:16.000 --> 00:05:19.440]  應該是很難見到的
[00:05:19.440 --> 00:05:23.840]  在舊約當中你也是很少見到的
[00:05:23.840 --> 00:05:25.840]  按理來說
[00:05:25.840 --> 00:05:29.280]  這樣一個能夠醫好人的一個人
[00:05:29.280 --> 00:05:31.440]  他應該受到尊敬
[00:05:31.440 --> 00:05:36.080]  甚至是受到一個敬佩的對他
[00:05:36.080 --> 00:05:38.640]  但事實是不是這樣呢
[00:05:38.640 --> 00:05:41.440]  事實恰恰是相反的
[00:05:41.440 --> 00:05:45.840]  當耶穌說起來拿起你的玉子走
[00:05:45.840 --> 00:05:49.040]  這個病人就好了
[00:05:49.040 --> 00:05:52.240]  但是在猶太人看來
[00:05:52.240 --> 00:05:55.520]  他們看這件事不是一件好的事
[00:05:55.520 --> 00:06:00.880]  所以他們就質問這個拿起玉子走的人
[00:06:00.880 --> 00:06:03.280]  今天是安息日
[00:06:03.280 --> 00:06:06.880]  你為什麼要拿起玉子走呢
[00:06:06.880 --> 00:06:07.920]  人家都好了
[00:06:07.920 --> 00:06:09.040]  這麼大的一件事
[00:06:09.040 --> 00:06:12.800]  他應該是把這件喜事
[00:06:12.800 --> 00:06:13.840]  看到是一件喜事
[00:06:13.840 --> 00:06:14.800]  一個人被醫治
[00:06:14.800 --> 00:06:17.440]  但他說今天是安息日
[00:06:17.440 --> 00:06:20.640]  你為什麼要拿起玉子走
[00:06:20.640 --> 00:06:27.120]  那個從前病了38年癱瘓的人
[00:06:27.120 --> 00:06:28.880]  他不是工作
[00:06:28.880 --> 00:06:32.480]  他只是把自己的玉子拿走
[00:06:32.480 --> 00:06:35.360]  他其實不是違反了律法
[00:06:35.360 --> 00:06:39.600]  而是違反了宗教領袖
[00:06:39.600 --> 00:06:44.240]  這些領袖後來所制定的一些規條
[00:06:44.240 --> 00:06:48.560]  他不是明文地反對神他原有的律法
[00:06:48.560 --> 00:06:55.520]  他是違反了這些領袖後來所制定的規條
[00:06:55.520 --> 00:06:57.600]  神設立安息日
[00:06:57.600 --> 00:07:00.880]  是要人去停止勞碌
[00:07:00.880 --> 00:07:02.560]  讓人去親近神
[00:07:02.560 --> 00:07:05.280]  享受神所賜的那種平安
[00:07:05.280 --> 00:07:09.200]  但是後來這些猶太的拉比和文字
[00:07:09.200 --> 00:07:10.800]  就加了很多的規條
[00:07:10.800 --> 00:07:15.600]  將工作定義變得很機械
[00:07:15.600 --> 00:07:18.560]  就是不可以做什麼
[00:07:18.560 --> 00:07:20.640]  例如規定了安息日
[00:07:20.640 --> 00:07:23.200]  你不可以走超過多少個路
[00:07:23.200 --> 00:07:24.320]  你超過了
[00:07:24.320 --> 00:07:26.160]  你就是犯安息日
[00:07:26.160 --> 00:07:30.000]  你也不可以拿重過多少的東西
[00:07:30.000 --> 00:07:30.960]  如果你超過了
[00:07:30.960 --> 00:07:32.720]  你也是犯安息日
[00:07:32.720 --> 00:07:37.040]  這個病人拿著玉子走
[00:07:37.040 --> 00:07:39.040]  他就當成你做工了
[00:07:39.040 --> 00:07:42.000]  因為你在做搬運的工作
[00:07:42.000 --> 00:07:46.400]  這個病人只有一個玉子
[00:07:46.400 --> 00:07:49.280]  連家裡都沒有
[00:07:49.280 --> 00:07:50.880]  你拿著玉子的時候
[00:07:50.880 --> 00:07:54.080]  你就等於是安息日在搬家
[00:07:54.080 --> 00:07:56.000]  你在搬家
[00:07:56.000 --> 00:07:58.400]  所以你是違反安息日的
[00:07:58.400 --> 00:08:00.960]  所以機械的那種規條
[00:08:00.960 --> 00:08:05.440]  死的那種信仰是很可怕的
[00:08:05.440 --> 00:08:06.880]  直到今天
[00:08:06.880 --> 00:08:11.520]  如果一些嚴格遵守傳統的猶太人
[00:08:11.520 --> 00:08:14.080]  他們不會開車安息日
[00:08:14.080 --> 00:08:17.360]  也甚至是不會看電視
[00:08:17.360 --> 00:08:20.160]  他們按電梯的時候
[00:08:20.160 --> 00:08:23.520]  他們是先設定好的
[00:08:23.520 --> 00:08:27.040]  預設好了
[00:08:27.040 --> 00:08:29.280]  他就不用在那天去按了
[00:08:29.280 --> 00:08:31.280]  但是如果他一按
[00:08:31.280 --> 00:08:33.680]  他就違反安息日了
[00:08:33.680 --> 00:08:37.200]  那為什麼他們看世界盃呢
[00:08:37.200 --> 00:08:39.200]  如果是很嚴格
[00:08:39.200 --> 00:08:41.600]  遵守傳統正統的猶太人
[00:08:41.600 --> 00:08:43.040]  他們寧願不看
[00:08:43.040 --> 00:08:44.160]  你不要預我
[00:08:44.160 --> 00:08:45.440]  世界盃很精彩
[00:08:45.440 --> 00:08:48.560]  但是在安息日的時候
[00:08:48.560 --> 00:08:49.680]  我不會去看
[00:08:49.680 --> 00:08:54.480]  因為我要嚴格去守我的安息日
[00:08:54.480 --> 00:08:56.880]  為什麼他們這樣去堅持
[00:08:56.880 --> 00:08:58.880]  為什麼
[00:08:58.880 --> 00:09:00.720]  如果你再看歷史的時候
[00:09:00.720 --> 00:09:01.680]  你就知道
[00:09:01.680 --> 00:09:03.920]  猶太國滅亡
[00:09:03.920 --> 00:09:06.960]  那些百姓被擄巴比倫以後
[00:09:06.960 --> 00:09:13.360]  那些猶太民族就長期生活在外族的統治之下
[00:09:13.360 --> 00:09:15.760]  到了耶穌那個時候
[00:09:15.760 --> 00:09:20.400]  他們受到兩個國家的影響
[00:09:20.400 --> 00:09:22.640]  一個是希臘的文化
[00:09:22.640 --> 00:09:24.400]  一個是羅馬的政權
[00:09:24.400 --> 00:09:30.160]  他們受到希臘文化和羅馬政權的雙重影響
[00:09:30.160 --> 00:09:35.680]  所以他們為了保住自己的民族信仰和身份
[00:09:35.680 --> 00:09:39.840]  所以他們就制定了很多的規條出來
[00:09:39.840 --> 00:09:41.360]  特別是三件事
[00:09:41.360 --> 00:09:43.360]  他們制定了很多的規條
[00:09:43.360 --> 00:09:45.840]  他們強調一定是要國禮的
[00:09:45.840 --> 00:09:48.320]  你一定要守安息日的
[00:09:48.320 --> 00:09:50.640]  而且在很多潔淨的禮儀
[00:09:50.640 --> 00:09:51.680]  你都是要守的
[00:09:51.680 --> 00:09:59.360]  這些就將他們在當時的外邦人當中分出來了
[00:09:59.360 --> 00:10:00.880]  他們就有一個標記
[00:10:00.880 --> 00:10:02.240]  可以說我是屬神的
[00:10:02.240 --> 00:10:03.840]  你們那些是外邦人
[00:10:03.840 --> 00:10:09.120]  其實從歷史的角度來說
[00:10:09.120 --> 00:10:11.920]  他們是為了保存自己的民族
[00:10:11.920 --> 00:10:14.880]  有積極的意義的
[00:10:14.880 --> 00:10:17.600]  但是久而久之
[00:10:17.600 --> 00:10:21.120]  他們就加了很多一個傳統
[00:10:21.120 --> 00:10:27.520]  而且是遮蓋了神所設立的那種律法的原意
[00:10:27.520 --> 00:10:29.360]  原先的心意的時候
[00:10:29.360 --> 00:10:32.320]  他們加了很多的規條
[00:10:32.320 --> 00:10:35.040]  成為了衡量一個人
[00:10:35.040 --> 00:10:36.240]  你屬不屬靈
[00:10:36.240 --> 00:10:37.680]  就是看這些準則
[00:10:37.680 --> 00:10:41.120]  你有沒有守我這些安息日的規條
[00:10:41.120 --> 00:10:42.720]  你守你就是屬靈的
[00:10:42.720 --> 00:10:46.880]  你不守你有問題
[00:10:46.880 --> 00:10:49.760]  所以耶穌基督在這種狀況當中
[00:10:49.760 --> 00:10:55.120]  他就要糾正他們在安息日這些錯誤的觀念
[00:10:55.120 --> 00:10:58.240]  但是他們寧可維持自己的傳統
[00:10:58.240 --> 00:10:59.840]  都不接受
[00:10:59.840 --> 00:11:07.440]  也都不站在他們看到的微塞亞的立場那裏
[00:11:07.440 --> 00:11:10.480]  他們不願意接受這種的觀念
[00:11:10.480 --> 00:11:11.920]  他們關心的是
[00:11:11.920 --> 00:11:16.960]  所以你會看到他們關心的不是一個38年的病人
[00:11:16.960 --> 00:11:20.240]  他們關心的也都不是神
[00:11:20.240 --> 00:11:22.240]  他顯出了很大的能力
[00:11:22.240 --> 00:11:24.960]  他醫治了38年的病人
[00:11:24.960 --> 00:11:27.600]  是一個很大的神蹟
[00:11:27.600 --> 00:11:29.280]  他們關注的是什麼
[00:11:29.280 --> 00:11:32.240]  就是關注你這個人
[00:11:32.240 --> 00:11:36.160]  為什麼拿著玉子酒在安息日
[00:11:36.160 --> 00:11:39.520]  他們關心是有沒有違反那個規條
[00:11:39.520 --> 00:11:40.880]  如果換了今天
[00:11:40.880 --> 00:11:44.400]  應該是這麼大一件神蹟
[00:11:44.400 --> 00:11:47.200]  38年的人都醫得好很難
[00:11:47.200 --> 00:11:49.680]  如果是現在的科技都做不到的
[00:11:49.680 --> 00:11:50.560]  有人做得到
[00:11:50.560 --> 00:11:52.800]  這個人應該是上頭條的
[00:11:52.800 --> 00:11:54.480]  應該成為名醫的
[00:11:54.480 --> 00:11:57.040]  應該給他一個錦旗說
[00:11:57.040 --> 00:12:00.480]  妙手回春華台再世之日
[00:12:00.480 --> 00:12:04.320]  但是他們這些猶太人
[00:12:04.320 --> 00:12:06.880]  竟然是一點歡喜都沒有的
[00:12:06.880 --> 00:12:11.280]  他們反而是要定人的罪
[00:12:11.280 --> 00:12:13.920]  所以當他們這樣做的時候
[00:12:13.920 --> 00:12:18.080]  反而反映他們屬靈的生命
[00:12:18.080 --> 00:12:21.600]  他們真正一個屬靈的狀態是怎樣
[00:12:21.600 --> 00:12:23.520]  他們看中了外在的
[00:12:23.520 --> 00:12:26.960]  忽略神律法真正的一個目的是什麼
[00:12:26.960 --> 00:12:30.560]  他們在意的是規矩是不是被遵守
[00:12:30.560 --> 00:12:33.520]  但是他們沒有關心人
[00:12:33.520 --> 00:12:36.640]  他們不是關心人的生命
[00:12:36.640 --> 00:12:37.920]  關心人的健康
[00:12:37.920 --> 00:12:44.480]  關心人的恢復生命的恢復而歡喜
[00:12:44.480 --> 00:12:46.480]  他們追問
[00:12:46.480 --> 00:12:49.440]  是誰叫你拿玉紙的
[00:12:49.440 --> 00:12:53.440]  這句話就是反映他們急著去找負責人
[00:12:53.440 --> 00:12:55.680]  到底這件事你這樣做
[00:12:55.680 --> 00:12:57.600]  誰指使的
[00:12:57.600 --> 00:12:59.680]  誰叫你這樣做的
[00:12:59.680 --> 00:13:04.400]  他們不是關心誰醫好你
[00:13:04.400 --> 00:13:06.960]  所以他們看到的是龜條
[00:13:06.960 --> 00:13:09.360]  但是看不到神
[00:13:09.360 --> 00:13:11.520]  他們看見的是玉紙
[00:13:11.520 --> 00:13:13.680]  也看不到神蹟
[00:13:13.680 --> 00:13:15.600]  神蹟已經擺在眼前
[00:13:15.600 --> 00:13:18.400]  他們是忽視的
[00:13:18.400 --> 00:13:19.920]  看到安息人
[00:13:19.920 --> 00:13:23.680]  但是看不到耶穌基督就是微塞亞
[00:13:23.680 --> 00:13:25.840]  是很可怕的
[00:13:25.840 --> 00:13:30.960]  所以這些人有他屬靈的盲點
[00:13:30.960 --> 00:13:33.840]  所以當人心被那種觀念
[00:13:33.840 --> 00:13:38.080]  傳統和聖見佔據的時候
[00:13:38.080 --> 00:13:40.640]  即使是神的作為在他眼前
[00:13:40.640 --> 00:13:42.160]  他也是看不到的
[00:13:42.160 --> 00:13:45.280]  所以大五章
[00:13:45.280 --> 00:13:49.120]  就成為了耶穌走向十字架的一個開始
[00:13:49.120 --> 00:13:52.880]  猶太人和耶穌的衝突
[00:13:52.880 --> 00:13:55.680]  耶穌既然犯了安息人
[00:13:55.680 --> 00:13:58.480]  衝突就不斷地升級
[00:13:58.480 --> 00:14:01.040]  如果你再看到後面十六節的時候
[00:14:01.040 --> 00:14:02.640]  就直接說
[00:14:02.640 --> 00:14:04.560]  他們是要逼迫耶穌的
[00:14:04.560 --> 00:14:06.480]  再看到後面十八節的時候
[00:14:06.480 --> 00:14:08.400]  他們是要殺害耶穌的
[00:14:08.400 --> 00:14:10.000]  這一切不是偶然的
[00:14:10.000 --> 00:14:12.720]  耶穌是可以避免這些事的
[00:14:12.720 --> 00:14:14.080]  但是耶穌沒有這樣做
[00:14:14.080 --> 00:14:16.240]  本來是再等二十四小時
[00:14:16.240 --> 00:14:17.680]  我再治你也可以
[00:14:17.680 --> 00:14:20.320]  一千四百四十分鐘
[00:14:20.320 --> 00:14:23.040]  我過了這一千四百四十分鐘再去做
[00:14:23.040 --> 00:14:26.640]  等到一千四百四十一分鐘
[00:14:26.640 --> 00:14:28.640]  我就不煩你這個規了
[00:14:28.640 --> 00:14:29.920]  這樣做的時候是沒有問題的
[00:14:29.920 --> 00:14:34.320]  但是耶穌為什麼不避開這些衝突
[00:14:34.320 --> 00:14:36.720]  要招來這個殺身之禍
[00:14:36.720 --> 00:14:39.360]  是很大的一件事
[00:14:39.360 --> 00:14:41.120]  安息人
[00:14:41.120 --> 00:14:44.240]  頂撞整個猶太民族
[00:14:44.240 --> 00:14:45.600]  為什麼要這樣做
[00:14:45.600 --> 00:14:49.920]  如果你看耶穌的行為你就知道
[00:14:49.920 --> 00:14:52.240]  耶穌基督來到這個世界上
[00:14:52.240 --> 00:14:54.880]  不是一個歷史的偶然
[00:14:54.880 --> 00:14:58.480]  是永恆有一個救贖的計劃
[00:14:58.480 --> 00:15:02.960]  祂是按照神的時間而降生的
[00:15:02.960 --> 00:15:04.400]  因為聖經這樣說的
[00:15:04.400 --> 00:15:05.680]  及至事後滿足
[00:15:05.680 --> 00:15:09.440]  神就差遣祂的兒子為女子所生
[00:15:09.440 --> 00:15:12.080]  而且生在律法之下
[00:15:12.080 --> 00:15:14.320]  所以神只是歷史的主宰
[00:15:14.320 --> 00:15:16.560]  祂是掌握著歷史的
[00:15:16.560 --> 00:15:18.640]  耶穌基督祂的降生
[00:15:18.640 --> 00:15:20.160]  祂的侍奉
[00:15:20.160 --> 00:15:21.520]  祂的受死
[00:15:21.520 --> 00:15:23.600]  都是按照神祂的計劃的
[00:15:23.600 --> 00:15:26.320]  所以這一切都不是偶然的
[00:15:26.320 --> 00:15:28.240]  耶穌基督在地上
[00:15:28.240 --> 00:15:29.520]  一切的行動
[00:15:29.520 --> 00:15:31.440]  都不是按照自己的意思的
[00:15:31.440 --> 00:15:34.320]  祂也不是隨著環境的改變
[00:15:34.320 --> 00:15:35.280]  安全我就做
[00:15:35.280 --> 00:15:36.480]  不安全我就不做
[00:15:36.480 --> 00:15:39.360]  祂是完全順服神祂的意思的
[00:15:39.360 --> 00:15:40.960]  祂生在律法之下
[00:15:40.960 --> 00:15:45.040]  但是祂遵守律法一切的要求
[00:15:45.040 --> 00:15:48.000]  所以祂出來工作的時候
[00:15:48.000 --> 00:15:51.600]  約翰幫祂受洗
[00:15:51.600 --> 00:15:54.080]  祂公開傳道
[00:15:54.080 --> 00:15:55.280]  而且順服
[00:15:55.280 --> 00:15:56.480]  承傳律法
[00:15:56.480 --> 00:15:58.400]  當祂說要受洗的時候
[00:15:58.400 --> 00:16:00.720]  約翰說我不可以為你受洗
[00:16:00.720 --> 00:16:02.000]  耶穌基督說
[00:16:02.000 --> 00:16:03.760]  我理當這樣
[00:16:03.760 --> 00:16:05.040]  盡諸般的義
[00:16:05.040 --> 00:16:08.960]  所以祂是按照律法的
[00:16:08.960 --> 00:16:12.400]  祂也按照律法去到耶路撒冷來過節
[00:16:12.400 --> 00:16:16.960]  就是我們大五章所看到的
[00:16:16.960 --> 00:16:18.800]  祂醫治這個病人
[00:16:18.800 --> 00:16:21.520]  所以祂不單只是一個神跡
[00:16:21.520 --> 00:16:25.520]  也是神在永恆的一個計劃當中
[00:16:25.520 --> 00:16:27.200]  一個重要的時刻
[00:16:27.200 --> 00:16:29.280]  耶穌知道祂這樣做
[00:16:29.280 --> 00:16:32.640]  會引起這些宗教領袖的反對
[00:16:32.640 --> 00:16:33.920]  招來殺身之禍
[00:16:33.920 --> 00:16:35.520]  但是祂沒有避開
[00:16:35.520 --> 00:16:39.360]  祂是肩負著一個給自己一條命
[00:16:39.360 --> 00:16:41.840]  重要重要的使命
[00:16:41.840 --> 00:16:44.720]  就是要完成父神的救贖工作
[00:16:44.720 --> 00:16:46.880]  所以祂不單只是這一天
[00:16:46.880 --> 00:16:48.880]  不單只是去憐憫人
[00:16:48.880 --> 00:16:53.200]  祂也要釋放那些被錯誤傳統
[00:16:53.200 --> 00:16:56.960]  和那些宗教規條綑綁著的人
[00:16:56.960 --> 00:17:00.000]  使他們真正明白神的心意
[00:17:00.000 --> 00:17:01.760]  所以祂為什麼這樣做
[00:17:01.760 --> 00:17:03.600]  祂是要信服神的旨意
[00:17:03.600 --> 00:17:04.880]  而且你會看到
[00:17:04.880 --> 00:17:06.400]  就算是敵對也好
[00:17:06.400 --> 00:17:07.360]  祂早就知道了
[00:17:07.360 --> 00:17:09.840]  祂是要走這條十字架的道路
[00:17:09.840 --> 00:17:13.360]  所以祂是知道自己有一個更大的使命
[00:17:13.360 --> 00:17:15.680]  所以祂放下了自己的安全
[00:17:15.680 --> 00:17:16.720]  那今天呢
[00:17:16.720 --> 00:17:17.440]  今天也是的
[00:17:17.440 --> 00:17:21.040]  很多時候我們當進行真理的時候
[00:17:21.040 --> 00:17:25.200]  不一定是我們做錯
[00:17:25.200 --> 00:17:27.680]  我們被人拒絕
[00:17:27.680 --> 00:17:28.880]  不是我們做錯
[00:17:28.880 --> 00:17:33.360]  可能是我們堅持了做、行真理的事
[00:17:33.360 --> 00:17:34.800]  我記得有一個弟兄
[00:17:34.800 --> 00:17:38.160]  他在大陸做公安
[00:17:38.160 --> 00:17:40.960]  我就是要不守這些潛規則
[00:17:40.960 --> 00:17:43.600]  我就是不拿這些好處
[00:17:43.600 --> 00:17:45.600]  不同立劉合烏
[00:17:45.600 --> 00:17:47.120]  他沒有受到人稱讚
[00:17:47.120 --> 00:17:50.640]  反而是被排擠、被調離的
[00:17:50.640 --> 00:17:53.280]  耶穌基督也是被排擠的
[00:17:53.280 --> 00:17:55.520]  他按照神的計劃
[00:17:55.520 --> 00:17:57.200]  按照神的心意做的時候
[00:17:57.200 --> 00:18:00.240]  不是說沒有壓力的
[00:18:00.240 --> 00:18:01.760]  他醫治病人
[00:18:01.760 --> 00:18:05.040]  幫助人、拯救人
[00:18:05.040 --> 00:18:07.280]  反而受到逼迫
[00:18:07.280 --> 00:18:08.880]  光照在黑暗裡
[00:18:08.880 --> 00:18:10.880]  黑暗卻不接受光
[00:18:10.880 --> 00:18:12.400]  一個人行善
[00:18:12.400 --> 00:18:15.840]  人一定會敬佩你、尊敬你
[00:18:15.840 --> 00:18:16.880]  反而可能是
[00:18:16.880 --> 00:18:20.240]  剛剛的答案是相反的
[00:18:20.240 --> 00:18:22.000]  我們要反思的是
[00:18:22.000 --> 00:18:24.800]  為什麼人會拒絕這個光
[00:18:24.800 --> 00:18:27.360]  反而是逼迫那些行善的人呢?
[00:18:27.360 --> 00:18:29.200]  為什麼這些猶太人會這樣做呢?
[00:18:29.200 --> 00:18:31.120]  他們背後的原因是什麼?
[00:18:31.120 --> 00:18:33.920]  背後很重要的一個原因就是
[00:18:33.920 --> 00:18:35.120]  嫉妒
[00:18:35.120 --> 00:18:36.080]  如果你再看的時候
[00:18:36.080 --> 00:18:37.440]  你就知道耶穌基督是
[00:18:37.440 --> 00:18:38.800]  祂行神蹟的時候
[00:18:38.800 --> 00:18:40.640]  祂是很受歡迎的
[00:18:40.640 --> 00:18:42.480]  祂受人擁戴的
[00:18:42.480 --> 00:18:43.760]  嫉妒
[00:18:43.760 --> 00:18:47.120]  今天可能我們也會犯同樣的錯誤
[00:18:47.120 --> 00:18:51.040]  當人信主或其他教會復興
[00:18:51.040 --> 00:18:53.520]  神的工作興旺的時候
[00:18:53.520 --> 00:18:55.200]  我們是否真心去感謝神呢?
[00:18:55.200 --> 00:18:56.800]  還是我們看到
[00:18:56.800 --> 00:18:58.560]  不是出於我們做的
[00:18:58.560 --> 00:19:00.240]  就有比較
[00:19:00.240 --> 00:19:01.440]  甚至是批評呢?
[00:19:01.440 --> 00:19:04.000]  這些都是出於嫉妒的
[00:19:04.000 --> 00:19:05.680]  一個充滿嫉妒的人
[00:19:05.680 --> 00:19:09.760]  他是享受不到神所賜的安息的
[00:19:09.760 --> 00:19:10.880]  為什麼呢?
[00:19:10.880 --> 00:19:12.960]  因為他看到的是
[00:19:12.960 --> 00:19:15.280]  別人所擁有的
[00:19:15.280 --> 00:19:16.800]  而看不到什麼
[00:19:16.800 --> 00:19:19.440]  神已經給了我很多東西
[00:19:19.440 --> 00:19:23.520]  神已經給了我很多的恩典在這裡
[00:19:23.520 --> 00:19:25.440]  《三國演義》有一句話在這裡
[00:19:25.440 --> 00:19:29.040]  「既生魚何生糧?」
[00:19:29.040 --> 00:19:30.720]  就是說為什麼有了周瑜
[00:19:30.720 --> 00:19:33.600]  還要有我諸葛亮在這裡
[00:19:33.600 --> 00:19:36.640]  最後周瑜就是含恨而終
[00:19:36.640 --> 00:19:39.360]  他沒有聖經所提到的
[00:19:39.360 --> 00:19:40.640]  這種安息
[00:19:40.640 --> 00:19:42.640]  雖然這些是小說所說的
[00:19:42.640 --> 00:19:46.160]  不是一個歷史的事實
[00:19:46.160 --> 00:19:49.840]  但它就刻劃了人的本性是怎樣
[00:19:49.840 --> 00:19:52.320]  當別人越優秀的時候
[00:19:52.320 --> 00:19:53.360]  如果你有比較
[00:19:53.360 --> 00:19:54.800]  你自己就會越痛苦
[00:19:54.800 --> 00:19:56.320]  當別人越蒙福的時候
[00:19:56.320 --> 00:19:57.440]  你有比較
[00:19:57.440 --> 00:19:58.400]  有嫉妒的時候
[00:19:58.400 --> 00:20:04.960]  你就失去了這個安息
[00:20:04.960 --> 00:20:06.160]  如果再看聖經的時候
[00:20:06.160 --> 00:20:06.800]  你就看到了
[00:20:06.800 --> 00:20:10.480]  嫉妒是令人犯罪的
[00:20:10.480 --> 00:20:13.440]  因為那個人他嫉妒阿伯的時候
[00:20:13.440 --> 00:20:17.200]  他就將他的兄弟殺了
[00:20:17.200 --> 00:20:19.280]  所以嫉妒最大的傷害
[00:20:19.280 --> 00:20:22.320]  不是傷害其他人
[00:20:22.320 --> 00:20:23.840]  反而是先傷害你自己
[00:20:23.840 --> 00:20:25.200]  因為你有比較
[00:20:25.200 --> 00:20:27.040]  有嫉妒、有怨恨
[00:20:27.040 --> 00:20:29.600]  就失去了平安和喜樂
[00:20:29.600 --> 00:20:33.360]  你就不可以享受安息了
[00:20:33.360 --> 00:20:34.720]  所以一個嫉妒的人
[00:20:34.720 --> 00:20:39.040]  他不可能享受到神真正所致的安息
[00:20:39.040 --> 00:20:40.880]  因為雅各書也說了
[00:20:40.880 --> 00:20:44.880]  如果是心懷著苦毒和嫉妒的紛爭
[00:20:44.880 --> 00:20:46.240]  就不可自誇
[00:20:46.240 --> 00:20:49.280]  也不可說謊話抵擋真道
[00:20:49.280 --> 00:20:52.000]  這些智慧不是從上頭來的
[00:20:52.000 --> 00:20:54.800]  是屬地的、屬情慾的、屬魔鬼的
[00:20:54.800 --> 00:20:56.880]  哪裡有嫉妒、紛爭
[00:20:56.880 --> 00:21:00.080]  就在哪裡有擾亂
[00:21:00.080 --> 00:21:00.960]  是有擾亂
[00:21:00.960 --> 00:21:02.560]  不是有安息
[00:21:02.560 --> 00:21:06.480]  還有各樣的壞事
[00:21:06.480 --> 00:21:07.680]  最重要的問題
[00:21:07.680 --> 00:21:11.520]  也不是猶太人最重要的問題
[00:21:11.520 --> 00:21:13.120]  也不是這個嫉妒
[00:21:13.120 --> 00:21:17.920]  是他對安息日錯誤的理解
[00:21:17.920 --> 00:21:21.360]  他將神所設的安息日
[00:21:21.360 --> 00:21:23.520]  變成了人的一個傳統
[00:21:23.520 --> 00:21:26.160]  將相對的這個規條
[00:21:26.160 --> 00:21:27.040]  指的是相對的
[00:21:27.040 --> 00:21:28.720]  不是一個絕對標準
[00:21:28.720 --> 00:21:31.360]  變成了絕對的真理
[00:21:31.360 --> 00:21:32.880]  他們就有很大問題了
[00:21:32.880 --> 00:21:35.680]  他們知道安息日是神所設立的
[00:21:35.680 --> 00:21:39.200]  也將安息日看作專守律法
[00:21:39.200 --> 00:21:40.880]  最重要的一個記號
[00:21:40.880 --> 00:21:42.320]  我受這個安息日
[00:21:42.320 --> 00:21:46.960]  就代表著我專守神的律法
[00:21:46.960 --> 00:21:48.480]  但是神看重的是什麼呢?
[00:21:48.480 --> 00:21:53.360]  祂不是看重你制定的這些規條是什麼
[00:21:53.360 --> 00:21:56.560]  祂看重的是人的生命是怎樣
[00:21:56.560 --> 00:21:58.320]  舊約讓我們看到
[00:21:58.320 --> 00:22:01.360]  神是藉著先知責備以色列人的
[00:22:01.360 --> 00:22:09.920]  月朔和安息日是我所憎惡的
[00:22:09.920 --> 00:22:12.720]  神不是說廢棄那個安息日
[00:22:12.720 --> 00:22:18.080]  而是厭惡這些所謂的敬拜神的人
[00:22:18.080 --> 00:22:19.920]  有那種宗教的形式
[00:22:19.920 --> 00:22:22.000]  你守這些很多的規條
[00:22:22.000 --> 00:22:25.360]  但是你沒有真正敬畏神的心
[00:22:25.360 --> 00:22:26.640]  新約呢
[00:22:26.640 --> 00:22:29.280]  新約保羅也提醒信徒
[00:22:29.280 --> 00:22:36.960]  你們要謹守日子、月份和節期、年份
[00:22:36.960 --> 00:22:39.040]  我為你們害怕
[00:22:39.040 --> 00:22:41.280]  當你們死守這些的時候
[00:22:41.280 --> 00:22:43.200]  我為你害怕
[00:22:43.200 --> 00:22:46.400]  所以無論是舊約還是新約
[00:22:46.400 --> 00:22:47.600]  都提醒我們
[00:22:47.600 --> 00:22:51.520]  人認為重要的那種宗教形式
[00:22:51.520 --> 00:22:58.240]  這些形式在神面前未必是重要的
[00:22:58.240 --> 00:23:02.080]  真正危險的不是有傳統
[00:23:02.080 --> 00:23:06.240]  而是將相對的當成絕對化
[00:23:06.240 --> 00:23:11.280]  死守的強解律法的人
[00:23:11.280 --> 00:23:14.080]  最終是將別人捆綁住
[00:23:14.080 --> 00:23:16.000]  也將自己捆綁住
[00:23:16.000 --> 00:23:17.040]  捆綁住在哪裏?
[00:23:17.040 --> 00:23:19.120]  在那個自據那裏
[00:23:19.120 --> 00:23:21.920]  神的誡命是有絕對的原則在那裏
[00:23:21.920 --> 00:23:24.080]  也都有相對的應用在那裏
[00:23:24.080 --> 00:23:29.440]  如果你將那個誡命都是機械地按字面理解的話
[00:23:29.440 --> 00:23:31.920]  你就忽略了神所設立
[00:23:31.920 --> 00:23:34.000]  律法的心意是怎樣
[00:23:34.000 --> 00:23:38.640]  就容易誤解神的意思是甚麼
[00:23:38.640 --> 00:23:41.280]  自據叫人死
[00:23:41.280 --> 00:23:44.080]  正義叫人活
[00:23:44.080 --> 00:23:46.880]  你看第二屆你就知道了
[00:23:46.880 --> 00:23:49.520]  不可為自己雕刻偶像
[00:23:49.520 --> 00:23:52.400]  後來神又吩咐摩西在約櫃裏
[00:23:52.400 --> 00:23:54.960]  製造了兩個基路伯
[00:23:54.960 --> 00:23:57.840]  這不是前後的一個矛盾
[00:23:57.840 --> 00:24:01.600]  神是禁止一切雕刻的偶像
[00:24:01.600 --> 00:24:04.160]  不是禁止他雕刻一切的偶像
[00:24:04.160 --> 00:24:10.080]  是當你雕刻這些偶像是為了要來拜的時候
[00:24:10.080 --> 00:24:11.760]  這樣你就出問題了
[00:24:11.760 --> 00:24:14.560]  所以在約櫃裏有基路伯
[00:24:14.560 --> 00:24:16.880]  放在致勝所裏面
[00:24:16.880 --> 00:24:20.160]  象徵著神的公義
[00:24:20.160 --> 00:24:24.640]  他的審判提醒祭司要傳吉敬畏的心
[00:24:24.640 --> 00:24:28.400]  要用聖潔和公義去侍奉神
[00:24:28.400 --> 00:24:31.120]  不是讓人敬拜基路伯
[00:24:31.120 --> 00:24:34.640]  如果祭司去敬拜基路伯的時候
[00:24:34.640 --> 00:24:36.480]  他就要受神的審判
[00:24:36.480 --> 00:24:39.280]  甚至可能會被擊殺
[00:24:39.280 --> 00:24:43.360]  所以神設立戒命是有絕對的原則
[00:24:43.360 --> 00:24:46.000]  也有相對的應用
[00:24:46.000 --> 00:24:49.920]  如果誤明神設立律法的目的是甚麼
[00:24:49.920 --> 00:24:54.400]  只是你經常守著那些字句
[00:24:54.400 --> 00:24:56.320]  好像是忠於聖經
[00:24:56.320 --> 00:25:00.400]  其實反而將人困死在那些龜條裏面
[00:25:00.400 --> 00:25:01.520]  猶太人就是這樣
[00:25:01.520 --> 00:25:04.400]  他們將安息日絕對化了
[00:25:04.400 --> 00:25:06.080]  結果就變成了
[00:25:06.080 --> 00:25:08.400]  安息日不可以醫病
[00:25:08.400 --> 00:25:10.480]  安息日也不可以救人
[00:25:10.480 --> 00:25:13.680]  也不可以去幫助人
[00:25:13.680 --> 00:25:19.120]  就違背了設立安息日的本意是甚麼
[00:25:19.120 --> 00:25:21.280]  神的本意是甚麼
[00:25:21.280 --> 00:25:26.160]  所以人如果將相對的變成絕對
[00:25:26.160 --> 00:25:28.240]  就會覺得自以為聰明
[00:25:28.240 --> 00:25:31.200]  但這種聰明始終是捆綁了自己
[00:25:31.200 --> 00:25:32.400]  成為一種愚昧
[00:25:32.400 --> 00:25:36.640]  反過來如果將絕對的真理相對化的時候
[00:25:36.640 --> 00:25:38.800]  本來絕對就是這樣
[00:25:38.800 --> 00:25:42.160]  你還要變成一個相對去看的時候
[00:25:42.160 --> 00:25:47.280]  你就輕看了神
[00:25:47.280 --> 00:25:48.560]  所以今天基督徒
[00:25:48.560 --> 00:25:51.120]  我們很多時候都會犯這些錯
[00:25:51.120 --> 00:25:53.680]  該堅持的真理我們妥協了
[00:25:53.680 --> 00:25:56.880]  該靈活地運用的一些傳統
[00:25:56.880 --> 00:26:02.640]  我們反而變成了不可以改變那個龜條
[00:26:02.640 --> 00:26:06.480]  結果就將那個次要的變成主要的
[00:26:06.480 --> 00:26:14.560]  將人的傳統看得比神的真理要重要
[00:26:14.560 --> 00:26:15.680]  更可怕的就是
[00:26:15.680 --> 00:26:17.360]  你跟我的觀點是一致的
[00:26:17.360 --> 00:26:18.240]  我就接納
[00:26:18.240 --> 00:26:21.520]  如果這些傳統是不同的
[00:26:21.520 --> 00:26:23.840]  我就定你罪
[00:26:23.840 --> 00:26:27.440]  最後就是將你的朋友當成敵人
[00:26:27.440 --> 00:26:29.200]  有時將你的敵人
[00:26:29.200 --> 00:26:30.560]  大家都是錯誤的
[00:26:30.560 --> 00:26:32.400]  就當成是朋友
[00:26:32.400 --> 00:26:34.240]  所以分辨是很重要的
[00:26:34.240 --> 00:26:35.840]  甚麼是絕對的真理
[00:26:35.840 --> 00:26:39.040]  甚麼是相對的傳統
[00:26:39.040 --> 00:26:40.960]  對絕對的真理我們要堅守
[00:26:40.960 --> 00:26:43.360]  相對的傳統
[00:26:43.360 --> 00:26:48.320]  我們是按著神的心意去運用
[00:26:48.320 --> 00:26:55.680]  猶太人將安息日當作是守律法的一個總的代表
[00:26:55.680 --> 00:26:56.800]  你守安息日
[00:26:56.800 --> 00:26:59.440]  你就是守神的律法
[00:26:59.440 --> 00:27:01.920]  他們認為違背了安息日
[00:27:01.920 --> 00:27:03.360]  就是違背了律法
[00:27:03.360 --> 00:27:06.720]  違背了安息日就是看輕了神
[00:27:06.720 --> 00:27:09.280]  所以他們這樣做的時候
[00:27:09.280 --> 00:27:11.760]  就將好人當成罪人
[00:27:11.760 --> 00:27:15.200]  當救主耶穌當成罪人
[00:27:15.200 --> 00:27:17.680]  當聖人當成賊
[00:27:17.680 --> 00:27:20.000]  所以這樣是很可怕的
[00:27:20.000 --> 00:27:22.880]  當耶穌在安息日治病的時候
[00:27:22.880 --> 00:27:26.640]  他們沒有看到神耶穌基督的憐憫
[00:27:26.640 --> 00:27:29.840]  也看不到耶穌基督是做了多大的事
[00:27:29.840 --> 00:27:31.920]  他忽略了
[00:27:31.920 --> 00:27:34.800]  他將那種安息日絕對化了
[00:27:34.800 --> 00:27:38.000]  最終就是拒絕了這位耶穌基督
[00:27:38.000 --> 00:27:40.640]  所以他們最大的問題就是
[00:27:40.640 --> 00:27:44.320]  你捉住了這些死的規矩
[00:27:44.320 --> 00:27:47.280]  反而失去了這個救主
[00:27:47.280 --> 00:27:48.720]  這個活生生的救主
[00:27:48.720 --> 00:27:55.760]  使人得生命的救主
[00:27:55.760 --> 00:27:59.040]  猶太人最大的危險不是不認修律法
[00:27:59.040 --> 00:28:03.360]  而是拒絕了這位賜律法、賜生命的主
[00:28:03.360 --> 00:28:06.480]  耶穌基督來到他們當中
[00:28:06.480 --> 00:28:09.120]  他們拒絕了這位耶穌基督
[00:28:09.120 --> 00:28:12.800]  就是他們民族最大的一個悲劇
[00:28:12.800 --> 00:28:14.800]  今天我們也要警醒
[00:28:14.800 --> 00:28:17.280]  人的傳統放在真理之上
[00:28:17.280 --> 00:28:21.520]  將次要的事比基督重要的時候
[00:28:21.520 --> 00:28:23.120]  這是很可怕的
[00:28:23.120 --> 00:28:24.960]  這個三十八年的病人
[00:28:24.960 --> 00:28:28.000]  他被那種錯誤的盼望困住了
[00:28:28.000 --> 00:28:34.560]  法利賽人被那種宗教的觀念困住了
[00:28:34.560 --> 00:28:36.640]  三十八年的病人
[00:28:36.640 --> 00:28:40.480]  他還有機會被主醫治和拯救
[00:28:40.480 --> 00:28:44.320]  但是猶太人這些法利賽人
[00:28:44.320 --> 00:28:50.400]  當他拒絕這位能夠真正拯救他們
[00:28:50.400 --> 00:28:52.320]  醫治他們的救主的時候
[00:28:52.320 --> 00:28:56.080]  這個問題是很可怕的
[00:28:56.080 --> 00:28:59.120]  神蹟發生了之後
[00:28:59.120 --> 00:29:02.240]  法利賽人看見的是
[00:29:02.240 --> 00:29:06.000]  這個人拿著玉紙行走
[00:29:06.000 --> 00:29:07.200]  所以他們質問
[00:29:07.200 --> 00:29:08.400]  今天是安息人
[00:29:08.400 --> 00:29:11.120]  你為什麼拿著玉紙走
[00:29:11.120 --> 00:29:14.720]  但是很令人惋惜的是
[00:29:14.720 --> 00:29:16.960]  這個人怎麼回答呢
[00:29:16.960 --> 00:29:19.360]  他沒有說是耶穌醫治了我
[00:29:19.360 --> 00:29:21.360]  或者是神醫治了我
[00:29:21.360 --> 00:29:22.560]  也沒有感謝耶穌
[00:29:22.560 --> 00:29:23.920]  反而說是那個
[00:29:23.920 --> 00:29:26.080]  當然他還不知道是耶穌
[00:29:26.080 --> 00:29:27.840]  這個人叫做耶穌
[00:29:27.840 --> 00:29:29.040]  他反而是說
[00:29:29.040 --> 00:29:32.960]  那個叫我拿玉紙的人吩咐我的
[00:29:32.960 --> 00:29:36.640]  意思是這些不是我的責任
[00:29:36.640 --> 00:29:37.760]  是他的責任
[00:29:37.760 --> 00:29:39.600]  你要怪不要怪我
[00:29:39.600 --> 00:29:40.320]  怪他
[00:29:40.320 --> 00:29:42.320]  他在卸駁
[00:29:42.320 --> 00:29:44.720]  所以耶穌基督幫了他
[00:29:44.720 --> 00:29:47.120]  他反而卸駁
[00:29:47.120 --> 00:29:49.760]  今天很多時候我們都是
[00:29:49.760 --> 00:29:50.960]  我們蒙了恩典
[00:29:50.960 --> 00:29:54.240]  我們很快就不懂得感恩
[00:29:54.240 --> 00:29:59.520]  遇見困難也會急著去推卸責任
[00:29:59.520 --> 00:30:01.440]  從這個角度看
[00:30:01.440 --> 00:30:03.440]  雖然這個人
[00:30:03.440 --> 00:30:06.480]  三十八年的人被醫治了
[00:30:06.480 --> 00:30:09.040]  但是他沒有一個感恩的心
[00:30:09.040 --> 00:30:15.520]  甚至可以說這個人真的很令人感到可惜
[00:30:15.520 --> 00:30:18.480]  是一個不是那麼好的人
[00:30:18.480 --> 00:30:19.840]  猶太人繼續追問
[00:30:19.840 --> 00:30:23.520]  那個人是誰
[00:30:23.520 --> 00:30:26.400]  那個醫好的人
[00:30:26.400 --> 00:30:28.480]  不知道是誰
[00:30:28.480 --> 00:30:32.560]  因為那裡人多 耶穌早就離開了
[00:30:32.560 --> 00:30:34.160]  不知道當時
[00:30:34.160 --> 00:30:36.000]  這裡讓我們看到
[00:30:36.000 --> 00:30:38.720]  雖然我們得到這個恩典
[00:30:38.720 --> 00:30:42.080]  但是很多時候我們都還不知道
[00:30:42.080 --> 00:30:46.160]  醫治的這位主是誰
[00:30:46.160 --> 00:30:47.680]  所以領受恩典
[00:30:47.680 --> 00:30:54.240]  但是不知道那個施恩者是誰
[00:30:54.240 --> 00:30:55.200]  今天也是
[00:30:55.200 --> 00:30:56.480]  不少人也是這樣
[00:30:56.480 --> 00:30:59.680]  他們希望賜福醫治 幫助自己
[00:30:59.680 --> 00:31:03.040]  但是沒有真正去認識耶穌基督
[00:31:03.040 --> 00:31:04.480]  得到那個恩典
[00:31:04.480 --> 00:31:08.000]  但是他不是想真正去認識耶穌基督
[00:31:08.000 --> 00:31:10.400]  他也不願意真正去耶穌基督
[00:31:10.400 --> 00:31:12.000]  所以是什麼問題
[00:31:12.000 --> 00:31:14.480]  我要的是你來幫我的時候
[00:31:14.480 --> 00:31:15.840]  你就是我的救主
[00:31:15.840 --> 00:31:18.800]  但是我好好的時候
[00:31:18.800 --> 00:31:20.800]  你不用理我
[00:31:20.800 --> 00:31:22.320]  我自己做主
[00:31:22.320 --> 00:31:25.040]  所以當你這樣做的時候
[00:31:25.040 --> 00:31:27.920]  讓這位救主
[00:31:27.920 --> 00:31:30.160]  只是成為你的幫助者
[00:31:30.160 --> 00:31:31.440]  一個救主
[00:31:31.440 --> 00:31:34.240]  但是沒有真正成為你的主
[00:31:34.240 --> 00:31:35.680]  成為你的主的時候
[00:31:35.680 --> 00:31:38.160]  不只是求那種幫助
[00:31:38.160 --> 00:31:40.320]  也不是求那個供應
[00:31:40.320 --> 00:31:43.200]  應該是在你人生當中大小的事
[00:31:43.200 --> 00:31:46.000]  都以耶穌基督為你的主
[00:31:46.000 --> 00:31:47.120]  神的恩典
[00:31:47.120 --> 00:31:48.640]  祂是很主動的
[00:31:48.640 --> 00:31:50.960]  這個38年的人
[00:31:50.960 --> 00:31:52.080]  病了38年的人
[00:31:52.080 --> 00:31:53.600]  他沒有找過耶穌基督
[00:31:53.600 --> 00:31:56.080]  是耶穌基督去找他的
[00:31:56.080 --> 00:31:58.880]  也沒有什麼信心在他身上看到
[00:31:58.880 --> 00:32:02.560]  但是耶穌基督就是施恩給他的
[00:32:02.560 --> 00:32:04.720]  他只不過是當時說
[00:32:04.720 --> 00:32:05.600]  我很困難
[00:32:05.600 --> 00:32:07.280]  我很無助
[00:32:07.280 --> 00:32:09.280]  耶穌基督就來到他的面前
[00:32:09.280 --> 00:32:11.200]  去醫治他
[00:32:11.200 --> 00:32:13.760]  所以不是人去找神
[00:32:13.760 --> 00:32:18.960]  是神先去找人
[00:32:18.960 --> 00:32:22.560]  恩典不是人的信心配得
[00:32:22.560 --> 00:32:25.360]  而是神主動給我們的
[00:32:25.360 --> 00:32:28.080]  所以不是我們懂得去愛神
[00:32:28.080 --> 00:32:29.840]  是神愛我們
[00:32:29.840 --> 00:32:32.480]  神主動去施恩
[00:32:32.480 --> 00:32:36.000]  祂不是要人停留在接受的恩典
[00:32:36.000 --> 00:32:37.520]  祂要人
[00:32:37.520 --> 00:32:40.000]  耶穌基督再來找這個人的時候
[00:32:40.000 --> 00:32:45.040]  祂又要將人帶進祂的裡面
[00:32:45.040 --> 00:32:46.720]  跟祂真正有一個認識
[00:32:46.720 --> 00:32:48.480]  有一個關係
[00:32:48.480 --> 00:32:53.120]  所以耶穌基督主動找這個人的時候
[00:32:53.120 --> 00:32:54.320]  祂就說
[00:32:54.320 --> 00:32:55.920]  不要再犯罪了
[00:32:55.920 --> 00:33:00.640]  恐怕你遭遇更厲害的
[00:33:00.640 --> 00:33:02.640]  遭遇更厲害的
[00:33:02.640 --> 00:33:04.400]  祂不單止醫治這個病人
[00:33:04.400 --> 00:33:06.240]  祂更想去拯救這個人
[00:33:06.240 --> 00:33:09.680]  跟他有一個生命的關係
[00:33:09.680 --> 00:33:10.960]  後來這個人
[00:33:10.960 --> 00:33:12.880]  他知道是耶穌救了他
[00:33:12.880 --> 00:33:18.080]  他不是有一個很好的回應
[00:33:18.080 --> 00:33:22.480]  他反而是馬上走到猶太人那裡
[00:33:22.480 --> 00:33:23.840]  告訴他們
[00:33:23.840 --> 00:33:29.280]  醫治我的就是耶穌
[00:33:29.280 --> 00:33:31.200]  所以你會看到
[00:33:31.200 --> 00:33:34.000]  這個人可以說是不懂得去感恩的
[00:33:34.000 --> 00:33:35.680]  當他這樣說的時候
[00:33:35.680 --> 00:33:39.760]  他就將耶穌推向風頭狼尖那裡
[00:33:39.760 --> 00:33:41.840]  用我們廣東人說的
[00:33:41.840 --> 00:33:44.240]  這個人就是「篤背脊」
[00:33:44.240 --> 00:33:46.000]  所以這個人真的不好
[00:33:46.000 --> 00:33:48.080]  他沒有為耶穌著想
[00:33:48.080 --> 00:33:49.280]  耶穌為他著想
[00:33:49.280 --> 00:33:52.720]  他沒有為耶穌著想
[00:33:52.720 --> 00:33:56.080]  所以看到這個人得到恩典了
[00:33:56.080 --> 00:33:58.240]  他沒有表示感謝
[00:33:58.240 --> 00:33:59.680]  得到恩典了
[00:33:59.680 --> 00:34:04.080]  他沒有跟隨這位救主
[00:34:04.080 --> 00:34:07.120]  所以這是一個很可怕的屬靈事實
[00:34:07.120 --> 00:34:08.720]  我們經歷了恩典
[00:34:08.720 --> 00:34:11.520]  不等於我們認識這位恩主
[00:34:11.520 --> 00:34:14.640]  有些人得到身體的醫治
[00:34:14.640 --> 00:34:19.280]  也不等於他真正是歸向耶穌基督
[00:34:19.280 --> 00:34:21.680]  真正的信心不是接受神的恩典
[00:34:21.680 --> 00:34:24.240]  而是要認識施恩的主
[00:34:24.240 --> 00:34:25.680]  你要認識耶穌基督
[00:34:25.680 --> 00:34:28.240]  而且要一生跟隨祂
[00:34:28.240 --> 00:34:31.600]  安息日不單止讓我們看到
[00:34:31.600 --> 00:34:35.920]  法利賽人的律法主義
[00:34:35.920 --> 00:34:37.440]  也讓我們看到
[00:34:37.440 --> 00:34:40.240]  這個人領受了恩典
[00:34:40.240 --> 00:34:43.920]  但他沒有真正去認識主
[00:34:43.920 --> 00:34:46.160]  所以真正的安息
[00:34:46.160 --> 00:34:48.320]  不只是身體的醫治
[00:34:48.320 --> 00:34:51.360]  而是要認識耶穌基督這位恩主
[00:34:51.360 --> 00:34:52.400]  你要信服祂
[00:34:52.400 --> 00:34:53.440]  得著這個生命
[00:34:53.440 --> 00:34:57.760]  你才可能得著安息
[00:34:57.760 --> 00:35:01.520]  後來他告訴猶太人
[00:35:01.520 --> 00:35:03.440]  使我痊癒的就是耶穌
[00:35:03.440 --> 00:35:06.800]  於是猶太人開始逼迫耶穌
[00:35:06.800 --> 00:35:08.160]  他要想殺祂
[00:35:08.160 --> 00:35:09.360]  暫時講了兩方面
[00:35:09.360 --> 00:35:10.560]  第一個是因為他
[00:35:10.560 --> 00:35:13.760]  直到耶穌基督醫病、行神蹟
[00:35:13.760 --> 00:35:15.520]  很多人去擁戴祂
[00:35:15.520 --> 00:35:16.640]  另外一方面
[00:35:16.640 --> 00:35:18.560]  他捉住的就是
[00:35:18.560 --> 00:35:21.040]  安息日他行了這件事
[00:35:21.040 --> 00:35:22.800]  他要借著這件事
[00:35:22.800 --> 00:35:24.320]  去將耶穌除掉
[00:35:24.320 --> 00:35:26.240]  所以耶穌基督跟他們的衝突
[00:35:26.240 --> 00:35:28.080]  就越來越激烈
[00:35:28.080 --> 00:35:30.880]  你會看到耶穌基督
[00:35:30.880 --> 00:35:34.080]  在安息日醫病
[00:35:34.080 --> 00:35:36.400]  最終是走向十字架
[00:35:36.400 --> 00:35:39.120]  這可以說是一個開始
[00:35:39.120 --> 00:35:44.480]  耶穌基督要告訴他們
[00:35:44.480 --> 00:35:46.240]  什麼是真正的安息
[00:35:46.240 --> 00:35:49.360]  到底什麼是真正的安息
[00:35:49.360 --> 00:35:51.520]  什麼是真正的安息日
[00:35:51.520 --> 00:35:55.600]  很多人認為安息日就是停止做工
[00:35:55.600 --> 00:35:57.520]  好好休息
[00:35:57.520 --> 00:35:59.760]  猶太人也是這樣理解
[00:35:59.760 --> 00:36:01.920]  他們的根據就是創世紀
[00:36:01.920 --> 00:36:05.120]  六日創造天地
[00:36:05.120 --> 00:36:06.960]  大七日的時候
[00:36:06.960 --> 00:36:11.600]  一切創造的工作就停了
[00:36:11.600 --> 00:36:14.640]  所以安息日
[00:36:14.640 --> 00:36:18.800]  什麼工作你都不要做
[00:36:18.800 --> 00:36:21.040]  我認識一位弟兄
[00:36:21.040 --> 00:36:23.600]  他以前經常來探望
[00:36:23.600 --> 00:36:27.680]  和我同住的老師
[00:36:27.680 --> 00:36:29.520]  老師離世的時候
[00:36:29.520 --> 00:36:32.480]  離世之前就經常來
[00:36:32.480 --> 00:36:39.040]  最後一個見面 就是觀禮
[00:36:39.040 --> 00:36:40.560]  他有來
[00:36:40.560 --> 00:36:42.960]  安葬禮也有來
[00:36:42.960 --> 00:36:46.320]  但是追思禮拜就沒有來了
[00:36:46.320 --> 00:36:49.920]  過了一個星期
[00:36:49.920 --> 00:36:51.120]  他就再來
[00:36:51.120 --> 00:36:54.240]  他說我不可以那天來
[00:36:54.240 --> 00:36:56.080]  因為那天是安息日
[00:36:56.080 --> 00:36:57.440]  那天是星期六
[00:36:57.440 --> 00:37:00.240]  你們在星期六辦追思會
[00:37:00.240 --> 00:37:03.600]  他就說你給我錄像
[00:37:03.600 --> 00:37:05.520]  所以你會看到直到今天
[00:37:05.520 --> 00:37:09.600]  很多人都是守這個安息日
[00:37:09.600 --> 00:37:13.520]  安息日我們什麼都不要做
[00:37:13.520 --> 00:37:17.040]  所以耶穌基督在安息日醫病的時候
[00:37:17.040 --> 00:37:19.280]  猶太人是沒有辦法接受的
[00:37:19.280 --> 00:37:24.160]  你怎麼可以在安息日醫病
[00:37:24.160 --> 00:37:28.160]  那是不是神創造了這個世界之後
[00:37:28.160 --> 00:37:30.080]  就什麼都不做呢
[00:37:30.080 --> 00:37:31.440]  不是的
[00:37:31.440 --> 00:37:35.760]  因為神是用祂的權能托住萬有的
[00:37:35.760 --> 00:37:38.720]  基督上用祂的權能
[00:37:38.720 --> 00:37:40.880]  的命令托住萬有
[00:37:40.880 --> 00:37:43.120]  所以你會看到今天
[00:37:43.120 --> 00:37:44.880]  宇宙被創造出來
[00:37:44.880 --> 00:37:46.320]  星球在運行
[00:37:46.320 --> 00:37:49.520]  誰托住地球、太陽和宇宙
[00:37:49.520 --> 00:37:50.720]  這些運行
[00:37:50.720 --> 00:37:52.400]  四季的更替
[00:37:52.400 --> 00:37:55.600]  所以你會看到神依然是做工的
[00:37:55.600 --> 00:38:00.720]  神大七日安息了不是完全停止做工
[00:38:00.720 --> 00:38:04.400]  他停止的是創造之工
[00:38:04.400 --> 00:38:07.120]  但是那個護理的工作
[00:38:07.120 --> 00:38:08.960]  保守的工作
[00:38:08.960 --> 00:38:10.640]  供應的工作
[00:38:10.640 --> 00:38:12.640]  掌管萬物的工作
[00:38:12.640 --> 00:38:15.040]  他依然在做的
[00:38:15.040 --> 00:38:17.440]  所以創造結束了
[00:38:17.440 --> 00:38:21.680]  護理沒有停止過
[00:38:21.680 --> 00:38:23.280]  創造之工停止了
[00:38:23.280 --> 00:38:26.320]  護理之工沒有停止
[00:38:26.320 --> 00:38:27.120]  那個慶節
[00:38:27.120 --> 00:38:28.800]  我跟一些
[00:38:28.800 --> 00:38:30.480]  以前我剛剛來到美國
[00:38:30.480 --> 00:38:32.720]  認識的弟兄姊妹一起去海邊走
[00:38:32.720 --> 00:38:35.440]  在我們出去之前
[00:38:35.440 --> 00:38:38.400]  我最後一次見他就是一年多之前
[00:38:38.400 --> 00:38:42.880]  他當時太太已經是壞人了
[00:38:42.880 --> 00:38:44.640]  當我再見到他的時候
[00:38:44.640 --> 00:38:48.080]  就一家三口了
[00:38:48.080 --> 00:38:49.120]  見到他的時候
[00:38:49.120 --> 00:38:50.880]  弟兄的肚腩很大
[00:38:50.880 --> 00:38:54.480]  上面就放著他的兒子在那裏
[00:38:54.480 --> 00:38:56.000]  我就跟他說
[00:38:56.000 --> 00:39:00.480]  你現在將你的兒子放在你的肚子那裏
[00:39:00.480 --> 00:39:06.560]  之前你的太太將你的兒子放在她的肚子裏面
[00:39:06.560 --> 00:39:09.920]  所以他就笑笑口了
[00:39:09.920 --> 00:39:14.640]  其實一個小孩子出世之後
[00:39:14.640 --> 00:39:17.360]  你母親還是有責任的
[00:39:17.360 --> 00:39:20.400]  她不單止有壞人的責任
[00:39:20.400 --> 00:39:22.480]  她不單止做這個生辰的工作
[00:39:22.480 --> 00:39:26.800]  這個神給她一個參與創造的工作
[00:39:26.800 --> 00:39:29.120]  她也要那個護理的工作
[00:39:29.120 --> 00:39:31.360]  當她的嬰兒出世的時候
[00:39:31.360 --> 00:39:33.840]  那個護理工作就開始了
[00:39:33.840 --> 00:39:38.640]  所以那個嬰兒生下來之後
[00:39:38.640 --> 00:39:40.880]  不是母親不用理會
[00:39:40.880 --> 00:39:43.760]  她自己就變大了
[00:39:43.760 --> 00:39:45.280]  是不可能的
[00:39:45.280 --> 00:39:47.840]  所以壞人之後
[00:39:47.840 --> 00:39:48.800]  生育之後
[00:39:48.800 --> 00:39:54.720]  那個養育、照顧、保護、供應的工作
[00:39:54.720 --> 00:39:57.520]  你就要開始去做了
[00:39:57.520 --> 00:40:01.840]  神一直都在那裏做工
[00:40:01.840 --> 00:40:04.400]  我們教堂建好之後
[00:40:04.400 --> 00:40:08.720]  成了我們就甚麼都不用做了
[00:40:08.720 --> 00:40:10.240]  甚麼工作開始呢?
[00:40:10.240 --> 00:40:12.480]  我們要搞衛生
[00:40:12.480 --> 00:40:14.480]  要去管理它
[00:40:14.480 --> 00:40:19.680]  還要木養的工作在建築大樓剛剛開始
[00:40:19.680 --> 00:40:24.560]  所以建堂建築結束了
[00:40:24.560 --> 00:40:28.480]  木養的工作才開始在那裏
[00:40:28.480 --> 00:40:31.040]  而且一直要去做
[00:40:31.040 --> 00:40:33.040]  耶穌基督是安息人醫病
[00:40:33.040 --> 00:40:34.960]  不是違背安息人
[00:40:34.960 --> 00:40:40.320]  祂是繼續神的護理、保守、施恩
[00:40:40.320 --> 00:40:44.640]  和拯救的工作
[00:40:44.640 --> 00:40:46.720]  正如耶穌基督祂自己說的
[00:40:46.720 --> 00:40:48.480]  「人若在安息日
[00:40:48.480 --> 00:40:53.440]  尚且會將那個跌在坑的牛拉上來
[00:40:53.440 --> 00:40:55.600]  更何況是神的兒子
[00:40:55.600 --> 00:40:59.760]  豈不是更要醫治受苦的人?」
[00:40:59.760 --> 00:41:04.960]  所以當祂做這工作的時候
[00:41:04.960 --> 00:41:06.800]  祂不是違背安息人
[00:41:06.800 --> 00:41:09.360]  祂是在做那種護理的工作
[00:41:09.360 --> 00:41:10.960]  祂要醫治人
[00:41:10.960 --> 00:41:13.120]  神創造生命
[00:41:13.120 --> 00:41:16.160]  神也會保守生命
[00:41:16.160 --> 00:41:17.600]  神不單創造
[00:41:17.600 --> 00:41:23.040]  祂也要醫治、修復祂所創造的人
[00:41:23.040 --> 00:41:27.600]  所以如果安息日有機會服侍人
[00:41:27.600 --> 00:41:33.120]  去行善、去幫助人
[00:41:33.120 --> 00:41:37.920]  這不是違背祂設立安息日的本意
[00:41:37.920 --> 00:41:43.040]  反而是專行了神的心意
[00:41:43.040 --> 00:41:45.760]  如果你是守住那些規條
[00:41:45.760 --> 00:41:47.200]  該做的、該幫的
[00:41:47.200 --> 00:41:48.560]  你不幫的時候
[00:41:48.560 --> 00:41:52.400]  你就違背了神設立安息日的本意
[00:41:52.400 --> 00:41:55.920]  安息日是為人所設立的
[00:41:55.920 --> 00:41:58.880]  人不是為安息日所設立的
[00:41:58.880 --> 00:42:02.240]  所以為著的是人的好處
[00:42:02.240 --> 00:42:04.960]  為著的是人的益處
[00:42:04.960 --> 00:42:07.280]  耶穌基督祂是安息日的主
[00:42:07.280 --> 00:42:11.440]  祂不是被這些安息日所綑綁著
[00:42:11.440 --> 00:42:15.440]  一個主人被你們這些規條綁著
[00:42:15.440 --> 00:42:17.920]  耶穌基督祂只是真正的主人
[00:42:17.920 --> 00:42:19.760]  祂要將人釋放出來
[00:42:19.760 --> 00:42:22.240]  祂是定安息日的那個
[00:42:22.240 --> 00:42:23.760]  祂也是管理的那個
[00:42:23.760 --> 00:42:26.880]  祂也是解釋的那個
[00:42:26.880 --> 00:42:28.320]  神設立安息日
[00:42:28.320 --> 00:42:30.720]  不是為了增加人的負擔
[00:42:30.720 --> 00:42:32.720]  而是為了人的益處
[00:42:32.720 --> 00:42:35.520]  所以祂吩咐人停止勞碌
[00:42:35.520 --> 00:42:39.040]  但不是要人將祂綑綁在規條那裡
[00:42:39.040 --> 00:42:43.040]  祂要將人帶到神自己的面前
[00:42:43.040 --> 00:42:46.960]  讓人重新得力享受神所賜的安息
[00:42:46.960 --> 00:42:49.760]  和自由和更生
[00:42:49.760 --> 00:42:51.440]  我出去旅遊的時候
[00:42:51.440 --> 00:42:53.040]  大家要輪著開車
[00:42:53.040 --> 00:42:54.720]  因為路途太長了
[00:42:54.720 --> 00:42:55.760]  開車的時候
[00:42:55.760 --> 00:42:58.560]  其他人就在那裡睡覺了
[00:42:58.560 --> 00:43:00.960]  很快車上我沒有放音樂
[00:43:00.960 --> 00:43:03.520]  但就有交響樂聽了
[00:43:03.520 --> 00:43:07.120]  因為每個人都在打鼻鼾
[00:43:07.120 --> 00:43:08.480]  所以你會看到
[00:43:08.480 --> 00:43:09.760]  人在休息
[00:43:09.760 --> 00:43:13.120]  那個鼻哥很賣力在做事
[00:43:13.120 --> 00:43:14.880]  他參與了那個交響樂
[00:43:14.880 --> 00:43:15.920]  所以他沒有休息
[00:43:15.920 --> 00:43:17.920]  他繼續在做
[00:43:17.920 --> 00:43:19.600]  我背了
[00:43:19.600 --> 00:43:21.360]  我就換另一個人
[00:43:21.360 --> 00:43:23.360]  因為我已經重新背了
[00:43:23.360 --> 00:43:25.280]  其他人重新得力了
[00:43:25.280 --> 00:43:27.120]  我就參加那個樂隊
[00:43:27.120 --> 00:43:28.880]  參加這個交響樂
[00:43:28.880 --> 00:43:30.720]  所以
[00:43:30.720 --> 00:43:32.720]  為什麼要這樣輪流
[00:43:32.720 --> 00:43:34.240]  休息不是偷懶
[00:43:34.240 --> 00:43:36.480]  是要讓人重新得力
[00:43:36.480 --> 00:43:38.160]  休息之後
[00:43:38.160 --> 00:43:39.680]  精神就恢復了
[00:43:39.680 --> 00:43:40.480]  繼續開車
[00:43:40.480 --> 00:43:41.200]  繼續上路
[00:43:41.200 --> 00:43:42.400]  繼續前行
[00:43:42.400 --> 00:43:43.680]  安息日也是這樣
[00:43:43.680 --> 00:43:45.840]  神不是要人什麼都不做
[00:43:45.840 --> 00:43:49.440]  是要人在祂的裡面重新得力
[00:43:49.440 --> 00:43:50.480]  使你的身體
[00:43:50.480 --> 00:43:52.640]  你的心靈得到更生
[00:43:52.640 --> 00:43:55.520]  繼續去專行神的旨意
[00:43:55.520 --> 00:43:56.800]  以蔡亞書這樣說
[00:43:56.800 --> 00:44:01.120]  你們得有在乎回歸安息
[00:44:01.120 --> 00:44:04.320]  你們得力在乎平靜安穩
[00:44:04.320 --> 00:44:07.760]  安息的目的是要讓人恢復生命
[00:44:07.760 --> 00:44:09.520]  重新得力
[00:44:09.520 --> 00:44:14.640]  不是讓人又被鎖鏈鎖住
[00:44:14.640 --> 00:44:18.800]  不是將一個枷鎖放在別人身上
[00:44:18.800 --> 00:44:19.920]  我們的牧師
[00:44:19.920 --> 00:44:23.840]  袁牧師現在出去休假
[00:44:23.840 --> 00:44:26.720]  其實他的假期真的不是很多
[00:44:26.720 --> 00:44:28.480]  所以你會看到沒幾天了
[00:44:28.480 --> 00:44:30.800]  可能今天已經回來了
[00:44:30.800 --> 00:44:32.960]  他之前是怎麼說的呢?
[00:44:32.960 --> 00:44:35.360]  他說他最喜歡的是什麼?
[00:44:35.360 --> 00:44:37.040]  他不是說旅遊
[00:44:37.040 --> 00:44:40.720]  他說我最喜歡研讀聖經
[00:44:40.720 --> 00:44:42.240]  他說要看很多書
[00:44:42.240 --> 00:44:43.440]  要服侍神
[00:44:43.440 --> 00:44:45.040]  這個就是他的安息
[00:44:45.040 --> 00:44:46.240]  為什麼?
[00:44:46.240 --> 00:44:49.200]  真正的安息不一定是放假的
[00:44:49.200 --> 00:44:51.120]  不一定是停止工作的
[00:44:51.120 --> 00:44:54.720]  是在主那裡享受神祂的同在
[00:44:54.720 --> 00:44:56.400]  這個才是真正的安息
[00:44:56.400 --> 00:44:59.200]  所以你會看到一些忠心服侍的人
[00:44:59.200 --> 00:45:01.040]  他一直很享受那種平安
[00:45:01.040 --> 00:45:03.680]  他一直服侍服侍服侍
[00:45:03.680 --> 00:45:04.960]  你會看到很多牧師
[00:45:04.960 --> 00:45:06.720]  或者很多熱愛工作的人
[00:45:06.720 --> 00:45:07.760]  我不是說不休息
[00:45:07.760 --> 00:45:09.600]  真的要休息的
[00:45:09.600 --> 00:45:13.280]  但是忠心侍主的時候
[00:45:13.280 --> 00:45:14.800]  你是享受主的同在
[00:45:14.800 --> 00:45:17.520]  你是有那種神賜的平安
[00:45:17.520 --> 00:45:20.720]  真正的安息不是離開神的工作
[00:45:20.720 --> 00:45:22.720]  而是在神祂的工作那裡
[00:45:22.720 --> 00:45:24.560]  和神祂一起去走
[00:45:24.560 --> 00:45:28.720]  在服侍那裡經歷祂的同在
[00:45:28.720 --> 00:45:31.920]  而且不斷地去重新得力
[00:45:31.920 --> 00:45:34.960]  希伯來書是這樣說的
[00:45:34.960 --> 00:45:40.720]  「這樣看來,必有另一處安息日的安息
[00:45:40.720 --> 00:45:43.360]  為神的子民存留」
[00:45:43.360 --> 00:45:47.840]  這裡所說的安息不是守邊一日
[00:45:47.840 --> 00:45:50.400]  是進入神所賜的安息
[00:45:50.400 --> 00:45:55.120]  就是在基督裡面享受和神和好的生命
[00:45:55.120 --> 00:45:58.000]  你再次回到源頭那裡
[00:45:58.000 --> 00:45:59.760]  你才會享受那個安息
[00:45:59.760 --> 00:46:01.840]  真正的安息不是停止工作
[00:46:01.840 --> 00:46:04.640]  不是停止自己的勞苦
[00:46:04.640 --> 00:46:06.800]  當然你要放下
[00:46:06.800 --> 00:46:09.360]  更重要的是信靠神
[00:46:09.360 --> 00:46:11.840]  活在神的恩典當中
[00:46:11.840 --> 00:46:13.280]  可能有些人就說
[00:46:13.280 --> 00:46:14.640]  我人生太苦了
[00:46:14.640 --> 00:46:16.560]  你不知道
[00:46:16.560 --> 00:46:18.720]  我哪有安息
[00:46:18.720 --> 00:46:22.640]  我上週去看一個實學院的校友
[00:46:22.640 --> 00:46:25.040]  他比我畢業早很多年
[00:46:25.040 --> 00:46:28.320]  他也比我來美國先很多年
[00:46:28.320 --> 00:46:30.400]  他已經在這裡三四十年了
[00:46:30.400 --> 00:46:31.920]  他在大陸的時候
[00:46:31.920 --> 00:46:33.520]  廣州是同一間教會
[00:46:33.520 --> 00:46:34.480]  當時我不認識他
[00:46:34.480 --> 00:46:36.240]  來到是知道同一間教會
[00:46:36.240 --> 00:46:38.080]  他讀完實學之後
[00:46:38.080 --> 00:46:41.120]  就去到一個教會熱心服侍
[00:46:41.120 --> 00:46:42.080]  他讀書的時候
[00:46:42.080 --> 00:46:44.640]  是他太太追他的
[00:46:44.640 --> 00:46:45.920]  因為他很師正
[00:46:45.920 --> 00:46:46.720]  很敬畏神
[00:46:46.720 --> 00:46:48.320]  所以每天去上課
[00:46:48.320 --> 00:46:50.000]  戴著領帶
[00:46:50.000 --> 00:46:51.600]  頭髮很光亮
[00:46:51.600 --> 00:46:55.920]  但是現在
[00:46:55.920 --> 00:46:56.960]  你會看到
[00:46:56.960 --> 00:46:59.040]  因為他拍金訊
[00:46:59.040 --> 00:47:00.800]  很多時候他不可以自理
[00:47:00.800 --> 00:47:02.240]  而且很嚴重
[00:47:02.240 --> 00:47:03.600]  如果跟他出來
[00:47:03.600 --> 00:47:04.800]  三四十分鐘
[00:47:04.800 --> 00:47:06.720]  他就會發作
[00:47:06.720 --> 00:47:08.720]  一發作的時候全身僵硬
[00:47:08.720 --> 00:47:11.040]  不知道什麼時候才會放鬆
[00:47:11.040 --> 00:47:12.480]  可能有時半個小時
[00:47:12.480 --> 00:47:14.400]  可能有時超過一個小時
[00:47:14.400 --> 00:47:16.240]  不知道
[00:47:16.240 --> 00:47:17.440]  所以他很多時候
[00:47:17.440 --> 00:47:19.200]  有時是可以自由一點
[00:47:19.200 --> 00:47:20.000]  有時不行
[00:47:20.000 --> 00:47:23.840]  所以你會看到他現在的形象是完全改變了
[00:47:23.840 --> 00:47:26.160]  所以有些人就說
[00:47:26.160 --> 00:47:27.680]  你的神怎麼對你的
[00:47:27.680 --> 00:47:30.480]  你以前這麼熱心
[00:47:30.480 --> 00:47:34.080]  那些可能不是他的鄰居
[00:47:34.080 --> 00:47:34.640]  還有呢
[00:47:34.640 --> 00:47:37.120]  有個親人就說
[00:47:37.120 --> 00:47:38.960]  你以前在教會幫了這麼多人
[00:47:38.960 --> 00:47:40.640]  你服侍了這麼多人
[00:47:40.640 --> 00:47:42.480]  你服侍了這麼多年
[00:47:42.480 --> 00:47:43.760]  現在為什麼你有病
[00:47:43.760 --> 00:47:45.840]  這麼少人來看你
[00:47:45.840 --> 00:47:47.520]  很苦吧
[00:47:47.520 --> 00:47:49.120]  本來已經有病苦了
[00:47:49.120 --> 00:47:51.120]  還要聽這些話
[00:47:51.120 --> 00:47:53.600]  但他很平靜地說了一句
[00:47:53.600 --> 00:47:56.800]  我的神就在我身邊
[00:47:56.800 --> 00:47:58.400]  祂是美善的
[00:47:58.400 --> 00:48:00.000]  就沒有說話了
[00:48:00.000 --> 00:48:02.320]  所以這個才是真正的安息
[00:48:02.320 --> 00:48:04.240]  真正的安息不是沒有病
[00:48:04.240 --> 00:48:05.280]  沒有痛
[00:48:05.280 --> 00:48:07.040]  而是在患難當中
[00:48:07.040 --> 00:48:08.160]  你要依靠神
[00:48:08.160 --> 00:48:09.200]  信服神
[00:48:09.200 --> 00:48:11.040]  享受神的同在
[00:48:11.040 --> 00:48:15.120]  依然可以享受神同在的
[00:48:15.120 --> 00:48:16.400]  最大的榜樣是誰
[00:48:16.400 --> 00:48:18.320]  是我們的主耶穌基督
[00:48:18.320 --> 00:48:21.840]  當他在國城行了神蹟的時候
[00:48:21.840 --> 00:48:23.520]  人拒絕他
[00:48:23.520 --> 00:48:24.480]  誇誇他
[00:48:24.480 --> 00:48:25.280]  詆毀他
[00:48:25.280 --> 00:48:26.320]  他沒有埋怨
[00:48:26.320 --> 00:48:27.760]  也沒有灰心
[00:48:27.760 --> 00:48:28.800]  也沒有報復
[00:48:28.800 --> 00:48:30.240]  沒有苦讀
[00:48:30.240 --> 00:48:32.560]  他反而是跟神說
[00:48:32.560 --> 00:48:33.840]  父啊
[00:48:33.840 --> 00:48:35.520]  天地的主
[00:48:35.520 --> 00:48:37.680]  我感謝你
[00:48:37.680 --> 00:48:40.960]  因為你的美意就是這樣
[00:48:40.960 --> 00:48:44.480]  你的美意本是如此
[00:48:44.480 --> 00:48:47.280]  接著說了一句
[00:48:47.280 --> 00:48:49.840]  更令人感動的話
[00:48:49.840 --> 00:48:54.560]  他向所有疲倦的人
[00:48:54.560 --> 00:48:55.840]  發出一個邀請
[00:48:55.840 --> 00:48:58.800]  他就這樣說
[00:48:58.800 --> 00:49:01.280]  凡路苦擔重擔的
[00:49:01.280 --> 00:49:02.400]  你可以來我這裡
[00:49:02.400 --> 00:49:04.400]  我就使你安息
[00:49:04.400 --> 00:49:06.240]  我心裡又和
[00:49:06.240 --> 00:49:07.680]  你們當乎我的厄
[00:49:07.680 --> 00:49:08.800]  學我的陽息
[00:49:08.800 --> 00:49:09.760]  這樣的時候
[00:49:09.760 --> 00:49:14.160]  你心裡就必得享安息
[00:49:14.160 --> 00:49:15.200]  我的厄是容易的
[00:49:15.200 --> 00:49:18.000]  我的擔是輕盛的
[00:49:18.000 --> 00:49:20.160]  所以後來你會看到耶穌基督
[00:49:20.160 --> 00:49:21.600]  他順服神的旨意
[00:49:21.600 --> 00:49:22.880]  走向十字架
[00:49:22.880 --> 00:49:24.800]  擔當人的罪
[00:49:24.800 --> 00:49:26.800]  他受很多的苦
[00:49:26.800 --> 00:49:29.200]  完成了救贖
[00:49:29.200 --> 00:49:30.640]  所以真正的安息
[00:49:30.640 --> 00:49:33.200]  不是沒有十字架
[00:49:33.200 --> 00:49:34.400]  真正的安息
[00:49:34.400 --> 00:49:36.800]  是在十字架的道路上
[00:49:36.800 --> 00:49:39.200]  和神一起去走
[00:49:39.200 --> 00:49:41.680]  環境有風浪
[00:49:41.680 --> 00:49:43.440]  但是在風浪當中
[00:49:43.440 --> 00:49:45.200]  神讓你平安
[00:49:45.200 --> 00:49:48.560]  讓你得著安息
[00:49:48.560 --> 00:49:52.800]  無論你今天有多麼痛苦
[00:49:52.800 --> 00:49:54.480]  流了多少眼淚
[00:49:54.480 --> 00:49:59.920]  或者你的重擔壓到你喘不上氣
[00:49:59.920 --> 00:50:01.280]  耶穌基督都知道
[00:50:01.280 --> 00:50:03.200]  祂也明白
[00:50:03.200 --> 00:50:07.120]  所以今天祂依然向我們發出邀請
[00:50:07.120 --> 00:50:08.480]  到我這裡來
[00:50:08.480 --> 00:50:10.960]  我就使你得安息
[00:50:10.960 --> 00:50:14.400]  真正的安息在耶穌基督那裡
[00:50:14.400 --> 00:50:17.600]  耶穌基督解釋了
[00:50:17.600 --> 00:50:20.080]  和這些猶太人解釋了之後
[00:50:20.080 --> 00:50:24.000]  是不是這些猶太人就說
[00:50:24.000 --> 00:50:25.840]  今天我聽君一直話
[00:50:25.840 --> 00:50:28.000]  聖讀十年書
[00:50:28.000 --> 00:50:30.800]  你讓我茅塞頓開
[00:50:30.800 --> 00:50:33.040]  我全部明白了
[00:50:33.040 --> 00:50:34.000]  他是不是這樣呢
[00:50:34.000 --> 00:50:36.080]  不是的
[00:50:36.080 --> 00:50:38.320]  當他越聽解釋的時候
[00:50:38.320 --> 00:50:41.200]  他越發想殺耶穌
[00:50:41.200 --> 00:50:42.560]  你以為你解釋了
[00:50:42.560 --> 00:50:44.160]  別人就支持你嗎
[00:50:44.160 --> 00:50:44.960]  不是的
[00:50:44.960 --> 00:50:46.720]  他越想殺耶穌
[00:50:46.720 --> 00:50:47.600]  為什麼呢
[00:50:47.600 --> 00:50:49.360]  因為在他們看來
[00:50:49.360 --> 00:50:55.600]  耶穌犯了很大的罪
[00:50:55.600 --> 00:51:00.400]  你竟然稱神為父
[00:51:00.400 --> 00:51:02.720]  這是沒有人敢說的
[00:51:02.720 --> 00:51:05.040]  他們心裡可能這樣想
[00:51:05.040 --> 00:51:08.320]  我們這些正統的、正派的
[00:51:08.320 --> 00:51:12.320]  耶穌不知從哪裡半路出來的
[00:51:12.320 --> 00:51:14.480]  敢稱神為你的父
[00:51:14.480 --> 00:51:16.640]  你是伯尼肯出生的
[00:51:16.640 --> 00:51:18.160]  拿撒勒長大的
[00:51:18.160 --> 00:51:19.920]  加里尼的木匠
[00:51:19.920 --> 00:51:22.400]  敢稱神為父
[00:51:22.400 --> 00:51:23.680]  你算老幾嗎
[00:51:23.680 --> 00:51:25.120]  我們都沒有說
[00:51:25.120 --> 00:51:27.520]  你算老幾
[00:51:27.520 --> 00:51:29.840]  所以
[00:51:29.840 --> 00:51:31.280]  耶穌又說
[00:51:31.280 --> 00:51:33.440]  我的父做事
[00:51:33.440 --> 00:51:35.680]  直到如今我也做事
[00:51:35.680 --> 00:51:38.880]  他們是怎麼理解這句話的呢
[00:51:38.880 --> 00:51:41.040]  耶穌基督不單止
[00:51:41.040 --> 00:51:43.040]  不是當自己是普通人
[00:51:43.040 --> 00:51:46.080]  他當自己是跟這位父神
[00:51:46.080 --> 00:51:48.000]  有獨特的關係
[00:51:48.000 --> 00:51:49.920]  是同父同公的
[00:51:49.920 --> 00:51:52.320]  是同權的
[00:51:52.320 --> 00:51:54.560]  你不單止有這樣的工作
[00:51:54.560 --> 00:51:56.480]  你也有這樣的權柄
[00:51:56.480 --> 00:51:58.400]  哇 你這麼大
[00:51:58.400 --> 00:52:01.120]  你的關係這麼獨特
[00:52:01.120 --> 00:52:03.280]  所以他們認定耶穌
[00:52:03.280 --> 00:52:06.720]  是將自己和神是平等的
[00:52:06.720 --> 00:52:09.600]  原來你是和神平起平坐的
[00:52:09.600 --> 00:52:11.600]  所以這是什麼
[00:52:11.600 --> 00:52:12.960]  這是褻瀆神
[00:52:12.960 --> 00:52:14.320]  你在這裡褻瀆神
[00:52:14.320 --> 00:52:17.520]  我不可以容忍你
[00:52:17.520 --> 00:52:19.520]  所以他們的問題不是
[00:52:19.520 --> 00:52:22.400]  沒有聽見耶穌基督的解釋
[00:52:22.400 --> 00:52:26.400]  而是不願意接受耶穌基督的身份
[00:52:26.400 --> 00:52:28.080]  不願意接受耶穌基督
[00:52:28.080 --> 00:52:28.880]  祂就是神
[00:52:28.880 --> 00:52:30.560]  神的兒子
[00:52:30.560 --> 00:52:33.360]  所以越解釋越反對
[00:52:33.360 --> 00:52:36.080]  你越顯明向祂啟示的時候
[00:52:36.080 --> 00:52:38.480]  祂的心就越剛硬
[00:52:38.480 --> 00:52:41.120]  因為他們不是來尋求真理的
[00:52:41.120 --> 00:52:42.640]  他們是尋求什麼
[00:52:42.640 --> 00:52:44.000]  尋求把柄的
[00:52:44.000 --> 00:52:48.000]  我要抓住你
[00:52:48.000 --> 00:52:50.800]  他們要定耶穌基督的罪
[00:52:50.800 --> 00:52:53.520]  所以猶太人越發想殺祂
[00:52:53.520 --> 00:52:56.880]  因為他們認為
[00:52:56.880 --> 00:52:59.280]  耶穌基督不單止是犯了安息人
[00:52:59.280 --> 00:53:02.320]  而且稱神為他的父
[00:53:02.320 --> 00:53:04.640]  將自己當作平等
[00:53:04.640 --> 00:53:07.840]  其實他們真正的問題
[00:53:07.840 --> 00:53:10.320]  不單止是神的觀念錯誤
[00:53:10.320 --> 00:53:13.280]  而且他們太驕傲了
[00:53:13.280 --> 00:53:16.400]  他們充滿了偏見
[00:53:16.400 --> 00:53:19.840]  他們先把耶穌基督看輕了
[00:53:19.840 --> 00:53:21.200]  所以他們定了祂的罪
[00:53:21.200 --> 00:53:23.680]  他們看不起耶穌的出生
[00:53:23.680 --> 00:53:27.280]  也看不起祂的成長
[00:53:27.280 --> 00:53:31.680]  因為祂沒有拉比教育的背景
[00:53:31.680 --> 00:53:34.880]  耶穌基督是如此平凡的人
[00:53:34.880 --> 00:53:38.880]  稱祂為父子也算是給面子
[00:53:38.880 --> 00:53:41.520]  現在還說自己是神的兒子
[00:53:41.520 --> 00:53:43.760]  與神同等
[00:53:43.760 --> 00:53:45.440]  所以無論耶穌說什麼
[00:53:45.440 --> 00:53:50.000]  他們是聽不進去的
[00:53:50.000 --> 00:53:53.280]  今天我們也很容易犯這些錯誤
[00:53:53.280 --> 00:53:59.520]  我們經常不先聽對方說什麼
[00:53:59.520 --> 00:54:01.600]  不先聽他是不是真理
[00:54:01.600 --> 00:54:07.440]  很多時候我們先看說話的是誰
[00:54:07.440 --> 00:54:10.080]  如果是年輕人
[00:54:10.080 --> 00:54:11.840]  教育背景不是那麼強
[00:54:11.840 --> 00:54:14.880]  出生不是那麼有地位
[00:54:14.880 --> 00:54:16.320]  當看到這些背景的時候
[00:54:16.320 --> 00:54:18.720]  我才考慮接不接受祂的話
[00:54:18.720 --> 00:54:22.640]  但是神的工作往往不是按著人這種觀念
[00:54:22.640 --> 00:54:24.960]  這種眼光去做的
[00:54:24.960 --> 00:54:30.400]  當撒姆爾出去高納君王的時候
[00:54:30.400 --> 00:54:34.720]  耶西有七個很高大英俊的兒子
[00:54:34.720 --> 00:54:38.880]  這七個兒子都來到撒姆爾的面前
[00:54:38.880 --> 00:54:39.920]  唯獨一個沒有來
[00:54:39.920 --> 00:54:41.520]  就是那個放羊的
[00:54:41.520 --> 00:54:43.040]  最小的
[00:54:43.040 --> 00:54:46.320]  所以你會看到神看人
[00:54:46.320 --> 00:54:49.360]  不是看人的外貌
[00:54:49.360 --> 00:54:52.400]  神看人不像人看人
[00:54:52.400 --> 00:54:55.600]  耶和華看人是看內心的
[00:54:55.600 --> 00:54:57.760]  所以後來這個被忽略的
[00:54:57.760 --> 00:55:00.000]  在抗野放羊的大衛
[00:55:00.000 --> 00:55:04.160]  後來就成為了以色列最偉大的君王
[00:55:04.160 --> 00:55:08.000]  美國有一位總統叫做阿伯拉罕林肯
[00:55:08.000 --> 00:55:11.120]  他年少的時候很貧寒
[00:55:11.120 --> 00:55:13.280]  沒有什麼家底
[00:55:13.280 --> 00:55:17.200]  而且他的事業和他的政治方面
[00:55:17.200 --> 00:55:18.320]  他都有很多次失敗
[00:55:18.320 --> 00:55:21.760]  所以也被人看不起
[00:55:21.760 --> 00:55:25.120]  但後來他就領導美國
[00:55:25.120 --> 00:55:26.880]  渡過了南北戰爭
[00:55:26.880 --> 00:55:29.920]  推翻了那種奴隸的制度
[00:55:29.920 --> 00:55:32.720]  成為了美國今天最大一個
[00:55:32.720 --> 00:55:36.480]  最受人敬畏的一個總統
[00:55:36.480 --> 00:55:41.120]  如果你今天去華盛頓國家廣場的時候
[00:55:41.120 --> 00:55:47.760]  林肯紀念堂是對著國會大廈的
[00:55:47.760 --> 00:55:49.840]  搖搖相望的兩個人
[00:55:49.840 --> 00:55:54.880]  象徵著他維護了國家的統一和自由
[00:55:54.880 --> 00:55:56.560]  做了貢獻
[00:55:56.560 --> 00:55:59.760]  所以人經常會根據人的出身
[00:55:59.760 --> 00:56:01.680]  去判斷人的價值
[00:56:01.680 --> 00:56:04.480]  但是如果你再看回歷史的時候
[00:56:04.480 --> 00:56:07.520]  人的眼光是有限的
[00:56:07.520 --> 00:56:10.800]  神通常是興起那些被看不起的人
[00:56:10.800 --> 00:56:12.640]  去成就一個偉大的工作
[00:56:12.640 --> 00:56:14.080]  耶穌基督就是
[00:56:14.080 --> 00:56:16.400]  伯利恆小城市
[00:56:16.400 --> 00:56:20.760]  拿撒勒長大真的沒有什麼
[00:56:20.760 --> 00:56:24.000]  頭銜可以拿出來的
[00:56:24.000 --> 00:56:28.640]  所以有人說拿撒勒還能出什麼好的
[00:56:28.640 --> 00:56:34.720]  所以耶穌基督是被輕看的
[00:56:34.720 --> 00:56:40.400]  拿撒勒不可能出一個微塞亞出來的
[00:56:40.400 --> 00:56:43.600]  所以當耶穌宣告說
[00:56:43.600 --> 00:56:47.120]  我父做事直到如今
[00:56:47.120 --> 00:56:48.960]  我做事
[00:56:48.960 --> 00:56:54.320]  他們是沒有謙卑的態度去聽的
[00:56:54.320 --> 00:56:57.760]  不是因為聽不到真理
[00:56:57.760 --> 00:57:01.280]  而是他們一早就定了一個態度
[00:57:01.280 --> 00:57:04.400]  就是要拒絕真理
[00:57:04.400 --> 00:57:08.400]  所以耶穌基督在他們的眼中犯了兩大罪學
[00:57:08.400 --> 00:57:10.640]  哪兩大罪學?
[00:57:10.640 --> 00:57:13.280]  他們認為耶穌是違背了律法的
[00:57:13.280 --> 00:57:14.800]  安息日醫病
[00:57:14.800 --> 00:57:17.040]  大四戒
[00:57:17.040 --> 00:57:17.920]  按照律法
[00:57:17.920 --> 00:57:22.400]  耶穌基督不應該在那裡
[00:57:22.400 --> 00:57:23.840]  耶穌基督沒有偷、沒有搶
[00:57:23.840 --> 00:57:24.880]  也沒有放火
[00:57:24.880 --> 00:57:27.360]  祂是醫病的
[00:57:27.360 --> 00:57:28.640]  但是當祂行善的時候
[00:57:28.640 --> 00:57:31.040]  就當作是違背了安息日
[00:57:31.040 --> 00:57:32.640]  第二個就是剛才說的
[00:57:32.640 --> 00:57:34.800]  悉讀神
[00:57:34.800 --> 00:57:36.400]  我父做事直到如今
[00:57:36.400 --> 00:57:38.000]  我也做事
[00:57:38.000 --> 00:57:44.480]  他稱神為自己的父與神同工
[00:57:44.480 --> 00:57:47.200]  與神同權
[00:57:47.200 --> 00:57:49.200]  將自己與神當作平等
[00:57:49.200 --> 00:57:52.000]  是悉讀神
[00:57:52.000 --> 00:57:55.520]  所以他們就定了一個念頭
[00:57:55.520 --> 00:57:59.120]  一步步找機會要除掉耶穌
[00:57:59.120 --> 00:58:01.840]  儘管你看到後面
[00:58:01.840 --> 00:58:03.520]  約翰福因為一個發展
[00:58:03.520 --> 00:58:06.080]  你會看到耶穌基督
[00:58:06.080 --> 00:58:08.800]  叫拉撒路復活
[00:58:08.800 --> 00:58:09.840]  很大的一個神蹟
[00:58:09.840 --> 00:58:12.400]  但是他們依然不相信
[00:58:12.400 --> 00:58:16.160]  依然要繼續去傷耳殺害耶穌
[00:58:16.160 --> 00:58:20.160]  也要捉拿耶穌
[00:58:20.160 --> 00:58:24.320]  當彼拉多查不出他有什麼罪的時候
[00:58:24.320 --> 00:58:26.400]  但是眾人
[00:58:26.400 --> 00:58:29.680]  猶太人說要釘他十字架
[00:58:29.680 --> 00:58:32.000]  最終主耶穌基督就釘在十字架上
[00:58:32.000 --> 00:58:34.160]  但是大三日他就復活了
[00:58:34.160 --> 00:58:36.720]  完成了救贖的工作
[00:58:36.720 --> 00:58:39.280]  所以從這一章開始
[00:58:39.280 --> 00:58:41.440]  十字架的道路就展開了
[00:58:41.440 --> 00:58:44.400]  因為衝突已經很激烈了
[00:58:44.400 --> 00:58:46.720]  所以又有神學家這樣說
[00:58:46.720 --> 00:58:48.480]  從另一個角度來看
[00:58:48.480 --> 00:58:52.880]  如果當時的宗教領袖認為
[00:58:52.880 --> 00:58:55.680]  耶穌基督如果繼續傳道
[00:58:55.680 --> 00:59:00.240]  繼續到處傳道的時候
[00:59:00.240 --> 00:59:05.200]  他們長期建立的宗教制度和傳統
[00:59:05.200 --> 00:59:08.720]  就要受到衝擊甚至崩潰了
[00:59:08.720 --> 00:59:11.520]  所以他們為了保住這個制度
[00:59:11.520 --> 00:59:12.640]  這個權柄
[00:59:12.640 --> 00:59:13.760]  這些傳統
[00:59:13.760 --> 00:59:16.400]  一定是要除掉耶穌的
[00:59:16.400 --> 00:59:18.240]  所以他們沒有想到的是
[00:59:18.240 --> 00:59:22.080]  他們殺的是次生命的主
[00:59:22.080 --> 00:59:24.240]  為了守這些律法
[00:59:24.240 --> 00:59:29.280]  而殺了一個次生命的主
[00:59:29.280 --> 00:59:32.320]  其實耶穌一早就藉著
[00:59:32.320 --> 00:59:36.000]  治療三十八年的病人這件事
[00:59:36.000 --> 00:59:39.120]  就顯明了祂自己的權柄
[00:59:39.120 --> 00:59:40.720]  祂就是神子
[00:59:40.720 --> 00:59:44.240]  將三十八年沒有人治療得好的治好了
[00:59:44.240 --> 00:59:45.920]  這就顯出了祂的權柄
[00:59:45.920 --> 00:59:47.040]  但是這些人
[00:59:47.040 --> 00:59:50.800]  猶太人的心就是剛硬
[00:59:50.800 --> 00:59:52.960]  看不到這些偉大的神蹟
[00:59:52.960 --> 00:59:54.400]  忽略了
[00:59:54.400 --> 00:59:56.880]  聽到這麼偉大的真理的時候
[00:59:56.880 --> 00:59:58.240]  耳朵關閉了
[00:59:58.240 --> 01:00:01.360]  越解釋越不相信
[01:00:01.360 --> 01:00:03.760]  所以今天弟兄姊妹
[01:00:03.760 --> 01:00:06.720]  朋友
[01:00:06.720 --> 01:00:08.400]  這一章給我們看到的
[01:00:08.400 --> 01:00:10.800]  真正的問題不是安息日
[01:00:10.800 --> 01:00:15.680]  而是人是不是真正認識耶穌基督
[01:00:15.680 --> 01:00:17.840]  這個才是最關鍵的問題
[01:00:17.840 --> 01:00:22.400]  耶穌基督不單止顯明了安息日的真正意義
[01:00:22.400 --> 01:00:26.160]  也顯明了祂就是神
[01:00:26.160 --> 01:00:28.480]  法利賽人為了維護傳統
[01:00:28.480 --> 01:00:29.760]  拒絕基督
[01:00:29.760 --> 01:00:31.760]  熟悉律法
[01:00:31.760 --> 01:00:34.000]  但是不認賜律法的主
[01:00:34.000 --> 01:00:35.440]  賜生命的主
[01:00:35.440 --> 01:00:38.080]  今天我們要自己問自己
[01:00:38.080 --> 01:00:39.760]  我們看到的是什麼
[01:00:39.760 --> 01:00:41.760]  是圭條還是基督
[01:00:41.760 --> 01:00:45.040]  是傳統還是真正信服真理
[01:00:45.040 --> 01:00:47.200]  是停留在領受恩典
[01:00:47.200 --> 01:00:51.680]  還是真正認識這位恩主
[01:00:51.680 --> 01:00:53.280]  讓祂做你的主
[01:00:53.280 --> 01:00:56.880]  真正的安息不是一個日子
[01:00:56.880 --> 01:00:59.600]  而是在神的兒子裡面
[01:00:59.600 --> 01:01:04.960]  耶穌基督的裡面享受安息
[01:01:04.960 --> 01:01:07.280]  如果你還沒有信耶穌基督
[01:01:07.280 --> 01:01:09.280]  願你接受耶穌基督
[01:01:09.280 --> 01:01:11.120]  相信祂就是神的兒子
[01:01:11.120 --> 01:01:13.760]  祂就是那位救主
[01:01:13.760 --> 01:01:17.040]  在祂的裡面得到真正的安息
[01:01:17.040 --> 01:01:19.120]  真正的生命
[01:01:19.120 --> 01:01:20.160]  弟兄姊妹
[01:01:20.160 --> 01:01:24.000]  也都願我們放下那種傳統和自己的成見
[01:01:24.000 --> 01:01:26.960]  用那種謙卑和受教的心
[01:01:26.960 --> 01:01:28.480]  信服主的話
[01:01:28.480 --> 01:01:31.760]  一生堅定地跟隨祂
[01:01:31.760 --> 01:01:33.760]  願神賜福給每一位
[01:01:33.760 --> 01:01:36.320]  Amen
[01:01:36.320 --> 01:01:40.880]  我們做一個禱告
[01:01:40.880 --> 01:01:41.600]  榮耀一父
[01:01:41.600 --> 01:01:46.560]  我們向你獻上感謝和讚美
[01:01:46.560 --> 01:01:51.680]  願主祢除去我們驕傲的心
[01:01:51.680 --> 01:01:57.040]  除去我們人的偏見
[01:01:57.040 --> 01:02:00.080]  除去我們人疾度的心
[01:02:00.080 --> 01:02:04.880]  讓我們能夠回到真理的裡面
[01:02:04.880 --> 01:02:07.520]  願祢真理的靈打開我們的眼睛
[01:02:07.520 --> 01:02:11.360]  讓我們看到耶穌基督就是神的兒子
[01:02:11.360 --> 01:02:15.120]  祂就是那位真正的救主
[01:02:15.120 --> 01:02:16.160]  幫助我們
[01:02:16.160 --> 01:02:19.760]  讓我們不是固定在這個環境當中
[01:02:19.760 --> 01:02:22.160]  而是在耶穌基督的裡面
[01:02:22.160 --> 01:02:24.960]  在聖經的真理的裡面
[01:02:24.960 --> 01:02:27.920]  得到這份真正的安息
[01:02:27.920 --> 01:02:30.080]  願主祢幫助我們
[01:02:30.080 --> 01:02:31.680]  堅定我們的心智
[01:02:31.680 --> 01:02:34.880]  儘管我們在各樣的難處當中
[01:02:34.880 --> 01:02:36.320]  無論是疾病
[01:02:36.320 --> 01:02:41.280]  無論是一些很難解釋的困惑
[01:02:41.280 --> 01:02:43.280]  甚至是一些的捆綁
[01:02:43.280 --> 01:02:45.440]  求主祢幫助我們
[01:02:45.440 --> 01:02:47.040]  也都釋放我們
[01:02:47.040 --> 01:02:51.600]  讓我們能夠除去這些的重擔
[01:02:51.600 --> 01:02:55.760]  除去這些的枷鎖
[01:02:55.760 --> 01:03:00.240]  讓我們能夠在真理的裡面
[01:03:00.240 --> 01:03:03.280]  靠著主祢跑完我們當跑的路
[01:03:03.280 --> 01:03:05.440]  一生去跟隨主耶穌基督
[01:03:05.440 --> 01:03:07.120]  效法主耶穌基督
[01:03:07.120 --> 01:03:09.600]  活在祢的真理的裡面
[01:03:09.600 --> 01:03:10.800]  得著自由
[01:03:10.800 --> 01:03:12.400]  得著平安
[01:03:12.400 --> 01:03:14.880]  禱告奉靠主耶穌基督得勝的名球
[01:03:14.880 --> 01:03:15.680]  阿彌陀佛
