
[00:00:00.000 --> 00:00:02.000]  荷頂姐妹早晨
[00:00:02.000 --> 00:00:04.000]  先講個故事比你聽
[00:00:04.000 --> 00:00:07.000]  有一個好聰明嘅獵人
[00:00:07.000 --> 00:00:09.000]  佢只係需要一個椰子殼
[00:00:09.000 --> 00:00:12.000]  佢就可以捉到呢隻猴子
[00:00:12.000 --> 00:00:14.000]  呢個獵人好簡單
[00:00:14.000 --> 00:00:17.000]  佢將椰子肉刮空佢
[00:00:17.000 --> 00:00:22.000]  跟住佢裏面裝咗啲好好味嘅堅果
[00:00:22.000 --> 00:00:26.000]  跟住跟手將椰子殼綁咗係棵樹
[00:00:26.000 --> 00:00:29.000]  於是有一日呢隻餵食嘅猴仔
[00:00:29.000 --> 00:00:32.000]  聞到啲香味即刻跑過去睇下
[00:00:32.000 --> 00:00:34.000]  嘩發達囉原來見到乜嘢
[00:00:34.000 --> 00:00:37.000]  見到入面佢最鍾意食嘅堅果
[00:00:37.000 --> 00:00:38.000]  開心得滯
[00:00:38.000 --> 00:00:41.000]  佢就將佢嘅手伸咗入去個窿度
[00:00:41.000 --> 00:00:45.000]  跟住緊緊咁樣揮住咗嗰啲嘅堅果
[00:00:45.000 --> 00:00:49.000]  當佢想將呢個拳頭掹花出嚟嘅時候
[00:00:49.000 --> 00:00:52.000]  佢越拉越大力唔知點解剎住咗
[00:00:52.000 --> 00:00:55.000]  佢冇辦法將個手拎花出嚟
[00:00:55.000 --> 00:00:59.000]  於是呢個獵人見到獵物上釣
[00:00:59.000 --> 00:01:01.000]  跟住佢就好靜咁樣
[00:01:01.000 --> 00:01:05.000]  靜悄悄咁樣行到去呢隻猴仔嘅後邊
[00:01:05.000 --> 00:01:07.000]  跟住呢隻猴仔梗係好驚
[00:01:07.000 --> 00:01:09.000]  不停大叫救命呀救命呀
[00:01:09.000 --> 00:01:11.000]  跟住呢但係呢隻猴仔
[00:01:11.000 --> 00:01:15.000]  係咁想將隻手拉出嚟拼命拉拼命扯
[00:01:15.000 --> 00:01:17.000]  係咁用隻腳想踢開個殼
[00:01:17.000 --> 00:01:19.000]  但係都唔得喎
[00:01:19.000 --> 00:01:24.000]  呢隻猴仔好想將呢一個阻礙佢逃走嘅大山
[00:01:24.000 --> 00:01:26.000]  嚟到去踢走
[00:01:26.000 --> 00:01:28.000]  但係其實好簡單嘅啫
[00:01:28.000 --> 00:01:32.000]  弟兄姊妹呀如果你想走你會點呀
[00:01:32.000 --> 00:01:34.000]  你會點呀
[00:01:34.000 --> 00:01:36.000]  其實你做咩要揸住隻拳頭啫
[00:01:36.000 --> 00:01:40.000]  你放開隻手跟住拎返隻手出嚟咁樣咪得囉
[00:01:40.000 --> 00:01:42.000]  但係對於呢隻猴仔嚟講
[00:01:42.000 --> 00:01:45.000]  原來放手呢係一件好難嘅事呀
[00:01:45.000 --> 00:01:49.000]  我好唔容易先搵到啲咁香噴噴嘅堅果食
[00:01:49.000 --> 00:01:51.000]  我死都唔肯放手呀
[00:01:51.000 --> 00:01:55.000]  因為要堅果就冇咗條命呀
[00:01:55.000 --> 00:01:58.000]  連佢自己連埋個殼都一拼呢
[00:01:58.000 --> 00:02:02.000]  畀呢一個嘅獵人呢嚟到去捉住呀
[00:02:02.000 --> 00:02:04.000]  弟兄姊妹又話你聽到呢個故事嘅時候
[00:02:04.000 --> 00:02:08.000]  你心裏面喺度諗呢隻猴仔都傻傻地嘅
[00:02:08.000 --> 00:02:10.000]  其實你放開隻手咪走得甩囉
[00:02:10.000 --> 00:02:13.000]  你做咩要揸住個拳頭呢
[00:02:13.000 --> 00:02:16.000]  要堅果你都唔要命喎
[00:02:16.000 --> 00:02:18.000]  今日呢我哋讀嘅經文呢
[00:02:18.000 --> 00:02:23.000]  就係頭先講嘅雅各呢其實就係呢一隻嘅猴仔嚟嘅
[00:02:23.000 --> 00:02:27.000]  因為雅各一生都喺度喂
[00:02:27.000 --> 00:02:29.000]  雅各一生都喺度找呀
[00:02:29.000 --> 00:02:31.000]  究竟佢找啲乜嘢嘢呢
[00:02:31.000 --> 00:02:34.000]  我哋今日會睇多幾段嘅經文嘅
[00:02:34.000 --> 00:02:38.000]  我哋頭先睇嘅呢就係頭先只不過係一部分嚟嘅啫
[00:02:38.000 --> 00:02:39.000]  先睇嗰個嘅背景
[00:02:39.000 --> 00:02:41.000]  背景裏面呢咁樣講到嘅
[00:02:41.000 --> 00:02:45.000]  以撒四十歲嘅時候就娶咗李百嘉啦
[00:02:45.000 --> 00:02:47.000]  雅各嘅老爸係邊個呀
[00:02:47.000 --> 00:02:48.000]  就係邊個呀
[00:02:48.000 --> 00:02:50.000]  就係以撒啦得唔得
[00:02:50.000 --> 00:02:52.000]  以撒當時四十歲嘅時候
[00:02:52.000 --> 00:02:54.000]  娶咗呢個媽媽嚟嘅李百嘉啦
[00:02:54.000 --> 00:02:57.000]  因為呢個太太哎呀李百嘉不生育呀
[00:02:57.000 --> 00:02:59.000]  於是佢求婚耶和華
[00:02:59.000 --> 00:03:00.000]  於是耶和華好好啦
[00:03:00.000 --> 00:03:03.000]  於是之後就畀佢嚟到去懷孕囉
[00:03:03.000 --> 00:03:05.000]  跟住去到廿二節嘅時候
[00:03:05.000 --> 00:03:06.000]  佢咁樣講到嘅
[00:03:06.000 --> 00:03:09.000]  孩子們在佢福中嘅時候
[00:03:09.000 --> 00:03:10.000]  嗰四個字講咩嘢
[00:03:10.000 --> 00:03:12.000]  彼此相贈
[00:03:12.000 --> 00:03:14.000]  即係呢個孖寶兄弟呢
[00:03:14.000 --> 00:03:16.000]  喺媽媽個肚裏面嘅時候呢
[00:03:16.000 --> 00:03:18.000]  已經喺度呢打交啦
[00:03:18.000 --> 00:03:21.000]  佢英文呢用咗一個Jostle呢個字呢
[00:03:21.000 --> 00:03:23.000]  係講緊呢不斷嚟到推大家
[00:03:23.000 --> 00:03:24.000]  逼大家啦
[00:03:24.000 --> 00:03:25.000]  喺度推擠呀
[00:03:25.000 --> 00:03:27.000]  如果呢Message Bible呢
[00:03:27.000 --> 00:03:30.000]  佢直情呢好落地咁樣辱逆嘅
[00:03:30.000 --> 00:03:32.000]  佢直情話Tumble and kick
[00:03:32.000 --> 00:03:34.000]  inside her so much
[00:03:34.000 --> 00:03:35.000]  跟住直情講話
[00:03:35.000 --> 00:03:36.000]  我喺入面媽媽個肚做咩
[00:03:36.000 --> 00:03:38.000]  我喺度打緊關斗啦
[00:03:38.000 --> 00:03:40.000]  仲要呢踢佢幾腳啦
[00:03:40.000 --> 00:03:42.000]  其實都唔止幾腳
[00:03:42.000 --> 00:03:44.000]  佢形容緊原來喺媽媽個肚入面呢
[00:03:44.000 --> 00:03:46.000]  彼此嚟到翻騰啦
[00:03:46.000 --> 00:03:49.000]  踢得呢非常之厲害呀
[00:03:49.000 --> 00:03:51.000]  孖寶兄弟呢
[00:03:51.000 --> 00:03:54.000]  喺媽媽個肚裏面已經做乜嘢呀
[00:03:54.000 --> 00:03:57.000]  彼此呢我要壓碎對方
[00:03:57.000 --> 00:03:59.000]  我要呢踐踏對方
[00:03:59.000 --> 00:04:00.000]  背後講緊咩
[00:04:00.000 --> 00:04:02.000]  你死我活
[00:04:02.000 --> 00:04:05.000]  點都要呢壓碎對方為止喎
[00:04:05.000 --> 00:04:07.000]  在座嘅母親們
[00:04:07.000 --> 00:04:09.000]  你駝住一個嘅時候
[00:04:09.000 --> 00:04:10.000]  你已經有咩感受呀
[00:04:10.000 --> 00:04:12.000]  喂駝住一個都唔容易係咪
[00:04:12.000 --> 00:04:14.000]  而家呢仲要駝兩個喎
[00:04:14.000 --> 00:04:16.000]  佢仲話呢唔聽話㗎喎
[00:04:16.000 --> 00:04:18.000]  呢兩個小朋友
[00:04:18.000 --> 00:04:20.000]  日日呢喺個肚裏面做咩
[00:04:20.000 --> 00:04:22.000]  激烈咁樣廝殺搏鬥
[00:04:22.000 --> 00:04:25.000]  李百嘉當時好痛苦
[00:04:25.000 --> 00:04:28.000]  痛苦到呢問上帝
[00:04:28.000 --> 00:04:29.000]  如果係咁嘅話
[00:04:29.000 --> 00:04:32.000]  我點解仲要生存呀
[00:04:32.000 --> 00:04:35.000]  耶和華就同佢講啦
[00:04:35.000 --> 00:04:36.000]  同佢講乜嘢呢
[00:04:36.000 --> 00:04:38.000]  兩國在理
[00:04:38.000 --> 00:04:42.000]  原來呢個孖寶兄弟呢
[00:04:42.000 --> 00:04:45.000]  每一個人負責一個地方
[00:04:45.000 --> 00:04:48.000]  每一個人負責一族一個地方
[00:04:48.000 --> 00:04:49.000]  喺邊度呀
[00:04:49.000 --> 00:04:54.000]  兩族要從你身上出來
[00:04:54.000 --> 00:04:58.000]  以素係負責以東呢個地方
[00:04:58.000 --> 00:05:00.000]  頭先我係個主角
[00:05:00.000 --> 00:05:03.000]  雅各就負責以色列嘅地方
[00:05:03.000 --> 00:05:05.000]  佢話要從你媽媽
[00:05:05.000 --> 00:05:07.000]  呢個媽媽嘅身上面出嚟啦
[00:05:07.000 --> 00:05:09.000]  就咁你睇文字呢
[00:05:09.000 --> 00:05:11.000]  就好直接解釋
[00:05:11.000 --> 00:05:13.000]  喺你媽媽個肚度生出嚟囉
[00:05:13.000 --> 00:05:15.000]  但係當你再睇其他譯本嘅時候
[00:05:15.000 --> 00:05:17.000]  再深入啲呀
[00:05:17.000 --> 00:05:20.000]  佢話唔止係出嚟咁簡單
[00:05:20.000 --> 00:05:22.000]  佢仲要係彼此呢
[00:05:22.000 --> 00:05:23.000]  兩個地方呢
[00:05:23.000 --> 00:05:25.000]  係分立separate
[00:05:25.000 --> 00:05:28.000]  大家呢係要分割嘅
[00:05:28.000 --> 00:05:29.000]  butting head
[00:05:29.000 --> 00:05:31.000]  係要對著幹嘅
[00:05:31.000 --> 00:05:34.000]  兩族呢天生呢係彼此對立
[00:05:34.000 --> 00:05:35.000]  冇得傾嘅
[00:05:35.000 --> 00:05:38.000]  冇辦法呢同化嘅
[00:05:38.000 --> 00:05:39.000]  好啦
[00:05:39.000 --> 00:05:40.000]  生咗出嚟
[00:05:40.000 --> 00:05:41.000]  第一個
[00:05:41.000 --> 00:05:43.000]  分身都係紅
[00:05:43.000 --> 00:05:44.000]  勁多毛嘅
[00:05:44.000 --> 00:05:46.000]  佢叫咩名呀頂姐妹
[00:05:46.000 --> 00:05:48.000]  以素呢
[00:05:48.000 --> 00:05:50.000]  係大哥哥嚟啦係咪
[00:05:50.000 --> 00:05:51.000]  跟住之後
[00:05:51.000 --> 00:05:52.000]  嚟緊呀細佬出世啦
[00:05:52.000 --> 00:05:53.000]  好得意呀
[00:05:53.000 --> 00:05:54.000]  聖經呢度講咩
[00:05:54.000 --> 00:05:55.000]  細佬出世嘅時候
[00:05:55.000 --> 00:05:57.000]  佢嘅手要做咩㗎
[00:05:57.000 --> 00:05:59.000]  你唔好出世住呀
[00:05:59.000 --> 00:06:01.000]  做咩事呀
[00:06:01.000 --> 00:06:03.000]  揹住邊個呀
[00:06:03.000 --> 00:06:05.000]  揹住大哥嘅做咩嘢
[00:06:05.000 --> 00:06:06.000]  腳筋喎
[00:06:06.000 --> 00:06:07.000]  所以佢個名
[00:06:07.000 --> 00:06:08.000]  背後有一界
[00:06:08.000 --> 00:06:10.000]  佢手抓住
[00:06:10.000 --> 00:06:12.000]  以素嘅腳筋
[00:06:12.000 --> 00:06:13.000]  細佬就係叫做
[00:06:13.000 --> 00:06:14.000]  雅各
[00:06:14.000 --> 00:06:16.000]  所以呢呢個名字
[00:06:16.000 --> 00:06:17.000]  係講緊
[00:06:17.000 --> 00:06:19.000]  抓住腳筋者
[00:06:19.000 --> 00:06:21.000]  佢英文呢
[00:06:21.000 --> 00:06:22.000]  寫住supplant
[00:06:22.000 --> 00:06:23.000]  即係講緊呢
[00:06:23.000 --> 00:06:25.000]  係一個取代者
[00:06:25.000 --> 00:06:26.000]  係一個呢
[00:06:26.000 --> 00:06:27.000]  篡位者
[00:06:27.000 --> 00:06:29.000]  即係佢會用各種
[00:06:29.000 --> 00:06:31.000]  唔同嘅手段
[00:06:31.000 --> 00:06:32.000]  要做乜嘢
[00:06:32.000 --> 00:06:34.000]  篩走嗰個敵人
[00:06:34.000 --> 00:06:36.000]  用各樣唔同嘅方法
[00:06:36.000 --> 00:06:38.000]  含著乜嘢計謀都好
[00:06:38.000 --> 00:06:40.000]  要將其他嘅人呢
[00:06:40.000 --> 00:06:41.000]  嚟到去趕走
[00:06:41.000 --> 00:06:43.000]  要篩走佢喎
[00:06:43.000 --> 00:06:44.000]  頂姐妹呀
[00:06:44.000 --> 00:06:45.000]  點解
[00:06:45.000 --> 00:06:46.000]  雅各呢
[00:06:46.000 --> 00:06:48.000]  未出世
[00:06:48.000 --> 00:06:49.000]  佢已經要
[00:06:49.000 --> 00:06:50.000]  喂啦
[00:06:50.000 --> 00:06:52.000]  雅各想
[00:06:52.000 --> 00:06:53.000]  喂啲乜嘢呢
[00:06:53.000 --> 00:06:54.000]  跟住落嚟呢
[00:06:54.000 --> 00:06:56.000]  我會講幾件嘅事呢
[00:06:56.000 --> 00:06:57.000]  會發生咗
[00:06:57.000 --> 00:06:59.000]  喺雅各嘅身上面
[00:06:59.000 --> 00:07:01.000]  雅各呢一個嘅
[00:07:01.000 --> 00:07:03.000]  椰子殼
[00:07:03.000 --> 00:07:04.000]  骨子裏頭
[00:07:04.000 --> 00:07:05.000]  其實佢
[00:07:05.000 --> 00:07:07.000]  喂緊啲乜嘢呢
[00:07:07.000 --> 00:07:08.000]  第一件事
[00:07:08.000 --> 00:07:09.000]  第一件事佢話啦
[00:07:09.000 --> 00:07:10.000]  嘩 有一日呢
[00:07:10.000 --> 00:07:11.000]  雅各呢
[00:07:11.000 --> 00:07:12.000]  喺度熬湯
[00:07:12.000 --> 00:07:13.000]  嘩 好正呀
[00:07:13.000 --> 00:07:14.000]  有湯飲呀
[00:07:14.000 --> 00:07:15.000]  跟住呢 大哥呢
[00:07:15.000 --> 00:07:16.000]  二嫂呢
[00:07:16.000 --> 00:07:17.000]  佢喺田野返嚟
[00:07:17.000 --> 00:07:18.000]  哎呀 好攰呀
[00:07:18.000 --> 00:07:19.000]  佢就同細佬講
[00:07:19.000 --> 00:07:20.000]  我攰啦
[00:07:20.000 --> 00:07:21.000]  可唔可以整碗
[00:07:21.000 --> 00:07:22.000]  紅豆湯
[00:07:22.000 --> 00:07:23.000]  俾我飲呀
[00:07:23.000 --> 00:07:24.000]  跟住雅各就話啦
[00:07:24.000 --> 00:07:26.000]  嘩 防不勝防呀
[00:07:26.000 --> 00:07:27.000]  二嫂你知唔知
[00:07:27.000 --> 00:07:28.000]  完全冇任何嘅防範
[00:07:28.000 --> 00:07:30.000]  雅各即刻就講咩
[00:07:30.000 --> 00:07:32.000]  你今日將你嘅長子名份
[00:07:32.000 --> 00:07:33.000]  做咩呀
[00:07:33.000 --> 00:07:35.000]  賣咗俾我啦
[00:07:35.000 --> 00:07:36.000]  二嫂就講啦
[00:07:36.000 --> 00:07:38.000]  我就死啦
[00:07:38.000 --> 00:07:40.000]  你仲同我講咩長子名份呀
[00:07:40.000 --> 00:07:41.000]  同我有咩關係呀
[00:07:41.000 --> 00:07:43.000]  有啲咩益處呀
[00:07:43.000 --> 00:07:46.000]  嘩 雅各嗰刻成人之危
[00:07:46.000 --> 00:07:47.000]  跟住你今日
[00:07:47.000 --> 00:07:48.000]  馬上要做咩呀
[00:07:48.000 --> 00:07:50.000]  起誓
[00:07:50.000 --> 00:07:52.000]  二嫂就對佢起咗誓
[00:07:52.000 --> 00:07:54.000]  把長子嘅名份
[00:07:54.000 --> 00:07:57.000]  賣咗俾雅各啦
[00:07:57.000 --> 00:07:59.000]  二嫂出咗去打獵
[00:07:59.000 --> 00:08:02.000]  返到屋企好攰呀
[00:08:02.000 --> 00:08:05.000]  喺佢淚昏淚透嘅時候
[00:08:05.000 --> 00:08:06.000]  雅各呢
[00:08:06.000 --> 00:08:08.000]  嘩 乘虛而入
[00:08:08.000 --> 00:08:12.000]  好佢完全冇防範冇防備嘅時候
[00:08:12.000 --> 00:08:14.000]  用一碗嘅紅豆湯
[00:08:14.000 --> 00:08:16.000]  就換取咗
[00:08:16.000 --> 00:08:19.000]  二嫂呢一個長子嘅名份啦
[00:08:19.000 --> 00:08:22.000]  好啦 第二件事又發生緊啲咩事呢
[00:08:22.000 --> 00:08:23.000]  好啦 話說呢
[00:08:23.000 --> 00:08:25.000]  爸爸呢 二嫂呢
[00:08:25.000 --> 00:08:27.000]  已經年紀大啦
[00:08:27.000 --> 00:08:29.000]  開始眼花眼蒙啦
[00:08:29.000 --> 00:08:32.000]  生命走到盡頭嘅時候
[00:08:32.000 --> 00:08:33.000]  佢就決定呢
[00:08:33.000 --> 00:08:36.000]  要將長子嘅祝福
[00:08:36.000 --> 00:08:38.000]  頭先講長子係邊個呀
[00:08:38.000 --> 00:08:40.000]  係二嫂嘛
[00:08:40.000 --> 00:08:42.000]  我要將長子嘅祝福
[00:08:42.000 --> 00:08:44.000]  要俾我嘅大仔
[00:08:44.000 --> 00:08:45.000]  要俾二嫂呀
[00:08:45.000 --> 00:08:46.000]  佢就吩咐二嫂
[00:08:46.000 --> 00:08:47.000]  你出去打獵
[00:08:47.000 --> 00:08:49.000]  我而家好想食野味呀
[00:08:49.000 --> 00:08:50.000]  你返嚟之後
[00:08:50.000 --> 00:08:52.000]  整頓野味俾我食完之後呢
[00:08:52.000 --> 00:08:54.000]  我就會喺我死前呢
[00:08:54.000 --> 00:08:57.000]  為你嚟到去祝福㗎啦
[00:08:57.000 --> 00:08:59.000]  跟住阿媽聽到喎
[00:08:59.000 --> 00:09:00.000]  阿媽係邊個呀
[00:09:00.000 --> 00:09:01.000]  利伯家啦
[00:09:01.000 --> 00:09:03.000]  跟住呢 唔對路喎
[00:09:03.000 --> 00:09:05.000]  個長子名份竟然俾二嫂
[00:09:05.000 --> 00:09:06.000]  你知唔知道呢
[00:09:06.000 --> 00:09:08.000]  利伯家媽媽好偏心
[00:09:08.000 --> 00:09:11.000]  你知唔知利伯家鍾意邊個多啲
[00:09:11.000 --> 00:09:14.000]  鍾意細佬雅各多啲
[00:09:14.000 --> 00:09:15.000]  跟住阿爸呢
[00:09:15.000 --> 00:09:16.000]  阿爸鍾意邊個多啲㗎
[00:09:16.000 --> 00:09:18.000]  阿爸呢 鍾意呢
[00:09:18.000 --> 00:09:20.000]  大哥啦 二嫂多啲喎
[00:09:20.000 --> 00:09:22.000]  跟住之後呢 發生咩事呀
[00:09:22.000 --> 00:09:25.000]  利伯家就同雅各講啦
[00:09:25.000 --> 00:09:28.000]  你而家快啲去出去打獵
[00:09:28.000 --> 00:09:31.000]  我要兩隻肥山羊羔嚟
[00:09:31.000 --> 00:09:34.000]  我而家同你整一頓野味
[00:09:34.000 --> 00:09:35.000]  我整完野味之後呢
[00:09:35.000 --> 00:09:37.000]  你就拎俾阿爸食得啦
[00:09:37.000 --> 00:09:39.000]  跟住呢 雅各心諗
[00:09:39.000 --> 00:09:43.000]  野味點樣呃到老豆呀
[00:09:43.000 --> 00:09:44.000]  跟住呢 呢個阿媽呢
[00:09:44.000 --> 00:09:46.000]  又係帶住一啲聰明呀
[00:09:46.000 --> 00:09:48.000]  得㗎啦 你放心啦
[00:09:48.000 --> 00:09:49.000]  跟住阿媽做咩嘢呀
[00:09:49.000 --> 00:09:51.000]  落去阿哥嗰度
[00:09:51.000 --> 00:09:56.000]  喺二嫂嗰度拎咗大哥嗰件衫
[00:09:56.000 --> 00:09:59.000]  俾雅各著喎
[00:09:59.000 --> 00:10:01.000]  諗唔諗到點解
[00:10:01.000 --> 00:10:04.000]  要走去攞大哥二嫂嗰件衫
[00:10:04.000 --> 00:10:07.000]  俾細佬著嘅
[00:10:07.000 --> 00:10:08.000]  點解嘅
[00:10:08.000 --> 00:10:11.000]  點解要攞佢件衫著呀
[00:10:11.000 --> 00:10:14.000]  索一索你就知㗎
[00:10:14.000 --> 00:10:16.000]  點解索一索就知呀
[00:10:16.000 --> 00:10:19.000]  因為有一陣哥哥嘅味呀嘛
[00:10:19.000 --> 00:10:21.000]  所以著住二嫂嗰件衫
[00:10:21.000 --> 00:10:22.000]  一聞一聞
[00:10:22.000 --> 00:10:24.000]  係大仔嗰陣隨嚟㗎喎
[00:10:24.000 --> 00:10:26.000]  但係都唔得喎阿媽媽
[00:10:26.000 --> 00:10:28.000]  著咗件衫啫
[00:10:28.000 --> 00:10:30.000]  一拎起個衫就摸下我
[00:10:30.000 --> 00:10:31.000]  發現咩呀
[00:10:31.000 --> 00:10:33.000]  滑裂裂嘅
[00:10:33.000 --> 00:10:35.000]  肥肝肉滑嘅
[00:10:35.000 --> 00:10:36.000]  哥哥係點㗎
[00:10:36.000 --> 00:10:38.000]  分身事無嘛
[00:10:38.000 --> 00:10:40.000]  於是媽媽又用絕招
[00:10:40.000 --> 00:10:41.000]  佢就做咩事呀
[00:10:41.000 --> 00:10:44.000]  就攞咗嗰啲山羊羔皮呢
[00:10:44.000 --> 00:10:47.000]  包住雅各嗰條頸啦
[00:10:47.000 --> 00:10:49.000]  又包住佢嗰對手呢
[00:10:49.000 --> 00:10:52.000]  嚟到去冒充二嫂啦
[00:10:52.000 --> 00:10:54.000]  嘩!爸爸一嚟到
[00:10:54.000 --> 00:10:55.000]  食完呢個野味
[00:10:55.000 --> 00:10:56.000]  索一索先
[00:10:56.000 --> 00:10:58.000]  真係阿哥咁隨喎
[00:10:58.000 --> 00:11:00.000]  跟住之後摸一摸先
[00:11:00.000 --> 00:11:01.000]  咁多毛嘅
[00:11:01.000 --> 00:11:03.000]  冇搞錯啦
[00:11:03.000 --> 00:11:04.000]  於是爸爸嘅疑慮呢
[00:11:04.000 --> 00:11:06.000]  徹底消除
[00:11:06.000 --> 00:11:08.000]  於是就將呢一個
[00:11:08.000 --> 00:11:11.000]  長子嘅祝福呢
[00:11:11.000 --> 00:11:13.000]  畀咗雅各啦
[00:11:13.000 --> 00:11:17.000]  於是呢個由媽媽呢個李百家
[00:11:17.000 --> 00:11:20.000]  自編自導自演
[00:11:20.000 --> 00:11:22.000]  雅各欺騙爸爸
[00:11:22.000 --> 00:11:25.000]  透過呢一個山羊羔皮
[00:11:25.000 --> 00:11:29.000]  去換取長子嘅祝福
[00:11:29.000 --> 00:11:30.000]  跟住發嚟
[00:11:30.000 --> 00:11:31.000]  發生咩事呢
[00:11:31.000 --> 00:11:34.000]  你哥哥二嫂而家做咩呀
[00:11:34.000 --> 00:11:36.000]  想要殺你呀
[00:11:36.000 --> 00:11:38.000]  要報仇雪恨呀
[00:11:38.000 --> 00:11:40.000]  你快啲走啦
[00:11:40.000 --> 00:11:43.000]  於是之後發生事件
[00:11:43.000 --> 00:11:45.000]  雅各去咗一個地方
[00:11:45.000 --> 00:11:46.000]  叫做咩名呢
[00:11:46.000 --> 00:11:48.000]  即刻搵定你啦
[00:11:48.000 --> 00:11:51.000]  佢就去咗哈蘭呢個地方
[00:11:51.000 --> 00:11:52.000]  去到哈蘭嘅時候
[00:11:52.000 --> 00:11:53.000]  好攰呀
[00:11:53.000 --> 00:11:54.000]  於是呢
[00:11:54.000 --> 00:11:56.000]  枕咗喺個石頭嗰度
[00:11:56.000 --> 00:11:58.000]  瞓著咗覺啦
[00:11:58.000 --> 00:11:59.000]  當佢瞓著嘅時候
[00:11:59.000 --> 00:12:01.000]  夢見一條天梯
[00:12:01.000 --> 00:12:03.000]  嘩!條天梯好長㗎
[00:12:03.000 --> 00:12:05.000]  去到天去到地
[00:12:05.000 --> 00:12:06.000]  跟住仲見到乜嘢
[00:12:06.000 --> 00:12:08.000]  有好多使者呢
[00:12:08.000 --> 00:12:09.000]  喺個梯嗰度呢
[00:12:09.000 --> 00:12:10.000]  你都行嚟行去
[00:12:10.000 --> 00:12:12.000]  行嚟行去
[00:12:12.000 --> 00:12:13.000]  雅各嗰陣時呢
[00:12:13.000 --> 00:12:14.000]  瞓醒
[00:12:14.000 --> 00:12:15.000]  突然嚇咗一跳
[00:12:15.000 --> 00:12:16.000]  佢話
[00:12:16.000 --> 00:12:19.000]  耶和華真在這裏
[00:12:19.000 --> 00:12:21.000]  我竟不知道
[00:12:21.000 --> 00:12:23.000]  我就懼怕啦
[00:12:23.000 --> 00:12:25.000]  呢個地方何等可謂
[00:12:25.000 --> 00:12:27.000]  唔似其他
[00:12:27.000 --> 00:12:29.000]  乃是神的殿
[00:12:29.000 --> 00:12:32.000]  也是天的門
[00:12:32.000 --> 00:12:35.000]  嘩!呢個地方好神聖呀
[00:12:35.000 --> 00:12:36.000]  所以要將呢個地方
[00:12:36.000 --> 00:12:38.000]  改做另一個名
[00:12:38.000 --> 00:12:41.000]  叫做「伯特利」
[00:12:41.000 --> 00:12:43.000]  雅各清醒咗
[00:12:43.000 --> 00:12:44.000]  跟住之後
[00:12:44.000 --> 00:12:45.000]  雅各好清楚知道
[00:12:45.000 --> 00:12:49.000]  耶和華真在這裏
[00:12:49.000 --> 00:12:52.000]  於是之後雅各許咗一個願
[00:12:52.000 --> 00:12:54.000]  佢講咗啲乜嘢嘢呢
[00:12:54.000 --> 00:12:55.000]  二十節
[00:12:55.000 --> 00:12:56.000]  佢就話啦
[00:12:56.000 --> 00:12:57.000]  神呀
[00:12:57.000 --> 00:12:59.000]  如果
[00:12:59.000 --> 00:13:02.000]  如果你同我同在嘅話
[00:13:02.000 --> 00:13:03.000]  我行路呢
[00:13:03.000 --> 00:13:05.000]  你又保佑我
[00:13:05.000 --> 00:13:07.000]  又俾嘢我食
[00:13:07.000 --> 00:13:09.000]  跟住俾衫我著
[00:13:09.000 --> 00:13:10.000]  我平平安安
[00:13:10.000 --> 00:13:12.000]  可以返到去我父家嗰度
[00:13:12.000 --> 00:13:14.000]  以知佢追殺呀
[00:13:14.000 --> 00:13:15.000]  哥追殺緊佢
[00:13:15.000 --> 00:13:16.000]  我平平安安
[00:13:16.000 --> 00:13:18.000]  返到去父親屋企嗰度呢
[00:13:18.000 --> 00:13:19.000]  我就會乜嘢呀
[00:13:19.000 --> 00:13:22.000]  當你係我嘅神
[00:13:22.000 --> 00:13:25.000]  我就必以耶和華為我嘅神
[00:13:25.000 --> 00:13:26.000]  仲有未講完
[00:13:26.000 --> 00:13:28.000]  我仲可以將乜嘢呀
[00:13:28.000 --> 00:13:30.000]  將要立嘅十分之一
[00:13:30.000 --> 00:13:33.000]  我都俾埋你啦
[00:13:33.000 --> 00:13:35.000]  醒咗之後
[00:13:35.000 --> 00:13:37.000]  嗰個啞哥知道呢
[00:13:37.000 --> 00:13:39.000]  話呢一度耶和華
[00:13:39.000 --> 00:13:41.000]  真在這裏嘅時候
[00:13:41.000 --> 00:13:42.000]  許咗一個願
[00:13:42.000 --> 00:13:44.000]  而呢個願裏面講乜嘢
[00:13:44.000 --> 00:13:46.000]  如果神
[00:13:46.000 --> 00:13:48.000]  做乜嘢呀
[00:13:48.000 --> 00:13:50.000]  你保佑我
[00:13:50.000 --> 00:13:52.000]  我要嘅嘢全部都有
[00:13:52.000 --> 00:13:54.000]  有得食
[00:13:54.000 --> 00:13:56.000]  跟住有得著衫
[00:13:56.000 --> 00:13:57.000]  所有嘅必需品
[00:13:57.000 --> 00:13:58.000]  我都有啦
[00:13:58.000 --> 00:14:00.000]  你仲有保住我條命喎
[00:14:00.000 --> 00:14:02.000]  我仲要返到去屋企嘅話呢
[00:14:02.000 --> 00:14:04.000]  我先做咩呀
[00:14:04.000 --> 00:14:06.000]  當你係我嘅神
[00:14:06.000 --> 00:14:08.000]  仲有
[00:14:08.000 --> 00:14:10.000]  畀最多畀咩呀
[00:14:10.000 --> 00:14:12.000]  畀埋十分之一你啦
[00:14:12.000 --> 00:14:14.000]  呢一個係咩信仰嚟㗎
[00:14:14.000 --> 00:14:16.000]  呢一個係咩祈禱嚟㗎
[00:14:16.000 --> 00:14:19.000]  呢個信仰完全係呢
[00:14:19.000 --> 00:14:23.000]  換取生存保障嘅一個籌碼
[00:14:23.000 --> 00:14:26.000]  呢個係交換式嘅祈禱
[00:14:26.000 --> 00:14:30.000]  呢個係交換式嘅條件
[00:14:30.000 --> 00:14:35.000]  原來雅各一直呢利用緊信仰
[00:14:35.000 --> 00:14:37.000]  喺呢三件事嘅裏面
[00:14:37.000 --> 00:14:40.000]  雅各嘅椰子殼呀
[00:14:40.000 --> 00:14:43.000]  佢入面佢喂住啲乜嘢呢
[00:14:43.000 --> 00:14:45.000]  雅各前半生
[00:14:45.000 --> 00:14:46.000]  佢靠佢嘅小聰明
[00:14:46.000 --> 00:14:47.000]  靠佢嘅詭計
[00:14:47.000 --> 00:14:49.000]  佢不斷係咁喂
[00:14:49.000 --> 00:14:52.000]  佢目的就係我要贏
[00:14:52.000 --> 00:14:54.000]  我要贏乜嘢呀
[00:14:54.000 --> 00:14:57.000]  有長子名分就好啦
[00:14:57.000 --> 00:14:58.000]  點解呀
[00:14:58.000 --> 00:14:59.000]  因為長子名分
[00:14:59.000 --> 00:15:02.000]  我可以有雙倍嘅家產
[00:15:02.000 --> 00:15:05.000]  而呢一個嘅家業係邊度嚟㗎
[00:15:05.000 --> 00:15:08.000]  喺阿伯拉罕嗰個英許
[00:15:08.000 --> 00:15:09.000]  帶落嚟嘅
[00:15:09.000 --> 00:15:11.000]  嘩好發達呀
[00:15:11.000 --> 00:15:13.000]  阿伯拉罕英許有土地
[00:15:13.000 --> 00:15:15.000]  有子孫呀
[00:15:15.000 --> 00:15:17.000]  所以長子係一個繼承人
[00:15:17.000 --> 00:15:20.000]  可以多多一倍嘅遺產呀
[00:15:20.000 --> 00:15:22.000]  有細佬有大哥
[00:15:22.000 --> 00:15:24.000]  分家產要分幾多份呀
[00:15:24.000 --> 00:15:26.000]  要分三份喎
[00:15:26.000 --> 00:15:27.000]  細佬有幾多份呀
[00:15:27.000 --> 00:15:28.000]  一份㗎咋喎
[00:15:28.000 --> 00:15:29.000]  阿哥有幾多份呀
[00:15:29.000 --> 00:15:31.000]  兩份喎
[00:15:31.000 --> 00:15:32.000]  仲有喎
[00:15:32.000 --> 00:15:34.000]  佢仲可以繼承呢一個呢
[00:15:34.000 --> 00:15:36.000]  祝福當中嘅英許呀
[00:15:36.000 --> 00:15:38.000]  所以我喂住囉
[00:15:38.000 --> 00:15:41.000]  嘩長子會帶嚟嗰個祝福㗎
[00:15:41.000 --> 00:15:42.000]  我會喂住
[00:15:42.000 --> 00:15:46.000]  我家族裏面嗰個權柄當中嘅榮譽
[00:15:46.000 --> 00:15:47.000]  嘩大佬
[00:15:47.000 --> 00:15:48.000]  所以我又唔死得囉
[00:15:48.000 --> 00:15:49.000]  所以主呀
[00:15:49.000 --> 00:15:50.000]  你保守我呀
[00:15:50.000 --> 00:15:53.000]  我嘅生存保障好緊要呀
[00:15:53.000 --> 00:15:57.000]  所以佢人生一直喺度喂
[00:15:57.000 --> 00:16:00.000]  嗰住嗰啲睇得見嘅物質
[00:16:00.000 --> 00:16:02.000]  嗰啲嘅權力
[00:16:02.000 --> 00:16:05.000]  我生命裏面嘅保障
[00:16:05.000 --> 00:16:09.000]  阿哥喂住背後嘅原因
[00:16:09.000 --> 00:16:11.000]  係因為佢裏面
[00:16:11.000 --> 00:16:14.000]  失去咗嗰份嘅安全
[00:16:14.000 --> 00:16:15.000]  嗰份嘅保護
[00:16:15.000 --> 00:16:18.000]  所以佢更加要喂
[00:16:18.000 --> 00:16:19.000]  喂到就掂呀
[00:16:19.000 --> 00:16:22.000]  喂到就講緊我贏咗啦
[00:16:22.000 --> 00:16:23.000]  喂到就掂啦
[00:16:23.000 --> 00:16:25.000]  我贏咗啦
[00:16:25.000 --> 00:16:27.000]  所以雅各嘅前半生
[00:16:27.000 --> 00:16:32.000]  佢抓住要贏嘅大山
[00:16:32.000 --> 00:16:34.000]  我要贏嘅本質
[00:16:34.000 --> 00:16:35.000]  其實做緊咩
[00:16:35.000 --> 00:16:37.000]  佢保護緊自己
[00:16:37.000 --> 00:16:39.000]  係一個自我的防衛
[00:16:39.000 --> 00:16:43.000]  雅各用贏去填滿咗
[00:16:43.000 --> 00:16:46.000]  佢內心裏面幾咁嘅不安呢
[00:16:46.000 --> 00:16:50.000]  佢要證明佢自己嘅價值
[00:16:50.000 --> 00:16:52.000]  究竟我哋
[00:16:52.000 --> 00:16:54.000]  我哋呢一個嘅椰子殼
[00:16:54.000 --> 00:16:55.000]  又喺度呢
[00:16:55.000 --> 00:16:57.000]  喂緊啲乜嘢呢
[00:16:57.000 --> 00:16:58.000]  雅各就話
[00:16:58.000 --> 00:17:00.000]  我要贏嘅價值觀
[00:17:00.000 --> 00:17:01.000]  喺我哋原來呢
[00:17:01.000 --> 00:17:04.000]  唔同嘅人生階段呢
[00:17:04.000 --> 00:17:07.000]  我哋同樣一樣咁樣呈現嘅
[00:17:07.000 --> 00:17:08.000]  你諗下你嘅小朋友
[00:17:08.000 --> 00:17:09.000]  你諗下你嘅孩子
[00:17:09.000 --> 00:17:10.000]  細個嘅時候
[00:17:10.000 --> 00:17:13.000]  我要喂住爸爸媽媽嘅愛呀
[00:17:13.000 --> 00:17:15.000]  我要喂住嗰個玩具呀
[00:17:15.000 --> 00:17:16.000]  我要證明我喺屋企裏面
[00:17:16.000 --> 00:17:17.000]  最獨特嗰個呀
[00:17:17.000 --> 00:17:19.000]  如果得一粒糖嘅時候
[00:17:19.000 --> 00:17:20.000]  你個孩子會點呀
[00:17:20.000 --> 00:17:21.000]  我睇吓你呢
[00:17:21.000 --> 00:17:23.000]  俾我定俾細佬
[00:17:23.000 --> 00:17:25.000]  如果你俾細佬嘅時候呢
[00:17:25.000 --> 00:17:26.000]  我會點呀
[00:17:26.000 --> 00:17:27.000]  我就會掟地
[00:17:27.000 --> 00:17:28.000]  我就會發爛炸
[00:17:28.000 --> 00:17:29.000]  點解呀
[00:17:29.000 --> 00:17:31.000]  因為我想要
[00:17:31.000 --> 00:17:34.000]  我想要背後唔係要粒糖
[00:17:34.000 --> 00:17:36.000]  我想要爸爸媽媽看見我呀
[00:17:36.000 --> 00:17:39.000]  我想要爸爸媽媽看見我嘅價值呀
[00:17:39.000 --> 00:17:42.000]  我要萬千寵愛在一身
[00:17:42.000 --> 00:17:43.000]  喺細路仔嘅時候
[00:17:43.000 --> 00:17:46.000]  已經好識得喂啦
[00:17:46.000 --> 00:17:47.000]  跟住到長大啦
[00:17:47.000 --> 00:17:48.000]  要讀書呀
[00:17:48.000 --> 00:17:50.000]  到青少年人嘅時候
[00:17:50.000 --> 00:17:52.000]  我要喂住成績嘅排名呀
[00:17:52.000 --> 00:17:54.000]  DSE form榜呀
[00:17:54.000 --> 00:17:56.000]  我要被人認同
[00:17:56.000 --> 00:17:57.000]  我要贏到呢
[00:17:57.000 --> 00:17:59.000]  老師同學證明我嘅價值
[00:17:59.000 --> 00:18:01.000]  我有能力
[00:18:01.000 --> 00:18:03.000]  絕對唔可以被人呢
[00:18:03.000 --> 00:18:05.000]  嚟到去睇低
[00:18:05.000 --> 00:18:07.000]  去到咗職稱嘅時候
[00:18:07.000 --> 00:18:09.000]  我又要喂啦
[00:18:09.000 --> 00:18:11.000]  到人生去到社會裏面做嘢
[00:18:11.000 --> 00:18:13.000]  我要喂住我份工
[00:18:13.000 --> 00:18:15.000]  我要喂住乜嘢
[00:18:15.000 --> 00:18:17.000]  我要喂住我嘅KPI呀
[00:18:17.000 --> 00:18:18.000]  我要喂住呢
[00:18:18.000 --> 00:18:19.000]  年年呢
[00:18:19.000 --> 00:18:20.000]  要加人工呀
[00:18:20.000 --> 00:18:23.000]  我要喂住個工作表現
[00:18:23.000 --> 00:18:24.000]  同上司嘅關係
[00:18:24.000 --> 00:18:26.000]  我要識做人呀
[00:18:26.000 --> 00:18:27.000]  我要上位呀
[00:18:27.000 --> 00:18:30.000]  因為我好怕輸畀人
[00:18:30.000 --> 00:18:32.000]  我亦都好怕被人呢
[00:18:32.000 --> 00:18:35.000]  嚟到去取代我
[00:18:35.000 --> 00:18:36.000]  去到成人
[00:18:36.000 --> 00:18:38.000]  我哋呢個階段嘅時候
[00:18:38.000 --> 00:18:41.000]  可能我哋已經好安穩
[00:18:41.000 --> 00:18:43.000]  但其實唔係嘅
[00:18:43.000 --> 00:18:45.000]  我哋喂住我哋層樓啦
[00:18:45.000 --> 00:18:47.000]  喂住我哋嘅資產啦
[00:18:47.000 --> 00:18:49.000]  喂住我哋家庭裏面嘅穩定啦
[00:18:49.000 --> 00:18:53.000]  我哋要有嘢揸手
[00:18:53.000 --> 00:18:55.000]  我哋好識喺呢個社會裏面
[00:18:55.000 --> 00:18:57.000]  玩呢個遊戲規則
[00:18:57.000 --> 00:18:59.000]  去建立一個防護網
[00:18:59.000 --> 00:19:01.000]  為咗要做咩呀
[00:19:01.000 --> 00:19:03.000]  俾自己安全
[00:19:03.000 --> 00:19:08.000]  唔好讓人嚟到去打敗自己呀
[00:19:08.000 --> 00:19:10.000]  去到年老嘅階段呢
[00:19:10.000 --> 00:19:12.000]  我哋又會喂住健康
[00:19:12.000 --> 00:19:15.000]  我哋會喂住過去嘅成就
[00:19:15.000 --> 00:19:16.000]  有啲乜嘢嘢
[00:19:16.000 --> 00:19:18.000]  我而家仲可以揸住嘅
[00:19:18.000 --> 00:19:20.000]  可以控制
[00:19:20.000 --> 00:19:22.000]  呢個就成為我今日嘅價值
[00:19:22.000 --> 00:19:26.000]  仍然可以能夠掌控啦
[00:19:26.000 --> 00:19:29.000]  但係原來無論畀乜嘢都好
[00:19:29.000 --> 00:19:31.000]  核心嘅驅動力
[00:19:31.000 --> 00:19:35.000]  都係我哋裏面好驚輸
[00:19:35.000 --> 00:19:39.000]  我哋裏面好驚被否定
[00:19:39.000 --> 00:19:40.000]  我哋好驚
[00:19:40.000 --> 00:19:43.000]  我哋唔能夠用自己嘅手
[00:19:43.000 --> 00:19:47.000]  可以控制到所有嘅嘢
[00:19:47.000 --> 00:19:49.000]  我哋嘅生命裏面
[00:19:49.000 --> 00:19:54.000]  一直找住要贏嘅大傘
[00:19:54.000 --> 00:19:57.000]  當神要修剪一個人
[00:19:57.000 --> 00:20:02.000]  神就將雅各擺咗喺佢嘅舅父屋企
[00:20:02.000 --> 00:20:03.000]  考考你先
[00:20:03.000 --> 00:20:05.000]  你記唔記得舅父叫咩名呀
[00:20:05.000 --> 00:20:07.000]  就係拉班呀
[00:20:07.000 --> 00:20:10.000]  擺咗去拉班仲係高手嚟㗎喎
[00:20:10.000 --> 00:20:13.000]  好似一面鏡子咁樣
[00:20:13.000 --> 00:20:17.000]  照住雅各裏面嘅本相真實
[00:20:17.000 --> 00:20:21.000]  呢個拉班比雅各更加精明
[00:20:21.000 --> 00:20:23.000]  佢更加詭詐
[00:20:23.000 --> 00:20:27.000]  佢簡直係一個老狐狸
[00:20:27.000 --> 00:20:31.000]  雅各喺拉班裏面去返工
[00:20:31.000 --> 00:20:34.000]  但係佢就睇上咗一個人
[00:20:34.000 --> 00:20:37.000]  就係拉班個細女
[00:20:37.000 --> 00:20:38.000]  拉班個細女係邊個呢
[00:20:38.000 --> 00:20:40.000]  就係拉傑
[00:20:40.000 --> 00:20:42.000]  雅各愛拉傑
[00:20:42.000 --> 00:20:43.000]  佢話啦
[00:20:43.000 --> 00:20:46.000]  我願意為你嘅小女兒拉傑
[00:20:46.000 --> 00:20:50.000]  留低去服侍你七年
[00:20:50.000 --> 00:20:52.000]  於是到咗時候啦
[00:20:52.000 --> 00:20:55.000]  於是雅各就同拉班舅父講
[00:20:55.000 --> 00:20:57.000]  喂 夠時 夠期啦喎
[00:20:57.000 --> 00:21:00.000]  你將我嘅妻子好畀我啦
[00:21:00.000 --> 00:21:02.000]  跟住睇下發生咩事啦喎
[00:21:02.000 --> 00:21:05.000]  呢度話 到了早晨
[00:21:05.000 --> 00:21:08.000]  點知雅各一打開隻眼
[00:21:08.000 --> 00:21:10.000]  佢見到邊個
[00:21:10.000 --> 00:21:12.000]  嗰個邊個嚟㗎
[00:21:12.000 --> 00:21:15.000]  嗰個係家姐嚟嘅知唔知到呀
[00:21:15.000 --> 00:21:17.000]  唔係細女喎
[00:21:17.000 --> 00:21:19.000]  嗰個係拉班個大女
[00:21:19.000 --> 00:21:20.000]  尼雅
[00:21:20.000 --> 00:21:21.000]  於是之後呢
[00:21:21.000 --> 00:21:23.000]  拉班就同拉班講啦
[00:21:23.000 --> 00:21:25.000]  你同我做啲乜嘢嘢呀
[00:21:25.000 --> 00:21:27.000]  我服侍你咁耐
[00:21:27.000 --> 00:21:29.000]  我係為咗個細女拉傑呀
[00:21:29.000 --> 00:21:33.000]  點解你而家呃我呢
[00:21:33.000 --> 00:21:36.000]  為什麼欺控我呢
[00:21:36.000 --> 00:21:38.000]  拉班就話啦
[00:21:38.000 --> 00:21:40.000]  個樣子就出嚟
[00:21:40.000 --> 00:21:42.000]  大女都未出嫁
[00:21:42.000 --> 00:21:45.000]  我點會畀個細女嚟呢
[00:21:45.000 --> 00:21:48.000]  呢個地方都冇呢個規矩嘅
[00:21:48.000 --> 00:21:49.000]  嗱 咁啦
[00:21:49.000 --> 00:21:51.000]  你為這個
[00:21:51.000 --> 00:21:52.000]  要講咩呀
[00:21:52.000 --> 00:21:54.000]  你為這個 即係為呢個大家姐呀
[00:21:54.000 --> 00:21:56.000]  為呢個大女呀
[00:21:56.000 --> 00:21:58.000]  尼雅滿咗七日之後呢
[00:21:58.000 --> 00:22:02.000]  嗱 我就會畀我個細女拉傑你㗎啦
[00:22:02.000 --> 00:22:04.000]  不過咁呀
[00:22:04.000 --> 00:22:06.000]  你再因為拉傑
[00:22:06.000 --> 00:22:08.000]  服侍多我幾多年呀
[00:22:08.000 --> 00:22:11.000]  服侍多我七年
[00:22:11.000 --> 00:22:16.000]  嘩 呢個係咪一面鏡子照落去啞角嗰度
[00:22:16.000 --> 00:22:19.000]  你從前要贏呀
[00:22:19.000 --> 00:22:22.000]  你不斷嘅靠自己嘅血氣
[00:22:22.000 --> 00:22:24.000]  去爭呢個長子名份
[00:22:24.000 --> 00:22:26.000]  靠自己嘅能力
[00:22:26.000 --> 00:22:27.000]  去到最盡
[00:22:27.000 --> 00:22:30.000]  我要得到呢一個長子嘅祝福
[00:22:30.000 --> 00:22:32.000]  但係今日話畀你聽
[00:22:32.000 --> 00:22:35.000]  一山還有一山高
[00:22:35.000 --> 00:22:37.000]  拉班狡猾到個樣
[00:22:37.000 --> 00:22:39.000]  佢仲睇得穿
[00:22:39.000 --> 00:22:41.000]  你咁鍾意我個細女
[00:22:41.000 --> 00:22:44.000]  我梗係諗橋你留低啦
[00:22:44.000 --> 00:22:46.000]  服侍多我七年
[00:22:46.000 --> 00:22:48.000]  唔止
[00:22:48.000 --> 00:22:50.000]  舅父仲睇穿咗呢
[00:22:50.000 --> 00:22:53.000]  啞角有一個好強嘅恩賜
[00:22:53.000 --> 00:22:56.000]  就係可以幫佢發達
[00:22:56.000 --> 00:22:58.000]  可以幫佢搵大錢呀
[00:22:58.000 --> 00:23:00.000]  因為啞角好擅長咩呀
[00:23:00.000 --> 00:23:02.000]  牧羊呀
[00:23:02.000 --> 00:23:04.000]  拉班同佢講
[00:23:04.000 --> 00:23:06.000]  我若在你眼前蒙恩
[00:23:06.000 --> 00:23:08.000]  請你迎與我同在
[00:23:08.000 --> 00:23:10.000]  你唔好走啦
[00:23:10.000 --> 00:23:11.000]  因為佢知道乜嘢呀
[00:23:11.000 --> 00:23:15.000]  耶和華點解會賜福畀拉班呀
[00:23:15.000 --> 00:23:18.000]  係因為啞角你喺我屋企呀
[00:23:18.000 --> 00:23:21.000]  拉班幾醒目呢
[00:23:21.000 --> 00:23:26.000]  佢為咗呢一個免費嘅工人
[00:23:26.000 --> 00:23:28.000]  你既然鍾意我個女
[00:23:28.000 --> 00:23:30.000]  呢個就係一個籌碼
[00:23:30.000 --> 00:23:33.000]  我就要用呢個婚姻嚟綁死啞角
[00:23:33.000 --> 00:23:34.000]  跟住之後
[00:23:34.000 --> 00:23:37.000]  嘩!我知道你可以帶嚟我屋企發達呀
[00:23:37.000 --> 00:23:39.000]  仲有財富嘅增值
[00:23:39.000 --> 00:23:40.000]  欺騙佢
[00:23:40.000 --> 00:23:41.000]  你要留低呢度
[00:23:41.000 --> 00:23:44.000]  再做多七年啦
[00:23:44.000 --> 00:23:46.000]  啞角跟住講乜嘢
[00:23:46.000 --> 00:23:47.000]  佢話
[00:23:47.000 --> 00:23:49.000]  我白日受盡乾熱
[00:23:49.000 --> 00:23:51.000]  黑夜受盡寒霜
[00:23:51.000 --> 00:23:52.000]  連呀
[00:23:52.000 --> 00:23:54.000]  瞓覺都冇合埋隻眼呀
[00:23:54.000 --> 00:23:56.000]  我嘗試這樣
[00:23:56.000 --> 00:23:58.000]  我就喺二十年呀
[00:23:58.000 --> 00:23:59.000]  喺你屋企呀
[00:23:59.000 --> 00:24:02.000]  兩個女一共嫁埋十四年呀
[00:24:02.000 --> 00:24:05.000]  睇埋你啲羊服侍你呢度六年呀
[00:24:05.000 --> 00:24:07.000]  仲有幾多次改我嘅工價呀
[00:24:07.000 --> 00:24:08.000]  有十次喎
[00:24:08.000 --> 00:24:09.000]  改我人工喎
[00:24:09.000 --> 00:24:10.000]  其實你知唔知到
[00:24:10.000 --> 00:24:12.000]  當你論吓呢段經文呢
[00:24:12.000 --> 00:24:15.000]  啞角講得出呢一
[00:24:15.000 --> 00:24:16.000]  佢嘅感受
[00:24:16.000 --> 00:24:18.000]  佢嘅經歷呀
[00:24:18.000 --> 00:24:22.000]  其實啞角嘅生命呢已經改變咗
[00:24:22.000 --> 00:24:25.000]  喺呢二十年特訓
[00:24:25.000 --> 00:24:28.000]  神擺啞角去到拉班舅父嗰度
[00:24:28.000 --> 00:24:31.000]  佢又好似一面鏡子見到自己
[00:24:31.000 --> 00:24:33.000]  從前做咩
[00:24:33.000 --> 00:24:34.000]  你欺人
[00:24:34.000 --> 00:24:36.000]  你呃哥哥
[00:24:36.000 --> 00:24:40.000]  今日你同樣被人欺騙
[00:24:40.000 --> 00:24:43.000]  舅父攞你著數
[00:24:43.000 --> 00:24:45.000]  一個咁計算嘅人
[00:24:45.000 --> 00:24:47.000]  而家情願做咩
[00:24:47.000 --> 00:24:52.000]  而家情願蝕底嘅痛苦之味
[00:24:52.000 --> 00:24:56.000]  拉班就好似一面鏡
[00:24:56.000 --> 00:25:00.000]  將啞角昔日內心嗰種嘅詭詐
[00:25:00.000 --> 00:25:03.000]  自私要贏嗰個大山
[00:25:03.000 --> 00:25:05.000]  完全好似照出嚟咁
[00:25:05.000 --> 00:25:08.000]  完全揭示咗出嚟
[00:25:08.000 --> 00:25:10.000]  啞角用詭詐
[00:25:10.000 --> 00:25:13.000]  嚟到去對付哥哥
[00:25:13.000 --> 00:25:16.000]  今日神用拉班去揭示
[00:25:16.000 --> 00:25:20.000]  啞角裏面嘅真實一面
[00:25:20.000 --> 00:25:22.000]  三十一章三節
[00:25:22.000 --> 00:25:24.000]  夜禍話同啞角講
[00:25:24.000 --> 00:25:27.000]  你要返屋企啦而家
[00:25:27.000 --> 00:25:28.000]  你要回你祖
[00:25:28.000 --> 00:25:30.000]  你父屋企
[00:25:30.000 --> 00:25:31.000]  返屋企嘅時候
[00:25:31.000 --> 00:25:35.000]  點不知突然間聽到一個驚魂嘅消息
[00:25:35.000 --> 00:25:36.000]  就係你哥哥
[00:25:36.000 --> 00:25:42.000]  以數帶住四百大軍迎面而來
[00:25:42.000 --> 00:25:45.000]  啞角嗰刻個鼻孔都冇肉呀嗰刻
[00:25:45.000 --> 00:25:47.000]  啞角過去靠嘅小聰明
[00:25:47.000 --> 00:25:49.000]  佢不斷計算
[00:25:49.000 --> 00:25:50.000]  佢不斷要贏
[00:25:50.000 --> 00:25:53.000]  佢憑住怯氣去喂嘅時候
[00:25:53.000 --> 00:25:55.000]  去到我就嚟死啦
[00:25:55.000 --> 00:25:57.000]  生死嘅關頭
[00:25:57.000 --> 00:25:58.000]  長子嘅名份
[00:25:58.000 --> 00:26:01.000]  救唔救到佢條命呢
[00:26:01.000 --> 00:26:02.000]  攞到嘅祝福
[00:26:02.000 --> 00:26:04.000]  我一把刀就已經咩
[00:26:04.000 --> 00:26:06.000]  我已經可以殺死你啦
[00:26:06.000 --> 00:26:08.000]  喺生死關頭之後
[00:26:08.000 --> 00:26:10.000]  你喂住嘅所有嘢
[00:26:10.000 --> 00:26:12.000]  完全冇用
[00:26:12.000 --> 00:26:15.000]  當佢嘅聰明去到盡頭
[00:26:15.000 --> 00:26:17.000]  佢只能夠做一件事
[00:26:17.000 --> 00:26:19.000]  就係走佬啦
[00:26:19.000 --> 00:26:21.000]  所以佢去到邊度呢
[00:26:21.000 --> 00:26:23.000]  佢夜更起來
[00:26:23.000 --> 00:26:24.000]  帶住佢兩個妻子
[00:26:24.000 --> 00:26:26.000]  兩個侍女
[00:26:26.000 --> 00:26:28.000]  原來當時已經十一個仔
[00:26:28.000 --> 00:26:29.000]  於是就過咗
[00:26:29.000 --> 00:26:31.000]  我哋頭先讀嘅經文呢
[00:26:31.000 --> 00:26:33.000]  啞膊渡口
[00:26:33.000 --> 00:26:36.000]  嗰啲兒女妻子就先過河
[00:26:36.000 --> 00:26:38.000]  跟住其他個人慢慢過去
[00:26:38.000 --> 00:26:40.000]  跟住去到就係我哋頭先讀嘅經文
[00:26:40.000 --> 00:26:41.000]  廿四節啦
[00:26:41.000 --> 00:26:42.000]  三十二章廿四節
[00:26:42.000 --> 00:26:43.000]  佢話乜嘢呀
[00:26:43.000 --> 00:26:45.000]  只剩低啞角一人呀
[00:26:45.000 --> 00:26:47.000]  咦 佢發現
[00:26:47.000 --> 00:26:48.000]  有一個人做乜嘢呀
[00:26:48.000 --> 00:26:51.000]  同佢嚟到去摔跤
[00:26:51.000 --> 00:26:53.000]  由夜晚黑打到幾時呀
[00:26:53.000 --> 00:26:55.000]  打到天矇光
[00:26:55.000 --> 00:26:56.000]  打到黎明
[00:26:56.000 --> 00:26:59.000]  那人見自己勝不過他
[00:26:59.000 --> 00:27:00.000]  你記住呢句先呀
[00:27:00.000 --> 00:27:01.000]  一陣間會解
[00:27:01.000 --> 00:27:04.000]  那人見自己勝不過他
[00:27:04.000 --> 00:27:06.000]  跟住之刻就摸佢邊度呀
[00:27:06.000 --> 00:27:08.000]  嗰邊度嚟㗎
[00:27:08.000 --> 00:27:10.000]  係啦嗰個大腿窩
[00:27:10.000 --> 00:27:12.000]  跟住啞角就做咩呀
[00:27:12.000 --> 00:27:13.000]  即刻做咩呀
[00:27:13.000 --> 00:27:14.000]  扭鳥呀
[00:27:14.000 --> 00:27:15.000]  正在摔跤嘅時候
[00:27:15.000 --> 00:27:17.000]  就扭鳥
[00:27:17.000 --> 00:27:18.000]  跟住廿六節
[00:27:18.000 --> 00:27:19.000]  那人說
[00:27:19.000 --> 00:27:20.000]  天黎明啦
[00:27:20.000 --> 00:27:21.000]  我要走啦
[00:27:21.000 --> 00:27:22.000]  啞角話
[00:27:22.000 --> 00:27:23.000]  唔得呀 你唔走得呀
[00:27:23.000 --> 00:27:24.000]  我要乜嘢呀
[00:27:24.000 --> 00:27:25.000]  你要乜嘢呀
[00:27:25.000 --> 00:27:26.000]  你唔畀我捉窩
[00:27:26.000 --> 00:27:28.000]  我唔畀你走
[00:27:28.000 --> 00:27:30.000]  第三十節嗰度講到
[00:27:30.000 --> 00:27:33.000]  啞角好清楚知道呢
[00:27:33.000 --> 00:27:36.000]  係邊一個同佢摔跤
[00:27:36.000 --> 00:27:39.000]  等於指咪邊一個同佢打㗎
[00:27:39.000 --> 00:27:41.000]  嗰個邊個嚟㗎
[00:27:41.000 --> 00:27:42.000]  呢度講
[00:27:42.000 --> 00:27:45.000]  我面對面見了神
[00:27:45.000 --> 00:27:49.000]  我的性命仍得保存
[00:27:49.000 --> 00:27:52.000]  啞角當刻突然間清醒
[00:27:52.000 --> 00:27:56.000]  原來同佢摔跤嗰個係神嚟嘅
[00:27:56.000 --> 00:27:59.000]  頭先你睇嘅廿五節
[00:27:59.000 --> 00:28:00.000]  呢度咪講
[00:28:00.000 --> 00:28:04.000]  那人見自己勝不過他嘅
[00:28:04.000 --> 00:28:06.000]  呢個那人
[00:28:06.000 --> 00:28:08.000]  咦 頭先講咩呀
[00:28:08.000 --> 00:28:09.000]  係神喎
[00:28:09.000 --> 00:28:10.000]  咁你照睇嘅時候
[00:28:10.000 --> 00:28:13.000]  吓 神見自己勝不過他
[00:28:13.000 --> 00:28:14.000]  咁即係講乜嘢
[00:28:14.000 --> 00:28:15.000]  咁佢即係講緊
[00:28:15.000 --> 00:28:16.000]  神呀 你輸咗囉
[00:28:16.000 --> 00:28:18.000]  咁你講緊神輸咗囉
[00:28:18.000 --> 00:28:20.000]  但係最後一擊
[00:28:20.000 --> 00:28:21.000]  佢摸下個大腿窩
[00:28:21.000 --> 00:28:24.000]  跟住啞角呢就關低咗囉
[00:28:24.000 --> 00:28:26.000]  你試下咁樣理解喎
[00:28:26.000 --> 00:28:29.000]  啞角同神摔跤呢
[00:28:29.000 --> 00:28:30.000]  好明顯呢
[00:28:30.000 --> 00:28:33.000]  係神藉住呢件事
[00:28:33.000 --> 00:28:35.000]  讓啞角嘅生命呢
[00:28:35.000 --> 00:28:38.000]  徹底反轉
[00:28:38.000 --> 00:28:41.000]  反轉佢生命嘅時間
[00:28:41.000 --> 00:28:44.000]  啞角你喺生死關頭嘅時候
[00:28:44.000 --> 00:28:47.000]  我一路睇住你
[00:28:47.000 --> 00:28:50.000]  你繼續靠自己拼命嚟到去掙扎
[00:28:50.000 --> 00:28:54.000]  死餵住過往所有嘅嘢唔放手
[00:28:54.000 --> 00:28:56.000]  你要贏呀嘛
[00:28:56.000 --> 00:28:59.000]  啞角你全憑各樣嘅血氣
[00:28:59.000 --> 00:29:01.000]  你嘅本性就係要爭
[00:29:01.000 --> 00:29:02.000]  你嘅本性就係要贏
[00:29:02.000 --> 00:29:03.000]  我而家點呀
[00:29:03.000 --> 00:29:04.000]  我傾盡我條命
[00:29:04.000 --> 00:29:07.000]  我都要喺呢一個摔跤大賽裏面呢
[00:29:07.000 --> 00:29:09.000]  拼你一死㗎啦
[00:29:09.000 --> 00:29:10.000]  就係一係呢
[00:29:10.000 --> 00:29:11.000]  就係你死
[00:29:11.000 --> 00:29:12.000]  跟住我就贏呀
[00:29:12.000 --> 00:29:13.000]  我活呀
[00:29:13.000 --> 00:29:14.000]  我要贏呀
[00:29:14.000 --> 00:29:16.000]  都係咁打
[00:29:16.000 --> 00:29:17.000]  打到呢
[00:29:17.000 --> 00:29:20.000]  佔盡上風嘅時候
[00:29:20.000 --> 00:29:21.000]  經文呢度講
[00:29:21.000 --> 00:29:24.000]  那人見自己勝不過他
[00:29:24.000 --> 00:29:27.000]  特登擺喺度呢句嘅說話
[00:29:27.000 --> 00:29:28.000]  當時嘅啞角
[00:29:28.000 --> 00:29:31.000]  當佢望到呢一個那人嘅時候
[00:29:31.000 --> 00:29:33.000]  咦 呢個人係咪唔掂呢
[00:29:33.000 --> 00:29:35.000]  咦 呢個人係咪流力呢
[00:29:35.000 --> 00:29:36.000]  打到佔盡上風
[00:29:36.000 --> 00:29:37.000]  嘩 你諗下
[00:29:37.000 --> 00:29:39.000]  我準備上台做咩
[00:29:39.000 --> 00:29:40.000]  攞金牌啦
[00:29:40.000 --> 00:29:42.000]  我Win硬嘅時候
[00:29:42.000 --> 00:29:44.000]  呢個時候上帝做咩呀
[00:29:44.000 --> 00:29:45.000]  摸一摸
[00:29:45.000 --> 00:29:47.000]  你嘅大腿窩
[00:29:47.000 --> 00:29:48.000]  佢一秒之內
[00:29:48.000 --> 00:29:52.000]  馬上由高峰跌到最低局
[00:29:52.000 --> 00:29:55.000]  啞角即刻慣低
[00:29:55.000 --> 00:29:58.000]  喺一秒裏面
[00:29:58.000 --> 00:30:00.000]  摸一摸個大腿窩
[00:30:00.000 --> 00:30:01.000]  諗住可以攞金牌
[00:30:01.000 --> 00:30:02.000]  得啦 掂啦
[00:30:02.000 --> 00:30:03.000]  點不知
[00:30:03.000 --> 00:30:05.000]  就慣低啦
[00:30:05.000 --> 00:30:06.000]  弟兄姊妹呀
[00:30:06.000 --> 00:30:08.000]  你知唔知大腿窩係邊呀
[00:30:08.000 --> 00:30:10.000]  你嘅大腿窩
[00:30:10.000 --> 00:30:12.000]  在哪裏呢
[00:30:12.000 --> 00:30:13.000]  好啦
[00:30:13.000 --> 00:30:15.000]  跟住我就好傻地諗下
[00:30:15.000 --> 00:30:16.000]  呢個大腿
[00:30:16.000 --> 00:30:18.000]  大腿點解會有個窩嘅呢
[00:30:18.000 --> 00:30:19.000]  摸極都冇個窩
[00:30:19.000 --> 00:30:21.000]  跟住睇下個英文係咩啦
[00:30:21.000 --> 00:30:23.000]  個英文係Hip Joint
[00:30:23.000 --> 00:30:24.000]  你睇下呢幅
[00:30:24.000 --> 00:30:25.000]  原來呢
[00:30:25.000 --> 00:30:26.000]  喺邊度嚟嘅呢
[00:30:26.000 --> 00:30:29.000]  係髖關節
[00:30:29.000 --> 00:30:30.000]  原來呢
[00:30:30.000 --> 00:30:31.000]  係髖關節呢
[00:30:31.000 --> 00:30:33.000]  有一個關節窩
[00:30:33.000 --> 00:30:34.000]  佢呢度係講緊呢
[00:30:34.000 --> 00:30:36.000]  係一個髖扣
[00:30:36.000 --> 00:30:39.000]  其實呢個盤骨位嚟嘅
[00:30:39.000 --> 00:30:40.000]  呢度講緊
[00:30:40.000 --> 00:30:41.000]  原來大腿窩呢
[00:30:41.000 --> 00:30:43.000]  係人走路啦
[00:30:43.000 --> 00:30:44.000]  跑步啦
[00:30:44.000 --> 00:30:45.000]  發力啦
[00:30:45.000 --> 00:30:46.000]  係支撐住呢
[00:30:46.000 --> 00:30:48.000]  成個人身體重量
[00:30:48.000 --> 00:30:50.000]  一個好重要嘅地方
[00:30:50.000 --> 00:30:51.000]  但係佢呢一刻呢
[00:30:51.000 --> 00:30:53.000]  扭鳥姐係講緊咩
[00:30:53.000 --> 00:30:55.000]  係甩膠
[00:30:55.000 --> 00:30:57.000]  唔係拗柴呀
[00:30:57.000 --> 00:30:58.000]  係甩膠
[00:30:58.000 --> 00:31:00.000]  嘩 神摸一摸之後
[00:31:00.000 --> 00:31:02.000]  呢一個髖關節突然間
[00:31:02.000 --> 00:31:03.000]  甩膠
[00:31:03.000 --> 00:31:05.000]  佢就馬上一秒之內
[00:31:05.000 --> 00:31:07.000]  佢就慣低咗
[00:31:07.000 --> 00:31:08.000]  失去咗力氣
[00:31:08.000 --> 00:31:10.000]  佢就成為咗一個
[00:31:10.000 --> 00:31:12.000]  大腿
[00:31:12.000 --> 00:31:13.000]  頂節目呀
[00:31:13.000 --> 00:31:15.000]  當你進入場景
[00:31:15.000 --> 00:31:17.000]  你試下讀聖經呢
[00:31:17.000 --> 00:31:19.000]  你唔好淨係睇文字呀
[00:31:19.000 --> 00:31:21.000]  你進入到去嗰個嘅
[00:31:21.000 --> 00:31:22.000]  場景裏面嘅時候
[00:31:22.000 --> 00:31:24.000]  嘩 打到火紅火綠
[00:31:24.000 --> 00:31:26.000]  打到好興奮
[00:31:26.000 --> 00:31:28.000]  今次仲唔夜眼
[00:31:28.000 --> 00:31:29.000]  打到火熱嘅時候
[00:31:29.000 --> 00:31:31.000]  人生最高峰呀
[00:31:31.000 --> 00:31:33.000]  漸進上峰之際
[00:31:33.000 --> 00:31:34.000]  好興奮呀
[00:31:34.000 --> 00:31:36.000]  直情hyper啦係咪
[00:31:36.000 --> 00:31:38.000]  等住呢啲掌聲已經嚟到嘅時候
[00:31:38.000 --> 00:31:40.000]  上帝摸一摸個大腿窩
[00:31:40.000 --> 00:31:42.000]  雅各馬上一秒之內
[00:31:42.000 --> 00:31:44.000]  慣低
[00:31:44.000 --> 00:31:46.000]  一秒之內
[00:31:46.000 --> 00:31:48.000]  上帝就KO咗雅各啦
[00:31:48.000 --> 00:31:50.000]  係一秒之內
[00:31:50.000 --> 00:31:53.000]  上帝就清咗雅各個袋呀
[00:31:53.000 --> 00:31:55.000]  就清佢袋
[00:31:55.000 --> 00:31:58.000]  你知唔知嗰下極其痛苦
[00:31:58.000 --> 00:32:01.000]  唔係咬柴嘅痛
[00:32:01.000 --> 00:32:03.000]  係甩膠
[00:32:03.000 --> 00:32:05.000]  完全冇曬力
[00:32:05.000 --> 00:32:08.000]  冇辦法可以撐到自己嘅人
[00:32:08.000 --> 00:32:10.000]  再可以起返身
[00:32:10.000 --> 00:32:13.000]  神讓雅各知道乜嘢
[00:32:13.000 --> 00:32:15.000]  唔係你所有嘢
[00:32:15.000 --> 00:32:18.000]  靠自己都得嘅
[00:32:18.000 --> 00:32:20.000]  唔係你所有嘢
[00:32:20.000 --> 00:32:23.000]  你話贏就會贏
[00:32:23.000 --> 00:32:25.000]  唔係你所有嘢
[00:32:25.000 --> 00:32:28.000]  以為自己掂就掂
[00:32:28.000 --> 00:32:29.000]  雅各
[00:32:29.000 --> 00:32:32.000]  你唔係一個萬能俠呀
[00:32:32.000 --> 00:32:34.000]  雅各呀
[00:32:34.000 --> 00:32:37.000]  你唔好再靠你自己嘅血氣啦
[00:32:37.000 --> 00:32:39.000]  你睇下當你以為
[00:32:39.000 --> 00:32:42.000]  自己可以能夠真性嘅時候
[00:32:42.000 --> 00:32:44.000]  只要我摸一摸你
[00:32:44.000 --> 00:32:46.000]  由最高峰
[00:32:46.000 --> 00:32:48.000]  跌到最低點
[00:32:48.000 --> 00:32:50.000]  你學識一個乜嘢功課
[00:32:50.000 --> 00:32:53.000]  你過往嘔嘔嘅所有嘢
[00:32:53.000 --> 00:32:55.000]  可以一下之間冇曬
[00:32:55.000 --> 00:32:57.000]  你嘔嘔嘅而家係
[00:32:57.000 --> 00:33:00.000]  嘔住上帝
[00:33:00.000 --> 00:33:02.000]  雅各嘅大山
[00:33:02.000 --> 00:33:07.000]  看似係二十年裏面對住嘅拉班
[00:33:07.000 --> 00:33:11.000]  看似耳掃帶住嗰四百大軍
[00:33:11.000 --> 00:33:14.000]  但係神冇將佢地移走
[00:33:14.000 --> 00:33:17.000]  喺二十年裏面日日對住雅各
[00:33:17.000 --> 00:33:19.000]  篤眼篤鼻
[00:33:19.000 --> 00:33:22.000]  雅各嘅經歷話俾我地聽
[00:33:22.000 --> 00:33:25.000]  神真正要踢走嘅呢
[00:33:25.000 --> 00:33:31.000]  其實係我地裏面有一座控制嘅大山
[00:33:31.000 --> 00:33:36.000]  我地以為自己靠自己苦力撐住就得啦
[00:33:36.000 --> 00:33:40.000]  我地認為自己靠自己血氣扭實就得啦
[00:33:40.000 --> 00:33:44.000]  唔肯願意降伏喺神嘅主權底下
[00:33:44.000 --> 00:33:46.000]  呢一舊嘅大山
[00:33:46.000 --> 00:33:48.000]  因為雅各
[00:33:48.000 --> 00:33:50.000]  佢當自己係老闆
[00:33:50.000 --> 00:33:52.000]  因為雅各
[00:33:52.000 --> 00:33:54.000]  佢當自己係上帝
[00:33:54.000 --> 00:33:58.000]  但係上帝話我要將你入面控制嘅肉
[00:33:58.000 --> 00:34:00.000]  呢一份控制嘅大山
[00:34:00.000 --> 00:34:03.000]  徹底粉碎
[00:34:03.000 --> 00:34:08.000]  當今日雅各成為一個強子
[00:34:08.000 --> 00:34:10.000]  你所有過往嘅祝福
[00:34:10.000 --> 00:34:14.000]  唔係再靠你嘅血氣來攞返你
[00:34:14.000 --> 00:34:17.000]  所有屬靈嘅祝福
[00:34:17.000 --> 00:34:19.000]  係喺降伏
[00:34:19.000 --> 00:34:21.000]  跪低
[00:34:21.000 --> 00:34:23.000]  喺神嘅面前
[00:34:23.000 --> 00:34:25.000]  而得返你
[00:34:25.000 --> 00:34:27.000]  喺雅各嘅裏面
[00:34:27.000 --> 00:34:30.000]  呢一個佢人生裏面
[00:34:30.000 --> 00:34:35.000]  最大嘅痛苦嘅教訓
[00:34:35.000 --> 00:34:37.000]  當佢同神摔跤
[00:34:37.000 --> 00:34:39.000]  一秒跪低
[00:34:39.000 --> 00:34:41.000]  嗰刻先醒悟
[00:34:41.000 --> 00:34:48.000]  人生最大一個好痛嘅功課
[00:34:48.000 --> 00:34:50.000]  雅各去到差唔多呢
[00:34:50.000 --> 00:34:53.000]  人生裏面盡頭嘅時候呢
[00:34:53.000 --> 00:34:57.000]  喺《創世紀》嘅47章31節
[00:34:57.000 --> 00:34:59.000]  佢咁樣描述
[00:34:59.000 --> 00:35:01.000]  雅各喺個床嗰度
[00:35:01.000 --> 00:35:06.000]  攬住嗰個扶著像頭嚟到去敬拜神
[00:35:06.000 --> 00:35:08.000]  當我讀呢段經文嘅時候
[00:35:08.000 --> 00:35:09.000]  拗曬頭
[00:35:09.000 --> 00:35:10.000]  點解呢
[00:35:10.000 --> 00:35:12.000]  臨離開世界之前
[00:35:12.000 --> 00:35:15.000]  要扶著嗰個像頭呢
[00:35:15.000 --> 00:35:17.000]  嚟到去敬拜主呢
[00:35:17.000 --> 00:35:19.000]  當我再翻查聖經呢
[00:35:19.000 --> 00:35:23.000]  嚟到一個好特別嘅地方
[00:35:23.000 --> 00:35:24.000]  原來呢
[00:35:24.000 --> 00:35:27.000]  呢支嘅像係可以貫通咗
[00:35:27.000 --> 00:35:30.000]  成個雅各嘅一生
[00:35:30.000 --> 00:35:33.000]  第一次出現呢支像嘅時候
[00:35:33.000 --> 00:35:35.000]  喺若誕河前呢
[00:35:35.000 --> 00:35:38.000]  佢一直嚟到去靠自己
[00:35:38.000 --> 00:35:40.000]  當時我先前只撈著
[00:35:40.000 --> 00:35:42.000]  我嘅將者
[00:35:42.000 --> 00:35:45.000]  過者若誕河佢乜都冇
[00:35:45.000 --> 00:35:48.000]  過者若誕河之前佢乜都冇
[00:35:48.000 --> 00:35:51.000]  所以佢要紅豆湯換獎紙
[00:35:51.000 --> 00:35:53.000]  所以佢要山羊羔皮呢
[00:35:53.000 --> 00:35:56.000]  嚟到換獎紙帶嚟嘅祝福
[00:35:56.000 --> 00:35:58.000]  所以佢連個信仰裏面呢
[00:35:58.000 --> 00:35:59.000]  都要交換㗎
[00:35:59.000 --> 00:36:02.000]  你敢敢敢攞畀番啲乜乜你囉
[00:36:02.000 --> 00:36:04.000]  雅各嘅生命
[00:36:04.000 --> 00:36:05.000]  呢一個椰子殼
[00:36:05.000 --> 00:36:08.000]  一直喺度喙
[00:36:08.000 --> 00:36:10.000]  因為佢想贏
[00:36:10.000 --> 00:36:12.000]  當佢帶住呢啲像
[00:36:12.000 --> 00:36:15.000]  去到摔跤嘅時候
[00:36:15.000 --> 00:36:18.000]  雅各經歷畀拉班欺騙
[00:36:18.000 --> 00:36:21.000]  一面鏡子照落自己度
[00:36:21.000 --> 00:36:24.000]  原來自己都係一個騙子
[00:36:24.000 --> 00:36:26.000]  點不知而家經歷
[00:36:26.000 --> 00:36:28.000]  購付呢個一山還有一山高
[00:36:28.000 --> 00:36:31.000]  自食奇果嘅時候
[00:36:31.000 --> 00:36:34.000]  再經歷埋雨神摔跤嘅時候
[00:36:34.000 --> 00:36:37.000]  唔再靠自己嘅血氣啦
[00:36:37.000 --> 00:36:39.000]  你要靠耶和華
[00:36:39.000 --> 00:36:41.000]  所以你要改名
[00:36:41.000 --> 00:36:43.000]  你唔叫雅各啦
[00:36:43.000 --> 00:36:45.000]  你而家改咗個名叫咩嘢話
[00:36:45.000 --> 00:36:46.000]  記唔記得呀
[00:36:46.000 --> 00:36:48.000]  叫做以色列呀
[00:36:48.000 --> 00:36:50.000]  當你每次嗌你
[00:36:50.000 --> 00:36:51.000]  以色列
[00:36:51.000 --> 00:36:53.000]  以色列
[00:36:53.000 --> 00:36:55.000]  以色列嘩真係呢
[00:36:55.000 --> 00:36:56.000]  驚唔驚呀
[00:36:56.000 --> 00:36:57.000]  都幾驚㗎喎
[00:36:57.000 --> 00:36:58.000]  點解呀
[00:36:58.000 --> 00:37:00.000]  一嗌以色列呢
[00:37:00.000 --> 00:37:01.000]  我就記得嗰個moment
[00:37:01.000 --> 00:37:03.000]  嗰個咩moment呀
[00:37:03.000 --> 00:37:05.000]  一秒慣低嘅moment
[00:37:05.000 --> 00:37:08.000]  就係雨神摔跤嘅時候
[00:37:08.000 --> 00:37:10.000]  所以以色列點解呀
[00:37:10.000 --> 00:37:13.000]  雨神教力的人
[00:37:13.000 --> 00:37:15.000]  所以一嗌以色列
[00:37:15.000 --> 00:37:16.000]  就記得嗰件事件
[00:37:16.000 --> 00:37:18.000]  喺我嘅腦裏面
[00:37:18.000 --> 00:37:22.000]  就係雅各人生嘅轉捩點
[00:37:22.000 --> 00:37:24.000]  佢唔喂啦
[00:37:24.000 --> 00:37:26.000]  佢人生嘅下半場
[00:37:26.000 --> 00:37:27.000]  我喂
[00:37:27.000 --> 00:37:29.000]  我而家要喂住上帝
[00:37:29.000 --> 00:37:31.000]  而呢一支杖
[00:37:31.000 --> 00:37:33.000]  就成為佢成為咗一個
[00:37:33.000 --> 00:37:36.000]  瘸腿嘅拐杖
[00:37:36.000 --> 00:37:38.000]  陪伴住佢一生
[00:37:38.000 --> 00:37:41.000]  去到人生嘅盡頭
[00:37:41.000 --> 00:37:43.000]  就係頭先講嘅經文
[00:37:43.000 --> 00:37:45.000]  31節嗰度講
[00:37:45.000 --> 00:37:46.000]  雅各話
[00:37:46.000 --> 00:37:48.000]  你要向我起誓
[00:37:48.000 --> 00:37:50.000]  若瑟呢就向佢起了誓
[00:37:50.000 --> 00:37:53.000]  於是以色列在床頭
[00:37:53.000 --> 00:37:55.000]  扶著杖頭上
[00:37:55.000 --> 00:37:58.000]  嚟到去敬拜神
[00:37:58.000 --> 00:37:59.000]  希伯來書講咩呀
[00:37:59.000 --> 00:38:01.000]  雅各因著信
[00:38:01.000 --> 00:38:02.000]  臨死嘅時候
[00:38:02.000 --> 00:38:04.000]  為若瑟嗰兩個仔
[00:38:04.000 --> 00:38:05.000]  嚟到去祝福呢
[00:38:05.000 --> 00:38:06.000]  個孫嚟㗎
[00:38:06.000 --> 00:38:10.000]  扶著杖頭又敬拜神
[00:38:10.000 --> 00:38:12.000]  講緊咩嘢
[00:38:12.000 --> 00:38:13.000]  去到人生盡頭
[00:38:13.000 --> 00:38:15.000]  去千叮萬囑自己個仔
[00:38:15.000 --> 00:38:16.000]  若瑟
[00:38:16.000 --> 00:38:17.000]  我死啦
[00:38:17.000 --> 00:38:19.000]  我個屍骨
[00:38:19.000 --> 00:38:20.000]  你記得
[00:38:20.000 --> 00:38:24.000]  要帶返返去附加
[00:38:24.000 --> 00:38:26.000]  邊度附加
[00:38:26.000 --> 00:38:29.000]  係應許亞伯拉罕嗰個地方呀
[00:38:29.000 --> 00:38:31.000]  應許之地
[00:38:31.000 --> 00:38:32.000]  迦南地呀
[00:38:32.000 --> 00:38:34.000]  唔好畀我撞喺埃及呀
[00:38:34.000 --> 00:38:36.000]  外邦嘅地方
[00:38:36.000 --> 00:38:37.000]  唔要呢度呀
[00:38:37.000 --> 00:38:39.000]  我要去返神嘅地方
[00:38:39.000 --> 00:38:41.000]  一個應許之地
[00:38:41.000 --> 00:38:43.000]  講緊咩嘢
[00:38:43.000 --> 00:38:44.000]  去到盡頭
[00:38:44.000 --> 00:38:48.000]  扶著杖頭敬拜主
[00:38:48.000 --> 00:38:51.000]  我抓住神嘅應許
[00:38:51.000 --> 00:38:54.000]  回想佢生命嘅過去
[00:38:54.000 --> 00:38:57.000]  我已經學識咗一個
[00:38:57.000 --> 00:39:01.000]  正直傳言交托嘅功課
[00:39:01.000 --> 00:39:05.000]  呢支杖成為我生命嘅標記
[00:39:05.000 --> 00:39:08.000]  佢扶著杖頭嚟到去敬拜
[00:39:08.000 --> 00:39:10.000]  為自己一生
[00:39:10.000 --> 00:39:13.000]  蒙神帶領神嘅信實
[00:39:13.000 --> 00:39:15.000]  今日嘅雅各
[00:39:15.000 --> 00:39:19.000]  已經成為一個正直嘅人
[00:39:19.000 --> 00:39:21.000]  所以呢支杖
[00:39:21.000 --> 00:39:27.000]  成為佢最完美人生嘅句號
[00:39:27.000 --> 00:39:29.000]  頭先講嘅猴子
[00:39:29.000 --> 00:39:32.000]  佢喂住個拳頭死命唔放手
[00:39:32.000 --> 00:39:35.000]  點知畀個椰子殼卡住咗啦
[00:39:35.000 --> 00:39:36.000]  救命呀救命呀
[00:39:36.000 --> 00:39:38.000]  點知連命都冇埋啦
[00:39:38.000 --> 00:39:42.000]  當呢隻猴子願意放手嘅時候
[00:39:42.000 --> 00:39:44.000]  佢就可以逃脫
[00:39:44.000 --> 00:39:47.000]  人生有一個好難學嘅功課
[00:39:47.000 --> 00:39:50.000]  就係放手
[00:39:50.000 --> 00:39:53.000]  點解唔能夠放手呢
[00:39:53.000 --> 00:39:56.000]  係因為我仍然覺得自己好得
[00:39:56.000 --> 00:40:00.000]  係因為我仍然覺得自己好掂
[00:40:00.000 --> 00:40:07.000]  於是我好自然就踢走上帝
[00:40:07.000 --> 00:40:12.000]  所以雅各好想贏嘅大山係佢裏面
[00:40:12.000 --> 00:40:17.000]  雅各好想控制嘅大山係佢裏面
[00:40:17.000 --> 00:40:19.000]  其實點解呀
[00:40:19.000 --> 00:40:27.000]  係因為一個人未真正認識到自己真正嘅軟弱
[00:40:27.000 --> 00:40:30.000]  你有幾叻又如何
[00:40:30.000 --> 00:40:35.000]  雅各終於知一秒可以慣低
[00:40:35.000 --> 00:40:38.000]  神出手就慣低
[00:40:38.000 --> 00:40:45.000]  雅各未明白一切嘅嘢都係嚟自神嘅恩典
[00:40:45.000 --> 00:40:49.000]  因為賞賜嘅係耶和華跟住有乜嘢
[00:40:49.000 --> 00:40:52.000]  收取嘅也係耶和華
[00:40:52.000 --> 00:40:55.000]  當我哋願意放手
[00:40:55.000 --> 00:40:58.000]  唔係代表我哋軟弱自卑無能
[00:40:58.000 --> 00:40:59.000]  唔係呀
[00:40:59.000 --> 00:41:02.000]  係我哋好清楚自己嘅身份
[00:41:02.000 --> 00:41:05.000]  唔再扮演上帝
[00:41:05.000 --> 00:41:10.000]  當我哋手裏面揹住以為最安全嘅嘢
[00:41:10.000 --> 00:41:14.000]  其實嗰啲嘢以為好安全保障
[00:41:14.000 --> 00:41:18.000]  但係其實係綁死自己嘅大山
[00:41:18.000 --> 00:41:22.000]  當你甘心將個拳頭鬆開
[00:41:22.000 --> 00:41:24.000]  承認自己唔能嘅時候
[00:41:24.000 --> 00:41:28.000]  向主降服投降
[00:41:28.000 --> 00:41:31.000]  你先可以dab到
[00:41:31.000 --> 00:41:34.000]  其實日日都係靠恩典
[00:41:34.000 --> 00:41:38.000]  有乜嘢嘢都係神嘅恩典底下
[00:41:38.000 --> 00:41:41.000]  你今日抹大對眼你有冇感謝主
[00:41:41.000 --> 00:41:46.000]  瞓醒一覺隻腳落到床係咪恩典
[00:41:46.000 --> 00:41:51.000]  當你下著大雨有把傘返嚟係咪恩典
[00:41:51.000 --> 00:41:54.000]  當每一日落大雨嘅時候
[00:41:54.000 --> 00:41:56.000]  唔好話天呀點解咁落雨
[00:41:56.000 --> 00:41:57.000]  唔係呀
[00:41:57.000 --> 00:41:58.000]  神俾你有水飲
[00:41:58.000 --> 00:42:00.000]  花草樹木可以生長
[00:42:00.000 --> 00:42:03.000]  一切都係恩典
[00:42:03.000 --> 00:42:07.000]  當你返到教會有冷氣係咪恩典
[00:42:07.000 --> 00:42:10.000]  當你返到教會你唔係企喺度
[00:42:10.000 --> 00:42:12.000]  最愛遠勁拜神
[00:42:12.000 --> 00:42:14.000]  你今日坐喺度呀
[00:42:14.000 --> 00:42:17.000]  呢啲係咪恩典
[00:42:17.000 --> 00:42:21.000]  當你學識到其實我有幾咁渣
[00:42:21.000 --> 00:42:23.000]  當你學識人性裏面
[00:42:23.000 --> 00:42:25.000]  其實真係乜嘢都冇嘅時候
[00:42:25.000 --> 00:42:29.000]  攞咗你嘅呼吸你已經點呀
[00:42:29.000 --> 00:42:31.000]  我已經唔喺世上
[00:42:31.000 --> 00:42:33.000]  當你dab到呢個道理
[00:42:33.000 --> 00:42:36.000]  你就會明白24x7
[00:42:36.000 --> 00:42:39.000]  我哋都係托被神嘅手
[00:42:39.000 --> 00:42:42.000]  係恩典嘅手嚟到去托住
[00:42:42.000 --> 00:42:47.000]  因為我哋根本係一坨咩呀
[00:42:47.000 --> 00:42:49.000]  係一坨泥嚟嘅姐
[00:42:49.000 --> 00:42:53.000]  同你隔離嗰人講一次你係咩嚟嘅
[00:42:53.000 --> 00:42:56.000]  只係因為神喺你裏面吹咗口氣
[00:42:56.000 --> 00:43:01.000]  你先成為一個有靈有恩典嘅活人
[00:43:01.000 --> 00:43:05.000]  當呢個有靈有恩典嘅離開咗你嘅時候
[00:43:05.000 --> 00:43:08.000]  你又會返返去一坨咩呀
[00:43:08.000 --> 00:43:10.000]  同你隔離嗰人講一次
[00:43:10.000 --> 00:43:13.000]  你都係嗰坨咩嚟嘅
[00:43:13.000 --> 00:43:17.000]  你試下再dab真啲呀
[00:43:17.000 --> 00:43:19.000]  我哋乜都冇呀
[00:43:19.000 --> 00:43:22.000]  我哋最後都歸回塵土
[00:43:22.000 --> 00:43:25.000]  所以今日當你知道
[00:43:25.000 --> 00:43:28.000]  我哋真係裏面好多限制
[00:43:28.000 --> 00:43:31.000]  冇一樣嘢係屬於自己
[00:43:31.000 --> 00:43:34.000]  係神送禮物俾我哋
[00:43:34.000 --> 00:43:37.000]  係禮物係恩典嘅時候
[00:43:37.000 --> 00:43:41.000]  從承認自己嘅無能
[00:43:41.000 --> 00:43:45.000]  去到盡心經歷主嘅有能
[00:43:45.000 --> 00:43:48.000]  係從神而來嗰份嘅能力
[00:43:48.000 --> 00:43:51.000]  當你今日揸嘅拳頭好實好實
[00:43:51.000 --> 00:43:54.000]  嗰隻猴仔就係好傻揸住個拳頭
[00:43:54.000 --> 00:43:57.000]  你今日已經識得教我你要點呀
[00:43:57.000 --> 00:43:59.000]  你要放開個拳頭
[00:43:59.000 --> 00:44:01.000]  你隻手就會鬆開
[00:44:01.000 --> 00:44:04.000]  你就會經歷打開手
[00:44:04.000 --> 00:44:08.000]  承托住主嘅恩典
[00:44:08.000 --> 00:44:11.000]  你就會經歷嗰份真實嘅力量
[00:44:11.000 --> 00:44:13.000]  同埋自由啦
[00:44:13.000 --> 00:44:15.000]  所以弟兄姊妹呀
[00:44:15.000 --> 00:44:18.000]  雖然我哋嘅生命好似呢隻猴仔
[00:44:18.000 --> 00:44:21.000]  死畏住嗰個椰子殼
[00:44:21.000 --> 00:44:24.000]  你觸摸下你自己內心
[00:44:24.000 --> 00:44:28.000]  可能其實你裏面裝咗好多恐懼呀
[00:44:28.000 --> 00:44:31.000]  可能你裏面裝咗好多焦慮呀
[00:44:31.000 --> 00:44:35.000]  好多關係、感情裏面嘅控制呀
[00:44:35.000 --> 00:44:38.000]  喺個社會裏面打滾你對住名利
[00:44:38.000 --> 00:44:40.000]  我要上位嘅追求
[00:44:40.000 --> 00:44:43.000]  甚至乎可能你話我練腦啦
[00:44:43.000 --> 00:44:46.000]  身心靈喺病患嘅裏面
[00:44:46.000 --> 00:44:49.000]  我要有晒我個計劃
[00:44:49.000 --> 00:44:51.000]  點樣嚟到去計劃
[00:44:51.000 --> 00:44:54.000]  但係以為呢啲計劃好好嘅時候
[00:44:54.000 --> 00:44:58.000]  卻成為我生命裏面嘅忙碌
[00:44:58.000 --> 00:45:00.000]  今日做一件事
[00:45:00.000 --> 00:45:03.000]  揸緊你嘅拳頭先
[00:45:03.000 --> 00:45:05.000]  我數三聲一齊放
[00:45:05.000 --> 00:45:07.000]  1、2、3
[00:45:07.000 --> 00:45:09.000]  鬆晒啦
[00:45:09.000 --> 00:45:11.000]  今日學一個功課
[00:45:11.000 --> 00:45:14.000]  放手唔再執著
[00:45:14.000 --> 00:45:16.000]  因為你相信緊乜嘢
[00:45:16.000 --> 00:45:18.000]  眼未曾看見
[00:45:18.000 --> 00:45:20.000]  耳朵未曾聽見
[00:45:20.000 --> 00:45:23.000]  心裏未曾想過嘅嘢
[00:45:23.000 --> 00:45:26.000]  神要擺喺你生命當中
[00:45:26.000 --> 00:45:29.000]  因為我哋相信緊嗰個神
[00:45:29.000 --> 00:45:31.000]  耶和華係我哋嘅目者
[00:45:31.000 --> 00:45:32.000]  下一句
[00:45:32.000 --> 00:45:34.000]  叫我哋乜嘢呀
[00:45:34.000 --> 00:45:36.000]  不知缺乏
[00:45:36.000 --> 00:45:38.000]  因為我哋好清楚知道
[00:45:38.000 --> 00:45:41.000]  既然神叫我哋不知缺乏嘅時候
[00:45:41.000 --> 00:45:45.000]  所以人心就算自己嘅道路
[00:45:45.000 --> 00:45:46.000]  下一句
[00:45:46.000 --> 00:45:48.000]  唯有耶和華做乜嘢
[00:45:48.000 --> 00:45:51.000]  指引我哋嘅腳步
[00:45:51.000 --> 00:45:54.000]  所以我哋而家靜默無聲
[00:45:54.000 --> 00:45:56.000]  專心等候神
[00:45:56.000 --> 00:45:58.000]  因為我哋嘅盼望
[00:45:58.000 --> 00:46:00.000]  是從何而來?
[00:46:00.000 --> 00:46:02.000]  從神而來!
