
[00:00:00.000 --> 00:00:04.760]  今天說到的題目叫做「享安息的操練」
[00:00:04.760 --> 00:00:08.920]  不知道通常你放假會做些什麼呢?
[00:00:08.920 --> 00:00:14.880]  最近發現原來出了2027年明年的公眾假期
[00:00:14.880 --> 00:00:20.640]  社交媒體已經列出明年有哪些日子
[00:00:20.640 --> 00:00:22.680]  你可以請一天假、兩天假
[00:00:22.680 --> 00:00:27.320]  就可以放五、六天假、幾天假、七、八天假
[00:00:27.320 --> 00:00:30.680]  其實預計有些人正在想去旅行
[00:00:30.680 --> 00:00:35.960]  預計2027年怎樣能夠請最少的年假
[00:00:35.960 --> 00:00:41.400]  又能夠放到最長的假去玩、去旅遊
[00:00:41.400 --> 00:00:43.480]  所以一般人會覺得
[00:00:43.480 --> 00:00:45.960]  我真的很想去「安息」
[00:00:45.960 --> 00:00:48.320]  去旅行就最「安息」了
[00:00:48.320 --> 00:00:51.080]  很多人放假最多人
[00:00:51.080 --> 00:00:53.800]  原來日本大阪的城市
[00:00:53.800 --> 00:00:58.280]  是香港人最愛旅遊的地方
[00:00:58.280 --> 00:00:59.880]  我們經常都會說
[00:00:59.880 --> 00:01:01.760]  你又去哪裡?我又回鄉下了
[00:01:01.760 --> 00:01:05.360]  很多人都是去日本或是去首爾
[00:01:05.360 --> 00:01:07.360]  全部都是免簽證
[00:01:07.360 --> 00:01:11.440]  不過首爾免簽證原來是緊排榜尾
[00:01:11.440 --> 00:01:15.040]  所以我們都是很想
[00:01:15.040 --> 00:01:18.960]  透過去旅行期望能夠有「安息」
[00:01:18.960 --> 00:01:20.560]  當然不一定要飛
[00:01:20.560 --> 00:01:21.960]  當你去旅行
[00:01:21.960 --> 00:01:26.280]  可以去北上,現在越來越多人喜歡去北上
[00:01:26.280 --> 00:01:28.960]  特別在深圳,很近我們的地方
[00:01:28.960 --> 00:01:31.560]  有很多很大很漂亮的商場
[00:01:31.560 --> 00:01:33.920]  去那裡又方便
[00:01:33.920 --> 00:01:35.400]  一個小時就可以去到
[00:01:35.400 --> 00:01:38.280]  或者有些頂尖會住得近關口
[00:01:38.280 --> 00:01:39.520]  可能半小時到那裡
[00:01:39.520 --> 00:01:41.960]  那裡也有很多不同的食物
[00:01:41.960 --> 00:01:43.760]  有很多時尚的東西買
[00:01:43.760 --> 00:01:47.720]  甚至有些商場
[00:01:47.720 --> 00:01:52.280]  地鐵一出,不用日曬雨淋就可以去到
[00:01:52.280 --> 00:01:54.720]  去一去可能都覺得很有「安息」
[00:01:54.720 --> 00:01:58.040]  很有放假的感覺
[00:01:58.040 --> 00:02:00.480]  當然有些人說為什麼那麼喜歡北上呢?
[00:02:00.480 --> 00:02:02.080]  因為商場漂亮
[00:02:02.080 --> 00:02:03.680]  坐車又便宜
[00:02:03.680 --> 00:02:05.840]  但原來也有些女士說
[00:02:05.840 --> 00:02:07.800]  在深圳很多美女
[00:02:07.800 --> 00:02:09.880]  這個可能我不太留意
[00:02:09.880 --> 00:02:10.560]  也不太知道
[00:02:10.560 --> 00:02:14.720]  但她說唱卡拉OK有東西吃很划算
[00:02:14.720 --> 00:02:16.200]  去整牙又划算
[00:02:16.200 --> 00:02:17.680]  去配眼鏡又划算
[00:02:17.680 --> 00:02:21.200]  有些人特別說去酒吧看美女
[00:02:21.200 --> 00:02:24.120]  我會覺得去北上
[00:02:24.120 --> 00:02:26.240]  讓人有很放鬆的感覺
[00:02:26.240 --> 00:02:29.040]  讓人有好像真的度假的感覺
[00:02:29.040 --> 00:02:31.720]  有這個「安息」的感覺
[00:02:31.720 --> 00:02:36.680]  當然不一定放假要去坐飛機
[00:02:36.680 --> 00:02:38.120]  又或者要北上
[00:02:38.120 --> 00:02:39.920]  如果你留港消費
[00:02:39.920 --> 00:02:42.680]  你可以選擇去看電影
[00:02:42.680 --> 00:02:46.480]  不知道你接下來有沒有什麼電影想看
[00:02:46.480 --> 00:02:48.280]  又或者去行山
[00:02:48.280 --> 00:02:51.120]  不過這個時間行山比較熱
[00:02:51.120 --> 00:02:53.960]  自助餐有冷氣
[00:02:53.960 --> 00:02:57.040]  你可以看看哪裏的自助餐
[00:02:57.040 --> 00:02:59.120]  哪個酒店現在都有優惠
[00:02:59.120 --> 00:03:01.080]  買二送一或者買一送一
[00:03:01.080 --> 00:03:02.520]  都很多
[00:03:02.520 --> 00:03:03.680]  或者去燒烤
[00:03:03.680 --> 00:03:04.760]  不過現在那麼熱
[00:03:04.760 --> 00:03:05.880]  難一點去燒烤
[00:03:05.880 --> 00:03:06.960]  但無論如何
[00:03:06.960 --> 00:03:08.920]  通常我們放假
[00:03:08.920 --> 00:03:10.320]  我們就很想放鬆
[00:03:10.320 --> 00:03:11.240]  去玩
[00:03:11.240 --> 00:03:13.520]  去吃一餐好的
[00:03:13.520 --> 00:03:14.840]  去看電影
[00:03:14.840 --> 00:03:17.120]  這些都是無可厚非的
[00:03:17.120 --> 00:03:20.040]  通常星期日下午你會做什麼
[00:03:20.040 --> 00:03:22.240]  星期日早上我們就會崇拜
[00:03:22.240 --> 00:03:25.160]  就算今早在八號風球裏
[00:03:25.160 --> 00:03:29.160]  我們都會在家參與網上崇拜
[00:03:29.160 --> 00:03:32.800]  但星期日下午通常你會做什麼
[00:03:32.800 --> 00:03:34.000]  可能有些頂姐妹說
[00:03:34.000 --> 00:03:36.240]  我就去補眠 睡覺
[00:03:36.240 --> 00:03:38.280]  我都試過星期日下午
[00:03:38.280 --> 00:03:39.680]  即是完了服事
[00:03:39.680 --> 00:03:41.880]  兩點多三點回到家
[00:03:41.880 --> 00:03:45.080]  睡眼覺其實是很幸福的
[00:03:45.080 --> 00:03:46.720]  因為不需要調鬧鐘
[00:03:46.720 --> 00:03:48.200]  然後可以睡到自然醒
[00:03:48.200 --> 00:03:50.480]  然後睡到五六點起床吃飯
[00:03:50.480 --> 00:03:53.280]  有些頂姐妹可能星期日下午
[00:03:53.280 --> 00:03:54.920]  會做家務
[00:03:54.920 --> 00:03:56.520]  因為一至六都很忙
[00:03:56.520 --> 00:03:57.720]  做不到家務
[00:03:57.720 --> 00:04:00.280]  可能就留到星期日下午
[00:04:00.280 --> 00:04:02.320]  可能要洗一下廁所
[00:04:02.320 --> 00:04:04.440]  抹一下廚房
[00:04:04.440 --> 00:04:07.880]  或者有些人很喜歡打機
[00:04:07.880 --> 00:04:10.600]  或者上網看Netflix
[00:04:10.600 --> 00:04:12.520]  或者看YouTube 看電影
[00:04:12.520 --> 00:04:14.440]  我不知道你有沒有星期日下午
[00:04:14.440 --> 00:04:15.760]  都要繼續上班
[00:04:15.760 --> 00:04:19.640]  或者繼續工作累積得很多
[00:04:19.640 --> 00:04:21.440]  所以星期日下午都要工作
[00:04:21.440 --> 00:04:25.200]  又或者星期日下午你會煮一餐好的
[00:04:25.200 --> 00:04:26.040]  即不是出街食
[00:04:26.040 --> 00:04:27.840]  當然出街食餐好
[00:04:27.840 --> 00:04:29.480]  亦都很多人會有這個選擇
[00:04:29.480 --> 00:04:32.480]  但星期日就可以有機會下廚
[00:04:32.480 --> 00:04:34.880]  這個都是星期日下午
[00:04:34.880 --> 00:04:38.240]  通常你可能有機會會做的事
[00:04:38.240 --> 00:04:40.800]  但通常星期日去到傍晚
[00:04:40.800 --> 00:04:43.760]  有些人就開始不太開心
[00:04:43.760 --> 00:04:45.360]  因為想起星期一
[00:04:45.360 --> 00:04:47.040]  想起星期一要上班
[00:04:47.040 --> 00:04:48.280]  我不是很想上班
[00:04:48.280 --> 00:04:50.120]  特別長假之後
[00:04:50.120 --> 00:04:51.600]  去完旅行之後
[00:04:51.600 --> 00:04:53.320]  會沒有胃口
[00:04:53.320 --> 00:04:55.800]  或者可能會幻想一個叫做
[00:04:55.800 --> 00:04:57.800]  假期後的
[00:04:57.800 --> 00:05:00.920]  假期後症後群
[00:05:00.920 --> 00:05:03.320]  即是放完假就不想上班
[00:05:03.320 --> 00:05:04.760]  例如有些人說
[00:05:04.760 --> 00:05:07.360]  有一個星期一恐懼症
[00:05:07.360 --> 00:05:09.880]  就是有什麼症狀
[00:05:09.880 --> 00:05:12.200]  你可以留意一下有沒有這些症狀
[00:05:12.200 --> 00:05:14.000]  就是體力下降
[00:05:14.000 --> 00:05:16.640]  嚴重渴睡
[00:05:16.640 --> 00:05:18.640]  集中力失調
[00:05:18.640 --> 00:05:20.600]  不太想上班
[00:05:20.600 --> 00:05:23.080]  他說如果你有以上的情況
[00:05:23.080 --> 00:05:24.880]  就要立即求醫
[00:05:24.880 --> 00:05:28.840]  因為有理由相信醫生會幫到你
[00:05:28.840 --> 00:05:32.880]  當然這是一個笑話
[00:05:32.880 --> 00:05:34.800]  我不知道你會不會覺得
[00:05:34.800 --> 00:05:37.880]  星期日晚開始就已經開始焦慮
[00:05:37.880 --> 00:05:41.120]  因為想起明天星期一要上班
[00:05:41.120 --> 00:05:43.080]  今天的訊息
[00:05:43.080 --> 00:05:45.200]  很想和大家思想幾件事
[00:05:45.200 --> 00:05:46.440]  第一件事
[00:05:46.440 --> 00:05:49.760]  守安息日究竟有什麼意義
[00:05:49.760 --> 00:05:53.880]  守安息日跟其餘六天有什麼關連
[00:05:53.880 --> 00:05:56.920]  具體上我們可以怎樣守安息日
[00:05:56.920 --> 00:05:58.800]  其實安息日的起源
[00:05:58.800 --> 00:06:02.520]  就是《創世紀》第二章一到三節
[00:06:02.520 --> 00:06:05.680]  我們可以一起讀這幾節經文
[00:06:05.680 --> 00:06:07.360]  1 2 3
[00:06:07.360 --> 00:06:10.200]  天地萬物都做齊了
[00:06:10.200 --> 00:06:11.760]  到了第七日
[00:06:11.760 --> 00:06:14.640]  神做物的功已經完畢
[00:06:14.640 --> 00:06:16.120]  就在第七日
[00:06:16.120 --> 00:06:18.440]  揭了他一切的功
[00:06:18.440 --> 00:06:19.640]  安息了
[00:06:19.640 --> 00:06:22.000]  神賜福給第七日
[00:06:22.000 --> 00:06:23.520]  定為聖日
[00:06:23.520 --> 00:06:25.240]  因為在這日
[00:06:25.240 --> 00:06:28.960]  神揭了他一切創造的功
[00:06:28.960 --> 00:06:31.560]  就安息了
[00:06:31.560 --> 00:06:33.400]  然後我們再看
[00:06:33.400 --> 00:06:36.080]  十誡裏面的第四誡
[00:06:36.080 --> 00:06:38.960]  都是提到要守安息日
[00:06:38.960 --> 00:06:42.360]  我們一起讀這幾節經文
[00:06:42.360 --> 00:06:43.800]  預備起
[00:06:43.800 --> 00:06:46.200]  當紀念安息日
[00:06:46.200 --> 00:06:47.840]  守為聖日
[00:06:47.840 --> 00:06:51.440]  六日要勞碌做你一切的功
[00:06:51.440 --> 00:06:52.760]  但第七日
[00:06:52.760 --> 00:06:57.240]  是向耶和華你神當守的安息日
[00:06:57.240 --> 00:07:01.800]  這一日你和你的兒女伏起生畜
[00:07:01.800 --> 00:07:04.680]  並你成旅寄居的客旅
[00:07:04.680 --> 00:07:07.320]  無論何功都不可做
[00:07:07.320 --> 00:07:09.160]  因為六日之內
[00:07:09.160 --> 00:07:14.000]  耶和華做天地海和其中的萬物
[00:07:14.000 --> 00:07:16.080]  第七日便安息
[00:07:16.080 --> 00:07:19.520]  所以耶和華賜福與安息日
[00:07:19.520 --> 00:07:22.320]  定為聖日
[00:07:22.320 --> 00:07:27.120]  這十誡的鋪排
[00:07:27.120 --> 00:07:28.960]  頗有意思
[00:07:28.960 --> 00:07:31.000]  透過四誡
[00:07:31.000 --> 00:07:32.480]  可以簡單說
[00:07:32.480 --> 00:07:34.880]  是說我們與神的關係
[00:07:34.880 --> 00:07:37.360]  然後第五誡到第十誡
[00:07:37.360 --> 00:07:40.240]  就是大概說我們與人的關係
[00:07:40.240 --> 00:07:42.480]  所以如果要大概這樣分
[00:07:42.480 --> 00:07:45.720]  十誡可以這樣分為兩部份
[00:07:45.720 --> 00:07:48.200]  而你留意第四誡
[00:07:48.200 --> 00:07:50.000]  當守安息日
[00:07:50.000 --> 00:07:52.360]  正正就是放在中間
[00:07:52.360 --> 00:07:55.080]  是說我們與神的關係
[00:07:55.080 --> 00:07:59.200]  與人的關係的重要連結
[00:07:59.200 --> 00:08:00.280]  簡單說
[00:08:00.280 --> 00:08:02.920]  當我們要學習守安息日
[00:08:02.920 --> 00:08:05.080]  其實是與神的關係
[00:08:05.080 --> 00:08:06.520]  與人的關係
[00:08:06.520 --> 00:08:09.840]  都有連結有關連
[00:08:09.840 --> 00:08:13.400]  今天很想和大家分享四個重點
[00:08:13.400 --> 00:08:15.560]  基本上
[00:08:15.560 --> 00:08:18.600]  這四個重點都是我參考一兩本
[00:08:18.600 --> 00:08:22.760]  關於安息的一些著作
[00:08:22.760 --> 00:08:26.160]  給予我們一些啟發和提醒
[00:08:26.160 --> 00:08:29.360]  第一點我們要學習停止
[00:08:29.360 --> 00:08:32.440]  在安息日裏我們要學習停止
[00:08:32.440 --> 00:08:36.240]  因為剛才讀那兩段經文多次提到安息
[00:08:36.240 --> 00:08:42.160]  安息的意思最簡單就是停止休息
[00:08:42.160 --> 00:08:44.800]  六天你要勞碌的工作
[00:08:44.800 --> 00:08:48.240]  但是第七天就是停止工作
[00:08:48.240 --> 00:08:49.480]  要休息
[00:08:49.480 --> 00:08:52.360]  其實這是上帝給我們的規律
[00:08:52.360 --> 00:08:56.080]  六天要勞碌投入工作
[00:08:56.080 --> 00:09:00.240]  但是第七天我們就要投入去停止
[00:09:00.240 --> 00:09:02.480]  投入來安息
[00:09:02.480 --> 00:09:04.480]  所以每六天勞碌工作
[00:09:04.480 --> 00:09:06.760]  就有一天我們要休息
[00:09:06.760 --> 00:09:08.640]  每六天勞碌工作
[00:09:08.640 --> 00:09:11.240]  我們有一天要休息
[00:09:11.240 --> 00:09:12.720]  當然
[00:09:12.720 --> 00:09:14.760]  猶太人的安息日
[00:09:14.760 --> 00:09:17.560]  其實就在星期五的日落
[00:09:17.560 --> 00:09:20.560]  就去到星期六的日落前
[00:09:20.560 --> 00:09:22.560]  所以猶太人的安息日
[00:09:22.560 --> 00:09:25.240]  似乎就像我們今天的星期六
[00:09:25.240 --> 00:09:27.240]  就是他們的安息日
[00:09:27.240 --> 00:09:29.640]  但是基督徒我們通常
[00:09:29.640 --> 00:09:33.200]  現在一般我們都是以星期日
[00:09:33.200 --> 00:09:36.160]  就是星期日為我們的安息日
[00:09:36.160 --> 00:09:39.360]  因為每星期的第一日
[00:09:39.360 --> 00:09:41.760]  就是我們紀念耶穌復活
[00:09:41.760 --> 00:09:45.440]  因為耶穌祂死後第三日復活
[00:09:45.440 --> 00:09:48.160]  主耶穌星期五、六、日
[00:09:48.160 --> 00:09:50.680]  星期日就是主日
[00:09:50.680 --> 00:09:52.680]  就是耶穌復活的那一日
[00:09:52.680 --> 00:09:54.480]  所以今天我和你一般
[00:09:54.480 --> 00:09:56.480]  星期日我們會上崇拜
[00:09:56.480 --> 00:09:58.720]  不過在阿根廷我們有周六崇拜
[00:09:58.720 --> 00:10:01.440]  大家可以上周六崇拜
[00:10:01.440 --> 00:10:03.240]  可以上周日崇拜
[00:10:03.240 --> 00:10:04.320]  不過有些弟兄姊妹
[00:10:04.320 --> 00:10:06.880]  他們就上輪班的工作
[00:10:06.880 --> 00:10:09.240]  他們未必能夠放到星期六、日
[00:10:09.240 --> 00:10:12.120]  所以有些教會會有星期五晚崇拜
[00:10:12.120 --> 00:10:14.240]  又或者其他weekday的崇拜
[00:10:14.240 --> 00:10:15.320]  無論怎樣都好
[00:10:15.320 --> 00:10:18.120]  守安息日的意思就是
[00:10:18.120 --> 00:10:21.000]  每六日勞碌工作
[00:10:21.000 --> 00:10:24.640]  就有預了一日我們需要休息
[00:10:24.640 --> 00:10:29.280]  這個休息的循環是不規定星期幾的
[00:10:29.280 --> 00:10:30.800]  星期六也好
[00:10:30.800 --> 00:10:32.800]  星期日也好
[00:10:32.800 --> 00:10:34.120]  對於牧者來說
[00:10:34.120 --> 00:10:36.960]  我們的安息日就是星期一
[00:10:36.960 --> 00:10:39.360]  所以星期六、日都是我們
[00:10:39.360 --> 00:10:43.680]  回教會專心、忠心侍奉的日子
[00:10:43.680 --> 00:10:45.680]  但是牧者星期一
[00:10:45.680 --> 00:10:47.560]  我們就要學習停止
[00:10:47.560 --> 00:10:48.960]  學習休息
[00:10:48.960 --> 00:10:51.760]  所以無論是星期幾也好
[00:10:51.760 --> 00:10:54.040]  上帝設計的規律
[00:10:54.040 --> 00:10:57.840]  是讓我們有六天勞碌工作
[00:10:57.840 --> 00:10:59.400]  忠心地工作
[00:10:59.400 --> 00:11:01.200]  然後分一日出來
[00:11:01.200 --> 00:11:03.480]  就是停止休息
[00:11:03.480 --> 00:11:06.520]  然後又預備我們進入另外那六日
[00:11:06.520 --> 00:11:07.800]  勞碌工作
[00:11:07.800 --> 00:11:09.240]  然後又有一日
[00:11:09.240 --> 00:11:11.640]  來到去休息、停止
[00:11:11.640 --> 00:11:15.000]  但是要停止對於
[00:11:15.000 --> 00:11:19.080]  耶穌年代有些人是手停口停的
[00:11:19.080 --> 00:11:21.400]  例如是耕種
[00:11:21.400 --> 00:11:23.560]  例如是捕魚
[00:11:23.560 --> 00:11:26.720]  他們是多勞多得
[00:11:26.720 --> 00:11:30.920]  如果他們要學六日勞碌的捕魚
[00:11:30.920 --> 00:11:32.760]  六日勞碌的耕種
[00:11:32.760 --> 00:11:34.160]  但是有一日
[00:11:34.160 --> 00:11:36.520]  第七日他要休息
[00:11:36.520 --> 00:11:38.520]  其實是代表什麼呢?
[00:11:38.520 --> 00:11:41.000]  代表他要信靠上帝
[00:11:41.000 --> 00:11:43.160]  我也認識一些弟兄姊妹
[00:11:43.160 --> 00:11:44.600]  他們是開的士的
[00:11:44.600 --> 00:11:47.520]  開的士同樣是多勞多得
[00:11:47.520 --> 00:11:49.280]  他可以一至日
[00:11:49.280 --> 00:11:51.560]  每天上班都可以開的士
[00:11:51.560 --> 00:11:54.520]  但是當他學做門徒
[00:11:54.520 --> 00:11:55.920]  他也跟我分享
[00:11:55.920 --> 00:11:59.120]  每一個星期他總會劃分一日
[00:11:59.120 --> 00:12:01.000]  就不開車
[00:12:01.000 --> 00:12:02.920]  那一日就是他的安息日
[00:12:02.920 --> 00:12:05.560]  當然能夠遷就他會星期六
[00:12:05.560 --> 00:12:06.960]  是安息日他回崇拜
[00:12:06.960 --> 00:12:09.480]  又或者就星期日他回崇拜
[00:12:09.480 --> 00:12:11.720]  我特別很欣賞這些弟兄姊妹
[00:12:11.720 --> 00:12:13.720]  或者他在地盤工作
[00:12:13.720 --> 00:12:17.720]  地盤工作可能他都需要每天上班
[00:12:17.720 --> 00:12:19.720]  但是他劃分了一個時間
[00:12:19.720 --> 00:12:21.720]  我六日勞碌上班
[00:12:21.720 --> 00:12:23.960]  有一日我是不上班
[00:12:23.960 --> 00:12:25.960]  不過沒工資的
[00:12:25.960 --> 00:12:27.280]  開的士的弟兄姊妹
[00:12:27.280 --> 00:12:31.120]  或者在地盤工作的朋友
[00:12:31.120 --> 00:12:35.320]  他是劃分那一日停工停止
[00:12:35.320 --> 00:12:36.960]  是那一日沒工資的
[00:12:36.960 --> 00:12:38.760]  所以他要這樣守安息日
[00:12:38.760 --> 00:12:41.760]  其實是意味著什麼呢?
[00:12:41.760 --> 00:12:43.760]  意味著他要信靠上帝
[00:12:43.760 --> 00:12:47.360]  我們看這個撿麻辣
[00:12:47.360 --> 00:12:50.760]  其實撿麻辣也是告訴我們
[00:12:50.760 --> 00:12:53.360]  我們要學習停止
[00:12:53.360 --> 00:12:55.360]  學習信靠上帝
[00:12:55.360 --> 00:12:58.160]  在這裡上帝告訴以色列人
[00:12:58.160 --> 00:13:00.360]  我會降麻辣給你們
[00:13:00.360 --> 00:13:04.360]  每一日就會降那一日的份量的麻辣給你們
[00:13:04.360 --> 00:13:06.360]  你們每日就出去撿麻辣
[00:13:06.360 --> 00:13:07.960]  撿得多
[00:13:07.960 --> 00:13:10.360]  第二日那些麻辣是不能吃的
[00:13:10.360 --> 00:13:10.960]  會爛的
[00:13:10.960 --> 00:13:14.960]  所以你們只能每日出去撿那一日的份量
[00:13:14.960 --> 00:13:16.960]  但是上帝告訴他們
[00:13:16.960 --> 00:13:19.760]  第六日他會降雙倍
[00:13:19.760 --> 00:13:21.760]  他會降雙倍的麻辣
[00:13:21.760 --> 00:13:24.560]  因為第七日你就不要再出去撿了
[00:13:24.560 --> 00:13:25.560]  你要休息
[00:13:25.560 --> 00:13:27.560]  就是有頭那六日
[00:13:27.560 --> 00:13:28.560]  你可以出去撿的
[00:13:28.560 --> 00:13:29.960]  好像等於上班一樣
[00:13:29.960 --> 00:13:31.560]  你出去撿麻辣吧
[00:13:31.560 --> 00:13:34.960]  但是第六日上帝說我會給雙倍給你
[00:13:34.960 --> 00:13:36.960]  那你就拿了雙倍
[00:13:36.960 --> 00:13:39.360]  就可以要煮了要烤了
[00:13:39.360 --> 00:13:43.360]  然後第六日降雙倍的麻辣
[00:13:43.360 --> 00:13:45.760]  是可以留過夜
[00:13:45.760 --> 00:13:48.560]  等你第七日休息的時候
[00:13:48.560 --> 00:13:50.360]  就可以有得吃的
[00:13:50.360 --> 00:13:52.360]  就是說第七日的安息日
[00:13:52.360 --> 00:13:54.960]  你不需要出去撿
[00:13:54.960 --> 00:13:56.960]  因為第六日你拿了雙倍
[00:13:56.960 --> 00:13:59.360]  然後上帝又保守那些麻辣
[00:13:59.360 --> 00:14:00.960]  是不會爛的
[00:14:00.960 --> 00:14:05.560]  之前一到五日你拿多的麻辣是會爛的
[00:14:05.560 --> 00:14:07.360]  這些全部都是神蹟
[00:14:07.360 --> 00:14:09.960]  這些神蹟其實是在教義式獵人
[00:14:09.960 --> 00:14:11.960]  學習守安息日
[00:14:11.960 --> 00:14:16.960]  那個停止是代表信靠上帝的供應
[00:14:16.960 --> 00:14:18.960]  但是這裡也說到
[00:14:18.960 --> 00:14:23.360]  有些義式獵人第七日有百姓出去撿
[00:14:23.360 --> 00:14:24.960]  就什麼都拿不到
[00:14:24.960 --> 00:14:27.960]  因為第七日根本上帝不降麻辣
[00:14:27.960 --> 00:14:30.960]  然後上帝就在這裡
[00:14:30.960 --> 00:14:33.960]  疑問為什麼你不肯守我的誡命
[00:14:33.960 --> 00:14:35.960]  我已經告訴了你們
[00:14:35.960 --> 00:14:37.960]  第七日不會有麻辣降
[00:14:37.960 --> 00:14:39.960]  我已經告訴你第六日
[00:14:39.960 --> 00:14:43.960]  昨天你就已經收了雙倍
[00:14:43.960 --> 00:14:46.960]  可能有些百姓覺得收雙倍都不夠
[00:14:46.960 --> 00:14:47.960]  想儲多一點
[00:14:47.960 --> 00:14:49.960]  想儲一點糧
[00:14:49.960 --> 00:14:52.960]  雖然星期六已經有雙倍了
[00:14:52.960 --> 00:14:55.960]  然後就看看星期日我又出去撿
[00:14:55.960 --> 00:14:57.960]  那就再多一點儲糧
[00:14:57.960 --> 00:14:59.960]  可以預備多幾天
[00:14:59.960 --> 00:15:03.960]  但是他們去到第七日發現沒有麻辣
[00:15:03.960 --> 00:15:05.960]  然後上帝就說
[00:15:05.960 --> 00:15:10.960]  為什麼你不肯守我的誡命去停止去休息
[00:15:10.960 --> 00:15:15.960]  原來守安息日就是要停下來休息
[00:15:15.960 --> 00:15:17.960]  信靠神的供應
[00:15:17.960 --> 00:15:21.960]  你們不肯守我的誡命和律法
[00:15:21.960 --> 00:15:24.960]  要到什麼時候呢
[00:15:24.960 --> 00:15:27.960]  所以這裡說到頭四屆
[00:15:27.960 --> 00:15:30.960]  和安息日好像不太相近
[00:15:30.960 --> 00:15:32.960]  但是其實是什麼意思呢
[00:15:32.960 --> 00:15:34.960]  第一屆不可有別的神
[00:15:34.960 --> 00:15:36.960]  是叫我們不要拜偶像
[00:15:36.960 --> 00:15:39.960]  因為拜偶像等於出軌
[00:15:39.960 --> 00:15:40.960]  拜別神
[00:15:40.960 --> 00:15:41.960]  不要雕刻偶像
[00:15:41.960 --> 00:15:44.960]  意思就是不要試圖控制神
[00:15:44.960 --> 00:15:45.960]  掌控神
[00:15:45.960 --> 00:15:50.960]  你把耶和華上帝雕了成一個雕像
[00:15:50.960 --> 00:15:53.960]  好像你想控制那個像
[00:15:53.960 --> 00:15:56.960]  其實意思是為上帝雕刻偶像
[00:15:56.960 --> 00:15:58.960]  是代表想試圖控制上帝
[00:15:58.960 --> 00:15:59.960]  第三
[00:15:59.960 --> 00:16:01.960]  不要妄稱神的名
[00:16:01.960 --> 00:16:04.960]  不要企圖利用神的名
[00:16:04.960 --> 00:16:07.960]  來達到自己自私的目的
[00:16:07.960 --> 00:16:10.960]  所以第四屆當守安息日
[00:16:10.960 --> 00:16:12.960]  其實是總結了頭三屆
[00:16:12.960 --> 00:16:14.960]  是讓神做神
[00:16:14.960 --> 00:16:17.960]  當我們每六天勞碌工作
[00:16:17.960 --> 00:16:21.960]  到第七天我們肯停下來休息
[00:16:21.960 --> 00:16:23.960]  信靠神的供應
[00:16:23.960 --> 00:16:25.960]  就是讓神做神
[00:16:25.960 --> 00:16:27.960]  就是Let God be God
[00:16:27.960 --> 00:16:30.960]  所以安息日我們會學四個功課
[00:16:30.960 --> 00:16:31.960]  今天給大家四點
[00:16:31.960 --> 00:16:35.960]  第一就是停止嘗試掌控
[00:16:35.960 --> 00:16:39.960]  我們要學習讓上帝做上帝
[00:16:39.960 --> 00:16:41.960]  Let God be God
[00:16:41.960 --> 00:16:42.960]  我看的就是這本書
[00:16:42.960 --> 00:16:45.960]  叫做《逐世中的安息日》
[00:16:45.960 --> 00:16:46.960]  操練
[00:16:46.960 --> 00:16:50.960]  我很喜歡它裡面提到什麼叫安息日
[00:16:50.960 --> 00:16:53.960]  安息日就是停止工作
[00:16:53.960 --> 00:16:55.960]  不只是不要上班
[00:16:55.960 --> 00:16:58.960]  是指我們要停止追生產
[00:16:58.960 --> 00:16:59.960]  追成就
[00:16:59.960 --> 00:17:01.960]  可能我們一至六
[00:17:01.960 --> 00:17:05.960]  我們六天的工作很努力追生產追成就
[00:17:05.960 --> 00:17:07.960]  但我們就要告訴自己
[00:17:07.960 --> 00:17:11.960]  每六天勞碌工作要留一天不上班
[00:17:11.960 --> 00:17:14.960]  其實是提醒我們我們不是上帝
[00:17:14.960 --> 00:17:16.960]  我們要信靠上帝的供應
[00:17:16.960 --> 00:17:19.960]  提醒我們不要試圖掌控
[00:17:19.960 --> 00:17:22.960]  不要不斷追生產追成就
[00:17:22.960 --> 00:17:24.960]  因為這些是生產和成就
[00:17:24.960 --> 00:17:27.960]  成事的乃在乎上帝
[00:17:27.960 --> 00:17:28.960]  都是神的恩典
[00:17:28.960 --> 00:17:30.960]  停止憂慮
[00:17:30.960 --> 00:17:32.960]  停止擔心
[00:17:32.960 --> 00:17:34.960]  停止緊張
[00:17:34.960 --> 00:17:37.960]  有時可能我和你很緊張工作
[00:17:37.960 --> 00:17:38.960]  擔心工作
[00:17:38.960 --> 00:17:40.960]  是我們很想掌控
[00:17:40.960 --> 00:17:43.960]  當我們在工作裡面覺得掌控不到
[00:17:43.960 --> 00:17:45.960]  我們覺得好像沒有渣拿的時候
[00:17:45.960 --> 00:17:48.960]  我們會憂慮會擔心會緊張
[00:17:48.960 --> 00:17:50.960]  但是每逢安息日
[00:17:50.960 --> 00:17:53.960]  是提醒自己要停止焦慮
[00:17:53.960 --> 00:17:56.960]  亦都要停止扮演神
[00:17:56.960 --> 00:17:58.960]  其實可能我和你在工作
[00:17:58.960 --> 00:17:59.960]  在我們的家庭
[00:17:59.960 --> 00:18:00.960]  我們的生活
[00:18:00.960 --> 00:18:02.960]  我們都很想掌控
[00:18:02.960 --> 00:18:05.960]  試圖扮演上帝
[00:18:05.960 --> 00:18:07.960]  但是安息日是提醒我們
[00:18:07.960 --> 00:18:10.960]  只有上帝是創造天地
[00:18:10.960 --> 00:18:14.960]  海和萬物的創造的主宰
[00:18:14.960 --> 00:18:15.960]  我們不是上帝
[00:18:15.960 --> 00:18:19.960]  安息日是要停止我們的佔有慾
[00:18:19.960 --> 00:18:22.960]  停止受文化的影響
[00:18:22.960 --> 00:18:24.960]  我們不是被這個世界文化
[00:18:24.960 --> 00:18:26.960]  牽著鼻子走
[00:18:26.960 --> 00:18:28.960]  這個世界文化告訴我們
[00:18:28.960 --> 00:18:30.960]  當我們一有放假
[00:18:30.960 --> 00:18:33.960]  我們就要去旅行
[00:18:33.960 --> 00:18:35.960]  這樣就一定有安息
[00:18:35.960 --> 00:18:37.960]  但有時我自己的經驗也是
[00:18:37.960 --> 00:18:39.960]  去旅行我比上班更累
[00:18:39.960 --> 00:18:41.960]  因為有些人很早就已經
[00:18:41.960 --> 00:18:44.960]  早上就出去了
[00:18:44.960 --> 00:18:46.960]  可能六點多七點
[00:18:46.960 --> 00:18:48.960]  然後去到十一二點回酒店
[00:18:48.960 --> 00:18:50.960]  然後第二天很早
[00:18:50.960 --> 00:18:52.960]  還有去完旅行回來
[00:18:52.960 --> 00:18:54.960]  坐飛機想起要上班
[00:18:54.960 --> 00:18:56.960]  覺得好像比上班更累
[00:18:56.960 --> 00:18:58.960]  然後好像沒有放過假
[00:18:58.960 --> 00:19:00.960]  我不知道你有沒有這樣的感受
[00:19:00.960 --> 00:19:02.960]  這個世界的文化告訴我們
[00:19:02.960 --> 00:19:05.960]  去完旅行回來上班很累
[00:19:05.960 --> 00:19:07.960]  然後期待下個旅行
[00:19:07.960 --> 00:19:09.960]  給自己充充電
[00:19:09.960 --> 00:19:10.960]  然後又上班
[00:19:10.960 --> 00:19:11.960]  然後期待下個旅行
[00:19:11.960 --> 00:19:13.960]  這也是現在這個世界的文化
[00:19:13.960 --> 00:19:15.960]  我們都要提醒自己
[00:19:15.960 --> 00:19:18.960]  不要被這個世界的文化影響
[00:19:18.960 --> 00:19:20.960]  牽著我們的鼻子走
[00:19:20.960 --> 00:19:23.960]  我們要停止單調
[00:19:23.960 --> 00:19:25.960]  乏味和沒有意義
[00:19:25.960 --> 00:19:27.960]  讓我們在安息日裏
[00:19:27.960 --> 00:19:30.960]  我們可以學習享安息
[00:19:30.960 --> 00:19:32.960]  這本書裏面提到
[00:19:32.960 --> 00:19:36.960]  每星期我們都有機會守安息日
[00:19:36.960 --> 00:19:39.960]  其實是幫我們重新定位
[00:19:39.960 --> 00:19:43.960]  能夠驅使我們在我們的生命
[00:19:43.960 --> 00:19:45.960]  每一個範疇
[00:19:45.960 --> 00:19:47.960]  我們都讓神作神
[00:19:47.960 --> 00:19:50.960]  可能如果我們六天勞碌工作
[00:19:50.960 --> 00:19:52.960]  我們走歪了
[00:19:52.960 --> 00:19:54.960]  我們會試圖掌控神
[00:19:54.960 --> 00:19:57.960]  我們會試圖覺得自己是神
[00:19:57.960 --> 00:19:58.960]  想控制
[00:19:58.960 --> 00:20:02.960]  但是每逢六天勞碌工作完的第七天
[00:20:02.960 --> 00:20:03.960]  我們要重新定位
[00:20:03.960 --> 00:20:06.960]  我們要重新觀察
[00:20:06.960 --> 00:20:08.960]  然後教回我的生命
[00:20:08.960 --> 00:20:11.960]  是要讓上帝作上帝
[00:20:11.960 --> 00:20:16.960]  要從這個自我中心悔改過來
[00:20:16.960 --> 00:20:20.960]  停止掌控的意思
[00:20:20.960 --> 00:20:22.960]  其實就是說我們要立戒線
[00:20:22.960 --> 00:20:24.960]  我們不是上帝
[00:20:24.960 --> 00:20:25.960]  這裏提到
[00:20:25.960 --> 00:20:27.960]  要讓工作和生活
[00:20:27.960 --> 00:20:31.960]  不再是非比即此的選擇
[00:20:31.960 --> 00:20:35.960]  這裏有一本書叫為工作立戒線
[00:20:35.960 --> 00:20:39.960]  我們不是一味被工作無窮的需要
[00:20:39.960 --> 00:20:41.960]  拉著我們走
[00:20:41.960 --> 00:20:44.960]  你可以改變自己工作的未來
[00:20:44.960 --> 00:20:48.960]  同時又能夠實現美好的生活
[00:20:48.960 --> 00:20:51.960]  另外為婚姻立戒線
[00:20:51.960 --> 00:20:52.960]  也有這本書
[00:20:52.960 --> 00:20:56.960]  提到我們不再被對方的問題箝制
[00:20:56.960 --> 00:20:59.960]  要釐清責任是誰
[00:20:59.960 --> 00:21:03.960]  然後也要掌握改變主導權
[00:21:03.960 --> 00:21:05.960]  當然要進到婚姻裏面
[00:21:05.960 --> 00:21:06.960]  重獲自由
[00:21:06.960 --> 00:21:07.960]  讓神的愛
[00:21:07.960 --> 00:21:10.960]  讓我們能夠得著神的愛
[00:21:10.960 --> 00:21:11.960]  我們懂得用神的愛
[00:21:11.960 --> 00:21:13.960]  來愛我們的配偶
[00:21:13.960 --> 00:21:17.960]  這叫做為婚姻立戒線
[00:21:17.960 --> 00:21:20.960]  另一本書叫為孩子立戒線
[00:21:20.960 --> 00:21:23.960]  我們要教導我們的孩子立戒線
[00:21:23.960 --> 00:21:24.960]  教導我們的兒女
[00:21:24.960 --> 00:21:26.960]  何時要說yes
[00:21:26.960 --> 00:21:28.960]  何時要say no
[00:21:28.960 --> 00:21:32.960]  還要為自己的選擇負責任
[00:21:32.960 --> 00:21:34.960]  如果我們不畫戒線
[00:21:34.960 --> 00:21:37.960]  我們就會過界
[00:21:37.960 --> 00:21:39.960]  又或者我們會試圖
[00:21:39.960 --> 00:21:42.960]  想掌控我們的兒女
[00:21:42.960 --> 00:21:44.960]  掌控我們的配偶
[00:21:44.960 --> 00:21:45.960]  或者在工作裏
[00:21:45.960 --> 00:21:47.960]  要求我們無窮地
[00:21:47.960 --> 00:21:48.960]  加班我們都加
[00:21:48.960 --> 00:21:52.960]  以致影響我們身心靈的健康
[00:21:52.960 --> 00:21:55.960]  最近在網上也提到
[00:21:55.960 --> 00:21:56.960]  另一個觀念
[00:21:56.960 --> 00:21:58.960]  叫做為父母立戒線
[00:21:58.960 --> 00:22:02.960]  當我看下原來為父母立戒線
[00:22:02.960 --> 00:22:04.960]  表面好像很不孝
[00:22:04.960 --> 00:22:08.960]  但當我再看原來為父母立戒線
[00:22:08.960 --> 00:22:10.960]  不是代表不孝
[00:22:10.960 --> 00:22:14.960]  是要疏離我們和父母的關係
[00:22:14.960 --> 00:22:16.960]  不要覺得立戒線是要求
[00:22:16.960 --> 00:22:18.960]  我們的父母做什麼改變
[00:22:18.960 --> 00:22:20.960]  其實就是告訴他們
[00:22:20.960 --> 00:22:23.960]  他們可以選擇yes or no
[00:22:23.960 --> 00:22:27.960]  他們可以選擇改變和不改變
[00:22:27.960 --> 00:22:30.960]  不過我們要讓他們知道
[00:22:30.960 --> 00:22:33.960]  他們選擇改變或者不改變
[00:22:33.960 --> 00:22:36.960]  他們要面對相應的後果
[00:22:36.960 --> 00:22:39.960]  有可能一些長者
[00:22:39.960 --> 00:22:42.960]  或者我們年長一輩的父母
[00:22:42.960 --> 00:22:44.960]  他們固有那一套都很牢固
[00:22:44.960 --> 00:22:46.960]  但是為父母立戒線
[00:22:46.960 --> 00:22:47.960]  就是告訴他們
[00:22:47.960 --> 00:22:48.960]  你可以這樣選擇
[00:22:48.960 --> 00:22:50.960]  有什麼好處不好處
[00:22:50.960 --> 00:22:51.960]  你也可以這樣選擇
[00:22:51.960 --> 00:22:53.960]  有什麼好處不好處
[00:22:53.960 --> 00:22:56.960]  然後都要尊重我們的父母
[00:22:56.960 --> 00:22:57.960]  他們的選擇
[00:22:57.960 --> 00:23:00.960]  讓他們來陪他們承擔
[00:23:00.960 --> 00:23:01.960]  他們選擇的後果
[00:23:01.960 --> 00:23:04.960]  這個叫做為父母立戒線
[00:23:04.960 --> 00:23:08.960]  也同樣令到自己不會overload
[00:23:08.960 --> 00:23:12.960]  不會因為照顧父母而overload
[00:23:12.960 --> 00:23:16.960]  所以我們需要為父母去立戒線
[00:23:16.960 --> 00:23:18.960]  這裡也說到
[00:23:18.960 --> 00:23:21.960]  需要在教育上立戒線
[00:23:21.960 --> 00:23:25.960]  芬蘭是教育最成功的國家
[00:23:25.960 --> 00:23:30.960]  他們有推出這個叫做國際失敗日
[00:23:30.960 --> 00:23:33.960]  他就說其實我們當然鼓勵成功
[00:23:33.960 --> 00:23:35.960]  但是當我們的孩子
[00:23:35.960 --> 00:23:37.960]  他們在失敗裡面的經驗
[00:23:37.960 --> 00:23:39.960]  其實都可以吸收到
[00:23:39.960 --> 00:23:42.960]  很好的生命的功課
[00:23:42.960 --> 00:23:43.960]  他就鼓勵
[00:23:43.960 --> 00:23:45.960]  其實你可以將失敗的經驗
[00:23:45.960 --> 00:23:48.960]  上載到社交媒體
[00:23:48.960 --> 00:23:50.960]  讓更多的人
[00:23:50.960 --> 00:23:54.960]  因此可以從你怎樣面對失敗
[00:23:54.960 --> 00:23:56.960]  怎樣面對你的失敗的過去
[00:23:56.960 --> 00:24:00.960]  能夠得到一個激勵和啟發
[00:24:00.960 --> 00:24:03.960]  這個世界是鼓吹我們一定要成功
[00:24:03.960 --> 00:24:06.960]  一定要掌控
[00:24:06.960 --> 00:24:10.960]  但是原來安息日提醒我們
[00:24:10.960 --> 00:24:12.960]  要讓神作神
[00:24:12.960 --> 00:24:14.960]  我們可以承認失敗
[00:24:14.960 --> 00:24:16.960]  我們可以承認我有限制
[00:24:16.960 --> 00:24:18.960]  承認我有軟弱
[00:24:18.960 --> 00:24:20.960]  承認我是害怕
[00:24:20.960 --> 00:24:22.960]  承認我很累
[00:24:22.960 --> 00:24:26.960]  Sometimes it's okay to not be okay
[00:24:26.960 --> 00:24:28.960]  可能一至六我們在工作裡面
[00:24:28.960 --> 00:24:31.960]  我們都是很勞碌的工作
[00:24:31.960 --> 00:24:33.960]  但是每六天勞碌工作
[00:24:33.960 --> 00:24:36.960]  上帝說有一天你要停下來
[00:24:36.960 --> 00:24:40.960]  Reset你的人生優先次序
[00:24:40.960 --> 00:24:43.960]  你不要試圖扮演上帝
[00:24:43.960 --> 00:24:46.960]  安息日就是提醒自己
[00:24:46.960 --> 00:24:49.960]  試圖停止試圖掌控
[00:24:49.960 --> 00:24:51.960]  讓神作神
[00:24:51.960 --> 00:24:52.960]  第二個功課
[00:24:52.960 --> 00:24:54.960]  在安息日裡面我們要學習休息
[00:24:54.960 --> 00:24:56.960]  要學習休息
[00:24:56.960 --> 00:25:00.960]  這裡說到當紀念安息日
[00:25:00.960 --> 00:25:03.960]  六天要勞碌工作
[00:25:03.960 --> 00:25:07.960]  但是第七天你要好好休息
[00:25:07.960 --> 00:25:11.960]  其實這是神給我們的恩典規律
[00:25:11.960 --> 00:25:15.960]  有六天好好忠心勞碌的上班
[00:25:15.960 --> 00:25:17.960]  但是到了第七天
[00:25:17.960 --> 00:25:19.960]  你就安心休息
[00:25:19.960 --> 00:25:21.960]  每六天勞碌工作
[00:25:21.960 --> 00:25:23.960]  然後有一天安心休息
[00:25:23.960 --> 00:25:25.960]  六天勞碌工作
[00:25:25.960 --> 00:25:28.960]  有一天安心的休息
[00:25:28.960 --> 00:25:31.960]  休息的意思就是我們要信靠那位
[00:25:31.960 --> 00:25:37.960]  耶和華創造天地海和其中萬物的那位創造主
[00:25:37.960 --> 00:25:39.960]  我們不是上帝
[00:25:39.960 --> 00:25:41.960]  而這裡特別提醒
[00:25:41.960 --> 00:25:43.960]  神看著一切都是好的
[00:25:43.960 --> 00:25:47.960]  有晚上有早晨是第六天
[00:25:47.960 --> 00:25:49.960]  你有沒有留意到
[00:25:49.960 --> 00:25:52.960]  這裡的規律是什麼時候開始一天的
[00:25:52.960 --> 00:25:54.960]  是由晚上開始的
[00:25:54.960 --> 00:25:58.960]  有晚上有早晨是第六天
[00:25:58.960 --> 00:25:59.960]  當我們看的時候
[00:25:59.960 --> 00:26:02.960]  可能和我們華人
[00:26:02.960 --> 00:26:04.960]  或者我們一直理解的
[00:26:04.960 --> 00:26:06.960]  天光是新的一天
[00:26:06.960 --> 00:26:07.960]  天光是開始新的一天
[00:26:07.960 --> 00:26:09.960]  然後我上班了
[00:26:09.960 --> 00:26:11.960]  但是猶太人的觀念
[00:26:11.960 --> 00:26:17.960]  夜晚黃昏開始才是新的一天
[00:26:17.960 --> 00:26:18.960]  所以其實這裡這本書
[00:26:18.960 --> 00:26:21.960]  給了我一個很好的啟發概念
[00:26:21.960 --> 00:26:26.960]  原來希伯來人由黃昏到早晨這個次序
[00:26:26.960 --> 00:26:29.960]  黃昏開始日落就是新的一天
[00:26:29.960 --> 00:26:31.960]  即是下班就是新的一天
[00:26:31.960 --> 00:26:34.960]  回家休息就是新的一天
[00:26:34.960 --> 00:26:39.960]  原來猶太人由黃昏開始到早晨這個次序
[00:26:39.960 --> 00:26:43.960]  其實我們可以適應一個因典的規律
[00:26:43.960 --> 00:26:46.960]  當我們一睡覺上床
[00:26:46.960 --> 00:26:48.960]  神就開始工作
[00:26:48.960 --> 00:26:51.960]  然後一起床神就呼籲我們
[00:26:51.960 --> 00:26:54.960]  享受、分擔、發展
[00:26:54.960 --> 00:26:58.960]  我們睡覺的時候的工作
[00:26:58.960 --> 00:26:59.960]  聽得明白嗎?
[00:26:59.960 --> 00:27:01.960]  其實意思就是說
[00:27:01.960 --> 00:27:03.960]  以休息決定工作
[00:27:03.960 --> 00:27:05.960]  當我們晚上好好休息
[00:27:05.960 --> 00:27:07.960]  是讓神工作
[00:27:07.960 --> 00:27:09.960]  當我們早上起來
[00:27:09.960 --> 00:27:11.960]  是靠神去工作
[00:27:11.960 --> 00:27:13.960]  這個是在安息日裡告訴我們
[00:27:13.960 --> 00:27:15.960]  因典的規律
[00:27:15.960 --> 00:27:16.960]  所以第二點我們要學
[00:27:16.960 --> 00:27:19.960]  休息其實就是讓神工作
[00:27:19.960 --> 00:27:21.960]  因典的規律
[00:27:21.960 --> 00:27:23.960]  我們肯上床睡覺
[00:27:23.960 --> 00:27:25.960]  當我們肯上床睡覺
[00:27:25.960 --> 00:27:27.960]  正正是我們不工作的時候
[00:27:27.960 --> 00:27:29.960]  但就是神工作的時候
[00:27:29.960 --> 00:27:31.960]  正正是我們放手的時候
[00:27:31.960 --> 00:27:34.960]  晚上休息就是我們要放手
[00:27:34.960 --> 00:27:36.960]  讓神工作
[00:27:36.960 --> 00:27:39.960]  早上起來我們就靠神工作
[00:27:39.960 --> 00:27:42.960]  其實晚上休息
[00:27:42.960 --> 00:27:45.960]  都是讓我們的身體工作
[00:27:45.960 --> 00:27:46.960]  和排毒
[00:27:46.960 --> 00:27:48.960]  因為上帝創造我們
[00:27:48.960 --> 00:27:53.960]  都是有生理的時鐘和排毒的時鐘
[00:27:53.960 --> 00:27:55.960]  這裡有一個參考
[00:27:55.960 --> 00:27:56.960]  網上的資料
[00:27:56.960 --> 00:27:58.960]  原來你知道我們的肝
[00:27:58.960 --> 00:28:00.960]  在幾點鐘開始排毒嗎?
[00:28:00.960 --> 00:28:04.960]  晚上11點至凌晨1點
[00:28:04.960 --> 00:28:06.960]  你的肝就開始排毒
[00:28:06.960 --> 00:28:08.960]  我想問這個時間你睡了嗎?
[00:28:08.960 --> 00:28:10.960]  如果這個時間你睡了
[00:28:10.960 --> 00:28:12.960]  你的肝是能夠健康地排毒的
[00:28:12.960 --> 00:28:15.960]  然後凌晨1點至3點
[00:28:15.960 --> 00:28:17.960]  就是膽要排毒
[00:28:17.960 --> 00:28:19.960]  然後3點至5點
[00:28:19.960 --> 00:28:22.960]  就是肺要排毒
[00:28:22.960 --> 00:28:24.960]  然後5點至7點
[00:28:24.960 --> 00:28:26.960]  就是大腸要排毒
[00:28:26.960 --> 00:28:27.960]  所以很多人都是
[00:28:27.960 --> 00:28:29.960]  一早上起來可能要去大解
[00:28:29.960 --> 00:28:31.960]  然後7至9點
[00:28:31.960 --> 00:28:35.960]  就是小腸會大量吸收營養
[00:28:35.960 --> 00:28:38.960]  所以早餐7至9點去吃
[00:28:38.960 --> 00:28:40.960]  是很好的吸收
[00:28:40.960 --> 00:28:45.960]  然後晚上9點至11點
[00:28:45.960 --> 00:28:47.960]  就是我們的免疫系統
[00:28:47.960 --> 00:28:49.960]  我們的淋巴要來排毒
[00:28:49.960 --> 00:28:54.960]  其實如果參考這個資料
[00:28:54.960 --> 00:28:56.960]  其實都是告訴我們
[00:28:56.960 --> 00:28:58.960]  原來上帝設計我們的身體
[00:28:58.960 --> 00:29:00.960]  是要我們睡覺
[00:29:00.960 --> 00:29:03.960]  當我們晚上睡覺
[00:29:03.960 --> 00:29:07.960]  其實我們的身體裏面就工作了
[00:29:07.960 --> 00:29:09.960]  就排毒了
[00:29:09.960 --> 00:29:12.960]  然後我們會復原
[00:29:12.960 --> 00:29:15.960]  當然究竟要睡多久才對呢
[00:29:15.960 --> 00:29:19.960]  這個美國國家的睡眠基金會
[00:29:19.960 --> 00:29:21.960]  就建議不同年紀的人
[00:29:21.960 --> 00:29:23.960]  睡眠的時間
[00:29:23.960 --> 00:29:25.960]  這裡說到
[00:29:25.960 --> 00:29:27.960]  如果我們大部分是成年人
[00:29:27.960 --> 00:29:29.960]  26至64歲
[00:29:29.960 --> 00:29:31.960]  要睡多少個小時
[00:29:31.960 --> 00:29:34.960]  建議是7至9個小時
[00:29:34.960 --> 00:29:37.960]  當然不要少於6個小時
[00:29:37.960 --> 00:29:39.960]  但原來睡得多都不可以
[00:29:39.960 --> 00:29:41.960]  又不要多過10個小時
[00:29:41.960 --> 00:29:43.960]  有時多過十多個小時
[00:29:43.960 --> 00:29:45.960]  會越睡越嘔
[00:29:45.960 --> 00:29:47.960]  但睡得太少都不可以
[00:29:47.960 --> 00:29:48.960]  對我來說
[00:29:48.960 --> 00:29:50.960]  起碼要睡7至8個小時
[00:29:50.960 --> 00:29:54.960]  我才能更好function到我自己
[00:29:54.960 --> 00:29:57.960]  所以就是7至9個小時
[00:29:57.960 --> 00:29:59.960]  你可以看你的歲數
[00:29:59.960 --> 00:30:02.960]  其實我們真的需要睡足覺
[00:30:02.960 --> 00:30:06.960]  然後讓我們的身體去排毒
[00:30:06.960 --> 00:30:08.960]  當然有時不是不想睡
[00:30:08.960 --> 00:30:10.960]  不過睡不著
[00:30:10.960 --> 00:30:14.960]  這裡說到八大常常失眠的原因
[00:30:14.960 --> 00:30:16.960]  可能是心理因素
[00:30:16.960 --> 00:30:17.960]  很多事情擔心
[00:30:17.960 --> 00:30:18.960]  憂慮
[00:30:18.960 --> 00:30:19.960]  很多事情想
[00:30:19.960 --> 00:30:22.960]  第二就是生理時鐘
[00:30:22.960 --> 00:30:24.960]  可能你上班都很晚
[00:30:24.960 --> 00:30:27.960]  回家都凌晨一兩點或十二點
[00:30:27.960 --> 00:30:29.960]  或者旅行的時差
[00:30:29.960 --> 00:30:31.960]  都會讓人失眠
[00:30:31.960 --> 00:30:34.960]  或者你喝了刺激性的東西
[00:30:34.960 --> 00:30:37.960]  例如咖啡 可樂
[00:30:37.960 --> 00:30:39.960]  又喝了茶
[00:30:39.960 --> 00:30:40.960]  你有可能睡不著
[00:30:40.960 --> 00:30:42.960]  不過對我來說是無效的
[00:30:42.960 --> 00:30:44.960]  我臨睡前會沖茶喝咖啡
[00:30:44.960 --> 00:30:46.960]  我都可以三秒鐘睡得著
[00:30:46.960 --> 00:30:47.960]  但對於有些人
[00:30:47.960 --> 00:30:49.960]  他真的喝了這些就不行了
[00:30:49.960 --> 00:30:50.960]  他睡不著
[00:30:50.960 --> 00:30:51.960]  更年期
[00:30:51.960 --> 00:30:54.960]  賀爾蒙變化都會影響睡眠的質素
[00:30:54.960 --> 00:30:55.960]  懷孕
[00:30:55.960 --> 00:30:57.960]  年長的長者
[00:30:57.960 --> 00:31:00.960]  都有機會會失眠
[00:31:00.960 --> 00:31:01.960]  高血壓
[00:31:01.960 --> 00:31:03.960]  心跳急速
[00:31:03.960 --> 00:31:05.960]  這些都有機會睡不著
[00:31:05.960 --> 00:31:06.960]  當然睡不著
[00:31:06.960 --> 00:31:08.960]  這裡有些小貼士
[00:31:08.960 --> 00:31:10.960]  說到四個B
[00:31:10.960 --> 00:31:13.960]  希望能夠幫到你睡得好一點
[00:31:13.960 --> 00:31:15.960]  例如這個Bath
[00:31:15.960 --> 00:31:16.960]  Bath Time
[00:31:16.960 --> 00:31:17.960]  就是洗澡
[00:31:17.960 --> 00:31:19.960]  好好地洗個澡
[00:31:19.960 --> 00:31:21.960]  又或者休息
[00:31:21.960 --> 00:31:22.960]  停一停
[00:31:22.960 --> 00:31:24.960]  讓自己可以安靜
[00:31:24.960 --> 00:31:25.960]  默想
[00:31:25.960 --> 00:31:28.960]  然後是一個放鬆
[00:31:28.960 --> 00:31:30.960]  Relax
[00:31:30.960 --> 00:31:31.960]  呼吸
[00:31:31.960 --> 00:31:33.960]  放鬆的呼吸
[00:31:33.960 --> 00:31:34.960]  做一些呼吸的練習
[00:31:34.960 --> 00:31:38.960]  然後就是在床上的時間
[00:31:38.960 --> 00:31:41.960]  在床上的時間就不要看手機了
[00:31:41.960 --> 00:31:43.960]  我們都可以讓自己
[00:31:43.960 --> 00:31:45.960]  好好地安心
[00:31:45.960 --> 00:31:46.960]  入睡
[00:31:46.960 --> 00:31:47.960]  休息
[00:31:47.960 --> 00:31:49.960]  因為當我們入睡的時候
[00:31:49.960 --> 00:31:52.960]  我們的身體就會工作排毒
[00:31:52.960 --> 00:31:53.960]  同樣我們要相信
[00:31:53.960 --> 00:31:55.960]  當我們肯去休息
[00:31:55.960 --> 00:31:57.960]  其實上帝就會工作
[00:31:57.960 --> 00:32:00.960]  這個是神給我們恩典的規律
[00:32:00.960 --> 00:32:04.960]  曾經有一位黑眼的老姐妹
[00:32:04.960 --> 00:32:07.960]  她身體很多毛病
[00:32:07.960 --> 00:32:08.960]  有人去問她
[00:32:08.960 --> 00:32:10.960]  為什麼你身體那麼多毛病
[00:32:10.960 --> 00:32:12.960]  你都睡得那麼好呢
[00:32:12.960 --> 00:32:13.960]  她就說
[00:32:13.960 --> 00:32:15.960]  因為我有好的枕頭
[00:32:15.960 --> 00:32:17.960]  我有三個好的枕頭
[00:32:17.960 --> 00:32:18.960]  大家都知道
[00:32:18.960 --> 00:32:19.960]  睡得好不好
[00:32:19.960 --> 00:32:21.960]  原來枕頭都是很關鍵的
[00:32:21.960 --> 00:32:22.960]  有時我去酒店
[00:32:22.960 --> 00:32:24.960]  枕頭扁得太我睡不著
[00:32:24.960 --> 00:32:26.960]  高得太又不行
[00:32:26.960 --> 00:32:27.960]  太硬又不行
[00:32:27.960 --> 00:32:28.960]  太軟又不行
[00:32:28.960 --> 00:32:29.960]  這個老姐妹說
[00:32:29.960 --> 00:32:31.960]  我能夠睡得那麼好
[00:32:31.960 --> 00:32:32.960]  在病痛的裡面
[00:32:32.960 --> 00:32:35.960]  是因為我有三個很好的枕頭
[00:32:35.960 --> 00:32:36.960]  第一
[00:32:36.960 --> 00:32:38.960]  我的枕頭就是天父的全知
[00:32:38.960 --> 00:32:41.960]  因為天父知道我一切的需要
[00:32:41.960 --> 00:32:42.960]  第二個枕頭
[00:32:42.960 --> 00:32:45.960]  我是睡在天父的全能上
[00:32:45.960 --> 00:32:47.960]  神知道我的需要
[00:32:47.960 --> 00:32:50.960]  他也有能力來按我的需要
[00:32:50.960 --> 00:32:53.960]  來供應我的需要
[00:32:53.960 --> 00:32:56.960]  第三個枕頭就是天父的全愛
[00:32:56.960 --> 00:32:58.960]  他是最愛我的天父
[00:32:58.960 --> 00:33:02.960]  他一定會來愛我到底
[00:33:02.960 --> 00:33:04.960]  來帶領我的生活
[00:33:04.960 --> 00:33:05.960]  帶領我的人生
[00:33:05.960 --> 00:33:06.960]  這個老姐妹
[00:33:06.960 --> 00:33:08.960]  當她每次睡覺
[00:33:08.960 --> 00:33:12.960]  她知道她的頭是枕在天父的全知
[00:33:12.960 --> 00:33:13.960]  天父的全能
[00:33:13.960 --> 00:33:15.960]  天父的全愛
[00:33:15.960 --> 00:33:16.960]  安息日
[00:33:16.960 --> 00:33:19.960]  其實是讓人專注在神的恩典
[00:33:19.960 --> 00:33:22.960]  當我們那六天勞碌工作
[00:33:22.960 --> 00:33:25.960]  但是第七天再一次提醒我們
[00:33:25.960 --> 00:33:28.960]  我們要專注在神的恩典
[00:33:28.960 --> 00:33:32.960]  在神的全能 全愛 全知的上面
[00:33:32.960 --> 00:33:34.960]  奧古斯丁也是這樣說
[00:33:34.960 --> 00:33:37.960]  我們的心靈不會得到安息
[00:33:37.960 --> 00:33:41.960]  直至安息在神裡面
[00:33:41.960 --> 00:33:45.960]  真正的安息不是在乎環境
[00:33:45.960 --> 00:33:47.960]  是在乎我們的心
[00:33:47.960 --> 00:33:50.960]  讓上帝參與在我們的生活裡面
[00:33:50.960 --> 00:33:52.960]  所以當我們去旅行
[00:33:52.960 --> 00:33:53.960]  我們可以很安息
[00:33:53.960 --> 00:33:55.960]  因為在旅行的裡面
[00:33:55.960 --> 00:33:57.960]  我們可以帶著感恩的心
[00:33:57.960 --> 00:33:59.960]  神給我們美食
[00:33:59.960 --> 00:34:02.960]  我們可以帶著欣賞神創造大自然的心
[00:34:02.960 --> 00:34:04.960]  我們可以看不同的風景
[00:34:04.960 --> 00:34:07.960]  甚至在家裡我們做家務
[00:34:07.960 --> 00:34:08.960]  我們都可以安息
[00:34:08.960 --> 00:34:12.960]  讓上帝透過我們在做家務裡面
[00:34:12.960 --> 00:34:13.960]  我們默想
[00:34:13.960 --> 00:34:14.960]  我們禱告
[00:34:14.960 --> 00:34:15.960]  在洗碗
[00:34:15.960 --> 00:34:17.960]  我們都可以和神親近
[00:34:17.960 --> 00:34:22.960]  唯有神才能夠令我們心靈得到安息
[00:34:22.960 --> 00:34:23.960]  得到滿足
[00:34:23.960 --> 00:34:25.960]  得到安慰
[00:34:25.960 --> 00:34:26.960]  第三
[00:34:26.960 --> 00:34:28.960]  這本書提到
[00:34:28.960 --> 00:34:30.960]  真是安息
[00:34:30.960 --> 00:34:32.960]  我們要學習擁抱
[00:34:32.960 --> 00:34:34.960]  什麼叫學習擁抱呢?
[00:34:34.960 --> 00:34:36.960]  這裡說當紀念安息日
[00:34:36.960 --> 00:34:38.960]  首為聖日
[00:34:38.960 --> 00:34:40.960]  聖日這個意思就是
[00:34:40.960 --> 00:34:43.960]  分別為聖的意思
[00:34:43.960 --> 00:34:45.960]  就是分別出來
[00:34:45.960 --> 00:34:47.960]  一個神聖的時刻
[00:34:47.960 --> 00:34:49.960]  每六天勞碌工作
[00:34:49.960 --> 00:34:52.960]  我要有一天特地為神
[00:34:52.960 --> 00:34:54.960]  這一天是為上帝
[00:34:54.960 --> 00:34:55.960]  是分別為聖
[00:34:55.960 --> 00:34:56.960]  是刻意做的
[00:34:56.960 --> 00:34:58.960]  是一個選擇
[00:34:58.960 --> 00:35:01.960]  而這種刻意選擇不是被迫的
[00:35:01.960 --> 00:35:03.960]  你不是被迫回來崇拜
[00:35:03.960 --> 00:35:08.960]  你也不是被迫要親近神
[00:35:08.960 --> 00:35:10.960]  是你六天勞碌工作
[00:35:10.960 --> 00:35:12.960]  然後你告訴上帝
[00:35:12.960 --> 00:35:14.960]  我要分一天給你
[00:35:14.960 --> 00:35:17.960]  這一天是為你做的
[00:35:17.960 --> 00:35:19.960]  這一天我要專注在你的恩典
[00:35:19.960 --> 00:35:21.960]  是一種擁抱
[00:35:21.960 --> 00:35:22.960]  一種熱情
[00:35:22.960 --> 00:35:24.960]  所以我不知道你們有沒有想過
[00:35:24.960 --> 00:35:26.960]  守安息日是一種熱情
[00:35:26.960 --> 00:35:28.960]  是一種擁抱
[00:35:28.960 --> 00:35:29.960]  擁抱上帝
[00:35:29.960 --> 00:35:31.960]  除了擁抱上帝
[00:35:31.960 --> 00:35:32.960]  這裡提醒我們
[00:35:32.960 --> 00:35:34.960]  要擁抱什麼呢?
[00:35:34.960 --> 00:35:37.960]  擁抱人的生命
[00:35:37.960 --> 00:35:38.960]  這裡說
[00:35:38.960 --> 00:35:41.960]  當紀念安息日首為聖日
[00:35:41.960 --> 00:35:44.960]  六天勞碌做你一切的工
[00:35:44.960 --> 00:35:47.960]  但是第七天是向上帝守的
[00:35:47.960 --> 00:35:50.960]  所以守安息日是有一個對象的
[00:35:50.960 --> 00:35:52.960]  我們向上帝守
[00:35:52.960 --> 00:35:53.960]  為上帝守
[00:35:53.960 --> 00:35:57.960]  這一天是刻意分別出來為了上帝
[00:35:57.960 --> 00:36:01.960]  當你為上帝守安息日
[00:36:01.960 --> 00:36:04.960]  這一天你和你的兒女
[00:36:04.960 --> 00:36:08.960]  瀑婢、生畜、成女、寄居的客女
[00:36:08.960 --> 00:36:10.960]  一起守的
[00:36:10.960 --> 00:36:12.960]  就是說你要放他們的假
[00:36:12.960 --> 00:36:16.960]  要放你的瀑婢放假
[00:36:16.960 --> 00:36:20.960]  那些生畜你不要再用他們耕種
[00:36:20.960 --> 00:36:22.960]  要讓他們休息
[00:36:22.960 --> 00:36:24.960]  所以這裡提到
[00:36:24.960 --> 00:36:26.960]  守安息日
[00:36:26.960 --> 00:36:29.960]  其實不單止代表你愛上帝
[00:36:29.960 --> 00:36:32.960]  也愛上帝所愛的人
[00:36:32.960 --> 00:36:35.960]  原來守安息日那種擁抱
[00:36:35.960 --> 00:36:37.960]  是告訴我們不是擁抱財富
[00:36:37.960 --> 00:36:39.960]  不是擁抱物件
[00:36:39.960 --> 00:36:41.960]  不是擁抱名利
[00:36:41.960 --> 00:36:44.960]  而是擁抱人和生命
[00:36:44.960 --> 00:36:46.960]  擁抱人和生命
[00:36:46.960 --> 00:36:49.960]  我們要讓我們的瀑婢、兒女
[00:36:49.960 --> 00:36:51.960]  一起去休息
[00:36:51.960 --> 00:36:53.960]  你說他們去休息
[00:36:53.960 --> 00:36:55.960]  那我就停止生產
[00:36:55.960 --> 00:36:57.960]  停止生產我就賺少一點
[00:36:57.960 --> 00:37:01.960]  其實這個正是我們在安息日要學的地方
[00:37:01.960 --> 00:37:03.960]  是我們自己要休息
[00:37:03.960 --> 00:37:05.960]  也要讓身邊的人休息
[00:37:05.960 --> 00:37:07.960]  我們不是擁抱財富
[00:37:07.960 --> 00:37:09.960]  不是追緊財富
[00:37:09.960 --> 00:37:12.960]  而是擁抱人和人的生命
[00:37:12.960 --> 00:37:14.960]  所以現在開估
[00:37:14.960 --> 00:37:18.960]  為什麼第四屆放在十屆的中間
[00:37:18.960 --> 00:37:22.960]  因為第五到第十屆是講人的關係
[00:37:22.960 --> 00:37:23.960]  和人的關係
[00:37:23.960 --> 00:37:27.960]  這裡提到當孝敬父母是尊重人的源頭
[00:37:27.960 --> 00:37:30.960]  不要殺人是要尊重人的生命
[00:37:30.960 --> 00:37:34.960]  不要姦淫是要尊重人的身體
[00:37:34.960 --> 00:37:38.960]  不要偷竊、偷渡是要尊重人的財物
[00:37:38.960 --> 00:37:42.960]  不要作假見證是要尊重人的聲譽
[00:37:42.960 --> 00:37:48.960]  最後第十屆其實是整個十屆的總結
[00:37:48.960 --> 00:37:51.960]  不要貪戀別人的房屋、妻子
[00:37:51.960 --> 00:37:54.960]  不要貪戀別人所有的東西
[00:37:54.960 --> 00:37:57.960]  第十屆是講到我們要愛神所愛
[00:37:57.960 --> 00:38:01.960]  所以當守安息日放在第四屆
[00:38:01.960 --> 00:38:05.960]  除了回應一到三屆我們讓神作神
[00:38:05.960 --> 00:38:08.960]  同樣第四屆守安息日
[00:38:08.960 --> 00:38:12.960]  也是預備我們去擁抱神所愛的人
[00:38:12.960 --> 00:38:17.960]  無論是要尊重人的源頭、人的生命、人的身體
[00:38:17.960 --> 00:38:19.960]  人的財物、人的聲譽
[00:38:19.960 --> 00:38:23.960]  到第十屆其實是總括第五到第十屆
[00:38:23.960 --> 00:38:25.960]  我們要愛神所愛
[00:38:25.960 --> 00:38:28.960]  這本書也提到
[00:38:28.960 --> 00:38:33.960]  安息日其實要實踐私語而不是罪念
[00:38:33.960 --> 00:38:38.960]  關心其他人的需要而不是提出自己的需要
[00:38:38.960 --> 00:38:41.960]  暫時放下自己個人的快樂
[00:38:41.960 --> 00:38:44.960]  要為更多人帶來快樂
[00:38:44.960 --> 00:38:48.960]  所以當我們去計劃守安息日
[00:38:48.960 --> 00:38:52.960]  我們都可以計劃一下我們有什麼可以私語給人
[00:38:52.960 --> 00:38:54.960]  有什麼可以祝福人
[00:38:54.960 --> 00:38:56.960]  這些我們為上帝做的
[00:38:56.960 --> 00:39:01.960]  為上帝愛人私語去分享
[00:39:01.960 --> 00:39:04.960]  這裡很開心
[00:39:04.960 --> 00:39:08.960]  看到我們有些童工很喜歡吃榴槤
[00:39:08.960 --> 00:39:13.960]  這裡是我們二樓的Pantry
[00:39:13.960 --> 00:39:17.960]  有一次我知道有一位童工
[00:39:17.960 --> 00:39:18.960]  他自己是不吃榴槤的
[00:39:18.960 --> 00:39:22.960]  但是他買了三個金枕頭
[00:39:22.960 --> 00:39:23.960]  應該也是不便宜的榴槤
[00:39:23.960 --> 00:39:24.960]  最好的榴槤
[00:39:24.960 --> 00:39:26.960]  他請童工吃
[00:39:26.960 --> 00:39:30.960]  大家就上去二樓的Pantry吃
[00:39:30.960 --> 00:39:32.960]  我看到他們吃得很開心
[00:39:32.960 --> 00:39:35.960]  但是那個童工同樣也很開心
[00:39:35.960 --> 00:39:37.960]  但是令我很感動的是
[00:39:37.960 --> 00:39:39.960]  那位童工自己不吃榴槤
[00:39:39.960 --> 00:39:42.960]  但是他會跟別人分享榴槤
[00:39:42.960 --> 00:39:45.960]  他會出錢買三個好的榴槤
[00:39:45.960 --> 00:39:47.960]  去跟別人分享
[00:39:47.960 --> 00:39:49.960]  我覺得這個真的很觸動我
[00:39:49.960 --> 00:39:51.960]  他那種的分享
[00:39:51.960 --> 00:39:55.960]  他不只是去分享一些他喜歡的東西給別人
[00:39:55.960 --> 00:39:57.960]  那樣東西他自己也不喜歡
[00:39:57.960 --> 00:40:00.960]  他看到別人喜歡他願意去分享
[00:40:00.960 --> 00:40:02.960]  然後他看到別人吃得開心
[00:40:02.960 --> 00:40:03.960]  他就開心
[00:40:03.960 --> 00:40:05.960]  其實這個正是守安息日
[00:40:05.960 --> 00:40:08.960]  那種擁抱人的生命
[00:40:08.960 --> 00:40:12.960]  我們也聽到有一個童工分享見證
[00:40:12.960 --> 00:40:14.960]  在聖誕節的時候
[00:40:14.960 --> 00:40:17.960]  他想起他的探訪家庭
[00:40:17.960 --> 00:40:19.960]  以往他也會陪他探訪家庭
[00:40:19.960 --> 00:40:22.960]  去吃聖誕餐
[00:40:22.960 --> 00:40:25.960]  又或者做節的時候帶他來吃飯
[00:40:25.960 --> 00:40:27.960]  有一次神就感動他
[00:40:27.960 --> 00:40:29.960]  不如你這次吟荷包
[00:40:29.960 --> 00:40:31.960]  給錢你的探訪家庭
[00:40:31.960 --> 00:40:33.960]  就跟他說你吃餐好了
[00:40:33.960 --> 00:40:35.960]  這個其實也有一點不同
[00:40:35.960 --> 00:40:37.960]  跟他去吃當然也很好
[00:40:37.960 --> 00:40:39.960]  但是有時候你給他一點錢
[00:40:39.960 --> 00:40:40.960]  叫他吃餐好
[00:40:40.960 --> 00:40:43.960]  讓他可以選擇自己喜歡吃的東西
[00:40:43.960 --> 00:40:45.960]  又或者這個心意
[00:40:45.960 --> 00:40:47.960]  我覺得也很感動
[00:40:47.960 --> 00:40:49.960]  因為正正就是一種的分享
[00:40:49.960 --> 00:40:50.960]  是一種的施予
[00:40:50.960 --> 00:40:52.960]  也不需要告訴他
[00:40:52.960 --> 00:40:53.960]  什麼時候我約你吃
[00:40:53.960 --> 00:40:55.960]  吃什麼東西
[00:40:55.960 --> 00:40:58.960]  總之你就拿去吃餐好一點
[00:40:58.960 --> 00:41:00.960]  去慶祝聖誕
[00:41:00.960 --> 00:41:02.960]  我覺得這個正正就是
[00:41:02.960 --> 00:41:04.960]  他看到人的需要
[00:41:04.960 --> 00:41:07.960]  分享施予給不同有需要的人
[00:41:07.960 --> 00:41:09.960]  這個就是在安息日裡面
[00:41:09.960 --> 00:41:11.960]  他的操練
[00:41:11.960 --> 00:41:13.960]  當然我們也會有
[00:41:13.960 --> 00:41:16.960]  每逢初一的煎糕
[00:41:16.960 --> 00:41:18.960]  我也參加過一次
[00:41:18.960 --> 00:41:20.960]  那時候初一
[00:41:20.960 --> 00:41:23.960]  我們就煎一些蘿蔔糕 蝦卜
[00:41:23.960 --> 00:41:25.960]  去通州街那裡
[00:41:25.960 --> 00:41:27.960]  來找一些街友
[00:41:27.960 --> 00:41:29.960]  來跟他說新年快樂
[00:41:29.960 --> 00:41:30.960]  初一快樂
[00:41:30.960 --> 00:41:32.960]  這樣跟他們分享
[00:41:32.960 --> 00:41:34.960]  其中很多個都跟我們說
[00:41:34.960 --> 00:41:36.960]  為什麼年初一你們也來
[00:41:36.960 --> 00:41:39.960]  我家人也不跟我拜年
[00:41:39.960 --> 00:41:40.960]  但是為什麼你年初一
[00:41:40.960 --> 00:41:42.960]  你不用去拜年
[00:41:42.960 --> 00:41:44.960]  為什麼你會來跟我們拜年
[00:41:44.960 --> 00:41:45.960]  又給我們利是
[00:41:45.960 --> 00:41:49.960]  又有這個煎年糕
[00:41:49.960 --> 00:41:51.960]  還要是熱辣辣
[00:41:51.960 --> 00:41:52.960]  還有這麼多好東西吃
[00:41:52.960 --> 00:41:54.960]  他覺得很感動
[00:41:54.960 --> 00:41:57.960]  連自己的親人都沒有再聯絡他
[00:41:57.960 --> 00:41:58.960]  年初一
[00:41:58.960 --> 00:42:00.960]  他都沒有任何的親人跟他說
[00:42:00.960 --> 00:42:01.960]  新年快樂
[00:42:01.960 --> 00:42:03.960]  但是當我們一班弟兄姊妹
[00:42:03.960 --> 00:42:05.960]  我們好好當當
[00:42:05.960 --> 00:42:06.960]  我們去到通州街
[00:42:06.960 --> 00:42:07.960]  每逢年初一
[00:42:07.960 --> 00:42:09.960]  我們都有初一煎糕的時候
[00:42:09.960 --> 00:42:11.960]  其實是分享一種愛
[00:42:11.960 --> 00:42:14.960]  不只是那個熱辣辣的蘿蔔糕
[00:42:14.960 --> 00:42:17.960]  當然那個是一個很有愛心的服侍
[00:42:17.960 --> 00:42:20.960]  我們是真的煎一些熱辣辣的
[00:42:20.960 --> 00:42:24.960]  然後拿過去親手給他們吃
[00:42:24.960 --> 00:42:28.960]  這種的分享是體會到那種愛
[00:42:28.960 --> 00:42:30.960]  我們都有外宴
[00:42:30.960 --> 00:42:34.960]  我們歡迎邀請街坊
[00:42:34.960 --> 00:42:35.960]  來到我們教會
[00:42:35.960 --> 00:42:36.960]  來吃一頓好的
[00:42:36.960 --> 00:42:39.960]  然後跟他們有遊戲
[00:42:39.960 --> 00:42:40.960]  敬拜
[00:42:40.960 --> 00:42:41.960]  跟他們分享福音的信息
[00:42:41.960 --> 00:42:45.960]  這個都是我們一直堅持學習
[00:42:45.960 --> 00:42:49.960]  安息就是我們要分別一段時間
[00:42:49.960 --> 00:42:52.960]  為上帝去祝福其他人的生命
[00:42:52.960 --> 00:42:53.960]  去分享
[00:42:53.960 --> 00:42:55.960]  去施瑜
[00:42:55.960 --> 00:42:56.960]  當然最後
[00:42:56.960 --> 00:42:58.960]  在守安息裏面
[00:42:58.960 --> 00:43:00.960]  其實高峰就是享受
[00:43:00.960 --> 00:43:02.960]  因為這裏提到
[00:43:02.960 --> 00:43:04.960]  天地萬物都造齊
[00:43:04.960 --> 00:43:05.960]  到第七日
[00:43:05.960 --> 00:43:08.960]  上帝就揭了他造物的弓
[00:43:08.960 --> 00:43:10.960]  然後在第七日
[00:43:10.960 --> 00:43:12.960]  他就安息了
[00:43:12.960 --> 00:43:15.960]  然後神賜福給第七日
[00:43:15.960 --> 00:43:17.960]  定為聖日
[00:43:17.960 --> 00:43:22.960]  所以上帝特別賜福給第七日
[00:43:22.960 --> 00:43:25.960]  其實是說到創造的高峰是第七日
[00:43:25.960 --> 00:43:26.960]  就是安息日
[00:43:26.960 --> 00:43:27.960]  神賜福
[00:43:27.960 --> 00:43:29.960]  創造的目的
[00:43:29.960 --> 00:43:32.960]  創造的高峰就是安息
[00:43:32.960 --> 00:43:34.960]  就是欣賞
[00:43:34.960 --> 00:43:38.960]  因為上帝用六日創造天地萬物
[00:43:38.960 --> 00:43:42.960]  第七日他就停止工作
[00:43:42.960 --> 00:43:43.960]  安息
[00:43:43.960 --> 00:43:46.960]  然後在欣賞他創造的萬物
[00:43:46.960 --> 00:43:48.960]  在享受他創造的萬物
[00:43:48.960 --> 00:43:52.960]  在慶賀他所創造的萬物
[00:43:52.960 --> 00:43:54.960]  所以第四點和大家分享
[00:43:54.960 --> 00:43:55.960]  在安息日
[00:43:55.960 --> 00:43:58.960]  我們要操練享受神的同在
[00:43:58.960 --> 00:43:59.960]  慶賀
[00:43:59.960 --> 00:44:00.960]  欣賞
[00:44:00.960 --> 00:44:03.960]  當我們去守安息日
[00:44:03.960 --> 00:44:05.960]  我們在安息日裏面
[00:44:05.960 --> 00:44:07.960]  去數算神的因典
[00:44:07.960 --> 00:44:09.960]  神的同在
[00:44:09.960 --> 00:44:11.960]  神的永恆就圍繞我們
[00:44:11.960 --> 00:44:13.960]  我們平日生活
[00:44:13.960 --> 00:44:16.960]  也能夠按著祂的優先次序
[00:44:16.960 --> 00:44:17.960]  重新排列
[00:44:17.960 --> 00:44:19.960]  我們不再追逐短暫
[00:44:19.960 --> 00:44:22.960]  而且以自我為中心的目標
[00:44:22.960 --> 00:44:24.960]  所以這本書提醒我們
[00:44:24.960 --> 00:44:27.960]  我們希望將自己投資在
[00:44:27.960 --> 00:44:30.960]  神對世界的目的身上
[00:44:30.960 --> 00:44:36.960]  我們會喜歡成為神的使者
[00:44:36.960 --> 00:44:38.960]  關心貧窮的人
[00:44:38.960 --> 00:44:40.960]  釋放被擄的得釋放
[00:44:40.960 --> 00:44:42.960]  宣告救恩這個好消息
[00:44:42.960 --> 00:44:44.960]  為世界帶來和平
[00:44:44.960 --> 00:44:48.960]  這個也是我們在安息日裏面的操練
[00:44:48.960 --> 00:44:54.960]  這個西敏斯特問答
[00:44:54.960 --> 00:44:55.960]  他提到
[00:44:55.960 --> 00:45:00.960]  人受造首要的目的就是榮耀上帝
[00:45:00.960 --> 00:45:04.960]  並且永遠以上帝為樂
[00:45:04.960 --> 00:45:08.960]  我們要享受和欣賞上帝
[00:45:08.960 --> 00:45:10.960]  我們要數算神的因典
[00:45:10.960 --> 00:45:14.960]  我們的生命要來榮耀上帝
[00:45:14.960 --> 00:45:17.960]  所以其實怎樣能夠去享安息
[00:45:17.960 --> 00:45:20.960]  享安息不只是星期日
[00:45:20.960 --> 00:45:24.960]  也不只是第七日
[00:45:24.960 --> 00:45:27.960]  享安息是我們常常都能夠
[00:45:27.960 --> 00:45:30.960]  讓上帝參與在我們的生活裏
[00:45:30.960 --> 00:45:32.960]  享受神的同在
[00:45:32.960 --> 00:45:34.960]  數算神的因典
[00:45:34.960 --> 00:45:38.960]  我們可以因此而慶賀而欣賞
[00:45:38.960 --> 00:45:41.960]  這是其中一個我們可以學的
[00:45:41.960 --> 00:45:43.960]  我們為生活的小確幸去感恩
[00:45:43.960 --> 00:45:47.960]  為生活的小確幸我們來慶賀
[00:45:47.960 --> 00:45:52.960]  這個照片其實是兩年前
[00:45:52.960 --> 00:45:55.960]  兩年前那時候是大除夕
[00:45:55.960 --> 00:45:57.960]  我們分堂有些弟兄姊妹
[00:45:57.960 --> 00:46:02.960]  去昂坪 漏夜去昂坪紮營
[00:46:02.960 --> 00:46:05.960]  然後等日出 1月1日
[00:46:05.960 --> 00:46:07.960]  進入2025年的時間
[00:46:07.960 --> 00:46:10.960]  那次我也很想參與
[00:46:10.960 --> 00:46:13.960]  不過晚上因為有我母會的弟兄姊妹
[00:46:13.960 --> 00:46:15.960]  來我家吃飯和我慶祝生日
[00:46:15.960 --> 00:46:18.960]  於是我們招呼他們
[00:46:18.960 --> 00:46:20.960]  1點鐘凌晨
[00:46:20.960 --> 00:46:23.960]  我才在自己家搭的士出發
[00:46:23.960 --> 00:46:25.960]  去昂坪
[00:46:25.960 --> 00:46:27.960]  有另一個弟兄和我一起
[00:46:27.960 --> 00:46:29.960]  我們這兩個弟兄
[00:46:29.960 --> 00:46:31.960]  由1點鐘開始出發
[00:46:31.960 --> 00:46:34.960]  去到昂坪他們紮營的地方
[00:46:34.960 --> 00:46:37.960]  當然下了的士還要走45分鐘
[00:46:37.960 --> 00:46:40.960]  凌晨3點 我以為他們已經睡了
[00:46:40.960 --> 00:46:42.960]  原來這20多個弟兄姊妹
[00:46:42.960 --> 00:46:45.960]  已經紮了六七八個營
[00:46:45.960 --> 00:46:48.960]  因為每個營 營幕是住兩三個人
[00:46:48.960 --> 00:46:49.960]  他們全部還沒睡
[00:46:49.960 --> 00:46:52.960]  然後集中在一個最大的營幕
[00:46:52.960 --> 00:46:53.960]  然後拿一個蛋糕出來
[00:46:53.960 --> 00:46:55.960]  其實我沒想過凌晨3點
[00:46:55.960 --> 00:46:59.960]  在這個山頂 都可以有這個生日蛋糕
[00:46:59.960 --> 00:47:01.960]  他們原來都問了
[00:47:01.960 --> 00:47:03.960]  這個蛋糕是不易溶的
[00:47:03.960 --> 00:47:05.960]  然後好好保存
[00:47:05.960 --> 00:47:07.960]  還有天氣都涼涼的
[00:47:07.960 --> 00:47:09.960]  所以在凌晨3點
[00:47:09.960 --> 00:47:11.960]  他們捱著睏 等我上來
[00:47:11.960 --> 00:47:13.960]  然後在那裡吹蠟燭
[00:47:13.960 --> 00:47:15.960]  我覺得那一刻很溫暖
[00:47:15.960 --> 00:47:18.960]  我覺得這個都是小確幸
[00:47:18.960 --> 00:47:19.960]  很感恩
[00:47:19.960 --> 00:47:21.960]  吃完蛋糕 每個人就回帳篷睡覺
[00:47:21.960 --> 00:47:22.960]  那時凌晨4點
[00:47:22.960 --> 00:47:24.960]  去到睡覺的時候
[00:47:24.960 --> 00:47:26.960]  我才發現原來天氣這麼冷
[00:47:26.960 --> 00:47:28.960]  我什麼都沒帶
[00:47:28.960 --> 00:47:29.960]  原來有個弟兄說
[00:47:29.960 --> 00:47:30.960]  我幫你紮好營了
[00:47:30.960 --> 00:47:32.960]  你自己一個人睡的營
[00:47:32.960 --> 00:47:33.960]  我幫你拿了睡袋
[00:47:33.960 --> 00:47:35.960]  幫你弄好地席
[00:47:35.960 --> 00:47:38.960]  我簡直覺得非常感動
[00:47:38.960 --> 00:47:40.960]  我都看少了天氣很冷
[00:47:40.960 --> 00:47:42.960]  因為凌晨在山頂
[00:47:42.960 --> 00:47:44.960]  其實是很冷的
[00:47:44.960 --> 00:47:45.960]  我很感恩
[00:47:45.960 --> 00:47:46.960]  當我睡在睡袋
[00:47:46.960 --> 00:47:48.960]  睡在睡袋暖一點
[00:47:48.960 --> 00:47:49.960]  但都有一點震
[00:47:49.960 --> 00:47:51.960]  但我心想如果不是那個弟兄為我預備睡袋
[00:47:51.960 --> 00:47:53.960]  為我預備地席
[00:47:53.960 --> 00:47:54.960]  我應該會冷死了
[00:47:54.960 --> 00:47:55.960]  原先我打算
[00:47:55.960 --> 00:47:58.960]  在帳幕裏面坐個夜就算了
[00:47:58.960 --> 00:48:02.960]  當然那天是沒有日出的
[00:48:02.960 --> 00:48:03.960]  看不到的
[00:48:03.960 --> 00:48:05.960]  但大家跟著去煮早餐
[00:48:05.960 --> 00:48:07.960]  他們開了火
[00:48:07.960 --> 00:48:11.960]  在山頂煮餐蛋
[00:48:11.960 --> 00:48:12.960]  字
[00:48:12.960 --> 00:48:15.960]  我覺得他們還很有要求
[00:48:15.960 --> 00:48:17.960]  餐肉要煎到焦焦的
[00:48:17.960 --> 00:48:19.960]  然後蛋還是滑的
[00:48:19.960 --> 00:48:21.960]  他們做完一份給我的時候
[00:48:21.960 --> 00:48:24.960]  我心裏面有股暖流
[00:48:24.960 --> 00:48:27.960]  會覺得在一個山頂
[00:48:27.960 --> 00:48:30.960]  然後吃到一個餐蛋字
[00:48:30.960 --> 00:48:33.960]  是頂姐妹親手煮的
[00:48:33.960 --> 00:48:35.960]  因為你知道這麼多人
[00:48:35.960 --> 00:48:36.960]  都要煮一輪
[00:48:36.960 --> 00:48:39.960]  才可以出到一份餐蛋字
[00:48:39.960 --> 00:48:41.960]  他們給我拿上手的時候
[00:48:41.960 --> 00:48:43.960]  我都很後悔為什麼沒有拍下相
[00:48:43.960 --> 00:48:44.960]  但那個小確幸
[00:48:44.960 --> 00:48:46.960]  就看到頂姐妹的愛
[00:48:46.960 --> 00:48:49.960]  神就在那裏
[00:48:49.960 --> 00:48:50.960]  當然如果你說
[00:48:50.960 --> 00:48:52.960]  我們每逢星期日下午
[00:48:52.960 --> 00:48:55.960]  我們要計劃怎樣好好享安息日
[00:48:55.960 --> 00:48:57.960]  你可以計劃
[00:48:57.960 --> 00:49:00.960]  星期日下午好好讀聖經
[00:49:00.960 --> 00:49:02.960]  好好默想聖經
[00:49:02.960 --> 00:49:03.960]  找個咖啡店
[00:49:03.960 --> 00:49:05.960]  喝杯好的咖啡
[00:49:05.960 --> 00:49:06.960]  打開本筆記簿
[00:49:06.960 --> 00:49:09.960]  好好能夠寫你的屬靈日記
[00:49:09.960 --> 00:49:12.960]  又或者你可以在家裏聽歌
[00:49:12.960 --> 00:49:14.960]  點點香薰
[00:49:14.960 --> 00:49:17.960]  可以讓自己放鬆
[00:49:17.960 --> 00:49:20.960]  聽點音樂
[00:49:20.960 --> 00:49:22.960]  又或者煮食物
[00:49:22.960 --> 00:49:24.960]  以往我都是星期日下午
[00:49:24.960 --> 00:49:26.960]  我都有機會煮食物
[00:49:26.960 --> 00:49:28.960]  平時我們沒什麼機會煮
[00:49:28.960 --> 00:49:30.960]  通常都是我太太會煮
[00:49:30.960 --> 00:49:31.960]  會做蛋糕
[00:49:31.960 --> 00:49:33.960]  會煮不同的食物
[00:49:33.960 --> 00:49:36.960]  然後讓自己在煮食物的過程
[00:49:36.960 --> 00:49:38.960]  其實我都很享受煮食物
[00:49:38.960 --> 00:49:40.960]  然後我都很享受吃東西
[00:49:40.960 --> 00:49:41.960]  或者平時一些
[00:49:41.960 --> 00:49:42.960]  我是不會煮的東西
[00:49:42.960 --> 00:49:43.960]  比較繁複的東西
[00:49:43.960 --> 00:49:44.960]  我星期日下午
[00:49:44.960 --> 00:49:46.960]  我就足夠時間可以煮
[00:49:46.960 --> 00:49:49.960]  所以其實安息日是要計劃的
[00:49:49.960 --> 00:49:51.960]  你怎樣可以好好地
[00:49:51.960 --> 00:49:52.960]  用你的安息日
[00:49:52.960 --> 00:49:55.960]  來享受慶賀
[00:49:55.960 --> 00:49:57.960]  神的同在和恩典
[00:49:57.960 --> 00:49:58.960]  又或者安息日
[00:49:58.960 --> 00:49:59.960]  你可以計劃做一些
[00:49:59.960 --> 00:50:01.960]  平時你沒時間做的
[00:50:01.960 --> 00:50:03.960]  例如砌一些拼圖
[00:50:03.960 --> 00:50:05.960]  煮你想煮的東西
[00:50:05.960 --> 00:50:08.960]  又或者請人去家裏吃飯
[00:50:08.960 --> 00:50:10.960]  擺得很漂亮的餐具
[00:50:10.960 --> 00:50:11.960]  餐桌
[00:50:11.960 --> 00:50:13.960]  煮一餐好的
[00:50:13.960 --> 00:50:14.960]  因為安息日是要分享的
[00:50:14.960 --> 00:50:16.960]  是要和人分享愛
[00:50:16.960 --> 00:50:17.960]  分享恩典
[00:50:17.960 --> 00:50:20.960]  所以其實如果安息日
[00:50:20.960 --> 00:50:22.960]  你請你的弟兄姊妹
[00:50:22.960 --> 00:50:24.960]  來你家裏吃一餐好的
[00:50:24.960 --> 00:50:27.960]  都是一種在安息日裏
[00:50:27.960 --> 00:50:31.960]  很有意義的一個節目
[00:50:31.960 --> 00:50:34.960]  或者你可以浸浴
[00:50:34.960 --> 00:50:36.960]  如果你家裏有浴缸也好
[00:50:36.960 --> 00:50:38.960]  或者拿個桶浸浴
[00:50:38.960 --> 00:50:41.960]  加上玫瑰花瓣
[00:50:41.960 --> 00:50:42.960]  加上其他東西
[00:50:42.960 --> 00:50:43.960]  所以其實安息日
[00:50:43.960 --> 00:50:44.960]  特別是星期日
[00:50:44.960 --> 00:50:46.960]  完了崇拜的時間
[00:50:46.960 --> 00:50:49.960]  你計劃好好享受神的同在
[00:50:49.960 --> 00:50:51.960]  好好慶賀
[00:50:51.960 --> 00:50:54.960]  欣賞神給你的恩典
[00:50:54.960 --> 00:50:56.960]  或者畫畫
[00:50:56.960 --> 00:50:58.960]  下棋
[00:50:58.960 --> 00:50:59.960]  或者跑步
[00:50:59.960 --> 00:51:00.960]  或者做運動
[00:51:00.960 --> 00:51:02.960]  一至六勞碌上班
[00:51:02.960 --> 00:51:04.960]  你都沒什麼機會做的事
[00:51:04.960 --> 00:51:05.960]  拉筋
[00:51:05.960 --> 00:51:06.960]  可能星期日下午
[00:51:06.960 --> 00:51:08.960]  你就可以做回
[00:51:08.960 --> 00:51:11.960]  平時沒做的運動
[00:51:11.960 --> 00:51:12.960]  這幅圖很有趣
[00:51:12.960 --> 00:51:13.960]  這幅圖
[00:51:13.960 --> 00:51:14.960]  我請敬拜隊
[00:51:14.960 --> 00:51:15.960]  這幅圖
[00:51:15.960 --> 00:51:17.960]  看到羊
[00:51:17.960 --> 00:51:18.960]  有些羊
[00:51:18.960 --> 00:51:20.960]  牠在欄杆那裏
[00:51:20.960 --> 00:51:21.960]  走不出來
[00:51:21.960 --> 00:51:22.960]  有時我和你
[00:51:22.960 --> 00:51:24.960]  可能都是我們的眼界
[00:51:24.960 --> 00:51:26.960]  就是看到這些欄杆
[00:51:26.960 --> 00:51:27.960]  我很多事做
[00:51:27.960 --> 00:51:28.960]  我工作很忙碌
[00:51:28.960 --> 00:51:29.960]  很多重擔
[00:51:29.960 --> 00:51:31.960]  我生活很多重擔
[00:51:31.960 --> 00:51:33.960]  我休息不了
[00:51:33.960 --> 00:51:37.960]  但是原來每逢六天勞碌工作
[00:51:37.960 --> 00:51:39.960]  到第七天
[00:51:39.960 --> 00:51:41.960]  我們要預留時間
[00:51:41.960 --> 00:51:43.960]  給我們和上帝親近的時候
[00:51:43.960 --> 00:51:47.960]  那個時間是讓我們重新重設
[00:51:47.960 --> 00:51:49.960]  我們的優先次序
[00:51:49.960 --> 00:51:53.960]  重新重設我們做人的神設計
[00:51:53.960 --> 00:51:54.960]  我們的目的意義
[00:51:54.960 --> 00:51:55.960]  所以安息日
[00:51:55.960 --> 00:51:58.960]  是讓我們的屬靈眼界擴闊
[00:51:58.960 --> 00:52:02.960]  原來我們是可以不用被那些欄杆困住
[00:52:02.960 --> 00:52:04.960]  所以有些羊看到
[00:52:04.960 --> 00:52:07.960]  原來這個草地還是很大的
[00:52:07.960 --> 00:52:08.960]  清草地
[00:52:08.960 --> 00:52:09.960]  有溪水旁
[00:52:09.960 --> 00:52:11.960]  弟兄姊妹其實
[00:52:11.960 --> 00:52:13.960]  守安息日
[00:52:13.960 --> 00:52:15.960]  其實是預備我們
[00:52:15.960 --> 00:52:17.960]  進入那六天的工作
[00:52:17.960 --> 00:52:19.960]  所以在守安息日
[00:52:19.960 --> 00:52:20.960]  提醒我們
[00:52:20.960 --> 00:52:21.960]  我們自己不是上帝
[00:52:21.960 --> 00:52:23.960]  我們要放手
[00:52:23.960 --> 00:52:24.960]  我們要交托
[00:52:24.960 --> 00:52:27.960]  然後帶著一種安息的心態
[00:52:27.960 --> 00:52:30.960]  進入六天勞碌工作
[00:52:30.960 --> 00:52:32.960]  所以我們那六天勞碌工作
[00:52:32.960 --> 00:52:35.960]  同樣都可以是為上帝而工作
[00:52:35.960 --> 00:52:38.960]  同樣可以在安息中工作
[00:52:38.960 --> 00:52:41.960]  今天在安息的操練
[00:52:41.960 --> 00:52:42.960]  是提醒我們
[00:52:42.960 --> 00:52:44.960]  我們要停止
[00:52:44.960 --> 00:52:45.960]  嘗試掌控
[00:52:45.960 --> 00:52:47.960]  讓神作神
[00:52:47.960 --> 00:52:48.960]  我們要休息
[00:52:48.960 --> 00:52:50.960]  我們要擁抱人的生命
[00:52:50.960 --> 00:52:53.960]  我們要享受神的同在
[00:52:53.960 --> 00:52:57.960]  如果我們安息日守得好
[00:52:57.960 --> 00:53:00.960]  能夠重設我們的優先次序
[00:53:00.960 --> 00:53:03.960]  重設讓上帝做回上帝
[00:53:03.960 --> 00:53:05.960]  讓上帝工作
[00:53:05.960 --> 00:53:08.960]  我們的人生是要為了施與分享
[00:53:08.960 --> 00:53:11.960]  我們要常常享受神的同在
[00:53:11.960 --> 00:53:14.960]  每逢安息日幫我們重設一次
[00:53:14.960 --> 00:53:17.960]  然後我們就帶著安息的心態
[00:53:17.960 --> 00:53:20.960]  進入那六天的工作
[00:53:20.960 --> 00:53:22.960]  用安息的心態去工作
[00:53:22.960 --> 00:53:24.960]  然後又期待有第七天
[00:53:24.960 --> 00:53:27.960]  我們又重新安息
[00:53:27.960 --> 00:53:31.960]  這個循環就是神給我們恩典的記號
[00:53:31.960 --> 00:53:36.960]  這個手勢是幫助大家容易記
[00:53:36.960 --> 00:53:39.960]  今天這四點的訊息
[00:53:39.960 --> 00:53:44.960]  安息日是代表停止放手
[00:53:44.960 --> 00:53:45.960]  就是手心向上
[00:53:45.960 --> 00:53:47.960]  我們停止放手
[00:53:47.960 --> 00:53:49.960]  亦都代表我們要休息
[00:53:49.960 --> 00:53:51.960]  安息日就是我們要敬拜神
[00:53:51.960 --> 00:53:53.960]  我們要禱告合埋雙手
[00:53:53.960 --> 00:53:55.960]  安息日亦都代表擁抱
[00:53:55.960 --> 00:53:59.960]  我們要牽著隔離的手去分享去分擔
[00:53:59.960 --> 00:54:02.960]  安息日亦都代表享受
[00:54:02.960 --> 00:54:04.960]  享受就是拍掌
[00:54:04.960 --> 00:54:07.960]  我們為了神的恩典來感恩來慶賀
