
[00:00:00.000 --> 00:00:03.000]  原來今天是打頭炮
[00:00:03.000 --> 00:00:06.100]  你們今個月的主題就是「復興聖潔」
[00:00:06.100 --> 00:00:08.460]  這時候教會就要求我說
[00:00:08.460 --> 00:00:11.240]  《貼壽來家前書》第四章第一到第八節
[00:00:11.240 --> 00:00:13.400]  就是「從心復興」
[00:00:13.400 --> 00:00:14.740]  非常好
[00:00:14.740 --> 00:00:16.040]  什麼叫「復興」呢?
[00:00:16.040 --> 00:00:17.740]  就是原本已經有了
[00:00:17.740 --> 00:00:21.240]  不過可能慢慢慢慢失落
[00:00:21.240 --> 00:00:23.340]  就好像一些炭火
[00:00:23.340 --> 00:00:25.640]  有些灰塵在上面的時候
[00:00:25.640 --> 00:00:27.640]  那些火就不能夠再燃燒
[00:00:27.640 --> 00:00:30.040]  撥開的時候那些火就繼續燃燒
[00:00:30.040 --> 00:00:32.340]  所以我們很好的
[00:00:32.340 --> 00:00:35.340]  我們要記得神怎樣教導我們
[00:00:35.340 --> 00:00:38.840]  剛才讀了《貼壽來家前書》第四章第一到第八節
[00:00:38.840 --> 00:00:41.040]  這個都是我要去講述的經文
[00:00:41.040 --> 00:00:44.040]  我會和大家逐節逐節來解釋
[00:00:44.040 --> 00:00:46.440]  怎樣應用在我們的生活裏面
[00:00:46.440 --> 00:00:49.640]  在這個社會裏面我們一直都講求自由的
[00:00:49.640 --> 00:00:52.040]  我們不可以讓別人來管束
[00:00:52.040 --> 00:00:53.540]  特別是我們這些少年人
[00:00:53.540 --> 00:00:54.540]  父母管著我們
[00:00:54.540 --> 00:00:56.540]  我們已經長大了還要管著我們
[00:00:56.540 --> 00:01:00.240]  甚至有些不信的人就不肯來接受我們的信仰
[00:01:00.240 --> 00:01:01.540]  就說我們的信仰怎樣?
[00:01:01.540 --> 00:01:03.640]  信耶穌一樣不准做那樣又不准做
[00:01:03.640 --> 00:01:05.540]  很慘的
[00:01:05.540 --> 00:01:07.240]  但是其實
[00:01:07.240 --> 00:01:09.740]  如果我們真正了解我們的信仰
[00:01:09.740 --> 00:01:12.640]  在真理裏面我們得到自由
[00:01:12.640 --> 00:01:16.340]  不信耶穌的人反而是沒有能力
[00:01:16.340 --> 00:01:18.140]  去抗拒罪惡
[00:01:18.140 --> 00:01:20.140]  成為罪的奴隸
[00:01:20.140 --> 00:01:21.740]  但當然我們作為基督徒
[00:01:21.740 --> 00:01:24.940]  我們都會面對罪的誘惑甚至更加多
[00:01:24.940 --> 00:01:27.640]  但如果我們跟神有一個好的關係的時候
[00:01:27.640 --> 00:01:32.340]  我們就有這個能力不再犯罪了
[00:01:32.340 --> 00:01:33.040]  好了
[00:01:33.040 --> 00:01:36.040]  我們信主不是只是為了上天堂
[00:01:36.040 --> 00:01:38.840]  我們看看保羅怎樣來鼓勵
[00:01:38.840 --> 00:01:40.640]  「貼索羅尼加」的教會
[00:01:40.640 --> 00:01:41.740]  我們一起來讀
[00:01:41.740 --> 00:01:44.640]  「貼索羅尼加」前書第四章的第一節
[00:01:44.640 --> 00:01:45.540]  只是讀第一節
[00:01:45.540 --> 00:01:46.540]  我們一起來讀出
[00:01:54.940 --> 00:01:57.740]  「你們既然受了我們的教訓
[00:01:57.740 --> 00:02:01.740]  知道該怎樣可以討神的喜悅
[00:02:01.740 --> 00:02:06.440]  就要照你們現在所行的更加努力」
[00:02:06.440 --> 00:02:10.040]  第一就是我們不只是得救
[00:02:10.040 --> 00:02:12.040]  靠在一起等上天堂
[00:02:12.040 --> 00:02:14.540]  我們在這個世界是有事要做的
[00:02:14.540 --> 00:02:17.140]  其中一點就是要討神喜悅
[00:02:17.140 --> 00:02:19.540]  我想問問我們每一個做父母的
[00:02:19.540 --> 00:02:22.640]  你期不期望你自己的兒女
[00:02:22.640 --> 00:02:25.340]  能夠討你的喜悅呢?
[00:02:25.340 --> 00:02:27.240]  如果你煮完飯
[00:02:27.240 --> 00:02:30.840]  你兒子說「好味道呀媽咪」
[00:02:30.840 --> 00:02:32.340]  「勁過肥媽」
[00:02:32.340 --> 00:02:34.440]  「你果然是處神呀」
[00:02:34.440 --> 00:02:35.640]  那你不就很開心嗎?
[00:02:35.640 --> 00:02:37.340]  你那種努力
[00:02:37.340 --> 00:02:38.940]  你都會得到什麼?
[00:02:38.940 --> 00:02:41.040]  得到安慰
[00:02:41.040 --> 00:02:43.240]  不要忘記我們去崇拜的時候
[00:02:43.240 --> 00:02:45.840]  我們不只是要聽一堂道
[00:02:45.840 --> 00:02:48.740]  其實崇拜最重要的是什麼呢?
[00:02:48.740 --> 00:02:50.940]  就是敬拜那段時間
[00:02:50.940 --> 00:02:55.440]  是我們歌唱、歌頌、讚美我們的神
[00:02:55.440 --> 00:02:57.640]  在這個時候我們要討神的喜悅
[00:02:57.640 --> 00:03:00.640]  當然不只是在崇拜的時間
[00:03:00.640 --> 00:03:03.940]  我們在平日裡面有沒有討神的喜悅呢?
[00:03:03.940 --> 00:03:06.640]  然後保祿就說「我們要討神的喜悅」
[00:03:06.640 --> 00:03:12.540]  「就是照你們現在所行的更加勉勵」
[00:03:12.540 --> 00:03:15.240]  即是說你們已經做得不錯了
[00:03:15.240 --> 00:03:18.540]  但是並不足夠
[00:03:18.540 --> 00:03:22.740]  以前我們讀小學的時候會說那個比較
[00:03:22.740 --> 00:03:23.740]  Good
[00:03:23.740 --> 00:03:25.140]  下面那個是什麼呢?
[00:03:25.140 --> 00:03:26.140]  Better
[00:03:26.140 --> 00:03:27.040]  然後呢?
[00:03:27.040 --> 00:03:28.640]  The Best
[00:03:28.640 --> 00:03:31.240]  但是現在我們知道這個世代
[00:03:31.240 --> 00:03:33.640]  是沒有最好
[00:03:33.640 --> 00:03:36.840]  是可以更好
[00:03:36.840 --> 00:03:38.540]  同樣
[00:03:38.540 --> 00:03:40.740]  沒有最壞的
[00:03:40.740 --> 00:03:43.040]  只有越來越壞的,是不是?
[00:03:43.040 --> 00:03:45.140]  即是只有更壞
[00:03:45.140 --> 00:03:48.540]  他在這裡提醒我們就是你們要更加勉勵
[00:03:48.540 --> 00:03:51.340]  你們要更加努力
[00:03:51.340 --> 00:03:53.740]  我們不要滿足於現在
[00:03:53.740 --> 00:03:54.940]  剛才我一開始說
[00:03:54.940 --> 00:03:56.340]  很感恩為了你們
[00:03:56.340 --> 00:03:58.140]  不斷地人數增加
[00:03:58.140 --> 00:04:00.540]  但是不要滿足於現在的現狀
[00:04:00.540 --> 00:04:03.040]  因為你一滿足的時候就會倒退
[00:04:03.040 --> 00:04:05.240]  我們要更加的努力
[00:04:05.240 --> 00:04:07.140]  那保祿勉勵他們什麼呢?
[00:04:07.140 --> 00:04:09.440]  你們要怎麼更加努力呢?
[00:04:09.440 --> 00:04:10.640]  我們要追溯
[00:04:10.640 --> 00:04:12.740]  貼上來前書第一章
[00:04:12.740 --> 00:04:15.840]  保羅來讚賞他們有三方面
[00:04:15.840 --> 00:04:18.940]  我們一起來讀貼上來前書第一章的第三節
[00:04:18.940 --> 00:04:20.040]  我們一起來讀出
[00:04:20.040 --> 00:04:37.340]  原來貼上來的教會非常好
[00:04:37.340 --> 00:04:40.540]  他們在信、愛、望上面
[00:04:40.540 --> 00:04:42.740]  都有好的表現
[00:04:42.740 --> 00:04:45.740]  這三者是一個很密切的關聯
[00:04:45.740 --> 00:04:46.840]  其實我們今天
[00:04:46.840 --> 00:04:47.840]  特別做父母的
[00:04:47.840 --> 00:04:49.540]  面對我們的兒女
[00:04:49.540 --> 00:04:51.940]  都是需要這三方面的
[00:04:51.940 --> 00:04:53.540]  你生了你的孩子
[00:04:53.540 --> 00:04:54.640]  你信得過
[00:04:54.640 --> 00:04:57.740]  在你的愛護下他會繼續成長的,是不是?
[00:04:57.740 --> 00:04:59.240]  你有這個信心
[00:04:59.240 --> 00:05:01.140]  好了,接著你就會愛惜他們
[00:05:01.140 --> 00:05:03.140]  愛心要受勞苦
[00:05:03.140 --> 00:05:04.140]  小孩子
[00:05:04.140 --> 00:05:08.640]  那些附庸次來的時候你要怎樣?
[00:05:08.640 --> 00:05:09.940]  要給他清潔的
[00:05:09.940 --> 00:05:12.040]  有誰喜歡跟別人清潔、撕撕裂裂的?
[00:05:12.040 --> 00:05:12.840]  沒有的
[00:05:12.840 --> 00:05:14.840]  但是你父母就要愛心勞苦
[00:05:14.840 --> 00:05:16.240]  好了,你做事做到很累
[00:05:16.240 --> 00:05:19.040]  但是孩子半夜哭的時候
[00:05:19.040 --> 00:05:21.340]  你說他哭一哭就沒有聲音了
[00:05:21.340 --> 00:05:22.840]  他會睡覺的
[00:05:22.840 --> 00:05:23.940]  你不去理他
[00:05:23.940 --> 00:05:24.840]  你雖然很累
[00:05:24.840 --> 00:05:25.840]  但是你都要怎樣?
[00:05:25.840 --> 00:05:26.840]  起來照顧他
[00:05:26.840 --> 00:05:28.440]  這就是愛心的勞苦
[00:05:28.440 --> 00:05:30.140]  但是當然還有一個盼望
[00:05:30.140 --> 00:05:32.340]  不過這個盼望往往都達不到的
[00:05:32.340 --> 00:05:34.740]  就是一天去供養你
[00:05:34.740 --> 00:05:37.340]  但是現在成功是靠父幹的,是不是?
[00:05:37.340 --> 00:05:40.440]  但是至少有這個盼望就繼續下去
[00:05:40.440 --> 00:05:45.140]  所以你留意到教會都是需要有信外貌
[00:05:45.140 --> 00:05:49.240]  教會是需要有意象、有目標
[00:05:49.240 --> 00:05:54.040]  然後弟兄姊妹有信心去回應這個意象
[00:05:54.040 --> 00:05:55.240]  所以信是最重要的
[00:05:55.240 --> 00:05:58.040]  不只是我們信耶穌得救
[00:05:58.040 --> 00:05:59.340]  而是我們過的生活
[00:05:59.340 --> 00:06:02.540]  我們有沒有這份信心去面對呢?
[00:06:02.540 --> 00:06:05.440]  好心信一個有信心的人
[00:06:05.440 --> 00:06:07.940]  他不單單看到自己的限制
[00:06:07.940 --> 00:06:09.540]  自己的不足
[00:06:09.540 --> 00:06:11.040]  是他看到自己的不足
[00:06:11.040 --> 00:06:13.840]  但是他看到神的無限
[00:06:13.840 --> 00:06:17.740]  神可以賦予他這個力量
[00:06:17.740 --> 00:06:19.640]  有信心的人
[00:06:19.640 --> 00:06:22.640]  不單單看到自己的缺陷
[00:06:22.640 --> 00:06:26.040]  但是他更加看到神的豐富
[00:06:26.040 --> 00:06:28.340]  神可能會透過不同的人
[00:06:28.340 --> 00:06:31.240]  給他有這個供應
[00:06:31.240 --> 00:06:33.340]  給他有這個幫助
[00:06:33.340 --> 00:06:34.240]  有信心的人
[00:06:34.240 --> 00:06:36.440]  不單單看到困難重重
[00:06:36.440 --> 00:06:38.640]  他甚至可以看到這個困難
[00:06:38.640 --> 00:06:41.440]  背後有很大的機會
[00:06:41.440 --> 00:06:42.840]  他更加體會到
[00:06:42.840 --> 00:06:44.240]  雖然有困難
[00:06:44.240 --> 00:06:45.740]  但是靠著神的力量
[00:06:45.740 --> 00:06:48.440]  我可以突破這個困難
[00:06:48.440 --> 00:06:53.440]  所以今天信、愛、望是很重要
[00:06:53.440 --> 00:06:54.940]  要推動我們自己
[00:06:54.940 --> 00:06:57.540]  去面對我們前面的挑戰
[00:06:57.540 --> 00:06:58.740]  不想只講一些理論
[00:06:58.740 --> 00:07:01.140]  很簡單舉一個例
[00:07:01.140 --> 00:07:03.340]  我星期五已經要上來了
[00:07:03.340 --> 00:07:05.540]  因為昨天我就在利物浦
[00:07:05.540 --> 00:07:08.340]  另外一間的教會星期六去港島
[00:07:08.340 --> 00:07:11.740]  但是如果你知道坐火車
[00:07:11.740 --> 00:07:16.940]  去準時到達是不正常的
[00:07:16.940 --> 00:07:19.140]  我在Redding上車
[00:07:19.140 --> 00:07:21.840]  出師未捷身先死
[00:07:21.840 --> 00:07:23.440]  我坐的那輛車
[00:07:23.440 --> 00:07:24.240]  8卡
[00:07:24.240 --> 00:07:26.340]  進了3卡就已經停在那裡了
[00:07:26.340 --> 00:07:27.740]  進不了站
[00:07:27.740 --> 00:07:29.240]  隔了20分鐘
[00:07:29.240 --> 00:07:31.140]  才可以進到站
[00:07:31.140 --> 00:07:33.740]  但是我在伯明翰要轉車20分鐘
[00:07:33.740 --> 00:07:35.240]  那即是怎樣
[00:07:35.240 --> 00:07:37.040]  一定是轉不了
[00:07:37.040 --> 00:07:39.940]  我星期五1點半上車
[00:07:39.940 --> 00:07:43.040]  我來到Warrington West的時候
[00:07:43.040 --> 00:07:45.740]  是7點半
[00:07:45.740 --> 00:07:47.640]  我6個小時
[00:07:47.640 --> 00:07:49.340]  所以很可怕
[00:07:49.340 --> 00:07:50.340]  好了
[00:07:50.340 --> 00:07:51.640]  昨天港島之後
[00:07:51.640 --> 00:07:53.840]  和我的弟兄姊妹相交
[00:07:53.840 --> 00:07:55.640]  接著我就去了Serville
[00:07:55.640 --> 00:07:57.040]  我昨晚在Serville睡
[00:07:57.040 --> 00:07:58.340]  今早8點9
[00:07:58.340 --> 00:07:59.640]  我多喜歡這間教會
[00:07:59.640 --> 00:08:02.640]  我相信是全英國華人教會最早崇拜的一間教會
[00:08:02.640 --> 00:08:04.540]  是8點9聚會
[00:08:04.540 --> 00:08:05.640]  10點半
[00:08:05.640 --> 00:08:06.940]  10點鐘完
[00:08:06.940 --> 00:08:10.140]  所以我今天可以早了一點來到這裡
[00:08:10.140 --> 00:08:11.440]  我今晚再回去
[00:08:11.440 --> 00:08:13.340]  今天是第三堂課
[00:08:13.340 --> 00:08:14.940]  我是為了什麼呢
[00:08:14.940 --> 00:08:17.340]  其實是不便宜的車費
[00:08:17.340 --> 00:08:19.640]  但是我會相信
[00:08:19.640 --> 00:08:23.140]  原來神給我機會去服侍是一個祝福
[00:08:23.140 --> 00:08:24.940]  我特別多謝羅牧師
[00:08:24.940 --> 00:08:28.040]  已經邀請我29年來港島
[00:08:28.040 --> 00:08:30.140]  是呀,因為我28年都呼了
[00:08:30.140 --> 00:08:32.140]  他已經邀請我29年來
[00:08:32.140 --> 00:08:34.040]  那時候我多謝他
[00:08:34.040 --> 00:08:35.340]  但是我不敢
[00:08:35.340 --> 00:08:38.640]  我答應了,但我都不知道我明天是如何
[00:08:38.640 --> 00:08:40.940]  我今晚講永善論壇的時候
[00:08:40.940 --> 00:08:42.940]  就會講一個新的題目就是
[00:08:42.940 --> 00:08:45.440]  這一代很快完結
[00:08:45.440 --> 00:08:47.540]  因為7月19日
[00:08:47.540 --> 00:08:49.940]  李思敬牧師離開了世界
[00:08:49.940 --> 00:08:52.040]  其實我帶他幾年
[00:08:52.040 --> 00:08:53.640]  我不知道他還有多少機會
[00:08:53.640 --> 00:08:54.740]  但是要把握
[00:08:54.740 --> 00:08:55.940]  那是什麼原因呢
[00:08:55.940 --> 00:08:59.740]  因為我相信神去拯救我
[00:08:59.740 --> 00:09:01.340]  去給我有祝福
[00:09:01.340 --> 00:09:03.340]  然後我用愛作為回應
[00:09:03.340 --> 00:09:05.340]  因為神給我的恩典
[00:09:05.340 --> 00:09:07.540]  所以有些人說牧師你辛苦
[00:09:07.540 --> 00:09:08.640]  我跟大家講過
[00:09:08.640 --> 00:09:11.140]  在我的生命字典裡面是沒有辛苦這個字
[00:09:11.140 --> 00:09:13.140]  是有辛勞
[00:09:13.140 --> 00:09:13.940]  但是快樂
[00:09:13.940 --> 00:09:15.640]  苦就很慘了
[00:09:15.640 --> 00:09:16.940]  這個就是愛
[00:09:16.940 --> 00:09:19.540]  是因為神的愛成為了很大的動力
[00:09:19.540 --> 00:09:21.040]  但是我又盼望
[00:09:21.040 --> 00:09:22.540]  上到去
[00:09:22.540 --> 00:09:24.340]  如果我做得好的時候
[00:09:24.340 --> 00:09:26.340]  有很多祝福
[00:09:26.340 --> 00:09:28.340]  這個就是我們很重要的
[00:09:28.340 --> 00:09:30.540]  所以今天教會需要有信心
[00:09:30.540 --> 00:09:33.340]  但是更加需要有愛心
[00:09:33.340 --> 00:09:34.940]  你有沒有聽過一個人說
[00:09:34.940 --> 00:09:37.740]  我愛你愛到夠了已經
[00:09:37.740 --> 00:09:38.940]  如果你跟你的配偶這樣說
[00:09:38.940 --> 00:09:40.540]  你死定了
[00:09:40.540 --> 00:09:42.340]  所以愛是什麼呢
[00:09:42.340 --> 00:09:45.540]  愛是永不止息
[00:09:45.540 --> 00:09:47.740]  我們可以繼續去愛
[00:09:47.740 --> 00:09:49.240]  愛的範圍是什麼呢
[00:09:49.240 --> 00:09:50.140]  我們一起來讀
[00:09:50.140 --> 00:09:52.140]  彼得厚書第一章第七節
[00:09:52.140 --> 00:09:53.740]  我們一起來讀
[00:09:53.740 --> 00:09:55.340]  有了乾淨
[00:09:55.340 --> 00:09:58.140]  又要加上愛弟兄的心
[00:09:58.140 --> 00:10:00.340]  有了愛弟兄的心
[00:10:00.340 --> 00:10:02.940]  又要加上愛眾人的心
[00:10:02.940 --> 00:10:04.740]  這裡很清楚地說
[00:10:04.740 --> 00:10:06.740]  你要愛你自己的家人
[00:10:06.740 --> 00:10:07.740]  接著
[00:10:07.740 --> 00:10:09.540]  你的愛不斷地去擴展
[00:10:09.540 --> 00:10:10.940]  教會弟兄姊妹
[00:10:10.940 --> 00:10:12.640]  是你的肢體
[00:10:12.640 --> 00:10:13.940]  彼此相愛
[00:10:13.940 --> 00:10:15.140]  不只是我這些
[00:10:15.140 --> 00:10:17.740]  還要愛眾人的心
[00:10:17.740 --> 00:10:19.940]  所以愛是永不止息
[00:10:19.940 --> 00:10:23.340]  保羅就讚賞提摩托克教會
[00:10:23.340 --> 00:10:24.340]  你們非常好
[00:10:24.340 --> 00:10:26.340]  在信、愛、望上面
[00:10:26.340 --> 00:10:28.140]  你們做得好了
[00:10:28.140 --> 00:10:29.340]  但是還不夠的
[00:10:29.340 --> 00:10:30.340]  繼續要努力
[00:10:30.340 --> 00:10:31.740]  那個努力的方向是什麼呢
[00:10:31.740 --> 00:10:33.340]  除了信、愛、望之外
[00:10:33.340 --> 00:10:35.140]  還有一樣很重要的
[00:10:35.140 --> 00:10:38.140]  就是你要成為聖潔
[00:10:38.140 --> 00:10:39.740]  好,我們再來看看
[00:10:39.740 --> 00:10:41.740]  提摩接受力加前書第四章
[00:10:41.740 --> 00:10:44.140]  就是今天我們看的經文第二、第三兩節
[00:10:44.140 --> 00:10:45.740]  我們一起來讀出
[00:10:45.740 --> 00:10:48.940]  你們願曉得我們憑主耶穌
[00:10:48.940 --> 00:10:51.340]  傳給你們什麼命令
[00:10:51.340 --> 00:10:55.340]  「神的旨意就是要你們成為聖潔
[00:10:55.340 --> 00:10:56.940]  遠避淫行」
[00:10:56.940 --> 00:10:58.940]  請你記住
[00:10:58.940 --> 00:11:01.540]  這個不是一個請求
[00:11:01.540 --> 00:11:03.140]  不是你喜歡做就做
[00:11:03.140 --> 00:11:05.140]  不做就無所謂
[00:11:05.140 --> 00:11:07.140]  This is an order
[00:11:07.140 --> 00:11:09.340]  這個是一個命令
[00:11:09.340 --> 00:11:10.940]  你是要遵守的
[00:11:10.940 --> 00:11:12.540]  這是什麼命令
[00:11:12.540 --> 00:11:15.940]  就是我們要成為聖潔
[00:11:15.940 --> 00:11:17.140]  聖潔當然
[00:11:17.140 --> 00:11:22.140]  原本那個字不單單是指道道德上的分別
[00:11:22.140 --> 00:11:24.140]  最重要的是指道什麼呢
[00:11:24.140 --> 00:11:25.940]  是分別了出來
[00:11:25.940 --> 00:11:28.140]  分別為聖
[00:11:28.140 --> 00:11:30.140]  很簡單舉一個例子
[00:11:30.140 --> 00:11:32.140]  他們當日要獻祭
[00:11:32.140 --> 00:11:33.140]  當不是凡祭
[00:11:33.140 --> 00:11:36.340]  一部分的祭玉拿了出來
[00:11:36.340 --> 00:11:38.340]  那份祭玉拿出來的那一份
[00:11:38.340 --> 00:11:40.340]  獻給神是要稱為什麼
[00:11:40.340 --> 00:11:42.740]  「神聖的玉」
[00:11:42.740 --> 00:11:44.140]  因為不可以就這樣說「聖玉」
[00:11:44.140 --> 00:11:46.140]  否則別人聽了以後會說什麼
[00:11:46.140 --> 00:11:50.140]  是分別了出來的那一部分
[00:11:50.140 --> 00:11:51.540]  是屬於神的
[00:11:51.540 --> 00:11:52.940]  但其餘的那一部分
[00:11:52.940 --> 00:11:54.940]  不是神聖的了
[00:11:54.940 --> 00:11:56.940]  我們今天的基督徒是什麼
[00:11:56.940 --> 00:11:59.340]  就是要分別為聖
[00:11:59.340 --> 00:12:02.940]  和世人有不同的分別
[00:12:02.940 --> 00:12:05.740]  信耶穌不單單是得救
[00:12:05.740 --> 00:12:10.540]  甚至是叫我們的價值觀去改變
[00:12:10.540 --> 00:12:12.140]  很簡單舉個例子
[00:12:12.140 --> 00:12:14.740]  我來自一個會計家庭
[00:12:14.740 --> 00:12:16.740]  我爸爸是做會計的
[00:12:16.740 --> 00:12:17.740]  我家裡的弟弟妹妹
[00:12:17.740 --> 00:12:20.140]  我大弟弟都是會計師
[00:12:20.140 --> 00:12:22.940]  我爸爸的教訓是什麼呢
[00:12:22.940 --> 00:12:25.340]  沒錢的事情不要做
[00:12:25.340 --> 00:12:26.940]  蝕本的事情不要做
[00:12:26.940 --> 00:12:27.940]  是我這個不肖子
[00:12:27.940 --> 00:12:31.740]  現在做了他不想做的事情
[00:12:31.740 --> 00:12:33.140]  我已經做了
[00:12:33.140 --> 00:12:35.940]  但是為什麼會這樣
[00:12:35.940 --> 00:12:38.540]  就是這個價值觀的改變
[00:12:38.540 --> 00:12:40.540]  分別了出來
[00:12:40.540 --> 00:12:42.540]  所以我們要成為聖傑
[00:12:42.540 --> 00:12:44.340]  這是我們的身份
[00:12:44.340 --> 00:12:47.940]  你不要忘記今天我們是基督徒
[00:12:47.940 --> 00:12:49.540]  我們是神的兒女
[00:12:49.540 --> 00:12:51.540]  是基督徒的請舉手
[00:12:51.540 --> 00:12:52.540]  感恩
[00:12:52.540 --> 00:12:55.540]  是神的兒女請舉手
[00:12:55.540 --> 00:12:56.940]  感恩感恩
[00:12:56.940 --> 00:12:59.940]  是聖徒的請舉手
[00:12:59.940 --> 00:13:02.340]  少了一點點
[00:13:02.340 --> 00:13:04.740]  有些基督徒不是聖徒
[00:13:04.740 --> 00:13:05.940]  謙卑
[00:13:05.940 --> 00:13:10.940]  有些事做得不太好
[00:13:10.940 --> 00:13:11.940]  一會兒我們會看
[00:13:11.940 --> 00:13:14.340]  哥林多前書的經文
[00:13:14.340 --> 00:13:15.740]  你有沒有留意哥林多前書
[00:13:15.740 --> 00:13:17.740]  保羅怎樣寫信給他們
[00:13:17.740 --> 00:13:24.140]  我要寫信給哥林多教會的聖徒
[00:13:24.140 --> 00:13:28.540]  哥林多教會那班叫聖徒
[00:13:28.540 --> 00:13:29.540]  不是吧
[00:13:29.540 --> 00:13:32.540]  一會兒我們都會讀其中一段經文
[00:13:32.540 --> 00:13:34.740]  他們甚至竟然
[00:13:34.740 --> 00:13:37.940]  跟自己的繼母發生關係
[00:13:37.940 --> 00:13:39.940]  這樣還算是聖徒
[00:13:39.940 --> 00:13:41.540]  我絕對肯定在我當中
[00:13:41.540 --> 00:13:43.740]  不會有人跟你的繼母發生關係
[00:13:43.740 --> 00:13:45.340]  因為你沒有繼母
[00:13:45.340 --> 00:13:49.740]  但是為何會稱為聖徒
[00:13:49.740 --> 00:13:52.540]  就是因為當他信主的時候
[00:13:52.540 --> 00:13:56.340]  他的身份地位有改變
[00:13:56.340 --> 00:13:58.340]  很簡單問問大家
[00:13:58.340 --> 00:14:01.140]  一個國王和一個皇后
[00:14:01.140 --> 00:14:02.740]  生了一個小孩子
[00:14:02.740 --> 00:14:05.340]  他的地位是什麼
[00:14:05.340 --> 00:14:06.540]  皇子?
[00:14:06.540 --> 00:14:07.340]  不是
[00:14:07.340 --> 00:14:08.940]  那個是女兒
[00:14:08.940 --> 00:14:11.940]  我們經常想男的
[00:14:11.940 --> 00:14:14.140]  如果兒子是皇子
[00:14:14.140 --> 00:14:16.740]  女兒是公主
[00:14:16.740 --> 00:14:19.340]  查理斯之前是皇子
[00:14:19.340 --> 00:14:21.540]  但有婚外情
[00:14:21.540 --> 00:14:24.540]  皇子不一定騎著白馬
[00:14:24.540 --> 00:14:27.340]  樣子也不是那麼俊俏
[00:14:27.340 --> 00:14:29.940]  現在輪到他的兒子
[00:14:29.940 --> 00:14:31.540]  現在去了美國
[00:14:31.540 --> 00:14:33.340]  是怎樣?
[00:14:33.340 --> 00:14:35.340]  但是仍然
[00:14:35.340 --> 00:14:37.540]  他的身份是什麼
[00:14:37.540 --> 00:14:39.940]  是皇子或者公主
[00:14:39.940 --> 00:14:41.140]  所以當我們信主的時候
[00:14:41.140 --> 00:14:42.340]  我們的地位也改變了
[00:14:42.340 --> 00:14:44.140]  我們是聖徒
[00:14:44.140 --> 00:14:47.740]  但是我們要有合乎的禮儀
[00:14:47.740 --> 00:14:51.140]  所以聖經說「誠聖須用功夫」
[00:14:51.140 --> 00:14:53.340]  在地位上是誠聖
[00:14:53.340 --> 00:14:55.940]  但在生活上要追求聖潔
[00:14:55.940 --> 00:14:57.340]  我們要成為聖潔
[00:14:57.340 --> 00:14:59.340]  方法是什麼?
[00:14:59.340 --> 00:15:00.940]  保羅提醒我們
[00:15:00.940 --> 00:15:02.140]  是什麼?
[00:15:02.140 --> 00:15:06.540]  「遠避淫行」
[00:15:06.540 --> 00:15:09.340]  聖經很清楚提醒我們
[00:15:09.340 --> 00:15:12.940]  我們有罪的本性在裡面
[00:15:12.940 --> 00:15:15.340]  我們很容易會犯罪
[00:15:15.340 --> 00:15:17.740]  是裡應外合的
[00:15:17.740 --> 00:15:18.940]  所以不是說
[00:15:18.940 --> 00:15:21.540]  「我什麼都不怕,我什麼都要試試」
[00:15:21.540 --> 00:15:25.140]  聖經教我們要去避開
[00:15:25.140 --> 00:15:27.740]  不要刻意去面對這些誘惑
[00:15:27.740 --> 00:15:30.140]  這是很重要的
[00:15:30.140 --> 00:15:32.540]  我們請四十歲以下的人
[00:15:32.540 --> 00:15:34.140]  跟我們讀這段經文,好嗎?
[00:15:34.140 --> 00:15:35.540]  四十歲以下的
[00:15:35.540 --> 00:15:38.540]  好,預備,一、二、三
[00:15:38.540 --> 00:15:43.340]  「在大戶人家不但有金器銀器
[00:15:43.340 --> 00:15:45.740]  也有木器瓦器
[00:15:45.740 --> 00:15:50.140]  有作為貴重的,有作為卑賤的
[00:15:50.140 --> 00:15:53.740]  人若自潔脫離卑賤的事
[00:15:53.740 --> 00:15:56.340]  就必作貴重的器皿
[00:15:56.340 --> 00:15:59.540]  成為聖潔,合乎主用
[00:15:59.540 --> 00:16:02.340]  預備行各樣的善事
[00:16:02.340 --> 00:16:05.340]  你要逃避少年的私慾
[00:16:05.340 --> 00:16:07.940]  同那清心禱告主的人
[00:16:07.940 --> 00:16:12.340]  追求公義、順德、仁愛、和平」
[00:16:12.340 --> 00:16:13.340]  聖經裡面很清楚說
[00:16:13.340 --> 00:16:15.740]  我們可能有不同的身份
[00:16:15.740 --> 00:16:17.340]  但無論不同的身份也好
[00:16:17.340 --> 00:16:18.140]  也有一樣很重要的
[00:16:18.140 --> 00:16:19.940]  就是要追求聖潔
[00:16:19.940 --> 00:16:21.340]  但要特別提醒
[00:16:21.340 --> 00:16:26.340]  你要逃避少年人的私慾
[00:16:26.340 --> 00:16:28.340]  你知不知道聖經裡面
[00:16:28.340 --> 00:16:30.340]  少年是多少歲?
[00:16:30.340 --> 00:16:32.140]  是四十歲
[00:16:32.140 --> 00:16:33.740]  所以剛才我叫四十歲以下的人
[00:16:33.740 --> 00:16:35.540]  要讀聖經就是這個意思
[00:16:35.540 --> 00:16:37.340]  我們只是壯年
[00:16:37.340 --> 00:16:38.140]  如果不死的話
[00:16:38.140 --> 00:16:40.340]  一百二十歲就可以了
[00:16:40.340 --> 00:16:42.540]  但少年人不得不承認
[00:16:42.540 --> 00:16:46.140]  他們的性衝動是容易很多的
[00:16:46.140 --> 00:16:47.740]  所以你要去逃避
[00:16:47.740 --> 00:16:49.740]  老人家不是沒有
[00:16:49.740 --> 00:16:50.940]  不過會弱一點
[00:16:50.940 --> 00:16:52.740]  你想想,可白也有
[00:16:52.740 --> 00:16:54.740]  這個時候就死了
[00:16:54.740 --> 00:16:57.740]  好了,在新蒲崗那些阿伯
[00:16:57.740 --> 00:16:59.940]  動著鬼掌去撩別人的裙子
[00:16:59.940 --> 00:17:01.340]  都被人拘捕了
[00:17:01.340 --> 00:17:02.140]  他不是沒有
[00:17:02.140 --> 00:17:04.740]  不過是老一點,鎮鎮一點而已
[00:17:04.740 --> 00:17:07.740]  但少年人是特別容易衝動
[00:17:07.740 --> 00:17:10.740]  但他叫我們要逃避
[00:17:10.740 --> 00:17:14.740]  因為很容易有誘惑
[00:17:14.740 --> 00:17:17.540]  聖經永遠都有消極的一面
[00:17:17.540 --> 00:17:19.340]  但不只是消極
[00:17:19.340 --> 00:17:21.340]  還有積極的一面
[00:17:21.340 --> 00:17:23.340]  除了逃避少年人私慾
[00:17:23.340 --> 00:17:24.740]  你逃避得了多少呢?
[00:17:24.740 --> 00:17:26.340]  還有一樣很重要的
[00:17:26.340 --> 00:17:27.540]  你成為聖潔的時候
[00:17:27.540 --> 00:17:29.140]  我們讀第二節,好嗎?
[00:17:29.140 --> 00:17:31.340]  這次全部的人都讀了
[00:17:31.340 --> 00:17:34.340]  第二十二節,我們一起來讀
[00:17:34.340 --> 00:17:37.340]  「你要逃避少年的私慾
[00:17:37.340 --> 00:17:40.340]  同那清心禱告主的人
[00:17:40.340 --> 00:17:44.340]  追求公義、信德、仁愛、和平」
[00:17:44.340 --> 00:17:47.340]  所以我們要有聖潔的生活的時候
[00:17:47.340 --> 00:17:49.340]  不只是你一個人去面對
[00:17:49.340 --> 00:17:51.340]  你要逃避
[00:17:51.340 --> 00:17:53.340]  但逃避都不夠
[00:17:53.340 --> 00:17:55.340]  有很多東西會成為你很多的誘惑
[00:17:55.340 --> 00:17:57.340]  但我們會不會在一個群體裏面
[00:17:57.340 --> 00:17:59.340]  彼此守望
[00:17:59.340 --> 00:18:01.340]  彼此扶持
[00:18:01.340 --> 00:18:04.340]  彼此警醒
[00:18:04.340 --> 00:18:08.340]  見到有人會陷入軟弱的失敗裏面
[00:18:08.340 --> 00:18:10.340]  你會提醒他
[00:18:10.340 --> 00:18:11.340]  很簡單舉個例子
[00:18:11.340 --> 00:18:13.340]  可能有些少年喜歡玩遊戲機
[00:18:13.340 --> 00:18:15.340]  上網絡可能有些不好的網址
[00:18:15.340 --> 00:18:17.340]  彈了出來
[00:18:17.340 --> 00:18:18.340]  是否一起去看
[00:18:18.340 --> 00:18:20.340]  還是你夠不夠膽
[00:18:20.340 --> 00:18:21.340]  這些東西不好
[00:18:21.340 --> 00:18:23.340]  看的時候很容易會影響我們
[00:18:23.340 --> 00:18:24.340]  刪除了它
[00:18:24.340 --> 00:18:26.340]  那一刻很重要
[00:18:26.340 --> 00:18:28.340]  所以今天
[00:18:28.340 --> 00:18:31.340]  我們為甚麼要有教會的生活
[00:18:31.340 --> 00:18:34.340]  讓我們不是單打獨鬥
[00:18:34.340 --> 00:18:36.340]  我們是彼此守望
[00:18:36.340 --> 00:18:38.340]  所以和清心禱告主的人
[00:18:38.340 --> 00:18:40.340]  去追求更美好的德性
[00:18:40.340 --> 00:18:43.340]  所以成為聖潔就是要去逃避
[00:18:43.340 --> 00:18:45.340]  然後就要怎樣呢
[00:18:45.340 --> 00:18:48.340]  就要積極地去追求這個美德
[00:18:48.340 --> 00:18:50.340]  那怎樣去追求這個美德呢
[00:18:50.340 --> 00:18:52.340]  更加很重要的
[00:18:52.340 --> 00:18:54.340]  主耶穌很清楚說
[00:18:54.340 --> 00:18:57.340]  我們不能夠脫離這個世界
[00:18:57.340 --> 00:18:59.340]  這個世界裏面的誘惑很多
[00:18:59.340 --> 00:19:00.340]  我接下來
[00:19:00.340 --> 00:19:02.340]  星期三晚就要查經
[00:19:02.340 --> 00:19:04.340]  接下來就要查參宣
[00:19:04.340 --> 00:19:07.340]  參宣你留意到他很放縱自己
[00:19:07.340 --> 00:19:09.340]  他一見到那些菲律士人
[00:19:09.340 --> 00:19:12.340]  他就喜歡了那些菲律士的女子
[00:19:12.340 --> 00:19:13.340]  在考古學裏面
[00:19:13.340 --> 00:19:15.340]  我看到菲律士的女子
[00:19:15.340 --> 00:19:18.340]  原來那時候的衣著已經很暴露
[00:19:18.340 --> 00:19:20.340]  他們是來帶人去
[00:19:20.340 --> 00:19:23.340]  一個很豐滿的身形
[00:19:23.340 --> 00:19:24.340]  所以他眼目的情緒
[00:19:24.340 --> 00:19:26.340]  一見到就喜歡
[00:19:26.340 --> 00:19:28.340]  但是我都會馬上說
[00:19:28.340 --> 00:19:29.340]  其實我們在英國也是
[00:19:29.340 --> 00:19:30.340]  你知不知道
[00:19:30.340 --> 00:19:32.340]  特別是在英國的夏天
[00:19:32.340 --> 00:19:35.340]  你見到很多的女士
[00:19:35.340 --> 00:19:36.340]  穿了一些細碼衣服
[00:19:36.340 --> 00:19:38.340]  但是很大的身形
[00:19:38.340 --> 00:19:39.340]  這樣的時候
[00:19:39.340 --> 00:19:41.340]  嘩 走路的時候
[00:19:41.340 --> 00:19:42.340]  不得不承認
[00:19:42.340 --> 00:19:45.340]  男性是吸引了我們的目光的
[00:19:45.340 --> 00:19:48.340]  這個誘惑是很大的
[00:19:48.340 --> 00:19:49.340]  但是我們真的要逃避
[00:19:49.340 --> 00:19:51.340]  眼目的那個情慾
[00:19:51.340 --> 00:19:53.340]  這個就要逃避
[00:19:53.340 --> 00:19:56.340]  我們怎樣可以得到那個性的生活
[00:19:56.340 --> 00:19:57.340]  除了逃避之外
[00:19:57.340 --> 00:19:58.340]  和追求之外
[00:19:58.340 --> 00:19:59.340]  還有一樣很重要的
[00:19:59.340 --> 00:20:00.340]  我們一起來
[00:20:00.340 --> 00:20:02.340]  去讀《約翰福音》第十七章
[00:20:02.340 --> 00:20:03.340]  十五到第十九節
[00:20:03.340 --> 00:20:05.340]  我們一起來讀出
[00:20:23.340 --> 00:20:36.340]  有沒有留意到怎樣可以成性
[00:20:36.340 --> 00:20:39.340]  是因為真理的緣故而成性
[00:20:39.340 --> 00:20:41.340]  如果我們只是作為一個基督徒
[00:20:41.340 --> 00:20:43.340]  沒有好好地親近神
[00:20:43.340 --> 00:20:46.340]  沒有好好地研讀神的話語
[00:20:46.340 --> 00:20:49.340]  你怎樣可以去成竭呢
[00:20:49.340 --> 00:20:50.340]  詩篇一百十九篇
[00:20:50.340 --> 00:20:53.340]  它說到今天
[00:20:53.340 --> 00:20:56.340]  我要將你的話藏在心裡
[00:20:56.340 --> 00:20:58.340]  免得我得罪你
[00:20:58.340 --> 00:21:00.340]  少年人怎樣可以有個性的生活
[00:21:00.340 --> 00:21:03.340]  就是將神的道藏在心裡
[00:21:03.340 --> 00:21:06.340]  如果我們讀了神的話語的時候
[00:21:06.340 --> 00:21:08.340]  那個話語你自己不覺的
[00:21:08.340 --> 00:21:11.340]  原來潛移默化地可能在你的心裡
[00:21:11.340 --> 00:21:12.340]  當你面對一些誘惑
[00:21:12.340 --> 00:21:14.340]  或者你想犯一些錯的時候
[00:21:14.340 --> 00:21:19.340]  聖靈就會透過你曾經讀過的話語
[00:21:19.340 --> 00:21:20.340]  提醒你
[00:21:20.340 --> 00:21:22.340]  祂迫不了你
[00:21:22.340 --> 00:21:24.340]  但你沒有消滅聖靈的感動
[00:21:24.340 --> 00:21:28.340]  但如果你完全沒有去研讀神的話語
[00:21:28.340 --> 00:21:29.340]  真理不在你心裡
[00:21:29.340 --> 00:21:31.340]  你怎樣去回應呢
[00:21:31.340 --> 00:21:33.340]  很簡單舉個例子
[00:21:33.340 --> 00:21:34.340]  你和你的家人
[00:21:34.340 --> 00:21:36.340]  如果有好的關係
[00:21:36.340 --> 00:21:37.340]  如果他打電話給你
[00:21:37.340 --> 00:21:39.340]  縱使沒有來電顯示
[00:21:39.340 --> 00:21:40.340]  喂這樣
[00:21:40.340 --> 00:21:42.340]  原來這個是你太太
[00:21:42.340 --> 00:21:44.340]  但如果喂這樣
[00:21:44.340 --> 00:21:46.340]  他又沒有為傷風避塞
[00:21:46.340 --> 00:21:47.340]  沒有變聲的時候
[00:21:47.340 --> 00:21:49.340]  哪位啊
[00:21:49.340 --> 00:21:50.340]  那你就死定了
[00:21:50.340 --> 00:21:52.340]  你聽慣了他的聲音
[00:21:52.340 --> 00:21:54.340]  你一聽就會認到
[00:21:54.340 --> 00:21:58.340]  如果我們能夠好好地研讀神的話語的時候
[00:21:58.340 --> 00:22:00.340]  真理藏在內心
[00:22:00.340 --> 00:22:04.340]  我們抗拒誘惑的力量就會大很多
[00:22:04.340 --> 00:22:05.340]  所以我們要逃避
[00:22:05.340 --> 00:22:07.340]  要彼此之間配合
[00:22:07.340 --> 00:22:10.340]  我們還要讓真理存在我們心裡
[00:22:10.340 --> 00:22:11.340]  我們要學習耶穌基督
[00:22:11.340 --> 00:22:13.340]  這個是很重要
[00:22:13.340 --> 00:22:14.340]  好了
[00:22:14.340 --> 00:22:15.340]  保羅提醒我們
[00:22:15.340 --> 00:22:17.340]  我們要逃避
[00:22:17.340 --> 00:22:19.340]  但還有一樣很重要
[00:22:19.340 --> 00:22:21.340]  就是要守身如玉
[00:22:21.340 --> 00:22:23.340]  不只是女士
[00:22:23.340 --> 00:22:25.340]  是男女都需要的
[00:22:25.340 --> 00:22:27.340]  好我們看看保羅
[00:22:27.340 --> 00:22:28.340]  繼續怎樣教導我們
[00:22:28.340 --> 00:22:32.340]  我們讀《貼索羅家前書》第四章第四第五兩節
[00:22:32.340 --> 00:22:34.340]  我們一起來讀出
[00:22:34.340 --> 00:22:35.340]  要你們各人
[00:22:35.340 --> 00:22:38.340]  曉得怎樣用聖潔尊貴
[00:22:38.340 --> 00:22:40.340]  守著自己的身體
[00:22:40.340 --> 00:22:43.340]  不放縱私慾的情情
[00:22:43.340 --> 00:22:46.340]  像那不認識神的外邦人
[00:23:14.340 --> 00:23:16.340]  他們是怎樣呢
[00:23:16.340 --> 00:23:21.340]  甚至一些基督徒去嫖妓
[00:23:21.340 --> 00:23:24.340]  和妓女發生關係
[00:23:24.340 --> 00:23:27.340]  保羅就大大的譴責他們
[00:23:27.340 --> 00:23:31.340]  我可以將基督的肢體作為娼妓的肢體
[00:23:31.340 --> 00:23:32.340]  端乎不可
[00:23:32.340 --> 00:23:34.340]  Absolutely not
[00:23:34.340 --> 00:23:35.340]  是絕對不可以
[00:23:35.340 --> 00:23:39.340]  因為今天我們的身體是聖靈的電
[00:23:39.340 --> 00:23:41.340]  你和一個娼妓發生關係的時候
[00:23:41.340 --> 00:23:42.340]  二人聯合
[00:23:42.340 --> 00:23:45.340]  豈不是污穢了你的身體嗎
[00:23:45.340 --> 00:23:48.340]  也是在污穢你的信仰
[00:23:48.340 --> 00:23:51.340]  所以絕對絕對的不可以
[00:23:51.340 --> 00:23:54.340]  特別是剛才我們看的時候
[00:23:54.340 --> 00:23:56.340]  用聖潔尊貴守著自己的身體
[00:23:56.340 --> 00:23:58.340]  很難和娼妓聯合
[00:23:58.340 --> 00:24:01.340]  更加要小心我們的身體是甚麼呢
[00:24:01.340 --> 00:24:05.340]  我們再讀哥倫多前書第六章十九到二十節
[00:24:05.340 --> 00:24:06.340]  我們一起來讀出
[00:24:06.340 --> 00:24:10.340]  豈不知你們的身子就是聖靈的電嗎
[00:24:10.340 --> 00:24:12.340]  這聖靈是從神而來
[00:24:12.340 --> 00:24:14.340]  住在你們裡頭的
[00:24:14.340 --> 00:24:17.340]  並且你們不是自己的人
[00:24:17.340 --> 00:24:20.340]  因為你們是從教而來的
[00:24:20.340 --> 00:24:24.340]  所以要在你們的身子上榮耀神
[00:24:24.340 --> 00:24:28.340]  原來我們每一個人是很尊貴的
[00:24:28.340 --> 00:24:31.340]  天地萬物的主宰我們耶穌基督
[00:24:31.340 --> 00:24:33.340]  去救贖我們
[00:24:33.340 --> 00:24:37.340]  這是一個買賣奴隸的觀念
[00:24:37.340 --> 00:24:41.340]  有一個奴隸被主人去核製
[00:24:41.340 --> 00:24:44.340]  但是有另一個人說我想要你這個奴隸
[00:24:44.340 --> 00:24:45.340]  你給錢我吧
[00:24:45.340 --> 00:24:48.340]  你一定要給我一筆很大的數目
[00:24:48.340 --> 00:24:51.340]  然後才可以把他贖回來
[00:24:51.340 --> 00:24:53.340]  耶穌基督是用自己的生命
[00:24:53.340 --> 00:24:56.340]  拯救他脫離魔鬼的核製
[00:24:56.340 --> 00:24:58.340]  所以我們是重價買來的
[00:24:58.340 --> 00:25:00.340]  所以我們要怎樣呢
[00:25:00.340 --> 00:25:02.340]  我們要怎樣去回報呢
[00:25:02.340 --> 00:25:05.340]  就是用我們的生命去見證神
[00:25:05.340 --> 00:25:06.340]  我們的神是聖潔的
[00:25:06.340 --> 00:25:08.340]  所以我們就要聖潔
[00:25:08.340 --> 00:25:12.340]  所以他說我們要用尊貴所以自己的身體
[00:25:12.340 --> 00:25:16.340]  不放縱私慾的邪情
[00:25:16.340 --> 00:25:18.340]  我們有時候要核製
[00:25:18.340 --> 00:25:22.340]  我最近都跟一些年輕人說世界盃
[00:25:22.340 --> 00:25:24.340]  在這邊線人都有說
[00:25:24.340 --> 00:25:26.340]  你有沒有留意到很厲害
[00:25:26.340 --> 00:25:29.340]  就是佛德國的門將
[00:25:29.340 --> 00:25:31.340]  多少歲啊
[00:25:31.340 --> 00:25:32.340]  四十歲了
[00:25:32.340 --> 00:25:35.340]  但是一樣很靈活
[00:25:35.340 --> 00:25:38.340]  美斯多少歲啊
[00:25:38.340 --> 00:25:40.340]  我發覺你們很熟悉
[00:25:40.340 --> 00:25:42.340]  你爸爸多少歲可能你不是很清楚
[00:25:42.340 --> 00:25:44.340]  我懷疑是真的
[00:25:44.340 --> 00:25:45.340]  媽媽也不知道
[00:25:45.340 --> 00:25:48.340]  因為媽媽的年齡是秘密
[00:25:48.340 --> 00:25:50.340]  斯朗是多少歲啊
[00:25:50.340 --> 00:25:52.340]  四十一歲
[00:25:52.340 --> 00:25:53.340]  你不要羨慕他們
[00:25:53.340 --> 00:25:54.340]  很厲害啊
[00:25:54.340 --> 00:25:56.340]  這樣的年齡還可以踢球
[00:25:56.340 --> 00:25:59.340]  但同樣你看回決賽的時候
[00:25:59.340 --> 00:26:02.340]  有兩個人開著車出來
[00:26:02.340 --> 00:26:04.340]  麥當娜在那邊唱歌
[00:26:04.340 --> 00:26:08.340]  知不知道開車的人叫什麼名字
[00:26:08.340 --> 00:26:10.340]  那個就是朗拿道
[00:26:10.340 --> 00:26:11.340]  巴西
[00:26:11.340 --> 00:26:14.340]  但你有沒有看到他又肥又腫
[00:26:14.340 --> 00:26:18.340]  還有斯朗拿道當年在英國踢球的時候
[00:26:18.340 --> 00:26:21.340]  他有一個隊友叫朗尼
[00:26:21.340 --> 00:26:23.340]  差不多年齡
[00:26:23.340 --> 00:26:25.340]  現在朗尼是做什麼的
[00:26:25.340 --> 00:26:26.340]  做足球評述員
[00:26:26.340 --> 00:26:28.340]  因為他的身形是怎樣
[00:26:28.340 --> 00:26:31.340]  已經很肥大
[00:26:31.340 --> 00:26:33.340]  現在有兩者有什麼大分別
[00:26:33.340 --> 00:26:35.340]  你有沒有留意到他們
[00:26:35.340 --> 00:26:37.340]  不要只羨慕他們
[00:26:37.340 --> 00:26:39.340]  代言人有很多錢
[00:26:39.340 --> 00:26:41.340]  他們要克制自己
[00:26:41.340 --> 00:26:43.340]  不可以放縱
[00:26:43.340 --> 00:26:45.340]  他們吃的是什麼
[00:26:45.340 --> 00:26:47.340]  美斯通告訴我們
[00:26:47.340 --> 00:26:50.340]  他吃的是雞胸肉
[00:26:50.340 --> 00:26:52.340]  還要煮熟
[00:26:52.340 --> 00:26:54.340]  沒有調味料
[00:26:54.340 --> 00:26:55.340]  你喜不喜歡吃
[00:26:55.340 --> 00:26:57.340]  我就差一點不喜歡吃
[00:26:57.340 --> 00:27:00.340]  但他們是要控制自己
[00:27:00.340 --> 00:27:04.340]  才可以保持到三十幾四十歲
[00:27:04.340 --> 00:27:07.340]  都可以仍然有這個活力
[00:27:07.340 --> 00:27:09.340]  什麼叫放縱
[00:27:09.340 --> 00:27:10.340]  你想想
[00:27:10.340 --> 00:27:11.340]  我特別有說
[00:27:11.340 --> 00:27:13.340]  所謂的球王
[00:27:13.340 --> 00:27:14.340]  我是很不喜歡的
[00:27:14.340 --> 00:27:16.340]  我覺得這個是神審判他的
[00:27:16.340 --> 00:27:17.340]  那個叫馬勒當拿
[00:27:17.340 --> 00:27:19.340]  所以我是不喜歡阿根廷的
[00:27:19.340 --> 00:27:23.340]  他當年用手拍了個球進去龍門
[00:27:23.340 --> 00:27:27.340]  那時候沒有電視來看
[00:27:27.340 --> 00:27:29.340]  贏了英國
[00:27:29.340 --> 00:27:31.340]  他說自己是什麼
[00:27:31.340 --> 00:27:33.340]  上帝之手
[00:27:33.340 --> 00:27:34.340]  這個網清神的名字
[00:27:34.340 --> 00:27:37.340]  你留意到他的後半生是好幣
[00:27:37.340 --> 00:27:39.340]  又放縱
[00:27:39.340 --> 00:27:41.340]  又來吸毒
[00:27:41.340 --> 00:27:43.340]  而且很早就離開世界
[00:27:43.340 --> 00:27:44.340]  所以要小心
[00:27:44.340 --> 00:27:47.340]  不放縱私慾的邪情
[00:27:47.340 --> 00:27:49.340]  我們是要管理自己
[00:27:49.340 --> 00:27:52.340]  不是喜歡做什麼就做什麼
[00:27:52.340 --> 00:27:55.340]  不要忘記我們不單單是聖徒
[00:27:55.340 --> 00:27:59.340]  我們也是門徒
[00:27:59.340 --> 00:28:01.340]  門徒
[00:28:01.340 --> 00:28:03.340]  Disciple是來自哪個字
[00:28:03.340 --> 00:28:05.340]  Discipline
[00:28:05.340 --> 00:28:07.340]  是要有紀律的
[00:28:07.340 --> 00:28:09.340]  所以我們要控制自己
[00:28:09.340 --> 00:28:11.340]  我們不放縱私慾的邪情
[00:28:11.340 --> 00:28:17.340]  將那不認識神的外邦人
[00:28:17.340 --> 00:28:20.340]  昨晚和一個家庭
[00:28:20.340 --> 00:28:22.340]  我自己會有聊天
[00:28:22.340 --> 00:28:25.340]  我還在預備這篇講章
[00:28:25.340 --> 00:28:27.340]  8月30日有一個talk
[00:28:27.340 --> 00:28:31.340]  就是父母在中西文化的衝擊下
[00:28:31.340 --> 00:28:32.340]  即是你的子女
[00:28:32.340 --> 00:28:34.340]  怎樣去教他們
[00:28:34.340 --> 00:28:35.340]  一個少年人
[00:28:35.340 --> 00:28:37.340]  十幾歲就已經拍拖
[00:28:37.340 --> 00:28:39.340]  原來英國很流行
[00:28:39.340 --> 00:28:40.340]  十幾歲就拍拖
[00:28:40.340 --> 00:28:42.340]  還有一個規例
[00:28:42.340 --> 00:28:44.340]  十八歲以下拍拖是沒有問題
[00:28:44.340 --> 00:28:46.340]  如果有一個人是十八歲
[00:28:46.340 --> 00:28:48.340]  和一個十六歲的人拍拖
[00:28:48.340 --> 00:28:49.340]  他會馬上分手
[00:28:49.340 --> 00:28:52.340]  知不知道什麼原因
[00:28:52.340 --> 00:28:54.340]  少年人就知道了
[00:28:54.340 --> 00:28:57.340]  就是如果他們有性行為
[00:28:57.340 --> 00:28:59.340]  被人拘捕
[00:28:59.340 --> 00:29:00.340]  因為那個人是十六歲
[00:29:00.340 --> 00:29:03.340]  如果大家是十六歲是沒有問題
[00:29:03.340 --> 00:29:05.340]  所以他們會看這些
[00:29:05.340 --> 00:29:07.340]  那個人跟我說
[00:29:07.340 --> 00:29:08.340]  一個年輕人
[00:29:08.340 --> 00:29:09.340]  十幾歲的人
[00:29:09.340 --> 00:29:13.340]  有一天去找他的男同學
[00:29:13.340 --> 00:29:17.340]  他的書包想借一條充電線
[00:29:17.340 --> 00:29:20.340]  發覺有一個用過的避孕袋在裡面
[00:29:20.340 --> 00:29:21.340]  我說不是吧
[00:29:21.340 --> 00:29:22.340]  這麼環保的
[00:29:22.340 --> 00:29:24.340]  怎麼會有這樣的東西在裡面
[00:29:24.340 --> 00:29:26.340]  我覺得太恐怖了
[00:29:26.340 --> 00:29:29.340]  但那個只是中學生
[00:29:29.340 --> 00:29:31.340]  一些外邦人
[00:29:31.340 --> 00:29:33.340]  不認識神的人
[00:29:33.340 --> 00:29:35.340]  覺得沒什麼所謂
[00:29:35.340 --> 00:29:36.340]  但我們是熟神的
[00:29:36.340 --> 00:29:38.340]  我們有分別的
[00:29:38.340 --> 00:29:40.340]  外籍的人士
[00:29:40.340 --> 00:29:43.340]  很容易發生關係
[00:29:43.340 --> 00:29:44.340]  但是甚至
[00:29:44.340 --> 00:29:45.340]  中國也是這樣
[00:29:45.340 --> 00:29:47.340]  記得有一個英國人
[00:29:47.340 --> 00:29:49.340]  知不知道回到國內
[00:29:49.340 --> 00:29:52.340]  在酒吧遇到一個女士
[00:29:52.340 --> 00:29:55.340]  這個女士還是教師
[00:29:55.340 --> 00:29:57.340]  那一晚真的跟他發生關係
[00:29:57.340 --> 00:29:58.340]  還讓這個人來
[00:29:58.340 --> 00:30:00.340]  但是他拍了這些東西
[00:30:00.340 --> 00:30:03.340]  上去YouTube裡面去炫耀
[00:30:03.340 --> 00:30:06.340]  我一晚就搞定那個美女了
[00:30:06.340 --> 00:30:10.340]  原來很多不相信的人
[00:30:10.340 --> 00:30:12.340]  可以很輕率
[00:30:12.340 --> 00:30:13.340]  可以很隨便
[00:30:13.340 --> 00:30:15.340]  但是我們沒有分別出來
[00:30:15.340 --> 00:30:17.340]  我們沒有教導自己的兒女
[00:30:17.340 --> 00:30:19.340]  所以要很小心
[00:30:19.340 --> 00:30:21.340]  我們要讓真理
[00:30:21.340 --> 00:30:22.340]  管理我們的生命
[00:30:22.340 --> 00:30:23.340]  彼此守望
[00:30:23.340 --> 00:30:25.340]  我們要逃避
[00:30:25.340 --> 00:30:27.340]  少年人的私慾
[00:30:27.340 --> 00:30:29.340]  我們不可以放縱
[00:30:29.340 --> 00:30:31.340]  但更加結婚的那些
[00:30:31.340 --> 00:30:36.340]  絕對不能夠越分
[00:30:36.340 --> 00:30:37.340]  我們一起來讀
[00:30:37.340 --> 00:30:39.340]  第九前書第四章第六節
[00:30:39.340 --> 00:30:40.340]  我們一起來讀
[00:30:44.340 --> 00:30:46.340]  欺負他的弟兄
[00:30:46.340 --> 00:30:48.340]  因為這一類的事
[00:30:48.340 --> 00:30:49.340]  主必報應
[00:30:49.340 --> 00:30:52.340]  正如我預先對你們說過
[00:30:52.340 --> 00:30:55.340]  又切切祝福你們的
[00:30:55.340 --> 00:30:57.340]  因為真的有這些事發生
[00:30:57.340 --> 00:30:59.340]  所以保羅提醒我們
[00:30:59.340 --> 00:31:01.340]  你們作為基督徒
[00:31:01.340 --> 00:31:05.340]  不可以在情慾上犯錯
[00:31:05.340 --> 00:31:09.340]  特別不可以越分
[00:31:09.340 --> 00:31:14.340]  即是說對另外一個人是你的弟兄
[00:31:14.340 --> 00:31:17.340]  但你和他的太太有染
[00:31:17.340 --> 00:31:20.340]  這就是一個很嚴重的罪
[00:31:20.340 --> 00:31:21.340]  我經常說基督徒
[00:31:21.340 --> 00:31:24.340]  這三個字是沒有任何保證的
[00:31:24.340 --> 00:31:26.340]  我見過很多基督徒
[00:31:26.340 --> 00:31:29.340]  都在這件事上有失敗
[00:31:29.340 --> 00:31:31.340]  一個合神心意的王大衛
[00:31:31.340 --> 00:31:34.340]  都在這件事上犯了奸淫
[00:31:34.340 --> 00:31:36.340]  很不幸
[00:31:36.340 --> 00:31:37.340]  不單單是基督徒
[00:31:37.340 --> 00:31:38.340]  甚至有傳道人
[00:31:38.340 --> 00:31:40.340]  在這方面都會犯錯
[00:31:40.340 --> 00:31:42.340]  所以我們不要覺得自己一定可以
[00:31:42.340 --> 00:31:44.340]  我們要看到神厚偉軟弱
[00:31:44.340 --> 00:31:45.340]  你幫助我
[00:31:45.340 --> 00:31:48.340]  不可以在這件事上越分
[00:31:48.340 --> 00:31:49.340]  剛才我們說
[00:31:49.340 --> 00:31:52.340]  哥倫多的教會出現了問題
[00:31:52.340 --> 00:31:56.340]  竟然有人和自己的繼母發生關係
[00:31:56.340 --> 00:31:58.340]  但當時教會的人都沒有斥責他
[00:31:58.340 --> 00:32:00.340]  覺得這是一個罪
[00:32:00.340 --> 00:32:02.340]  這才是恐怖
[00:32:02.340 --> 00:32:04.340]  所以我們要很小心
[00:32:04.340 --> 00:32:07.340]  所以我們要留意
[00:32:07.340 --> 00:32:11.340]  今天我們要去守望
[00:32:11.340 --> 00:32:13.340]  我們要去留心
[00:32:13.340 --> 00:32:14.340]  我們更加要知道
[00:32:14.340 --> 00:32:18.340]  如果一個人犯了這些錯的時候
[00:32:18.340 --> 00:32:22.340]  他是會面對神很嚴厲的審判
[00:32:22.340 --> 00:32:24.340]  我們一起來讀
[00:32:24.340 --> 00:32:27.340]  《貼陀來吉前書》第四章第六節
[00:32:27.340 --> 00:32:29.340]  我們一起來讀出
[00:32:37.340 --> 00:32:39.340]  「正如我預先對你們說過
[00:32:39.340 --> 00:32:42.340]  又次次祝福你們的」
[00:32:42.340 --> 00:32:44.340]  神是一個公義的神
[00:32:44.340 --> 00:32:48.340]  如果在這方面犯錯的時候
[00:32:48.340 --> 00:32:51.340]  神是會嚴嚴的審判
[00:32:51.340 --> 00:32:53.340]  你不可以來逃避
[00:32:53.340 --> 00:32:56.340]  縱使你認了罪也好
[00:32:56.340 --> 00:32:58.340]  當你真誠的認罪
[00:32:58.340 --> 00:33:00.340]  神赦免了
[00:33:00.340 --> 00:33:03.340]  但是神一樣會刑罰的
[00:33:03.340 --> 00:33:05.340]  記不記得大衛剛才說
[00:33:05.340 --> 00:33:07.340]  他在這件事上不是犯了錯嗎
[00:33:07.340 --> 00:33:09.340]  搶了別人的妻子
[00:33:09.340 --> 00:33:10.340]  犯了奸人
[00:33:10.340 --> 00:33:12.340]  後來還借刀殺人
[00:33:12.340 --> 00:33:13.340]  但是後來才執筆
[00:33:13.340 --> 00:33:15.340]  他有真心悔改認罪
[00:33:15.340 --> 00:33:18.340]  才說神已經赦免了你的罪
[00:33:18.340 --> 00:33:21.340]  但是死罪可赦
[00:33:21.340 --> 00:33:23.340]  活罪難饒
[00:33:23.340 --> 00:33:26.340]  接著帶來的審判是何等大
[00:33:26.340 --> 00:33:27.340]  他自己其身不正
[00:33:27.340 --> 00:33:29.340]  所以自己的兒子
[00:33:29.340 --> 00:33:32.340]  強姦了同父異母的妹妹
[00:33:32.340 --> 00:33:34.340]  他都不敢去說他
[00:33:34.340 --> 00:33:36.340]  後來阿沙隆
[00:33:36.340 --> 00:33:38.340]  他另外一個兒子
[00:33:38.340 --> 00:33:40.340]  因為見到父親的不公平
[00:33:40.340 --> 00:33:41.340]  後來背叛他
[00:33:41.340 --> 00:33:43.340]  要追殺他
[00:33:43.340 --> 00:33:45.340]  他要逃離皇宮
[00:33:45.340 --> 00:33:47.340]  受人來帶他去
[00:33:47.340 --> 00:33:48.340]  欺壓
[00:33:48.340 --> 00:33:50.340]  所以你留意到大衛
[00:33:50.340 --> 00:33:52.340]  他只是一次眼目的情慾
[00:33:52.340 --> 00:33:56.340]  但是其實他不需要去找這個女人
[00:33:56.340 --> 00:33:57.340]  你想想
[00:33:57.340 --> 00:33:59.340]  其實他當時看不清楚
[00:33:59.340 --> 00:34:01.340]  他應該沒有用望遠鏡去看吧
[00:34:01.340 --> 00:34:03.340]  在皇宮的平台上
[00:34:03.340 --> 00:34:05.340]  他見到一個婦人
[00:34:05.340 --> 00:34:06.340]  帶他去出獄
[00:34:06.340 --> 00:34:08.340]  但是他已經生活糜爛
[00:34:08.340 --> 00:34:09.340]  你有沒有留意到
[00:34:09.340 --> 00:34:10.340]  是日頭平西
[00:34:10.340 --> 00:34:13.340]  太陽日落的時候
[00:34:13.340 --> 00:34:14.340]  他才起身
[00:34:14.340 --> 00:34:15.340]  有病
[00:34:15.340 --> 00:34:16.340]  然後
[00:34:16.340 --> 00:34:17.340]  做什麼
[00:34:17.340 --> 00:34:19.340]  打仗的
[00:34:19.340 --> 00:34:21.340]  但是他已經不需要
[00:34:21.340 --> 00:34:23.340]  御駕親征了
[00:34:23.340 --> 00:34:25.340]  在皇宮的平台上又有限
[00:34:25.340 --> 00:34:27.340]  所以我經常這樣說
[00:34:27.340 --> 00:34:28.340]  要很小心
[00:34:28.340 --> 00:34:29.340]  做事要有目標
[00:34:29.340 --> 00:34:31.340]  沒有目標你就很容易犯錯
[00:34:31.340 --> 00:34:33.340]  就像我們弟兄那樣
[00:34:33.340 --> 00:34:35.340]  我們去店舖
[00:34:35.340 --> 00:34:37.340]  去購物中心買東西
[00:34:37.340 --> 00:34:38.340]  買皮帶
[00:34:38.340 --> 00:34:39.340]  我們直入那個部門
[00:34:39.340 --> 00:34:40.340]  買完就走了
[00:34:40.340 --> 00:34:41.340]  是不是
[00:34:41.340 --> 00:34:42.340]  那些姐妹是不是
[00:34:42.340 --> 00:34:44.340]  沒什麼就出去逛逛
[00:34:44.340 --> 00:34:47.340]  但是接著就抽幾袋東西出來
[00:34:47.340 --> 00:34:49.340]  這個就是這樣
[00:34:49.340 --> 00:34:51.340]  你想想你們是不是這樣
[00:34:51.340 --> 00:34:53.340]  所以我們做事要有目標
[00:34:53.340 --> 00:34:54.340]  有目標就不會有錯
[00:34:54.340 --> 00:34:55.340]  好了
[00:34:55.340 --> 00:34:56.340]  還有
[00:34:56.340 --> 00:34:57.340]  他看到這個女人
[00:34:57.340 --> 00:34:59.340]  是一個有性的衝動
[00:34:59.340 --> 00:35:02.340]  但是不要忘記她後面有很多妃嬪
[00:35:02.340 --> 00:35:04.340]  她要解決的時候很容易
[00:35:04.340 --> 00:35:05.340]  你不要忘記
[00:35:05.340 --> 00:35:06.340]  她是要什麼
[00:35:06.340 --> 00:35:08.340]  她是要找人查那個女人是誰
[00:35:08.340 --> 00:35:10.340]  然後還要接她入宮
[00:35:10.340 --> 00:35:12.340]  是一段很長的時間
[00:35:12.340 --> 00:35:16.340]  所以這個罪是不斷地滋生
[00:35:16.340 --> 00:35:18.340]  沒有好好地對付
[00:35:18.340 --> 00:35:19.340]  於是犯了這個錯
[00:35:19.340 --> 00:35:20.340]  好了
[00:35:20.340 --> 00:35:21.340]  後來他真的認了罪
[00:35:21.340 --> 00:35:24.340]  但是後來他就要被人追殺
[00:35:24.340 --> 00:35:26.340]  被自己的兒子追殺
[00:35:26.340 --> 00:35:28.340]  接著他逃亡的時候
[00:35:28.340 --> 00:35:30.340]  那些汴雅文人來到怎樣
[00:35:30.340 --> 00:35:31.340]  咒罵他
[00:35:31.340 --> 00:35:33.340]  找泥沙殺他
[00:35:33.340 --> 00:35:35.340]  活該
[00:35:35.340 --> 00:35:37.340]  他已經死了一個罪
[00:35:37.340 --> 00:35:39.340]  但是仍然有這個刑罰
[00:35:39.340 --> 00:35:41.340]  所以我們要很小心
[00:35:41.340 --> 00:35:43.340]  我們要從心開始
[00:35:43.340 --> 00:35:45.340]  一會兒會再跟大家說
[00:35:45.340 --> 00:35:46.340]  心在猶太人來說
[00:35:46.340 --> 00:35:48.340]  不是指感情
[00:35:48.340 --> 00:35:49.340]  是指理性
[00:35:49.340 --> 00:35:50.340]  我們要想一想
[00:35:50.340 --> 00:35:52.340]  原來一個人犯奸人的時候
[00:35:52.340 --> 00:35:55.340]  是會傷害了他的配偶
[00:35:55.340 --> 00:35:59.340]  有哪個配偶可以很榮讓自己的另一半
[00:35:59.340 --> 00:36:01.340]  跟別人發生關係
[00:36:01.340 --> 00:36:03.340]  他知道一定會受很大的傷害
[00:36:03.340 --> 00:36:05.340]  關係一定會決裂
[00:36:05.340 --> 00:36:07.340]  也會傷害了當事人
[00:36:07.340 --> 00:36:09.340]  還有如果他的朋友
[00:36:09.340 --> 00:36:10.340]  知道他犯了這些錯
[00:36:10.340 --> 00:36:11.340]  去阻止他
[00:36:11.340 --> 00:36:12.340]  勸他
[00:36:12.340 --> 00:36:13.340]  但是不聽的時候
[00:36:13.340 --> 00:36:15.340]  他甚至不會再跟這些朋友在一起
[00:36:15.340 --> 00:36:17.340]  傷害了他的朋友
[00:36:17.340 --> 00:36:20.340]  如果他有兒女的時候
[00:36:20.340 --> 00:36:22.340]  那些兒女會怎樣
[00:36:22.340 --> 00:36:24.340]  你想想何生何態
[00:36:24.340 --> 00:36:26.340]  何生那幾個小女
[00:36:26.340 --> 00:36:29.340]  見到他跟何太太在一起的時候
[00:36:29.340 --> 00:36:30.340]  關係會怎樣
[00:36:30.340 --> 00:36:31.340]  決裂了
[00:36:31.340 --> 00:36:32.340]  不只是那四百五十萬
[00:36:32.340 --> 00:36:33.340]  是不是
[00:36:33.340 --> 00:36:36.340]  所以會令到兒女受傷害
[00:36:36.340 --> 00:36:37.340]  如果是基督徒
[00:36:37.340 --> 00:36:39.340]  更加傷害了教會
[00:36:39.340 --> 00:36:41.340]  所以求神來幫助我們
[00:36:41.340 --> 00:36:42.340]  我們會看看
[00:36:42.340 --> 00:36:45.340]  原來神呼召我們是什麼
[00:36:45.340 --> 00:36:46.340]  我們讀第七第八兩節
[00:36:46.340 --> 00:36:48.340]  我們一起來讀出
[00:36:48.340 --> 00:36:49.340]  神召我們
[00:36:49.340 --> 00:36:52.340]  本不是要我們沾染污穢
[00:36:52.340 --> 00:36:55.340]  乃是要我們成為聖潔
[00:36:55.340 --> 00:36:57.340]  所以那棄絕的
[00:36:57.340 --> 00:36:58.340]  不是棄絕人
[00:36:58.340 --> 00:37:02.340]  乃是棄絕那次聖靈給你們的神
[00:37:02.340 --> 00:37:04.340]  原來神呼召我們
[00:37:04.340 --> 00:37:05.340]  就是要我們脫離罪惡
[00:37:05.340 --> 00:37:06.340]  成為聖潔
[00:37:06.340 --> 00:37:07.340]  分別出來
[00:37:07.340 --> 00:37:09.340]  如果我們犯了這個錯
[00:37:09.340 --> 00:37:11.340]  我們沒有理由聽神的命令
[00:37:11.340 --> 00:37:12.340]  這樣的時候
[00:37:12.340 --> 00:37:13.340]  原來我們得罪的
[00:37:13.340 --> 00:37:15.340]  不是單單得罪對方
[00:37:15.340 --> 00:37:17.340]  我們更加得罪了我們的神
[00:37:17.340 --> 00:37:18.340]  神愛我們
[00:37:18.340 --> 00:37:19.340]  但是我們犯了這個錯
[00:37:19.340 --> 00:37:22.340]  我們自絕於我們的神
[00:37:22.340 --> 00:37:24.340]  是很嚴重的
[00:37:24.340 --> 00:37:26.340]  所以求神來幫助我們
[00:37:26.340 --> 00:37:27.340]  我們很清楚
[00:37:27.340 --> 00:37:29.340]  聖經提醒我們
[00:37:29.340 --> 00:37:31.340]  作為一個結束
[00:37:31.340 --> 00:37:32.340]  我們一起來讀
[00:37:32.340 --> 00:37:33.340]  已不疏書第五章第五節
[00:37:33.340 --> 00:37:35.340]  我們一起來讀出
[00:37:35.340 --> 00:37:37.340]  因為你們確實的知道
[00:37:37.340 --> 00:37:39.340]  無論是淫亂的
[00:37:39.340 --> 00:37:40.340]  是污穢的
[00:37:40.340 --> 00:37:42.340]  是有貪心的
[00:37:42.340 --> 00:37:44.340]  在基督和神的國裡
[00:37:44.340 --> 00:37:46.340]  都是無分的
[00:37:46.340 --> 00:37:50.340]  不要因為肉體煞那的歡愉
[00:37:50.340 --> 00:37:53.340]  帶來你永恆的失敗
[00:37:53.340 --> 00:37:55.340]  原來聖經很清楚的說
[00:37:55.340 --> 00:37:56.340]  淫亂的
[00:37:56.340 --> 00:37:57.340]  污穢的
[00:37:57.340 --> 00:37:59.340]  在神的國度裡
[00:37:59.340 --> 00:38:01.340]  是無分的
[00:38:01.340 --> 00:38:04.340]  有時候這個社會裡
[00:38:04.340 --> 00:38:07.340]  就一直把罪包裝得很美麗
[00:38:07.340 --> 00:38:09.340]  好了
[00:38:09.340 --> 00:38:11.340]  如果在婚姻以外有第三者
[00:38:11.340 --> 00:38:12.340]  哎呀
[00:38:12.340 --> 00:38:14.340]  他有婚外情
[00:38:14.340 --> 00:38:16.340]  這麼美麗
[00:38:16.340 --> 00:38:17.340]  婚外情
[00:38:17.340 --> 00:38:19.340]  他們犯了奸淫
[00:38:19.340 --> 00:38:21.340]  這些是奸夫淫婦
[00:38:21.340 --> 00:38:23.340]  這些是狗男女
[00:38:23.340 --> 00:38:25.340]  在這個世代不要說這些
[00:38:25.340 --> 00:38:27.340]  太過份了
[00:38:27.340 --> 00:38:29.340]  甚至是歌頌
[00:38:29.340 --> 00:38:31.340]  這些很浪漫的愛
[00:38:31.340 --> 00:38:33.340]  錯的
[00:38:33.340 --> 00:38:35.340]  如果我們從心開始
[00:38:35.340 --> 00:38:37.340]  剛才我說
[00:38:37.340 --> 00:38:39.340]  聖經裡告訴我們
[00:38:39.340 --> 00:38:41.340]  我們
[00:38:41.340 --> 00:38:43.340]  要知道
[00:38:43.340 --> 00:38:45.340]  心是理性
[00:38:45.340 --> 00:38:47.340]  所以
[00:38:47.340 --> 00:38:48.340]  犯一個錯
[00:38:48.340 --> 00:38:49.340]  原來這麼嚴重
[00:38:49.340 --> 00:38:51.340]  你就不會犯錯
[00:38:51.340 --> 00:38:53.340]  有些少年我經常在香港
[00:38:53.340 --> 00:38:55.340]  專門關心吸毒的人
[00:38:55.340 --> 00:38:57.340]  來拍攝小丸子
[00:38:57.340 --> 00:38:58.340]  喝咳藥水
[00:38:58.340 --> 00:39:00.340]  很興奮
[00:39:00.340 --> 00:39:01.340]  跟他們說
[00:39:01.340 --> 00:39:02.340]  喝咳藥水很爽
[00:39:02.340 --> 00:39:04.340]  是呀很爽的
[00:39:04.340 --> 00:39:05.340]  你有沒有喝強水
[00:39:05.340 --> 00:39:06.340]  神經病
[00:39:06.340 --> 00:39:07.340]  喝強水
[00:39:07.340 --> 00:39:09.340]  沒命了
[00:39:09.340 --> 00:39:12.340]  為什麼不喝強水
[00:39:12.340 --> 00:39:13.340]  因為他知道
[00:39:13.340 --> 00:39:14.340]  一喝強水
[00:39:14.340 --> 00:39:16.340]  死定了
[00:39:16.340 --> 00:39:19.340]  他們會拍小丸子
[00:39:19.340 --> 00:39:21.340]  他會示範叫
[00:39:21.340 --> 00:39:23.340]  是不會的
[00:39:23.340 --> 00:39:24.340]  因為他知道
[00:39:24.340 --> 00:39:25.340]  那些是很可怕的
[00:39:25.340 --> 00:39:28.340]  所以今天我們要從心開始
[00:39:28.340 --> 00:39:30.340]  我們要有這個裝備
[00:39:30.340 --> 00:39:32.340]  所以聖經裡說
[00:39:32.340 --> 00:39:34.340]  要保守你的心
[00:39:34.340 --> 00:39:36.340]  勝過保守一切
[00:39:36.340 --> 00:39:37.340]  因為一生的果效
[00:39:37.340 --> 00:39:39.340]  是從心裡發出
[00:39:39.340 --> 00:39:41.340]  所以我們要有
[00:39:41.340 --> 00:39:43.340]  思想上的裝備
[00:39:43.340 --> 00:39:44.340]  記得
[00:39:44.340 --> 00:39:46.340]  今天神父召我們
[00:39:46.340 --> 00:39:49.340]  是要我們過聖潔的生活
[00:39:49.340 --> 00:39:51.340]  去榮耀祂
[00:39:51.340 --> 00:39:53.340]  聖潔的生活是怎樣
[00:39:53.340 --> 00:39:56.340]  是要逃避這個情慾
[00:39:56.340 --> 00:39:58.340]  但不是單單逃避
[00:39:58.340 --> 00:40:00.340]  是要有弟兄姊妹
[00:40:00.340 --> 00:40:03.340]  一起追求更好的美德
[00:40:03.340 --> 00:40:06.340]  然後我們更加個人
[00:40:06.340 --> 00:40:07.340]  是好好的
[00:40:07.340 --> 00:40:09.340]  去研讀神的話語
[00:40:09.340 --> 00:40:13.340]  讓真理駛到我們聖潔
[00:40:13.340 --> 00:40:15.340]  而我們更加要
[00:40:15.340 --> 00:40:17.340]  理解是要小心
[00:40:17.340 --> 00:40:19.340]  不可以放縱自己
[00:40:19.340 --> 00:40:21.340]  我們要有discipline
[00:40:21.340 --> 00:40:23.340]  在這個世代裡
[00:40:23.340 --> 00:40:25.340]  在英國
[00:40:25.340 --> 00:40:27.340]  仍然有很多的誘惑
[00:40:27.340 --> 00:40:30.340]  但只要求神幫助我們
[00:40:30.340 --> 00:40:33.340]  我們千萬不要覺得自己可以
[00:40:33.340 --> 00:40:35.340]  我們要覺得自己
[00:40:35.340 --> 00:40:37.340]  我是不可以的
[00:40:37.340 --> 00:40:38.340]  我會有軟弱的
[00:40:38.340 --> 00:40:40.340]  所以求神憐憫我
[00:40:40.340 --> 00:40:42.340]  這個是很重要的
[00:40:42.340 --> 00:40:45.340]  最後用一個見證作為結束
[00:40:45.340 --> 00:40:47.340]  我不知道那些女士
[00:40:47.340 --> 00:40:51.340]  很流行來大爺去問你
[00:40:51.340 --> 00:40:53.340]  你可不可以一生一世愛我
[00:40:53.340 --> 00:40:55.340]  很多年之前
[00:40:55.340 --> 00:40:57.340]  我太太有晚睡覺的時候
[00:40:57.340 --> 00:40:58.340]  都問我
[00:40:58.340 --> 00:41:00.340]  你告訴我
[00:41:00.340 --> 00:41:02.340]  你會不會一生一世地愛我
[00:41:02.340 --> 00:41:04.340]  我想我死了犯了什麼錯
[00:41:04.340 --> 00:41:05.340]  突然間這樣問我
[00:41:05.340 --> 00:41:07.340]  我就很坦誠地跟她說
[00:41:07.340 --> 00:41:09.340]  不好意思
[00:41:09.340 --> 00:41:11.340]  我沒有這個把握
[00:41:11.340 --> 00:41:12.340]  啊
[00:41:12.340 --> 00:41:14.340]  我是很真誠的
[00:41:14.340 --> 00:41:16.340]  我真的沒有這個把握
[00:41:16.340 --> 00:41:17.340]  她馬上坐在身上
[00:41:17.340 --> 00:41:18.340]  你再說
[00:41:18.340 --> 00:41:20.340]  我都仍然堅持這句
[00:41:20.340 --> 00:41:21.340]  我真的沒有把握
[00:41:21.340 --> 00:41:22.340]  一生一世
[00:41:22.340 --> 00:41:23.340]  我們的生死太長了
[00:41:23.340 --> 00:41:24.340]  不過
[00:41:24.340 --> 00:41:25.340]  我告訴你
[00:41:25.340 --> 00:41:27.340]  在這一刻裡
[00:41:27.340 --> 00:41:29.340]  你是我最愛
[00:41:29.340 --> 00:41:32.340]  沒有人可以超越你的地位
[00:41:32.340 --> 00:41:34.340]  教弟兄們
[00:41:34.340 --> 00:41:36.340]  還有一句
[00:41:36.340 --> 00:41:38.340]  我沒有把握
[00:41:38.340 --> 00:41:40.340]  一生一世愛你
[00:41:40.340 --> 00:41:41.340]  但我也有把握
[00:41:41.340 --> 00:41:42.340]  明天也是這樣
[00:41:42.340 --> 00:41:43.340]  因為那晚已經十一點
[00:41:43.340 --> 00:41:44.340]  快要十二點了
[00:41:44.340 --> 00:41:46.340]  很快就要到明天了
[00:41:46.340 --> 00:41:48.340]  啊
[00:41:48.340 --> 00:41:50.340]  明天我都會這樣對你
[00:41:50.340 --> 00:41:52.340]  接著這一句才是最重要
[00:41:52.340 --> 00:41:54.340]  是令我得救的
[00:41:54.340 --> 00:41:56.340]  我會用這種態度
[00:41:56.340 --> 00:41:58.340]  去過我每一天
[00:41:58.340 --> 00:41:59.340]  耶
[00:41:59.340 --> 00:42:00.340]  是不是呢
[00:42:00.340 --> 00:42:02.340]  原來一生一世是什麼呢
[00:42:02.340 --> 00:42:04.340]  是每一天加上去的
[00:42:04.340 --> 00:42:07.340]  所以你不需要去祈禱很遠
[00:42:07.340 --> 00:42:10.340]  我每一天的禱告是什麼呢
[00:42:10.340 --> 00:42:12.340]  我今晚或者明天錄影
[00:42:12.340 --> 00:42:13.340]  善良就說
[00:42:13.340 --> 00:42:14.340]  我講怎麼看人生
[00:42:14.340 --> 00:42:15.340]  因為為什麼呢
[00:42:15.340 --> 00:42:16.340]  因為你積極無私離開
[00:42:16.340 --> 00:42:18.340]  我有很大感慨
[00:42:18.340 --> 00:42:19.340]  我今個月就生日了
[00:42:19.340 --> 00:42:21.340]  又一個新的年齡了
[00:42:21.340 --> 00:42:22.340]  真的不知道有多少日子
[00:42:22.340 --> 00:42:24.340]  你知道我每天起床的時候
[00:42:24.340 --> 00:42:25.340]  我都是馬上禱告
[00:42:25.340 --> 00:42:27.340]  主啊我感謝你
[00:42:27.340 --> 00:42:29.340]  你讓我過了一天
[00:42:29.340 --> 00:42:31.340]  你祝福我今天
[00:42:31.340 --> 00:42:33.340]  善用我的時間
[00:42:33.340 --> 00:42:35.340]  不要浪費
[00:42:35.340 --> 00:42:37.340]  你幫助我今天
[00:42:37.340 --> 00:42:39.340]  不要犯錯
[00:42:39.340 --> 00:42:41.340]  偏離你
[00:42:41.340 --> 00:42:43.340]  一天是不是很容易過啊
[00:42:43.340 --> 00:42:45.340]  特別你起得很晚的時候
[00:42:45.340 --> 00:42:47.340]  那天更容易過
[00:42:47.340 --> 00:42:49.340]  但是只要你這樣
[00:42:49.340 --> 00:42:51.340]  是為一天去禱告
[00:42:51.340 --> 00:42:53.340]  而你每一天這樣做的時候
[00:42:53.340 --> 00:42:55.340]  你就可以成功
[00:42:55.340 --> 00:42:57.340]  很願意
[00:42:57.340 --> 00:42:59.340]  大家藉著這篇訊息
[00:42:59.340 --> 00:43:01.340]  聖靈的提醒
[00:43:01.340 --> 00:43:03.340]  能夠復興聖潔
[00:43:03.340 --> 00:43:05.340]  土神喜悅
[00:43:05.340 --> 00:43:07.340]  用這篇經文
[00:43:07.340 --> 00:43:09.340]  作為結束
[00:43:09.340 --> 00:43:11.340]  我們一起來讀書
[00:43:11.340 --> 00:43:13.340]  你要保守你的心
[00:43:13.340 --> 00:43:15.340]  勝過保守一切
[00:43:15.340 --> 00:43:17.340]  因為一生的果效
[00:43:17.340 --> 00:43:19.340]  是由心發出
[00:43:19.340 --> 00:43:21.340]  記住
[00:43:21.340 --> 00:43:23.340]  我們的思想上有很多裝備
[00:43:23.340 --> 00:43:25.340]  保守我們的心
[00:43:25.340 --> 00:43:27.340]  於是你有正確的思想
[00:43:27.340 --> 00:43:29.340]  就有正確的行為
[00:43:29.340 --> 00:43:31.340]  求神你有幫助我們
[00:43:31.340 --> 00:43:33.340]  我們低頭禱告
