
[00:00:00.000 --> 00:00:02.720]  弟兄姊妹平安,我們再一次街頭祈禱
[00:00:02.720 --> 00:00:06.800]  天父願祢帶領我們再一次讀祢的說話的時候
[00:00:06.800 --> 00:00:10.940]  我們都感受到祢話語的嚴重
[00:00:10.940 --> 00:00:14.480]  和祢話語那種語重心長的怨勉
[00:00:14.480 --> 00:00:18.220]  願祢都是親自的藉著聖靈在我們心裏面
[00:00:18.220 --> 00:00:19.740]  和我們每個人講說話
[00:00:19.740 --> 00:00:21.460]  叫我們聽到祢的警告
[00:00:21.460 --> 00:00:24.880]  也都聽到祢對我們的呼召
[00:00:24.880 --> 00:00:26.280]  奉耶穌基督的名祈求
[00:00:26.280 --> 00:00:26.960]  阿們
[00:00:28.580 --> 00:00:31.640]  今天讀這一段聖經
[00:00:31.640 --> 00:00:33.300]  剛才已經讀過了
[00:00:33.300 --> 00:00:36.740]  在希伯來書第五章十一至十二節
[00:00:36.740 --> 00:00:37.740]  至六章十二節
[00:00:37.740 --> 00:00:44.320]  基本上是一段非常之嚴重的警告信息
[00:00:44.320 --> 00:00:50.800]  可能大家比較少聽這一類警告信息
[00:00:50.800 --> 00:00:54.400]  因為比較多的時候
[00:00:54.400 --> 00:00:57.820]  我們都會思想到神對我們的恩典
[00:00:57.820 --> 00:00:59.880]  神對我們的愛
[00:00:59.880 --> 00:01:03.780]  但是事實上這一部分的信息
[00:01:03.780 --> 00:01:08.440]  在聖經當中是有的
[00:01:08.440 --> 00:01:10.320]  而且是非常之嚴重
[00:01:10.320 --> 00:01:13.660]  事實上解釋這一段聖經的時候
[00:01:13.660 --> 00:01:14.620]  很多時候
[00:01:14.620 --> 00:01:21.860]  聽過其他目者解釋這段聖經的時候
[00:01:21.860 --> 00:01:24.580]  很多時候都會將這一段聖經
[00:01:24.580 --> 00:01:30.140]  跟其他的聖經做一個對照
[00:01:30.140 --> 00:01:31.700]  或者去比較
[00:01:31.700 --> 00:01:36.660]  去講回這一段聖經真正的意思
[00:01:36.660 --> 00:01:40.060]  對比其他整體的聖經
[00:01:40.060 --> 00:01:43.020]  特別是關於恩順清二
[00:01:43.020 --> 00:01:47.760]  關於靠著恩典去得救
[00:01:47.760 --> 00:01:50.460]  那些來做一個比較
[00:01:50.460 --> 00:01:52.300]  但是
[00:01:52.300 --> 00:01:54.420]  當然是很重要的
[00:01:54.420 --> 00:01:55.360]  就是恩順清二
[00:01:55.360 --> 00:01:59.500]  剛剛今天我們的新城要你問答的時候
[00:01:59.500 --> 00:02:02.460]  剛才都講到恩順清二
[00:02:02.460 --> 00:02:04.200]  恩順清二的意思就是說
[00:02:04.200 --> 00:02:07.540]  我們是憑著信心領受神的恩典
[00:02:07.540 --> 00:02:09.020]  去到神的面前來的
[00:02:09.020 --> 00:02:11.980]  不是靠著我們的功勞
[00:02:11.980 --> 00:02:15.820]  不是靠著我們為神做些什麼
[00:02:15.820 --> 00:02:17.860]  或者我們有什麼好行為
[00:02:17.860 --> 00:02:20.420]  來在神面前換取恩典
[00:02:20.420 --> 00:02:23.300]  這個就是基本的恩順清二的道理
[00:02:23.300 --> 00:02:28.260]  我想很多信了耶穌的朋友
[00:02:28.260 --> 00:02:32.020]  弟兄姊妹都會非常熟悉的了
[00:02:32.020 --> 00:02:34.620]  但是今天我解釋這一段聖經的時候
[00:02:34.620 --> 00:02:38.980]  我就不會嘗試從這個角度來講的
[00:02:38.980 --> 00:02:41.980]  因為我發覺這是一個非常之
[00:02:41.980 --> 00:02:46.980]  需要獨立去思想的一個課題
[00:02:46.980 --> 00:02:49.740]  因為今天所講這一段的信息
[00:02:49.740 --> 00:02:53.260]  是一段非常之嚴厲的警告
[00:02:53.260 --> 00:02:56.540]  我舉個例子你就會明白
[00:02:56.540 --> 00:02:58.100]  為什麼我會選擇
[00:02:58.100 --> 00:03:01.140]  不會將它和恩順清二合起來講
[00:03:01.140 --> 00:03:02.820]  為什麼呢?
[00:03:02.820 --> 00:03:05.220]  譬如如果有一個小孩
[00:03:05.220 --> 00:03:14.500]  他做了一些很不對的事情
[00:03:14.500 --> 00:03:20.580]  媽媽看到他做了一些很不對的事情
[00:03:20.580 --> 00:03:21.540]  就跟他說
[00:03:21.540 --> 00:03:22.700]  你千萬不要這樣
[00:03:22.700 --> 00:03:26.980]  你再這樣我會罰你很嚴重的
[00:03:26.980 --> 00:03:31.220]  甚至乎你再這樣我會趕你出街的
[00:03:31.220 --> 00:03:35.980]  這是一個很嚴厲的媽媽對這個小孩的警告
[00:03:35.980 --> 00:03:40.060]  因為她覺得她做了這件事是很錯的時候
[00:03:40.060 --> 00:03:44.660]  需要有一個這麼嚴厲的警告給他聽
[00:03:44.660 --> 00:03:46.380]  但是如果你想一下
[00:03:46.380 --> 00:03:49.380]  當這個小孩聽了這樣的警告
[00:03:49.380 --> 00:03:52.260]  這個媽媽也講出了這樣的警告的時候
[00:03:52.260 --> 00:03:54.940]  她隔壁有一個鄰居
[00:03:54.940 --> 00:03:59.220]  聽了一個媽媽這樣講的時候
[00:03:59.220 --> 00:04:03.940]  他就走去前面跟那個小孩說
[00:04:03.940 --> 00:04:05.220]  你不需要這樣想的
[00:04:05.220 --> 00:04:07.220]  你媽媽其實很愛你的
[00:04:07.220 --> 00:04:09.820]  她無論怎樣都不會趕你出街的
[00:04:09.820 --> 00:04:11.700]  怎會做孤兒
[00:04:11.700 --> 00:04:13.220]  所以你放心
[00:04:13.220 --> 00:04:17.580]  她一定愛你愛到底的
[00:04:17.580 --> 00:04:24.740]  你覺得那個鄰居講這個話是幫了那個小孩
[00:04:24.740 --> 00:04:28.660]  還是害了那個小孩呢
[00:04:28.660 --> 00:04:31.700]  我相信是後者
[00:04:31.700 --> 00:04:35.660]  因為在那個時候他是需要聽警告的
[00:04:35.660 --> 00:04:39.580]  沒錯那個鄰居講的每一句都是真的
[00:04:39.580 --> 00:04:42.580]  每一句都是對的說話
[00:04:42.580 --> 00:04:45.860]  但是我相信在其他的時間
[00:04:45.860 --> 00:04:47.860]  可能他媽媽也會跟他說
[00:04:47.860 --> 00:04:48.860]  我有多愛你啊
[00:04:48.860 --> 00:04:50.860]  我有多接納你啊
[00:04:50.860 --> 00:04:52.860]  無論你多失敗
[00:04:52.860 --> 00:04:55.860]  我都會完全接納你的
[00:04:55.860 --> 00:05:01.860]  但是在他做那個很嚴重的錯誤的時候
[00:05:01.860 --> 00:05:04.860]  他需要聽的就不是那些
[00:05:04.860 --> 00:05:05.860]  我有多愛你啊
[00:05:05.860 --> 00:05:07.860]  你無論多錯都會接納你的
[00:05:07.860 --> 00:05:13.860]  那些給他保證的話
[00:05:13.860 --> 00:05:17.860]  真正在那個時刻那個小孩需要聽的說話
[00:05:17.860 --> 00:05:20.860]  可能就是一個很嚴厲的警告
[00:05:20.860 --> 00:05:21.860]  喂
[00:05:21.860 --> 00:05:22.860]  你小心點啊
[00:05:22.860 --> 00:05:26.860]  你這樣後果不堪設想啊
[00:05:26.860 --> 00:05:27.860]  你再這樣下去
[00:05:27.860 --> 00:05:28.860]  你這樣再走這條路
[00:05:28.860 --> 00:05:31.860]  你真的要醒一醒啊
[00:05:31.860 --> 00:05:32.860]  是不是
[00:05:32.860 --> 00:05:34.860]  你說兩句說話
[00:05:34.860 --> 00:05:36.860]  兩種的
[00:05:36.860 --> 00:05:39.860]  哪一個是對哪一個是錯呢
[00:05:39.860 --> 00:05:42.860]  其實沒有說哪個對哪個錯的
[00:05:42.860 --> 00:05:44.860]  那個媽媽無條件的愛他
[00:05:44.860 --> 00:05:46.860]  一定是這樣
[00:05:46.860 --> 00:05:48.860]  或者那個媽媽說
[00:05:48.860 --> 00:05:49.860]  你再這樣下去
[00:05:49.860 --> 00:05:51.860]  你就死路一條了
[00:05:51.860 --> 00:05:52.860]  再這樣下去
[00:05:52.860 --> 00:05:53.860]  我都不認你這個兒子
[00:05:53.860 --> 00:05:56.860]  你到時這樣
[00:05:56.860 --> 00:05:58.860]  也都可能會發生的
[00:05:58.860 --> 00:06:03.860]  但是如果你將兩個
[00:06:03.860 --> 00:06:06.860]  每一次說事第一遍
[00:06:06.860 --> 00:06:09.860]  又要將另一邊夾在一起呢
[00:06:09.860 --> 00:06:12.860]  那怎麼辦呢
[00:06:12.860 --> 00:06:15.860]  那就變成兩邊都聽不到
[00:06:15.860 --> 00:06:19.860]  那個嚴厲的警告聽得不是那麼嚴厲
[00:06:19.860 --> 00:06:22.860]  那個安慰的時候也都不覺得有多安慰
[00:06:22.860 --> 00:06:26.860]  因為都聽慣了這些說話
[00:06:26.860 --> 00:06:28.860]  我相信就是
[00:06:28.860 --> 00:06:32.860]  這個就是很多時候解釋這段聖經的時候
[00:06:32.860 --> 00:06:35.860]  的一種張力
[00:06:35.860 --> 00:06:37.860]  就是其中
[00:06:37.860 --> 00:06:39.860]  很多時候我們
[00:06:39.860 --> 00:06:42.860]  將聖經的警告本身
[00:06:42.860 --> 00:06:46.860]  很快地都還沒聽那個警告的嚴厲
[00:06:46.860 --> 00:06:47.860]  還沒聽完
[00:06:47.860 --> 00:06:50.860]  接著就很快地要將它解釋為
[00:06:50.860 --> 00:06:52.860]  不一定是這樣的
[00:06:52.860 --> 00:06:55.860]  無論如何神都愛你的
[00:06:55.860 --> 00:06:59.860]  但是那一刻神在罵人
[00:06:59.860 --> 00:07:01.860]  是不是
[00:07:01.860 --> 00:07:03.860]  當神在罵人的時候
[00:07:03.860 --> 00:07:06.860]  你不如靜靜地
[00:07:06.860 --> 00:07:09.860]  聽聽他罵些什麼
[00:07:09.860 --> 00:07:11.860]  關不關自己的事
[00:07:11.860 --> 00:07:13.860]  那個是不是更加
[00:07:13.860 --> 00:07:16.860]  一個重要的一個聆聽的態度呢
[00:07:16.860 --> 00:07:20.860]  我覺得其實我們都需要是這樣來看聖經的
[00:07:20.860 --> 00:07:22.860]  有時候
[00:07:22.860 --> 00:07:23.860]  就是
[00:07:23.860 --> 00:07:26.860]  我是誰
[00:07:26.860 --> 00:07:29.860]  有資格來評論
[00:07:29.860 --> 00:07:32.860]  神適不適合這樣罵人呢
[00:07:32.860 --> 00:07:36.860]  你明白我說這句話是什麼意思嗎
[00:07:36.860 --> 00:07:37.860]  神現在罵得這麼嚴厲的時候
[00:07:37.860 --> 00:07:40.860]  很多時候我們很想跟神補妃
[00:07:40.860 --> 00:07:41.860]  就是說
[00:07:41.860 --> 00:07:43.860]  神不是這麼嚴厲的
[00:07:43.860 --> 00:07:44.860]  放心
[00:07:44.860 --> 00:07:48.860]  你無論如何神都愛你的
[00:07:48.860 --> 00:07:49.860]  我們好像
[00:07:49.860 --> 00:07:51.860]  神明明已經罵得很厲害的時候
[00:07:51.860 --> 00:07:53.860]  我們就要在後面跟神補妃
[00:07:53.860 --> 00:07:56.860]  好像怕神罵到過了火
[00:07:56.860 --> 00:07:58.860]  好像有些家長打到
[00:07:58.860 --> 00:08:00.860]  打小孩打到
[00:08:00.860 --> 00:08:02.860]  殺紅了眼不懂得收手的時候
[00:08:02.860 --> 00:08:07.860]  要隔壁鄰居扯著他的藤條
[00:08:07.860 --> 00:08:09.860]  不要打得這麼嚴重
[00:08:09.860 --> 00:08:11.860]  神不是這樣的
[00:08:11.860 --> 00:08:13.860]  我們也是河海人
[00:08:13.860 --> 00:08:14.860]  想扯著神的藤條
[00:08:14.860 --> 00:08:16.860]  我們也沒有這樣的
[00:08:16.860 --> 00:08:19.860]  不需要做一個這樣的位置
[00:08:19.860 --> 00:08:20.860]  既然是這樣的時候
[00:08:20.860 --> 00:08:22.860]  所以讀聖經的時候
[00:08:22.860 --> 00:08:24.860]  我想我們就需要有一個
[00:08:24.860 --> 00:08:27.860]  真的有一個謙卑的態度
[00:08:27.860 --> 00:08:32.860]  真的去聆聽究竟神的說話
[00:08:32.860 --> 00:08:34.860]  在說些什麼呢
[00:08:34.860 --> 00:08:37.860]  祂說的嚴厲
[00:08:37.860 --> 00:08:40.860]  我們有沒有聽得進去呢
[00:08:40.860 --> 00:08:44.860]  我覺得這個比任何的解釋
[00:08:44.860 --> 00:08:46.860]  更加的重要
[00:08:46.860 --> 00:08:49.860]  所以我不會嘗試去將一些
[00:08:49.860 --> 00:08:53.860]  如果聖經是一些很嚴厲的罵人的話
[00:08:53.860 --> 00:08:54.860]  將它說為
[00:08:54.860 --> 00:08:56.860]  解釋完一輪
[00:08:56.860 --> 00:08:59.860]  然後覺得其他的就可以解釋
[00:08:59.860 --> 00:09:01.860]  將那個嚴厲性拿走
[00:09:01.860 --> 00:09:04.860]  我覺得這樣的解釋是不對的
[00:09:04.860 --> 00:09:06.860]  不應該這樣去解釋
[00:09:06.860 --> 00:09:08.860]  因為我是河海人
[00:09:08.860 --> 00:09:10.860]  神既然罵得這麼嚴厲的時候
[00:09:10.860 --> 00:09:11.860]  我就要傳遞
[00:09:11.860 --> 00:09:14.860]  神在這個時間就罵得這麼嚴厲
[00:09:14.860 --> 00:09:17.860]  讓我們真的去聆聽
[00:09:17.860 --> 00:09:19.860]  究竟神所說的這段話
[00:09:19.860 --> 00:09:21.860]  和我們是不是有關係呢
[00:09:21.860 --> 00:09:24.860]  我想這個是更加重要的態度
[00:09:24.860 --> 00:09:26.860]  好了
[00:09:26.860 --> 00:09:29.860]  說了大前題
[00:09:29.860 --> 00:09:31.860]  我怎樣去解釋這段聖經的時候
[00:09:31.860 --> 00:09:32.860]  現在就聆聽一下
[00:09:32.860 --> 00:09:34.860]  因為希伯來書這裡
[00:09:34.860 --> 00:09:36.860]  其實是一個很嚴厲的警告
[00:09:36.860 --> 00:09:38.860]  作者寫到這裡的時候
[00:09:38.860 --> 00:09:39.860]  所以他說
[00:09:39.860 --> 00:09:41.860]  論道物機細得
[00:09:41.860 --> 00:09:42.860]  我們有好些話
[00:09:42.860 --> 00:09:43.860]  並且難以解明
[00:09:43.860 --> 00:09:45.860]  因為你們聽不進去
[00:09:45.860 --> 00:09:48.860]  這裡的作者就已經
[00:09:48.860 --> 00:09:51.860]  本來其實他前面已經在說
[00:09:51.860 --> 00:09:55.860]  大祭司耶穌基督為我們成就了救贖
[00:09:55.860 --> 00:09:57.860]  有多麼的完備
[00:09:57.860 --> 00:10:00.860]  這個大祭司有多麼的厲害
[00:10:00.860 --> 00:10:03.860]  甚至超越了所有的祭司
[00:10:03.860 --> 00:10:06.860]  他本來是想繼續去解釋
[00:10:06.860 --> 00:10:11.860]  耶穌基督的完整的救贖是怎樣的
[00:10:11.860 --> 00:10:13.860]  物機細得究竟是
[00:10:13.860 --> 00:10:15.860]  那種祭司究竟是怎樣的
[00:10:15.860 --> 00:10:16.860]  但是他說到這裡
[00:10:16.860 --> 00:10:17.860]  突然間閘住了
[00:10:17.860 --> 00:10:19.860]  他心裡面突然間
[00:10:19.860 --> 00:10:21.860]  一想起
[00:10:21.860 --> 00:10:24.860]  我跟你們說
[00:10:24.860 --> 00:10:26.860]  沒什麼意思的
[00:10:26.860 --> 00:10:28.860]  你們聽不明白的話
[00:10:28.860 --> 00:10:29.860]  於是他就說
[00:10:29.860 --> 00:10:31.860]  論道物機細得
[00:10:31.860 --> 00:10:33.860]  我們有好些話
[00:10:33.860 --> 00:10:34.860]  並且難以解明
[00:10:34.860 --> 00:10:37.860]  因為你們聽不進去
[00:10:37.860 --> 00:10:40.860]  這裡說聽不進去的意思
[00:10:40.860 --> 00:10:47.860]  不是說那個理解能力不夠
[00:10:47.860 --> 00:10:49.860]  所以聽不明白
[00:10:49.860 --> 00:10:52.860]  有時候可能你讀書上學的時候
[00:10:52.860 --> 00:10:54.860]  有些課題很難明白
[00:10:54.860 --> 00:10:57.860]  可能我們的理解能力不夠
[00:10:57.860 --> 00:10:59.860]  基本功夫做得不好
[00:10:59.860 --> 00:11:01.860]  所以聽不明白
[00:11:01.860 --> 00:11:03.860]  但他不是說這種
[00:11:03.860 --> 00:11:05.860]  這種聽不進去的意思就是說
[00:11:05.860 --> 00:11:09.860]  你的耳朵塞住了
[00:11:09.860 --> 00:11:13.860]  你的心硬化了拒絕了
[00:11:13.860 --> 00:11:15.860]  他前面已經有說過
[00:11:15.860 --> 00:11:18.860]  免得我們存不信的惡心
[00:11:18.860 --> 00:11:20.860]  將永生神離棄
[00:11:20.860 --> 00:11:21.860]  他說到
[00:11:21.860 --> 00:11:26.860]  有時候聖經的說話
[00:11:26.860 --> 00:11:28.860]  神子的說話
[00:11:28.860 --> 00:11:32.860]  聽不明白不是頭腦理解的問題
[00:11:32.860 --> 00:11:36.860]  是一個心靈的狀況的問題
[00:11:36.860 --> 00:11:37.860]  他說
[00:11:37.860 --> 00:11:41.860]  恐怕你們掉進一個心靈的狀況
[00:11:41.860 --> 00:11:44.860]  是很危險的地步
[00:11:44.860 --> 00:11:46.860]  現在跟你說這些
[00:11:46.860 --> 00:11:48.860]  你塞不進去
[00:11:48.860 --> 00:11:51.860]  這是希伯來書
[00:11:51.860 --> 00:11:58.860]  接下來所說的警告的一個原因
[00:11:58.860 --> 00:12:00.860]  因為他想
[00:12:00.860 --> 00:12:02.860]  大家去思想
[00:12:02.860 --> 00:12:05.860]  究竟你現在心靈屬靈的狀況
[00:12:05.860 --> 00:12:07.860]  究竟是怎樣呢
[00:12:07.860 --> 00:12:11.860]  而會不會去到一個情況
[00:12:11.860 --> 00:12:15.860]  神的說話再塞不進去呢
[00:12:15.860 --> 00:12:20.860]  這也是一個很有意思的反省
[00:12:20.860 --> 00:12:21.860]  所以
[00:12:21.860 --> 00:12:23.860]  看你們學習的功夫
[00:12:23.860 --> 00:12:24.860]  本該做師父
[00:12:24.860 --> 00:12:28.860]  誰知還有人將神聖賢小學的開端
[00:12:28.860 --> 00:12:30.860]  令教導你們
[00:12:30.860 --> 00:12:33.860]  並且成了那必須吃奶不能吃乾糧的人
[00:12:33.860 --> 00:12:38.860]  凡只能吃奶的都不熟練仁義的道理
[00:12:38.860 --> 00:12:41.860]  因為他是鷹孩
[00:12:41.860 --> 00:12:46.860]  這裡說出了一個很真實的情況
[00:12:46.860 --> 00:12:48.860]  他說有些信徒
[00:12:48.860 --> 00:12:51.860]  你知道這裡所說的人
[00:12:51.860 --> 00:12:54.860]  這個警告不是給一些沒有教會
[00:12:54.860 --> 00:12:56.860]  不信耶穌的人
[00:12:56.860 --> 00:13:00.860]  這些人全部都是信耶穌的人
[00:13:00.860 --> 00:13:03.860]  他們應該一起有教會
[00:13:03.860 --> 00:13:06.860]  所以希伯來書的作者就寫信給他們
[00:13:06.860 --> 00:13:09.860]  但這種情況是怎樣呢
[00:13:09.860 --> 00:13:14.860]  他說有些人即使信了一段時間
[00:13:14.860 --> 00:13:17.860]  他不是初信
[00:13:17.860 --> 00:13:19.860]  他信了一段時間
[00:13:19.860 --> 00:13:21.860]  按你們學習的功夫
[00:13:21.860 --> 00:13:23.860]  本該做師父
[00:13:23.860 --> 00:13:27.860]  意思是你應該做老師
[00:13:27.860 --> 00:13:28.860]  但怎樣呢
[00:13:28.860 --> 00:13:30.860]  能不能做老師呢
[00:13:30.860 --> 00:13:33.860]  誰知還有人將神聖賢小學的開端
[00:13:33.860 --> 00:13:38.860]  令教導你們並且成了那必須吃奶不能吃乾糧的人
[00:13:38.860 --> 00:13:40.860]  意思就是說
[00:13:40.860 --> 00:13:42.860]  本來你應該教人的
[00:13:42.860 --> 00:13:44.860]  現在呢
[00:13:44.860 --> 00:13:46.860]  你還在初階
[00:13:46.860 --> 00:13:51.860]  還需要人不斷地教導一些很基本的東西
[00:13:51.860 --> 00:13:53.860]  重重複複講來講去
[00:13:53.860 --> 00:13:55.860]  都是講那些基本的東西給你聽
[00:13:55.860 --> 00:13:58.860]  講深一點點你就聽不明白了
[00:13:58.860 --> 00:14:01.860]  好像給你一點點乾糧吃
[00:14:01.860 --> 00:14:03.860]  接著就吃不下了
[00:14:03.860 --> 00:14:05.860]  接著呢
[00:14:05.860 --> 00:14:09.860]  就好像變成了一個屬靈的BB
[00:14:09.860 --> 00:14:11.860]  屬靈的嬰孩
[00:14:11.860 --> 00:14:14.860]  這樣的一個屬靈的狀況
[00:14:14.860 --> 00:14:18.860]  這個都是一個很嚴厲的警告
[00:14:18.860 --> 00:14:20.860]  你看到他這樣講的時候
[00:14:20.860 --> 00:14:22.860]  一個很嚴厲的警告
[00:14:22.860 --> 00:14:24.860]  不知你有沒有想過
[00:14:24.860 --> 00:14:27.860]  屬靈的BB是什麼樣子呢
[00:14:27.860 --> 00:14:33.860]  因為有時候我們都不是取笑那麼簡單
[00:14:33.860 --> 00:14:35.860]  這個是貶義來的
[00:14:35.860 --> 00:14:37.860]  是那個BB來的
[00:14:37.860 --> 00:14:39.860]  你知道什麼意思了
[00:14:39.860 --> 00:14:41.860]  你說人BB是什麼意思
[00:14:41.860 --> 00:14:44.860]  有時候是貪得意說笑的
[00:14:44.860 --> 00:14:47.860]  BB什麼BB那些是貪得意說笑的
[00:14:47.860 --> 00:14:50.860]  但是如果你真實去見到一個人
[00:14:50.860 --> 00:14:52.860]  你說那個BB來的
[00:14:52.860 --> 00:14:54.860]  什麼意思
[00:14:54.860 --> 00:14:57.860]  根本是很幼稚的
[00:14:57.860 --> 00:15:02.860]  根本是很以自己
[00:15:02.860 --> 00:15:04.860]  BB是怎樣的
[00:15:04.860 --> 00:15:07.860]  他就是活在自己的世界裡
[00:15:07.860 --> 00:15:09.860]  他活在自己的世界
[00:15:09.860 --> 00:15:11.860]  那個世界就是他的一切
[00:15:11.860 --> 00:15:17.860]  譬如BB肚餓的時候
[00:15:17.860 --> 00:15:19.860]  他只會吃東西
[00:15:19.860 --> 00:15:21.860]  因為他的世界
[00:15:21.860 --> 00:15:23.860]  在那一刻他覺得他的世界就是要吃東西
[00:15:23.860 --> 00:15:25.860]  他不會考慮
[00:15:25.860 --> 00:15:27.860]  父母有沒有空煮東西給我吃
[00:15:27.860 --> 00:15:29.860]  或者現在的狀況
[00:15:29.860 --> 00:15:31.860]  我可能吃了一餐
[00:15:31.860 --> 00:15:33.860]  現在不太適合吃東西
[00:15:33.860 --> 00:15:35.860]  或者他有病的時候
[00:15:35.860 --> 00:15:38.860]  可能現在要吃了藥才吃東西
[00:15:38.860 --> 00:15:40.860]  這些事情他完全不會想的
[00:15:40.860 --> 00:15:45.860]  因為他在一個很狹窄的世界
[00:15:45.860 --> 00:15:48.860]  所看的一切的認知範圍
[00:15:48.860 --> 00:15:50.860]  都是超級微小的
[00:15:50.860 --> 00:15:54.860]  這就是一個BB的一個狀況
[00:15:54.860 --> 00:15:56.860]  在那個BB
[00:15:56.860 --> 00:15:58.860]  而且他的需求
[00:15:58.860 --> 00:16:00.860]  他覺得一定要有人滿足他
[00:16:00.860 --> 00:16:02.860]  你想想
[00:16:02.860 --> 00:16:06.860]  如果你有照顧過BB
[00:16:06.860 --> 00:16:09.860]  你就知道BB的需求
[00:16:09.860 --> 00:16:13.860]  比你遇過最嚴苛的老闆還要嚴苛
[00:16:13.860 --> 00:16:19.860]  BB的需求比你遇過人世間最嚴苛的老闆還要嚴苛
[00:16:19.860 --> 00:16:21.860]  他一要的時候
[00:16:21.860 --> 00:16:23.860]  你要馬上給他
[00:16:23.860 --> 00:16:25.860]  你給慢一點
[00:16:25.860 --> 00:16:27.860]  你說:喂,開奶粉了
[00:16:27.860 --> 00:16:29.860]  現在水還沒熱
[00:16:29.860 --> 00:16:32.860]  但是他馬上哭得很厲害
[00:16:32.860 --> 00:16:34.860]  頭都痛了
[00:16:34.860 --> 00:16:36.860]  是不是?
[00:16:36.860 --> 00:16:41.860]  這就是一個屬靈的BB的一個狀況
[00:16:41.860 --> 00:16:44.860]  他說不單止屬靈的BB
[00:16:44.860 --> 00:16:46.860]  那種不成熟
[00:16:46.860 --> 00:16:49.860]  而且他說屬靈的BB
[00:16:49.860 --> 00:16:52.860]  對於神的事情
[00:16:52.860 --> 00:16:54.860]  是不懂的
[00:16:54.860 --> 00:16:55.860]  完全不懂的
[00:16:55.860 --> 00:16:57.860]  但是問題是
[00:16:57.860 --> 00:17:00.860]  他按著你們學習的功夫本
[00:17:00.860 --> 00:17:01.860]  應該做師傅
[00:17:01.860 --> 00:17:02.860]  意思就是說
[00:17:02.860 --> 00:17:05.860]  他應該懂的
[00:17:05.860 --> 00:17:08.860]  為什麼還會不懂呢?
[00:17:08.860 --> 00:17:10.860]  這就是一個問題
[00:17:10.860 --> 00:17:12.860]  他應該懂的
[00:17:12.860 --> 00:17:17.860]  不知道你有沒有計算過自己信了耶穌多少年
[00:17:17.860 --> 00:17:19.860]  我記得我初初
[00:17:19.860 --> 00:17:21.860]  回教會的時候
[00:17:21.860 --> 00:17:23.860]  我讀中學的時候
[00:17:23.860 --> 00:17:25.860]  回教會的時候
[00:17:25.860 --> 00:17:29.860]  經常都會跟別人比較
[00:17:29.860 --> 00:17:31.860]  我信了多少年
[00:17:31.860 --> 00:17:32.860]  信了多少年
[00:17:32.860 --> 00:17:33.860]  我信了一年
[00:17:33.860 --> 00:17:34.860]  我現在信了兩年
[00:17:34.860 --> 00:17:35.860]  我信了五年
[00:17:35.860 --> 00:17:37.860]  信了十年
[00:17:37.860 --> 00:17:41.860]  基本上已經是一個非常長的年日
[00:17:41.860 --> 00:17:43.860]  因為我那個時候只有十幾歲
[00:17:43.860 --> 00:17:44.860]  信了十年
[00:17:44.860 --> 00:17:49.860]  差不多我的大半生的時間都是基督徒
[00:17:49.860 --> 00:17:54.860]  對於我來說已經是一個很長的日子
[00:17:54.860 --> 00:17:58.860]  差不多等於一輩子的日子
[00:17:58.860 --> 00:18:00.860]  如果做了十年
[00:18:00.860 --> 00:18:02.860]  那時候初初信了耶穌的時候
[00:18:02.860 --> 00:18:03.860]  都會有這個比較
[00:18:03.860 --> 00:18:04.860]  為什麼呢?
[00:18:04.860 --> 00:18:07.860]  因為在我的印象之中
[00:18:07.860 --> 00:18:12.860]  我信的那個年日和我認識神的東西
[00:18:12.860 --> 00:18:15.860]  應該是成一個對比的
[00:18:15.860 --> 00:18:17.860]  所以我就會跟別人比較
[00:18:17.860 --> 00:18:19.860]  我也是信了兩年
[00:18:19.860 --> 00:18:20.860]  所以很多東西都不認識
[00:18:20.860 --> 00:18:21.860]  那個信了十年
[00:18:21.860 --> 00:18:26.860]  他應該認識我的東西比我認識的多很多
[00:18:26.860 --> 00:18:28.860]  但是當然了
[00:18:28.860 --> 00:18:30.860]  到了一段時間之後
[00:18:30.860 --> 00:18:32.860]  你回了教會一段時間之後
[00:18:32.860 --> 00:18:38.860]  你就發覺這些數字不是那麼真實
[00:18:38.860 --> 00:18:40.860]  為什麼呢?
[00:18:40.860 --> 00:18:43.860]  因為你發覺很多東西都不是
[00:18:43.860 --> 00:18:45.860]  他回了教會十年
[00:18:45.860 --> 00:18:48.860]  聖經讀得比我還少
[00:18:48.860 --> 00:18:51.860]  你發覺很多東西都不成比例
[00:18:51.860 --> 00:18:53.860]  然後慢慢慢慢就不會再問別人
[00:18:53.860 --> 00:18:54.860]  信了耶穌多少年
[00:18:54.860 --> 00:18:57.860]  初初回教會頭一兩年
[00:18:57.860 --> 00:18:59.860]  你很喜歡問
[00:18:59.860 --> 00:19:00.860]  為什麼呢?
[00:19:00.860 --> 00:19:03.860]  因為發覺這是一個很大的問題
[00:19:03.860 --> 00:19:10.860]  就是原來一個人的屬靈的成熟
[00:19:10.860 --> 00:19:15.860]  不是按照他信神的那個年日
[00:19:15.860 --> 00:19:20.860]  來成為正比地成長
[00:19:20.860 --> 00:19:24.860]  這個就是很奇怪的
[00:19:24.860 --> 00:19:26.860]  奇怪到一個地步
[00:19:26.860 --> 00:19:30.860]  如果真的有現實發生的個案
[00:19:30.860 --> 00:19:33.860]  是很恐怖的
[00:19:33.860 --> 00:19:37.860]  你想想如果有一個嬰兒
[00:19:37.860 --> 00:19:42.860]  在美國當正常
[00:19:42.860 --> 00:19:44.860]  在醫院出世
[00:19:44.860 --> 00:19:46.860]  如果是順產的
[00:19:46.860 --> 00:19:48.860]  不是開刀的
[00:19:48.860 --> 00:19:51.860]  可能兩三天就要回家
[00:19:51.860 --> 00:19:55.860]  父母就把嬰兒帶回家
[00:19:55.860 --> 00:19:58.860]  然後教他餵奶
[00:19:58.860 --> 00:19:59.860]  換尿片
[00:19:59.860 --> 00:20:00.860]  照顧他
[00:20:00.860 --> 00:20:04.860]  基本上是自己照顧嬰兒
[00:20:04.860 --> 00:20:09.860]  一個月要回去檢查
[00:20:09.860 --> 00:20:11.860]  三個月又回去檢查
[00:20:11.860 --> 00:20:15.860]  一歲的時候又回去檢查
[00:20:15.860 --> 00:20:18.860]  這樣的情況
[00:20:18.860 --> 00:20:23.860]  嬰兒出世三天
[00:20:23.860 --> 00:20:27.860]  回家一個月去檢查
[00:20:27.860 --> 00:20:31.860]  出世的時候只有6磅
[00:20:31.860 --> 00:20:34.860]  一個月之後又只有6磅
[00:20:34.860 --> 00:20:38.860]  已經亮起了紅燈
[00:20:38.860 --> 00:20:41.860]  很大問題
[00:20:41.860 --> 00:20:42.860]  這個嬰兒沒有長大
[00:20:42.860 --> 00:20:44.860]  過了一個月之後
[00:20:44.860 --> 00:20:47.860]  三個月只有7磅
[00:20:47.860 --> 00:20:52.860]  差不多要留院
[00:20:52.860 --> 00:20:55.860]  三個月才只有7磅
[00:20:55.860 --> 00:20:59.860]  一年只有10磅
[00:20:59.860 --> 00:21:02.860]  這個很大問題
[00:21:02.860 --> 00:21:04.860]  是很恐怖的
[00:21:04.860 --> 00:21:08.860]  如果父母在這樣的情況下照顧嬰兒
[00:21:08.860 --> 00:21:12.860]  或者嬰兒的成長速度
[00:21:12.860 --> 00:21:17.860]  不是按照他的年日來成長
[00:21:17.860 --> 00:21:22.860]  基本上是死定了
[00:21:22.860 --> 00:21:25.860]  那種成長基本上是沒有成長的
[00:21:25.860 --> 00:21:27.860]  不是的
[00:21:27.860 --> 00:21:30.860]  一開始6磅現在10磅
[00:21:30.860 --> 00:21:32.860]  過了一年才只有10磅
[00:21:32.860 --> 00:21:35.860]  一個嬰兒一年只有10磅
[00:21:35.860 --> 00:21:39.860]  一歲的嬰兒一般有多少磅
[00:21:39.860 --> 00:21:43.860]  差不多20磅
[00:21:43.860 --> 00:21:45.860]  只有一半
[00:21:45.860 --> 00:21:47.860]  是否真的要檢查
[00:21:47.860 --> 00:21:49.860]  是否食物有問題
[00:21:49.860 --> 00:21:51.860]  是否其他東西有問題
[00:21:51.860 --> 00:21:55.860]  否則真的死定了
[00:21:55.860 --> 00:21:58.860]  這個是現實的時候
[00:21:58.860 --> 00:22:00.860]  我相信每一個家庭
[00:22:00.860 --> 00:22:02.860]  每一個父母
[00:22:02.860 --> 00:22:04.860]  甚至嬰兒懂得思考的時候
[00:22:04.860 --> 00:22:09.860]  都會覺得需要擔心的情況
[00:22:09.860 --> 00:22:12.860]  但現在作者就說
[00:22:12.860 --> 00:22:14.860]  做基督徒
[00:22:14.860 --> 00:22:18.860]  有些變成了這樣的狀況
[00:22:18.860 --> 00:22:20.860]  變成了這樣的狀況
[00:22:20.860 --> 00:22:22.860]  信了不知多少年
[00:22:22.860 --> 00:22:24.860]  現在變成了這樣
[00:22:24.860 --> 00:22:29.860]  還是不斷講一些小孩子才聽得懂的東西
[00:22:29.860 --> 00:22:31.860]  有時候雖然
[00:22:31.860 --> 00:22:35.860]  我經常都講道
[00:22:35.860 --> 00:22:37.860]  差不多每個星期
[00:22:37.860 --> 00:22:39.860]  不是差不多 每個星期我都講道
[00:22:39.860 --> 00:22:41.860]  不是在這裏講 在英文講 在國語講
[00:22:41.860 --> 00:22:45.860]  有時候講道講得多
[00:22:45.860 --> 00:22:48.860]  我都知道有些東西都不要講得太深
[00:22:48.860 --> 00:22:50.860]  很難搞
[00:22:50.860 --> 00:22:52.860]  但問題是
[00:22:52.860 --> 00:22:57.860]  我講的內容
[00:22:57.860 --> 00:23:01.860]  和我的會眾所聽的內容
[00:23:01.860 --> 00:23:03.860]  有沒有想過
[00:23:03.860 --> 00:23:05.860]  大家都需要成長的呢
[00:23:05.860 --> 00:23:07.860]  有沒有想過
[00:23:07.860 --> 00:23:09.860]  如果我在這裏講道
[00:23:09.860 --> 00:23:11.860]  講了十年道
[00:23:11.860 --> 00:23:13.860]  經常都炒冷飯給你吃
[00:23:13.860 --> 00:23:15.860]  意思是
[00:23:15.860 --> 00:23:17.860]  都是相同的
[00:23:17.860 --> 00:23:19.860]  那怎麼辦
[00:23:19.860 --> 00:23:21.860]  你都會覺得
[00:23:21.860 --> 00:23:23.860]  喂牧師
[00:23:23.860 --> 00:23:25.860]  不要這樣
[00:23:25.860 --> 00:23:27.860]  經常弄些冷飯來
[00:23:27.860 --> 00:23:29.860]  有沒有新鮮的東西
[00:23:29.860 --> 00:23:31.860]  但是
[00:23:31.860 --> 00:23:33.860]  當然
[00:23:33.860 --> 00:23:37.860]  我自問都不會炒冷飯
[00:23:37.860 --> 00:23:39.860]  因為你都聽了這麼久
[00:23:39.860 --> 00:23:41.860]  如果不斷炒
[00:23:41.860 --> 00:23:43.860]  你一定知道
[00:23:43.860 --> 00:23:45.860]  所以不能炒
[00:23:45.860 --> 00:23:47.860]  但問題就來了
[00:23:47.860 --> 00:23:49.860]  我不炒冷飯
[00:23:49.860 --> 00:23:51.860]  我就
[00:23:51.860 --> 00:23:53.860]  預備些新鮮的東西給你吃
[00:23:53.860 --> 00:23:55.860]  但如果不斷
[00:23:55.860 --> 00:23:57.860]  預備新鮮的東西給你吃
[00:23:57.860 --> 00:23:59.860]  你的胃口沒有進步
[00:23:59.860 --> 00:24:01.860]  的時候呢
[00:24:01.860 --> 00:24:03.860]  那怎麼辦
[00:24:03.860 --> 00:24:05.860]  有沒有想過
[00:24:05.860 --> 00:24:07.860]  很難的
[00:24:07.860 --> 00:24:09.860]  因為
[00:24:09.860 --> 00:24:11.860]  我講一些新鮮的東西
[00:24:11.860 --> 00:24:13.860]  可能就要進步一些
[00:24:13.860 --> 00:24:15.860]  深一點的東西
[00:24:15.860 --> 00:24:17.860]  但你說聽不明白
[00:24:17.860 --> 00:24:19.860]  新鮮的東西聽不明白
[00:24:19.860 --> 00:24:21.860]  那要再
[00:24:21.860 --> 00:24:23.860]  倒退
[00:24:23.860 --> 00:24:25.860]  又要回到基礎的東西
[00:24:25.860 --> 00:24:27.860]  基礎的東西你說聽過了
[00:24:27.860 --> 00:24:29.860]  那怎麼辦
[00:24:29.860 --> 00:24:33.860]  這是一個很現實的問題
[00:24:33.860 --> 00:24:35.860]  當然我分享一些
[00:24:35.860 --> 00:24:37.860]  去預備講道時的心態
[00:24:37.860 --> 00:24:39.860]  這是一個很困難的問題
[00:24:39.860 --> 00:24:41.860]  但你有沒有想過
[00:24:41.860 --> 00:24:43.860]  作為一個聽道的人
[00:24:43.860 --> 00:24:45.860]  其實有時候
[00:24:45.860 --> 00:24:47.860]  是要求我們
[00:24:47.860 --> 00:24:49.860]  不只是聽得明白一堂道
[00:24:49.860 --> 00:24:51.860]  就停在那裏
[00:24:51.860 --> 00:24:53.860]  是需要
[00:24:53.860 --> 00:24:55.860]  你自己對於
[00:24:55.860 --> 00:24:57.860]  那個神的說話
[00:24:57.860 --> 00:24:59.860]  神自己
[00:24:59.860 --> 00:25:01.860]  要教導你
[00:25:01.860 --> 00:25:03.860]  是要有那個深度上
[00:25:03.860 --> 00:25:05.860]  的進步
[00:25:05.860 --> 00:25:09.860]  如果不是是沒有意思的
[00:25:09.860 --> 00:25:11.860]  你想想
[00:25:11.860 --> 00:25:13.860]  如果永遠都是同一個
[00:25:13.860 --> 00:25:15.860]  的程度來說
[00:25:15.860 --> 00:25:17.860]  即使我不炒冷飯
[00:25:17.860 --> 00:25:19.860]  講一些相同的東西
[00:25:19.860 --> 00:25:21.860]  我只不過不斷地
[00:25:21.860 --> 00:25:23.860]  只是換湯不換藥
[00:25:23.860 --> 00:25:25.860]  只是講同樣的內容
[00:25:25.860 --> 00:25:27.860]  只是用了不同的例子
[00:25:29.860 --> 00:25:31.860]  等於那個
[00:25:31.860 --> 00:25:33.860]  如果用上學來說
[00:25:33.860 --> 00:25:35.860]  三年班的
[00:25:35.860 --> 00:25:37.860]  不斷地講三年班內容的東西
[00:25:37.860 --> 00:25:39.860]  只不過用了不同的例子
[00:25:39.860 --> 00:25:41.860]  不同的教科書換了不同的圖畫
[00:25:41.860 --> 00:25:43.860]  但其實永遠都是三年班的
[00:25:43.860 --> 00:25:45.860]  那個內容
[00:25:45.860 --> 00:25:49.860]  這樣說是沒有什麼意思的
[00:25:49.860 --> 00:25:51.860]  其實
[00:25:51.860 --> 00:25:53.860]  完全是沒有意思的
[00:25:53.860 --> 00:25:55.860]  作者其實
[00:25:55.860 --> 00:25:57.860]  在這裏的時候
[00:25:57.860 --> 00:25:59.860]  有一點覺得
[00:25:59.860 --> 00:26:01.860]  都不是很對勁
[00:26:01.860 --> 00:26:05.860]  按你們學習的功夫
[00:26:05.860 --> 00:26:07.860]  本來就應該做師傅
[00:26:07.860 --> 00:26:09.860]  本來就應該做老師
[00:26:09.860 --> 00:26:11.860]  為什麼
[00:26:11.860 --> 00:26:13.860]  講深一點
[00:26:13.860 --> 00:26:15.860]  你就聽不明白
[00:26:15.860 --> 00:26:17.860]  而且你知不知道
[00:26:17.860 --> 00:26:19.860]  聽不明白
[00:26:19.860 --> 00:26:21.860]  的問題
[00:26:21.860 --> 00:26:23.860]  通常在哪裏呢
[00:26:23.860 --> 00:26:25.860]  通常
[00:26:25.860 --> 00:26:27.860]  或者
[00:26:27.860 --> 00:26:29.860]  會聽到
[00:26:29.860 --> 00:26:31.860]  來到我那裏聽到的投訴
[00:26:31.860 --> 00:26:33.860]  通常都是在我那裏
[00:26:33.860 --> 00:26:35.860]  就是
[00:26:35.860 --> 00:26:37.860]  牧師不是投訴我的
[00:26:37.860 --> 00:26:39.860]  只是投訴我的內容
[00:26:39.860 --> 00:26:41.860]  牧師這些很深
[00:26:41.860 --> 00:26:43.860]  不如不要講這麼深的東西
[00:26:43.860 --> 00:26:45.860]  不如
[00:26:45.860 --> 00:26:47.860]  或者主要學有時候
[00:26:47.860 --> 00:26:49.860]  我都選一些書給大兄姐妹看
[00:26:49.860 --> 00:26:51.860]  牧師那些書很難看
[00:26:51.860 --> 00:26:53.860]  不如選一些淺一點的
[00:26:53.860 --> 00:26:55.860]  但是
[00:26:55.860 --> 00:26:57.860]  問題就是
[00:26:57.860 --> 00:26:59.860]  如果你要進步的時候
[00:26:59.860 --> 00:27:01.860]  你不受到挑戰的時候
[00:27:01.860 --> 00:27:03.860]  你又何來可以進步呢
[00:27:03.860 --> 00:27:05.860]  有沒有想過這個問題
[00:27:05.860 --> 00:27:07.860]  你的屬靈的生命
[00:27:07.860 --> 00:27:09.860]  是需要不斷地挑戰
[00:27:09.860 --> 00:27:11.860]  等於你做運動一樣
[00:27:11.860 --> 00:27:13.860]  如果你不舉啞鈴的時候
[00:27:13.860 --> 00:27:15.860]  你不舉重的時候
[00:27:15.860 --> 00:27:17.860]  你何來可以練肌肉呢
[00:27:17.860 --> 00:27:19.860]  不是啊
[00:27:19.860 --> 00:27:21.860]  很辛苦啊
[00:27:21.860 --> 00:27:23.860]  就是一磅一磅
[00:27:23.860 --> 00:27:25.860]  不斷地推
[00:27:25.860 --> 00:27:27.860]  推一磅
[00:27:27.860 --> 00:27:29.860]  推三十分鐘一磅
[00:27:29.860 --> 00:27:31.860]  根本就等於沒有意思
[00:27:31.860 --> 00:27:33.860]  就是
[00:27:33.860 --> 00:27:35.860]  而
[00:27:35.860 --> 00:27:37.860]  事實上
[00:27:37.860 --> 00:27:39.860]  後來他就說
[00:27:39.860 --> 00:27:41.860]  所以要
[00:27:41.860 --> 00:27:43.860]  要練習的
[00:27:43.860 --> 00:27:45.860]  要練習
[00:27:45.860 --> 00:27:48.860]  唯獨長大成人的才能吃乾糧
[00:27:48.860 --> 00:27:51.860]  他們的心跳練習得通達
[00:27:51.860 --> 00:27:53.860]  就能分辨很大
[00:27:53.860 --> 00:27:55.860]  這裡特別提到這個說話
[00:27:55.860 --> 00:27:57.860]  就是心跳練得通達
[00:27:57.860 --> 00:27:59.860]  這是一個意思就是說
[00:27:59.860 --> 00:28:01.860]  你的心靈呢
[00:28:01.860 --> 00:28:04.860]  是不斷地需要受到挑戰和鍛鍊
[00:28:04.860 --> 00:28:08.860]  而事實上
[00:28:08.860 --> 00:28:11.860]  這個也是一個很重要的
[00:28:11.860 --> 00:28:14.860]  聖經給我們的一個提醒
[00:28:14.860 --> 00:28:17.860]  對於肅神的事情呢
[00:28:17.860 --> 00:28:19.860]  很多時候呢
[00:28:19.860 --> 00:28:22.860]  和你的理解能力是沒有關係的
[00:28:22.860 --> 00:28:24.860]  為什麼呢
[00:28:24.860 --> 00:28:26.860]  因為很多事情呢
[00:28:26.860 --> 00:28:29.860]  你絕對不會聽一次的
[00:28:29.860 --> 00:28:32.860]  重要的事情呢
[00:28:32.860 --> 00:28:34.860]  一定在不同的時間
[00:28:34.860 --> 00:28:36.860]  不同的場合
[00:28:36.860 --> 00:28:38.860]  你會聽得見的
[00:28:38.860 --> 00:28:40.860]  教導的內容
[00:28:40.860 --> 00:28:42.860]  也不會出現一次的
[00:28:42.860 --> 00:28:44.860]  但是呢
[00:28:44.860 --> 00:28:46.860]  雖然不斷地重複
[00:28:46.860 --> 00:28:49.860]  但是你怎樣掌握得到
[00:28:49.860 --> 00:28:51.860]  怎樣運用得到
[00:28:51.860 --> 00:28:54.860]  怎樣實踐得到呢
[00:28:54.860 --> 00:28:57.860]  這個就需要練習了
[00:28:57.860 --> 00:28:59.860]  就需要練習了
[00:28:59.860 --> 00:29:01.860]  而你很多事情呢
[00:29:01.860 --> 00:29:05.860]  你是完全明白是沒有問題的
[00:29:05.860 --> 00:29:09.860]  但是你完全沒有實踐呢
[00:29:09.860 --> 00:29:12.860]  就是一個很大的問題
[00:29:12.860 --> 00:29:16.860]  譬如我們今天主一學
[00:29:16.860 --> 00:29:18.860]  我們講社稷
[00:29:18.860 --> 00:29:21.860]  社稷大家都聽過了
[00:29:21.860 --> 00:29:22.860]  誰沒聽過呢
[00:29:22.860 --> 00:29:24.860]  你信耶穌沒聽過社稷
[00:29:24.860 --> 00:29:27.860]  如果沒聽過社稷
[00:29:27.860 --> 00:29:34.860]  教導方面是很不全面的
[00:29:34.860 --> 00:29:37.860]  你一定聽過
[00:29:37.860 --> 00:29:42.860]  但是關於社稷的實踐和操作
[00:29:42.860 --> 00:29:45.860]  如何去運用呢
[00:29:45.860 --> 00:29:47.860]  這個呢
[00:29:47.860 --> 00:29:48.860]  我保證你
[00:29:48.860 --> 00:29:50.860]  無論聽多少次
[00:29:50.860 --> 00:29:52.860]  都是沒有用的
[00:29:52.860 --> 00:29:55.860]  唯有你自己去實踐
[00:29:55.860 --> 00:29:58.860]  在實踐當中不斷地去操作
[00:29:58.860 --> 00:30:03.860]  去運用你所懂得的東西
[00:30:03.860 --> 00:30:06.860]  這樣你就會慢慢地發覺
[00:30:06.860 --> 00:30:08.860]  有不同的新的體會
[00:30:08.860 --> 00:30:10.860]  對於社稷有新的體會
[00:30:10.860 --> 00:30:16.860]  以致你對於社稷
[00:30:16.860 --> 00:30:19.860]  你就有越來越多的
[00:30:19.860 --> 00:30:21.860]  一種可以
[00:30:21.860 --> 00:30:23.860]  不單止你自己運用
[00:30:23.860 --> 00:30:25.860]  甚至可以教導別人是怎樣
[00:30:25.860 --> 00:30:29.860]  這就是這裡所講的
[00:30:29.860 --> 00:30:32.860]  所以成長成熟的人
[00:30:32.860 --> 00:30:35.860]  就可能吃得到乾糧
[00:30:35.860 --> 00:30:37.860]  心竅練得通達
[00:30:37.860 --> 00:30:39.860]  就能夠分辨是非
[00:30:39.860 --> 00:30:41.860]  這裡所講的
[00:30:41.860 --> 00:30:43.860]  就是一個成熟的人
[00:30:43.860 --> 00:30:46.860]  屬靈成熟的那條路
[00:30:46.860 --> 00:30:50.860]  屬靈的事情那種成熟
[00:30:50.860 --> 00:30:53.860]  不是絕對和你的理解能力無關
[00:30:53.860 --> 00:30:55.860]  剛才我說過
[00:30:55.860 --> 00:30:59.860]  但是和你的實踐能力很有關係
[00:30:59.860 --> 00:31:04.860]  而當你有一個不斷練習的實踐
[00:31:04.860 --> 00:31:07.860]  所以現在很少人講屬靈操練
[00:31:07.860 --> 00:31:09.860]  其實是一個很大的缺失
[00:31:09.860 --> 00:31:11.860]  講屬靈操練的時候
[00:31:11.860 --> 00:31:15.860]  你都不是很在意
[00:31:15.860 --> 00:31:18.860]  聽完之後就算沒有實踐
[00:31:18.860 --> 00:31:20.860]  因為你沒有練
[00:31:20.860 --> 00:31:23.860]  沒有練會怎樣呢
[00:31:23.860 --> 00:31:26.860]  用這裡所講的相反來說
[00:31:26.860 --> 00:31:28.860]  就不知好歹
[00:31:28.860 --> 00:31:30.860]  這裡所講的
[00:31:30.860 --> 00:31:32.860]  正面就是分辨好歹
[00:31:32.860 --> 00:31:34.860]  不練就不知好歹
[00:31:34.860 --> 00:31:37.860]  你知道廣東話都講得很活該
[00:31:37.860 --> 00:31:39.860]  不知好歹是什麼意思呢
[00:31:39.860 --> 00:31:45.860]  就是你根本不知道自己的真實情況
[00:31:45.860 --> 00:31:49.860]  做成熟的基督徒
[00:31:49.860 --> 00:31:52.860]  和不成熟的基督徒
[00:31:52.860 --> 00:31:59.860]  其實有一個很明顯的指標
[00:31:59.860 --> 00:32:02.860]  那個指標就是
[00:32:02.860 --> 00:32:06.860]  對於屬靈的事情有辨識的能力
[00:32:06.860 --> 00:32:09.860]  對於自己心靈的狀況
[00:32:09.860 --> 00:32:12.860]  有辨識的能力
[00:32:12.860 --> 00:32:14.860]  對於現在的處境
[00:32:14.860 --> 00:32:19.860]  有辨識神的帶領的能力
[00:32:19.860 --> 00:32:21.860]  屬靈的分別能力
[00:32:21.860 --> 00:32:23.860]  簡單來說
[00:32:23.860 --> 00:32:25.860]  你想想
[00:32:25.860 --> 00:32:27.860]  你認識多少聖經都好
[00:32:27.860 --> 00:32:30.860]  現在神在這件事情上
[00:32:30.860 --> 00:32:32.860]  你遇到的需要帶領的
[00:32:32.860 --> 00:32:34.860]  你知不知道神現在怎樣帶領你
[00:32:34.860 --> 00:32:36.860]  然後你就一頭霧水
[00:32:36.860 --> 00:32:38.860]  沒有什麼意思的
[00:32:38.860 --> 00:32:43.860]  或者你認識很多其他東西都好
[00:32:43.860 --> 00:32:45.860]  神學各樣東西
[00:32:45.860 --> 00:32:47.860]  天花龍鳳都好
[00:32:47.860 --> 00:32:50.860]  原來你現在對於自己心靈的狀況
[00:32:50.860 --> 00:32:52.860]  你的質度
[00:32:52.860 --> 00:32:54.860]  你對於自己的驕傲
[00:32:54.860 --> 00:32:57.860]  你對於自己裏面的自私
[00:32:57.860 --> 00:32:59.860]  那些憤怒
[00:32:59.860 --> 00:33:03.860]  你知不知道現在在你裏面
[00:33:03.860 --> 00:33:06.860]  真實的屬靈狀況是怎樣
[00:33:06.860 --> 00:33:08.860]  你知不知道
[00:33:08.860 --> 00:33:10.860]  有時我都不知道
[00:33:10.860 --> 00:33:13.860]  無端端可能你身邊的人更加清楚
[00:33:13.860 --> 00:33:16.860]  無端端對於一個人說了一句說話
[00:33:16.860 --> 00:33:18.860]  突然間嘩這麼大反應
[00:33:18.860 --> 00:33:20.860]  其他的人
[00:33:20.860 --> 00:33:21.860]  個個都看到
[00:33:21.860 --> 00:33:24.860]  嘩不是很對路
[00:33:24.860 --> 00:33:26.860]  他的反應跟那個說話不同
[00:33:26.860 --> 00:33:27.860]  正比
[00:33:27.860 --> 00:33:28.860]  有人問你
[00:33:28.860 --> 00:33:29.860]  嘩為什麼你這麼大反應
[00:33:29.860 --> 00:33:31.860]  說這個說話
[00:33:31.860 --> 00:33:32.860]  可能你自己都不發覺
[00:33:32.860 --> 00:33:35.860]  是嗎?很大反應嗎?我不知道
[00:33:35.860 --> 00:33:37.860]  那就沒了這件事
[00:33:37.860 --> 00:33:39.860]  但其實你對於自己的心靈狀況
[00:33:39.860 --> 00:33:41.860]  一點都不理解
[00:33:41.860 --> 00:33:43.860]  反映到一個真實的情況
[00:33:43.860 --> 00:33:45.860]  而事實上
[00:33:45.860 --> 00:33:47.860]  各方面
[00:33:47.860 --> 00:33:50.860]  我們屬靈是不成熟
[00:33:50.860 --> 00:33:52.860]  我們聽到的東西
[00:33:52.860 --> 00:33:54.860]  沒有經過鍛鍊
[00:33:54.860 --> 00:33:57.860]  而再這樣的時候
[00:33:57.860 --> 00:34:00.860]  所以他說再餵給你吃都沒有用
[00:34:00.860 --> 00:34:02.860]  因為你都吃不到
[00:34:02.860 --> 00:34:04.860]  即是你有沒有試過
[00:34:04.860 --> 00:34:07.860]  譬如你照顧嬰兒
[00:34:07.860 --> 00:34:11.860]  他未去到可以吃乾糧的情況
[00:34:11.860 --> 00:34:13.860]  你餵一些乾糧給他吃
[00:34:13.860 --> 00:34:15.860]  有沒有試過
[00:34:15.860 --> 00:34:18.860]  嘩這麼壞
[00:34:18.860 --> 00:34:20.860]  這麼壞
[00:34:20.860 --> 00:34:22.860]  靠害嗎?
[00:34:22.860 --> 00:34:24.860]  我見過
[00:34:24.860 --> 00:34:26.860]  有時貪得意
[00:34:26.860 --> 00:34:28.860]  譬如那些
[00:34:28.860 --> 00:34:30.860]  有一次見到
[00:34:30.860 --> 00:34:32.860]  有一個孫子
[00:34:32.860 --> 00:34:34.860]  去探望那些
[00:34:34.860 --> 00:34:38.860]  祖父母
[00:34:38.860 --> 00:34:40.860]  那些祖父母
[00:34:40.860 --> 00:34:42.860]  老人家有時很疼那些孫子
[00:34:42.860 --> 00:34:44.860]  有些好東西
[00:34:44.860 --> 00:34:46.860]  譬如舉例有個干魚柱
[00:34:46.860 --> 00:34:48.860]  有條干魚柱
[00:34:48.860 --> 00:34:50.860]  你知道那些干魚柱
[00:34:50.860 --> 00:34:52.860]  好香好味
[00:34:52.860 --> 00:34:54.860]  他就覺得
[00:34:54.860 --> 00:34:56.860]  都給少少
[00:34:56.860 --> 00:34:58.860]  少少不要緊
[00:34:58.860 --> 00:35:00.860]  給嬰兒試試
[00:35:00.860 --> 00:35:02.860]  就給嬰兒吃了一條
[00:35:02.860 --> 00:35:04.860]  其實這個
[00:35:04.860 --> 00:35:06.860]  一方面是愛
[00:35:06.860 --> 00:35:08.860]  一方面他又不覺得
[00:35:08.860 --> 00:35:12.860]  那嬰兒吃了那條干魚柱會怎樣?
[00:35:12.860 --> 00:35:14.860]  其實他不吃的
[00:35:14.860 --> 00:35:16.860]  他吐出來
[00:35:16.860 --> 00:35:18.860]  因為他的口根本
[00:35:18.860 --> 00:35:20.860]  是不適合吃乾糧的東西
[00:35:20.860 --> 00:35:22.860]  他就吐出來
[00:35:22.860 --> 00:35:26.860]  其實意思都是一樣
[00:35:26.860 --> 00:35:28.860]  有時
[00:35:28.860 --> 00:35:30.860]  簡單那些奶的東西
[00:35:30.860 --> 00:35:32.860]  吃得多其實很厭
[00:35:32.860 --> 00:35:34.860]  你有沒有發覺
[00:35:34.860 --> 00:35:36.860]  你試試
[00:35:36.860 --> 00:35:38.860]  吃奶
[00:35:38.860 --> 00:35:40.860]  即是奶那些
[00:35:40.860 --> 00:35:42.860]  你想像下
[00:35:42.860 --> 00:35:44.860]  如果做嬰兒
[00:35:44.860 --> 00:35:46.860]  吃得奶多都厭
[00:35:46.860 --> 00:35:48.860]  所以那些嬰兒
[00:35:48.860 --> 00:35:50.860]  一開始就吃奶OK
[00:35:50.860 --> 00:35:52.860]  但去到某一個程度
[00:35:52.860 --> 00:35:54.860]  開始出牙的時候
[00:35:54.860 --> 00:35:56.860]  他開始有其他東西
[00:35:56.860 --> 00:35:58.860]  好喜歡試其他東西吃
[00:35:58.860 --> 00:36:00.860]  因為吃得奶多厭
[00:36:00.860 --> 00:36:02.860]  可能吃了九個月
[00:36:02.860 --> 00:36:04.860]  還是這條尾巴
[00:36:04.860 --> 00:36:06.860]  就很厭
[00:36:06.860 --> 00:36:08.860]  譬如有些蘋果的小糊
[00:36:08.860 --> 00:36:10.860]  那些嬰兒食物
[00:36:10.860 --> 00:36:12.860]  就喜歡試
[00:36:12.860 --> 00:36:14.860]  這裏
[00:36:14.860 --> 00:36:16.860]  提外話說多了
[00:36:16.860 --> 00:36:18.860]  但意思就是說
[00:36:18.860 --> 00:36:20.860]  你有沒有想過
[00:36:20.860 --> 00:36:22.860]  如果我們做一個屬靈BB的時候
[00:36:22.860 --> 00:36:24.860]  那沒有辦法
[00:36:24.860 --> 00:36:26.860]  乾糧吃不到
[00:36:26.860 --> 00:36:28.860]  那就吃奶
[00:36:28.860 --> 00:36:30.860]  吃奶吃得多又厭
[00:36:30.860 --> 00:36:32.860]  你不知道
[00:36:32.860 --> 00:36:34.860]  有沒有這樣的感受
[00:36:34.860 --> 00:36:36.860]  聽來聽去都是那些東西
[00:36:36.860 --> 00:36:38.860]  坦白講耶穌釘十字架
[00:36:38.860 --> 00:36:40.860]  死了之後三日復活
[00:36:40.860 --> 00:36:42.860]  傳福音那些
[00:36:42.860 --> 00:36:44.860]  四律的內容
[00:36:44.860 --> 00:36:46.860]  我問你一個
[00:36:46.860 --> 00:36:48.860]  多少歲的智商的小孩
[00:36:48.860 --> 00:36:50.860]  可以識得那些內容呢?
[00:36:50.860 --> 00:36:54.860]  耶穌
[00:36:54.860 --> 00:36:56.860]  神的兒子
[00:36:56.860 --> 00:36:58.860]  為人
[00:36:58.860 --> 00:37:00.860]  降世為人
[00:37:00.860 --> 00:37:02.860]  然後為人死一十字架
[00:37:02.860 --> 00:37:04.860]  死了之後三天復活
[00:37:04.860 --> 00:37:06.860]  信耶穌就可以得永生
[00:37:06.860 --> 00:37:08.860]  我講這個基本福音
[00:37:08.860 --> 00:37:10.860]  主要內容
[00:37:10.860 --> 00:37:12.860]  這些內容我相信
[00:37:12.860 --> 00:37:14.860]  在座所有人都應該識
[00:37:14.860 --> 00:37:16.860]  你不要告訴我不識
[00:37:16.860 --> 00:37:18.860]  你應該會識
[00:37:18.860 --> 00:37:20.860]  你識這個內容
[00:37:20.860 --> 00:37:22.860]  但以一個
[00:37:22.860 --> 00:37:24.860]  多少歲的智商
[00:37:24.860 --> 00:37:26.860]  能力的人可以識得
[00:37:26.860 --> 00:37:28.860]  我剛才所講的內容
[00:37:28.860 --> 00:37:30.860]  八歲
[00:37:30.860 --> 00:37:32.860]  可能都不用
[00:37:32.860 --> 00:37:34.860]  其實六七歲已經識
[00:37:34.860 --> 00:37:36.860]  你不信
[00:37:36.860 --> 00:37:38.860]  你去那些兒童報
[00:37:38.860 --> 00:37:40.860]  問那些小朋友
[00:37:40.860 --> 00:37:42.860]  去完VBS
[00:37:42.860 --> 00:37:44.860]  可能他們都識
[00:37:44.860 --> 00:37:46.860]  六七歲完全可以掌握
[00:37:46.860 --> 00:37:48.860]  完全沒問題
[00:37:48.860 --> 00:37:50.860]  但如果
[00:37:50.860 --> 00:37:52.860]  我問你一個問題
[00:37:52.860 --> 00:37:54.860]  對於
[00:37:54.860 --> 00:37:56.860]  信耶穌
[00:37:56.860 --> 00:37:58.860]  基督信仰
[00:37:58.860 --> 00:38:00.860]  你的理解
[00:38:00.860 --> 00:38:02.860]  你所知道的東西
[00:38:02.860 --> 00:38:04.860]  多出了多少
[00:38:04.860 --> 00:38:08.860]  比剛才所講
[00:38:08.860 --> 00:38:10.860]  那個六七歲
[00:38:10.860 --> 00:38:12.860]  小孩能夠理解的程度
[00:38:12.860 --> 00:38:14.860]  多出了多少
[00:38:14.860 --> 00:38:16.860]  你有沒有想過這個問題
[00:38:16.860 --> 00:38:18.860]  多出了多少
[00:38:18.860 --> 00:38:20.860]  有一個人
[00:38:20.860 --> 00:38:22.860]  走在你面前
[00:38:22.860 --> 00:38:24.860]  即時問你,你信耶穌
[00:38:24.860 --> 00:38:26.860]  可不可以介紹一下信耶穌是怎樣
[00:38:26.860 --> 00:38:28.860]  你能夠講到多少
[00:38:28.860 --> 00:38:30.860]  很多就為你感恩
[00:38:30.860 --> 00:38:32.860]  但是
[00:38:32.860 --> 00:38:34.860]  事實上
[00:38:34.860 --> 00:38:36.860]  真的有時
[00:38:36.860 --> 00:38:38.860]  不是多出多少的人
[00:38:38.860 --> 00:38:40.860]  也都大有人在
[00:38:40.860 --> 00:38:42.860]  信了耶穌很多年
[00:38:42.860 --> 00:38:44.860]  不是多出多少
[00:38:44.860 --> 00:38:46.860]  不斷地變了
[00:38:46.860 --> 00:38:48.860]  所以剛才所講
[00:38:48.860 --> 00:38:50.860]  成為了那些
[00:38:50.860 --> 00:38:52.860]  只吃奶的人
[00:38:52.860 --> 00:38:54.860]  本來按著
[00:38:54.860 --> 00:38:56.860]  應該是
[00:38:56.860 --> 00:38:58.860]  可以做教師
[00:38:58.860 --> 00:39:00.860]  但是
[00:39:00.860 --> 00:39:02.860]  又不熟練
[00:39:02.860 --> 00:39:04.860]  那些仁義的道理
[00:39:04.860 --> 00:39:06.860]  就是
[00:39:06.860 --> 00:39:08.860]  這裡所講的問題
[00:39:08.860 --> 00:39:10.860]  希伯來書
[00:39:10.860 --> 00:39:12.860]  第六章第一節就說
[00:39:12.860 --> 00:39:14.860]  所以我們應當
[00:39:14.860 --> 00:39:16.860]  離開基督道理的開端
[00:39:16.860 --> 00:39:18.860]  竭力進到完全的地步
[00:39:18.860 --> 00:39:20.860]  不必再立根基
[00:39:20.860 --> 00:39:22.860]  就如懊悔死恨,信靠神
[00:39:22.860 --> 00:39:24.860]  各樣朕禮
[00:39:24.860 --> 00:39:26.860]  按守之禮,死人復活
[00:39:26.860 --> 00:39:28.860]  見審判各等教訓
[00:39:28.860 --> 00:39:30.860]  若神若許我們,我們必如此行
[00:39:30.860 --> 00:39:32.860]  這裡
[00:39:32.860 --> 00:39:34.860]  所以作者就說
[00:39:34.860 --> 00:39:36.860]  所以他說
[00:39:36.860 --> 00:39:38.860]  我們不要這樣
[00:39:38.860 --> 00:39:40.860]  我們要離開開端
[00:39:40.860 --> 00:39:42.860]  要離開開端
[00:39:42.860 --> 00:39:44.860]  要離開開端
[00:39:44.860 --> 00:39:46.860]  竭力進到完全的地步
[00:39:46.860 --> 00:39:48.860]  竭力進到完全的地步
[00:39:48.860 --> 00:39:50.860]  竭力進到完全的地步
[00:39:50.860 --> 00:39:52.860]  這裡其實是有
[00:39:52.860 --> 00:39:54.860]  兩個動詞
[00:39:54.860 --> 00:39:56.860]  兩個動詞
[00:39:56.860 --> 00:39:58.860]  第一就是離開
[00:39:58.860 --> 00:40:00.860]  第二就是竭力進去
[00:40:00.860 --> 00:40:02.860]  第二就是竭力進去
[00:40:02.860 --> 00:40:04.860]  這兩個是一對的
[00:40:04.860 --> 00:40:06.860]  這兩個是一對的
[00:40:06.860 --> 00:40:08.860]  如果你停留在開端
[00:40:08.860 --> 00:40:10.860]  如果你停留在開端
[00:40:10.860 --> 00:40:12.860]  你不願意離開
[00:40:12.860 --> 00:40:14.860]  其實很多時候
[00:40:14.860 --> 00:40:16.860]  人是不是覺得不想離開
[00:40:16.860 --> 00:40:18.860]  人是不是覺得不想離開
[00:40:18.860 --> 00:40:20.860]  他就不會這樣想
[00:40:20.860 --> 00:40:22.860]  他就不會這樣想
[00:40:22.860 --> 00:40:24.860]  很多時候更多被動的
[00:40:24.860 --> 00:40:26.860]  很多時候更多被動的
[00:40:26.860 --> 00:40:28.860]  覺得還可以
[00:40:28.860 --> 00:40:30.860]  覺得還可以
[00:40:30.860 --> 00:40:32.860]  不過不失
[00:40:32.860 --> 00:40:34.860]  不過不失
[00:40:34.860 --> 00:40:36.860]  其實只是這麼簡單
[00:40:36.860 --> 00:40:38.860]  其實只是這麼簡單
[00:40:38.860 --> 00:40:40.860]  信仰,願不願意離開開端
[00:40:40.860 --> 00:40:42.860]  信仰,願不願意離開開端
[00:40:42.860 --> 00:40:44.860]  進步一點
[00:40:44.860 --> 00:40:46.860]  如果你這樣問人
[00:40:46.860 --> 00:40:48.860]  大部分人都願意
[00:40:48.860 --> 00:40:50.860]  大部分人都願意
[00:40:50.860 --> 00:40:52.860]  問題本身不是這樣問出來
[00:40:52.860 --> 00:40:54.860]  問題本身不是這樣問出來
[00:40:54.860 --> 00:40:56.860]  很多時候我們心靈的狀況
[00:40:56.860 --> 00:40:58.860]  很多時候我們心靈的狀況
[00:40:58.860 --> 00:41:00.860]  處於一個地步
[00:41:00.860 --> 00:41:02.860]  覺得我都可以
[00:41:02.860 --> 00:41:04.860]  不過不失
[00:41:04.860 --> 00:41:06.860]  信仰也不是很差
[00:41:06.860 --> 00:41:08.860]  信仰也不是很差
[00:41:08.860 --> 00:41:10.860]  很多時候是用這樣的方式
[00:41:10.860 --> 00:41:12.860]  很多時候是用這樣的方式
[00:41:12.860 --> 00:41:14.860]  如果你滿足這樣的狀況
[00:41:14.860 --> 00:41:16.860]  如果你滿足這樣的狀況
[00:41:16.860 --> 00:41:18.860]  你就不想離開
[00:41:18.860 --> 00:41:20.860]  你就不想離開
[00:41:20.860 --> 00:41:22.860]  因為離開就感受到有壓力
[00:41:22.860 --> 00:41:24.860]  因為離開就感受到有壓力
[00:41:24.860 --> 00:41:26.860]  因為離開就感受到有壓力
[00:41:26.860 --> 00:41:28.860]  感受到有事要去努力
[00:41:28.860 --> 00:41:30.860]  感受到有事要去努力
[00:41:30.860 --> 00:41:32.860]  感受到有事要去努力
[00:41:32.860 --> 00:41:34.860]  就不想離開
[00:41:34.860 --> 00:41:36.860]  所以第一,你要離開
[00:41:36.860 --> 00:41:38.860]  不要滿足於你現在的狀況
[00:41:38.860 --> 00:41:40.860]  不要滿足於你現在的狀況
[00:41:40.860 --> 00:41:42.860]  不要滿足於你現在的狀況
[00:41:42.860 --> 00:41:44.860]  我們每個人
[00:41:44.860 --> 00:41:46.860]  我們每個人
[00:41:46.860 --> 00:41:48.860]  剛才我們讀《論基督徒的完美》
[00:41:48.860 --> 00:41:50.860]  剛才我們讀《論基督徒的完美》
[00:41:50.860 --> 00:41:52.860]  第一課我已經說了
[00:41:52.860 --> 00:41:54.860]  沒有人是完美的
[00:41:54.860 --> 00:41:56.860]  沒有人是完美的
[00:41:56.860 --> 00:41:58.860]  沒有人是完全聖潔的
[00:41:58.860 --> 00:42:00.860]  信耶穌的人都是罪人
[00:42:00.860 --> 00:42:02.860]  信耶穌的人都是罪人
[00:42:02.860 --> 00:42:04.860]  一天未上天堂
[00:42:04.860 --> 00:42:06.860]  一天未上天家的時候
[00:42:06.860 --> 00:42:08.860]  你都不完美
[00:42:08.860 --> 00:42:10.860]  但是一個不追求聖潔的人
[00:42:10.860 --> 00:42:12.860]  但是一個不追求聖潔的人
[00:42:12.860 --> 00:42:14.860]  和一個追求聖潔的人
[00:42:14.860 --> 00:42:16.860]  是天淵之別
[00:42:16.860 --> 00:42:18.860]  你不聖潔
[00:42:18.860 --> 00:42:20.860]  不代表你不要追求聖潔
[00:42:20.860 --> 00:42:22.860]  你不聖潔不代表你不要追求聖潔
[00:42:22.860 --> 00:42:24.860]  你不聖潔不代表你不要追求聖潔
[00:42:24.860 --> 00:42:26.860]  你不聖潔不代表你不要追求聖潔
[00:42:26.860 --> 00:42:28.860]  那就是天淵之別
[00:42:28.860 --> 00:42:30.860]  那就是天淵之別
[00:42:30.860 --> 00:42:32.860]  信耶穌是要
[00:42:32.860 --> 00:42:34.860]  竭力去追求的
[00:42:34.860 --> 00:42:36.860]  信耶穌是要
[00:42:36.860 --> 00:42:38.860]  竭力去追求的
[00:42:38.860 --> 00:42:40.860]  所以第二個對比
[00:42:40.860 --> 00:42:42.860]  就是要竭力去追求
[00:42:42.860 --> 00:42:44.860]  去到完全的地步
[00:42:44.860 --> 00:42:46.860]  竭力去追求
[00:42:46.860 --> 00:42:48.860]  特別用了一個動詞
[00:42:48.860 --> 00:42:50.860]  進去的動詞
[00:42:50.860 --> 00:42:52.860]  加了一個形容詞
[00:42:52.860 --> 00:42:54.860]  就是很努力
[00:42:54.860 --> 00:42:56.860]  去進去的
[00:42:56.860 --> 00:42:58.860]  去進去的
[00:42:58.860 --> 00:43:00.860]  或者
[00:43:00.860 --> 00:43:02.860]  說得更加準確一點
[00:43:02.860 --> 00:43:04.860]  說得更加準確一點
[00:43:04.860 --> 00:43:06.860]  就是竭力去追求
[00:43:06.860 --> 00:43:08.860]  其實是一個
[00:43:08.860 --> 00:43:10.860]  好像迫進去的
[00:43:10.860 --> 00:43:12.860]  一個很努力的動作
[00:43:12.860 --> 00:43:14.860]  一個很努力的動作
[00:43:14.860 --> 00:43:16.860]  迫進去
[00:43:16.860 --> 00:43:18.860]  進去和迫進去
[00:43:18.860 --> 00:43:20.860]  進去和迫進去
[00:43:20.860 --> 00:43:22.860]  其實是兩個很完全不同的動作
[00:43:22.860 --> 00:43:24.860]  其實是兩個很完全不同的動作
[00:43:24.860 --> 00:43:26.860]  現在說的是
[00:43:26.860 --> 00:43:28.860]  你有沒有迫進去
[00:43:28.860 --> 00:43:30.860]  其實在福音書
[00:43:30.860 --> 00:43:32.860]  主耶穌也有這樣說
[00:43:32.860 --> 00:43:34.860]  天國是努力進入的
[00:43:34.860 --> 00:43:36.860]  主耶穌也有這樣說
[00:43:36.860 --> 00:43:38.860]  努力的人就能夠得著
[00:43:38.860 --> 00:43:40.860]  其實主耶穌說
[00:43:40.860 --> 00:43:42.860]  天國是努力進入的
[00:43:42.860 --> 00:43:44.860]  努力進入的其實就是迫進去的那個字
[00:43:44.860 --> 00:43:46.860]  就是
[00:43:46.860 --> 00:43:48.860]  所以作者就
[00:43:48.860 --> 00:43:50.860]  勸勉我們
[00:43:50.860 --> 00:43:52.860]  他說
[00:43:52.860 --> 00:43:54.860]  你應當離開道理的開端
[00:43:54.860 --> 00:43:56.860]  竭力
[00:43:56.860 --> 00:43:58.860]  要進到完全的地步
[00:43:58.860 --> 00:44:00.860]  然後他後面就說了一連串的
[00:44:00.860 --> 00:44:02.860]  可能我們今天就不太知道他在說什麼
[00:44:02.860 --> 00:44:04.860]  不必再立根基
[00:44:04.860 --> 00:44:06.860]  就如懊悔死恨信靠神
[00:44:06.860 --> 00:44:08.860]  浸禮按受之禮死人復活
[00:44:08.860 --> 00:44:10.860]  以及永遠審判各等教訓
[00:44:10.860 --> 00:44:12.860]  其中
[00:44:12.860 --> 00:44:14.860]  我相信
[00:44:14.860 --> 00:44:16.860]  其中一個可能的解釋
[00:44:16.860 --> 00:44:18.860]  這一段後面所說的內容
[00:44:18.860 --> 00:44:20.860]  就是
[00:44:20.860 --> 00:44:22.860]  那時候的
[00:44:22.860 --> 00:44:24.860]  初信班那些
[00:44:24.860 --> 00:44:26.860]  內容
[00:44:26.860 --> 00:44:28.860]  那些是不是重要的東西
[00:44:28.860 --> 00:44:30.860]  都是重要的
[00:44:30.860 --> 00:44:32.860]  所以他說我們必如此人
[00:44:32.860 --> 00:44:34.860]  作者不是說那些不重要
[00:44:34.860 --> 00:44:36.860]  那些都是重要的
[00:44:36.860 --> 00:44:38.860]  可能是初信班的那些內容
[00:44:38.860 --> 00:44:40.860]  就是說我們要悔改
[00:44:40.860 --> 00:44:42.860]  要離開罪惡
[00:44:42.860 --> 00:44:44.860]  要信靠神
[00:44:44.860 --> 00:44:46.860]  要接受浸禮
[00:44:46.860 --> 00:44:48.860]  要毀身的時候
[00:44:48.860 --> 00:44:50.860]  可能在那時候的教會
[00:44:50.860 --> 00:44:52.860]  有些按守的儀式
[00:44:52.860 --> 00:44:54.860]  或者對於
[00:44:54.860 --> 00:44:56.860]  將來死人復活
[00:44:56.860 --> 00:44:58.860]  將來永遠有審判
[00:44:58.860 --> 00:45:00.860]  這些可能是浸禮班
[00:45:00.860 --> 00:45:02.860]  要教的那些內容
[00:45:02.860 --> 00:45:04.860]  作者不是說那些不重要
[00:45:04.860 --> 00:45:06.860]  但是他說
[00:45:06.860 --> 00:45:08.860]  是你們浸禮班的基礎
[00:45:08.860 --> 00:45:10.860]  你要離開那些
[00:45:10.860 --> 00:45:12.860]  你知道離開的意思不是說
[00:45:12.860 --> 00:45:14.860]  否定那些
[00:45:14.860 --> 00:45:16.860]  而是說你要
[00:45:16.860 --> 00:45:18.860]  走出那個班
[00:45:18.860 --> 00:45:20.860]  你不要再還在那個班那裏
[00:45:20.860 --> 00:45:24.860]  就是要升班
[00:45:24.860 --> 00:45:26.860]  你不要經常留班
[00:45:26.860 --> 00:45:28.860]  他說要升班
[00:45:28.860 --> 00:45:30.860]  我們要竭力進到
[00:45:30.860 --> 00:45:32.860]  完全的地步
[00:45:32.860 --> 00:45:34.860]  說完這裏的時候
[00:45:34.860 --> 00:45:36.860]  接下來
[00:45:36.860 --> 00:45:38.860]  說的那些
[00:45:38.860 --> 00:45:40.860]  就很嚴重
[00:45:40.860 --> 00:45:44.860]  或者我還沒
[00:45:44.860 --> 00:45:48.860]  說的時候
[00:45:48.860 --> 00:45:50.860]  說到最後那句
[00:45:50.860 --> 00:45:52.860]  他說
[00:45:52.860 --> 00:45:54.860]  結局就是焚燒
[00:45:54.860 --> 00:45:58.860]  結局就是焚燒
[00:45:58.860 --> 00:46:00.860]  很嚴重的一個
[00:46:00.860 --> 00:46:02.860]  屬靈的一個
[00:46:02.860 --> 00:46:04.860]  審判的一個後果
[00:46:04.860 --> 00:46:06.860]  接著
[00:46:06.860 --> 00:46:08.860]  我就說回頭
[00:46:08.860 --> 00:46:10.860]  究竟什麼人要面對一個
[00:46:10.860 --> 00:46:12.860]  屬靈的
[00:46:12.860 --> 00:46:14.860]  被焚燒的一個後果呢?
[00:46:14.860 --> 00:46:16.860]  我就說這一段的聖經
[00:46:16.860 --> 00:46:20.860]  「國倫道那些已經蒙了光照
[00:46:20.860 --> 00:46:22.860]  常過天恩的滋味
[00:46:22.860 --> 00:46:24.860]  由於聖靈有份
[00:46:24.860 --> 00:46:26.860]  並常過神善道的滋味
[00:46:26.860 --> 00:46:28.860]  覺悟來世
[00:46:28.860 --> 00:46:30.860]  權能的人
[00:46:30.860 --> 00:46:32.860]  若是離棄道理
[00:46:32.860 --> 00:46:34.860]  就不能叫他們
[00:46:34.860 --> 00:46:36.860]  重新懊悔了
[00:46:36.860 --> 00:46:38.860]  因為他們把神的兒子
[00:46:38.860 --> 00:46:40.860]  重釘十字架
[00:46:40.860 --> 00:46:42.860]  冥冥的羞辱他
[00:46:42.860 --> 00:46:44.860]  就如一塊田地
[00:46:44.860 --> 00:46:46.860]  吃過屢次下的雨水
[00:46:46.860 --> 00:46:48.860]  生長菜蔬
[00:46:48.860 --> 00:46:50.860]  合乎耕種的人用
[00:46:50.860 --> 00:46:52.860]  就從神得福
[00:46:52.860 --> 00:46:54.860]  若長荊棘和窒泥
[00:46:54.860 --> 00:46:56.860]  必被廢棄
[00:46:56.860 --> 00:46:58.860]  近於咒作
[00:46:58.860 --> 00:47:00.860]  結局就是焚燒」
[00:47:00.860 --> 00:47:02.860]  這裏就很嚴重
[00:47:02.860 --> 00:47:04.860]  這是屬靈一個很嚴重的後果
[00:47:04.860 --> 00:47:06.860]  這是屬靈一個很嚴重的後果
[00:47:06.860 --> 00:47:08.860]  這是屬靈一個很嚴重的後果
[00:47:08.860 --> 00:47:10.860]  咒作和焚燒
[00:47:10.860 --> 00:47:12.860]  是神對於敵對他的人
[00:47:12.860 --> 00:47:14.860]  是神對於敵對他的人
[00:47:14.860 --> 00:47:16.860]  是神對於敵對他的人
[00:47:16.860 --> 00:47:18.860]  最嚴厲的審判結局
[00:47:18.860 --> 00:47:20.860]  最嚴厲的審判結局
[00:47:20.860 --> 00:47:22.860]  最嚴厲的審判結局
[00:47:22.860 --> 00:47:24.860]  是神對於敵對他人
[00:47:24.860 --> 00:47:26.860]  是神對於敵對他人
[00:47:26.860 --> 00:47:28.860]  是神對於敵對他人
[00:47:28.860 --> 00:47:30.860]  是神對於敵對他人
[00:47:30.860 --> 00:47:32.860]  是神對於敵對他人
[00:47:32.860 --> 00:47:34.860]  是神對於敵對他人
[00:47:34.860 --> 00:47:36.860]  是神對於敵對他人
[00:47:36.860 --> 00:47:38.860]  是神對於敵對他人
[00:47:38.860 --> 00:47:40.860]  是神對於敵對他人
[00:47:40.860 --> 00:47:42.860]  是神對於敵對他人
[00:47:42.860 --> 00:47:44.860]  是神對於敵對他人
[00:47:44.860 --> 00:47:46.860]  是神對於敵對他人
[00:47:46.860 --> 00:47:48.860]  是神對於敵對他人
[00:47:48.860 --> 00:47:50.860]  是神對於敵對他人
[00:47:50.860 --> 00:47:52.860]  首先如果從
[00:47:52.860 --> 00:47:54.860]  先從剔走那些
[00:47:54.860 --> 00:47:56.860]  不是的那些人
[00:47:56.860 --> 00:47:58.860]  你不知道是誰
[00:47:58.860 --> 00:48:00.860]  你都知道有些
[00:48:00.860 --> 00:48:02.860]  有些不對的答案就先剔走他
[00:48:02.860 --> 00:48:04.860]  第一個答案
[00:48:04.860 --> 00:48:06.860]  你要剔走的
[00:48:06.860 --> 00:48:08.860]  那些一定是返教會的人
[00:48:08.860 --> 00:48:10.860]  那些一定是返教會的人
[00:48:10.860 --> 00:48:12.860]  一定不是說那些沒有返教會的人
[00:48:12.860 --> 00:48:14.860]  一定不是說那些沒有返教會的人
[00:48:14.860 --> 00:48:16.860]  第一個 因為那個
[00:48:16.860 --> 00:48:18.860]  內容本身 那些讀者
[00:48:18.860 --> 00:48:20.860]  內容本身 那些讀者
[00:48:20.860 --> 00:48:22.860]  是說他們自己的
[00:48:22.860 --> 00:48:24.860]  是說他們的基督徒
[00:48:24.860 --> 00:48:26.860]  是說他們的基督徒
[00:48:26.860 --> 00:48:28.860]  不是說那些未信耶穌的人
[00:48:28.860 --> 00:48:30.860]  不是說那些未信耶穌的人
[00:48:30.860 --> 00:48:32.860]  所以第一個答案一定是
[00:48:32.860 --> 00:48:34.860]  是一些信了耶穌
[00:48:34.860 --> 00:48:36.860]  在教會裏面
[00:48:36.860 --> 00:48:38.860]  一起聽到的人
[00:48:38.860 --> 00:48:40.860]  合理吧
[00:48:40.860 --> 00:48:42.860]  這是第一
[00:48:42.860 --> 00:48:44.860]  所以接著
[00:48:44.860 --> 00:48:46.860]  就要再看這個內容
[00:48:46.860 --> 00:48:48.860]  就要再看這個內容
[00:48:48.860 --> 00:48:50.860]  就是那個基本讀者
[00:48:50.860 --> 00:48:52.860]  就是那些
[00:48:52.860 --> 00:48:54.860]  信了耶穌在教會裏一起聽到的人
[00:48:54.860 --> 00:48:56.860]  信了耶穌在教會裏一起聽到的人
[00:48:56.860 --> 00:48:58.860]  再仔細看內容
[00:48:58.860 --> 00:49:00.860]  再仔細看內容
[00:49:00.860 --> 00:49:02.860]  他們有什麼屬靈的經歷呢?
[00:49:02.860 --> 00:49:04.860]  他們有什麼屬靈的經歷呢?
[00:49:04.860 --> 00:49:06.860]  已經蒙了光照
[00:49:06.860 --> 00:49:08.860]  已經蒙了光照
[00:49:08.860 --> 00:49:10.860]  常過天恩的滋味
[00:49:10.860 --> 00:49:12.860]  由於聖靈有份
[00:49:12.860 --> 00:49:14.860]  並常過神善導的滋味
[00:49:14.860 --> 00:49:16.860]  覺不來世權能的人
[00:49:16.860 --> 00:49:18.860]  覺不來世權能的人
[00:49:18.860 --> 00:49:20.860]  我問你
[00:49:20.860 --> 00:49:22.860]  你用什麼人來形容
[00:49:22.860 --> 00:49:24.860]  你用什麼人來形容
[00:49:24.860 --> 00:49:26.860]  有這些經歷呢?
[00:49:26.860 --> 00:49:28.860]  你用什麼人來形容
[00:49:28.860 --> 00:49:30.860]  你用什麼人來形容
[00:49:30.860 --> 00:49:32.860]  有這些經歷呢?
[00:49:32.860 --> 00:49:34.860]  蒙了光照
[00:49:34.860 --> 00:49:36.860]  聽了道之後
[00:49:36.860 --> 00:49:38.860]  聽了道之後
[00:49:38.860 --> 00:49:40.860]  心裏是被神的說話
[00:49:40.860 --> 00:49:42.860]  心裏是被神的說話
[00:49:42.860 --> 00:49:44.860]  蒙了光照
[00:49:44.860 --> 00:49:46.860]  看到自己的黑暗
[00:49:46.860 --> 00:49:48.860]  常過天恩的滋味
[00:49:48.860 --> 00:49:52.860]  而且經歷過神的恩典
[00:49:52.860 --> 00:49:54.860]  而且經歷過神的恩典
[00:49:54.860 --> 00:49:56.860]  由於聖靈有份
[00:49:56.860 --> 00:49:58.860]  在他們的經歷當中
[00:49:58.860 --> 00:50:00.860]  是經歷過有聖靈的工作
[00:50:00.860 --> 00:50:02.860]  是經歷過有聖靈的工作
[00:50:02.860 --> 00:50:04.860]  是經歷過有聖靈的工作
[00:50:04.860 --> 00:50:06.860]  是經歷過有聖靈的工作
[00:50:06.860 --> 00:50:08.860]  並常過神善導的滋味
[00:50:08.860 --> 00:50:10.860]  並常過神善導的滋味
[00:50:10.860 --> 00:50:12.860]  是聽到津津樂道
[00:50:12.860 --> 00:50:14.860]  是聽到津津樂道
[00:50:14.860 --> 00:50:16.860]  是聽到津津樂道
[00:50:16.860 --> 00:50:18.860]  亦覺悟來世權能
[00:50:18.860 --> 00:50:20.860]  亦覺悟來世權能
[00:50:20.860 --> 00:50:22.860]  是很警惕
[00:50:22.860 --> 00:50:24.860]  是很警惕
[00:50:24.860 --> 00:50:26.860]  是很知道
[00:50:26.860 --> 00:50:28.860]  現在這個世界的事情
[00:50:28.860 --> 00:50:30.860]  現在這個世界的事情
[00:50:30.860 --> 00:50:32.860]  將會過去
[00:50:32.860 --> 00:50:34.860]  在永恆的當中
[00:50:34.860 --> 00:50:36.860]  神是可畏的
[00:50:36.860 --> 00:50:38.860]  神是可畏的
[00:50:38.860 --> 00:50:40.860]  神是追求永生的
[00:50:40.860 --> 00:50:42.860]  神是追求永生的
[00:50:42.860 --> 00:50:44.860]  我沒有多解釋
[00:50:44.860 --> 00:50:46.860]  我沒有多解釋
[00:50:46.860 --> 00:50:48.860]  我只是照著這裡來解釋
[00:50:48.860 --> 00:50:50.860]  我只是照著這裡來解釋
[00:50:50.860 --> 00:50:52.860]  我只是照著這裡來解釋
[00:50:52.860 --> 00:50:54.860]  我沒有多加或減少
[00:50:54.860 --> 00:50:56.860]  我沒有多加或減少
[00:50:56.860 --> 00:50:58.860]  我只是照著這裡來解釋
[00:50:58.860 --> 00:51:00.860]  我只是照著這裡來解釋
[00:51:00.860 --> 00:51:02.860]  我只是照著這裡來解釋
[00:51:02.860 --> 00:51:04.860]  我只是照著這裡來解釋
[00:51:04.860 --> 00:51:06.860]  我只是照著這裡來解釋
[00:51:06.860 --> 00:51:08.860]  我只是照著這裡來解釋
[00:51:08.860 --> 00:51:10.860]  我只是照著這裡來解釋
[00:51:10.860 --> 00:51:12.860]  我只是照著這裡來解釋
[00:51:12.860 --> 00:51:14.860]  我只是照著這裡來解釋
[00:51:14.860 --> 00:51:16.860]  我只是照著這裡來解釋
[00:51:16.860 --> 00:51:18.860]  我只是照著這裡來解釋
[00:51:18.860 --> 00:51:20.860]  我只是照著這裡來解釋
[00:51:20.860 --> 00:51:22.860]  我只是照著這裡來解釋
[00:51:22.860 --> 00:51:24.860]  我只是照著這裡來解釋
[00:51:24.860 --> 00:51:26.860]  我只是照著這裡來解釋
[00:51:26.860 --> 00:51:28.860]  我只是照著這裡來解釋
[00:51:28.860 --> 00:51:30.860]  我只是照著這裡來解釋
[00:51:30.860 --> 00:51:32.860]  我只是照著這裡來解釋
[00:51:32.860 --> 00:51:34.860]  我只是照著這裡來解釋
[00:51:34.860 --> 00:51:36.860]  我只是照著這裡來解釋
[00:51:36.860 --> 00:51:38.860]  我只是照著這裡來解釋
[00:51:38.860 --> 00:51:40.860]  我只是照著這裡來解釋
[00:51:40.860 --> 00:51:42.860]  我只是照著這裡來解釋
[00:51:42.860 --> 00:51:44.860]  我只是照著這裡來解釋
[00:51:44.860 --> 00:51:46.860]  我只是照著這裡來解釋
[00:51:46.860 --> 00:51:48.860]  我只是照著這裡來解釋
[00:51:48.860 --> 00:51:50.860]  我只是照著這裡來解釋
[00:51:50.860 --> 00:51:52.860]  我只是照著這裡來解釋
[00:51:52.860 --> 00:51:54.860]  我只是照著這裡來解釋
[00:51:54.860 --> 00:51:56.860]  我只是照著這裡來解釋
[00:51:56.860 --> 00:51:58.860]  我只是照著這裡來解釋
[00:51:58.860 --> 00:52:00.860]  我只是照著這裡來解釋
[00:52:00.860 --> 00:52:02.860]  我只是照著這裡來解釋
[00:52:02.860 --> 00:52:04.860]  我只是照著這裡來解釋
[00:52:04.860 --> 00:52:06.860]  我只是照著這裡來解釋
[00:52:06.860 --> 00:52:08.860]  我只是照著這裡來解釋
[00:52:08.860 --> 00:52:10.860]  我只是照著這裡來解釋
[00:52:10.860 --> 00:52:12.860]  我只是照著這裡來解釋
[00:52:12.860 --> 00:52:14.860]  我只是照著這裡來解釋
[00:52:14.860 --> 00:52:16.860]  我只是照著這裡來解釋
[00:52:16.860 --> 00:52:18.860]  我只是照著這裡來解釋
[00:52:18.860 --> 00:52:20.860]  我只是照著這裡來解釋
[00:52:20.860 --> 00:52:22.860]  我只是照著這裡來解釋
[00:52:22.860 --> 00:52:24.860]  我只是照著這裡來解釋
[00:52:24.860 --> 00:52:26.860]  我只是照著這裡來解釋
[00:52:26.860 --> 00:52:28.860]  我只是照著這裡來解釋
[00:52:28.860 --> 00:52:30.860]  我只是照著這裡來解釋
[00:52:30.860 --> 00:52:32.860]  我只是照著這裡來解釋
[00:52:32.860 --> 00:52:34.860]  我只是照著這裡來解釋
[00:52:34.860 --> 00:52:36.860]  我只是照著這裡來解釋
[00:52:36.860 --> 00:52:38.860]  我只是照著這裡來解釋
[00:52:38.860 --> 00:52:40.860]  我只是照著這裡來解釋
[00:52:40.860 --> 00:52:42.860]  我只是照著這裡來解釋
[00:52:42.860 --> 00:52:44.860]  我只是照著這裡來解釋
[00:52:44.860 --> 00:52:46.860]  我只是照著這裡來解釋
[00:52:46.860 --> 00:52:48.860]  我只是照著這裡來解釋
[00:52:48.860 --> 00:52:50.860]  我只是照著這裡來解釋
[00:52:50.860 --> 00:52:52.860]  我只是照著這裡來解釋
[00:52:52.860 --> 00:52:54.860]  我只是照著這裡來解釋
[00:52:54.860 --> 00:52:56.860]  我只是照著這裡來解釋
[00:52:56.860 --> 00:52:58.860]  我只是照著這裡來解釋
[00:52:58.860 --> 00:53:00.860]  我只是照著這裡來解釋
[00:53:00.860 --> 00:53:02.860]  我只是照著這裡來解釋
[00:53:02.860 --> 00:53:04.860]  我只是照著這裡來解釋
[00:53:04.860 --> 00:53:06.860]  我只是照著這裡來解釋
[00:53:06.860 --> 00:53:08.860]  我只是照著這裡來解釋
[00:53:08.860 --> 00:53:10.860]  我只是照著這裡來解釋
[00:53:10.860 --> 00:53:12.860]  我只是照著這裡來解釋
[00:53:12.860 --> 00:53:14.860]  我只是照著這裡來解釋
[00:53:14.860 --> 00:53:16.860]  我只是照著這裡來解釋
[00:53:16.860 --> 00:53:18.860]  我只是照著這裡來解釋
[00:53:18.860 --> 00:53:20.860]  我只是照著這裡來解釋
[00:53:20.860 --> 00:53:22.860]  我只是照著這裡來解釋
[00:53:22.860 --> 00:53:24.860]  我只是照著這裡來解釋
[00:53:24.860 --> 00:53:26.860]  我只是照著這裡來解釋
[00:53:26.860 --> 00:53:28.860]  我只是照著這裡來解釋
[00:53:28.860 --> 00:53:30.860]  我只是照著這裡來解釋
[00:53:30.860 --> 00:53:32.860]  我只是照著這裡來解釋
[00:53:32.860 --> 00:53:34.860]  我只是照著這裡來解釋
[00:53:34.860 --> 00:53:36.860]  我只是照著這裡來解釋
[00:53:36.860 --> 00:53:38.860]  我只是照著這裡來解釋
[00:53:38.860 --> 00:53:40.860]  我只是照著這裡來解釋
[00:53:40.860 --> 00:53:42.860]  我只是照著這裡來解釋
[00:53:42.860 --> 00:53:44.860]  我只是照著這裡來解釋
[00:53:44.860 --> 00:53:46.860]  我只是照著這裡來解釋
[00:53:46.860 --> 00:53:48.860]  我只是照著這裡來解釋
[00:53:48.860 --> 00:53:50.860]  我只是照著這裡來解釋
[00:53:50.860 --> 00:53:52.860]  我只是照著這裡來解釋
[00:53:52.860 --> 00:53:54.860]  我只是照著這裡來解釋
[00:53:54.860 --> 00:53:56.860]  我只是照著這裡來解釋
[00:53:56.860 --> 00:53:58.860]  我只是照著這裡來解釋
[00:53:58.860 --> 00:54:00.860]  我只是照著這裡來解釋
[00:54:00.860 --> 00:54:02.860]  我只是照著這裡來解釋
[00:54:02.860 --> 00:54:04.860]  我只是照著這裡來解釋
[00:54:04.860 --> 00:54:06.860]  我只是照著這裡來解釋
[00:54:06.860 --> 00:54:08.860]  我只是照著這裡來解釋
[00:54:08.860 --> 00:54:10.860]  我只是照著這裡來解釋
[00:54:10.860 --> 00:54:12.860]  我只是照著這裡來解釋
[00:54:12.860 --> 00:54:14.860]  我只是照著這裡來解釋
[00:54:14.860 --> 00:54:16.860]  我只是照著這裡來解釋
[00:54:16.860 --> 00:54:18.860]  我只是照著這裡來解釋
[00:54:18.860 --> 00:54:20.860]  我只是照著這裡來解釋
[00:54:20.860 --> 00:54:22.860]  我只是照著這裡來解釋
[00:54:22.860 --> 00:54:24.860]  我只是照著這裡來解釋
[00:54:24.860 --> 00:54:26.860]  我只是照著這裡來解釋
[00:54:26.860 --> 00:54:28.860]  我只是照著這裡來解釋
[00:54:28.860 --> 00:54:30.860]  我只是照著這裡來解釋
[00:54:30.860 --> 00:54:32.860]  我只是照著這裡來解釋
[00:54:32.860 --> 00:54:34.860]  我只是照著這裡來解釋
[00:54:34.860 --> 00:54:36.860]  我只是照著這裡來解釋
[00:54:36.860 --> 00:54:38.860]  我只是照著這裡來解釋
[00:54:38.860 --> 00:54:40.860]  我只是照著這裡來解釋
[00:54:40.860 --> 00:54:42.860]  我只是照著這裡來解釋
[00:54:42.860 --> 00:54:44.860]  我只是照著這裡來解釋
[00:54:44.860 --> 00:54:46.860]  我只是照著這裡來解釋
[00:54:46.860 --> 00:54:48.860]  我只是照著這裡來解釋
[00:54:48.860 --> 00:54:50.860]  我只是照著這裡來解釋
[00:54:50.860 --> 00:54:52.860]  我只是照著這裡來解釋
[00:54:52.860 --> 00:54:54.860]  我的意思是
[00:54:54.860 --> 00:54:56.860]  我的意思是
[00:54:56.860 --> 00:54:58.860]  我的意思是
[00:54:58.860 --> 00:55:00.860]  我的意思是
[00:55:00.860 --> 00:55:02.860]  我只是照著這裡來解釋
[00:55:02.860 --> 00:55:04.860]  我只是照著這裡來解釋
[00:55:04.860 --> 00:55:06.860]  我只是照著這裡來解釋
[00:55:06.860 --> 00:55:08.860]  我只是照著這裡來解釋
[00:55:08.860 --> 00:55:10.860]  我只是照著這裡來解釋
[00:55:10.860 --> 00:55:12.860]  我只是照著這裡來解釋
[00:55:12.860 --> 00:55:14.860]  我只是照著這裡來解釋
[00:55:14.860 --> 00:55:16.860]  我只是照著這裡來解釋
[00:55:16.860 --> 00:55:18.860]  我只是照著這裡來解釋
[00:55:18.860 --> 00:55:20.860]  我只是照著這裡來解釋
[00:55:20.860 --> 00:55:22.860]  我只是照著這裡來解釋
[00:55:22.860 --> 00:55:24.860]  我只是照著這裡來解釋
[00:55:24.860 --> 00:55:26.860]  我只是照著這裡來解釋
[00:55:26.860 --> 00:55:28.860]  我只是照著這裡來解釋
[00:55:28.860 --> 00:55:30.860]  我只是照著這裡來解釋
[00:55:30.860 --> 00:55:32.860]  我只是照著這裡來解釋
[00:55:32.860 --> 00:55:34.860]  我只是照著這裡來解釋
[00:55:34.860 --> 00:55:36.860]  我只是照著這裡來解釋
[00:55:36.860 --> 00:55:38.860]  我只是照著這裡來解釋
[00:55:38.860 --> 00:55:40.860]  我只是照著這裡來解釋
[00:55:40.860 --> 00:55:42.860]  我只是照著這裡來解釋
[00:55:42.860 --> 00:55:44.860]  我只是照著這裡來解釋
[00:55:44.860 --> 00:55:46.860]  我只是照著這裡來解釋
[00:55:46.860 --> 00:55:48.860]  我只是照著這裡來解釋
[00:55:48.860 --> 00:55:50.860]  我只是照著這裡來解釋
[00:55:50.860 --> 00:55:52.860]  我只是照著這裡來解釋
[00:55:52.860 --> 00:55:54.860]  我只是照著這裡來解釋
[00:55:54.860 --> 00:55:56.860]  我只是照著這裡來解釋
[00:55:56.860 --> 00:55:58.860]  我只是照著這裡來解釋
[00:55:58.860 --> 00:56:00.860]  我只是照著這裡來解釋
[00:56:00.860 --> 00:56:02.860]  我只是照著這裡來解釋
[00:56:02.860 --> 00:56:04.860]  我只是照著這裡來解釋
[00:56:04.860 --> 00:56:06.860]  我只是照著這裡來解釋
[00:56:06.860 --> 00:56:08.860]  我只是照著這裡來解釋
[00:56:08.860 --> 00:56:10.860]  我只是照著這裡來解釋
[00:56:10.860 --> 00:56:12.860]  我只是照著這裡來解釋
[00:56:12.860 --> 00:56:14.860]  我只是照著這裡來解釋
[00:56:14.860 --> 00:56:16.860]  我只是照著這裡來解釋
[00:56:16.860 --> 00:56:18.860]  我只是照著這裡來解釋
[00:56:18.860 --> 00:56:20.860]  我只是照著這裡來解釋
[00:56:20.860 --> 00:56:22.860]  我只是照著這裡來解釋
[00:56:22.860 --> 00:56:24.860]  我只是照著這裡來解釋
[00:56:24.860 --> 00:56:26.860]  我只是照著這裡來解釋
[00:56:26.860 --> 00:56:28.860]  我只是照著這裡來解釋
[00:56:28.860 --> 00:56:30.860]  我只是照著這裡來解釋
[00:56:30.860 --> 00:56:32.860]  我只是照著這裡來解釋
[00:56:32.860 --> 00:56:34.860]  我只是照著這裡來解釋
[00:56:34.860 --> 00:56:36.860]  我只是照著這裡來解釋
[00:56:36.860 --> 00:56:38.860]  我只是照著這裡來解釋
[00:56:38.860 --> 00:56:40.860]  我只是照著這裡來解釋
[00:56:40.860 --> 00:56:42.860]  我只是照著這裡來解釋
[00:56:42.860 --> 00:56:44.860]  我只是照著這裡來解釋
[00:56:44.860 --> 00:56:46.860]  我只是照著這裡來解釋
[00:56:46.860 --> 00:56:48.860]  我只是照著這裡來解釋
[00:56:48.860 --> 00:56:50.860]  我只是照著這裡來解釋
[00:56:50.860 --> 00:56:52.860]  我只是照著這裡來解釋
[00:56:52.860 --> 00:56:54.860]  我只是照著這裡來解釋
[00:56:54.860 --> 00:56:56.860]  我只是照著這裡來解釋
[00:56:56.860 --> 00:56:58.860]  我只是照著這裡來解釋
[00:56:58.860 --> 00:57:00.860]  我只是照著這裡來解釋
[00:57:00.860 --> 00:57:02.860]  我只是照著這裡來解釋
[00:57:02.860 --> 00:57:04.860]  我只是照著這裡來解釋
[00:57:04.860 --> 00:57:06.860]  我只是照著這裡來解釋
[00:57:06.860 --> 00:57:08.860]  我只是照著這裡來解釋
[00:57:08.860 --> 00:57:10.860]  我只是照著這裡來解釋
[00:57:10.860 --> 00:57:12.860]  我只是照著這裡來解釋
[00:57:12.860 --> 00:57:14.860]  我只是照著這裡來解釋
[00:57:14.860 --> 00:57:16.860]  我只是照著這裡來解釋
[00:57:16.860 --> 00:57:18.860]  我只是照著這裡來解釋
[00:57:18.860 --> 00:57:20.860]  我只是照著這裡來解釋
[00:57:20.860 --> 00:57:22.860]  我只是照著這裡來解釋
[00:57:22.860 --> 00:57:24.860]  我只是照著這裡來解釋
[00:57:24.860 --> 00:57:26.860]  我只是照著這裡來解釋
[00:57:26.860 --> 00:57:28.860]  我只是照著這裡來解釋
[00:57:28.860 --> 00:57:30.860]  我只是照著這裡來解釋
[00:57:30.860 --> 00:57:32.860]  我只是照著這裡來解釋
[00:57:32.860 --> 00:57:34.860]  我只是照著這裡來解釋
[00:57:34.860 --> 00:57:36.860]  我只是照著這裡來解釋
[00:57:36.860 --> 00:57:38.860]  我只是照著這裡來解釋
[00:57:38.860 --> 00:57:40.860]  我只是照著這裡來解釋
[00:57:40.860 --> 00:57:42.860]  我只是照著這裡來解釋
[00:57:42.860 --> 00:57:44.860]  我只是照著這裡來解釋
[00:57:44.860 --> 00:57:46.860]  我只是照著這裡來解釋
[00:57:46.860 --> 00:57:48.860]  我只是照著這裡來解釋
[00:57:48.860 --> 00:57:50.860]  我只是照著這裡來解釋
[00:57:50.860 --> 00:57:52.860]  我只是照著這裡來解釋
[00:57:52.860 --> 00:57:54.860]  我只是照著這裡來解釋
[00:57:54.860 --> 00:57:56.860]  我只是照著這裡來解釋
[00:57:56.860 --> 00:57:58.860]  我只是照著這裡來解釋
[00:57:58.860 --> 00:58:00.860]  我只是照著這裡來解釋
[00:58:00.860 --> 00:58:02.860]  我只是照著這裡來解釋
[00:58:02.860 --> 00:58:04.860]  我只是照著這裡來解釋
[00:58:04.860 --> 00:58:06.860]  我只是照著這裡來解釋
[00:58:06.860 --> 00:58:08.860]  我只是照著這裡來解釋
[00:58:08.860 --> 00:58:10.860]  我只是照著這裡來解釋
[00:58:10.860 --> 00:58:12.860]  我只是照著這裡來解釋
[00:58:12.860 --> 00:58:14.860]  我只是照著這裡來解釋
[00:58:14.860 --> 00:58:16.860]  我只是照著這裡來解釋
[00:58:16.860 --> 00:58:18.860]  我只是照著這裡來解釋
[00:58:18.860 --> 00:58:20.860]  我只是照著這裡來解釋
[00:58:20.860 --> 00:58:22.860]  我只是照著這裡來解釋
[00:58:22.860 --> 00:58:24.860]  我只是照著這裡來解釋
[00:58:24.860 --> 00:58:26.860]  我只是照著這裡來解釋
[00:58:26.860 --> 00:58:28.860]  我只是照著這裡來解釋
[00:58:28.860 --> 00:58:30.860]  我只是照著這裡來解釋
[00:58:30.860 --> 00:58:32.860]  我只是照著這裡來解釋
[00:58:32.860 --> 00:58:34.860]  我只是照著這裡來解釋
[00:58:34.860 --> 00:58:36.860]  我只是照著這裡來解釋
[00:58:36.860 --> 00:58:38.860]  我只是照著這裡來解釋
[00:58:38.860 --> 00:58:40.860]  我只是照著這裡來解釋
[00:58:40.860 --> 00:58:42.860]  我只是照著這裡來解釋
[00:58:42.860 --> 00:58:44.860]  我只是照著這裡來解釋
[00:58:44.860 --> 00:58:46.860]  我只是照著這裡來解釋
[00:58:46.860 --> 00:58:48.860]  我只是照著這裡來解釋
[00:58:48.860 --> 00:58:50.860]  我只是照著這裡來解釋
[00:58:50.860 --> 00:58:52.860]  我只是照著這裡來解釋
[00:58:52.860 --> 00:58:54.860]  我只是照著這裡來解釋
[00:58:54.860 --> 00:58:56.860]  我只是照著這裡來解釋
[00:58:56.860 --> 00:58:58.860]  我只是照著這裡來解釋
[00:58:58.860 --> 00:59:00.860]  我只是照著這裡來解釋
[00:59:00.860 --> 00:59:02.860]  我只是照著這裡來解釋
[00:59:02.860 --> 00:59:04.860]  我只是照著這裡來解釋
[00:59:04.860 --> 00:59:06.860]  我只是照著這裡來解釋
[00:59:06.860 --> 00:59:08.860]  我只是照著這裡來解釋
[00:59:08.860 --> 00:59:10.860]  我只是照著這裡來解釋
[00:59:10.860 --> 00:59:12.860]  我只是照著這裡來解釋
[00:59:12.860 --> 00:59:14.860]  我只是照著這裡來解釋
[00:59:14.860 --> 00:59:16.860]  我只是照著這裡來解釋
[00:59:16.860 --> 00:59:18.860]  我只是照著這裡來解釋
[00:59:18.860 --> 00:59:20.860]  我只是照著這裡來解釋
[00:59:20.860 --> 00:59:22.860]  我只是照著這裡來解釋
[00:59:22.860 --> 00:59:24.860]  我只是照著這裡來解釋
[00:59:24.860 --> 00:59:26.860]  我只是照著這裡來解釋
[00:59:26.860 --> 00:59:28.860]  我只是照著這裡來解釋
[00:59:28.860 --> 00:59:30.860]  我只是照著這裡來解釋
[00:59:30.860 --> 00:59:32.860]  我只是照著這裡來解釋
[00:59:32.860 --> 00:59:34.860]  我只是照著這裡來解釋
[00:59:34.860 --> 00:59:36.860]  我只是照著這裡來解釋
[00:59:36.860 --> 00:59:38.860]  我只是照著這裡來解釋
[00:59:38.860 --> 00:59:40.860]  我只是照著這裡來解釋
[00:59:40.860 --> 00:59:42.860]  我只是照著這裡來解釋
[00:59:42.860 --> 00:59:44.860]  我只是照著這裡來解釋
[00:59:44.860 --> 00:59:46.860]  我只是照著這裡來解釋
[00:59:46.860 --> 00:59:48.860]  我只是照著這裡來解釋
[00:59:48.860 --> 00:59:50.860]  我只是照著這裡來解釋
[00:59:50.860 --> 00:59:52.860]  我只是照著這裡來解釋
[00:59:52.860 --> 00:59:54.860]  我只是照著這裡來解釋
[00:59:54.860 --> 00:59:56.860]  我只是照著這裡來解釋
[00:59:56.860 --> 00:59:58.860]  我只是照著這裡來解釋
[00:59:58.860 --> 01:00:00.860]  我只是照著這裡來解釋
[01:00:00.860 --> 01:00:02.860]  我只是照著這裡來解釋
[01:00:02.860 --> 01:00:04.860]  我只是照著這裡來解釋
[01:00:04.860 --> 01:00:06.860]  我只是照著這裡來解釋
[01:00:06.860 --> 01:00:08.860]  我只是照著這裡來解釋
[01:00:08.860 --> 01:00:10.860]  我只是照著這裡來解釋
[01:00:10.860 --> 01:00:12.860]  我只是照著這裡來解釋
[01:00:12.860 --> 01:00:14.860]  我只是照著這裡來解釋
[01:00:14.860 --> 01:00:16.860]  我只是照著這裡來解釋
[01:00:16.860 --> 01:00:18.860]  我只是照著這裡來解釋
[01:00:18.860 --> 01:00:20.860]  我只是照著這裡來解釋
[01:00:20.860 --> 01:00:22.860]  我只是照著這裡來解釋
[01:00:22.860 --> 01:00:24.860]  我只是照著這裡來解釋
[01:00:24.860 --> 01:00:26.860]  我只是照著這裡來解釋
[01:00:26.860 --> 01:00:28.860]  我只是照著這裡來解釋
[01:00:28.860 --> 01:00:30.860]  我只是照著這裡來解釋
[01:00:30.860 --> 01:00:32.860]  我只是照著這裡來解釋
[01:00:32.860 --> 01:00:34.860]  我只是照著這裡來解釋
[01:00:34.860 --> 01:00:36.860]  我只是照著這裡來解釋
[01:00:36.860 --> 01:00:38.860]  我只是照著這裡來解釋
[01:00:38.860 --> 01:00:40.860]  我只是照著這裡來解釋
[01:00:40.860 --> 01:00:42.860]  我只是照著這裡來解釋
[01:00:42.860 --> 01:00:44.860]  我只是照著這裡來解釋
[01:00:44.860 --> 01:00:46.860]  我只是照著這裡來解釋
[01:00:46.860 --> 01:00:48.860]  我只是照著這裡來解釋
[01:00:48.860 --> 01:00:50.860]  我只是照著這裡來解釋
[01:00:50.860 --> 01:00:52.860]  我只是照著這裡來解釋
[01:00:52.860 --> 01:00:54.860]  我只是照著這裡來解釋
[01:00:54.860 --> 01:00:56.860]  我只是照著這裡來解釋
[01:00:56.860 --> 01:00:58.860]  我只是照著這裡來解釋
[01:00:58.860 --> 01:01:00.860]  我只是照著這裡來解釋
[01:01:00.860 --> 01:01:02.860]  我只是照著這裡來解釋
[01:01:02.860 --> 01:01:04.860]  我只是照著這裡來解釋
[01:01:04.860 --> 01:01:06.860]  我只是照著這裡來解釋
[01:01:06.860 --> 01:01:08.860]  我只是照著這裡來解釋
[01:01:08.860 --> 01:01:10.860]  我只是照著這裡來解釋
[01:01:10.860 --> 01:01:12.860]  我只是照著這裡來解釋
[01:01:12.860 --> 01:01:14.860]  我只是照著這裡來解釋
[01:01:14.860 --> 01:01:16.860]  我只是照著這裡來解釋
[01:01:16.860 --> 01:01:18.860]  我只是照著這裡來解釋
[01:01:18.860 --> 01:01:20.860]  我只是照著這裡來解釋
[01:01:20.860 --> 01:01:22.860]  我只是照著這裡來解釋
[01:01:22.860 --> 01:01:24.860]  我只是照著這裡來解釋
[01:01:24.860 --> 01:01:26.860]  我只是照著這裡來解釋
[01:01:26.860 --> 01:01:28.860]  我只是照著這裡來解釋
[01:01:28.860 --> 01:01:30.860]  我只是照著這裡來解釋
[01:01:30.860 --> 01:01:32.860]  我只是照著這裡來解釋
[01:01:32.860 --> 01:01:34.860]  我只是照著這裡來解釋
[01:01:34.860 --> 01:01:36.860]  我只是照著這裡來解釋
[01:01:36.860 --> 01:01:38.860]  我只是照著這裡來解釋
[01:01:38.860 --> 01:01:40.860]  我只是照著這裡來解釋
[01:01:40.860 --> 01:01:42.860]  我只是照著這裡來解釋
[01:01:42.860 --> 01:01:44.860]  我只是照著這裡來解釋
[01:01:44.860 --> 01:01:46.860]  我只是照著這裡來解釋
[01:01:46.860 --> 01:01:48.860]  我只是照著這裡來解釋
[01:01:48.860 --> 01:01:50.860]  我只是照著這裡來解釋
[01:01:50.860 --> 01:01:52.860]  我只是照著這裡來解釋
[01:01:52.860 --> 01:01:54.860]  我只是照著這裡來解釋
[01:01:54.860 --> 01:01:56.860]  我只是照著這裡來解釋
[01:01:56.860 --> 01:01:58.860]  我只是照著這裡來解釋
[01:01:58.860 --> 01:02:00.860]  我只是照著這裡來解釋
[01:02:00.860 --> 01:02:02.860]  我只是照著這裡來解釋
[01:02:02.860 --> 01:02:04.860]  我只是照著這裡來解釋
[01:02:04.860 --> 01:02:06.860]  我只是照著這裡來解釋
[01:02:06.860 --> 01:02:08.860]  我只是照著這裡來解釋
[01:02:08.860 --> 01:02:10.860]  我只是照著這裡來解釋
[01:02:10.860 --> 01:02:12.860]  我只是照著這裡來解釋
[01:02:12.860 --> 01:02:14.860]  我只是照著這裡來解釋
[01:02:14.860 --> 01:02:16.860]  我只是照著這裡來解釋
[01:02:16.860 --> 01:02:18.860]  我只是照著這裡來解釋
[01:02:18.860 --> 01:02:20.860]  我只是照著這裡來解釋
[01:02:20.860 --> 01:02:22.860]  我只是照著這裡來解釋
[01:02:22.860 --> 01:02:24.860]  我只是照著這裡來解釋
[01:02:24.860 --> 01:02:26.860]  我只是照著這裡來解釋
[01:02:26.860 --> 01:02:28.860]  我只是照著這裡來解釋
[01:02:28.860 --> 01:02:30.860]  我只是照著這裡來解釋
[01:02:30.860 --> 01:02:32.860]  我只是照著這裡來解釋
[01:02:32.860 --> 01:02:34.860]  我只是照著這裡來解釋
[01:02:34.860 --> 01:02:36.860]  我只是照著這裡來解釋
[01:02:36.860 --> 01:02:38.860]  我只是照著這裡來解釋
[01:02:38.860 --> 01:02:40.860]  我只是照著這裡來解釋
[01:02:40.860 --> 01:02:42.860]  我只是照著這裡來解釋
[01:02:42.860 --> 01:02:44.860]  我只是照著這裡來解釋
[01:02:44.860 --> 01:02:46.860]  我只是照著這裡來解釋
[01:02:46.860 --> 01:02:48.860]  我只是照著這裡來解釋
[01:02:48.860 --> 01:02:50.860]  我只是照著這裡來解釋
[01:02:50.860 --> 01:02:52.860]  我只是照著這裡來解釋
[01:02:52.860 --> 01:02:54.860]  我只是照著這裡來解釋
[01:02:54.860 --> 01:02:56.860]  我只是照著這裡來解釋
[01:02:56.860 --> 01:02:58.860]  我只是照著這裡來解釋
[01:02:58.860 --> 01:03:00.860]  我只是照著這裡來解釋
[01:03:00.860 --> 01:03:02.860]  我只是照著這裡來解釋
[01:03:02.860 --> 01:03:04.860]  我只是照著這裡來解釋
[01:03:04.860 --> 01:03:06.860]  我只是照著這裡來解釋
[01:03:06.860 --> 01:03:08.860]  我只是照著這裡來解釋
[01:03:08.860 --> 01:03:10.860]  我只是照著這裡來解釋
[01:03:10.860 --> 01:03:12.860]  我只是照著這裡來解釋
[01:03:12.860 --> 01:03:14.860]  我只是照著這裡來解釋
[01:03:14.860 --> 01:03:16.860]  我只是照著這裡來解釋
[01:03:16.860 --> 01:03:18.860]  我只是照著這裡來解釋
[01:03:18.860 --> 01:03:20.860]  我只是照著這裡來解釋
[01:03:20.860 --> 01:03:22.860]  我只是照著這裡來解釋
[01:03:22.860 --> 01:03:24.860]  我只是照著這裡來解釋
[01:03:24.860 --> 01:03:26.860]  我只是照著這裡來解釋
[01:03:26.860 --> 01:03:28.860]  我只是照著這裡來解釋
[01:03:28.860 --> 01:03:30.860]  我只是照著這裡來解釋
[01:03:30.860 --> 01:03:32.860]  我只是照著這裡來解釋
[01:03:32.860 --> 01:03:34.860]  我只是照著這裡來解釋
[01:03:34.860 --> 01:03:36.860]  我只是照著這裡來解釋
[01:03:36.860 --> 01:03:38.860]  我只是照著這裡來解釋
[01:03:38.860 --> 01:03:40.860]  我只是照著這裡來解釋
[01:03:40.860 --> 01:03:42.860]  我只是照著這裡來解釋
[01:03:42.860 --> 01:03:44.860]  我只是照著這裡來解釋
[01:03:44.860 --> 01:03:46.860]  我只是照著這裡來解釋
[01:03:46.860 --> 01:03:48.860]  我只是照著這裡來解釋
[01:03:48.860 --> 01:03:50.860]  我只是照著這裡來解釋
[01:03:50.860 --> 01:03:52.860]  我只是照著這裡來解釋
[01:03:52.860 --> 01:03:54.860]  我只是照著這裡來解釋
[01:03:54.860 --> 01:03:56.860]  我只是照著這裡來解釋
[01:03:56.860 --> 01:03:58.860]  我只是照著這裡來解釋
[01:03:58.860 --> 01:04:00.860]  我只是照著這裡來解釋
[01:04:00.860 --> 01:04:02.860]  我只是照著這裡來解釋
[01:04:02.860 --> 01:04:04.860]  我只是照著這裡來解釋
[01:04:04.860 --> 01:04:06.860]  我只是照著這裡來解釋
[01:04:06.860 --> 01:04:08.860]  我只是照著這裡來解釋
[01:04:08.860 --> 01:04:10.860]  我只是照著這裡來解釋
[01:04:10.860 --> 01:04:12.860]  我只是照著這裡來解釋
[01:04:12.860 --> 01:04:14.860]  我只是照著這裡來解釋
[01:04:14.860 --> 01:04:16.860]  我只是照著這裡來解釋
[01:04:16.860 --> 01:04:18.860]  我只是照著這裡來解釋
[01:04:18.860 --> 01:04:20.860]  我只是照著這裡來解釋
[01:04:20.860 --> 01:04:22.860]  我只是照著這裡來解釋
[01:04:22.860 --> 01:04:24.860]  我只是照著這裡來解釋
[01:04:24.860 --> 01:04:26.860]  我只是照著這裡來解釋
[01:04:26.860 --> 01:04:28.860]  我只是照著這裡來解釋
[01:04:28.860 --> 01:04:30.860]  我只是照著這裡來解釋
[01:04:30.860 --> 01:04:32.860]  我只是照著這裡來解釋
[01:04:32.860 --> 01:04:34.860]  我只是照著這裡來解釋
[01:04:34.860 --> 01:04:36.860]  我只是照著這裡來解釋
[01:04:36.860 --> 01:04:38.860]  我只是照著這裡來解釋
[01:04:38.860 --> 01:04:40.860]  我只是照著這裡來解釋
[01:04:40.860 --> 01:04:42.860]  我只是照著這裡來解釋
[01:04:42.860 --> 01:04:44.860]  我只是照著這裡來解釋
[01:04:44.860 --> 01:04:46.860]  我只是照著這裡來解釋
[01:04:46.860 --> 01:04:48.860]  我只是照著這裡來解釋
[01:04:48.860 --> 01:04:50.860]  我只是照著這裡來解釋
[01:04:50.860 --> 01:04:52.860]  我只是照著這裡來解釋
[01:04:52.860 --> 01:04:54.860]  我只是照著這裡來解釋
[01:04:54.860 --> 01:04:56.860]  我只是照著這裡來解釋
[01:04:56.860 --> 01:04:58.860]  我只是照著這裡來解釋
[01:04:58.860 --> 01:05:00.860]  我只是照著這裡來解釋
[01:05:00.860 --> 01:05:02.860]  我只是照著這裡來解釋
[01:05:02.860 --> 01:05:04.860]  我只是照著這裡來解釋
[01:05:04.860 --> 01:05:06.860]  我只是照著這裡來解釋
[01:05:06.860 --> 01:05:08.860]  你想像一下
[01:05:08.860 --> 01:05:10.860]  如果你走過那些山
[01:05:10.860 --> 01:05:12.860]  有個小孩
[01:05:12.860 --> 01:05:14.860]  不識性
[01:05:14.860 --> 01:05:16.860]  不停地走到很邊緣
[01:05:16.860 --> 01:05:20.860]  他說沒事的
[01:05:20.860 --> 01:05:24.860]  在身邊
[01:05:24.860 --> 01:05:26.860]  見到的人都瞪他牙煙
[01:05:26.860 --> 01:05:30.860]  你有沒有見過這樣的情況?
[01:05:30.860 --> 01:05:32.860]  有的
[01:05:32.860 --> 01:05:34.860]  有的青少年
[01:05:34.860 --> 01:05:36.860]  他不識性
[01:05:36.860 --> 01:05:38.860]  明明這麼大條路
[01:05:38.860 --> 01:05:40.860]  你走就走正路一點
[01:05:40.860 --> 01:05:42.860]  你為什麼走到這麼邊緣
[01:05:42.860 --> 01:05:44.860]  你跟他說不要走這麼邊緣
[01:05:44.860 --> 01:05:46.860]  很危險的
[01:05:46.860 --> 01:05:48.860]  你跟父母說
[01:05:48.860 --> 01:05:50.860]  沒事的
[01:05:50.860 --> 01:05:52.860]  我很靈活的身手敏捷
[01:05:52.860 --> 01:05:54.860]  沒事的
[01:05:54.860 --> 01:05:56.860]  可能你也見過這樣的情況
[01:05:56.860 --> 01:05:58.860]  可能你也見過這樣的情況
[01:05:58.860 --> 01:06:00.860]  他會不會跌死?
[01:06:02.860 --> 01:06:04.860]  不會吧
[01:06:04.860 --> 01:06:06.860]  有些人說會
[01:06:06.860 --> 01:06:08.860]  有些人說不會
[01:06:08.860 --> 01:06:10.860]  我就告訴你其實是不知道的
[01:06:10.860 --> 01:06:12.860]  看他有沒有運氣
[01:06:12.860 --> 01:06:14.860]  一個大風吹下去
[01:06:14.860 --> 01:06:16.860]  一個大風吹下去
[01:06:16.860 --> 01:06:18.860]  有沒有跌死的可能就絕對有
[01:06:18.860 --> 01:06:20.860]  有沒有跌死的可能就絕對有
[01:06:20.860 --> 01:06:22.860]  是否一定跌死也未必
[01:06:22.860 --> 01:06:24.860]  可能他這次跌不死
[01:06:24.860 --> 01:06:26.860]  可能他這次跌不死
[01:06:26.860 --> 01:06:28.860]  可能他這次跌不死
[01:06:28.860 --> 01:06:30.860]  可能他這次跌不死
[01:06:30.860 --> 01:06:32.860]  我覺得整段聖經其實是說同樣的東西
[01:06:32.860 --> 01:06:34.860]  我覺得整段聖經其實是說同樣的東西
[01:06:34.860 --> 01:06:38.860]  信仰是會
[01:06:38.860 --> 01:06:40.860]  如果你不斷不斷的後退
[01:06:40.860 --> 01:06:42.860]  就好像走到邊邊
[01:06:42.860 --> 01:06:44.860]  就好像走到邊邊
[01:06:44.860 --> 01:06:46.860]  就跌下去就死了
[01:06:46.860 --> 01:06:48.860]  就跌下去就死了
[01:06:48.860 --> 01:06:50.860]  但是正常的人
[01:06:50.860 --> 01:06:52.860]  但是正常的人
[01:06:52.860 --> 01:06:54.860]  你用不著害怕
[01:06:54.860 --> 01:06:56.860]  你不要走到邊邊就不害怕
[01:06:56.860 --> 01:06:58.860]  你繼續走回正路
[01:06:58.860 --> 01:07:00.860]  你繼續走回正路
[01:07:00.860 --> 01:07:02.860]  或者如果你膽小一點
[01:07:02.860 --> 01:07:04.860]  怕高一點
[01:07:04.860 --> 01:07:06.860]  你就走得有這麼貼山
[01:07:06.860 --> 01:07:08.860]  你就不會害怕
[01:07:08.860 --> 01:07:10.860]  有些人是這樣的
[01:07:10.860 --> 01:07:12.860]  有些人是這樣的
[01:07:12.860 --> 01:07:14.860]  他是很害怕
[01:07:14.860 --> 01:07:16.860]  他明明離那個懸崖很遠
[01:07:16.860 --> 01:07:18.860]  他都走得貼得差不多
[01:07:18.860 --> 01:07:20.860]  他的手臂差不多擦到牆
[01:07:20.860 --> 01:07:22.860]  他的手臂差不多擦到牆
[01:07:22.860 --> 01:07:24.860]  他很小心
[01:07:24.860 --> 01:07:26.860]  他很小心
[01:07:26.860 --> 01:07:28.860]  他很小心
[01:07:28.860 --> 01:07:30.860]  你不用害怕
[01:07:30.860 --> 01:07:32.860]  你有這種恩勤不懈抬
[01:07:32.860 --> 01:07:34.860]  你有這種恩勤不懈抬
[01:07:34.860 --> 01:07:36.860]  所以並且不懈抬
[01:07:36.860 --> 01:07:38.860]  總要效法乃是憑信心
[01:07:38.860 --> 01:07:40.860]  忍受承受應許的人
[01:07:40.860 --> 01:07:42.860]  那你就不用害怕
[01:07:42.860 --> 01:07:44.860]  等於你
[01:07:44.860 --> 01:07:46.860]  等於你
[01:07:46.860 --> 01:07:48.860]  平時很努力的
[01:07:48.860 --> 01:07:50.860]  平時很努力的
[01:07:50.860 --> 01:07:52.860]  要去預備
[01:07:52.860 --> 01:07:54.860]  每次讀完書上完一課
[01:07:54.860 --> 01:07:56.860]  每次讀完書上完一課
[01:07:56.860 --> 01:07:58.860]  那些東西都溫習你都懂
[01:07:58.860 --> 01:08:00.860]  那些東西都溫習你都懂
[01:08:00.860 --> 01:08:02.860]  你不用怕考試的時候會肥老
[01:08:02.860 --> 01:08:04.860]  你不用怕考試的時候會肥老
[01:08:04.860 --> 01:08:06.860]  但如果你經常都不讀
[01:08:06.860 --> 01:08:08.860]  但如果你經常都不讀
[01:08:08.860 --> 01:08:10.860]  在肥老與不肥老之間
[01:08:10.860 --> 01:08:12.860]  合格與不合格之間
[01:08:12.860 --> 01:08:14.860]  你真的害怕會留班
[01:08:14.860 --> 01:08:16.860]  你真的害怕會留班
[01:08:16.860 --> 01:08:18.860]  我們在信仰那裡不要下台
[01:08:18.860 --> 01:08:20.860]  我們在信仰那裡不要下台
[01:08:20.860 --> 01:08:22.860]  不要懶惰不要後退
[01:08:22.860 --> 01:08:24.860]  不要懶惰不要後退
[01:08:24.860 --> 01:08:26.860]  開始的時候你越走越邊
[01:08:26.860 --> 01:08:28.860]  開始的時候你越走越邊
[01:08:28.860 --> 01:08:30.860]  越走越邊越來越懶惰
[01:08:30.860 --> 01:08:32.860]  越來越自滿
[01:08:32.860 --> 01:08:34.860]  越來越覺得信耶穌聽了一段時間
[01:08:34.860 --> 01:08:36.860]  越來越覺得信耶穌聽了一段時間
[01:08:36.860 --> 01:08:38.860]  沒想到原來你停在初信的開端
[01:08:38.860 --> 01:08:40.860]  沒進步過
[01:08:40.860 --> 01:08:42.860]  做了那麼多年基督徒
[01:08:42.860 --> 01:08:44.860]  那些仍然停留在五六歲
[01:08:44.860 --> 01:08:46.860]  那些仍然停留在五六歲
[01:08:46.860 --> 01:08:48.860]  那些仍然停留在五六歲
[01:08:48.860 --> 01:08:50.860]  那些仍然停留在五六歲
[01:08:50.860 --> 01:08:52.860]  他前面就是說這種人
[01:08:52.860 --> 01:08:54.860]  那你小心
[01:08:54.860 --> 01:08:56.860]  他就說你要努力
[01:08:56.860 --> 01:08:58.860]  他就說你要努力
[01:08:58.860 --> 01:09:00.860]  你走在那條正路
[01:09:00.860 --> 01:09:02.860]  你走在那條正路
[01:09:02.860 --> 01:09:04.860]  他就說你不用怕神看著你
[01:09:04.860 --> 01:09:06.860]  他就說你不用怕神看著你
[01:09:06.860 --> 01:09:08.860]  他就說你不用怕神看著你
[01:09:08.860 --> 01:09:10.860]  他就說你不用怕神看著你
[01:09:10.860 --> 01:09:12.860]  他就說你不用怕神看著你
[01:09:12.860 --> 01:09:14.860]  他就說你不用怕神看著你
[01:09:14.860 --> 01:09:16.860]  他就說你不用怕神看著你
[01:09:16.860 --> 01:09:18.860]  他就說你不用怕神看著你
[01:09:18.860 --> 01:09:20.860]  他就說你要效法那些憑著信心走這條路的人
[01:09:20.860 --> 01:09:22.860]  他就說你要效法那些憑著信心走這條路的人
[01:09:22.860 --> 01:09:24.860]  他就說你要效法那些憑著信心走這條路的人
[01:09:24.860 --> 01:09:26.860]  他就說你要效法那些憑著信心走這條路的人
[01:09:26.860 --> 01:09:28.860]  他就說你要效法那些憑著信心走這條路的人
[01:09:28.860 --> 01:09:30.860]  他就說你要效法那些憑著信心走這條路的人
[01:09:30.860 --> 01:09:32.860]  他就說你要效法那些憑著信心走這條路的人
[01:09:32.860 --> 01:09:34.860]  他就說你要效法那些憑著信心走這條路的人
[01:09:34.860 --> 01:09:36.860]  他就說你要效法那些憑著信心走這條路的人
[01:09:36.860 --> 01:09:38.860]  他就說你要效法那些憑著信心走這條路的人
