
[00:00:00.000 --> 00:00:04.000]  一切聖經在耶穌亞基第三章第五節
[00:00:04.000 --> 00:00:07.000]  只有一節的聖經我們一同來念來
[00:00:07.000 --> 00:00:11.000]  耶穌要吩咐百姓說你們要自覺
[00:00:11.000 --> 00:00:16.000]  因為明天耶和華必在你們中間行騎士
[00:00:16.000 --> 00:00:18.000]  我們就讀到這裡
[00:00:18.000 --> 00:00:20.000]  面對明天
[00:00:20.000 --> 00:00:23.000]  我不知道你心中會有些什麼感受
[00:00:23.000 --> 00:00:27.000]  一方面我們看見科技的發展
[00:00:27.000 --> 00:00:30.000]  帶給我們很多生活上的便利
[00:00:30.000 --> 00:00:33.000]  但另一方面未知的將來
[00:00:33.000 --> 00:00:37.000]  常常帶給我們心中一種莫名的恐懼
[00:00:37.000 --> 00:00:41.000]  特別是當我們看見現今的世界
[00:00:41.000 --> 00:00:44.000]  是非顛倒黑白不分
[00:00:44.000 --> 00:00:48.000]  世界的局勢越來越動盪
[00:00:48.000 --> 00:00:51.000]  工作市場越來越不穩定
[00:00:51.000 --> 00:00:55.000]  社會的現象也越來越混亂
[00:00:55.000 --> 00:00:58.000]  有時候當我們看見這一切的亂象
[00:00:58.000 --> 00:01:01.000]  心中不禁有一個問題
[00:01:01.000 --> 00:01:05.000]  那就是明天會更好嗎
[00:01:05.000 --> 00:01:09.000]  我就想到在聖經裡面的耶穌亞
[00:01:09.000 --> 00:01:12.000]  當他面對著約旦河
[00:01:12.000 --> 00:01:16.000]  準備帶領以色列人要向前走的時候
[00:01:16.000 --> 00:01:21.000]  恐怕他心中也有同樣的心情
[00:01:21.000 --> 00:01:24.000]  回想過去四十年在曠野
[00:01:24.000 --> 00:01:27.000]  以色列人的起起伏伏
[00:01:27.000 --> 00:01:31.000]  雖然是有神的恩典在其中
[00:01:31.000 --> 00:01:35.000]  但卻有很多也讓他很哀傷的事
[00:01:35.000 --> 00:01:38.000]  他看見他們的領袖摩西
[00:01:38.000 --> 00:01:42.000]  因為沒有在百姓面前尊重神
[00:01:42.000 --> 00:01:46.000]  本來神是叫他吩咐磐石出水
[00:01:46.000 --> 00:01:50.000]  結果摩西用杖擊打磐石
[00:01:50.000 --> 00:01:56.000]  以至於神就不允許摩西進入應許之地
[00:01:56.000 --> 00:02:01.000]  他也看見以色列人因著悖逆神
[00:02:01.000 --> 00:02:05.000]  結果他那一代的人全部死在曠野
[00:02:05.000 --> 00:02:09.000]  除了他跟迦勒之外
[00:02:09.000 --> 00:02:15.000]  我相信這些事情難免叫他心中有許多的哀傷
[00:02:15.000 --> 00:02:17.000]  當他往前看
[00:02:17.000 --> 00:02:23.000]  過了約旦河馬上要面對一個堅固的城市耶利哥城
[00:02:23.000 --> 00:02:25.000]  事實上在第二章的時候
[00:02:25.000 --> 00:02:29.000]  他差派了探子去窺探那城
[00:02:29.000 --> 00:02:31.000]  結果差點被抓住
[00:02:31.000 --> 00:02:32.000]  換句話說
[00:02:32.000 --> 00:02:36.000]  擺在前面還是一場不容易的征戰
[00:02:36.000 --> 00:02:40.000]  我相信當約束爾站在約旦河邊的時候
[00:02:40.000 --> 00:02:43.000]  他心中有同樣一個問題
[00:02:43.000 --> 00:02:48.000]  那就是明天會更好嗎
[00:02:48.000 --> 00:02:50.000]  就在那個時刻
[00:02:50.000 --> 00:02:55.000]  約束爾做了一個非常重要的選擇
[00:02:55.000 --> 00:03:00.000]  他選擇把明天交給神
[00:03:00.000 --> 00:03:02.000]  所以約束爾進三當第五節
[00:03:02.000 --> 00:03:05.000]  約束爾吩咐百姓說你們要字節
[00:03:05.000 --> 00:03:10.000]  因為明天異化必在你們中間行起始
[00:03:10.000 --> 00:03:14.000]  其實你要知道當約束爾說這句話的時候
[00:03:14.000 --> 00:03:20.000]  他並不知道明天將會如何
[00:03:20.000 --> 00:03:23.000]  但他選擇信靠神
[00:03:23.000 --> 00:03:28.000]  他選擇帶領以色列人過約旦河
[00:03:28.000 --> 00:03:31.000]  來進入一個未知的明天
[00:03:31.000 --> 00:03:35.000]  也是神所應許的明天
[00:03:35.000 --> 00:03:42.000]  約旦河正是代表的一個進入明天的門戶
[00:03:42.000 --> 00:03:46.000]  所以今天我們就要從以色列人過約旦河的經驗
[00:03:46.000 --> 00:03:52.000]  我們來看怎麼樣將我們的明天也交託給神
[00:03:52.000 --> 00:03:53.000]  三方面
[00:03:53.000 --> 00:03:56.000]  第一個要紀念神的信實
[00:03:56.000 --> 00:04:01.000]  跟你媽說要紀念神的信實
[00:04:01.000 --> 00:04:03.000]  當以色列人過約旦河的時候
[00:04:03.000 --> 00:04:05.000]  其實神吩咐約束爾
[00:04:05.000 --> 00:04:10.000]  要從約旦河水中祭司所站的地方
[00:04:10.000 --> 00:04:12.000]  拿十二塊石頭上來
[00:04:12.000 --> 00:04:17.000]  上岸之後要在吉甲作為一個紀念
[00:04:17.000 --> 00:04:20.000]  約束爾經四章二十節是怎麼說呢
[00:04:20.000 --> 00:04:23.000]  他們從約旦河中取來的那十二塊石頭
[00:04:23.000 --> 00:04:26.000]  約束爾就立在吉甲
[00:04:26.000 --> 00:04:27.000]  對以色列人說
[00:04:27.000 --> 00:04:31.000]  日後你們的子孫問他們的父親說
[00:04:31.000 --> 00:04:34.000]  這些石頭是什麼意思
[00:04:34.000 --> 00:04:35.000]  你們就告訴他們說
[00:04:35.000 --> 00:04:39.000]  以色列人曾走乾地過這約旦河
[00:04:39.000 --> 00:04:41.000]  因為耶華你們的神
[00:04:41.000 --> 00:04:44.000]  在你們前面使約旦河的水乾了
[00:04:44.000 --> 00:04:45.000]  等著你們過來
[00:04:45.000 --> 00:04:47.000]  就如同耶華你們的神
[00:04:47.000 --> 00:04:51.000]  從前在我們前面使紅海乾了
[00:04:51.000 --> 00:04:53.000]  等著我們過來一樣
[00:04:53.000 --> 00:04:57.000]  要使地上萬民都知道耶華的手大有能力
[00:04:57.000 --> 00:05:01.000]  也要使你們永遠敬畏耶華你們的神
[00:05:01.000 --> 00:05:05.000]  我們看見神要他們立石為祭
[00:05:05.000 --> 00:05:07.000]  紀念什麼
[00:05:07.000 --> 00:05:11.000]  就是要紀念神的信石嘛
[00:05:11.000 --> 00:05:14.000]  所以二十三節這裡講得很清楚
[00:05:14.000 --> 00:05:17.000]  這裡說耶華你們的神要在你們前面
[00:05:17.000 --> 00:05:20.000]  使約旦河的水乾了等著你們過來
[00:05:20.000 --> 00:05:23.000]  就如同耶華你們的神
[00:05:23.000 --> 00:05:27.000]  從前在我們前面使紅海乾了
[00:05:27.000 --> 00:05:28.000]  等著我們過來一樣
[00:05:28.000 --> 00:05:35.000]  神要祂的百姓確實知道神是信石的
[00:05:35.000 --> 00:05:38.000]  什麼是神的信石
[00:05:38.000 --> 00:05:39.000]  簡單的說
[00:05:39.000 --> 00:05:42.000]  那就是神說話算話
[00:05:42.000 --> 00:05:47.000]  無論你現在所看的環境有多麼惡劣
[00:05:47.000 --> 00:05:52.000]  神所應許的必定成就
[00:05:52.000 --> 00:05:56.000]  你還記得神應許亞伯拉罕
[00:05:56.000 --> 00:06:00.000]  要使他的子孫得到應許之地嗎
[00:06:00.000 --> 00:06:03.000]  但事實上在得地之前
[00:06:03.000 --> 00:06:06.000]  以色列人卻經過了四百年
[00:06:06.000 --> 00:06:09.000]  在埃及被奴隸的日子
[00:06:09.000 --> 00:06:11.000]  在這四百年之間
[00:06:11.000 --> 00:06:13.000]  可能以色列人會覺得
[00:06:13.000 --> 00:06:16.000]  神並沒有垂釘他們的禱告
[00:06:16.000 --> 00:06:18.000]  可能他們已經灰心失望了
[00:06:18.000 --> 00:06:21.000]  甚至習慣了那種被奴隸的生活
[00:06:21.000 --> 00:06:25.000]  他們也可能忘記了神的應許
[00:06:25.000 --> 00:06:26.000]  但弟兄姊妹
[00:06:26.000 --> 00:06:29.000]  今天人會忘記神的話語
[00:06:29.000 --> 00:06:33.000]  但神永遠不會忘記祂的話語
[00:06:33.000 --> 00:06:36.000]  同樣神也永遠不會忘記
[00:06:36.000 --> 00:06:39.000]  祂向你的應許
[00:06:39.000 --> 00:06:41.000]  神是信石的
[00:06:41.000 --> 00:06:45.000]  祂說話算話
[00:06:45.000 --> 00:06:48.000]  神要以色列歷史為記
[00:06:48.000 --> 00:06:54.000]  為什麼因為人還是善忘的不是嗎
[00:06:54.000 --> 00:06:58.000]  多少時候神的恩典還在轉角呢
[00:06:58.000 --> 00:07:01.000]  可當前面你看見你所遭遇到的挫折
[00:07:01.000 --> 00:07:04.000]  你就開始埋怨了不是嗎
[00:07:04.000 --> 00:07:06.000]  就像以色列人一樣
[00:07:06.000 --> 00:07:10.000]  想想看當他們過紅海的時候
[00:07:10.000 --> 00:07:13.000]  那是多麼轟轟烈烈的事情
[00:07:13.000 --> 00:07:15.000]  多麼風光啊
[00:07:15.000 --> 00:07:18.000]  我請問你
[00:07:18.000 --> 00:07:23.000]  如果你也真的經歷過這種過紅海的經驗
[00:07:23.000 --> 00:07:26.000]  我請問你會忘記神的恩典嗎
[00:07:26.000 --> 00:07:28.000]  你真的走過紅海
[00:07:28.000 --> 00:07:30.000]  經過紅海這種經驗
[00:07:30.000 --> 00:07:33.000]  請問你會忘記神的恩典嗎
[00:07:33.000 --> 00:07:35.000]  應該不會
[00:07:35.000 --> 00:07:39.000]  但事實上還是會
[00:07:39.000 --> 00:07:41.000]  你說紅海都過了
[00:07:41.000 --> 00:07:44.000]  還怕沒得吃沒得喝嗎
[00:07:44.000 --> 00:07:46.000]  紅海都過了
[00:07:46.000 --> 00:07:48.000]  還怕沒得吃沒得喝
[00:07:48.000 --> 00:07:51.000]  但人就是善忘的
[00:07:51.000 --> 00:07:54.000]  以色列人在曠野一天到晚
[00:07:54.000 --> 00:07:56.000]  就是擔心沒得吃沒得喝不是嗎
[00:07:56.000 --> 00:07:58.000]  都過過紅海了
[00:07:58.000 --> 00:08:01.000]  還是擔心沒得吃沒得喝
[00:08:01.000 --> 00:08:05.000]  丁文傑今天我們的光景不就是這樣嗎
[00:08:05.000 --> 00:08:07.000]  當環境好的時候
[00:08:07.000 --> 00:08:09.000]  我們經歷神恩典的時候
[00:08:09.000 --> 00:08:14.000]  我們不是滿口喜笑滿舌歡呼嗎
[00:08:14.000 --> 00:08:17.000]  可當環境不好的時候
[00:08:17.000 --> 00:08:20.000]  我們的心就開始埋怨了嗎
[00:08:20.000 --> 00:08:23.000]  我告訴你當你心埋怨的時候
[00:08:23.000 --> 00:08:25.000]  你什麼都看不順眼了
[00:08:25.000 --> 00:08:28.000]  你什麼都聽不進去
[00:08:28.000 --> 00:08:32.000]  別人無論做什麼你都不滿足
[00:08:32.000 --> 00:08:35.000]  其實不是因為神沒有為你開路
[00:08:35.000 --> 00:08:39.000]  只是因為你心中埋怨
[00:08:39.000 --> 00:08:42.000]  只讓你的眼睛蒙蔽
[00:08:42.000 --> 00:08:46.000]  你看不見神一切的恩典
[00:08:46.000 --> 00:08:49.000]  今天多少時候當環境不好的時候
[00:08:49.000 --> 00:08:53.000]  我們的心不也常常落入憂慮當中嗎
[00:08:53.000 --> 00:08:55.000]  憂慮什麼
[00:08:55.000 --> 00:08:59.000]  難道不就是沒得吃沒得喝嗎
[00:08:59.000 --> 00:09:02.000]  你知道在我們教會我們請了一些Amigo
[00:09:02.000 --> 00:09:06.000]  來幫助我們做一些清理修理的工作
[00:09:06.000 --> 00:09:08.000]  你要知道他們不是非法打工
[00:09:08.000 --> 00:09:12.000]  他們都是有身份的我先註明在這裡
[00:09:12.000 --> 00:09:14.000]  他們也是基督徒
[00:09:14.000 --> 00:09:18.000]  說真的從薪水來講他們的薪水實在不多
[00:09:18.000 --> 00:09:20.000]  如果是要我們去做他們的工作
[00:09:20.000 --> 00:09:23.000]  我們就天天憂愁死了我告訴你
[00:09:23.000 --> 00:09:25.000]  如果是要我們的兒女去做他們的工作
[00:09:25.000 --> 00:09:28.000]  那更是憂愁死了我們
[00:09:28.000 --> 00:09:30.000]  但是我就看見他們每天工作
[00:09:30.000 --> 00:09:32.000]  一邊工作還一邊歌唱
[00:09:32.000 --> 00:09:34.000]  好喜樂
[00:09:34.000 --> 00:09:37.000]  我就從他們身上學到一個功課
[00:09:37.000 --> 00:09:39.000]  馬太福音六章三十四節
[00:09:39.000 --> 00:09:40.000]  這裡我們一同來念
[00:09:40.000 --> 00:09:43.000]  所以不要為明天憂慮
[00:09:43.000 --> 00:09:46.000]  因為明天自有明天的憂慮
[00:09:46.000 --> 00:09:50.000]  一天的難處一天當就夠了
[00:09:50.000 --> 00:09:53.000]  同樣今天神也要提醒我們
[00:09:53.000 --> 00:09:56.000]  不要為明天憂慮
[00:09:56.000 --> 00:10:00.000]  所以我們要說不要為明天憂慮
[00:10:00.000 --> 00:10:02.000]  當環境不好的時候
[00:10:02.000 --> 00:10:06.000]  我們的心不也是充滿恐懼嗎
[00:10:06.000 --> 00:10:09.000]  無論過去走過多少高山低谷
[00:10:09.000 --> 00:10:12.000]  但是當我們面對前面的道路的時候
[00:10:12.000 --> 00:10:16.000]  心中還是有一絲的懷疑
[00:10:16.000 --> 00:10:17.000]  真的嗎
[00:10:17.000 --> 00:10:23.000]  這一次神真的還讓我得勝有餘嗎
[00:10:23.000 --> 00:10:26.000]  很多時候我們對神的帶領
[00:10:26.000 --> 00:10:29.000]  常常存在一種觀望的態度
[00:10:29.000 --> 00:10:30.000]  事實上我告訴你
[00:10:30.000 --> 00:10:35.000]  觀望永遠是不能夠帶領我們進入神應許之地的
[00:10:35.000 --> 00:10:37.000]  想想看當年的以色列人
[00:10:37.000 --> 00:10:39.000]  在紅海邊緣上
[00:10:39.000 --> 00:10:41.000]  如果他們只是觀望的話
[00:10:41.000 --> 00:10:45.000]  他們永遠無法離開埃及的
[00:10:45.000 --> 00:10:46.000]  想想看當年的以色列人
[00:10:46.000 --> 00:10:49.000]  在面對耶誕河在河邊的時候
[00:10:49.000 --> 00:10:51.000]  如果他們只是觀望的話
[00:10:51.000 --> 00:10:54.000]  他們永遠無法進入那應許之地的
[00:10:54.000 --> 00:10:57.000]  這是為什麼神要提醒我們
[00:10:57.000 --> 00:11:01.000]  要重新來紀念神的信實
[00:11:01.000 --> 00:11:03.000]  神要再次提醒我們
[00:11:03.000 --> 00:11:06.000]  神在過去怎麼樣帶領我們
[00:11:06.000 --> 00:11:09.000]  神今天仍然照樣要繼續帶領我們
[00:11:09.000 --> 00:11:14.000]  面對人生中前面的每一天
[00:11:14.000 --> 00:11:18.000]  那你說牧師萬一我們失敗呢
[00:11:18.000 --> 00:11:22.000]  很多時候我看見害怕失敗
[00:11:22.000 --> 00:11:26.000]  也是一個常常叫我們猶豫不前的原因
[00:11:26.000 --> 00:11:28.000]  但事實上
[00:11:28.000 --> 00:11:32.000]  今天沒有一個人沒有經歷失敗過的
[00:11:32.000 --> 00:11:34.000]  有一首詩我們很喜歡的
[00:11:34.000 --> 00:11:36.000]  是靠著耶穌得勝
[00:11:36.000 --> 00:11:38.000]  裡面有一句話
[00:11:38.000 --> 00:11:42.000]  他說不必懼怕挫敗
[00:11:42.000 --> 00:11:45.000]  深知主恩更廣闊
[00:11:45.000 --> 00:11:47.000]  哇好喜歡這句話
[00:11:47.000 --> 00:11:50.000]  不必懼怕挫敗
[00:11:50.000 --> 00:11:54.000]  因為深知主恩更廣闊
[00:11:54.000 --> 00:11:57.000]  換句話說主的恩典
[00:11:57.000 --> 00:12:03.000]  是遠比我們一生中的成功失敗更廣闊的
[00:12:03.000 --> 00:12:08.000]  因為成功跟失敗都是眼前的
[00:12:08.000 --> 00:12:10.000]  都是暫時的
[00:12:10.000 --> 00:12:13.000]  都是會過去的
[00:12:13.000 --> 00:12:20.000]  但神的恩典卻能夠帶領我們飛越人生當中一切的高山低谷
[00:12:20.000 --> 00:12:24.000]  至終讓我們走在神的心意當中
[00:12:24.000 --> 00:12:26.000]  所以求主幫助我們
[00:12:26.000 --> 00:12:29.000]  永遠不要懼怕失敗
[00:12:29.000 --> 00:12:33.000]  跟你們說不要懼怕失敗
[00:12:33.000 --> 00:12:38.000]  也不要因為過去的失敗讓你停滯不前
[00:12:38.000 --> 00:12:43.000]  因為我告訴你人生永遠是要向前的
[00:12:43.000 --> 00:12:46.000]  你永遠無法回頭
[00:12:46.000 --> 00:12:49.000]  你也永遠無法停留
[00:12:49.000 --> 00:12:51.000]  人生沒有選擇
[00:12:51.000 --> 00:12:54.000]  你必須永遠向前
[00:12:54.000 --> 00:12:58.000]  但只要我們緊緊來跟隨神的帶領
[00:12:58.000 --> 00:13:03.000]  主就必然能夠帶領我們進入他的得勝之中
[00:13:03.000 --> 00:13:05.000]  Amen
[00:13:05.000 --> 00:13:07.000]  所以第一件事情很重要
[00:13:07.000 --> 00:13:14.000]  祝你的明天你一定要紀念神的信使
[00:13:14.000 --> 00:13:15.000]  第二
[00:13:15.000 --> 00:13:17.000]  要重新依靠聖靈的大能
[00:13:17.000 --> 00:13:22.000]  跟你們說要重新依靠聖靈的大能
[00:13:22.000 --> 00:13:29.000]  神要以色列人經過約旦河來進入神應許的明天
[00:13:29.000 --> 00:13:32.000]  那約旦河代表什麼呢
[00:13:32.000 --> 00:13:35.000]  我就想到約旦河的源頭
[00:13:35.000 --> 00:13:39.000]  約旦河是從哪裡開始流出來的
[00:13:39.000 --> 00:13:43.000]  我們看見約旦河是從黑門山上流下來的
[00:13:43.000 --> 00:13:46.000]  特別是在山上雪融的時候
[00:13:46.000 --> 00:13:51.000]  活水江河就從山上源源不斷地流下來
[00:13:51.000 --> 00:13:58.000]  而聖經常常就是用黑門山的甘露來預表聖靈的工作
[00:13:58.000 --> 00:14:00.000]  忽然間我就明白
[00:14:00.000 --> 00:14:05.000]  為什麼神要他的百姓在過約旦河的時候
[00:14:05.000 --> 00:14:11.000]  是要在約旦河河水漲過兩岸的時候來過河呢
[00:14:11.000 --> 00:14:14.000]  我相信神就要提醒以色列他的百姓
[00:14:14.000 --> 00:14:18.000]  不能夠再依靠自己的勢力跟才能了
[00:14:18.000 --> 00:14:21.000]  還是要依靠聖靈的大能
[00:14:21.000 --> 00:14:25.000]  而且不是那種一點點的聖靈的水流
[00:14:25.000 --> 00:14:29.000]  而是像聖靈江河湧流在我們的生命當中
[00:14:29.000 --> 00:14:32.000]  所以像約旦河水漲過兩岸
[00:14:32.000 --> 00:14:36.000]  是個活水江河滾滾湧流在我們的生命當中
[00:14:36.000 --> 00:14:41.000]  否則我們根本無法面對現今的環境
[00:14:41.000 --> 00:14:44.000]  多少時候我們習慣性
[00:14:44.000 --> 00:14:47.000]  想依靠自己那一點點的信心
[00:14:47.000 --> 00:14:49.000]  那一點點的能力
[00:14:49.000 --> 00:14:52.000]  想要面對每天生活的挑戰
[00:14:52.000 --> 00:14:53.000]  但我們常常發現
[00:14:53.000 --> 00:14:57.000]  一旦我們捲入我們這些生活的困境當中
[00:14:57.000 --> 00:15:00.000]  我告訴你我們那一點點的信心
[00:15:00.000 --> 00:15:03.000]  立刻被環境壓的粉碎
[00:15:03.000 --> 00:15:07.000]  兩三下就煩躁不安了
[00:15:07.000 --> 00:15:09.000]  兩三下你的憂鬱症都來了
[00:15:09.000 --> 00:15:10.000]  我告訴你
[00:15:10.000 --> 00:15:14.000]  你忽然明白你這麼軟弱無力啊
[00:15:14.000 --> 00:15:16.000]  今天我真的看見
[00:15:16.000 --> 00:15:19.000]  在這樣現今一種充滿危險的世代
[00:15:19.000 --> 00:15:23.000]  我們需要再一次被聖靈充滿
[00:15:23.000 --> 00:15:26.000]  你說牧師我以前被聖靈充滿過
[00:15:26.000 --> 00:15:28.000]  我不是講以前
[00:15:28.000 --> 00:15:30.000]  我不是講十年前
[00:15:30.000 --> 00:15:32.000]  我也不是講昨天
[00:15:32.000 --> 00:15:37.000]  是今天你需要再次被聖靈充滿
[00:15:37.000 --> 00:15:40.000]  事實上你每天都需要被聖靈充滿
[00:15:40.000 --> 00:15:44.000]  你需要每一天重新經歷到聖靈的大能
[00:15:44.000 --> 00:15:46.000]  那你說牧師我們怎麼樣能夠
[00:15:46.000 --> 00:15:50.000]  重新能夠領受聖靈的大能呢
[00:15:50.000 --> 00:15:52.000]  首先你一定要明白
[00:15:52.000 --> 00:15:56.000]  今天聖靈的能力已經降臨在你身上
[00:15:56.000 --> 00:15:57.000]  Amen
[00:15:57.000 --> 00:15:59.000]  使律宣第一章第八節怎麼說
[00:15:59.000 --> 00:16:00.000]  我們一同來你也來
[00:16:00.000 --> 00:16:03.000]  但聖靈降臨在你們身上
[00:16:03.000 --> 00:16:05.000]  你們就必得著能力
[00:16:05.000 --> 00:16:07.000]  並要在耶路撒冷
[00:16:07.000 --> 00:16:08.000]  猶太全地
[00:16:08.000 --> 00:16:10.000]  撒瑪利亞直到地極
[00:16:10.000 --> 00:16:12.000]  做我的見證
[00:16:12.000 --> 00:16:14.000]  這裡說你們就得到了
[00:16:14.000 --> 00:16:16.000]  請問這個你們是誰啊
[00:16:16.000 --> 00:16:17.000]  就是我們啊
[00:16:17.000 --> 00:16:19.000]  每一位相信
[00:16:19.000 --> 00:16:21.000]  接受主耶穌的人
[00:16:21.000 --> 00:16:23.000]  今天只要你是基督徒
[00:16:23.000 --> 00:16:27.000]  神的能力已經降臨在你身上
[00:16:27.000 --> 00:16:32.000]  這為什麼約翰一書二章二十七節這樣說
[00:16:32.000 --> 00:16:34.000]  這裡說你們從主所受的恩高
[00:16:34.000 --> 00:16:36.000]  常存在你們心裡
[00:16:36.000 --> 00:16:38.000]  並不用人教訓你們
[00:16:38.000 --> 00:16:41.000]  自有主的恩高在凡事上教訓你們
[00:16:41.000 --> 00:16:42.000]  而且他說什麼
[00:16:42.000 --> 00:16:44.000]  這恩高
[00:16:44.000 --> 00:16:46.000]  這恩高
[00:16:46.000 --> 00:16:48.000]  是真的
[00:16:48.000 --> 00:16:50.000]  還要再提醒一下
[00:16:50.000 --> 00:16:52.000]  你以為是假的
[00:16:52.000 --> 00:16:54.000]  NO 是真的
[00:16:54.000 --> 00:16:56.000]  不是假的
[00:16:56.000 --> 00:16:58.000]  你們按照這恩高的教訓
[00:16:58.000 --> 00:17:01.000]  住在主的裡面
[00:17:01.000 --> 00:17:03.000]  這恩高已經降臨了
[00:17:03.000 --> 00:17:04.000]  已經在你們
[00:17:04.000 --> 00:17:06.000]  這恩高是真的
[00:17:06.000 --> 00:17:08.000]  那你說牧師
[00:17:08.000 --> 00:17:11.000]  為什麼沒有感受到呢
[00:17:11.000 --> 00:17:13.000]  我常說就好像什麼呢
[00:17:13.000 --> 00:17:15.000]  就像我們聖侯賽
[00:17:15.000 --> 00:17:18.000]  這個電車一樣
[00:17:18.000 --> 00:17:20.000]  你知道這個電車的能源
[00:17:20.000 --> 00:17:21.000]  不是在這個車上
[00:17:21.000 --> 00:17:24.000]  這個車子本身沒有能力的
[00:17:24.000 --> 00:17:28.000]  這個電車的能源是在上面的電纜上
[00:17:28.000 --> 00:17:32.000]  這個車子必須要連結在這個電纜上
[00:17:32.000 --> 00:17:35.000]  車子才能夠前進
[00:17:35.000 --> 00:17:37.000]  如果不接上
[00:17:37.000 --> 00:17:39.000]  車子就不能動
[00:17:39.000 --> 00:17:42.000]  所以當你看見那個車子不能動
[00:17:42.000 --> 00:17:45.000]  並不表示能源不在
[00:17:45.000 --> 00:17:46.000]  NO NO NO NO
[00:17:46.000 --> 00:17:49.000]  事實上電纜仍然在那裡
[00:17:49.000 --> 00:17:52.000]  能源也沒有離開
[00:17:52.000 --> 00:17:55.000]  只是沒有接上而已
[00:17:55.000 --> 00:17:57.000]  今天你要這個車子
[00:17:57.000 --> 00:17:59.000]  能夠重新啟動
[00:17:59.000 --> 00:18:00.000]  很簡單
[00:18:00.000 --> 00:18:02.000]  就是把能源跟能源
[00:18:02.000 --> 00:18:04.000]  重新接上就好了
[00:18:04.000 --> 00:18:06.000]  你知道今天很多人
[00:18:06.000 --> 00:18:07.000]  在屬靈的道路上
[00:18:07.000 --> 00:18:09.000]  不明白這個真理
[00:18:09.000 --> 00:18:12.000]  他們常常被一種感覺
[00:18:12.000 --> 00:18:14.000]  跟環境所影響
[00:18:14.000 --> 00:18:17.000]  今天心情真的不好
[00:18:17.000 --> 00:18:19.000]  身體也不好
[00:18:19.000 --> 00:18:21.000]  感覺聖靈不同在了
[00:18:21.000 --> 00:18:23.000]  沒有恩高啊
[00:18:23.000 --> 00:18:25.000]  NO NO NO NO
[00:18:25.000 --> 00:18:27.000]  恩高仍然在
[00:18:27.000 --> 00:18:29.000]  能力也仍然在
[00:18:29.000 --> 00:18:34.000]  只是你沒有連上而已
[00:18:34.000 --> 00:18:36.000]  第二點你需要明白
[00:18:36.000 --> 00:18:39.000]  屬靈復興的條件
[00:18:39.000 --> 00:18:41.000]  不是在於你聖潔了
[00:18:41.000 --> 00:18:43.000]  不是因為你聖潔了
[00:18:43.000 --> 00:18:44.000]  屬靈復興才來到
[00:18:44.000 --> 00:18:46.000]  不是因為人的能力
[00:18:46.000 --> 00:18:47.000]  沒有辦法靠自己的能力
[00:18:47.000 --> 00:18:48.000]  成為聖潔
[00:18:48.000 --> 00:18:49.000]  是不可能的
[00:18:49.000 --> 00:18:52.000]  事實上屬靈復興的結果
[00:18:52.000 --> 00:18:53.000]  才是聖潔
[00:18:53.000 --> 00:18:55.000]  當你經歷了神
[00:18:55.000 --> 00:18:57.000]  當聖靈的能力降臨在你身上
[00:18:57.000 --> 00:18:59.000]  你越來越靠近神
[00:18:59.000 --> 00:19:00.000]  身邊被神改變
[00:19:00.000 --> 00:19:01.000]  你就能夠更像
[00:19:01.000 --> 00:19:03.000]  耶穌基督的樣子
[00:19:03.000 --> 00:19:04.000]  但屬靈復興的條件
[00:19:04.000 --> 00:19:06.000]  卻不在於聖潔
[00:19:06.000 --> 00:19:08.000]  那你說屬靈復興的條件
[00:19:08.000 --> 00:19:09.000]  在於什麼
[00:19:09.000 --> 00:19:11.000]  很簡單
[00:19:11.000 --> 00:19:14.000]  就是謙卑下來吧
[00:19:14.000 --> 00:19:17.000]  不要再依靠自己了
[00:19:17.000 --> 00:19:18.000]  重新連結
[00:19:18.000 --> 00:19:19.000]  就這麼簡單
[00:19:19.000 --> 00:19:21.000]  接上
[00:19:21.000 --> 00:19:23.000]  重新連結
[00:19:23.000 --> 00:19:25.000]  在聖靈的能源上
[00:19:25.000 --> 00:19:26.000]  你要相信
[00:19:26.000 --> 00:19:29.000]  聖靈的能源是可靠的
[00:19:29.000 --> 00:19:30.000]  不像我們自己的電源
[00:19:30.000 --> 00:19:31.000]  有時候斷電
[00:19:31.000 --> 00:19:32.000]  有時候停電
[00:19:32.000 --> 00:19:33.000]  有時候開
[00:19:33.000 --> 00:19:34.000]  有時候關
[00:19:34.000 --> 00:19:35.000]  No
[00:19:35.000 --> 00:19:38.000]  這個屬靈的能源一直都在
[00:19:38.000 --> 00:19:40.000]  聖靈一直在我們的裡面
[00:19:40.000 --> 00:19:43.000]  聖靈的恩高是真的
[00:19:43.000 --> 00:19:46.000]  聖靈能力也常存在我們裡面
[00:19:46.000 --> 00:19:48.000]  今天你不需要再等候
[00:19:48.000 --> 00:19:52.000]  也不需要再呼大聲呼救
[00:19:52.000 --> 00:19:54.000]  你就是來到身邊歡迎祂
[00:19:54.000 --> 00:19:56.000]  依靠祂
[00:19:56.000 --> 00:19:57.000]  可慕祂
[00:19:57.000 --> 00:20:00.000]  讓聖靈重新再次充滿你
[00:20:00.000 --> 00:20:01.000]  Amen
[00:20:01.000 --> 00:20:03.000]  四篇第八十一篇
[00:20:03.000 --> 00:20:05.000]  第十節這裡怎麼說呢
[00:20:05.000 --> 00:20:06.000]  主說我是耶華
[00:20:06.000 --> 00:20:07.000]  你們的神
[00:20:07.000 --> 00:20:09.000]  曾把你從埃及地領上來
[00:20:09.000 --> 00:20:11.000]  你要什麼
[00:20:11.000 --> 00:20:13.000]  大大張口
[00:20:13.000 --> 00:20:15.000]  我就給你們充滿
[00:20:15.000 --> 00:20:16.000]  Hallelujah
[00:20:16.000 --> 00:20:17.000]  大大張口
[00:20:17.000 --> 00:20:19.000]  大大張口吧
[00:20:19.000 --> 00:20:22.000]  聖靈的恩典已經在這裡了
[00:20:22.000 --> 00:20:24.000]  聖靈的能力已經在這裡
[00:20:24.000 --> 00:20:27.000]  大大張口連接吧
[00:20:27.000 --> 00:20:28.000]  聖靈就必大大充滿
[00:20:28.000 --> 00:20:30.000]  所以我常說你大大張口
[00:20:30.000 --> 00:20:31.000]  神大大充滿
[00:20:31.000 --> 00:20:33.000]  小小張口呢
[00:20:33.000 --> 00:20:35.000]  小小充滿
[00:20:35.000 --> 00:20:36.000]  不張口
[00:20:36.000 --> 00:20:37.000]  不充滿
[00:20:37.000 --> 00:20:39.000]  屬靈的原則就這麼簡單
[00:20:39.000 --> 00:20:41.000]  就這麼簡單
[00:20:41.000 --> 00:20:43.000]  張口吧
[00:20:43.000 --> 00:20:45.000]  我看見今天我們在Silicon Valley的
[00:20:45.000 --> 00:20:46.000]  這些基督徒
[00:20:46.000 --> 00:20:47.000]  有時候我們真的
[00:20:47.000 --> 00:20:48.000]  我們的問題是什麼
[00:20:48.000 --> 00:20:50.000]  太能幹了
[00:20:50.000 --> 00:20:51.000]  真的
[00:20:51.000 --> 00:20:53.000]  太多資源了
[00:20:53.000 --> 00:20:54.000]  我們常常覺得
[00:20:54.000 --> 00:20:56.000]  神啊我知道祢很忙啊
[00:20:56.000 --> 00:20:58.000]  祢沒時間管我
[00:20:58.000 --> 00:20:59.000]  沒有關係啦
[00:20:59.000 --> 00:21:00.000]  I can handle it
[00:21:00.000 --> 00:21:01.000]  I can handle it
[00:21:01.000 --> 00:21:03.000]  所以我們的態度就是這樣嘛
[00:21:03.000 --> 00:21:04.000]  真的
[00:21:04.000 --> 00:21:05.000]  我們在矽谷覺得
[00:21:05.000 --> 00:21:07.000]  我可以還可以啦
[00:21:07.000 --> 00:21:08.000]  撐得下撐得住啦
[00:21:08.000 --> 00:21:11.000]  沒關係啦
[00:21:11.000 --> 00:21:12.000]  我告訴你
[00:21:12.000 --> 00:21:16.000]  你撐不住啦
[00:21:16.000 --> 00:21:17.000]  不是依靠實力
[00:21:17.000 --> 00:21:20.000]  不是依靠才能
[00:21:20.000 --> 00:21:22.000]  依靠神的靈
[00:21:22.000 --> 00:21:24.000]  方能成事
[00:21:24.000 --> 00:21:27.000]  謙卑你自己吧
[00:21:27.000 --> 00:21:28.000]  回到神的面前
[00:21:28.000 --> 00:21:30.000]  說神我需要你
[00:21:30.000 --> 00:21:32.000]  我真的需要你
[00:21:32.000 --> 00:21:33.000]  離了你
[00:21:33.000 --> 00:21:38.000]  我真的什麼都不能做
[00:21:38.000 --> 00:21:39.000]  謙卑你自己
[00:21:39.000 --> 00:21:41.000]  護救神
[00:21:41.000 --> 00:21:43.000]  讓神靈再次充滿
[00:21:43.000 --> 00:21:45.000]  大大教管你
[00:21:45.000 --> 00:21:47.000]  你們
[00:21:47.000 --> 00:21:48.000]  第三
[00:21:48.000 --> 00:21:50.000]  你要宣告明天在神的手中
[00:21:50.000 --> 00:21:51.000]  跟你們說
[00:21:51.000 --> 00:21:56.000]  宣告明天在神的手中
[00:21:56.000 --> 00:21:57.000]  當耶穌要在面對
[00:21:57.000 --> 00:22:01.000]  未知的明天的時候
[00:22:01.000 --> 00:22:03.000]  祂選擇
[00:22:03.000 --> 00:22:06.000]  把明天交在神的手中
[00:22:06.000 --> 00:22:08.000]  所以約瑟雅基的三章第五節
[00:22:08.000 --> 00:22:10.000]  祂向百姓做了一個宣告
[00:22:10.000 --> 00:22:11.000]  祂說
[00:22:11.000 --> 00:22:13.000]  因為明天耶和華
[00:22:13.000 --> 00:22:17.000]  必在你們中間行其事
[00:22:17.000 --> 00:22:19.000]  這裡說明天
[00:22:19.000 --> 00:22:20.000]  Hallelujah
[00:22:20.000 --> 00:22:24.000]  祂相信明天是在神的手中的
[00:22:24.000 --> 00:22:25.000]  第二點
[00:22:25.000 --> 00:22:28.000]  今天無論你所面對的環境是如何
[00:22:28.000 --> 00:22:32.000]  你可知道你是有明天的嗎
[00:22:32.000 --> 00:22:33.000]  而且你要知道
[00:22:33.000 --> 00:22:37.000]  你的明天是在神的手中
[00:22:37.000 --> 00:22:39.000]  事實上在神的計劃裡面
[00:22:39.000 --> 00:22:43.000]  永遠是有明天的
[00:22:43.000 --> 00:22:45.000]  我就想到主耶穌
[00:22:45.000 --> 00:22:47.000]  當祂為我們的罪
[00:22:47.000 --> 00:22:51.000]  被釘死在十字架上的時候
[00:22:51.000 --> 00:22:53.000]  在主耶穌在十字架上
[00:22:53.000 --> 00:22:57.000]  當斷氣的那一剎那
[00:22:57.000 --> 00:22:59.000]  從神的角度來講
[00:22:59.000 --> 00:23:02.000]  那就是完了
[00:23:02.000 --> 00:23:04.000]  一切都結束了
[00:23:04.000 --> 00:23:08.000]  Game Over
[00:23:08.000 --> 00:23:10.000]  可沒想到第三天
[00:23:10.000 --> 00:23:14.000]  神卻叫他從死裡復活
[00:23:14.000 --> 00:23:17.000]  一切就被更新了
[00:23:17.000 --> 00:23:18.000]  換句話說
[00:23:18.000 --> 00:23:21.000]  不是Game Over
[00:23:21.000 --> 00:23:25.000]  主耶穌是在我們生命當中的Game Changer
[00:23:25.000 --> 00:23:28.000]  他是能夠帶來翻轉的神
[00:23:28.000 --> 00:23:32.000]  我們是可以再一次向仇敵誇聖的
[00:23:32.000 --> 00:23:35.000]  你要確信在神的計劃裡面
[00:23:35.000 --> 00:23:40.000]  永遠是包括你的明天在其中
[00:23:40.000 --> 00:23:41.000]  所以耶穌要在
[00:23:41.000 --> 00:23:46.000]  就是因為明天耶和華必在
[00:23:46.000 --> 00:23:47.000]  感謝神
[00:23:47.000 --> 00:23:52.000]  祂沒有說大概或許可能
[00:23:52.000 --> 00:23:56.000]  但是必定在哪裡
[00:23:56.000 --> 00:23:59.000]  在你們中間
[00:23:59.000 --> 00:24:00.000]  誰是你們
[00:24:00.000 --> 00:24:01.000]  就是我們
[00:24:01.000 --> 00:24:03.000]  做什麼
[00:24:03.000 --> 00:24:07.000]  在你們中間行其事
[00:24:07.000 --> 00:24:09.000]  什麼是其事
[00:24:09.000 --> 00:24:12.000]  你想得到的就不是其事
[00:24:12.000 --> 00:24:15.000]  你做得到的也不是其事
[00:24:15.000 --> 00:24:17.000]  有人能夠幫助你的
[00:24:17.000 --> 00:24:19.000]  更不是其事
[00:24:19.000 --> 00:24:22.000]  而是你想都想不到
[00:24:22.000 --> 00:24:24.000]  你做也做不到
[00:24:24.000 --> 00:24:29.000]  更是沒有人能夠幫助你的
[00:24:29.000 --> 00:24:32.000]  神卻要親自為你成就
[00:24:32.000 --> 00:24:35.000]  那是真正的其事
[00:24:35.000 --> 00:24:37.000]  Amen
[00:24:37.000 --> 00:24:40.000]  馬丁路德是神在宗教改革時期
[00:24:40.000 --> 00:24:44.000]  被神所使用的教會領袖
[00:24:44.000 --> 00:24:48.000]  在當時他跟教廷在對抗的時候
[00:24:48.000 --> 00:24:53.000]  每天都遭遇到非常多的逼迫跟壓力
[00:24:53.000 --> 00:24:58.000]  所以常常一回家的時候就哀聲嘆氣
[00:24:58.000 --> 00:25:01.000]  有一次他太太帶他回家的時候
[00:25:01.000 --> 00:25:05.000]  特別穿了個上服在家裡等著他
[00:25:05.000 --> 00:25:06.000]  他回來一看
[00:25:06.000 --> 00:25:08.000]  看太太怎麼穿個上禮的服
[00:25:08.000 --> 00:25:09.000]  那是幹什麼
[00:25:09.000 --> 00:25:11.000]  誰死了
[00:25:11.000 --> 00:25:13.000]  他太太就說神死了
[00:25:13.000 --> 00:25:14.000]  胡說八道
[00:25:14.000 --> 00:25:16.000]  什麼神誰告訴你的
[00:25:16.000 --> 00:25:18.000]  他就說你啊
[00:25:18.000 --> 00:25:19.000]  你每天回來哀聲嘆氣
[00:25:19.000 --> 00:25:23.000]  我以為神死了
[00:25:23.000 --> 00:25:25.000]  從此之後
[00:25:25.000 --> 00:25:30.000]  馬丁路德不敢再哀聲嘆氣
[00:25:30.000 --> 00:25:33.000]  他每天就宣告
[00:25:33.000 --> 00:25:37.000]  他的明天是在神手中
[00:25:37.000 --> 00:25:39.000]  今天你呢
[00:25:39.000 --> 00:25:42.000]  你是不是每天回家也哀聲嘆氣
[00:25:42.000 --> 00:25:45.000]  不要再哀聲嘆氣
[00:25:45.000 --> 00:25:49.000]  宣告你的明天在神手中
[00:25:49.000 --> 00:25:51.000]  他每天依靠神
[00:25:51.000 --> 00:25:53.000]  向仇敵來誇聖
[00:25:53.000 --> 00:25:54.000]  後來果然
[00:25:54.000 --> 00:25:56.000]  神的手借著他
[00:25:56.000 --> 00:25:58.000]  行了奇妙的事情
[00:25:58.000 --> 00:26:00.000]  真的宗教改革
[00:26:00.000 --> 00:26:02.000]  帶來了真理的恢復
[00:26:02.000 --> 00:26:04.000]  帶來教會的復興
[00:26:04.000 --> 00:26:08.000]  我們的神果然是在我們生命當中的game changer
[00:26:08.000 --> 00:26:12.000]  他是能夠帶來翻轉的神
[00:26:12.000 --> 00:26:14.000]  今天無論你的環境是如何
[00:26:14.000 --> 00:26:16.000]  你一定要憑信心宣告
[00:26:16.000 --> 00:26:20.000]  你的明天是在神的手中
[00:26:20.000 --> 00:26:23.000]  當然這個意思不是叫我們就坐在這裡
[00:26:23.000 --> 00:26:24.000]  什麼都不要做了
[00:26:24.000 --> 00:26:26.000]  既然神要做奇妙的事情
[00:26:26.000 --> 00:26:28.000]  我們就坐在這等神來工作吧
[00:26:28.000 --> 00:26:30.000]  no no no 不是這樣
[00:26:30.000 --> 00:26:32.000]  一方面我們要相信
[00:26:32.000 --> 00:26:35.000]  我們的明天是在神手中
[00:26:35.000 --> 00:26:37.000]  另一方面我們需要學習
[00:26:37.000 --> 00:26:41.000]  敬上今天的本分
[00:26:41.000 --> 00:26:43.000]  我就想到舊約時代的大衛
[00:26:43.000 --> 00:26:47.000]  你知道大衛之所以能夠打敗戈利亞
[00:26:47.000 --> 00:26:50.000]  絕對不是因為他坐在那裡
[00:26:50.000 --> 00:26:52.000]  等神幫他打仗
[00:26:52.000 --> 00:26:53.000]  不是
[00:26:53.000 --> 00:26:56.000]  為什麼他能夠打敗戈利亞
[00:26:56.000 --> 00:27:01.000]  是因為當之前他在曠野牧羊的時候
[00:27:01.000 --> 00:27:05.000]  常常就有熊啊獅子想要吞吃他的羊群
[00:27:05.000 --> 00:27:10.000]  他必須每天忠心的保護他的羊群
[00:27:10.000 --> 00:27:12.000]  來跟熊啊跟獅子來征戰
[00:27:12.000 --> 00:27:14.000]  他練了一身好功夫
[00:27:14.000 --> 00:27:15.000]  一個甩石雞血
[00:27:15.000 --> 00:27:17.000]  一個好功夫
[00:27:17.000 --> 00:27:20.000]  正是因為他平常練了這身好功夫
[00:27:20.000 --> 00:27:22.000]  後來才能夠被神所使用
[00:27:22.000 --> 00:27:24.000]  打敗戈利亞
[00:27:24.000 --> 00:27:25.000]  第二點
[00:27:25.000 --> 00:27:29.000]  今天如果你渴望能夠進入一個得勝的明天
[00:27:29.000 --> 00:27:33.000]  就必須從今天的本分開始
[00:27:33.000 --> 00:27:36.000]  對於今天你能夠做的事情
[00:27:36.000 --> 00:27:39.000]  永遠不要拖延到明天
[00:27:39.000 --> 00:27:41.000]  你要依靠聖靈的大能
[00:27:41.000 --> 00:27:46.000]  努力去完成神所託付你的工作
[00:27:46.000 --> 00:27:48.000]  那對於今天不能做到的事情呢
[00:27:48.000 --> 00:27:50.000]  那就禱告吧
[00:27:50.000 --> 00:27:55.000]  恒切的禱告直到誠開路
[00:27:55.000 --> 00:27:57.000]  在屬靈的事情上
[00:27:57.000 --> 00:28:00.000]  讀經跟禱告是你能夠做的
[00:28:00.000 --> 00:28:02.000]  依靠聖靈的大能
[00:28:02.000 --> 00:28:05.000]  每天花時間來親近神吧
[00:28:05.000 --> 00:28:08.000]  今年我們特別有背經行動還記得嗎
[00:28:08.000 --> 00:28:11.000]  你有開始繼續在背嗎
[00:28:11.000 --> 00:28:12.000]  你說很難
[00:28:12.000 --> 00:28:13.000]  沒關係
[00:28:13.000 --> 00:28:15.000]  依靠聖靈的大能
[00:28:15.000 --> 00:28:17.000]  這是你能做的
[00:28:17.000 --> 00:28:21.000]  依靠聖靈的大能好好完成神所託付的
[00:28:21.000 --> 00:28:24.000]  但屬靈的復興呢
[00:28:24.000 --> 00:28:26.000]  卻不是我們能做的
[00:28:26.000 --> 00:28:28.000]  我們就必須恒切禱告
[00:28:28.000 --> 00:28:31.000]  直到神的復興降臨吧
[00:28:31.000 --> 00:28:33.000]  在家庭當中
[00:28:33.000 --> 00:28:34.000]  做個好丈夫
[00:28:34.000 --> 00:28:36.000]  好妻子
[00:28:36.000 --> 00:28:37.000]  好父母
[00:28:37.000 --> 00:28:39.000]  這是你能夠做的
[00:28:39.000 --> 00:28:41.000]  你就要依靠聖靈的大能
[00:28:41.000 --> 00:28:45.000]  好好在家中活出愛的見證
[00:28:45.000 --> 00:28:47.000]  但家人的信主
[00:28:47.000 --> 00:28:49.000]  兒女的迴轉
[00:28:49.000 --> 00:28:51.000]  就不是我們能做的
[00:28:51.000 --> 00:28:55.000]  我們只能恒切禱告直到神開路嘛
[00:28:55.000 --> 00:28:57.000]  在工作上也是如此
[00:28:57.000 --> 00:28:59.000]  做個忠心的管家
[00:28:59.000 --> 00:29:01.000]  是我們能夠做的
[00:29:01.000 --> 00:29:03.000]  你就要依靠聖靈的大能
[00:29:03.000 --> 00:29:05.000]  好好在你工作崗位上
[00:29:05.000 --> 00:29:08.000]  做個忠心勤奮的工作
[00:29:08.000 --> 00:29:10.000]  如果你現在正在待業當中
[00:29:10.000 --> 00:29:12.000]  也不要嫌懶
[00:29:12.000 --> 00:29:14.000]  積極主動的預備自己
[00:29:14.000 --> 00:29:17.000]  要進入新的領域裡面
[00:29:17.000 --> 00:29:20.000]  但是在職場上的突破跟升遷呢
[00:29:20.000 --> 00:29:22.000]  就不是我們能夠做的
[00:29:22.000 --> 00:29:26.000]  我們就只能禱告直到神開路為止
[00:29:26.000 --> 00:29:29.000]  你們覺得禱告太重要了
[00:29:29.000 --> 00:29:31.000]  特別是當我們面對現今這樣一個
[00:29:31.000 --> 00:29:33.000]  充滿破碎跟黑暗的世代
[00:29:33.000 --> 00:29:36.000]  我們常覺得自己無能為力不是嗎
[00:29:36.000 --> 00:29:38.000]  而且我們心中常常懷疑說
[00:29:38.000 --> 00:29:41.000]  這個世代還有盼望嗎
[00:29:41.000 --> 00:29:43.000]  但事實上這個世代的盼望
[00:29:43.000 --> 00:29:45.000]  不是在於環境的改變
[00:29:45.000 --> 00:29:47.000]  這個世代的盼望
[00:29:47.000 --> 00:29:50.000]  唯獨在於神自己
[00:29:50.000 --> 00:29:53.000]  這為什麼要起來禱告的原因
[00:29:53.000 --> 00:29:57.000]  因為神早已經把禱告的全病賞賜給我們了
[00:29:57.000 --> 00:29:59.000]  馬太福音18章18到19節
[00:29:59.000 --> 00:30:02.000]  我們一同來念非常寶貴的兩節經文
[00:30:02.000 --> 00:30:04.000]  我實在告訴你們
[00:30:04.000 --> 00:30:06.000]  凡你們在地上所捆綁
[00:30:06.000 --> 00:30:08.000]  在天上也要捆綁
[00:30:08.000 --> 00:30:10.000]  凡你們在地上所釋放
[00:30:10.000 --> 00:30:12.000]  在天上也要釋放
[00:30:12.000 --> 00:30:14.000]  我又告訴你們
[00:30:14.000 --> 00:30:16.000]  若是你們中間有兩個人
[00:30:16.000 --> 00:30:19.000]  在地上同心合意求神
[00:30:19.000 --> 00:30:22.000]  我在天上的師父必為他們
[00:30:22.000 --> 00:30:23.000]  Hallelujah
[00:30:23.000 --> 00:30:26.000]  多麼寶貴的應許啊
[00:30:26.000 --> 00:30:29.000]  這是神所給我們禱告的全病啊
[00:30:29.000 --> 00:30:31.000]  我們就要抓住神的應許
[00:30:31.000 --> 00:30:33.000]  向神來呼救
[00:30:33.000 --> 00:30:34.000]  接著禱告
[00:30:34.000 --> 00:30:36.000]  推開黑暗的詮釋
[00:30:36.000 --> 00:30:38.000]  打開屬靈的天空
[00:30:38.000 --> 00:30:40.000]  釋放屬天的能力
[00:30:40.000 --> 00:30:44.000]  能夠重新帶來翻轉這樣一個黑暗的世代
[00:30:44.000 --> 00:30:45.000]  Amen
[00:30:45.000 --> 00:30:51.000]  我們的神永遠是一位能夠帶來翻轉的神啊
[00:30:51.000 --> 00:30:54.000]  就是越是在黑暗的世代
[00:30:54.000 --> 00:30:59.000]  我們的眼睛越是要定睛在神的身上
[00:30:59.000 --> 00:31:01.000]  當年的約蘇亞
[00:31:01.000 --> 00:31:04.000]  當他面對一個未知的明天的時候
[00:31:04.000 --> 00:31:08.000]  他選擇將明天交在神的手中
[00:31:08.000 --> 00:31:11.000]  神就帶領他進入神應許之地
[00:31:11.000 --> 00:31:14.000]  那個得地為業
[00:31:14.000 --> 00:31:15.000]  同樣
[00:31:15.000 --> 00:31:20.000]  今天我們也要選擇把明天交託給神
[00:31:20.000 --> 00:31:22.000]  求神幫助我們
[00:31:22.000 --> 00:31:24.000]  能夠紀念神的信使
[00:31:24.000 --> 00:31:27.000]  依靠聖靈的大能
[00:31:27.000 --> 00:31:31.000]  而且宣告明天在神的手中
[00:31:31.000 --> 00:31:38.000]  神的聖靈就必定要帶領我們進入神所預備得勝的明天
[00:31:38.000 --> 00:31:39.000]  Amen
[00:31:39.000 --> 00:31:41.000]  我們一起禱告
[00:31:41.000 --> 00:31:44.000]  親愛的我們再次來到裡面獻上我們的感謝與讚美
[00:31:44.000 --> 00:31:45.000]  謝謝你
[00:31:45.000 --> 00:31:50.000]  真的知道我們的明天是在你的手中
[00:31:50.000 --> 00:31:54.000]  雖然我們常常面對各樣的難處困境
[00:31:54.000 --> 00:31:59.000]  很多時候在這種環境當中我們落入憂慮恐懼當中
[00:31:59.000 --> 00:32:01.000]  但主你卻憐憫我們
[00:32:01.000 --> 00:32:04.000]  你卻給我們這樣豐盛的應許
[00:32:04.000 --> 00:32:09.000]  就讓我們真的緊緊抓住你的應許來跟隨你自己
[00:32:09.000 --> 00:32:14.000]  願你的聖靈再一次充滿澆灌在每一位弟兄姊妹的生命當中
[00:32:14.000 --> 00:32:18.000]  讓我們真的在面對我們每一天的生活當中
[00:32:18.000 --> 00:32:20.000]  我們眼目不思看環境
[00:32:20.000 --> 00:32:23.000]  我們定睛在你身上
[00:32:23.000 --> 00:32:25.000]  選擇信靠你
[00:32:25.000 --> 00:32:29.000]  也選擇將我們的明天交託在你手中
[00:32:29.000 --> 00:32:32.000]  我們就深深的相信你聖靈的大能
[00:32:32.000 --> 00:32:36.000]  要提升我們帶領我們進入你應許的得勝當中
[00:32:36.000 --> 00:32:37.000]  謝謝主
[00:32:37.000 --> 00:32:39.000]  我們將一切榮耀都歸給你
[00:32:39.000 --> 00:32:43.000]  感謝禱告奉耶穌得勝的名祈求
[00:32:43.000 --> 00:32:44.000]  Amen
