
[00:00:00.000 --> 00:00:09.200]  今次我回來是想完結我這個所謂女性侍奉的系列
[00:00:09.200 --> 00:00:13.800]  所以今天我們就想去看最後一段經文
[00:00:13.800 --> 00:00:17.200]  最後一段經文就是在羅馬書第十六章
[00:00:17.200 --> 00:00:20.000]  如果你有電話的話,你有聖經的話
[00:00:20.000 --> 00:00:22.000]  打開羅馬書最後一章
[00:00:22.000 --> 00:00:24.000]  就是第十六章
[00:00:24.000 --> 00:00:26.000]  OK?第十六章
[00:00:26.000 --> 00:00:28.000]  第十六章這裡是說什麼呢?
[00:00:28.000 --> 00:00:30.000]  羅馬書是一封書信
[00:00:30.000 --> 00:00:33.000]  即是說保羅寫信給當地的教會
[00:00:33.000 --> 00:00:36.000]  羅馬的信徒,羅馬的宗教會
[00:00:36.000 --> 00:00:39.000]  每一次寫書信的時候
[00:00:39.000 --> 00:00:41.000]  他當然有抬頭,然後有一個內容
[00:00:41.000 --> 00:00:43.000]  羅馬書是很長的
[00:00:43.000 --> 00:00:46.000]  而且是一封很出名的書信
[00:00:46.000 --> 00:00:48.000]  所以長到十五章
[00:00:48.000 --> 00:00:50.000]  第一章寫到十五章
[00:00:50.000 --> 00:00:53.000]  講出很多基督教裡面很重要的教義
[00:00:53.000 --> 00:00:55.000]  譬如恩信、清義
[00:00:55.000 --> 00:01:02.000]  弟兄姊妹如何在兩個當時的猶太人和外邦人之間
[00:01:02.000 --> 00:01:05.000]  有很多的張力、有很多的分歧
[00:01:05.000 --> 00:01:08.000]  如何可以在一個共同的群體裡面
[00:01:08.000 --> 00:01:11.000]  在愛和真理裡面去建立
[00:01:11.000 --> 00:01:13.000]  講了十五章之後
[00:01:13.000 --> 00:01:15.000]  到第十六章最後一章
[00:01:15.000 --> 00:01:17.000]  是講些什麼呢?
[00:01:17.000 --> 00:01:19.000]  通常寫信最後是寫什麼呢?
[00:01:19.000 --> 00:01:23.000]  看看寫什麼吧
[00:01:23.000 --> 00:01:25.000]  如果寫情信,最後寫什麼呢?
[00:01:25.000 --> 00:01:31.000]  I love you,OK
[00:01:31.000 --> 00:01:33.000]  可能是署名
[00:01:33.000 --> 00:01:35.000]  或者地址
[00:01:35.000 --> 00:01:37.000]  不是地址,sorry,日期
[00:01:37.000 --> 00:01:39.000]  或者月份,I love you
[00:01:39.000 --> 00:01:41.000]  然後我是誰
[00:01:41.000 --> 00:01:43.000]  然後日期等等
[00:01:43.000 --> 00:01:46.000]  第十六章也是有點像這樣的
[00:01:46.000 --> 00:01:48.000]  羅馬書第十六章最後的時候
[00:01:48.000 --> 00:01:52.000]  就是保羅向當地的教會問安
[00:01:52.000 --> 00:01:54.000]  如果打開這段聖經的時候
[00:01:54.000 --> 00:01:58.000]  你會發現他一直在數一些名字
[00:01:58.000 --> 00:02:05.000]  我們想用一些經文來做一個總結
[00:02:05.000 --> 00:02:10.000]  總結我們怎樣看女性在教會裡面侍奉
[00:02:10.000 --> 00:02:14.000]  下一張slide就告訴大家
[00:02:14.000 --> 00:02:17.000]  首先有一些預設和一些原則
[00:02:17.000 --> 00:02:18.000]  我們需要知道的
[00:02:18.000 --> 00:02:21.000]  每一個我們去理解聖經的時候
[00:02:21.000 --> 00:02:24.000]  每一個我們需要去明白聖經講些什麼呢?
[00:02:24.000 --> 00:02:26.000]  我們都需要去明白幾樣東西
[00:02:26.000 --> 00:02:28.000]  第一樣,現在沒有slide不要緊
[00:02:28.000 --> 00:02:33.000]  第一樣,聖經是一些當時的產品
[00:02:33.000 --> 00:02:35.000]  父權社會的產品
[00:02:35.000 --> 00:02:38.000]  父權社會,大家知道聖經的時代就是父權社會
[00:02:38.000 --> 00:02:40.000]  就是以男為上
[00:02:40.000 --> 00:02:42.000]  樣樣東西都是以男為外
[00:02:42.000 --> 00:02:44.000]  或者男人當家
[00:02:44.000 --> 00:02:46.000]  男人說了算
[00:02:46.000 --> 00:02:49.000]  所以聖經是一種這樣的情況下
[00:02:49.000 --> 00:02:53.000]  產生出來的文學作品
[00:02:53.000 --> 00:02:56.000]  我說文學作品不一定是虛構的
[00:02:56.000 --> 00:02:59.000]  有些教目,或者我上一代的教目
[00:02:59.000 --> 00:03:00.000]  比我老的那些教目
[00:03:00.000 --> 00:03:03.000]  他們一聽見聖經是文學作品的時候
[00:03:03.000 --> 00:03:05.000]  就說聖經是西遊記
[00:03:05.000 --> 00:03:08.000]  沒有歷史背景,沒有歷史真實
[00:03:08.000 --> 00:03:10.000]  不是這樣的意思
[00:03:10.000 --> 00:03:12.000]  而是他花了很多心思
[00:03:12.000 --> 00:03:15.000]  在經文上面,寫作上面
[00:03:15.000 --> 00:03:19.000]  去present一件事,好像你去博物館看一些名畫
[00:03:19.000 --> 00:03:22.000]  是frame了一些東西,有個架的
[00:03:22.000 --> 00:03:24.000]  那你那幅畫才漂亮
[00:03:24.000 --> 00:03:26.000]  聖經也是一樣
[00:03:26.000 --> 00:03:31.000]  聖經是在框架裡面出來的文學作品或者產品
[00:03:31.000 --> 00:03:38.000]  但你留意,聖經是假設當時的以男為上的世界
[00:03:38.000 --> 00:03:42.000]  但不一定聖經是贊同那個世界的
[00:03:42.000 --> 00:03:44.000]  大家明白嗎
[00:03:44.000 --> 00:03:47.000]  他預設或者假設當時的社會
[00:03:47.000 --> 00:03:50.000]  因為寫給當時的人,直接寫給他們
[00:03:50.000 --> 00:03:55.000]  所以是假設,但不一定是認可或者贊成
[00:03:55.000 --> 00:03:56.000]  這是第一點
[00:03:56.000 --> 00:04:01.000]  第二點就是聖經是以男性為中心的文學作品
[00:04:01.000 --> 00:04:03.000]  大部分的聖經寫的時候
[00:04:03.000 --> 00:04:06.000]  作者都應該是男人
[00:04:06.000 --> 00:04:10.000]  很少是女人,我相信也不會是女人寫的
[00:04:10.000 --> 00:04:11.000]  大部分是男人
[00:04:11.000 --> 00:04:13.000]  不代表女人是完全不識字
[00:04:13.000 --> 00:04:16.000]  但在當時文化的背景裡面
[00:04:16.000 --> 00:04:22.000]  主角或者寓意或者寓景
[00:04:22.000 --> 00:04:28.000]  或者作者都是以男人的眼光來作出發
[00:04:28.000 --> 00:04:34.000]  所以大部分主角,主要的人都是男人
[00:04:34.000 --> 00:04:38.000]  譬如你看家譜,很少會講女人
[00:04:38.000 --> 00:04:43.000]  我們華人文化都是這樣的
[00:04:43.000 --> 00:04:45.000]  是跟著男人去的
[00:04:45.000 --> 00:04:46.000]  女人去了哪裡?
[00:04:46.000 --> 00:04:47.000]  女人是很需要的
[00:04:47.000 --> 00:04:50.000]  很需要女人,因為女人是生小孩的
[00:04:50.000 --> 00:04:51.000]  沒有女人怎麼生小孩?
[00:04:51.000 --> 00:04:54.000]  但看家譜的時候,跟那個名字的時候
[00:04:54.000 --> 00:04:57.000]  就一定跟男人的名字
[00:04:57.000 --> 00:04:58.000]  所以我們曾經講過
[00:04:58.000 --> 00:05:00.000]  聖經裡面大部分的主角
[00:05:00.000 --> 00:05:04.000]  我們很多時候的印象都是一些男人
[00:05:04.000 --> 00:05:05.000]  或者信心的英雄
[00:05:05.000 --> 00:05:07.000]  摩西大衛等等
[00:05:07.000 --> 00:05:09.000]  這個感覺是真實的
[00:05:09.000 --> 00:05:10.000]  我們需要知道的
[00:05:10.000 --> 00:05:11.000]  以男性為中心
[00:05:11.000 --> 00:05:17.000]  但不一定完全贊成以男為上的角度
[00:05:17.000 --> 00:05:19.000]  所以第三,我們要知道
[00:05:19.000 --> 00:05:22.000]  聖經是挑戰當時的價值觀
[00:05:22.000 --> 00:05:24.000]  往往你看清楚聖經的時候
[00:05:24.000 --> 00:05:27.000]  是挑戰當時以男為上的價值觀
[00:05:27.000 --> 00:05:29.000]  或者以男為優先的價值觀
[00:05:29.000 --> 00:05:33.000]  有時候會挑戰男人
[00:05:33.000 --> 00:05:38.000]  或者當時如何去定義一個英雄
[00:05:38.000 --> 00:05:40.000]  你所謂記得福音書那裡
[00:05:40.000 --> 00:05:41.000]  講到最後的時候
[00:05:41.000 --> 00:05:44.000]  那些跟耶穌的所謂信心的英雄門徒
[00:05:44.000 --> 00:05:46.000]  最後去了哪裡?
[00:05:46.000 --> 00:05:47.000]  他們都走散了
[00:05:47.000 --> 00:05:49.000]  躲起來了
[00:05:49.000 --> 00:05:51.000]  是非常女人的事情
[00:05:51.000 --> 00:05:54.000]  有難的時候就走了
[00:05:54.000 --> 00:05:56.000]  但誰出來?
[00:05:56.000 --> 00:05:59.000]  誰在耶穌的十字架面前去看著他被釘死?
[00:05:59.000 --> 00:06:01.000]  是女人多
[00:06:01.000 --> 00:06:04.000]  並且找到空墳墓的也是女人
[00:06:04.000 --> 00:06:05.000]  所以你這樣看的時候
[00:06:05.000 --> 00:06:06.000]  用一個這樣的角度
[00:06:06.000 --> 00:06:08.000]  你就發現有些地方
[00:06:08.000 --> 00:06:12.000]  聖經是挑戰當時以男為上
[00:06:12.000 --> 00:06:13.000]  以男為英雄
[00:06:13.000 --> 00:06:16.000]  只有男人是英雄的價值觀
[00:06:16.000 --> 00:06:18.000]  第四方面就是我們曾經講過
[00:06:18.000 --> 00:06:19.000]  在聖經歷史裡面
[00:06:19.000 --> 00:06:23.000]  女性都扮演一些很定段的
[00:06:23.000 --> 00:06:24.000]  Turning Point
[00:06:24.000 --> 00:06:28.000]  一些轉捩點的角色
[00:06:28.000 --> 00:06:29.000]  沒有了她們的話
[00:06:29.000 --> 00:06:33.000]  上帝救恩的計劃是不能夠向前的
[00:06:33.000 --> 00:06:36.000]  第五就更加重要了
[00:06:36.000 --> 00:06:37.000]  所以我們每次看聖經的時候
[00:06:37.000 --> 00:06:41.000]  我們先想當時的人有些什麼背景
[00:06:41.000 --> 00:06:42.000]  如果我們不是這樣的話
[00:06:42.000 --> 00:06:45.000]  我們很多時候就當聖經是空頭支票
[00:06:45.000 --> 00:06:47.000]  我們就亂寫東西上去
[00:06:47.000 --> 00:06:49.000]  然後亂證明一些東西
[00:06:49.000 --> 00:06:52.000]  或者亂去講一些我們想聖經講的東西
[00:06:52.000 --> 00:06:54.000]  所以首先需要謙卑的人
[00:06:54.000 --> 00:06:57.000]  去明白上帝的話語
[00:06:57.000 --> 00:07:00.000]  這些方法都是重要的
[00:07:00.000 --> 00:07:02.000]  所以今天我們看羅馬書第十六章
[00:07:02.000 --> 00:07:10.000]  我們試一試去看經文
[00:07:10.000 --> 00:07:12.000]  第一個Point我想告訴大家
[00:07:12.000 --> 00:07:14.000]  一定需要看這段聖經的時候
[00:07:14.000 --> 00:07:17.000]  雖然是羅馬書的結語
[00:07:17.000 --> 00:07:19.000]  但第一樣我們需要重新思考一下
[00:07:19.000 --> 00:07:21.000]  我們有的預設
[00:07:21.000 --> 00:07:22.000]  有什麼預設呢
[00:07:22.000 --> 00:07:23.000]  譬如第十六章第七節
[00:07:23.000 --> 00:07:25.000]  這裡提到不同的名字的時候
[00:07:25.000 --> 00:07:28.000]  第七節提到有兩個人
[00:07:28.000 --> 00:07:33.000]  他說有向與我一同坐牢的親戚
[00:07:33.000 --> 00:07:34.000]  保羅這樣說
[00:07:34.000 --> 00:07:37.000]  他的親戚
[00:07:37.000 --> 00:07:43.000]  安多尼古和尤尼亞文安
[00:07:43.000 --> 00:07:44.000]  其中一些名字
[00:07:44.000 --> 00:07:48.000]  安多尼古和尤尼亞
[00:07:48.000 --> 00:07:52.000]  他們是使徒裡面有名望的
[00:07:52.000 --> 00:07:55.000]  明顯我先在基督裡面
[00:07:55.000 --> 00:07:58.000]  似乎是他們先信主的
[00:07:58.000 --> 00:07:59.000]  保羅的親戚
[00:07:59.000 --> 00:08:01.000]  有沒有聽過保羅有親戚
[00:08:01.000 --> 00:08:04.000]  我們經常覺得保羅是獨男
[00:08:04.000 --> 00:08:06.000]  但他有親戚
[00:08:06.000 --> 00:08:08.000]  他講到坐牢的親戚
[00:08:08.000 --> 00:08:09.000]  和他一同坐牢的親戚
[00:08:09.000 --> 00:08:12.000]  其中後面的名字叫尤尼古
[00:08:12.000 --> 00:08:14.000]  Julia
[00:08:14.000 --> 00:08:16.000]  Julia以我們所知
[00:08:16.000 --> 00:08:20.000]  現在所有找到當時第一世紀的文獻的話
[00:08:20.000 --> 00:08:25.000]  Julia是一個女性的名字
[00:08:25.000 --> 00:08:28.000]  保羅怎樣形容她
[00:08:28.000 --> 00:08:32.000]  他說她是使徒裡面最有名望的其中一個
[00:08:32.000 --> 00:08:34.000]  我們聽到使徒的時候
[00:08:34.000 --> 00:08:38.000]  我們就想起保羅、彼得、約翰等等
[00:08:38.000 --> 00:08:39.000]  十二使徒
[00:08:39.000 --> 00:08:42.000]  我們一定想起男人和女人
[00:08:42.000 --> 00:08:45.000]  一定是男人
[00:08:45.000 --> 00:08:50.000]  你很少聽到女士叫做使徒
[00:08:50.000 --> 00:08:52.000]  但保羅很明顯講尤尼亞
[00:08:52.000 --> 00:08:57.000]  當然之前的安多尼古是一個男人
[00:08:57.000 --> 00:08:59.000]  或者是夫婦
[00:08:59.000 --> 00:09:05.000]  但妻子尤尼亞是使徒裡面其中一個最有名望
[00:09:05.000 --> 00:09:08.000]  所以保羅就將一個女性
[00:09:08.000 --> 00:09:11.000]  來形容成為一個使徒
[00:09:11.000 --> 00:09:14.000]  並且是一個最傑出的使徒之一
[00:09:14.000 --> 00:09:16.000]  這個女性的名字是傳我所講
[00:09:16.000 --> 00:09:18.000]  但很奇怪
[00:09:18.000 --> 00:09:21.000]  很多年裡面很多世紀的翻譯本
[00:09:21.000 --> 00:09:26.000]  就將Julia這個字改成一個男人的名字
[00:09:26.000 --> 00:09:28.000]  叫做Julius
[00:09:28.000 --> 00:09:30.000]  加個s進去
[00:09:30.000 --> 00:09:32.000]  就變成一個男人的名字
[00:09:32.000 --> 00:09:35.000]  你就知道翻譯本
[00:09:35.000 --> 00:09:39.000]  每個翻譯本都有充足的功能
[00:09:39.000 --> 00:09:41.000]  我們今天通常都是看翻譯本
[00:09:41.000 --> 00:09:44.000]  我們很少說有這樣的privilege
[00:09:44.000 --> 00:09:48.000]  我們可以看希伯來文和希臘文
[00:09:48.000 --> 00:09:50.000]  你想想有這樣的特權
[00:09:50.000 --> 00:09:52.000]  看原文
[00:09:52.000 --> 00:09:54.000]  原汁原味
[00:09:54.000 --> 00:09:56.000]  不想吧
[00:09:56.000 --> 00:09:58.000]  不想讀書
[00:09:58.000 --> 00:10:03.000]  有時我們出來募會需要有裝備
[00:10:03.000 --> 00:10:06.000]  起碼都有幾件工具
[00:10:06.000 --> 00:10:08.000]  所以我們一定要硬著吃
[00:10:08.000 --> 00:10:10.000]  我們要讀Hebrew and Greek
[00:10:10.000 --> 00:10:12.000]  你知道一個名字
[00:10:12.000 --> 00:10:14.000]  很多時加少少東西上去
[00:10:14.000 --> 00:10:16.000]  就會變性
[00:10:16.000 --> 00:10:18.000]  本身這個是一個女人的名字
[00:10:18.000 --> 00:10:21.000]  但很多時那些翻譯本
[00:10:21.000 --> 00:10:22.000]  後期的翻譯本
[00:10:22.000 --> 00:10:24.000]  就將它加了個s
[00:10:24.000 --> 00:10:27.000]  你就知道翻譯本本身就是一個詮釋
[00:10:27.000 --> 00:10:30.000]  翻譯永遠都是一個詮釋
[00:10:30.000 --> 00:10:33.000]  Translation is Interpretation
[00:10:33.000 --> 00:10:34.000]  翻譯的時候
[00:10:34.000 --> 00:10:37.000]  他們就覺得可能那個學者翻譯
[00:10:37.000 --> 00:10:38.000]  或者那個人去翻譯
[00:10:38.000 --> 00:10:40.000]  到這一節的時候
[00:10:40.000 --> 00:10:43.000]  他們就覺得怎麼可能是一個女人
[00:10:43.000 --> 00:10:44.000]  Julia
[00:10:44.000 --> 00:10:46.000]  會是一個Apostle
[00:10:46.000 --> 00:10:48.000]  所以他們就加了s
[00:10:48.000 --> 00:10:50.000]  如果你查看舊的翻譯本
[00:10:50.000 --> 00:10:54.000]  譬如英文的NAS
[00:10:54.000 --> 00:10:56.000]  New American Standard
[00:10:56.000 --> 00:10:58.000]  你就會見到是Julius
[00:10:58.000 --> 00:11:00.000]  就不是Julia
[00:11:00.000 --> 00:11:02.000]  好少少的他加個footnote
[00:11:02.000 --> 00:11:04.000]  footnote在下面就告訴你
[00:11:04.000 --> 00:11:06.000]  是Julia feminine
[00:11:06.000 --> 00:11:08.000]  是一個女人的名字
[00:11:08.000 --> 00:11:10.000]  你可以大概知道
[00:11:10.000 --> 00:11:12.000]  翻譯者本身
[00:11:12.000 --> 00:11:14.000]  他們都有自己的預設
[00:11:14.000 --> 00:11:16.000]  他不可能是一個女人
[00:11:16.000 --> 00:11:17.000]  叫做Apostle
[00:11:17.000 --> 00:11:19.000]  因為Apostle應該是男人
[00:11:19.000 --> 00:11:21.000]  但現在你找了所有的文獻
[00:11:21.000 --> 00:11:23.000]  你就很清楚知道一件事
[00:11:23.000 --> 00:11:26.000]  本身的原文
[00:11:26.000 --> 00:11:28.000]  是一個女性的名字
[00:11:28.000 --> 00:11:31.000]  現在有的新的翻譯本
[00:11:31.000 --> 00:11:32.000]  就改進了
[00:11:32.000 --> 00:11:34.000]  就將它恢復
[00:11:34.000 --> 00:11:36.000]  變成Julia
[00:11:36.000 --> 00:11:37.000]  尤尼亞
[00:11:37.000 --> 00:11:38.000]  因為確實是一個女人
[00:11:38.000 --> 00:11:40.000]  一個女人可以成為使徒
[00:11:40.000 --> 00:11:42.000]  停下來想一想的時候
[00:11:42.000 --> 00:11:44.000]  這裡我們沒有改過經文
[00:11:44.000 --> 00:11:46.000]  不是說上句話語有問題
[00:11:46.000 --> 00:11:48.000]  而是讀者有問題
[00:11:48.000 --> 00:11:50.000]  因為我們有我們的預設
[00:11:50.000 --> 00:11:52.000]  如果你不清楚
[00:11:52.000 --> 00:11:54.000]  所謂聖經前面這個世界
[00:11:54.000 --> 00:11:56.000]  我們有我們的預設的時候
[00:11:56.000 --> 00:11:58.000]  我們就將我們本身有的概念
[00:11:58.000 --> 00:12:00.000]  我們就加進去了
[00:12:00.000 --> 00:12:02.000]  所以這裡提醒我們
[00:12:02.000 --> 00:12:04.000]  我們需要去反思
[00:12:04.000 --> 00:12:06.000]  我們需要去想清楚
[00:12:06.000 --> 00:12:09.000]  正如我第一次在這個系列所講
[00:12:09.000 --> 00:12:11.000]  聖經的權威是最高的
[00:12:11.000 --> 00:12:13.000]  但是聖經的權威底下
[00:12:13.000 --> 00:12:15.000]  我們有不同的詮釋
[00:12:15.000 --> 00:12:17.000]  這些詮釋其實是可以刪改
[00:12:17.000 --> 00:12:19.000]  可以有adjustment
[00:12:19.000 --> 00:12:22.000]  因為我們對聖經的詮釋
[00:12:22.000 --> 00:12:25.000]  不等於聖經最高的權威
[00:12:25.000 --> 00:12:28.000]  你以前聽過一些牧者說的話
[00:12:28.000 --> 00:12:29.000]  他有牧者的權威
[00:12:29.000 --> 00:12:31.000]  但那個權威請你聽清楚
[00:12:31.000 --> 00:12:33.000]  牧者的權威不是絕對神聖的
[00:12:33.000 --> 00:12:35.000]  我經常都講
[00:12:35.000 --> 00:12:40.000]  牧者的職份是神聖的
[00:12:40.000 --> 00:12:43.000]  但是牧者的職份裡的那個人
[00:12:43.000 --> 00:12:45.000]  不是神聖的
[00:12:45.000 --> 00:12:47.000]  對不對
[00:12:47.000 --> 00:12:49.000]  容許我使者一些講句
[00:12:49.000 --> 00:12:51.000]  我不是神聖的
[00:12:51.000 --> 00:12:53.000]  我們的牧者不是神聖的
[00:12:53.000 --> 00:12:57.000]  但是那個office的職位是神聖的
[00:12:57.000 --> 00:12:59.000]  所以很多時候我們要想清楚
[00:12:59.000 --> 00:13:01.000]  聖經這樣講
[00:13:01.000 --> 00:13:03.000]  或者我們一直被教導
[00:13:03.000 --> 00:13:04.000]  是這樣講
[00:13:04.000 --> 00:13:06.000]  那些傳統可能是很古老
[00:13:06.000 --> 00:13:08.000]  可能是出自很真誠
[00:13:08.000 --> 00:13:11.000]  也可以是堅持了很久
[00:13:11.000 --> 00:13:15.000]  但是你不可以將它就等於
[00:13:15.000 --> 00:13:16.000]  畫個等號
[00:13:16.000 --> 00:13:19.000]  就等於聖經本身最高的權威
[00:13:19.000 --> 00:13:22.000]  去重思再反思的時候
[00:13:22.000 --> 00:13:24.000]  只不過是告訴我們
[00:13:24.000 --> 00:13:25.000]  我們有我們的預設
[00:13:25.000 --> 00:13:27.000]  我們有時候會錯
[00:13:27.000 --> 00:13:28.000]  聖經是不會錯
[00:13:28.000 --> 00:13:30.000]  但是我們對聖經的詮釋
[00:13:30.000 --> 00:13:31.000]  可以是有偏差的
[00:13:31.000 --> 00:13:33.000]  這樣反思不是叛逆
[00:13:33.000 --> 00:13:35.000]  不是rebellion
[00:13:35.000 --> 00:13:37.000]  而是去清楚的
[00:13:37.000 --> 00:13:41.000]  想得清楚一點
[00:13:41.000 --> 00:13:42.000]  OK
[00:13:42.000 --> 00:13:44.000]  基督教信仰
[00:13:44.000 --> 00:13:45.000]  請你聽著
[00:13:45.000 --> 00:13:46.000]  基督教信仰
[00:13:46.000 --> 00:13:48.000]  是很講理性的
[00:13:48.000 --> 00:13:49.000]  是不是
[00:13:49.000 --> 00:13:52.000]  是很講理性的
[00:13:52.000 --> 00:13:54.000]  大家可能沒有這樣的印象
[00:13:54.000 --> 00:13:56.000]  你可以讀一下神學
[00:13:56.000 --> 00:13:58.000]  我們不是這樣唱歌
[00:13:58.000 --> 00:14:00.000]  有些人說
[00:14:00.000 --> 00:14:03.000]  我記得第一次去讀神學的時候
[00:14:03.000 --> 00:14:04.000]  開始讀神學的時候
[00:14:04.000 --> 00:14:06.000]  有些人就跟我說
[00:14:06.000 --> 00:14:07.000]  讀什麼
[00:14:07.000 --> 00:14:09.000]  每天在靈修
[00:14:09.000 --> 00:14:12.000]  坐在雲上面打坐
[00:14:12.000 --> 00:14:14.000]  沒有這樣的事
[00:14:14.000 --> 00:14:16.000]  讀到你臉都青了
[00:14:16.000 --> 00:14:18.000]  因為我們是講理性的
[00:14:18.000 --> 00:14:19.000]  OK
[00:14:19.000 --> 00:14:21.000]  我們的faith是reasonable faith
[00:14:21.000 --> 00:14:22.000]  OK
[00:14:22.000 --> 00:14:23.000]  有歷史根據等等
[00:14:23.000 --> 00:14:26.000]  所以我們需要去學習一下
[00:14:26.000 --> 00:14:27.000]  怎樣去看聖經
[00:14:27.000 --> 00:14:28.000]  看得清楚一點
[00:14:28.000 --> 00:14:29.000]  第二件事
[00:14:29.000 --> 00:14:31.000]  除了我們重新去思考一下
[00:14:31.000 --> 00:14:33.000]  我們可能對聖經有一些預設
[00:14:33.000 --> 00:14:35.000]  可能未必一定是對的
[00:14:35.000 --> 00:14:37.000]  可能是傳統的包袱給我們的
[00:14:37.000 --> 00:14:38.000]  第二件事
[00:14:38.000 --> 00:14:39.000]  我們在這段經文裡面
[00:14:39.000 --> 00:14:40.000]  我們知道
[00:14:40.000 --> 00:14:41.000]  是要認定
[00:14:41.000 --> 00:14:42.000]  去recognize
[00:14:42.000 --> 00:14:45.000]  女性侍奉的價值
[00:14:45.000 --> 00:14:47.000]  將我們的前設
[00:14:47.000 --> 00:14:50.000]  重新再檢驗過之後
[00:14:50.000 --> 00:14:51.000]  我們就看得更加清楚
[00:14:51.000 --> 00:14:53.000]  十六章第三節
[00:14:53.000 --> 00:14:55.000]  他又講了不同的名字
[00:14:55.000 --> 00:14:58.000]  保羅這裡講了一些女性的名字
[00:14:58.000 --> 00:14:59.000]  他說
[00:14:59.000 --> 00:15:01.000]  向伯基拉
[00:15:01.000 --> 00:15:04.000]  Prisca或者Priscilla
[00:15:04.000 --> 00:15:06.000]  去問安
[00:15:06.000 --> 00:15:08.000]  伯基拉是女性的名字
[00:15:08.000 --> 00:15:11.000]  然後才有她的老公
[00:15:11.000 --> 00:15:14.000]  Aguilar
[00:15:14.000 --> 00:15:15.000]  向他們問安
[00:15:15.000 --> 00:15:17.000]  他們在基督裡面和我同宮
[00:15:17.000 --> 00:15:19.000]  也都為我的性命
[00:15:19.000 --> 00:15:22.000]  把自己的生死置之於道外
[00:15:22.000 --> 00:15:23.000]  很有義氣
[00:15:23.000 --> 00:15:25.000]  不但我感謝他們
[00:15:25.000 --> 00:15:28.000]  外邦宗教也都感謝他們
[00:15:28.000 --> 00:15:29.000]  因為他們做了很多事
[00:15:29.000 --> 00:15:31.000]  又在他們家中的教會裡面
[00:15:31.000 --> 00:15:32.000]  去問安
[00:15:32.000 --> 00:15:34.000]  然後第六節
[00:15:34.000 --> 00:15:36.000]  他說又向瑪利亞問安
[00:15:36.000 --> 00:15:38.000]  她為你們非常辛勞
[00:15:38.000 --> 00:15:40.000]  瑪利亞當然是另外一個瑪利亞
[00:15:40.000 --> 00:15:44.000]  不是耶穌的地上母親的瑪利亞
[00:15:44.000 --> 00:15:47.000]  十二節又向為主辛勞的
[00:15:47.000 --> 00:15:52.000]  土菲娜和土複薩問安
[00:15:52.000 --> 00:15:54.000]  向他們所親愛的
[00:15:54.000 --> 00:15:56.000]  為主非常辛勞的
[00:15:56.000 --> 00:15:58.000]  另外一個字
[00:15:58.000 --> 00:15:59.000]  另外一個名字
[00:15:59.000 --> 00:16:00.000]  就是比西
[00:16:00.000 --> 00:16:01.000]  Priscilla
[00:16:01.000 --> 00:16:02.000]  去問安
[00:16:02.000 --> 00:16:04.000]  這些全部highlight了一個名字
[00:16:04.000 --> 00:16:06.000]  都應該是女性的名字
[00:16:06.000 --> 00:16:07.000]  你留意這些女性的名字
[00:16:07.000 --> 00:16:08.000]  一個又一個
[00:16:08.000 --> 00:16:10.000]  保羅用什麼詞語來形容他們呢
[00:16:10.000 --> 00:16:12.000]  老虎
[00:16:12.000 --> 00:16:14.000]  童宮
[00:16:14.000 --> 00:16:15.000]  這些的字
[00:16:15.000 --> 00:16:18.000]  都是保羅形容自己使徒的工作
[00:16:18.000 --> 00:16:20.000]  形容自己的church plan
[00:16:20.000 --> 00:16:22.000]  形容自己的傳道
[00:16:22.000 --> 00:16:23.000]  在使徒行傳
[00:16:23.000 --> 00:16:24.000]  在他的書信裡面
[00:16:24.000 --> 00:16:28.000]  形容自己的東西
[00:16:28.000 --> 00:16:30.000]  換句話說
[00:16:30.000 --> 00:16:32.000]  保羅正在用他自己的尺度
[00:16:32.000 --> 00:16:35.000]  去量度這些女性
[00:16:35.000 --> 00:16:36.000]  在教會
[00:16:36.000 --> 00:16:37.000]  在神國裡面
[00:16:37.000 --> 00:16:39.000]  所做的侍奉
[00:16:39.000 --> 00:16:40.000]  這個就是重點
[00:16:40.000 --> 00:16:41.000]  保羅沒有說
[00:16:41.000 --> 00:16:45.000]  他們只不過是我的助手
[00:16:45.000 --> 00:16:46.000]  保羅說
[00:16:46.000 --> 00:16:48.000]  我和他都一樣
[00:16:48.000 --> 00:16:49.000]  是要這樣去
[00:16:49.000 --> 00:16:52.000]  同樣用這些詞語去形容
[00:16:52.000 --> 00:16:55.000]  保羅就用這些用詞去賦予
[00:16:55.000 --> 00:16:57.000]  給了這些女性
[00:16:57.000 --> 00:17:00.000]  一個充分的重量
[00:17:00.000 --> 00:17:01.000]  就是他們做的東西
[00:17:01.000 --> 00:17:02.000]  和我做的東西
[00:17:02.000 --> 00:17:04.000]  是一模一樣
[00:17:04.000 --> 00:17:05.000]  你明白我的意思嗎
[00:17:05.000 --> 00:17:07.000]  就等於我今天
[00:17:07.000 --> 00:17:10.000]  對另外一個女童宮
[00:17:10.000 --> 00:17:12.000]  或者另外一個教會
[00:17:12.000 --> 00:17:13.000]  可能有女牧師
[00:17:13.000 --> 00:17:14.000]  我和她說
[00:17:14.000 --> 00:17:15.000]  你也是做牧職
[00:17:15.000 --> 00:17:17.000]  我也是做牧職的
[00:17:17.000 --> 00:17:19.000]  你也是侍奉的
[00:17:19.000 --> 00:17:21.000]  我也是侍奉的
[00:17:21.000 --> 00:17:22.000]  我不會說
[00:17:22.000 --> 00:17:23.000]  我是侍奉的
[00:17:23.000 --> 00:17:26.000]  你就是侍奉的beta version
[00:17:26.000 --> 00:17:28.000]  差一點的
[00:17:28.000 --> 00:17:29.000]  只是試的
[00:17:29.000 --> 00:17:31.000]  這裡說得很清楚
[00:17:31.000 --> 00:17:32.000]  就是保羅去認定
[00:17:32.000 --> 00:17:35.000]  女性在教會裡面
[00:17:35.000 --> 00:17:37.000]  侍奉的價值
[00:17:37.000 --> 00:17:38.000]  第三方面
[00:17:38.000 --> 00:17:40.000]  就是我們需要接納
[00:17:40.000 --> 00:17:42.000]  這些女性的侍奉
[00:17:42.000 --> 00:17:43.000]  全盤的接納
[00:17:43.000 --> 00:17:45.000]  這些女性的侍奉
[00:17:45.000 --> 00:17:47.000]  我們回到這一章的第一節
[00:17:47.000 --> 00:17:49.000]  提到一個名字
[00:17:49.000 --> 00:17:51.000]  我們經常都聽見的
[00:17:51.000 --> 00:17:54.000]  但這裡就是原來出自這裡的
[00:17:54.000 --> 00:17:55.000]  十六章第一節
[00:17:55.000 --> 00:17:57.000]  他第一個問安的人
[00:17:57.000 --> 00:18:00.000]  就是和保羅
[00:18:00.000 --> 00:18:02.000]  同宮的一個姐妹
[00:18:02.000 --> 00:18:04.000]  他說我向你們羅馬教會
[00:18:04.000 --> 00:18:07.000]  推薦我們的姐妹
[00:18:07.000 --> 00:18:10.000]  菲比
[00:18:10.000 --> 00:18:13.000]  她是堅格理教會的執事
[00:18:13.000 --> 00:18:15.000]  堅格理就是哥倫多
[00:18:15.000 --> 00:18:17.000]  另外一個的海關人
[00:18:17.000 --> 00:18:18.000]  堅格理教會裡面
[00:18:18.000 --> 00:18:20.000]  她是做執事的
[00:18:20.000 --> 00:18:22.000]  請你們在主裡面
[00:18:22.000 --> 00:18:24.000]  用合乎聖徒的方式
[00:18:24.000 --> 00:18:26.000]  來去接待她
[00:18:26.000 --> 00:18:27.000]  她在任何的事上
[00:18:27.000 --> 00:18:29.000]  需要你們幫助的話
[00:18:29.000 --> 00:18:31.000]  你們就幫助她
[00:18:31.000 --> 00:18:34.000]  因為她素來幫助許多人
[00:18:34.000 --> 00:18:37.000]  也幫助了我
[00:18:37.000 --> 00:18:39.000]  首先講執事
[00:18:39.000 --> 00:18:41.000]  不是次一等的
[00:18:41.000 --> 00:18:44.000]  就是用一些男性在教會裡面
[00:18:44.000 --> 00:18:46.000]  作領袖的名詞
[00:18:46.000 --> 00:18:48.000]  來形容菲比做的事
[00:18:48.000 --> 00:18:50.000]  是一模一樣的詞語
[00:18:50.000 --> 00:18:52.000]  男性女性的意思
[00:18:52.000 --> 00:18:55.000]  第二個詞就是幫助這個字
[00:18:55.000 --> 00:18:57.000]  翻譯做幫助或者helper
[00:18:57.000 --> 00:18:59.000]  我們覺得可能是assistant
[00:18:59.000 --> 00:19:01.000]  但其實那個原文
[00:19:01.000 --> 00:19:03.000]  可以譯做贊助者
[00:19:03.000 --> 00:19:05.000]  或者恩主
[00:19:05.000 --> 00:19:06.000]  patron
[00:19:06.000 --> 00:19:07.000]  保護者的意思
[00:19:07.000 --> 00:19:09.000]  這些在羅馬的社會裡面
[00:19:09.000 --> 00:19:11.000]  用這樣的字眼來形容一個人的時候
[00:19:11.000 --> 00:19:13.000]  就是講到她是一個有地位
[00:19:13.000 --> 00:19:15.000]  有資源和能夠庇佑
[00:19:15.000 --> 00:19:17.000]  庇護
[00:19:17.000 --> 00:19:19.000]  去支持帶領其他人
[00:19:19.000 --> 00:19:21.000]  patron
[00:19:21.000 --> 00:19:23.000]  patron底下就是client
[00:19:23.000 --> 00:19:25.000]  就是她那些所謂
[00:19:25.000 --> 00:19:26.000]  受保護的人
[00:19:26.000 --> 00:19:28.000]  或者受她任避的人
[00:19:28.000 --> 00:19:30.000]  所以這裡講到菲比這個人
[00:19:30.000 --> 00:19:31.000]  是一個領袖
[00:19:31.000 --> 00:19:33.000]  不是一個跑腿
[00:19:33.000 --> 00:19:36.000]  不是只是幫你做一些事
[00:19:36.000 --> 00:19:38.000]  就算了
[00:19:38.000 --> 00:19:39.000]  有一件事
[00:19:39.000 --> 00:19:41.000]  是經常我們留意不到的
[00:19:41.000 --> 00:19:43.000]  就是留意不到
[00:19:43.000 --> 00:19:45.000]  羅馬書最後那一章
[00:19:45.000 --> 00:19:47.000]  我們通常不留意
[00:19:47.000 --> 00:19:49.000]  這本書信有什麼教義
[00:19:49.000 --> 00:19:51.000]  有什麼重要的東西
[00:19:51.000 --> 00:19:52.000]  但我們通常忽略了
[00:19:52.000 --> 00:19:54.000]  這封書信這裡講
[00:19:54.000 --> 00:19:55.000]  講什麼呢
[00:19:55.000 --> 00:19:57.000]  就是寶萊寫完羅馬書
[00:19:57.000 --> 00:20:01.000]  當時寫完一封信的時候
[00:20:01.000 --> 00:20:02.000]  等於我們今天
[00:20:02.000 --> 00:20:04.000]  physically寫完一封信的時候
[00:20:04.000 --> 00:20:06.000]  我們就需要有人
[00:20:06.000 --> 00:20:08.000]  去將這封信
[00:20:08.000 --> 00:20:10.000]  帶去那個收信人
[00:20:10.000 --> 00:20:11.000]  是不是
[00:20:11.000 --> 00:20:13.000]  今天我們在美國
[00:20:13.000 --> 00:20:15.000]  或者在不同的地方
[00:20:15.000 --> 00:20:17.000]  我們是靠什麼
[00:20:17.000 --> 00:20:19.000]  是靠郵局的
[00:20:19.000 --> 00:20:21.000]  是不是郵局
[00:20:21.000 --> 00:20:23.000]  我們就去USPS
[00:20:23.000 --> 00:20:25.000]  等等等很久
[00:20:25.000 --> 00:20:27.000]  好像你得罪了他
[00:20:27.000 --> 00:20:29.000]  你就等很久
[00:20:29.000 --> 00:20:31.000]  然後才寄到那封信
[00:20:31.000 --> 00:20:32.000]  貼郵票上去
[00:20:32.000 --> 00:20:34.000]  然後寫好寄那封信
[00:20:34.000 --> 00:20:36.000]  給錢寄那封信
[00:20:36.000 --> 00:20:37.000]  郵局就做了這個
[00:20:37.000 --> 00:20:39.000]  所謂信差的工作
[00:20:39.000 --> 00:20:40.000]  是不是
[00:20:40.000 --> 00:20:41.000]  然後那個信差
[00:20:41.000 --> 00:20:42.000]  到最後那一站
[00:20:42.000 --> 00:20:43.000]  收到了
[00:20:43.000 --> 00:20:45.000]  他有另一個postman
[00:20:45.000 --> 00:20:47.000]  然後他就將那封信
[00:20:47.000 --> 00:20:49.000]  放在你的信箱裡面
[00:20:49.000 --> 00:20:51.000]  然後你就打開
[00:20:51.000 --> 00:20:53.000]  你就知道我收到信了
[00:20:53.000 --> 00:20:55.000]  我們就需要中間這個
[00:20:55.000 --> 00:20:57.000]  所謂USPS郵局
[00:20:57.000 --> 00:20:59.000]  去幫助我們
[00:20:59.000 --> 00:21:01.000]  以前就沒有
[00:21:01.000 --> 00:21:03.000]  政府有這麼多方便的郵局
[00:21:03.000 --> 00:21:05.000]  以前就靠什麼呢
[00:21:05.000 --> 00:21:06.000]  就是靠另一個信差
[00:21:06.000 --> 00:21:07.000]  你信得過的人
[00:21:07.000 --> 00:21:09.000]  就將這封信
[00:21:09.000 --> 00:21:11.000]  帶到去
[00:21:11.000 --> 00:21:13.000]  收信人的中間
[00:21:13.000 --> 00:21:15.000]  然後這個信差
[00:21:15.000 --> 00:21:17.000]  不單止是
[00:21:17.000 --> 00:21:19.000]  受他信任
[00:21:19.000 --> 00:21:21.000]  也需要
[00:21:21.000 --> 00:21:23.000]  將那封信
[00:21:23.000 --> 00:21:25.000]  帶到當地受眾的時候
[00:21:25.000 --> 00:21:27.000]  就將那封信讀出來
[00:21:27.000 --> 00:21:29.000]  並且
[00:21:29.000 --> 00:21:31.000]  要將那封信解釋
[00:21:31.000 --> 00:21:33.000]  所以你可以想像
[00:21:33.000 --> 00:21:35.000]  保羅在某個地方
[00:21:35.000 --> 00:21:37.000]  寫完《羅馬書》
[00:21:37.000 --> 00:21:39.000]  是一封很長的書信
[00:21:39.000 --> 00:21:41.000]  並且是一個很多
[00:21:41.000 --> 00:21:43.000]  神學內容的書信
[00:21:43.000 --> 00:21:44.000]  《羅馬書》
[00:21:44.000 --> 00:21:46.000]  有人說是新約
[00:21:46.000 --> 00:21:47.000]  如果大火的話
[00:21:47.000 --> 00:21:49.000]  整本聖經燒了的話
[00:21:49.000 --> 00:21:51.000]  我們還可以撿到很多東西
[00:21:51.000 --> 00:21:53.000]  撿到所有的基本
[00:21:53.000 --> 00:21:55.000]  或者超乎基本的教義
[00:21:55.000 --> 00:21:57.000]  就在《羅馬書》裏面
[00:21:57.000 --> 00:21:59.000]  一封書信保羅寫完
[00:21:59.000 --> 00:22:01.000]  他不是在羅馬
[00:22:01.000 --> 00:22:03.000]  處名文安
[00:22:03.000 --> 00:22:05.000]  封了他
[00:22:05.000 --> 00:22:07.000]  舔一舔他
[00:22:07.000 --> 00:22:09.000]  然後他交給菲比
[00:22:09.000 --> 00:22:11.000]  菲比就要
[00:22:11.000 --> 00:22:13.000]  帶著這封信好像信差那樣
[00:22:13.000 --> 00:22:15.000]  然後
[00:22:15.000 --> 00:22:17.000]  帶到羅馬教會
[00:22:17.000 --> 00:22:19.000]  帶到去
[00:22:19.000 --> 00:22:21.000]  菲比就去到那裏教會聚會的時候
[00:22:21.000 --> 00:22:23.000]  就說哪個長老
[00:22:23.000 --> 00:22:25.000]  我有封信帶來
[00:22:25.000 --> 00:22:27.000]  是保羅親筆簽名
[00:22:27.000 --> 00:22:29.000]  的信來的
[00:22:29.000 --> 00:22:31.000]  那裏的教會就會款待他
[00:22:31.000 --> 00:22:33.000]  可能留他幾天在那裏
[00:22:33.000 --> 00:22:35.000]  然後他就在他們聚會的時候
[00:22:35.000 --> 00:22:37.000]  可能是主日
[00:22:37.000 --> 00:22:39.000]  就會將那封信打開
[00:22:39.000 --> 00:22:41.000]  然後讀那封信
[00:22:41.000 --> 00:22:43.000]  讀一讀的時候就會解釋
[00:22:43.000 --> 00:22:45.000]  有些commentary
[00:22:45.000 --> 00:22:47.000]  或者有些教導
[00:22:47.000 --> 00:22:49.000]  或者有人問問題
[00:22:49.000 --> 00:22:51.000]  菲比就要代保羅
[00:22:51.000 --> 00:22:53.000]  去到做
[00:22:53.000 --> 00:22:55.000]  講道和做教導
[00:22:55.000 --> 00:22:57.000]  這個就是當時的文化
[00:22:57.000 --> 00:22:59.000]  這個很多時候我們
[00:22:59.000 --> 00:23:01.000]  不是很明白的
[00:23:01.000 --> 00:23:03.000]  因為古代的時候送信的人
[00:23:03.000 --> 00:23:05.000]  就不是今天我們的郵差
[00:23:05.000 --> 00:23:07.000]  郵差就drop了你那封信
[00:23:07.000 --> 00:23:09.000]  到你的信箱然後他就不說話
[00:23:09.000 --> 00:23:11.000]  你不會問郵差
[00:23:11.000 --> 00:23:13.000]  可不可以解釋一下那封信
[00:23:13.000 --> 00:23:15.000]  那是教會的
[00:23:15.000 --> 00:23:17.000]  但當時就不是的
[00:23:17.000 --> 00:23:19.000]  信差不單是帶那封信上路
[00:23:19.000 --> 00:23:21.000]  可能上路一個禮拜
[00:23:21.000 --> 00:23:23.000]  好幾天
[00:23:23.000 --> 00:23:25.000]  然後帶到教會那裏
[00:23:25.000 --> 00:23:27.000]  然後和大家讀出來
[00:23:27.000 --> 00:23:29.000]  因為當時大部份的人都是聽東西的
[00:23:29.000 --> 00:23:31.000]  不是大家一齊去看字的
[00:23:31.000 --> 00:23:33.000]  是聽菲比來解釋
[00:23:33.000 --> 00:23:35.000]  所以保羅
[00:23:35.000 --> 00:23:37.000]  叫菲比做什麼呢
[00:23:37.000 --> 00:23:39.000]  不單是送信
[00:23:39.000 --> 00:23:41.000]  是一個授權的解經者
[00:23:41.000 --> 00:23:43.000]  授權的解經者
[00:23:43.000 --> 00:23:45.000]  受保羅權的
[00:23:45.000 --> 00:23:47.000]  攻讀
[00:23:47.000 --> 00:23:49.000]  上帝話語的人
[00:23:49.000 --> 00:23:51.000]  和去解釋
[00:23:51.000 --> 00:23:53.000]  講論
[00:23:53.000 --> 00:23:55.000]  上帝話語的人
[00:23:55.000 --> 00:23:57.000]  如果是這樣看的時候
[00:23:57.000 --> 00:23:59.000]  你會覺得這個真是很有趣
[00:23:59.000 --> 00:24:01.000]  羅馬書這麼重要的書信
[00:24:01.000 --> 00:24:03.000]  保羅揀的
[00:24:03.000 --> 00:24:05.000]  所謂信差
[00:24:05.000 --> 00:24:07.000]  幫他傳廣信息的
[00:24:07.000 --> 00:24:09.000]  和他有同樣地位的
[00:24:09.000 --> 00:24:11.000]  是一個女人
[00:24:11.000 --> 00:24:13.000]  菲比
[00:24:13.000 --> 00:24:15.000]  找了一個菲比
[00:24:15.000 --> 00:24:17.000]  菲比
[00:24:17.000 --> 00:24:19.000]  帶這封信
[00:24:19.000 --> 00:24:21.000]  去到中間
[00:24:21.000 --> 00:24:23.000]  這個講法
[00:24:23.000 --> 00:24:25.000]  菲比幫助很多人
[00:24:25.000 --> 00:24:27.000]  並且他做了信差
[00:24:27.000 --> 00:24:29.000]  不是純粹
[00:24:29.000 --> 00:24:31.000]  欣賞他這麼簡單
[00:24:31.000 --> 00:24:33.000]  也不是純粹肯定他這麼簡單
[00:24:33.000 --> 00:24:35.000]  而是叫羅馬教會
[00:24:35.000 --> 00:24:37.000]  全盤的接納
[00:24:37.000 --> 00:24:39.000]  菲比
[00:24:39.000 --> 00:24:41.000]  帶來的
[00:24:41.000 --> 00:24:43.000]  上帝話語 他的重讀 他的解經
[00:24:43.000 --> 00:24:45.000]  他的教導 他的侍奉
[00:24:45.000 --> 00:24:47.000]  全盤要接納
[00:24:47.000 --> 00:24:49.000]  意思就是說
[00:24:49.000 --> 00:24:51.000]  保羅和菲比是肩並肩
[00:24:51.000 --> 00:24:53.000]  侍奉的團隊
[00:24:53.000 --> 00:24:55.000]  不是他
[00:24:55.000 --> 00:24:57.000]  助手這麼簡單
[00:24:57.000 --> 00:24:59.000]  不是他助手這麼簡單
[00:24:59.000 --> 00:25:01.000]  這樣看的時候
[00:25:01.000 --> 00:25:03.000]  打開了
[00:25:03.000 --> 00:25:05.000]  新約的教會
[00:25:05.000 --> 00:25:07.000]  在當時社會最前
[00:25:07.000 --> 00:25:09.000]  女性不只是純粹
[00:25:09.000 --> 00:25:11.000]  做一個差役
[00:25:11.000 --> 00:25:13.000]  不是做工人
[00:25:13.000 --> 00:25:15.000]  而是和男性一起
[00:25:15.000 --> 00:25:17.000]  去建立上帝的工作
[00:25:17.000 --> 00:25:19.000]  你見到保羅怎樣對待這些姊妹
[00:25:19.000 --> 00:25:21.000]  就代表我們今天
[00:25:21.000 --> 00:25:23.000]  教會應該怎樣去接待
[00:25:23.000 --> 00:25:25.000]  接納
[00:25:25.000 --> 00:25:27.000]  全盤接納
[00:25:27.000 --> 00:25:29.000]  在我們中間的姊妹
[00:25:29.000 --> 00:25:31.000]  我預備這封
[00:25:31.000 --> 00:25:33.000]  講道的時候
[00:25:33.000 --> 00:25:35.000]  我就想起以前
[00:25:35.000 --> 00:25:37.000]  在大學的時候
[00:25:37.000 --> 00:25:39.000]  有一個女傳道在我們教會
[00:25:39.000 --> 00:25:41.000]  現在都年老了
[00:25:41.000 --> 00:25:45.000]  她不是讀很多書的
[00:25:45.000 --> 00:25:47.000]  這位女傳道
[00:25:47.000 --> 00:25:49.000]  但是很關心我們
[00:25:49.000 --> 00:25:51.000]  很關心我們年輕一代
[00:25:51.000 --> 00:25:53.000]  為我們禱告
[00:25:53.000 --> 00:25:57.000]  偶爾她會
[00:25:57.000 --> 00:25:59.000]  送一些禮物給我們
[00:25:59.000 --> 00:26:01.000]  還有很忠心
[00:26:01.000 --> 00:26:03.000]  在我們中間來服侍
[00:26:03.000 --> 00:26:05.000]  我想起的時候
[00:26:05.000 --> 00:26:07.000]  沒有這位女性
[00:26:07.000 --> 00:26:09.000]  每位女性的傳道的時候
[00:26:09.000 --> 00:26:11.000]  可能我們
[00:26:11.000 --> 00:26:13.000]  屬靈的生命
[00:26:13.000 --> 00:26:15.000]  都不能夠去成長
[00:26:15.000 --> 00:26:17.000]  很大功勞
[00:26:17.000 --> 00:26:19.000]  她絕對不是assistant
[00:26:19.000 --> 00:26:21.000]  是上帝
[00:26:21.000 --> 00:26:23.000]  神國的推動者
[00:26:23.000 --> 00:26:27.000]  在我們教會
[00:26:27.000 --> 00:26:29.000]  面前我們要繼續
[00:26:29.000 --> 00:26:31.000]  做愛的時候
[00:26:31.000 --> 00:26:33.000]  我相信大家
[00:26:33.000 --> 00:26:35.000]  都很需要一起
[00:26:35.000 --> 00:26:37.000]  兼命去侍奉她
[00:26:37.000 --> 00:26:39.000]  不只是男人
[00:26:39.000 --> 00:26:43.000]  也要有女性姊妹
[00:26:43.000 --> 00:26:45.000]  當我今天走進門口的時候
[00:26:45.000 --> 00:26:47.000]  我見到很多姊妹
[00:26:47.000 --> 00:26:49.000]  很用心去預備
[00:26:49.000 --> 00:26:51.000]  怎樣去款待我們
[00:26:51.000 --> 00:26:53.000]  歡迎我們等等
[00:26:53.000 --> 00:26:55.000]  我真的很感恩
[00:26:57.000 --> 00:26:59.000]  不只是女性才做這件事
[00:26:59.000 --> 00:27:01.000]  男的女的都需要做
[00:27:01.000 --> 00:27:03.000]  我們每個人的角色
[00:27:03.000 --> 00:27:05.000]  每個人的恩賜都有所不同
[00:27:05.000 --> 00:27:07.000]  但我們應該要全盤的
[00:27:07.000 --> 00:27:09.000]  傾出來
[00:27:09.000 --> 00:27:11.000]  上帝的國
[00:27:11.000 --> 00:27:13.000]  是要我們每一個人
[00:27:13.000 --> 00:27:15.000]  一起來同心努力
[00:27:15.000 --> 00:27:17.000]  不只是男女這麼簡單
[00:27:17.000 --> 00:27:19.000]  是一代與一代都需要的
[00:27:19.000 --> 00:27:21.000]  我們有童宮
[00:27:21.000 --> 00:27:25.000]  也需要有年輕的童宮
[00:27:27.000 --> 00:27:29.000]  在多倫多教會
[00:27:29.000 --> 00:27:31.000]  我接觸不同的教會的時候
[00:27:31.000 --> 00:27:33.000]  都聽見同一首歌
[00:27:33.000 --> 00:27:35.000]  很多時候教會好像青黃不接
[00:27:35.000 --> 00:27:37.000]  沒有年輕的一代出來
[00:27:37.000 --> 00:27:41.000]  有一個教會
[00:27:41.000 --> 00:27:43.000]  就跟我分享
[00:27:43.000 --> 00:27:45.000]  我們都試過有很多年輕的童宮
[00:27:45.000 --> 00:27:47.000]  但不太可行
[00:27:47.000 --> 00:27:49.000]  不可行
[00:27:49.000 --> 00:27:51.000]  就要離開等等
[00:27:51.000 --> 00:27:55.000]  大家喝咖啡
[00:27:55.000 --> 00:27:57.000]  聊天吃飯的時候
[00:27:57.000 --> 00:27:59.000]  我都是說
[00:27:59.000 --> 00:28:01.000]  我們都要試
[00:28:01.000 --> 00:28:03.000]  都要試
[00:28:03.000 --> 00:28:05.000]  都要給機會
[00:28:05.000 --> 00:28:07.000]  我自己回想
[00:28:07.000 --> 00:28:09.000]  我自己年輕的時候
[00:28:09.000 --> 00:28:11.000]  不是有人給我機會
[00:28:11.000 --> 00:28:13.000]  今天我也不會這麼大功
[00:28:13.000 --> 00:28:15.000]  真的有人給我機會
[00:28:15.000 --> 00:28:17.000]  有人給我機會
[00:28:17.000 --> 00:28:19.000]  去試
[00:28:19.000 --> 00:28:21.000]  有人給我機會
[00:28:21.000 --> 00:28:23.000]  去到失敗
[00:28:23.000 --> 00:28:25.000]  然後才能夠培養到
[00:28:25.000 --> 00:28:27.000]  今天的我
[00:28:27.000 --> 00:28:29.000]  我們都需要去嘗試
[00:28:29.000 --> 00:28:33.000]  我們教會過去十年
[00:28:33.000 --> 00:28:35.000]  我們都有不同嘗試
[00:28:35.000 --> 00:28:37.000]  有來的
[00:28:37.000 --> 00:28:39.000]  有去的
[00:28:39.000 --> 00:28:41.000]  但有一樣東西我們不能夠停的
[00:28:41.000 --> 00:28:43.000]  縱使有來有去
[00:28:43.000 --> 00:28:45.000]  我們都要嘗試
[00:28:45.000 --> 00:28:49.000]  忠心侍奉
[00:28:49.000 --> 00:28:51.000]  We keep trying
[00:28:51.000 --> 00:28:53.000]  We keep working
[00:28:53.000 --> 00:28:55.000]  結果是怎樣?
[00:28:55.000 --> 00:28:57.000]  一個交託給上帝
[00:28:57.000 --> 00:28:59.000]  但過程裡面就需要我們
[00:28:59.000 --> 00:29:01.000]  有男有女
[00:29:01.000 --> 00:29:03.000]  有不同的世代一起去服侍
[00:29:03.000 --> 00:29:07.000]  所以希望大家
[00:29:07.000 --> 00:29:09.000]  為我們教會禱告
[00:29:09.000 --> 00:29:11.000]  我們慷慨奉獻
[00:29:11.000 --> 00:29:13.000]  慷慨的熱心的參與去侍奉
[00:29:13.000 --> 00:29:15.000]  好像我們這個教會一樣
[00:29:15.000 --> 00:29:17.000]  有老的童宮
[00:29:17.000 --> 00:29:19.000]  是不是有些很年輕
[00:29:19.000 --> 00:29:21.000]  很有作為的年輕童宮?
[00:29:21.000 --> 00:29:25.000]  是吧?
[00:29:25.000 --> 00:29:27.000]  我們個個都需要
[00:29:27.000 --> 00:29:29.000]  大家一起見明見義去工作
[00:29:29.000 --> 00:29:31.000]  可以同心得力去祈禱
[00:29:31.000 --> 00:29:35.000]  主我們求祢
[00:29:35.000 --> 00:29:37.000]  建立我們手所做的
[00:29:37.000 --> 00:29:39.000]  我們手所做的
[00:29:39.000 --> 00:29:41.000]  確實是一些很簡單
[00:29:41.000 --> 00:29:43.000]  很少的東西
[00:29:43.000 --> 00:29:45.000]  在神國裡面我們有這樣的
[00:29:45.000 --> 00:29:47.000]  建立我們的生命
[00:29:47.000 --> 00:29:49.000]  建立我們的家庭
[00:29:49.000 --> 00:29:51.000]  建立我們這個教會的屬靈群體
[00:29:51.000 --> 00:29:53.000]  以致我們能夠
[00:29:53.000 --> 00:29:55.000]  更多為祢發光
[00:29:55.000 --> 00:29:57.000]  求祢祝福我們教會
[00:29:57.000 --> 00:29:59.000]  祢祝福不同地方的教會
[00:29:59.000 --> 00:30:01.000]  讓他們滿滿有主
[00:30:01.000 --> 00:30:03.000]  祢自己祝福
[00:30:03.000 --> 00:30:05.000]  有主祢自己加力給他們
[00:30:05.000 --> 00:30:07.000]  讓他們每一個的世代
[00:30:07.000 --> 00:30:09.000]  有男有女弟兄與姊妹
[00:30:09.000 --> 00:30:11.000]  一起肩並肩的
[00:30:11.000 --> 00:30:13.000]  做一個團隊來服侍祢
[00:30:13.000 --> 00:30:15.000]  以致祢的名更加被宣揚
[00:30:15.000 --> 00:30:17.000]  我們祈禱奉尊民救
