
[00:00:00.000 --> 00:00:02.000]  各位弟子妹,早晨
[00:00:02.000 --> 00:00:04.000]  和旁邊的也說聲早晨
[00:00:04.000 --> 00:00:06.000]  是的
[00:00:06.000 --> 00:00:08.000]  感謝主
[00:00:08.000 --> 00:00:10.000]  今天也很特別
[00:00:10.000 --> 00:00:12.000]  稍後慢慢說點特別
[00:00:12.000 --> 00:00:14.000]  首先今天是第一個主日
[00:00:14.000 --> 00:00:18.000]  原本應該是要走樓梯上來的
[00:00:18.000 --> 00:00:20.000]  突然間不用走,好像多了點恩典一樣
[00:00:20.000 --> 00:00:22.000]  也是開心的
[00:00:22.000 --> 00:00:25.000]  還有我們今天是主餐崇拜
[00:00:25.000 --> 00:00:27.000]  所以稍後我們的講道
[00:00:27.000 --> 00:00:29.000]  看看和主餐的關係在哪裡
[00:00:31.000 --> 00:00:35.000]  今天就重溫一下上個星期
[00:00:35.000 --> 00:00:37.000]  看看大家記不記得
[00:00:37.000 --> 00:00:39.000]  上個星期約書亞記系列第幾集
[00:00:39.000 --> 00:00:41.000]  3,應該是最簡單的
[00:00:41.000 --> 00:00:43.000]  4-1就可以了
[00:00:43.000 --> 00:00:46.000]  上個星期哪位我們的同工講道
[00:00:46.000 --> 00:00:48.000]  梁全,還記得
[00:00:48.000 --> 00:00:50.000]  講了些什麼呢
[00:00:50.000 --> 00:00:52.000]  有3個H
[00:00:52.000 --> 00:00:54.000]  第一個H是什麼呢
[00:00:54.000 --> 00:00:56.000]  Hot
[00:00:56.000 --> 00:00:59.000]  就是要停步,察覺
[00:00:59.000 --> 00:01:01.000]  第二個是Humble
[00:01:01.000 --> 00:01:03.000]  要謙卑,下敗
[00:01:03.000 --> 00:01:05.000]  第三個是Honest
[00:01:05.000 --> 00:01:07.000]  要聖潔和脫鞋
[00:01:07.000 --> 00:01:09.000]  主題就是要遇上生命的元帥
[00:01:09.000 --> 00:01:11.000]  不是自己做元帥
[00:01:11.000 --> 00:01:14.000]  而是要遇上那位生命的主
[00:01:14.000 --> 00:01:16.000]  讓生命的主做我們的元帥
[00:01:16.000 --> 00:01:18.000]  才是最正確的
[00:01:18.000 --> 00:01:21.000]  約書亞記第五章完結了
[00:01:21.000 --> 00:01:24.000]  我們現在進入6-8章
[00:01:24.000 --> 00:01:28.000]  當然我沒可能講完3章這麼長的經文
[00:01:28.000 --> 00:01:33.000]  所以我們會集中講8章34-35節
[00:01:33.000 --> 00:01:36.000]  當中發生了什麼事呢
[00:01:36.000 --> 00:01:39.000]  如果你有上過約學
[00:01:39.000 --> 00:01:41.000]  或者你也熟悉約書亞記
[00:01:41.000 --> 00:01:44.000]  你就知道當中打贏了耶利哥城
[00:01:44.000 --> 00:01:46.000]  怎麼繞幾個圈
[00:01:46.000 --> 00:01:48.000]  不出聲那些
[00:01:48.000 --> 00:01:50.000]  我就不講了
[00:01:50.000 --> 00:01:52.000]  大家回去看看聖經
[00:01:52.000 --> 00:01:55.000]  打贏了耶利哥城這仗之後
[00:01:55.000 --> 00:01:57.000]  就打艾城了
[00:01:57.000 --> 00:02:00.000]  誰知道遇到一個雅干
[00:02:00.000 --> 00:02:02.000]  在以色列人當中犯罪
[00:02:02.000 --> 00:02:06.000]  引來整個以色列都陷入罪當中
[00:02:06.000 --> 00:02:08.000]  所以上帝不眷顧他們
[00:02:08.000 --> 00:02:12.000]  所以打贏艾城是先敗後贏的
[00:02:12.000 --> 00:02:15.000]  細節也沒可能再跟大家講了
[00:02:15.000 --> 00:02:17.000]  讓大家知道
[00:02:17.000 --> 00:02:20.000]  他們打贏了這兩場仗之後
[00:02:20.000 --> 00:02:23.000]  就進入約書亞記第八章第30節
[00:02:23.000 --> 00:02:25.000]  不過還沒進去之前
[00:02:25.000 --> 00:02:27.000]  我們要想想
[00:02:27.000 --> 00:02:28.000]  我們人生就是這樣
[00:02:28.000 --> 00:02:30.000]  不斷在打仗
[00:02:30.000 --> 00:02:32.000]  很多工作
[00:02:32.000 --> 00:02:33.000]  很多的任務
[00:02:33.000 --> 00:02:35.000]  很多的目標要完成
[00:02:35.000 --> 00:02:37.000]  完了之後怎麼樣呢
[00:02:37.000 --> 00:02:40.000]  完了之後我們會不會真的願意停下來呢
[00:02:40.000 --> 00:02:42.000]  好像學生哥那樣
[00:02:42.000 --> 00:02:43.000]  今天我們在青年當中
[00:02:43.000 --> 00:02:45.000]  考完試之後
[00:02:45.000 --> 00:02:46.000]  想著放暑假了
[00:02:46.000 --> 00:02:47.000]  不是啊
[00:02:47.000 --> 00:02:49.000]  暑假又是要補課
[00:02:49.000 --> 00:02:52.000]  又要準備下一場的考試
[00:02:52.000 --> 00:02:56.000]  所以就好像永遠都有讀不完的功課
[00:02:56.000 --> 00:02:58.000]  永遠都有考不完的試
[00:02:58.000 --> 00:02:59.000]  出來工作也是
[00:02:59.000 --> 00:03:00.000]  很努力工作
[00:03:00.000 --> 00:03:01.000]  完了一個項目
[00:03:01.000 --> 00:03:02.000]  又另一個項目
[00:03:02.000 --> 00:03:03.000]  然後想升職
[00:03:03.000 --> 00:03:04.000]  升職完之後
[00:03:04.000 --> 00:03:06.000]  原來有更大的工作在後面
[00:03:06.000 --> 00:03:08.000]  好像永遠都是不完的
[00:03:08.000 --> 00:03:10.000]  就算你做父母的也是
[00:03:10.000 --> 00:03:12.000]  我的兒子都長大了
[00:03:12.000 --> 00:03:14.000]  然後可以休息一下了
[00:03:14.000 --> 00:03:16.000]  不是 又要照顧孫子了
[00:03:16.000 --> 00:03:19.000]  人生就是不斷在一個漏洞裡
[00:03:19.000 --> 00:03:20.000]  永遠都不完
[00:03:20.000 --> 00:03:22.000]  贏了又怎麼樣呢
[00:03:22.000 --> 00:03:26.000]  我們願不願意在贏了之後
[00:03:26.000 --> 00:03:27.000]  能夠停下來
[00:03:27.000 --> 00:03:30.000]  回到上帝的面前呢
[00:03:30.000 --> 00:03:34.000]  今天我們看約書亞記第六第八章裡
[00:03:34.000 --> 00:03:37.000]  以色列人打贏了兩場驚心動魄的戰役
[00:03:37.000 --> 00:03:41.000]  一場是透過上帝神職的帶領
[00:03:41.000 --> 00:03:44.000]  在耶利哥城繞著六天
[00:03:44.000 --> 00:03:45.000]  每天走一個圈
[00:03:45.000 --> 00:03:47.000]  到了第七天走七個圈
[00:03:47.000 --> 00:03:50.000]  然後整個城牆倒塌了
[00:03:50.000 --> 00:03:53.000]  以致他們可以攻取耶利哥城
[00:03:53.000 --> 00:03:56.000]  在艾城之戰裡先有瓦岡犯罪
[00:03:56.000 --> 00:03:59.000]  以致讓以色列人知道
[00:03:59.000 --> 00:04:01.000]  他們要重新悔改
[00:04:01.000 --> 00:04:03.000]  回到上帝的面前
[00:04:03.000 --> 00:04:06.000]  才能夠打敗艾城之戰
[00:04:06.000 --> 00:04:07.000]  而在這一刻
[00:04:07.000 --> 00:04:10.000]  正是他們士氣最高昂的時候
[00:04:10.000 --> 00:04:13.000]  是不是應該再接再厲地
[00:04:13.000 --> 00:04:17.000]  進入敵人更深的地步去打仗呢
[00:04:17.000 --> 00:04:19.000]  如果你熟悉約書亞記的後半部
[00:04:19.000 --> 00:04:22.000]  去到第九和第十一章裡
[00:04:22.000 --> 00:04:26.000]  將會面對南部聯軍和北部聯軍
[00:04:26.000 --> 00:04:28.000]  兩場大戰役
[00:04:28.000 --> 00:04:29.000]  在這個時候
[00:04:29.000 --> 00:04:32.000]  是不是應該約書亞一鼓作氣地
[00:04:32.000 --> 00:04:33.000]  乘勝追擊
[00:04:33.000 --> 00:04:36.000]  或者起碼都應該建一個城堡
[00:04:36.000 --> 00:04:38.000]  保護一下大家
[00:04:38.000 --> 00:04:41.000]  在當中安頓一下呢
[00:04:41.000 --> 00:04:43.000]  但是更加奇怪的是
[00:04:43.000 --> 00:04:44.000]  約書亞這一刻
[00:04:44.000 --> 00:04:46.000]  他說停下來
[00:04:46.000 --> 00:04:50.000]  他向全軍要喊停下來
[00:04:50.000 --> 00:04:52.000]  不單止要停下來
[00:04:52.000 --> 00:04:54.000]  繼續征戰的步伐
[00:04:54.000 --> 00:04:58.000]  而更加要帶領全個以色列的
[00:04:58.000 --> 00:05:00.000]  無論是老人家
[00:05:00.000 --> 00:05:01.000]  無論是婦女
[00:05:01.000 --> 00:05:02.000]  無論是小孩子
[00:05:02.000 --> 00:05:04.000]  都要收到陣地
[00:05:04.000 --> 00:05:07.000]  去到三十公里以內的一個事件
[00:05:07.000 --> 00:05:10.000]  以巴路山的地方
[00:05:10.000 --> 00:05:13.000]  在那裡要畫上一個優子符
[00:05:13.000 --> 00:05:15.000]  為什麼要這樣做呢?
[00:05:15.000 --> 00:05:18.000]  因為這是神的命令
[00:05:18.000 --> 00:05:21.000]  在約書亞記之前的一本書
[00:05:21.000 --> 00:05:22.000]  《生命記》
[00:05:22.000 --> 00:05:23.000]  在二十七章裡面
[00:05:23.000 --> 00:05:26.000]  摩西其實吩咐了他們
[00:05:26.000 --> 00:05:31.000]  要在以巴路山和基里森山之間這個地方
[00:05:31.000 --> 00:05:35.000]  要在眾百姓面前納藥
[00:05:35.000 --> 00:05:37.000]  去宣讀律法書
[00:05:37.000 --> 00:05:42.000]  而約書亞就跟著上帝的話語
[00:05:42.000 --> 00:05:44.000]  在這裡獻祭
[00:05:44.000 --> 00:05:46.000]  提醒了我們兩件事
[00:05:46.000 --> 00:05:48.000]  在打仰仗之後
[00:05:48.000 --> 00:05:50.000]  最重要的是兩件事
[00:05:50.000 --> 00:05:52.000]  第一個是敬拜
[00:05:52.000 --> 00:05:55.000]  第二個是神的話語
[00:05:55.000 --> 00:05:58.000]  所以在這裡給我們看見
[00:05:58.000 --> 00:06:01.000]  人生最大的德性
[00:06:01.000 --> 00:06:05.000]  不是無休止地去攻佔下一個城池
[00:06:05.000 --> 00:06:07.000]  下一個陣地不斷地去打
[00:06:07.000 --> 00:06:10.000]  而關鍵的是在適當的時候
[00:06:10.000 --> 00:06:14.000]  會停下來回到神的面前
[00:06:14.000 --> 00:06:16.000]  在適當的時候我們要停下來
[00:06:16.000 --> 00:06:19.000]  回到神的面前
[00:06:19.000 --> 00:06:21.000]  在今天約書亞記第八章
[00:06:21.000 --> 00:06:23.000]  三十到三十五節
[00:06:23.000 --> 00:06:27.000]  讓我們看看究竟敬拜的本質是什麼呢?
[00:06:27.000 --> 00:06:32.000]  神的話語對以色列群體有多重要呢?
[00:06:32.000 --> 00:06:34.000]  剛才經文已經讀了
[00:06:34.000 --> 00:06:35.000]  我不再讀
[00:06:35.000 --> 00:06:37.000]  不過我們看回有幾句經文
[00:06:37.000 --> 00:06:39.000]  大家重點留意
[00:06:39.000 --> 00:06:41.000]  在第三十節說
[00:06:41.000 --> 00:06:45.000]  那時約書亞在以巴路山上為耶和華
[00:06:45.000 --> 00:06:48.000]  以色列的神族一座壇
[00:06:48.000 --> 00:06:54.000]  這個壇是耶和華的僕人摩西吩咐以色列人的
[00:06:54.000 --> 00:06:58.000]  是沒有動過鐵器的整塊石頭所築成的
[00:06:58.000 --> 00:07:01.000]  正如摩西律法書上所寫
[00:07:01.000 --> 00:07:08.000]  所以他們在這個壇上獻上繁祭和平安祭
[00:07:08.000 --> 00:07:09.000]  我們先進入經文
[00:07:09.000 --> 00:07:12.000]  我們再有一個祈禱
[00:07:12.000 --> 00:07:14.000]  香港天父我求你幫助我們
[00:07:14.000 --> 00:07:17.000]  預備我們的心去聆聽你的道
[00:07:17.000 --> 00:07:19.000]  聆聽你的話語
[00:07:19.000 --> 00:07:21.000]  打開我們屬靈的耳朵
[00:07:21.000 --> 00:07:24.000]  以致我們不僅能夠聽到你的話語
[00:07:24.000 --> 00:07:27.000]  更加能夠進入到我們的心裡
[00:07:27.000 --> 00:07:28.000]  打開我們的心
[00:07:28.000 --> 00:07:33.000]  以致我們的心能夠被你的話語完完全全的充滿
[00:07:33.000 --> 00:07:36.000]  更加願意做一個聽道而行道的人
[00:07:36.000 --> 00:07:38.000]  讓我們能夠去活出你的道
[00:07:38.000 --> 00:07:41.000]  能夠將你的道去實踐出來
[00:07:41.000 --> 00:07:44.000]  讓孩子成為你流通的管子
[00:07:44.000 --> 00:07:46.000]  以致我能夠去宣講你話語的時候
[00:07:46.000 --> 00:07:48.000]  也都有聖靈的同在
[00:07:48.000 --> 00:07:52.000]  無論在我和在台下的每一個電視節目裡
[00:07:52.000 --> 00:07:55.000]  以致我們被你的話語所充滿的時候
[00:07:55.000 --> 00:07:59.000]  我們就能夠活出成為一個屬你門徒的群體
[00:07:59.000 --> 00:08:00.000]  求主幫助我們
[00:08:00.000 --> 00:08:01.000]  帶領我們這一刻的時間
[00:08:01.000 --> 00:08:05.000]  禱告奉耶穌基督名求 阿門
[00:08:05.000 --> 00:08:10.000]  在這個經文裡提醒我們敬佛的本質
[00:08:10.000 --> 00:08:13.000]  當敵人包圍著以色列人的時候
[00:08:13.000 --> 00:08:16.000]  他們不是在一個堡壘去保護著自己
[00:08:16.000 --> 00:08:19.000]  而是在一個祭壇
[00:08:19.000 --> 00:08:22.000]  在軍事上這是不合時宜的
[00:08:22.000 --> 00:08:26.000]  但在屬靈的真諦上是最聰明和最優先的
[00:08:26.000 --> 00:08:31.000]  經文記載了約書亞在以巴盧沙捉這個祭壇
[00:08:31.000 --> 00:08:33.000]  先決條件是什麼呢?
[00:08:33.000 --> 00:08:34.000]  就是黃色的字
[00:08:34.000 --> 00:08:38.000]  沒有動過鐵器的整塊石頭所捉的
[00:08:38.000 --> 00:08:43.000]  什麼叫做沒有動過鐵器的整塊石頭呢?
[00:08:43.000 --> 00:08:48.000]  為什麼這塊石頭是沒有曾經雕琢過
[00:08:48.000 --> 00:08:50.000]  沒有作過的這塊石呢?
[00:08:50.000 --> 00:08:54.000]  因為從來沒有任何的雕琢在上面
[00:08:54.000 --> 00:09:00.000]  而這個經文原文的整塊是Shanam
[00:09:00.000 --> 00:09:04.000]  和我們很熟悉的Shalom很相似
[00:09:04.000 --> 00:09:06.000]  平安 有這樣的意思在裡面
[00:09:06.000 --> 00:09:08.000]  整塊石頭的意思就是說
[00:09:08.000 --> 00:09:13.000]  是一個完整、整全、未經人為處理的
[00:09:13.000 --> 00:09:16.000]  這個石頭是沒有雕琢過
[00:09:16.000 --> 00:09:20.000]  去過給其他偶像的敬拜的
[00:09:20.000 --> 00:09:26.000]  當中有一個很重要的敬拜的屬靈的心意
[00:09:26.000 --> 00:09:30.000]  神要我們的敬拜不是參雜了迦南人
[00:09:30.000 --> 00:09:33.000]  或者其他拜偶像形式的元素在裡面
[00:09:33.000 --> 00:09:37.000]  不要有一個華麗的雕刻的石壇在上面
[00:09:37.000 --> 00:09:39.000]  神看重的敬拜
[00:09:39.000 --> 00:09:42.000]  也不會參雜一些異教的色彩在裡面
[00:09:42.000 --> 00:09:45.000]  我們的敬拜的心就像這樣說
[00:09:45.000 --> 00:09:51.000]  必須是純潔的、真誠的、單一的、一心一意的
[00:09:51.000 --> 00:09:56.000]  這一刻我們就在參加崇拜
[00:09:56.000 --> 00:09:59.000]  所以讓我們這一刻摸一下我們的心
[00:09:59.000 --> 00:10:02.000]  靜下來反問一下自己
[00:10:02.000 --> 00:10:04.000]  為什麼我們今天要回來崇拜呢?
[00:10:04.000 --> 00:10:08.000]  是不是帶著一份單純的愛
[00:10:08.000 --> 00:10:11.000]  來到上帝的面前去敬拜祂呢?
[00:10:11.000 --> 00:10:14.000]  還是為了來陪家人
[00:10:14.000 --> 00:10:17.000]  或者是負上了一個宗教責任呢?
[00:10:17.000 --> 00:10:20.000]  這個問題我也在問自己
[00:10:20.000 --> 00:10:22.000]  我每個星期回來崇拜 為什麼呢?
[00:10:22.000 --> 00:10:24.000]  那當然沒辦法了 我是主任牧師嘛
[00:10:24.000 --> 00:10:27.000]  這也是一個好做的職責
[00:10:27.000 --> 00:10:29.000]  但我感恩的是
[00:10:29.000 --> 00:10:33.000]  在上年的時候
[00:10:33.000 --> 00:10:38.000]  我有三個月真的放下了一切的侍奉崗位
[00:10:38.000 --> 00:10:41.000]  再沒有什麼主任牧師、傳道牧者的職份
[00:10:41.000 --> 00:10:43.000]  但我仍然很渴望
[00:10:43.000 --> 00:10:48.000]  每個星期去到教會去敬拜我們的主
[00:10:48.000 --> 00:10:52.000]  仍然很渴望被上帝的愛吸引
[00:10:52.000 --> 00:10:55.000]  透過詩歌去讚美神的時候
[00:10:55.000 --> 00:10:59.000]  就是一份最開心、最平安的時間
[00:10:59.000 --> 00:11:02.000]  我也很需要被神的話語充滿在我的生命裡
[00:11:02.000 --> 00:11:06.000]  這就是我在那三個月
[00:11:06.000 --> 00:11:10.000]  反省為什麼自己還要去崇拜的一些得著
[00:11:10.000 --> 00:11:13.000]  領子妹 今天你回來教會
[00:11:13.000 --> 00:11:15.000]  是為了什麼而回來呢?
[00:11:15.000 --> 00:11:18.000]  讓我們真的好像經文提醒我們
[00:11:18.000 --> 00:11:21.000]  有一份平安的心
[00:11:21.000 --> 00:11:24.000]  純潔的心、真誠的心、單一的心
[00:11:24.000 --> 00:11:28.000]  來到主的面前
[00:11:28.000 --> 00:11:32.000]  當耶穌跟以色列人獻上祭壇的時候
[00:11:32.000 --> 00:11:36.000]  他們獻的是梵祭和平安祭
[00:11:36.000 --> 00:11:40.000]  梵祭提醒了我們是一個完全的獻上
[00:11:40.000 --> 00:11:43.000]  毫無保留地將整個祭物
[00:11:43.000 --> 00:11:46.000]  完完全全呈獻到上帝的面前
[00:11:46.000 --> 00:11:48.000]  意思就是說我們要將上帝
[00:11:48.000 --> 00:11:50.000]  放在我們生命的第一位
[00:11:50.000 --> 00:11:52.000]  祂是最重要的
[00:11:52.000 --> 00:11:55.000]  而平安祭就是一份感謝祭
[00:11:55.000 --> 00:11:57.000]  一份甘心樂意的獻祭
[00:11:57.000 --> 00:12:01.000]  獻祭者可以將他的獻祭肉
[00:12:01.000 --> 00:12:05.000]  和祭司和他的家人去分享
[00:12:05.000 --> 00:12:11.000]  也象徵著上帝願意和人分享祂的生命
[00:12:11.000 --> 00:12:14.000]  所以平安祭背後也有一個
[00:12:14.000 --> 00:12:17.000]  人與神、人與人之間
[00:12:17.000 --> 00:12:19.000]  一個美好的團契的關係
[00:12:19.000 --> 00:12:21.000]  以色列人就在祭壇當中
[00:12:21.000 --> 00:12:25.000]  向耶和華表示最深的一份謝意
[00:12:25.000 --> 00:12:28.000]  表明了他們願意在神當中
[00:12:28.000 --> 00:12:33.000]  建立一份生命相連的團契
[00:12:33.000 --> 00:12:37.000]  這也帶給我們一些屬靈的反省
[00:12:37.000 --> 00:12:39.000]  很多時候我們的心態
[00:12:39.000 --> 00:12:42.000]  有時候回教會會這樣想
[00:12:42.000 --> 00:12:45.000]  等我忙完才回來
[00:12:45.000 --> 00:12:48.000]  這個星期有很多事情要做
[00:12:48.000 --> 00:12:50.000]  又要加班
[00:12:50.000 --> 00:12:54.000]  又要溫習準備考試
[00:12:54.000 --> 00:12:59.000]  或者媽媽爸爸要陪兒子去溫習
[00:12:59.000 --> 00:13:04.000]  或者很多朋友要陪朋友去北上
[00:13:04.000 --> 00:13:06.000]  沒空回教會
[00:13:06.000 --> 00:13:10.000]  我們有很多藉口令我們回不了來崇拜
[00:13:10.000 --> 00:13:12.000]  但是你看看以色列人
[00:13:12.000 --> 00:13:14.000]  他們在這樣的情況下
[00:13:14.000 --> 00:13:17.000]  在一個乘勝追擊的黃金機會下
[00:13:17.000 --> 00:13:24.000]  他們選擇停下來要去敬拜
[00:13:24.000 --> 00:13:26.000]  不知道大家有沒有看過這部電影
[00:13:26.000 --> 00:13:28.000]  這部電影叫《烈火戰車》
[00:13:28.000 --> 00:13:31.000]  是幾十年前的電影
[00:13:31.000 --> 00:13:35.000]  裡面講一個真人真事改編
[00:13:35.000 --> 00:13:38.000]  講一個英國人叫李愛蕊
[00:13:38.000 --> 00:13:42.000]  她是一百米短跑的選手
[00:13:42.000 --> 00:13:50.000]  她很有機會可以問鼎奧運會的金牌
[00:13:50.000 --> 00:13:52.000]  由英國去到巴黎
[00:13:52.000 --> 00:13:55.000]  準備參加一百米短跑
[00:13:55.000 --> 00:13:57.000]  打算奪金的時候
[00:13:57.000 --> 00:14:06.000]  誰知道原來賽會宣佈比賽日是星期天
[00:14:06.000 --> 00:14:08.000]  如果你是她會怎樣呢
[00:14:08.000 --> 00:14:12.000]  星期天當然要回教會去崇拜
[00:14:12.000 --> 00:14:14.000]  當然是拿金牌比較重要
[00:14:14.000 --> 00:14:17.000]  你猜她會怎樣抉擇呢
[00:14:17.000 --> 00:14:20.000]  最後她做了一個驚人的決定
[00:14:20.000 --> 00:14:22.000]  她宣佈放棄參賽
[00:14:22.000 --> 00:14:26.000]  她不會選在主日去參加比賽
[00:14:26.000 --> 00:14:31.000]  這個決定不單止令到她整個團隊震驚
[00:14:31.000 --> 00:14:35.000]  連英國國王都震驚
[00:14:35.000 --> 00:14:38.000]  她做了一個最不合時的決定
[00:14:38.000 --> 00:14:43.000]  她用了很多年鍛鍊自己去參加比賽
[00:14:43.000 --> 00:14:48.000]  但她在這一刻為了敬拜神
[00:14:48.000 --> 00:14:49.000]  為了尊崇神
[00:14:49.000 --> 00:14:53.000]  她願意放下在世人眼中最重要的事
[00:14:53.000 --> 00:14:56.000]  最光榮的東西
[00:14:56.000 --> 00:14:58.000]  但上帝是很奇妙的
[00:14:58.000 --> 00:15:01.000]  後來她沒有參加一百米短跑
[00:15:01.000 --> 00:15:06.000]  就跑了一個最不擅長的四百米長跑
[00:15:06.000 --> 00:15:09.000]  誰知道一樣被她拿了冠軍
[00:15:09.000 --> 00:15:11.000]  還要破了世界紀錄
[00:15:11.000 --> 00:15:16.000]  這就是上帝在另一方面去報答她
[00:15:16.000 --> 00:15:18.000]  約書亞和以色列人都是這樣
[00:15:18.000 --> 00:15:20.000]  他們打勝仗的時候
[00:15:20.000 --> 00:15:23.000]  停下來去祝談
[00:15:23.000 --> 00:15:26.000]  在軍事上看來是不合時宜的
[00:15:26.000 --> 00:15:27.000]  就像李愛蕊一樣
[00:15:27.000 --> 00:15:29.000]  但為了敬拜神
[00:15:29.000 --> 00:15:34.000]  他們願意放下眼前的戰略優勢
[00:15:34.000 --> 00:15:38.000]  也放下了世上捍衛的一個效率的時候
[00:15:38.000 --> 00:15:41.000]  當我們來到上帝的面前
[00:15:41.000 --> 00:15:42.000]  我們要敬拜
[00:15:42.000 --> 00:15:52.000]  有沒有像剛才所說的一份真誠、單一、整全的獻上呢?
[00:15:52.000 --> 00:15:59.000]  我們在敬拜有沒有參雜著一些其他的拜偶像
[00:15:59.000 --> 00:16:02.000]  或者一些功利的思想呢?
[00:16:02.000 --> 00:16:05.000]  我們來到教會崇拜上帝
[00:16:05.000 --> 00:16:08.000]  是不是希望上帝給我們一些好處呢?
[00:16:08.000 --> 00:16:10.000]  好像拜黃大仙那樣
[00:16:10.000 --> 00:16:14.000]  拜完上帝我們就有些好處了
[00:16:14.000 --> 00:16:18.000]  是不是有一種交互的心態來敬拜呢?
[00:16:18.000 --> 00:16:20.000]  在我們的敬拜當中
[00:16:20.000 --> 00:16:22.000]  其實不單單是一個單向的敬拜
[00:16:22.000 --> 00:16:23.000]  而是一個雙向的
[00:16:23.000 --> 00:16:25.000]  好像平安祭一樣
[00:16:25.000 --> 00:16:28.000]  上帝很渴望我們在敬拜裡面的時候
[00:16:28.000 --> 00:16:30.000]  和我們一起團契
[00:16:30.000 --> 00:16:34.000]  所以敬拜其實是一個群體的敬拜
[00:16:34.000 --> 00:16:37.000]  不單單是一個個人的敬拜
[00:16:37.000 --> 00:16:42.000]  是一個群體獻上平安祭到主的面前
[00:16:42.000 --> 00:16:45.000]  所以單單看著手機敬拜是不行的
[00:16:45.000 --> 00:16:49.000]  而是需要來到現場親臨到主的面前
[00:16:49.000 --> 00:16:52.000]  和弟兄姐妹一起去經歷上帝的愛
[00:16:52.000 --> 00:16:57.000]  上帝的福臨在我們當中的時刻
[00:16:57.000 --> 00:17:01.000]  我曾經聽過一位弟兄的經歷
[00:17:01.000 --> 00:17:06.000]  他在職場上都同樣面對過很多的艱難
[00:17:06.000 --> 00:17:11.000]  家裡又面對著一些生離死別的事故
[00:17:11.000 --> 00:17:17.000]  他當時的心境就像艾成之戰一樣兵荒馬亂
[00:17:17.000 --> 00:17:20.000]  很多人勸他不如星期天也休息一下
[00:17:20.000 --> 00:17:23.000]  如果不是的話就去加班吧
[00:17:23.000 --> 00:17:30.000]  但是他星期天仍然選擇要去崇拜敬拜神
[00:17:30.000 --> 00:17:34.000]  準時回來教會還要參加實體的崇拜
[00:17:34.000 --> 00:17:40.000]  他說如果連那兩個小時都不能這樣交給上帝
[00:17:40.000 --> 00:17:47.000]  我還憑什麼去處理我公司和家裡的難題呢?
[00:17:47.000 --> 00:17:52.000]  當他願意每個星期回來崇拜獻上繁祭
[00:17:52.000 --> 00:17:55.000]  完全將神擺在第一位的時候
[00:17:55.000 --> 00:18:00.000]  反而上帝給他平安去面對生命的挑戰
[00:18:00.000 --> 00:18:05.000]  而且崇拜之後更加有弟兄姐妹為他守望、為他祈禱
[00:18:05.000 --> 00:18:08.000]  所以在這個段落提醒我們
[00:18:08.000 --> 00:18:13.000]  真正的敬拜不是等到打完仗之後才去慶功宴
[00:18:13.000 --> 00:18:15.000]  而是在兵荒馬亂的時候
[00:18:15.000 --> 00:18:22.000]  我們要堅持將神放在第一位的祭壇上
[00:18:22.000 --> 00:18:25.000]  來到上帝面前的敬拜主
[00:18:25.000 --> 00:18:27.000]  是不是你最堅持的事呢?
[00:18:27.000 --> 00:18:31.000]  讓大家有一個時候去靜一靜去想一想
[00:18:31.000 --> 00:18:43.000]  我們進入第二個段落
[00:18:43.000 --> 00:18:47.000]  我再邀請大家再讀一次這段經文
[00:18:47.000 --> 00:18:51.000]  在32節至35節我們慢慢一起讀
[00:18:51.000 --> 00:18:53.000]  1、2、3
[00:18:53.000 --> 00:18:58.000]  約書亞在那裡 當著以色列人面前
[00:18:58.000 --> 00:19:04.000]  將摩西所寫的律法 抄寫在石頭上
[00:19:04.000 --> 00:19:09.000]  以色列眾人 無論是本地人或寄居的
[00:19:09.000 --> 00:19:13.000]  都和他們的長老、官長和審判官
[00:19:13.000 --> 00:19:16.000]  站在約會兩旁
[00:19:16.000 --> 00:19:22.000]  在台耶和華約會的利美加的祭司面前
[00:19:22.000 --> 00:19:25.000]  一邊對著基里森三
[00:19:25.000 --> 00:19:28.000]  一半對著以巴盧三
[00:19:28.000 --> 00:19:33.000]  照耶和華的僕人摩西先前所吩咐的
[00:19:33.000 --> 00:19:38.000]  為以色列百姓祝福
[00:19:38.000 --> 00:19:44.000]  隨後 約書亞將律法上祝福和奏助的話
[00:19:44.000 --> 00:19:49.000]  照著律法書上一切所寫的 宣讀一篇
[00:19:49.000 --> 00:19:52.000]  摩西所吩咐的一切話
[00:19:52.000 --> 00:19:57.000]  約書亞在以色列全會眾和婦女孩童
[00:19:57.000 --> 00:20:01.000]  以及住在他們中間的外人面前
[00:20:01.000 --> 00:20:05.000]  沒有一句不宣讀的
[00:20:05.000 --> 00:20:11.000]  約書亞在贏了兩場仗之後
[00:20:11.000 --> 00:20:15.000]  宣佈要停下來休止腐敗的目的
[00:20:15.000 --> 00:20:17.000]  就是為了神的話
[00:20:17.000 --> 00:20:21.000]  他做了一件非常浪費時間的事
[00:20:21.000 --> 00:20:27.000]  就是在眾人面前去抄寫律法書
[00:20:27.000 --> 00:20:29.000]  抄在哪裡呢?
[00:20:29.000 --> 00:20:32.000]  抄在石頭上 可想而知要多長時間呢?
[00:20:32.000 --> 00:20:37.000]  我相信不會抄完整個摩西律法五卷書那麼誇張
[00:20:37.000 --> 00:20:40.000]  你想想當時是沒有印刷術的
[00:20:40.000 --> 00:20:42.000]  更加不會有手機
[00:20:42.000 --> 00:20:49.000]  如何能夠將上帝的話語 神的真理 能夠持久地傳頌給後世呢?
[00:20:49.000 --> 00:20:53.000]  唯有將它刻在石頭上
[00:20:53.000 --> 00:20:58.000]  當然我這個石碑不是當時的那些
[00:20:58.000 --> 00:21:02.000]  我是隨便在網上看到一些很大的石頭
[00:21:02.000 --> 00:21:06.000]  刻了一些文字的 就拿一幅圖給大家去印象
[00:21:06.000 --> 00:21:10.000]  其實有時候你慢慢去抄寫聖經
[00:21:10.000 --> 00:21:14.000]  都能夠將神的話語更加進入到你的心裡
[00:21:14.000 --> 00:21:17.000]  這個方式就是一個公開的展示
[00:21:17.000 --> 00:21:21.000]  就是要將神的話語讓眾以色列人都能夠看見
[00:21:21.000 --> 00:21:27.000]  使後世的人都能夠看到 讀到神的話語的方法
[00:21:27.000 --> 00:21:30.000]  當時他們站的位置就是在
[00:21:30.000 --> 00:21:36.000]  基尼森山和以巴盧山之間的事件的地方
[00:21:36.000 --> 00:21:40.000]  而約櫃就正正是在中間
[00:21:40.000 --> 00:21:44.000]  這個就是一個象徵的擺法
[00:21:44.000 --> 00:21:49.000]  現場就會更加細緻和大很多
[00:21:49.000 --> 00:21:55.000]  約櫃在眾民的中間就代表上帝願意與以色列民同在
[00:21:55.000 --> 00:21:59.000]  而兩旁就是一群祭司和利尾人
[00:21:59.000 --> 00:22:01.000]  負責去扶約櫃的
[00:22:01.000 --> 00:22:04.000]  原來這些字很小 不好意思
[00:22:04.000 --> 00:22:07.000]  中間就是約櫃 兩旁就是利尾祭司
[00:22:07.000 --> 00:22:09.000]  在旁邊你會看到經文
[00:22:09.000 --> 00:22:17.000]  就是審判官、長老、官長圍著紫色的格子
[00:22:17.000 --> 00:22:24.000]  其實大部份的以色列民分了一半
[00:22:24.000 --> 00:22:29.000]  一半靠近在基尼森山那邊對著以巴盧山
[00:22:29.000 --> 00:22:33.000]  一邊就靠近以巴盧山對著基尼森山
[00:22:33.000 --> 00:22:39.000]  而當中你會看到是以色列民加上寄居的群體
[00:22:39.000 --> 00:22:43.000]  就是願意跟隨上帝的人
[00:22:43.000 --> 00:22:46.000]  都一起在這個群體裡分了一半
[00:22:46.000 --> 00:22:48.000]  他們在這裡做什麼呢?
[00:22:48.000 --> 00:22:52.000]  就是大家彼此去宣讀律法書
[00:22:52.000 --> 00:22:56.000]  一邊宣讀律法關於祝福的說話
[00:22:56.000 --> 00:22:59.000]  一邊宣讀律法裡關於咒詛的說話
[00:22:59.000 --> 00:23:04.000]  所以以巴盧山你會看到拒絕咒詛 基尼森山拒絕祝福
[00:23:04.000 --> 00:23:08.000]  這個其實都是在生命的二十七、二十八章的時候
[00:23:08.000 --> 00:23:11.000]  摩西一早已經在應許之地之前
[00:23:11.000 --> 00:23:14.000]  吩咐了以色列要這麼做
[00:23:14.000 --> 00:23:16.000]  約書亞就跟著這麼做
[00:23:16.000 --> 00:23:23.000]  所以你看到這一場是一個盛大的講道會、陪靈會
[00:23:23.000 --> 00:23:29.000]  也是眾民集合來納約見證神話語
[00:23:29.000 --> 00:23:32.000]  他們願意遵行上帝話語的一個時刻
[00:23:32.000 --> 00:23:35.000]  一個很重要的群體的敬拜
[00:23:35.000 --> 00:23:37.000]  一起集體的納約
[00:23:37.000 --> 00:23:40.000]  願意一起宣讀神的話語
[00:23:40.000 --> 00:23:42.000]  並且願意走出來
[00:23:42.000 --> 00:23:46.000]  而在第三十五節裡有一個很重要的關鍵描述
[00:23:46.000 --> 00:23:48.000]  摩西所吩咐的一切
[00:23:48.000 --> 00:23:54.000]  約書亞在以色列全會眾和婦女、孩童
[00:23:54.000 --> 00:23:57.000]  以及住在他們中間的外人面前
[00:23:57.000 --> 00:24:01.000]  會有一句「不宣讀的」
[00:24:01.000 --> 00:24:05.000]  這個就是我們教會今年所說的
[00:24:05.000 --> 00:24:08.000]  「跨代傳承」的意思
[00:24:08.000 --> 00:24:14.000]  約書亞並沒有將那些婦女或小孩留在一個安全的地方
[00:24:14.000 --> 00:24:20.000]  而是同樣帶著所有人到事件的地方裡
[00:24:20.000 --> 00:24:28.000]  一起去參與上帝宣讀神話語的時候的一個奮卿會
[00:24:28.000 --> 00:24:32.000]  這群小孩連同大人一起
[00:24:32.000 --> 00:24:37.000]  在兩個祝福和奏坐之間的這兩座山裡
[00:24:37.000 --> 00:24:40.000]  他們看到上帝話語的真實
[00:24:40.000 --> 00:24:45.000]  整個群體去宣讀律法書那份尊崇和信服
[00:24:45.000 --> 00:24:52.000]  也建立了一個屬靈的威嚴、權柄最佳的時刻
[00:24:52.000 --> 00:24:55.000]  在這個時代可能我們有時候會聽到
[00:24:55.000 --> 00:24:58.000]  特別我記得在我年輕的時候
[00:24:58.000 --> 00:25:02.000]  剛剛初信還是年輕人的時候
[00:25:02.000 --> 00:25:05.000]  我經常說信耶穌也很麻煩的
[00:25:05.000 --> 00:25:06.000]  很多規矩的
[00:25:06.000 --> 00:25:11.000]  聖經裡面又說不准這樣 不准那樣 很煩啊
[00:25:11.000 --> 00:25:15.000]  為什麼有些人會這樣去看聖經呢?
[00:25:15.000 --> 00:25:21.000]  可能我們會將舊約的條文讀進去
[00:25:21.000 --> 00:25:24.000]  以為我們要遵守神的話語就是這樣
[00:25:24.000 --> 00:25:27.000]  在心態上會有一些不正確
[00:25:27.000 --> 00:25:30.000]  舊約的以色列人為什麼要守律法呢?
[00:25:30.000 --> 00:25:34.000]  因為背後帶著一份畏懼的心
[00:25:34.000 --> 00:25:39.000]  他們聽到在以巴盧山宣佈就坐的說話
[00:25:39.000 --> 00:25:42.000]  他們很害怕如果自己犯罪、得罪神的話
[00:25:42.000 --> 00:25:46.000]  他們就會受到嚴厲上帝的懲罰
[00:25:46.000 --> 00:25:47.000]  但是今時今日
[00:25:47.000 --> 00:25:53.000]  我們是一群蒙耶穌基督拯救新約的門徒
[00:25:53.000 --> 00:25:58.000]  我們遵守神的話語和舊約的人是完全不同心態
[00:25:58.000 --> 00:26:02.000]  我們不是因為懼怕而信服
[00:26:02.000 --> 00:26:07.000]  是因為我們已經有耶穌基督的永生和救恩在我們生命裏
[00:26:07.000 --> 00:26:11.000]  就像約翰一書五章三節說
[00:26:11.000 --> 00:26:15.000]  我們遵守神的命令 這就是愛他了
[00:26:15.000 --> 00:26:19.000]  而且他的命令並不是難守的
[00:26:19.000 --> 00:26:23.000]  我再讀一次 約翰一書五章三節清楚地說
[00:26:23.000 --> 00:26:27.000]  我們遵守神的命令 這就是愛他了
[00:26:27.000 --> 00:26:30.000]  而且他的命令並不是難守的
[00:26:30.000 --> 00:26:33.000]  意思就是我們作為一個新約的門徒
[00:26:33.000 --> 00:26:37.000]  我們以蒙耶穌基督拯救的每一個神的兒女
[00:26:37.000 --> 00:26:41.000]  我們遵守神的話語 不是害怕懲罰
[00:26:41.000 --> 00:26:45.000]  而是因為愛 我們願意愛耶穌
[00:26:45.000 --> 00:26:47.000]  我們願意遵守他的命令
[00:26:47.000 --> 00:26:49.000]  去表達我們對上帝的愛
[00:26:49.000 --> 00:26:56.000]  而且他的話語並不難遵守
[00:26:56.000 --> 00:26:59.000]  當我們經歷了耶穌基督在十誡上的拯救
[00:26:59.000 --> 00:27:01.000]  我們知道聖經的教導
[00:27:01.000 --> 00:27:05.000]  全部都是為了我們的生命帶來益處而寫的
[00:27:05.000 --> 00:27:07.000]  我們就能夠甘心樂意
[00:27:07.000 --> 00:27:10.000]  而且帶著一份自由和喜樂
[00:27:10.000 --> 00:27:12.000]  去信服在他的話語當中
[00:27:12.000 --> 00:27:18.000]  我們不是靠守規矩來換取上天堂的門票
[00:27:18.000 --> 00:27:21.000]  而是因為我們已經蒙了上帝的赦免
[00:27:21.000 --> 00:27:25.000]  我們能夠活出一份真理來回應神的愛
[00:27:25.000 --> 00:27:32.000]  所以這個約書亞憲制其實有一個預表在裏面
[00:27:32.000 --> 00:27:36.000]  如果你留意經文 我不回到前面的經文
[00:27:36.000 --> 00:27:42.000]  其實約書亞建的祭壇是建在哪一邊山上呢?
[00:27:42.000 --> 00:27:46.000]  他是建在以巴盧山那邊
[00:27:46.000 --> 00:27:50.000]  以巴盧山背後象徵著咒座
[00:27:50.000 --> 00:27:57.000]  這個祭壇是站在咒座那邊的 又是什麼意思呢?
[00:27:57.000 --> 00:27:59.000]  這個意思就是說
[00:27:59.000 --> 00:28:06.000]  上帝早已知道人是不能夠完全地去行律法
[00:28:06.000 --> 00:28:11.000]  我們不能夠完全遵守上帝在律法裏所寫的一切
[00:28:11.000 --> 00:28:16.000]  我們必然會面對犯罪而被咒座
[00:28:16.000 --> 00:28:19.000]  所以上帝已經預告了
[00:28:19.000 --> 00:28:25.000]  要猜耶穌基督在十架上高獻上的生命
[00:28:25.000 --> 00:28:27.000]  就好像祭壇一樣
[00:28:27.000 --> 00:28:36.000]  去代我們去面對咒座 面對審判 面對上帝的刑罰
[00:28:36.000 --> 00:28:43.000]  而耶穌基督就是在祭壇上高代替我們承擔了罪債
[00:28:43.000 --> 00:28:49.000]  以致我們耶穌基督得著這個救恩的時候
[00:28:49.000 --> 00:28:51.000]  我們回到上帝的話語
[00:28:51.000 --> 00:28:57.000]  我們看到的不是寫滿著我們犯罪的罪狀
[00:28:57.000 --> 00:29:03.000]  而是寫滿著上帝的慈愛 上帝的恩典
[00:29:03.000 --> 00:29:06.000]  我還記得我在很多年前的一個浸禮裏面
[00:29:06.000 --> 00:29:09.000]  我聽到一個弟兄講見證
[00:29:09.000 --> 00:29:13.000]  他也是一個過來人 他也曾經吸毒 曾經有犯罪
[00:29:13.000 --> 00:29:17.000]  被判入了戒毒村去戒毒
[00:29:17.000 --> 00:29:20.000]  在他受浸的見證裏面
[00:29:20.000 --> 00:29:23.000]  他形容這個戒毒村的查經小組
[00:29:23.000 --> 00:29:25.000]  反轉了他的生命
[00:29:25.000 --> 00:29:28.000]  他剛剛來的時候要讀很多聖經
[00:29:28.000 --> 00:29:30.000]  他很抗拒
[00:29:30.000 --> 00:29:35.000]  他覺得基督教就好像一套束縛著人道德的枷鎖
[00:29:35.000 --> 00:29:39.000]  但當他慢慢在營會裏面讀聖經
[00:29:39.000 --> 00:29:44.000]  他經歷了耶穌基督無條件的愛和赦免的時候
[00:29:44.000 --> 00:29:48.000]  他流淚悔改順主
[00:29:48.000 --> 00:29:51.000]  當他再看回聖經的時候
[00:29:51.000 --> 00:29:55.000]  他看見神的話語充滿著愛
[00:29:55.000 --> 00:29:58.000]  和充滿著一份祝福
[00:29:58.000 --> 00:30:02.000]  以致他願意繼續學習神的話
[00:30:02.000 --> 00:30:04.000]  繼續願意侍奉主
[00:30:04.000 --> 00:30:11.000]  他告訴我們以前他害怕的是犯規、犯罪、得罪神
[00:30:11.000 --> 00:30:14.000]  現在他害怕的是他做錯了事
[00:30:14.000 --> 00:30:16.000]  令到天父不開心
[00:30:16.000 --> 00:30:18.000]  得罪了天父
[00:30:18.000 --> 00:30:21.000]  這就是他的心態不同了
[00:30:21.000 --> 00:30:23.000]  所以這裏也提醒了我們
[00:30:23.000 --> 00:30:27.000]  舊約的信服是因為懼怕咒助
[00:30:27.000 --> 00:30:30.000]  而新約的信服就是因為我們經歷了
[00:30:30.000 --> 00:30:33.000]  基督祭壇上的愛和赦免
[00:30:33.000 --> 00:30:38.000]  我們甘心樂意地活出這份真理
[00:30:38.000 --> 00:30:40.000]  求主幫助我們
[00:30:40.000 --> 00:30:48.000]  今天我們在這裏當中有很多弟兄姊妹
[00:30:48.000 --> 00:30:51.000]  有些信了主好幾十年
[00:30:51.000 --> 00:30:54.000]  有些可能信了主十多年
[00:30:54.000 --> 00:30:56.000]  也有些是剛剛這幾年
[00:30:56.000 --> 00:31:01.000]  信主歸入柴鎮家
[00:31:01.000 --> 00:31:06.000]  但我們每一個今天都要去學習這群以色列民一樣
[00:31:06.000 --> 00:31:09.000]  我們可能在人生裏面打過很多場仗
[00:31:09.000 --> 00:31:11.000]  贏了之後怎樣呢?
[00:31:11.000 --> 00:31:16.000]  我們需要每個星期回來教會
[00:31:16.000 --> 00:31:20.000]  繼續讀神的話語去敬拜祂
[00:31:20.000 --> 00:31:22.000]  我們藉著神的話語
[00:31:22.000 --> 00:31:24.000]  我們彼此互相提醒
[00:31:24.000 --> 00:31:28.000]  我們帶著一份堅定的心去敬拜這位上帝
[00:31:28.000 --> 00:31:30.000]  獻上我們繁祭和平安祭
[00:31:30.000 --> 00:31:36.000]  今天也讓我們在這個群體當中
[00:31:36.000 --> 00:31:38.000]  我們不單單做了為自己
[00:31:38.000 --> 00:31:40.000]  而我們要為著我們
[00:31:40.000 --> 00:31:43.000]  將神的話語傳承給我們的下一代
[00:31:43.000 --> 00:31:47.000]  無論是剛剛信主的或者是年輕的
[00:31:47.000 --> 00:31:49.000]  我們都要好像以色列人一樣
[00:31:49.000 --> 00:31:51.000]  願意去遵行神的話語
[00:31:51.000 --> 00:31:54.000]  將上帝的話語走出來的時候
[00:31:54.000 --> 00:31:56.000]  就讓我們身邊的人看見
[00:31:56.000 --> 00:31:59.000]  我們怎樣讓神的話語活出來
[00:32:00.000 --> 00:32:02.000]  而在我們一手的主餐
[00:32:02.000 --> 00:32:04.000]  亦提醒我們
[00:32:04.000 --> 00:32:07.000]  這個主餐是一個平安祭
[00:32:07.000 --> 00:32:11.000]  當我們在繁忙的生活裏面
[00:32:11.000 --> 00:32:15.000]  能夠去到主的面前去領受主餐
[00:32:15.000 --> 00:32:19.000]  就代表著我們在神面前的一份感恩
[00:32:19.000 --> 00:32:24.000]  和去領受上帝給我們的一份應許和福樂
[00:32:24.000 --> 00:32:26.000]  亦是一份愛的團契
[00:32:26.000 --> 00:32:31.000]  最後我給三個提醒我們大家
[00:32:31.000 --> 00:32:38.000]  當你在繁忙的工作和學業、家庭的時候
[00:32:38.000 --> 00:32:41.000]  你願不願意停下來
[00:32:41.000 --> 00:32:45.000]  去到上帝面前去敬拜祂呢?
[00:32:45.000 --> 00:32:50.000]  有什麼會阻攔你回來教會去敬拜祂呢?
[00:32:50.000 --> 00:32:55.000]  當我們去敬拜的心態當中反省的時候
[00:32:55.000 --> 00:33:01.000]  我們會不會有一個神的心態
[00:33:01.000 --> 00:33:05.000]  就是一個人單純單一的心
[00:33:05.000 --> 00:33:08.000]  將最真的愛去到主的面前
[00:33:08.000 --> 00:33:10.000]  而不是帶著一份履行責任
[00:33:10.000 --> 00:33:14.000]  或者是交換利益的心態去敬拜主呢?
[00:33:14.000 --> 00:33:17.000]  我們去進行神的話語的時候
[00:33:17.000 --> 00:33:21.000]  是怕受懲罰還是怕天賦傷心呢?
[00:33:21.000 --> 00:33:25.000]  你對神話語的信服和經歷有沒有這樣的轉變呢?
[00:33:25.000 --> 00:33:29.000]  我們怎樣才能夠甘心樂意去活出真理
[00:33:29.000 --> 00:33:34.000]  並且將這份信服傳承給我們教會的年輕人
[00:33:34.000 --> 00:33:36.000]  和初信的朋友呢?
[00:33:36.000 --> 00:33:39.000]  讓我們一起同心圖告
[00:33:39.000 --> 00:33:42.000]  七個天賦我求主你幫助我們
[00:33:42.000 --> 00:33:45.000]  讓我們願意回到主你的話語當中
[00:33:45.000 --> 00:33:48.000]  讓我們在今天的敬拜裡面
[00:33:48.000 --> 00:33:52.000]  求你的靈再次充滿在我們每個人的內心裡
[00:33:52.000 --> 00:33:54.000]  我們先好好反省自己
[00:33:54.000 --> 00:33:57.000]  回來教會崇拜的心
[00:33:57.000 --> 00:34:02.000]  是不是一份單純願意愛主的心來到你的面前
[00:34:02.000 --> 00:34:06.000]  還是一份習慣或者一份責任
[00:34:06.000 --> 00:34:08.000]  求主幫助我們
[00:34:08.000 --> 00:34:13.000]  能夠像一塊整塊的石壇一樣
[00:34:13.000 --> 00:34:16.000]  我們就要將自己毫無保留的獻上
[00:34:16.000 --> 00:34:20.000]  更加珍惜和頂智會一起敬拜的時候
[00:34:20.000 --> 00:34:23.000]  以至像一份平安祭
[00:34:23.000 --> 00:34:28.000]  我們分享上帝的恩典和一起去感恩
[00:34:28.000 --> 00:34:32.000]  願意我們在主餐禮裡面繼續經歷上帝的愛
[00:34:32.000 --> 00:34:36.000]  願意我們在上帝的話語裡面繼續去學習
[00:34:36.000 --> 00:34:39.000]  我們不單要見證神話語的真實
[00:34:39.000 --> 00:34:45.000]  我們更加願意帶著一份愛神的心去信服你的話語
[00:34:45.000 --> 00:34:48.000]  以至我們知道你的話語裡面帶給我們的
[00:34:48.000 --> 00:34:50.000]  就是生命的祝福和生命的益處
[00:34:50.000 --> 00:34:52.000]  求主幫助我們
[00:34:52.000 --> 00:34:53.000]  多謝你聽我們禱告
[00:34:53.000 --> 00:34:54.000]  奉耶穌基督命求
[00:34:54.000 --> 00:34:55.000]  阿們
