
[00:00:00.000 --> 00:00:03.080]  今天跟大家去思考一個題目
[00:00:03.080 --> 00:00:05.480]  我們需要生命麵包
[00:00:05.480 --> 00:00:08.880]  首先我們都問一個問題
[00:00:08.880 --> 00:00:16.320]  就是如果要你講出一輛你年輕的時候
[00:00:16.320 --> 00:00:18.480]  所喜愛、所懷念的食物
[00:00:18.480 --> 00:00:19.720]  你會想起什麼呢?
[00:00:19.720 --> 00:00:22.560]  雞尾包
[00:00:22.560 --> 00:00:24.800]  不過這裡也有得賣的
[00:00:24.800 --> 00:00:26.480]  多麼感恩
[00:00:26.480 --> 00:00:28.000]  不知道想起什麼食物
[00:00:28.000 --> 00:00:30.280]  每個人的童年都會不一樣
[00:00:30.280 --> 00:00:32.920]  但總是有些你特別喜歡的食物
[00:00:32.920 --> 00:00:37.760]  最近我們迦納團仍然有很多不同的食物
[00:00:37.760 --> 00:00:39.960]  大家會帶回來
[00:00:39.960 --> 00:00:44.600]  其中一樣美心就帶了這一樣回來
[00:00:44.600 --> 00:00:45.960]  這是什麼?
[00:00:45.960 --> 00:00:47.960]  豬腸粉
[00:00:47.960 --> 00:00:49.960]  對於我們在美國生活的人來說
[00:00:49.960 --> 00:00:52.400]  豬腸粉是極度令人懷念的東西
[00:00:52.400 --> 00:00:58.360]  因為我暫時在街上沒有看到直接賣豬腸粉
[00:00:58.360 --> 00:01:03.120]  所以一做了這碟豬腸粉
[00:01:03.120 --> 00:01:04.760]  想起那碟一條條
[00:01:04.760 --> 00:01:06.400]  剪剪剪剪剪
[00:01:06.400 --> 00:01:07.600]  接著加些醬汁
[00:01:07.600 --> 00:01:09.120]  加些甜醬
[00:01:09.120 --> 00:01:10.440]  麻醬
[00:01:10.440 --> 00:01:11.440]  醬油
[00:01:11.440 --> 00:01:14.200]  最重要是要加芝麻
[00:01:14.200 --> 00:01:15.640]  Annie就懂了
[00:01:15.640 --> 00:01:16.920]  要加芝麻
[00:01:16.920 --> 00:01:19.480]  整件事是一件美事
[00:01:19.480 --> 00:01:20.760]  一件很吸引的食物
[00:01:20.760 --> 00:01:23.920]  又有另一位姊妹做了另一樣
[00:01:23.920 --> 00:01:26.240]  我們想起童年的時候
[00:01:26.240 --> 00:01:28.240]  可能都會想起的食物是什麼呢?
[00:01:28.240 --> 00:01:29.440]  這是什麼?
[00:01:29.440 --> 00:01:31.440]  麥芽梳打餅
[00:01:31.440 --> 00:01:33.680]  很簡單
[00:01:33.680 --> 00:01:35.760]  兩塊梳打餅其實都不需要什麼
[00:01:35.760 --> 00:01:38.240]  不過中間夾著麥芽糖
[00:01:38.240 --> 00:01:40.960]  你有沒有想起童年的回憶
[00:01:40.960 --> 00:01:42.440]  中間還有一支竹籤
[00:01:42.440 --> 00:01:46.160]  拿著竹籤吃著麥芽餅
[00:01:46.160 --> 00:01:49.160]  那份情懷就出來了
[00:01:49.160 --> 00:01:52.720]  事實上還有一個
[00:01:52.720 --> 00:01:54.840]  我們童年都會想起的食物
[00:01:54.840 --> 00:01:56.240]  這個大家一定認得
[00:01:56.240 --> 00:02:00.680]  就是一個藍白色格子的麵包
[00:02:00.680 --> 00:02:04.400]  這個就是來自加頓的生命麵包
[00:02:04.400 --> 00:02:06.800]  你想起小時候
[00:02:06.800 --> 00:02:08.560]  無論颱風的季節
[00:02:08.560 --> 00:02:09.760]  颱風要儲糧食
[00:02:09.760 --> 00:02:12.880]  或者早上我們小時候上學吃早餐
[00:02:12.880 --> 00:02:17.200]  其實很多時候家裡都會買這個生命麵包
[00:02:17.200 --> 00:02:19.040]  我還記得我小時候
[00:02:19.040 --> 00:02:23.720]  吃生命麵包最喜歡吃底和表面的那塊
[00:02:23.720 --> 00:02:24.720]  不同的
[00:02:24.720 --> 00:02:28.240]  底和表面那塊是有個邊位
[00:02:28.240 --> 00:02:29.400]  那塊特別好吃
[00:02:29.400 --> 00:02:32.680]  拿來塗點花生醬、煉奶
[00:02:32.680 --> 00:02:34.000]  一流
[00:02:34.000 --> 00:02:36.840]  生命麵包之所以成為生命麵包
[00:02:36.840 --> 00:02:37.840]  成為我們的回憶
[00:02:37.840 --> 00:02:39.240]  當然就是好吃
[00:02:39.240 --> 00:02:41.120]  第二就是便宜
[00:02:41.120 --> 00:02:42.560]  原來更加重要就是
[00:02:42.560 --> 00:02:44.480]  生命麵包這個名字
[00:02:44.480 --> 00:02:46.680]  原來聽說有個原因
[00:02:46.680 --> 00:02:51.800]  原來在60年代香港經濟不是那麼好的時候
[00:02:51.800 --> 00:02:54.040]  營養普遍都不足
[00:02:54.040 --> 00:02:58.680]  所以加頓廠方希望增加一些維生素
[00:02:58.680 --> 00:02:59.840]  一些維他命
[00:02:59.840 --> 00:03:02.920]  來增加食物的營養
[00:03:02.920 --> 00:03:05.520]  所以維持生命的糧食
[00:03:05.520 --> 00:03:07.640]  就成為了這個麵包的特質
[00:03:07.640 --> 00:03:11.520]  所以無論是藍色、淺藍色、綠色的包裝
[00:03:11.520 --> 00:03:13.440]  都是一個這樣的麵包
[00:03:13.440 --> 00:03:17.040]  我告訴你吃了之後就好像健康些
[00:03:17.040 --> 00:03:18.160]  營養多些
[00:03:18.160 --> 00:03:20.040]  能量又多些
[00:03:20.040 --> 00:03:22.400]  小時候吃這個麵包
[00:03:22.400 --> 00:03:26.360]  但這個麵包吃完很快就肚餓了
[00:03:26.360 --> 00:03:28.400]  因為真的很薄很小塊
[00:03:28.400 --> 00:03:31.320]  但我們生命裏面有時候我們需要
[00:03:31.320 --> 00:03:33.280]  另外一種的麵包
[00:03:33.280 --> 00:03:34.880]  一種的糧食
[00:03:34.880 --> 00:03:38.000]  讓我們不只是短暫得到飽足
[00:03:38.000 --> 00:03:42.000]  而是讓我們長遠生命裏面得到那種的慰養
[00:03:42.000 --> 00:03:44.000]  今天我們也會思考到
[00:03:44.000 --> 00:03:45.800]  一個生命麵包
[00:03:45.800 --> 00:03:50.400]  聖經裏面就叫做「生命的糧」
[00:03:50.400 --> 00:03:52.400]  這個「糧」就是來自耶穌的
[00:03:52.400 --> 00:03:54.920]  也來自我們今天所讀的經文
[00:03:54.920 --> 00:03:58.600]  就是一個五餅二魚的經文的段落
[00:03:58.600 --> 00:04:02.000]  我們藉由這個段落去想一想
[00:04:02.000 --> 00:04:05.240]  今天我們所讀到的五餅二魚
[00:04:05.240 --> 00:04:08.200]  如何透過當中的思考
[00:04:08.200 --> 00:04:11.800]  我們認識到耶穌就是我們生命的「糧」
[00:04:11.800 --> 00:04:15.400]  今天和大家有三個分題重點
[00:04:15.400 --> 00:04:17.800]  我們逐步去思考
[00:04:17.800 --> 00:04:20.080]  第一個重點
[00:04:20.080 --> 00:04:23.680]  就是我們有七個神蹟
[00:04:23.680 --> 00:04:27.600]  我們今天看到第四個耶穌所行的神蹟
[00:04:27.600 --> 00:04:29.600]  第四個的「西」
[00:04:29.600 --> 00:04:31.600]  這個「西」裏面就是這個了
[00:04:31.600 --> 00:04:33.600]  我們先看第一個段落
[00:04:33.600 --> 00:04:38.600]  第一個段落就是來自六章一至五節
[00:04:38.600 --> 00:04:43.800]  一開始我們讀到第六章的段落裏面
[00:04:43.800 --> 00:04:47.800]  就講到一些時間和地點的問題
[00:04:47.800 --> 00:04:49.200]  先看時間
[00:04:49.200 --> 00:04:51.200]  這個時間裏面第一節就說
[00:04:51.200 --> 00:04:53.200]  「這些事以後」
[00:04:53.200 --> 00:04:56.200]  通常我們見到日漢經常說
[00:04:56.200 --> 00:04:58.800]  一日之後一日之後一日之後
[00:04:58.800 --> 00:05:01.600]  接著去到後來就說「這些事以後」
[00:05:01.600 --> 00:05:04.000]  接著又去到「這些事以後」
[00:05:04.000 --> 00:05:06.200]  代表了已經隔了一些時間
[00:05:06.200 --> 00:05:08.400]  和前面第五章的完結
[00:05:08.400 --> 00:05:09.800]  隔了一些時間
[00:05:09.800 --> 00:05:12.800]  所以我們想一想那個時間線是怎樣
[00:05:12.800 --> 00:05:14.800]  而這個時間就是
[00:05:14.800 --> 00:05:17.800]  你記得我們在第二章的時候就在說
[00:05:17.800 --> 00:05:22.200]  在由下面耶路撒冷一直上去
[00:05:22.200 --> 00:05:25.800]  我們一開始第二章就在說
[00:05:25.800 --> 00:05:27.800]  加拿大的神蹟在上面
[00:05:27.800 --> 00:05:28.800]  加利利
[00:05:28.800 --> 00:05:30.400]  接著後來我們說
[00:05:30.400 --> 00:05:32.200]  段落就說去了耶路撒冷
[00:05:32.200 --> 00:05:33.400]  去到下面
[00:05:33.400 --> 00:05:34.600]  耶路撒冷之後就去到
[00:05:34.600 --> 00:05:36.800]  撒瑪利亞的婦人的井那裏
[00:05:36.800 --> 00:05:38.800]  去到中間
[00:05:38.800 --> 00:05:41.800]  接著再去到第二次的神蹟
[00:05:41.800 --> 00:05:43.800]  又是回到加拿大
[00:05:43.800 --> 00:05:45.800]  又是回到加利利的地方
[00:05:45.800 --> 00:05:47.600]  就是一個這樣的畫面
[00:05:47.600 --> 00:05:50.200]  而我們上一次之後就見到
[00:05:50.200 --> 00:05:53.000]  第三個神蹟又回到
[00:05:53.000 --> 00:05:55.800]  耶路撒冷的地方
[00:05:55.800 --> 00:05:57.800]  記得不是大池
[00:05:57.800 --> 00:05:59.000]  是回到耶路撒冷的地方
[00:05:59.000 --> 00:06:01.200]  就是黃色的線又這樣下去
[00:06:01.200 --> 00:06:03.800]  接著今天又回到上面
[00:06:03.800 --> 00:06:05.800]  黃色的線又回到上面
[00:06:05.800 --> 00:06:07.800]  所以你發現
[00:06:07.800 --> 00:06:09.400]  在約翰福音的記載裏面
[00:06:09.400 --> 00:06:11.800]  耶穌都會在祂自己的大本營
[00:06:11.800 --> 00:06:13.800]  加白龍 加利利的範圍
[00:06:13.800 --> 00:06:15.200]  有時候去到下面耶路撒冷
[00:06:15.200 --> 00:06:17.800]  有時候又上去 下去 上去 下去
[00:06:17.800 --> 00:06:19.400]  你都想像一下
[00:06:19.400 --> 00:06:20.600]  我們有時候都去奧蘭度
[00:06:20.600 --> 00:06:22.600]  又回來 去奧蘭度又回來
[00:06:22.600 --> 00:06:25.200]  可能去一年都去幾次都不一定
[00:06:25.200 --> 00:06:28.200]  所以福音書裏面的重點
[00:06:28.200 --> 00:06:30.200]  不同的福音的作者
[00:06:30.200 --> 00:06:32.200]  都會擺有些不同的地方
[00:06:32.200 --> 00:06:34.600]  而很明顯約翰就會說到
[00:06:34.600 --> 00:06:36.600]  兩個地方都會提及
[00:06:36.600 --> 00:06:39.600]  也都提及了三次的逾越節
[00:06:39.600 --> 00:06:41.600]  所以這裏也都說到第四節
[00:06:41.600 --> 00:06:45.600]  哪時猶太人的逾越節就近了
[00:06:45.600 --> 00:06:48.600]  所以是一個猶太人的重要節日
[00:06:48.600 --> 00:06:50.600]  又再出現
[00:06:50.600 --> 00:06:54.600]  這個就是今天這個段落裏面的時間線
[00:06:54.600 --> 00:06:57.600]  這個也是承接著剛剛不是大池
[00:06:57.600 --> 00:06:59.600]  就是去到第五章裏面
[00:06:59.600 --> 00:07:01.600]  耶穌的神蹟之後的
[00:07:01.600 --> 00:07:03.600]  另外一個的神蹟
[00:07:03.600 --> 00:07:06.600]  在這個時間 耶穌的地點在哪裏呢?
[00:07:06.600 --> 00:07:09.600]  我們見到地點就是來到
[00:07:09.600 --> 00:07:12.600]  這個加利利海
[00:07:12.600 --> 00:07:13.600]  就是提比利亞海
[00:07:13.600 --> 00:07:16.600]  一個不同的名稱的叫法
[00:07:16.600 --> 00:07:17.600]  無論哪一個叫法
[00:07:17.600 --> 00:07:19.600]  都是我們平時見開捕魚的
[00:07:19.600 --> 00:07:22.600]  加利利海那個位置
[00:07:22.600 --> 00:07:25.600]  現在正正好就是在說這個日子裏面
[00:07:25.600 --> 00:07:27.600]  耶穌就去到這個加利利海附近
[00:07:27.600 --> 00:07:29.600]  就上了一座的山
[00:07:29.600 --> 00:07:33.600]  經文沒有很清楚的說是哪一座的山
[00:07:33.600 --> 00:07:35.600]  但你可以想像附近都有一些不同的山
[00:07:35.600 --> 00:07:37.600]  去到這個山裏面
[00:07:37.600 --> 00:07:40.600]  是和在海邊不一樣
[00:07:40.600 --> 00:07:42.600]  海邊是近他們打魚的地方
[00:07:42.600 --> 00:07:45.600]  海邊是近他們生活的地方
[00:07:45.600 --> 00:07:48.600]  海邊是他們平時可以隨時買到東西吃
[00:07:48.600 --> 00:07:50.600]  拿到一些材料
[00:07:50.600 --> 00:07:52.600]  一些這樣的地方
[00:07:52.600 --> 00:07:54.600]  現在就上到山上
[00:07:54.600 --> 00:07:58.600]  山上代表了空曠的地方
[00:07:58.600 --> 00:08:02.600]  不是那麼方便可以有食物的地方
[00:08:02.600 --> 00:08:07.600]  代表距離遠了他們平時住慣的地方
[00:08:07.600 --> 00:08:09.600]  就是這樣
[00:08:09.600 --> 00:08:10.600]  這個經文就告訴你
[00:08:10.600 --> 00:08:12.600]  地點已經上到山上
[00:08:12.600 --> 00:08:15.600]  就發生了今天跟著我們所看到的事情
[00:08:15.600 --> 00:08:19.600]  而第一個今天我們去思考的重點
[00:08:19.600 --> 00:08:24.600]  A部分就有兩個主要的重點留意
[00:08:24.600 --> 00:08:25.600]  第一個是什麼呢
[00:08:25.600 --> 00:08:29.600]  就是人群看見耶穌的神蹟
[00:08:29.600 --> 00:08:33.600]  第二個就是耶穌看見人群的需要
[00:08:33.600 --> 00:08:35.600]  所以這一個段落裏面
[00:08:35.600 --> 00:08:36.600]  還有一個很重要的字
[00:08:36.600 --> 00:08:37.600]  就是See
[00:08:37.600 --> 00:08:38.600]  看到些什麼
[00:08:38.600 --> 00:08:40.600]  What do you see
[00:08:40.600 --> 00:08:41.600]  看到些什麼呢
[00:08:41.600 --> 00:08:43.600]  我們看到第一個
[00:08:43.600 --> 00:08:45.600]  這段經文裏面說到的
[00:08:45.600 --> 00:08:47.600]  看見就是一些人
[00:08:47.600 --> 00:08:50.600]  看見耶穌所行的神蹟
[00:08:50.600 --> 00:08:52.600]  在第二節就說
[00:08:52.600 --> 00:08:54.600]  有一大群人因為看見
[00:08:54.600 --> 00:08:56.600]  他在病人所行的神蹟
[00:08:56.600 --> 00:08:59.600]  就跟隨了耶穌
[00:08:59.600 --> 00:09:02.600]  即是說有些人因為看到耶穌
[00:09:02.600 --> 00:09:05.600]  在之前做過很多不同的神蹟
[00:09:05.600 --> 00:09:08.600]  所以他們一直跟著耶穌
[00:09:08.600 --> 00:09:09.600]  跟著耶穌
[00:09:09.600 --> 00:09:10.600]  跟著耶穌
[00:09:10.600 --> 00:09:11.600]  我們看得到
[00:09:11.600 --> 00:09:14.600]  我們已經說到第四個神蹟了
[00:09:14.600 --> 00:09:17.600]  所以最低限度前面都有三個神蹟
[00:09:17.600 --> 00:09:20.600]  是很清楚看得到是什麼神蹟的
[00:09:20.600 --> 00:09:23.600]  而有些不清楚什麼神蹟的
[00:09:23.600 --> 00:09:26.600]  都在前面都發生了
[00:09:26.600 --> 00:09:29.600]  所以在第二章23節
[00:09:29.600 --> 00:09:30.600]  他說
[00:09:30.600 --> 00:09:33.600]  耶穌在耶路撒冷過月月節的時候
[00:09:33.600 --> 00:09:37.600]  就是第一次在耶路撒冷過月月節的段落
[00:09:37.600 --> 00:09:39.600]  他說有很多人
[00:09:39.600 --> 00:09:41.600]  看見他所行的神蹟
[00:09:41.600 --> 00:09:43.600]  就信了他的名字
[00:09:43.600 --> 00:09:47.600]  即是說原來在第二章已經說
[00:09:47.600 --> 00:09:50.600]  有些人因為看到耶穌能夠行神蹟
[00:09:50.600 --> 00:09:53.600]  他們因為這個神蹟就信了耶穌
[00:09:53.600 --> 00:09:55.600]  就信了耶穌
[00:09:55.600 --> 00:09:57.600]  所以看得到在之後
[00:09:57.600 --> 00:09:59.600]  一連串的神蹟
[00:09:59.600 --> 00:10:01.600]  似乎就吸引更加多人
[00:10:01.600 --> 00:10:03.600]  去信了耶穌的名字
[00:10:03.600 --> 00:10:08.600]  這個就是我們看得到的情況
[00:10:08.600 --> 00:10:10.600]  但是
[00:10:10.600 --> 00:10:13.600]  你留意在第二章24-25節
[00:10:13.600 --> 00:10:15.600]  耶穌就給了一個答案
[00:10:15.600 --> 00:10:16.600]  他說什麼呢
[00:10:16.600 --> 00:10:20.600]  他說耶穌自己卻不信任他們
[00:10:20.600 --> 00:10:25.600]  因為他認識所有的人
[00:10:25.600 --> 00:10:29.600]  也用不著誰來證明人是怎樣的
[00:10:29.600 --> 00:10:32.600]  因為他認識人的內心
[00:10:32.600 --> 00:10:35.600]  這裡很清楚耶穌在說
[00:10:35.600 --> 00:10:38.600]  這群人原來很多人見過神蹟的人
[00:10:38.600 --> 00:10:41.600]  就不等於真正相信耶穌的人
[00:10:41.600 --> 00:10:44.600]  所以即使這群人見到耶穌
[00:10:44.600 --> 00:10:46.600]  就跟著他去到不同的地方
[00:10:46.600 --> 00:10:47.600]  無論耶路撒冷
[00:10:47.600 --> 00:10:49.600]  無論上返加利利
[00:10:49.600 --> 00:10:52.600]  很多人因為這個冒名而來到
[00:10:52.600 --> 00:10:54.600]  似乎是信了耶穌的名
[00:10:54.600 --> 00:10:57.600]  但是耶穌很清楚地表明了
[00:10:57.600 --> 00:11:00.600]  這群人即使見到神蹟
[00:11:00.600 --> 00:11:04.600]  就不等於真正的相信耶穌
[00:11:04.600 --> 00:11:07.600]  這個對我們有很重要的提醒
[00:11:07.600 --> 00:11:10.600]  我們今天有時候也說我們見到神
[00:11:10.600 --> 00:11:15.600]  有時候我們也可能沒有真正相信接受耶穌
[00:11:15.600 --> 00:11:18.600]  人可以對神蹟很有興趣
[00:11:18.600 --> 00:11:21.600]  但其實可能對耶穌是沒有興趣的
[00:11:21.600 --> 00:11:24.600]  人可能很喜歡耶穌
[00:11:24.600 --> 00:11:25.600]  滿有能力
[00:11:25.600 --> 00:11:28.600]  但是有些人很抗拒耶穌
[00:11:28.600 --> 00:11:30.600]  成為他生命的主
[00:11:30.600 --> 00:11:32.600]  人可以跟隨耶穌
[00:11:32.600 --> 00:11:34.600]  只是因為耶穌能夠滿足
[00:11:34.600 --> 00:11:37.600]  我們一些生命的需要
[00:11:37.600 --> 00:11:39.600]  所以今天我們要問一個問題
[00:11:39.600 --> 00:11:43.600]  不是問你有否見過神蹟
[00:11:43.600 --> 00:11:47.600]  可能很多人都見過耶穌的神蹟
[00:11:47.600 --> 00:11:49.600]  我們要問的就是
[00:11:49.600 --> 00:11:52.600]  我們有沒有在神蹟裡見到耶穌
[00:11:52.600 --> 00:11:55.600]  從而真的相信耶穌呢?
[00:11:55.600 --> 00:11:59.600]  我們見到這群人就是這樣
[00:11:59.600 --> 00:12:02.600]  來到跟隨著耶穌
[00:12:03.600 --> 00:12:09.600]  但是我們要再見一下耶穌卻不一樣
[00:12:09.600 --> 00:12:13.600]  耶穌是施行神蹟的主
[00:12:13.600 --> 00:12:15.600]  他在眼裡看到什麼呢?
[00:12:15.600 --> 00:12:17.600]  跟我們看到的不太一樣
[00:12:17.600 --> 00:12:19.600]  因為經文告訴我們
[00:12:19.600 --> 00:12:20.600]  第五節
[00:12:20.600 --> 00:12:24.600]  耶穌舉目看見一大群人來
[00:12:24.600 --> 00:12:26.600]  就對肥力說
[00:12:26.600 --> 00:12:30.600]  我們到哪裡去買餅給這些人吃呢?
[00:12:32.600 --> 00:12:36.600]  這裡說到耶穌見到這群人的需要
[00:12:36.600 --> 00:12:40.600]  那群跟隨著耶穌的人
[00:12:40.600 --> 00:12:42.600]  見到耶穌的能力
[00:12:42.600 --> 00:12:45.600]  但耶穌是見到這群人的需要
[00:12:45.600 --> 00:12:47.600]  一些生命的需要
[00:12:47.600 --> 00:12:50.600]  耶穌見到一群飢餓的人
[00:12:50.600 --> 00:12:55.600]  就正如我們剛剛讀到第三個神蹟
[00:12:55.600 --> 00:12:57.600]  在畢氏大詞裡一樣
[00:12:57.600 --> 00:12:58.600]  畢氏大詞裡
[00:12:58.600 --> 00:13:02.600]  耶穌見到那個病了的癱子
[00:13:02.600 --> 00:13:03.600]  是耶穌主動問
[00:13:03.600 --> 00:13:06.600]  你想不想痊癒啊?
[00:13:06.600 --> 00:13:09.600]  耶穌問你想不想痊癒的時候
[00:13:09.600 --> 00:13:11.600]  其實就顯出Hesed
[00:13:11.600 --> 00:13:13.600]  一個大慈愛
[00:13:13.600 --> 00:13:16.600]  一個舊約裡很慈愛的觀念
[00:13:16.600 --> 00:13:17.600]  我們上次就說到
[00:13:17.600 --> 00:13:21.600]  畢氏大詞代表慈愛之家
[00:13:21.600 --> 00:13:23.600]  但是耶穌的行動就顯出
[00:13:23.600 --> 00:13:27.600]  真正的慈愛之家就在耶穌身上
[00:13:27.600 --> 00:13:31.600]  所以耶穌是一個充滿憐憫的主
[00:13:31.600 --> 00:13:33.600]  所以到了第四個神蹟
[00:13:33.600 --> 00:13:34.600]  第五節就說到
[00:13:34.600 --> 00:13:37.600]  耶穌一樣舉目看見的時候
[00:13:37.600 --> 00:13:40.600]  就看見了這一群人
[00:13:40.600 --> 00:13:42.600]  這一群跟隨耶穌的人群
[00:13:42.600 --> 00:13:45.600]  在山上他們充滿飢餓
[00:13:45.600 --> 00:13:47.600]  以至到耶穌對他們
[00:13:47.600 --> 00:13:52.600]  發出一份憐憫
[00:13:52.600 --> 00:13:57.600]  耶穌對我們生命的關注是何等重視
[00:13:57.600 --> 00:14:00.600]  在《馬學福音》第六章三十四節
[00:14:00.600 --> 00:14:02.600]  說到耶穌出來
[00:14:02.600 --> 00:14:06.600]  見有一大群人就憐憫他們
[00:14:06.600 --> 00:14:09.600]  因為他們如同羊沒有目人一般
[00:14:09.600 --> 00:14:14.600]  於是開始教導他們許多事
[00:14:14.600 --> 00:14:16.600]  是耶穌看見的
[00:14:16.600 --> 00:14:18.600]  不只是眼前的飢餓
[00:14:18.600 --> 00:14:19.600]  耶穌看人
[00:14:19.600 --> 00:14:22.600]  還看人內心靈魂的失喪
[00:14:22.600 --> 00:14:26.600]  所以耶穌對我們的關心是全面的
[00:14:26.600 --> 00:14:28.600]  所以記得我們上次說
[00:14:28.600 --> 00:14:31.600]  畢氏大祠那個人
[00:14:31.600 --> 00:14:33.600]  被醫好的時候是怎樣的
[00:14:33.600 --> 00:14:38.600]  是身心靈全面的醫治
[00:14:38.600 --> 00:14:41.600]  這個就是我們的主耶穌
[00:14:41.600 --> 00:14:43.600]  他這樣看見人的需要
[00:14:43.600 --> 00:14:45.600]  所以對於耶穌來說
[00:14:45.600 --> 00:14:48.600]  他施行神蹟並不是說
[00:14:48.600 --> 00:14:51.600]  我今天要顯示我有多厲害
[00:14:51.600 --> 00:14:53.600]  像表演魔術一樣
[00:14:53.600 --> 00:14:55.600]  顯示出我多有能力
[00:14:55.600 --> 00:14:57.600]  不是的
[00:14:57.600 --> 00:14:59.600]  神想讓我們知道
[00:14:59.600 --> 00:15:03.600]  祂是一個憐憫愛我們的主
[00:15:03.600 --> 00:15:07.600]  這個就是今天耶穌看我們的
[00:15:07.600 --> 00:15:10.600]  和我們看耶穌很不一樣
[00:15:10.600 --> 00:15:15.600]  我們都要學習耶穌看人的狀況
[00:15:15.600 --> 00:15:17.600]  人是看神蹟
[00:15:17.600 --> 00:15:20.600]  耶穌是看人的需要
[00:15:20.600 --> 00:15:22.600]  耶穌是看人需要的憐憫
[00:15:22.600 --> 00:15:26.600]  所以今天第一個分題的思考
[00:15:26.600 --> 00:15:28.600]  就是回想你當初信主
[00:15:28.600 --> 00:15:31.600]  或者如今你跟隨耶穌的過程裡
[00:15:31.600 --> 00:15:35.600]  你是更多是因為希望耶穌幫你解決
[00:15:35.600 --> 00:15:37.600]  現實中的問題
[00:15:37.600 --> 00:15:42.600]  還是因為看見自己的靈魂需要主耶穌呢?
[00:15:42.600 --> 00:15:46.600]  物質是我們實際生活裡所要的東西
[00:15:46.600 --> 00:15:49.600]  但我們人生裡不單止物質
[00:15:49.600 --> 00:15:52.600]  我們更加有靈魂的需要
[00:15:52.600 --> 00:15:55.600]  我們能否藉著我們認識耶穌的時候
[00:15:55.600 --> 00:15:57.600]  都看到自己靈魂有需要
[00:15:57.600 --> 00:16:04.600]  而我們去求耶穌幫助我們靈魂裡更深層的需要呢?
[00:16:04.600 --> 00:16:08.600]  所以如果今天耶穌站在你面前的話
[00:16:08.600 --> 00:16:10.600]  祂看見你的生命的時候
[00:16:10.600 --> 00:16:14.600]  祂認為你最需要什麼呢?
[00:16:14.600 --> 00:16:20.600]  待會我們在團體分享的時候可以想一想
[00:16:20.600 --> 00:16:23.600]  這是第一個我們思考的分題
[00:16:23.600 --> 00:16:24.600]  看見
[00:16:24.600 --> 00:16:25.600]  See
[00:16:25.600 --> 00:16:27.600]  What do you see?
[00:16:27.600 --> 00:16:29.600]  耶穌看見什麼?
[00:16:29.600 --> 00:16:31.600]  你看見什麼?
[00:16:31.600 --> 00:16:35.600]  第二個我們今天思考的主題就是
[00:16:35.600 --> 00:16:37.600]  Test
[00:16:37.600 --> 00:16:39.600]  一個考驗
[00:16:39.600 --> 00:16:41.600]  分題叫做
[00:16:41.600 --> 00:16:43.600]  耶穌考驗斐力安德烈
[00:16:43.600 --> 00:16:46.600]  斐力安德烈被耶穌考驗
[00:16:46.600 --> 00:16:49.600]  我們試試看這個段落說什麼
[00:16:49.600 --> 00:16:51.600]  我們看看第六至九節
[00:16:51.600 --> 00:16:54.600]  這個段落裡你會看到有幾個人
[00:16:54.600 --> 00:16:56.600]  有哪幾個人呢?
[00:16:56.600 --> 00:16:58.600]  斐力
[00:16:58.600 --> 00:16:59.600]  還有呢?
[00:16:59.600 --> 00:17:01.600]  安德烈
[00:17:01.600 --> 00:17:02.600]  還有呢?
[00:17:02.600 --> 00:17:04.600]  小孩子
[00:17:04.600 --> 00:17:06.600]  我想問一個問題
[00:17:06.600 --> 00:17:12.600]  這個段落是說斐力安德烈還是小孩子?
[00:17:12.600 --> 00:17:14.600]  還是小孩子?
[00:17:14.600 --> 00:17:16.600]  想清楚
[00:17:16.600 --> 00:17:23.600]  想清楚重點是說哪幾個人
[00:17:23.600 --> 00:17:25.600]  最重點是這個段落
[00:17:25.600 --> 00:17:27.600]  我們要學學看中文
[00:17:27.600 --> 00:17:29.600]  斐力
[00:17:29.600 --> 00:17:34.600]  首先我要在講解的過程裡
[00:17:34.600 --> 00:17:36.600]  我要說一個很重要的問題
[00:17:36.600 --> 00:17:38.600]  就是我們經常有一種迷思
[00:17:38.600 --> 00:17:40.600]  一種讀聖經的錯誤
[00:17:40.600 --> 00:17:41.600]  就是什麼呢?
[00:17:41.600 --> 00:17:43.600]  當你讀到這個五餅二魚的時候
[00:17:43.600 --> 00:17:45.600]  很多人
[00:17:45.600 --> 00:17:47.600]  我可以說很多人
[00:17:47.600 --> 00:17:49.600]  可能有百分之九十的人
[00:17:49.600 --> 00:17:51.600]  都第一時間想
[00:17:51.600 --> 00:17:55.600]  我就要好像個小孩子
[00:17:55.600 --> 00:17:57.600]  有沒有這樣的狀況?
[00:17:57.600 --> 00:17:59.600]  讀這段聖經的時候都說
[00:17:59.600 --> 00:18:00.600]  我希望好像個小孩子般
[00:18:00.600 --> 00:18:02.600]  甘心獻上
[00:18:02.600 --> 00:18:06.600]  但我想告訴你
[00:18:06.600 --> 00:18:07.600]  這個是我們讀聖經裡
[00:18:07.600 --> 00:18:10.600]  經常出現的一個錯誤的地方
[00:18:10.600 --> 00:18:13.600]  五餅二魚的迷思和誤解
[00:18:13.600 --> 00:18:15.600]  就是我們以為五餅二魚
[00:18:15.600 --> 00:18:17.600]  是講那個小孩子很甘心
[00:18:17.600 --> 00:18:19.600]  很有信心
[00:18:19.600 --> 00:18:21.600]  我可以告訴你們
[00:18:21.600 --> 00:18:23.600]  你們讀錯了聖經
[00:18:23.600 --> 00:18:25.600]  我們很興奮的
[00:18:25.600 --> 00:18:27.600]  讀到一個小孩子說什麼
[00:18:27.600 --> 00:18:29.600]  將五個餅兩條魚給出來
[00:18:29.600 --> 00:18:31.600]  很喜歡這樣的
[00:18:31.600 --> 00:18:33.600]  有一首歌就叫普通的人
[00:18:33.600 --> 00:18:36.600]  那首歌音樂很好聽
[00:18:36.600 --> 00:18:38.600]  聽到我們都很興奮的
[00:18:38.600 --> 00:18:41.600]  就說將那小男孩的餅和魚
[00:18:41.600 --> 00:18:43.600]  讓我獻給主
[00:18:43.600 --> 00:18:45.600]  就算多寒微
[00:18:45.600 --> 00:18:46.600]  他不介意
[00:18:46.600 --> 00:18:47.600]  傳盡我心思
[00:18:47.600 --> 00:18:49.600]  講一個小孩子願意
[00:18:49.600 --> 00:18:51.600]  甘心將一切都給耶穌
[00:18:51.600 --> 00:18:54.600]  甚至左邊這幅圖
[00:18:54.600 --> 00:18:56.600]  是一本幼稚園教學書
[00:18:56.600 --> 00:18:58.600]  幼稚園教學書裡都說
[00:18:58.600 --> 00:19:00.600]  五餅二魚的重點
[00:19:00.600 --> 00:19:03.600]  就是小孩子拿這些餅和魚
[00:19:03.600 --> 00:19:05.600]  給耶穌
[00:19:05.600 --> 00:19:07.600]  我今天想特別去澄清
[00:19:07.600 --> 00:19:09.600]  就是我們讀聖經
[00:19:09.600 --> 00:19:11.600]  經常都讀錯了重點
[00:19:11.600 --> 00:19:13.600]  讀錯了重點
[00:19:13.600 --> 00:19:15.600]  首先第一
[00:19:15.600 --> 00:19:17.600]  這首歌說
[00:19:17.600 --> 00:19:19.600]  這個小男孩是什麼
[00:19:19.600 --> 00:19:21.600]  多寒微
[00:19:21.600 --> 00:19:23.600]  多寒微神都不介意
[00:19:23.600 --> 00:19:25.600]  什麼時候這裡聖經告訴你
[00:19:25.600 --> 00:19:27.600]  這個小孩子有寒微呢
[00:19:27.600 --> 00:19:29.600]  是不是
[00:19:29.600 --> 00:19:31.600]  什麼時候有說過這個小孩子
[00:19:31.600 --> 00:19:34.600]  甘心樂意將這些餅和魚獻上呢
[00:19:35.600 --> 00:19:38.600]  其實你看清楚
[00:19:38.600 --> 00:19:41.600]  它就是說
[00:19:41.600 --> 00:19:43.600]  安德烈跟耶穌說
[00:19:43.600 --> 00:19:45.600]  有一個小孩子
[00:19:45.600 --> 00:19:49.600]  他身上帶著五個大麥餅和兩條魚
[00:19:49.600 --> 00:19:51.600]  他沒有說他想什麼
[00:19:51.600 --> 00:19:53.600]  沒有說他心情
[00:19:53.600 --> 00:19:55.600]  沒有說他是不是甘心樂意
[00:19:55.600 --> 00:19:58.600]  但我們一廂情願已經推到很遠了
[00:19:58.600 --> 00:20:00.600]  這個是讀聖經的問題
[00:20:00.600 --> 00:20:03.600]  這個是我們經常都誤解了聖經的問題
[00:20:03.600 --> 00:20:06.600]  我又嘗試幫你去想一想
[00:20:06.600 --> 00:20:09.600]  首先我補充一下
[00:20:09.600 --> 00:20:11.600]  在馬太、馬可、路加福音裡面
[00:20:11.600 --> 00:20:13.600]  原來都沒有提過小男孩
[00:20:13.600 --> 00:20:15.600]  因為
[00:20:15.600 --> 00:20:17.600]  五餅二魚這個神蹟
[00:20:17.600 --> 00:20:19.600]  是四卷福音書都有說的
[00:20:19.600 --> 00:20:22.600]  馬太、馬可、路加、約翰
[00:20:22.600 --> 00:20:24.600]  Four Gospels
[00:20:24.600 --> 00:20:27.600]  都有提及的一個神蹟
[00:20:27.600 --> 00:20:30.600]  但其中三個福音書
[00:20:30.600 --> 00:20:32.600]  從來沒有提過有個小男孩
[00:20:32.600 --> 00:20:36.600]  如果這個小男孩很重要的話
[00:20:36.600 --> 00:20:38.600]  四個都會提及
[00:20:38.600 --> 00:20:40.600]  現在有三個福音書都沒有提及
[00:20:40.600 --> 00:20:42.600]  而第四個福音書
[00:20:42.600 --> 00:20:44.600]  就是約翰福音有提及這個小男孩
[00:20:44.600 --> 00:20:46.600]  他都沒有提及過他想什麼
[00:20:46.600 --> 00:20:48.600]  說什麼、想像什麼
[00:20:48.600 --> 00:20:51.600]  安德烈說有個男孩有這些東西
[00:20:51.600 --> 00:20:55.600]  我希望你留意這一點
[00:20:55.600 --> 00:20:57.600]  你再想一想
[00:20:57.600 --> 00:21:00.600]  我接著說的就不是實況
[00:21:00.600 --> 00:21:03.600]  不過我想你想一想這個畫面
[00:21:03.600 --> 00:21:05.600]  會不會和我們想的東西
[00:21:05.600 --> 00:21:07.600]  有時候可能差很遠呢
[00:21:07.600 --> 00:21:10.600]  現在說的是在一個山上
[00:21:10.600 --> 00:21:12.600]  荒山嶺野
[00:21:12.600 --> 00:21:15.600]  周圍都沒有的
[00:21:15.600 --> 00:21:16.600]  沒有東西吃
[00:21:16.600 --> 00:21:19.600]  而且那些人從早上到很晚
[00:21:19.600 --> 00:21:21.600]  一路聽耶穌說話
[00:21:21.600 --> 00:21:23.600]  如果你看回其他三卷福音
[00:21:23.600 --> 00:21:26.600]  他一路很長時間都沒有東西吃
[00:21:26.600 --> 00:21:28.600]  或者帶了他的食物
[00:21:28.600 --> 00:21:31.600]  很多人都吃光了
[00:21:31.600 --> 00:21:34.600]  在這個時候
[00:21:34.600 --> 00:21:35.600]  當中經文牧語偉聽
[00:21:35.600 --> 00:21:36.600]  有五千個男人
[00:21:36.600 --> 00:21:39.600]  未算小孩和女人
[00:21:39.600 --> 00:21:42.600]  如果算起來可能有一萬個人
[00:21:42.600 --> 00:21:43.600]  一萬個人裡面
[00:21:43.600 --> 00:21:46.600]  原來個個都沒有東西吃了
[00:21:46.600 --> 00:21:50.600]  有個小孩有五個餅兩條魚
[00:21:50.600 --> 00:21:53.600]  現在他餓不餓小孩
[00:21:53.600 --> 00:21:55.600]  他都餓了
[00:21:55.600 --> 00:21:58.600]  對這個小孩說食物珍不珍貴
[00:21:58.600 --> 00:22:00.600]  都珍貴的
[00:22:00.600 --> 00:22:02.600]  但你想想現在這個小孩
[00:22:02.600 --> 00:22:04.600]  好像桃桃那樣的小孩
[00:22:04.600 --> 00:22:06.600]  桃桃只有幾歲的小孩
[00:22:06.600 --> 00:22:09.600]  突然間有個安德烈
[00:22:09.600 --> 00:22:10.600]  鬍鬚凹凸的人
[00:22:10.600 --> 00:22:12.600]  因為你知道猶太人都鬍鬚凹凸的
[00:22:12.600 --> 00:22:13.600]  走來和小孩說
[00:22:13.600 --> 00:22:17.600]  小孩你有沒有東西吃
[00:22:17.600 --> 00:22:18.600]  你的感覺是什麼
[00:22:18.600 --> 00:22:20.600]  如果你是個小孩
[00:22:20.600 --> 00:22:24.600]  我們用廣東話這個叫老粒
[00:22:24.600 --> 00:22:27.600]  好像有人和你打劫
[00:22:27.600 --> 00:22:28.600]  個個都沒有東西吃
[00:22:28.600 --> 00:22:30.600]  小孩有沒有東西吃
[00:22:30.600 --> 00:22:32.600]  雖然我知道實際的畫面
[00:22:32.600 --> 00:22:33.600]  應該不是那麼恐怖
[00:22:33.600 --> 00:22:34.600]  但你想像一下
[00:22:34.600 --> 00:22:37.600]  那個小孩面對這個處境的時候
[00:22:37.600 --> 00:22:38.600]  他的心理狀況
[00:22:38.600 --> 00:22:40.600]  是否真的像我們想像的
[00:22:40.600 --> 00:22:42.600]  那麼甘心樂意奉獻的畫面
[00:22:42.600 --> 00:22:44.600]  還是他很害怕
[00:22:44.600 --> 00:22:47.600]  這些更像他的心路歷程
[00:22:47.600 --> 00:22:49.600]  當然這是誇張的對比
[00:22:49.600 --> 00:22:51.600]  而我想告訴你
[00:22:51.600 --> 00:22:52.600]  無論如何
[00:22:52.600 --> 00:22:55.600]  這段聖經裡面沒有說到
[00:22:55.600 --> 00:22:58.600]  這個小孩的心路歷程
[00:22:58.600 --> 00:23:01.600]  沒有說到他甘心樂意奉獻的問題
[00:23:01.600 --> 00:23:04.600]  所以不要將聖經推得太遠
[00:23:04.600 --> 00:23:07.600]  我們以後不要再選這首詩
[00:23:07.600 --> 00:23:09.600]  我告訴你
[00:23:09.600 --> 00:23:12.600]  因為不要馬上說小男孩甘心樂意
[00:23:12.600 --> 00:23:13.600]  這段聖經不是說這件事
[00:23:13.600 --> 00:23:15.600]  這段聖經說什麼
[00:23:15.600 --> 00:23:17.600]  請你告訴我
[00:23:17.600 --> 00:23:18.600]  如果用一個字去說
[00:23:18.600 --> 00:23:20.600]  這段聖經這個段落
[00:23:20.600 --> 00:23:24.600]  其實第六至第九節是說什麼
[00:23:24.600 --> 00:23:28.600]  考驗
[00:23:28.600 --> 00:23:29.600]  整個聖經裡面
[00:23:29.600 --> 00:23:30.600]  這個段落是說
[00:23:30.600 --> 00:23:33.600]  測試門徒
[00:23:33.600 --> 00:23:36.600]  不是測試小孩子
[00:23:36.600 --> 00:23:37.600]  所以我們想得太遠了
[00:23:37.600 --> 00:23:38.600]  想一個小孩
[00:23:38.600 --> 00:23:42.600]  不是那個重點
[00:23:42.600 --> 00:23:43.600]  整個過程裡面
[00:23:43.600 --> 00:23:45.600]  這個段落就是說耶穌
[00:23:45.600 --> 00:23:47.600]  去做一個考驗
[00:23:47.600 --> 00:23:50.600]  去考驗他的門徒
[00:23:50.600 --> 00:23:52.600]  這個才是讀這個段落裡面
[00:23:52.600 --> 00:23:55.600]  最核心的那個部分
[00:23:55.600 --> 00:23:57.600]  所以第六節很清楚說
[00:23:57.600 --> 00:23:59.600]  他說者說
[00:23:59.600 --> 00:24:00.600]  耶穌說這個話
[00:24:00.600 --> 00:24:03.600]  就是說你們去給他們吃飽
[00:24:03.600 --> 00:24:08.600]  這件事是要考驗
[00:24:08.600 --> 00:24:09.600]  是要考驗
[00:24:09.600 --> 00:24:11.600]  而且聖經很清楚說
[00:24:11.600 --> 00:24:15.600]  他自己原知道要怎樣做
[00:24:15.600 --> 00:24:17.600]  就是說耶穌很清楚
[00:24:17.600 --> 00:24:18.600]  在這個神蹟裡面
[00:24:18.600 --> 00:24:23.600]  他要知道怎樣去餵飽這五千人
[00:24:23.600 --> 00:24:25.600]  而這個過程裡面
[00:24:25.600 --> 00:24:26.600]  他知道怎樣做
[00:24:26.600 --> 00:24:28.600]  不過他不說出來
[00:24:28.600 --> 00:24:30.600]  而是去看看肥力
[00:24:30.600 --> 00:24:35.600]  甚至安德烈怎樣去回答
[00:24:35.600 --> 00:24:36.600]  所以這個段落
[00:24:36.600 --> 00:24:40.600]  重點是考驗門徒
[00:24:40.600 --> 00:24:41.600]  我再說一次
[00:24:41.600 --> 00:24:43.600]  不是說小孩子
[00:24:43.600 --> 00:24:45.600]  而其他三本福音書
[00:24:45.600 --> 00:24:46.600]  也沒有說小孩子
[00:24:46.600 --> 00:24:47.600]  所以小孩子
[00:24:47.600 --> 00:24:50.600]  從來都不是這個段落的重點
[00:24:50.600 --> 00:24:51.600]  以後不要再跟我說
[00:24:51.600 --> 00:24:53.600]  我們要學小孩子的信心
[00:24:53.600 --> 00:24:56.600]  如果你想說信心
[00:24:56.600 --> 00:24:57.600]  你就寧願說
[00:24:57.600 --> 00:25:00.600]  但以你火耀裡面的三個朋友
[00:25:00.600 --> 00:25:04.600]  三個朋友叫什麼名字
[00:25:04.600 --> 00:25:06.600]  我又問了大家
[00:25:06.600 --> 00:25:10.600]  沙特拉、米薩、阿伯尼戈
[00:25:10.600 --> 00:25:11.600]  要記住
[00:25:11.600 --> 00:25:15.600]  不然你們又不記得了
[00:25:15.600 --> 00:25:16.600]  要記住
[00:25:16.600 --> 00:25:19.600]  有時候我們經常將某些觀念
[00:25:19.600 --> 00:25:21.600]  強行套進聖經的人物裡面
[00:25:21.600 --> 00:25:23.600]  不是這樣想的
[00:25:23.600 --> 00:25:24.600]  這個段落
[00:25:24.600 --> 00:25:26.600]  耶穌顯明這個神蹟
[00:25:26.600 --> 00:25:28.600]  是要考驗門徒
[00:25:28.600 --> 00:25:30.600]  而且就是說
[00:25:30.600 --> 00:25:31.600]  耶穌知道怎樣做
[00:25:31.600 --> 00:25:32.600]  耶穌有很多方法
[00:25:32.600 --> 00:25:34.600]  知道怎樣去做
[00:25:34.600 --> 00:25:37.600]  不過就想看看門徒怎樣回答
[00:25:37.600 --> 00:25:39.600]  為什麼要這樣做呢
[00:25:39.600 --> 00:25:40.600]  為什麼要這樣考驗呢
[00:25:40.600 --> 00:25:42.600]  那個理由就是
[00:25:42.600 --> 00:25:43.600]  剛才說到
[00:25:43.600 --> 00:25:46.600]  很多人見過耶穌的神蹟
[00:25:46.600 --> 00:25:48.600]  因為耶穌的神蹟怎樣
[00:25:48.600 --> 00:25:50.600]  跟著耶穌
[00:25:50.600 --> 00:25:54.600]  甚至好像相信他
[00:25:54.600 --> 00:25:56.600]  但我想告訴你
[00:25:56.600 --> 00:25:59.600]  誰見耶穌的神蹟見得最多
[00:25:59.600 --> 00:26:02.600]  是不是門徒
[00:26:02.600 --> 00:26:03.600]  那些人
[00:26:03.600 --> 00:26:04.600]  有些住耶路撒冷
[00:26:04.600 --> 00:26:06.600]  就在耶路撒冷見過
[00:26:06.600 --> 00:26:07.600]  他沒有在加利利見過
[00:26:07.600 --> 00:26:08.600]  有些在加利利
[00:26:08.600 --> 00:26:11.600]  沒有見過耶穌在耶路撒冷的神蹟
[00:26:11.600 --> 00:26:13.600]  但那十二個門徒
[00:26:13.600 --> 00:26:15.600]  每天都跟著耶穌
[00:26:15.600 --> 00:26:17.600]  是不是
[00:26:17.600 --> 00:26:18.600]  這十二個門徒
[00:26:18.600 --> 00:26:19.600]  是否見得最多
[00:26:19.600 --> 00:26:21.600]  耶穌的私人神蹟的那個
[00:26:21.600 --> 00:26:24.600]  那就值得想了
[00:26:24.600 --> 00:26:25.600]  那個對比就是
[00:26:25.600 --> 00:26:26.600]  有些人
[00:26:26.600 --> 00:26:28.600]  偶爾見到耶穌的神蹟
[00:26:28.600 --> 00:26:31.600]  他立刻跟著耶穌
[00:26:31.600 --> 00:26:32.600]  如果一些
[00:26:32.600 --> 00:26:35.600]  經常見到耶穌神蹟的門徒
[00:26:35.600 --> 00:26:37.600]  如果耶穌就問一個問題
[00:26:37.600 --> 00:26:39.600]  就好像一個老師
[00:26:39.600 --> 00:26:41.600]  經常教你做數
[00:26:41.600 --> 00:26:42.600]  教你做很多數
[00:26:42.600 --> 00:26:43.600]  你懂很多數
[00:26:43.600 --> 00:26:47.600]  有一天老師就出一條數考你
[00:26:47.600 --> 00:26:49.600]  那老師期望什麼
[00:26:49.600 --> 00:26:52.600]  你應該懂得回答
[00:26:52.600 --> 00:26:54.600]  那現在耶穌就是
[00:26:54.600 --> 00:26:55.600]  問這個問題
[00:26:55.600 --> 00:26:56.600]  就是問
[00:26:56.600 --> 00:26:57.600]  就是
[00:26:57.600 --> 00:26:58.600]  他說
[00:26:58.600 --> 00:27:03.600]  我們怎樣去餵飽這些人呢
[00:27:03.600 --> 00:27:06.600]  怎樣去餵飽這些人呢
[00:27:06.600 --> 00:27:08.600]  OK
[00:27:08.600 --> 00:27:10.600]  我們到哪裡去買餅
[00:27:10.600 --> 00:27:11.600]  給這些人吃
[00:27:11.600 --> 00:27:13.600]  耶穌就是問這個問題
[00:27:13.600 --> 00:27:15.600]  所以你想一想
[00:27:15.600 --> 00:27:18.600]  如果你是門徒
[00:27:18.600 --> 00:27:23.600]  你會怎樣回答耶穌呢
[00:27:23.600 --> 00:27:27.600]  你會怎樣回答耶穌呢
[00:27:27.600 --> 00:27:28.600]  你的答案
[00:27:28.600 --> 00:27:30.600]  反不反映出
[00:27:30.600 --> 00:27:35.600]  你相信耶穌是私人神蹟的主呢
[00:27:35.600 --> 00:27:37.600]  聽得懂嗎
[00:27:37.600 --> 00:27:39.600]  每天見神蹟的人
[00:27:39.600 --> 00:27:41.600]  每天見神蹟的門徒
[00:27:41.600 --> 00:27:42.600]  當現在耶穌問這個
[00:27:42.600 --> 00:27:44.600]  不夠東西吃的問題
[00:27:44.600 --> 00:27:45.600]  如果你認識耶穌
[00:27:45.600 --> 00:27:47.600]  是一個私人神蹟的主
[00:27:47.600 --> 00:27:50.600]  你會不會擔心不夠東西吃
[00:27:50.600 --> 00:27:51.600]  你是不是應該
[00:27:51.600 --> 00:27:54.600]  總有一種方法去回答耶穌
[00:27:54.600 --> 00:27:58.600]  怎樣能夠令他們有東西吃
[00:27:58.600 --> 00:28:00.600]  是不是這樣
[00:28:00.600 --> 00:28:04.600]  這個測試就出現了
[00:28:04.600 --> 00:28:06.600]  他們的答案是什麼呢
[00:28:06.600 --> 00:28:08.600]  我們來看看
[00:28:08.600 --> 00:28:09.600]  第一位的考生
[00:28:09.600 --> 00:28:13.600]  接受考驗的就是肥力
[00:28:13.600 --> 00:28:14.600]  肥力的答案是什麼呢
[00:28:14.600 --> 00:28:17.600]  他說兩百個銀幣的餅
[00:28:17.600 --> 00:28:25.600]  都不夠給他們每人吃一點
[00:28:25.600 --> 00:28:28.600]  他在回答什麼
[00:28:28.600 --> 00:28:29.600]  如果他覺得
[00:28:29.600 --> 00:28:33.600]  耶穌是能夠私人神蹟的主
[00:28:33.600 --> 00:28:35.600]  他說兩百個銀幣
[00:28:35.600 --> 00:28:39.600]  都不夠他們每人分到一點點來吃
[00:28:39.600 --> 00:28:41.600]  兩百個銀幣就是多少錢呢
[00:28:41.600 --> 00:28:43.600]  根據我們之前看福音
[00:28:43.600 --> 00:28:44.600]  耶穌的比喻裡面說
[00:28:44.600 --> 00:28:47.600]  一個銀幣就大約一天的薪水
[00:28:47.600 --> 00:28:49.600]  一個銀幣一天的薪水
[00:28:49.600 --> 00:28:52.600]  二百個銀幣就是二百天的薪水
[00:28:52.600 --> 00:28:54.600]  就是大約半年
[00:28:54.600 --> 00:28:56.600]  多於半年左右的收入
[00:28:56.600 --> 00:28:58.600]  一般人半年多的收入
[00:28:58.600 --> 00:29:00.600]  但分給五千個男人
[00:29:00.600 --> 00:29:05.600]  甚至乎加上五千個婦女加細胞
[00:29:05.600 --> 00:29:07.600]  那他就怎樣做呢
[00:29:07.600 --> 00:29:11.600]  我們見到肥力就立刻拿個算盤出來
[00:29:11.600 --> 00:29:12.600]  屈指一算
[00:29:12.600 --> 00:29:15.600]  算下算下算下之後就什麼
[00:29:15.600 --> 00:29:18.600]  這個數目是除不掉的
[00:29:18.600 --> 00:29:22.600]  這個數目是除不掉的
[00:29:22.600 --> 00:29:24.600]  我們見到肥力的方式
[00:29:24.600 --> 00:29:28.600]  是怎樣去回應耶穌呢
[00:29:28.600 --> 00:29:31.600]  他用了理性的計算
[00:29:31.600 --> 00:29:35.600]  理性的方法去計算
[00:29:35.600 --> 00:29:36.600]  計算完之後
[00:29:36.600 --> 00:29:38.600]  他的答案是什麼
[00:29:38.600 --> 00:29:40.600]  做不到
[00:29:40.600 --> 00:29:41.600]  不夠
[00:29:41.600 --> 00:29:46.600]  是不行的
[00:29:46.600 --> 00:29:51.600]  你有沒有想想是什麼問題
[00:29:51.600 --> 00:29:52.600]  他的答案就是
[00:29:52.600 --> 00:29:53.600]  計算不成功
[00:29:53.600 --> 00:29:56.600]  用理性的方式去面對
[00:29:56.600 --> 00:30:02.600]  但現在耶穌是神跡的主
[00:30:02.600 --> 00:30:06.600]  他沒有想過不夠錢會怎樣
[00:30:06.600 --> 00:30:08.600]  如果給我門徒
[00:30:08.600 --> 00:30:10.600]  我自己回去想
[00:30:10.600 --> 00:30:12.600]  我就一定求耶穌
[00:30:12.600 --> 00:30:14.600]  耶穌祈一個禱
[00:30:14.600 --> 00:30:18.600]  二百個銀幣變成二萬個銀幣
[00:30:18.600 --> 00:30:20.600]  當然是變錢
[00:30:20.600 --> 00:30:22.600]  行不行
[00:30:22.600 --> 00:30:26.600]  如果是耶穌 為什麼不行
[00:30:26.600 --> 00:30:28.600]  沒有想過這件事
[00:30:28.600 --> 00:30:32.600]  他又說不夠錢
[00:30:32.600 --> 00:30:35.600]  有時候這個問題就在於
[00:30:35.600 --> 00:30:37.600]  安德烈就是肥力
[00:30:37.600 --> 00:30:40.600]  他看到那個需要很大
[00:30:40.600 --> 00:30:44.600]  但他看不到耶穌很大
[00:30:44.600 --> 00:30:45.600]  再說一次
[00:30:45.600 --> 00:30:48.600]  他看到那個需要很大
[00:30:48.600 --> 00:30:52.600]  但他看不到耶穌很大
[00:30:52.600 --> 00:30:54.600]  他的想法就是
[00:30:54.600 --> 00:30:56.600]  把耶穌排除在
[00:30:56.600 --> 00:31:00.600]  他的計算方程式裏
[00:31:00.600 --> 00:31:01.600]  如果要計算
[00:31:01.600 --> 00:31:03.600]  要計算耶穌在這個方程式裏
[00:31:03.600 --> 00:31:06.600]  你就知道是可以的
[00:31:06.600 --> 00:31:09.600]  但肥力沒有把耶穌計算在
[00:31:09.600 --> 00:31:12.600]  他的神跡要見到的行動
[00:31:12.600 --> 00:31:14.600]  或者事情裏
[00:31:14.600 --> 00:31:19.600]  他只是看到這二百個銀幣是不足夠
[00:31:19.600 --> 00:31:24.600]  這二百個銀幣是不可能有事發生
[00:31:24.600 --> 00:31:27.600]  這也是我們常常在信心裏面
[00:31:27.600 --> 00:31:29.600]  我們遇到的問題
[00:31:29.600 --> 00:31:31.600]  神叫我們去做
[00:31:31.600 --> 00:31:32.600]  我們就說
[00:31:32.600 --> 00:31:34.600]  神叫我計算過
[00:31:34.600 --> 00:31:35.600]  不行
[00:31:35.600 --> 00:31:36.600]  錢不夠
[00:31:36.600 --> 00:31:37.600]  人手不夠
[00:31:37.600 --> 00:31:38.600]  時間不夠
[00:31:38.600 --> 00:31:39.600]  能力不夠
[00:31:39.600 --> 00:31:40.600]  經驗不夠
[00:31:40.600 --> 00:31:42.600]  教會不夠人
[00:31:42.600 --> 00:31:44.600]  我們的年紀已經不夠
[00:31:44.600 --> 00:31:45.600]  不行了
[00:31:45.600 --> 00:31:47.600]  我英文又不好
[00:31:47.600 --> 00:31:49.600]  家庭又不允許
[00:31:49.600 --> 00:31:52.600]  想很多理由去計算出來
[00:31:52.600 --> 00:31:53.600]  神要用你
[00:31:53.600 --> 00:31:55.600]  總是說不行的
[00:31:55.600 --> 00:31:57.600]  不行的
[00:31:57.600 --> 00:31:59.600]  肥力的問題就是問
[00:31:59.600 --> 00:32:00.600]  我們有多少錢?
[00:32:00.600 --> 00:32:02.600]  哪有可能?
[00:32:02.600 --> 00:32:07.600]  這就是肥力的答案
[00:32:07.600 --> 00:32:09.600]  所以第一個的考生
[00:32:09.600 --> 00:32:11.600]  面對耶穌這個測試
[00:32:11.600 --> 00:32:12.600]  不合格
[00:32:12.600 --> 00:32:13.600]  你給不給我合格?
[00:32:13.600 --> 00:32:14.600]  不合格
[00:32:14.600 --> 00:32:15.600]  肥老了
[00:32:15.600 --> 00:32:19.600]  但這個是每天見到耶穌行神蹟的
[00:32:19.600 --> 00:32:22.600]  各位的親近的門徒
[00:32:22.600 --> 00:32:26.600]  原來有時候我們好像越近耶穌
[00:32:26.600 --> 00:32:28.600]  原來我們的信心
[00:32:28.600 --> 00:32:30.600]  連那些街外人都不及
[00:32:30.600 --> 00:32:33.600]  我們真的很差
[00:32:33.600 --> 00:32:37.600]  第二個考生是誰?
[00:32:37.600 --> 00:32:39.600]  安德烈
[00:32:39.600 --> 00:32:40.600]  安德烈
[00:32:40.600 --> 00:32:41.600]  怎麼被考?
[00:32:41.600 --> 00:32:42.600]  第八第九節
[00:32:42.600 --> 00:32:43.600]  他說
[00:32:43.600 --> 00:32:44.600]  他說
[00:32:44.600 --> 00:32:45.600]  什麼呢?
[00:32:45.600 --> 00:32:47.600]  這裡有個孩子
[00:32:47.600 --> 00:32:50.600]  帶著五個餅和兩條魚
[00:32:50.600 --> 00:32:53.600]  分給這麼多人還算什麼呢?
[00:32:53.600 --> 00:32:55.600]  他說
[00:32:55.600 --> 00:32:58.600]  這五個餅兩條魚
[00:32:58.600 --> 00:33:00.600]  分不到
[00:33:00.600 --> 00:33:02.600]  不夠分
[00:33:02.600 --> 00:33:04.600]  不夠分
[00:33:04.600 --> 00:33:07.600]  這個安德烈可能
[00:33:07.600 --> 00:33:09.600]  比剛才肥力好一點
[00:33:09.600 --> 00:33:11.600]  肥力說
[00:33:11.600 --> 00:33:12.600]  不行
[00:33:12.600 --> 00:33:13.600]  計算完
[00:33:13.600 --> 00:33:14.600]  計算完之後
[00:33:14.600 --> 00:33:15.600]  他說
[00:33:15.600 --> 00:33:16.600]  都不夠
[00:33:16.600 --> 00:33:17.600]  不行
[00:33:17.600 --> 00:33:19.600]  現在安德烈都說什麼呢?
[00:33:19.600 --> 00:33:20.600]  他說
[00:33:20.600 --> 00:33:22.600]  還算什麼呢?
[00:33:22.600 --> 00:33:26.600]  他看到有資源
[00:33:26.600 --> 00:33:28.600]  現在他看到什麼?
[00:33:28.600 --> 00:33:30.600]  五個大麥餅和兩條魚
[00:33:30.600 --> 00:33:32.600]  再講清楚
[00:33:32.600 --> 00:33:33.600]  現在
[00:33:33.600 --> 00:33:36.600]  安德烈看到的不是那個孩子
[00:33:36.600 --> 00:33:37.600]  記得了
[00:33:37.600 --> 00:33:39.600]  起碼不要再錯了
[00:33:39.600 --> 00:33:40.600]  他看到
[00:33:40.600 --> 00:33:42.600]  五個大麥餅和兩條魚
[00:33:42.600 --> 00:33:44.600]  才是安德烈看到的重點
[00:33:44.600 --> 00:33:46.600]  不過他計算
[00:33:46.600 --> 00:33:47.600]  他又發現
[00:33:47.600 --> 00:33:48.600]  咦
[00:33:48.600 --> 00:33:49.600]  這次科技好一點
[00:33:49.600 --> 00:33:50.600]  他用計算機
[00:33:50.600 --> 00:33:52.600]  計算機計算
[00:33:52.600 --> 00:33:54.600]  原來都是計算不成的
[00:33:54.600 --> 00:33:55.600]  計算不成呢?
[00:33:55.600 --> 00:33:56.600]  他說
[00:33:56.600 --> 00:33:57.600]  喂
[00:33:57.600 --> 00:33:59.600]  怎麼算呢?
[00:33:59.600 --> 00:34:00.600]  他說
[00:34:00.600 --> 00:34:02.600]  這些都不夠分
[00:34:02.600 --> 00:34:04.600]  還算什麼呢?
[00:34:04.600 --> 00:34:05.600]  只有一點點
[00:34:06.600 --> 00:34:08.600]  只有一點點
[00:34:08.600 --> 00:34:10.600]  還算什麼呢?
[00:34:10.600 --> 00:34:12.600]  所以
[00:34:12.600 --> 00:34:13.600]  安德烈
[00:34:13.600 --> 00:34:14.600]  合格嗎?
[00:34:14.600 --> 00:34:16.600]  又胖了
[00:34:16.600 --> 00:34:18.600]  又胖了
[00:34:18.600 --> 00:34:21.600]  原來
[00:34:21.600 --> 00:34:23.600]  這兩個這麼近耶穌的人
[00:34:23.600 --> 00:34:27.600]  原來當面對神蹟的考驗的時候
[00:34:27.600 --> 00:34:29.600]  他們都被考起了
[00:34:29.600 --> 00:34:31.600]  發現原來自己
[00:34:31.600 --> 00:34:33.600]  的生活方式
[00:34:33.600 --> 00:34:35.600]  往往都在計算當中
[00:34:36.600 --> 00:34:38.600]  如果你是下一位的考生
[00:34:38.600 --> 00:34:41.600]  你猜你
[00:34:41.600 --> 00:34:42.600]  合格嗎?
[00:34:42.600 --> 00:34:46.600]  你的生活方式
[00:34:46.600 --> 00:34:49.600]  是不是都用自己的計算的方法
[00:34:49.600 --> 00:34:52.600]  去計算得到自己的人生
[00:34:52.600 --> 00:34:54.600]  那你才相信耶穌呢?
[00:34:54.600 --> 00:34:58.600]  計算得到
[00:34:58.600 --> 00:34:59.600]  我生活夠錢了
[00:34:59.600 --> 00:35:00.600]  我過老了
[00:35:00.600 --> 00:35:01.600]  有了退休
[00:35:01.600 --> 00:35:03.600]  什麼保險
[00:35:03.600 --> 00:35:04.600]  然後我才
[00:35:04.600 --> 00:35:05.600]  過了晚年
[00:35:05.600 --> 00:35:07.600]  我才相信耶穌
[00:35:07.600 --> 00:35:08.600]  又或者
[00:35:08.600 --> 00:35:09.600]  我要
[00:35:09.600 --> 00:35:11.600]  公司賺到盆滿缽滿
[00:35:11.600 --> 00:35:13.600]  到我死了都不用擔心
[00:35:13.600 --> 00:35:15.600]  那我才相信耶穌
[00:35:15.600 --> 00:35:17.600]  我要
[00:35:17.600 --> 00:35:19.600]  子女考到大學
[00:35:19.600 --> 00:35:21.600]  讀完大學找工作
[00:35:21.600 --> 00:35:22.600]  這個階段
[00:35:22.600 --> 00:35:23.600]  我才相信耶穌
[00:35:23.600 --> 00:35:25.600]  計算得太盡
[00:35:25.600 --> 00:35:27.600]  代表你相信耶穌
[00:35:27.600 --> 00:35:28.600]  就信不了
[00:35:28.600 --> 00:35:31.600]  信不了
[00:35:31.600 --> 00:35:34.600]  所以當耶穌考驗你的時候
[00:35:34.600 --> 00:35:36.600]  你就會肥老了
[00:35:36.600 --> 00:35:39.600]  所以說
[00:35:39.600 --> 00:35:40.600]  要經歷神蹟
[00:35:40.600 --> 00:35:42.600]  先學會不計算
[00:35:42.600 --> 00:35:45.600]  先學會不計算
[00:35:45.600 --> 00:35:46.600]  因為
[00:35:46.600 --> 00:35:48.600]  當你看你手有多少東西
[00:35:48.600 --> 00:35:50.600]  看你手有多少東西
[00:35:50.600 --> 00:35:51.600]  去計算的話
[00:35:51.600 --> 00:35:52.600]  手只有這麼多東西
[00:35:52.600 --> 00:35:55.600]  但神的手是什麼?
[00:35:55.600 --> 00:35:56.600]  大很多的
[00:35:56.600 --> 00:36:00.600]  不在你手裡的那些資源
[00:36:00.600 --> 00:36:02.600]  都在神的手裡
[00:36:03.600 --> 00:36:05.600]  神只用這裡一點點
[00:36:05.600 --> 00:36:08.600]  放多一點點在你手裡
[00:36:08.600 --> 00:36:10.600]  已經足夠有餘
[00:36:10.600 --> 00:36:13.600]  所以
[00:36:13.600 --> 00:36:15.600]  對我們一個挑戰就是
[00:36:15.600 --> 00:36:17.600]  我們會不會
[00:36:17.600 --> 00:36:19.600]  面對我們的生活
[00:36:19.600 --> 00:36:20.600]  工作
[00:36:20.600 --> 00:36:22.600]  或者我們服務的一些挑戰的時候
[00:36:22.600 --> 00:36:24.600]  我們都比較容易像肥力一樣
[00:36:24.600 --> 00:36:27.600]  陷入一種理性的計算和絕望裡
[00:36:27.600 --> 00:36:30.600]  又或者好像安德烈這樣
[00:36:30.600 --> 00:36:32.600]  覺得自己有
[00:36:32.600 --> 00:36:34.600]  不過微不足道
[00:36:34.600 --> 00:36:35.600]  做不到什麼
[00:36:35.600 --> 00:36:39.600]  今天的經文提醒你
[00:36:39.600 --> 00:36:40.600]  如何去重新想
[00:36:40.600 --> 00:36:41.600]  耶穌的大能
[00:36:41.600 --> 00:36:44.600]  你理解什麼是耶穌的大能呢?
[00:36:44.600 --> 00:36:46.600]  耶穌的大能是不是
[00:36:46.600 --> 00:36:48.600]  你說不行
[00:36:48.600 --> 00:36:49.600]  祂就不行呢?
[00:36:49.600 --> 00:36:51.600]  還是說
[00:36:51.600 --> 00:36:52.600]  你說不行
[00:36:52.600 --> 00:36:53.600]  祂也行呢?
[00:36:53.600 --> 00:36:57.600]  什麼是你眼裡的耶穌的大能?
[00:36:57.600 --> 00:36:59.600]  以至你能不能夠相信
[00:36:59.600 --> 00:37:01.600]  你的有限裡
[00:37:01.600 --> 00:37:03.600]  上帝仍然是無限
[00:37:03.600 --> 00:37:05.600]  你不懂得神蹟
[00:37:05.600 --> 00:37:06.600]  你只懂得計算機
[00:37:06.600 --> 00:37:08.600]  但是上帝有神蹟
[00:37:08.600 --> 00:37:10.600]  我們可以藉著我們的上帝
[00:37:10.600 --> 00:37:14.600]  去完成一件不可能完成的事
[00:37:14.600 --> 00:37:17.600]  這個就是關於第二個重點
[00:37:17.600 --> 00:37:19.600]  我們如何去面對測試
[00:37:19.600 --> 00:37:21.600]  如何去面對這個考驗呢?
[00:37:21.600 --> 00:37:24.600]  很牽涉你溫書熟不熟
[00:37:24.600 --> 00:37:29.600]  你用什麼方式去想原則
[00:37:30.600 --> 00:37:32.600]  第三個重點
[00:37:32.600 --> 00:37:36.600]  就是門徒分餅和魚給五千人
[00:37:36.600 --> 00:37:39.600]  耶穌就分生命的餅給所有人
[00:37:39.600 --> 00:37:40.600]  接著我們看到
[00:37:40.600 --> 00:37:43.600]  耶穌就開始去安頓
[00:37:43.600 --> 00:37:46.600]  來到的每一個人群坐好
[00:37:46.600 --> 00:37:47.600]  排好隊
[00:37:47.600 --> 00:37:49.600]  坐在草地上
[00:37:49.600 --> 00:37:51.600]  安頓好之後
[00:37:51.600 --> 00:37:53.600]  耶穌就做了一件事
[00:37:53.600 --> 00:37:54.600]  耶穌拿起餅來
[00:37:54.600 --> 00:37:55.600]  就竹蔗了
[00:37:55.600 --> 00:37:57.600]  就分給坐著的人
[00:37:57.600 --> 00:38:00.600]  同樣把魚分給那些人
[00:38:00.600 --> 00:38:03.600]  都照他們所要的來分
[00:38:03.600 --> 00:38:05.600]  這裡我們看到
[00:38:05.600 --> 00:38:08.600]  就是耶穌不是親自去派的
[00:38:08.600 --> 00:38:09.600]  你留意一下
[00:38:09.600 --> 00:38:10.600]  因為五千人
[00:38:10.600 --> 00:38:11.600]  加上婦女一萬人
[00:38:11.600 --> 00:38:13.600]  不會是耶穌親自去派的
[00:38:13.600 --> 00:38:14.600]  是耶穌分開之後
[00:38:14.600 --> 00:38:15.600]  就分給門徒
[00:38:15.600 --> 00:38:18.600]  再由門徒去分派給這些人
[00:38:18.600 --> 00:38:20.600]  而在過程裡面
[00:38:20.600 --> 00:38:24.600]  門徒去分餅和魚給五千人的時候
[00:38:24.600 --> 00:38:27.600]  我們看到每個人都有得吃
[00:38:27.600 --> 00:38:29.600]  每個人都有得吃
[00:38:29.600 --> 00:38:33.600]  顯明了這份的供應是豐豐富富的
[00:38:33.600 --> 00:38:37.600]  這個供應是豐豐富富的
[00:38:37.600 --> 00:38:41.600]  但我們怎樣理解豐豐富富呢?
[00:38:41.600 --> 00:38:46.600]  我們中國人新年的時候
[00:38:46.600 --> 00:38:47.600]  就會說一句話
[00:38:47.600 --> 00:38:50.600]  年年有餘
[00:38:50.600 --> 00:38:53.600]  有時候我們怎樣才覺得豐富呢?
[00:38:53.600 --> 00:38:57.600]  吃完了還有剩餘才可以
[00:38:57.600 --> 00:38:59.600]  所以我岳母煮飯
[00:38:59.600 --> 00:39:00.600]  每次都煮很多
[00:39:00.600 --> 00:39:03.600]  有剩餘
[00:39:03.600 --> 00:39:04.600]  而我們看到
[00:39:04.600 --> 00:39:06.600]  接著發生的事情是什麼呢?
[00:39:06.600 --> 00:39:10.600]  餵飽五千人之後
[00:39:10.600 --> 00:39:14.600]  門徒再去收集那些碎屑的時候
[00:39:14.600 --> 00:39:16.600]  這裡聖經說什麼?
[00:39:16.600 --> 00:39:19.600]  他們就把五個大麥餅的碎屑
[00:39:19.600 --> 00:39:24.600]  就像大家吃剩的收拾起來裝滿了十二個籃子
[00:39:24.600 --> 00:39:27.600]  第一你要留意的就是
[00:39:27.600 --> 00:39:29.600]  仍然是豐豐富富
[00:39:29.600 --> 00:39:35.600]  不單止豐豐富富夠你吃得飽
[00:39:35.600 --> 00:39:38.600]  而且豐豐富富到有剩餘
[00:39:38.600 --> 00:39:40.600]  剩餘了十二個籃子
[00:39:40.600 --> 00:39:42.600]  這是第一
[00:39:42.600 --> 00:39:44.600]  第二你要留意的
[00:39:44.600 --> 00:39:45.600]  當你讀聖經
[00:39:45.600 --> 00:39:47.600]  你留意這段聖經裡面說什麼?
[00:39:47.600 --> 00:39:52.600]  是把五個大麥餅的碎屑收拾起來
[00:39:52.600 --> 00:39:57.600]  那有沒有魚呢?
[00:39:57.600 --> 00:40:01.600]  考考大家
[00:40:01.600 --> 00:40:04.600]  你猜這些收回來的十二個籃子有沒有魚呢?
[00:40:04.600 --> 00:40:09.600]  吃了魚和餅
[00:40:09.600 --> 00:40:12.600]  有沒有魚剩呢?
[00:40:16.600 --> 00:40:18.600]  這次不要說答案
[00:40:18.600 --> 00:40:21.600]  大家查一下四卷福音書看看答案
[00:40:21.600 --> 00:40:26.600]  你回去查馬太馬可露的福音書找答案
[00:40:26.600 --> 00:40:29.600]  究竟有沒有魚呢?
[00:40:29.600 --> 00:40:32.600]  不過我等一下也要解釋有沒有魚
[00:40:32.600 --> 00:40:37.600]  答案就是有魚的
[00:40:37.600 --> 00:40:39.600]  當你看回福音書
[00:40:39.600 --> 00:40:43.600]  原來十二個籃子裡面有餅有魚剩
[00:40:45.600 --> 00:40:47.600]  但我想帶出來的重點是
[00:40:47.600 --> 00:40:50.600]  約翰想寫什麼呢?
[00:40:50.600 --> 00:40:53.600]  約翰沒有寫魚
[00:40:53.600 --> 00:41:00.600]  約翰在約翰福音沒有寫有魚剩
[00:41:00.600 --> 00:41:01.600]  即是說
[00:41:01.600 --> 00:41:02.600]  在約翰福音裡面
[00:41:02.600 --> 00:41:04.600]  他只是想將我們的焦點
[00:41:04.600 --> 00:41:08.600]  由五餅和二魚收窄一點
[00:41:08.600 --> 00:41:10.600]  只看到餅
[00:41:11.600 --> 00:41:16.600]  這就是約翰寫的方式和重點
[00:41:16.600 --> 00:41:21.600]  當約翰嘗試將焦點
[00:41:21.600 --> 00:41:25.600]  由五餅和二魚到最後十二個籃子
[00:41:25.600 --> 00:41:27.600]  特別是提到餅的時候
[00:41:27.600 --> 00:41:29.600]  將焦點集中在這裡的時候
[00:41:29.600 --> 00:41:32.600]  所以我們見到
[00:41:32.600 --> 00:41:35.600]  在約翰福音就這樣說
[00:41:35.600 --> 00:41:40.600]  特別提到把剩下的碎屑收拾起來
[00:41:40.600 --> 00:41:41.600]  免得糟蹋
[00:41:41.600 --> 00:41:45.600]  這裡提到一個很重要的事情
[00:41:45.600 --> 00:41:47.600]  就是剛才我們見到
[00:41:47.600 --> 00:41:48.600]  上帝施行神蹟的時候
[00:41:48.600 --> 00:41:49.600]  耶穌施行神蹟的時候
[00:41:49.600 --> 00:41:50.600]  我們吃的時候
[00:41:50.600 --> 00:41:52.600]  我們豐豐富富
[00:41:52.600 --> 00:41:54.600]  原來吃完之後都豐豐富富
[00:41:54.600 --> 00:41:56.600]  而且有十二個籃子剩下
[00:41:56.600 --> 00:41:59.600]  而耶穌特別提到的一件事情
[00:41:59.600 --> 00:42:02.600]  就是將那些碎屑收拾起來之後
[00:42:02.600 --> 00:42:04.600]  免得糟蹋
[00:42:04.600 --> 00:42:07.600]  所以這就是今天第三個想的重點
[00:42:07.600 --> 00:42:08.600]  就是浪費
[00:42:10.600 --> 00:42:11.600]  這個是不是一個浪費呢?
[00:42:11.600 --> 00:42:13.600]  或者怎麼說呢?
[00:42:13.600 --> 00:42:14.600]  Nothing to waste
[00:42:14.600 --> 00:42:17.600]  耶穌說不要有東西浪費了
[00:42:17.600 --> 00:42:20.600]  不要有東西浪費了
[00:42:20.600 --> 00:42:21.600]  究竟想說什麼呢?
[00:42:21.600 --> 00:42:23.600]  我們來看看
[00:42:23.600 --> 00:42:27.600]  我們今天要第三個重點思考
[00:42:27.600 --> 00:42:29.600]  就是什麼叫免得糟蹋
[00:42:29.600 --> 00:42:34.600]  不要浪費一些東西
[00:42:34.600 --> 00:42:37.600]  說一種生活態度
[00:42:37.600 --> 00:42:40.600]  就是我們包括了
[00:42:40.600 --> 00:42:41.600]  我們實際生活裡面
[00:42:41.600 --> 00:42:43.600]  當我們有很多的食物
[00:42:43.600 --> 00:42:46.600]  有很多的上帝豐富供應的時候
[00:42:46.600 --> 00:42:48.600]  甚至供應到你滿到寫的時候
[00:42:48.600 --> 00:42:50.600]  你要知道什麼呢?
[00:42:50.600 --> 00:42:52.600]  不要浪費
[00:42:52.600 --> 00:42:56.600]  這是最基本最表面的理解
[00:42:56.600 --> 00:42:59.600]  今天我們經常都豐豐富富
[00:42:59.600 --> 00:43:01.600]  但是就真的不要浪費了
[00:43:01.600 --> 00:43:03.600]  上帝給我們的東西
[00:43:03.600 --> 00:43:04.600]  所以一方面
[00:43:04.600 --> 00:43:07.600]  我覺得這裡美國的人都挺有趣
[00:43:07.600 --> 00:43:08.600]  挺好
[00:43:08.600 --> 00:43:10.600]  就是每一次去叫東西吃
[00:43:10.600 --> 00:43:11.600]  總是有東西剩的
[00:43:11.600 --> 00:43:12.600]  不知道為什麼
[00:43:12.600 --> 00:43:14.600]  而且通常都會有打包的
[00:43:14.600 --> 00:43:18.600]  那打包是不是沒有浪費?
[00:43:18.600 --> 00:43:20.600]  是不是?
[00:43:20.600 --> 00:43:21.600]  對不對?
[00:43:21.600 --> 00:43:23.600]  你用什麼打包的?
[00:43:23.600 --> 00:43:26.600]  紙盒
[00:43:26.600 --> 00:43:27.600]  接著呢?
[00:43:27.600 --> 00:43:28.600]  膠盒
[00:43:28.600 --> 00:43:31.600]  膠盒環不環保的?
[00:43:32.600 --> 00:43:34.600]  其實膠盒不環保的
[00:43:34.600 --> 00:43:37.600]  其實紙盒都不是很環保的
[00:43:37.600 --> 00:43:39.600]  我自己想這個問題
[00:43:39.600 --> 00:43:41.600]  就是我們怎樣去不要糟蹋
[00:43:41.600 --> 00:43:43.600]  我們不單不要糟蹋食物
[00:43:43.600 --> 00:43:46.600]  其實我們不要糟蹋上帝創造的資源
[00:43:46.600 --> 00:43:50.600]  所以我自己都經常都想
[00:43:50.600 --> 00:43:52.600]  我們是不是應該帶玻璃盒出街呢?
[00:43:52.600 --> 00:43:54.600]  是不是?
[00:43:54.600 --> 00:43:56.600]  其實你每一次拿剩的東西
[00:43:56.600 --> 00:43:58.600]  膠袋、膠盒、膠盒
[00:43:58.600 --> 00:43:59.600]  加起來
[00:43:59.600 --> 00:44:02.600]  其實你那裡浪費的對大自然的損害
[00:44:02.600 --> 00:44:04.600]  比其他地方還要大
[00:44:04.600 --> 00:44:06.600]  你帶一個玻璃盒就已經可以了
[00:44:06.600 --> 00:44:09.600]  所以如果我們要思考不要糟蹋的問題
[00:44:09.600 --> 00:44:12.600]  以後我們真的要帶多些膠盒
[00:44:12.600 --> 00:44:14.600]  或者玻璃盒去裝食物
[00:44:14.600 --> 00:44:16.600]  不要每次都要別人拿
[00:44:16.600 --> 00:44:19.600]  我們香港人就不方便
[00:44:19.600 --> 00:44:21.600]  拿著膠盒、玻璃盒出街
[00:44:21.600 --> 00:44:22.600]  但我們是美國人嘛
[00:44:22.600 --> 00:44:24.600]  我也是美國人
[00:44:24.600 --> 00:44:25.600]  美國人有什麼?
[00:44:25.600 --> 00:44:26.600]  有車嘛
[00:44:26.600 --> 00:44:28.600]  你擺好幾個玻璃盒在車上
[00:44:28.600 --> 00:44:29.600]  就可以了
[00:44:29.600 --> 00:44:31.600]  吃完東西就去車上拿
[00:44:31.600 --> 00:44:32.600]  拿幾部就好了
[00:44:32.600 --> 00:44:33.600]  如果在香港
[00:44:33.600 --> 00:44:34.600]  去停車場
[00:44:34.600 --> 00:44:35.600]  走五分鐘的
[00:44:35.600 --> 00:44:36.600]  你不用
[00:44:36.600 --> 00:44:37.600]  你走出去停車場
[00:44:37.600 --> 00:44:38.600]  不要浪費
[00:44:38.600 --> 00:44:41.600]  而且什麼叫不要浪費呢?
[00:44:41.600 --> 00:44:43.600]  免得糟蹋的第二個層次的意義
[00:44:43.600 --> 00:44:44.600]  對於我來說就是什麼?
[00:44:44.600 --> 00:44:46.600]  既然有剩了
[00:44:46.600 --> 00:44:47.600]  你又吃不完
[00:44:47.600 --> 00:44:50.600]  就應該要分享
[00:44:50.600 --> 00:44:52.600]  所以我們迦勒團
[00:44:52.600 --> 00:44:53.600]  每一次禮拜三
[00:44:53.600 --> 00:44:55.600]  我叫他們帶少少東西吃
[00:44:55.600 --> 00:44:56.600]  其實每次都是
[00:44:56.600 --> 00:44:57.600]  我說帶少少東西吃
[00:44:57.600 --> 00:44:59.600]  夠現場的人吃的
[00:44:59.600 --> 00:45:00.600]  每次豐富到
[00:45:00.600 --> 00:45:02.600]  幾十個盤子要拿走
[00:45:02.600 --> 00:45:05.600]  老人家真是有問題的
[00:45:05.600 --> 00:45:06.600]  你知道我的意思
[00:45:06.600 --> 00:45:07.600]  不是說他們那些問題
[00:45:07.600 --> 00:45:08.600]  而是他們原來
[00:45:08.600 --> 00:45:10.600]  真的遇到很豐富的東西
[00:45:10.600 --> 00:45:12.600]  所以他們很感恩
[00:45:12.600 --> 00:45:14.600]  我們每一次的迦勒團
[00:45:14.600 --> 00:45:15.600]  結束了
[00:45:15.600 --> 00:45:16.600]  總有一些弟兄姊妹
[00:45:16.600 --> 00:45:18.600]  將食物帶去會所
[00:45:18.600 --> 00:45:20.600]  和其他人分享
[00:45:20.600 --> 00:45:22.600]  這個就重要了
[00:45:22.600 --> 00:45:25.600]  這個就不是糟蹋了
[00:45:25.600 --> 00:45:27.600]  我們生活裏要想想
[00:45:27.600 --> 00:45:28.600]  如何好好用上帝
[00:45:28.600 --> 00:45:29.600]  給我們的一切
[00:45:29.600 --> 00:45:30.600]  不要糟蹋
[00:45:30.600 --> 00:45:33.600]  這是第一個層次
[00:45:33.600 --> 00:45:35.600]  但原來糟蹋這個字
[00:45:35.600 --> 00:45:37.600]  有第二個層次的
[00:45:37.600 --> 00:45:38.600]  這個也是約翰
[00:45:38.600 --> 00:45:40.600]  很想你知道的層次
[00:45:40.600 --> 00:45:42.600]  是什麼意思呢?
[00:45:42.600 --> 00:45:44.600]  因為糟蹋這個字
[00:45:44.600 --> 00:45:46.600]  原來和滅亡
[00:45:46.600 --> 00:45:48.600]  失落有關係
[00:45:48.600 --> 00:45:53.600]  不知滅亡反得永生
[00:45:54.600 --> 00:45:56.600]  原來不知滅亡的滅亡
[00:45:56.600 --> 00:45:57.600]  也是糟蹋
[00:45:57.600 --> 00:45:59.600]  我們不知被糟蹋
[00:45:59.600 --> 00:46:01.600]  反而得到永生
[00:46:01.600 --> 00:46:05.600]  說什麼呢?
[00:46:05.600 --> 00:46:06.600]  原來耶穌說
[00:46:06.600 --> 00:46:08.600]  你不要將餅糟蹋的時候
[00:46:08.600 --> 00:46:10.600]  為什麼要將焦點
[00:46:10.600 --> 00:46:11.600]  放在餅上呢?
[00:46:11.600 --> 00:46:13.600]  因為從五餅二魚
[00:46:13.600 --> 00:46:15.600]  去到耶穌修正
[00:46:15.600 --> 00:46:18.600]  十二個男子的餅碎
[00:46:18.600 --> 00:46:21.600]  而餅碎這個bread
[00:46:21.600 --> 00:46:23.600]  這裏英文叫bread
[00:46:23.600 --> 00:46:25.600]  但其實去到後面
[00:46:25.600 --> 00:46:26.600]  第六章的後面
[00:46:26.600 --> 00:46:28.600]  耶穌就在說
[00:46:28.600 --> 00:46:29.600]  他也是bread
[00:46:29.600 --> 00:46:32.600]  他也是個餅
[00:46:32.600 --> 00:46:33.600]  不是什麼
[00:46:33.600 --> 00:46:34.600]  Life of bread
[00:46:34.600 --> 00:46:36.600]  生命的糧
[00:46:36.600 --> 00:46:39.600]  原來去到第六章後面就說
[00:46:39.600 --> 00:46:40.600]  耶穌說
[00:46:40.600 --> 00:46:43.600]  他自己就是生命的糧
[00:46:43.600 --> 00:46:45.600]  就是說耶穌本身
[00:46:45.600 --> 00:46:47.600]  就是那個糧
[00:46:47.600 --> 00:46:50.600]  就是那個生命麵包
[00:46:52.600 --> 00:46:54.600]  所以約翰這裏特別說
[00:46:54.600 --> 00:46:56.600]  當不要糟蹋的時候
[00:46:56.600 --> 00:46:58.600]  不單止說不要糟蹋
[00:46:58.600 --> 00:46:59.600]  我們實際的食物
[00:46:59.600 --> 00:47:01.600]  更加約翰說
[00:47:01.600 --> 00:47:04.600]  不要糟蹋耶穌在你生命裏
[00:47:04.600 --> 00:47:08.600]  這個是我們信仰
[00:47:08.600 --> 00:47:09.600]  要想的態度
[00:47:09.600 --> 00:47:10.600]  我們會不會有時候
[00:47:10.600 --> 00:47:12.600]  我們糟蹋了耶穌
[00:47:12.600 --> 00:47:14.600]  在我們生命裏面呢?
[00:47:14.600 --> 00:47:19.600]  約翰福音十六章三十五節
[00:47:19.600 --> 00:47:20.600]  耶穌就親自說
[00:47:20.600 --> 00:47:22.600]  我就是生命的糧
[00:47:22.600 --> 00:47:24.600]  這個生命的糧
[00:47:24.600 --> 00:47:25.600]  就是生命的那個餅
[00:47:25.600 --> 00:47:27.600]  剛才我們讀的那個意思
[00:47:27.600 --> 00:47:30.600]  到我這裏來的絕不飢餓
[00:47:30.600 --> 00:47:34.600]  我們吃的那些生命麵包
[00:47:34.600 --> 00:47:36.600]  都會肚餓的
[00:47:36.600 --> 00:47:37.600]  但耶穌說
[00:47:37.600 --> 00:47:39.600]  來到耶穌面前的人
[00:47:39.600 --> 00:47:41.600]  得到耶穌這個餅的餵養
[00:47:41.600 --> 00:47:42.600]  是絕不飢餓
[00:47:42.600 --> 00:47:45.600]  信我的永不乾渴
[00:47:45.600 --> 00:47:49.600]  所以耶穌連漢德建的大麥餅
[00:47:49.600 --> 00:47:52.600]  和這些碎屑都不許糟蹋
[00:47:52.600 --> 00:47:53.600]  更何況
[00:47:53.600 --> 00:47:56.600]  耶穌以祂的身體
[00:47:56.600 --> 00:47:58.600]  來打破一切
[00:47:58.600 --> 00:48:00.600]  將在十字架上流上補血
[00:48:00.600 --> 00:48:02.600]  來換取我們生命的
[00:48:02.600 --> 00:48:04.600]  這個生命之糧呢?
[00:48:04.600 --> 00:48:06.600]  我們要警惕了
[00:48:06.600 --> 00:48:08.600]  我們要對耶穌
[00:48:08.600 --> 00:48:10.600]  對我們在生命裏面
[00:48:10.600 --> 00:48:11.600]  所做的一切
[00:48:11.600 --> 00:48:13.600]  我們不要糟蹋
[00:48:13.600 --> 00:48:16.600]  因為有時候
[00:48:16.600 --> 00:48:19.600]  我們今天走出來的樣子
[00:48:19.600 --> 00:48:20.600]  或者我們做基督徒
[00:48:20.600 --> 00:48:21.600]  我們做得有時候
[00:48:21.600 --> 00:48:23.600]  一個狀況就是
[00:48:23.600 --> 00:48:25.600]  糟蹋了主耶穌
[00:48:25.600 --> 00:48:27.600]  為我們的白白犧牲
[00:48:27.600 --> 00:48:32.600]  耶穌為我們犧牲
[00:48:32.600 --> 00:48:33.600]  不只是要我們
[00:48:33.600 --> 00:48:34.600]  吃得好
[00:48:34.600 --> 00:48:35.600]  穿得好
[00:48:35.600 --> 00:48:37.600]  耶穌為我們的犧牲
[00:48:37.600 --> 00:48:38.600]  要我們活得好
[00:48:38.600 --> 00:48:40.600]  活得像一個基督徒
[00:48:40.600 --> 00:48:42.600]  活得像一個
[00:48:42.600 --> 00:48:44.600]  耶穌所愛的門徒
[00:48:44.600 --> 00:48:47.600]  活得像天父的兒女
[00:48:47.600 --> 00:48:50.600]  這個才不糟蹋了
[00:48:50.600 --> 00:48:51.600]  耶穌為我們
[00:48:51.600 --> 00:48:53.600]  在十字架上的白白犧牲
[00:48:53.600 --> 00:48:58.600]  約翰在第六章
[00:48:58.600 --> 00:49:00.600]  藉著耶穌的神蹟
[00:49:00.600 --> 00:49:01.600]  要記錄下來
[00:49:01.600 --> 00:49:03.600]  就是要讓我們知道
[00:49:03.600 --> 00:49:05.600]  這個神蹟是一個Sign
[00:49:05.600 --> 00:49:06.600]  一個記號
[00:49:06.600 --> 00:49:08.600]  這個記號指示牌
[00:49:08.600 --> 00:49:09.600]  是指向什麼?
[00:49:09.600 --> 00:49:11.600]  指向如果你肚餓
[00:49:11.600 --> 00:49:13.600]  不要只吃這些餅
[00:49:13.600 --> 00:49:14.600]  而是指向
[00:49:14.600 --> 00:49:16.600]  耶穌這個生命的糧
[00:49:16.600 --> 00:49:17.600]  生命的餅
[00:49:17.600 --> 00:49:19.600]  生命的麵包
[00:49:19.600 --> 00:49:22.600]  祂才能賜給你真生命
[00:49:22.600 --> 00:49:25.600]  約翰藉著這個神蹟
[00:49:25.600 --> 00:49:27.600]  要去表明這件事情
[00:49:27.600 --> 00:49:30.600]  而這件事情裏面
[00:49:30.600 --> 00:49:31.600]  我們要做一個
[00:49:31.600 --> 00:49:32.600]  很重要的事情
[00:49:32.600 --> 00:49:33.600]  去回應上帝
[00:49:33.600 --> 00:49:35.600]  就是不要糟蹋了
[00:49:35.600 --> 00:49:40.600]  什麼叫不要糟蹋?
[00:49:40.600 --> 00:49:41.600]  耶穌為我們所犧牲的一切
[00:49:41.600 --> 00:49:43.600]  為我們所救的一切
[00:49:43.600 --> 00:49:45.600]  上帝給你恩賜
[00:49:45.600 --> 00:49:47.600]  你又不用嗎?
[00:49:47.600 --> 00:49:49.600]  那就糟蹋了
[00:49:49.600 --> 00:49:50.600]  上帝給你能力
[00:49:50.600 --> 00:49:51.600]  你又不去用嗎?
[00:49:51.600 --> 00:49:52.600]  那就糟蹋了
[00:49:52.600 --> 00:49:54.600]  上帝給你很多的財富
[00:49:54.600 --> 00:49:55.600]  你又不去用嗎?
[00:49:55.600 --> 00:49:56.600]  那就糟蹋了
[00:49:56.600 --> 00:49:58.600]  上帝給你一把好好的歌聲
[00:49:58.600 --> 00:49:59.600]  你又不去唱出口嗎?
[00:49:59.600 --> 00:50:00.600]  那就糟蹋了
