
[00:00:00.000 --> 00:00:11.000]  主持人:各位姊妹早晨,今日寒冷的天氣都感謝主,大家都仍然都在溫暖的床上都能夠起來一齊去聆聽神的話語,我們一齊低頭禱告。
[00:00:11.000 --> 00:00:19.000]  早晨我們讚美祢,多謝祢由春夏秋冬讓我們能夠看見祢的創造,亦感受到祢的創造。
[00:00:19.000 --> 00:00:25.000]  多謝主祢的恩典,讓我們有生命氣息來向祢敬拜。
[00:00:25.000 --> 00:00:36.000]  主願祢在崇拜當中坐著為王,求祢來到當中親自對眾人說話,讓下子所領受的,都能夠與姊妹一同去分享。
[00:00:36.000 --> 00:00:44.000]  主求祢用祢的話語來更新我們的生命,讓我們知道如何成為祢的門徒,求主幫助。
[00:00:44.000 --> 00:00:48.000]  以下以上禱告奉祢為主寶貴,所謂至其道。
[00:00:48.000 --> 00:00:58.000]  很多時候在信仰當中都會有很多的迷思,不知道你自己是否覺得自己是一個基督徒呢?
[00:00:58.000 --> 00:01:05.000]  有些都是噁心的,又不知道你自己是否覺得自己是一個門徒呢?
[00:01:05.000 --> 00:01:12.000]  基督徒和門徒是不是一樣的東西呢?
[00:01:12.000 --> 00:01:16.000]  有些人可能覺得我是基督徒而已,我不是門徒。
[00:01:16.000 --> 00:01:20.000]  有些人可能覺得我既是基督徒又是門徒。
[00:01:20.000 --> 00:01:27.000]  基督徒是有一個廣泛的定義,就是你是一個基督徒的身份。
[00:01:27.000 --> 00:01:35.000]  而門徒是一個歷程在當中,你是基督徒,同時你也是門徒。
[00:01:35.000 --> 00:01:37.000]  你是門徒,同時也是基督徒。
[00:01:37.000 --> 00:01:48.000]  很多時候在聽弟兄姊妹分享的時候,我都是一個平信徒,有多平呢?
[00:01:48.000 --> 00:01:51.000]  我的信徒是凸出來的,難道凸出來的信徒?
[00:01:51.000 --> 00:01:57.000]  所以有時候我們在字眼上都要留意自己在說什麼呢?
[00:01:57.000 --> 00:02:02.000]  今天再修正,就是蒙召作門徒。
[00:02:02.000 --> 00:02:08.000]  門徒其實有幾個條件,今天我就不做問題了。
[00:02:08.000 --> 00:02:12.000]  我馬上給你答案,看你能夠思想到底是什麼。
[00:02:12.000 --> 00:02:19.000]  門徒有幾個條件,第一件事就是你要重排你的優次。
[00:02:19.000 --> 00:02:23.000]  第二個是你的身份,新的身份。
[00:02:23.000 --> 00:02:25.000]  第三是你的儒信恩典。
[00:02:25.000 --> 00:02:31.000]  門徒的條件是要重排優次,新的身份和儒信恩典。
[00:02:31.000 --> 00:02:36.000]  我們在這三點當中一起探索門徒的條件是什麼。
[00:02:36.000 --> 00:02:43.000]  在路加福音,其實在路加福音一至八章的時候,
[00:02:43.000 --> 00:02:49.000]  有學者認為在一至八章,耶穌是不斷在說我是誰,
[00:02:49.000 --> 00:02:55.000]  我是誰,去揭示他是神的兒子,去揭示他是耶穌基督。
[00:02:55.000 --> 00:03:03.000]  由第九章到第十一章,其實是在說一個歷程如何去跟從耶穌。
[00:03:03.000 --> 00:03:13.000]  到第九章的時候,當耶穌問門徒你們說我是誰,
[00:03:13.000 --> 00:03:18.000]  彼得在聖靈的帶領之下就說你是神所立的基督,
[00:03:18.000 --> 00:03:21.000]  其實在原文是說你就是基督,是神的基督。
[00:03:21.000 --> 00:03:25.000]  耶穌切切吩咐你們不要亂跟別人說話,
[00:03:25.000 --> 00:03:32.000]  因為我們基督將會受很多苦,要被釘十字架,要被人唾棄,要被人遺棄。
[00:03:32.000 --> 00:03:40.000]  所以由第九章開始,耶穌不斷在一至八章說耶穌是誰,
[00:03:40.000 --> 00:03:45.000]  而九至十六章是教導門徒如何跟從耶穌。
[00:03:45.000 --> 00:03:53.000]  第二章是重排休辭,看起來很簡單,我們要探索如何重排休辭。
[00:03:53.000 --> 00:04:02.000]  有一群門徒說,有三個門徒很主動很積極地跟耶穌說,
[00:04:02.000 --> 00:04:07.000]  當他們在行走的時候,有一個主動跟耶穌說,
[00:04:07.000 --> 00:04:15.000]  「耶穌,你去哪裡?你去哪裡我都跟從你。」不過耶穌回答的很奇特,
[00:04:15.000 --> 00:04:23.000]  「狐狸有動,天空的飛鳥有窩,只是我住的地方沒有枕頭。」
[00:04:23.000 --> 00:04:28.000]  究竟耶穌說了什麼呢?耶穌知道對方的門徒說,
[00:04:28.000 --> 00:04:35.000]  「其實你來跟從我,我都覺得是好事,你跟從耶穌是好事,沒有什麼特別錯的事。」
[00:04:35.000 --> 00:04:41.000]  不過耶穌看到一點就是,你跟從我的期望好像有些東西不同了。
[00:04:41.000 --> 00:04:47.000]  過往可能你要求你期望一個彌撞亞是一個團結民族的,
[00:04:47.000 --> 00:04:55.000]  或者是揭竿起義對抗羅馬政府的,或者是復興以色列國的彌撞亞。
[00:04:55.000 --> 00:05:03.000]  但是耶穌說,你所期望的彌撞亞和我真實的彌撞亞有些不同。
[00:05:03.000 --> 00:05:08.000]  這個彌撞亞是有別於你所想的,我將會釘十字架,
[00:05:08.000 --> 00:05:14.000]  我將會走上十字架道路,我將會被人踢起,我將會受苦來完成這個救贖。
[00:05:14.000 --> 00:05:18.000]  所以當耶穌跟這個門徒說的時候,你想清楚,
[00:05:18.000 --> 00:05:23.000]  你想的期望和我實際跟從的耶穌的期望有些不同。
[00:05:23.000 --> 00:05:30.000]  在第二第三節,同樣兩個人都有這樣的回應。
[00:05:30.000 --> 00:05:36.000]  當耶穌正在走的時候,當耶穌呼召這兩個人,
[00:05:36.000 --> 00:05:42.000]  有一個人呼召你們跟從我,然後兩個人回應怎樣呢?
[00:05:42.000 --> 00:05:45.000]  他說,主啊,容我先埋葬我的父親。
[00:05:45.000 --> 00:05:48.000]  同時第二個人說,主啊,我會跟從你的,
[00:05:48.000 --> 00:05:52.000]  不過容我先慈別我家裡的人。
[00:05:52.000 --> 00:05:59.000]  在這兩個人所表達的信息的時候,回應耶穌的信息的時候,
[00:05:59.000 --> 00:06:02.000]  都是同樣的,主啊,我願意跟從你,
[00:06:02.000 --> 00:06:06.000]  但是容我先,在英文是let me first。
[00:06:06.000 --> 00:06:10.000]  我再翻查原文的時候,很強調"我"字,
[00:06:10.000 --> 00:06:16.000]  很多時候原文的"我"字是在希臘文的字尾那裡show出來的,
[00:06:16.000 --> 00:06:21.000]  但是在字幕當中特別強調"我",容我,給我先。
[00:06:21.000 --> 00:06:26.000]  主啊,我跟從你的,但是給我先做了這件事。
[00:06:26.000 --> 00:06:31.000]  很多時候耶穌,我們都是這樣去回應的,
[00:06:31.000 --> 00:06:34.000]  耶穌說,我是跟從你的,我相信你是基督的,
[00:06:34.000 --> 00:06:39.000]  不過讓我先做了這件事,會不會很像你自己呢?
[00:06:39.000 --> 00:06:42.000]  或者像我們每個人呢?
[00:06:42.000 --> 00:06:46.000]  第一個人說,主啊,容我跟從你,
[00:06:46.000 --> 00:06:49.000]  容我先慈別,和我家裡的人說再見。
[00:06:49.000 --> 00:06:56.000]  耶穌回答很奇特,祂說,守扶著泥往後看的,不配進神的國。
[00:06:56.000 --> 00:06:58.000]  究竟是說什麼意思呢?
[00:06:58.000 --> 00:07:02.000]  昔日在第一世紀的時候,
[00:07:02.000 --> 00:07:06.000]  農民要耕作的時候,一邊要拿著一隻牛,
[00:07:06.000 --> 00:07:10.000]  一邊要拿著泥耙來前行,
[00:07:10.000 --> 00:07:14.000]  因為在泥頭當中有石頭,或者有大石,
[00:07:14.000 --> 00:07:19.000]  來阻礙農夫耕種,
[00:07:19.000 --> 00:07:24.000]  所以要拿著牛耳和泥耙很專注地耕作。
[00:07:24.000 --> 00:07:29.000]  如果你不專注耕作的話,其實隨時會踩到石頭,
[00:07:29.000 --> 00:07:32.000]  或者你的工具會爛掉。
[00:07:32.000 --> 00:07:37.000]  耶穌說,你要專注地向前跟從。
[00:07:37.000 --> 00:07:40.000]  不配進入神的國這個字,
[00:07:40.000 --> 00:07:45.000]  彷彿你要做了一些事情才能夠進入神的國。
[00:07:45.000 --> 00:07:49.000]  但是在原文當中是說你合不合適,
[00:07:49.000 --> 00:07:51.000]  是否合適。
[00:07:51.000 --> 00:07:58.000]  你進入神的國,不是因為你是否專注進入當中的努力,
[00:07:58.000 --> 00:08:01.000]  是說你有沒有跟從耶穌,
[00:08:01.000 --> 00:08:05.000]  以致進入神國當中。
[00:08:05.000 --> 00:08:07.000]  耶穌說,你要跟從我,
[00:08:07.000 --> 00:08:09.000]  不是說你要專注。
[00:08:09.000 --> 00:08:14.000]  很多時候我們在做信徒,或者跟從耶穌的時候,
[00:08:14.000 --> 00:08:17.000]  主要是說我相信你,
[00:08:17.000 --> 00:08:21.000]  不過先用我來做那件事。
[00:08:21.000 --> 00:08:25.000]  這是說你有沒有專注地跟從耶穌。
[00:08:25.000 --> 00:08:28.000]  然後耶穌呼召另一個人,
[00:08:28.000 --> 00:08:30.000]  說你來跟從我,
[00:08:30.000 --> 00:08:34.000]  然後說先用我埋葬我父親。
[00:08:34.000 --> 00:08:38.000]  耶穌說,任憑埋葬我的死人就很奇怪了,
[00:08:38.000 --> 00:08:41.000]  為什麼一個死人能夠埋葬死人呢?
[00:08:41.000 --> 00:08:42.000]  有沒有想過呢?
[00:08:42.000 --> 00:08:45.000]  死了,何來可以埋葬另一個死人呢?
[00:08:45.000 --> 00:08:50.000]  很明顯在說死人不是肉身的死人。
[00:08:50.000 --> 00:08:53.000]  耶穌說的不是肉身的死人,
[00:08:53.000 --> 00:08:56.000]  是意味著是靈性的死。
[00:08:56.000 --> 00:09:00.000]  我最近聽到一個term叫做屬靈的死寂。
[00:09:00.000 --> 00:09:02.000]  屬靈的死寂是什麼意思呢?
[00:09:02.000 --> 00:09:05.000]  就是你對著一些物,對著一些事,
[00:09:05.000 --> 00:09:07.000]  是盲目的,是聽不到的。
[00:09:07.000 --> 00:09:10.000]  在靈性上是沒有反應的。
[00:09:10.000 --> 00:09:15.000]  尤其是你要拖延耶穌對你的呼召,
[00:09:15.000 --> 00:09:17.000]  對著一些事物是毫無感覺,
[00:09:17.000 --> 00:09:20.000]  毫無response在裡面的當中。
[00:09:20.000 --> 00:09:23.000]  那個例子你就可能清楚了。
[00:09:23.000 --> 00:09:27.000]  當你那些男士在打遊戲機,
[00:09:27.000 --> 00:09:29.000]  上網,對著手機的時候,
[00:09:29.000 --> 00:09:31.000]  分間你老婆跟你說,
[00:09:31.000 --> 00:09:35.000]  老公,請你幫我做了什麼?
[00:09:35.000 --> 00:09:38.000]  等等,讓我先做完那些事情。
[00:09:38.000 --> 00:09:42.000]  或者你聽不到老婆跟你說的話,
[00:09:42.000 --> 00:09:45.000]  你專注你自己做的事情。
[00:09:45.000 --> 00:09:50.000]  很多時候我們屬靈的生命的死寂是盲目了。
[00:09:50.000 --> 00:09:52.000]  Pastor Kenny又叫你做事,
[00:09:52.000 --> 00:09:53.000]  第一次你可能有反應,
[00:09:53.000 --> 00:09:54.000]  第二次你可能有反應,
[00:09:54.000 --> 00:09:57.000]  第三次你沒有反應了。
[00:09:57.000 --> 00:09:59.000]  我們習慣久而久之就是盲目了,
[00:09:59.000 --> 00:10:01.000]  或者視而不見,
[00:10:01.000 --> 00:10:03.000]  或者當我們在禱告靈修,
[00:10:03.000 --> 00:10:05.000]  或者有些弟兄姊妹,
[00:10:05.000 --> 00:10:06.000]  藉著弟兄姊妹,
[00:10:06.000 --> 00:10:08.000]  或者藉著目者跟你說話的時候,
[00:10:08.000 --> 00:10:09.000]  你已經盲目了,
[00:10:09.000 --> 00:10:13.000]  好像以前我媽媽教的耳邊風,
[00:10:13.000 --> 00:10:14.000]  說了一些耳邊風,
[00:10:14.000 --> 00:10:16.000]  你聽不到,沒有反應。
[00:10:16.000 --> 00:10:21.000]  有時候可能我們進入屬靈生命當中的一些死寂。
[00:10:21.000 --> 00:10:24.000]  今天我們就想問,
[00:10:24.000 --> 00:10:28.000]  為什麼有時候我們會進入一個生命的死寂呢?
[00:10:28.000 --> 00:10:30.000]  是因為你看不見,
[00:10:30.000 --> 00:10:31.000]  看不見耶穌,
[00:10:31.000 --> 00:10:34.000]  或者你不知道耶穌是誰,
[00:10:34.000 --> 00:10:35.000]  剛才我所說的,
[00:10:35.000 --> 00:10:39.000]  如果你老婆叫你做一些事的時候,
[00:10:39.000 --> 00:10:40.000]  因為你看不見,
[00:10:40.000 --> 00:10:43.000]  因為你不清楚那個是誰,
[00:10:43.000 --> 00:10:46.000]  如果你老婆叫你不做事,
[00:10:46.000 --> 00:10:47.000]  你會怎樣呢?
[00:10:47.000 --> 00:10:49.000]  馬上很嚴重。
[00:10:49.000 --> 00:10:53.000]  生命當中是你最重要的一個人物,
[00:10:53.000 --> 00:10:54.000]  老婆叫你,
[00:10:54.000 --> 00:10:55.000]  你馬上說,
[00:10:55.000 --> 00:10:56.000]  各位老公馬上說,
[00:10:56.000 --> 00:10:58.000]  我在這裡,馬上到,馬上到。
[00:10:58.000 --> 00:11:02.000]  你自然就會知道有多重視你另外一半,
[00:11:02.000 --> 00:11:05.000]  因為你另外一半叫你,呼喚你,
[00:11:05.000 --> 00:11:06.000]  呼喚你的時候,
[00:11:06.000 --> 00:11:07.000]  你馬上舉手,
[00:11:07.000 --> 00:11:09.000]  我在這裡,我在這裡的時候,
[00:11:09.000 --> 00:11:10.000]  顯得你特別重視,
[00:11:10.000 --> 00:11:13.000]  知道正在回應你另外一半。
[00:11:13.000 --> 00:11:15.000]  今天我們通常,
[00:11:15.000 --> 00:11:17.000]  耶穌時常都呼喚我們,
[00:11:17.000 --> 00:11:20.000]  有時候我們看不見耶穌是誰,
[00:11:20.000 --> 00:11:21.000]  為什麼這樣說呢?
[00:11:21.000 --> 00:11:22.000]  因為我們看,
[00:11:22.000 --> 00:11:25.000]  有時候我看見一些IG或者YouTube,
[00:11:25.000 --> 00:11:28.000]  有些短劇,
[00:11:28.000 --> 00:11:29.000]  是一些內地劇,
[00:11:29.000 --> 00:11:34.000]  內地劇很喜歡做一些文化的內容,
[00:11:34.000 --> 00:11:35.000]  內容是什麼呢?
[00:11:35.000 --> 00:11:38.000]  就是你在一些大公司,
[00:11:38.000 --> 00:11:40.000]  有些員工在做事,
[00:11:40.000 --> 00:11:43.000]  旁邊有一個掃地的大嬸,
[00:11:43.000 --> 00:11:46.000]  在這裡跟你同工,
[00:11:46.000 --> 00:11:49.000]  你不知道在內地文化,
[00:11:49.000 --> 00:11:51.000]  你是高的,你是低的,
[00:11:51.000 --> 00:11:53.000]  你就欺負那個大嬸,
[00:11:53.000 --> 00:11:55.000]  你不知道那個大嬸原來是總裁。
[00:11:55.000 --> 00:11:59.000]  很多內地劇都是說這些,
[00:11:59.000 --> 00:12:00.000]  一模一樣的,
[00:12:00.000 --> 00:12:04.000]  所以叫你不要欺負漢人低,
[00:12:04.000 --> 00:12:06.000]  所以你不要小看那個總裁,
[00:12:06.000 --> 00:12:07.000]  不要小看那個大嬸,
[00:12:07.000 --> 00:12:09.000]  原來那個大嬸是總裁。
[00:12:09.000 --> 00:12:11.000]  他看錯了,
[00:12:11.000 --> 00:12:14.000]  或者不知道那個人是誰,
[00:12:14.000 --> 00:12:16.000]  其實我們的屬靈生命都一樣,
[00:12:16.000 --> 00:12:19.000]  我們看錯了耶穌是誰,
[00:12:19.000 --> 00:12:23.000]  甚至看不到耶穌是誰,
[00:12:23.000 --> 00:12:27.000]  有時候我們只覺得耶穌是救主,
[00:12:27.000 --> 00:12:29.000]  但不是主,
[00:12:29.000 --> 00:12:30.000]  你明白我說什麼嗎?
[00:12:30.000 --> 00:12:31.000]  耶穌是救主,
[00:12:31.000 --> 00:12:32.000]  但不是主,
[00:12:32.000 --> 00:12:34.000]  意思就是主啊,
[00:12:34.000 --> 00:12:37.000]  我考車牌考不到,
[00:12:37.000 --> 00:12:38.000]  求你來幫助我,
[00:12:38.000 --> 00:12:39.000]  主啊,
[00:12:39.000 --> 00:12:40.000]  我這份工作要教Peso,
[00:12:40.000 --> 00:12:41.000]  我都不知道怎麼做,
[00:12:41.000 --> 00:12:42.000]  求你拯救我,
[00:12:42.000 --> 00:12:43.000]  主啊,
[00:12:43.000 --> 00:12:44.000]  我得罪了很多人,
[00:12:44.000 --> 00:12:46.000]  求你來當中讓我能夠有寬恕,
[00:12:46.000 --> 00:12:47.000]  寬恕別人,
[00:12:47.000 --> 00:12:48.000]  寬恕我,
[00:12:48.000 --> 00:12:49.000]  你幫助我,
[00:12:49.000 --> 00:12:50.000]  拯救我,
[00:12:50.000 --> 00:12:51.000]  脫離黑暗,
[00:12:51.000 --> 00:12:52.000]  脫離凶惡,
[00:12:52.000 --> 00:12:53.000]  耶穌是我救主,
[00:12:53.000 --> 00:12:56.000]  不過耶穌說我要成為你的主的時候,
[00:12:56.000 --> 00:12:57.000]  先hold住,
[00:12:57.000 --> 00:12:58.000]  先hold住耶穌,
[00:12:58.000 --> 00:12:59.000]  你是救主,
[00:12:59.000 --> 00:13:00.000]  你不是主,
[00:13:00.000 --> 00:13:02.000]  你不需要來接管我的生命,
[00:13:02.000 --> 00:13:06.000]  你不需要在我的生命當中任何的話事,
[00:13:06.000 --> 00:13:10.000]  我們看不清楚耶穌是誰,
[00:13:10.000 --> 00:13:14.000]  我們更加不知道耶穌是誰,
[00:13:14.000 --> 00:13:15.000]  當你回到聖經的時候,
[00:13:15.000 --> 00:13:16.000]  耶穌是誰?
[00:13:16.000 --> 00:13:19.000]  耶穌是掌管萬佑的主宰,
[00:13:19.000 --> 00:13:24.000]  耶穌是平靜風和浪的位上帝,
[00:13:24.000 --> 00:13:29.000]  耶穌是萬權萬利的教會的元首,
[00:13:29.000 --> 00:13:32.000]  當我們清楚耶穌知道是誰的時候,
[00:13:32.000 --> 00:13:38.000]  我們就會懂得在我們生命當中如何排優先次序,
[00:13:38.000 --> 00:13:42.000]  今天我們很多的屬靈的死寂,
[00:13:42.000 --> 00:13:43.000]  看不見,
[00:13:43.000 --> 00:13:45.000]  看不見耶穌是誰,
[00:13:45.000 --> 00:13:48.000]  甚至不明白耶穌是誰,
[00:13:48.000 --> 00:13:53.000]  你以為你知道耶穌是誰,
[00:13:53.000 --> 00:13:55.000]  但事實上你不知道,
[00:13:55.000 --> 00:13:57.000]  在我們屬靈的生命中,
[00:13:57.000 --> 00:13:59.000]  很多的矛盾就是主是耶穌,
[00:13:59.000 --> 00:14:02.000]  我相信你,
[00:14:02.000 --> 00:14:03.000]  我跟從你的,
[00:14:03.000 --> 00:14:07.000]  不過就讓我先做那些事情,
[00:14:07.000 --> 00:14:09.000]  究竟在我們生命當中,
[00:14:09.000 --> 00:14:11.000]  你見不見到耶穌是誰,
[00:14:11.000 --> 00:14:14.000]  以至你能夠安排你的次序呢?
[00:14:14.000 --> 00:14:16.000]  第二個,
[00:14:16.000 --> 00:14:19.000]  作為叛徒的身份是什麼呢?
[00:14:19.000 --> 00:14:23.000]  在經文當中,
[00:14:23.000 --> 00:14:25.000]  耶穌說你要來跟從我,
[00:14:25.000 --> 00:14:26.000]  就當舍己,
[00:14:26.000 --> 00:14:28.000]  天天背在十字架上跟從我,
[00:14:28.000 --> 00:14:31.000]  在舍己當中的時候,
[00:14:31.000 --> 00:14:33.000]  我們往往都是在說,
[00:14:33.000 --> 00:14:35.000]  當我第一次讀聖經的時候,
[00:14:35.000 --> 00:14:36.000]  舍己是什麼呢?
[00:14:36.000 --> 00:14:38.000]  是否要放棄所有東西呢?
[00:14:38.000 --> 00:14:40.000]  是否來到殉道呢?
[00:14:40.000 --> 00:14:44.000]  耶穌在經文當中不是在說你殉不殉道,
[00:14:44.000 --> 00:14:46.000]  不是說你的肉體,
[00:14:46.000 --> 00:14:48.000]  你要致死你的肉體,
[00:14:48.000 --> 00:14:49.000]  或者是殉道,
[00:14:49.000 --> 00:14:53.000]  而是在說你的自我價值觀的建立,
[00:14:53.000 --> 00:14:54.000]  是用什麼方法去,
[00:14:54.000 --> 00:14:56.000]  即是你內在生命,
[00:14:56.000 --> 00:14:57.000]  你內在生命的建立,
[00:14:57.000 --> 00:15:00.000]  是用什麼方法去建立自己呢?
[00:15:00.000 --> 00:15:02.000]  很多時候,
[00:15:02.000 --> 00:15:03.000]  我們的內在生命,
[00:15:03.000 --> 00:15:05.000]  我們的建立自己的方法,
[00:15:05.000 --> 00:15:08.000]  是靠很多外在的東西來建立,
[00:15:08.000 --> 00:15:12.000]  例如家庭、地位、事業和財富。
[00:15:12.000 --> 00:15:15.000]  耶穌說過往你用你的方法,
[00:15:15.000 --> 00:15:17.000]  去建立你自己的方法,
[00:15:17.000 --> 00:15:19.000]  不再用這個方法。
[00:15:19.000 --> 00:15:22.000]  我想起我有一個朋友,
[00:15:22.000 --> 00:15:23.000]  是一個仙的朋友,
[00:15:23.000 --> 00:15:25.000]  其實不是在教會認識的,
[00:15:25.000 --> 00:15:27.000]  是一個朋友,
[00:15:27.000 --> 00:15:29.000]  他在中學時間,
[00:15:29.000 --> 00:15:35.000]  很多中學生很喜歡談情說愛,
[00:15:35.000 --> 00:15:37.000]  很喜歡拍拖,
[00:15:37.000 --> 00:15:39.000]  中學的時候拍拖,
[00:15:39.000 --> 00:15:40.000]  然後到大學的時候,
[00:15:40.000 --> 00:15:42.000]  再見面的時候又再拍拖,
[00:15:42.000 --> 00:15:43.000]  咦,不同了,
[00:15:43.000 --> 00:15:44.000]  是另一個人,
[00:15:44.000 --> 00:15:46.000]  出來的時候,
[00:15:46.000 --> 00:15:47.000]  又不同了,
[00:15:47.000 --> 00:15:48.000]  又是另一個人,
[00:15:48.000 --> 00:15:49.000]  就很好奇了,
[00:15:49.000 --> 00:15:50.000]  為什麼呢?
[00:15:50.000 --> 00:15:51.000]  這個同學,
[00:15:51.000 --> 00:15:53.000]  在中學有一個,
[00:15:53.000 --> 00:15:55.000]  大學有一個,
[00:15:55.000 --> 00:15:58.000]  出來之後又有一個,
[00:15:58.000 --> 00:16:01.000]  他在他生命當中,
[00:16:01.000 --> 00:16:04.000]  很想在感情的道路上,
[00:16:04.000 --> 00:16:06.000]  很想有人愛他,
[00:16:06.000 --> 00:16:08.000]  當他見到一個很穩定的關係的時候,
[00:16:08.000 --> 00:16:11.000]  發現這個也不是很安全,
[00:16:11.000 --> 00:16:13.000]  這個也不是我期望所愛的,
[00:16:13.000 --> 00:16:16.000]  我不如再換另一個男朋友,
[00:16:16.000 --> 00:16:19.000]  來到當中再找他的愛情,
[00:16:19.000 --> 00:16:22.000]  不斷找,不斷找,不斷找,
[00:16:22.000 --> 00:16:24.000]  直到愛情來到當中,
[00:16:24.000 --> 00:16:28.000]  找到自己被愛的價值在當中,
[00:16:28.000 --> 00:16:30.000]  但是不斷去找的時候,
[00:16:30.000 --> 00:16:33.000]  其實沒有一個男朋友,
[00:16:33.000 --> 00:16:35.000]  能夠滿足到他內心的需要,
[00:16:35.000 --> 00:16:40.000]  很多時候我們是靠很多的,
[00:16:40.000 --> 00:16:45.000]  其實那些都可能是穩定的,
[00:16:45.000 --> 00:16:47.000]  但不是一個永恆的穩定,
[00:16:47.000 --> 00:16:50.000]  有一天當她發現,
[00:16:50.000 --> 00:16:54.000]  男朋友做一些不適合她滿意的時候,
[00:16:54.000 --> 00:16:55.000]  有一點動搖的時候,
[00:16:55.000 --> 00:16:56.000]  她就懷疑自己的價值,
[00:16:56.000 --> 00:16:58.000]  懷疑對方愛不愛她,
[00:16:58.000 --> 00:17:02.000]  所以又要再次離開一個新的關係,
[00:17:02.000 --> 00:17:04.000]  進入一個找一個新的關係的當中,
[00:17:04.000 --> 00:17:08.000]  其實我們很多時候都用很多外在的東西,
[00:17:08.000 --> 00:17:11.000]  來建立自己的生命,
[00:17:11.000 --> 00:17:13.000]  試想一下,
[00:17:13.000 --> 00:17:15.000]  有些哥哥姐姐在這裏,
[00:17:15.000 --> 00:17:17.000]  有些年紀大的那些,
[00:17:17.000 --> 00:17:19.000]  我們用我們的事業,
[00:17:19.000 --> 00:17:20.000]  尤其是男士,
[00:17:20.000 --> 00:17:22.000]  用我們的事業來建立自我價值,
[00:17:22.000 --> 00:17:25.000]  當有一天你退休的時候,
[00:17:25.000 --> 00:17:27.000]  你再沒有收入的時候,
[00:17:27.000 --> 00:17:29.000]  沒有一個主動收入的,
[00:17:29.000 --> 00:17:30.000]  很主要的收入的時候,
[00:17:30.000 --> 00:17:32.000]  我們人開始慌,
[00:17:32.000 --> 00:17:34.000]  很多安全感,
[00:17:34.000 --> 00:17:36.000]  以前我們男士靠一些成就,
[00:17:36.000 --> 00:17:40.000]  靠經濟來建立自己的時候,
[00:17:40.000 --> 00:17:41.000]  安全感的時候,
[00:17:41.000 --> 00:17:42.000]  有一天我不再工作,
[00:17:42.000 --> 00:17:44.000]  有一天沒有收入的時候,
[00:17:44.000 --> 00:17:46.000]  究竟我安不安全呢?
[00:17:46.000 --> 00:17:50.000]  究竟我的生命建立在哪裏呢?
[00:17:50.000 --> 00:17:53.000]  好像有些東西不再是穩定的時候,
[00:17:53.000 --> 00:17:54.000]  我的安全感,
[00:17:54.000 --> 00:17:55.000]  我的價值,
[00:17:55.000 --> 00:17:57.000]  好像完全彷彿消失了,
[00:17:57.000 --> 00:18:01.000]  我們的地位都一樣,
[00:18:01.000 --> 00:18:03.000]  曾經有一個弟兄說,
[00:18:03.000 --> 00:18:05.000]  以前我是管理員,
[00:18:05.000 --> 00:18:07.000]  在香港是一個管理員,
[00:18:07.000 --> 00:18:09.000]  整個部門都要管理,
[00:18:09.000 --> 00:18:10.000]  當退休的時候,
[00:18:10.000 --> 00:18:12.000]  他不再是管理員了,
[00:18:12.000 --> 00:18:14.000]  誰聽他的指摘呢?
[00:18:14.000 --> 00:18:16.000]  誰能夠聽他的發揮呢?
[00:18:16.000 --> 00:18:19.000]  彷彿有一種空虛感,
[00:18:19.000 --> 00:18:23.000]  我們用很多過往所努力去建造自己的時候,
[00:18:23.000 --> 00:18:24.000]  十晚間,
[00:18:24.000 --> 00:18:26.000]  或者去到時段的時候,
[00:18:26.000 --> 00:18:29.000]  那樣東西再不能夠肯定我們的生命,
[00:18:29.000 --> 00:18:31.000]  耶穌說,
[00:18:31.000 --> 00:18:32.000]  你要捨己,
[00:18:32.000 --> 00:18:35.000]  是離開你救我,
[00:18:35.000 --> 00:18:38.000]  用一些模式去塑造你那個生命,
[00:18:38.000 --> 00:18:40.000]  不再用那個模式,
[00:18:40.000 --> 00:18:41.000]  他說什麼呢?
[00:18:41.000 --> 00:18:43.000]  你要天天背起十字架來跟從我,
[00:18:43.000 --> 00:18:45.000]  凡要救自己生命的,
[00:18:45.000 --> 00:18:46.000]  就要喪掉生命,
[00:18:46.000 --> 00:18:47.000]  凡為我喪掉生命的,
[00:18:47.000 --> 00:18:48.000]  就要救掉生命,
[00:18:48.000 --> 00:18:50.000]  人若站在全世界,
[00:18:50.000 --> 00:18:52.000]  腳上要自己賠償自己,
[00:18:52.000 --> 00:18:53.000]  有什麼好處呢?
[00:18:53.000 --> 00:18:54.000]  在說些什麼呢?
[00:18:54.000 --> 00:18:56.000]  你的生命今天正在建立,
[00:18:56.000 --> 00:18:58.000]  是外在的元素,
[00:18:58.000 --> 00:19:00.000]  正在建立耶穌的生命,
[00:19:00.000 --> 00:19:03.000]  有一個我們經常在基督教講的,
[00:19:03.000 --> 00:19:04.000]  knowing God,
[00:19:04.000 --> 00:19:06.000]  knowing yourself,
[00:19:06.000 --> 00:19:08.000]  當你認識耶穌的時候,
[00:19:08.000 --> 00:19:10.000]  你就會找到自己,
[00:19:10.000 --> 00:19:14.000]  今天你怎樣建立自己呢?
[00:19:14.000 --> 00:19:17.000]  你越找自己,
[00:19:17.000 --> 00:19:18.000]  你越迷失自己,
[00:19:18.000 --> 00:19:21.000]  不知道你聽不聽到我說什麼,
[00:19:21.000 --> 00:19:23.000]  你要用很多你的生命導向,
[00:19:23.000 --> 00:19:24.000]  你不斷找自己建立,
[00:19:24.000 --> 00:19:26.000]  找很多東西建立你自己的時候,
[00:19:26.000 --> 00:19:27.000]  你越迷失,
[00:19:27.000 --> 00:19:29.000]  在你的生命當中越迷失,
[00:19:29.000 --> 00:19:32.000]  但是我不知道是不是這個圖畫,
[00:19:32.000 --> 00:19:34.000]  我想表達一些東西,
[00:19:34.000 --> 00:19:38.000]  你看到的手指模是你的身份,
[00:19:38.000 --> 00:19:41.000]  如果你看著你的手指模的話,
[00:19:41.000 --> 00:19:43.000]  你永遠都很迷失,
[00:19:43.000 --> 00:19:44.000]  因為你找不到自己,
[00:19:44.000 --> 00:19:46.000]  但是當你在手指模當中,
[00:19:46.000 --> 00:19:48.000]  你找到耶穌的話,
[00:19:48.000 --> 00:19:53.000]  你能夠在耶穌身上找到自己,
[00:19:54.000 --> 00:19:58.000]  很多時候我們往往靠外在的,
[00:19:58.000 --> 00:20:00.000]  舊有的方法,
[00:20:00.000 --> 00:20:02.000]  或者外在的元素來建立自己,
[00:20:02.000 --> 00:20:04.000]  往往就是迷失自己,
[00:20:04.000 --> 00:20:06.000]  但是當我們知道耶穌是誰,
[00:20:06.000 --> 00:20:08.000]  是創造天地萬物的主,
[00:20:08.000 --> 00:20:10.000]  來統管萬有的時候,
[00:20:10.000 --> 00:20:11.000]  能夠拯救人的時候,
[00:20:11.000 --> 00:20:13.000]  在耶穌身上,
[00:20:13.000 --> 00:20:15.000]  能夠安穩,
[00:20:15.000 --> 00:20:17.000]  能夠永恆的身份在裡面當中,
[00:20:17.000 --> 00:20:22.000]  第三,
[00:20:22.000 --> 00:20:24.000]  遇上恩典,
[00:20:24.000 --> 00:20:30.000]  當耶穌再來的時候,
[00:20:30.000 --> 00:20:34.000]  他們就定義耶穌上耶路撒冷,
[00:20:34.000 --> 00:20:36.000]  他打發人去到前頭,
[00:20:36.000 --> 00:20:38.000]  經過一個村莊,
[00:20:38.000 --> 00:20:41.000]  去到撒瑪利亞那裡,
[00:20:41.000 --> 00:20:43.000]  撒瑪利亞和猶太人,
[00:20:43.000 --> 00:20:45.000]  一向都有不相往來的時候,
[00:20:45.000 --> 00:20:46.000]  很不幸,
[00:20:46.000 --> 00:20:47.000]  去到那時候,
[00:20:47.000 --> 00:20:49.000]  那裡的人不接待他,
[00:20:49.000 --> 00:20:52.000]  而那些人不接待耶穌,
[00:20:52.000 --> 00:20:55.000]  那群門徒有什麼反應呢?
[00:20:55.000 --> 00:20:57.000]  那群門徒的反應就是,
[00:20:57.000 --> 00:20:58.000]  火都來了,
[00:20:58.000 --> 00:21:00.000]  跟著跟耶穌說,
[00:21:00.000 --> 00:21:03.000]  約阿葛和約翰跟耶穌說,
[00:21:03.000 --> 00:21:04.000]  主啊,
[00:21:04.000 --> 00:21:07.000]  究竟我們需不需要從天上的火來燒掉他們,
[00:21:07.000 --> 00:21:11.000]  就好像以利亞所做的一切一樣,
[00:21:11.000 --> 00:21:15.000]  這個故事說的是什麼呢?
[00:21:15.000 --> 00:21:17.000]  昔日在舊約當中,
[00:21:17.000 --> 00:21:20.000]  以利亞曾經有兩次抗火的,
[00:21:20.000 --> 00:21:21.000]  不是抗火,
[00:21:21.000 --> 00:21:22.000]  有兩個關於抗火的故事,
[00:21:22.000 --> 00:21:29.000]  第一個就是在獵王記上十八章那裡說的,
[00:21:29.000 --> 00:21:34.000]  當以利亞和巴力先知鬥法跟仇,
[00:21:34.000 --> 00:21:35.000]  記得嗎?
[00:21:35.000 --> 00:21:36.000]  巴力先知鬥法跟仇,
[00:21:36.000 --> 00:21:43.000]  大家叫巴力來起壇,
[00:21:43.000 --> 00:21:45.000]  巴力就跳舞,
[00:21:45.000 --> 00:21:47.000]  傷了自己的身體,
[00:21:47.000 --> 00:21:49.000]  壇還沒有著火,
[00:21:49.000 --> 00:21:51.000]  但是以利亞怎樣呢?
[00:21:51.000 --> 00:21:53.000]  以利亞等他叫完,
[00:21:53.000 --> 00:21:55.000]  自殘之後,
[00:21:55.000 --> 00:21:58.000]  以利亞就在自己拿著一桶水,
[00:21:58.000 --> 00:21:59.000]  丟在祭壇上,
[00:21:59.000 --> 00:22:01.000]  壇還要著火,
[00:22:01.000 --> 00:22:02.000]  還要丟一桶水,
[00:22:02.000 --> 00:22:03.000]  究竟行不行呢?
[00:22:03.000 --> 00:22:04.000]  不行啊,
[00:22:04.000 --> 00:22:05.000]  那怎麼辦呢?
[00:22:05.000 --> 00:22:06.000]  但是以利亞在祈禱,
[00:22:06.000 --> 00:22:09.000]  從天上的火來燒掉祭壇,
[00:22:09.000 --> 00:22:12.000]  是在說上帝來降火,
[00:22:12.000 --> 00:22:14.000]  來審判巴力和他的先知,
[00:22:14.000 --> 00:22:16.000]  第二個故事,
[00:22:16.000 --> 00:22:22.000]  是在說烈王記下一章,
[00:22:22.000 --> 00:22:26.000]  說阿哈來捉拿以利亞,
[00:22:26.000 --> 00:22:30.000]  然後派五十人來捉拿以利亞,
[00:22:30.000 --> 00:22:34.000]  然後由天上的火來燒死軍長和伊五十人,
[00:22:34.000 --> 00:22:38.000]  然後再派五十人來捉拿以利亞,
[00:22:38.000 --> 00:22:40.000]  又燒死伊五十人和軍長,
[00:22:40.000 --> 00:22:43.000]  第三批來到捉拿以利亞的時候,
[00:22:43.000 --> 00:22:46.000]  軍長就說,
[00:22:46.000 --> 00:22:49.000]  神人啊,請你原諒我,
[00:22:49.000 --> 00:22:50.000]  求你跟我回去,
[00:22:50.000 --> 00:22:52.000]  你不要燒死我這些人。
[00:22:52.000 --> 00:22:54.000]  故事是在說什麼呢?
[00:22:54.000 --> 00:22:57.000]  當拒絕神人的時候,
[00:22:57.000 --> 00:22:59.000]  拒絕上帝的時候,
[00:22:59.000 --> 00:23:01.000]  神的火,
[00:23:01.000 --> 00:23:02.000]  火是在說什麼呢?
[00:23:02.000 --> 00:23:03.000]  是在說審判,
[00:23:03.000 --> 00:23:08.000]  審判的火能夠燒死拒絕上帝的人,
[00:23:08.000 --> 00:23:10.000]  火是代表審判,
[00:23:10.000 --> 00:23:15.000]  所以當雅各和約翰見到的時候,
[00:23:15.000 --> 00:23:18.000]  一群過往的世仇,
[00:23:18.000 --> 00:23:21.000]  就是撒瑪利亞和猶太人有世仇的時候,
[00:23:21.000 --> 00:23:22.000]  拒絕了耶穌的時候,
[00:23:22.000 --> 00:23:24.000]  雅各和約翰說,
[00:23:24.000 --> 00:23:30.000]  會不會從天上的火來燒死這群撒瑪利亞人,
[00:23:30.000 --> 00:23:32.000]  就好像以利亞所做。
[00:23:32.000 --> 00:23:40.000]  這裏有一幅圖畫,
[00:23:40.000 --> 00:23:47.000]  這幅圖畫是關於兒子的,
[00:23:47.000 --> 00:23:50.000]  兒子考了車牌,
[00:23:50.000 --> 00:23:53.000]  在昌述考了車牌,
[00:23:53.000 --> 00:23:54.000]  很厲害,
[00:23:54.000 --> 00:23:56.000]  可能很少人在昌述考車牌,
[00:23:56.000 --> 00:23:58.000]  我慢慢解釋給你聽。
[00:23:58.000 --> 00:24:02.000]  在考車牌的時候,
[00:24:02.000 --> 00:24:04.000]  自己開著P已經可以到處走,
[00:24:04.000 --> 00:24:06.000]  現在比較輕鬆,
[00:24:06.000 --> 00:24:08.000]  不用開車去,
[00:24:08.000 --> 00:24:10.000]  開車上學,
[00:24:10.000 --> 00:24:12.000]  開車去踢球,
[00:24:12.000 --> 00:24:14.000]  一起去踢球,
[00:24:14.000 --> 00:24:16.000]  跟一群同學,
[00:24:16.000 --> 00:24:18.000]  他很開心,
[00:24:18.000 --> 00:24:20.000]  一群同學一起去踢球,
[00:24:20.000 --> 00:24:22.000]  在一間學校,
[00:24:22.000 --> 00:24:24.000]  一踢球的時候,
[00:24:24.000 --> 00:24:26.000]  撞車,
[00:24:26.000 --> 00:24:28.000]  不是撞得很厲害,
[00:24:28.000 --> 00:24:30.000]  只是一下子,
[00:24:30.000 --> 00:24:32.000]  花了一點點,
[00:24:32.000 --> 00:24:36.000]  撞的人不是普通人,
[00:24:36.000 --> 00:24:40.000]  是同學的媽媽,
[00:24:40.000 --> 00:24:42.000]  要賠償,
[00:24:42.000 --> 00:24:44.000]  賠了700元,
[00:24:44.000 --> 00:24:46.000]  700元很貴,
[00:24:46.000 --> 00:24:48.000]  花了一點點,
[00:24:48.000 --> 00:24:50.000]  就說爸爸我賠償,
[00:24:50.000 --> 00:24:52.000]  我說你有多少錢?
[00:24:52.000 --> 00:24:54.000]  300多元,
[00:24:54.000 --> 00:24:56.000]  你怎樣賠?
[00:24:56.000 --> 00:24:58.000]  現在賠700元,
[00:24:58.000 --> 00:25:00.000]  你怎樣賠那300多元?
[00:25:00.000 --> 00:25:02.000]  有些事原來,
[00:25:02.000 --> 00:25:06.000]  我們有時做了很多事,
[00:25:06.000 --> 00:25:10.000]  其實是賠不到的,
[00:25:10.000 --> 00:25:12.000]  好像很小事的事賠不到,
[00:25:12.000 --> 00:25:14.000]  作為爸爸,
[00:25:14.000 --> 00:25:16.000]  這裏都是我薪金的一部份,
[00:25:16.000 --> 00:25:18.000]  700元真的不容易,
[00:25:18.000 --> 00:25:20.000]  但這700元,
[00:25:20.000 --> 00:25:22.000]  是要挽回,
[00:25:22.000 --> 00:25:24.000]  和同學的關係,
[00:25:24.000 --> 00:25:28.000]  挽回家長對年青人的感覺,
[00:25:28.000 --> 00:25:30.000]  作為父母,
[00:25:30.000 --> 00:25:32.000]  都要給這700元,
[00:25:32.000 --> 00:25:34.000]  來拯救他,
[00:25:34.000 --> 00:25:36.000]  能夠修好車,
[00:25:36.000 --> 00:25:38.000]  和他恢復和上帝的關係,
[00:25:38.000 --> 00:25:42.000]  很多時我們都會拒絕上帝,
[00:25:42.000 --> 00:25:46.000]  很多時我們都做錯事,
[00:25:46.000 --> 00:25:48.000]  以為我們還得到,
[00:25:48.000 --> 00:25:50.000]  我有錢,
[00:25:50.000 --> 00:25:52.000]  300多元,
[00:25:52.000 --> 00:25:54.000]  但夠不夠還?
[00:25:54.000 --> 00:25:56.000]  很多關係上,
[00:25:56.000 --> 00:25:58.000]  我們都得罪了很多人,
[00:25:58.000 --> 00:26:00.000]  我們得罪了我們的另一半,
[00:26:00.000 --> 00:26:02.000]  得罪了我們的子女,
[00:26:02.000 --> 00:26:04.000]  得罪了弟兄姊妹,
[00:26:04.000 --> 00:26:06.000]  甚至得罪了上帝,
[00:26:06.000 --> 00:26:08.000]  我們人生做了很多錯的事,
[00:26:08.000 --> 00:26:10.000]  做了不應該做的事,
[00:26:10.000 --> 00:26:12.000]  弟兄姊妹,
[00:26:12.000 --> 00:26:14.000]  出來行,
[00:26:14.000 --> 00:26:16.000]  是要還的,
[00:26:16.000 --> 00:26:18.000]  你不要想著,
[00:26:18.000 --> 00:26:20.000]  沒有人記得,
[00:26:20.000 --> 00:26:22.000]  你不要想著你做的事,
[00:26:22.000 --> 00:26:24.000]  是沒事的,
[00:26:24.000 --> 00:26:26.000]  做每件事,
[00:26:26.000 --> 00:26:28.000]  是需要付代價的,
[00:26:28.000 --> 00:26:30.000]  就像我兒子,
[00:26:30.000 --> 00:26:32.000]  不斷哭泣,
[00:26:32.000 --> 00:26:34.000]  就沒了700元,
[00:26:34.000 --> 00:26:36.000]  你做每件事,
[00:26:36.000 --> 00:26:38.000]  是需要付代價的,
[00:26:38.000 --> 00:26:40.000]  但你同時不要覺得,
[00:26:40.000 --> 00:26:42.000]  你能夠還,
[00:26:42.000 --> 00:26:44.000]  很多時你覺得自己,
[00:26:44.000 --> 00:26:46.000]  一定能夠補償,
[00:26:46.000 --> 00:26:48.000]  在我們生命中,
[00:26:48.000 --> 00:26:50.000]  那個烙印,
[00:26:50.000 --> 00:26:52.000]  是永遠不能夠磨滅的,
[00:26:52.000 --> 00:26:54.000]  耶穌正正是,
[00:26:54.000 --> 00:26:56.000]  當我們傷害了,
[00:26:56.000 --> 00:26:58.000]  做了很多事的時候,
[00:26:58.000 --> 00:27:00.000]  耶穌怎樣說呢?
[00:27:00.000 --> 00:27:02.000]  耶穌說,
[00:27:02.000 --> 00:27:04.000]  你不明白我的心嗎?
[00:27:04.000 --> 00:27:06.000]  你的心如何嗎?
[00:27:06.000 --> 00:27:08.000]  你不知道嗎?
[00:27:08.000 --> 00:27:10.000]  人子不是要滅人的性命,
[00:27:10.000 --> 00:27:12.000]  而是要拯救人的性命,
[00:27:12.000 --> 00:27:14.000]  耶穌不是來判人的罪,
[00:27:14.000 --> 00:27:16.000]  耶穌是來拯救人的罪,
[00:27:16.000 --> 00:27:18.000]  在裡面當中,
[00:27:18.000 --> 00:27:20.000]  我剛才說了,
[00:27:20.000 --> 00:27:22.000]  作為門徒,
[00:27:22.000 --> 00:27:24.000]  其中一個要點,
[00:27:24.000 --> 00:27:26.000]  是要遇上恩典,
[00:27:26.000 --> 00:27:28.000]  第一點是,
[00:27:28.000 --> 00:27:30.000]  要有新的次序,
[00:27:30.000 --> 00:27:32.000]  重新的次序,
[00:27:32.000 --> 00:27:34.000]  新的身份,
[00:27:34.000 --> 00:27:36.000]  這兩件事都可以刻意去做,
[00:27:36.000 --> 00:27:38.000]  操練自己,
[00:27:38.000 --> 00:27:40.000]  我要把耶穌放在身上,
[00:27:40.000 --> 00:27:42.000]  是最重要的,
[00:27:42.000 --> 00:27:44.000]  但是,要貫穿
[00:27:44.000 --> 00:27:46.000]  耶穌新的次序,
[00:27:46.000 --> 00:27:48.000]  貫穿新的身份,
[00:27:48.000 --> 00:27:50.000]  莫過於要見得到上帝的恩典,
[00:27:50.000 --> 00:27:52.000]  有時我們生命當中,
[00:27:52.000 --> 00:27:54.000]  回望自己,
[00:27:54.000 --> 00:27:56.000]  其實我們做了很多,
[00:27:56.000 --> 00:27:58.000]  我們很多生命當中,
[00:27:58.000 --> 00:28:00.000]  很多不如意的事情,
[00:28:00.000 --> 00:28:02.000]  或者我們的生命經歷了很多事,
[00:28:02.000 --> 00:28:04.000]  都不是自己能夠解決的,
[00:28:04.000 --> 00:28:06.000]  我們需要
[00:28:06.000 --> 00:28:08.000]  上帝的恩典,
[00:28:08.000 --> 00:28:10.000]  讓我們再次
[00:28:10.000 --> 00:28:12.000]  有力去走下去,
[00:28:12.000 --> 00:28:14.000]  所以我
[00:28:14.000 --> 00:28:16.000]  很喜歡一個字,
[00:28:16.000 --> 00:28:18.000]  就是恩典,
[00:28:18.000 --> 00:28:20.000]  我找一個大師
[00:28:20.000 --> 00:28:22.000]  能夠找一個大師
[00:28:22.000 --> 00:28:24.000]  寫一個恩典給我,
[00:28:24.000 --> 00:28:26.000]  掛在我旗上,
[00:28:26.000 --> 00:28:28.000]  我還未掛,我還未識表,
[00:28:28.000 --> 00:28:30.000]  為何我會這樣說呢?
[00:28:30.000 --> 00:28:34.000]  在我們的
[00:28:34.000 --> 00:28:36.000]  熟齡生命當中,
[00:28:36.000 --> 00:28:38.000]  我們不是知識上去認識上帝,
[00:28:38.000 --> 00:28:40.000]  而當我們回顧自己生命的時候,
[00:28:40.000 --> 00:28:42.000]  弟子們,你們有沒有看到
[00:28:42.000 --> 00:28:44.000]  上帝當我們很軟弱,
[00:28:44.000 --> 00:28:46.000]  當我們最走錯路的時候,
[00:28:46.000 --> 00:28:48.000]  當我們最
[00:28:48.000 --> 00:28:50.000]  沒有人愛我們,
[00:28:50.000 --> 00:28:52.000]  覺得全世界都唾棄我們,
[00:28:52.000 --> 00:28:54.000]  或者全世界都覺得我們不行的時候,
[00:28:54.000 --> 00:28:56.000]  耶穌沒有用火
[00:28:56.000 --> 00:28:58.000]  來審判我們,
[00:28:58.000 --> 00:29:02.000]  當我們還了罪人的時候,
[00:29:02.000 --> 00:29:04.000]  耶穌卻是願意
[00:29:04.000 --> 00:29:06.000]  以恩典憐憫
[00:29:06.000 --> 00:29:08.000]  來挽回
[00:29:08.000 --> 00:29:10.000]  我們每一個人,
[00:29:10.000 --> 00:29:14.000]  我們作為一個門徒,
[00:29:14.000 --> 00:29:16.000]  不是一個知識型的門徒,
[00:29:16.000 --> 00:29:18.000]  作為一個門徒,除了以耶穌為首,
[00:29:18.000 --> 00:29:20.000]  除了知道自己在耶穌裡面
[00:29:20.000 --> 00:29:22.000]  結了新婚的時候,
[00:29:22.000 --> 00:29:24.000]  我們有沒有遇見上帝
[00:29:24.000 --> 00:29:26.000]  給我們的那份恩典,
[00:29:26.000 --> 00:29:30.000]  當我們每個人
[00:29:30.000 --> 00:29:32.000]  在生命當中,
[00:29:32.000 --> 00:29:34.000]  你見到我不行的時候,
[00:29:34.000 --> 00:29:36.000]  我唱詩歌不行的時候,
[00:29:36.000 --> 00:29:38.000]  我看到我自己不行的時候,
[00:29:38.000 --> 00:29:40.000]  我發覺上帝一步一步
[00:29:40.000 --> 00:29:42.000]  都能夠接納我們,
[00:29:42.000 --> 00:29:44.000]  弟兄姊妹,
[00:29:44.000 --> 00:29:46.000]  今天在你成長,
[00:29:46.000 --> 00:29:48.000]  或者在你的生命當中,
[00:29:48.000 --> 00:29:50.000]  作為門徒的時候,
[00:29:50.000 --> 00:29:52.000]  你見不見到上帝
[00:29:52.000 --> 00:29:54.000]  如何去恩待你呢?
[00:29:54.000 --> 00:29:56.000]  還有一件很過癮的事,
[00:29:56.000 --> 00:29:58.000]  當你知道上帝恩待你的時候,
[00:29:58.000 --> 00:30:00.000]  其實你都會
[00:30:00.000 --> 00:30:02.000]  恩待身邊的人,
[00:30:02.000 --> 00:30:04.000]  當你對自己強硬的時候,
[00:30:04.000 --> 00:30:06.000]  你對自己嚴厲的時候,
[00:30:06.000 --> 00:30:08.000]  你同樣都會批判
[00:30:08.000 --> 00:30:10.000]  旁邊的那個人,
[00:30:10.000 --> 00:30:12.000]  原來作為一個門徒,
[00:30:12.000 --> 00:30:14.000]  你見得到上帝
[00:30:14.000 --> 00:30:16.000]  如何對你的時候,
[00:30:16.000 --> 00:30:18.000]  上帝同樣,
[00:30:18.000 --> 00:30:20.000]  上帝如何恩待你的時候,
[00:30:20.000 --> 00:30:22.000]  同樣你都以恩典
[00:30:22.000 --> 00:30:24.000]  來對待身邊的頂智們,
[00:30:24.000 --> 00:30:26.000]  在門徒的生命當中,
[00:30:26.000 --> 00:30:28.000]  你被人見得到,
[00:30:28.000 --> 00:30:30.000]  恩典就是救援,
[00:30:30.000 --> 00:30:32.000]  上帝來到,我們一起祈禱,
[00:30:32.000 --> 00:30:34.000]  祈求你赦免我們的過犯,
[00:30:34.000 --> 00:30:36.000]  當我們一邊說
[00:30:36.000 --> 00:30:38.000]  上帝來到拯救我們的時候,
[00:30:38.000 --> 00:30:40.000]  但另一邊我們拒絕
[00:30:40.000 --> 00:30:42.000]  你成為我們的主,
[00:30:42.000 --> 00:30:44.000]  上帝幫助我們,
[00:30:44.000 --> 00:30:46.000]  當我們在我們
[00:30:46.000 --> 00:30:48.000]  去跟從你的時候,
[00:30:48.000 --> 00:30:50.000]  讓我們全心全意,
[00:30:50.000 --> 00:30:52.000]  因為要我們看見
[00:30:52.000 --> 00:30:54.000]  你是掌管萬有,
[00:30:54.000 --> 00:30:56.000]  你是宇宙的主宰,
[00:30:56.000 --> 00:30:58.000]  我們面對很多
[00:30:58.000 --> 00:31:00.000]  挑戰困難的時候,
[00:31:00.000 --> 00:31:02.000]  讓我們學會
[00:31:02.000 --> 00:31:04.000]  放低我們自己的方法,
[00:31:04.000 --> 00:31:06.000]  以容讓
[00:31:06.000 --> 00:31:08.000]  主來說領
[00:31:08.000 --> 00:31:10.000]  我們生命當中每個挑戰,
[00:31:10.000 --> 00:31:12.000]  主啊,
[00:31:12.000 --> 00:31:14.000]  讓我們的眼睛
[00:31:14.000 --> 00:31:16.000]  看見你,
[00:31:16.000 --> 00:31:18.000]  看見你的大能,
[00:31:18.000 --> 00:31:20.000]  看見你的救贖,
[00:31:20.000 --> 00:31:22.000]  看見你的掌權,
[00:31:22.000 --> 00:31:24.000]  主讓我們看見
[00:31:24.000 --> 00:31:26.000]  你的恩典
[00:31:26.000 --> 00:31:28.000]  藏在我們生命當中,
[00:31:28.000 --> 00:31:30.000]  主啊,
[00:31:30.000 --> 00:31:34.000]  你是葡萄樹,
[00:31:34.000 --> 00:31:36.000]  我們是枝子,
[00:31:36.000 --> 00:31:38.000]  你讓我們知道,
[00:31:38.000 --> 00:31:40.000]  原來當我們離開你的時候,
[00:31:40.000 --> 00:31:42.000]  我們什麼都做不到,
[00:31:42.000 --> 00:31:44.000]  我們看見很疲乏,很軟弱,
[00:31:44.000 --> 00:31:46.000]  很不安,
[00:31:46.000 --> 00:31:48.000]  但主願意
[00:31:48.000 --> 00:31:50.000]  我們躲在你的恩典當中,
[00:31:50.000 --> 00:31:52.000]  你親自的醫治,
[00:31:52.000 --> 00:31:54.000]  親自幫助我們,
[00:31:54.000 --> 00:31:56.000]  我們如何能好好跟從你,
[00:31:56.000 --> 00:31:58.000]  主啊,
[00:31:58.000 --> 00:32:00.000]  求你讓我們成為恩典的器皿,
[00:32:00.000 --> 00:32:02.000]  因為
[00:32:02.000 --> 00:32:04.000]  你將恩典白白
[00:32:04.000 --> 00:32:06.000]  給過我們的時候,
[00:32:06.000 --> 00:32:08.000]  同樣你讓我們有一份恩典
[00:32:08.000 --> 00:32:10.000]  和人分享,
[00:32:10.000 --> 00:32:12.000]  縱然對方不可愛,
[00:32:12.000 --> 00:32:14.000]  縱然對方得罪我們,
[00:32:14.000 --> 00:32:16.000]  因為
[00:32:16.000 --> 00:32:18.000]  上帝你這樣對我們,
[00:32:18.000 --> 00:32:20.000]  耶穌你這樣對我們,
[00:32:20.000 --> 00:32:22.000]  同樣我們都恩典對待人,
[00:32:22.000 --> 00:32:24.000]  求主幫助我們,
[00:32:24.000 --> 00:32:26.000]  讓你在因學習做門徒的過程當中,
[00:32:26.000 --> 00:32:28.000]  繼續與主同行,
[00:32:28.000 --> 00:32:30.000]  主要讚美你,
[00:32:30.000 --> 00:32:32.000]  復興我們每個生命,
[00:32:32.000 --> 00:32:34.000]  我們今天的禱告,
[00:32:34.000 --> 00:32:36.000]  是為我們求主保佑,
[00:32:36.000 --> 00:32:38.000]  宣揚自己也好,
[00:32:38.000 --> 00:32:40.000]  Amen!
