
[00:00:00.000 --> 00:00:01.480]  各位網友大家好
[00:00:01.480 --> 00:00:06.280]  生命樹書架網絡繼續和大家看聖經人、聖經事
[00:00:06.280 --> 00:00:09.760]  聖經人就是以色列百姓和主耶穌
[00:00:09.760 --> 00:00:13.280]  而聖經事就是在說贖罪日
[00:00:13.280 --> 00:00:16.040]  為什麼無端端說贖罪日?
[00:00:16.040 --> 00:00:18.080]  不是在說撒慕爾記嗎?
[00:00:18.080 --> 00:00:24.160]  這次說贖罪日是因為今晚開始就是贖罪日
[00:00:24.160 --> 00:00:26.560]  因此我會說一下贖罪日
[00:00:26.560 --> 00:00:30.720]  利未記十六章二十三章都記載關於贖罪日
[00:00:30.720 --> 00:00:36.240]  其實是猶太曆份的七月初十就是贖罪日
[00:00:36.240 --> 00:00:40.440]  亦都說是今天開始是他們的贖罪日
[00:00:40.440 --> 00:00:43.400]  不過他們一天是由黃昏開始的
[00:00:43.400 --> 00:00:45.400]  因此我由黃昏
[00:00:45.400 --> 00:00:47.680]  雖然還未到黃昏
[00:00:47.680 --> 00:00:50.200]  不過我都開始說一下贖罪日
[00:00:50.200 --> 00:00:56.120]  利未記二十三章七月初十是贖罪日
[00:00:56.120 --> 00:01:01.520]  利未記二十三章二十七節七月初是贖罪日
[00:01:01.520 --> 00:01:07.720]  你們要守衛聖會是一個重要的聚會日子
[00:01:07.720 --> 00:01:10.000]  並且要刻苦己心
[00:01:10.000 --> 00:01:11.520]  不要拿來慶祝
[00:01:11.520 --> 00:01:15.680]  是要安靜自己靜修
[00:01:15.680 --> 00:01:18.320]  回想自己的罪惡
[00:01:18.320 --> 00:01:21.440]  也要將火祭獻給耶和華
[00:01:21.440 --> 00:01:23.320]  就是這一天贖罪日
[00:01:23.320 --> 00:01:24.640]  什麼功都不可做
[00:01:24.640 --> 00:01:27.320]  這一天要是安息日
[00:01:27.320 --> 00:01:29.840]  那天如果排到不是安息日又怎樣
[00:01:29.840 --> 00:01:31.680]  那天都會是安息日
[00:01:31.680 --> 00:01:33.480]  因為是贖罪日
[00:01:33.480 --> 00:01:35.200]  所以什麼功都不可做
[00:01:35.200 --> 00:01:39.560]  要在神面前安靜專心贖罪
[00:01:39.560 --> 00:01:41.560]  留意一下
[00:01:41.560 --> 00:01:45.960]  猶太曆份七月就叫做提斯利月
[00:01:45.960 --> 00:01:47.360]  提斯利
[00:01:47.360 --> 00:01:48.360]  Tisrae
[00:01:48.360 --> 00:01:50.840]  Tisrae 意思是開始
[00:01:50.840 --> 00:01:57.160]  因此猶太人的年初是在七月
[00:01:57.160 --> 00:02:02.560]  七月一號提斯利月七月一日就是猶太新年
[00:02:02.560 --> 00:02:04.400]  這個猶太新年
[00:02:04.400 --> 00:02:08.640]  撞到我們今年2022年
[00:02:08.640 --> 00:02:11.320]  就是九月二十五號
[00:02:11.320 --> 00:02:13.280]  就是剛剛過去的二十四、二十五
[00:02:13.280 --> 00:02:16.720]  就是過去的兩個禮拜日
[00:02:16.720 --> 00:02:18.640]  過去的兩個主日
[00:02:18.640 --> 00:02:20.600]  如果現在看的話
[00:02:20.600 --> 00:02:24.040]  在猶太新年
[00:02:24.040 --> 00:02:29.360]  希伯來字就叫Rosh Hashanah
[00:02:29.360 --> 00:02:32.400]  現在正在過他們的新年
[00:02:32.400 --> 00:02:33.800]  Rosh Hashanah
[00:02:33.800 --> 00:02:37.120]  Rosh就是頭
[00:02:37.120 --> 00:02:39.000]  頭就開始
[00:02:39.000 --> 00:02:40.200]  Hashanah
[00:02:40.200 --> 00:02:42.320]  是一個字
[00:02:42.320 --> 00:02:45.600]  不過Hashanah的下是Dah
[00:02:45.600 --> 00:02:48.560]  因此不知道怎樣翻譯
[00:02:48.560 --> 00:02:52.280]  Hashanah是年
[00:02:52.280 --> 00:02:57.000]  一年的開頭
[00:02:57.000 --> 00:02:59.920]  猶太新年那一天
[00:02:59.920 --> 00:03:03.800]  也就是七月的提斯利月
[00:03:03.800 --> 00:03:06.240]  七月一號一日
[00:03:06.240 --> 00:03:07.720]  就是猶太人新年
[00:03:07.720 --> 00:03:12.360]  而那一天也是聖經所說的吹角節
[00:03:12.360 --> 00:03:14.320]  用陽角來吹
[00:03:14.320 --> 00:03:16.360]  吹到的聲音是用來做什麼呢?
[00:03:16.360 --> 00:03:18.640]  新年吹角是不是打仗?不是
[00:03:18.640 --> 00:03:22.920]  吹角節我也曾經在吹角節那天說過
[00:03:22.920 --> 00:03:27.480]  那天如果你找回我的視頻來看
[00:03:27.480 --> 00:03:31.440]  就是用陽角的聲音提醒以色列百姓
[00:03:31.440 --> 00:03:33.280]  審判快要到了
[00:03:33.280 --> 00:03:35.400]  你要去自省
[00:03:35.400 --> 00:03:37.560]  在這個日子裡面自省
[00:03:37.560 --> 00:03:39.520]  因為在新年第一天
[00:03:39.520 --> 00:03:42.600]  也就是吹角節之後的十天
[00:03:42.600 --> 00:03:44.240]  或者看怎樣數
[00:03:44.240 --> 00:03:45.800]  九天或者十天
[00:03:45.800 --> 00:03:49.080]  七月一號是吹角節新年
[00:03:49.080 --> 00:03:51.520]  而七月十號
[00:03:51.520 --> 00:03:54.800]  第十天就是贖罪日
[00:03:54.800 --> 00:03:57.960]  中間你可以說有九天或者十天都可以
[00:03:57.960 --> 00:04:00.320]  這個九天或者十天
[00:04:00.320 --> 00:04:06.040]  猶太人叫它做大而可畏的日子
[00:04:06.040 --> 00:04:08.360]  大而可畏的日子
[00:04:08.360 --> 00:04:10.560]  有九天或者十天
[00:04:10.560 --> 00:04:13.720]  因為由一號開始數到十號
[00:04:13.720 --> 00:04:15.840]  看你計算第一天就是九天
[00:04:15.840 --> 00:04:18.160]  計算第十天就是十天
[00:04:18.160 --> 00:04:20.960]  這個大而可畏的日子在聖經裡面是舊的
[00:04:20.960 --> 00:04:22.560]  我才出這幾個字
[00:04:22.560 --> 00:04:25.320]  在約爾書和馬拉基書出過
[00:04:25.320 --> 00:04:26.880]  大而可畏的日子
[00:04:26.880 --> 00:04:27.960]  Gadol
[00:04:27.960 --> 00:04:29.880]  Gadol Yariyum
[00:04:29.880 --> 00:04:30.800]  Gadol Yariyum
[00:04:30.800 --> 00:04:32.520]  Gadol 是大
[00:04:32.520 --> 00:04:35.520]  可畏是很可怕的動詞
[00:04:35.520 --> 00:04:39.840]  Yum Yum 就是日子
[00:04:39.840 --> 00:04:42.120]  大而可畏的日子會來到
[00:04:42.120 --> 00:04:43.920]  就是上帝審判日子來到
[00:04:43.920 --> 00:04:46.480]  中間等待這段日子你就會很害怕
[00:04:46.480 --> 00:04:51.800]  那個很重要又很害怕的日子快要來到了
[00:04:51.800 --> 00:04:54.560]  這個害怕不是說很怕
[00:04:54.560 --> 00:04:55.560]  很多人都害怕的
[00:04:55.560 --> 00:04:59.440]  而是要敬畏那一天要來了
[00:04:59.440 --> 00:05:00.840]  我要準備好了
[00:05:00.840 --> 00:05:02.280]  嗯,這樣的意思
[00:05:02.280 --> 00:05:04.440]  準備好了,大而可畏的日子
[00:05:04.440 --> 00:05:06.600]  大而可畏的日子就是這九天
[00:05:06.600 --> 00:05:10.000]  由第一天新年到贖罪日中間
[00:05:10.000 --> 00:05:11.720]  新年也有一點點慶祝的
[00:05:11.720 --> 00:05:13.400]  不過主要是催覺
[00:05:13.400 --> 00:05:15.280]  警醒自己的罪惡
[00:05:15.280 --> 00:05:16.840]  這樣的意思
[00:05:16.840 --> 00:05:20.520]  贖罪日是以色列重要的宗教節日
[00:05:20.520 --> 00:05:24.160]  在利美記第十六和二十三章講得比較多
[00:05:24.160 --> 00:05:27.320]  內容自己參考看兩段經文
[00:05:27.320 --> 00:05:30.520]  而我在這裡根據第十六章的經文
[00:05:30.520 --> 00:05:34.320]  簡單口述一下
[00:05:34.320 --> 00:05:38.320]  第十六章第三節
[00:05:38.320 --> 00:05:44.720]  「阿倫進聖所,要帶一隻公牛獨為贖罪祭
[00:05:44.720 --> 00:05:48.200]  一隻公綿羊為繁祭」
[00:05:48.200 --> 00:05:53.160]  這裡是講贖罪日的做法
[00:05:53.160 --> 00:05:55.760]  這個做法第一件事開始做
[00:05:55.760 --> 00:05:57.600]  就是阿倫大祭司
[00:05:57.600 --> 00:06:00.240]  他會進去聖所
[00:06:00.240 --> 00:06:02.240]  進去聖所的時候他要進入
[00:06:02.240 --> 00:06:04.080]  這一天他要有什麼呢?
[00:06:04.080 --> 00:06:09.120]  就是一隻公牛和一隻公綿羊
[00:06:09.120 --> 00:06:10.920]  公牛用來獻贖罪祭
[00:06:10.920 --> 00:06:13.440]  公綿羊用來獻繁祭
[00:06:13.440 --> 00:06:15.520]  贖罪祭的目的就是贖罪
[00:06:15.520 --> 00:06:17.600]  繁祭就是感恩
[00:06:17.600 --> 00:06:20.160]  多謝上帝
[00:06:20.160 --> 00:06:22.320]  找到一幅圖畫
[00:06:22.320 --> 00:06:24.120]  有一隻公牛
[00:06:24.120 --> 00:06:28.960]  這是祭司平時穿的白色細碼衣服
[00:06:28.960 --> 00:06:30.920]  祭司的制服
[00:06:30.920 --> 00:06:32.000]  有一隻公牛
[00:06:32.000 --> 00:06:35.200]  公牛將會殺了用他的血和肉
[00:06:35.200 --> 00:06:37.880]  來做贖罪祭
[00:06:37.880 --> 00:06:41.560]  另外有一隻公綿羊
[00:06:41.560 --> 00:06:46.760]  這個時候阿倫要穿上細碼布的聖內袍
[00:06:46.760 --> 00:06:49.720]  把細碼布褲子穿上
[00:06:49.720 --> 00:06:52.400]  很多時候他們是不穿長褲的
[00:06:52.400 --> 00:06:57.280]  因為他們的衣服的袍已經到上下五吋
[00:06:57.280 --> 00:07:02.000]  甚至有時候會到腳面那麼長
[00:07:02.000 --> 00:07:04.560]  不過沒有穿長褲
[00:07:04.560 --> 00:07:06.240]  今天要穿整齊
[00:07:06.240 --> 00:07:07.440]  穿上褲子
[00:07:07.440 --> 00:07:11.240]  腰束細碼布帶子
[00:07:11.240 --> 00:07:13.920]  頭戴細碼布冠冕
[00:07:13.920 --> 00:07:16.480]  都是聖服的一部分
[00:07:16.480 --> 00:07:19.840]  而且用水洗身才好穿
[00:07:19.840 --> 00:07:21.200]  乾淨一點
[00:07:21.200 --> 00:07:23.800]  你知道地方乾燥
[00:07:23.800 --> 00:07:26.680]  以色列人也不是天天洗澡
[00:07:26.680 --> 00:07:29.280]  很久才洗一次也說不定
[00:07:29.280 --> 00:07:32.160]  因此不是很臭
[00:07:32.160 --> 00:07:33.200]  因為很乾
[00:07:33.200 --> 00:07:38.080]  因此今天要穿上聖服之前要洗身
[00:07:38.080 --> 00:07:43.400]  要在以色列會眾裡拿兩隻公山羊
[00:07:43.400 --> 00:07:45.160]  很多東西要拿
[00:07:45.160 --> 00:07:49.600]  兩隻公山羊是預備做贖罪祭的
[00:07:49.600 --> 00:07:53.720]  另外一隻公綿羊是做梵祭的
[00:07:53.720 --> 00:07:55.440]  大家記得嗎?
[00:07:55.440 --> 00:07:56.600]  公綿羊是做梵祭
[00:07:56.600 --> 00:07:57.600]  感恩
[00:07:57.600 --> 00:07:59.480]  綿羊是做梵祭
[00:07:59.480 --> 00:08:01.440]  山羊是贖罪祭
[00:08:01.440 --> 00:08:05.560]  另外有一隻公牛
[00:08:05.560 --> 00:08:07.160]  兩隻山羊
[00:08:07.160 --> 00:08:10.240]  山羊和綿羊怎麼分呢?
[00:08:10.240 --> 00:08:13.840]  山羊的嘴巴尖一點
[00:08:13.840 --> 00:08:16.320]  兩隻角是直一點的
[00:08:16.320 --> 00:08:18.440]  不是很長
[00:08:18.440 --> 00:08:22.200]  野性一點、惡一點
[00:08:22.200 --> 00:08:27.000]  綿羊的嘴巴沒那麼尖
[00:08:27.000 --> 00:08:29.400]  而且角是會轉的
[00:08:29.400 --> 00:08:31.120]  會彎的
[00:08:31.120 --> 00:08:33.160]  就是綿羊
[00:08:33.160 --> 00:08:36.960]  綿羊是用來做梵祭
[00:08:36.960 --> 00:08:41.160]  公山羊是用來做贖罪祭
[00:08:41.160 --> 00:08:42.480]  另外一隻公牛
[00:08:42.480 --> 00:08:46.480]  阿倫要把贖罪祭的公牛奉上
[00:08:46.480 --> 00:08:49.360]  即是先用公牛殺了
[00:08:49.360 --> 00:08:51.000]  來做贖罪祭
[00:08:51.000 --> 00:08:52.320]  為誰贖罪?
[00:08:52.320 --> 00:08:55.280]  要贖罪日要辦儀式
[00:08:55.280 --> 00:08:59.360]  所以第一件事要先為自己贖罪
[00:08:59.360 --> 00:09:01.160]  為自己和本家
[00:09:01.160 --> 00:09:04.440]  阿倫自己和阿倫家贖罪
[00:09:04.440 --> 00:09:07.880]  公牛為他贖罪
[00:09:07.880 --> 00:09:11.480]  然後兩隻公山羊還沒殺
[00:09:11.480 --> 00:09:13.120]  還沒獻祭
[00:09:13.120 --> 00:09:18.000]  安置在回望門口耶和華面前
[00:09:18.000 --> 00:09:21.120]  公牛第一隻就殺了
[00:09:21.120 --> 00:09:24.200]  獻祭,贖罪祭
[00:09:24.200 --> 00:09:28.280]  另外兩隻用公山羊做的贖罪祭就先不獻
[00:09:28.280 --> 00:09:30.600]  先放在回望門口
[00:09:30.600 --> 00:09:35.400]  然後為兩隻公山羊尖溝
[00:09:35.400 --> 00:09:38.480]  尖溝有一點像我們現在的抽籤
[00:09:38.480 --> 00:09:39.480]  抽籤做什麼呢?
[00:09:39.480 --> 00:09:42.320]  一溝,一個籤
[00:09:42.320 --> 00:09:46.040]  就是這一隻羊歸與耶和華
[00:09:46.040 --> 00:09:50.880]  右手邊的羊是歸與耶和華的
[00:09:50.880 --> 00:09:54.800]  另一隻羊是歸與阿撒舍勒
[00:09:54.800 --> 00:09:56.360]  這是什麼呢?
[00:09:56.360 --> 00:09:58.000]  兩隻羊
[00:09:58.000 --> 00:10:01.040]  總之,右手邊的羊歸給耶和華
[00:10:01.040 --> 00:10:03.240]  右手還是左手是傳統的
[00:10:03.240 --> 00:10:05.760]  右手覺得比較好
[00:10:05.760 --> 00:10:07.640]  右邊比較親愛
[00:10:07.640 --> 00:10:09.920]  將羊送給耶和華
[00:10:09.920 --> 00:10:12.680]  左手覺得沒那麼寶貴
[00:10:12.680 --> 00:10:15.680]  歸與阿撒舍勒
[00:10:15.680 --> 00:10:18.000]  阿撒舍勒是什麼意思呢?
[00:10:18.000 --> 00:10:20.160]  阿撒燒,阿撒燒
[00:10:20.160 --> 00:10:25.240]  阿撒燒是完全除去
[00:10:25.240 --> 00:10:28.200]  阿撒燒不是一個人
[00:10:28.200 --> 00:10:31.000]  很多人會解釋他是魔鬼
[00:10:31.000 --> 00:10:32.000]  不是的
[00:10:32.000 --> 00:10:35.560]  其實魔鬼也不適合神學
[00:10:35.560 --> 00:10:41.760]  因為我們贖罪的價錢、公價不會比魔鬼
[00:10:41.760 --> 00:10:46.760]  因為魔鬼不是將我們賄賂、賦贖金
[00:10:46.760 --> 00:10:48.880]  他根本沒辦法跟上帝比
[00:10:48.880 --> 00:10:51.280]  我們是規決上帝榮耀
[00:10:51.280 --> 00:10:55.600]  我們的贖價是主耶穌代我們給上帝的
[00:10:55.600 --> 00:10:57.280]  給上帝
[00:10:57.280 --> 00:11:00.600]  阿撒舍勒的意思是完全除去
[00:11:00.600 --> 00:11:05.080]  第一隻歸與耶和華是以為是贖罪祭
[00:11:05.080 --> 00:11:06.880]  獻祭殺了
[00:11:06.880 --> 00:11:10.760]  這一隻阿撒舍勒是不殺的
[00:11:10.760 --> 00:11:14.520]  是背負著我們所有的罪
[00:11:14.520 --> 00:11:18.200]  完全帶走,完全除去
[00:11:18.200 --> 00:11:21.080]  因此阿撒舍勒是一個字
[00:11:21.080 --> 00:11:23.440]  而不是一個神的名字
[00:11:23.440 --> 00:11:29.560]  第九節阿倫尖沟將歸與耶和華的羊殺了
[00:11:29.560 --> 00:11:31.840]  獻為贖罪祭
[00:11:31.840 --> 00:11:38.440]  另外尖沟歸與阿撒舍勒的羊活活地安置在耶和華面前
[00:11:38.440 --> 00:11:41.200]  都是用來贖罪,不過
[00:11:41.200 --> 00:11:43.760]  會打發人送去曠野
[00:11:43.760 --> 00:11:47.440]  讓他歸於完全除去
[00:11:47.440 --> 00:11:50.600]  意思是帶走我們所有的罪在他身上
[00:11:50.600 --> 00:11:53.160]  而走了出去曠野無人之地
[00:11:53.160 --> 00:11:57.480]  代表背負著我們的罪走了
[00:11:57.480 --> 00:11:59.840]  好了,講到這裡
[00:11:59.840 --> 00:12:02.520]  我再重溫一次
[00:12:02.520 --> 00:12:05.320]  阿倫穿好衣服,洗乾淨
[00:12:05.320 --> 00:12:07.040]  然後要做什麼?
[00:12:07.040 --> 00:12:13.160]  他要用一隻公牛為自己本人和本家贖罪
[00:12:13.160 --> 00:12:16.840]  以致你整個人身心靈都潔淨
[00:12:16.840 --> 00:12:21.080]  然後可以過贖罪日的禮儀預備做
[00:12:21.080 --> 00:12:23.720]  有兩隻公羊
[00:12:23.720 --> 00:12:27.640]  之前要帶多一隻公綿羊
[00:12:27.640 --> 00:12:30.360]  要來獻感恩凡濟
[00:12:30.360 --> 00:12:32.000]  一隻公牛一隻公綿羊
[00:12:32.000 --> 00:12:34.960]  一隻要來獻為自己做贖罪的公牛
[00:12:34.960 --> 00:12:40.560]  一隻是讚美神感謝他的公綿羊凡濟
[00:12:40.560 --> 00:12:43.360]  然後另外有兩隻公羊
[00:12:43.360 --> 00:12:46.160]  一隻是要來抽籤
[00:12:46.160 --> 00:12:50.200]  抽到這隻就歸於耶和華
[00:12:50.200 --> 00:12:51.800]  獻作贖罪祭
[00:12:51.800 --> 00:12:55.320]  另外一隻保存著,未殺著,未獻祭著
[00:12:55.320 --> 00:12:56.480]  因為他不用殺的
[00:12:56.480 --> 00:13:00.200]  是將他代表以色列全部罪惡
[00:13:00.200 --> 00:13:01.440]  背負在他身上
[00:13:01.440 --> 00:13:04.360]  然後他要出去曠野
[00:13:04.360 --> 00:13:10.480]  送到曠野就歸於完全除去阿薩斯勒
[00:13:10.480 --> 00:13:15.360]  這隻公山羊就會放到曠野
[00:13:15.360 --> 00:13:16.960]  保護他不死
[00:13:16.960 --> 00:13:18.360]  不是保護他不死
[00:13:18.360 --> 00:13:19.800]  是在一個沒有人的地方
[00:13:19.800 --> 00:13:21.280]  要保存著
[00:13:21.280 --> 00:13:22.800]  帶他的人要很小心
[00:13:22.800 --> 00:13:24.320]  中途他出事
[00:13:24.320 --> 00:13:26.760]  要完全放生他
[00:13:26.760 --> 00:13:30.480]  阿倫要將贖罪祭的公牛牽來
[00:13:30.480 --> 00:13:32.240]  為自己本家贖罪
[00:13:32.240 --> 00:13:33.680]  然後他要怎樣
[00:13:33.680 --> 00:13:34.840]  贖罪了
[00:13:34.840 --> 00:13:37.960]  他就開始入至聖所
[00:13:37.960 --> 00:13:39.520]  拿著香爐
[00:13:39.520 --> 00:13:43.240]  從耶和華面前的壇上拿一些火炭
[00:13:43.240 --> 00:13:45.720]  又拿一棒
[00:13:45.720 --> 00:13:48.040]  倒小了的香料
[00:13:48.040 --> 00:13:50.200]  都帶入萬寺內
[00:13:50.200 --> 00:13:55.240]  即是說他要人幫他掀起萬寺
[00:13:55.240 --> 00:14:00.480]  然後他要低頭進去至聖所
[00:14:00.480 --> 00:14:01.600]  至聖所裏面沒有東西
[00:14:01.600 --> 00:14:02.920]  只有藥櫃
[00:14:02.920 --> 00:14:04.760]  當萬寺降落
[00:14:04.760 --> 00:14:06.280]  裏面沒有燈
[00:14:06.280 --> 00:14:07.800]  我推測是全黑的
[00:14:07.800 --> 00:14:09.800]  弄一個火把才沒有
[00:14:09.800 --> 00:14:11.640]  摸黑的
[00:14:11.640 --> 00:14:13.040]  我推測是這樣
[00:14:13.040 --> 00:14:14.120]  看聖經
[00:14:14.120 --> 00:14:17.200]  掀完祭就拿了一個香爐
[00:14:17.200 --> 00:14:19.000]  香爐就是自己三條鏈
[00:14:19.000 --> 00:14:20.160]  一個圓形的東西
[00:14:20.160 --> 00:14:23.120]  下面放一些火炭
[00:14:23.120 --> 00:14:25.520]  火炭要在壇上拿火炭
[00:14:25.520 --> 00:14:26.680]  自己打火機
[00:14:26.680 --> 00:14:28.600]  拿木頭是不行的
[00:14:28.600 --> 00:14:30.080]  要在壇上拿火
[00:14:30.080 --> 00:14:33.480]  亞倫兩個兒子因為獻上煩火
[00:14:33.480 --> 00:14:35.240]  不在祭壇拿火
[00:14:35.240 --> 00:14:38.800]  所以他們被神擊殺了
[00:14:38.800 --> 00:14:41.120]  放滿了火炭
[00:14:41.120 --> 00:14:48.680]  然後拿香料放進自己的香爐
[00:14:48.680 --> 00:14:50.840]  香爐
[00:14:50.840 --> 00:14:54.760]  多數的香料都是乳香
[00:14:54.760 --> 00:14:57.360]  這是象徵主耶穌獻上黃金乳香
[00:14:57.360 --> 00:15:01.480]  媒若比主耶穌,乳香代表祭司的用品
[00:15:01.480 --> 00:15:04.160]  亞倫拿著自己的香爐
[00:15:04.160 --> 00:15:06.200]  火炭加了
[00:15:06.200 --> 00:15:07.840]  又放了香料
[00:15:07.840 --> 00:15:09.480]  就進去了
[00:15:09.480 --> 00:15:13.120]  在耶和人面前把香放在火上
[00:15:13.120 --> 00:15:15.920]  如果這樣看,香不是先放的
[00:15:15.920 --> 00:15:18.040]  是拿著香,拿著爐
[00:15:18.040 --> 00:15:19.640]  進去已經有火了
[00:15:19.640 --> 00:15:22.640]  把香料放進香爐
[00:15:22.640 --> 00:15:27.240]  使香的煙雲遮滿法櫃上的私人座
[00:15:27.240 --> 00:15:28.520]  避免祂死亡
[00:15:28.520 --> 00:15:31.480]  乳香燒出來的香
[00:15:31.480 --> 00:15:34.880]  代表著禱告
[00:15:34.880 --> 00:15:39.440]  讓煙遮蓋法櫃的私人座
[00:15:39.440 --> 00:15:42.520]  法櫃的私人座,象徵上帝坐在那裡
[00:15:42.520 --> 00:15:46.320]  上帝聞到乳香的香氣
[00:15:46.320 --> 00:15:48.720]  就滿意了,不會擊殺祂
[00:15:48.720 --> 00:15:52.600]  另外祂除了帶入香爐之外
[00:15:52.600 --> 00:15:55.240]  還要帶著公牛的血
[00:15:55.240 --> 00:15:58.000]  公牛的血是曾經為自己贖罪的
[00:15:58.000 --> 00:16:02.080]  然後用手指彈在私人座的東邊
[00:16:02.080 --> 00:16:06.200]  然後彈在私人座的前面七次
[00:16:06.200 --> 00:16:11.840]  彈在藥櫃的頂
[00:16:11.840 --> 00:16:17.640]  然後祂要宰了為百姓贖罪的公山羊
[00:16:17.640 --> 00:16:19.840]  又將羊血帶入萬寺內
[00:16:19.840 --> 00:16:24.080]  又同樣在藥櫃的東邊彈一下
[00:16:24.080 --> 00:16:28.680]  然後再彈七次在藥櫃的私人座上
[00:16:28.680 --> 00:16:35.280]  這時候阿倫已經進去兩次
[00:16:35.280 --> 00:16:41.240]  第一次帶著香爐和自己贖罪的公牛的血
[00:16:41.240 --> 00:16:48.920]  第二次將煙遮蓋藥櫃的私人座
[00:16:48.920 --> 00:16:51.160]  然後彈一些血
[00:16:51.160 --> 00:16:56.000]  彈在藥櫃的東邊
[00:16:56.000 --> 00:16:58.600]  然後彈七次在藥櫃的私人座上
[00:16:58.600 --> 00:17:03.960]  然後再帶著公羊的血進去
[00:17:03.960 --> 00:17:06.120]  又同樣做一次
[00:17:06.120 --> 00:17:10.160]  其實大祭司進去後很害怕
[00:17:10.160 --> 00:17:13.720]  因為進去後面對的是上帝的藥櫃
[00:17:13.720 --> 00:17:17.000]  象徵上帝坐在藥櫃的私人座上
[00:17:17.000 --> 00:17:18.600]  威嚴的上帝
[00:17:18.600 --> 00:17:21.280]  而且全黑
[00:17:21.280 --> 00:17:23.840]  相傳他們怎樣知道藥櫃在哪裏呢?
[00:17:23.840 --> 00:17:25.280]  他們要很小心
[00:17:25.280 --> 00:17:30.440]  大祭司要摸到藥櫃台那條木棒
[00:17:30.440 --> 00:17:32.960]  他們就會知道藥櫃大概在這裏
[00:17:32.960 --> 00:17:38.480]  他才知道可以向哪邊彈血
[00:17:38.480 --> 00:17:40.080]  其實很簡單
[00:17:40.080 --> 00:17:41.920]  藥櫃的東邊在哪裏呢?
[00:17:41.920 --> 00:17:44.200]  藥櫃對正正門就是東邊
[00:17:44.200 --> 00:17:46.320]  因為會望朝東
[00:17:46.320 --> 00:17:49.960]  因此如果他在這裏見到藥櫃在自己前面
[00:17:49.960 --> 00:17:51.520]  東邊在後面
[00:17:51.520 --> 00:17:53.400]  他便向後面彈血
[00:17:53.400 --> 00:17:56.960]  然後向前面藥櫃的頂彈七次
[00:17:56.960 --> 00:18:00.240]  然後出來又帶著公羊的血進去
[00:18:00.240 --> 00:18:01.760]  又再做一次
[00:18:01.760 --> 00:18:02.760]  十六節
[00:18:02.760 --> 00:18:05.560]  他因以色列諸般的污穢過犯
[00:18:05.560 --> 00:18:07.200]  就是他們一切的罪謙
[00:18:07.200 --> 00:18:10.080]  當這樣在聖所行數罪之禮
[00:18:10.080 --> 00:18:12.560]  並因回望在他們污穢之中
[00:18:12.560 --> 00:18:14.800]  也要照樣而行
[00:18:14.800 --> 00:18:16.600]  因此他要做這些事
[00:18:16.600 --> 00:18:20.120]  他進聖所贖罪時回望裏不可以有人
[00:18:20.120 --> 00:18:25.560]  直到他為自己和本家並以色列全會盡贖料罪出來
[00:18:25.560 --> 00:18:28.080]  才可以有人進去做事
[00:18:28.080 --> 00:18:32.560]  就是他一個人到至聖所裏面
[00:18:32.560 --> 00:18:34.320]  話說回來
[00:18:34.320 --> 00:18:36.200]  限力很大
[00:18:36.200 --> 00:18:39.920]  因為我們相信如果阿倫進去
[00:18:39.920 --> 00:18:46.520]  心裏會很亂,神不喜歡便會擊殺他
[00:18:46.520 --> 00:18:49.120]  另一方面如果他做得不好
[00:18:49.120 --> 00:18:52.840]  在獻香、獻血的時候
[00:18:52.840 --> 00:18:54.760]  為以色列百姓贖罪禱告
[00:18:54.760 --> 00:18:57.600]  心裏有不正確的思想
[00:18:57.600 --> 00:19:01.560]  可能神不高興便會擊殺他
[00:19:01.560 --> 00:19:02.560]  不能催他出來
[00:19:02.560 --> 00:19:05.320]  很威嚴的上帝
[00:19:05.320 --> 00:19:08.280]  他在裏面做贖罪的工作
[00:19:08.280 --> 00:19:11.360]  主要是用血和香禱告
[00:19:11.360 --> 00:19:15.040]  他出來的時候要去到耶和華面前的壇
[00:19:15.040 --> 00:19:17.160]  在壇上行贖罪之禮
[00:19:17.160 --> 00:19:20.640]  又用公牛的血和公山羊的血
[00:19:20.640 --> 00:19:23.720]  抹那些血在壇的四個角
[00:19:23.720 --> 00:19:26.240]  這個壇是祭壇的四個角
[00:19:26.240 --> 00:19:32.280]  祭壇是贖罪的重要的一個聖器
[00:19:32.280 --> 00:19:34.680]  在壇的四邊
[00:19:34.680 --> 00:19:40.760]  壇很大,不像我們燒烤的爐
[00:19:40.760 --> 00:19:45.160]  他要在四邊塗公牛和公山羊的血
[00:19:45.160 --> 00:19:47.800]  然後再用那些血
[00:19:47.800 --> 00:19:50.440]  在壇上彈七次
[00:19:50.440 --> 00:19:51.960]  公牛的血彈七次
[00:19:51.960 --> 00:19:53.400]  公羊的血彈七次
[00:19:53.400 --> 00:19:57.120]  那個祭壇就被潔淨了
[00:19:57.120 --> 00:20:00.240]  使壇成性,除掉污穢
[00:20:00.240 --> 00:20:05.600]  阿鄰為聖所和會幕的彈獻原料贖罪祭
[00:20:05.600 --> 00:20:08.320]  就要做另一件事
[00:20:08.320 --> 00:20:11.200]  就是將那隻活著的羊
[00:20:11.200 --> 00:20:13.840]  公山羊奉上
[00:20:13.840 --> 00:20:17.200]  兩隻羊,一隻獻了做贖罪祭
[00:20:17.200 --> 00:20:20.720]  帶著為自己贖罪的公牛的血
[00:20:20.720 --> 00:20:24.080]  和第二次帶公山羊贖罪祭
[00:20:24.080 --> 00:20:26.400]  為百姓贖罪的公山羊的血
[00:20:26.400 --> 00:20:28.960]  進去至聖所,藥櫃那裡
[00:20:28.960 --> 00:20:33.280]  出來將公牛和公羊的血彈在祭壇
[00:20:33.280 --> 00:20:37.200]  清潔後就開始處理那隻
[00:20:37.200 --> 00:20:41.120]  歸於亞撒舍那並無殺的羊
[00:20:41.120 --> 00:20:43.840]  將那隻活著的羊奉給神
[00:20:43.840 --> 00:20:44.880]  怎樣做呢?
[00:20:44.880 --> 00:20:47.280]  兩手按在羊頭上
[00:20:47.280 --> 00:20:49.680]  承認以色列人的諸般過犯
[00:20:49.680 --> 00:20:51.120]  就是他們一切的罪
[00:20:51.120 --> 00:20:55.200]  把這罪都歸在羊的頭上
[00:20:55.200 --> 00:20:57.760]  然後藉著所派之人的手
[00:20:57.760 --> 00:20:59.600]  送到曠野
[00:20:59.600 --> 00:21:01.680]  要將這隻羊放在曠野
[00:21:01.680 --> 00:21:03.840]  這隻羊要擔當他們一切的罪孽
[00:21:03.840 --> 00:21:05.120]  帶到無人之地
[00:21:05.120 --> 00:21:06.320]  亞撒舍那
[00:21:06.320 --> 00:21:08.160]  什麼意思呢?
[00:21:08.160 --> 00:21:15.040]  就是兩手按在羊的頭上
[00:21:15.040 --> 00:21:18.080]  這隻羊的意思就是
[00:21:18.080 --> 00:21:20.720]  所有以色列人的罪
[00:21:20.720 --> 00:21:23.360]  都歸在這隻羊那裡
[00:21:23.360 --> 00:21:26.720]  然後將這隻羊小心送到曠野
[00:21:26.720 --> 00:21:30.560]  背負以色列全百姓的罪
[00:21:30.560 --> 00:21:32.880]  將它帶到無人之地
[00:21:32.880 --> 00:21:37.280]  這帶到無人之地完全除去所有罪
[00:21:37.280 --> 00:21:39.040]  歸在這隻羊那裡
[00:21:39.040 --> 00:21:42.640]  這就叫做歸給亞撒舍那
[00:21:42.640 --> 00:21:45.120]  亞撒舍那
[00:21:45.120 --> 00:21:49.280]  手按在羊頭上
[00:21:49.280 --> 00:21:51.280]  做一個贖罪的工作
[00:21:51.280 --> 00:21:53.600]  讓它代替我們
[00:21:53.600 --> 00:21:55.840]  其實這兩隻羊都是贖罪的
[00:21:55.840 --> 00:21:59.680]  一隻就是獻上自己的血和身體
[00:21:59.680 --> 00:22:00.960]  做贖罪劑
[00:22:00.960 --> 00:22:06.720]  另一隻就是背負我們全百姓的罪過
[00:22:06.720 --> 00:22:08.480]  離開了百姓
[00:22:08.480 --> 00:22:11.200]  讓百姓被潔淨
[00:22:11.200 --> 00:22:15.040]  亞倫再次回到會幕裡面
[00:22:15.040 --> 00:22:16.640]  在聖所,不是自己的聖所
[00:22:16.640 --> 00:22:20.160]  將自己那件細麻布衣服全部脫光
[00:22:20.160 --> 00:22:21.200]  放在那裡
[00:22:21.200 --> 00:22:25.760]  然後在那個地方用水洗身
[00:22:25.760 --> 00:22:27.120]  象徵再次潔淨
[00:22:27.120 --> 00:22:29.120]  穿回普通的衣服出來
[00:22:29.120 --> 00:22:34.240]  將自己的繁祭和百姓的繁祭一起獻上
[00:22:34.240 --> 00:22:37.280]  為自己和百姓贖罪
[00:22:37.280 --> 00:22:39.440]  帶來的繁祭
[00:22:39.440 --> 00:22:42.640]  那隻公綿羊就現在獻上了
[00:22:42.640 --> 00:22:43.600]  感恩
[00:22:43.600 --> 00:22:46.800]  所有罪已經赦免帶走
[00:22:46.800 --> 00:22:48.800]  所以獻上繁祭感恩
[00:22:48.800 --> 00:22:51.920]  贖罪祭身的羔羊要在壇上焚燒
[00:22:51.920 --> 00:22:56.400]  最重要的是燒了羔脂油
[00:22:56.400 --> 00:22:59.280]  是神最歡喜的,當時認為最寶貴的
[00:22:59.280 --> 00:23:05.680]  那隻大祭司兩個手按在頭上
[00:23:05.680 --> 00:23:07.600]  帶去抗爺的那隻羊
[00:23:07.600 --> 00:23:10.800]  放羊的那個人
[00:23:10.800 --> 00:23:15.360]  要洗衣服洗身才可以回家
[00:23:15.360 --> 00:23:18.560]  做贖罪祭的公牛和公羊的血
[00:23:18.560 --> 00:23:19.680]  帶進了至聖所
[00:23:19.680 --> 00:23:27.040]  這兩次,第一次香爐為自己贖罪那隻公牛的血
[00:23:27.040 --> 00:23:32.720]  第二次是香爐加公羊為全百姓贖罪那隻羊的血
[00:23:32.720 --> 00:23:36.800]  所以這隻牛和羊都不再吃了
[00:23:36.800 --> 00:23:39.360]  血就進了至聖所彈了
[00:23:39.360 --> 00:23:42.720]  然後出來彈了祭壇
[00:23:42.720 --> 00:23:48.000]  然後就將羊和羊的血
[00:23:48.000 --> 00:23:53.040]  然後就將羊和羊的皮肉
[00:23:53.040 --> 00:23:56.000]  用火焚燒,搬出營外
[00:23:56.000 --> 00:24:00.480]  因為象徵著咒助與罪惡
[00:24:00.480 --> 00:24:03.120]  帶走,不能在城內
[00:24:03.120 --> 00:24:06.080]  是全年焚燒
[00:24:06.080 --> 00:24:10.880]  焚燒的人都要洗衣服用水洗身才可以回家
[00:24:10.880 --> 00:24:16.320]  說到這裏,大概整個贖罪日就會做這件事
[00:24:16.320 --> 00:24:18.560]  贖罪日的儀式就是這樣
[00:24:18.560 --> 00:24:22.720]  在儀式的人來說,贖罪日是非常重要的
[00:24:22.720 --> 00:24:27.040]  來到我們今天的應用就是希伯來書第九章
[00:24:27.040 --> 00:24:30.240]  但現在基督已經來到
[00:24:30.240 --> 00:24:32.880]  作了將來美事的大祭司
[00:24:32.880 --> 00:24:36.640]  以前有亞倫做大祭司,歷代的大祭司
[00:24:36.640 --> 00:24:39.840]  今天我們有基督成為大祭司
[00:24:39.840 --> 00:24:43.520]  今天我們有沒有回望,有沒有贖罪至聖所?
[00:24:43.520 --> 00:24:48.000]  沒有,但不要緊,我們有一個更大更全面的帳幕
[00:24:48.000 --> 00:24:52.240]  不是人手所做,也不是在這個世界上見得到的
[00:24:52.240 --> 00:24:57.120]  也不是用山羊和公牛的血去贖罪
[00:24:57.120 --> 00:25:03.680]  而是基督這位大祭司用自己的血進入至聖所
[00:25:03.680 --> 00:25:09.440]  只是一次,大家留意,成了永遠贖罪的事
[00:25:09.440 --> 00:25:13.600]  今天耶穌基督的救贖,用祂的血
[00:25:13.600 --> 00:25:16.560]  祂也是大祭司,就不用公牛公羊的血
[00:25:16.560 --> 00:25:19.040]  是用自己的血為我們贖罪
[00:25:19.040 --> 00:25:21.200]  這麼寶貴,要做多少事?
[00:25:21.200 --> 00:25:24.000]  一次就完成了,once for all
[00:25:24.000 --> 00:25:28.400]  不用翻手的,就成了永遠贖罪的事
[00:25:28.400 --> 00:25:32.320]  如果你相信主,覺得我又犯罪了
[00:25:32.320 --> 00:25:34.000]  不知道主會不會赦免我呢?
[00:25:34.000 --> 00:25:37.600]  放心,因為主耶穌基督的血
[00:25:37.600 --> 00:25:40.080]  祂也是祭生,也是祭司
[00:25:40.080 --> 00:25:43.360]  一次就令我們永遠贖罪
[00:25:43.360 --> 00:25:48.160]  以前的祭司天天暫著侍奉上帝
[00:25:48.160 --> 00:25:51.200]  天天獻祭,每年過贖罪日
[00:25:51.200 --> 00:25:53.600]  屢次獻上一樣的祭物
[00:25:53.600 --> 00:25:57.440]  但這些祭物其實永不能除罪
[00:25:57.440 --> 00:26:00.720]  不能除罪,又年年早,又日日早
[00:26:00.720 --> 00:26:02.720]  不是這麼浪費吧?搞什麼?
[00:26:02.720 --> 00:26:05.760]  如果不用做,一會兒我就會解釋
[00:26:05.760 --> 00:26:09.040]  但是基督就不同了,只是一次
[00:26:09.040 --> 00:26:11.520]  once for all,永遠的贖罪咒
[00:26:11.520 --> 00:26:16.640]  然後就在上帝的右邊坐下了,收工
[00:26:16.640 --> 00:26:19.360]  做完了,被上帝所愛
[00:26:19.360 --> 00:26:21.920]  更加回復上帝兒子的身份
[00:26:21.920 --> 00:26:24.000]  傳言神聖的身份
[00:26:24.000 --> 00:26:27.760]  坐在上帝同等的寶座上
[00:26:27.760 --> 00:26:31.120]  右邊坐下了,一次永遠贖罪咒
[00:26:31.120 --> 00:26:34.800]  不用翻手的,不用去祭司天天做的
[00:26:34.800 --> 00:26:37.440]  從此就等待最後的審判
[00:26:37.440 --> 00:26:41.360]  就是他將仇敵審判成為他踏腳的椅子
[00:26:41.360 --> 00:26:42.960]  完全得勝他
[00:26:42.960 --> 00:26:44.960]  因他一次獻祭
[00:26:44.960 --> 00:26:48.560]  你看到希伯留書第九章第十章是說很多次
[00:26:48.560 --> 00:26:52.400]  一次,不用翻手的,耶穌也一次就行了
[00:26:52.400 --> 00:26:53.840]  就留意一下
[00:26:53.840 --> 00:26:58.480]  為那得以成聖的人是永遠完全
[00:26:58.480 --> 00:27:01.280]  所以如果魔鬼提醒你
[00:27:01.280 --> 00:27:03.520]  你以前很多罪,如果有人提醒你
[00:27:03.520 --> 00:27:05.280]  你很壞,你有很多罪惡
[00:27:05.280 --> 00:27:06.800]  是的,我知道
[00:27:06.800 --> 00:27:11.440]  不過耶穌基督一次自己做那個贖罪的羔羊
[00:27:11.440 --> 00:27:14.000]  又一次用自己的身體為我流血
[00:27:14.000 --> 00:27:16.720]  自己又是那個永遠的大祭司
[00:27:16.720 --> 00:27:20.080]  令到我們信靠他就得以成聖
[00:27:20.080 --> 00:27:22.480]  成聖,成為聖徒
[00:27:22.480 --> 00:27:25.360]  而且是永遠完全
[00:27:25.360 --> 00:27:26.720]  所以你知道
[00:27:26.720 --> 00:27:28.800]  是我自己個人的信仰
[00:27:28.800 --> 00:27:31.360]  是一次得救,永遠得救的
[00:27:31.360 --> 00:27:34.480]  你做得很好嗎?一次得救,永遠得救?不是
[00:27:34.480 --> 00:27:38.000]  是我主耶穌的功勞,救了浩大
[00:27:38.000 --> 00:27:42.160]  他的救恩是可以拯救我這個人的
[00:27:42.160 --> 00:27:48.080]  弟兄們,我們既因耶穌的血得以坦然進入至聖所
[00:27:48.080 --> 00:27:51.920]  以前大祭司進去面都青
[00:27:51.920 --> 00:27:54.400]  又要獻公牛的血為自己贖罪
[00:27:54.400 --> 00:27:57.600]  又要拿百姓那隻羔羊的血為自己贖罪
[00:27:57.600 --> 00:28:00.160]  拿著香爐急急震進去
[00:28:00.160 --> 00:28:04.960]  很害怕,今天我們是坦然進入至聖所
[00:28:04.960 --> 00:28:07.600]  是因為耶穌基督的血
[00:28:07.600 --> 00:28:12.480]  為我們開了一條又新又活的路
[00:28:12.480 --> 00:28:16.160]  從萬子經過,主耶穌釘十字架斷氣的時候
[00:28:16.160 --> 00:28:19.360]  聖殿的萬子從中間到下面裂為兩半
[00:28:19.360 --> 00:28:21.680]  其實就是開了一條路
[00:28:21.680 --> 00:28:24.640]  萬子就是他的身體,希伯來書說的
[00:28:24.640 --> 00:28:29.200]  所以今天主耶穌為我們開了一條又新又活的路
[00:28:29.200 --> 00:28:32.480]  從萬子經過,直接進入至聖所
[00:28:32.480 --> 00:28:34.960]  還需要別人幫你掀開嗎?
[00:28:34.960 --> 00:28:37.760]  一片光明,需要害怕嗎?
[00:28:37.760 --> 00:28:39.280]  以前害怕到什麼程度?
[00:28:39.280 --> 00:28:43.440]  現在是坦然,意思就是完全不害怕
[00:28:43.440 --> 00:28:48.400]  所以今天你和我比以往的大祭司更好的光景
[00:28:48.400 --> 00:28:50.000]  就是我們一禱告
[00:28:50.000 --> 00:28:53.520]  已經坦然無懼,完全放心
[00:28:53.520 --> 00:28:56.960]  一條又新又活的路已經去到神面前
[00:28:56.960 --> 00:28:59.520]  主啊,我來到祢的面前就到了
[00:28:59.520 --> 00:29:02.800]  以往大祭司是一年一次贖罪日才進去
[00:29:02.800 --> 00:29:04.080]  你說有多重要呢?
[00:29:04.080 --> 00:29:07.200]  又要供牛,又要供羊,又要怎樣怎樣
[00:29:07.200 --> 00:29:11.760]  今天我們一條直路,又新又活
[00:29:11.760 --> 00:29:16.160]  因為耶穌的血,坦然進到神面前
[00:29:16.160 --> 00:29:18.320]  因此在希伯來書十三章結束的時候
[00:29:18.320 --> 00:29:22.880]  他提醒我們,你們務要常存弟兄相愛的心
[00:29:22.880 --> 00:29:26.080]  所以當我們罪被贖之後
[00:29:26.080 --> 00:29:27.760]  應該前面怎樣走呢?
[00:29:27.760 --> 00:29:30.160]  希伯來書的作者已經告訴我們
[00:29:30.160 --> 00:29:33.680]  是存相愛的心
[00:29:33.680 --> 00:29:36.640]  用愛對方來生活
[00:29:36.640 --> 00:29:42.240]  愛就是基督徒生活最重要的一個原則與方向
[00:29:42.240 --> 00:29:44.240]  彼此相愛
[00:29:44.240 --> 00:29:47.600]  每個聖徒,包括主耶穌都這樣說
[00:29:47.600 --> 00:29:51.680]  有愛別人就會認出你是我的門徒
[00:29:51.680 --> 00:29:53.280]  主耶穌教我們的
[00:29:53.280 --> 00:29:56.400]  結束的時候要再提一下贖罪日
[00:29:56.400 --> 00:29:59.440]  這一日叫做Yom Kippur
[00:29:59.440 --> 00:30:01.200]  Yom Kippur是什麼呢?
[00:30:01.200 --> 00:30:06.400]  Yom Kippur,Yom是日,Kippur是遮蓋
[00:30:06.400 --> 00:30:09.600]  所以贖罪日應該叫做遮蓋日
[00:30:09.600 --> 00:30:11.680]  遮蓋罪惡的日子
[00:30:11.680 --> 00:30:16.720]  遮蓋著,遮住了看不到,不是沒有了
[00:30:16.720 --> 00:30:21.280]  舊約的時候叫做Yom Kippur,就是遮蓋日
[00:30:21.280 --> 00:30:23.280]  新約的時候不是了
[00:30:23.280 --> 00:30:26.160]  約翰一書,我選了他做我們的代表經文
[00:30:26.160 --> 00:30:28.160]  約翰一書一章第七節
[00:30:28.160 --> 00:30:32.160]  我們若在光明中行,如同上帝在光明中
[00:30:32.160 --> 00:30:37.120]  彼此相交,我們會彼此相愛,互相成為一體
[00:30:37.120 --> 00:30:41.840]  他兒子耶穌的血,洗淨我們一切的罪
[00:30:41.840 --> 00:30:45.440]  這個也不是你要這樣相交
[00:30:45.440 --> 00:30:48.800]  然後他才會,這個也字是譯得不好的
[00:30:48.800 --> 00:30:53.600]  應該是他兒子耶穌的血,April,April希臘文
[00:30:53.600 --> 00:30:56.000]  就是從此,或者開始
[00:30:56.000 --> 00:31:00.960]  意思就是說,耶穌基督的血,洗淨我們一切的罪
[00:31:00.960 --> 00:31:04.960]  留意的,Yom Kippur是遮蓋,贖罪日
[00:31:04.960 --> 00:31:06.720]  舊約只是遮蓋
[00:31:06.720 --> 00:31:12.080]  那隻羊暫時代表了我們,那些血暫時代表我們
[00:31:12.080 --> 00:31:15.440]  而在今天,耶穌的血是洗淨
[00:31:15.440 --> 00:31:19.040]  洗淨和遮蓋有什麼不同?在這裡污糟了,先遮蓋
[00:31:19.040 --> 00:31:22.480]  不要讓人看到那麼醜,吃東西時滴了油
[00:31:22.480 --> 00:31:25.520]  像豉油一樣遮蓋,不是的
[00:31:25.520 --> 00:31:30.960]  是洗乾淨了,我們今天是被洗淨我們一切的罪
[00:31:30.960 --> 00:31:33.120]  約翰一書一章第七節這樣說
[00:31:33.120 --> 00:31:36.560]  洗淨他的血,洗淨我們一切的罪,很寶貴
[00:31:36.560 --> 00:31:38.960]  約翰一書一章第九節,記不記得
[00:31:38.960 --> 00:31:41.680]  我們若認自己的罪臣是信世界公義的
[00:31:41.680 --> 00:31:44.080]  必要赦免我們的罪,洗淨我們
[00:31:44.080 --> 00:31:50.160]  一切的不義,洗淨我們一切的不義
[00:31:50.160 --> 00:31:54.800]  所以約翰一書一章第七節,第九節都非常寶貴
[00:31:54.800 --> 00:31:58.480]  第七節是說基督的血,洗淨我們一切的罪
[00:31:58.480 --> 00:32:02.880]  九節是說我們向他認罪,他就洗淨我們一切的不義
[00:32:02.880 --> 00:32:06.000]  都是用洗淨而不是遮蓋
[00:32:06.000 --> 00:32:09.360]  好了,我今天跟大家分享到這裡
[00:32:09.360 --> 00:32:15.440]  希望今天,今年2022年的今天是贖罪日
[00:32:15.440 --> 00:32:19.600]  今晚開始五點鐘左右,他們是黃昏了
[00:32:19.600 --> 00:32:21.440]  就是贖罪日的開始一天
[00:32:21.440 --> 00:32:25.280]  而之前的九天就是他們的大而可畏日子
[00:32:25.280 --> 00:32:28.320]  哎呀,在這裡紀念主,刻苦記心
[00:32:28.320 --> 00:32:32.320]  然後七月一日第一天,就是他們的新年
[00:32:32.320 --> 00:32:36.880]  催覺,提醒他們要悔罪,要自省
[00:32:36.880 --> 00:32:41.200]  然後經過九日大而可畏日子,或者叫十日大而可畏日子
[00:32:41.200 --> 00:32:45.520]  等候神這個可畏的審判要來到
[00:32:45.520 --> 00:32:49.680]  來到贖罪日了,最悲聲的就是贖罪日
[00:32:49.680 --> 00:32:52.000]  跟大家思想到這裡
[00:32:52.000 --> 00:32:56.800]  希望我們都可以在這個贖罪日裡面更多思念主耶穌
[00:32:56.800 --> 00:32:59.200]  好了,在我們今天應用的時候
[00:32:59.200 --> 00:33:07.120]  我很想大家再次記起,在我這裡是有聖餐餅和聖餐杯
[00:33:07.120 --> 00:33:09.600]  其實聖餐大家都知道了
[00:33:09.600 --> 00:33:14.160]  我們是用這個餅代表象徵耶穌基督的身體
[00:33:14.160 --> 00:33:16.160]  為我們捨棄自己
[00:33:16.160 --> 00:33:18.880]  這個餅被打開
[00:33:18.880 --> 00:33:21.200]  我們多數歡喜用一個餅
[00:33:21.200 --> 00:33:23.200]  因為我們是一個餅一個身體
[00:33:23.200 --> 00:33:25.680]  耶穌基督是一個身體為我們打開
[00:33:25.680 --> 00:33:29.520]  而我們這麼多人都是一個餅一個身體
[00:33:29.520 --> 00:33:35.120]  是彼此有團契相交的關係與身份
[00:33:35.120 --> 00:33:38.720]  在這裡我們把餅打開
[00:33:38.720 --> 00:33:41.840]  紀念主耶穌為我們捨棄
[00:33:41.840 --> 00:33:44.880]  祂是愛我們而為我們捨棄身體
[00:33:44.880 --> 00:33:49.040]  就好像那些牛羊來為我們贖罪一樣
[00:33:49.040 --> 00:33:54.480]  另外有一個杯,這個杯是象徵耶穌基督的血
[00:33:54.480 --> 00:33:57.360]  祂為我們多人流出納入的血
[00:33:57.360 --> 00:33:59.600]  使我們罪得赦免
[00:33:59.600 --> 00:34:04.240]  我們都會喝這個杯
[00:34:04.240 --> 00:34:07.040]  紀念耶穌基督為我們流血
[00:34:07.040 --> 00:34:09.200]  聖經是說
[00:34:09.200 --> 00:34:12.960]  血裡有生命
[00:34:12.960 --> 00:34:14.960]  所以血能夠贖罪
[00:34:14.960 --> 00:34:17.520]  這也是主耶穌必須流血
[00:34:17.520 --> 00:34:19.760]  若不流血罪也不得赦免
[00:34:19.760 --> 00:34:22.880]  也是聖經給我們所講上帝的心意
[00:34:22.880 --> 00:34:26.720]  所以我們是透過餅和杯
[00:34:26.720 --> 00:34:29.520]  在今天我們這個新約的時代
[00:34:29.520 --> 00:34:32.560]  我們是紀念耶穌基督為我們捨棄
[00:34:32.560 --> 00:34:33.760]  為我們流血
[00:34:33.760 --> 00:34:36.480]  在我自己教會聖餐的時候
[00:34:36.480 --> 00:34:38.080]  每逢用這個聖餐
[00:34:38.080 --> 00:34:40.080]  每逢是杯還是餅
[00:34:40.080 --> 00:34:42.560]  我們負責分派的人就會說
[00:34:42.560 --> 00:34:44.080]  這是基督的身體
[00:34:44.080 --> 00:34:46.480]  祂為你捨棄自己
[00:34:46.480 --> 00:34:48.480]  祂很愛你
[00:34:48.480 --> 00:34:50.240]  這是基督的補血
[00:34:50.240 --> 00:34:54.160]  祂為你流出主耶穌很愛你
[00:34:54.160 --> 00:34:56.960]  請你記得主耶穌很愛我們
[00:34:56.960 --> 00:34:59.120]  以往的大祭司
[00:34:59.120 --> 00:35:02.160]  他們是要很驚慌地
[00:35:02.160 --> 00:35:05.600]  一年一次獻贖罪日
[00:35:05.600 --> 00:35:07.600]  但今天我們不用
[00:35:07.600 --> 00:35:09.760]  一條又新又活的路
[00:35:09.760 --> 00:35:11.520]  萬子已經打開
[00:35:11.520 --> 00:35:13.120]  我們就去到至聖所
[00:35:13.120 --> 00:35:14.320]  去到神面前
[00:35:14.320 --> 00:35:16.320]  今天跟大家贖罪日分享到這裡
[00:35:16.320 --> 00:35:18.000]  希望你可以更加認識到
[00:35:18.000 --> 00:35:20.400]  以色列的宗教節日
[00:35:20.400 --> 00:35:21.600]  最重要的那個
[00:35:21.600 --> 00:35:23.280]  就是贖罪日
[00:35:23.280 --> 00:35:25.520]  之前我講過摧國節
[00:35:25.520 --> 00:35:26.480]  接著是贖罪日
[00:35:26.480 --> 00:35:28.640]  接下來還有一個重要的節日
[00:35:28.640 --> 00:35:30.480]  就是駐彭節
[00:35:30.480 --> 00:35:32.240]  在以色列七月
[00:35:32.240 --> 00:35:34.160]  提斯利月七月的時候
[00:35:34.160 --> 00:35:37.280]  是三個重要秋季的節日
[00:35:37.280 --> 00:35:38.880]  好了,願主祝福大家
[00:35:38.880 --> 00:35:41.520]  我們更多知道贖罪日的意義
[00:35:41.520 --> 00:35:42.240]  多謝你
[00:35:42.240 --> 00:35:43.600]  我們一起禱告
[00:35:43.600 --> 00:35:45.600]  讚美主
[00:35:45.600 --> 00:35:47.600]  雖然經文很長
[00:35:47.600 --> 00:35:49.600]  要了解的東西很多
[00:35:49.600 --> 00:35:51.600]  不過我們總的
[00:35:51.600 --> 00:35:53.600]  我們知道就是
[00:35:53.600 --> 00:35:55.600]  你是用公牛
[00:35:55.600 --> 00:35:57.600]  用公羊的血
[00:35:57.600 --> 00:35:59.600]  為我們贖罪
[00:35:59.600 --> 00:36:01.600]  又是用一隻羊
[00:36:01.600 --> 00:36:03.600]  將牠背負所有以色列的罪
[00:36:03.600 --> 00:36:05.600]  將牠放到曠野裡面
[00:36:05.600 --> 00:36:07.600]  無人之地
[00:36:07.600 --> 00:36:09.600]  代表罪完全離開了我們
[00:36:09.600 --> 00:36:11.600]  主,今天我們不用
[00:36:11.600 --> 00:36:13.600]  靠著祭司年年月月的功績
[00:36:13.600 --> 00:36:15.600]  獻上贖罪祭
[00:36:15.600 --> 00:36:17.600]  而是你自己一次就為我們獻上
[00:36:17.600 --> 00:36:19.600]  一次就有條有生有死的路
[00:36:19.600 --> 00:36:21.600]  而且是一次
[00:36:21.600 --> 00:36:23.600]  到永遠的
[00:36:23.600 --> 00:36:25.600]  令到我們完全成性
[00:36:25.600 --> 00:36:27.600]  讚美你,完全不是我們的功勞
[00:36:27.600 --> 00:36:29.600]  完全不是我們的善行
[00:36:29.600 --> 00:36:31.600]  是因為信靠你
[00:36:31.600 --> 00:36:33.600]  接受了你的恩典
[00:36:33.600 --> 00:36:35.600]  多謝主將救恩賞賜我們
[00:36:35.600 --> 00:36:37.600]  給我們更多信靠你
[00:36:37.600 --> 00:36:39.600]  再次一齊多謝你的愛
[00:36:39.600 --> 00:36:41.600]  我們感恩禱告
[00:36:41.600 --> 00:36:43.600]  奉耶穌基督的名
[00:36:43.600 --> 00:36:44.600]  好嗎?
