
[00:00:00.000 --> 00:00:02.000]  各位兄弟姐妹 大家早安
[00:00:02.000 --> 00:00:05.000]  我們一同來禱告
[00:00:05.000 --> 00:00:07.000]  我們求主的聖靈
[00:00:07.000 --> 00:00:09.000]  把光照到我們的心裡
[00:00:09.000 --> 00:00:11.000]  讓我們看見
[00:00:11.000 --> 00:00:13.000]  在黑暗當中
[00:00:13.000 --> 00:00:15.000]  神是我們生命的光
[00:00:15.000 --> 00:00:17.000]  所以說我們來到你的面前
[00:00:17.000 --> 00:00:20.000]  我們把今天的神的話語的信息
[00:00:20.000 --> 00:00:22.000]  仰望在你的手中
[00:00:22.000 --> 00:00:24.000]  主要願你自己親自用你的話
[00:00:24.000 --> 00:00:26.000]  向我們每一個人來說話
[00:00:26.000 --> 00:00:29.000]  主要讓我們有能聽的耳朵
[00:00:29.000 --> 00:00:31.000]  讓我們有甦醒的靈
[00:00:31.000 --> 00:00:33.000]  能夠領受你的話語
[00:00:33.000 --> 00:00:35.000]  栽種在我們的心田裡
[00:00:35.000 --> 00:00:37.000]  使我們的生命不斷地迎向你
[00:00:37.000 --> 00:00:39.000]  被你來祝福
[00:00:39.000 --> 00:00:41.000]  恩帶我們 垂聽我們的禱告
[00:00:41.000 --> 00:00:43.000]  奉靠耶穌基督的名
[00:00:43.000 --> 00:00:45.000]  Amen
[00:00:45.000 --> 00:00:47.000]  跟你隔壁的弟兄姊妹說
[00:00:47.000 --> 00:00:49.000]  在今天的黑暗的講章中
[00:00:49.000 --> 00:00:51.000]  不要睡覺
[00:00:51.000 --> 00:00:55.000]  今天這個題目是
[00:00:55.000 --> 00:00:57.000]  黑暗中的詩篇
[00:00:57.000 --> 00:00:59.000]  大家可能都不會想到
[00:00:59.000 --> 00:01:01.000]  詩篇應該是很明亮的
[00:01:01.000 --> 00:01:03.000]  怎麼會是黑暗的呢
[00:01:03.000 --> 00:01:05.000]  但是在我們所讀的詩篇裡面
[00:01:05.000 --> 00:01:07.000]  88篇
[00:01:07.000 --> 00:01:09.000]  有一個非常非常寶貴的一卷
[00:01:09.000 --> 00:01:11.000]  一個詩篇
[00:01:11.000 --> 00:01:13.000]  詩篇88篇
[00:01:13.000 --> 00:01:15.000]  我想先讓大家
[00:01:15.000 --> 00:01:17.000]  很容易記得一下好了
[00:01:17.000 --> 00:01:19.000]  先問大家一個問題
[00:01:19.000 --> 00:01:21.000]  大家有沒有聽過一首打油詩
[00:01:21.000 --> 00:01:23.000]  小老鼠上燈台
[00:01:23.000 --> 00:01:25.000]  請問他什麼時候叫爸爸
[00:01:27.000 --> 00:01:29.000]  什麼時候他叫爸爸
[00:01:29.000 --> 00:01:31.000]  叫媽媽媽不來的時候
[00:01:31.000 --> 00:01:33.000]  他才叫爸爸
[00:01:33.000 --> 00:01:35.000]  結果爸爸有沒有來
[00:01:35.000 --> 00:01:37.000]  也沒來
[00:01:37.000 --> 00:01:39.000]  他的結果是怎麼樣呢
[00:01:39.000 --> 00:01:41.000]  滾下來
[00:01:41.000 --> 00:01:43.000]  對不對
[00:01:43.000 --> 00:01:45.000]  詩篇88篇
[00:01:45.000 --> 00:01:47.000]  好像是叫爸爸
[00:01:47.000 --> 00:01:49.000]  爸爸不來
[00:01:49.000 --> 00:01:51.000]  那裡面有八個問題
[00:01:51.000 --> 00:01:53.000]  好像這個小老鼠
[00:01:53.000 --> 00:01:55.000]  他在燈台上面
[00:01:55.000 --> 00:01:57.000]  下不來的時候
[00:01:57.000 --> 00:01:59.000]  在那裡交集
[00:01:59.000 --> 00:02:01.000]  他問了八個
[00:02:01.000 --> 00:02:03.000]  他問
[00:02:03.000 --> 00:02:05.000]  他形容他在那個處境當中
[00:02:05.000 --> 00:02:07.000]  好像快死掉一樣
[00:02:07.000 --> 00:02:09.000]  詩篇88篇有這樣形容死亡的字
[00:02:09.000 --> 00:02:11.000]  詞句
[00:02:11.000 --> 00:02:13.000]  你就想說大概有八句
[00:02:13.000 --> 00:02:15.000]  那另外呢
[00:02:15.000 --> 00:02:17.000]  他也提出了八個問題
[00:02:17.000 --> 00:02:19.000]  爸爸為什麼你不來
[00:02:19.000 --> 00:02:21.000]  那我們就進入詩篇
[00:02:21.000 --> 00:02:23.000]  詩篇這是
[00:02:23.000 --> 00:02:25.000]  一首個人的哀歌
[00:02:25.000 --> 00:02:27.000]  什麼是哀歌呢
[00:02:27.000 --> 00:02:29.000]  大家就會從字面上去理解
[00:02:29.000 --> 00:02:31.000]  他很悲哀的時候唱的歌
[00:02:31.000 --> 00:02:33.000]  其實不僅僅這樣
[00:02:33.000 --> 00:02:35.000]  聖經裡面的哀歌
[00:02:35.000 --> 00:02:37.000]  通常是
[00:02:37.000 --> 00:02:39.000]  一個人在哀傷當中
[00:02:39.000 --> 00:02:41.000]  他跟著神禱告
[00:02:41.000 --> 00:02:43.000]  他在向著神訴苦
[00:02:43.000 --> 00:02:45.000]  後來他總是反轉他的心
[00:02:45.000 --> 00:02:47.000]  要來倚靠神
[00:02:47.000 --> 00:02:49.000]  要來讚美神
[00:02:49.000 --> 00:02:51.000]  他有一個出路
[00:02:51.000 --> 00:02:53.000]  我們看左邊這個圖
[00:02:53.000 --> 00:02:55.000]  你可以看見
[00:02:55.000 --> 00:02:57.000]  詩人在很低落的光景的時候
[00:02:57.000 --> 00:02:59.000]  他在那裡呼求上帝
[00:02:59.000 --> 00:03:01.000]  神會出手幫助他
[00:03:01.000 --> 00:03:03.000]  他相信神會出手幫助他
[00:03:03.000 --> 00:03:05.000]  於是他後面就起來讚美神
[00:03:05.000 --> 00:03:07.000]  我要讚美神
[00:03:07.000 --> 00:03:09.000]  我要來倚靠神
[00:03:09.000 --> 00:03:11.000]  神是應當稱頌的
[00:03:11.000 --> 00:03:13.000]  可是詩篇88篇
[00:03:13.000 --> 00:03:15.000]  從頭到尾
[00:03:15.000 --> 00:03:17.000]  我們沒有看見
[00:03:17.000 --> 00:03:19.000]  這個詩人的心境有轉圜
[00:03:19.000 --> 00:03:21.000]  反而是
[00:03:21.000 --> 00:03:23.000]  他在那裡不斷地晝夜呼求
[00:03:23.000 --> 00:03:25.000]  不斷地禱告
[00:03:25.000 --> 00:03:27.000]  他感受到上帝
[00:03:27.000 --> 00:03:29.000]  不來
[00:03:29.000 --> 00:03:31.000]  他感受到上帝是沉默的
[00:03:31.000 --> 00:03:35.000]  那最後
[00:03:35.000 --> 00:03:37.000]  詩好像在一種
[00:03:37.000 --> 00:03:39.000]  沒有希望的光景當中
[00:03:39.000 --> 00:03:41.000]  做了結束
[00:03:41.000 --> 00:03:43.000]  可是當我們
[00:03:43.000 --> 00:03:45.000]  讀到詩篇89篇的時候
[00:03:45.000 --> 00:03:47.000]  又看見
[00:03:49.000 --> 00:03:51.000]  詩人在那裡讚美神了
[00:03:51.000 --> 00:03:53.000]  但是那樣的一個光景
[00:03:53.000 --> 00:03:55.000]  卻是什麼時候
[00:03:55.000 --> 00:03:57.000]  卻是
[00:03:57.000 --> 00:03:59.000]  以色列他們面臨
[00:03:59.000 --> 00:04:01.000]  國破家亡
[00:04:01.000 --> 00:04:03.000]  上帝好像忘了大衛之約
[00:04:03.000 --> 00:04:05.000]  所以你看88篇
[00:04:05.000 --> 00:04:07.000]  讀完88篇
[00:04:07.000 --> 00:04:09.000]  是個人的哀歌
[00:04:09.000 --> 00:04:11.000]  繼續往下讀
[00:04:11.000 --> 00:04:13.000]  你會讀到89篇
[00:04:13.000 --> 00:04:15.000]  整個以色列好像面臨了國破家亡
[00:04:15.000 --> 00:04:17.000]  上帝好像不再守他的約了
[00:04:17.000 --> 00:04:19.000]  好像上帝對大衛的約
[00:04:19.000 --> 00:04:21.000]  沒有辦法實現了
[00:04:21.000 --> 00:04:23.000]  為什麼
[00:04:23.000 --> 00:04:25.000]  跟事實不符合
[00:04:25.000 --> 00:04:27.000]  因為看到
[00:04:27.000 --> 00:04:29.000]  城牆被燒
[00:04:29.000 --> 00:04:31.000]  仇敵入侵耶路撒冷
[00:04:31.000 --> 00:04:33.000]  面對這樣的光景
[00:04:33.000 --> 00:04:35.000]  可能大家
[00:04:35.000 --> 00:04:37.000]  心裡面就會哀傷
[00:04:37.000 --> 00:04:39.000]  可能就會質疑
[00:04:39.000 --> 00:04:41.000]  這還要到什麼時候呢
[00:04:41.000 --> 00:04:43.000]  上帝你才要出手呢
[00:04:43.000 --> 00:04:45.000]  我們回到88篇
[00:04:45.000 --> 00:04:47.000]  在88篇裡面
[00:04:47.000 --> 00:04:49.000]  沒有讚美
[00:04:49.000 --> 00:04:53.000]  但是我們感覺這是一個
[00:04:53.000 --> 00:04:57.000]  這是一個很寶貴的詩篇
[00:04:57.000 --> 00:04:59.000]  上帝竟然
[00:04:59.000 --> 00:05:01.000]  把這樣的一個詩篇
[00:05:01.000 --> 00:05:03.000]  留給我們
[00:05:03.000 --> 00:05:05.000]  讓我們看見神的百姓
[00:05:05.000 --> 00:05:07.000]  在神的面前的
[00:05:07.000 --> 00:05:09.000]  哀哭
[00:05:09.000 --> 00:05:11.000]  在神的面前的呼求
[00:05:11.000 --> 00:05:13.000]  他的信心在那裡
[00:05:13.000 --> 00:05:15.000]  到底有沒有被淹沒呢
[00:05:15.000 --> 00:05:17.000]  感覺上帝好像沒有出手
[00:05:17.000 --> 00:05:19.000]  但是神的百姓在那裡
[00:05:19.000 --> 00:05:21.000]  到底是
[00:05:21.000 --> 00:05:23.000]  有沒有把神棄絕掉
[00:05:23.000 --> 00:05:25.000]  還是持續的相信呢
[00:05:25.000 --> 00:05:29.000]  這一首歌的作者
[00:05:29.000 --> 00:05:31.000]  是以色拉人西曼
[00:05:31.000 --> 00:05:33.000]  以色拉人在原文
[00:05:33.000 --> 00:05:35.000]  也有可能是本地人的意思
[00:05:35.000 --> 00:05:37.000]  他是指著在以色列當中
[00:05:37.000 --> 00:05:39.000]  他們本地的人
[00:05:39.000 --> 00:05:41.000]  西曼這個作者
[00:05:41.000 --> 00:05:43.000]  他的詩人
[00:05:43.000 --> 00:05:45.000]  他的身份
[00:05:45.000 --> 00:05:47.000]  大家可能沒有想到
[00:05:47.000 --> 00:05:49.000]  他是薩摩爾的孫子
[00:05:49.000 --> 00:05:51.000]  在聖殿裡面
[00:05:51.000 --> 00:05:53.000]  他又是三個師班的領袖之首
[00:05:53.000 --> 00:05:55.000]  領袖之一
[00:05:55.000 --> 00:05:57.000]  我們知道有
[00:05:57.000 --> 00:05:59.000]  以色
[00:05:59.000 --> 00:06:01.000]  然後還有
[00:06:01.000 --> 00:06:03.000]  西曼還有以歎
[00:06:03.000 --> 00:06:05.000]  這三個詩人
[00:06:05.000 --> 00:06:07.000]  是在聖殿裡面負責師班的
[00:06:07.000 --> 00:06:09.000]  負責聖殿的音樂崇拜的
[00:06:09.000 --> 00:06:11.000]  他是一個歌唱者
[00:06:11.000 --> 00:06:13.000]  那他又
[00:06:13.000 --> 00:06:15.000]  西曼他又有一個恩賜
[00:06:15.000 --> 00:06:17.000]  他是奉命做王的先見
[00:06:17.000 --> 00:06:19.000]  就很像先知一樣
[00:06:19.000 --> 00:06:21.000]  他可以領受上帝的心意
[00:06:21.000 --> 00:06:23.000]  那他的智慧呢
[00:06:23.000 --> 00:06:25.000]  勝過萬人
[00:06:25.000 --> 00:06:27.000]  僅次於所羅門王
[00:06:27.000 --> 00:06:29.000]  當時所羅門王那個時代
[00:06:29.000 --> 00:06:31.000]  有幾個智慧人
[00:06:31.000 --> 00:06:33.000]  西曼是其中的一位
[00:06:33.000 --> 00:06:35.000]  那西曼他也有
[00:06:35.000 --> 00:06:37.000]  十四個兒子三個女兒
[00:06:37.000 --> 00:06:39.000]  三位釋迦
[00:06:39.000 --> 00:06:41.000]  這些經文你可以在
[00:06:41.000 --> 00:06:43.000]  在這個歷代誌上
[00:06:43.000 --> 00:06:45.000]  在獵王記你可以查得到
[00:06:45.000 --> 00:06:47.000]  那我想我們今天
[00:06:47.000 --> 00:06:49.000]  把重點放在
[00:06:49.000 --> 00:06:51.000]  到底西曼經歷了什麼
[00:06:51.000 --> 00:06:53.000]  這一個好像是一個
[00:06:53.000 --> 00:06:55.000]  功成名就的人
[00:06:55.000 --> 00:06:57.000]  是一個屬靈的偉人
[00:06:57.000 --> 00:06:59.000]  是一個有智慧的人
[00:06:59.000 --> 00:07:01.000]  有恩賜的人
[00:07:01.000 --> 00:07:03.000]  而且是在教會裡面擔任重要服事的人
[00:07:03.000 --> 00:07:05.000]  他經歷了什麼
[00:07:05.000 --> 00:07:07.000]  他說
[00:07:07.000 --> 00:07:09.000]  我自幼就受苦
[00:07:09.000 --> 00:07:11.000]  幾乎要死亡
[00:07:11.000 --> 00:07:13.000]  那學者就認為
[00:07:13.000 --> 00:07:15.000]  這到底是什麼樣的一個問題
[00:07:15.000 --> 00:07:17.000]  他被隔絕了呢
[00:07:17.000 --> 00:07:19.000]  是不是他患了麻瘋病
[00:07:19.000 --> 00:07:21.000]  需要被隔絕
[00:07:21.000 --> 00:07:23.000]  或者是說他從小到大
[00:07:23.000 --> 00:07:25.000]  都有一個很嚴重的疾病
[00:07:25.000 --> 00:07:27.000]  在困擾他
[00:07:27.000 --> 00:07:31.000]  我們現在要問一個問題
[00:07:31.000 --> 00:07:33.000]  是說
[00:07:33.000 --> 00:07:35.000]  當我們的禱告
[00:07:35.000 --> 00:07:37.000]  沒有辦法
[00:07:37.000 --> 00:07:39.000]  改變事實的時候
[00:07:39.000 --> 00:07:41.000]  你會怎麼辦
[00:07:41.000 --> 00:07:45.000]  當我們的禱告
[00:07:45.000 --> 00:07:47.000]  沒有辦法改變
[00:07:47.000 --> 00:07:49.000]  一個現況的時候
[00:07:49.000 --> 00:07:51.000]  比如說
[00:07:51.000 --> 00:07:53.000]  車禍發生了
[00:07:53.000 --> 00:07:55.000]  你的車子被撞了
[00:07:55.000 --> 00:07:57.000]  他可不可能馬上變回
[00:07:57.000 --> 00:07:59.000]  原來的樣子呢
[00:07:59.000 --> 00:08:01.000]  被撞就是被撞
[00:08:01.000 --> 00:08:03.000]  如果是在我們的身體
[00:08:03.000 --> 00:08:05.000]  他就是一個不可逆的
[00:08:05.000 --> 00:08:07.000]  很多時候我們發現
[00:08:07.000 --> 00:08:11.000]  這個現況是沒有辦法改變的
[00:08:11.000 --> 00:08:15.000]  在我們今天進入經文之前
[00:08:15.000 --> 00:08:17.000]  我要先介紹一位人物
[00:08:17.000 --> 00:08:19.000]  他叫Johnny
[00:08:19.000 --> 00:08:21.000]  他是一個擁有
[00:08:21.000 --> 00:08:23.000]  他寫了48本的書
[00:08:23.000 --> 00:08:25.000]  是一個創作的
[00:08:25.000 --> 00:08:27.000]  是一個很暢銷的作者
[00:08:27.000 --> 00:08:29.000]  他也是電台的主持人
[00:08:29.000 --> 00:08:31.000]  他是一個畫家
[00:08:31.000 --> 00:08:33.000]  他現在也有一個士工
[00:08:33.000 --> 00:08:39.000]  是在照顧殘疾人士的士工
[00:08:39.000 --> 00:08:41.000]  可能在比較落後的國家
[00:08:41.000 --> 00:08:43.000]  他們有這樣的機構
[00:08:43.000 --> 00:08:45.000]  在那裡幫助
[00:08:45.000 --> 00:08:47.000]  這些社區裡面的殘疾人士
[00:08:47.000 --> 00:08:51.000]  我想我們今天
[00:08:51.000 --> 00:08:53.000]  要從他自己的經歷上面
[00:08:53.000 --> 00:08:55.000]  我們來看
[00:08:55.000 --> 00:08:57.000]  其實能夠像西曼這樣
[00:08:57.000 --> 00:08:59.000]  在黑暗中
[00:08:59.000 --> 00:09:01.000]  持續的來敬拜神
[00:09:01.000 --> 00:09:03.000]  禱告神
[00:09:03.000 --> 00:09:05.000]  不是一件
[00:09:05.000 --> 00:09:07.000]  很容易的事情
[00:09:07.000 --> 00:09:09.000]  不是一個
[00:09:09.000 --> 00:09:11.000]  靠著自己
[00:09:11.000 --> 00:09:13.000]  真的就能夠做到的事情
[00:09:13.000 --> 00:09:17.000]  西曼在黑暗中
[00:09:17.000 --> 00:09:19.000]  他坦承
[00:09:19.000 --> 00:09:21.000]  他自己的困境
[00:09:21.000 --> 00:09:25.000]  他同時也宣告神的名
[00:09:25.000 --> 00:09:27.000]  我們一起來讀
[00:09:27.000 --> 00:09:29.000]  耶和華拯救我的神啊
[00:09:29.000 --> 00:09:31.000]  我晝夜在祢面前
[00:09:31.000 --> 00:09:33.000]  呼求
[00:09:33.000 --> 00:09:35.000]  求祢側耳聽我的呼求
[00:09:35.000 --> 00:09:37.000]  第一節我是用2010年的
[00:09:37.000 --> 00:09:39.000]  新的和和本的翻譯
[00:09:39.000 --> 00:09:41.000]  其實是呼籲
[00:09:41.000 --> 00:09:43.000]  他在神的面前呼籲
[00:09:43.000 --> 00:09:45.000]  而且弟兄姊妹
[00:09:45.000 --> 00:09:47.000]  你看他是什麼時候呢
[00:09:47.000 --> 00:09:49.000]  一天幾次呢
[00:09:49.000 --> 00:09:51.000]  不知道幾次
[00:09:51.000 --> 00:09:53.000]  他說晝夜
[00:09:53.000 --> 00:09:55.000]  能夠來聽他的呼求
[00:09:55.000 --> 00:09:59.000]  你們覺得
[00:09:59.000 --> 00:10:01.000]  他有沒有很盡全
[00:10:01.000 --> 00:10:03.000]  有沒有很努力在禱告
[00:10:03.000 --> 00:10:05.000]  有沒有
[00:10:05.000 --> 00:10:07.000]  我們有沒有為一件事情晝夜禱告
[00:10:07.000 --> 00:10:11.000]  除非這件事情要我們的命
[00:10:11.000 --> 00:10:15.000]  你會把他看得很嚴重
[00:10:15.000 --> 00:10:17.000]  非得禱告不可
[00:10:17.000 --> 00:10:19.000]  想到就有重擔
[00:10:19.000 --> 00:10:21.000]  非得禱告不可
[00:10:21.000 --> 00:10:23.000]  我心裡是死亡的光景中
[00:10:23.000 --> 00:10:25.000]  第三節他說
[00:10:25.000 --> 00:10:27.000]  為什麼他要這樣禱告呢
[00:10:27.000 --> 00:10:29.000]  他說是因為我心裡滿了患難
[00:10:29.000 --> 00:10:31.000]  我的性命
[00:10:31.000 --> 00:10:33.000]  臨近陰間
[00:10:33.000 --> 00:10:35.000]  弟兄姊妹你看見了嗎
[00:10:35.000 --> 00:10:37.000]  一個即將要死的人
[00:10:37.000 --> 00:10:39.000]  他面對死亡的恐懼
[00:10:39.000 --> 00:10:41.000]  他要不要禱告
[00:10:41.000 --> 00:10:43.000]  他在那裡禱告
[00:10:43.000 --> 00:10:45.000]  我想如果我們是西曼
[00:10:45.000 --> 00:10:47.000]  我們也拼命地抓住神
[00:10:47.000 --> 00:10:49.000]  他說我是
[00:10:49.000 --> 00:10:51.000]  我心中滿了患難
[00:10:51.000 --> 00:10:53.000]  他要臨近死亡
[00:10:53.000 --> 00:10:55.000]  這樣的死亡是
[00:10:55.000 --> 00:10:57.000]  如同無力的人
[00:10:57.000 --> 00:10:59.000]  你們的聖經可能有一個小字說
[00:10:59.000 --> 00:11:01.000]  這個是沒有人幫助的人
[00:11:01.000 --> 00:11:03.000]  所以他自己沒有能力
[00:11:03.000 --> 00:11:05.000]  別人也沒有辦法幫助他
[00:11:05.000 --> 00:11:09.000]  這種死亡好像是被丟在深坑裡面
[00:11:09.000 --> 00:11:11.000]  在黑暗裡面
[00:11:11.000 --> 00:11:13.000]  而且是
[00:11:13.000 --> 00:11:15.000]  不被紀念的
[00:11:15.000 --> 00:11:17.000]  不被神紀念的
[00:11:17.000 --> 00:11:19.000]  就是神忘了
[00:11:19.000 --> 00:11:21.000]  弟兄姊妹這是什麼樣的光景
[00:11:21.000 --> 00:11:23.000]  神啊你忘了我
[00:11:23.000 --> 00:11:25.000]  天天在神面前這樣禱告
[00:11:25.000 --> 00:11:27.000]  你覺得如果你是上帝
[00:11:27.000 --> 00:11:29.000]  你會怎麼樣來回應他呢
[00:11:29.000 --> 00:11:33.000]  主啊
[00:11:33.000 --> 00:11:35.000]  你真的是忘了我
[00:11:35.000 --> 00:11:37.000]  你忘了我
[00:11:37.000 --> 00:11:39.000]  我都要死了你還忘了我
[00:11:39.000 --> 00:11:41.000]  他有一種被隔絕的孤單
[00:11:41.000 --> 00:11:43.000]  他沒有火
[00:11:43.000 --> 00:11:45.000]  沒有人回應他
[00:11:45.000 --> 00:11:47.000]  而且他覺得是神的
[00:11:47.000 --> 00:11:49.000]  神的憤怒
[00:11:49.000 --> 00:11:51.000]  好像波濤一樣
[00:11:51.000 --> 00:11:53.000]  他說一切的波浪
[00:11:53.000 --> 00:11:55.000]  困住了我
[00:11:55.000 --> 00:11:57.000]  弟兄姊妹
[00:11:57.000 --> 00:11:59.000]  我們有沒有想到
[00:11:59.000 --> 00:12:01.000]  誰有這麼樣的光景
[00:12:01.000 --> 00:12:03.000]  誰是這麼樣的可憐
[00:12:03.000 --> 00:12:05.000]  你會想到約伯對不對
[00:12:05.000 --> 00:12:07.000]  我告訴你
[00:12:07.000 --> 00:12:09.000]  約伯最後還親眼見到神
[00:12:09.000 --> 00:12:11.000]  約伯他還有
[00:12:11.000 --> 00:12:13.000]  三個朋友
[00:12:13.000 --> 00:12:15.000]  三個是最佳損友
[00:12:15.000 --> 00:12:17.000]  約伯還有朋友在他旁邊
[00:12:17.000 --> 00:12:21.000]  這個詩人
[00:12:21.000 --> 00:12:23.000]  感覺
[00:12:23.000 --> 00:12:25.000]  我感覺他沒有看到幫助
[00:12:25.000 --> 00:12:27.000]  他沒有朋友
[00:12:27.000 --> 00:12:29.000]  在這種深怨當中
[00:12:29.000 --> 00:12:35.000]  他所面臨的問題
[00:12:35.000 --> 00:12:37.000]  如果
[00:12:37.000 --> 00:12:39.000]  用我們今天的話語來講
[00:12:39.000 --> 00:12:41.000]  他這個人的身心靈
[00:12:41.000 --> 00:12:43.000]  身心靈都有
[00:12:43.000 --> 00:12:45.000]  都生了疾病
[00:12:45.000 --> 00:12:47.000]  我看他應該也有憂鬱症
[00:12:47.000 --> 00:12:49.000]  除了疾病之外
[00:12:49.000 --> 00:12:51.000]  那他的外在呢
[00:12:51.000 --> 00:12:53.000]  右邊的那個外在
[00:12:53.000 --> 00:12:55.000]  他的身體面臨的死亡
[00:12:55.000 --> 00:12:57.000]  可能很痛苦
[00:12:57.000 --> 00:12:59.000]  不像我們今天
[00:12:59.000 --> 00:13:01.000]  你很痛苦送急診就好了
[00:13:01.000 --> 00:13:03.000]  對不對
[00:13:03.000 --> 00:13:05.000]  就讓醫生開個止痛藥
[00:13:05.000 --> 00:13:07.000]  開個馬飛
[00:13:07.000 --> 00:13:09.000]  我們就能夠舒舒服服的度過
[00:13:09.000 --> 00:13:11.000]  你當時沒有
[00:13:11.000 --> 00:13:13.000]  那個夜有多長呢
[00:13:13.000 --> 00:13:17.000]  另外他感覺到
[00:13:17.000 --> 00:13:19.000]  朋友疏離
[00:13:19.000 --> 00:13:21.000]  被隔絕了
[00:13:21.000 --> 00:13:23.000]  朋友都忘記他了
[00:13:23.000 --> 00:13:25.000]  他感受到屬靈的
[00:13:25.000 --> 00:13:27.000]  重壓
[00:13:27.000 --> 00:13:29.000]  弟兄姊妹你覺得苦不苦啊
[00:13:29.000 --> 00:13:31.000]  身心靈俱疲
[00:13:31.000 --> 00:13:33.000]  然後我沒有朋友了
[00:13:33.000 --> 00:13:35.000]  然後上帝的
[00:13:35.000 --> 00:13:37.000]  憤怒還在我身上
[00:13:37.000 --> 00:13:39.000]  感受到好像是一個
[00:13:39.000 --> 00:13:41.000]  上帝的壓力
[00:13:41.000 --> 00:13:43.000]  一個屬靈的責罰在我的生命裡面
[00:13:43.000 --> 00:13:45.000]  那如果你
[00:13:45.000 --> 00:13:47.000]  現在這個光景當中
[00:13:47.000 --> 00:13:49.000]  你還會有信心嗎
[00:13:49.000 --> 00:13:55.000]  你還要相信這位神嗎
[00:13:55.000 --> 00:13:57.000]  如果你是一個侍奉主的人
[00:13:57.000 --> 00:13:59.000]  今天突然有這樣的
[00:13:59.000 --> 00:14:01.000]  一個苦情臨到你
[00:14:01.000 --> 00:14:03.000]  如果你是在外面的宣教士
[00:14:03.000 --> 00:14:05.000]  你遭受到
[00:14:05.000 --> 00:14:07.000]  這樣的逼迫
[00:14:07.000 --> 00:14:09.000]  好像大家都忘了你在那裡
[00:14:09.000 --> 00:14:11.000]  一個人孤單的面對
[00:14:11.000 --> 00:14:13.000]  這些迫害你的人
[00:14:13.000 --> 00:14:15.000]  甚至你在外地
[00:14:15.000 --> 00:14:17.000]  也生了癌症
[00:14:17.000 --> 00:14:19.000]  找不到地方可以就醫
[00:14:19.000 --> 00:14:21.000]  我聽過很多宣教士
[00:14:21.000 --> 00:14:23.000]  他們真的是
[00:14:23.000 --> 00:14:25.000]  很辛苦的
[00:14:25.000 --> 00:14:27.000]  就好像我剛剛描述的這樣
[00:14:27.000 --> 00:14:29.000]  誰能夠幫助他呢
[00:14:29.000 --> 00:14:31.000]  他們還要不要繼續侍奉主呢
[00:14:31.000 --> 00:14:33.000]  很多宣教士很孤單
[00:14:33.000 --> 00:14:35.000]  在外地他們侍奉主
[00:14:35.000 --> 00:14:37.000]  真的是
[00:14:37.000 --> 00:14:39.000]  自己也有需要
[00:14:39.000 --> 00:14:41.000]  但是他們要持續地在那裡愛人
[00:14:41.000 --> 00:14:43.000]  要把自己的生命
[00:14:43.000 --> 00:14:45.000]  埋在那個地方
[00:14:45.000 --> 00:14:47.000]  來帶人信耶穌
[00:14:47.000 --> 00:14:51.000]  會不會有人就想要打包回家了呢
[00:14:51.000 --> 00:14:53.000]  會不會有人想要
[00:14:53.000 --> 00:14:55.000]  就放棄這個信仰了嗎
[00:14:55.000 --> 00:14:57.000]  上帝啊
[00:14:57.000 --> 00:14:59.000]  你如果是真的,為什麼你不出現呢
[00:15:01.000 --> 00:15:03.000]  弟兄姊妹
[00:15:03.000 --> 00:15:05.000]  我們的信心其實常常會受到
[00:15:05.000 --> 00:15:07.000]  這樣的一個考驗的
[00:15:07.000 --> 00:15:09.000]  感覺神離我很遠
[00:15:09.000 --> 00:15:11.000]  弟兄姊妹
[00:15:11.000 --> 00:15:13.000]  你有沒有感覺神離你很遠
[00:15:13.000 --> 00:15:15.000]  有真實的這樣的感受
[00:15:15.000 --> 00:15:17.000]  請你舉個手好嗎
[00:15:17.000 --> 00:15:19.000]  在你生活中有沒有
[00:15:19.000 --> 00:15:21.000]  有時候我也覺得
[00:15:21.000 --> 00:15:23.000]  神離我很遠
[00:15:23.000 --> 00:15:25.000]  就是你有時候面對一些困難的時候
[00:15:25.000 --> 00:15:27.000]  我們總不會這麼樣的順利
[00:15:27.000 --> 00:15:29.000]  有時候我們在病痛中
[00:15:29.000 --> 00:15:31.000]  有時候在疾病中
[00:15:31.000 --> 00:15:33.000]  有時候在一些很難解的問題
[00:15:33.000 --> 00:15:35.000]  或是一些很重要的需要當中
[00:15:35.000 --> 00:15:37.000]  我們是孤單的
[00:15:37.000 --> 00:15:39.000]  我們裡面會覺得
[00:15:39.000 --> 00:15:41.000]  神啊
[00:15:41.000 --> 00:15:43.000]  為什麼我感覺你離我好遠
[00:15:43.000 --> 00:15:45.000]  為什麼我感受不到你的愛呢
[00:15:45.000 --> 00:15:47.000]  可是
[00:15:47.000 --> 00:15:49.000]  詩人在這個時候
[00:15:49.000 --> 00:15:51.000]  他仍然在那裡呼救
[00:15:51.000 --> 00:15:53.000]  呼喊
[00:15:53.000 --> 00:15:55.000]  拯救他的神
[00:15:55.000 --> 00:15:57.000]  弟兄姊妹
[00:15:57.000 --> 00:15:59.000]  在這個時候
[00:15:59.000 --> 00:16:01.000]  西曼的神是什麼神呢
[00:16:01.000 --> 00:16:05.000]  是拯救
[00:16:05.000 --> 00:16:07.000]  祂的神
[00:16:07.000 --> 00:16:09.000]  我們常常對神的觀念就是
[00:16:09.000 --> 00:16:11.000]  主啊
[00:16:11.000 --> 00:16:13.000]  我禱告你就要馬上垂聽
[00:16:13.000 --> 00:16:15.000]  祢是那位垂聽我禱告的神
[00:16:15.000 --> 00:16:17.000]  主啊
[00:16:17.000 --> 00:16:19.000]  祢是那位厚賜白霧給我的神
[00:16:19.000 --> 00:16:21.000]  主啊
[00:16:21.000 --> 00:16:23.000]  當我願意奉獻給祢
[00:16:23.000 --> 00:16:25.000]  願意侍奉祢
[00:16:25.000 --> 00:16:27.000]  西曼在這個時候
[00:16:27.000 --> 00:16:29.000]  他沒有別的神
[00:16:29.000 --> 00:16:31.000]  他心中裡面想到的就是
[00:16:31.000 --> 00:16:33.000]  祢是那個
[00:16:33.000 --> 00:16:35.000]  能夠拯救我的神
[00:16:35.000 --> 00:16:37.000]  誰能拯救
[00:16:37.000 --> 00:16:39.000]  獨一的真神
[00:16:39.000 --> 00:16:41.000]  才能夠拯救
[00:16:41.000 --> 00:16:43.000]  偶像
[00:16:43.000 --> 00:16:45.000]  那都是
[00:16:45.000 --> 00:16:47.000]  人要去侍奉他的
[00:16:47.000 --> 00:16:49.000]  他沒手沒腳
[00:16:49.000 --> 00:16:51.000]  聖經告訴我們說
[00:16:51.000 --> 00:16:53.000]  那些救不了你
[00:16:55.000 --> 00:16:57.000]  信心
[00:16:57.000 --> 00:16:59.000]  信心
[00:16:59.000 --> 00:17:01.000]  是一個很小
[00:17:01.000 --> 00:17:03.000]  你看不見的
[00:17:03.000 --> 00:17:05.000]  但是它在我們的裡面
[00:17:05.000 --> 00:17:07.000]  卻可以跟這位
[00:17:07.000 --> 00:17:09.000]  永恆的偉大的上帝
[00:17:09.000 --> 00:17:11.000]  做連結
[00:17:11.000 --> 00:17:15.000]  可能我們
[00:17:15.000 --> 00:17:17.000]  物質生活裡面
[00:17:17.000 --> 00:17:19.000]  我們所擁有的一切
[00:17:19.000 --> 00:17:21.000]  都失去了
[00:17:21.000 --> 00:17:23.000]  甚至關係都沒有了
[00:17:23.000 --> 00:17:25.000]  甚至我們的健康也落入到
[00:17:25.000 --> 00:17:27.000]  一種
[00:17:27.000 --> 00:17:29.000]  垂死的光景當中
[00:17:29.000 --> 00:17:31.000]  但是我們裡面
[00:17:31.000 --> 00:17:33.000]  還有一個信心在那裡
[00:17:33.000 --> 00:17:41.000]  剛剛我們說到那個Johnny
[00:17:41.000 --> 00:17:43.000]  他十七歲的時候
[00:17:43.000 --> 00:17:45.000]  先介紹一下他的家庭
[00:17:45.000 --> 00:17:47.000]  他的父母都是基督徒
[00:17:47.000 --> 00:17:49.000]  他十五歲的時候
[00:17:49.000 --> 00:17:51.000]  參加一個營會
[00:17:51.000 --> 00:17:53.000]  當他十七歲的時候
[00:17:53.000 --> 00:17:55.000]  正要上大學的那個暑假
[00:17:55.000 --> 00:17:57.000]  他就在馬里蘭州的一個地方
[00:17:57.000 --> 00:17:59.000]  海灣的地方
[00:17:59.000 --> 00:18:01.000]  在那裡
[00:18:01.000 --> 00:18:03.000]  應該是一個河灣之類的
[00:18:03.000 --> 00:18:05.000]  他在傾斜的
[00:18:05.000 --> 00:18:07.000]  漂浮的
[00:18:07.000 --> 00:18:09.000]  一個堤岸上面
[00:18:09.000 --> 00:18:11.000]  他做一個跳水的動作
[00:18:11.000 --> 00:18:13.000]  因為他父親帶著他
[00:18:13.000 --> 00:18:15.000]  從事這種
[00:18:15.000 --> 00:18:17.000]  游泳啊 騎馬的
[00:18:17.000 --> 00:18:19.000]  這些的活動
[00:18:19.000 --> 00:18:21.000]  他非常喜歡
[00:18:21.000 --> 00:18:23.000]  他那天沒有察覺到
[00:18:23.000 --> 00:18:25.000]  其實這個水是很淺的
[00:18:25.000 --> 00:18:27.000]  於是他就躍身一跳的時候
[00:18:27.000 --> 00:18:29.000]  他的頭就撞
[00:18:29.000 --> 00:18:31.000]  身體就撞到了這個底部
[00:18:31.000 --> 00:18:33.000]  然後導致於他
[00:18:33.000 --> 00:18:35.000]  頸椎骨折
[00:18:35.000 --> 00:18:37.000]  然後肩膀以下
[00:18:37.000 --> 00:18:39.000]  四肢癱瘓
[00:18:39.000 --> 00:18:41.000]  當時
[00:18:41.000 --> 00:18:43.000]  他說他在水裡面
[00:18:43.000 --> 00:18:45.000]  他有一種
[00:18:45.000 --> 00:18:47.000]  我很難去描述
[00:18:47.000 --> 00:18:49.000]  他就說
[00:18:49.000 --> 00:18:51.000]  他其實已經不能動了
[00:18:51.000 --> 00:18:53.000]  因為他是脊椎受傷了
[00:18:53.000 --> 00:18:55.000]  所以他沒有辦法動
[00:18:55.000 --> 00:18:57.000]  但是他的人卻漂浮在水面上
[00:18:57.000 --> 00:18:59.000]  頭朝下
[00:18:59.000 --> 00:19:01.000]  所以他沒死
[00:19:01.000 --> 00:19:03.000]  後來他姊姊發現他了
[00:19:03.000 --> 00:19:05.000]  才把他救起來
[00:19:05.000 --> 00:19:07.000]  當時
[00:19:07.000 --> 00:19:09.000]  他就送到Emergency去
[00:19:09.000 --> 00:19:11.000]  當時
[00:19:11.000 --> 00:19:13.000]  他說
[00:19:13.000 --> 00:19:15.000]  他認為只是頭部受了一點傷
[00:19:15.000 --> 00:19:17.000]  應該很快就好了
[00:19:17.000 --> 00:19:19.000]  但是醫生卻
[00:19:19.000 --> 00:19:21.000]  告訴他的家人
[00:19:21.000 --> 00:19:23.000]  他的癱瘓
[00:19:23.000 --> 00:19:25.000]  是一生要坐在輪椅上
[00:19:25.000 --> 00:19:27.000]  是永久的
[00:19:27.000 --> 00:19:29.000]  兄弟姐妹
[00:19:29.000 --> 00:19:31.000]  一個十七歲即將上大學的
[00:19:31.000 --> 00:19:33.000]  一個年輕的
[00:19:33.000 --> 00:19:35.000]  青春年華正是美好時光的時候
[00:19:35.000 --> 00:19:37.000]  他要面臨的是
[00:19:37.000 --> 00:19:39.000]  永久性的癱瘓
[00:19:39.000 --> 00:19:41.000]  如果是你
[00:19:41.000 --> 00:19:43.000]  你能夠接受嗎
[00:19:43.000 --> 00:19:45.000]  如果是我
[00:19:45.000 --> 00:19:47.000]  我在想
[00:19:47.000 --> 00:19:49.000]  我不行
[00:19:49.000 --> 00:19:51.000]  甚至
[00:19:51.000 --> 00:19:53.000]  我可能也會跟這一位
[00:19:53.000 --> 00:19:55.000]  Johnny一樣
[00:19:55.000 --> 00:19:57.000]  心裡面會充滿什麼呢
[00:19:57.000 --> 00:19:59.000]  震驚
[00:19:59.000 --> 00:20:01.000]  怎麼會發生這個事呢
[00:20:01.000 --> 00:20:03.000]  困惑
[00:20:03.000 --> 00:20:05.000]  上帝的子民不是要被神保守了嗎
[00:20:05.000 --> 00:20:07.000]  他裡面會不會對神有憤怒
[00:20:07.000 --> 00:20:09.000]  為什麼主你要讓這些事情
[00:20:09.000 --> 00:20:11.000]  臨到我
[00:20:11.000 --> 00:20:13.000]  我裡面也有一種情緒
[00:20:13.000 --> 00:20:15.000]  就是我這一輩子
[00:20:15.000 --> 00:20:17.000]  大概沒希望了
[00:20:17.000 --> 00:20:19.000]  我能靠什麼為神呢
[00:20:19.000 --> 00:20:21.000]  我所喜歡的這些的
[00:20:21.000 --> 00:20:23.000]  活動 游泳也好
[00:20:23.000 --> 00:20:25.000]  射箭 騎馬也好
[00:20:25.000 --> 00:20:27.000]  這些通通都不行
[00:20:27.000 --> 00:20:29.000]  我還能做什麼呢
[00:20:29.000 --> 00:20:33.000]  兄弟姐妹
[00:20:33.000 --> 00:20:35.000]  能夠像西曼一樣
[00:20:35.000 --> 00:20:37.000]  遇到苦難
[00:20:37.000 --> 00:20:39.000]  仍然在神面前禱告的人
[00:20:39.000 --> 00:20:41.000]  其實是有信心的人
[00:20:41.000 --> 00:20:43.000]  Amen
[00:20:43.000 --> 00:20:47.000]  如果我是Johnny
[00:20:47.000 --> 00:20:49.000]  我覺得我真的會像他這樣子
[00:20:49.000 --> 00:20:53.000]  我們要把破碎帶到神的面前
[00:20:53.000 --> 00:20:55.000]  承認自己
[00:20:55.000 --> 00:20:57.000]  是無力的
[00:20:57.000 --> 00:20:59.000]  承認自己在這樣的一個事情當中
[00:20:59.000 --> 00:21:01.000]  是受傷的
[00:21:01.000 --> 00:21:03.000]  而且心中的困惑
[00:21:03.000 --> 00:21:05.000]  是讓我們不解的
[00:21:05.000 --> 00:21:07.000]  對神有很多的情緒
[00:21:09.000 --> 00:21:11.000]  我們很容易
[00:21:11.000 --> 00:21:15.000]  在人群當中我們就
[00:21:15.000 --> 00:21:17.000]  把眼淚給藏起來
[00:21:17.000 --> 00:21:19.000]  把痛苦給藏起來
[00:21:19.000 --> 00:21:23.000]  甚至覺得好像
[00:21:23.000 --> 00:21:25.000]  不好意思再去提我心裡面
[00:21:25.000 --> 00:21:27.000]  其實還有傷痛在那裡
[00:21:27.000 --> 00:21:29.000]  其實還有難過在那裡
[00:21:29.000 --> 00:21:31.000]  誰知道呢
[00:21:31.000 --> 00:21:35.000]  其實有時候我們會想
[00:21:35.000 --> 00:21:37.000]  是不是心中有一些的憂傷
[00:21:37.000 --> 00:21:39.000]  有一些的痛苦
[00:21:39.000 --> 00:21:41.000]  我們經歷了
[00:21:41.000 --> 00:21:43.000]  時間過去了
[00:21:43.000 --> 00:21:45.000]  但是我們裡面還記憶猶新
[00:21:45.000 --> 00:21:47.000]  有沒有這種感受
[00:21:47.000 --> 00:21:51.000]  甚至有時候我們
[00:21:51.000 --> 00:21:53.000]  在夜晚
[00:21:53.000 --> 00:21:55.000]  夜深人靜的時候
[00:21:55.000 --> 00:21:57.000]  我們想起來
[00:21:57.000 --> 00:21:59.000]  心裡面還會覺得酸酸的
[00:21:59.000 --> 00:22:01.000]  苦苦的
[00:22:01.000 --> 00:22:03.000]  我們只能默默的去承受
[00:22:03.000 --> 00:22:05.000]  這些的孤單
[00:22:05.000 --> 00:22:07.000]  這些的困苦
[00:22:07.000 --> 00:22:09.000]  而希曼呢
[00:22:09.000 --> 00:22:11.000]  她日日夜夜
[00:22:11.000 --> 00:22:13.000]  在神面前
[00:22:13.000 --> 00:22:15.000]  她說我快死了
[00:22:15.000 --> 00:22:17.000]  她形容
[00:22:17.000 --> 00:22:19.000]  自己的那樣的苦情
[00:22:19.000 --> 00:22:21.000]  所以弟兄姊妹
[00:22:21.000 --> 00:22:23.000]  我覺得當我看這個88篇的時候
[00:22:23.000 --> 00:22:25.000]  我不是只是看黑暗而已
[00:22:25.000 --> 00:22:27.000]  我看到這個詩人
[00:22:27.000 --> 00:22:29.000]  他心裡面有一個
[00:22:29.000 --> 00:22:31.000]  好像即將要滅亡
[00:22:31.000 --> 00:22:33.000]  但是卻穩穩的
[00:22:33.000 --> 00:22:35.000]  很堅固的
[00:22:35.000 --> 00:22:37.000]  一個很堅固的繩子
[00:22:37.000 --> 00:22:39.000]  好像是沒有斷掉的
[00:22:39.000 --> 00:22:41.000]  這個
[00:22:41.000 --> 00:22:43.000]  跟神緊緊的繫在一起
[00:22:43.000 --> 00:22:45.000]  她的信心
[00:22:45.000 --> 00:22:47.000]  不是否認她的痛苦
[00:22:47.000 --> 00:22:49.000]  而是在痛苦中
[00:22:49.000 --> 00:22:51.000]  她曾
[00:22:51.000 --> 00:22:53.000]  拯救我的神
[00:22:53.000 --> 00:22:55.000]  阿門
[00:22:55.000 --> 00:22:57.000]  弟兄姊妹
[00:22:57.000 --> 00:22:59.000]  我們當然都不希望
[00:22:59.000 --> 00:23:01.000]  跟希曼一樣
[00:23:01.000 --> 00:23:03.000]  有一天會面臨到這樣的一個苦情
[00:23:03.000 --> 00:23:05.000]  對不對
[00:23:05.000 --> 00:23:07.000]  但是當我們人生
[00:23:07.000 --> 00:23:09.000]  真的是逼不得已
[00:23:09.000 --> 00:23:11.000]  有苦難臨到我們的時候
[00:23:11.000 --> 00:23:13.000]  好像
[00:23:13.000 --> 00:23:15.000]  沒有什麼可以再幫助我們的
[00:23:15.000 --> 00:23:17.000]  我的禱告
[00:23:17.000 --> 00:23:19.000]  也沒有辦法再逆轉我現在的一個光景
[00:23:19.000 --> 00:23:23.000]  還有什麼能夠來幫助我呢
[00:23:23.000 --> 00:23:25.000]  唯有神
[00:23:25.000 --> 00:23:27.000]  能夠幫助我
[00:23:27.000 --> 00:23:29.000]  弟兄姊妹
[00:23:31.000 --> 00:23:33.000]  我們當中
[00:23:33.000 --> 00:23:35.000]  師班的慧麗姊妹
[00:23:35.000 --> 00:23:39.000]  她離開我們
[00:23:39.000 --> 00:23:41.000]  其實我們當中有很多的不捨
[00:23:41.000 --> 00:23:45.000]  不過我記得
[00:23:45.000 --> 00:23:47.000]  這個麗麗姊妹呢
[00:23:47.000 --> 00:23:49.000]  她非常有信心
[00:23:49.000 --> 00:23:51.000]  她向著神禱告
[00:23:51.000 --> 00:23:53.000]  她相信神會帶領她度過
[00:23:53.000 --> 00:23:55.000]  當然
[00:23:55.000 --> 00:23:57.000]  有時候我們的信心
[00:23:57.000 --> 00:23:59.000]  我們就會覺得
[00:23:59.000 --> 00:24:01.000]  我的信心
[00:24:01.000 --> 00:24:03.000]  你應該要醫治我
[00:24:03.000 --> 00:24:05.000]  你們會不會有這樣的一個想像
[00:24:05.000 --> 00:24:07.000]  想法
[00:24:07.000 --> 00:24:09.000]  我們接受的很多的都是
[00:24:09.000 --> 00:24:11.000]  只要我有信心
[00:24:11.000 --> 00:24:13.000]  上帝一定醫治我
[00:24:13.000 --> 00:24:15.000]  我們應該修正一下這樣的句子
[00:24:15.000 --> 00:24:17.000]  在這裡我們看見
[00:24:17.000 --> 00:24:19.000]  只要我有信心
[00:24:19.000 --> 00:24:21.000]  上帝不一定會醫治我
[00:24:21.000 --> 00:24:23.000]  這是希曼講的吧
[00:24:23.000 --> 00:24:27.000]  那是不是我們要重新
[00:24:27.000 --> 00:24:29.000]  修正我們的信心
[00:24:29.000 --> 00:24:31.000]  到底我們的信心要信的是什麼呢
[00:24:31.000 --> 00:24:33.000]  當我遇到這個困難的時候
[00:24:33.000 --> 00:24:35.000]  上帝能夠幫我解決這個困難
[00:24:35.000 --> 00:24:37.000]  還是你去相信
[00:24:37.000 --> 00:24:39.000]  我有一位拯救我的神
[00:24:39.000 --> 00:24:43.000]  是後者吧
[00:24:43.000 --> 00:24:47.000]  所以迦爾文他的信心
[00:24:47.000 --> 00:24:49.000]  他講到的不是跟那個環境都沒關係
[00:24:49.000 --> 00:24:51.000]  跟感覺都沒關係
[00:24:51.000 --> 00:24:53.000]  是我認定那一位神
[00:24:53.000 --> 00:24:55.000]  我的信心是建立在
[00:24:55.000 --> 00:24:57.000]  我的神身上
[00:24:57.000 --> 00:24:59.000]  如果今天上帝不醫治我
[00:24:59.000 --> 00:25:01.000]  我要不要信他呢
[00:25:01.000 --> 00:25:03.000]  要的
[00:25:03.000 --> 00:25:05.000]  這是希曼的信心
[00:25:05.000 --> 00:25:07.000]  當莉莉她在最後一天
[00:25:07.000 --> 00:25:09.000]  我跟葛慕斯
[00:25:09.000 --> 00:25:11.000]  去到醫院裡面
[00:25:11.000 --> 00:25:13.000]  去看她的時候
[00:25:13.000 --> 00:25:15.000]  我裡面就有一個感動
[00:25:15.000 --> 00:25:17.000]  我要跟她說
[00:25:17.000 --> 00:25:19.000]  我說莉莉姐妹
[00:25:19.000 --> 00:25:21.000]  你是有信心的
[00:25:21.000 --> 00:25:23.000]  但是你的那個信心
[00:25:23.000 --> 00:25:25.000]  也要幫助你
[00:25:25.000 --> 00:25:27.000]  度過你現在這個時刻
[00:25:27.000 --> 00:25:33.000]  我提醒她
[00:25:33.000 --> 00:25:35.000]  我們的信心不是當我
[00:25:35.000 --> 00:25:37.000]  我相信上帝一定會
[00:25:37.000 --> 00:25:39.000]  我禱告了上帝一定會醫治我的信心
[00:25:39.000 --> 00:25:41.000]  我要提醒她的是
[00:25:41.000 --> 00:25:43.000]  你的信心
[00:25:43.000 --> 00:25:45.000]  他會持續的帶領你
[00:25:45.000 --> 00:25:47.000]  度過你人生的風浪
[00:25:47.000 --> 00:25:51.000]  當時我們也不曉得
[00:25:51.000 --> 00:25:53.000]  她的日子還有多久
[00:25:53.000 --> 00:25:55.000]  但是我們聽到
[00:25:55.000 --> 00:25:57.000]  醫生已經宣判
[00:25:57.000 --> 00:25:59.000]  醫生束手無策了
[00:25:59.000 --> 00:26:01.000]  我回頭
[00:26:01.000 --> 00:26:03.000]  第二次為她禱告
[00:26:03.000 --> 00:26:05.000]  我就跟她說
[00:26:05.000 --> 00:26:07.000]  莉莉她已經沒有辦法
[00:26:07.000 --> 00:26:09.000]  說什麼
[00:26:09.000 --> 00:26:11.000]  因為當時她帶著一個罐子
[00:26:11.000 --> 00:26:13.000]  莉莉姐妹
[00:26:13.000 --> 00:26:15.000]  我們
[00:26:15.000 --> 00:26:17.000]  我們裡面有一個信心
[00:26:17.000 --> 00:26:19.000]  是上帝放在我們裡面的
[00:26:19.000 --> 00:26:21.000]  雖然有時候
[00:26:21.000 --> 00:26:23.000]  我們還搞不清楚這個信心的定義是什麼
[00:26:23.000 --> 00:26:25.000]  它已經
[00:26:25.000 --> 00:26:27.000]  緊緊的在我們的心裡面
[00:26:27.000 --> 00:26:29.000]  神已經在我們的
[00:26:29.000 --> 00:26:31.000]  心裡面工作了
[00:26:31.000 --> 00:26:33.000]  那個信心是上帝
[00:26:33.000 --> 00:26:35.000]  他保守的
[00:26:35.000 --> 00:26:37.000]  Amen
[00:26:37.000 --> 00:26:39.000]  信心不是否認痛苦
[00:26:39.000 --> 00:26:41.000]  信心是在我們各樣的
[00:26:41.000 --> 00:26:43.000]  處境當中我們認定那一位神
[00:26:43.000 --> 00:26:47.000]  但是
[00:26:47.000 --> 00:26:49.000]  可是我們常常
[00:26:49.000 --> 00:26:51.000]  經歷的就不是
[00:26:51.000 --> 00:26:53.000]  上帝真的好像出現了
[00:26:53.000 --> 00:26:55.000]  雖然我有信心
[00:26:55.000 --> 00:26:57.000]  但是我還是在
[00:26:57.000 --> 00:26:59.000]  經歷一些的困難
[00:26:59.000 --> 00:27:01.000]  這就是一個張力
[00:27:01.000 --> 00:27:09.000]  西曼她經歷的是
[00:27:09.000 --> 00:27:11.000]  神是沉默的
[00:27:11.000 --> 00:27:13.000]  然後她仍然向他舉手
[00:27:13.000 --> 00:27:15.000]  西曼她說
[00:27:15.000 --> 00:27:17.000]  我天天向你呼求
[00:27:17.000 --> 00:27:19.000]  我天天呼求你
[00:27:19.000 --> 00:27:21.000]  向你舉手
[00:27:21.000 --> 00:27:23.000]  舉手是什麼意思
[00:27:23.000 --> 00:27:25.000]  就是禱告
[00:27:25.000 --> 00:27:27.000]  向著神舉手
[00:27:27.000 --> 00:27:29.000]  當我們舉起我們的手的時候
[00:27:29.000 --> 00:27:31.000]  我們也舉起
[00:27:31.000 --> 00:27:33.000]  我們的心
[00:27:33.000 --> 00:27:35.000]  向著神舉手丟不丟臉
[00:27:35.000 --> 00:27:37.000]  不丟臉
[00:27:37.000 --> 00:27:39.000]  你在敬拜的時候你可以向神舉手
[00:27:39.000 --> 00:27:41.000]  你可以向神高舉雙手
[00:27:41.000 --> 00:27:43.000]  這是符合聖經的敬拜
[00:27:43.000 --> 00:27:45.000]  我們一起說
[00:27:45.000 --> 00:27:47.000]  符合聖經的敬拜
[00:27:47.000 --> 00:27:49.000]  敬拜要舉手
[00:27:49.000 --> 00:27:53.000]  禱告要大聲
[00:27:53.000 --> 00:27:55.000]  祂是呼求嘛
[00:27:55.000 --> 00:27:57.000]  對吧
[00:27:57.000 --> 00:27:59.000]  神不是耳聾
[00:27:59.000 --> 00:28:01.000]  但是這是我們的態度
[00:28:01.000 --> 00:28:03.000]  神要不要醫治我們
[00:28:03.000 --> 00:28:05.000]  那是神的主權
[00:28:05.000 --> 00:28:07.000]  但是我們裡面呢
[00:28:07.000 --> 00:28:09.000]  我們裡面要向著神有信心的彰顯
[00:28:09.000 --> 00:28:11.000]  信心的行動
[00:28:11.000 --> 00:28:13.000]  所以
[00:28:13.000 --> 00:28:15.000]  世人在那裡我看見
[00:28:15.000 --> 00:28:17.000]  他是天天呼求
[00:28:17.000 --> 00:28:19.000]  他舉起的手可能是什麼手
[00:28:19.000 --> 00:28:21.000]  可能是長滿麻風的手
[00:28:21.000 --> 00:28:23.000]  可能是疼痛的手
[00:28:23.000 --> 00:28:27.000]  我們把我們的軟弱
[00:28:27.000 --> 00:28:29.000]  向神舉起來
[00:28:29.000 --> 00:28:31.000]  弟兄姊妹
[00:28:31.000 --> 00:28:33.000]  一點也不會羞恥
[00:28:33.000 --> 00:28:35.000]  我們在神面前坦承
[00:28:35.000 --> 00:28:37.000]  我們的軟弱
[00:28:37.000 --> 00:28:39.000]  神喜悅我們
[00:28:39.000 --> 00:28:41.000]  有一個謙卑的心
[00:28:41.000 --> 00:28:43.000]  有一個向他依靠的心
[00:28:43.000 --> 00:28:45.000]  而我們來看
[00:28:45.000 --> 00:28:47.000]  我們一起來讀第九節
[00:28:47.000 --> 00:28:49.000]  我的眼睛因困苦而乾癟
[00:28:49.000 --> 00:28:51.000]  我的眼睛因困苦而乾癟
[00:28:51.000 --> 00:28:53.000]  耶和華
[00:28:53.000 --> 00:28:55.000]  我天天呼求你
[00:28:55.000 --> 00:28:57.000]  向你舉手
[00:28:57.000 --> 00:28:59.000]  什麼是困苦而乾癟
[00:28:59.000 --> 00:29:01.000]  我們的眼睛有乾癟過嗎
[00:29:01.000 --> 00:29:03.000]  沒有吧
[00:29:03.000 --> 00:29:05.000]  但是世人他描述的
[00:29:05.000 --> 00:29:07.000]  眼睛會乾癟
[00:29:07.000 --> 00:29:09.000]  他用了很多
[00:29:09.000 --> 00:29:11.000]  不是打電腦
[00:29:11.000 --> 00:29:13.000]  不是看手機滑手機
[00:29:13.000 --> 00:29:15.000]  用很多流眼淚
[00:29:15.000 --> 00:29:17.000]  太痛苦了
[00:29:17.000 --> 00:29:19.000]  眼淚流盡了
[00:29:19.000 --> 00:29:21.000]  有一次我太太
[00:29:21.000 --> 00:29:23.000]  她跟我說
[00:29:23.000 --> 00:29:25.000]  不要再讓我哭了
[00:29:25.000 --> 00:29:27.000]  她說我的眼睛不好
[00:29:27.000 --> 00:29:29.000]  不要再讓我哭了
[00:29:29.000 --> 00:29:31.000]  我聽到眼睛不好
[00:29:31.000 --> 00:29:33.000]  不要讓我哭了
[00:29:33.000 --> 00:29:35.000]  我真的就想說
[00:29:35.000 --> 00:29:37.000]  為什麼她這麼痛苦
[00:29:37.000 --> 00:29:39.000]  兄弟姐妹
[00:29:39.000 --> 00:29:41.000]  希曼她是痛苦啊
[00:29:41.000 --> 00:29:43.000]  眼淚都流盡了
[00:29:43.000 --> 00:29:45.000]  精神都耗弱了
[00:29:45.000 --> 00:29:47.000]  她說我還是要向神舉手
[00:29:47.000 --> 00:29:49.000]  這是唯一能做的
[00:29:49.000 --> 00:29:51.000]  所以
[00:29:51.000 --> 00:29:53.000]  誰是她最好訴苦的朋友呢
[00:29:53.000 --> 00:29:55.000]  神
[00:29:55.000 --> 00:30:01.000]  她在困苦當中
[00:30:01.000 --> 00:30:03.000]  她問了什麼
[00:30:03.000 --> 00:30:05.000]  她問神慈愛
[00:30:05.000 --> 00:30:07.000]  信實
[00:30:07.000 --> 00:30:09.000]  騎士
[00:30:09.000 --> 00:30:11.000]  公義
[00:30:11.000 --> 00:30:13.000]  她用上帝的屬性
[00:30:13.000 --> 00:30:15.000]  在那裡問神
[00:30:15.000 --> 00:30:17.000]  神你到底有沒有慈愛
[00:30:17.000 --> 00:30:19.000]  你到底有沒有信實
[00:30:19.000 --> 00:30:21.000]  你到底有沒有
[00:30:21.000 --> 00:30:23.000]  你到底行不行騎士
[00:30:23.000 --> 00:30:25.000]  你到底是不是公義的神
[00:30:25.000 --> 00:30:27.000]  如果你不向我彰顯
[00:30:27.000 --> 00:30:29.000]  你要向死人彰顯嗎
[00:30:29.000 --> 00:30:31.000]  你要顯騎士
[00:30:31.000 --> 00:30:33.000]  你到底有沒有
[00:30:33.000 --> 00:30:35.000]  你到底有沒有
[00:30:35.000 --> 00:30:37.000]  你到底有沒有
[00:30:37.000 --> 00:30:39.000]  你到底有沒有
[00:30:39.000 --> 00:30:41.000]  你到底有沒有
[00:30:41.000 --> 00:30:43.000]  你到底有沒有
[00:30:43.000 --> 00:30:45.000]  你到底有沒有
[00:30:45.000 --> 00:30:47.000]  你到底有沒有
[00:30:47.000 --> 00:30:49.000]  你的意思是說
[00:30:49.000 --> 00:30:51.000]  主啊
[00:30:51.000 --> 00:30:53.000]  為什麼你還不出手
[00:30:53.000 --> 00:30:55.000]  我都要死了
[00:30:55.000 --> 00:30:57.000]  兄弟姐妹
[00:30:57.000 --> 00:30:59.000]  這是上帝的主權
[00:30:59.000 --> 00:31:01.000]  我們都渴望
[00:31:01.000 --> 00:31:03.000]  上帝
[00:31:03.000 --> 00:31:05.000]  馬上聽我禱告
[00:31:05.000 --> 00:31:07.000]  但是我們看詩人
[00:31:07.000 --> 00:31:09.000]  他問神的是什麼問題呢
[00:31:09.000 --> 00:31:11.000]  上帝你是不是慈愛的神
[00:31:11.000 --> 00:31:13.000]  上帝你是不是信實的神
[00:31:13.000 --> 00:31:15.000]  上帝你是不是顯騎士的神
[00:31:15.000 --> 00:31:17.000]  上帝你是不是公義的神
[00:31:17.000 --> 00:31:19.000]  上帝你是不是公義的神
[00:31:19.000 --> 00:31:21.000]  在這個經文我們一同來讀好嗎
[00:31:21.000 --> 00:31:23.000]  你豈要行騎士
[00:31:23.000 --> 00:31:25.000]  給死人看嗎
[00:31:25.000 --> 00:31:27.000]  難道英魂還能起來
[00:31:27.000 --> 00:31:29.000]  稱讚你嗎
[00:31:29.000 --> 00:31:31.000]  豈能在墳墓裡訴說你的慈愛嗎
[00:31:31.000 --> 00:31:33.000]  豈能在滅亡中
[00:31:33.000 --> 00:31:35.000]  訴說你的信使嗎
[00:31:35.000 --> 00:31:37.000]  豈能在滅亡中訴說你的信使嗎
[00:31:37.000 --> 00:31:39.000]  你的騎士豈能在幽暗裡被知道嗎
[00:31:39.000 --> 00:31:41.000]  你的騎士豈能在幽暗裡被知道嗎
[00:31:41.000 --> 00:31:43.000]  你的公義豈能在忘記之地被
[00:31:43.000 --> 00:31:45.000]  你的公義豈能在忘記之地被
[00:31:45.000 --> 00:31:47.000]  他們
[00:31:47.000 --> 00:31:49.000]  這是希曼的禱告
[00:31:49.000 --> 00:31:51.000]  他是在那裡
[00:31:51.000 --> 00:31:53.000]  天天向著神禱告
[00:31:53.000 --> 00:31:55.000]  即便他向著神質問
[00:31:55.000 --> 00:31:57.000]  神有沒有回應他
[00:31:57.000 --> 00:31:59.000]  沒有
[00:31:59.000 --> 00:32:01.000]  nothing
[00:32:01.000 --> 00:32:03.000]  神沒有回應
[00:32:03.000 --> 00:32:05.000]  那你會不會更生氣啊
[00:32:05.000 --> 00:32:07.000]  如果你這樣問神
[00:32:07.000 --> 00:32:09.000]  你為什麼還不聽禱告
[00:32:09.000 --> 00:32:11.000]  你不是那個信使的神嗎
[00:32:11.000 --> 00:32:13.000]  神不回應
[00:32:13.000 --> 00:32:15.000]  真的是叫媽媽媽不來
[00:32:15.000 --> 00:32:17.000]  叫爸爸爸也不來
[00:32:17.000 --> 00:32:19.000]  我們看接下來希曼的詩詞裡面
[00:32:19.000 --> 00:32:21.000]  他說耶和華
[00:32:21.000 --> 00:32:23.000]  我呼求你
[00:32:23.000 --> 00:32:25.000]  我求神
[00:32:25.000 --> 00:32:27.000]  我早晨的禱告
[00:32:27.000 --> 00:32:29.000]  要達到你面前
[00:32:29.000 --> 00:32:31.000]  他裡面有什麼樣的疑惑呢
[00:32:31.000 --> 00:32:33.000]  你知道嗎
[00:32:33.000 --> 00:32:35.000]  當神不回應我們的時候
[00:32:35.000 --> 00:32:37.000]  他裡面有一種被丟棄的感覺
[00:32:37.000 --> 00:32:39.000]  他說
[00:32:39.000 --> 00:32:41.000]  耶和華
[00:32:41.000 --> 00:32:43.000]  你為何丟棄我
[00:32:43.000 --> 00:32:45.000]  為何顏面不顧我
[00:32:45.000 --> 00:32:47.000]  兄姐妹
[00:32:47.000 --> 00:32:49.000]  你有沒有問神為什麼
[00:32:49.000 --> 00:32:51.000]  有沒有
[00:32:51.000 --> 00:32:53.000]  什麼樣的經驗
[00:32:53.000 --> 00:32:55.000]  那你問的是什麼呢
[00:32:55.000 --> 00:33:01.000]  如果上帝
[00:33:01.000 --> 00:33:03.000]  你是那位信使的神
[00:33:03.000 --> 00:33:05.000]  那位垂聽禱告的神
[00:33:05.000 --> 00:33:07.000]  為什麼我禱告這麼久
[00:33:07.000 --> 00:33:09.000]  你是沒聽見
[00:33:09.000 --> 00:33:11.000]  說啊
[00:33:11.000 --> 00:33:13.000]  我都已經匍匐在你面前了
[00:33:13.000 --> 00:33:15.000]  我都向你五體投地了
[00:33:15.000 --> 00:33:17.000]  我都表達我的敬虔了
[00:33:17.000 --> 00:33:19.000]  甚至我都進食禱告了
[00:33:19.000 --> 00:33:21.000]  為什麼你還不回應我
[00:33:21.000 --> 00:33:29.000]  神要讓我們
[00:33:29.000 --> 00:33:31.000]  看見
[00:33:31.000 --> 00:33:33.000]  一個比約伯更慘的人
[00:33:33.000 --> 00:33:35.000]  西曼
[00:33:35.000 --> 00:33:37.000]  他在那裡
[00:33:37.000 --> 00:33:39.000]  忍受
[00:33:39.000 --> 00:33:41.000]  他在那裡
[00:33:41.000 --> 00:33:43.000]  用他的信心
[00:33:43.000 --> 00:33:45.000]  在跟上帝有一個關係上的維繫
[00:33:45.000 --> 00:33:47.000]  他問為什麼
[00:33:47.000 --> 00:33:49.000]  代表
[00:33:49.000 --> 00:33:51.000]  他還是持續的相信
[00:33:51.000 --> 00:33:53.000]  那位神
[00:33:53.000 --> 00:33:55.000]  我都不需要問了
[00:33:55.000 --> 00:33:57.000]  接下來我們來看
[00:33:57.000 --> 00:33:59.000]  剛剛我們說到的
[00:33:59.000 --> 00:34:01.000]  這個Johnny
[00:34:01.000 --> 00:34:03.000]  Johnny的故事
[00:34:03.000 --> 00:34:05.000]  他的人生的災難其實不是一場意外而已
[00:34:05.000 --> 00:34:07.000]  對他來講
[00:34:07.000 --> 00:34:09.000]  這是long life
[00:34:09.000 --> 00:34:11.000]  這是一生之久的
[00:34:11.000 --> 00:34:13.000]  是一個很長的黑夜
[00:34:13.000 --> 00:34:15.000]  他要獨自去面對
[00:34:15.000 --> 00:34:17.000]  這個黑夜
[00:34:17.000 --> 00:34:19.000]  他說我每天醒來的時候
[00:34:19.000 --> 00:34:21.000]  我的身體
[00:34:21.000 --> 00:34:23.000]  仍然還是不自由的
[00:34:23.000 --> 00:34:25.000]  對未來仍然是恐懼的
[00:34:25.000 --> 00:34:27.000]  他說他更
[00:34:27.000 --> 00:34:29.000]  在他心中有一個
[00:34:29.000 --> 00:34:31.000]  很難以理解的問題是
[00:34:31.000 --> 00:34:33.000]  當這件事情
[00:34:33.000 --> 00:34:35.000]  發生的前幾個月
[00:34:35.000 --> 00:34:37.000]  他曾向神禱告說
[00:34:37.000 --> 00:34:39.000]  主啊
[00:34:39.000 --> 00:34:41.000]  求祢更深的抓住我
[00:34:41.000 --> 00:34:43.000]  更深的吸引我
[00:34:43.000 --> 00:34:45.000]  更多的親近祢
[00:34:45.000 --> 00:34:47.000]  他的這個禱告
[00:34:47.000 --> 00:34:49.000]  是真的
[00:34:49.000 --> 00:34:51.000]  所以他還記得
[00:34:51.000 --> 00:34:53.000]  但是沒有想到
[00:34:53.000 --> 00:34:55.000]  卻發生了這樣的意外
[00:34:55.000 --> 00:34:57.000]  兄弟姐妹
[00:34:57.000 --> 00:34:59.000]  如果你跟神禱告說
[00:34:59.000 --> 00:35:01.000]  主啊使用我
[00:35:01.000 --> 00:35:03.000]  結果發生了車禍
[00:35:03.000 --> 00:35:05.000]  你會不會覺得
[00:35:05.000 --> 00:35:07.000]  主啊你跟我開玩笑嗎
[00:35:07.000 --> 00:35:09.000]  我曾經
[00:35:09.000 --> 00:35:11.000]  我認識的一個宣教士
[00:35:11.000 --> 00:35:13.000]  在越南宣教
[00:35:13.000 --> 00:35:14.000]  他們都預備好了
[00:35:14.000 --> 00:35:15.000]  禱告很久了
[00:35:15.000 --> 00:35:17.000]  尋求神很久了
[00:35:17.000 --> 00:35:19.000]  知道要去越南了
[00:35:19.000 --> 00:35:21.000]  結果要在出發前
[00:35:21.000 --> 00:35:23.000]  身體有異狀去檢查
[00:35:23.000 --> 00:35:25.000]  哎呀癌症
[00:35:25.000 --> 00:35:27.000]  大家就會覺得說
[00:35:27.000 --> 00:35:29.000]  上帝你跟我開玩笑嗎
[00:35:29.000 --> 00:35:31.000]  兄弟姐妹
[00:35:31.000 --> 00:35:33.000]  人生有時候會發生
[00:35:33.000 --> 00:35:35.000]  我們沒有辦法想像的
[00:35:35.000 --> 00:35:37.000]  但是
[00:35:37.000 --> 00:35:39.000]  這不代表上帝不知道
[00:35:39.000 --> 00:35:41.000]  不代表上帝
[00:35:41.000 --> 00:35:43.000]  他沒有辦法掌權
[00:35:43.000 --> 00:35:45.000]  當然我們現在
[00:35:45.000 --> 00:35:47.000]  我們並沒有說
[00:35:47.000 --> 00:35:49.000]  要很快地告訴你
[00:35:49.000 --> 00:35:51.000]  哎呀上帝一定會給你出路
[00:35:51.000 --> 00:35:53.000]  兄弟姐妹
[00:35:53.000 --> 00:35:55.000]  當我們陷入在困苦當中的時候
[00:35:55.000 --> 00:35:57.000]  我們很難
[00:35:57.000 --> 00:35:59.000]  聽得進去
[00:35:59.000 --> 00:36:01.000]  人家對我們說
[00:36:01.000 --> 00:36:03.000]  主耶穌
[00:36:03.000 --> 00:36:05.000]  祂有美好的旨意在你身上
[00:36:05.000 --> 00:36:07.000]  你的受苦是教人有益的
[00:36:07.000 --> 00:36:09.000]  如果你發生車禍
[00:36:09.000 --> 00:36:11.000]  突然有人跟你講
[00:36:11.000 --> 00:36:13.000]  你會覺得很生氣對不對
[00:36:13.000 --> 00:36:15.000]  我為什麼要
[00:36:15.000 --> 00:36:17.000]  這樣的美好的旨意發生在我身上呢
[00:36:17.000 --> 00:36:19.000]  我們有時候
[00:36:19.000 --> 00:36:21.000]  太快用上帝的
[00:36:21.000 --> 00:36:23.000]  標準答案來安慰人
[00:36:23.000 --> 00:36:25.000]  我們需要的是
[00:36:25.000 --> 00:36:27.000]  有人陪伴我們就好
[00:36:27.000 --> 00:36:29.000]  兄弟姐妹我們在我們現在的光景當中
[00:36:29.000 --> 00:36:31.000]  有沒有人
[00:36:31.000 --> 00:36:33.000]  也陷入到類似的一種
[00:36:33.000 --> 00:36:35.000]  長期的一種痛苦
[00:36:37.000 --> 00:36:39.000]  是我們也不知道
[00:36:39.000 --> 00:36:41.000]  也沒有場合去說的
[00:36:41.000 --> 00:36:43.000]  比如說我們為我們的孩子禱告
[00:36:43.000 --> 00:36:45.000]  他們可能離神很遠了
[00:36:45.000 --> 00:36:47.000]  遠離神很遠了
[00:36:47.000 --> 00:36:49.000]  或者是他們
[00:36:49.000 --> 00:36:51.000]  有些人他們已經陷入到
[00:36:51.000 --> 00:36:53.000]  困鎖當中
[00:36:53.000 --> 00:36:55.000]  不好的
[00:36:55.000 --> 00:36:57.000]  不好的引頭裡面
[00:36:57.000 --> 00:36:59.000]  很難回頭很難得自由
[00:36:59.000 --> 00:37:01.000]  有沒有人的婚姻破碎
[00:37:01.000 --> 00:37:03.000]  有沒有人在婚姻裡面受傷
[00:37:03.000 --> 00:37:05.000]  這個傷痕還持續在那裡
[00:37:07.000 --> 00:37:09.000]  讓我們
[00:37:09.000 --> 00:37:11.000]  沒有辦法去相信任何人
[00:37:11.000 --> 00:37:13.000]  有沒有人病得很
[00:37:13.000 --> 00:37:15.000]  很嚴重
[00:37:15.000 --> 00:37:17.000]  或者是
[00:37:17.000 --> 00:37:19.000]  這個檢查的報告
[00:37:19.000 --> 00:37:21.000]  總是紅字
[00:37:21.000 --> 00:37:23.000]  有沒有人為工作的出路
[00:37:23.000 --> 00:37:25.000]  為財務的壓力
[00:37:25.000 --> 00:37:27.000]  為了升遷禱告
[00:37:27.000 --> 00:37:29.000]  上帝都不回應
[00:37:29.000 --> 00:37:31.000]  有嗎
[00:37:31.000 --> 00:37:33.000]  很多吧
[00:37:33.000 --> 00:37:35.000]  但是我們還有
[00:37:35.000 --> 00:37:37.000]  很多人
[00:37:37.000 --> 00:37:39.000]  跟我們一樣
[00:37:39.000 --> 00:37:41.000]  來到了他的面前說
[00:37:41.000 --> 00:37:43.000]  主啊
[00:37:43.000 --> 00:37:45.000]  這就是我現在的痛
[00:37:45.000 --> 00:37:47.000]  主啊
[00:37:47.000 --> 00:37:49.000]  我雖然不明白你為何
[00:37:49.000 --> 00:37:51.000]  這麼樣的沉默
[00:37:51.000 --> 00:37:53.000]  不回應我的禱告
[00:37:53.000 --> 00:37:55.000]  但是我還是有很多疑惑
[00:37:55.000 --> 00:37:57.000]  很多的問題要問你
[00:37:57.000 --> 00:37:59.000]  我仍然來到你的面前
[00:37:59.000 --> 00:38:01.000]  求你垂聽我的呼求
[00:38:01.000 --> 00:38:03.000]  第三
[00:38:03.000 --> 00:38:05.000]  基督是我們的盼望
[00:38:05.000 --> 00:38:07.000]  從整本聖經裡面看
[00:38:07.000 --> 00:38:09.000]  基督是我們的盼望
[00:38:09.000 --> 00:38:11.000]  但是在那一個時刻
[00:38:11.000 --> 00:38:13.000]  在西曼的那個時候
[00:38:13.000 --> 00:38:15.000]  他們不知道有
[00:38:15.000 --> 00:38:17.000]  這位奇妙的救主
[00:38:17.000 --> 00:38:19.000]  將來會來
[00:38:19.000 --> 00:38:21.000]  拯救我們
[00:38:21.000 --> 00:38:23.000]  西曼他持續地在一種
[00:38:23.000 --> 00:38:25.000]  很沉重的當中
[00:38:25.000 --> 00:38:27.000]  他說我自幼受苦幾乎要死
[00:38:27.000 --> 00:38:29.000]  他這時候感受到的是誰
[00:38:29.000 --> 00:38:31.000]  是從神那裡
[00:38:31.000 --> 00:38:33.000]  好像從神那裡
[00:38:33.000 --> 00:38:35.000]  來的驚恐
[00:38:35.000 --> 00:38:37.000]  從神那裡來的戀怒
[00:38:37.000 --> 00:38:39.000]  從神那裡來的驚嚇
[00:38:39.000 --> 00:38:41.000]  使他沒有辦法再重活了
[00:38:41.000 --> 00:38:43.000]  他說這些終日
[00:38:43.000 --> 00:38:45.000]  如水環繞我
[00:38:45.000 --> 00:38:47.000]  一起都來圍困我
[00:38:47.000 --> 00:38:49.000]  弟兄姊妹慘不慘啊
[00:38:49.000 --> 00:38:51.000]  很慘
[00:38:51.000 --> 00:38:53.000]  最後
[00:38:53.000 --> 00:38:55.000]  他說你把我的良朋密友
[00:38:55.000 --> 00:38:57.000]  隔在遠處
[00:38:57.000 --> 00:38:59.000]  使我所認識的人進入黑暗裡
[00:38:59.000 --> 00:39:01.000]  什麼是
[00:39:01.000 --> 00:39:03.000]  使我所認識的人進入黑暗裡
[00:39:03.000 --> 00:39:05.000]  我看了一下原文
[00:39:05.000 --> 00:39:07.000]  他就是黑暗和認識
[00:39:07.000 --> 00:39:09.000]  所以有些譯本就翻譯成說
[00:39:09.000 --> 00:39:11.000]  這個黑暗
[00:39:11.000 --> 00:39:13.000]  就成為我的夥伴
[00:39:13.000 --> 00:39:15.000]  黑暗成了我的朋友
[00:39:15.000 --> 00:39:19.000]  我想這是一個
[00:39:19.000 --> 00:39:21.000]  在黑暗的當中
[00:39:21.000 --> 00:39:23.000]  他看不見光的
[00:39:23.000 --> 00:39:25.000]  沒有任何的人際關係的
[00:39:25.000 --> 00:39:27.000]  都斷絕了
[00:39:27.000 --> 00:39:29.000]  一切都是黑暗當中
[00:39:29.000 --> 00:39:31.000]  連他所認識的
[00:39:31.000 --> 00:39:33.000]  最後是什麼呢
[00:39:33.000 --> 00:39:35.000]  黑暗
[00:39:35.000 --> 00:39:37.000]  約伯都比他好吧
[00:39:37.000 --> 00:39:39.000]  約伯都還有親眼見主
[00:39:39.000 --> 00:39:41.000]  但是希曼沒有
[00:39:41.000 --> 00:39:45.000]  我說剛剛那個Johnny
[00:39:45.000 --> 00:39:47.000]  他曾經陷入到
[00:39:47.000 --> 00:39:49.000]  深度的憂鬱和絕望當中
[00:39:49.000 --> 00:39:51.000]  他在那段日子
[00:39:51.000 --> 00:39:53.000]  他其實沒有辦法親近神
[00:39:53.000 --> 00:39:55.000]  但是他的朋友不放棄
[00:39:55.000 --> 00:39:57.000]  他身邊的基督徒
[00:39:57.000 --> 00:39:59.000]  持續地為他禱告
[00:39:59.000 --> 00:40:01.000]  陪伴他
[00:40:01.000 --> 00:40:03.000]  後來Johnny
[00:40:03.000 --> 00:40:05.000]  他就在有一次
[00:40:05.000 --> 00:40:07.000]  他就在他人生的黑暗低谷中
[00:40:07.000 --> 00:40:09.000]  他跟著神
[00:40:09.000 --> 00:40:11.000]  做了一次回頭的禱告
[00:40:11.000 --> 00:40:13.000]  他說
[00:40:13.000 --> 00:40:15.000]  主求你指導我
[00:40:15.000 --> 00:40:17.000]  我該如何過我的一生
[00:40:17.000 --> 00:40:19.000]  後來他的生命
[00:40:19.000 --> 00:40:21.000]  就有很大的改變
[00:40:21.000 --> 00:40:23.000]  很大的改變
[00:40:23.000 --> 00:40:25.000]  他開始用牙齒
[00:40:25.000 --> 00:40:27.000]  用牙齒雕著畫筆
[00:40:27.000 --> 00:40:29.000]  去作畫
[00:40:29.000 --> 00:40:31.000]  成為一個畫家
[00:40:31.000 --> 00:40:33.000]  他後來也成立一個士工
[00:40:33.000 --> 00:40:35.000]  我剛剛說的
[00:40:35.000 --> 00:40:37.000]  專門去照顧這些殘疾人士
[00:40:37.000 --> 00:40:43.000]  以現實的生活來看
[00:40:43.000 --> 00:40:45.000]  現實的人生來看
[00:40:45.000 --> 00:40:47.000]  我們能夠像Johnny這樣
[00:40:47.000 --> 00:40:49.000]  就已經不錯了
[00:40:49.000 --> 00:40:51.000]  我們沒有
[00:40:51.000 --> 00:40:53.000]  我們沒有
[00:40:53.000 --> 00:40:55.000]  我們沒有
[00:40:55.000 --> 00:40:57.000]  自暴自棄
[00:40:57.000 --> 00:40:59.000]  但是我們看Johnny的人生
[00:40:59.000 --> 00:41:01.000]  他也不是馬上地
[00:41:01.000 --> 00:41:03.000]  就很順遂地就迴轉向神
[00:41:03.000 --> 00:41:05.000]  他也是到一個
[00:41:05.000 --> 00:41:07.000]  十分痛苦
[00:41:07.000 --> 00:41:09.000]  十分憂鬱
[00:41:09.000 --> 00:41:11.000]  十分憤怒
[00:41:11.000 --> 00:41:13.000]  十分沮喪的一個光景中
[00:41:13.000 --> 00:41:15.000]  神透過基督的教會
[00:41:15.000 --> 00:41:17.000]  在旁邊幫助他
[00:41:17.000 --> 00:41:19.000]  拉他一把
[00:41:19.000 --> 00:41:21.000]  今天
[00:41:21.000 --> 00:41:23.000]  西曼在那個時候
[00:41:23.000 --> 00:41:25.000]  他沒有看見教會
[00:41:25.000 --> 00:41:27.000]  但是今天我們
[00:41:27.000 --> 00:41:29.000]  新約的聖徒們
[00:41:29.000 --> 00:41:31.000]  我們不一樣了
[00:41:31.000 --> 00:41:33.000]  我們的神是與我們同在的神
[00:41:33.000 --> 00:41:35.000]  祂是教會的頭
[00:41:35.000 --> 00:41:37.000]  我們是祂的身體
[00:41:37.000 --> 00:41:39.000]  祂透過這個身體
[00:41:39.000 --> 00:41:41.000]  在做彼此服事
[00:41:41.000 --> 00:41:43.000]  所以今天我們可以
[00:41:43.000 --> 00:41:45.000]  彼此來服事
[00:41:45.000 --> 00:41:47.000]  就好像神在我們當中
[00:41:47.000 --> 00:41:49.000]  扶持我們一樣
[00:41:49.000 --> 00:41:53.000]  在最深的黑夜中
[00:41:53.000 --> 00:41:55.000]  我看見
[00:41:55.000 --> 00:41:57.000]  神竟然能夠保守
[00:41:57.000 --> 00:41:59.000]  西曼的信心
[00:41:59.000 --> 00:42:01.000]  祂可以在
[00:42:01.000 --> 00:42:03.000]  那樣的一個處境中
[00:42:03.000 --> 00:42:05.000]  不放棄
[00:42:05.000 --> 00:42:07.000]  持續在神面前
[00:42:07.000 --> 00:42:09.000]  傾心吐憶
[00:42:09.000 --> 00:42:11.000]  真的是太苦了
[00:42:11.000 --> 00:42:15.000]  雖然他沒有
[00:42:15.000 --> 00:42:17.000]  看到出口
[00:42:17.000 --> 00:42:19.000]  但是我卻看見
[00:42:19.000 --> 00:42:21.000]  他的那個信心
[00:42:21.000 --> 00:42:23.000]  是上帝在保守的
[00:42:23.000 --> 00:42:25.000]  神並沒有真正地
[00:42:25.000 --> 00:42:27.000]  隱藏起來
[00:42:27.000 --> 00:42:29.000]  雖然我們沒有看見祂
[00:42:29.000 --> 00:42:31.000]  但是神並沒有隱藏起來
[00:42:31.000 --> 00:42:33.000]  祂帶領我們
[00:42:33.000 --> 00:42:35.000]  走過人生的黑夜
[00:42:35.000 --> 00:42:37.000]  感謝主
[00:42:37.000 --> 00:42:39.000]  我們的主耶穌
[00:42:39.000 --> 00:42:41.000]  我們都知道
[00:42:41.000 --> 00:42:43.000]  祂是那位
[00:42:43.000 --> 00:42:45.000]  真正是
[00:42:45.000 --> 00:42:47.000]  來到我們黑暗的人間
[00:42:47.000 --> 00:42:49.000]  為我們的罪
[00:42:49.000 --> 00:42:51.000]  為我們的刑罰
[00:42:51.000 --> 00:42:53.000]  獨自承受的主
[00:42:53.000 --> 00:42:55.000]  祂在科西瑪尼園的禱告室
[00:42:55.000 --> 00:42:59.000]  祂說我幾乎要死
[00:42:59.000 --> 00:43:03.000]  你們不能
[00:43:03.000 --> 00:43:05.000]  跟我一起在這裡等候嗎
[00:43:05.000 --> 00:43:09.000]  祂就稍往前走
[00:43:09.000 --> 00:43:11.000]  伏伏在地禱告說
[00:43:11.000 --> 00:43:13.000]  我父啊,唐若可行
[00:43:13.000 --> 00:43:15.000]  叫這杯離開我
[00:43:15.000 --> 00:43:19.000]  然而不要照我的意思
[00:43:19.000 --> 00:43:21.000]  只要照
[00:43:21.000 --> 00:43:23.000]  你的意思
[00:43:23.000 --> 00:43:25.000]  這是信心
[00:43:25.000 --> 00:43:27.000]  照神的意思
[00:43:27.000 --> 00:43:29.000]  是我們信心裡面
[00:43:29.000 --> 00:43:31.000]  很重要的一個主張
[00:43:31.000 --> 00:43:33.000]  主啊,是照你的意思
[00:43:33.000 --> 00:43:35.000]  不是照我的意思
[00:43:35.000 --> 00:43:37.000]  所以即便
[00:43:37.000 --> 00:43:39.000]  今天我得一制,不得一制
[00:43:39.000 --> 00:43:41.000]  祢是我的主
[00:43:41.000 --> 00:43:43.000]  祢人就是我的神
[00:43:43.000 --> 00:43:45.000]  祢掌權
[00:43:45.000 --> 00:43:47.000]  耶穌在石架上面
[00:43:47.000 --> 00:43:49.000]  為我們擔當了被棄絕
[00:43:49.000 --> 00:43:51.000]  祂也為我們忍受了
[00:43:51.000 --> 00:43:53.000]  這個恐懼
[00:43:53.000 --> 00:43:55.000]  害怕
[00:43:55.000 --> 00:43:57.000]  那種心裡面的一種痛苦
[00:43:57.000 --> 00:43:59.000]  耶穌也會害怕
[00:43:59.000 --> 00:44:01.000]  弟兄姊妹
[00:44:01.000 --> 00:44:03.000]  祂也會慌張的
[00:44:03.000 --> 00:44:05.000]  所以有信心不代表說
[00:44:05.000 --> 00:44:07.000]  我們不可以有裡面的
[00:44:07.000 --> 00:44:09.000]  強的
[00:44:09.000 --> 00:44:11.000]  所以當我們裡面有這樣的害怕的時候
[00:44:11.000 --> 00:44:13.000]  更是要把我們
[00:44:13.000 --> 00:44:15.000]  引到神的面前
[00:44:15.000 --> 00:44:17.000]  主不是站在黑暗外面
[00:44:17.000 --> 00:44:19.000]  要你剛強
[00:44:19.000 --> 00:44:21.000]  祂乃是進到我們的生命裡面
[00:44:21.000 --> 00:44:23.000]  帶我們成為剛強
[00:44:23.000 --> 00:44:25.000]  阿們
[00:44:25.000 --> 00:44:27.000]  基督復活了
[00:44:27.000 --> 00:44:29.000]  祂現在在神的右邊
[00:44:29.000 --> 00:44:31.000]  永遠在那裡替我們代求
[00:44:31.000 --> 00:44:33.000]  祂進入黑暗
[00:44:33.000 --> 00:44:35.000]  擔當了我們的罪與刑罰
[00:44:35.000 --> 00:44:37.000]  在黑暗中仍然有盼望
[00:44:37.000 --> 00:44:39.000]  希伯來書說到
[00:44:39.000 --> 00:44:41.000]  耶穌已經從死裡復活
[00:44:41.000 --> 00:44:43.000]  成為我們永活的珍寶
[00:44:43.000 --> 00:44:45.000]  這一個就是我們
[00:44:45.000 --> 00:44:47.000]  活著的盼望
[00:44:47.000 --> 00:44:49.000]  而這個盼望呢
[00:44:49.000 --> 00:44:51.000]  就像靈魂的毛
[00:44:51.000 --> 00:44:53.000]  緊緊的好像
[00:44:53.000 --> 00:44:55.000]  透過這個
[00:44:55.000 --> 00:44:57.000]  曼宗的路到至聖所
[00:44:57.000 --> 00:44:59.000]  緊緊的與神
[00:44:59.000 --> 00:45:01.000]  連在一起
[00:45:01.000 --> 00:45:03.000]  是誰抓住我們呢?弟兄姊妹
[00:45:03.000 --> 00:45:05.000]  不是我們抓住神
[00:45:05.000 --> 00:45:07.000]  是神抓住我們
[00:45:07.000 --> 00:45:09.000]  阿們
[00:45:09.000 --> 00:45:11.000]  感謝神我們裡面有一個信心
[00:45:11.000 --> 00:45:13.000]  什麼都可以沒有
[00:45:13.000 --> 00:45:15.000]  但是神
[00:45:15.000 --> 00:45:17.000]  永遠是拯救我們的神
[00:45:17.000 --> 00:45:19.000]  阿們
[00:45:19.000 --> 00:45:21.000]  所以弟兄姊妹
[00:45:21.000 --> 00:45:23.000]  你要這位神嗎?
[00:45:23.000 --> 00:45:25.000]  你願意讓這位神來愛你嗎?
[00:45:25.000 --> 00:45:27.000]  阿們
[00:45:27.000 --> 00:45:29.000]  黑夜不是
[00:45:29.000 --> 00:45:31.000]  我們最後的一夜
[00:45:31.000 --> 00:45:33.000]  感覺不到神的手
[00:45:33.000 --> 00:45:35.000]  不代表我們就要
[00:45:35.000 --> 00:45:37.000]  向神停止禱告了
[00:45:37.000 --> 00:45:39.000]  不代表我們就
[00:45:39.000 --> 00:45:41.000]  停止向神伸手了
[00:45:41.000 --> 00:45:43.000]  在最深的黑夜中
[00:45:43.000 --> 00:45:45.000]  我們仍然要向神呼求
[00:45:45.000 --> 00:45:47.000]  這不是
[00:45:47.000 --> 00:45:49.000]  失敗的記號
[00:45:49.000 --> 00:45:51.000]  這正是信心
[00:45:51.000 --> 00:45:53.000]  仍在呼吸的記號
[00:45:53.000 --> 00:45:55.000]  要記得
[00:45:55.000 --> 00:45:57.000]  那個信心的
[00:45:57.000 --> 00:45:59.000]  靈魂的毛
[00:45:59.000 --> 00:46:01.000]  在那裡了
[00:46:01.000 --> 00:46:03.000]  這是我們的盼望
[00:46:03.000 --> 00:46:05.000]  我們相信主
[00:46:05.000 --> 00:46:07.000]  是我們的盼望
[00:46:07.000 --> 00:46:09.000]  是我們的生命
[00:46:09.000 --> 00:46:11.000]  將來帶領我們
[00:46:11.000 --> 00:46:13.000]  從死裡復活
[00:46:13.000 --> 00:46:15.000]  進入祂永恆國度的主
