
[00:00:00.000 --> 00:00:01.520]  請師妹平安
[00:00:01.520 --> 00:00:02.640]  感謝神
[00:00:02.640 --> 00:00:05.200]  又可以回到神的殿裏面
[00:00:05.200 --> 00:00:07.680]  聽祂的話語
[00:00:07.680 --> 00:00:09.560]  今天我們讀的經文
[00:00:09.560 --> 00:00:13.120]  我相信多多少少你都有聽過
[00:00:13.120 --> 00:00:16.040]  甚至乎你即使沒有回教會
[00:00:16.040 --> 00:00:17.920]  你大概都會聽過
[00:00:17.920 --> 00:00:21.000]  「下蛙食禁果」
[00:00:21.000 --> 00:00:22.240]  確實是
[00:00:22.240 --> 00:00:26.200]  如果上星期你有回來聽
[00:00:26.200 --> 00:00:29.200]  我們又講了《創世紀》的第二章
[00:00:29.200 --> 00:00:31.120]  第二章如果你們還記得
[00:00:31.120 --> 00:00:34.160]  就講到上帝創造的美好
[00:00:34.160 --> 00:00:36.600]  特別是講到創造人
[00:00:36.600 --> 00:00:38.320]  人的美好
[00:00:38.320 --> 00:00:41.200]  祂為人做了很多的預備
[00:00:41.200 --> 00:00:44.720]  為人有很多的愛的準備
[00:00:44.720 --> 00:00:46.360]  為人預備一切
[00:00:46.360 --> 00:00:50.080]  上一次我們說第二章是
[00:00:50.080 --> 00:00:53.160]  上帝對人的第一封情書
[00:00:53.160 --> 00:00:54.520]  是情信
[00:00:54.520 --> 00:00:57.120]  上帝是何等的愛人
[00:00:57.120 --> 00:00:59.160]  我們從第二章那裏看到
[00:00:59.160 --> 00:01:00.160]  不過今天
[00:01:00.160 --> 00:01:01.640]  剛才主席讀經文的時候
[00:01:01.640 --> 00:01:03.840]  我不知道你有沒有這個感覺呢
[00:01:03.840 --> 00:01:07.040]  就是一切好像突然間
[00:01:07.040 --> 00:01:10.240]  變得不是多美好
[00:01:10.240 --> 00:01:11.640]  確實是今天進入
[00:01:11.640 --> 00:01:13.760]  《創世紀》第三章的時候
[00:01:13.760 --> 00:01:17.120]  我們講到人的墮落
[00:01:17.120 --> 00:01:19.200]  人的犯罪
[00:01:19.200 --> 00:01:22.760]  一定會令我們感覺到有些不舒服的
[00:01:22.760 --> 00:01:25.800]  因為講到人的犯罪的時候
[00:01:25.800 --> 00:01:30.480]  就好像一面鏡子放在我們前面
[00:01:30.480 --> 00:01:31.520]  一邊讀
[00:01:31.520 --> 00:01:32.600]  剛才一邊讀
[00:01:32.600 --> 00:01:34.480]  主席一邊講的時候
[00:01:34.480 --> 00:01:38.680]  就有一種好像正正就是照著我們自己
[00:01:38.680 --> 00:01:42.560]  我們豈不是就是這樣的樣子嗎?
[00:01:42.560 --> 00:01:44.320]  求主幫助我們
[00:01:44.320 --> 00:01:46.040]  這一種的反映
[00:01:46.040 --> 00:01:48.240]  或者你感覺到不舒服
[00:01:48.240 --> 00:01:50.080]  是一件好事來的
[00:01:50.080 --> 00:01:53.040]  我霸不得你們感覺到不舒服
[00:01:53.040 --> 00:01:55.880]  帶著一顆謙卑的心
[00:01:55.880 --> 00:01:58.480]  來再一次進入神的話語
[00:01:58.480 --> 00:02:01.880]  讓神的話語不是帶給我們死路
[00:02:01.880 --> 00:02:05.000]  而是帶給我們活的出路
[00:02:05.000 --> 00:02:07.640]  所以今天我們透過這段經文
[00:02:07.640 --> 00:02:08.480]  求主幫助我們
[00:02:08.480 --> 00:02:10.200]  再次成為我們生命的幫助
[00:02:10.200 --> 00:02:12.800]  我們一起來禱告
[00:02:12.800 --> 00:02:14.680]  差天闊上帝
[00:02:14.680 --> 00:02:16.760]  求主你幫助我們
[00:02:16.760 --> 00:02:19.920]  你的話語是煉靜的
[00:02:19.920 --> 00:02:23.600]  你的道理是清潔的
[00:02:23.600 --> 00:02:26.440]  你的典章是真實的
[00:02:26.440 --> 00:02:29.200]  你讓我們從你的真理裏面
[00:02:29.200 --> 00:02:33.040]  看見怎樣傳言的公義
[00:02:33.040 --> 00:02:37.000]  又讓我們看見你的話語是會傳到永遠
[00:02:37.000 --> 00:02:38.200]  由今天
[00:02:38.200 --> 00:02:41.600]  由今天開始我們重新再來閱讀你的話語的時候
[00:02:41.600 --> 00:02:43.840]  你每一天再更新我們
[00:02:43.840 --> 00:02:45.280]  求主幫助孩子
[00:02:45.280 --> 00:02:48.440]  讓我能夠將你的話語講得清楚
[00:02:48.440 --> 00:02:51.320]  將多餘的雜質清除
[00:02:51.320 --> 00:02:52.400]  我懇求主幫助
[00:02:52.400 --> 00:02:53.040]  我們感謝主
[00:02:53.040 --> 00:02:53.760]  聽祈禱
[00:02:53.760 --> 00:02:54.760]  奉主名求
[00:02:54.760 --> 00:02:56.120]  阿門
[00:02:56.120 --> 00:02:59.280]  今天讀這一節經文的時候
[00:02:59.280 --> 00:03:00.640]  當我們進入去的時候
[00:03:00.640 --> 00:03:01.720]  三章一節
[00:03:01.720 --> 00:03:03.520]  我們很快就看見
[00:03:03.520 --> 00:03:06.160]  形容一個新的角色出現
[00:03:06.160 --> 00:03:07.720]  耶和華神所做的
[00:03:07.720 --> 00:03:09.200]  唯有蛇
[00:03:09.200 --> 00:03:13.120]  比田野一切的走獸更狡猾
[00:03:13.120 --> 00:03:14.920]  蛇的出現
[00:03:14.920 --> 00:03:17.320]  讓我們看見
[00:03:17.320 --> 00:03:21.120]  很快經文就給了一個形容詞
[00:03:21.120 --> 00:03:24.440]  就是更狡猾
[00:03:24.440 --> 00:03:29.040]  祂比一切田野的走獸都更狡猾
[00:03:29.040 --> 00:03:30.200]  這個
[00:03:30.200 --> 00:03:31.600]  或者我們說
[00:03:31.600 --> 00:03:34.160]  從今天開始我們就看見
[00:03:34.160 --> 00:03:36.520]  怎樣罪的根源
[00:03:36.520 --> 00:03:38.760]  是從一個引誘
[00:03:38.760 --> 00:03:40.120]  一個試探
[00:03:40.120 --> 00:03:42.720]  一個質疑開始
[00:03:42.720 --> 00:03:44.040]  更狡猾
[00:03:44.040 --> 00:03:46.920]  如果我們回到上一章最尾的一節
[00:03:46.920 --> 00:03:50.280]  在第25節2章的時候
[00:03:50.280 --> 00:03:53.120]  講到當時夫妻二人赤身露體
[00:03:53.120 --> 00:03:54.520]  並不覺得羞恥
[00:03:54.520 --> 00:03:56.360]  接著進入三章一節就說
[00:03:56.360 --> 00:03:57.280]  唯有蛇
[00:03:57.280 --> 00:04:00.200]  比田野一切的走獸更狡猾
[00:04:00.200 --> 00:04:01.880]  其實作者是刻意
[00:04:01.880 --> 00:04:03.000]  如果我們知道
[00:04:03.000 --> 00:04:05.160]  其實在聖經原來的文字裡面
[00:04:05.160 --> 00:04:06.680]  是沒有章節之分的
[00:04:06.680 --> 00:04:09.080]  章節是後來的人加上去的
[00:04:09.080 --> 00:04:10.200]  後世的人加上去的
[00:04:10.200 --> 00:04:11.120]  所以在原來的文字
[00:04:11.120 --> 00:04:13.400]  其實是一直直落的
[00:04:13.400 --> 00:04:17.320]  上一節講到赤身露體並不覺得羞恥
[00:04:17.320 --> 00:04:18.400]  很美麗
[00:04:18.400 --> 00:04:20.120]  很單純
[00:04:20.120 --> 00:04:22.080]  很純真
[00:04:22.080 --> 00:04:24.960]  但是當進入三章一節就說
[00:04:24.960 --> 00:04:26.880]  狡猾
[00:04:26.880 --> 00:04:29.720]  在希伯來文原來的文字裡面
[00:04:29.720 --> 00:04:32.480]  赤身露體和狡猾
[00:04:32.480 --> 00:04:33.680]  這個字
[00:04:33.680 --> 00:04:36.440]  原來的文字是非常相似的
[00:04:36.440 --> 00:04:37.920]  它無論讀音
[00:04:37.920 --> 00:04:39.520]  和它的字根
[00:04:39.520 --> 00:04:41.640]  都是非常相似的
[00:04:41.640 --> 00:04:43.280]  似乎作者是刻意
[00:04:43.280 --> 00:04:46.240]  讓我們看到一件事
[00:04:46.240 --> 00:04:49.840]  就是有一個人物出場
[00:04:49.840 --> 00:04:51.120]  他出場的時候
[00:04:51.120 --> 00:04:53.040]  有一個形容詞給了他
[00:04:53.040 --> 00:04:59.040]  而和上一節有一個很強烈的對比
[00:04:59.040 --> 00:05:00.680]  希伯來敘事的文體
[00:05:00.680 --> 00:05:02.920]  當要寫一個故事的時候
[00:05:02.920 --> 00:05:06.880]  它是很少一開始就形容這個人的
[00:05:06.880 --> 00:05:08.840]  如果你們有仔細看聖經
[00:05:08.840 --> 00:05:10.600]  特別在舊約裡面
[00:05:10.600 --> 00:05:13.240]  你會發現通常聖經介紹一個人物的出場
[00:05:13.240 --> 00:05:15.800]  通常會先介紹一下他的對話
[00:05:15.800 --> 00:05:16.960]  很多時候都是
[00:05:16.960 --> 00:05:19.360]  介紹他和一個人有對話
[00:05:19.360 --> 00:05:21.120]  或者介紹他做了些什麼
[00:05:21.120 --> 00:05:24.120]  然後讓讀者自己去想一下
[00:05:24.120 --> 00:05:25.760]  從他的對話裡面
[00:05:25.760 --> 00:05:27.680]  或者和他做的事情裡面
[00:05:27.680 --> 00:05:29.360]  這個人是怎樣的人呢
[00:05:29.360 --> 00:05:30.760]  或者好像一套戲一樣
[00:05:30.760 --> 00:05:32.680]  或者我們看一套劇集一樣
[00:05:32.680 --> 00:05:34.680]  一個主角出場的時候
[00:05:34.680 --> 00:05:36.640]  很少直接就告訴你
[00:05:36.640 --> 00:05:38.240]  特別今時今日的拍攝手法
[00:05:38.240 --> 00:05:41.560]  很少鑿著額頭就是奸人
[00:05:41.560 --> 00:05:44.040]  通常是看那個情節一直看下去
[00:05:44.040 --> 00:05:46.600]  就發現原來他是奸的
[00:05:46.600 --> 00:05:48.920]  原來他是忠的
[00:05:48.920 --> 00:05:51.560]  在希伯來敘事的文體
[00:05:51.560 --> 00:05:53.560]  大部分時間都是這樣的
[00:05:53.560 --> 00:05:55.080]  很少會直接這樣說
[00:05:55.080 --> 00:05:57.960]  所以在這裡經常一出現
[00:05:57.960 --> 00:06:00.120]  已經直接說他是狡猾
[00:06:00.120 --> 00:06:05.160]  其實是一個很不尋常的敘事手法
[00:06:05.160 --> 00:06:08.440]  那是代表了什麼呢
[00:06:08.440 --> 00:06:11.960]  作者為什麼刻意在整天都沒有開口說話
[00:06:11.960 --> 00:06:15.080]  就已經要告訴讀者
[00:06:15.080 --> 00:06:17.880]  他是更狡猾的
[00:06:17.880 --> 00:06:21.000]  似乎是讓讀者進入一個
[00:06:21.000 --> 00:06:23.960]  打醒十二分精神去看
[00:06:23.960 --> 00:06:26.200]  接下來的段落
[00:06:26.200 --> 00:06:29.080]  作者似乎是想讓我們看到
[00:06:29.080 --> 00:06:31.240]  你要格外留心
[00:06:31.240 --> 00:06:34.440]  你要留心接著下來經常要說的話
[00:06:34.440 --> 00:06:37.240]  你要提高警覺去聽
[00:06:37.240 --> 00:06:41.080]  他是狡猾的
[00:06:41.080 --> 00:06:42.840]  前兩章我們會看到
[00:06:42.840 --> 00:06:44.280]  《創世紀》第一章第二章
[00:06:44.280 --> 00:06:46.680]  創造這個世界很美好
[00:06:46.680 --> 00:06:47.400]  很漂亮
[00:06:47.400 --> 00:06:48.280]  每樣都很好
[00:06:48.280 --> 00:06:49.880]  很良善和諧
[00:06:49.880 --> 00:06:50.920]  所有東西都很好
[00:06:50.920 --> 00:06:52.600]  人同神人同人
[00:06:52.600 --> 00:06:54.280]  人同這個世界
[00:06:54.280 --> 00:06:56.920]  是一個很美好的狀態
[00:06:56.920 --> 00:06:58.600]  但一進入三章一節
[00:06:58.600 --> 00:07:01.400]  我們就看到這個張力的出現
[00:07:01.400 --> 00:07:03.480]  似乎這個如果用彈琴來講
[00:07:03.480 --> 00:07:04.280]  用音樂來講
[00:07:04.280 --> 00:07:06.600]  突然間轉了調
[00:07:06.600 --> 00:07:08.760]  就是提醒讀者
[00:07:08.760 --> 00:07:11.320]  危機來了
[00:07:11.320 --> 00:07:13.560]  如果我們是看一套劇的話
[00:07:13.560 --> 00:07:14.920]  我們坐在電視機前面
[00:07:14.920 --> 00:07:16.040]  我們是觀眾的話
[00:07:16.040 --> 00:07:19.400]  我們應該會很想對著電視機大叫
[00:07:19.400 --> 00:07:20.680]  跟那個女主角說
[00:07:20.680 --> 00:07:21.800]  你不要相信她
[00:07:21.800 --> 00:07:22.920]  她是奸的
[00:07:22.920 --> 00:07:24.280]  她會騙你的
[00:07:24.280 --> 00:07:27.160]  我不知道你們有時看劇情緊不緊張
[00:07:27.160 --> 00:07:29.560]  我看劇看電視看電影
[00:07:29.560 --> 00:07:31.160]  我很投入的
[00:07:31.160 --> 00:07:33.160]  我會看到自己都很緊張
[00:07:33.160 --> 00:07:34.920]  出汗的樣子
[00:07:34.920 --> 00:07:37.720]  有時我和我的小朋友和先生一起看劇的時候
[00:07:37.720 --> 00:07:38.760]  他們都會說
[00:07:38.760 --> 00:07:40.760]  媽咪你這麼投入幹什麼
[00:07:40.760 --> 00:07:42.200]  我是這樣的
[00:07:42.200 --> 00:07:44.040]  很投入很想跟那個人說
[00:07:44.040 --> 00:07:44.840]  她騙你的
[00:07:44.840 --> 00:07:46.760]  你小心
[00:07:46.760 --> 00:07:50.920]  這個也是《創世紀》第三章這裡
[00:07:50.920 --> 00:07:54.520]  作者想給我們的一種氣氛就是
[00:07:54.520 --> 00:07:58.200]  頂姐妹當你閱讀這段經文的時候
[00:07:58.200 --> 00:07:59.960]  你打醒十二分精神
[00:07:59.960 --> 00:08:02.920]  他不是在講一些普通的東西
[00:08:02.920 --> 00:08:05.480]  他是在講一些要很警醒
[00:08:05.480 --> 00:08:07.880]  很驚覺的事情
[00:08:07.880 --> 00:08:09.880]  我們就留意到
[00:08:09.880 --> 00:08:10.920]  知道
[00:08:10.920 --> 00:08:11.880]  作者很快就讓你知道
[00:08:11.880 --> 00:08:12.920]  蛇很狡猾的
[00:08:12.920 --> 00:08:15.560]  那你看看他怎麼狡猾好嗎
[00:08:15.560 --> 00:08:16.600]  他就進入去
[00:08:16.600 --> 00:08:17.560]  他就說
[00:08:17.560 --> 00:08:19.800]  蛇就跟女人說
[00:08:19.800 --> 00:08:22.440]  神喜是真的說
[00:08:22.440 --> 00:08:24.040]  你們不可以吃
[00:08:24.040 --> 00:08:28.920]  圓中任何樹上所出的嗎?
[00:08:28.920 --> 00:08:31.880]  但他的語氣是這樣
[00:08:31.880 --> 00:08:36.200]  這條問題是一條什麼問題呢?
[00:08:36.200 --> 00:08:39.000]  如果中文老師會說
[00:08:39.000 --> 00:08:41.240]  反問句
[00:08:41.240 --> 00:08:45.640]  是帶出一種質疑
[00:08:45.640 --> 00:08:48.520]  帶出一種叫你思考
[00:08:48.520 --> 00:08:51.080]  叫你去想一想
[00:08:51.080 --> 00:08:52.920]  我們留意到
[00:08:52.920 --> 00:08:54.280]  蛇不是首先
[00:08:54.280 --> 00:08:55.560]  如果他是第一次見女人
[00:08:55.560 --> 00:08:56.360]  應該問一下她
[00:08:56.360 --> 00:08:57.640]  喂最近好嗎
[00:08:57.640 --> 00:08:58.680]  Hello
[00:08:58.680 --> 00:09:00.200]  天氣幾好嗎
[00:09:00.200 --> 00:09:02.040]  你看到他不是
[00:09:02.040 --> 00:09:03.640]  他沒有風花雪月
[00:09:03.640 --> 00:09:05.800]  他沒有首先問候一下
[00:09:05.800 --> 00:09:07.800]  沒有多餘的說話
[00:09:07.800 --> 00:09:09.160]  完全沒有
[00:09:09.160 --> 00:09:10.760]  他單刀直入
[00:09:10.760 --> 00:09:13.000]  直接就講神
[00:09:13.000 --> 00:09:15.240]  直接就跟女人說
[00:09:15.240 --> 00:09:16.840]  神是怎樣的
[00:09:16.840 --> 00:09:19.000]  神是不是真的這樣
[00:09:19.000 --> 00:09:22.280]  神是不是真的這樣說呢
[00:09:22.280 --> 00:09:26.440]  蛇似乎是帶著一種邀請
[00:09:26.440 --> 00:09:29.000]  一種好像很好奇
[00:09:29.000 --> 00:09:32.040]  挑動你的好奇心
[00:09:32.040 --> 00:09:37.720]  邀請你去想去懷疑神說的話
[00:09:37.720 --> 00:09:40.680]  你也會看到他很熟悉神
[00:09:40.680 --> 00:09:41.800]  連神跟女人
[00:09:41.800 --> 00:09:45.160]  跟阿當說過什麼他都知道
[00:09:45.160 --> 00:09:48.840]  他很熟悉
[00:09:48.840 --> 00:09:52.680]  你會看到他一開始沒有質疑神
[00:09:52.680 --> 00:09:57.080]  他沒有說神說這樣這樣
[00:09:57.080 --> 00:09:58.520]  他真是壞了
[00:09:58.520 --> 00:09:59.880]  他沒有這樣說
[00:09:59.880 --> 00:10:03.160]  他沒有直接跟女人說神是不好的
[00:10:03.160 --> 00:10:04.680]  神對你多差
[00:10:04.680 --> 00:10:06.200]  他沒有這樣說
[00:10:06.200 --> 00:10:10.680]  而是他提出一種懷疑
[00:10:10.680 --> 00:10:15.800]  在人的心裏製造一些猜測
[00:10:15.800 --> 00:10:18.840]  德國神學家潘霍華指出
[00:10:18.840 --> 00:10:22.840]  蛇在園中談論神的時候
[00:10:22.840 --> 00:10:25.640]  他不是向神傾心吐意
[00:10:25.640 --> 00:10:28.440]  他是談論神
[00:10:28.440 --> 00:10:31.000]  他只是談論神
[00:10:31.000 --> 00:10:33.160]  他沒有渴望親近神
[00:10:33.160 --> 00:10:35.960]  他很熟悉神的話
[00:10:35.960 --> 00:10:38.200]  我們要留心
[00:10:38.200 --> 00:10:43.640]  原來當我們很認真地談論神
[00:10:43.640 --> 00:10:47.640]  我們很清楚神的話的時候
[00:10:47.640 --> 00:10:50.920]  但如果我們沒有親近神
[00:10:50.920 --> 00:10:52.760]  學沒有親近神
[00:10:52.760 --> 00:10:54.520]  學沒有信服神
[00:10:54.520 --> 00:10:57.240]  都是一件很危險的事
[00:10:57.240 --> 00:10:59.560]  今天有人說
[00:10:59.560 --> 00:11:00.840]  在世界各地
[00:11:00.840 --> 00:11:03.240]  在世界上有哪一個地方
[00:11:03.240 --> 00:11:07.640]  裏面的人是最懂得談論神的呢?
[00:11:07.640 --> 00:11:10.280]  豈不是在教會裏面嗎?
[00:11:10.280 --> 00:11:12.680]  我們豈不是最熟
[00:11:12.680 --> 00:11:14.840]  應該是最熟悉聖經
[00:11:14.840 --> 00:11:16.600]  最懂得神的話
[00:11:16.600 --> 00:11:19.640]  最會談論神的人嗎?
[00:11:19.640 --> 00:11:21.320]  求主幫助我們
[00:11:21.320 --> 00:11:25.240]  我們不要成為一個只懂得談論神
[00:11:25.240 --> 00:11:27.160]  很熟悉祂的話
[00:11:27.160 --> 00:11:29.080]  很懂得拿祂的話出來說
[00:11:29.080 --> 00:11:34.920]  但卻沒有一份渴望親近和信服的心
[00:11:34.920 --> 00:11:38.440]  這是蛇
[00:11:38.440 --> 00:11:41.960]  蛇談論神的動機
[00:11:41.960 --> 00:11:42.760]  我們當然
[00:11:42.760 --> 00:11:44.680]  因為我們從讀者
[00:11:44.680 --> 00:11:45.800]  我們現在是讀者
[00:11:45.800 --> 00:11:47.000]  作者一開始告訴我們
[00:11:47.000 --> 00:11:49.560]  祂是假話
[00:11:49.560 --> 00:11:52.120]  但當時的女人相信
[00:11:52.120 --> 00:11:55.640]  還未知道祂是假話
[00:11:55.640 --> 00:11:58.360]  當女人回覆蛇的時候
[00:11:58.360 --> 00:11:59.560]  就說
[00:11:59.560 --> 00:12:01.560]  圓中樹上所有的果子
[00:12:01.560 --> 00:12:03.480]  我們都可以吃的
[00:12:03.480 --> 00:12:06.120]  只是圓裏面那一棵
[00:12:06.120 --> 00:12:08.280]  神說不要吃
[00:12:08.280 --> 00:12:10.360]  還多加了一些東西
[00:12:10.360 --> 00:12:11.320]  不要碰
[00:12:11.320 --> 00:12:13.240]  不要摸
[00:12:13.240 --> 00:12:15.560]  免得你們死
[00:12:15.560 --> 00:12:17.880]  其實女人都很小心
[00:12:17.880 --> 00:12:19.560]  神說不可以吃
[00:12:19.560 --> 00:12:23.560]  她自己幫自己多圍一些圍欄
[00:12:23.560 --> 00:12:25.400]  摸都不要摸
[00:12:25.400 --> 00:12:27.240]  很危險的
[00:12:27.240 --> 00:12:29.480]  她知道結局是怎樣的嗎
[00:12:29.480 --> 00:12:30.840]  她知道
[00:12:30.840 --> 00:12:31.560]  很清楚
[00:12:31.560 --> 00:12:33.960]  就是會死
[00:12:33.960 --> 00:12:37.080]  她知道結局是這樣的
[00:12:37.080 --> 00:12:42.280]  當女人回答蛇的時候
[00:12:42.280 --> 00:12:44.600]  她似乎都說出了
[00:12:44.600 --> 00:12:47.560]  神很大方的
[00:12:47.560 --> 00:12:51.080]  神都給我們吃
[00:12:51.080 --> 00:12:53.800]  不過那棵不能吃
[00:12:53.800 --> 00:12:55.320]  其實她都說出了
[00:12:55.320 --> 00:12:58.200]  在眾多的自由裏面
[00:12:58.200 --> 00:13:01.640]  唯一的規限
[00:13:01.640 --> 00:13:03.080]  上星期我們有說到
[00:13:03.080 --> 00:13:05.000]  今時今日我們活在這個世界
[00:13:05.000 --> 00:13:06.440]  很多法例
[00:13:06.440 --> 00:13:08.600]  很多規條我們要守
[00:13:08.600 --> 00:13:11.000]  有家規 有校規 有法律
[00:13:11.000 --> 00:13:12.120]  很多規矩
[00:13:12.120 --> 00:13:15.080]  但昔日在這些原子只有一條
[00:13:15.080 --> 00:13:15.720]  一條
[00:13:15.720 --> 00:13:17.560]  我們覺得很容易守
[00:13:17.560 --> 00:13:19.640]  應該很容易守
[00:13:19.640 --> 00:13:21.720]  不用你記那麼多東西
[00:13:21.720 --> 00:13:24.600]  不用怕超速
[00:13:24.600 --> 00:13:25.800]  一條
[00:13:25.800 --> 00:13:27.400]  就是這一條
[00:13:27.400 --> 00:13:31.640]  眾多自由裏面唯一的限制
[00:13:31.640 --> 00:13:37.000]  但似乎女人開始在這裏
[00:13:37.000 --> 00:13:38.520]  回答蛇的時候
[00:13:38.520 --> 00:13:42.280]  她已經生出一些懷疑
[00:13:42.280 --> 00:13:44.520]  是呀 樣樣都可以吃
[00:13:44.520 --> 00:13:47.640]  不過就是那棵不能吃
[00:13:47.640 --> 00:13:48.760]  摸都不能摸
[00:13:48.760 --> 00:13:51.080]  會死的
[00:13:51.080 --> 00:13:54.200]  於是蛇跟女人說
[00:13:54.200 --> 00:13:57.400]  你們不一定死
[00:13:57.400 --> 00:13:59.640]  不一定死
[00:13:59.640 --> 00:14:02.680]  這個是在中文的譯本
[00:14:02.680 --> 00:14:04.200]  不一定死
[00:14:04.200 --> 00:14:07.320]  不過如果我們回去翻查原來的文字
[00:14:07.320 --> 00:14:08.920]  或者不一定要原來的文字
[00:14:08.920 --> 00:14:10.360]  有中文的另外一些譯本
[00:14:10.360 --> 00:14:11.720]  或者英文譯本
[00:14:11.720 --> 00:14:14.200]  都譯出了原來的意思
[00:14:14.200 --> 00:14:16.920]  原來的意思在呂鎮忠譯本裏面
[00:14:16.920 --> 00:14:18.040]  蛇對女人說
[00:14:18.040 --> 00:14:21.400]  你一定不會死
[00:14:21.400 --> 00:14:23.480]  有沒有少少不同呢
[00:14:23.480 --> 00:14:25.240]  都不是少少
[00:14:25.240 --> 00:14:26.760]  再看真一點
[00:14:26.760 --> 00:14:29.480]  你們不一定死
[00:14:29.480 --> 00:14:33.080]  和你一定不會死
[00:14:33.080 --> 00:14:34.840]  是不是有點不同
[00:14:34.840 --> 00:14:36.920]  原來的意思是這樣
[00:14:36.920 --> 00:14:40.680]  原來的意思是蛇跟女人說
[00:14:40.680 --> 00:14:43.960]  你一定不會死
[00:14:43.960 --> 00:14:45.560]  神是怎樣吩咐的話
[00:14:45.560 --> 00:14:47.160]  如果我們記得二章的時候
[00:14:47.160 --> 00:14:48.920]  神是吩咐說
[00:14:48.920 --> 00:14:54.200]  你吃的日子 必定死
[00:14:54.200 --> 00:14:57.480]  神說 必定死
[00:14:57.480 --> 00:15:01.400]  蛇說 一定不會死
[00:15:01.400 --> 00:15:05.880]  你會發現從提出一些質疑
[00:15:05.880 --> 00:15:08.280]  提出一些懷疑
[00:15:08.280 --> 00:15:13.720]  初初是引起一些懷疑的心
[00:15:13.720 --> 00:15:17.480]  慢慢弱化神的一些警告
[00:15:17.480 --> 00:15:20.840]  到最終他是用幾乎完全對立的方式
[00:15:20.840 --> 00:15:23.480]  來說神的話
[00:15:23.480 --> 00:15:25.640]  最終只有一個地步
[00:15:25.640 --> 00:15:26.840]  就是試探人
[00:15:26.840 --> 00:15:28.680]  試探到一個地步
[00:15:28.680 --> 00:15:31.240]  要讓人遠離神
[00:15:31.240 --> 00:15:32.760]  所以從三章一節
[00:15:32.760 --> 00:15:35.480]  只是帶著一些疑問式的試探
[00:15:35.480 --> 00:15:37.160]  去到三章四節
[00:15:37.160 --> 00:15:40.040]  是一個完全的否定
[00:15:40.040 --> 00:15:41.880]  我們會看到
[00:15:41.880 --> 00:15:45.400]  蛇引誘人是一個路徑
[00:15:45.400 --> 00:15:48.760]  他不是一開始就告訴你神對你有多壞
[00:15:48.760 --> 00:15:50.520]  神對你多不好
[00:15:50.520 --> 00:15:52.760]  叫你心生不滿
[00:15:52.760 --> 00:15:55.800]  而是一開始在你裏面有一些攪動
[00:15:55.800 --> 00:15:57.400]  一些扭曲
[00:15:57.400 --> 00:15:59.320]  慢慢削弱
[00:15:59.320 --> 00:16:01.640]  到最終用他的話
[00:16:01.640 --> 00:16:04.840]  取代了神的話
[00:16:04.840 --> 00:16:07.320]  於是他用很熟悉的口吻
[00:16:07.320 --> 00:16:09.720]  好像很熟悉神一樣
[00:16:09.720 --> 00:16:11.880]  跟女人說
[00:16:11.880 --> 00:16:14.840]  你知不知道為什麼他不給你吃
[00:16:14.840 --> 00:16:17.720]  因為神知道
[00:16:17.720 --> 00:16:20.600]  你吃的日子眼睛就開了
[00:16:20.600 --> 00:16:22.840]  你就會好像神一樣
[00:16:22.840 --> 00:16:25.080]  知道善惡
[00:16:25.080 --> 00:16:27.080]  很熟悉神吧
[00:16:27.080 --> 00:16:29.560]  很認識神
[00:16:29.560 --> 00:16:31.240]  經常看起來
[00:16:31.240 --> 00:16:33.800]  真的很知道神的心意
[00:16:33.800 --> 00:16:35.720]  告訴別人
[00:16:35.720 --> 00:16:37.720]  吃了你就會好像神一樣
[00:16:37.720 --> 00:16:39.960]  知道善惡
[00:16:39.960 --> 00:16:41.480]  來到這裏
[00:16:41.480 --> 00:16:42.520]  我都想問一下大家
[00:16:42.520 --> 00:16:49.480]  你們覺得自己是一個懂不懂得分辨善惡的人呢?
[00:16:49.480 --> 00:16:51.240]  懂不懂得啊?
[00:16:51.240 --> 00:16:52.760]  很猶豫啊
[00:16:52.760 --> 00:16:54.280]  很想說我懂
[00:16:54.280 --> 00:16:59.160]  但這裏又好像說懂是一件不好的事
[00:16:59.160 --> 00:17:03.000]  是啊 你懂不懂得分辨善惡
[00:17:03.000 --> 00:17:07.080]  明明懂得分辨善惡是一件好事來的
[00:17:07.080 --> 00:17:09.080]  不是我們如果有下一代
[00:17:09.080 --> 00:17:10.040]  我們教小朋友
[00:17:10.040 --> 00:17:12.600]  我們都教他們要懂得分辨是非
[00:17:12.600 --> 00:17:14.600]  要知道對錯
[00:17:14.600 --> 00:17:17.400]  我們都是這樣教的
[00:17:17.400 --> 00:17:19.640]  分辨善惡不好嗎?
[00:17:19.640 --> 00:17:21.560]  有什麼不好?
[00:17:21.560 --> 00:17:24.920]  是好事來的
[00:17:24.920 --> 00:17:26.920]  你就好像神一樣
[00:17:26.920 --> 00:17:29.400]  知道善惡
[00:17:29.400 --> 00:17:32.440]  這件事好像很吸引
[00:17:32.440 --> 00:17:34.760]  其實男人和女人
[00:17:34.760 --> 00:17:38.440]  當時是否真的不知道什麼是善惡呢?
[00:17:38.440 --> 00:17:41.000]  是否真的不懂得分辨呢?
[00:17:41.000 --> 00:17:42.760]  我想他們不是
[00:17:42.760 --> 00:17:47.080]  其實他們某程度上已經知道怎樣分辨善惡
[00:17:47.080 --> 00:17:50.120]  在昔日的伊甸園很簡單
[00:17:50.120 --> 00:17:52.600]  信福神為善
[00:17:52.600 --> 00:17:55.560]  搏逆神為惡
[00:17:55.560 --> 00:17:59.560]  所有園中的果子可以任意吃
[00:17:59.560 --> 00:18:02.120]  你可以很自在地在這個園裏
[00:18:02.120 --> 00:18:04.120]  只有一條規限
[00:18:04.120 --> 00:18:09.880]  就是那棵生命樹的果子你不要吃
[00:18:09.880 --> 00:18:11.880]  是否很簡單呢?
[00:18:11.880 --> 00:18:13.880]  你只要信服這一條
[00:18:13.880 --> 00:18:16.280]  就是善的
[00:18:16.280 --> 00:18:19.560]  違反就是惡的
[00:18:19.560 --> 00:18:22.760]  他們懂得分辨善惡
[00:18:22.760 --> 00:18:25.960]  但似乎蛇在吸引他們的
[00:18:25.960 --> 00:18:29.960]  不只是單單這一種知道善惡
[00:18:29.960 --> 00:18:32.280]  蛇在說的是
[00:18:32.280 --> 00:18:34.840]  你有判斷力
[00:18:34.840 --> 00:18:39.960]  甚至乎那個判斷力可以審判一切
[00:18:39.960 --> 00:18:46.600]  似乎蛇在說你就可以像神一樣審判這個世界
[00:18:46.600 --> 00:18:48.600]  在原來文字「知道善惡」
[00:18:48.600 --> 00:18:51.880]  這個「知道」是有揀選的意思
[00:18:51.880 --> 00:18:54.520]  做選擇的意思
[00:18:54.520 --> 00:18:57.480]  它似乎是在說給人聽
[00:18:57.480 --> 00:19:00.200]  你是可以按著你自己的心意
[00:19:00.200 --> 00:19:04.040]  你認為的善惡、你認為的是非黑白
[00:19:04.040 --> 00:19:06.040]  去做你一切的決定
[00:19:06.040 --> 00:19:08.840]  你是可以有自己的選擇
[00:19:08.840 --> 00:19:10.840]  你不用信服神
[00:19:10.840 --> 00:19:13.880]  其實這個是背後的潛台詞
[00:19:13.880 --> 00:19:15.880]  我們今天說的
[00:19:15.880 --> 00:19:17.880]  它裏面暗示的是
[00:19:17.880 --> 00:19:19.880]  你就像神一樣知道善惡
[00:19:19.880 --> 00:19:21.880]  後面那句其實就是
[00:19:21.880 --> 00:19:23.880]  你可以不用跟從神
[00:19:23.880 --> 00:19:25.880]  你可以自己審判
[00:19:25.880 --> 00:19:27.880]  你可以自己話事
[00:19:27.880 --> 00:19:29.880]  你可以自己做主
[00:19:29.880 --> 00:19:31.880]  吸不吸引呢?
[00:19:31.880 --> 00:19:33.880]  很吸引吧?
[00:19:33.880 --> 00:19:35.880]  是
[00:19:35.880 --> 00:19:37.880]  於是
[00:19:37.880 --> 00:19:41.880]  女人看著那棵樹
[00:19:41.880 --> 00:19:43.880]  應該真的很吸引
[00:19:43.880 --> 00:19:45.880]  應該真的很吸引
[00:19:45.880 --> 00:19:47.880]  那棵樹聖經形容
[00:19:47.880 --> 00:19:49.880]  它好作食物
[00:19:49.880 --> 00:19:51.880]  悅人眼目
[00:19:51.880 --> 00:19:53.880]  令人喜愛
[00:19:53.880 --> 00:19:55.880]  使人有智慧
[00:19:55.880 --> 00:19:57.880]  一棵這樣的樹
[00:19:57.880 --> 00:20:01.880]  聖經用這麼多形容詞來形容
[00:20:01.880 --> 00:20:03.880]  我相信
[00:20:03.880 --> 00:20:05.880]  不是一個幻覺
[00:20:05.880 --> 00:20:07.880]  當時女人看到那棵樹
[00:20:07.880 --> 00:20:09.880]  不是經常迷惑她的眼睛
[00:20:09.880 --> 00:20:11.880]  令她覺得它好看一點
[00:20:11.880 --> 00:20:13.880]  應該不是
[00:20:13.880 --> 00:20:15.880]  而是她真正地看到
[00:20:15.880 --> 00:20:17.880]  真的覺得很好
[00:20:17.880 --> 00:20:19.880]  很好
[00:20:19.880 --> 00:20:21.880]  在實用性來說很好
[00:20:21.880 --> 00:20:23.880]  為什麼?
[00:20:23.880 --> 00:20:25.880]  好作食物
[00:20:25.880 --> 00:20:27.880]  可以滿足我的胃口
[00:20:27.880 --> 00:20:29.880]  悅人眼目
[00:20:29.880 --> 00:20:31.880]  看起來好漂亮
[00:20:31.880 --> 00:20:33.880]  令人舒暢
[00:20:33.880 --> 00:20:35.880]  令人喜愛
[00:20:35.880 --> 00:20:37.880]  心情好愉快
[00:20:37.880 --> 00:20:39.880]  最重要是什麼?
[00:20:39.880 --> 00:20:41.880]  有果效的食物
[00:20:41.880 --> 00:20:43.880]  使人有智慧
[00:20:43.880 --> 00:20:45.880]  她全部看到的
[00:20:45.880 --> 00:20:47.880]  都是真的
[00:20:47.880 --> 00:20:49.880]  我不知道果子是怎樣的
[00:20:49.880 --> 00:20:51.880]  今天如果有機會
[00:20:51.880 --> 00:20:53.880]  回到這邊緣
[00:20:53.880 --> 00:20:55.880]  好看成怎樣
[00:20:55.880 --> 00:20:57.880]  這麼吸引
[00:20:57.880 --> 00:20:59.880]  不過,弟兄姊妹
[00:20:59.880 --> 00:21:01.880]  多悅人眼目
[00:21:01.880 --> 00:21:03.880]  多好作食物
[00:21:03.880 --> 00:21:05.880]  多令人喜愛
[00:21:05.880 --> 00:21:07.880]  吃了令你多有智慧
[00:21:07.880 --> 00:21:09.880]  都不關你的事
[00:21:09.880 --> 00:21:11.880]  都不關你的事
[00:21:11.880 --> 00:21:13.880]  因為
[00:21:13.880 --> 00:21:15.880]  神已經立了誡命
[00:21:15.880 --> 00:21:17.880]  不可以吃
[00:21:17.880 --> 00:21:19.880]  今天
[00:21:19.880 --> 00:21:21.880]  這個世界有很多東西
[00:21:21.880 --> 00:21:23.880]  好作食物
[00:21:23.880 --> 00:21:25.880]  悅人眼目
[00:21:25.880 --> 00:21:27.880]  令人喜愛
[00:21:27.880 --> 00:21:29.880]  使我們有智慧
[00:21:29.880 --> 00:21:31.880]  這個世界
[00:21:31.880 --> 00:21:33.880]  這個世俗好多東西
[00:21:33.880 --> 00:21:35.880]  都好吸引
[00:21:35.880 --> 00:21:37.880]  這個世界
[00:21:37.880 --> 00:21:39.880]  每一天都告訴我們
[00:21:39.880 --> 00:21:41.880]  跟從神
[00:21:41.880 --> 00:21:43.880]  是好多掙扎
[00:21:43.880 --> 00:21:45.880]  外面的世界
[00:21:45.880 --> 00:21:47.880]  容易些
[00:21:49.880 --> 00:21:51.880]  選了那些
[00:21:51.880 --> 00:21:53.880]  舒服些
[00:21:53.880 --> 00:21:55.880]  好吸引
[00:21:55.880 --> 00:21:57.880]  不過
[00:21:57.880 --> 00:21:59.880]  今天對我們作為信徒
[00:21:59.880 --> 00:22:01.880]  來說
[00:22:01.880 --> 00:22:03.880]  外面世界世俗的一切
[00:22:03.880 --> 00:22:05.880]  多吸引
[00:22:05.880 --> 00:22:07.880]  應該跟我們無關
[00:22:07.880 --> 00:22:09.880]  因為神下了誡命
[00:22:09.880 --> 00:22:11.880]  我們要遵守
[00:22:11.880 --> 00:22:13.880]  我們要謹守
[00:22:13.880 --> 00:22:15.880]  遵行祂的吩咐
[00:22:15.880 --> 00:22:17.880]  應該是這樣
[00:22:17.880 --> 00:22:19.880]  所以無論果子有幾好
[00:22:19.880 --> 00:22:21.880]  棵樹有幾靚
[00:22:21.880 --> 00:22:25.880]  原來當人對神
[00:22:25.880 --> 00:22:27.880]  開始有懷疑
[00:22:27.880 --> 00:22:29.880]  開始有不滿
[00:22:29.880 --> 00:22:31.880]  我們開始不滿足
[00:22:31.880 --> 00:22:33.880]  於神這一刻
[00:22:33.880 --> 00:22:35.880]  給我們的東西
[00:22:35.880 --> 00:22:37.880]  我們開始不滿意
[00:22:37.880 --> 00:22:39.880]  神為我安排的際遇
[00:22:39.880 --> 00:22:43.880]  我們開始懷疑神
[00:22:43.880 --> 00:22:45.880]  不足夠滿足我的需要
[00:22:45.880 --> 00:22:47.880]  人就會開始
[00:22:47.880 --> 00:22:49.880]  任意而行
[00:22:49.880 --> 00:22:53.880]  有些際遇我們不喜歡
[00:22:53.880 --> 00:22:55.880]  有些東西
[00:22:55.880 --> 00:22:57.880]  我們想擁有
[00:22:57.880 --> 00:22:59.880]  但偏偏我們就是遇見那些
[00:22:59.880 --> 00:23:01.880]  我們不喜歡的事
[00:23:01.880 --> 00:23:03.880]  偏偏我們想擁有的就是沒有得到
[00:23:03.880 --> 00:23:05.880]  我們就總是覺得
[00:23:05.880 --> 00:23:07.880]  神未夠滿足我
[00:23:07.880 --> 00:23:11.880]  保羅在羅馬書說
[00:23:11.880 --> 00:23:13.880]  當人
[00:23:13.880 --> 00:23:15.880]  以孤行要犯罪的時候
[00:23:15.880 --> 00:23:17.880]  他不是不知道有神
[00:23:17.880 --> 00:23:19.880]  而是
[00:23:19.880 --> 00:23:21.880]  雖然知道神
[00:23:21.880 --> 00:23:23.880]  但卻不將祂當神
[00:23:23.880 --> 00:23:25.880]  榮耀祂
[00:23:25.880 --> 00:23:27.880]  不感謝祂
[00:23:27.880 --> 00:23:29.880]  他們就會思想變為虛妄
[00:23:29.880 --> 00:23:31.880]  無知的心就昏暗了
[00:23:31.880 --> 00:23:33.880]  所以今天
[00:23:33.880 --> 00:23:35.880]  我相信我們不是不知道有神
[00:23:35.880 --> 00:23:39.880]  不是不知道神在
[00:23:39.880 --> 00:23:41.880]  而是
[00:23:41.880 --> 00:23:43.880]  我們自己
[00:23:43.880 --> 00:23:45.880]  有時會不會
[00:23:45.880 --> 00:23:47.880]  都被我們
[00:23:47.880 --> 00:23:49.880]  自己一些不想處理
[00:23:49.880 --> 00:23:51.880]  不想面對
[00:23:51.880 --> 00:23:53.880]  不想反省
[00:23:53.880 --> 00:23:55.880]  不想克服的事情
[00:23:55.880 --> 00:23:57.880]  掩蓋了
[00:23:57.880 --> 00:23:59.880]  神在我們
[00:23:59.880 --> 00:24:01.880]  心目中應該有的榮耀
[00:24:01.880 --> 00:24:03.880]  我們應該怎樣感謝祂呢?
[00:24:03.880 --> 00:24:07.880]  一切的罪
[00:24:07.880 --> 00:24:09.880]  好像
[00:24:09.880 --> 00:24:11.880]  不知不去
[00:24:11.880 --> 00:24:13.880]  不是因為我們沒有好好
[00:24:13.880 --> 00:24:15.880]  管著自己
[00:24:15.880 --> 00:24:17.880]  有時是因為我們沒有好好將神
[00:24:17.880 --> 00:24:19.880]  當成神
[00:24:19.880 --> 00:24:21.880]  在我們心目中的位置
[00:24:21.880 --> 00:24:23.880]  沒有好好將神當成神
[00:24:23.880 --> 00:24:25.880]  擺在我們生命中最重要的位置
[00:24:25.880 --> 00:24:27.880]  以致我們
[00:24:27.880 --> 00:24:29.880]  不懂得感謝祂
[00:24:29.880 --> 00:24:31.880]  不懂得怎樣榮耀祂的時候
[00:24:31.880 --> 00:24:33.880]  我們只是努力
[00:24:33.880 --> 00:24:35.880]  嘗試控制自己
[00:24:35.880 --> 00:24:37.880]  不犯罪,但我們卻又跌倒
[00:24:39.880 --> 00:24:41.880]  如果我們將神
[00:24:41.880 --> 00:24:43.880]  擺在正確的位置
[00:24:43.880 --> 00:24:45.880]  在我們生命中最重要的位置
[00:24:45.880 --> 00:24:47.880]  我們這個支離破碎的生命
[00:24:47.880 --> 00:24:49.880]  才可以回到正軌
[00:24:49.880 --> 00:24:51.880]  所以如果今天
[00:24:51.880 --> 00:24:53.880]  我們努力控制自己
[00:24:53.880 --> 00:24:55.880]  不犯罪
[00:24:55.880 --> 00:24:57.880]  我發現很困難
[00:24:57.880 --> 00:24:59.880]  相反
[00:24:59.880 --> 00:25:01.880]  你追求的不是不犯罪
[00:25:01.880 --> 00:25:03.880]  小心點,謹慎點
[00:25:03.880 --> 00:25:05.880]  而是你要追求有神的同在
[00:25:07.880 --> 00:25:09.880]  請問我們自己
[00:25:09.880 --> 00:25:11.880]  我們每一天是怎樣追求神與我們同在?
[00:25:11.880 --> 00:25:15.880]  我們是怎樣渴慕親近這位神?
[00:25:15.880 --> 00:25:17.880]  我們是怎樣將我們
[00:25:17.880 --> 00:25:19.880]  心中的王位讓出來
[00:25:19.880 --> 00:25:21.880]  讓神來掌管?
[00:25:21.880 --> 00:25:23.880]  唯有追求神的同在
[00:25:23.880 --> 00:25:25.880]  每一天
[00:25:25.880 --> 00:25:27.880]  讓神來掌管你的生命
[00:25:27.880 --> 00:25:29.880]  我們才能夠
[00:25:29.880 --> 00:25:31.880]  不跌落網羅
[00:25:31.880 --> 00:25:35.880]  我們會看到
[00:25:35.880 --> 00:25:37.880]  我們覺得
[00:25:37.880 --> 00:25:39.880]  圓中樹上所有的
[00:25:39.880 --> 00:25:41.880]  都不夠好
[00:25:41.880 --> 00:25:43.880]  因為欠缺一棵
[00:25:43.880 --> 00:25:45.880]  就是那一棵
[00:25:45.880 --> 00:25:47.880]  不夠好
[00:25:47.880 --> 00:25:49.880]  他開始不滿足於單單擁有神
[00:25:49.880 --> 00:25:51.880]  單單沒有在原子裏
[00:25:51.880 --> 00:25:53.880]  享受神的供應
[00:25:53.880 --> 00:25:55.880]  他開始被他的私慾
[00:25:55.880 --> 00:25:57.880]  引牽
[00:25:57.880 --> 00:25:59.880]  他吃了
[00:25:59.880 --> 00:26:01.880]  吃了那個果子
[00:26:03.880 --> 00:26:05.880]  智異人眼睛就開了
[00:26:05.880 --> 00:26:07.880]  知道自己赤身露體
[00:26:07.880 --> 00:26:11.880]  他們就偏食無花果樹的葉子
[00:26:11.880 --> 00:26:15.880]  為自己造成裙子
[00:26:15.880 --> 00:26:19.880]  他們摘下那個果子來
[00:26:19.880 --> 00:26:21.880]  自己吃
[00:26:21.880 --> 00:26:23.880]  還給身邊的人吃
[00:26:23.880 --> 00:26:25.880]  不過今天不要賴女人
[00:26:25.880 --> 00:26:27.880]  不要賴她
[00:26:27.880 --> 00:26:29.880]  其實她自己也很想吃
[00:26:29.880 --> 00:26:31.880]  她才會吃
[00:26:31.880 --> 00:26:33.880]  如果我們仔細查考聖經
[00:26:33.880 --> 00:26:35.880]  我們相信
[00:26:35.880 --> 00:26:37.880]  其實阿當不是不知情
[00:26:37.880 --> 00:26:39.880]  他是看著
[00:26:39.880 --> 00:26:41.880]  女人被蛇引誘
[00:26:41.880 --> 00:26:43.880]  所以他們一同選擇了
[00:26:43.880 --> 00:26:45.880]  吃
[00:26:45.880 --> 00:26:47.880]  智異人眼睛就明亮了
[00:26:47.880 --> 00:26:49.880]  開了
[00:26:49.880 --> 00:26:51.880]  剛才蛇是說
[00:26:51.880 --> 00:26:53.880]  因為神知道你們吃就會
[00:26:53.880 --> 00:26:55.880]  眼睛明亮
[00:26:55.880 --> 00:26:57.880]  如神能夠知道善惡
[00:26:57.880 --> 00:26:59.880]  確實真的是
[00:26:59.880 --> 00:27:01.880]  智異人眼睛就開了
[00:27:01.880 --> 00:27:03.880]  蛇說的話好像沒有錯
[00:27:03.880 --> 00:27:05.880]  眼睛真的開了
[00:27:05.880 --> 00:27:07.880]  不過
[00:27:07.880 --> 00:27:09.880]  是不是如神一樣能知道善惡呢?
[00:27:09.880 --> 00:27:11.880]  似乎不是
[00:27:11.880 --> 00:27:15.880]  聖經說
[00:27:15.880 --> 00:27:17.880]  智異人眼睛開了
[00:27:17.880 --> 00:27:19.880]  但知道的是原來自己赤身露體
[00:27:19.880 --> 00:27:23.880]  蛇之前告訴人
[00:27:23.880 --> 00:27:25.880]  你會如神知道善惡
[00:27:27.880 --> 00:27:29.880]  但結果不是
[00:27:29.880 --> 00:27:31.880]  結果是知道自己赤身露體
[00:27:31.880 --> 00:27:35.880]  我們剛才有說過
[00:27:35.880 --> 00:27:37.880]  赤身露體原來的文字
[00:27:37.880 --> 00:27:39.880]  和哪個字相似呢?
[00:27:39.880 --> 00:27:41.880]  狡猾
[00:27:41.880 --> 00:27:45.880]  原來當人
[00:27:45.880 --> 00:27:47.880]  吃了果子之後
[00:27:47.880 --> 00:27:49.880]  不是如神一樣知道善惡
[00:27:49.880 --> 00:27:53.880]  而是發現
[00:27:53.880 --> 00:27:55.880]  原來自己與蛇相似
[00:27:57.880 --> 00:27:59.880]  很諷刺
[00:27:59.880 --> 00:28:01.880]  當人以為能夠
[00:28:01.880 --> 00:28:03.880]  如神一樣
[00:28:03.880 --> 00:28:05.880]  卻最終是發現
[00:28:05.880 --> 00:28:07.880]  自己只不過
[00:28:07.880 --> 00:28:09.880]  如蛇一樣
[00:28:09.880 --> 00:28:13.880]  當果子吃下去那一刻
[00:28:13.880 --> 00:28:15.880]  鑄成了大錯了
[00:28:15.880 --> 00:28:17.880]  恨錯
[00:28:17.880 --> 00:28:19.880]  是不是難返呢?
[00:28:19.880 --> 00:28:23.880]  天起了涼風
[00:28:23.880 --> 00:28:25.880]  吃了果子之後
[00:28:25.880 --> 00:28:27.880]  那個人和妻子
[00:28:27.880 --> 00:28:29.880]  聽到神在園裏
[00:28:29.880 --> 00:28:31.880]  來回行走的聲音
[00:28:31.880 --> 00:28:33.880]  就躲起來
[00:28:33.880 --> 00:28:35.880]  藏在園的樹木裏
[00:28:35.880 --> 00:28:37.880]  想躲避神
[00:28:37.880 --> 00:28:39.880]  神就呼喚他
[00:28:39.880 --> 00:28:41.880]  你在哪裏?
[00:28:41.880 --> 00:28:43.880]  你們在哪裏?
[00:28:43.880 --> 00:28:47.880]  神沒有嚴厲的責備
[00:28:47.880 --> 00:28:51.880]  你們給我滾出來
[00:28:51.880 --> 00:28:53.880]  沒有
[00:28:55.880 --> 00:28:57.880]  神似乎是
[00:28:57.880 --> 00:28:59.880]  好像一個爸爸媽媽
[00:28:59.880 --> 00:29:01.880]  早就知道一個犯錯的孩子
[00:29:01.880 --> 00:29:03.880]  躲在被窩裏
[00:29:03.880 --> 00:29:05.880]  還以為爸爸媽媽找不到他
[00:29:05.880 --> 00:29:09.880]  爸爸媽媽早就看到他在那裏
[00:29:09.880 --> 00:29:13.880]  就問他
[00:29:13.880 --> 00:29:15.880]  你躲在那裏幹什麼?
[00:29:15.880 --> 00:29:17.880]  神問你在哪裏?
[00:29:17.880 --> 00:29:21.880]  這很明顯不是一個真正的問題
[00:29:21.880 --> 00:29:23.880]  神怎會不知道
[00:29:23.880 --> 00:29:25.880]  他們躲在哪裏呢?
[00:29:25.880 --> 00:29:27.880]  何必問你在哪裏呢?
[00:29:27.880 --> 00:29:29.880]  從這裏我們看到
[00:29:29.880 --> 00:29:33.880]  即使我們躲起來
[00:29:33.880 --> 00:29:35.880]  神是主動尋找我們
[00:29:35.880 --> 00:29:39.880]  神是主動來找人
[00:29:39.880 --> 00:29:43.880]  你幻想一下
[00:29:43.880 --> 00:29:45.880]  如果神沒有問這一句
[00:29:45.880 --> 00:29:47.880]  他們要躲多久?
[00:29:47.880 --> 00:29:49.880]  要躲很久
[00:29:49.880 --> 00:29:51.880]  蹲下來也會很累
[00:29:53.880 --> 00:29:55.880]  寒風有凍
[00:29:55.880 --> 00:29:57.880]  躲在樹林裏
[00:29:57.880 --> 00:29:59.880]  多辛苦呢?
[00:29:59.880 --> 00:30:01.880]  上帝知道
[00:30:01.880 --> 00:30:03.880]  上帝主動去尋找人
[00:30:03.880 --> 00:30:07.880]  每當人犯錯
[00:30:07.880 --> 00:30:09.880]  總是這樣
[00:30:09.880 --> 00:30:11.880]  我們都會很想找地方躲
[00:30:11.880 --> 00:30:13.880]  我相信沒有哪一個
[00:30:13.880 --> 00:30:15.880]  當自己犯了罪、犯了錯
[00:30:15.880 --> 00:30:17.880]  會開咪公開宣告
[00:30:17.880 --> 00:30:19.880]  我有罪了
[00:30:19.880 --> 00:30:21.880]  我們總是想躲避
[00:30:21.880 --> 00:30:23.880]  想躲起來
[00:30:23.880 --> 00:30:25.880]  想不要被人發現
[00:30:25.880 --> 00:30:27.880]  我們想躲藏
[00:30:27.880 --> 00:30:29.880]  但我們遮得過人
[00:30:29.880 --> 00:30:31.880]  遮得過這個世界
[00:30:31.880 --> 00:30:33.880]  卻遮不住神見到我們
[00:30:33.880 --> 00:30:37.880]  今天詩歌
[00:30:37.880 --> 00:30:39.880]  詩篇都是這樣說
[00:30:39.880 --> 00:30:43.880]  你可以去哪裏躲避呢?
[00:30:43.880 --> 00:30:45.880]  你可以去哪裏躲避神的靈呢?
[00:30:45.880 --> 00:30:49.880]  你可以去哪裏躲避神的面呢?
[00:30:49.880 --> 00:30:51.880]  沒有
[00:30:51.880 --> 00:30:53.880]  即使你跑得很快
[00:30:53.880 --> 00:30:55.880]  你仍然會在神的眼前
[00:30:55.880 --> 00:30:57.880]  你仍然會在神的眼前
[00:30:57.880 --> 00:30:59.880]  神無所不知
[00:30:59.880 --> 00:31:01.880]  神只是想知道
[00:31:01.880 --> 00:31:03.880]  你想躲到何時
[00:31:03.880 --> 00:31:05.880]  正所謂躲得一時
[00:31:05.880 --> 00:31:07.880]  不躲得一世
[00:31:07.880 --> 00:31:09.880]  要躲到何時呢?
[00:31:09.880 --> 00:31:11.880]  要躲得一世呢?
[00:31:11.880 --> 00:31:13.880]  神沒有任由他們這樣躲
[00:31:13.880 --> 00:31:15.880]  神沒有任由他們這樣躲
[00:31:15.880 --> 00:31:17.880]  他們自己都回答神
[00:31:17.880 --> 00:31:19.880]  他們自己都回答神
[00:31:19.880 --> 00:31:21.880]  我們在園中聽到你的聲音就害怕
[00:31:21.880 --> 00:31:23.880]  我們在園中聽到你的聲音就害怕
[00:31:23.880 --> 00:31:25.880]  因為我們知道自己赤身裸體就躲起來
[00:31:25.880 --> 00:31:27.880]  因為我們知道自己赤身裸體就躲起來
[00:31:27.880 --> 00:31:29.880]  因為神仍然都會問
[00:31:29.880 --> 00:31:31.880]  你有沒有甚麼需要躲避神的呢?
[00:31:31.880 --> 00:31:33.880]  你有沒有甚麼需要躲避神的呢?
[00:31:33.880 --> 00:31:37.880]  你有多少次很想躲起來
[00:31:37.880 --> 00:31:39.880]  不讓神看到你呢?
[00:31:39.880 --> 00:31:41.880]  你有多少次很想躲起來不讓神看到你呢?
[00:31:41.880 --> 00:31:43.880]  我們心底裏究竟有多少幽暗
[00:31:43.880 --> 00:31:45.880]  我們心底裏究竟有多少幽暗
[00:31:45.880 --> 00:31:47.880]  我們心底裏究竟有多少幽暗
[00:31:47.880 --> 00:31:49.880]  我們心底裏究竟有多少幽暗
[00:31:49.880 --> 00:31:51.880]  以致我們不能坦然面對神
[00:31:51.880 --> 00:31:53.880]  以致我們不能坦然面對神
[00:31:53.880 --> 00:31:55.880]  或許我們並不是不知道我們有需要光照的地方
[00:31:55.880 --> 00:31:57.880]  或許我們並不是不知道我們有需要光照的地方
[00:31:57.880 --> 00:31:59.880]  我們都知道
[00:31:59.880 --> 00:32:01.880]  但問題是我們不想改變
[00:32:01.880 --> 00:32:03.880]  都不想面對
[00:32:03.880 --> 00:32:05.880]  不想克服
[00:32:05.880 --> 00:32:07.880]  我們做人都做了這麼多年
[00:32:07.880 --> 00:32:09.880]  咪又係咁生活
[00:32:09.880 --> 00:32:11.880]  我們少少那些貪心
[00:32:11.880 --> 00:32:13.880]  我們少少那些貪心
[00:32:13.880 --> 00:32:15.880]  少少那些不信服
[00:32:15.880 --> 00:32:17.880]  少少那些不夠愛人
[00:32:17.880 --> 00:32:19.880]  少少那些不夠愛人
[00:32:19.880 --> 00:32:21.880]  都沒有什麼問題
[00:32:21.880 --> 00:32:23.880]  我們每天都繼續生活
[00:32:23.880 --> 00:32:25.880]  我們不是不知道聖經說
[00:32:25.880 --> 00:32:27.880]  我們要恩慈待人
[00:32:27.880 --> 00:32:29.880]  我們不是不知道聖經告訴我們
[00:32:29.880 --> 00:32:31.880]  要多一點忍耐和節制
[00:32:31.880 --> 00:32:33.880]  聖經叫我們嘴巴要閉著
[00:32:33.880 --> 00:32:35.880]  不要論斷人
[00:32:35.880 --> 00:32:37.880]  聖經叫我們要凡事謝恩
[00:32:37.880 --> 00:32:39.880]  我們全部都知道
[00:32:39.880 --> 00:32:41.880]  我們通通都知道
[00:32:41.880 --> 00:32:43.880]  我們可能仍然有一些固執
[00:32:43.880 --> 00:32:45.880]  或許都不是一點
[00:32:45.880 --> 00:32:47.880]  說一點
[00:32:47.880 --> 00:32:49.880]  不知道會不會都說輕了
[00:32:49.880 --> 00:32:51.880]  我們都
[00:32:51.880 --> 00:32:53.880]  有些自我
[00:32:53.880 --> 00:32:55.880]  我們有時有些妒忌
[00:32:55.880 --> 00:32:57.880]  我們都有些玻璃心
[00:32:57.880 --> 00:32:59.880]  我們都有些玻璃心
[00:32:59.880 --> 00:33:01.880]  我們不是不知道自己
[00:33:01.880 --> 00:33:03.880]  其實反應很過敏
[00:33:03.880 --> 00:33:05.880]  小小事發生
[00:33:05.880 --> 00:33:07.880]  我們又喜歡埋怨
[00:33:07.880 --> 00:33:09.880]  有時叻叻地那一刻
[00:33:09.880 --> 00:33:11.880]  就有些自命不凡
[00:33:11.880 --> 00:33:15.880]  甚至我們有時都有些看不起人
[00:33:15.880 --> 00:33:19.880]  不是
[00:33:19.880 --> 00:33:21.880]  什麼大罪
[00:33:21.880 --> 00:33:23.880]  不是什麼
[00:33:23.880 --> 00:33:25.880]  令我們過不了活
[00:33:25.880 --> 00:33:27.880]  我又不是偷鴨拐騙殺人放火
[00:33:27.880 --> 00:33:29.880]  不過就是
[00:33:29.880 --> 00:33:31.880]  這些不信服
[00:33:31.880 --> 00:33:33.880]  就是這些
[00:33:33.880 --> 00:33:35.880]  小小的不對付
[00:33:35.880 --> 00:33:37.880]  不面對
[00:33:37.880 --> 00:33:39.880]  我們就一直藏
[00:33:39.880 --> 00:33:41.880]  一直藏
[00:33:41.880 --> 00:33:45.880]  神說
[00:33:45.880 --> 00:33:47.880]  這樣我沒辦法
[00:33:47.880 --> 00:33:49.880]  使你的生命更豐盛
[00:33:49.880 --> 00:33:51.880]  這樣我沒辦法
[00:33:51.880 --> 00:33:53.880]  更使用你
[00:33:53.880 --> 00:33:55.880]  成為一個合用的器皿
[00:33:55.880 --> 00:33:57.880]  你想一直躲
[00:33:57.880 --> 00:33:59.880]  一直躲
[00:33:59.880 --> 00:34:01.880]  但神卻今天
[00:34:01.880 --> 00:34:03.880]  重新再一次
[00:34:03.880 --> 00:34:05.880]  主動來到你的面前問
[00:34:05.880 --> 00:34:07.880]  你在哪裏?
[00:34:07.880 --> 00:34:09.880]  你在哪裏?
[00:34:09.880 --> 00:34:11.880]  想躲到什麼時候?
[00:34:11.880 --> 00:34:13.880]  今天神一直
[00:34:13.880 --> 00:34:15.880]  再用很微小的聲音
[00:34:15.880 --> 00:34:17.880]  呼喚我們
[00:34:17.880 --> 00:34:19.880]  當我們
[00:34:19.880 --> 00:34:21.880]  活在自己的世界裏
[00:34:21.880 --> 00:34:23.880]  我們會聽不到神叫
[00:34:23.880 --> 00:34:27.880]  感恩
[00:34:27.880 --> 00:34:29.880]  阿當夏娃還聽得見
[00:34:29.880 --> 00:34:31.880]  聖靈的聲音有時真的很微小
[00:34:33.880 --> 00:34:35.880]  你聽不聽得見?
[00:34:35.880 --> 00:34:37.880]  你聽不聽得見
[00:34:37.880 --> 00:34:39.880]  上帝仍然問你在哪裏?
[00:34:39.880 --> 00:34:41.880]  於是
[00:34:41.880 --> 00:34:43.880]  神說
[00:34:43.880 --> 00:34:45.880]  誰告訴你你是赤身露體的呢?
[00:34:45.880 --> 00:34:47.880]  莫非你吃了
[00:34:47.880 --> 00:34:49.880]  樹上所出
[00:34:49.880 --> 00:34:51.880]  就是我吩咐你不可以吃的嗎?
[00:34:51.880 --> 00:34:53.880]  這句有時
[00:34:53.880 --> 00:34:55.880]  我們都會覺得有點多餘
[00:34:55.880 --> 00:34:57.880]  神怎會不知道他們吃了呢?
[00:34:57.880 --> 00:35:01.880]  神說
[00:35:01.880 --> 00:35:03.880]  莫非你吃了
[00:35:03.880 --> 00:35:05.880]  我吩咐你不可以吃的嗎?
[00:35:05.880 --> 00:35:07.880]  今天
[00:35:07.880 --> 00:35:09.880]  上帝也不是不知道我們
[00:35:09.880 --> 00:35:11.880]  祂知道
[00:35:11.880 --> 00:35:13.880]  不過祂仍然問
[00:35:13.880 --> 00:35:15.880]  莫非你做了
[00:35:15.880 --> 00:35:17.880]  我吩咐你不可以做的嗎?
[00:35:17.880 --> 00:35:21.880]  莫非你沒有信服
[00:35:21.880 --> 00:35:23.880]  我的教導嗎?
[00:35:23.880 --> 00:35:25.880]  我不知道今天
[00:35:25.880 --> 00:35:27.880]  我們怎樣回應這位上帝呢?
[00:35:27.880 --> 00:35:29.880]  神不是明知故問
[00:35:29.880 --> 00:35:31.880]  不過祂憐憫人
[00:35:31.880 --> 00:35:33.880]  祂想給我們
[00:35:33.880 --> 00:35:35.880]  回轉的機會
[00:35:35.880 --> 00:35:37.880]  這些問題
[00:35:37.880 --> 00:35:39.880]  統統都是想我們重新在神面前
[00:35:39.880 --> 00:35:41.880]  重新承認
[00:35:41.880 --> 00:35:43.880]  主啊
[00:35:43.880 --> 00:35:45.880]  我在這裏
[00:35:45.880 --> 00:35:47.880]  我有罪了
[00:35:47.880 --> 00:35:49.880]  我們能否抓緊
[00:35:49.880 --> 00:35:51.880]  還可以回轉的時候
[00:35:51.880 --> 00:35:53.880]  快快回轉呢?
[00:35:53.880 --> 00:35:55.880]  我們選擇繼續
[00:35:55.880 --> 00:35:57.880]  當看不見
[00:35:57.880 --> 00:35:59.880]  繼續找藉口
[00:35:59.880 --> 00:36:01.880]  還是今天
[00:36:01.880 --> 00:36:03.880]  神用祂自己的說話
[00:36:03.880 --> 00:36:05.880]  要光照你的一刻
[00:36:05.880 --> 00:36:07.880]  你願意回應神呢?
[00:36:07.880 --> 00:36:11.880]  昔日兩個人
[00:36:11.880 --> 00:36:13.880]  眼睛明亮之後
[00:36:13.880 --> 00:36:15.880]  知道自己赤身露體
[00:36:15.880 --> 00:36:17.880]  覺得很醜
[00:36:17.880 --> 00:36:19.880]  拿無花果樹的葉子
[00:36:19.880 --> 00:36:21.880]  為自己做裙子
[00:36:21.880 --> 00:36:23.880]  原來人有史以來第一個創作
[00:36:23.880 --> 00:36:25.880]  就是無花果裙
[00:36:25.880 --> 00:36:27.880]  無花果葉裙
[00:36:27.880 --> 00:36:29.880]  但是
[00:36:29.880 --> 00:36:31.880]  無花果葉既脆弱
[00:36:31.880 --> 00:36:33.880]  又不耐用
[00:36:33.880 --> 00:36:35.880]  又不保暖
[00:36:35.880 --> 00:36:37.880]  吹兩吹就爛了
[00:36:37.880 --> 00:36:39.880]  怎麼能夠給我們足夠的保護呢?
[00:36:39.880 --> 00:36:41.880]  但是神呢
[00:36:41.880 --> 00:36:43.880]  祂是用獸皮
[00:36:43.880 --> 00:36:45.880]  為人做衣服
[00:36:45.880 --> 00:36:47.880]  祂為阿當和夏娃
[00:36:47.880 --> 00:36:49.880]  用皮紙
[00:36:49.880 --> 00:36:51.880]  獸皮來做衣服
[00:36:51.880 --> 00:36:53.880]  給他們穿
[00:36:53.880 --> 00:36:55.880]  如果我們記得
[00:36:55.880 --> 00:36:57.880]  創世紀第一章
[00:36:57.880 --> 00:36:59.880]  神所有的創造
[00:36:59.880 --> 00:37:01.880]  創天造地
[00:37:01.880 --> 00:37:03.880]  神是怎樣創造他們的呢?
[00:37:03.880 --> 00:37:05.880]  神說
[00:37:05.880 --> 00:37:07.880]  有就有了
[00:37:07.880 --> 00:37:09.880]  神說就有了
[00:37:09.880 --> 00:37:11.880]  神說就有了
[00:37:11.880 --> 00:37:13.880]  整個宇宙
[00:37:13.880 --> 00:37:15.880]  所有
[00:37:15.880 --> 00:37:17.880]  神只要說就有了
[00:37:17.880 --> 00:37:19.880]  但是來到這裡
[00:37:19.880 --> 00:37:21.880]  神竟然自己
[00:37:21.880 --> 00:37:23.880]  親手
[00:37:23.880 --> 00:37:25.880]  用皮紙
[00:37:25.880 --> 00:37:27.880]  親手做衣服
[00:37:27.880 --> 00:37:29.880]  給人穿
[00:37:29.880 --> 00:37:31.880]  這是愛
[00:37:31.880 --> 00:37:33.880]  這是愛
[00:37:33.880 --> 00:37:35.880]  獸皮從何而來呢?
[00:37:35.880 --> 00:37:37.880]  要殺了動物才有
[00:37:37.880 --> 00:37:39.880]  動物
[00:37:39.880 --> 00:37:41.880]  都是上帝所創造的
[00:37:41.880 --> 00:37:43.880]  都是上帝
[00:37:43.880 --> 00:37:45.880]  所愛的
[00:37:45.880 --> 00:37:47.880]  當上帝要下手
[00:37:47.880 --> 00:37:49.880]  殺一隻動物
[00:37:49.880 --> 00:37:51.880]  用皮紙來做衣服
[00:37:51.880 --> 00:37:53.880]  給人穿的時候
[00:37:53.880 --> 00:37:55.880]  上帝也會痛
[00:37:55.880 --> 00:37:57.880]  但是上帝仍然為人
[00:37:57.880 --> 00:37:59.880]  做一件衣服
[00:37:59.880 --> 00:38:01.880]  遮蓋我們的羞恥
[00:38:01.880 --> 00:38:03.880]  這是上帝
[00:38:03.880 --> 00:38:05.880]  這是我們慈愛的上帝
[00:38:05.880 --> 00:38:07.880]  祂是為憐憫人
[00:38:07.880 --> 00:38:09.880]  所做的
[00:38:09.880 --> 00:38:13.880]  今天
[00:38:13.880 --> 00:38:15.880]  我不知道你會不會覺得
[00:38:15.880 --> 00:38:17.880]  罪已經進入世界了
[00:38:17.880 --> 00:38:19.880]  回不了頭
[00:38:19.880 --> 00:38:21.880]  我們可以不犯罪嗎?
[00:38:21.880 --> 00:38:23.880]  很困難
[00:38:23.880 --> 00:38:25.880]  我們可以完美嗎?
[00:38:25.880 --> 00:38:27.880]  沒可能,確實是
[00:38:27.880 --> 00:38:29.880]  我們沒有一個人需要追求完美
[00:38:29.880 --> 00:38:33.880]  甚至我們可能相信
[00:38:33.880 --> 00:38:35.880]  那個獸皮遮不住我們
[00:38:35.880 --> 00:38:39.880]  我們可能每天都仍然掙扎
[00:38:39.880 --> 00:38:41.880]  但是感恩
[00:38:41.880 --> 00:38:43.880]  不是沒有出路的
[00:38:43.880 --> 00:38:45.880]  頂姐妹不是沒有出路的
[00:38:45.880 --> 00:38:47.880]  我們要依靠神
[00:38:47.880 --> 00:38:49.880]  羅馬書說
[00:38:49.880 --> 00:38:51.880]  因為一個人的叛逆
[00:38:51.880 --> 00:38:53.880]  眾人都成為罪人
[00:38:53.880 --> 00:38:55.880]  但是照樣因一個人的順從
[00:38:55.880 --> 00:38:57.880]  眾人都成為異了
[00:38:57.880 --> 00:38:59.880]  雖然昔日
[00:38:59.880 --> 00:39:01.880]  我們的始祖犯罪
[00:39:01.880 --> 00:39:03.880]  讓罪進入世界
[00:39:03.880 --> 00:39:05.880]  我們通通都變成罪人
[00:39:05.880 --> 00:39:07.880]  但今天同樣也因著耶穌基督
[00:39:07.880 --> 00:39:09.880]  一個人在十字架上所流出的寶血
[00:39:09.880 --> 00:39:11.880]  祂所作出的犧牲
[00:39:11.880 --> 00:39:13.880]  並且祂死而復活的大能
[00:39:13.880 --> 00:39:15.880]  讓我們犯信靠的
[00:39:15.880 --> 00:39:17.880]  都稱為異了
[00:39:17.880 --> 00:39:19.880]  這是出路的
[00:39:19.880 --> 00:39:21.880]  頂姐妹,這是出路
[00:39:21.880 --> 00:39:23.880]  你要依靠祂,你要信靠祂
[00:39:23.880 --> 00:39:25.880]  唯有耶穌基督
[00:39:25.880 --> 00:39:27.880]  這是唯一的出路
[00:39:27.880 --> 00:39:29.880]  在哥羅西書說
[00:39:29.880 --> 00:39:31.880]  祂救我們已經脫離了
[00:39:31.880 --> 00:39:33.880]  黑暗的權勢
[00:39:33.880 --> 00:39:35.880]  我們已經被牽到
[00:39:35.880 --> 00:39:37.880]  祂愛子的國度裡
[00:39:37.880 --> 00:39:39.880]  不要讓這個世界
[00:39:39.880 --> 00:39:41.880]  被那惡者的聲音欺控你
[00:39:43.880 --> 00:39:45.880]  我們常常都會覺得
[00:39:45.880 --> 00:39:47.880]  我們做得不夠好
[00:39:47.880 --> 00:39:49.880]  我們做得不夠好
[00:39:49.880 --> 00:39:51.880]  我們不夠厲害
[00:39:51.880 --> 00:39:53.880]  不夠節制,不夠忍耐
[00:39:53.880 --> 00:39:55.880]  不夠良善
[00:39:55.880 --> 00:39:57.880]  不過這都是事實
[00:39:57.880 --> 00:39:59.880]  但你不要被這個聲音
[00:39:59.880 --> 00:40:01.880]  停在那裡欺控你
[00:40:01.880 --> 00:40:03.880]  你承認
[00:40:03.880 --> 00:40:05.880]  是,我一切都不足
[00:40:05.880 --> 00:40:07.880]  但我已經被牽到愛子的國度裡
[00:40:07.880 --> 00:40:09.880]  我是靠著這位大君王
[00:40:09.880 --> 00:40:11.880]  這位耶穌基督
[00:40:11.880 --> 00:40:13.880]  過著為王的國度裡
[00:40:13.880 --> 00:40:15.880]  已知道我可以得勝
[00:40:15.880 --> 00:40:17.880]  所以今天
[00:40:17.880 --> 00:40:19.880]  我們真的要以神的話語
[00:40:19.880 --> 00:40:21.880]  以祂的生命
[00:40:21.880 --> 00:40:23.880]  成為我們唯一遵行的吩咐
[00:40:23.880 --> 00:40:25.880]  我們真的要用一個
[00:40:25.880 --> 00:40:27.880]  信服祂旨意的態度來生活
[00:40:27.880 --> 00:40:29.880]  如果不是
[00:40:29.880 --> 00:40:31.880]  我們永遠仍然落在
[00:40:31.880 --> 00:40:33.880]  見到果子就很想拿來吃
[00:40:33.880 --> 00:40:37.880]  今天
[00:40:39.880 --> 00:40:41.880]  上帝再一次問我們
[00:40:41.880 --> 00:40:43.880]  我們藏在哪裡呢?
[00:40:43.880 --> 00:40:49.880]  我不知道你躲在哪裡
[00:40:49.880 --> 00:40:53.880]  或許這篇道
[00:40:53.880 --> 00:40:55.880]  也是對我自己說
[00:40:55.880 --> 00:40:57.880]  究竟我們還要躲在哪裡
[00:40:57.880 --> 00:41:01.880]  無花果葉的裙子
[00:41:01.880 --> 00:41:03.880]  遮得你一時
[00:41:03.880 --> 00:41:05.880]  遮不到你一世
[00:41:05.880 --> 00:41:07.880]  它是脆弱的
[00:41:07.880 --> 00:41:09.880]  戴不到給你保護
[00:41:09.880 --> 00:41:11.880]  戴不到給你
[00:41:11.880 --> 00:41:13.880]  豐盛的生命
[00:41:13.880 --> 00:41:17.880]  你藏在哪裡呢?
[00:41:17.880 --> 00:41:19.880]  你要再一次
[00:41:19.880 --> 00:41:21.880]  藏在主的愛裡
[00:41:21.880 --> 00:41:23.880]  藏在主的保護和救贖裡
[00:41:23.880 --> 00:41:27.880]  從上星期開始
[00:41:27.880 --> 00:41:29.880]  我們看暢世紀
[00:41:29.880 --> 00:41:31.880]  很美好的世界
[00:41:31.880 --> 00:41:33.880]  到這個星期
[00:41:33.880 --> 00:41:35.880]  我們看人類的犯罪
[00:41:35.880 --> 00:41:37.880]  墮落離開神
[00:41:37.880 --> 00:41:41.880]  今天確實很多事
[00:41:41.880 --> 00:41:43.880]  叫我們傷痛
[00:41:43.880 --> 00:41:45.880]  因為罪入了世界
[00:41:45.880 --> 00:41:49.880]  很多事我們很不喜歡
[00:41:49.880 --> 00:41:51.880]  它卻每一天都環繞我們
[00:41:51.880 --> 00:41:55.880]  但是我們是不是
[00:41:55.880 --> 00:41:57.880]  要停留在那裡呢?
[00:41:57.880 --> 00:41:59.880]  主耶穌基督已經來了
[00:41:59.880 --> 00:42:03.880]  昔日人類的悲劇
[00:42:05.880 --> 00:42:07.880]  就是
[00:42:07.880 --> 00:42:09.880]  看到那個月人眼目的果子
[00:42:09.880 --> 00:42:11.880]  拿了
[00:42:11.880 --> 00:42:13.880]  吃了
[00:42:13.880 --> 00:42:15.880]  結局就是死了
[00:42:15.880 --> 00:42:17.880]  今天我們可不可以起死回生呢?
[00:42:17.880 --> 00:42:21.880]  不是我們
[00:42:21.880 --> 00:42:23.880]  是耶穌基督
[00:42:23.880 --> 00:42:25.880]  祂已經為我們起死回生
[00:42:25.880 --> 00:42:29.880]  我們要來認識這位主
[00:42:29.880 --> 00:42:33.880]  這位是那位
[00:42:35.880 --> 00:42:37.880]  在祂被埋的那一夜
[00:42:37.880 --> 00:42:41.880]  拿起餅來祝謝了
[00:42:41.880 --> 00:42:43.880]  就張開說
[00:42:43.880 --> 00:42:45.880]  這是我身體為你們寫的
[00:42:45.880 --> 00:42:49.880]  這位主是那位
[00:42:49.880 --> 00:42:51.880]  在祂被埋的那一夜
[00:42:51.880 --> 00:42:53.880]  拿起杯來祝謝
[00:42:53.880 --> 00:42:55.880]  然後說
[00:42:55.880 --> 00:42:57.880]  這個杯是用我的血
[00:42:57.880 --> 00:42:59.880]  所納的新藥
[00:42:59.880 --> 00:43:01.880]  是為你們流的
[00:43:03.880 --> 00:43:05.880]  祂用主耶穌基督的身體
[00:43:05.880 --> 00:43:07.880]  和祂的補血
[00:43:07.880 --> 00:43:09.880]  再一次潔淨我們
[00:43:09.880 --> 00:43:11.880]  醫治我們
[00:43:11.880 --> 00:43:13.880]  拯救我們
[00:43:13.880 --> 00:43:15.880]  今天該拿
[00:43:15.880 --> 00:43:17.880]  該吃的
[00:43:17.880 --> 00:43:19.880]  是這個餅和這個杯
[00:43:19.880 --> 00:43:21.880]  每一次當你領受
[00:43:21.880 --> 00:43:23.880]  這個聖餐的時候
[00:43:23.880 --> 00:43:25.880]  你吃盡主耶穌基督
[00:43:25.880 --> 00:43:27.880]  祂要改變你的一生
[00:43:27.880 --> 00:43:31.880]  求主幫助我們
[00:43:31.880 --> 00:43:33.880]  不再死了
[00:43:33.880 --> 00:43:35.880]  我們要活了
[00:43:35.880 --> 00:43:37.880]  我們一起祈禱
[00:43:37.880 --> 00:43:43.880]  參加天父上帝
[00:43:43.880 --> 00:43:45.880]  我們感謝祢
[00:43:45.880 --> 00:43:47.880]  參加主耶穌基督
[00:43:47.880 --> 00:43:49.880]  我們感謝祢
[00:43:49.880 --> 00:43:51.880]  參加聖靈
[00:43:51.880 --> 00:43:53.880]  我們感謝祢
[00:43:53.880 --> 00:43:55.880]  因著祢在我們的生命裡
[00:43:55.880 --> 00:43:57.880]  做奇妙的功
[00:43:57.880 --> 00:43:59.880]  祢已經完全的拯救我們
[00:43:59.880 --> 00:44:01.880]  我們一定能夠得勝
[00:44:01.880 --> 00:44:03.880]  求主幫助我們
[00:44:03.880 --> 00:44:05.880]  今天不再需要躲藏
[00:44:05.880 --> 00:44:09.880]  不再需要藏在
[00:44:09.880 --> 00:44:11.880]  罪疚裡
[00:44:11.880 --> 00:44:13.880]  我們要重新
[00:44:13.880 --> 00:44:15.880]  藏在祢的愛裡
[00:44:15.880 --> 00:44:17.880]  多謝主
[00:44:17.880 --> 00:44:19.880]  祢瘦皮的
[00:44:19.880 --> 00:44:21.880]  愛到今天
[00:44:21.880 --> 00:44:23.880]  仍然保護我們
[00:44:23.880 --> 00:44:25.880]  仍然遮蓋我們
[00:44:25.880 --> 00:44:27.880]  祢十字架的大能
[00:44:27.880 --> 00:44:29.880]  仍然榮耀
[00:44:29.880 --> 00:44:31.880]  仍然彰顯
[00:44:31.880 --> 00:44:33.880]  彰顯祢的榮耀在地上
[00:44:33.880 --> 00:44:35.880]  懇求主幫助我們
[00:44:35.880 --> 00:44:37.880]  讓我們真的以祢
[00:44:37.880 --> 00:44:39.880]  是神為神
[00:44:39.880 --> 00:44:41.880]  這樣來榮耀祢
[00:44:41.880 --> 00:44:43.880]  以祢是神為神
[00:44:43.880 --> 00:44:45.880]  這樣去感謝祢
[00:44:45.880 --> 00:44:47.880]  讓我們不再活在罪疚中
[00:44:47.880 --> 00:44:49.880]  我們活在祢的愛中
[00:44:49.880 --> 00:44:51.880]  願意重新
[00:44:51.880 --> 00:44:53.880]  過新生
[00:44:53.880 --> 00:44:55.880]  願意重新過得勝的生活
[00:44:55.880 --> 00:44:57.880]  我們感謝主這樣聽我們的祈禱
[00:44:57.880 --> 00:44:59.880]  奉主明理 阿們
