
[00:00:00.000 --> 00:00:04.680]  鄧小姐好,今天我們會繼續來看文掃記
[00:00:04.680 --> 00:00:08.200]  我們看這一段的經文
[00:00:08.200 --> 00:00:14.920]  我們是會看見都是來到一個很特別的一個情景
[00:00:14.920 --> 00:00:22.920]  因為二十章裏面其實跟我們交代了兩個領袖的去世
[00:00:22.920 --> 00:00:34.400]  亦在當中我們看見其實是再一次神的百姓是怎樣向摩西亞倫德里奧發怨言
[00:00:34.400 --> 00:00:42.560]  我們看見整件事都帶來很多令我們覺得是很憂傷的事
[00:00:42.560 --> 00:00:45.600]  但在憂傷的背後亦都讓我們看見
[00:00:45.600 --> 00:00:53.840]  縱然人會有軟弱,但上帝的心意和他的計劃是永遠都不會失敗的
[00:00:53.840 --> 00:01:03.760]  我們看這一個經文之前,我們可以先來到很快的有一個了解
[00:01:03.760 --> 00:01:14.160]  整章聖經我們知道這裏被我們看見是以色列民他們來到抗野旅程的一個尾聲
[00:01:14.160 --> 00:01:21.440]  他們在出埃及已經去到接近四十年的時候
[00:01:21.440 --> 00:01:28.760]  舊世代的領袖提到我們在開始和這一章的結尾
[00:01:28.760 --> 00:01:34.920]  你就會看見米利安和他的弟弟亞倫相繼離世
[00:01:34.920 --> 00:01:41.400]  而摩西亦都因為米利巴這個水的事件
[00:01:41.400 --> 00:01:45.800]  他錯失入迦南地的機會,究竟這件是甚麼事呢?
[00:01:45.800 --> 00:01:49.520]  我們看經文的時候亦都會被我們看到的
[00:01:49.520 --> 00:01:54.200]  亦都是我們看見這一章和我們交代了
[00:01:54.200 --> 00:02:01.240]  舊的一代他們基本上沒有一個可以入到迦南地
[00:02:01.240 --> 00:02:07.520]  除了約書亞和迦勒
[00:02:07.520 --> 00:02:17.160]  另外新一代他們要在新的領袖約書亞帶領他們進去得著迦南地
[00:02:17.160 --> 00:02:25.480]  歷史背景亦都讓我們看見是包括出埃及之後大概四十年的時候
[00:02:25.480 --> 00:02:29.840]  而地點就是這個迦底斯這個地方
[00:02:29.840 --> 00:02:35.040]  這個地方我們有一張地圖讓大家稍微有一個了解
[00:02:35.040 --> 00:02:41.320]  其實三十八年之前他們百姓在出埃及大概一年多的時候
[00:02:41.320 --> 00:02:46.280]  他們因為不信上帝的說話和應許
[00:02:46.280 --> 00:02:55.320]  他們當時亦都是因為嫌棄神給過他們的瑪那
[00:02:55.320 --> 00:03:03.880]  引致後來神審判,倒閉的一班百姓都很多
[00:03:03.880 --> 00:03:12.320]  這四個場景包括我們剛才看見米利安的死亡帶來
[00:03:12.320 --> 00:03:19.240]  百姓亦都再度找機會要來攻擊和與摩西亞倫爭鬧
[00:03:19.240 --> 00:03:22.200]  爭鬧的地方就是米利巴水
[00:03:22.200 --> 00:03:30.960]  這個地方其實就是迦底斯在這個曠野裏面發生的
[00:03:30.960 --> 00:03:37.520]  而第三段的經文是講到他們原本是希望能夠北上
[00:03:37.520 --> 00:03:42.720]  就好像昔日他們去探路的路徑
[00:03:42.720 --> 00:03:47.760]  他們很想直接進入迦南地
[00:03:47.760 --> 00:03:51.440]  但是以東人不讓路
[00:03:51.440 --> 00:03:56.560]  他們不讓他們來路過他們以東的景域
[00:03:56.560 --> 00:04:02.240]  結果他們就在以東的邊境裏面,就是荷爾山這個地方
[00:04:02.240 --> 00:04:05.880]  亞倫就在那裏,他照著上帝的吩咐
[00:04:05.880 --> 00:04:11.800]  他和摩西和亞倫的第三個兒子以利亞薩
[00:04:11.800 --> 00:04:14.680]  就是他們上到這個山上
[00:04:14.680 --> 00:04:21.240]  然後就要把大祭司的袍交給他的兒子
[00:04:21.240 --> 00:04:25.400]  亞倫就在山上去世
[00:04:25.400 --> 00:04:29.040]  好,整件事給我們就可以看到這件事
[00:04:29.040 --> 00:04:33.200]  我們看經文之前,我們再一次在這裏祈禱
[00:04:33.200 --> 00:04:36.760]  天父上帝求你幫助我們今天每一個頂子妹
[00:04:36.760 --> 00:04:40.200]  我們都有這個漢建
[00:04:40.200 --> 00:04:45.880]  我們漢建這個世代都好像昔日的世代一樣
[00:04:45.880 --> 00:04:49.400]  年長的一班慢慢會離場
[00:04:49.400 --> 00:04:53.520]  年幼的一群他們要被興起
[00:04:53.520 --> 00:04:57.200]  但是能否世代可以交接得好
[00:04:57.200 --> 00:05:00.800]  亦都能夠讓神的道繼續傳承下去
[00:05:00.800 --> 00:05:04.240]  這個就是一個很重要的關鍵
[00:05:04.240 --> 00:05:09.240]  求主讓我們今天在這段經文裏面有所領受和學習
[00:05:09.240 --> 00:05:13.200]  你保守講的聽的,我們都能夠同感一靈
[00:05:13.200 --> 00:05:17.000]  同得你自己話語給我們的教導
[00:05:17.000 --> 00:05:20.280]  願聖靈在我們當中親自指引
[00:05:20.280 --> 00:05:25.800]  幫助我們每一個,同心祈禱奉主命求,阿門
[00:05:25.800 --> 00:05:27.640]  好,我們先看第一個段落
[00:05:27.640 --> 00:05:32.520]  在哀傷中他們怎樣開始這個怨言
[00:05:32.520 --> 00:05:35.840]  經文給我們交代在第一節
[00:05:35.840 --> 00:05:38.440]  不如我們一起讀一下
[00:05:38.440 --> 00:05:43.040]  正月間以色列傳輩眾到了沉的曠野
[00:05:43.040 --> 00:05:45.400]  百姓住在迦底斯
[00:05:45.400 --> 00:05:49.520]  米利安死在那裏也葬在那裏
[00:05:49.520 --> 00:05:56.280]  說到正月間,我們會相信這個指導
[00:05:56.280 --> 00:06:03.920]  就是他們在曠野的旅程去到最後的一個階段
[00:06:03.920 --> 00:06:05.920]  在第四十年的時候
[00:06:05.920 --> 00:06:09.640]  他們來到這個地方
[00:06:09.640 --> 00:06:21.240]  其實以往他們在埃及原本可以直上去迦南地
[00:06:21.240 --> 00:06:24.480]  但因為當時探子回來匯報之後
[00:06:24.480 --> 00:06:26.360]  他們不信神的應許
[00:06:26.360 --> 00:06:32.120]  他們很怕迦南地裏的阿納族人高大威猛
[00:06:32.120 --> 00:06:35.600]  所以他們不信上帝的應許
[00:06:35.600 --> 00:06:39.680]  這個在文訴記十三十四章我們看到
[00:06:39.680 --> 00:06:44.960]  帶來其實是一個很大的一個他們的失敗
[00:06:44.960 --> 00:06:51.080]  而他們就在曠野另外那三十八年
[00:06:51.080 --> 00:06:56.960]  去到現在來到這個迦底斯這個地方
[00:06:56.960 --> 00:07:01.040]  他們要再次去迦南地
[00:07:01.040 --> 00:07:05.080]  他們就在這個地方遇見
[00:07:05.080 --> 00:07:08.680]  就是米利欽在那裏去世
[00:07:08.680 --> 00:07:15.560]  而我們看到當時百姓再度發怨言
[00:07:15.560 --> 00:07:19.000]  他們曾經是沒有水的時候
[00:07:19.000 --> 00:07:22.040]  就來到去聚集攻擊摩西亞倫
[00:07:22.040 --> 00:07:27.040]  但現在同樣是出現一個這樣的情況
[00:07:27.040 --> 00:07:28.600]  他們怎樣說呢?
[00:07:28.600 --> 00:07:32.000]  如果我們看這幾節的聖經
[00:07:32.000 --> 00:07:35.840]  在第二第三節我們可以一起讀
[00:07:35.840 --> 00:07:40.720]  匯眾沒有水就聚集反對摩西和亞倫
[00:07:40.720 --> 00:07:43.760]  百姓與摩西爭鬧說
[00:07:43.760 --> 00:07:49.520]  我們恨不得與我們的弟兄一同死在耶和華面前
[00:07:49.520 --> 00:07:55.040]  這個聚集反對其實在文訴記出現了四次這麼多
[00:07:55.040 --> 00:08:05.960]  另外那三次就在第十六章的可拉貝翼摩西的事件裏面發生
[00:08:05.960 --> 00:08:07.680]  出現了很頻密
[00:08:07.680 --> 00:08:10.880]  這個第四次在今次這裏表示
[00:08:10.880 --> 00:08:20.000]  就是他們是一齊來集中他們反對的聲音製造輿論
[00:08:20.000 --> 00:08:27.080]  來向他們的領袖發出這些怨言
[00:08:27.080 --> 00:08:30.440]  第三節講到他們與摩西爭鬧
[00:08:30.440 --> 00:08:36.120]  這個爭鬧其實很多時候就在舊約裏面
[00:08:36.120 --> 00:08:40.880]  會在這些訴訟的場合提出的爭論
[00:08:40.880 --> 00:08:43.040]  我們可以看見的
[00:08:43.040 --> 00:08:51.880]  亦都可以在一些陳述裏面講一些暴力的表達
[00:08:51.880 --> 00:08:54.800]  即是如果大家意見不合
[00:08:54.800 --> 00:08:56.080]  接著怎樣?
[00:08:56.080 --> 00:08:57.600]  繼而動武
[00:08:57.600 --> 00:08:59.440]  他們訴諸暴力
[00:08:59.440 --> 00:09:03.200]  這個在舊約無論在《出拉埃及記》、《生命記》
[00:09:03.200 --> 00:09:06.720]  或者《詩篇》都有這些表述
[00:09:06.720 --> 00:09:08.160]  我們來看
[00:09:08.160 --> 00:09:13.000]  在這段經文去到第四節和第五節
[00:09:13.000 --> 00:09:16.480]  他們就問了幾個問題
[00:09:16.480 --> 00:09:22.160]  他們說你們為何要領「耶和華的會眾」到這曠野
[00:09:22.160 --> 00:09:27.600]  這個「耶和華的會眾」其實在文素記出現了兩次
[00:09:27.600 --> 00:09:31.240]  一次就在十六章第三節那裏
[00:09:31.240 --> 00:09:32.840]  另外一次就在這裏
[00:09:32.840 --> 00:09:38.920]  兩次都是百姓與摩西與阿倫去爭鬧
[00:09:38.920 --> 00:09:45.520]  是為了他們覺得他們的要求是合理的
[00:09:45.520 --> 00:09:49.680]  你發覺他們每一次與領袖去爭論的時候
[00:09:49.680 --> 00:09:54.720]  他們就擺出這個他們的所謂身份是甚麼
[00:09:54.720 --> 00:09:59.240]  他們說為何你們 即是摩西與阿倫
[00:09:59.240 --> 00:10:02.400]  是帶我們「耶和華的會眾」
[00:10:02.400 --> 00:10:04.200]  他不是說就這樣會眾
[00:10:04.200 --> 00:10:06.400]  他說我們是屬「耶和華」的
[00:10:06.400 --> 00:10:08.120]  為何你帶我們來
[00:10:08.120 --> 00:10:10.120]  誰帶你來這裏
[00:10:10.120 --> 00:10:13.520]  是「耶和華」透過摩西與阿倫帶你們來
[00:10:13.520 --> 00:10:17.080]  你這樣去爭鬧的時候
[00:10:17.080 --> 00:10:24.840]  其實你無形中背後是在反對神祂自己
[00:10:24.840 --> 00:10:28.600]  他說叫我們和我們的生足都死在這裏嗎
[00:10:28.600 --> 00:10:31.680]  你們為何要領我們從埃及上來
[00:10:31.680 --> 00:10:33.320]  把我們帶到這個地方
[00:10:33.320 --> 00:10:35.840]  這個地方是曠野來的
[00:10:35.840 --> 00:10:38.160]  不能耕種
[00:10:38.160 --> 00:10:41.520]  沒有無花果樹、葡萄樹、石榴樹
[00:10:41.520 --> 00:10:43.200]  亦沒有水飲
[00:10:43.200 --> 00:10:44.800]  這是很嚴重的事
[00:10:44.800 --> 00:10:46.520]  會死人的
[00:10:46.520 --> 00:10:48.920]  所以他在這個時候
[00:10:48.920 --> 00:10:54.480]  亦是來向兩個領袖發怨言
[00:10:54.480 --> 00:10:57.240]  大家可以留意到經文第六節
[00:10:57.240 --> 00:11:00.320]  就是描述到兩位領袖
[00:11:00.320 --> 00:11:06.280]  他們都知道這班「耶和華」的會眾是很難教的
[00:11:06.280 --> 00:11:12.960]  但每一次他們遇到所謂的怨言、爭鬧
[00:11:12.960 --> 00:11:15.760]  他們的行動是怎樣呢
[00:11:15.760 --> 00:11:17.640]  我們一起讀第六節
[00:11:17.640 --> 00:11:20.720]  摩西與阿倫離開會眾面前
[00:11:20.720 --> 00:11:22.480]  到會幕的門口
[00:11:22.480 --> 00:11:24.000]  臉伏於地
[00:11:24.000 --> 00:11:27.480]  「耶和華」的榮光向他們顯現
[00:11:27.480 --> 00:11:31.400]  他們到會幕的門口臉伏於地
[00:11:31.400 --> 00:11:32.960]  意思就是
[00:11:32.960 --> 00:11:34.320]  上帝啊
[00:11:34.320 --> 00:11:38.200]  你聽我們的禱告
[00:11:38.200 --> 00:11:43.280]  他們很想尋求上帝的心意
[00:11:43.280 --> 00:11:45.920]  祢的帶領
[00:11:45.920 --> 00:11:51.080]  是祢吩咐我們帶這班百姓來曠野
[00:11:51.080 --> 00:11:53.560]  要進入這個應許之地
[00:11:53.560 --> 00:11:55.320]  不過是他們的不信
[00:11:55.320 --> 00:11:58.360]  是他們錯過了黃金機會
[00:11:58.360 --> 00:12:00.360]  他們原本很快
[00:12:00.360 --> 00:12:01.680]  一出埃及
[00:12:01.680 --> 00:12:04.000]  他們已經可以進入迦南地
[00:12:04.000 --> 00:12:07.520]  是因為信不過上帝的應許
[00:12:07.520 --> 00:12:13.080]  但是領袖就要背負他們這班不信的百姓
[00:12:13.080 --> 00:12:17.040]  很多很多的擔子在他們身上
[00:12:17.040 --> 00:12:20.440]  他將這些陳明在神的面前
[00:12:20.440 --> 00:12:22.960]  結果神有答覆
[00:12:22.960 --> 00:12:25.800]  在第七到第十三節
[00:12:25.800 --> 00:12:27.320]  這是第二個段落
[00:12:27.320 --> 00:12:29.760]  神怎樣吩咐摩西
[00:12:29.760 --> 00:12:32.160]  祂說你拿起你的杖
[00:12:32.160 --> 00:12:36.640]  在他們眼前吩咐盤石發出水來
[00:12:36.640 --> 00:12:38.960]  請大家留意
[00:12:38.960 --> 00:12:43.560]  曾經在《出埃及記》也發生過
[00:12:43.560 --> 00:12:47.640]  就是在利菲定他們沒有水飲的時候
[00:12:47.640 --> 00:12:51.240]  神吩咐摩西擊打盤石
[00:12:51.240 --> 00:12:53.840]  但今次上帝講得很清楚
[00:12:53.840 --> 00:12:56.040]  不是擊打盤石
[00:12:56.040 --> 00:12:57.800]  不是用行動
[00:12:57.800 --> 00:12:59.640]  是用什麼?
[00:12:59.640 --> 00:13:01.120]  說話
[00:13:01.120 --> 00:13:02.960]  吩咐而已
[00:13:02.960 --> 00:13:06.160]  我就是要你照我的吩咐
[00:13:06.160 --> 00:13:08.960]  去吩咐盤石出水
[00:13:08.960 --> 00:13:10.960]  嘩
[00:13:10.960 --> 00:13:13.360]  你如果是摩西
[00:13:13.360 --> 00:13:16.240]  或者我們普通任何一個人
[00:13:16.240 --> 00:13:18.560]  你叫那個石頭出水
[00:13:18.560 --> 00:13:21.840]  和你拿起你的杖打它幾下
[00:13:21.840 --> 00:13:22.960]  然後出水
[00:13:22.960 --> 00:13:30.160]  你覺得哪一個的震懾力更加大?
[00:13:30.160 --> 00:13:32.040]  說話當然了
[00:13:32.040 --> 00:13:34.360]  我都沒有動那個盤石
[00:13:34.360 --> 00:13:36.360]  你說我是打那個盤石
[00:13:36.360 --> 00:13:38.760]  可能剛好我打那個盤石
[00:13:38.760 --> 00:13:40.960]  可能有一個這樣的神蹟出現
[00:13:40.960 --> 00:13:43.160]  現在我什麼都沒有動
[00:13:43.160 --> 00:13:44.960]  我只是吩咐它
[00:13:44.960 --> 00:13:47.560]  你信不信得過上帝
[00:13:47.560 --> 00:13:48.960]  吩咐你
[00:13:48.960 --> 00:13:51.360]  你就聽命去行
[00:13:51.360 --> 00:13:56.760]  這個重點不是叫你有多大力去敲那個盤石
[00:13:56.760 --> 00:13:59.560]  是你信不信得過上帝
[00:13:59.560 --> 00:14:00.360]  好了
[00:14:00.360 --> 00:14:02.160]  你發覺摩西怎樣?
[00:14:02.160 --> 00:14:04.960]  摩西在第九到第十一節
[00:14:04.960 --> 00:14:06.360]  我們就發覺
[00:14:06.360 --> 00:14:07.960]  他今次
[00:14:07.960 --> 00:14:09.960]  他拿了一支杖去
[00:14:09.960 --> 00:14:12.560]  不過他開始情緒失控
[00:14:12.560 --> 00:14:14.760]  他一見到那班百姓
[00:14:14.760 --> 00:14:17.560]  他已經火都來了
[00:14:17.560 --> 00:14:19.560]  然後他怎樣說?
[00:14:19.560 --> 00:14:22.960]  說你們這班背叛的人
[00:14:22.960 --> 00:14:24.560]  聖經是這樣形容的
[00:14:24.560 --> 00:14:27.360]  摩西當時是舉起手來的
[00:14:27.360 --> 00:14:32.760]  他其實裡頭是有很大的一個怒氣在
[00:14:32.760 --> 00:14:34.360]  而同時他舉起手來
[00:14:34.360 --> 00:14:36.960]  就是顯示他自己的能力
[00:14:36.960 --> 00:14:40.560]  其實上帝沒有吩咐他舉手
[00:14:40.560 --> 00:14:43.360]  也沒有吩咐他擊打盤石
[00:14:43.360 --> 00:14:46.160]  只是吩咐他吩咐盤石出水
[00:14:46.160 --> 00:14:48.360]  大家留意到這個分別嗎?
[00:14:48.360 --> 00:14:50.360]  這個分別很大
[00:14:50.360 --> 00:14:52.160]  那麼摩西
[00:14:52.160 --> 00:14:55.160]  你記不記得他四十年前發生什麼事?
[00:14:55.160 --> 00:14:59.560]  為什麼他會去了埃及?
[00:14:59.560 --> 00:15:03.960]  他原本由埃及出來
[00:15:03.960 --> 00:15:07.760]  因為他殺了一個埃及人
[00:15:07.760 --> 00:15:08.960]  四十年前
[00:15:08.960 --> 00:15:11.360]  他是埃及的王子
[00:15:11.360 --> 00:15:15.560]  他來到當時見到有埃及人欺負他
[00:15:15.560 --> 00:15:18.560]  那些希伯來人是他的同胞
[00:15:18.560 --> 00:15:21.960]  他心裡頭又是一把火來了
[00:15:21.960 --> 00:15:24.960]  就是記得我要主持公義
[00:15:24.960 --> 00:15:28.160]  結果一拳就砌倒了人家
[00:15:28.160 --> 00:15:29.360]  真的死了
[00:15:29.360 --> 00:15:31.560]  死了就拖著屍體
[00:15:31.560 --> 00:15:33.160]  埋在沙堆裡面
[00:15:33.160 --> 00:15:34.760]  他想著沒有人知道
[00:15:34.760 --> 00:15:38.960]  第二天他見到兩個希伯來人在爭鬧
[00:15:38.960 --> 00:15:42.960]  接著他又想著去主持公道
[00:15:42.960 --> 00:15:45.760]  摩西也很正義
[00:15:45.760 --> 00:15:47.560]  誰知道這次怎麼樣?
[00:15:47.560 --> 00:15:48.760]  那希伯來人
[00:15:48.760 --> 00:15:50.760]  你為什麼做我們老大?
[00:15:50.760 --> 00:15:55.360]  誰讓你在我們中間當審判官?
[00:15:55.360 --> 00:15:57.560]  你是不是好像昨天那樣
[00:15:57.560 --> 00:15:58.960]  打死那個埃及人
[00:15:58.960 --> 00:16:00.960]  你現在想打死我們?
[00:16:00.960 --> 00:16:03.760]  摩西聽到這樣的說話知道
[00:16:03.760 --> 00:16:06.560]  昨天做了那些壞事
[00:16:06.560 --> 00:16:08.560]  原來洩漏出去了
[00:16:08.560 --> 00:16:09.960]  接著怎麼樣?
[00:16:09.960 --> 00:16:14.760]  接著是法老真是下命令要追殺摩西
[00:16:14.760 --> 00:16:16.560]  摩西馬上逃跑
[00:16:16.560 --> 00:16:17.960]  跑到哪裡?
[00:16:17.960 --> 00:16:23.160]  跑到五米田這個平原裡面
[00:16:23.160 --> 00:16:28.560]  上帝就要他在那裡四十年乖乖地做牧羊人
[00:16:28.560 --> 00:16:30.560]  摩西學不學到?
[00:16:30.560 --> 00:16:33.160]  變成柔和謙卑了
[00:16:33.160 --> 00:16:35.960]  現在很溫馴了
[00:16:35.960 --> 00:16:39.160]  誰知道我們發覺原來摩西
[00:16:39.160 --> 00:16:43.760]  他原來學這種極其謙和溫柔
[00:16:43.760 --> 00:16:46.360]  但是去到一些很
[00:16:46.360 --> 00:16:48.560]  原來是他的死穴
[00:16:48.560 --> 00:16:51.560]  我真的覺得是摩西的生命裡面
[00:16:51.560 --> 00:16:54.960]  你知不知道你的生命裡面有沒有一些死穴?
[00:16:54.960 --> 00:16:58.360]  你試過忍不住發脾氣
[00:16:58.360 --> 00:17:01.960]  或者說出一些不應該說的話
[00:17:01.960 --> 00:17:03.160]  試過沒有?
[00:17:03.160 --> 00:17:05.560]  有多少電影節目試過?
[00:17:05.560 --> 00:17:07.360]  嘩!
[00:17:07.360 --> 00:17:10.160]  大家都是正常人
[00:17:10.160 --> 00:17:16.160]  不過千萬不要現在都是這樣
[00:17:16.160 --> 00:17:17.960]  其實我們學到老
[00:17:17.960 --> 00:17:18.960]  做到老
[00:17:18.960 --> 00:17:19.960]  活到老
[00:17:19.960 --> 00:17:21.360]  是要學做什麼?
[00:17:21.360 --> 00:17:23.360]  耶穌基督的門徒
[00:17:23.360 --> 00:17:28.960]  其實當你被人挑逗你的情緒或者激氣
[00:17:28.960 --> 00:17:32.760]  你不要將那種情緒馬上發洩
[00:17:32.760 --> 00:17:35.960]  當他情緒失控的時候
[00:17:35.960 --> 00:17:39.360]  他基本上也是偏離了神的命令
[00:17:39.360 --> 00:17:44.960]  他要用自己的方法去宣洩他的怒氣
[00:17:44.960 --> 00:17:46.760]  他這樣做
[00:17:46.760 --> 00:17:49.760]  結果盆石有沒有出水?
[00:17:49.760 --> 00:17:51.560]  有沒有?
[00:17:51.560 --> 00:17:52.560]  都有
[00:17:52.560 --> 00:17:54.960]  為什麼會都有呢?
[00:17:54.960 --> 00:17:58.360]  其實神的恩典不會因為人的失誤
[00:17:58.360 --> 00:18:04.360]  不會因為人不信服他的時候
[00:18:04.360 --> 00:18:06.760]  他的公認
[00:18:06.760 --> 00:18:08.560]  他的憐憫
[00:18:08.560 --> 00:18:10.560]  他就在那裡斷絕
[00:18:10.560 --> 00:18:14.360]  上帝都是怒氣只是一縮
[00:18:14.360 --> 00:18:16.360]  一消之間
[00:18:16.360 --> 00:18:18.160]  只要我們在天亮的時候
[00:18:18.160 --> 00:18:20.360]  懂得要回轉歸向神
[00:18:20.360 --> 00:18:24.760]  這個就是上帝對我們那種忍耐和憐憫
[00:18:24.760 --> 00:18:28.360]  神的判語在這個十二十三節
[00:18:28.360 --> 00:18:29.360]  他是這樣說的
[00:18:29.360 --> 00:18:30.560]  我們一起讀一下
[00:18:30.560 --> 00:18:33.160]  但是耶和華對摩西說
[00:18:33.160 --> 00:18:34.160]  阿倫說
[00:18:34.160 --> 00:18:36.160]  因為你們不信我
[00:18:36.160 --> 00:18:39.960]  沒有在以色列人眼前信我為聖
[00:18:39.960 --> 00:18:42.960]  所以你們必不能領者會眾
[00:18:42.960 --> 00:18:46.360]  進入我所要賜給他們的地去
[00:18:46.360 --> 00:18:48.960]  這就是米利巴水
[00:18:48.960 --> 00:18:52.360]  因以色列人與耶和華爭鬧
[00:18:52.360 --> 00:18:54.360]  耶和華在他們面前
[00:18:54.360 --> 00:18:56.160]  顯為聖
[00:18:56.160 --> 00:18:59.160]  這件事很大件事
[00:18:59.160 --> 00:19:02.760]  就是一個這樣的失誤
[00:19:02.760 --> 00:19:04.960]  但是你說是小事嗎?
[00:19:04.960 --> 00:19:06.560]  絕對不是小事
[00:19:06.560 --> 00:19:08.560]  因為這兩個都是領袖
[00:19:08.560 --> 00:19:12.160]  阿倫一句話都沒有說
[00:19:12.160 --> 00:19:14.760]  但是他整天都是這樣的
[00:19:14.760 --> 00:19:16.360]  沉默的阿倫
[00:19:16.360 --> 00:19:18.760]  人家叫他做金牛毒
[00:19:18.760 --> 00:19:20.760]  他又做金牛毒
[00:19:20.760 --> 00:19:28.360]  這個阿倫也沒有堅守在大祭司的位置上
[00:19:28.360 --> 00:19:30.560]  他沒有尊神為聖
[00:19:30.560 --> 00:19:33.960]  不相信神的說話
[00:19:33.960 --> 00:19:36.960]  他也沒有制止摩西
[00:19:36.960 --> 00:19:40.360]  喂!弟弟你不要亂來
[00:19:40.360 --> 00:19:43.360]  上帝是吩咐你去吩咐盤石
[00:19:43.360 --> 00:19:44.760]  你為什麼舉高手?
[00:19:44.760 --> 00:19:45.960]  你想做什麼?
[00:19:45.960 --> 00:19:49.760]  沒有任何的制止
[00:19:49.760 --> 00:19:52.360]  我們看見上帝要罰他們
[00:19:52.360 --> 00:19:54.760]  兩個都罰
[00:19:54.760 --> 00:19:59.160]  這個事件帶給我們有三個很重要的問題
[00:19:59.160 --> 00:19:59.960]  第一
[00:19:59.960 --> 00:20:01.560]  在關鍵的時刻
[00:20:01.560 --> 00:20:04.560]  你有沒有完全信靠神?
[00:20:04.560 --> 00:20:09.560]  整班人在這裏群起來攻擊你
[00:20:09.560 --> 00:20:13.160]  你當時是信靠上帝
[00:20:13.160 --> 00:20:17.360]  你知道你是照神的吩咐去做就可以了
[00:20:17.360 --> 00:20:18.960]  但是他們沒有
[00:20:18.960 --> 00:20:25.160]  他們要顯出給百姓看到是摩西的怒氣
[00:20:25.160 --> 00:20:27.360]  不是看到神的聖潔
[00:20:27.360 --> 00:20:29.960]  這個帶來也是第三方面
[00:20:29.960 --> 00:20:32.760]  他們的失職、失誤
[00:20:32.760 --> 00:20:36.560]  影響了整個群體對神的認識
[00:20:36.560 --> 00:20:39.560]  神是興萬不得的
[00:20:39.560 --> 00:20:42.560]  又說就在他們面前顯為聖
[00:20:42.560 --> 00:20:44.760]  即使在人的爭吵裏面
[00:20:44.760 --> 00:20:47.760]  神仍要顯出祂的聖潔
[00:20:47.760 --> 00:20:49.360]  第三個段落
[00:20:49.360 --> 00:20:55.360]  我們看到摩西在這件事發生之後
[00:20:55.360 --> 00:20:58.760]  其實摩西都知道自己失敗了
[00:20:58.760 --> 00:21:00.160]  失敗的時候
[00:21:00.160 --> 00:21:07.960]  他仍然想要帶領子民繼續北上
[00:21:07.960 --> 00:21:08.960]  要北上
[00:21:08.960 --> 00:21:17.360]  他就想找回他們叔父世侄的關係
[00:21:17.360 --> 00:21:18.960]  這個以東人
[00:21:18.960 --> 00:21:21.760]  大家知不知道是哪個人的後代
[00:21:21.760 --> 00:21:22.760]  就是以素
[00:21:22.760 --> 00:21:25.560]  以素的兄弟就是雅各
[00:21:25.560 --> 00:21:29.160]  雅各的後代就是這十二個支派的以色列人
[00:21:29.160 --> 00:21:31.560]  所以他們是很親的
[00:21:31.560 --> 00:21:33.560]  其實在親族的關係裏面
[00:21:33.560 --> 00:21:34.960]  這麼親的
[00:21:34.960 --> 00:21:36.360]  所以他用弟兄
[00:21:36.360 --> 00:21:39.360]  首先摩西跟我們說
[00:21:39.360 --> 00:21:41.560]  我們是親戚
[00:21:41.560 --> 00:21:44.360]  你可不可以幫幫忙
[00:21:44.360 --> 00:21:49.960]  讓我們通過你們的以東這個地方
[00:21:49.960 --> 00:21:53.960]  我們可以上去北面
[00:21:53.960 --> 00:21:56.760]  我們就會入迦南地
[00:21:56.760 --> 00:21:59.160]  不會阻礙你們很久
[00:21:59.160 --> 00:22:01.960]  給我們一點時間就可以了
[00:22:01.960 --> 00:22:03.760]  給我們一點時間
[00:22:03.760 --> 00:22:06.360]  最主要的不是這個問題
[00:22:06.360 --> 00:22:08.160]  是別人不給的
[00:22:08.160 --> 00:22:10.560]  他說我們走大道
[00:22:10.560 --> 00:22:12.360]  這個大道的意思是
[00:22:12.360 --> 00:22:15.160]  那個是主要的通道
[00:22:15.160 --> 00:22:18.360]  我們不走那些葡萄園
[00:22:18.360 --> 00:22:21.760]  我們不會損毀你的農作物
[00:22:21.760 --> 00:22:24.960]  我們甚至如果有損毀
[00:22:24.960 --> 00:22:28.760]  我們願意給錢賠償你們
[00:22:28.760 --> 00:22:31.960]  所以以東人是怎樣
[00:22:31.960 --> 00:22:33.160]  沒得輸了
[00:22:33.160 --> 00:22:37.160]  但結果他們不肯就不肯
[00:22:37.160 --> 00:22:40.360]  他甚至想說
[00:22:40.360 --> 00:22:42.160]  神是帶我們出埃及的
[00:22:42.160 --> 00:22:44.160]  你念念這個恩情
[00:22:44.160 --> 00:22:45.760]  你同情我們
[00:22:45.760 --> 00:22:47.760]  但他也不肯
[00:22:47.760 --> 00:22:50.360]  不肯這樣做
[00:22:50.360 --> 00:22:53.360]  以東的回應是兩次都拒絕
[00:22:53.360 --> 00:22:54.960]  摩西這個要求
[00:22:54.960 --> 00:22:57.360]  他說甚至你們不走
[00:22:57.360 --> 00:23:00.360]  我們找武力驅趕你們
[00:23:00.360 --> 00:23:04.160]  所以以色列沒得強闖的情況下
[00:23:04.160 --> 00:23:07.560]  就選擇小路而行
[00:23:07.560 --> 00:23:09.160]  其實今天你有沒有
[00:23:09.160 --> 00:23:11.760]  都遇過這種情況
[00:23:11.760 --> 00:23:13.560]  你有沒有你的親友
[00:23:13.560 --> 00:23:15.960]  你所熟悉的朋友
[00:23:15.960 --> 00:23:17.560]  你可能多年
[00:23:17.560 --> 00:23:19.360]  你跟他分享見證
[00:23:19.360 --> 00:23:21.160]  你很想他都跟我們一起
[00:23:21.160 --> 00:23:25.160]  得著耶穌這個寶貴的救恩
[00:23:25.160 --> 00:23:26.960]  但他都拒絕
[00:23:26.960 --> 00:23:28.360]  但你不要灰心
[00:23:28.360 --> 00:23:30.960]  神仍有其他的路
[00:23:30.960 --> 00:23:33.160]  當人很硬心
[00:23:33.160 --> 00:23:37.560]  當好像神的計劃失敗的時候
[00:23:37.560 --> 00:23:42.960]  但我們看到是神的心意絕對不會失敗
[00:23:42.960 --> 00:23:44.960]  最後這個段落我們看到
[00:23:44.960 --> 00:23:48.360]  亞倫的死和祭司的交接
[00:23:48.360 --> 00:23:52.160]  首先上帝要宣告
[00:23:52.160 --> 00:23:54.560]  亞倫將會死
[00:23:54.560 --> 00:23:57.360]  原因剛才交代了
[00:23:57.360 --> 00:23:59.360]  是米利巴尼的事件
[00:23:59.360 --> 00:24:02.360]  他違背了神的指示
[00:24:02.360 --> 00:24:06.360]  神對領袖的標準是很一致的
[00:24:06.360 --> 00:24:11.160]  不會因為你的資歷高與低
[00:24:11.160 --> 00:24:15.560]  或者你的功勞多與少而放寬
[00:24:15.560 --> 00:24:20.360]  我們看到對於當時這件事帶來很震撼
[00:24:20.360 --> 00:24:22.560]  震撼的地方就是
[00:24:22.560 --> 00:24:26.960]  兩個領袖都不能進入迦南地
[00:24:26.960 --> 00:24:30.760]  在25到27節
[00:24:30.760 --> 00:24:32.560]  上帝的吩咐就是
[00:24:32.560 --> 00:24:34.960]  要他們在會眾眼前
[00:24:34.960 --> 00:24:37.960]  三個人一起上荷爾山
[00:24:37.960 --> 00:24:39.960]  這三個人就是摩西
[00:24:39.960 --> 00:24:41.560]  大祭司亞倫
[00:24:41.560 --> 00:24:43.160]  和他第三個兒子
[00:24:43.160 --> 00:24:45.760]  他頭兩個兒子就是因為當時
[00:24:45.760 --> 00:24:50.760]  來到擅自獻祭
[00:24:50.760 --> 00:24:53.560]  獻梵火而被神擊殺
[00:24:53.560 --> 00:24:56.160]  摩西在山上
[00:24:56.160 --> 00:25:01.560]  叫亞倫將他大祭司的袍脫下來
[00:25:01.560 --> 00:25:04.960]  為以利亞撒穿上
[00:25:04.960 --> 00:25:10.960]  這表明職責職份真的移交了
[00:25:10.960 --> 00:25:13.760]  我們說的職份
[00:25:13.760 --> 00:25:16.760]  祭司的職份是要繼續的
[00:25:16.760 --> 00:25:20.160]  不過大祭司亞倫
[00:25:20.160 --> 00:25:23.560]  他就在上帝命定的時間
[00:25:23.560 --> 00:25:30.960]  他就要來放下他的所有職務
[00:25:30.960 --> 00:25:33.160]  而我們看到
[00:25:33.160 --> 00:25:37.560]  這一個上帝所揀選的大祭司
[00:25:37.560 --> 00:25:40.760]  和他所管理的那些祭司
[00:25:40.760 --> 00:25:42.760]  都是要繼續延續
[00:25:42.760 --> 00:25:46.160]  上帝的心意在聖殿裏要侍奉的
[00:25:46.160 --> 00:25:49.760]  亞倫的死帶來甚麼事情呢?
[00:25:49.760 --> 00:25:54.160]  全會眾他們要為亞倫哀哭三十天
[00:25:54.160 --> 00:25:57.760]  神的僕人他被紀念
[00:25:57.760 --> 00:26:00.160]  但他的工作仍要繼續
[00:26:00.160 --> 00:26:02.360]  我們在這裏看到一件很重要的事
[00:26:02.360 --> 00:26:06.960]  就是健康的交接文化
[00:26:06.960 --> 00:26:08.760]  我們要尊重上一代
[00:26:08.760 --> 00:26:13.360]  但亦都要預備下一代要接盤
[00:26:13.360 --> 00:26:17.360]  做比較年長的
[00:26:17.360 --> 00:26:26.560]  我們不要所謂眷戀在一個職位上
[00:26:26.560 --> 00:26:31.960]  你需要按照上帝所命定的時間要交盤
[00:26:31.960 --> 00:26:34.360]  在教會的服事都一樣
[00:26:34.360 --> 00:26:37.960]  所以教會一個比較健康的機制
[00:26:37.960 --> 00:26:44.160]  就是兩年或者三年會輪任那些執事
[00:26:44.160 --> 00:26:48.960]  三年可以再輪任多一次
[00:26:48.960 --> 00:26:50.760]  可能就是六年
[00:26:50.760 --> 00:26:55.560]  六年到第七年一定是要卸任
[00:26:55.560 --> 00:26:56.960]  為了甚麼呢?
[00:26:56.960 --> 00:27:01.960]  為了幫助神的子民群體
[00:27:01.960 --> 00:27:10.160]  我們要不斷提拔年青的後輩一代要起來
[00:27:10.160 --> 00:27:12.360]  我們要尊神為聖
[00:27:12.360 --> 00:27:15.760]  上帝的心意就是他的子民百姓
[00:27:15.760 --> 00:27:18.560]  每一個都懂得一起來侍奉神
[00:27:18.560 --> 00:27:20.760]  他們都是神的僕人
[00:27:20.760 --> 00:27:22.560]  神不容許他們去僕人
[00:27:22.560 --> 00:27:25.960]  首先在這一章我們看到
[00:27:25.960 --> 00:27:28.560]  神不容許他的僕人就是摩西亞倫
[00:27:28.560 --> 00:27:31.560]  在眾人眼前扭曲了他的形象
[00:27:31.560 --> 00:27:34.960]  如果上帝不罰摩西和亞倫
[00:27:34.960 --> 00:27:36.960]  百姓就會覺得
[00:27:36.960 --> 00:27:40.560]  我們昔日都是來得罪神
[00:27:40.560 --> 00:27:42.560]  神那麼重手
[00:27:42.560 --> 00:27:47.560]  現在是你揀選的領袖有問題的時候
[00:27:47.560 --> 00:27:50.160]  為甚麼你又看一面呢?
[00:27:50.160 --> 00:27:53.560]  上帝永遠沒有雙重標準
[00:27:53.560 --> 00:27:58.560]  上帝的標準就是他自己是聖潔公義
[00:27:58.560 --> 00:28:02.160]  但他也有慈愛和憐憫
[00:28:02.160 --> 00:28:06.360]  是需要人懂得看到你自己的軟弱
[00:28:06.360 --> 00:28:10.360]  你要好好的來回轉悔改
[00:28:10.360 --> 00:28:11.960]  即使偉大的
[00:28:11.960 --> 00:28:15.960]  好像摩西這個領袖亞倫
[00:28:15.960 --> 00:28:19.160]  他都會在壓力下失腳
[00:28:19.160 --> 00:28:21.760]  但恩典和審判都是並存的
[00:28:21.760 --> 00:28:27.560]  我們看到在米利巴水的事件
[00:28:27.560 --> 00:28:30.360]  仍然看到上帝有恩典有憐憫
[00:28:30.360 --> 00:28:35.160]  不過他要審判他的領袖
[00:28:35.160 --> 00:28:37.360]  在世代交接裡面我們看到
[00:28:37.360 --> 00:28:39.760]  神的工作是超越個人的
[00:28:39.760 --> 00:28:43.360]  職份要在世代間不斷延續
[00:28:43.360 --> 00:28:47.560]  而信心和信服是相輔相成的
[00:28:47.560 --> 00:28:51.360]  真正的信心就是你照著神的話
[00:28:51.360 --> 00:28:56.160]  他的吩咐和指示去做就可以了
[00:28:56.160 --> 00:28:58.560]  我們今天看到摩西
[00:28:58.560 --> 00:29:01.360]  他在第九節他懂得拿個杖去
[00:29:01.360 --> 00:29:05.160]  不過可惜他在第二十四節
[00:29:05.160 --> 00:29:10.160]  我們看到他和二十七節
[00:29:10.160 --> 00:29:15.160]  他就需要學習來世代交接
[00:29:15.160 --> 00:29:21.760]  他要來慰亞倫上婆爾山
[00:29:21.760 --> 00:29:25.760]  今天我們可以整段經文
[00:29:25.760 --> 00:29:28.160]  我們可以試一下思想有幾樣東西
[00:29:28.160 --> 00:29:34.160]  第一你在你的困難或者挑戰底下
[00:29:34.160 --> 00:29:37.360]  你面對怨言的時候
[00:29:37.360 --> 00:29:42.160]  或者你不知道怎樣去回應的時候
[00:29:42.160 --> 00:29:45.760]  究竟你是用你的方法去解決
[00:29:45.760 --> 00:29:50.360]  還是你馬上回到舊約會幕前
[00:29:50.360 --> 00:29:52.160]  在新約裡面
[00:29:52.160 --> 00:29:54.560]  無論回到家會祈禱
[00:29:54.560 --> 00:29:56.160]  或者你在家裡
[00:29:56.160 --> 00:29:57.760]  或者在你的辦公室
[00:29:57.760 --> 00:29:59.560]  或者在你家裡
[00:29:59.560 --> 00:30:03.160]  你立時懂得去祈禱
[00:30:03.160 --> 00:30:06.560]  有時我們說兩夫妻的問題都是一樣
[00:30:06.560 --> 00:30:10.760]  你不可以兩個都在情緒高漲的時候
[00:30:10.760 --> 00:30:12.560]  你為了要爭論
[00:30:12.560 --> 00:30:15.560]  好像誰對誰不對
[00:30:15.560 --> 00:30:16.760]  為了道理
[00:30:16.760 --> 00:30:19.360]  你去爭取贏了那場架
[00:30:19.360 --> 00:30:22.960]  但是你敗壞了那段關係
[00:30:22.960 --> 00:30:26.960]  很多夫妻有時他們搞到離婚
[00:30:26.960 --> 00:30:29.360]  其實那些問題是累積的
[00:30:29.360 --> 00:30:32.160]  那些不是一件事就爆煲的
[00:30:32.160 --> 00:30:34.760]  他們往往都是將那些
[00:30:34.760 --> 00:30:37.960]  是擺了很多問題在地氈底
[00:30:37.960 --> 00:30:39.960]  沒有真正去解決
[00:30:39.960 --> 00:30:41.960]  甚至變成冷戰
[00:30:41.960 --> 00:30:44.560]  甚至到最後出事
[00:30:44.560 --> 00:30:48.360]  我們今天要學習先禱告再說話
[00:30:48.360 --> 00:30:50.160]  不要急於說話
[00:30:50.160 --> 00:30:54.560]  國書教我們要快快的聽
[00:30:54.560 --> 00:30:56.160]  慢慢的說
[00:30:56.160 --> 00:30:58.360]  慢慢的動腦
[00:30:58.360 --> 00:31:00.760]  千萬不要一開口就說
[00:31:00.760 --> 00:31:02.160]  你不對
[00:31:02.160 --> 00:31:03.560]  你全對嗎
[00:31:03.560 --> 00:31:05.960]  你自己苦心自問
[00:31:05.960 --> 00:31:08.360]  你都隨時會有很多
[00:31:08.360 --> 00:31:10.960]  你自己的軟弱你自己的問題
[00:31:10.960 --> 00:31:12.760]  我們怎樣學習尊臣為聖
[00:31:12.760 --> 00:31:13.960]  世代交接呢
[00:31:13.960 --> 00:31:16.360]  我這裡給大家看一張照片
[00:31:16.360 --> 00:31:17.560]  這張照片
[00:31:17.560 --> 00:31:20.160]  在我預備這篇講章的時候
[00:31:20.160 --> 00:31:21.360]  在我辦公室
[00:31:21.360 --> 00:31:24.160]  一些舊的檔案裡面
[00:31:24.160 --> 00:31:25.760]  我突然間發現
[00:31:25.760 --> 00:31:27.360]  這位
[00:31:27.360 --> 00:31:29.560]  這一個家庭
[00:31:29.560 --> 00:31:33.160]  有些來港福堂久了就會認識他們
[00:31:33.160 --> 00:31:34.760]  是Peter Lee
[00:31:34.760 --> 00:31:37.160]  和他的太太Lisa
[00:31:37.160 --> 00:31:40.560]  那時候他們兩個小孩子很小
[00:31:40.560 --> 00:31:43.960]  右邊的就是Cody
[00:31:43.960 --> 00:31:46.560]  今天是我們的實習神學生
[00:31:46.560 --> 00:31:48.360]  準備做傳道人
[00:31:48.360 --> 00:31:52.160]  他也是之前有去參加過短宣
[00:31:52.160 --> 00:31:53.760]  他看到神給他
[00:31:53.760 --> 00:31:55.560]  心裡有這個負擔
[00:31:55.560 --> 00:31:57.560]  旁邊的就是他弟弟
[00:31:57.560 --> 00:31:59.360]  Justin
[00:31:59.360 --> 00:32:01.360]  他現在都已經長大成人了
[00:32:01.360 --> 00:32:02.960]  已經結婚了
[00:32:02.960 --> 00:32:05.760]  這個家庭我想告訴大家什麼呢
[00:32:05.760 --> 00:32:08.360]  就是他們
[00:32:08.360 --> 00:32:09.760]  Peter Lee
[00:32:09.760 --> 00:32:12.760]  他是一個很愛惜小孩子
[00:32:12.760 --> 00:32:15.560]  但他很愛神的話
[00:32:15.560 --> 00:32:17.960]  他信了耶穌之後
[00:32:17.960 --> 00:32:20.160]  他在那個家長會裡面
[00:32:20.160 --> 00:32:23.960]  帶了很多家長回來教會
[00:32:23.960 --> 00:32:25.760]  決志信耶穌
[00:32:25.760 --> 00:32:28.960]  這個是他一個福音的見證
[00:32:28.960 --> 00:32:30.560]  他做了很多年
[00:32:30.560 --> 00:32:32.760]  都是很堅持這樣做
[00:32:32.760 --> 00:32:36.360]  但很可惜十幾年前
[00:32:36.360 --> 00:32:38.360]  他因為那個癌症
[00:32:38.360 --> 00:32:43.160]  結果他被主在復活節的時間
[00:32:43.160 --> 00:32:45.760]  接了他回天教
[00:32:45.760 --> 00:32:47.360]  我印象很深刻
[00:32:47.360 --> 00:32:50.960]  我對Peter那個生命
[00:32:50.960 --> 00:32:53.960]  幫我主持他的安息禮的時候
[00:32:53.960 --> 00:32:57.760]  我自己心裡都是很多感動
[00:32:57.760 --> 00:33:00.160]  很多的懷念
[00:33:00.160 --> 00:33:04.560]  而他的太太Liesel也是繼承丈夫的遺志
[00:33:04.560 --> 00:33:08.160]  她教養了一對很出色的兒女
[00:33:08.160 --> 00:33:09.960]  長大成人之後
[00:33:09.960 --> 00:33:11.960]  他們愛慕神的話
[00:33:11.960 --> 00:33:14.360]  自小在兒童主義學長大
[00:33:14.360 --> 00:33:16.560]  他們每一年的VBS
[00:33:16.560 --> 00:33:18.360]  他們一路來參加
[00:33:18.360 --> 00:33:21.760]  到超齡之後就來幫忙VBS
[00:33:21.760 --> 00:33:25.760]  這些家庭是全家來服侍
[00:33:25.760 --> 00:33:26.760]  到今天
[00:33:26.760 --> 00:33:29.560]  Liesel仍然在兒童主義學
[00:33:29.560 --> 00:33:31.760]  甚至去到學清區
[00:33:31.760 --> 00:33:35.760]  他是怎樣關心愛慕那些小孩子
[00:33:35.760 --> 00:33:36.960]  那些中學生
[00:33:36.960 --> 00:33:38.560]  要愛神的話
[00:33:38.560 --> 00:33:40.560]  要愛慕神
[00:33:40.560 --> 00:33:43.360]  要叫爸爸媽媽都要來認識神
[00:33:43.360 --> 00:33:47.360]  他的生命給我們有很多很多的鼓勵
[00:33:47.360 --> 00:33:51.960]  我們怎樣能夠建立一個健康的交接文化呢
[00:33:51.960 --> 00:33:54.560]  我們必須要學習跨代同行
[00:33:54.560 --> 00:33:55.960]  這種是重要
[00:33:55.960 --> 00:33:59.760]  亦都要陪伴同行一起去成長
[00:33:59.760 --> 00:34:02.760]  一起成長
[00:34:02.760 --> 00:34:06.760]  在這裡我將兩張相片跟大家分享
[00:34:06.760 --> 00:34:08.760]  是幾天前發生的事
[00:34:08.760 --> 00:34:12.560]  這個男孩子
[00:34:12.560 --> 00:34:13.960]  我是看著他長大的
[00:34:13.960 --> 00:34:15.960]  他在廣福兒童主義學
[00:34:15.960 --> 00:34:17.360]  那時候是很小的
[00:34:17.360 --> 00:34:19.360]  他的名字叫Rico
[00:34:19.360 --> 00:34:22.160]  他的爸爸是Patrick Tsang
[00:34:22.160 --> 00:34:23.960]  和他太太叫Ada
[00:34:23.960 --> 00:34:27.160]  我們教會有兩個Patrick Tsang
[00:34:27.160 --> 00:34:30.160]  這個是唱詩班的Patrick Tsang
[00:34:30.160 --> 00:34:36.160]  他這個兒子那天很開心地走回來教會
[00:34:36.160 --> 00:34:37.960]  他說他做了什麼呢
[00:34:37.960 --> 00:34:39.960]  他做了一些曲奇
[00:34:39.960 --> 00:34:42.960]  他說要請我們同工吃曲奇餅
[00:34:42.960 --> 00:34:45.160]  我們當然很開心
[00:34:45.160 --> 00:34:47.160]  我們都多謝他
[00:34:47.160 --> 00:34:49.360]  他叫我吃
[00:34:49.360 --> 00:34:53.360]  我就不敢吃太多曲奇
[00:34:53.360 --> 00:34:54.760]  因為要控制血糖
[00:34:54.760 --> 00:34:56.760]  他說這些很低的
[00:34:56.760 --> 00:34:57.960]  沒什麼糖的
[00:34:57.960 --> 00:35:01.560]  我吃了一口就覺得真的很好吃
[00:35:01.560 --> 00:35:04.360]  結果我吃完一整塊
[00:35:04.360 --> 00:35:08.160]  然後我就發覺他當時
[00:35:08.160 --> 00:35:11.560]  有些同工已經幫他包紮了傷口
[00:35:11.560 --> 00:35:13.960]  原來他的手指
[00:35:13.960 --> 00:35:16.360]  那天他在家裡出來
[00:35:16.360 --> 00:35:18.160]  他就去拿信
[00:35:18.160 --> 00:35:19.960]  在信箱那些格
[00:35:19.960 --> 00:35:21.560]  不知道他自己戒傷了
[00:35:21.560 --> 00:35:22.760]  他不知道
[00:35:22.760 --> 00:35:24.360]  他走去搭巴士的時候
[00:35:24.360 --> 00:35:28.560]  人家說你好像流了很多血
[00:35:28.560 --> 00:35:31.360]  他流了很多血他都不知道
[00:35:31.360 --> 00:35:34.160]  結果後來找紙巾
[00:35:34.160 --> 00:35:35.760]  回到教會
[00:35:35.760 --> 00:35:38.960]  我們當時馬上幫他處理
[00:35:38.960 --> 00:35:41.160]  也怕他有破傷風
[00:35:41.160 --> 00:35:42.360]  我說你一定
[00:35:42.360 --> 00:35:44.960]  等一會媽媽來接你回去的時候
[00:35:44.960 --> 00:35:46.160]  要看醫生
[00:35:46.160 --> 00:35:49.160]  看需不需要打破傷風針
[00:35:49.160 --> 00:35:52.760]  結果後來就等到他媽媽來
[00:35:52.760 --> 00:35:56.160]  我們才來跟他說再見
[00:35:56.160 --> 00:35:57.560]  我們就在當中
[00:35:57.560 --> 00:35:59.760]  其實每一個人都可以成為
[00:35:59.760 --> 00:36:02.560]  這個小孩子的一個天使
[00:36:02.560 --> 00:36:04.360]  為什麼他今天
[00:36:04.360 --> 00:36:07.560]  這個小孩子由小學生到中學生
[00:36:07.560 --> 00:36:09.960]  他都愛慕神的話
[00:36:09.960 --> 00:36:12.560]  和很愛慕回來教會
[00:36:12.560 --> 00:36:14.160]  因為要知道在這裡
[00:36:14.160 --> 00:36:15.960]  他不單止有神的話
[00:36:15.960 --> 00:36:17.960]  他看到是有神的愛
[00:36:17.960 --> 00:36:19.760]  他看到同宮門
[00:36:19.760 --> 00:36:22.960]  看到一些叔叔阿姨是疼他的
[00:36:22.960 --> 00:36:24.760]  這件事很重要
[00:36:24.760 --> 00:36:27.760]  今天我們對我們的下一代年輕人
[00:36:27.760 --> 00:36:29.360]  就要將神的話
[00:36:29.360 --> 00:36:32.360]  和神的愛給予他們
[00:36:32.360 --> 00:36:35.760]  我最近也看到一個見證
[00:36:35.760 --> 00:36:37.160]  我覺得很有意思
[00:36:37.160 --> 00:36:41.160]  那個文章是這樣說的
[00:36:41.160 --> 00:36:43.560]  每個人都可以成為天使
[00:36:43.560 --> 00:36:46.160]  他是在說四十多年前
[00:36:46.160 --> 00:36:51.160]  1978年一個考會考的日子
[00:36:51.160 --> 00:36:53.360]  他說有一個中五的學生
[00:36:53.360 --> 00:36:55.560]  他叫做聰仔
[00:36:55.560 --> 00:36:57.360]  這個聰仔當時
[00:36:57.360 --> 00:37:00.760]  就是要考會考的第一科
[00:37:00.760 --> 00:37:05.360]  而這一科是他升中六的時候的必修科
[00:37:05.360 --> 00:37:08.960]  他從他家在牛頭角住
[00:37:08.960 --> 00:37:11.360]  他去到觀塘碼頭
[00:37:11.360 --> 00:37:13.160]  你記住是1978年
[00:37:13.160 --> 00:37:21.960]  那時候地鐵還沒有建好
[00:37:21.960 --> 00:37:23.760]  所以坐渡海小輪
[00:37:23.760 --> 00:37:26.360]  由觀塘去到北角
[00:37:26.360 --> 00:37:30.960]  然後還要轉乘巴士去到寶馬山道
[00:37:30.960 --> 00:37:32.960]  一間中學考試
[00:37:32.960 --> 00:37:35.560]  誰知道那天下大雨
[00:37:35.560 --> 00:37:37.760]  巴士站滿了人
[00:37:37.760 --> 00:37:39.960]  時間一分秒過去
[00:37:39.960 --> 00:37:43.560]  哇 結果他很緊張
[00:37:43.560 --> 00:37:45.360]  然後遲到了
[00:37:45.360 --> 00:37:46.960]  遲到是不行的
[00:37:46.960 --> 00:37:51.760]  結果他就和人一起搭的士
[00:37:51.760 --> 00:37:53.560]  誰知道 你知道
[00:37:53.560 --> 00:37:56.360]  都是中五的一個年輕人
[00:37:56.360 --> 00:37:59.160]  他不是很習慣坐的士
[00:37:59.160 --> 00:38:01.360]  被很多人搶了
[00:38:01.360 --> 00:38:03.960]  結果後來有一個女士
[00:38:03.960 --> 00:38:07.360]  她說 你上車吧
[00:38:07.360 --> 00:38:08.360]  我順路
[00:38:08.360 --> 00:38:09.760]  你跟我上
[00:38:09.760 --> 00:38:14.760]  她也不主動提出附加費
[00:38:14.760 --> 00:38:20.960]  叫他一起搭車去到考場
[00:38:20.960 --> 00:38:25.160]  但去到考場已經超過30分鐘
[00:38:25.160 --> 00:38:27.560]  當時的公開考試
[00:38:27.560 --> 00:38:29.960]  是遲到有上限的
[00:38:29.960 --> 00:38:33.160]  最多給你半個小時
[00:38:33.160 --> 00:38:35.360]  30分鐘過去了
[00:38:35.360 --> 00:38:40.160]  但這個年輕人阿聰全身濕了
[00:38:40.160 --> 00:38:43.960]  他氣喘氣喘走進了試場
[00:38:43.960 --> 00:38:45.960]  見到監考官
[00:38:45.960 --> 00:38:48.160]  監考官二話不說
[00:38:48.160 --> 00:38:49.560]  他說 你先坐下
[00:38:49.560 --> 00:38:52.360]  我去把你沒收了的考卷
[00:38:52.360 --> 00:38:55.760]  拿來給你做
[00:38:55.760 --> 00:38:58.760]  就是因為這個考官
[00:38:58.760 --> 00:39:00.760]  有這份憐憫
[00:39:00.760 --> 00:39:02.360]  望開一面
[00:39:02.360 --> 00:39:05.360]  他剛剛過了三十分鐘
[00:39:05.360 --> 00:39:07.360]  他沒有執政來做
[00:39:07.360 --> 00:39:10.360]  他給他一個機會
[00:39:10.360 --> 00:39:13.160]  結果四十多年之後
[00:39:13.160 --> 00:39:14.760]  這個聰仔
[00:39:14.760 --> 00:39:18.360]  他是港島東醫院聯網的總監
[00:39:18.360 --> 00:39:20.560]  陸志聰醫生
[00:39:20.560 --> 00:39:22.360]  他今天做到退休
[00:39:22.360 --> 00:39:25.960]  他是一個大角手
[00:39:25.960 --> 00:39:28.160]  他現在念念不忘
[00:39:28.160 --> 00:39:32.560]  他好不知怎樣多謝這兩位女士
[00:39:32.560 --> 00:39:34.960]  一個給他搭順風車、的士
[00:39:34.960 --> 00:39:38.360]  一個監考官給他考試
[00:39:38.360 --> 00:39:41.960]  是因為這個緣故他升入中農
[00:39:41.960 --> 00:39:44.360]  是因為這個緣故
[00:39:44.360 --> 00:39:45.960]  我們今天都一樣
[00:39:45.960 --> 00:39:49.360]  我們見到我們旁邊的年輕人
[00:39:49.360 --> 00:39:52.560]  可能是我們今天教會裡的中學生
[00:39:52.560 --> 00:39:54.560]  或者在考DSE
[00:39:54.560 --> 00:39:58.760]  或者是剛剛初出來工作的
[00:39:58.760 --> 00:40:02.160]  職稱區一班的年輕人
[00:40:02.160 --> 00:40:05.160]  我有時星期四我特意留久一點
[00:40:05.160 --> 00:40:08.760]  是特意想看看職稱區的年輕人回來
[00:40:08.760 --> 00:40:11.560]  他們一起吃飯、聊天
[00:40:11.560 --> 00:40:13.560]  大家關心一下他們
[00:40:13.560 --> 00:40:16.360]  在這個過程裡我們感謝神
[00:40:16.360 --> 00:40:19.160]  神給我們每一個傳道目者
[00:40:19.160 --> 00:40:20.960]  是有這份愛心
[00:40:20.960 --> 00:40:23.960]  我們願意和他一起同行
[00:40:23.960 --> 00:40:28.760]  我在這裡最後和大家分享一個資料
[00:40:28.760 --> 00:40:30.160]  很想鼓勵大家
[00:40:30.160 --> 00:40:33.360]  我都是剛剛在幾天前
[00:40:33.360 --> 00:40:34.760]  我看到這份資料
[00:40:34.760 --> 00:40:37.960]  我覺得需要和大家有一些分享
[00:40:37.960 --> 00:40:40.360]  大家知道Bill Gates是誰
[00:40:40.360 --> 00:40:42.760]  他在星期三那天
[00:40:42.760 --> 00:40:46.360]  8月26日他寫了一篇長文
[00:40:46.360 --> 00:40:50.560]  就是講AI對就業和人類社會
[00:40:50.560 --> 00:40:55.160]  會引發很大的動盪他提出警告
[00:40:55.160 --> 00:40:58.360]  這個警告歸納可以為三點
[00:40:58.360 --> 00:41:00.360]  第一他講到
[00:41:00.360 --> 00:41:04.360]  AI很快衝擊白領和藍領的工作
[00:41:04.360 --> 00:41:06.760]  其實這個不是新的
[00:41:06.760 --> 00:41:10.560]  我在大概半年前
[00:41:10.560 --> 00:41:14.560]  我在另外一些的資料
[00:41:14.560 --> 00:41:17.160]  我看到Elon Musk講
[00:41:17.160 --> 00:41:20.560]  接下來這五年
[00:41:20.560 --> 00:41:25.160]  其實我們人類社會會面對一個很大的震盪
[00:41:25.160 --> 00:41:29.160]  這個震盪就是AI會取代了很多工作
[00:41:29.160 --> 00:41:32.760]  所以會有很多人會面對失業
[00:41:32.760 --> 00:41:35.360]  有些人是回不了身
[00:41:35.360 --> 00:41:37.760]  有些人你說我再培訓他
[00:41:37.760 --> 00:41:40.360]  他培訓都培訓不了
[00:41:40.360 --> 00:41:43.160]  我們面對這一群的人
[00:41:43.160 --> 00:41:45.560]  我們怎樣去幫助他們呢
[00:41:45.560 --> 00:41:47.360]  要幫助他們
[00:41:47.360 --> 00:41:51.560]  他首當其衝是一些初級和中級崗位的
[00:41:51.560 --> 00:41:56.160]  那些是很快會被AI取代他們的工作
[00:41:56.160 --> 00:42:00.360]  第二方面就是批判思維的重要性
[00:42:00.360 --> 00:42:05.560]  今天AI它能夠模仿人很多東西
[00:42:05.560 --> 00:42:08.960]  甚至我們說有圖有片都不是真相
[00:42:08.960 --> 00:42:09.960]  就是這個意思
[00:42:09.960 --> 00:42:15.760]  深度的偽造和度身訂製的虛假資訊的時代
[00:42:15.760 --> 00:42:20.160]  我們今天更加需要去提醒我們每一個人
[00:42:20.160 --> 00:42:23.960]  我們要辨別真假的能力
[00:42:23.960 --> 00:42:27.960]  如果不是你看看現在周間那些
[00:42:27.960 --> 00:42:34.160]  有個電視節目叫做慌張西望
[00:42:34.160 --> 00:42:38.360]  你看到真是有時奇怪
[00:42:38.360 --> 00:42:40.160]  那些套路是一樣的
[00:42:40.160 --> 00:42:41.760]  為什麼這麼蠢呢
[00:42:41.760 --> 00:42:45.560]  為什麼網上情緣發生完一單又一單呢
[00:42:45.560 --> 00:42:47.760]  為什麼那些金融騙案
[00:42:47.760 --> 00:42:50.760]  為什麼那些人是會信呢
[00:42:50.760 --> 00:42:53.160]  真人跟你說又不信
[00:42:53.160 --> 00:42:57.160]  結果電話來你就信了
[00:42:57.160 --> 00:43:01.760]  我們看到今天我們有這種批判性
[00:43:01.760 --> 00:43:05.560]  還有就是他提出稅收
[00:43:05.560 --> 00:43:11.560]  他說因為AI現在好像沒有網管
[00:43:11.560 --> 00:43:15.360]  他說需要很多的政府
[00:43:15.360 --> 00:43:18.960]  特別他呼籲各個政府要監管
[00:43:18.960 --> 00:43:22.760]  特別他指出美國和中國需要共同努力
[00:43:22.760 --> 00:43:27.560]  在這方面他甚至比喻要監管AI
[00:43:27.560 --> 00:43:29.760]  就好像全球的核武器
[00:43:29.760 --> 00:43:32.960]  航空和臭氧層的保護方面
[00:43:32.960 --> 00:43:38.160]  那種協調合作這麼重要
[00:43:38.160 --> 00:43:39.760]  真是很重要
[00:43:39.760 --> 00:43:43.560]  我想我們現在活在一個很特別的時代
[00:43:43.560 --> 00:43:46.360]  過去這幾年有COVID之後
[00:43:46.360 --> 00:43:49.360]  我們面對check GBT
[00:43:49.360 --> 00:43:52.960]  我幾天前聽到我們教會一位IT專家
[00:43:52.960 --> 00:43:57.360]  他跟我們說怎樣用那些IT的軟件
[00:43:57.360 --> 00:43:58.560]  他都跟我說
[00:43:58.560 --> 00:44:03.160]  林牧師其實現在我在這一行
[00:44:03.160 --> 00:44:05.360]  他說我三個月前那些東西
[00:44:05.360 --> 00:44:07.560]  都已經開始outdate了
[00:44:07.560 --> 00:44:09.360]  嘩 快成這樣
[00:44:09.360 --> 00:44:13.360]  所以他說他不斷要upgrade自己
[00:44:13.360 --> 00:44:16.560]  我們今天就是活在一個這樣的時代
[00:44:16.560 --> 00:44:17.960]  一個這樣的年間
[00:44:17.960 --> 00:44:19.360]  挑戰很大
[00:44:19.360 --> 00:44:22.160]  但是我們求主幫助我們
[00:44:22.160 --> 00:44:26.760]  我們要做好在我們的本份上面
[00:44:26.760 --> 00:44:28.760]  我們要好好依靠神
[00:44:28.760 --> 00:44:30.560]  尊祂為聖
[00:44:30.560 --> 00:44:32.760]  在世代交接裏面
[00:44:32.760 --> 00:44:35.360]  神的計劃永遠都不會改變
[00:44:35.360 --> 00:44:37.960]  讓我們學習任何的壓力
[00:44:37.960 --> 00:44:39.560]  我們要從心為心
[00:44:39.560 --> 00:44:42.160]  照神的說話去走
[00:44:42.160 --> 00:44:44.360]  和預備交棒
[00:44:44.360 --> 00:44:46.960]  讓神的工作繼續影響
[00:44:46.960 --> 00:44:49.360]  彰顯影響下一代
[00:44:49.360 --> 00:44:53.160]  也都彰顯神的榮耀和聖潔
[00:44:53.160 --> 00:44:55.560]  求主幫助我們每一個
[00:44:55.560 --> 00:44:57.760]  今天在這裡都呼籲
[00:44:57.760 --> 00:44:59.360]  我們每一個家庭
[00:44:59.360 --> 00:45:02.960]  不只是夫婦要照顧他們的下一代
[00:45:02.960 --> 00:45:04.760]  我們今天那些公公婆婆
[00:45:04.760 --> 00:45:05.960]  爺爺媽媽
[00:45:05.960 --> 00:45:08.960]  你們那種勢力可以很大的
[00:45:08.960 --> 00:45:10.760]  很深遠的
[00:45:10.760 --> 00:45:14.160]  有時原來那些兒女不聽父母講
[00:45:14.160 --> 00:45:15.960]  是聽你講的
[00:45:15.960 --> 00:45:20.560]  所以你要釋放這一種跨代同行
[00:45:20.560 --> 00:45:22.560]  和一個在主裏面
[00:45:22.560 --> 00:45:25.160]  用神的道去幫助他們
[00:45:25.160 --> 00:45:26.360]  去敬畏神
[00:45:26.360 --> 00:45:27.760]  去行神的道
[00:45:27.760 --> 00:45:29.960]  一生不要偏離神的路
[00:45:29.960 --> 00:45:31.160]  不要走偏門
[00:45:31.160 --> 00:45:33.960]  你說那些世界的人說
[00:45:33.960 --> 00:45:35.960]  我給你一些甜頭
[00:45:35.960 --> 00:45:40.160]  你做一盤新的帳目給我就可以了
[00:45:40.160 --> 00:45:43.160]  你會馬上被你發達
[00:45:43.160 --> 00:45:45.160]  千萬不要
[00:45:45.160 --> 00:45:46.760]  越是這些甜頭
[00:45:46.760 --> 00:45:48.960]  你越知道那裡是一個陷阱
[00:45:48.960 --> 00:45:51.960]  求主給我們有這種分別的能力
[00:45:51.960 --> 00:45:53.960]  有一個敬畏他的心
