
[00:00:00.000 --> 00:00:03.000]  首先請大家看一張黑白的圖片
[00:00:03.000 --> 00:00:10.000]  這是歷史性的圖片
[00:00:10.000 --> 00:00:17.000]  這是第一架747飛機降落在啟德機場
[00:00:17.000 --> 00:00:22.000]  這是美國泛美航空公司港體的客機
[00:00:22.000 --> 00:00:25.000]  1970年4月11日
[00:00:26.000 --> 00:00:31.000]  當晚我爸爸帶著我去了機場附近
[00:00:31.000 --> 00:00:33.000]  因為我們住在土瓜灣
[00:00:33.000 --> 00:00:38.000]  走近鐵絲網看一架飛機
[00:00:38.000 --> 00:00:42.000]  我不知道是預備離開還是怎樣
[00:00:42.000 --> 00:00:43.000]  在晚上
[00:00:43.000 --> 00:00:45.000]  我當時看到很震撼
[00:00:45.000 --> 00:00:47.000]  這是第二張圖片
[00:00:47.000 --> 00:00:51.000]  我當時看到這樣的情景
[00:00:51.000 --> 00:00:53.000]  當然不是這架飛機
[00:00:53.000 --> 00:00:54.000]  是晚上
[00:00:54.000 --> 00:00:55.000]  是一架747
[00:00:55.000 --> 00:00:57.000]  真是在我前面
[00:00:57.000 --> 00:01:01.000]  可能它是準備進入跑道還是怎樣
[00:01:01.000 --> 00:01:04.000]  總之我當時的印象是這樣
[00:01:04.000 --> 00:01:08.000]  剛才的資料我找網上才知道
[00:01:08.000 --> 00:01:09.000]  我晚上就是這樣
[00:01:09.000 --> 00:01:12.000]  很多人在鐵絲網圍觀
[00:01:12.000 --> 00:01:14.000]  看到飛機這麼大
[00:01:14.000 --> 00:01:18.000]  當時覺得自己很渺小
[00:01:18.000 --> 00:01:21.000]  差不多整個地方就是飛機
[00:01:21.000 --> 00:01:22.000]  可以看到的地方
[00:01:22.000 --> 00:01:24.000]  是一架747的飛機
[00:01:24.000 --> 00:01:27.000]  自此我喜歡看飛機
[00:01:27.000 --> 00:01:30.000]  所以後來家裏鼓勵我
[00:01:30.000 --> 00:01:32.000]  讀書好就會買一架飛機模型給你
[00:01:32.000 --> 00:01:33.000]  當時很流行的
[00:01:33.000 --> 00:01:36.000]  一架泛美747的飛機
[00:01:36.000 --> 00:01:40.000]  然後再看一張圖片
[00:01:40.000 --> 00:01:44.000]  通常我們今天見到的飛機就是這麼遠
[00:01:44.000 --> 00:01:46.000]  我們沒那麼近距離見到
[00:01:46.000 --> 00:01:48.000]  好像天空的一隻小鳥一樣
[00:01:48.000 --> 00:01:49.000]  很遠很遠
[00:01:49.000 --> 00:01:54.000]  尤其是機場搬離了啟德
[00:01:54.000 --> 00:01:56.000]  我們更加少聽到飛機的聲音
[00:01:56.000 --> 00:02:00.000]  但是飛機的大小
[00:02:00.000 --> 00:02:03.000]  好像剛才這張圖片
[00:02:03.000 --> 00:02:04.000]  之前那張圖片
[00:02:04.000 --> 00:02:07.000]  是取決於你和飛機的距離
[00:02:07.000 --> 00:02:14.000]  一個爸爸帶著小朋友去機場看飛機
[00:02:14.000 --> 00:02:16.000]  小朋友看到飛機很大
[00:02:16.000 --> 00:02:19.000]  很讚歎
[00:02:19.000 --> 00:02:20.000]  好像我當年一樣
[00:02:20.000 --> 00:02:21.000]  很小的時候
[00:02:21.000 --> 00:02:26.000]  那架飛機飛走了很遠很遠的時候
[00:02:26.000 --> 00:02:28.000]  飛機就好像小鳥一樣
[00:02:28.000 --> 00:02:30.000]  慢慢黑掉不見了
[00:02:30.000 --> 00:02:32.000]  那個小朋友就說
[00:02:32.000 --> 00:02:34.000]  飛機變小了
[00:02:34.000 --> 00:02:36.000]  好像小鳥一樣
[00:02:36.000 --> 00:02:38.000]  那個爸爸就跟他說
[00:02:38.000 --> 00:02:41.000]  飛機本身大小是沒有變過的
[00:02:41.000 --> 00:02:44.000]  只不過你看起來它變小
[00:02:44.000 --> 00:02:48.000]  因為我們和它的距離遠了
[00:02:48.000 --> 00:02:52.000]  飛機這樣看一個比喻
[00:02:52.000 --> 00:02:55.000]  就等於我們看我們的神一樣
[00:02:55.000 --> 00:02:58.000]  有時我們覺得神很遠很小
[00:02:58.000 --> 00:03:01.000]  和我們好像沒什麼關係
[00:03:01.000 --> 00:03:04.000]  有時覺得神很大
[00:03:04.000 --> 00:03:07.000]  原因是什麼
[00:03:07.000 --> 00:03:11.000]  原因就是我們和神的距離有多遠
[00:03:11.000 --> 00:03:13.000]  如果我們很親近神的時候
[00:03:13.000 --> 00:03:16.000]  我們很親近神的時候
[00:03:16.000 --> 00:03:17.000]  讀祂的話語
[00:03:17.000 --> 00:03:19.000]  我們會知道神就在我們附近
[00:03:19.000 --> 00:03:22.000]  或是神甚至祂所做的事
[00:03:22.000 --> 00:03:24.000]  我覺得很偉大
[00:03:24.000 --> 00:03:28.000]  但如果我們疏離神遠離神
[00:03:28.000 --> 00:03:30.000]  我們就好像看飛機越來越遠
[00:03:30.000 --> 00:03:31.000]  越來越遠
[00:03:31.000 --> 00:03:33.000]  甚至好像一粒黑點一樣
[00:03:33.000 --> 00:03:35.000]  和我們毫無關係
[00:03:35.000 --> 00:03:42.000]  究竟你生命裡面的神有多大呢
[00:03:42.000 --> 00:03:43.000]  所以今天這個題目就是
[00:03:43.000 --> 00:03:46.000]  你的神有多大
[00:03:46.000 --> 00:03:49.000]  大家可不可以用手勢表達你的神有多大
[00:03:49.000 --> 00:03:51.000]  有多大
[00:03:51.000 --> 00:03:52.000]  這樣很快
[00:03:52.000 --> 00:03:56.000]  不要弄傷旁邊的位置
[00:03:56.000 --> 00:04:01.000]  如果你覺得很大就來吧
[00:04:01.000 --> 00:04:07.000]  還是很少人這樣做
[00:04:07.000 --> 00:04:09.000]  我們生命裡面的神有多大呢
[00:04:09.000 --> 00:04:12.000]  今天題目是你的神有多大
[00:04:12.000 --> 00:04:13.000]  我分開四個方面
[00:04:13.000 --> 00:04:17.000]  第一是否大過你所面對的環境呢
[00:04:17.000 --> 00:04:21.000]  是否大過你所妥協的偶像呢
[00:04:21.000 --> 00:04:25.000]  是否大過你有限的想像呢
[00:04:25.000 --> 00:04:29.000]  或者是大過你眼前的信心呢
[00:04:29.000 --> 00:04:32.000]  經文是《遼宏記》上18章
[00:04:32.000 --> 00:04:38.000]  當時以色列國正在和神的距離越來越遠的時候
[00:04:38.000 --> 00:04:40.000]  自從這個國家分裂之後
[00:04:40.000 --> 00:04:45.000]  北角完全遠離了神
[00:04:45.000 --> 00:04:49.000]  甚至到了最黑暗的阿克旺的時候
[00:04:49.000 --> 00:04:52.000]  在皇后爺洗別的統治下
[00:04:52.000 --> 00:04:55.000]  將迦南的假神
[00:04:55.000 --> 00:04:58.000]  特別是巴力引入了這個國家
[00:04:58.000 --> 00:05:04.000]  這個屬靈的光景到了最衰退的極點
[00:05:04.000 --> 00:05:10.000]  這些百姓將神肅誓貶低
[00:05:10.000 --> 00:05:18.000]  甚至企圖用巴力或者亞瑟拉取代了這位耶和華真神
[00:05:18.000 --> 00:05:22.000]  這個時候先知伊利亞站出來
[00:05:22.000 --> 00:05:27.000]  在加密山上領導了一場很震撼的復興
[00:05:27.000 --> 00:05:31.000]  因為他要讓阿克旺知道
[00:05:31.000 --> 00:05:36.000]  當時這個國家有三年的旱災
[00:05:36.000 --> 00:05:38.000]  一滴雨都沒有下來
[00:05:38.000 --> 00:05:44.000]  他藉著和巴力先知亞瑟拉的先知
[00:05:44.000 --> 00:05:48.000]  一起去祝壇求告他們的神
[00:05:48.000 --> 00:05:53.000]  希望這些雨能夠下來
[00:05:53.000 --> 00:06:00.000]  當然我們很熟悉這個加密山頂的先知的竇法
[00:06:00.000 --> 00:06:07.000]  我們知道唯有伊利亞所相信的耶和華真神
[00:06:07.000 --> 00:06:10.000]  真的行了奇妙的事
[00:06:10.000 --> 00:06:14.000]  以致有恩雨的大綱
[00:06:14.000 --> 00:06:23.000]  這正是我們去思想究竟我們的神有多大
[00:06:23.000 --> 00:06:27.000]  大不大得過你面對現在的環境
[00:06:27.000 --> 00:06:33.000]  所以十七節當阿克旺要見伊利亞
[00:06:33.000 --> 00:06:35.000]  伊利亞去找阿克旺
[00:06:35.000 --> 00:06:36.000]  終於讓他見了
[00:06:36.000 --> 00:06:37.000]  阿克旺很快說
[00:06:37.000 --> 00:06:41.000]  以色列現在遭殃三年沒有下雨
[00:06:41.000 --> 00:06:43.000]  是不是因為你呢?
[00:06:43.000 --> 00:06:45.000]  如果皇帝這樣說
[00:06:45.000 --> 00:06:48.000]  好像降罪在伊利亞身上
[00:06:48.000 --> 00:06:51.000]  但伊利亞很勇敢地說
[00:06:51.000 --> 00:06:55.000]  今天這個遭殃不關我的事
[00:06:55.000 --> 00:06:59.000]  而是你和你的祖先
[00:06:59.000 --> 00:07:00.000]  你的父家
[00:07:00.000 --> 00:07:03.000]  因為你們離棄了耶和華
[00:07:03.000 --> 00:07:05.000]  你跟隨的是假神
[00:07:05.000 --> 00:07:09.000]  所以經歷這三年半的旱災的時候
[00:07:09.000 --> 00:07:12.000]  神是命令伊利亞去見阿克
[00:07:12.000 --> 00:07:14.000]  大家都很熟悉前面的經文
[00:07:14.000 --> 00:07:17.000]  伊利亞怎樣在這些艱難的日子裡
[00:07:17.000 --> 00:07:20.000]  一個人居住在曠野
[00:07:20.000 --> 00:07:21.000]  在這些地方
[00:07:21.000 --> 00:07:24.000]  有烏鴉給他吃
[00:07:24.000 --> 00:07:26.000]  有撒勒伐的婦人
[00:07:26.000 --> 00:07:32.000]  讓他能夠有食物
[00:07:32.000 --> 00:07:37.000]  在潭裡面的油不斷絕
[00:07:37.000 --> 00:07:39.000]  是很奇妙的事情
[00:07:39.000 --> 00:07:41.000]  裝備好伊利亞
[00:07:41.000 --> 00:07:48.000]  去面對當時這麼困難的環境
[00:07:48.000 --> 00:07:53.000]  所以伊利亞所面對的環境
[00:07:53.000 --> 00:07:57.000]  當然不是單單是一個天災的問題
[00:07:57.000 --> 00:08:01.000]  因為他在當中都能夠經歷神的供應
[00:08:01.000 --> 00:08:03.000]  但是他要面對這個阿克王
[00:08:03.000 --> 00:08:08.000]  阿克王是統領了很多的軍隊、軍權
[00:08:08.000 --> 00:08:13.000]  他隨時可以將伊利亞殺死
[00:08:13.000 --> 00:08:17.000]  當時的皇后耶洗別有大肆殺害
[00:08:17.000 --> 00:08:21.000]  這些以色列的先知
[00:08:21.000 --> 00:08:26.000]  伊利亞也是其中一個要被搜捕的
[00:08:26.000 --> 00:08:29.000]  現在你送羊入虎口
[00:08:29.000 --> 00:08:33.000]  有很大的危機
[00:08:33.000 --> 00:08:36.000]  所以伊利亞所看到的環境
[00:08:36.000 --> 00:08:38.000]  你這樣看的時候
[00:08:38.000 --> 00:08:39.000]  是很困難的事
[00:08:39.000 --> 00:08:41.000]  神要他做這件事
[00:08:41.000 --> 00:08:44.000]  的確是送羊入虎口
[00:08:44.000 --> 00:08:47.000]  但是你看到伊利亞面對阿克王的時候
[00:08:47.000 --> 00:08:50.000]  竟然有驚人的膽量
[00:08:50.000 --> 00:08:52.000]  能夠去面對他
[00:08:52.000 --> 00:08:57.000]  毫不畏懼斥責阿克王的罪
[00:08:57.000 --> 00:09:02.000]  因為在這個國家遭殃的不是神的先知
[00:09:02.000 --> 00:09:07.000]  而是背離神誡命的皇室
[00:09:07.000 --> 00:09:11.000]  我們很多時候都會被我們的環境困住
[00:09:11.000 --> 00:09:14.000]  被我們所面對的艱難
[00:09:14.000 --> 00:09:17.000]  我們好像動彈不得
[00:09:17.000 --> 00:09:23.000]  好像我們沒辦法能夠勝過這個環境
[00:09:23.000 --> 00:09:29.000]  覺得我們好像是欲隨心晚常的情況
[00:09:29.000 --> 00:09:32.000]  但是伊利亞靠著神
[00:09:32.000 --> 00:09:35.000]  能夠克勝這個環境
[00:09:35.000 --> 00:09:38.000]  話說有一個男人晚上睡覺
[00:09:38.000 --> 00:09:39.000]  輾轉反側
[00:09:39.000 --> 00:09:40.000]  總是睡不著
[00:09:40.000 --> 00:09:42.000]  他老婆問他怎麼了
[00:09:42.000 --> 00:09:44.000]  整晚都不睡
[00:09:44.000 --> 00:09:47.000]  他就說我撐了銀行那十萬元
[00:09:47.000 --> 00:09:49.000]  到期要還
[00:09:49.000 --> 00:09:51.000]  但是我真的沒錢還
[00:09:51.000 --> 00:09:54.000]  太太就跟他說
[00:09:54.000 --> 00:09:58.000]  你可不可以把銀行經理的電話給我
[00:09:58.000 --> 00:10:00.000]  他就給了電話
[00:10:00.000 --> 00:10:03.000]  於是就走出去打電話
[00:10:03.000 --> 00:10:05.000]  打電話問經理
[00:10:05.000 --> 00:10:08.000]  回來之後就跟先生說
[00:10:08.000 --> 00:10:10.000]  你現在可以安心睡覺了
[00:10:10.000 --> 00:10:11.000]  先生你做了什麼
[00:10:11.000 --> 00:10:13.000]  說了什麼
[00:10:13.000 --> 00:10:15.000]  他就說我打電話給經理
[00:10:15.000 --> 00:10:17.000]  告訴他你沒錢還
[00:10:17.000 --> 00:10:18.000]  現在的煩惱在他那裡
[00:10:18.000 --> 00:10:23.000]  不在你那裡了
[00:10:23.000 --> 00:10:28.000]  其實我們有沒有打電話給我們的神呢
[00:10:28.000 --> 00:10:30.000]  我們有很多煩惱
[00:10:30.000 --> 00:10:31.000]  很多困難
[00:10:31.000 --> 00:10:35.000]  有沒有跟神說
[00:10:35.000 --> 00:10:39.000]  神聽我們面對這樣的問題
[00:10:39.000 --> 00:10:43.000]  你說神哪有時間接我的電話
[00:10:43.000 --> 00:10:45.000]  或者接了電話也不會理我
[00:10:45.000 --> 00:10:49.000]  究竟你心目中的神有多大呢
[00:10:49.000 --> 00:10:51.000]  有多大的能力呢
[00:10:51.000 --> 00:10:53.000]  有多愛你呢
[00:10:53.000 --> 00:10:56.000]  其實你會知道的
[00:10:56.000 --> 00:10:58.000]  如果你找一個人幫你
[00:10:58.000 --> 00:11:00.000]  你也是找一個有把握的人幫你
[00:11:00.000 --> 00:11:02.000]  你不會找一個三不識七的
[00:11:02.000 --> 00:11:03.000]  平時不找他
[00:11:03.000 --> 00:11:05.000]  一找他就借錢
[00:11:05.000 --> 00:11:07.000]  當然不行
[00:11:07.000 --> 00:11:09.000]  那就找誰呢
[00:11:09.000 --> 00:11:11.000]  找可能親人
[00:11:11.000 --> 00:11:14.000]  疼愛你的人
[00:11:14.000 --> 00:11:15.000]  誰最疼愛你
[00:11:15.000 --> 00:11:17.000]  誰最愛你
[00:11:17.000 --> 00:11:19.000]  我們的神
[00:11:19.000 --> 00:11:20.000]  伊利亞這麼勇敢
[00:11:20.000 --> 00:11:24.000]  因為他知道這是至高無上的神
[00:11:24.000 --> 00:11:26.000]  在偉大的神的面前
[00:11:26.000 --> 00:11:30.000]  地上的君王的威脅成為很渺小
[00:11:30.000 --> 00:11:32.000]  當這架飛機在你面前
[00:11:32.000 --> 00:11:34.000]  當時我小時候
[00:11:34.000 --> 00:11:37.000]  在飛機面前
[00:11:37.000 --> 00:11:39.000]  我在想如果從窗口掉下來
[00:11:39.000 --> 00:11:40.000]  死定了
[00:11:40.000 --> 00:11:41.000]  有多高呢
[00:11:41.000 --> 00:11:43.000]  兩層樓那麼高
[00:11:43.000 --> 00:11:47.000]  所以覺得這架飛機很厲害
[00:11:47.000 --> 00:11:48.000]  我也有想過
[00:11:48.000 --> 00:11:50.000]  噴射的東西噴過來
[00:11:50.000 --> 00:11:52.000]  怎麼搞呢
[00:11:52.000 --> 00:11:56.000]  好像超級大風扇一樣吹走你
[00:11:56.000 --> 00:11:59.000]  所以你看到極其渺小
[00:11:59.000 --> 00:12:01.000]  我們有限
[00:12:01.000 --> 00:12:03.000]  但是伊利亞給我們生命
[00:12:03.000 --> 00:12:05.000]  他給我們一個示範
[00:12:05.000 --> 00:12:07.000]  環境
[00:12:07.000 --> 00:12:09.000]  以色列國乾旱
[00:12:09.000 --> 00:12:11.000]  甚至鄰國也是乾旱
[00:12:11.000 --> 00:12:15.000]  君王的威脅迫伯
[00:12:15.000 --> 00:12:17.000]  去面對這件事情要處理
[00:12:17.000 --> 00:12:21.000]  神要去指出阿克的罪
[00:12:21.000 --> 00:12:23.000]  耶誓別的罪
[00:12:23.000 --> 00:12:25.000]  但是他心知道即使艱難
[00:12:25.000 --> 00:12:27.000]  但是知道這位神是歷史
[00:12:27.000 --> 00:12:30.000]  掌管歷史環境的神
[00:12:30.000 --> 00:12:34.000]  所以我們不要把問題放大到很大
[00:12:34.000 --> 00:12:37.000]  遮住我們看不到的其他東西
[00:12:37.000 --> 00:12:41.000]  以致把神放得很小
[00:12:41.000 --> 00:12:42.000]  縮得很小
[00:12:42.000 --> 00:12:44.000]  當你的神夠大的時候
[00:12:44.000 --> 00:12:48.000]  環境的風浪就沒辦法去將你輾壓
[00:12:48.000 --> 00:12:52.000]  你的神是不是大過你所面對的環境呢
[00:12:52.000 --> 00:12:56.000]  另一方面是不是大過你所妥協的偶像呢
[00:12:56.000 --> 00:12:57.000]  二十一節那裡說
[00:12:57.000 --> 00:12:59.000]  伊利亞又去到山頂了
[00:12:59.000 --> 00:13:03.000]  跟那些以色列的百姓
[00:13:03.000 --> 00:13:05.000]  大家都在看東西
[00:13:05.000 --> 00:13:07.000]  看看那些先知厲害了
[00:13:07.000 --> 00:13:10.000]  一個就是屬於耶和華神的伊利亞
[00:13:10.000 --> 00:13:14.000]  接著有四百五個巴力的先知
[00:13:14.000 --> 00:13:17.000]  四百個亞瑟拉的先知
[00:13:17.000 --> 00:13:23.000]  伊利亞還沒去燭壇
[00:13:23.000 --> 00:13:26.000]  還沒去點火之先
[00:13:26.000 --> 00:13:32.000]  他已經很信心跟這班心懷異議的百姓說
[00:13:32.000 --> 00:13:36.000]  你們心慈異議到什麼時候呢
[00:13:36.000 --> 00:13:38.000]  如果耶和華是神
[00:13:38.000 --> 00:13:40.000]  你就信服耶和華
[00:13:40.000 --> 00:13:41.000]  如果你覺得巴力是神
[00:13:41.000 --> 00:13:42.000]  你就信服巴力
[00:13:42.000 --> 00:13:44.000]  你為什麼這樣說呢
[00:13:44.000 --> 00:13:47.000]  就是這班人去面對伊利亞的質疑
[00:13:47.000 --> 00:13:50.000]  當然最後大家一言不答
[00:13:50.000 --> 00:13:53.000]  沒有人舉手說我要選誰
[00:13:53.000 --> 00:13:55.000]  因為他們是騎牆派
[00:13:55.000 --> 00:14:00.000]  因為他們是心慈異議
[00:14:00.000 --> 00:14:02.000]  心慈異議聖經裡面的意思就是
[00:14:02.000 --> 00:14:06.000]  一個人的粗手是不能忠貞
[00:14:06.000 --> 00:14:08.000]  或者是搖擺不定
[00:14:08.000 --> 00:14:13.000]  在信仰上企圖將其他的信仰混為一體
[00:14:13.000 --> 00:14:16.000]  以色列就是這些騎牆派
[00:14:16.000 --> 00:14:18.000]  他們不想得罪耶和華
[00:14:18.000 --> 00:14:22.000]  因為歷史上你知道耶和華神是滿有威嚴有力量
[00:14:22.000 --> 00:14:29.000]  但又不想失去現在引入了巴力的崇拜
[00:14:29.000 --> 00:14:32.000]  帶來的那些好處
[00:14:32.000 --> 00:14:34.000]  是什麼好處呢
[00:14:34.000 --> 00:14:35.000]  學玩樂
[00:14:35.000 --> 00:14:37.000]  這些不道德
[00:14:37.000 --> 00:14:42.000]  好像世俗裡面的誘惑
[00:14:42.000 --> 00:14:47.000]  今天我們處身在這個地方
[00:14:47.000 --> 00:14:49.000]  我們信了耶穌
[00:14:49.000 --> 00:14:51.000]  我們當然不想得罪神
[00:14:51.000 --> 00:14:53.000]  我們不得罪神
[00:14:53.000 --> 00:14:57.000]  起碼也要回教會聚會
[00:14:57.000 --> 00:15:06.000]  但我們一方面也是很眷戀我們喜歡的生活
[00:15:06.000 --> 00:15:10.000]  但不可以兩樣都得到
[00:15:10.000 --> 00:15:13.000]  不可以想很多私慾邪情
[00:15:13.000 --> 00:15:16.000]  想很多這些玩樂
[00:15:16.000 --> 00:15:17.000]  物質的享受
[00:15:17.000 --> 00:15:18.000]  名利富貴
[00:15:18.000 --> 00:15:19.000]  這些也有
[00:15:19.000 --> 00:15:22.000]  然後我們又信這位耶穌
[00:15:22.000 --> 00:15:24.000]  是不可以這樣
[00:15:24.000 --> 00:15:28.000]  你要麼就專心跟隨主
[00:15:28.000 --> 00:15:31.000]  要麼就離開
[00:15:31.000 --> 00:15:33.000]  不要不冷不熱
[00:15:33.000 --> 00:15:35.000]  不要若即若離
[00:15:35.000 --> 00:15:38.000]  這個以利亞說
[00:15:38.000 --> 00:15:40.000]  你認定耶和華是神
[00:15:40.000 --> 00:15:42.000]  你就信服祂
[00:15:42.000 --> 00:15:43.000]  如果不是
[00:15:43.000 --> 00:15:45.000]  你跟巴力
[00:15:45.000 --> 00:15:49.000]  所以今天顯示給我們知道
[00:15:49.000 --> 00:15:52.000]  我們要信服神
[00:15:52.000 --> 00:15:56.000]  我們不要為了我們面對的困難
[00:15:56.000 --> 00:15:59.000]  或者面對我們自己想擁有的東西
[00:15:59.000 --> 00:16:01.000]  這些成為我們的偶像
[00:16:01.000 --> 00:16:02.000]  好像巴力一樣
[00:16:02.000 --> 00:16:06.000]  這些東西帶給我們歡喜快樂
[00:16:06.000 --> 00:16:08.000]  這些東西帶給我們安全感
[00:16:08.000 --> 00:16:12.000]  這些東西帶給我們滿足
[00:16:12.000 --> 00:16:14.000]  但可能不合神心意
[00:16:14.000 --> 00:16:16.000]  究竟你的神
[00:16:16.000 --> 00:16:19.000]  是否比你妥協的偶像還要大呢?
[00:16:19.000 --> 00:16:22.000]  有一次有位信徒跟牧師說
[00:16:22.000 --> 00:16:25.000]  考慮到我現在的經濟情況
[00:16:25.000 --> 00:16:27.000]  和家庭的收入
[00:16:27.000 --> 00:16:30.000]  我真的沒辦法做十一奉獻
[00:16:30.000 --> 00:16:32.000]  你們當中有沒有這樣的情況?
[00:16:32.000 --> 00:16:33.000]  跟我說
[00:16:33.000 --> 00:16:39.000]  身旁有位有錢的信徒說
[00:16:39.000 --> 00:16:42.000]  神祝福過我
[00:16:42.000 --> 00:16:45.000]  你只管十一奉獻
[00:16:45.000 --> 00:16:48.000]  十一奉獻聖經是怎樣教的?
[00:16:48.000 --> 00:16:50.000]  現在這樣說
[00:16:50.000 --> 00:16:52.000]  月尾或月頭
[00:16:52.000 --> 00:16:53.000]  現在很少月頭出糧
[00:16:53.000 --> 00:16:55.000]  月尾出糧之後
[00:16:55.000 --> 00:16:58.000]  你先拿出十一
[00:16:58.000 --> 00:16:59.000]  獻給神
[00:16:59.000 --> 00:17:02.000]  不要到時候獻臭
[00:17:02.000 --> 00:17:04.000]  新約聖經裏面說
[00:17:04.000 --> 00:17:08.000]  很多時候是收日薪或周薪
[00:17:08.000 --> 00:17:12.000]  所以每天都要先保存
[00:17:12.000 --> 00:17:14.000]  但無論如何
[00:17:14.000 --> 00:17:16.000]  你一收到這些薪金
[00:17:16.000 --> 00:17:18.000]  就去扣起它
[00:17:18.000 --> 00:17:21.000]  現在很方便
[00:17:21.000 --> 00:17:24.000]  第一時間就轉帳去教會
[00:17:24.000 --> 00:17:26.000]  十一奉獻
[00:17:26.000 --> 00:17:30.000]  有錢的弟兄就說
[00:17:30.000 --> 00:17:33.000]  你儘管十一奉獻
[00:17:33.000 --> 00:17:35.000]  到月尾不夠用的話
[00:17:35.000 --> 00:17:37.000]  這些差額我補給你
[00:17:37.000 --> 00:17:41.000]  最多就十分之一
[00:17:41.000 --> 00:17:46.000]  信徒聽到很開心
[00:17:46.000 --> 00:17:48.000]  就試試十一奉獻
[00:17:48.000 --> 00:17:50.000]  現在立即做
[00:17:50.000 --> 00:17:53.000]  有錢的弟兄就說
[00:17:53.000 --> 00:17:55.000]  我一句話你就相信我
[00:17:55.000 --> 00:17:57.000]  我會幫你
[00:17:57.000 --> 00:17:59.000]  但神在聖經裏面這麼多的應許
[00:17:59.000 --> 00:18:01.000]  給你這麼多的福氣
[00:18:01.000 --> 00:18:03.000]  為何你不相信他?
[00:18:03.000 --> 00:18:06.000]  神無論對十一奉獻
[00:18:06.000 --> 00:18:08.000]  對我們將心歸給他
[00:18:08.000 --> 00:18:11.000]  對我們如何教養孩童
[00:18:11.000 --> 00:18:14.000]  如何孝敬父母
[00:18:14.000 --> 00:18:16.000]  如何教導我們人生
[00:18:16.000 --> 00:18:19.000]  活出這種聖靈的果子
[00:18:19.000 --> 00:18:21.000]  全部都是應許
[00:18:21.000 --> 00:18:23.000]  你去跟著做
[00:18:23.000 --> 00:18:26.000]  你會看到神的福氣淋到你裏面
[00:18:26.000 --> 00:18:29.000]  為何你不聽?
[00:18:29.000 --> 00:18:31.000]  為何你不夠信服?
[00:18:31.000 --> 00:18:38.000]  是不是我們的神大不過你所妥協的對象?
[00:18:38.000 --> 00:18:42.000]  因為不夠我供養我的偶像
[00:18:42.000 --> 00:18:45.000]  不夠我滿足我的期望
[00:18:45.000 --> 00:18:47.000]  不夠滿足我的私慾
[00:18:47.000 --> 00:18:50.000]  不夠滿足我想要的東西
[00:18:50.000 --> 00:18:53.000]  很多時候我們是這樣的情況
[00:18:53.000 --> 00:18:56.000]  但如果我們將眼睛轉向神的時候
[00:18:56.000 --> 00:18:57.000]  你會發覺
[00:18:57.000 --> 00:19:00.000]  就好像保羅所說
[00:19:00.000 --> 00:19:04.000]  那些事物就變為汗為糞土
[00:19:04.000 --> 00:19:06.000]  不是最重要
[00:19:06.000 --> 00:19:11.000]  所以很滑稽又很可悲的一幕就是
[00:19:11.000 --> 00:19:13.000]  四百五十個巴力仙子
[00:19:13.000 --> 00:19:15.000]  由早到晚大叫大喊
[00:19:15.000 --> 00:19:17.000]  甚至割傷自己身體
[00:19:17.000 --> 00:19:19.000]  瘋狂到傻瘋癲癲
[00:19:19.000 --> 00:19:23.000]  但巴力無聲無息
[00:19:23.000 --> 00:19:29.000]  沒有東西可以讓他們觸探
[00:19:29.000 --> 00:19:31.000]  當時他們是這樣的
[00:19:31.000 --> 00:19:33.000]  就有個禪
[00:19:33.000 --> 00:19:35.000]  就是獻上敬拜
[00:19:35.000 --> 00:19:37.000]  獻上敬拜之後
[00:19:37.000 --> 00:19:40.000]  就等那些雨下來了
[00:19:40.000 --> 00:19:43.000]  但一直都做不到這件事
[00:19:43.000 --> 00:19:45.000]  以利雅就看著他們做
[00:19:45.000 --> 00:19:47.000]  讓你先吧
[00:19:47.000 --> 00:19:50.000]  你先出手
[00:19:50.000 --> 00:19:51.000]  如果你們敬拜
[00:19:51.000 --> 00:19:53.000]  那些雨下是屬於巴力的
[00:19:53.000 --> 00:19:57.000]  以利雅到晚上才出手
[00:19:57.000 --> 00:20:00.000]  那段經文剛才沒有讀出來
[00:20:00.000 --> 00:20:02.000]  二十二到三十幾字
[00:20:02.000 --> 00:20:05.000]  以利雅還要淋濕柴
[00:20:05.000 --> 00:20:07.000]  然後才去祈禱
[00:20:07.000 --> 00:20:10.000]  但以利雅就嘲笑他們
[00:20:10.000 --> 00:20:12.000]  你大聲求告吧
[00:20:12.000 --> 00:20:15.000]  因為你的神明巴力
[00:20:15.000 --> 00:20:17.000]  可能在默想
[00:20:17.000 --> 00:20:19.000]  可能在忙
[00:20:19.000 --> 00:20:21.000]  可能在路上走
[00:20:21.000 --> 00:20:23.000]  或者在睡覺
[00:20:23.000 --> 00:20:25.000]  當時他們的信仰是這樣的
[00:20:25.000 --> 00:20:27.000]  我覺得神是這樣的
[00:20:27.000 --> 00:20:30.000]  不明白的可能在睡覺
[00:20:30.000 --> 00:20:34.000]  所以他們揭露了神的虛妄
[00:20:34.000 --> 00:20:36.000]  那些假神的虛妄
[00:20:36.000 --> 00:20:38.000]  你知道巴力是掌管什麼的嗎?
[00:20:38.000 --> 00:20:41.000]  掌管的是風雨雷電的神
[00:20:41.000 --> 00:20:44.000]  但三年都沒有下雨
[00:20:44.000 --> 00:20:46.000]  他都搞不定
[00:20:46.000 --> 00:20:50.000]  所以我們往往將我們眼前的工作
[00:20:50.000 --> 00:20:53.000]  事業、娛樂、享受、人際
[00:20:53.000 --> 00:20:56.000]  奉為我們生命的巴力
[00:20:56.000 --> 00:20:59.000]  我們覺得這些是很重要的東西
[00:20:59.000 --> 00:21:02.000]  但這些東西越想要越難得
[00:21:02.000 --> 00:21:04.000]  越難得就越想要
[00:21:04.000 --> 00:21:07.000]  還有一些東西是貪得無厭的
[00:21:07.000 --> 00:21:10.000]  是永遠不能停手的
[00:21:10.000 --> 00:21:14.000]  但這就進入了誘惑裡面
[00:21:14.000 --> 00:21:16.000]  這些東西真的帶給我們安全感嗎?
[00:21:16.000 --> 00:21:19.000]  帶給我們滿足感嗎?
[00:21:19.000 --> 00:21:20.000]  但當我們最危機
[00:21:20.000 --> 00:21:25.000]  我們最空虛、最徬徨的時候
[00:21:25.000 --> 00:21:31.000]  這些東西完全無能為力
[00:21:31.000 --> 00:21:35.000]  但很多時候我們就好像一個
[00:21:35.000 --> 00:21:41.000]  行山懸掛在懸崖邊的人
[00:21:41.000 --> 00:21:45.000]  拿著一塊石頭或者拿著草
[00:21:45.000 --> 00:21:50.000]  大聲叫「上面有沒有人?」
[00:21:50.000 --> 00:21:53.000]  神說「我在這裡」
[00:21:53.000 --> 00:21:56.000]  這個人就靜了幾秒
[00:21:56.000 --> 00:22:02.000]  再說「上面有沒有其他人?」
[00:22:02.000 --> 00:22:04.000]  我們嘴裡說要找神
[00:22:04.000 --> 00:22:08.000]  心裡要找其他
[00:22:08.000 --> 00:22:10.000]  第三方面
[00:22:10.000 --> 00:22:14.000]  你的神不是大過你有限的想像嗎?
[00:22:14.000 --> 00:22:19.000]  這裡就是去到以利亞出手
[00:22:19.000 --> 00:22:20.000]  又要捉壇
[00:22:20.000 --> 00:22:21.000]  捉完壇敬拜之後
[00:22:21.000 --> 00:22:24.000]  又要讓神的雨降下來
[00:22:24.000 --> 00:22:27.000]  要用百力搞一整天都搞不定
[00:22:27.000 --> 00:22:32.000]  最終38次看到耶和華降下火泥
[00:22:32.000 --> 00:22:34.000]  燒盡繁濟木柴石頭塵土
[00:22:34.000 --> 00:22:37.000]  又燒乾了溝裡的水
[00:22:37.000 --> 00:22:44.000]  放了很多水進去 柴石頭到溝裡都有水
[00:22:44.000 --> 00:22:46.000]  但竟然點得著
[00:22:46.000 --> 00:22:49.000]  竟然燒得著這些祭物
[00:22:49.000 --> 00:22:51.000]  這些柴石都燒盡了
[00:22:51.000 --> 00:22:54.000]  終於百姓見到
[00:22:54.000 --> 00:22:58.000]  面伏於地說「耶和華是神」
[00:22:58.000 --> 00:22:59.000]  「耶和華是神」
[00:22:59.000 --> 00:23:08.000]  他們轉面尋求神
[00:23:08.000 --> 00:23:09.000]  但問題是
[00:23:09.000 --> 00:23:19.000]  今天的神是否大過我們的想像呢?
[00:23:19.000 --> 00:23:24.000]  以利亞用了12塊石頭去抽足祭壇
[00:23:24.000 --> 00:23:28.000]  這塊石頭是代表著12支牌
[00:23:28.000 --> 00:23:31.000]  出來祂要去獻祭
[00:23:31.000 --> 00:23:33.000]  似乎是一個晚祭
[00:23:33.000 --> 00:23:36.000]  但更像一個贖罪祭
[00:23:36.000 --> 00:23:39.000]  因為祂知道神在歷史中掌管
[00:23:39.000 --> 00:23:42.000]  祂要神去洗淨百姓的罪惡
[00:23:42.000 --> 00:23:45.000]  所以12塊石頭代表著以色列民
[00:23:45.000 --> 00:23:48.000]  祂要去燒盡 要去潔淨
[00:23:48.000 --> 00:23:51.000]  在神的面前完全恢復
[00:23:51.000 --> 00:23:54.000]  馴服神 敬畏神
[00:23:54.000 --> 00:23:57.000]  所以這裡我們看到
[00:23:57.000 --> 00:24:05.000]  神將濕透的祭壇燒起來
[00:24:05.000 --> 00:24:12.000]  表示著神接納他們的獻祭
[00:24:12.000 --> 00:24:15.000]  在獻祭之後
[00:24:15.000 --> 00:24:17.000]  祈望因雨大降
[00:24:17.000 --> 00:24:19.000]  但你會看到
[00:24:19.000 --> 00:24:24.000]  這個獻祭以利亞是為以色列民去認罪悔改
[00:24:24.000 --> 00:24:27.000]  所以這是我們首先要做的事情
[00:24:27.000 --> 00:24:30.000]  在神的面前必先認罪悔改
[00:24:30.000 --> 00:24:33.000]  讓神洗淨我們的罪
[00:24:33.000 --> 00:24:38.000]  我們才能夠將祈求向神
[00:24:38.000 --> 00:24:41.000]  然後我們才能夠期望
[00:24:41.000 --> 00:24:45.000]  這個乾旱的大地有因雨大降
[00:24:45.000 --> 00:24:48.000]  當然另一方面又證明了
[00:24:48.000 --> 00:24:50.000]  神是獨一的真神
[00:24:50.000 --> 00:24:53.000]  祂凌駕了一切的偶像
[00:24:53.000 --> 00:24:55.000]  大自然的法則
[00:24:55.000 --> 00:24:57.000]  濕了水的柴也能夠燃起
[00:24:57.000 --> 00:24:59.000]  還有人的懷疑
[00:24:59.000 --> 00:25:03.000]  這群以色列人看到這件事情很震撼
[00:25:03.000 --> 00:25:05.000]  每個人都在呼服
[00:25:05.000 --> 00:25:07.000]  說憐懷神 憐懷神
[00:25:07.000 --> 00:25:11.000]  這是他們當時的情況
[00:25:11.000 --> 00:25:15.000]  很多時候我們會用我們有限的經驗
[00:25:15.000 --> 00:25:19.000]  理性 想法去框著我們的神
[00:25:19.000 --> 00:25:23.000]  以為我們的神是我們想像的裏邊
[00:25:23.000 --> 00:25:25.000]  這件事情不可能
[00:25:25.000 --> 00:25:27.000]  就是神也不可能
[00:25:27.000 --> 00:25:29.000]  神不可能這樣做
[00:25:29.000 --> 00:25:30.000]  神是做不到這樣
[00:25:30.000 --> 00:25:32.000]  神不會為我這樣做
[00:25:32.000 --> 00:25:38.000]  所以很多時候我們是將神局限了
[00:25:38.000 --> 00:25:44.000]  但怎樣能夠將我們這個有限的框框
[00:25:44.000 --> 00:25:47.000]  有限的智慧打開
[00:25:47.000 --> 00:25:50.000]  我們一定要去知道
[00:25:50.000 --> 00:25:53.000]  將生命的壇捉上
[00:25:53.000 --> 00:25:56.000]  讓神去燃點我們
[00:25:56.000 --> 00:25:58.000]  讓神去潔淨我們
[00:25:58.000 --> 00:26:02.000]  我們一無所具在神的面前
[00:26:02.000 --> 00:26:05.000]  能夠可以馴服神的大靈
[00:26:05.000 --> 00:26:11.000]  神的大能必然超乎我們所想所求
[00:26:11.000 --> 00:26:13.000]  聖經說得很清楚
[00:26:13.000 --> 00:26:16.000]  我的道路高過你的道路
[00:26:16.000 --> 00:26:19.000]  我的意念高過你的意念
[00:26:19.000 --> 00:26:22.000]  我們沒有辦法理解
[00:26:22.000 --> 00:26:27.000]  完全掌握這位神的大能的作為
[00:26:27.000 --> 00:26:31.000]  你的神是不是大過你有限的想像呢?
[00:26:31.000 --> 00:26:32.000]  第四方面
[00:26:32.000 --> 00:26:36.000]  你的神是不是大過你眼前的信心呢?
[00:26:36.000 --> 00:26:38.000]  這件事還沒完
[00:26:38.000 --> 00:26:39.000]  火已經著了
[00:26:39.000 --> 00:26:41.000]  最終是等什麼?
[00:26:41.000 --> 00:26:43.000]  等下雨
[00:26:43.000 --> 00:26:45.000]  最後不下雨
[00:26:45.000 --> 00:26:47.000]  大家都輸了
[00:26:47.000 --> 00:26:55.000]  於是巴力那邊輸了
[00:26:55.000 --> 00:26:57.000]  因為搞不定
[00:26:57.000 --> 00:26:59.000]  現在到了以利亞
[00:26:59.000 --> 00:27:00.000]  那個壇就著了
[00:27:00.000 --> 00:27:03.000]  已經起碼看到神的大能
[00:27:03.000 --> 00:27:06.000]  相信來下雨都不遠了
[00:27:06.000 --> 00:27:16.000]  於是當時兩個人的情景
[00:27:16.000 --> 00:27:17.000]  第四十二節
[00:27:17.000 --> 00:27:18.000]  剛才沒有讀
[00:27:18.000 --> 00:27:21.000]  阿克就上去吃殼
[00:27:21.000 --> 00:27:22.000]  輸了
[00:27:22.000 --> 00:27:23.000]  算了
[00:27:23.000 --> 00:27:24.000]  繼續我的生活
[00:27:24.000 --> 00:27:25.000]  吃殼吧
[00:27:25.000 --> 00:27:26.000]  最喜歡的
[00:27:26.000 --> 00:27:28.000]  以利亞怎樣呢?
[00:27:28.000 --> 00:27:30.000]  就留在加密山
[00:27:30.000 --> 00:27:34.000]  你會覺得他怎樣做呢?
[00:27:34.000 --> 00:27:35.000]  搞定了
[00:27:35.000 --> 00:27:36.000]  躺平
[00:27:36.000 --> 00:27:38.000]  休息一下
[00:27:38.000 --> 00:27:40.000]  日後我們會這樣
[00:27:40.000 --> 00:27:41.000]  不是的
[00:27:41.000 --> 00:27:43.000]  他繼續屈膝在地
[00:27:43.000 --> 00:27:46.000]  念佛在地面前祈禱
[00:27:46.000 --> 00:27:48.000]  繼續禱告
[00:27:48.000 --> 00:27:53.000]  他知道神一定會下大雨
[00:27:53.000 --> 00:27:55.000]  因為十八章第一節已經說了
[00:27:55.000 --> 00:27:57.000]  我會下雨
[00:27:57.000 --> 00:28:00.000]  你現在要跟巴力去講
[00:28:00.000 --> 00:28:02.000]  所以才跟著有一段經文
[00:28:02.000 --> 00:28:04.000]  所以這件事是必然發生的
[00:28:04.000 --> 00:28:06.000]  但是現在還沒有
[00:28:06.000 --> 00:28:10.000]  剛剛祂祭完獻了萬祭
[00:28:10.000 --> 00:28:14.000]  但是祂仍然迫切禱告
[00:28:14.000 --> 00:28:16.000]  雖然我們拿到神的應許
[00:28:16.000 --> 00:28:19.000]  但是我們不可以停止禱告
[00:28:19.000 --> 00:28:21.000]  因為我們在禱告裡面
[00:28:21.000 --> 00:28:22.000]  越是有信心
[00:28:22.000 --> 00:28:26.000]  神的應許會呈現出來
[00:28:26.000 --> 00:28:31.000]  是會在我們生命裡面彰顯出來
[00:28:31.000 --> 00:28:35.000]  今天你拿了多少神的應許呢?
[00:28:35.000 --> 00:28:41.000]  你有沒有信心會看到神在我們生命裡面彰顯呢?
[00:28:41.000 --> 00:28:44.000]  如果你說我不知道神在聖經裡面的應許
[00:28:44.000 --> 00:28:47.000]  剛才講十一奉獻已經是應許了
[00:28:47.000 --> 00:28:49.000]  神說你試試我吧
[00:28:49.000 --> 00:28:51.000]  你十一奉獻之後
[00:28:51.000 --> 00:28:53.000]  神的福氣降下來
[00:28:53.000 --> 00:28:57.000]  令你的家無處可容
[00:28:57.000 --> 00:29:01.000]  如果你想看多一點聖經裡面的應許
[00:29:01.000 --> 00:29:03.000]  我教你買一本聖經
[00:29:03.000 --> 00:29:05.000]  叫聖經應許版
[00:29:05.000 --> 00:29:07.000]  裡面打開一本聖經
[00:29:07.000 --> 00:29:09.000]  不知道是什麼顏色
[00:29:09.000 --> 00:29:12.000]  藍色的是應許的經文
[00:29:12.000 --> 00:29:14.000]  今天我們打開聖經
[00:29:14.000 --> 00:29:16.000]  紅色的字是耶穌說話
[00:29:16.000 --> 00:29:18.000]  你打開聖經
[00:29:18.000 --> 00:29:20.000]  新舊約也有
[00:29:20.000 --> 00:29:22.000]  不只是新約
[00:29:22.000 --> 00:29:25.000]  有藍色的字是應許版
[00:29:25.000 --> 00:29:27.000]  聖經裡面神的應許
[00:29:27.000 --> 00:29:29.000]  你為那些事情祈禱
[00:29:29.000 --> 00:29:32.000]  你覺得這是應許
[00:29:32.000 --> 00:29:35.000]  你就不斷祈禱
[00:29:35.000 --> 00:29:37.000]  其實你不祈禱神是應許的
[00:29:37.000 --> 00:29:39.000]  你按著神的心意
[00:29:39.000 --> 00:29:44.000]  不過你祈禱是緊貼神何時應許給你
[00:29:44.000 --> 00:29:47.000]  以致你不至失去信心
[00:29:47.000 --> 00:29:51.000]  因為很多人會答應你的事
[00:29:51.000 --> 00:29:55.000]  但是他答應了你之後
[00:29:55.000 --> 00:29:57.000]  遲遲未兌現
[00:29:57.000 --> 00:29:59.000]  你就怎樣
[00:29:59.000 --> 00:30:02.000]  一天比一天更加失去信心
[00:30:02.000 --> 00:30:04.000]  這個人信不過
[00:30:04.000 --> 00:30:06.000]  這個人說來不來
[00:30:06.000 --> 00:30:08.000]  這個人說會幫忙不會幫忙
[00:30:08.000 --> 00:30:09.000]  會不會這樣
[00:30:09.000 --> 00:30:11.000]  會有很多這樣的情況出現
[00:30:11.000 --> 00:30:13.000]  我們事實上都會遇到這樣的人
[00:30:13.000 --> 00:30:16.000]  但最終那個人都出現
[00:30:16.000 --> 00:30:18.000]  及時在我們需要的時候
[00:30:18.000 --> 00:30:21.000]  有時我們信心不足
[00:30:21.000 --> 00:30:23.000]  有時就動搖
[00:30:23.000 --> 00:30:27.000]  神一定會按祂的時間
[00:30:27.000 --> 00:30:30.000]  應許兌現
[00:30:30.000 --> 00:30:37.000]  但只不過未到時我們已經轉身走了
[00:30:37.000 --> 00:30:39.000]  所以有時我們就是這樣的情況
[00:30:39.000 --> 00:30:42.000]  但你看看這個伊利雅
[00:30:42.000 --> 00:30:45.000]  她為何幾次要一個僕人去看
[00:30:45.000 --> 00:30:47.000]  她為何不自己走出去看
[00:30:47.000 --> 00:30:50.000]  要走高一點看遠一點
[00:30:50.000 --> 00:30:54.000]  我相信她不是懶惰
[00:30:54.000 --> 00:30:56.000]  是專心祈禱
[00:30:56.000 --> 00:30:57.000]  專注
[00:30:57.000 --> 00:30:58.000]  專注祈禱
[00:30:58.000 --> 00:30:59.000]  叫一個僕人去看
[00:30:59.000 --> 00:31:03.000]  看看有沒有什麼可能性
[00:31:03.000 --> 00:31:05.000]  會不會有黑暈出來
[00:31:05.000 --> 00:31:07.000]  一直去看
[00:31:07.000 --> 00:31:09.000]  一直祈禱
[00:31:09.000 --> 00:31:11.000]  沒有停止祈禱
[00:31:11.000 --> 00:31:14.000]  去了六次都說沒有
[00:31:14.000 --> 00:31:16.000]  無無所有
[00:31:16.000 --> 00:31:18.000]  第七次才說
[00:31:18.000 --> 00:31:19.000]  見到雲
[00:31:19.000 --> 00:31:21.000]  手掌那麼大
[00:31:21.000 --> 00:31:23.000]  但當然
[00:31:23.000 --> 00:31:24.000]  很遠很遠
[00:31:24.000 --> 00:31:25.000]  剛才說過
[00:31:25.000 --> 00:31:26.000]  如果有雲
[00:31:26.000 --> 00:31:28.000]  雲下面就很大
[00:31:28.000 --> 00:31:30.000]  現在很遠的地方
[00:31:30.000 --> 00:31:32.000]  伊利雅就知道
[00:31:32.000 --> 00:31:34.000]  神的應許
[00:31:34.000 --> 00:31:36.000]  會臨到
[00:31:36.000 --> 00:31:39.000]  第七次真的出現
[00:31:39.000 --> 00:31:44.000]  很多時候我們都很懷疑神的應許
[00:31:44.000 --> 00:31:47.000]  或者別人對我們一些挑戰
[00:31:47.000 --> 00:31:51.000]  我們就會很容易信心被動搖
[00:31:51.000 --> 00:31:56.000]  一個不信主的老師
[00:31:56.000 --> 00:32:00.000]  嘲笑一個女同學
[00:32:00.000 --> 00:32:01.000]  一個小學生
[00:32:01.000 --> 00:32:07.000]  她說你真的相信聖經裡面所寫的一切嗎
[00:32:07.000 --> 00:32:09.000]  你連那個人
[00:32:09.000 --> 00:32:11.000]  掉進海裡
[00:32:11.000 --> 00:32:13.000]  被魚吞了
[00:32:13.000 --> 00:32:15.000]  還活著
[00:32:15.000 --> 00:32:17.000]  你還相信這件事嗎
[00:32:17.000 --> 00:32:20.000]  當然是若拿的故事
[00:32:20.000 --> 00:32:24.000]  那個女同學
[00:32:24.000 --> 00:32:28.000]  很天真又很堅定地說
[00:32:28.000 --> 00:32:31.000]  她說我相信
[00:32:31.000 --> 00:32:33.000]  但我雖然不知道
[00:32:33.000 --> 00:32:36.000]  但等到我去到天堂的時候
[00:32:36.000 --> 00:32:38.000]  我就問若拿
[00:32:38.000 --> 00:32:40.000]  怎樣出來
[00:32:40.000 --> 00:32:43.000]  那個老師繼續嘲笑她
[00:32:43.000 --> 00:32:46.000]  若拿在地獄怎麼辦
[00:32:46.000 --> 00:32:49.000]  那個女同學又很淡定
[00:32:49.000 --> 00:32:51.000]  到時由你來問她
[00:32:51.000 --> 00:32:57.000]  我們不要被人挑戰
[00:32:57.000 --> 00:32:59.000]  我們的信心就會低落
[00:32:59.000 --> 00:33:01.000]  是不是
[00:33:01.000 --> 00:33:03.000]  今天你的神有多大
[00:33:03.000 --> 00:33:05.000]  大不大過你眼前的信心
[00:33:05.000 --> 00:33:08.000]  今天我們教會是說
[00:33:08.000 --> 00:33:13.000]  全城結連復興
[00:33:13.000 --> 00:33:18.000]  我們有沒有深信神要復興我們呢
[00:33:18.000 --> 00:33:20.000]  我們有沒有信心
[00:33:20.000 --> 00:33:26.000]  神做一些我們似乎覺得不可能的事情呢
[00:33:26.000 --> 00:33:33.000]  以利亞擁有大過眼前實現的信心
[00:33:33.000 --> 00:33:40.000]  我不敢說這是一個很大的信心反應
[00:33:40.000 --> 00:33:43.000]  我真的好幾年前
[00:33:43.000 --> 00:33:45.000]  我好期望樓下有大的改變
[00:33:45.000 --> 00:33:47.000]  大家今天都知道
[00:33:47.000 --> 00:33:53.000]  我們需要大家繼續憑信心奉獻這個優化地下設施
[00:33:53.000 --> 00:34:04.000]  當時我真的領受神要我們建一個現代能夠多元化的禮堂
[00:34:04.000 --> 00:34:11.000]  我們看到不在禮堂裡面的設施是怎樣新穎怎樣新淨
[00:34:11.000 --> 00:34:16.000]  我們看到這個地方要更多的年青人進來
[00:34:16.000 --> 00:34:19.000]  敬拜我們的神
[00:34:19.000 --> 00:34:23.000]  去講耶和華是我們的神
[00:34:23.000 --> 00:34:26.000]  我們看到這個景象
[00:34:26.000 --> 00:34:29.000]  於是我都會跟年青人分享
[00:34:29.000 --> 00:34:31.000]  將來那裡怎樣怎樣
[00:34:31.000 --> 00:34:32.000]  他們第一個反應
[00:34:32.000 --> 00:34:34.000]  可以嗎
[00:34:34.000 --> 00:34:37.000]  會嗎
[00:34:37.000 --> 00:34:39.000]  我說不會
[00:34:39.000 --> 00:34:41.000]  祈禱吧
[00:34:41.000 --> 00:34:44.000]  當然我們現在繼續在禱告裡
[00:34:44.000 --> 00:34:46.000]  就算整了這個地方
[00:34:46.000 --> 00:34:47.000]  有人問
[00:34:47.000 --> 00:34:49.000]  我整了看看怎樣
[00:34:49.000 --> 00:34:51.000]  多少人來到
[00:34:51.000 --> 00:34:54.000]  今天我們不是做旁觀者
[00:34:54.000 --> 00:34:57.000]  今天我們領受神的意象
[00:34:57.000 --> 00:34:59.000]  是一個行動者
[00:34:59.000 --> 00:35:03.000]  不是在看誰在演戲
[00:35:03.000 --> 00:35:05.000]  是一起努力
[00:35:05.000 --> 00:35:07.000]  我們為神的工作
[00:35:07.000 --> 00:35:09.000]  但我們最重要的
[00:35:09.000 --> 00:35:11.000]  我們的神有多大
[00:35:11.000 --> 00:35:15.000]  大不大得過我們眼前的信心
[00:35:15.000 --> 00:35:18.000]  大不大得過我們面對的困難
[00:35:18.000 --> 00:35:23.000]  大不大得過我們的想像
[00:35:23.000 --> 00:35:25.000]  我們要去看
[00:35:25.000 --> 00:35:28.000]  所以
[00:35:28.000 --> 00:35:30.000]  看回飛機的比喻
[00:35:30.000 --> 00:35:33.000]  飛機的大小從來沒有改變
[00:35:33.000 --> 00:35:37.000]  改變只不過我們跟祂的距離
[00:35:37.000 --> 00:35:39.000]  當你離神很遙遠的時候
[00:35:39.000 --> 00:35:47.000]  你眼中縮小成一個無關重要的符號
[00:35:47.000 --> 00:35:49.000]  很遠很遠
[00:35:49.000 --> 00:35:52.000]  或者我們一個十字架
[00:35:52.000 --> 00:35:56.000]  放在家旁邊
[00:35:56.000 --> 00:35:59.000]  但我們對生命的焦慮
[00:35:59.000 --> 00:36:01.000]  環境的壓迫
[00:36:01.000 --> 00:36:03.000]  我們偶像的追求
[00:36:03.000 --> 00:36:05.000]  物欲的追求
[00:36:05.000 --> 00:36:08.000]  我們仍然充滿在我們生命裡
[00:36:08.000 --> 00:36:10.000]  我們會不會像伊利亞一樣
[00:36:10.000 --> 00:36:11.000]  透過祈禱
[00:36:11.000 --> 00:36:12.000]  信服
[00:36:12.000 --> 00:36:14.000]  重新靠近我們的神
[00:36:14.000 --> 00:36:16.000]  將神的偉大再次
[00:36:16.000 --> 00:36:18.000]  彰顯我們生命裡
[00:36:18.000 --> 00:36:20.000]  彰顯我們教會裡
[00:36:20.000 --> 00:36:22.000]  今天的復興
[00:36:22.000 --> 00:36:25.000]  當然不需要我們上沙密山裡竹壇
[00:36:25.000 --> 00:36:28.000]  但必定需要我們在心靈裡竹壇
[00:36:28.000 --> 00:36:30.000]  剛才我提過竹壇
[00:36:30.000 --> 00:36:35.000]  是為了潔淨我們自己
[00:36:35.000 --> 00:36:37.000]  潔淨以色列的百姓
[00:36:37.000 --> 00:36:39.000]  先去認罪悔改
[00:36:39.000 --> 00:36:43.000]  先去潔淨自己
[00:36:43.000 --> 00:36:45.000]  來到神面前祈求
[00:36:45.000 --> 00:36:47.000]  神所應許的事情
[00:36:47.000 --> 00:36:53.000]  相信神會按時間去兌現
[00:36:53.000 --> 00:36:55.000]  彰顯祂的大能
[00:36:55.000 --> 00:36:57.000]  現在就是這個時機
[00:36:57.000 --> 00:37:02.000]  今天你們可以來到禮拜五的早禱會裡
[00:37:02.000 --> 00:37:03.000]  竹壇
[00:37:03.000 --> 00:37:05.000]  認罪悔改
[00:37:05.000 --> 00:37:07.000]  潔淨自己
[00:37:07.000 --> 00:37:10.000]  準備神的應許
[00:37:10.000 --> 00:37:12.000]  進入你的生命裡
[00:37:12.000 --> 00:37:14.000]  無論你是自己個人的
[00:37:14.000 --> 00:37:17.000]  還是教會期望的復興
[00:37:17.000 --> 00:37:20.000]  都可以在這個禱告會裡
[00:37:20.000 --> 00:37:22.000]  去讓你
[00:37:22.000 --> 00:37:24.000]  從你心中的壇
[00:37:24.000 --> 00:37:26.000]  獻給我們的神
[00:37:26.000 --> 00:37:29.000]  不要再心慈兩意
[00:37:29.000 --> 00:37:32.000]  不要將你的神縮小
[00:37:32.000 --> 00:37:36.000]  讓我們一起宣告
[00:37:36.000 --> 00:37:38.000]  耶和華是神
[00:37:38.000 --> 00:37:41.000]  讓神在我們生命裡作神
[00:37:41.000 --> 00:37:43.000]  來同心祈禱
[00:37:43.000 --> 00:37:44.000]  親愛的主耶穌
[00:37:44.000 --> 00:37:45.000]  我們感謝祢
[00:37:45.000 --> 00:37:47.000]  因為祢的救贖大恩
[00:37:47.000 --> 00:37:50.000]  讓我們能夠得著永恆的生命
[00:37:50.000 --> 00:37:52.000]  更加祢是跟我們說
[00:37:52.000 --> 00:37:54.000]  祢自己在地上所做的
[00:37:54.000 --> 00:37:55.000]  我們帶著信心
[00:37:55.000 --> 00:37:57.000]  都可以和祢一樣
[00:37:57.000 --> 00:38:01.000]  做這些信心大能的事情
[00:38:01.000 --> 00:38:03.000]  求主幫助我們
[00:38:03.000 --> 00:38:04.000]  讓我們看到醫治
[00:38:04.000 --> 00:38:06.000]  看到軟弱
[00:38:06.000 --> 00:38:08.000]  看到我們需要建立
[00:38:08.000 --> 00:38:10.000]  看到我們需要
[00:38:10.000 --> 00:38:13.000]  神祢自己起死回生
[00:38:13.000 --> 00:38:15.000]  需要神祢自己
[00:38:15.000 --> 00:38:17.000]  從一個軟弱裡
[00:38:17.000 --> 00:38:20.000]  起來再次堅定跟隨你
[00:38:20.000 --> 00:38:21.000]  等等等等
[00:38:21.000 --> 00:38:23.000]  任何的難處
[00:38:23.000 --> 00:38:26.000]  你都可以克成
[00:38:26.000 --> 00:38:29.000]  你都可以有能力
[00:38:29.000 --> 00:38:31.000]  但是令我們超越
[00:38:31.000 --> 00:38:33.000]  求主幫助我們
[00:38:33.000 --> 00:38:35.000]  我們再一次來祢面前
[00:38:35.000 --> 00:38:37.000]  更多的親近祢
[00:38:37.000 --> 00:38:40.000]  因為祢說過
[00:38:40.000 --> 00:38:41.000]  人親近祢
[00:38:41.000 --> 00:38:44.000]  祢必親近那個人
[00:38:44.000 --> 00:38:46.000]  願意我們是一個
[00:38:46.000 --> 00:38:48.000]  每天願意親近祢的人
[00:38:48.000 --> 00:38:50.000]  願意我們看到的神
[00:38:50.000 --> 00:38:52.000]  是在我們面前
[00:38:52.000 --> 00:38:55.000]  是很大的
[00:38:55.000 --> 00:38:57.000]  大有能力的
[00:38:57.000 --> 00:38:59.000]  大有恩典的
[00:38:59.000 --> 00:39:01.000]  大有慈愛的
[00:39:01.000 --> 00:39:04.000]  大有彰顯祢的能力的
[00:39:04.000 --> 00:39:05.000]  祢幫助我們
[00:39:05.000 --> 00:39:06.000]  向我們教會
[00:39:06.000 --> 00:39:08.000]  尖沙咀浸信會
[00:39:08.000 --> 00:39:11.000]  成為主耶穌基督
[00:39:11.000 --> 00:39:13.000]  祢的教會
[00:39:13.000 --> 00:39:16.000]  我們忠心侍奉祢
[00:39:16.000 --> 00:39:17.000]  尊主為大
[00:39:17.000 --> 00:39:19.000]  禱告奉主耶穌名給
[00:39:19.000 --> 00:39:21.000]  阿們
