
[00:00:00.000 --> 00:00:01.740]  各位弟子平安
[00:00:01.740 --> 00:00:04.840]  邀請大家首先一齊祈禱
[00:00:04.840 --> 00:00:11.480]  神愛天父我們感謝祢
[00:00:11.480 --> 00:00:15.260]  感謝祢招待我們在祢的殿裏面去敬拜
[00:00:15.260 --> 00:00:17.720]  強烈闖開我們的心
[00:00:17.720 --> 00:00:21.340]  讓我們知道我們所聽的不是從人來的說話
[00:00:21.340 --> 00:00:23.960]  是祢親自向我們每一個的心靈
[00:00:23.960 --> 00:00:28.200]  去講出祢要對我們講的聲音
[00:00:28.200 --> 00:00:31.640]  又讓我們能夠明白祢的心意
[00:00:31.640 --> 00:00:34.400]  願講的和聽的都同往祢的月流
[00:00:34.400 --> 00:00:36.640]  祈禱奉主耶穌基督的名號
[00:00:36.640 --> 00:00:38.380]  阿們
[00:00:38.380 --> 00:00:41.980]  我相信大家有機會可能去過不同地方的國家
[00:00:41.980 --> 00:00:43.880]  不知道你有沒有留意
[00:00:43.880 --> 00:00:45.760]  一些很久以前
[00:00:45.760 --> 00:00:47.080]  古代的時候
[00:00:47.080 --> 00:00:50.560]  為了保衛國家都有很多不同的城牆
[00:00:50.560 --> 00:00:54.360]  包括我們的中國有萬里長城
[00:00:54.360 --> 00:00:55.900]  我相信大家都知道
[00:00:55.900 --> 00:01:00.600]  在城牆上面都會設有一些守望者
[00:01:00.600 --> 00:01:05.700]  可能用現代的語言就是保安人員
[00:01:05.700 --> 00:01:09.480]  這位守望者不是站在城牆上面
[00:01:09.480 --> 00:01:13.640]  高高在上地監督城裏面的人
[00:01:13.640 --> 00:01:15.240]  反過來不是
[00:01:15.240 --> 00:01:19.260]  他們為了傳承安危站在城牆上面
[00:01:19.260 --> 00:01:23.320]  去看城牆以外的地方
[00:01:23.320 --> 00:01:28.260]  如果發現遠方有敵軍準備前來攻擊的時候
[00:01:28.260 --> 00:01:30.800]  他就會吹起號角
[00:01:30.800 --> 00:01:34.300]  讓全城人做好準備
[00:01:34.300 --> 00:01:37.500]  不過如果他疏忽職守
[00:01:37.500 --> 00:01:39.500]  偷懶再睡覺
[00:01:39.500 --> 00:01:42.880]  讓全城人有機會陷入危機的時候
[00:01:42.880 --> 00:01:45.680]  原來他是很大罪的
[00:01:45.680 --> 00:01:50.220]  他是等同於犯了謀殺罪
[00:01:50.220 --> 00:01:53.620]  並且是集體謀殺罪
[00:01:53.620 --> 00:01:59.760]  這讓我想起去年發生在大埔宏福縣的火災
[00:01:59.760 --> 00:02:03.960]  如果當日警鐘發揮作用的時候
[00:02:03.960 --> 00:02:08.860]  我相信傷亡的數字絕對有可能減低
[00:02:08.860 --> 00:02:10.640]  當火災發生
[00:02:10.640 --> 00:02:13.700]  警鐘如果不是因為人為的緣故
[00:02:13.700 --> 00:02:16.440]  它切斷了線路它不響
[00:02:16.440 --> 00:02:19.680]  當然是機警的故障
[00:02:19.680 --> 00:02:22.640]  今天在基督的身體我們的教會裏面
[00:02:22.640 --> 00:02:26.380]  當我們見到身邊的弟兄姊妹生命失火
[00:02:26.380 --> 00:02:27.820]  出現了問題
[00:02:27.820 --> 00:02:29.820]  陷在罪惡的邊緣
[00:02:29.820 --> 00:02:33.060]  如果我們選擇冷眼旁觀
[00:02:33.060 --> 00:02:35.060]  不關我事
[00:02:35.060 --> 00:02:39.800]  這就是我們作為守望者的失職和失責
[00:02:39.800 --> 00:02:42.360]  我相信大家都有留意最近報章
[00:02:42.360 --> 00:02:44.240]  那一間教會
[00:02:44.240 --> 00:02:47.840]  有一個師父他去自首
[00:02:47.840 --> 00:02:50.300]  說自己在這十多年間
[00:02:50.300 --> 00:02:53.400]  虧空了教會二千多萬的款項
[00:02:53.400 --> 00:02:56.840]  當然都發現原來教會裏面有六千多萬
[00:02:56.840 --> 00:03:00.920]  七千多萬的不明的轉帳
[00:03:00.920 --> 00:03:06.080]  有嫌疑可能是透過教會的戶口洗黑錢
[00:03:06.080 --> 00:03:08.280]  很多人在網上討論
[00:03:08.280 --> 00:03:11.920]  為甚麼沒有人來做守望呢
[00:03:11.920 --> 00:03:14.420]  我相信更詳細的細節
[00:03:14.420 --> 00:03:19.760]  都可能在法庭開庭的時候才能夠更加了解
[00:03:19.760 --> 00:03:21.840]  今日三代經課裏面其中一段經文
[00:03:21.840 --> 00:03:25.900]  是以西傑書的三十三章七至十一節
[00:03:25.900 --> 00:03:27.500]  我們先來看一看
[00:03:27.500 --> 00:03:29.780]  先來讀出第七節的經文
[00:03:29.780 --> 00:03:31.200]  要請大家一起讀
[00:03:31.200 --> 00:03:33.200]  第七節 預備起
[00:03:42.700 --> 00:03:45.280]  以西傑先知被上帝指派
[00:03:45.280 --> 00:03:48.440]  差派他作為守望者
[00:03:48.440 --> 00:03:50.640]  其實各位聽眾你知不知道
[00:03:50.640 --> 00:03:56.140]  我們每一個信徒都有守望主裏面肢體的責任
[00:03:56.140 --> 00:04:00.360]  不過現代人講求個人私隱
[00:04:00.360 --> 00:04:03.220]  多一事不如少一事
[00:04:03.220 --> 00:04:08.760]  我們往往意識不到自己有守望主裏面肢體的責任
[00:04:08.760 --> 00:04:10.960]  不過在基督的身體裏面
[00:04:10.960 --> 00:04:15.240]  上帝從未打算叫我們做獨行俠
[00:04:15.240 --> 00:04:17.640]  或者孤家寡人 你自己搞定自己
[00:04:17.640 --> 00:04:19.640]  不是 上帝沒有這樣想過
[00:04:19.640 --> 00:04:23.840]  上帝呼籲我們要在教會裏面做彼此提醒
[00:04:23.840 --> 00:04:25.440]  彼此挽回
[00:04:25.440 --> 00:04:28.480]  去建立大家的守望者
[00:04:28.480 --> 00:04:33.000]  讓我們再讀多一次第七節加上第八節
[00:04:33.000 --> 00:04:35.000]  好 預備起
[00:04:40.980 --> 00:04:44.620]  「上帝對以色列先知說:如果惡人行惡
[00:04:44.620 --> 00:04:49.600]  那他當然自己會承受上帝給他所賦予的恩惠
[00:04:49.600 --> 00:04:51.600]  但若惡人行惡
[00:04:51.600 --> 00:04:55.080]  那他必須承受上帝賦予他所賦予的恩惠
[00:04:55.080 --> 00:04:58.840]  那他必須承受上帝賦予他所賦予他所賦予的恩惠
[00:04:58.840 --> 00:05:02.680]  那他必須承受上帝賦予他所賦予他所賦予他所賦予的恩惠
[00:05:02.680 --> 00:05:11.960]  以色列先知說:如果惡人行惡 那他當然自己會承受上帝賦予他所賦予的恩惠
[00:05:11.960 --> 00:05:15.560]  他必須承受上帝賦予他所賦予他所賦予他所賦予他所賦予的恩惠
[00:05:15.560 --> 00:05:23.480]  不過 若惡人行惡 而先知不吹惡的話 也就是不吹割好的話
[00:05:23.480 --> 00:05:31.680]  信你同時要向先知追討這個流人血的罪債
[00:05:31.680 --> 00:05:35.720]  你可能會說:為什麼?關我什麼事?
[00:05:35.720 --> 00:05:38.400]  他犯錯又不是我犯錯
[00:05:38.400 --> 00:05:44.200]  為什麼我不吹割又關我事 要我血債血償呢?
[00:05:44.200 --> 00:05:51.360]  因為站在城牆上的守望者和城裡的人的生命息息相關
[00:05:51.360 --> 00:05:53.240]  生死與共
[00:05:53.240 --> 00:05:58.720]  在《白來聖經》裡流血的罪是一種生命債
[00:05:58.720 --> 00:06:01.160]  守覺者不吹割
[00:06:01.160 --> 00:06:04.600]  雖然不是他親手殺了人
[00:06:04.600 --> 00:06:10.800]  不過他是眼白白看著他的同胞會有危機
[00:06:10.800 --> 00:06:13.000]  選擇袖手旁觀
[00:06:13.000 --> 00:06:16.920]  若他第一時間知道自己逃難了
[00:06:16.920 --> 00:06:21.800]  他的手就沾滿了同胞的血
[00:06:21.800 --> 00:06:26.800]  在教會裡 當我們看到頂姐妹陷在罪惡的誘惑當中
[00:06:26.800 --> 00:06:30.000]  或者她正在享受罪中的快樂
[00:06:30.000 --> 00:06:32.520]  又或者她的信仰冷淡
[00:06:32.520 --> 00:06:34.160]  和上帝疏遠
[00:06:34.160 --> 00:06:38.760]  如果我們選擇不關我事
[00:06:38.760 --> 00:06:42.080]  又或者我們選擇不要多管閒事
[00:06:42.080 --> 00:06:45.680]  我們選擇冷漠或者做屬靈的旁觀者
[00:06:45.680 --> 00:06:52.080]  在神的眼裡我們就放棄了作為主裡面肢體應有的責任
[00:06:52.080 --> 00:06:55.240]  保羅在《哥林多禪書》十二章二十六節這樣說
[00:06:55.240 --> 00:06:58.720]  他說如果一個肢體受苦
[00:06:58.720 --> 00:07:03.320]  所有的肢體就一同受苦
[00:07:03.320 --> 00:07:08.400]  真正的守望者源於我們看同一個身體的裏面
[00:07:08.400 --> 00:07:13.440]  我們會感受到身體病痛的連帶感
[00:07:13.440 --> 00:07:16.120]  我不知道大家有沒有試過牙痛
[00:07:16.120 --> 00:07:20.400]  又或者我們中國人說十指痛歸心
[00:07:20.400 --> 00:07:25.240]  我相信你感受到牙痛或者手指痛的時候
[00:07:25.240 --> 00:07:27.960]  你自己跟自己說關我什麼事
[00:07:27.960 --> 00:07:29.520]  我是眼 我是口
[00:07:29.520 --> 00:07:32.200]  不關我事
[00:07:32.200 --> 00:07:33.760]  你一定會
[00:07:33.760 --> 00:07:39.160]  你一定會想辦法令自己的牙發生什麼事
[00:07:39.160 --> 00:07:40.280]  不是痛那麼簡單
[00:07:40.280 --> 00:07:42.360]  痛是一個訊號
[00:07:42.360 --> 00:07:44.120]  我要怎樣去幫助它
[00:07:44.120 --> 00:07:47.440]  你發燒的時候你不會說不關我事
[00:07:47.440 --> 00:07:51.520]  你會看看身體裡面會不會其中一個器官發熱
[00:07:51.520 --> 00:07:58.040]  以致它是一個訊號
[00:07:58.040 --> 00:08:01.400]  如果我們沒有這個連帶中痛感
[00:08:01.400 --> 00:08:05.520]  一個肢體受苦我們都感受到傷痛的時候
[00:08:05.520 --> 00:08:09.440]  表示我們並未真正屬於這個身體
[00:08:09.440 --> 00:08:14.000]  也並未真正去活出身體
[00:08:14.000 --> 00:08:17.240]  基督身體的生命
[00:08:17.240 --> 00:08:20.600]  在這裏我想特別去區分一下
[00:08:20.600 --> 00:08:24.600]  守望不是扮演心靈警察
[00:08:24.600 --> 00:08:27.760]  我們不是扮演心靈警察
[00:08:27.760 --> 00:08:34.160]  更加不是將別人的傷痛當成罪惡去糾正
[00:08:34.160 --> 00:08:35.640]  我們要區分
[00:08:35.640 --> 00:08:39.800]  別人的傷痛和罪惡是要分開的
[00:08:39.800 --> 00:08:45.400]  我們千萬不要將別人的傷痛作為罪惡去糾正
[00:08:45.400 --> 00:08:48.960]  當我們的主力肢體陷入一個情緒的低落
[00:08:48.960 --> 00:08:51.160]  又或者是抑鬱焦慮
[00:08:51.160 --> 00:08:53.720]  面對人生的苦難的時候
[00:08:53.720 --> 00:08:57.600]  我們要催促的覺醒不是去說話
[00:08:57.600 --> 00:08:59.600]  而是去陪伴
[00:08:59.600 --> 00:09:01.120]  是去聆聽
[00:09:01.120 --> 00:09:02.800]  是去同情
[00:09:02.800 --> 00:09:07.760]  和對方一起尋求專業的協助
[00:09:07.760 --> 00:09:11.800]  只有當我們發現主力肢體陷入明顯的罪惡
[00:09:11.800 --> 00:09:13.880]  例如它不誠實
[00:09:13.880 --> 00:09:16.400]  例如它對婚姻不忠
[00:09:16.400 --> 00:09:19.400]  例如它對人不公道的時候
[00:09:19.400 --> 00:09:23.880]  我們催促的覺醒才應該是指正
[00:09:23.880 --> 00:09:26.520]  不過是溫柔的指正
[00:09:26.520 --> 00:09:31.760]  今日經文第七節這樣說
[00:09:31.760 --> 00:09:35.720]  「所以你要聽我口中的話
[00:09:35.720 --> 00:09:38.800]  替我警戒他們」
[00:09:38.800 --> 00:09:41.160]  所以為什麼我經常都會鼓勵大家
[00:09:41.160 --> 00:09:43.680]  你一定要每天靈修
[00:09:43.680 --> 00:09:46.520]  如果你只是憑自己去看某件事
[00:09:46.520 --> 00:09:48.520]  來講出你的說話
[00:09:48.520 --> 00:09:49.960]  我真的很擔心
[00:09:49.960 --> 00:09:51.560]  其實是你的意思
[00:09:51.560 --> 00:09:54.200]  還是上帝吩咐你的意思呢?
[00:09:54.200 --> 00:09:56.200]  經文說
[00:09:56.200 --> 00:09:58.440]  要替上帝去警戒
[00:09:58.440 --> 00:10:00.280]  你一定是聽到上帝的吩咐
[00:10:00.280 --> 00:10:02.160]  才去警戒
[00:10:02.160 --> 00:10:05.600]  守望者並且不能夠隨便去催覺
[00:10:05.600 --> 00:10:07.520]  亂催一通
[00:10:07.520 --> 00:10:12.720]  其實他的覺醒你要清楚地表達出那個訊息
[00:10:12.720 --> 00:10:16.080]  就是上帝要拯救百姓的心意
[00:10:16.080 --> 00:10:17.280]  古代以色列民
[00:10:17.280 --> 00:10:22.840]  催促不同的覺醒去表達不同的訊號
[00:10:22.840 --> 00:10:24.800]  如果你有機會上網去看的時候
[00:10:24.800 --> 00:10:26.360]  原來不同的覺醒
[00:10:26.360 --> 00:10:27.480]  他們分了很多種
[00:10:27.480 --> 00:10:30.520]  我抽了三種來跟大家分享
[00:10:30.520 --> 00:10:34.280]  有一種覺醒叫做「特基雅」
[00:10:34.280 --> 00:10:38.760]  是一聲很高、平穩的長音
[00:10:38.760 --> 00:10:43.360]  目的是要召集百姓聚集
[00:10:43.360 --> 00:10:45.800]  一起宣告「安息」的開始
[00:10:45.800 --> 00:10:48.400]  又或者是「君王登基」
[00:10:48.400 --> 00:10:51.160]  他想要傳達一種平安的人
[00:10:51.160 --> 00:10:53.520]  以及招聚百姓聚集
[00:10:53.520 --> 00:10:57.040]  以及同時納約的一個訊息
[00:10:57.040 --> 00:11:00.680]  另一種的覺醒叫做「舍雅臨」
[00:11:00.680 --> 00:11:02.880]  你聽完這個覺醒之後
[00:11:02.880 --> 00:11:06.000]  好像有人在哭一樣
[00:11:06.000 --> 00:11:08.920]  是三個連續的短音
[00:11:08.920 --> 00:11:13.640]  來催促「嗚嗚」這樣
[00:11:13.640 --> 00:11:15.120]  催促這個覺醒
[00:11:15.120 --> 00:11:17.360]  通常是在一個大會裏面
[00:11:17.360 --> 00:11:22.120]  去提醒百姓要流淚、悔改
[00:11:22.120 --> 00:11:25.400]  另一種覺醒好像是開機關窗一樣
[00:11:25.400 --> 00:11:29.400]  是用九個很短的短音
[00:11:29.400 --> 00:11:32.000]  很快、很短的短音
[00:11:32.000 --> 00:11:33.200]  來告訴大家
[00:11:33.200 --> 00:11:36.600]  「敵軍來了 快點備戰」
[00:11:36.600 --> 00:11:39.960]  是一個警報的訊號
[00:11:39.960 --> 00:11:41.080]  所以催促的覺醒
[00:11:41.080 --> 00:11:44.080]  如果不清楚、很混淆的時候
[00:11:44.080 --> 00:11:48.560]  醒裡面的人就不知道要怎樣去回應
[00:11:48.560 --> 00:11:52.200]  所以先知發出的警告
[00:11:52.200 --> 00:11:55.840]  必須完全是出於上帝要拯救百姓的心意
[00:11:55.840 --> 00:12:00.240]  而不是我們亂催促這個覺控
[00:12:00.240 --> 00:12:05.480]  現代信徒在教會裏面往往走在兩個極端
[00:12:05.480 --> 00:12:07.200]  一是怕得罪人
[00:12:07.200 --> 00:12:09.520]  所以不敢出聲
[00:12:09.520 --> 00:12:13.080]  一是粗暴發聲
[00:12:13.080 --> 00:12:17.040]  一出聲就是直接批評對方
[00:12:17.040 --> 00:12:20.000]  這兩邊其實不恰當
[00:12:20.000 --> 00:12:22.000]  也不合義
[00:12:22.000 --> 00:12:25.840]  作為守望者是要學習摧割的藝術
[00:12:25.840 --> 00:12:29.440]  學習用愛心去說誠實話
[00:12:29.440 --> 00:12:33.320]  目的就是要挽回和建立對方
[00:12:33.320 --> 00:12:37.240]  讓對方的生命可以得到保護和拯救
[00:12:37.240 --> 00:12:39.760]  而不是為了宣洩自己的不滿
[00:12:39.760 --> 00:12:43.120]  又或者去表達自己是多麼對
[00:12:43.120 --> 00:12:45.080]  所以推薦大家去讀一本書
[00:12:45.080 --> 00:12:46.720]  一本好書
[00:12:46.720 --> 00:12:48.600]  它的原文是英文
[00:12:48.600 --> 00:12:50.360]  不過也翻譯成中文
[00:12:50.360 --> 00:12:55.960]  英文是「Caring enough to confront」
[00:12:55.960 --> 00:12:58.800]  用愛心說誠實話
[00:12:58.800 --> 00:13:00.480]  如果在我們當中
[00:13:00.480 --> 00:13:04.120]  越來越多弟兄姊妹實踐用愛心說誠實話
[00:13:04.120 --> 00:13:06.080]  相信我們整體的生命
[00:13:06.080 --> 00:13:08.440]  不單止會健康成長
[00:13:08.440 --> 00:13:13.200]  我相信更加會是教會增長的重要約事
[00:13:13.200 --> 00:13:17.440]  讓我們讀一讀第十節
[00:13:17.440 --> 00:13:18.440]  預備起
[00:13:28.800 --> 00:13:32.720]  「我們必因此消滅,怎能存活呢?」
[00:13:32.720 --> 00:13:35.120]  為何白色會說這些話
[00:13:35.120 --> 00:13:38.040]  他說我們過犯罪惡在自己的身上
[00:13:38.040 --> 00:13:40.200]  去發現自己犯罪
[00:13:40.200 --> 00:13:44.120]  不過似乎帶來他們覺得自己沒有希望
[00:13:44.120 --> 00:13:46.280]  我們必因此消滅
[00:13:46.280 --> 00:13:49.240]  怎能存活呢?
[00:13:49.240 --> 00:13:51.160]  其實這段經文的背景就是
[00:13:51.160 --> 00:13:52.880]  耶路撒冷已經陷落
[00:13:52.880 --> 00:13:54.600]  國家已經滅亡
[00:13:54.600 --> 00:13:58.480]  人民被地牢或者流亡海外
[00:13:58.480 --> 00:14:02.320]  白色這番說話不單止覺得很悲痛
[00:14:02.320 --> 00:14:05.680]  更加是一種自暴自棄
[00:14:05.680 --> 00:14:08.400]  覺得沒有救了
[00:14:08.400 --> 00:14:10.200]  沒有希望了
[00:14:10.200 --> 00:14:11.520]  神懲罰我們
[00:14:11.520 --> 00:14:14.880]  我們做甚麼都沒有用了
[00:14:14.880 --> 00:14:17.120]  以色列先知聽到這番說話
[00:14:17.120 --> 00:14:19.800]  他沒有高高在上地對白色說
[00:14:19.800 --> 00:14:22.360]  「我早就警告過你了」
[00:14:22.360 --> 00:14:25.240]  「你不聽我的話,活該」
[00:14:25.240 --> 00:14:26.280]  沒有
[00:14:26.280 --> 00:14:28.960]  以色列先知沒有這樣說
[00:14:28.960 --> 00:14:30.560]  因為守望者自己知道
[00:14:30.560 --> 00:14:33.560]  他自己也是身體的一部分
[00:14:33.560 --> 00:14:37.880]  他自己也是一位蒙恩的罪人
[00:14:37.880 --> 00:14:40.120]  上帝藉由先知吹響號角
[00:14:40.120 --> 00:14:42.520]  是要打破白色這一種
[00:14:42.520 --> 00:14:47.480]  「我沒有救了,我沒有希望」的想法
[00:14:47.480 --> 00:14:51.440]  所以我們記得聖經說甚麼
[00:14:51.440 --> 00:14:54.240]  當我們看到弟兄眼裡的刺的時候
[00:14:54.240 --> 00:14:56.320]  先檢查一下自己
[00:14:56.320 --> 00:14:57.880]  會不會有良目
[00:14:57.880 --> 00:15:00.560]  以致我們看得不清楚
[00:15:00.560 --> 00:15:04.800]  所以守望者第一槍永遠都是開向自己
[00:15:04.800 --> 00:15:06.600]  當我們看到姿態軟弱的時候
[00:15:06.600 --> 00:15:08.760]  第一個反應如果是
[00:15:08.760 --> 00:15:10.760]  「我捉到你了」
[00:15:10.760 --> 00:15:13.560]  「我比你熟稔,我比你叻,我比你公義」
[00:15:13.560 --> 00:15:16.280]  這個不是守望
[00:15:16.280 --> 00:15:20.240]  這個是法利塞人式的自為意
[00:15:20.240 --> 00:15:23.160]  真正的守望者是帶著眼淚和謙卑
[00:15:23.160 --> 00:15:25.520]  去吹這個號角
[00:15:25.520 --> 00:15:27.200]  去心裏面知道
[00:15:27.200 --> 00:15:29.120]  如果不是上帝的恩典
[00:15:29.120 --> 00:15:32.560]  他同樣都會跌倒
[00:15:32.560 --> 00:15:36.160]  然後我們來看看第一節經文
[00:15:36.160 --> 00:15:37.680]  我們一起讀出這節經文
[00:15:37.680 --> 00:15:39.400]  預備起
[00:15:39.400 --> 00:15:42.960]  「雨淋淌雪,樹野無話說
[00:15:42.960 --> 00:15:45.720]  我只著頭應身披襯
[00:15:45.720 --> 00:15:48.480]  我當年不得其言惡人死亡
[00:15:48.480 --> 00:15:52.960]  為其言惡人傳遞他所有道德傳呼
[00:15:52.960 --> 00:15:55.760]  已死之家,你無迴轉
[00:15:55.760 --> 00:15:59.680]  迴轉未還惡道罷,可別死我哩」
[00:15:59.680 --> 00:16:02.040]  我相信我們當中做家長
[00:16:02.040 --> 00:16:05.680]  一定很能夠明白這一節經文
[00:16:05.680 --> 00:16:07.120]  上帝做很多事情
[00:16:07.120 --> 00:16:08.480]  正如我們做很多事情
[00:16:08.480 --> 00:16:10.720]  很惡史林鄧
[00:16:10.720 --> 00:16:12.160]  很多很多的懲罰
[00:16:12.160 --> 00:16:13.840]  其實我們想怎樣呢?
[00:16:13.840 --> 00:16:15.760]  我們其實都是很想
[00:16:15.760 --> 00:16:17.240]  我們的孩子
[00:16:17.240 --> 00:16:20.440]  他迴轉走在正路當中
[00:16:20.440 --> 00:16:22.720]  上帝最高神聖的本質
[00:16:22.720 --> 00:16:24.760]  祂最終的目的
[00:16:24.760 --> 00:16:26.840]  永遠是我們的生命
[00:16:26.840 --> 00:16:28.240]  可以怎樣恢復上來
[00:16:28.240 --> 00:16:30.840]  創造我們時的本質
[00:16:30.840 --> 00:16:32.560]  而不是想懲罰我們
[00:16:32.560 --> 00:16:34.640]  也不是想毀滅我們
[00:16:34.640 --> 00:16:37.480]  祂最想我們離開一些不正確的行為
[00:16:37.480 --> 00:16:39.080]  不正確的惡道
[00:16:39.080 --> 00:16:40.400]  悔改
[00:16:40.400 --> 00:16:43.160]  得到真正永遠的生命
[00:16:43.160 --> 00:16:47.120]  所以請大家當你想催覺的時候
[00:16:47.120 --> 00:16:49.840]  你想去提醒靈姐妹的時候
[00:16:49.840 --> 00:16:52.320]  請你首先禱告
[00:16:52.320 --> 00:16:54.120]  問自己一個問題
[00:16:54.120 --> 00:16:55.760]  我做這件事
[00:16:55.760 --> 00:16:59.240]  是為了證明我是對的
[00:16:59.240 --> 00:17:04.080]  還是真心渴望對方的生命可以成長?
[00:17:04.080 --> 00:17:05.600]  真心渴望對方
[00:17:05.600 --> 00:17:08.480]  走在正路的當中
[00:17:08.480 --> 00:17:10.000]  如果我們只是享受
[00:17:10.000 --> 00:17:12.400]  指出別人的錯誤
[00:17:12.400 --> 00:17:15.840]  那種快樂的說話
[00:17:15.840 --> 00:17:19.520]  他不願意陪伴對方走出低谷
[00:17:19.520 --> 00:17:21.520]  我們這個守望
[00:17:21.520 --> 00:17:24.320]  就缺乏了上帝的生命
[00:17:24.320 --> 00:17:25.920]  我們這樣的催覺
[00:17:25.920 --> 00:17:27.640]  只會讓對方
[00:17:27.640 --> 00:17:30.520]  讓教會帶來毀滅
[00:17:30.520 --> 00:17:34.040]  我們再讀多一次經文第九節
[00:17:34.040 --> 00:17:36.000]  預備起
[00:17:48.680 --> 00:17:52.600]  經文比守望是一個很大的釋放
[00:17:52.600 --> 00:17:55.200]  我們只是負責忠實去催覺
[00:17:55.200 --> 00:17:58.120]  用愛心去說誠實話
[00:17:58.120 --> 00:17:59.800]  不過我們要記住
[00:17:59.800 --> 00:18:07.280]  我們沒有辦法替對方做決定性的轉變
[00:18:07.280 --> 00:18:10.600]  我相信這個最令我們糾結
[00:18:10.600 --> 00:18:12.000]  所以很多熱心的信徒
[00:18:12.000 --> 00:18:15.600]  很容易陷入一個救世主的情義結
[00:18:15.600 --> 00:18:18.160]  又或者過度的操控
[00:18:18.160 --> 00:18:20.240]  當對方不聽我們的勸告時
[00:18:20.240 --> 00:18:22.440]  我們覺得很挫敗
[00:18:22.440 --> 00:18:24.080]  很憤怒
[00:18:24.080 --> 00:18:26.280]  甚至想方設法
[00:18:26.280 --> 00:18:30.360]  用一些方法希望對方去聽自己的想法
[00:18:30.360 --> 00:18:31.400]  沒錯
[00:18:31.400 --> 00:18:33.080]  我們是為對方好
[00:18:33.080 --> 00:18:35.560]  但這不是聖經的教導
[00:18:35.560 --> 00:18:36.840]  聖經文告訴我們
[00:18:36.840 --> 00:18:38.840]  我們要劃清界線
[00:18:38.840 --> 00:18:41.680]  出於愛的提醒是我們的責任
[00:18:41.680 --> 00:18:43.480]  不過改變人心的主權
[00:18:43.480 --> 00:18:47.640]  永遠在聖靈的手中
[00:18:47.640 --> 00:18:50.000]  當我們進了站之後
[00:18:50.000 --> 00:18:51.360]  我們催完覺
[00:18:51.360 --> 00:18:53.520]  我們要學會去放手
[00:18:53.520 --> 00:18:56.240]  將對方交給上帝
[00:18:56.240 --> 00:18:58.120]  我們當然不會放棄
[00:18:58.120 --> 00:18:59.360]  不會封鎖
[00:18:59.360 --> 00:19:04.320]  我們不會去不理睬弟兄姊妹
[00:19:04.320 --> 00:19:05.640]  不是這個意思
[00:19:05.640 --> 00:19:07.040]  我們不是繼續催覺
[00:19:07.040 --> 00:19:08.200]  不是繼續去提醒
[00:19:08.200 --> 00:19:09.880]  不是繼續去教訓
[00:19:09.880 --> 00:19:12.480]  而是繼續在我們的禱告裡面
[00:19:12.480 --> 00:19:16.080]  去守望對方
[00:19:16.080 --> 00:19:18.680]  因為知道上帝的時間
[00:19:18.680 --> 00:19:20.280]  和我們的時間不同
[00:19:20.280 --> 00:19:23.040]  我們所有在禱告裡面去為對方
[00:19:23.040 --> 00:19:29.600]  來擺上我們的關懷
[00:19:29.600 --> 00:19:32.480]  既然守望是上帝給我們的命令
[00:19:32.480 --> 00:19:35.240]  我們怎樣在教會裡面來落實
[00:19:35.240 --> 00:19:37.200]  建立一個既有真理問責
[00:19:37.200 --> 00:19:38.600]  我們彼此守望
[00:19:38.600 --> 00:19:42.080]  又有心理安全的健康教會呢
[00:19:42.080 --> 00:19:45.920]  我們要記得守望不是公開去公審
[00:19:45.920 --> 00:19:49.680]  更加不是在背後去說對方的是非
[00:19:49.680 --> 00:19:53.280]  真正的守望一定是私下進行
[00:19:53.280 --> 00:19:54.880]  《馬地方》十八章十五節
[00:19:54.880 --> 00:19:57.200]  耶穌對我們的教導是怎樣呢
[00:19:57.200 --> 00:20:00.480]  祂說「當我們發現頂尖會有過失的時候
[00:20:00.480 --> 00:20:04.160]  我們需要私底下的跟祂說
[00:20:04.160 --> 00:20:06.960]  但是當對方分享
[00:20:06.960 --> 00:20:09.600]  承認祂的軟弱的時候
[00:20:09.600 --> 00:20:13.160]  請我們首先閉上嘴
[00:20:13.160 --> 00:20:14.800]  打開我們的耳朵
[00:20:14.800 --> 00:20:16.160]  去聆聽
[00:20:16.160 --> 00:20:17.200]  去明白
[00:20:17.200 --> 00:20:18.600]  去同情
[00:20:18.600 --> 00:20:22.600]  而不是急於去教訓和給意見對方
[00:20:22.600 --> 00:20:24.040]  我們當然可以詢問對方
[00:20:24.040 --> 00:20:26.920]  願不願意聽自己一些意見
[00:20:26.920 --> 00:20:29.920]  如果對方說「不需要」
[00:20:29.920 --> 00:20:32.720]  我們就要學習收聲
[00:20:32.720 --> 00:20:34.960]  當對方還未準備好
[00:20:34.960 --> 00:20:38.000]  去聆聽我們的意見的時候
[00:20:38.000 --> 00:20:40.680]  我們實在需要等待
[00:20:40.680 --> 00:20:47.160]  又或者我們的關係未去到更深厚的信任
[00:20:47.160 --> 00:20:51.760]  以至他願意來聽我們建設性的意見
[00:20:51.760 --> 00:20:54.120]  我老師曾經說過一句話
[00:20:54.120 --> 00:20:57.440]  他說「用愛心說誠實話」的意思
[00:20:57.440 --> 00:21:01.680]  不是我們單方面覺得我愛他
[00:21:01.680 --> 00:21:04.880]  我們就可以有碗話碗有碟話碟
[00:21:04.880 --> 00:21:06.200]  不是
[00:21:06.200 --> 00:21:09.200]  而是應該讓對方
[00:21:09.200 --> 00:21:14.200]  真正感受到我們對他的關懷和慈愛
[00:21:14.200 --> 00:21:18.600]  我們才可以向對方說誠實話
[00:21:18.600 --> 00:21:19.480]  所以在教會裏面
[00:21:19.480 --> 00:21:23.960]  我們首先需要建立的就是一個嚴格保密的氛圍
[00:21:23.960 --> 00:21:28.240]  以及不要在未被邀請之下
[00:21:28.240 --> 00:21:31.640]  來提出我們的建議
[00:21:31.640 --> 00:21:32.680]  第二
[00:21:32.680 --> 00:21:33.960]  我相信在大組裏面
[00:21:33.960 --> 00:21:36.760]  我們的團契都有十多人
[00:21:36.760 --> 00:21:39.440]  就算沒有可能也有五、七、八人
[00:21:39.440 --> 00:21:40.600]  在大組的座位裏面
[00:21:40.600 --> 00:21:43.440]  很難去分享深層的掙扎
[00:21:43.440 --> 00:21:45.120]  所以鼓勵弟兄姊妹
[00:21:45.120 --> 00:21:48.880]  你可以來找兩、三個弟兄姊妹
[00:21:48.880 --> 00:21:50.720]  主要是同性的
[00:21:50.720 --> 00:21:54.760]  去互相定期去做討稿
[00:21:54.760 --> 00:21:57.160]  或者是問責小組
[00:21:57.160 --> 00:22:02.040]  我們定期雙組去問一些更加深入的問題
[00:22:02.040 --> 00:22:05.680]  包括我們最近屬靈生物的狀態是怎樣
[00:22:05.680 --> 00:22:08.120]  我們的靈修穩不穩定
[00:22:08.120 --> 00:22:09.440]  我們在感情上
[00:22:09.440 --> 00:22:10.640]  在工作上
[00:22:10.640 --> 00:22:12.240]  在德行上
[00:22:12.240 --> 00:22:15.000]  有沒有甚麼隱密的掙扎
[00:22:15.000 --> 00:22:18.240]  需要我們大家彼此去守望
[00:22:18.240 --> 00:22:20.280]  這個不是八卦
[00:22:20.280 --> 00:22:25.000]  而是促成彼此生命可以連結和成長的契機
[00:22:25.000 --> 00:22:27.440]  所以教會第二要做的就是
[00:22:27.440 --> 00:22:30.160]  是否我們能夠建立起兩、三個人
[00:22:30.160 --> 00:22:33.960]  彼此問責的一個小組
[00:22:33.960 --> 00:22:35.200]  第三
[00:22:35.200 --> 00:22:39.400]  當弟兄姊妹向我們坦承自己跌倒軟弱的時候
[00:22:39.400 --> 00:22:44.400]  請你第一樣做的就是同理和感謝
[00:22:44.400 --> 00:22:46.960]  感謝對方對我們的信任
[00:22:46.960 --> 00:22:49.760]  願意將這麼深的掙扎
[00:22:49.760 --> 00:22:51.920]  軟弱可以跟我們說
[00:22:51.920 --> 00:22:54.880]  第二是重申上帝的恩典
[00:22:54.880 --> 00:22:55.840]  告訴他
[00:22:55.840 --> 00:22:58.480]  順利的愛沒有離開過他
[00:22:58.480 --> 00:23:01.920]  他在基督裡面的身份依然是很寶貴的
[00:23:01.920 --> 00:23:06.920]  而第三是幫助他來陪伴他轉向
[00:23:06.920 --> 00:23:07.880]  你可以問他
[00:23:07.880 --> 00:23:09.800]  我們可以一起做些甚麼
[00:23:09.800 --> 00:23:13.000]  去幫對方走出這個困局呢?
[00:23:13.000 --> 00:23:17.080]  又或者走出這個不恰當的壞習慣呢?
[00:23:17.080 --> 00:23:19.240]  需不需要我每一天
[00:23:19.240 --> 00:23:20.800]  或者每一個星期
[00:23:20.800 --> 00:23:23.800]  去給他一些提醒呢?
[00:23:23.800 --> 00:23:25.200]  所以第三步就是
[00:23:25.200 --> 00:23:30.560]  教會之間需要採取一個首先接納
[00:23:30.560 --> 00:23:33.480]  然後重申他在基督裡面寶貴的身份
[00:23:33.480 --> 00:23:38.920]  然後陪伴他走向這個轉變的路
[00:23:38.920 --> 00:23:40.600]  當然
[00:23:40.600 --> 00:23:42.560]  我要再重申的就是
[00:23:42.560 --> 00:23:45.000]  絕對保密是很重要的
[00:23:45.000 --> 00:23:50.360]  這個建立雙方信任的其中一個基石
[00:23:50.360 --> 00:23:52.200]  那件事
[00:23:52.200 --> 00:23:53.960]  軟弱的事
[00:23:53.960 --> 00:23:57.680]  永遠都應該是當事人自己跟別人透露
[00:23:57.680 --> 00:24:03.360]  又或者你得到當事人的同意才可以跟其他人去分享
[00:24:03.360 --> 00:24:05.240]  目的是幫助對方
[00:24:05.240 --> 00:24:06.520]  建立對方
[00:24:06.520 --> 00:24:08.920]  而不是八卦或者批評
[00:24:08.920 --> 00:24:11.280]  當然在輔導界裡面都有這樣的守則
[00:24:11.280 --> 00:24:13.200]  就是當你聽到
[00:24:13.200 --> 00:24:15.800]  對方原來是做一些將會做一些
[00:24:15.800 --> 00:24:18.280]  或者做了一些傷害自己
[00:24:18.280 --> 00:24:20.760]  傷害其他人的事情的時候
[00:24:20.760 --> 00:24:22.440]  你要告訴對方
[00:24:22.440 --> 00:24:27.080]  你會跟一些適當要知道這件事情的人
[00:24:27.080 --> 00:24:29.120]  來說出來
[00:24:29.120 --> 00:24:32.560]  所以你都要對方去明白和知道
[00:24:32.560 --> 00:24:34.800]  這件事情是很嚴重
[00:24:34.800 --> 00:24:36.960]  所以你會是跟其他
[00:24:36.960 --> 00:24:39.720]  一些應該要知道這件事情的人知道
[00:24:39.720 --> 00:24:42.040]  為了讓對他自己的傷害
[00:24:42.040 --> 00:24:44.760]  或者對別人的傷害的傷害
[00:24:44.760 --> 00:24:47.360]  是減到最低
[00:24:47.360 --> 00:24:49.080]  最後一個健康的守望文化
[00:24:49.080 --> 00:24:52.120]  不僅需要有愛的摧割者
[00:24:52.120 --> 00:24:55.160]  更加需要謙卑的聆聽者
[00:24:55.160 --> 00:24:56.400]  今天
[00:24:56.400 --> 00:24:58.760]  如果你身邊有知體出於愛心
[00:24:58.760 --> 00:25:03.240]  私底下來跟我們講誠實話
[00:25:03.240 --> 00:25:05.720]  我們會有什麼反應呢?
[00:25:05.720 --> 00:25:07.320]  我們會立刻捉起防線
[00:25:07.320 --> 00:25:09.880]  覺得對方在針對我們
[00:25:09.880 --> 00:25:14.480]  抑或我們唯有一個敞開謙卑的心
[00:25:14.480 --> 00:25:17.440]  來聽下去呢?
[00:25:17.440 --> 00:25:20.160]  這段日子我和誠恩一起在這裡
[00:25:20.160 --> 00:25:24.880]  個別去見每一個門裡的學員
[00:25:24.880 --> 00:25:27.000]  來看看他們過了一年之後
[00:25:27.000 --> 00:25:29.720]  他們有什麼成長
[00:25:29.720 --> 00:25:31.440]  我們發現
[00:25:31.440 --> 00:25:32.960]  原來有些報名字母
[00:25:32.960 --> 00:25:36.000]  她的心靈慢慢很強壯
[00:25:36.000 --> 00:25:38.560]  她告訴我們她不再那麼敏感
[00:25:38.560 --> 00:25:40.200]  見到那個人兩個人在聊天
[00:25:40.200 --> 00:25:42.400]  「咦?是在說我嗎?」
[00:25:42.400 --> 00:25:44.240]  沒有那麼敏感
[00:25:44.240 --> 00:25:45.640]  心靈開始強壯
[00:25:45.640 --> 00:25:48.960]  還有心胸開始更加廣闊
[00:25:48.960 --> 00:25:51.000]  人也開朗了很多
[00:25:51.000 --> 00:25:52.360]  於是我們問她
[00:25:52.360 --> 00:25:56.200]  發生什麼事讓你有這個轉變呢?
[00:25:56.200 --> 00:25:59.760]  其實這位學員和我和誠恩
[00:25:59.760 --> 00:26:00.800]  也發現了一樣東西
[00:26:00.800 --> 00:26:05.520]  就是她每天很倖尚地來到上帝的面前
[00:26:05.520 --> 00:26:06.800]  這份親密
[00:26:06.800 --> 00:26:10.040]  這份聆聽上帝的說話和祈禱
[00:26:10.040 --> 00:26:15.160]  原來是讓她的心靈強大的一個很重要的原因
[00:26:15.160 --> 00:26:17.000]  所以為什麼林牧師經常跟大家說
[00:26:17.000 --> 00:26:19.480]  每天的靈修是那麼重要呢?
[00:26:19.480 --> 00:26:21.960]  你可能看不到那個即時的果效
[00:26:21.960 --> 00:26:23.160]  因為我們去到神的面前
[00:26:23.160 --> 00:26:25.320]  當然是想問祂拿些東西
[00:26:25.320 --> 00:26:26.880]  原來最重要的就是
[00:26:26.880 --> 00:26:29.880]  當你每一天都在神的面前的時候
[00:26:29.880 --> 00:26:33.200]  你的心靈會漸漸強大
[00:26:33.200 --> 00:26:35.480]  知道有什麼需要反應
[00:26:35.480 --> 00:26:38.600]  知道有什麼需要處之泰然
[00:26:38.600 --> 00:26:48.440]  這是上帝給我們一個非常好的心靈資源的一個良藥
[00:26:48.440 --> 00:26:54.680]  希望大家可以建立起每天靈修的重要操練
[00:26:54.680 --> 00:26:57.800]  求上帝幫助讓我們心靈可以強大
[00:26:57.800 --> 00:27:00.880]  分得清什麼是建設性的提醒
[00:27:00.880 --> 00:27:05.160]  而也聽得入這些忠實的提醒和建議
[00:27:05.160 --> 00:27:06.600]  各位靖姐妹
[00:27:06.600 --> 00:27:10.040]  以色列先知只是一個有限的守望者
[00:27:10.040 --> 00:27:13.280]  但耶穌基督是那位完美的守望者
[00:27:13.280 --> 00:27:17.800]  祂看到我們深陷在罪惡和死亡的危險當中
[00:27:17.800 --> 00:27:23.240]  祂不僅向我們催促悔改的後果
[00:27:23.240 --> 00:27:27.200]  祂更親自降下凡間
[00:27:27.200 --> 00:27:28.680]  進入我們的生命裡面
[00:27:28.680 --> 00:27:31.080]  進入我們的罪惡和軟弱當中
[00:27:31.080 --> 00:27:33.960]  替我們承擔所有的罪責
[00:27:33.960 --> 00:27:35.920]  祂寫在十字架上
[00:27:35.920 --> 00:27:41.040]  只是為了換取我們能夠轉向上帝
[00:27:41.040 --> 00:27:42.920]  得到永遠的生命
[00:27:42.920 --> 00:27:43.840]  所以今天
[00:27:43.840 --> 00:27:45.320]  因著耶穌基督的愛
[00:27:45.320 --> 00:27:49.720]  順利地將守望者的角色放在我們每個靖姐妹的手中
[00:27:49.720 --> 00:27:53.040]  願意我們不要再做冷漠的旁觀者
[00:27:53.040 --> 00:27:56.320]  也不要再做恣意的裁判官
[00:27:56.320 --> 00:27:58.120]  在聖靈的幫助下
[00:27:58.120 --> 00:28:02.240]  我們要用謙卑、愛心和陪伴
[00:28:02.240 --> 00:28:04.560]  在教會裡面彼此守望
[00:28:04.560 --> 00:28:09.360]  讓基督的身體可以在愛裡面建立起來
[00:28:09.360 --> 00:28:13.080]  讓我們同心祈禱
[00:28:13.080 --> 00:28:16.880]  上主啊 感謝祢呼召我們
[00:28:16.880 --> 00:28:20.920]  做弟兄姊妹的守望者、催覺者
[00:28:20.920 --> 00:28:22.680]  我們知道我們都是罪人
[00:28:22.680 --> 00:28:24.600]  我們每一個人都有軟弱
[00:28:24.600 --> 00:28:26.840]  都有跌倒的時候
[00:28:26.840 --> 00:28:31.960]  需要弟兄姊妹的提醒、守望、挽回和建立
[00:28:31.960 --> 00:28:37.000]  主啊 請祢幫助我們做忠心的守望者
[00:28:37.000 --> 00:28:41.400]  有愛心 有誠實 有憐憫
[00:28:41.400 --> 00:28:44.800]  幫助我們拒絕去做審判官
[00:28:44.800 --> 00:28:46.640]  我們可以按照聖靈的引導
[00:28:46.640 --> 00:28:50.280]  知道在什麼時候出了什麼角色
[00:28:50.280 --> 00:28:52.600]  上帝啊 求祢幫助我們在教會裡面
[00:28:52.600 --> 00:28:54.680]  建立起有真理問責
[00:28:54.680 --> 00:28:59.720]  同時也維護大家有心理安全界線的健康教會
[00:28:59.720 --> 00:29:01.680]  我們這樣做最終的目的
[00:29:01.680 --> 00:29:04.000]  是要讓每一個屬祢的兒女
[00:29:04.000 --> 00:29:07.360]  在真理上逐漸成長
[00:29:07.360 --> 00:29:10.320]  願聖靈繼續去導引我們的教會
[00:29:10.320 --> 00:29:13.360]  我們這樣祈禱過 藉主耶穌基督的名義而求
[00:29:13.360 --> 00:29:14.360]  阿門
