
[00:00:00.000 --> 00:00:01.880]  各位弟兄姊妹平安
[00:00:01.880 --> 00:00:06.000]  其實讀聖經真是很精彩的
[00:00:06.000 --> 00:00:08.940]  如果你真是仔細讀
[00:00:08.940 --> 00:00:10.980]  讀到入去心那裏
[00:00:10.980 --> 00:00:15.140]  那神的話語真是成為你的一部份
[00:00:15.140 --> 00:00:18.940]  剛才曉怡就讀經
[00:00:18.940 --> 00:00:20.400]  大家聽
[00:00:20.400 --> 00:00:22.900]  我都鼓勵大家如果在家裏
[00:00:22.900 --> 00:00:25.200]  看聖經的時候不要只看
[00:00:25.200 --> 00:00:27.200]  你都可以試一下讀出來
[00:00:27.200 --> 00:00:29.700]  我相信經過練習之後
[00:00:29.700 --> 00:00:33.800]  你再讀的時候你會越讀越投入
[00:00:33.800 --> 00:00:36.500]  有些禮儀教會他們有讀經員
[00:00:36.500 --> 00:00:39.200]  還有他們每一次都會讀幾段經文
[00:00:39.200 --> 00:00:41.100]  在讀經的過程裏面
[00:00:41.100 --> 00:00:45.200]  讓神的子民一起去聆聽神的話
[00:00:45.200 --> 00:00:54.600]  其實真是一個很好的生命的操練
[00:00:54.600 --> 00:00:57.000]  近日有一班會友
[00:00:57.000 --> 00:01:03.300]  他和我們教睦和執事舉行一個溝通會
[00:01:03.300 --> 00:01:04.400]  我很感恩
[00:01:04.400 --> 00:01:08.600]  因為大家都有一個彼此聆聽的機會
[00:01:08.600 --> 00:01:10.200]  我想對我來說
[00:01:10.200 --> 00:01:15.200]  這個也是一個可以彼此分享心事的時間
[00:01:15.200 --> 00:01:20.600]  因為我覺得平時我們多數都是在侍奉才見
[00:01:20.600 --> 00:01:27.200]  平日我都承認真的少和大家...
[00:01:27.200 --> 00:01:30.000]  其實飲茶對我又不是很好
[00:01:30.000 --> 00:01:34.500]  但是你可以請...
[00:01:34.500 --> 00:01:37.300]  我可以請你...請你的
[00:01:37.300 --> 00:01:39.000]  其實真是很開心
[00:01:39.000 --> 00:01:42.500]  如果能夠有多些傾談
[00:01:42.500 --> 00:01:45.300]  大家心中有些什麼事
[00:01:45.300 --> 00:01:47.300]  這樣溝通的話
[00:01:47.300 --> 00:01:51.900]  我們一定可以增進很多的了解
[00:01:51.900 --> 00:01:58.700]  其實總的來說
[00:01:58.700 --> 00:02:01.500]  我們都有一個共同的目標
[00:02:01.500 --> 00:02:04.300]  大家都是很想知道
[00:02:04.300 --> 00:02:08.300]  神在沙咒裏面怎樣去實踐這個門徒訓練
[00:02:08.300 --> 00:02:10.700]  找回那個元氣
[00:02:10.700 --> 00:02:13.900]  其實我來沙咒
[00:02:13.900 --> 00:02:17.100]  我16年2月就來沙咒
[00:02:17.100 --> 00:02:19.700]  由200年開始
[00:02:19.700 --> 00:02:22.900]  當時教會都是推行門徒訓練的
[00:02:22.900 --> 00:02:25.500]  我記得用了差不多一年時間
[00:02:25.500 --> 00:02:28.300]  去講關於門訓的訊息
[00:02:28.300 --> 00:02:33.100]  去到2024年
[00:02:33.100 --> 00:02:37.100]  Esther傳道也都在聯合組長會裏面
[00:02:37.100 --> 00:02:40.300]  都是分享了門訓
[00:02:40.300 --> 00:02:42.700]  她提醒有幾點的
[00:02:42.700 --> 00:02:46.100]  她說門訓是有系統地培育信徒
[00:02:46.100 --> 00:02:48.300]  建立一個穩固的屬靈生命
[00:02:48.300 --> 00:02:51.100]  更成熟地作主的門徒
[00:02:51.100 --> 00:02:53.500]  成為一個生命的傳遞者
[00:02:53.500 --> 00:02:58.300]  要求參加的人毀身
[00:02:58.300 --> 00:03:01.500]  我亦都在
[00:03:01.500 --> 00:03:04.100]  我們去年
[00:03:04.100 --> 00:03:08.100]  我們亦都有一個沙咒的一個願像
[00:03:08.100 --> 00:03:11.300]  這個願像是希望在未來五年裏面
[00:03:11.300 --> 00:03:13.500]  教會將致力於建立一個
[00:03:13.500 --> 00:03:15.700]  屬靈健康的社群
[00:03:15.700 --> 00:03:17.700]  透過整頓裝備課程
[00:03:17.700 --> 00:03:21.100]  和更新門訓的方式來深化牧羊
[00:03:21.100 --> 00:03:23.900]  確保從慕道者到領袖
[00:03:23.900 --> 00:03:26.300]  都能夠得到適切的培育
[00:03:26.300 --> 00:03:29.700]  就發現原來我們是由我們的生命being
[00:03:29.700 --> 00:03:30.700]  到我們的knowing
[00:03:30.700 --> 00:03:32.900]  我們認識到doing
[00:03:32.900 --> 00:03:35.300]  這個是我們一個成長的路向
[00:03:35.300 --> 00:03:38.100]  同時我們會將推動家庭的靈修
[00:03:38.100 --> 00:03:39.900]  和建立家庭祭壇
[00:03:39.900 --> 00:03:42.100]  鼓勵每位弟兄姊妹在生活中
[00:03:42.100 --> 00:03:43.300]  活出信仰
[00:03:43.300 --> 00:03:45.100]  以生命影響生命
[00:03:45.100 --> 00:03:48.500]  另一方面就是我們會關懷鄰舍
[00:03:48.500 --> 00:03:51.700]  我們亦都有行出社區學習
[00:03:51.700 --> 00:03:53.700]  和外展的服侍
[00:03:53.700 --> 00:03:56.500]  以致我們共同推動弟兄姊妹
[00:03:56.500 --> 00:04:00.700]  朝向更深的屬靈成長和社會關懷去邁進
[00:04:00.700 --> 00:04:02.900]  讓教會在動盪不安的時代中
[00:04:02.900 --> 00:04:04.700]  成為時代的明燈
[00:04:04.700 --> 00:04:07.700]  這些都是我們一直都有講
[00:04:07.700 --> 00:04:12.100]  不過可能我講的時候
[00:04:12.100 --> 00:04:14.300]  大家又未必聽到
[00:04:14.300 --> 00:04:19.300]  我記得華利克牧師寫過一本書
[00:04:19.300 --> 00:04:22.900]  他說異象要每26日重複一次
[00:04:22.900 --> 00:04:24.100]  我就做不到
[00:04:24.100 --> 00:04:27.100]  要每26日重複一次才可以
[00:04:27.100 --> 00:04:29.100]  但是重複不要緊
[00:04:29.100 --> 00:04:31.300]  最重要是我們清楚
[00:04:31.300 --> 00:04:34.500]  我們知道我們應該怎樣走
[00:04:34.500 --> 00:04:40.500]  其實和弟兄姊妹傾完之後
[00:04:40.500 --> 00:04:43.300]  就引發我想了幾方面
[00:04:43.300 --> 00:04:47.900]  我聽完之後有一個小小的反思
[00:04:47.900 --> 00:04:52.300]  第一個就是我們是一間對聖靈開放的教會
[00:04:52.300 --> 00:04:56.900]  但是我們不會以靈恩經驗作為教會核心的路線
[00:04:56.900 --> 00:04:58.900]  是什麼意思呢?
[00:04:58.900 --> 00:05:00.900]  我想用最簡單的方法
[00:05:00.900 --> 00:05:04.900]  每一位弟兄姊妹的屬靈口味都不同
[00:05:04.900 --> 00:05:08.300]  有些喜歡生命聖詩
[00:05:08.300 --> 00:05:10.900]  喜歡講九培靈言經會
[00:05:10.900 --> 00:05:13.900]  有些喜歡烈火特會
[00:05:13.900 --> 00:05:14.900]  喜歡火熱敬拜
[00:05:14.900 --> 00:05:16.900]  我想是最簡單的
[00:05:16.900 --> 00:05:20.900]  其實大家各有各的追求方向
[00:05:20.900 --> 00:05:24.900]  但是共同目的就是我們生命都要成長
[00:05:24.900 --> 00:05:26.900]  我們的侍奉都要深化
[00:05:26.900 --> 00:05:31.900]  我們的流露出來是越來越像主耶穌
[00:05:31.900 --> 00:05:36.900]  我們也相信聖靈今天仍然活躍在教會的工作
[00:05:36.900 --> 00:05:40.900]  引導、更新、裝備和差遣信徒
[00:05:40.900 --> 00:05:43.900]  因此運用必須合乎聖經
[00:05:43.900 --> 00:05:47.900]  出於愛心並以造就群體為目的
[00:05:47.900 --> 00:05:52.900]  我們不會將講方言視為聖靈充滿的必然證據
[00:05:52.900 --> 00:05:55.900]  其實我今年都講了一篇道
[00:05:55.900 --> 00:06:00.900]  嘗試在《士徒行傳》裏找出聖靈充滿的經文
[00:06:00.900 --> 00:06:02.900]  然後真的每一段看
[00:06:02.900 --> 00:06:05.900]  其實只有一段是講方言
[00:06:05.900 --> 00:06:10.900]  其他的例如我們祈禱後聚會的地方震動
[00:06:10.900 --> 00:06:13.900]  眾人就被聖靈充滿
[00:06:13.900 --> 00:06:17.900]  又或者我們受苦難被迫伯的時候
[00:06:17.900 --> 00:06:19.900]  我們心裏有喜樂
[00:06:19.900 --> 00:06:21.900]  這個又是聖靈充滿
[00:06:21.900 --> 00:06:24.900]  神的道被宣揚的時候又是聖靈充滿
[00:06:24.900 --> 00:06:30.900]  其實我相信沒有人會否定我們要追求被聖靈充滿
[00:06:30.900 --> 00:06:32.900]  我想沒有人反對
[00:06:32.900 --> 00:06:35.900]  而是有不同的方式被聖靈充滿
[00:06:35.900 --> 00:06:37.900]  所以我們所求的就是
[00:06:37.900 --> 00:06:42.900]  在教會裏面我們能夠彼此的接受
[00:06:42.900 --> 00:06:46.900]  我們是真的有不同的追求的方向
[00:06:46.900 --> 00:06:50.900]  而作為教會我覺得最重要是保持在主裏面的合一
[00:06:50.900 --> 00:06:56.900]  和我們一定要按著真理去行事
[00:06:56.900 --> 00:07:00.900]  第二個反思就是我們是以聖經為最高的準則
[00:07:00.900 --> 00:07:03.900]  我們的講台是以聖經講道為主
[00:07:03.900 --> 00:07:09.900]  有些人問牧師你們的講員是誰請的
[00:07:09.900 --> 00:07:12.900]  基本上是我請的
[00:07:12.900 --> 00:07:16.900]  亦有些弟兄姊妹都會跟我說
[00:07:16.900 --> 00:07:21.900]  牧師某某講員可不可以請他
[00:07:21.900 --> 00:07:23.900]  我真的聽過
[00:07:23.900 --> 00:07:26.900]  我接受他的建議
[00:07:26.900 --> 00:07:30.900]  他講了之後我真的請了他來講道
[00:07:30.900 --> 00:07:36.900]  你問我怎樣去評定講道的人呢
[00:07:36.900 --> 00:07:41.900]  第一他肯定是有一個美好的生命
[00:07:41.900 --> 00:07:43.900]  他靈性好
[00:07:43.900 --> 00:07:50.900]  他可能真的在神裏面有一些領受
[00:07:50.900 --> 00:07:53.900]  以今年的夏令會為例
[00:07:53.900 --> 00:07:57.900]  我們邀請了卓越行道會林慶忠牧師
[00:07:57.900 --> 00:07:59.900]  是台灣來的牧師
[00:07:59.900 --> 00:08:03.900]  有些人問牧師香港沒有牧師嗎
[00:08:03.900 --> 00:08:05.900]  為甚麼要請台灣的牧師
[00:08:05.900 --> 00:08:07.900]  台灣的牧師厲害一點嗎
[00:08:07.900 --> 00:08:11.900]  其實源自幾年前
[00:08:11.900 --> 00:08:15.900]  三年前我在香港參加烈火特會
[00:08:15.900 --> 00:08:19.900]  最早被我注意的是張茂松牧師
[00:08:19.900 --> 00:08:25.900]  張茂松牧師亦有他的兒子張光偉牧師
[00:08:25.900 --> 00:08:27.900]  當我們去看的時候
[00:08:27.900 --> 00:08:30.900]  發覺他們的訊息很有力
[00:08:30.900 --> 00:08:33.900]  激勵弟兄姊妹的靈性盡心
[00:08:33.900 --> 00:08:36.900]  所以去年我們計劃營的時候
[00:08:36.900 --> 00:08:38.900]  有同工提出
[00:08:38.900 --> 00:08:42.900]  因為他之前接觸過這方面的行道會同工
[00:08:42.900 --> 00:08:45.900]  所以我們嘗試聯絡看看可不可以
[00:08:45.900 --> 00:08:48.900]  最初是想找張茂松牧師
[00:08:48.900 --> 00:08:51.900]  但茂松牧師八十歲高齡
[00:08:51.900 --> 00:08:53.900]  又做過心臟手術
[00:08:53.900 --> 00:08:54.900]  所以比較難
[00:08:54.900 --> 00:08:56.900]  他的兒子張光偉牧師
[00:08:56.900 --> 00:08:58.900]  在我們下令會的期間
[00:08:58.900 --> 00:09:02.900]  他又未能夠來到
[00:09:02.900 --> 00:09:05.900]  所以就邀請了慶忠牧師
[00:09:05.900 --> 00:09:08.900]  慶忠牧師如果大家有回下令會就知道
[00:09:08.900 --> 00:09:12.900]  他是茂松牧師教會的一位弟兄
[00:09:12.900 --> 00:09:15.900]  後來蒙召開方直堂
[00:09:15.900 --> 00:09:20.900]  我亦都留意弟兄姊妹的反應
[00:09:20.900 --> 00:09:28.900]  下令會當然出席的人數比我們以往在營地的人數多
[00:09:28.900 --> 00:09:33.900]  弟兄姊妹我們當然有聽到不同的聲音
[00:09:33.900 --> 00:09:36.900]  不過很多弟兄姊妹都認同
[00:09:36.900 --> 00:09:39.900]  這次下令會的訊息給他們有激勵
[00:09:39.900 --> 00:09:41.900]  亦都有人有醫治
[00:09:41.900 --> 00:09:44.900]  有人有領受謊言等等
[00:09:44.900 --> 00:09:47.900]  當然我亦都很關注弟兄姊妹
[00:09:47.900 --> 00:09:52.900]  會否有些教導在解經方面
[00:09:52.900 --> 00:09:58.900]  跟我們傳統的歷史文化色經有不同
[00:09:58.900 --> 00:10:01.900]  我自己的回應是
[00:10:01.900 --> 00:10:05.900]  老實說我小時候就聽到
[00:10:05.900 --> 00:10:11.900]  你會否100%同意聽到的人的解經呢
[00:10:11.900 --> 00:10:14.900]  不知道你感不感受到
[00:10:14.900 --> 00:10:16.900]  不是他宗派的問題
[00:10:16.900 --> 00:10:23.900]  而是每一個講完解釋的聖經都有他們的看法
[00:10:23.900 --> 00:10:26.900]  而我們是有判別能力
[00:10:26.900 --> 00:10:30.900]  我們知道那些可能是他個人的經驗
[00:10:30.900 --> 00:10:32.900]  是他個人的看見
[00:10:32.900 --> 00:10:35.900]  有些我們都同意的
[00:10:35.900 --> 00:10:38.900]  有些我們就保留
[00:10:38.900 --> 00:10:41.900]  但是總的來說
[00:10:41.900 --> 00:10:45.900]  聖靈總是有他的說話給我們
[00:10:45.900 --> 00:10:48.900]  其實我是用一個謙卑的心
[00:10:48.900 --> 00:10:52.900]  有時聽到就很少去評道
[00:10:52.900 --> 00:10:57.900]  我聽到就從一個謙卑去領受一個人
[00:10:57.900 --> 00:11:01.900]  當然在神學院是有評的
[00:11:01.900 --> 00:11:08.900]  在神學院我講完後老師或同學都會提醒
[00:11:08.900 --> 00:11:10.900]  解經可不可以
[00:11:10.900 --> 00:11:12.900]  表達手法可不可以
[00:11:12.900 --> 00:11:13.900]  真的會提醒
[00:11:13.900 --> 00:11:15.900]  現在我不知道你會否提醒我
[00:11:15.900 --> 00:11:17.900]  但不要緊
[00:11:17.900 --> 00:11:23.900]  我們要經過一個學習的過程
[00:11:23.900 --> 00:11:26.900]  我想我們聽到也是一樣
[00:11:26.900 --> 00:11:28.900]  聽了這麼多年
[00:11:28.900 --> 00:11:31.900]  我覺得神是使用不同的人
[00:11:31.900 --> 00:11:34.900]  將他的信息傳遞
[00:11:34.900 --> 00:11:37.900]  當然總的來說
[00:11:37.900 --> 00:11:40.900]  釋經講道都是我們所重視的
[00:11:40.900 --> 00:11:42.900]  我們要解釋一段聖經
[00:11:42.900 --> 00:11:46.900]  我們要將聖經原本最重要的意思帶出
[00:11:46.900 --> 00:11:51.900]  但應用實在有很多不同的方向
[00:11:51.900 --> 00:11:58.900]  第三個我們都是持守會眾制
[00:11:58.900 --> 00:12:03.900]  重視教會集體領導和信徒皆濟私
[00:12:03.900 --> 00:12:07.900]  有些人說教會現在沒有主任牧師
[00:12:07.900 --> 00:12:10.900]  教會應該是很欠缺方向
[00:12:10.900 --> 00:12:12.900]  應該怎樣走呢
[00:12:12.900 --> 00:12:15.900]  但我自己的領受
[00:12:15.900 --> 00:12:17.900]  第一我做過主任牧師
[00:12:17.900 --> 00:12:21.900]  第二我覺得現在我們是一個團隊
[00:12:21.900 --> 00:12:23.900]  一起去傾一起去祈禱
[00:12:23.900 --> 00:12:25.900]  一起去等候一起去尋求
[00:12:25.900 --> 00:12:29.900]  我個人覺得更開心
[00:12:29.900 --> 00:12:31.900]  我個人覺得更開心
[00:12:31.900 --> 00:12:36.900]  因為我相信團隊比個人
[00:12:36.900 --> 00:12:41.900]  是更闊去看到神在教會的心意
[00:12:41.900 --> 00:12:43.900]  這是我的體會
[00:12:43.900 --> 00:12:47.900]  我又覺得會眾制本身是好的
[00:12:47.900 --> 00:12:50.900]  因為我們會集合不同的弟兄姊妹
[00:12:50.900 --> 00:12:52.900]  因為信徒皆濟私
[00:12:52.900 --> 00:12:55.900]  我們每一個人都可以按恩賜在教會服事
[00:12:55.900 --> 00:12:58.900]  所以我們真的可以說
[00:12:58.900 --> 00:13:01.900]  不應該有一種一言堂
[00:13:01.900 --> 00:13:06.900]  不應該有一種誰大誰惡誰正確的心態
[00:13:06.900 --> 00:13:08.900]  我們真的要很謙卑
[00:13:08.900 --> 00:13:11.900]  所以我們真的覺得我們不足的時候
[00:13:11.900 --> 00:13:13.900]  可能你又給我們一些意見
[00:13:13.900 --> 00:13:16.900]  我們又回去想想怎樣做好一點
[00:13:16.900 --> 00:13:19.900]  這是我們的心事
[00:13:19.900 --> 00:13:23.900]  我覺得沒有什麼是不能不談的
[00:13:23.900 --> 00:13:26.900]  所有東西都可以拿出來談
[00:13:26.900 --> 00:13:29.900]  最重要我們給大家
[00:13:29.900 --> 00:13:32.900]  其實溝通是需要付代價的
[00:13:32.900 --> 00:13:38.900]  溝通是需要時間需要耐性聆聽
[00:13:38.900 --> 00:13:42.900]  我做牧師覺得聆聽是最難的
[00:13:42.900 --> 00:13:47.900]  你記不記得我做軟木
[00:13:47.900 --> 00:13:49.900]  那時候做軟木實習
[00:13:49.900 --> 00:13:53.900]  在紐約的下城醫院做軟木實習
[00:13:53.900 --> 00:13:55.900]  糟了 軟木
[00:13:55.900 --> 00:13:58.900]  你跟那個人聊天聊到瞎了眼睛
[00:13:58.900 --> 00:14:02.900]  我馬上要寫續字報告給督導
[00:14:02.900 --> 00:14:05.900]  他說 你有沒有搞錯
[00:14:05.900 --> 00:14:09.900]  你去探病你去關心病人
[00:14:09.900 --> 00:14:13.900]  為什麼 因為病人說了很多故事
[00:14:13.900 --> 00:14:16.900]  病人說得多我收不到
[00:14:16.900 --> 00:14:19.900]  我打瞌睡 死了
[00:14:19.900 --> 00:14:21.900]  你說是不是真的要付代價
[00:14:21.900 --> 00:14:26.900]  聽人說話是要打醒十二分精神
[00:14:26.900 --> 00:14:32.900]  聽人說話是要留120%的專注
[00:14:32.900 --> 00:14:35.900]  所以我覺得 我也在學
[00:14:35.900 --> 00:14:38.900]  如何去聽人說話
[00:14:38.900 --> 00:14:42.900]  第四 我們是以細胞小組牧養為主
[00:14:42.900 --> 00:14:46.900]  並且共同實踐大使命和大解明
[00:14:46.900 --> 00:14:52.900]  第一 當年我來應徵的時候
[00:14:52.900 --> 00:14:54.900]  他就說 杜牧師
[00:14:54.900 --> 00:14:58.900]  你有沒有細胞小組牧養經驗
[00:14:58.900 --> 00:14:59.900]  我說沒有
[00:14:59.900 --> 00:15:03.900]  我們是教會團契 很傳統
[00:15:03.900 --> 00:15:07.900]  一來到真的什麼都不懂
[00:15:07.900 --> 00:15:10.900]  不懂又怎樣呢
[00:15:10.900 --> 00:15:16.900]  我去了區做組員 有證人
[00:15:16.900 --> 00:15:19.900]  我真的去區做組員
[00:15:19.900 --> 00:15:23.900]  我真的要看看四個W如何運作
[00:15:23.900 --> 00:15:26.900]  如何去服侍那些人
[00:15:26.900 --> 00:15:28.900]  我認識了 開始認識了
[00:15:28.900 --> 00:15:32.900]  我要認識 究竟我們作為區牧
[00:15:32.900 --> 00:15:35.900]  我們的功能 或者我們要做的是什麼
[00:15:35.900 --> 00:15:37.900]  我們如何和區長配搭
[00:15:37.900 --> 00:15:40.900]  如何從弟兄姊妹當中
[00:15:40.900 --> 00:15:43.900]  找出一些領袖出來
[00:15:43.900 --> 00:15:45.900]  以致他們可以成為建集
[00:15:45.900 --> 00:15:47.900]  建集組長和組長
[00:15:47.900 --> 00:15:53.900]  我在這些年中學習和體會
[00:15:53.900 --> 00:15:58.900]  其實所有的架構 什麼都好
[00:15:58.900 --> 00:16:00.900]  都有它的強弱
[00:16:00.900 --> 00:16:02.900]  細胞小組強的地方就是
[00:16:02.900 --> 00:16:06.900]  那種關係是很緊密
[00:16:06.900 --> 00:16:10.900]  和大家的生命分享的深入度是多的
[00:16:10.900 --> 00:16:13.900]  比起我團契 因為我什麼都試過
[00:16:13.900 --> 00:16:17.900]  我會覺得在這個小組一個安全的環境裡面
[00:16:17.900 --> 00:16:20.900]  大家真的可以將大家心底的說話
[00:16:20.900 --> 00:16:23.900]  或者生命裡的困難 憂慮分享出來
[00:16:23.900 --> 00:16:24.900]  彼此分擔
[00:16:24.900 --> 00:16:28.900]  這個是在牧養上優勝的地方
[00:16:28.900 --> 00:16:32.900]  還有我覺得在小組或者在區裡面
[00:16:32.900 --> 00:16:34.900]  我們一起推動異象
[00:16:34.900 --> 00:16:36.900]  是較為容易
[00:16:36.900 --> 00:16:38.900]  不是說一定不行
[00:16:38.900 --> 00:16:41.900]  不是說一定要 一定要這樣做
[00:16:41.900 --> 00:16:43.900]  但是較為容易
[00:16:43.900 --> 00:16:45.900]  譬如現在我牧養的區
[00:16:45.900 --> 00:16:48.900]  它現在推動一個叫Alpha Parenting
[00:16:48.900 --> 00:16:52.900]  就是說怎樣去培育那些小朋友
[00:16:52.900 --> 00:16:53.900]  作為一個家長
[00:16:53.900 --> 00:16:56.900]  遲一點即稱又會有Alpha Marriage
[00:16:56.900 --> 00:17:01.900]  怎樣去培育夫婦建立一個盡心的關係
[00:17:01.900 --> 00:17:05.900]  也有一些不是關小組事的
[00:17:05.900 --> 00:17:07.900]  譬如現在我搞三福
[00:17:07.900 --> 00:17:09.900]  就是習大成的
[00:17:09.900 --> 00:17:13.900]  就是各區人士 各區人馬都可以來的
[00:17:13.900 --> 00:17:16.900]  但是無論是什麼形式 什麼做法
[00:17:16.900 --> 00:17:18.900]  我們都要評估它強的地方
[00:17:18.900 --> 00:17:20.900]  或者它不足的地方
[00:17:20.900 --> 00:17:23.900]  我們加以去改善 改良
[00:17:23.900 --> 00:17:26.900]  所以為什麼我們經常說我們要一起想呢
[00:17:26.900 --> 00:17:29.900]  沒有人落實所有區的
[00:17:29.900 --> 00:17:32.900]  而且每個區的生態都很不同
[00:17:32.900 --> 00:17:36.900]  所以我也承認我沒有落實所有區
[00:17:36.900 --> 00:17:38.900]  但是我們聽其他區域說的時候
[00:17:38.900 --> 00:17:42.900]  我們就知道怎樣去幫助教會呢
[00:17:42.900 --> 00:17:46.900]  所以我深信神都會喜悅
[00:17:46.900 --> 00:17:49.900]  我們既然是二十多年了
[00:17:49.900 --> 00:17:52.900]  細胞小組的模樣
[00:17:52.900 --> 00:17:57.900]  我也沒有想過我們會不用這個方式
[00:17:57.900 --> 00:18:01.900]  當然裡面有它一些困難的地方
[00:18:01.900 --> 00:18:04.900]  我們怎樣去克服呢 怎樣去改善呢
[00:18:04.900 --> 00:18:08.900]  這個是我們一直努力的工作
[00:18:08.900 --> 00:18:11.900]  這個圖應該很熟悉的
[00:18:11.900 --> 00:18:14.900]  就在那個風琴上面
[00:18:14.900 --> 00:18:18.900]  但是可能有些近來沒有回來的弟兄姊妹
[00:18:18.900 --> 00:18:19.900]  就不知道是什麼來的
[00:18:19.900 --> 00:18:20.900]  其實是什麼呢
[00:18:20.900 --> 00:18:24.900]  就是稍縱五個核心的價值
[00:18:24.900 --> 00:18:27.900]  這個五個核心價值不是牧師作出來的
[00:18:27.900 --> 00:18:28.900]  肯定的
[00:18:28.900 --> 00:18:31.900]  是我來之前已經有一班弟兄姊妹
[00:18:31.900 --> 00:18:36.900]  一起去 又行區 又做問卷 又很多東西
[00:18:36.900 --> 00:18:38.900]  那叫做X的旅程
[00:18:38.900 --> 00:18:41.900]  X旅程裡面就找出這五個核心價值
[00:18:41.900 --> 00:18:44.900]  當然你說今天是不是代表我們呢
[00:18:44.900 --> 00:18:45.900]  我不敢說
[00:18:45.900 --> 00:18:47.900]  但是當時參與的弟兄姊妹
[00:18:47.900 --> 00:18:50.900]  這個是他們找到的五個核心價值
[00:18:50.900 --> 00:18:53.900]  我也都可以在我們的弟兄姊妹當中
[00:18:53.900 --> 00:18:55.900]  看到這些核心價值
[00:18:55.900 --> 00:18:57.900]  譬如說我們聖靈更生
[00:18:57.900 --> 00:19:00.900]  我們是追求在聖靈的生命裡面
[00:19:00.900 --> 00:19:05.900]  按著聖靈的感動帶領我們能夠去敬拜
[00:19:05.900 --> 00:19:07.900]  我們去參與侍奉
[00:19:07.900 --> 00:19:10.900]  還有我們是追求被聖靈充滿
[00:19:10.900 --> 00:19:12.900]  無論什麼方式都好
[00:19:12.900 --> 00:19:13.900]  我們都是追求
[00:19:13.900 --> 00:19:15.900]  第二就是和睦相交
[00:19:15.900 --> 00:19:20.900]  就是我們覺得弟兄姊妹的關係不要留於表面
[00:19:20.900 --> 00:19:23.900]  我們真的要有一種盡心的關係
[00:19:23.900 --> 00:19:26.900]  第三就是一個樂意服侍
[00:19:26.900 --> 00:19:29.900]  其實稍縱弟兄姊妹我是很欣賞的
[00:19:29.900 --> 00:19:34.900]  因為他們在不同的地方都有服侍
[00:19:34.900 --> 00:19:38.900]  在我前面的恩頌師班我都是非常欣賞的
[00:19:38.900 --> 00:19:40.900]  我由第一天進來教會
[00:19:40.900 --> 00:19:41.900]  我就說很棒
[00:19:41.900 --> 00:19:42.900]  為什麼呢
[00:19:42.900 --> 00:19:44.900]  除了敬拜讚美之外
[00:19:44.900 --> 00:19:45.900]  我們都有傳統聖詩
[00:19:45.900 --> 00:19:47.900]  你知不知道那些傳統聖詩
[00:19:47.900 --> 00:19:49.900]  很多都是我的最愛
[00:19:49.900 --> 00:19:51.900]  很棒
[00:19:51.900 --> 00:19:55.900]  剛才連配樂那些我全部都會唱
[00:19:55.900 --> 00:19:58.900]  但是我又來到這裡
[00:19:58.900 --> 00:19:59.900]  我又重新學習
[00:19:59.900 --> 00:20:00.900]  你知不知道
[00:20:00.900 --> 00:20:06.900]  就算放假我都不捨得不回來稍縱崇拜
[00:20:06.900 --> 00:20:09.900]  真是很好
[00:20:09.900 --> 00:20:10.900]  很開心的
[00:20:10.900 --> 00:20:12.900]  很棒的
[00:20:12.900 --> 00:20:16.900]  所以真的
[00:20:16.900 --> 00:20:18.900]  崇拜很重要
[00:20:18.900 --> 00:20:20.900]  我們追求真理
[00:20:20.900 --> 00:20:21.900]  有些人問
[00:20:21.900 --> 00:20:23.900]  今年還有沒有夏令會
[00:20:23.900 --> 00:20:25.900]  有
[00:20:25.900 --> 00:20:27.900]  11月1至7號
[00:20:27.900 --> 00:20:29.900]  郭文慈牧師講亞國書
[00:20:29.900 --> 00:20:32.900]  華聯會
[00:20:32.900 --> 00:20:33.900]  培靈大會
[00:20:33.900 --> 00:20:35.900]  遲些我又會出宣傳
[00:20:35.900 --> 00:20:36.900]  所以
[00:20:36.900 --> 00:20:37.900]  還有
[00:20:37.900 --> 00:20:41.900]  現在港口培靈研究大會那10個訊息
[00:20:41.900 --> 00:20:43.900]  我已經下載了
[00:20:43.900 --> 00:20:47.900]  全部給了你文件夾
[00:20:47.900 --> 00:20:49.900]  真是棒
[00:20:49.900 --> 00:20:51.900]  如果有興趣的問我
[00:20:51.900 --> 00:20:53.900]  有些我熟悉的小組我都給了
[00:20:53.900 --> 00:20:55.900]  但是如果你不是很熟悉我不要緊
[00:20:55.900 --> 00:20:56.900]  你找我
[00:20:56.900 --> 00:20:57.900]  我都可以發給你的
[00:20:57.900 --> 00:21:00.900]  10個訊息的文字稿
[00:21:00.900 --> 00:21:02.900]  全部齊了
[00:21:02.900 --> 00:21:04.900]  真是好
[00:21:04.900 --> 00:21:06.900]  特別留意那個粉卿會
[00:21:06.900 --> 00:21:07.900]  粉卿會是甚麼
[00:21:07.900 --> 00:21:11.900]  粉卿會有陳全華牧師
[00:21:11.900 --> 00:21:13.900]  又是講門訓的
[00:21:13.900 --> 00:21:14.900]  講了10堂
[00:21:14.900 --> 00:21:16.900]  所以都鼓勵大家
[00:21:16.900 --> 00:21:17.900]  大家一起學習
[00:21:17.900 --> 00:21:19.900]  怎樣去做好門訓
[00:21:19.900 --> 00:21:24.900]  剛才那些絕對不是開場白
[00:21:24.900 --> 00:21:26.900]  是主菜
[00:21:27.900 --> 00:21:29.900]  我講了這麼久
[00:21:29.900 --> 00:21:30.900]  好了
[00:21:30.900 --> 00:21:32.900]  但是我會很快地
[00:21:32.900 --> 00:21:35.900]  講西班牙書的下半集
[00:21:35.900 --> 00:21:38.900]  上集就講到耶和華的日子快到
[00:21:38.900 --> 00:21:39.900]  審判來臨
[00:21:39.900 --> 00:21:41.900]  今天我們會講下集大結局
[00:21:41.900 --> 00:21:43.900]  就是歡樂
[00:21:43.900 --> 00:21:45.900]  歡欣和喜樂
[00:21:45.900 --> 00:21:49.900]  上一堂我們就講到我們要趕緊悔改
[00:21:49.900 --> 00:21:51.900]  今堂我們就要講歡欣喜樂
[00:21:51.900 --> 00:21:52.900]  不過你留意
[00:21:52.900 --> 00:21:55.900]  這個歡欣喜樂不是講我們歡欣悲樂
[00:21:55.900 --> 00:21:59.900]  是神因為我們歡欣喜樂
[00:21:59.900 --> 00:22:01.900]  這個有特別
[00:22:01.900 --> 00:22:02.900]  如果常常說我們歡欣喜樂
[00:22:02.900 --> 00:22:04.900]  那就沒甚麼特別
[00:22:04.900 --> 00:22:06.900]  我們在主裡面要常常喜樂
[00:22:06.900 --> 00:22:08.900]  我再說你們要喜樂
[00:22:08.900 --> 00:22:09.900]  但現在不是
[00:22:09.900 --> 00:22:11.900]  現在是神因我們歡欣喜樂
[00:22:11.900 --> 00:22:14.900]  這個就是一個值得我們去思想的
[00:22:14.900 --> 00:22:17.900]  經文三章九到十三節
[00:22:17.900 --> 00:22:20.900]  我們要思想的是同心是奉的喜樂
[00:22:20.900 --> 00:22:22.900]  經文說那時我要改變萬民
[00:22:22.900 --> 00:22:24.900]  使他們有清潔的嘴唇
[00:22:24.900 --> 00:22:25.900]  好求告耶和華的名
[00:22:25.900 --> 00:22:27.900]  同心合意侍奉我
[00:22:27.900 --> 00:22:28.900]  那些向我祈求的
[00:22:28.900 --> 00:22:30.900]  我所分散的子民
[00:22:30.900 --> 00:22:33.900]  必從古實河的那一邊獻供物給我
[00:22:33.900 --> 00:22:37.900]  當那日你必不再因一切得罪我的事蒙羞
[00:22:37.900 --> 00:22:41.900]  因為那時我必從你中間除掉狂喜高傲的人
[00:22:41.900 --> 00:22:44.900]  在我的聖山上你也不再狂傲
[00:22:44.900 --> 00:22:48.900]  我卻要在你中間留下困苦貧寒的百姓
[00:22:48.900 --> 00:22:50.900]  他們必投靠耶和華的名
[00:22:50.900 --> 00:22:53.900]  以適你的愚民必不行惡不說謊
[00:22:53.900 --> 00:22:55.900]  口中沒有鬼咋的舌頭
[00:22:55.900 --> 00:22:56.900]  他們吃喝躺臥
[00:22:56.900 --> 00:22:59.900]  無人使他們驚嚇
[00:22:59.900 --> 00:23:02.900]  經文兩度提及有關說話
[00:23:02.900 --> 00:23:05.900]  第九節講到嘴唇
[00:23:05.900 --> 00:23:09.900]  第十三節提到鬼咋的舌頭
[00:23:09.900 --> 00:23:13.900]  提醒我們舌頭很容易會犯罪
[00:23:13.900 --> 00:23:16.900]  在教會裡最破壞關係的
[00:23:16.900 --> 00:23:19.900]  就是一些散佈不實的流言蜚語
[00:23:19.900 --> 00:23:22.900]  正所謂有信任危機
[00:23:22.900 --> 00:23:25.900]  不少教會因為缺乏彼此的信任
[00:23:25.900 --> 00:23:28.900]  令福音工作果足不前
[00:23:28.900 --> 00:23:31.900]  神所喜悅的是弟兄姊妹真誠相交
[00:23:31.900 --> 00:23:34.900]  沒什麼事情需要避而不說
[00:23:34.900 --> 00:23:36.900]  轉頭卻令不知情的弟兄姊妹
[00:23:36.900 --> 00:23:38.900]  對領袖產生懷疑
[00:23:38.900 --> 00:23:41.900]  在教會裡不同的意見是正常的
[00:23:41.900 --> 00:23:44.900]  我們要積極面對保持溝通
[00:23:44.900 --> 00:23:48.900]  我們顧及到弟兄姊妹的擔心和憂慮
[00:23:48.900 --> 00:23:51.900]  作為領袖需要放慢步伐
[00:23:51.900 --> 00:23:55.900]  多作解說濃清事情的原委
[00:23:55.900 --> 00:24:00.900]  稍後粵會有一條案
[00:24:00.900 --> 00:24:04.900]  關於三位教睦去台灣進修的事件
[00:24:04.900 --> 00:24:07.900]  我們剔除了這條議案
[00:24:07.900 --> 00:24:12.900]  但稍後我們會有時間解說當中的緣由
[00:24:12.900 --> 00:24:14.900]  亦會讓弟兄姊妹知道
[00:24:14.900 --> 00:24:17.900]  我真的打開心說
[00:24:17.900 --> 00:24:21.900]  我們是聽弟兄姊妹
[00:24:21.900 --> 00:24:23.900]  明白弟兄姊妹的憂慮
[00:24:23.900 --> 00:24:24.900]  是真的
[00:24:24.900 --> 00:24:27.900]  我們不會強行去做一件事
[00:24:27.900 --> 00:24:30.900]  但我都希望藉這個機會
[00:24:30.900 --> 00:24:32.900]  讓其他弟兄姊妹明白
[00:24:32.900 --> 00:24:35.900]  究竟這件事的來龍去脈是怎樣
[00:24:35.900 --> 00:24:38.900]  能夠一條心的侍奉
[00:24:38.900 --> 00:24:40.900]  真是一個美好的經歷
[00:24:40.900 --> 00:24:42.900]  大概我在三年前的聖誕節
[00:24:42.900 --> 00:24:45.900]  我們動員了全間教會的小組
[00:24:45.900 --> 00:24:48.900]  在各個樓層預備了攤位遊戲
[00:24:48.900 --> 00:24:52.900]  亦都在BC房沖奶茶和小食
[00:24:52.900 --> 00:24:55.900]  我們分了兩場去招呼
[00:24:55.900 --> 00:24:58.900]  一些是招呼自己的教會弟兄姊妹
[00:24:58.900 --> 00:25:00.900]  一些是招呼會外的嘉賓
[00:25:00.900 --> 00:25:02.900]  有沒有人參與過
[00:25:02.900 --> 00:25:04.900]  記得整個教會
[00:25:04.900 --> 00:25:07.900]  我們各樓層都有攤位遊戲
[00:25:07.900 --> 00:25:09.900]  BC房有東西吃
[00:25:09.900 --> 00:25:10.900]  大家記得嗎
[00:25:10.900 --> 00:25:12.900]  開心嗎各位
[00:25:12.900 --> 00:25:14.900]  真是很正
[00:25:14.900 --> 00:25:18.900]  整間教會都是一條心去服侍
[00:25:18.900 --> 00:25:21.900]  我們分兩場去招呼人的時候
[00:25:21.900 --> 00:25:23.900]  大家即算很疲倦
[00:25:23.900 --> 00:25:25.900]  卻是充滿喜樂
[00:25:25.900 --> 00:25:28.900]  一條心侍奉是我們的期望
[00:25:28.900 --> 00:25:30.900]  我們在教會裏面最重要
[00:25:30.900 --> 00:25:33.900]  其實沒有甚麼侍奉是不辛苦的
[00:25:33.900 --> 00:25:35.900]  所有侍奉都是辛苦
[00:25:35.900 --> 00:25:37.900]  但是有喜樂
[00:25:37.900 --> 00:25:39.900]  辛苦些都不要緊
[00:25:41.900 --> 00:25:44.900]  經文說:那時我要改變萬民
[00:25:44.900 --> 00:25:46.900]  使他們有清潔的嘴臣
[00:25:46.900 --> 00:25:48.900]  好求告耶和華的名
[00:25:48.900 --> 00:25:50.900]  同心合意侍奉我
[00:25:50.900 --> 00:25:55.900]  這是我們一個最大的心願
[00:25:55.900 --> 00:25:58.900]  就是我們的侍奉是同心合意
[00:25:58.900 --> 00:26:02.900]  我們的侍奉是可以得從神而來的喜樂
[00:26:02.900 --> 00:26:04.900]  在第十節
[00:26:04.900 --> 00:26:07.900]  經文提及那些被分散各地的以色列民
[00:26:07.900 --> 00:26:09.900]  要回歸求告神
[00:26:09.900 --> 00:26:12.900]  古實就是埃塞俄比亞
[00:26:12.900 --> 00:26:14.900]  即是非洲諸河以外的人
[00:26:14.900 --> 00:26:16.900]  都紛紛返回故土
[00:26:16.900 --> 00:26:18.900]  向耶和華奉獻祭物
[00:26:18.900 --> 00:26:20.900]  這些愚民是具有以下的特質
[00:26:20.900 --> 00:26:21.900]  第一
[00:26:21.900 --> 00:26:26.900]  他們都是屬於謙卑困苦貧寒的低下層人士
[00:26:26.900 --> 00:26:27.900]  原因是因為
[00:26:27.900 --> 00:26:30.900]  神已經將那些狂傲驚誇的上流人士
[00:26:30.900 --> 00:26:32.900]  除去了
[00:26:32.900 --> 00:26:34.900]  所剩下的就是那些謙卑
[00:26:34.900 --> 00:26:36.900]  投靠耶和華名的人
[00:26:36.900 --> 00:26:40.900]  第二 這些愚民必然遠離罪惡
[00:26:40.900 --> 00:26:41.900]  他們的行為正直
[00:26:41.900 --> 00:26:42.900]  不講謊言
[00:26:42.900 --> 00:26:45.900]  口中不出詭詐的話
[00:26:45.900 --> 00:26:46.900]  第三
[00:26:46.900 --> 00:26:48.900]  他們必得神的保護
[00:26:48.900 --> 00:26:50.900]  安然吃喝歇息
[00:26:50.900 --> 00:26:52.900]  不受打擾驚嚇
[00:26:52.900 --> 00:26:56.900]  這顯出一片祥和的景象
[00:26:56.900 --> 00:26:58.900]  我不知大家是否記得
[00:26:58.900 --> 00:27:00.900]  在《伊塞俄書》第十一章裡
[00:27:00.900 --> 00:27:05.900]  提及那些綿羊和鬼蛇
[00:27:05.900 --> 00:27:07.900]  是可以同居的
[00:27:07.900 --> 00:27:09.900]  在那個角度裡
[00:27:09.900 --> 00:27:13.900]  那些動物是不傷人不害物的
[00:27:13.900 --> 00:27:15.900]  百歲的老人
[00:27:15.900 --> 00:27:18.900]  在那個地方算是一個年輕人
[00:27:18.900 --> 00:27:20.900]  所以從屬靈的角度來看
[00:27:20.900 --> 00:27:22.900]  我們也是神的愚民
[00:27:22.900 --> 00:27:25.900]  聖愚的愚
[00:27:25.900 --> 00:27:27.900]  得以逃避神的審判
[00:27:27.900 --> 00:27:31.900]  我們原本也是卑微不判
[00:27:31.900 --> 00:27:34.900]  我不知大家有沒有這樣的經歷
[00:27:34.900 --> 00:27:37.900]  當我在教會很長時間的時候
[00:27:37.900 --> 00:27:40.900]  我們也會有一個心態
[00:27:40.900 --> 00:27:43.900]  我在教會也是一個資深會友
[00:27:43.900 --> 00:27:46.900]  我在教會很多年了
[00:27:46.900 --> 00:27:50.900]  其實我覺得挺好的
[00:27:50.900 --> 00:27:52.900]  我真的很愛家
[00:27:52.900 --> 00:27:53.900]  很愛教會
[00:27:53.900 --> 00:27:56.900]  很愛屬靈的家
[00:27:56.900 --> 00:27:59.900]  其實我也很感動
[00:27:59.900 --> 00:28:02.900]  有這樣的弟兄姊妹
[00:28:02.900 --> 00:28:05.900]  反過來我又想想自己
[00:28:05.900 --> 00:28:07.900]  我想想自己
[00:28:07.900 --> 00:28:09.900]  我想想自己
[00:28:09.900 --> 00:28:13.900]  當我的生命越說要親近神的時候
[00:28:13.900 --> 00:28:17.900]  我就越見到自己的污穢和不堪
[00:28:17.900 --> 00:28:19.900]  就好像以賽亞書六章
[00:28:19.900 --> 00:28:21.900]  先知蒙召的經歷
[00:28:21.900 --> 00:28:24.900]  先知看到神的榮耀高高的時候
[00:28:24.900 --> 00:28:27.900]  他說我是一個嘴唇不潔的人
[00:28:27.900 --> 00:28:32.900]  我是活在嘴唇不潔的民眾
[00:28:32.900 --> 00:28:35.900]  當然如果說資歷
[00:28:35.900 --> 00:28:37.900]  我也有資歷的
[00:28:37.900 --> 00:28:41.900]  我1981年聖誕節就受針
[00:28:41.900 --> 00:28:46.900]  但是算得了什麼
[00:28:46.900 --> 00:28:50.900]  我真的覺得自己差很遠
[00:28:50.900 --> 00:28:53.900]  所以我們求主也去幫助我們
[00:28:53.900 --> 00:28:57.900]  願稍縱弟兄姊妹都有謙卑受教的心
[00:28:57.900 --> 00:28:59.900]  經歷同心似鳳的喜樂
[00:28:59.900 --> 00:29:01.900]  神因我們同心似鳳
[00:29:01.900 --> 00:29:04.900]  他也會歡喜快樂
[00:29:04.900 --> 00:29:07.900]  第二段說到神因我們歡欣喜樂
[00:29:07.900 --> 00:29:09.900]  石安應當歌唱
[00:29:09.900 --> 00:29:11.900]  以色列應當歡呼
[00:29:11.900 --> 00:29:14.900]  耶路撒冷應當滿心歡喜快樂
[00:29:14.900 --> 00:29:16.900]  耶和華已經免去對你的審判
[00:29:16.900 --> 00:29:18.900]  說出你的仇敵
[00:29:18.900 --> 00:29:20.900]  以色列的王耶和華在你中間
[00:29:20.900 --> 00:29:22.900]  你必不再懼怕災禍
[00:29:22.900 --> 00:29:24.900]  當那日必有說對耶路撒冷說
[00:29:24.900 --> 00:29:25.900]  不要懼怕
[00:29:25.900 --> 00:29:27.900]  石安不要手軟
[00:29:27.900 --> 00:29:29.900]  耶和華你的上帝在你中間
[00:29:29.900 --> 00:29:31.900]  大有能力施行拯救
[00:29:31.900 --> 00:29:33.900]  祂必因你歡欣喜樂
[00:29:33.900 --> 00:29:35.900]  祂在愛中靜默
[00:29:35.900 --> 00:29:38.900]  且因你而喜樂歡呼
[00:29:38.900 --> 00:29:42.900]  我們看到先知西班牙在極力呼籲
[00:29:42.900 --> 00:29:44.900]  耶路撒冷的居民和以色列的傳媒眾
[00:29:44.900 --> 00:29:46.900]  一齊要歌唱
[00:29:46.900 --> 00:29:47.900]  一齊要歡呼
[00:29:47.900 --> 00:29:49.900]  一齊要滿心歡喜快樂
[00:29:49.900 --> 00:29:51.900]  而慶祝的原因第一
[00:29:51.900 --> 00:29:54.900]  就是耶和華已經除去以色列民的刑罰
[00:29:54.900 --> 00:29:56.900]  趕走了他們的敵人
[00:29:56.900 --> 00:29:59.900]  第二耶和華在他們的百姓當中作王
[00:29:59.900 --> 00:30:01.900]  他們必不再遭禍
[00:30:01.900 --> 00:30:03.900]  神是萬世的君王
[00:30:03.900 --> 00:30:06.900]  令人想起神作王一千年的景象
[00:30:06.900 --> 00:30:09.900]  大家有沒有記得在聖經裏面出現過
[00:30:09.900 --> 00:30:12.900]  耶和華神作王一千年
[00:30:12.900 --> 00:30:13.900]  是有的
[00:30:13.900 --> 00:30:15.900]  在啟示錄二十章四到六節
[00:30:15.900 --> 00:30:18.900]  第三耶路撒冷必不再懼怕氣餒
[00:30:18.900 --> 00:30:20.900]  新耶路撒冷要再臨
[00:30:20.900 --> 00:30:24.900]  記載在啟示錄二十一章一到二節
[00:30:24.900 --> 00:30:28.900]  原來耶和華的日子所帶來的復興
[00:30:28.900 --> 00:30:32.900]  無疑是令以色列民雀躍萬分
[00:30:32.900 --> 00:30:34.900]  但是最動人的
[00:30:34.900 --> 00:30:37.900]  就是那位施行拯救大有能力的神
[00:30:37.900 --> 00:30:40.900]  竟然因為他百姓的喜樂而歡呼
[00:30:40.900 --> 00:30:43.900]  第十七節裏面講默然愛理
[00:30:43.900 --> 00:30:47.900]  描寫神在安靜中沉思他的百姓的時候
[00:30:47.900 --> 00:30:51.900]  他對選民的那份深深的愛無法內藏
[00:30:51.900 --> 00:30:54.900]  最終他的沉默就化作歡呼
[00:30:54.900 --> 00:30:57.900]  神與他的民一起高聲歌唱
[00:30:57.900 --> 00:31:02.900]  一起歡喜快樂
[00:31:02.900 --> 00:31:04.900]  我們常常有一個問題
[00:31:04.900 --> 00:31:09.900]  究竟感恩和讚美有什麼分別
[00:31:09.900 --> 00:31:11.900]  感恩很容易的
[00:31:11.900 --> 00:31:13.900]  我們常常覺得神賜什麼給我們
[00:31:13.900 --> 00:31:14.900]  神祝福我們
[00:31:14.900 --> 00:31:16.900]  那我們就感恩
[00:31:16.900 --> 00:31:19.900]  搭車不遲到我們都感恩
[00:31:19.900 --> 00:31:21.900]  我真的
[00:31:21.900 --> 00:31:22.900]  剛剛的車到
[00:31:22.900 --> 00:31:24.900]  感恩感恩
[00:31:24.900 --> 00:31:25.900]  剛剛趕得到
[00:31:25.900 --> 00:31:26.900]  感恩感恩
[00:31:26.900 --> 00:31:28.900]  感恩相對比較容易
[00:31:28.900 --> 00:31:30.900]  讚美要學的
[00:31:30.900 --> 00:31:32.900]  為什麼?我們不是天生就懂得讚美
[00:31:32.900 --> 00:31:34.900]  我們要學習讚美的言辭
[00:31:34.900 --> 00:31:36.900]  我們要在詩篇裏面學習讚美
[00:31:36.900 --> 00:31:38.900]  我們要認識神的屬性
[00:31:38.900 --> 00:31:39.900]  我們才懂得讚美
[00:31:39.900 --> 00:31:46.900]  所以你發現基督徒感恩的天秤都聚在這邊
[00:31:46.900 --> 00:31:48.900]  而讚美相對很輕
[00:31:48.900 --> 00:31:51.900]  但是我求主幫助我們
[00:31:51.900 --> 00:31:57.900]  我們要看到神真的因我們而歡喜的時候
[00:31:57.900 --> 00:31:59.900]  我們要獻上最大的讚美
[00:31:59.900 --> 00:32:01.900]  究竟我們算什麼呢?
[00:32:01.900 --> 00:32:03.900]  我們景夢神的眷遊
[00:32:03.900 --> 00:32:06.900]  神不是因為我們本來是可愛的而喜悅我們
[00:32:06.900 --> 00:32:09.900]  而是因為祂在恩典當中
[00:32:09.900 --> 00:32:12.900]  使我們成為祂所愛的
[00:32:12.900 --> 00:32:14.900]  大家收不收到這句?
[00:32:14.900 --> 00:32:18.900]  神不是因為我們本來可愛而喜悅我們
[00:32:18.900 --> 00:32:20.900]  而是因為祂在恩典中
[00:32:20.900 --> 00:32:24.900]  祂的恩典使我們成為祂所愛的
[00:32:24.900 --> 00:32:26.900]  其實今天我們成為何等樣的人
[00:32:26.900 --> 00:32:27.900]  都是神的恩典
[00:32:27.900 --> 00:32:29.900]  我們沒有什麼可誇之處
[00:32:29.900 --> 00:32:30.900]  我們都是靠著神的恩典
[00:32:30.900 --> 00:32:33.900]  能夠自立在主的面前
[00:32:33.900 --> 00:32:36.900]  所以願修贈的弟兄姊妹
[00:32:36.900 --> 00:32:38.900]  都有一個敏於主愛我們的心
[00:32:38.900 --> 00:32:42.900]  體會到神因我歡欣喜樂的寶貴
[00:32:42.900 --> 00:32:45.900]  第三個的喜樂
[00:32:45.900 --> 00:32:47.900]  就是秘魯回歸的喜樂
[00:32:47.900 --> 00:32:49.900]  經文是三章十八到二十節
[00:32:49.900 --> 00:32:52.900]  我要聚集那些因無節期而受煩的人
[00:32:52.900 --> 00:32:54.900]  他們曾遠離你
[00:32:54.900 --> 00:32:55.900]  視你的寵淡和羞辱
[00:32:55.900 --> 00:32:59.900]  那時看那我必對付所有苦待你的人
[00:32:59.900 --> 00:33:00.900]  拯救渠退的
[00:33:00.900 --> 00:33:02.900]  招集被趕出的
[00:33:02.900 --> 00:33:04.900]  那些在全地受羞辱的
[00:33:04.900 --> 00:33:07.900]  我必使他們得稱讚響鳴聲
[00:33:07.900 --> 00:33:09.900]  那時我必領你們回來
[00:33:09.900 --> 00:33:10.900]  招集你們
[00:33:10.900 --> 00:33:12.900]  我使你們秘魯之人歸回的時候
[00:33:12.900 --> 00:33:15.900]  我必使你們在地上的萬民中
[00:33:15.900 --> 00:33:16.900]  響鳴聲得稱讚
[00:33:16.900 --> 00:33:18.900]  之前是得稱讚響鳴聲
[00:33:18.900 --> 00:33:19.900]  十九節
[00:33:19.900 --> 00:33:22.900]  二十節就是響鳴聲得稱讚
[00:33:22.900 --> 00:33:24.900]  這是耶和華說的
[00:33:24.900 --> 00:33:25.900]  這段經文描述了
[00:33:25.900 --> 00:33:28.900]  秘魯之民歸回的盼望和喜樂
[00:33:28.900 --> 00:33:29.900]  先知宣告
[00:33:29.900 --> 00:33:32.900]  神不僅要除去百姓的羞辱
[00:33:32.900 --> 00:33:34.900]  也要親自招聚那些被分散
[00:33:34.900 --> 00:33:35.900]  被趕逐
[00:33:35.900 --> 00:33:36.900]  受欺壓的人
[00:33:36.900 --> 00:33:41.900]  使他們重新回到神的同在和應許之中
[00:33:41.900 --> 00:33:42.900]  在第十八節
[00:33:42.900 --> 00:33:45.900]  我們最直接的解釋就是
[00:33:45.900 --> 00:33:47.900]  那些屬神的猶太人
[00:33:47.900 --> 00:33:50.900]  因為神的審判而被分散到異地
[00:33:50.900 --> 00:33:52.900]  遠離耶路撒冷
[00:33:52.900 --> 00:33:54.900]  他們不能夠在耶路撒冷的聖殿中
[00:33:54.900 --> 00:33:56.900]  守節期去敬拜神
[00:33:56.900 --> 00:33:59.900]  因此他們心中充滿愁煩與羞辱
[00:33:59.900 --> 00:34:01.900]  節期本來是以色列人
[00:34:01.900 --> 00:34:02.900]  歡喜聚集
[00:34:02.900 --> 00:34:03.900]  敬拜神
[00:34:03.900 --> 00:34:06.900]  紀念神救贖作為的日子
[00:34:06.900 --> 00:34:07.900]  然而秘魯
[00:34:07.900 --> 00:34:10.900]  使他們失去了這份群體敬拜的喜樂
[00:34:10.900 --> 00:34:12.900]  也使他們感到自己被撇棄
[00:34:12.900 --> 00:34:15.900]  蒙受羞辱
[00:34:15.900 --> 00:34:18.900]  然而神並沒有忘記這些憂傷的人
[00:34:18.900 --> 00:34:21.900]  祂應許要親自聚集他們
[00:34:21.900 --> 00:34:23.900]  使他們從流散之地歸回
[00:34:23.900 --> 00:34:26.900]  這裡的聚集不單只是講地理上的歸回
[00:34:26.900 --> 00:34:30.900]  更加是象徵神重新接納他們的百姓
[00:34:30.900 --> 00:34:32.900]  使他們恢復與他們之間的關係
[00:34:32.900 --> 00:34:34.900]  昔日他們因罪受罰
[00:34:34.900 --> 00:34:36.900]  因秘魯蒙羞
[00:34:36.900 --> 00:34:39.900]  但如今神要將他們從羞辱中帶出來
[00:34:39.900 --> 00:34:42.900]  使他們重新經歷敬拜的喜樂
[00:34:42.900 --> 00:34:46.900]  和蒙虐的恩典
[00:34:46.900 --> 00:34:48.900]  第十九節進一步指出
[00:34:48.900 --> 00:34:50.900]  神不單要招聚他們的百姓
[00:34:50.900 --> 00:34:53.900]  也要審判那些苦待他們的人
[00:34:53.900 --> 00:34:56.900]  「我必對付所有苦待你的人」
[00:34:56.900 --> 00:34:57.900]  這句說話顯示
[00:34:57.900 --> 00:35:00.900]  神體認他子民所受的欺壓和苦難
[00:35:00.900 --> 00:35:03.900]  並且必按公義施行拯救
[00:35:03.900 --> 00:35:05.900]  那些瘸腿的、被趕出的
[00:35:05.900 --> 00:35:09.900]  代表軟弱、受傷、被排斥、無力自救的人
[00:35:09.900 --> 00:35:11.900]  在人看來他們是失敗者
[00:35:11.900 --> 00:35:14.900]  是被社會與列國所輕看的
[00:35:14.900 --> 00:35:15.900]  但在神手中
[00:35:15.900 --> 00:35:21.900]  他們卻是神要親自扶持、醫治和恢復的對象
[00:35:21.900 --> 00:35:23.900]  不知道大家聽完這段說話後
[00:35:23.900 --> 00:35:26.900]  可否將自己的生命放進去
[00:35:26.900 --> 00:35:29.900]  其實我們曾經也是這樣不堪
[00:35:29.900 --> 00:35:30.900]  曾經也是這樣失落
[00:35:30.900 --> 00:35:33.900]  我們曾經也是覺得自己很不濟
[00:35:33.900 --> 00:35:35.900]  但卻是因為神的揀選
[00:35:35.900 --> 00:35:37.900]  我們今天能夠站起來侍奉祂
[00:35:37.900 --> 00:35:39.900]  這並非是偶然
[00:35:39.900 --> 00:35:44.900]  這是神主動歸回的恩典
[00:35:44.900 --> 00:35:45.900]  這麼寶貴的
[00:35:45.900 --> 00:35:48.900]  神要使那些在全地受羞辱的得著
[00:35:48.900 --> 00:35:49.900]  稱讚和明星
[00:35:49.900 --> 00:35:51.900]  這是徹底的翻轉
[00:35:51.900 --> 00:35:52.900]  從羞辱到榮耀
[00:35:52.900 --> 00:35:55.900]  從被輕看到被尊重
[00:35:55.900 --> 00:35:59.900]  從流亡失散到蒙神焦醉
[00:35:59.900 --> 00:36:02.900]  這不是以色列人憑自己的力量爭取到的
[00:36:02.900 --> 00:36:06.900]  而是神主動施行拯救的結果
[00:36:06.900 --> 00:36:07.900]  在第20節
[00:36:07.900 --> 00:36:09.900]  是以一個雙重的應許作結
[00:36:09.900 --> 00:36:12.900]  「我必領你們回來,召集你們」
[00:36:12.900 --> 00:36:14.900]  神重複這個應許是為了強調
[00:36:14.900 --> 00:36:16.900]  祂救贖行動的確定
[00:36:16.900 --> 00:36:19.900]  秘魯歸回不是一件偶然的歷史事件
[00:36:19.900 --> 00:36:22.900]  而是神信實守約的彰顯
[00:36:22.900 --> 00:36:24.900]  當神使祂的百姓歸回的時候
[00:36:24.900 --> 00:36:27.900]  祂也要使他們在地上的萬民中
[00:36:27.900 --> 00:36:28.900]  享明星
[00:36:28.900 --> 00:36:29.900]  得稱讚
[00:36:29.900 --> 00:36:30.900]  換言之
[00:36:30.900 --> 00:36:31.900]  神要藉著祂百姓的復興
[00:36:31.900 --> 00:36:36.900]  使列國看見祂的信實、憐憫和大能
[00:36:36.900 --> 00:36:39.900]  教會為什麼要講宣教
[00:36:39.900 --> 00:36:44.900]  不是因為我們要在聖經裡找到宣教的根基
[00:36:44.900 --> 00:36:47.900]  整個聖經、整個神的計劃裡
[00:36:47.900 --> 00:36:50.900]  就是要將神自己顯揚給這個世界
[00:36:50.900 --> 00:36:56.900]  讓萬國萬民都能得稱耶和華神的名為聖
[00:36:56.900 --> 00:36:57.900]  萬室都要跪拜
[00:36:57.900 --> 00:36:59.900]  萬口都要稱揚耶和華是神
[00:36:59.900 --> 00:37:03.900]  今天教會不是因為我們要發展什麼事工
[00:37:03.900 --> 00:37:05.900]  所以我們要做宣教的工作
[00:37:05.900 --> 00:37:09.900]  這個根本就是神設立教會的目的
[00:37:09.900 --> 00:37:11.900]  近的就是我們要傳揚福音
[00:37:11.900 --> 00:37:13.900]  遠的就是我們要去普世的宣教
[00:37:13.900 --> 00:37:14.900]  這個禮拜的周刊
[00:37:14.900 --> 00:37:16.900]  講到我們有三位弟兄
[00:37:16.900 --> 00:37:20.900]  去到印尼這個地方探訪榮安宣教士
[00:37:20.900 --> 00:37:23.900]  他已經在印尼這個地方有十年的時間
[00:37:23.900 --> 00:37:24.900]  我們這次去
[00:37:24.900 --> 00:37:26.900]  給他帶來鼓勵
[00:37:26.900 --> 00:37:28.900]  所以弟兄姊妹
[00:37:28.900 --> 00:37:29.900]  我們不要小看
[00:37:29.900 --> 00:37:31.900]  我們小小的行動
[00:37:31.900 --> 00:37:32.900]  小小的探訪
[00:37:32.900 --> 00:37:34.900]  給到宣教士一個很大的鼓勵
[00:37:34.900 --> 00:37:36.900]  在宵禁裏面
[00:37:36.900 --> 00:37:40.900]  真是如雲彩的宣教士在我們中間
[00:37:40.900 --> 00:37:42.900]  我們不要輕看
[00:37:42.900 --> 00:37:43.900]  我們要看到
[00:37:43.900 --> 00:37:44.900]  神是要使用他們
[00:37:44.900 --> 00:37:49.900]  代表我們去將主的福音傳開
[00:37:49.900 --> 00:37:52.900]  聖經裏面有一個屬靈的真理
[00:37:52.900 --> 00:37:53.900]  無論是前方打仗
[00:37:53.900 --> 00:37:55.900]  或者後方看守兵器的
[00:37:55.900 --> 00:37:57.900]  同樣得賞賜
[00:37:57.900 --> 00:37:58.900]  所以千萬不要小看
[00:37:58.900 --> 00:38:00.900]  不是因為我們不出去
[00:38:00.900 --> 00:38:02.900]  我們就好像差一皮
[00:38:02.900 --> 00:38:03.900]  不是這樣的
[00:38:03.900 --> 00:38:05.900]  神都是看前方後方
[00:38:05.900 --> 00:38:07.900]  都是重要的
[00:38:07.900 --> 00:38:09.900]  所以在這段經文裏面
[00:38:09.900 --> 00:38:12.900]  再一次提醒我們
[00:38:12.900 --> 00:38:13.900]  神的審判
[00:38:13.900 --> 00:38:15.900]  不是祂對百姓最後的話
[00:38:15.900 --> 00:38:17.900]  祂的恩典和恢復
[00:38:17.900 --> 00:38:21.900]  才是祂救贖計劃的高峰
[00:38:21.900 --> 00:38:23.900]  即使祂的子民
[00:38:23.900 --> 00:38:25.900]  曾經因罪被分散
[00:38:25.900 --> 00:38:27.900]  因管教受羞辱
[00:38:27.900 --> 00:38:29.900]  但是神仍應許
[00:38:29.900 --> 00:38:31.900]  要招罪他們
[00:38:31.900 --> 00:38:33.900]  醫治、拯救並且恢復他們
[00:38:33.900 --> 00:38:35.900]  被擄的憂傷
[00:38:35.900 --> 00:38:38.900]  終於會成為歸回的喜樂
[00:38:38.900 --> 00:38:40.900]  失落的敬拜終將恢復
[00:38:40.900 --> 00:38:41.900]  昔日的羞辱
[00:38:41.900 --> 00:38:43.900]  亦都要在神的恩典中
[00:38:43.900 --> 00:38:48.900]  轉化為稱讚與榮耀
[00:38:48.900 --> 00:38:49.900]  有人認為
[00:38:49.900 --> 00:38:51.900]  先知書的結局總是美好
[00:38:51.900 --> 00:38:52.900]  其實不一定
[00:38:52.900 --> 00:38:54.900]  對於那些寧還不寧的人來說
[00:38:54.900 --> 00:38:57.900]  審判的結局是悲慘的
[00:38:57.900 --> 00:38:58.900]  只有那些持守盼望
[00:38:58.900 --> 00:39:00.900]  並以信服回應神的愚民
[00:39:00.900 --> 00:39:02.900]  才能夠在地上萬民中
[00:39:02.900 --> 00:39:04.900]  響鳴聲得稱讚
[00:39:04.900 --> 00:39:06.900]  願收浸弟兄姊妹
[00:39:06.900 --> 00:39:09.900]  都能夠從罪惡過犯中歸回神
[00:39:09.900 --> 00:39:12.900]  使他們在地上萬族中
[00:39:12.900 --> 00:39:14.900]  能夠響鳴聲得稱讚
[00:39:14.900 --> 00:39:16.900]  讓我們一起禱告
[00:39:30.900 --> 00:39:32.900]  主啊!我們知道
[00:39:32.900 --> 00:39:34.900]  我們需要更多的溝通
[00:39:34.900 --> 00:39:36.900]  我們需要更多的聆聽
[00:39:36.900 --> 00:39:39.900]  我們更加需要謙卑在祢的面前
[00:39:39.900 --> 00:39:41.900]  我們要與弟兄姊妹
[00:39:41.900 --> 00:39:43.900]  很正式
[00:39:43.900 --> 00:39:46.900]  或者我們很體重
[00:39:46.900 --> 00:39:48.900]  每一位弟兄姊妹
[00:39:48.900 --> 00:39:50.900]  對教會的愛和關心
[00:39:50.900 --> 00:39:52.900]  願天父幫助
[00:39:52.900 --> 00:39:54.900]  不要讓魔鬼撒旦在當中
[00:39:54.900 --> 00:39:56.900]  破壞了我們之間的關係
[00:39:56.900 --> 00:39:57.900]  我們深信神
[00:39:57.900 --> 00:40:00.900]  要在教會裡掌權作王
[00:40:00.900 --> 00:40:01.900]  我們深信
[00:40:01.900 --> 00:40:03.900]  我們都要在神的面前
[00:40:03.900 --> 00:40:05.900]  看自己為卑微
[00:40:05.900 --> 00:40:07.900]  我們實在是很謙卑
[00:40:07.900 --> 00:40:09.900]  我們是很不配
[00:40:09.900 --> 00:40:11.900]  但是今天神竟然能夠使用我們
[00:40:11.900 --> 00:40:13.900]  在侍奉的崗位裡
[00:40:13.900 --> 00:40:14.900]  從心努力
[00:40:14.900 --> 00:40:16.900]  主啊!祢去幫助我們
[00:40:16.900 --> 00:40:18.900]  無論我們在教會多久都好
[00:40:18.900 --> 00:40:20.900]  我們都是深存愛這個教會的心
[00:40:20.900 --> 00:40:22.900]  我們都是深存彼此尊重
[00:40:22.900 --> 00:40:23.900]  彼此信任的心
[00:40:23.900 --> 00:40:25.900]  願祢去幫助帶領我們
[00:40:25.900 --> 00:40:27.900]  在教會裡能夠成為
[00:40:27.900 --> 00:40:29.900]  祢自己美好的見證
[00:40:29.900 --> 00:40:32.900]  當眾人見到我們彼此相愛的時候
[00:40:32.900 --> 00:40:34.900]  眾人能夠將一切榮耀
[00:40:34.900 --> 00:40:36.900]  重讚歸給我們的主
[00:40:36.900 --> 00:40:37.900]  我們感謝祢
