
[00:00:00.000 --> 00:00:06.000]  我們今天不如說一個題目
[00:00:06.000 --> 00:00:08.000]  是我們覺得很切身的
[00:00:08.000 --> 00:00:09.000]  說到苦難
[00:00:09.000 --> 00:00:11.000]  你看到有很多天災人禍
[00:00:11.000 --> 00:00:14.000]  還有很多個人的痛苦
[00:00:14.000 --> 00:00:16.000]  個人的災難等等
[00:00:16.000 --> 00:00:18.000]  過去一個多星期
[00:00:18.000 --> 00:00:20.000]  我已經去了三次醫院
[00:00:20.000 --> 00:00:22.000]  去探病
[00:00:22.000 --> 00:00:24.000]  不是我自己去
[00:00:24.000 --> 00:00:26.000]  我去探病
[00:00:26.000 --> 00:00:28.000]  去visit一些人等等
[00:00:28.000 --> 00:00:31.000]  兩次是有關其他人的
[00:00:31.000 --> 00:00:34.000]  第三次是有關一隻貓的
[00:00:34.000 --> 00:00:37.000]  所以貓也去了醫院
[00:00:37.000 --> 00:00:39.000]  所以出入醫院很多次
[00:00:39.000 --> 00:00:41.000]  我記得上星期六
[00:00:41.000 --> 00:00:43.000]  是不是上星期六
[00:00:43.000 --> 00:00:44.000]  上星期六
[00:00:44.000 --> 00:00:47.000]  去探一個病人
[00:00:47.000 --> 00:00:49.000]  探一個大英姐妹
[00:00:49.000 --> 00:00:50.000]  去醫院的時候
[00:00:50.000 --> 00:00:53.000]  我們由city開車去西北醫院
[00:00:53.000 --> 00:00:55.000]  我開了兩小時
[00:00:55.000 --> 00:00:57.000]  兩小時車
[00:00:57.000 --> 00:00:59.000]  你知道什麼事嗎
[00:00:59.000 --> 00:01:00.000]  塞車
[00:01:00.000 --> 00:01:01.000]  塞車
[00:01:01.000 --> 00:01:02.000]  我也不知道發生什麼事
[00:01:02.000 --> 00:01:03.000]  原來有concert
[00:01:03.000 --> 00:01:05.000]  我們收到的大英姐妹
[00:01:05.000 --> 00:01:06.000]  真是很好
[00:01:06.000 --> 00:01:08.000]  她們又出不了街
[00:01:08.000 --> 00:01:09.000]  又回不了家
[00:01:09.000 --> 00:01:11.000]  我想不到20分鐘車
[00:01:11.000 --> 00:01:12.000]  變成兩個小時車
[00:01:12.000 --> 00:01:15.000]  真是苦難
[00:01:15.000 --> 00:01:19.000]  我還拿著棍波車
[00:01:19.000 --> 00:01:20.000]  挺辛苦
[00:01:20.000 --> 00:01:22.000]  一路停一路去
[00:01:22.000 --> 00:01:24.000]  這個題目
[00:01:24.000 --> 00:01:26.000]  是一個很切身的題目
[00:01:26.000 --> 00:01:28.000]  因為我們見到很多的苦難
[00:01:28.000 --> 00:01:30.000]  只不然我們想起
[00:01:30.000 --> 00:01:32.000]  這本書叫《約伯記》
[00:01:32.000 --> 00:01:34.000]  《約伯記》是講什麼呢
[00:01:34.000 --> 00:01:36.000]  《約伯記》是講到一個人
[00:01:36.000 --> 00:01:37.000]  他受了很多苦
[00:01:37.000 --> 00:01:39.000]  然後他無語問蒼天
[00:01:39.000 --> 00:01:41.000]  有些朋友來關心他
[00:01:41.000 --> 00:01:45.000]  然後他就去向上帝追問
[00:01:45.000 --> 00:01:47.000]  到底為什麼他是一個
[00:01:47.000 --> 00:01:48.000]  所謂innocent
[00:01:48.000 --> 00:01:50.000]  不值得
[00:01:50.000 --> 00:01:53.000]  不配有一個這樣的對待
[00:01:53.000 --> 00:01:55.000]  有很多的苦難在他身上發生
[00:01:55.000 --> 00:01:59.000]  他就去問一問上帝
[00:01:59.000 --> 00:02:01.000]  跟上帝有一個interview
[00:02:01.000 --> 00:02:03.000]  然後他想理解
[00:02:03.000 --> 00:02:06.000]  到底這個苦難的原因在哪裡
[00:02:06.000 --> 00:02:07.000]  所以為什麼這麼切身
[00:02:07.000 --> 00:02:08.000]  我們每一個人
[00:02:08.000 --> 00:02:11.000]  我們逢去到一些災難
[00:02:11.000 --> 00:02:13.000]  或者一些苦難裡面
[00:02:13.000 --> 00:02:16.000]  我們都會問一個問題
[00:02:16.000 --> 00:02:18.000]  我們嘗試會問why
[00:02:18.000 --> 00:02:19.000]  當然會的
[00:02:19.000 --> 00:02:20.000]  這個很自然的
[00:02:20.000 --> 00:02:21.000]  沒有錯的
[00:02:21.000 --> 00:02:22.000]  我們當然會自然地
[00:02:22.000 --> 00:02:23.000]  我們會問這個問題
[00:02:23.000 --> 00:02:26.000]  還有追究責任和原因
[00:02:26.000 --> 00:02:28.000]  上個星期六
[00:02:28.000 --> 00:02:31.000]  晚上11點左右
[00:02:31.000 --> 00:02:33.000]  Percy打電話給我
[00:02:33.000 --> 00:02:34.000]  他說
[00:02:34.000 --> 00:02:35.000]  他就很簡單的
[00:02:35.000 --> 00:02:36.000]  一句台詞
[00:02:36.000 --> 00:02:37.000]  他說不行了
[00:02:37.000 --> 00:02:38.000]  撞車
[00:02:38.000 --> 00:02:39.000]  你要來
[00:02:39.000 --> 00:02:41.000]  結果我就說
[00:02:41.000 --> 00:02:43.000]  出去吧
[00:02:43.000 --> 00:02:44.000]  我心想
[00:02:44.000 --> 00:02:47.000]  我們的青年傳導師
[00:02:47.000 --> 00:02:48.000]  撞車
[00:02:48.000 --> 00:02:51.000]  在本地的路上撞車
[00:02:51.000 --> 00:02:55.000]  我覺得都應該不是很嚴重的事情
[00:02:55.000 --> 00:02:57.000]  因為之下撞車有很多
[00:02:57.000 --> 00:02:59.000]  有誰沒有撞過車
[00:02:59.000 --> 00:03:02.000]  每個人都撞過車
[00:03:02.000 --> 00:03:03.000]  要麼你撞車
[00:03:03.000 --> 00:03:04.000]  要麼被人撞
[00:03:04.000 --> 00:03:06.000]  總之車就被人撞
[00:03:06.000 --> 00:03:07.000]  我就想
[00:03:07.000 --> 00:03:09.000]  應該都是小事
[00:03:09.000 --> 00:03:12.000]  一駛到路口
[00:03:12.000 --> 00:03:13.000]  我發現
[00:03:13.000 --> 00:03:14.000]  不行
[00:03:14.000 --> 00:03:15.000]  這次不得了
[00:03:15.000 --> 00:03:22.000]  整地都是車流出來的東西
[00:03:22.000 --> 00:03:25.000]  原來他被人撞了
[00:03:25.000 --> 00:03:29.000]  整個車轉了兩次
[00:03:29.000 --> 00:03:32.000]  接著他就撞到另外一輛車
[00:03:32.000 --> 00:03:35.000]  所以三輛車連續受影響
[00:03:35.000 --> 00:03:36.000]  見到他
[00:03:36.000 --> 00:03:40.000]  但是他整個人都安好
[00:03:40.000 --> 00:03:42.000]  是不是鎖骨的地方
[00:03:42.000 --> 00:03:44.000]  肩膀鎖骨的地方
[00:03:44.000 --> 00:03:45.000]  有骨裂
[00:03:45.000 --> 00:03:49.000]  馬上就送了他進醫院
[00:03:49.000 --> 00:03:51.000]  所以在11、12時
[00:03:51.000 --> 00:03:55.000]  他上了電召車就去了醫院
[00:03:55.000 --> 00:03:58.000]  接著我就去打理拖車等等
[00:03:58.000 --> 00:04:00.000]  搞了一個多兩個小時
[00:04:00.000 --> 00:04:02.000]  不知道為什麼拖車拖了兩個小時都拖不到
[00:04:02.000 --> 00:04:05.000]  車上去的時候又歪了
[00:04:05.000 --> 00:04:09.000]  搞了兩小時我才趕到醫院
[00:04:09.000 --> 00:04:10.000]  去看看他有沒有事
[00:04:10.000 --> 00:04:12.000]  他就很感恩
[00:04:12.000 --> 00:04:15.000]  我們算是沒有大礙
[00:04:15.000 --> 00:04:16.000]  因為這樣去撞的話
[00:04:16.000 --> 00:04:18.000]  他的車轉了幾次
[00:04:18.000 --> 00:04:21.000]  然後撞到其他車等等
[00:04:21.000 --> 00:04:26.000]  我們就確定他OK
[00:04:26.000 --> 00:04:30.000]  然後等到他出院的時候
[00:04:30.000 --> 00:04:33.000]  都已經五點半了
[00:04:33.000 --> 00:04:34.000]  早上五點半
[00:04:34.000 --> 00:04:36.000]  就在那裡過夜
[00:04:36.000 --> 00:04:38.000]  等到四點多的時候
[00:04:38.000 --> 00:04:40.000]  我有點肚餓
[00:04:40.000 --> 00:04:41.000]  我去了麥當勞買
[00:04:41.000 --> 00:04:47.000]  我還買了Happy Meal給Percy
[00:04:47.000 --> 00:04:49.000]  五點半終於出院了
[00:04:49.000 --> 00:04:51.000]  他回到家裡
[00:04:51.000 --> 00:04:52.000]  算是平安
[00:04:52.000 --> 00:04:54.000]  也感恩
[00:04:54.000 --> 00:04:56.000]  突然之間為他祈禱
[00:04:56.000 --> 00:04:58.000]  回到家裡我就睡了兩個小時
[00:04:58.000 --> 00:05:01.000]  接著我就去了北郊那裡
[00:05:01.000 --> 00:05:04.000]  有一個教會三一恩典堂
[00:05:04.000 --> 00:05:06.000]  那裡有講道、主日學等等
[00:05:06.000 --> 00:05:11.000]  我簡直是Overload
[00:05:11.000 --> 00:05:13.000]  所以感恩上帝給我們力量
[00:05:13.000 --> 00:05:14.000]  回到家裡
[00:05:14.000 --> 00:05:16.000]  我已經躺在那裡
[00:05:16.000 --> 00:05:19.000]  我都懷車了
[00:05:19.000 --> 00:05:21.000]  有很多苦痛、有很多苦難
[00:05:21.000 --> 00:05:22.000]  我們想起約伯記
[00:05:22.000 --> 00:05:24.000]  約伯記講什麼
[00:05:24.000 --> 00:05:26.000]  講苦難的
[00:05:26.000 --> 00:05:28.000]  這裡第一章第一節這樣介紹
[00:05:28.000 --> 00:05:31.000]  他說烏斯地有一個人叫做約伯
[00:05:31.000 --> 00:05:34.000]  無論這個人烏斯地是什麼地方都好
[00:05:34.000 --> 00:05:36.000]  不要緊的
[00:05:36.000 --> 00:05:38.000]  最重要是有一個這樣的人
[00:05:38.000 --> 00:05:39.000]  這個人怎麼介紹他呢
[00:05:39.000 --> 00:05:41.000]  是正直、完全的
[00:05:41.000 --> 00:05:42.000]  還有敬畏神的
[00:05:42.000 --> 00:05:45.000]  就是說他身上無罪
[00:05:45.000 --> 00:05:48.000]  你說他是不是真實是無罪的
[00:05:48.000 --> 00:05:51.000]  這是另一個問題
[00:05:51.000 --> 00:05:54.000]  但是在書裡面介紹約伯
[00:05:54.000 --> 00:05:57.000]  在約伯記裡面約伯是一個完全的人
[00:05:57.000 --> 00:05:59.000]  是完全正直、完全敬畏神的
[00:05:59.000 --> 00:06:01.000]  並且上帝給很多祝福給他
[00:06:01.000 --> 00:06:03.000]  生了多少個小孩
[00:06:03.000 --> 00:06:04.000]  有多少牛羊等等
[00:06:04.000 --> 00:06:05.000]  很多產業
[00:06:05.000 --> 00:06:09.000]  這人在全東方是自為尊貴的
[00:06:09.000 --> 00:06:12.000]  個個都去尊敬他
[00:06:12.000 --> 00:06:14.000]  一個這樣完全的人介紹了他之後
[00:06:14.000 --> 00:06:15.000]  發生什麼事呢
[00:06:15.000 --> 00:06:17.000]  然後鏡頭就轉了上去
[00:06:17.000 --> 00:06:19.000]  天上面發生什麼事
[00:06:19.000 --> 00:06:20.000]  天庭發生什麼事呢
[00:06:20.000 --> 00:06:21.000]  神的眾子
[00:06:21.000 --> 00:06:24.000]  就好像皇帝和那些下屬
[00:06:24.000 --> 00:06:26.000]  那些神部
[00:06:26.000 --> 00:06:28.000]  一起開會的時候
[00:06:28.000 --> 00:06:31.000]  神的眾子就立在耶和華的面前
[00:06:31.000 --> 00:06:34.000]  撒旦就來到他們中間
[00:06:34.000 --> 00:06:36.000]  耶和華就問撒旦
[00:06:36.000 --> 00:06:37.000]  你從哪裡來呢
[00:06:37.000 --> 00:06:39.000]  撒旦就回答耶和華
[00:06:39.000 --> 00:06:40.000]  就在地上徘徊
[00:06:40.000 --> 00:06:41.000]  走來走去
[00:06:41.000 --> 00:06:43.000]  耶和華問撒旦
[00:06:43.000 --> 00:06:46.000]  你有沒有注意到我的僕人約伯
[00:06:46.000 --> 00:06:50.000]  世上再沒有一個人像他那樣完全正直敬畏神
[00:06:50.000 --> 00:06:52.000]  不是遠離罪惡的
[00:06:52.000 --> 00:06:53.000]  Again
[00:06:53.000 --> 00:06:55.000]  有沒有可能
[00:06:55.000 --> 00:06:57.000]  有一個這樣的人
[00:06:57.000 --> 00:06:58.000]  That's not the question
[00:06:58.000 --> 00:07:01.000]  The question 就是要介紹這個人是完全正直的
[00:07:01.000 --> 00:07:03.000]  有什麼事發生在你身上
[00:07:03.000 --> 00:07:05.000]  沒有理由是因為罪的
[00:07:05.000 --> 00:07:06.000]  是不是
[00:07:06.000 --> 00:07:08.000]  所以耶和華就問撒旦
[00:07:08.000 --> 00:07:11.000]  你有沒有這樣的觀察呢
[00:07:11.000 --> 00:07:14.000]  然後撒旦就問一個問題
[00:07:14.000 --> 00:07:16.000]  他就回答耶和華
[00:07:16.000 --> 00:07:18.000]  第九節
[00:07:18.000 --> 00:07:20.000]  他說如果伯敬畏神
[00:07:20.000 --> 00:07:24.000]  難道是無緣無故的嗎
[00:07:24.000 --> 00:07:28.000]  他不是fear God for nothing
[00:07:28.000 --> 00:07:30.000]  約伯到底是不是fear God for nothing
[00:07:30.000 --> 00:07:33.000]  敬畏上帝是無緣無故的
[00:07:33.000 --> 00:07:35.000]  無緣無故不是說他亂來
[00:07:35.000 --> 00:07:38.000]  無緣無故就是不是為了益處
[00:07:38.000 --> 00:07:42.000]  不是為了好處而去敬畏神
[00:07:42.000 --> 00:07:45.000]  撒旦問這個問題也挺對的
[00:07:45.000 --> 00:07:47.000]  是需要問的
[00:07:47.000 --> 00:07:51.000]  他說你不是抓起周圍的尼巴來保護約伯
[00:07:51.000 --> 00:07:54.000]  他的家裡面所有的東西
[00:07:54.000 --> 00:07:55.000]  以及他所作的
[00:07:55.000 --> 00:07:58.000]  你都似乎被他的產業在地上增添
[00:07:58.000 --> 00:08:00.000]  他經常有很多很多的東西
[00:08:00.000 --> 00:08:01.000]  很多的祝福
[00:08:01.000 --> 00:08:04.000]  他是不是因為這個緣故而敬畏你呢
[00:08:04.000 --> 00:08:09.000]  約伯敬畏神是否難道是無緣無故的嗎
[00:08:09.000 --> 00:08:11.000]  十一節
[00:08:11.000 --> 00:08:16.000]  撒旦就說只要你伸手打擊他所有的一切
[00:08:16.000 --> 00:08:19.000]  他一定當面的褻瀆你
[00:08:19.000 --> 00:08:21.000]  即是你拿走他所有的東西
[00:08:21.000 --> 00:08:23.000]  拿走他所有的祝福
[00:08:23.000 --> 00:08:27.000]  他一定會當面的去反對你
[00:08:27.000 --> 00:08:29.000]  現在不反對你
[00:08:29.000 --> 00:08:30.000]  敬畏你為甚麼
[00:08:30.000 --> 00:08:33.000]  因為他一切一切都是你所祝福的
[00:08:33.000 --> 00:08:35.000]  耶和華就對撒旦說
[00:08:35.000 --> 00:08:36.000]  好
[00:08:36.000 --> 00:08:38.000]  他將所有的東西交在你手裡面
[00:08:38.000 --> 00:08:40.000]  只是你不可以伸手害他
[00:08:40.000 --> 00:08:45.000]  撒旦就從耶和華的宮廷面前退去
[00:08:45.000 --> 00:08:47.000]  這個就是一個介紹
[00:08:47.000 --> 00:08:49.000]  首先這裡說清楚一件事
[00:08:49.000 --> 00:08:51.000]  這裡說一下撒旦
[00:08:51.000 --> 00:08:54.000]  我們心裡面想的撒旦就是魔鬼的頭
[00:08:54.000 --> 00:08:57.000]  有很多魔鬼中魔鬼的大腦
[00:08:57.000 --> 00:08:59.000]  就是撒旦
[00:08:59.000 --> 00:09:04.000]  舊約裡面其實就沒有魔鬼的概念
[00:09:04.000 --> 00:09:06.000]  沒有撒旦魔鬼這個概念
[00:09:06.000 --> 00:09:09.000]  到舊約和新約中間的時候
[00:09:09.000 --> 00:09:13.000]  猶太人的著作才開始想像
[00:09:13.000 --> 00:09:15.000]  或者開始有新的啟示
[00:09:15.000 --> 00:09:19.000]  這個魔鬼的頭就是叫撒旦
[00:09:19.000 --> 00:09:20.000]  Satan
[00:09:20.000 --> 00:09:22.000]  在舊約裡面是沒有這個觀念的
[00:09:22.000 --> 00:09:24.000]  完全沒有
[00:09:24.000 --> 00:09:27.000]  這裡說到撒旦這個字
[00:09:27.000 --> 00:09:30.000]  其實是The Satan
[00:09:30.000 --> 00:09:32.000]  或者The Satan
[00:09:32.000 --> 00:09:34.000]  希伯文是Ha Satan
[00:09:34.000 --> 00:09:35.000]  你加個Ha
[00:09:35.000 --> 00:09:36.000]  在開頭的時候
[00:09:36.000 --> 00:09:38.000]  就是我們所謂英文的時候
[00:09:38.000 --> 00:09:40.000]  我們會用官詞
[00:09:40.000 --> 00:09:42.000]  The
[00:09:42.000 --> 00:09:44.000]  The article
[00:09:44.000 --> 00:09:46.000]  所以這裡說的Satan
[00:09:46.000 --> 00:09:48.000]  不是一個正確的名字
[00:09:48.000 --> 00:09:49.000]  不是一個名字
[00:09:49.000 --> 00:09:51.000]  就好像你今天用英文的時候
[00:09:51.000 --> 00:09:55.000]  你不會說The Mark Chan
[00:09:55.000 --> 00:09:57.000]  因為Mark是一個正確的名字
[00:09:57.000 --> 00:09:59.000]  是不需要The的
[00:09:59.000 --> 00:10:02.000]  加了The下去就是Ha Satan
[00:10:02.000 --> 00:10:05.000]  其實不是說撒旦
[00:10:05.000 --> 00:10:09.000]  其實意思就是說The Challenger的意思
[00:10:09.000 --> 00:10:11.000]  哪位挑戰者
[00:10:11.000 --> 00:10:13.000]  挑戰者在宮廷裡面出現
[00:10:13.000 --> 00:10:15.000]  他就問耶和華
[00:10:15.000 --> 00:10:18.000]  問上帝一個很legitimate
[00:10:18.000 --> 00:10:21.000]  很合法的一個問題
[00:10:21.000 --> 00:10:22.000]  問什麼問題
[00:10:22.000 --> 00:10:23.000]  他就問上帝
[00:10:23.000 --> 00:10:25.000]  就是說上帝你賜福給約伯
[00:10:25.000 --> 00:10:27.000]  約伯當然敬畏你
[00:10:27.000 --> 00:10:28.000]  你將這些福氣
[00:10:28.000 --> 00:10:31.000]  將這些東西全部拿走的時候
[00:10:31.000 --> 00:10:33.000]  他一定不會敬畏你的
[00:10:33.000 --> 00:10:34.000]  他在問一個問題
[00:10:34.000 --> 00:10:37.000]  就是整個世界的運作應該是怎樣的
[00:10:37.000 --> 00:10:40.000]  特別上帝和這個世界的運作
[00:10:40.000 --> 00:10:43.000]  原則應該是怎樣
[00:10:43.000 --> 00:10:46.000]  所以這本書似乎有個有趣的地方
[00:10:46.000 --> 00:10:49.000]  就是它不是真的去解釋苦難
[00:10:49.000 --> 00:10:54.000]  它是告訴你苦難裡面應該去思考什麼問題
[00:10:54.000 --> 00:10:55.000]  在我們有災難的時候
[00:10:55.000 --> 00:10:59.000]  我們生命裡面有一些苦難臨到的時候
[00:10:59.000 --> 00:11:03.000]  我們應該怎樣去思考整件事
[00:11:03.000 --> 00:11:04.000]  它不是一定要解釋
[00:11:04.000 --> 00:11:06.000]  到底你有件災難發生
[00:11:06.000 --> 00:11:09.000]  然後有一個chain of events引致這個災難
[00:11:09.000 --> 00:11:10.000]  到底誰做錯事
[00:11:10.000 --> 00:11:11.000]  誰做對事
[00:11:11.000 --> 00:11:15.000]  有些什麼迂迴曲折的事情發生
[00:11:15.000 --> 00:11:18.000]  以致引致你有這樣的苦難發生在你身上
[00:11:18.000 --> 00:11:19.000]  它不是要解釋苦難
[00:11:19.000 --> 00:11:20.000]  不是explain
[00:11:20.000 --> 00:11:21.000]  而是告訴你
[00:11:21.000 --> 00:11:24.000]  你在受苦的當中
[00:11:24.000 --> 00:11:27.000]  你應該要思考什麼問題
[00:11:27.000 --> 00:11:33.000]  於是這個開頭就展開了三十幾四十章的討論
[00:11:33.000 --> 00:11:40.000]  討論到底在這個世界裡面整個宇宙運作的原則是什麼
[00:11:40.000 --> 00:11:43.000]  特別講到當我們有病臨到
[00:11:43.000 --> 00:11:45.000]  有苦難臨到的時候
[00:11:45.000 --> 00:11:46.000]  我們應該要思考什麼
[00:11:46.000 --> 00:11:48.000]  整本書的結構其實很簡單
[00:11:48.000 --> 00:11:50.000]  雖然很長
[00:11:50.000 --> 00:11:51.000]  很長
[00:11:51.000 --> 00:11:55.000]  頭三章就是剛才我們讀了一點選擇的經文
[00:11:55.000 --> 00:11:57.000]  就是序曲
[00:11:57.000 --> 00:11:58.000]  就是介紹
[00:11:58.000 --> 00:12:00.000]  介紹約伯是一個完全的人
[00:12:00.000 --> 00:12:01.000]  但是有苦難臨到他
[00:12:01.000 --> 00:12:07.000]  然後四至二十七章就是三個朋友來關心約伯
[00:12:07.000 --> 00:12:09.000]  如果說關心又不是很對
[00:12:09.000 --> 00:12:11.000]  其實他們是去辯論的
[00:12:11.000 --> 00:12:13.000]  和約伯辯論什麼呢
[00:12:13.000 --> 00:12:14.000]  大體上就是說
[00:12:14.000 --> 00:12:17.000]  三個朋友告訴約伯
[00:12:17.000 --> 00:12:19.000]  你現在有苦臨到
[00:12:19.000 --> 00:12:21.000]  你有苦難來到你的生命裡面
[00:12:21.000 --> 00:12:24.000]  你其實就是因為做錯事
[00:12:24.000 --> 00:12:26.000]  肯定你做錯事
[00:12:26.000 --> 00:12:28.000]  你記不記起你做錯了什麼
[00:12:28.000 --> 00:12:30.000]  你記不起嗎
[00:12:30.000 --> 00:12:32.000]  但是都是應該有做錯事的
[00:12:32.000 --> 00:12:36.000]  只要你去討好這位神明
[00:12:36.000 --> 00:12:38.000]  他就會設福給你
[00:12:38.000 --> 00:12:40.000]  現在為什麼你沒有福氣
[00:12:40.000 --> 00:12:41.000]  為什麼你會受苦難
[00:12:41.000 --> 00:12:42.000]  因為你做錯事
[00:12:42.000 --> 00:12:43.000]  你得罪了他
[00:12:43.000 --> 00:12:46.000]  你要擺平這個關係的話
[00:12:46.000 --> 00:12:50.000]  你認罪或者悔改等等
[00:12:50.000 --> 00:12:52.000]  你就可以拿回一些好的東西
[00:12:52.000 --> 00:12:56.000]  三個朋友大致上就是和他說這些
[00:12:56.000 --> 00:13:00.000]  有一部份三個朋友說的話是對的
[00:13:00.000 --> 00:13:04.000]  但是有一部份是不對的
[00:13:04.000 --> 00:13:06.000]  就是你做錯事
[00:13:06.000 --> 00:13:09.000]  很多時候就會有懲罰
[00:13:09.000 --> 00:13:11.000]  你做錯事就會有結果
[00:13:11.000 --> 00:13:12.000]  你做對的事
[00:13:12.000 --> 00:13:15.000]  很多時候就會有好的結果
[00:13:15.000 --> 00:13:17.000]  但是整個宇宙的運作
[00:13:17.000 --> 00:13:18.000]  最終的原則
[00:13:18.000 --> 00:13:20.000]  是不是就是這麼簡單
[00:13:20.000 --> 00:13:23.000]  這三個朋友就是和約伯辯論
[00:13:23.000 --> 00:13:24.000]  約伯就說
[00:13:24.000 --> 00:13:26.000]  我是innocent的
[00:13:26.000 --> 00:13:30.000]  我是不應該得到這樣的痛苦的
[00:13:30.000 --> 00:13:32.000]  四至二十七章都是說這件事
[00:13:32.000 --> 00:13:35.000]  二十八章就插一首詩在裏面
[00:13:35.000 --> 00:13:36.000]  那首詩其實就是說
[00:13:36.000 --> 00:13:39.000]  人間裏面宇宙運作的智慧
[00:13:39.000 --> 00:13:41.000]  不是人能夠找到的
[00:13:41.000 --> 00:13:43.000]  在上帝的手中
[00:13:43.000 --> 00:13:45.000]  二十九至四十一節
[00:13:45.000 --> 00:13:48.000]  就來了另外三段的講話
[00:13:48.000 --> 00:13:52.000]  首先約伯就澄清他自己是無罪的
[00:13:52.000 --> 00:13:54.000]  然後有一個人叫爾利胡
[00:13:54.000 --> 00:13:56.000]  這個大概是以色列人
[00:13:56.000 --> 00:14:00.000]  他就去指責那三個朋友說的話是錯的
[00:14:00.000 --> 00:14:03.000]  到最後就是耶和華出現
[00:14:03.000 --> 00:14:04.000]  耶和華就說
[00:14:04.000 --> 00:14:06.000]  約伯你想和我有個interview
[00:14:06.000 --> 00:14:08.000]  我就和你有個interview
[00:14:08.000 --> 00:14:12.000]  然後耶和華就和約伯說了一段話
[00:14:12.000 --> 00:14:15.000]  或者問了很多句問題
[00:14:15.000 --> 00:14:17.000]  到最後四十二章
[00:14:17.000 --> 00:14:19.000]  就是一個結束
[00:14:19.000 --> 00:14:24.000]  在這裏說回整本書想掙扎的問題
[00:14:24.000 --> 00:14:27.000]  就是整個宇宙人生運作的模式
[00:14:27.000 --> 00:14:29.000]  或者原則的principle
[00:14:29.000 --> 00:14:31.000]  到底應該是怎樣的
[00:14:31.000 --> 00:14:35.000]  在古代或者現代
[00:14:35.000 --> 00:14:39.000]  其實我們很多時候的假設都是一樣的
[00:14:39.000 --> 00:14:42.000]  我們就是覺得好就有好報
[00:14:42.000 --> 00:14:46.000]  你做壞事就有惡報
[00:14:46.000 --> 00:14:47.000]  對嗎
[00:14:47.000 --> 00:14:49.000]  我們一般生活裏面
[00:14:49.000 --> 00:14:52.000]  我們有的智慧都是這樣的
[00:14:52.000 --> 00:14:57.000]  但是約伯記就想去拆毀這個原則
[00:14:57.000 --> 00:14:59.000]  就是我們不可以這麼簡單
[00:14:59.000 --> 00:15:01.000]  去到面對苦難的時候
[00:15:01.000 --> 00:15:05.000]  就是用一個報應的原則來看
[00:15:05.000 --> 00:15:07.000]  你撞車
[00:15:07.000 --> 00:15:09.000]  是不是因為你犯了罪
[00:15:09.000 --> 00:15:11.000]  當然是你做錯事
[00:15:11.000 --> 00:15:13.000]  或者是其他人做錯事
[00:15:13.000 --> 00:15:18.000]  或者是誰追溯誰是一些道德上的責任引致你有苦難
[00:15:18.000 --> 00:15:20.000]  你患癌症
[00:15:20.000 --> 00:15:22.000]  肯定是什麼
[00:15:22.000 --> 00:15:24.000]  肯定你有罪
[00:15:24.000 --> 00:15:26.000]  肯定你做錯事
[00:15:26.000 --> 00:15:27.000]  你陰則事多
[00:15:27.000 --> 00:15:29.000]  所以你患癌症
[00:15:29.000 --> 00:15:31.000]  你不患癌症
[00:15:31.000 --> 00:15:32.000]  為什麼
[00:15:32.000 --> 00:15:34.000]  因為你是好人
[00:15:34.000 --> 00:15:36.000]  好人有好報
[00:15:36.000 --> 00:15:38.000]  一般上好人是不是有好報
[00:15:38.000 --> 00:15:41.000]  一般你覺得好人是不是有好報
[00:15:41.000 --> 00:15:43.000]  ok
[00:15:43.000 --> 00:15:47.000]  所以你不做好人
[00:15:47.000 --> 00:15:52.000]  有時候有好有好報
[00:15:52.000 --> 00:15:54.000]  有時候好事有好報
[00:15:54.000 --> 00:15:56.000]  有時候惡有惡報
[00:15:56.000 --> 00:15:59.000]  起碼現世的視野裏面
[00:15:59.000 --> 00:16:01.000]  有時候是這樣
[00:16:01.000 --> 00:16:03.000]  但最終是不是一定是這樣
[00:16:03.000 --> 00:16:05.000]  特別你講到苦難的時候
[00:16:05.000 --> 00:16:07.000]  我們就需要小心
[00:16:07.000 --> 00:16:11.000]  不要這麼簡單這麼簡約的我們就說
[00:16:11.000 --> 00:16:13.000]  一定是一些報應的原則
[00:16:13.000 --> 00:16:16.000]  因為世界最終的運作
[00:16:16.000 --> 00:16:24.000]  並非一定好像我們人間裏面所想的原則或者步驟
[00:16:24.000 --> 00:16:27.000]  三十多章就是想去拆毀
[00:16:27.000 --> 00:16:29.000]  這種原則
[00:16:29.000 --> 00:16:31.000]  因為近東的社會
[00:16:31.000 --> 00:16:34.000]  舊約那個古近東的世界
[00:16:34.000 --> 00:16:38.000]  和我們現代的世界去到體苦難其實都差不多
[00:16:38.000 --> 00:16:40.000]  近東的社會就是說
[00:16:40.000 --> 00:16:42.000]  既然是好有好報惡有惡報的話
[00:16:42.000 --> 00:16:44.000]  我們做多些好事
[00:16:44.000 --> 00:16:49.000]  或者向神明初一十五準時給他食
[00:16:49.000 --> 00:16:51.000]  他就舒舒服服
[00:16:51.000 --> 00:16:53.000]  然後他就對你好
[00:16:53.000 --> 00:16:56.000]  如果你做錯事或者做漏事
[00:16:56.000 --> 00:16:58.000]  你就補回
[00:16:58.000 --> 00:17:00.000]  我們就是這樣去運作
[00:17:00.000 --> 00:17:02.000]  和上帝都是這樣運作
[00:17:02.000 --> 00:17:05.000]  這樣的運作其實是一種交易
[00:17:05.000 --> 00:17:07.000]  我做得好一點
[00:17:07.000 --> 00:17:09.000]  上帝就會對我有福
[00:17:09.000 --> 00:17:10.000]  做得不好
[00:17:10.000 --> 00:17:14.000]  上帝就會懲罰我
[00:17:14.000 --> 00:17:16.000]  剛才我們說
[00:17:16.000 --> 00:17:19.000]  如果你有病
[00:17:19.000 --> 00:17:22.000]  我們就解釋因為你做錯
[00:17:22.000 --> 00:17:25.000]  如果你無災無病無患
[00:17:25.000 --> 00:17:28.000]  那一定是上帝祝福你
[00:17:28.000 --> 00:17:32.000]  我曾經在以前一個教會
[00:17:32.000 --> 00:17:35.000]  聽過一個會友這樣說
[00:17:35.000 --> 00:17:38.000]  他就說他很尊敬一個牧師
[00:17:38.000 --> 00:17:40.000]  那個不是我
[00:17:40.000 --> 00:17:44.000]  他就說那個牧師已經很年老
[00:17:44.000 --> 00:17:47.000]  他就在祈禱會那裡這樣說
[00:17:47.000 --> 00:17:50.000]  這位牧師很愛主
[00:17:50.000 --> 00:17:52.000]  侍奉主很忠心
[00:17:52.000 --> 00:17:55.000]  我肯定我相信
[00:17:55.000 --> 00:17:57.000]  上帝是不會給他病
[00:17:57.000 --> 00:18:00.000]  我聽到
[00:18:00.000 --> 00:18:03.000]  不知道我會不會這樣
[00:18:03.000 --> 00:18:06.000]  這種的觀念
[00:18:06.000 --> 00:18:09.000]  就是一種報應的觀念
[00:18:09.000 --> 00:18:11.000]  我們解釋人生裡面發生的事
[00:18:11.000 --> 00:18:13.000]  我們只是一個簡約的
[00:18:13.000 --> 00:18:15.000]  好有好報 惡有惡報
[00:18:15.000 --> 00:18:17.000]  對神明好 神明就賜福給你
[00:18:17.000 --> 00:18:21.000]  三個朋友和若白為何有這麼長篇的說話
[00:18:21.000 --> 00:18:25.000]  就是因為若白堅持他自己是無罪的
[00:18:25.000 --> 00:18:28.000]  或者這個苦難臨到他的時候
[00:18:28.000 --> 00:18:31.000]  不應該是因為他犯了錯
[00:18:31.000 --> 00:18:33.000]  而臨到他
[00:18:33.000 --> 00:18:35.000]  但三個朋友就是不放棄
[00:18:35.000 --> 00:18:37.000]  所以就整個的辯論裡面
[00:18:37.000 --> 00:18:39.000]  就是去到想拆毀這件事
[00:18:39.000 --> 00:18:42.000]  三十多章之後辯論完
[00:18:42.000 --> 00:18:44.000]  上帝就真的出現了
[00:18:44.000 --> 00:18:46.000]  上帝說你想和我有個interview
[00:18:46.000 --> 00:18:48.000]  那我就和你有interview
[00:18:48.000 --> 00:18:50.000]  所以上帝就出言了
[00:18:50.000 --> 00:18:52.000]  三十八章第一節
[00:18:52.000 --> 00:18:55.000]  他說要在旋風裡面去見若白
[00:18:55.000 --> 00:18:57.000]  去回答他
[00:18:57.000 --> 00:18:59.000]  然後問他
[00:18:59.000 --> 00:19:01.000]  問他什麼呢?
[00:19:01.000 --> 00:19:03.000]  或者說了什麼呢?
[00:19:03.000 --> 00:19:04.000]  第四節
[00:19:04.000 --> 00:19:06.000]  他說我奠定大地根基的時候
[00:19:06.000 --> 00:19:08.000]  你再罵他
[00:19:08.000 --> 00:19:09.000]  你若有聰明
[00:19:09.000 --> 00:19:11.000]  你只管說白
[00:19:11.000 --> 00:19:13.000]  然後問了一堆的問題
[00:19:13.000 --> 00:19:15.000]  問他你明不明白這件事
[00:19:15.000 --> 00:19:17.000]  二十五節 二十六節
[00:19:17.000 --> 00:19:18.000]  上帝又問了
[00:19:18.000 --> 00:19:20.000]  誰為大禹分水道
[00:19:20.000 --> 00:19:23.000]  洗雨水降在無人之地
[00:19:23.000 --> 00:19:27.000]  落在無人居住的曠野呢?
[00:19:27.000 --> 00:19:28.000]  問題來的
[00:19:28.000 --> 00:19:30.000]  其實也是一個宣告來的
[00:19:30.000 --> 00:19:32.000]  就是你不知道
[00:19:32.000 --> 00:19:35.000]  誰為大禹分水道
[00:19:35.000 --> 00:19:38.000]  洗雨水降在無人之地
[00:19:38.000 --> 00:19:41.000]  落在無人居住的曠野呢?
[00:19:41.000 --> 00:19:42.000]  十四節
[00:19:42.000 --> 00:19:44.000]  說到那些動物
[00:19:44.000 --> 00:19:46.000]  世上有很多的動物
[00:19:46.000 --> 00:19:47.000]  大大小小的
[00:19:47.000 --> 00:19:49.000]  你看National Geographic
[00:19:49.000 --> 00:19:51.000]  這個世界很奇妙
[00:19:51.000 --> 00:19:53.000]  為什麼上帝會這樣做呢?
[00:19:53.000 --> 00:19:54.000]  十四節就是問這個問題
[00:19:54.000 --> 00:19:55.000]  類似這樣的
[00:19:55.000 --> 00:19:58.000]  他說鴕鳥生蛋在地上
[00:19:58.000 --> 00:20:00.000]  但是就忘記了
[00:20:00.000 --> 00:20:02.000]  有時候他踩死那些蛋
[00:20:02.000 --> 00:20:03.000]  或者有人踩死那些蛋
[00:20:03.000 --> 00:20:05.000]  或者有野地的走獸
[00:20:05.000 --> 00:20:07.000]  將那些蛋來踐踏
[00:20:07.000 --> 00:20:09.000]  因為鴕鳥生完蛋的時候
[00:20:09.000 --> 00:20:11.000]  就這樣推下去
[00:20:11.000 --> 00:20:14.000]  那些蛋就會露在地面
[00:20:14.000 --> 00:20:15.000]  又不去保住
[00:20:15.000 --> 00:20:16.000]  他自己又踩死
[00:20:16.000 --> 00:20:18.000]  然後又被人踩死
[00:20:18.000 --> 00:20:20.000]  被其他動物踐踏
[00:20:20.000 --> 00:20:24.000]  到底為什麼會這麼白痴呢?
[00:20:24.000 --> 00:20:26.000]  為什麼這麼白痴呢?
[00:20:26.000 --> 00:20:27.000]  上帝說你知不知道?
[00:20:27.000 --> 00:20:29.000]  你知不知道?
[00:20:29.000 --> 00:20:30.000]  問了一連串的
[00:20:30.000 --> 00:20:33.000]  講到整個宇宙運作的方式
[00:20:33.000 --> 00:20:36.000]  就讓白天告訴我們
[00:20:36.000 --> 00:20:40.000]  原來上帝運作這個世界的規律
[00:20:40.000 --> 00:20:42.000]  不一定是像我們這樣的
[00:20:42.000 --> 00:20:45.000]  雨水為什麼落在無人之地呢?
[00:20:45.000 --> 00:20:48.000]  為什麼不落在只有田地的地方呢?
[00:20:48.000 --> 00:20:51.000]  那裡有田地就需要雨水
[00:20:51.000 --> 00:20:52.000]  但是你落在曠野
[00:20:52.000 --> 00:20:54.000]  曠野是沒有人在那裡的
[00:20:54.000 --> 00:20:56.000]  沒有人煙之地
[00:20:56.000 --> 00:20:57.000]  沒有耕種之地
[00:20:57.000 --> 00:20:59.000]  是沒有人會有好處的
[00:20:59.000 --> 00:21:00.000]  是不是?
[00:21:00.000 --> 00:21:03.000]  所以跟我們那個報應的原則
[00:21:03.000 --> 00:21:04.000]  是完全相反的
[00:21:04.000 --> 00:21:06.000]  我們覺得那些沒有用的地方
[00:21:06.000 --> 00:21:08.000]  為什麼要下雨呢?
[00:21:08.000 --> 00:21:10.000]  應該有用的地方才下雨
[00:21:10.000 --> 00:21:11.000]  是不是?
[00:21:11.000 --> 00:21:13.000]  這個就很有好報和惡報的
[00:21:13.000 --> 00:21:15.000]  簡單的規律
[00:21:15.000 --> 00:21:18.000]  只不過你把它應用在大自然的運作裡面
[00:21:18.000 --> 00:21:19.000]  上帝就說我造大地
[00:21:19.000 --> 00:21:20.000]  創天造地
[00:21:20.000 --> 00:21:22.000]  立根基的時候
[00:21:22.000 --> 00:21:24.000]  我有我的自由
[00:21:24.000 --> 00:21:26.000]  我有我的智慧
[00:21:26.000 --> 00:21:29.000]  是你未必可以計算得到的
[00:21:29.000 --> 00:21:32.000]  但是我就是這樣做事的
[00:21:32.000 --> 00:21:34.000]  所以有苦難臨到的時候
[00:21:34.000 --> 00:21:36.000]  你不能夠簡約的說一個報應
[00:21:36.000 --> 00:21:39.000]  因果的原則
[00:21:39.000 --> 00:21:41.000]  既然是這樣的時候
[00:21:41.000 --> 00:21:43.000]  很多時候在苦難臨到的時候
[00:21:43.000 --> 00:21:44.000]  臨到你也好
[00:21:44.000 --> 00:21:46.000]  臨到我們身邊的人也好
[00:21:46.000 --> 00:21:47.000]  我們有些說話
[00:21:47.000 --> 00:21:49.000]  我們就不應該說的
[00:21:49.000 --> 00:21:51.000]  對不對?
[00:21:51.000 --> 00:21:52.000]  你有苦難臨到
[00:21:52.000 --> 00:21:54.000]  當然你不信神了
[00:21:54.000 --> 00:21:56.000]  當然你信神不足
[00:21:56.000 --> 00:21:58.000]  你信心不夠
[00:21:58.000 --> 00:21:59.000]  如果你信心夠的話
[00:21:59.000 --> 00:22:00.000]  你就不會有病
[00:22:00.000 --> 00:22:01.000]  不會有痛
[00:22:01.000 --> 00:22:02.000]  不會有苦難
[00:22:02.000 --> 00:22:04.000]  你儘管宣告上帝
[00:22:04.000 --> 00:22:06.000]  然後去祈禱
[00:22:06.000 --> 00:22:07.000]  你夠信心的話
[00:22:07.000 --> 00:22:08.000]  你拍胸口的話
[00:22:08.000 --> 00:22:09.000]  上帝一定會祝福你
[00:22:09.000 --> 00:22:12.000]  一定會醫好你的
[00:22:12.000 --> 00:22:17.000]  這些在某一些極端的教會場合
[00:22:17.000 --> 00:22:18.000]  傳統
[00:22:18.000 --> 00:22:20.000]  你是會聽到的
[00:22:20.000 --> 00:22:22.000]  那些以前叫做Faith Movement
[00:22:22.000 --> 00:22:24.000]  或者叫成功神論
[00:22:24.000 --> 00:22:26.000]  只要我們夠信心
[00:22:26.000 --> 00:22:29.000]  上帝一定會幫助我的
[00:22:29.000 --> 00:22:31.000]  有時是可以的
[00:22:31.000 --> 00:22:35.000]  但是你不能夠將它簡約成為一定如此
[00:22:35.000 --> 00:22:37.000]  不是一條方程式
[00:22:37.000 --> 00:22:39.000]  因為百秘上帝問到最後的時候
[00:22:39.000 --> 00:22:41.000]  四十章第三節
[00:22:41.000 --> 00:22:43.000]  祂就說什麼呢?
[00:22:43.000 --> 00:22:45.000]  祂說我是微小的
[00:22:45.000 --> 00:22:46.000]  可以回答你什麼呢?
[00:22:46.000 --> 00:22:48.000]  就是你面對創造主
[00:22:48.000 --> 00:22:50.000]  上帝創造這個世界
[00:22:50.000 --> 00:22:51.000]  祂有祂的規律
[00:22:51.000 --> 00:22:53.000]  和祂有祂的自由
[00:22:53.000 --> 00:22:57.000]  有祂的智慧
[00:22:57.000 --> 00:23:00.000]  Divine Freedom
[00:23:00.000 --> 00:23:02.000]  上帝有祂的Freedom
[00:23:02.000 --> 00:23:04.000]  Divine Wisdom
[00:23:04.000 --> 00:23:06.000]  上帝有祂的智慧
[00:23:06.000 --> 00:23:11.000]  這是遠比我們那本很小的帳簿
[00:23:11.000 --> 00:23:13.000]  更加大
[00:23:13.000 --> 00:23:15.000]  我們不能夠計算
[00:23:15.000 --> 00:23:17.000]  所以整本書有趣的地方
[00:23:17.000 --> 00:23:19.000]  就不是去解釋苦難
[00:23:19.000 --> 00:23:21.000]  沒有怎樣解釋過的
[00:23:21.000 --> 00:23:23.000]  而是教我們在苦難裡面
[00:23:23.000 --> 00:23:25.000]  怎樣去思考我們的人生
[00:23:25.000 --> 00:23:29.000]  怎樣思考上帝運作這個世界的時候
[00:23:29.000 --> 00:23:31.000]  往往祂用祂的智慧
[00:23:31.000 --> 00:23:32.000]  用祂的自由
[00:23:32.000 --> 00:23:37.000]  去超越我們有限的理性
[00:23:37.000 --> 00:23:40.000]  不是每樣東西都解釋得到
[00:23:40.000 --> 00:23:44.000]  不是每樣東西都一定有答案
[00:23:44.000 --> 00:23:46.000]  但是縱使我們沒有答案
[00:23:46.000 --> 00:23:50.000]  我們可以和這位上帝
[00:23:50.000 --> 00:23:52.000]  怎樣建立關係呢?
[00:23:52.000 --> 00:23:55.000]  是不是可以信得過祂的Wisdom?
[00:23:55.000 --> 00:23:58.000]  縱使祂現在好像做的事情
[00:23:58.000 --> 00:24:00.000]  祂連結的事情
[00:24:00.000 --> 00:24:02.000]  我都看得通
[00:24:02.000 --> 00:24:05.000]  這就是我們和上帝之間的關係
[00:24:05.000 --> 00:24:07.000]  這就是約伯記想探討的
[00:24:07.000 --> 00:24:10.000]  你記得你以前讀書的時候
[00:24:10.000 --> 00:24:13.000]  小學或者中學都可能有
[00:24:13.000 --> 00:24:15.000]  有一些遊戲
[00:24:15.000 --> 00:24:17.000]  叫做Connecting Dots
[00:24:17.000 --> 00:24:19.000]  記得嗎?
[00:24:19.000 --> 00:24:20.000]  有號碼的
[00:24:20.000 --> 00:24:21.000]  第一去第二
[00:24:21.000 --> 00:24:23.000]  第三去第四
[00:24:23.000 --> 00:24:24.000]  然後你連連下的時候
[00:24:24.000 --> 00:24:27.000]  你就發現原來是一個這樣的圖畫
[00:24:27.000 --> 00:24:30.000]  原來是一個這樣的形狀
[00:24:30.000 --> 00:24:34.000]  你們大家都玩過吧?
[00:24:34.000 --> 00:24:36.000]  往往我們人生裡面
[00:24:36.000 --> 00:24:38.000]  特別當我們有苦難來到的時候
[00:24:38.000 --> 00:24:41.000]  我們都會嘗試去Connecting the Dots
[00:24:41.000 --> 00:24:43.000]  我們試一下去Connect它
[00:24:43.000 --> 00:24:45.000]  是不是?
[00:24:45.000 --> 00:24:48.000]  有車禍發生
[00:24:48.000 --> 00:24:50.000]  為什麼有車禍發生?
[00:24:50.000 --> 00:24:53.000]  當然是有人叫他的車駛到那裡
[00:24:53.000 --> 00:24:54.000]  是不是?
[00:24:54.000 --> 00:24:57.000]  誰問了這個問題?
[00:24:57.000 --> 00:24:59.000]  誰有這個要求?
[00:24:59.000 --> 00:25:01.000]  為什麼會有這個要求?
[00:25:01.000 --> 00:25:04.000]  叫別人的車駛到那裡
[00:25:04.000 --> 00:25:06.000]  當然是有個場合
[00:25:06.000 --> 00:25:08.000]  去到駛別人
[00:25:08.000 --> 00:25:10.000]  令到這樣
[00:25:10.000 --> 00:25:13.000]  可能有弟兄姊妹聚會
[00:25:13.000 --> 00:25:14.000]  弟兄姊妹聚會的時候
[00:25:14.000 --> 00:25:16.000]  才會有那個問題
[00:25:16.000 --> 00:25:17.000]  關Band
[00:25:17.000 --> 00:25:19.000]  我們要載誰回去等等
[00:25:19.000 --> 00:25:20.000]  是不是?
[00:25:20.000 --> 00:25:22.000]  為什麼會有這個場合?
[00:25:22.000 --> 00:25:24.000]  就是因為每個人都生氣
[00:25:24.000 --> 00:25:25.000]  是不是?
[00:25:25.000 --> 00:25:27.000]  每個人都肚子餓
[00:25:27.000 --> 00:25:29.000]  所以大家就相約
[00:25:29.000 --> 00:25:32.000]  誰先開始相約?
[00:25:32.000 --> 00:25:36.000]  誰是開始者?
[00:25:36.000 --> 00:25:38.000]  當然是有個人吹噓的
[00:25:38.000 --> 00:25:42.000]  吹噓的那個人就相約了大家
[00:25:42.000 --> 00:25:45.000]  為什麼那個人吹噓?
[00:25:45.000 --> 00:25:48.000]  就是因為他想吃東西
[00:25:48.000 --> 00:25:49.000]  他想吃東西
[00:25:49.000 --> 00:25:51.000]  想吹噓大家之間很厲害
[00:25:51.000 --> 00:25:54.000]  那為什麼他這麼想吃東西?
[00:25:54.000 --> 00:25:57.000]  可能就是他家裡不夠吃
[00:25:57.000 --> 00:26:00.000]  可能他家境比較清貧
[00:26:00.000 --> 00:26:03.000]  所以他很想大家一起吃東西
[00:26:03.000 --> 00:26:06.000]  那為什麼他家境清貧?
[00:26:06.000 --> 00:26:10.000]  就是因為他上一代家境可能清貧
[00:26:10.000 --> 00:26:13.000]  你就要這樣connect connect connect connect
[00:26:13.000 --> 00:26:14.000]  你記得在福音書裡面
[00:26:14.000 --> 00:26:16.000]  曾經有一個這樣的故事
[00:26:16.000 --> 00:26:19.000]  有一個生下來黑眼瞎了的人
[00:26:19.000 --> 00:26:20.000]  然後就被人抓去耶穌面前
[00:26:20.000 --> 00:26:22.000]  法治錯人就問耶穌
[00:26:22.000 --> 00:26:24.000]  這個人他瞎了眼
[00:26:24.000 --> 00:26:26.000]  一生下來就瞎了眼
[00:26:26.000 --> 00:26:30.000]  到底是他自己的錯還是他父母的錯?
[00:26:30.000 --> 00:26:32.000]  那可不可以是他的錯?
[00:26:32.000 --> 00:26:33.000]  不可能是他的錯
[00:26:33.000 --> 00:26:36.000]  因為他一生出來就是瞎了眼
[00:26:36.000 --> 00:26:37.000]  是不是?
[00:26:37.000 --> 00:26:39.000]  如果不是他的錯令他瞎了眼的話
[00:26:39.000 --> 00:26:42.000]  誰令他瞎了眼?
[00:26:42.000 --> 00:26:44.000]  肯定是他的爸媽
[00:26:44.000 --> 00:26:47.000]  因為他的爸媽雞這麼大的眼睛
[00:26:47.000 --> 00:26:49.000]  看著他生出來的時候是瞎了眼的
[00:26:49.000 --> 00:26:51.000]  肯定是他的爸媽的錯
[00:26:51.000 --> 00:26:52.000]  我們那些神學的機器
[00:26:52.000 --> 00:26:54.000]  我們就自然去搞動了
[00:26:54.000 --> 00:26:55.000]  我們就去追究
[00:26:55.000 --> 00:26:57.000]  或者connecting the dots
[00:26:57.000 --> 00:26:58.000]  We try to connect the dots
[00:26:58.000 --> 00:26:59.000]  我想告訴你
[00:26:59.000 --> 00:27:02.000]  這個都是很自然要做的事情
[00:27:02.000 --> 00:27:04.000]  就是我去到現場
[00:27:04.000 --> 00:27:06.000]  或者有什麼事情發生在我身上的時候
[00:27:06.000 --> 00:27:08.000]  我都很自然很天然地
[00:27:08.000 --> 00:27:09.000]  我們就會想
[00:27:09.000 --> 00:27:11.000]  怎樣去connect the dots
[00:27:11.000 --> 00:27:12.000]  但是在人生裡面
[00:27:12.000 --> 00:27:13.000]  在宇宙裡面
[00:27:13.000 --> 00:27:18.000]  往往就是我們嘗試去connecting the dots的時候
[00:27:18.000 --> 00:27:22.000]  是connect不到的
[00:27:22.000 --> 00:27:25.000]  原來上帝在connecting the dots
[00:27:25.000 --> 00:27:27.000]  而最終那個圖畫是什麼呢?
[00:27:27.000 --> 00:27:29.000]  那個圖案是什麼呢?
[00:27:29.000 --> 00:27:30.000]  你和我都不知道
[00:27:30.000 --> 00:27:32.000]  或者未知
[00:27:32.000 --> 00:27:36.000]  往往很多時候畫出來的最後
[00:27:36.000 --> 00:27:38.000]  是意想不到的
[00:27:38.000 --> 00:27:40.000]  是超出我們的理性的
[00:27:40.000 --> 00:27:42.000]  對不對?
[00:27:42.000 --> 00:27:44.000]  因為這個是在說上帝的自由
[00:27:44.000 --> 00:27:46.000]  和智慧
[00:27:46.000 --> 00:27:48.000]  在整個約伯記裡面
[00:27:48.000 --> 00:27:52.000]  我們可以引申出三方面的東西
[00:27:52.000 --> 00:27:53.000]  第一
[00:27:53.000 --> 00:27:59.000]  就是宇宙不是按照人的報應公式去運行的
[00:27:59.000 --> 00:28:04.000]  是按照上帝不可測的智慧和自由
[00:28:04.000 --> 00:28:07.000]  往往你心靈裡面發生的事情
[00:28:07.000 --> 00:28:11.000]  不一定是按照你的報應因果
[00:28:11.000 --> 00:28:13.000]  這樣connect的
[00:28:13.000 --> 00:28:15.000]  第二
[00:28:15.000 --> 00:28:20.000]  罪不一定是苦難的原因
[00:28:20.000 --> 00:28:21.000]  不一定的
[00:28:21.000 --> 00:28:23.000]  當然我們每個人都有罪
[00:28:23.000 --> 00:28:26.000]  我們每個人都是在罪的世界裡面
[00:28:26.000 --> 00:28:27.000]  破碎的世界裡面
[00:28:27.000 --> 00:28:29.000]  我們每個人都不完美的
[00:28:29.000 --> 00:28:33.000]  約伯受苦並非因為他犯罪
[00:28:33.000 --> 00:28:36.000]  但是他的腳受苦
[00:28:36.000 --> 00:28:37.000]  Why?
[00:28:37.000 --> 00:28:39.000]  We don't know
[00:28:39.000 --> 00:28:42.000]  我們現在不能夠connect the dots
[00:28:42.000 --> 00:28:44.000]  但整本約伯記告訴我們
[00:28:44.000 --> 00:28:46.000]  所有的好處
[00:28:46.000 --> 00:28:48.000]  都是出乎上帝
[00:28:48.000 --> 00:28:51.000]  並且出乎上帝的恩典
[00:28:51.000 --> 00:28:53.000]  不是因為你好
[00:28:53.000 --> 00:28:55.000]  所以就獎你
[00:28:55.000 --> 00:28:56.000]  有時可能是
[00:28:56.000 --> 00:28:59.000]  但最終不是一個交易
[00:28:59.000 --> 00:29:01.000]  是出自上帝完全的恩典
[00:29:01.000 --> 00:29:03.000]  是Sheer Grace
[00:29:03.000 --> 00:29:05.000]  Sheer Grace
[00:29:05.000 --> 00:29:09.000]  在約伯記最後的結束的時候
[00:29:09.000 --> 00:29:11.000]  這個令到我們有點拗頭
[00:29:11.000 --> 00:29:14.000]  因為最後苦難結束了
[00:29:14.000 --> 00:29:16.000]  沒有所有的東西
[00:29:16.000 --> 00:29:20.000]  42章第十至十幾節
[00:29:20.000 --> 00:29:22.000]  約伯為他的朋友祈禱
[00:29:22.000 --> 00:29:27.000]  然後耶和華就將他的苦境轉回
[00:29:27.000 --> 00:29:29.000]  並且耶和華賜福給約伯
[00:29:29.000 --> 00:29:33.000]  給約伯先前所有的加倍
[00:29:33.000 --> 00:29:35.000]  這樣
[00:29:35.000 --> 00:29:38.000]  耶和華後來賜福給約伯的比先前更多
[00:29:38.000 --> 00:29:40.000]  之後約伯又活了多少年
[00:29:40.000 --> 00:29:42.000]  得見四代的兒孫
[00:29:42.000 --> 00:29:43.000]  很大的祝福行禮
[00:29:43.000 --> 00:29:44.000]  然後年紀老邁
[00:29:44.000 --> 00:29:46.000]  日子滿座才死
[00:29:46.000 --> 00:29:47.000]  我們就會覺得
[00:29:47.000 --> 00:29:49.000]  什麼事
[00:29:49.000 --> 00:29:51.000]  拿走了他的東西
[00:29:51.000 --> 00:29:53.000]  然後他好像也是敬畏神
[00:29:53.000 --> 00:29:56.000]  不如獎他一些東西
[00:29:56.000 --> 00:29:59.000]  你說這不就是報應的原則
[00:29:59.000 --> 00:30:02.000]  拍一本書就自打嘴巴
[00:30:02.000 --> 00:30:03.000]  其實不是的
[00:30:03.000 --> 00:30:04.000]  你看清楚
[00:30:04.000 --> 00:30:06.000]  由第一章至四十二章
[00:30:06.000 --> 00:30:10.000]  就是想拆毀下面這個報應的原則
[00:30:10.000 --> 00:30:12.000]  不是好友好報
[00:30:12.000 --> 00:30:14.000]  最終不是惡友惡報
[00:30:14.000 --> 00:30:16.000]  因為在這個現世上
[00:30:16.000 --> 00:30:20.000]  約伯最後得到上帝的祝福
[00:30:20.000 --> 00:30:22.000]  並非因為他做好事
[00:30:22.000 --> 00:30:27.000]  是完全上帝的恩典
[00:30:27.000 --> 00:30:29.000]  It's the sheer grace
[00:30:29.000 --> 00:30:32.000]  一切都是出於上帝
[00:30:32.000 --> 00:30:35.000]  所以請你不要搞錯
[00:30:35.000 --> 00:30:37.000]  整本書拆毀這個好友好報
[00:30:37.000 --> 00:30:39.000]  惡友惡報的錯誤觀念
[00:30:39.000 --> 00:30:40.000]  拆毀了之後
[00:30:40.000 --> 00:30:42.000]  上帝就按照他的自由
[00:30:42.000 --> 00:30:43.000]  和他的自主
[00:30:43.000 --> 00:30:45.000]  去賜福給約伯
[00:30:45.000 --> 00:30:47.000]  約伯最後得到的
[00:30:47.000 --> 00:30:50.000]  不是補償
[00:30:50.000 --> 00:30:53.000]  他得到的是上帝出於他的恩典
[00:30:53.000 --> 00:30:55.000]  賜福給他
[00:30:55.000 --> 00:30:58.000]  所以就算我們無災無難
[00:30:58.000 --> 00:30:59.000]  我們人生
[00:30:59.000 --> 00:31:02.000]  我們都要明白這個道理
[00:31:02.000 --> 00:31:05.000]  一切的東西
[00:31:05.000 --> 00:31:08.000]  是sheer grace
[00:31:08.000 --> 00:31:10.000]  完全的恩典
[00:31:10.000 --> 00:31:12.000]  你今天有的財產
[00:31:12.000 --> 00:31:15.000]  今天有的生命的氣息
[00:31:15.000 --> 00:31:17.000]  所有都是上帝
[00:31:17.000 --> 00:31:21.000]  百百次給我們的恩典
[00:31:21.000 --> 00:31:23.000]  既然是這樣的緣故
[00:31:23.000 --> 00:31:26.000]  我們就要問挑戰者問的問題
[00:31:26.000 --> 00:31:28.000]  第一章你記得他問什麼問題嗎
[00:31:28.000 --> 00:31:32.000]  他說哪人約伯敬畏上帝
[00:31:32.000 --> 00:31:35.000]  難道是無緣無故的嗎
[00:31:35.000 --> 00:31:37.000]  真正的信仰
[00:31:37.000 --> 00:31:39.000]  不是和上帝有一個交易
[00:31:39.000 --> 00:31:42.000]  我們憑什麼和上帝可以交易
[00:31:42.000 --> 00:31:44.000]  上帝做你的
[00:31:44.000 --> 00:31:46.000]  上帝給你氣息
[00:31:46.000 --> 00:31:48.000]  上帝給你生命
[00:31:48.000 --> 00:31:50.000]  上帝創造這個宇宙
[00:31:50.000 --> 00:31:53.000]  你憑什麼和他有一個transaction
[00:31:53.000 --> 00:31:54.000]  和他有一個交易
[00:31:54.000 --> 00:31:56.000]  我們都不配
[00:31:56.000 --> 00:32:00.000]  但是上帝給我們生命的時候
[00:32:00.000 --> 00:32:01.000]  我們就問到底
[00:32:01.000 --> 00:32:04.000]  我們是不是為了好處才敬畏他
[00:32:04.000 --> 00:32:06.000]  是不是因為他祝福我
[00:32:06.000 --> 00:32:07.000]  所以我才侍奉
[00:32:07.000 --> 00:32:09.000]  是不是因為他給我好處
[00:32:09.000 --> 00:32:11.000]  所以我才敬拜他
[00:32:11.000 --> 00:32:13.000]  這個才是真正的
[00:32:13.000 --> 00:32:16.000]  信仰要質問的問題
[00:32:16.000 --> 00:32:18.000]  是不是因為我順境上帝祝福我
[00:32:18.000 --> 00:32:19.000]  所以我敬拜他
[00:32:19.000 --> 00:32:20.000]  好啊好啊好啊
[00:32:20.000 --> 00:32:23.000]  他令我橫財就手
[00:32:23.000 --> 00:32:25.000]  這個上帝值得我敬拜他
[00:32:25.000 --> 00:32:26.000]  No
[00:32:26.000 --> 00:32:28.000]  這個只不過是菩薩
[00:32:28.000 --> 00:32:29.000]  真正的上帝
[00:32:29.000 --> 00:32:32.000]  就是祂有祂的主權和祂的智慧
[00:32:32.000 --> 00:32:33.000]  有祂的自主性
[00:32:33.000 --> 00:32:34.000]  有祂的自由
[00:32:34.000 --> 00:32:35.000]  祂運作這個世界
[00:32:35.000 --> 00:32:36.000]  創立這個世界
[00:32:36.000 --> 00:32:39.000]  在人生裡面運作的模式
[00:32:39.000 --> 00:32:41.000]  都是一樣按照祂的主權
[00:32:41.000 --> 00:32:43.000]  既然這樣的緣故
[00:32:43.000 --> 00:32:45.000]  你去敬拜上帝的時候
[00:32:45.000 --> 00:32:48.000]  是不是純粹討價還價
[00:32:48.000 --> 00:32:51.000]  如果上帝真是上帝的話
[00:32:51.000 --> 00:32:55.000]  祂就應當有個絕對的主權
[00:32:55.000 --> 00:33:00.000]  在人生裡面經歷有順有逆
[00:33:00.000 --> 00:33:01.000]  順境的時候
[00:33:01.000 --> 00:33:03.000]  敬拜上帝
[00:33:03.000 --> 00:33:04.000]  在心底裡面
[00:33:04.000 --> 00:33:05.000]  骨子裡面
[00:33:05.000 --> 00:33:06.000]  是不是覺得
[00:33:06.000 --> 00:33:07.000]  上帝祢既然對我好
[00:33:07.000 --> 00:33:10.000]  我就對祢好
[00:33:10.000 --> 00:33:12.000]  在我們有難處的時候
[00:33:12.000 --> 00:33:13.000]  我們會說
[00:33:13.000 --> 00:33:16.000]  上帝祢好像欠我的東西
[00:33:16.000 --> 00:33:17.000]  祢還給我
[00:33:17.000 --> 00:33:20.000]  我才敬拜祢
[00:33:20.000 --> 00:33:21.000]  我敬畏上帝
[00:33:21.000 --> 00:33:27.000]  難道是無緣無故地嗎
[00:33:27.000 --> 00:33:29.000]  去帶著這個挑戰
[00:33:29.000 --> 00:33:32.000]  回到我們這個禮拜的生活裡面
[00:33:32.000 --> 00:33:34.000]  神若果是神的話
[00:33:34.000 --> 00:33:36.000]  怎樣都好
[00:33:36.000 --> 00:33:39.000]  上帝都是值得我敬拜的
[00:33:39.000 --> 00:33:42.000]  即使我沒有利益
[00:33:42.000 --> 00:33:45.000]  即使我沒有答案
[00:33:45.000 --> 00:33:47.000]  我是否仍然去跟隨
[00:33:47.000 --> 00:33:49.000]  我的主耶穌基督
[00:33:49.000 --> 00:33:52.000]  我的藤心大道基督
[00:33:52.000 --> 00:33:53.000]  跟著我們多謝祢
[00:33:53.000 --> 00:33:57.000]  因為祢是我們唯一的主
[00:33:57.000 --> 00:33:58.000]  在我們生命裡面
[00:33:58.000 --> 00:33:59.000]  我們有很多破碎
[00:33:59.000 --> 00:34:01.000]  有很多不思議的地方
[00:34:01.000 --> 00:34:02.000]  在我們生命當中
[00:34:02.000 --> 00:34:05.000]  有很多不能夠解釋的事
[00:34:05.000 --> 00:34:08.000]  神可以幫助我們
[00:34:08.000 --> 00:34:10.000]  當我們敬畏祢的時候
[00:34:10.000 --> 00:34:11.000]  我們想清楚
[00:34:11.000 --> 00:34:13.000]  祢是我們的主
[00:34:13.000 --> 00:34:15.000]  我們稱祢為我們的主
[00:34:15.000 --> 00:34:18.000]  我們是否出於利益
[00:34:18.000 --> 00:34:21.000]  是否因為順境逆境
[00:34:21.000 --> 00:34:24.000]  有好的事我們才去敬拜祢
[00:34:24.000 --> 00:34:27.000]  還是我們真心真意去侍奉祢
[00:34:27.000 --> 00:34:28.000]  去敬拜祢
[00:34:28.000 --> 00:34:30.000]  去讚美祢
[00:34:30.000 --> 00:34:32.000]  我們求祢讓祢自己的子民
[00:34:32.000 --> 00:34:35.000]  能夠真正認識祢
[00:34:35.000 --> 00:34:38.000]  真正認識祢是上帝
[00:34:38.000 --> 00:34:40.000]  讓我們明白祢是那位
[00:34:40.000 --> 00:34:41.000]  藏天藏地
[00:34:41.000 --> 00:34:43.000]  滿有主權的神
[00:34:43.000 --> 00:34:44.000]  只因為這樣的緣故
[00:34:44.000 --> 00:34:46.000]  我們值得去敬拜祢
[00:34:46.000 --> 00:34:49.000]  值得去跟隨你,值得去相信你
[00:34:49.000 --> 00:34:51.000]  祈禱奉尊密告
