
[00:00:00.000 --> 00:00:02.000]  各位靈性朋友,午安!
[00:00:02.000 --> 00:00:04.160]  歡迎大家來到十誡基督教會
[00:00:04.160 --> 00:00:06.880]  很感恩我們繼續看《肥納比書》
[00:00:06.880 --> 00:00:08.560]  之前我們用了十四篇
[00:00:08.560 --> 00:00:10.880]  看完整本《肥納比書》
[00:00:10.880 --> 00:00:12.520]  然後在上年年底
[00:00:12.520 --> 00:00:14.320]  我們開始回顧
[00:00:14.320 --> 00:00:17.000]  我們的大題目是「肥書回顧」
[00:00:17.000 --> 00:00:19.840]  因為一方面我們在回顧《肥納比書》
[00:00:19.840 --> 00:00:20.920]  另外一方面
[00:00:20.920 --> 00:00:22.960]  我也希望透過《肥書回顧》
[00:00:22.960 --> 00:00:25.200]  讓我們每一個都成為一隻肥豬
[00:00:25.200 --> 00:00:26.720]  意思是FAT
[00:00:26.720 --> 00:00:27.680]  我們Faithful
[00:00:27.680 --> 00:00:29.000]  忠誠偉身
[00:00:29.000 --> 00:00:30.000]  我們Available
[00:00:30.000 --> 00:00:31.000]  隨時效命
[00:00:31.000 --> 00:00:32.200]  我們Teachable
[00:00:32.200 --> 00:00:33.320]  樂於受教
[00:00:33.320 --> 00:00:37.680]  我們有一個《肥納比書》的超濃縮版
[00:00:37.680 --> 00:00:40.440]  本來我想每次都跟大家重溫一次
[00:00:40.440 --> 00:00:42.960]  但由於今天的講章篇幅比較長
[00:00:42.960 --> 00:00:44.480]  所以今天我們先跳過
[00:00:44.480 --> 00:00:45.840]  節省一些時間
[00:00:45.840 --> 00:00:48.760]  但希望大家記得《肥納比書》的核心
[00:00:48.760 --> 00:00:50.840]  是這部分的基督之歌
[00:00:50.840 --> 00:00:53.040]  而我們做這個回顧系列
[00:00:53.040 --> 00:00:54.920]  是由外至內的
[00:00:55.280 --> 00:00:59.440]  今天我們已經來到D' D' II的部分
[00:00:59.440 --> 00:01:02.960]  這三個部分我們總共用了三篇道來思想
[00:01:02.960 --> 00:01:05.360]  如果大家記得第一篇是前詞的
[00:01:05.360 --> 00:01:06.480]  叫做「天文」
[00:01:06.480 --> 00:01:09.520]  第二篇是上次大概五月份的時間
[00:01:09.520 --> 00:01:10.480]  叫做「相稱」
[00:01:10.480 --> 00:01:12.000]  今天是第三篇
[00:01:12.000 --> 00:01:12.840]  「增薦」
[00:01:12.840 --> 00:01:16.240]  這三個部分最重要的是第一句
[00:01:16.240 --> 00:01:18.040]  「天文相稱福音」
[00:01:18.040 --> 00:01:22.000]  相稱在原文是同等重量
[00:01:22.000 --> 00:01:23.680]  同樣價值的意思
[00:01:24.000 --> 00:01:27.680]  保羅說我們的生命要跟福音有同樣的重量
[00:01:27.680 --> 00:01:30.200]  所以上一篇道我們一起去思考
[00:01:30.200 --> 00:01:31.880]  福音究竟是什麼
[00:01:31.880 --> 00:01:33.880]  福音究竟有多重
[00:01:33.880 --> 00:01:37.640]  我們強調福音不是輕飄飄的好消息
[00:01:37.640 --> 00:01:39.520]  是關乎耶穌基督
[00:01:39.520 --> 00:01:43.720]  這位天國君王的誕生、登基和海船
[00:01:43.720 --> 00:01:45.960]  耶穌基督的誕生
[00:01:45.960 --> 00:01:49.400]  是因為牛和羊的血不能夠除罪
[00:01:49.400 --> 00:01:51.800]  所以基督要降世為人
[00:01:52.320 --> 00:01:54.800]  天父上帝特意為他預備了身體
[00:01:54.800 --> 00:01:57.000]  是為要照著上帝的旨意
[00:01:57.000 --> 00:01:58.480]  一次去獻賞
[00:01:58.480 --> 00:02:00.760]  來除去迴轉罪人的罪
[00:02:00.760 --> 00:02:03.120]  耶穌基督的登基
[00:02:03.120 --> 00:02:05.120]  他的登基不是在皇宮
[00:02:05.120 --> 00:02:06.440]  而是在十字架上
[00:02:06.440 --> 00:02:09.360]  他登基的時間沒有華美的皇袍
[00:02:09.360 --> 00:02:10.840]  他是赤身露體
[00:02:10.840 --> 00:02:12.800]  他承受羞辱
[00:02:12.800 --> 00:02:15.040]  承受被父上帝離棄
[00:02:15.040 --> 00:02:16.680]  在十字架上作王
[00:02:16.680 --> 00:02:18.000]  買贖他的子民
[00:02:18.000 --> 00:02:20.200]  最後耶穌基督的海船
[00:02:20.200 --> 00:02:22.440]  他復活勝過死亡
[00:02:22.440 --> 00:02:24.560]  他升天赐下聖靈
[00:02:24.560 --> 00:02:26.080]  他還要再回來
[00:02:26.080 --> 00:02:28.200]  率領我們進入最終的勝利
[00:02:28.200 --> 00:02:32.120]  我們上次說的福音
[00:02:32.120 --> 00:02:34.320]  重得像喜瑪拉雅山一樣
[00:02:34.320 --> 00:02:35.360]  如果我們靠自己
[00:02:35.360 --> 00:02:37.440]  根本沒有辦法去平衡天平
[00:02:37.440 --> 00:02:40.680]  與基督福音相似的圖畫好像這樣
[00:02:40.680 --> 00:02:41.920]  天平的一邊
[00:02:41.920 --> 00:02:44.320]  重得像喜瑪拉雅山一樣的福音
[00:02:44.320 --> 00:02:45.520]  但是另一邊
[00:02:45.520 --> 00:02:48.520]  是一群被聖靈重生的天國公民
[00:02:48.520 --> 00:02:51.080]  他們穿上了全副的軍裝
[00:02:51.080 --> 00:02:53.160]  為了要進行征戰
[00:02:53.160 --> 00:02:55.520]  他們不僅是天國的公民
[00:02:55.520 --> 00:02:58.360]  而且是為天國而征戰的精兵
[00:02:58.360 --> 00:03:00.120]  作得精兵
[00:03:00.120 --> 00:03:02.840]  他們全人奉上是最基本的
[00:03:02.840 --> 00:03:06.040]  正如保羅在提摩太后書所說的
[00:03:06.040 --> 00:03:07.360]  凡當兵的
[00:03:07.360 --> 00:03:09.200]  不讓誓無前身
[00:03:09.200 --> 00:03:11.680]  好使那招他當兵的人豈願
[00:03:11.680 --> 00:03:15.200]  全人奉上是精兵最根本的特質
[00:03:15.200 --> 00:03:17.320]  而保羅告訴我們
[00:03:17.320 --> 00:03:19.640]  這些精兵會戰經作
[00:03:19.640 --> 00:03:21.920]  不怨言和顯主道
[00:03:21.920 --> 00:03:24.000]  戰經作
[00:03:24.000 --> 00:03:27.200]  是說我們要恐懼戰經完成自己得救的事
[00:03:27.200 --> 00:03:28.760]  我們恐懼戰經
[00:03:28.760 --> 00:03:31.840]  是因為聖靈在我們裏面立志和實行
[00:03:31.840 --> 00:03:33.280]  我們心感不配
[00:03:33.280 --> 00:03:35.240]  因此更加要全力以赴
[00:03:35.240 --> 00:03:37.120]  不怨言
[00:03:37.120 --> 00:03:40.320]  是指我們不可以像在曠野的以色列人那樣
[00:03:40.320 --> 00:03:41.520]  貪戀世界
[00:03:41.520 --> 00:03:42.720]  自以為意
[00:03:42.720 --> 00:03:44.000]  輕看救贖
[00:03:44.000 --> 00:03:45.880]  上帝必定會審判
[00:03:45.880 --> 00:03:48.000]  但是上帝也預備了銅蛇
[00:03:48.000 --> 00:03:49.560]  就是指向十字架
[00:03:49.560 --> 00:03:52.000]  為著悔改迴轉去開路
[00:03:52.000 --> 00:03:54.960]  最後顯主道的「顯」字
[00:03:54.960 --> 00:03:56.200]  是兩個意思
[00:03:56.200 --> 00:03:58.280]  堅守hold fast
[00:03:58.280 --> 00:04:00.000]  高舉hold forth
[00:04:00.000 --> 00:04:01.680]  要堅守
[00:04:01.680 --> 00:04:03.560]  要高舉生命的道
[00:04:03.560 --> 00:04:05.160]  當我們這樣做的時候
[00:04:05.160 --> 00:04:08.640]  我們會反射耶穌基督這個真光的光輝
[00:04:08.640 --> 00:04:10.920]  我們會在這個彎曲半謀的世代
[00:04:10.920 --> 00:04:12.880]  好像明光一樣照耀
[00:04:12.880 --> 00:04:15.200]  而明光照耀的後果
[00:04:15.200 --> 00:04:18.480]  不是我們會被這個世界歡迎和欣賞
[00:04:18.480 --> 00:04:20.400]  我們會像耶穌基督一樣
[00:04:20.400 --> 00:04:21.560]  被恨惡
[00:04:21.560 --> 00:04:22.760]  被拒絕
[00:04:22.760 --> 00:04:24.800]  這就是我們今天講到
[00:04:24.800 --> 00:04:26.800]  「征戰」的重要背景
[00:04:26.800 --> 00:04:29.000]  讓我們進入今天所看的經文
[00:04:29.000 --> 00:04:33.000]  菲勒比書一章二十七節
[00:04:33.000 --> 00:04:35.440]  「最重要的是你們行事為人
[00:04:35.440 --> 00:04:37.400]  要與基督的福音相承
[00:04:37.400 --> 00:04:39.480]  你們同有一個心志
[00:04:39.480 --> 00:04:40.720]  站立得穩
[00:04:40.720 --> 00:04:42.960]  為福音的信仰齊心努力
[00:04:42.960 --> 00:04:44.880]  絲毫不怕敵人的威脅
[00:04:44.880 --> 00:04:47.120]  以致證明他們會沉淪
[00:04:47.120 --> 00:04:48.360]  你們得救
[00:04:48.360 --> 00:04:51.480]  因為你們為了基督的緣故蒙恩
[00:04:51.480 --> 00:04:53.520]  不但得以信服基督
[00:04:53.520 --> 00:04:55.520]  而且要為他受苦
[00:04:55.520 --> 00:04:59.920]  你們的征戰與我身上見過、聽到的是一樣的」
[00:04:59.920 --> 00:05:01.920]  其實二十七至三十節
[00:05:01.920 --> 00:05:03.480]  你見到好像是一段經文
[00:05:03.480 --> 00:05:05.680]  其實原文是一句經文
[00:05:05.680 --> 00:05:08.760]  原文其實是一個六十八個字組成的
[00:05:08.760 --> 00:05:10.960]  一氣呵成一句的句子
[00:05:10.960 --> 00:05:15.000]  所以讓我們重組保羅這一句整句的思想
[00:05:15.000 --> 00:05:16.080]  它的脈絡是怎樣
[00:05:16.080 --> 00:05:19.480]  你見到這樣列出來之後
[00:05:19.480 --> 00:05:21.480]  全句最重要的動詞
[00:05:21.480 --> 00:05:23.480]  是「作公民Politurme」
[00:05:23.480 --> 00:05:25.560]  意思是你們行事為人
[00:05:25.560 --> 00:05:27.560]  要符合你們天國公民的身份
[00:05:27.560 --> 00:05:29.560]  保羅這樣寫
[00:05:29.560 --> 00:05:33.240]  是期望當他再聽到菲勒比信徒消息的時候
[00:05:33.240 --> 00:05:35.040]  聽到的會是第三個
[00:05:35.040 --> 00:05:37.240]  「你們是同一心志站立得穩」
[00:05:37.240 --> 00:05:41.240]  「心志」這個字其實原文是「靈」的意思
[00:05:41.240 --> 00:05:45.880]  聖經學者和翻譯者對於這個「靈」是指什麼呢?
[00:05:45.880 --> 00:05:47.080]  是有不同的看法
[00:05:47.080 --> 00:05:50.440]  好像《和修本》它也做「同有一個心志」
[00:05:50.440 --> 00:05:53.520]  所以他們是認為這個「靈」是指人的靈
[00:05:53.520 --> 00:05:54.520]  人的靈魂
[00:05:54.520 --> 00:05:57.720]  持這個看法的學者主要原因
[00:05:57.720 --> 00:06:00.840]  因為原文裡面其實是有一個平衡句子的
[00:06:00.840 --> 00:06:02.120]  中文我們看不到
[00:06:02.120 --> 00:06:05.920]  中文就是說「同有一個心志站立得穩,為福音信仰齊心努力」
[00:06:05.920 --> 00:06:07.760]  只有一句「心志」而已
[00:06:07.760 --> 00:06:09.520]  但是如果你看英文就看到了
[00:06:09.520 --> 00:06:15.400]  「I may hear of you that you are standing firm in one spirit, with one mind,
[00:06:15.400 --> 00:06:17.640]  striving side by side for the faith of the gospel」
[00:06:17.640 --> 00:06:19.040]  有「in one spirit」
[00:06:19.040 --> 00:06:20.840]  再有一個「with one mind」
[00:06:20.840 --> 00:06:22.720]  所以那些學者就會看到
[00:06:22.720 --> 00:06:24.520]  「with one mind」這個「mind」字
[00:06:24.520 --> 00:06:27.040]  在原文裡面很明顯是指向人的意念
[00:06:27.040 --> 00:06:28.120]  所以他們覺得
[00:06:28.120 --> 00:06:29.480]  兩個平衡的話
[00:06:29.480 --> 00:06:31.880]  這個「spirit」也是指人的靈魂
[00:06:32.800 --> 00:06:36.160]  但是另外一些學者就認為這個「靈」是指聖靈
[00:06:36.160 --> 00:06:38.120]  就好像其實英文另外一個版本
[00:06:38.120 --> 00:06:39.280]  《NIV聖經》
[00:06:39.280 --> 00:06:42.800]  那個「in one spirit」是「the one spirit」
[00:06:42.800 --> 00:06:44.200]  那個「s」也是「大界」
[00:06:44.200 --> 00:06:45.320]  是指向聖靈的
[00:06:45.320 --> 00:06:49.200]  我個人就比較傾向是聖靈的解釋
[00:06:49.200 --> 00:06:52.040]  因為在《肥納比書》四章一節
[00:06:52.040 --> 00:06:54.240]  保羅再次提到站立得穩
[00:06:54.240 --> 00:06:55.320]  當時他說
[00:06:55.320 --> 00:06:57.720]  你們要靠主站立得穩
[00:06:57.720 --> 00:07:00.200]  而且另外保羅在另外一本書
[00:07:00.200 --> 00:07:01.560]  二弗所書四章
[00:07:01.560 --> 00:07:03.560]  他同樣去鼓勵信徒
[00:07:03.560 --> 00:07:04.480]  行事為人
[00:07:04.480 --> 00:07:07.760]  要與所蒙的呼召相稱
[00:07:07.760 --> 00:07:08.800]  他就提到
[00:07:08.800 --> 00:07:12.160]  你們要竭力保持聖靈所持的合一
[00:07:12.160 --> 00:07:13.520]  在四章三節那裡
[00:07:13.520 --> 00:07:16.920]  所以我相信其實保羅的意思是講聖靈的
[00:07:16.920 --> 00:07:21.680]  那麼當我們如果在聖靈裡面站穩的時候
[00:07:21.680 --> 00:07:23.040]  我們會有兩個表現
[00:07:23.040 --> 00:07:23.760]  第一
[00:07:23.760 --> 00:07:26.320]  我們會為福音齊心競鬥
[00:07:26.320 --> 00:07:27.440]  大家可能記得了
[00:07:27.440 --> 00:07:28.680]  Sunafilio
[00:07:28.680 --> 00:07:31.520]  是一群運動員參與對際比賽
[00:07:31.520 --> 00:07:33.720]  為勝利一同努力的意思
[00:07:33.720 --> 00:07:35.520]  這個我們叫做進攻
[00:07:35.520 --> 00:07:37.800]  另一方面我們的表現就是
[00:07:37.800 --> 00:07:39.680]  我們不怕敵人的威脅
[00:07:39.680 --> 00:07:43.600]  「怕」這個字原文是形容一隻受驚的動物
[00:07:43.600 --> 00:07:45.480]  因為驚慌失去了冷靜
[00:07:45.480 --> 00:07:46.680]  不能夠自控
[00:07:46.680 --> 00:07:48.160]  你可以想象一隻馬
[00:07:48.160 --> 00:07:49.240]  受驚的時候
[00:07:49.240 --> 00:07:50.080]  不斷嘶叫
[00:07:50.080 --> 00:07:51.200]  不斷跳來跳去
[00:07:51.200 --> 00:07:53.680]  所以保羅的意思是說
[00:07:53.680 --> 00:07:56.080]  無論敵人用什麼事情來威脅你
[00:07:56.080 --> 00:07:57.840]  我們都不要失去冷靜
[00:07:57.840 --> 00:07:59.200]  不要不能自控
[00:07:59.200 --> 00:08:01.280]  這個我們叫做堅守
[00:08:02.280 --> 00:08:03.400]  我們會問
[00:08:03.400 --> 00:08:06.040]  敵人究竟會如何威脅信徒呢?
[00:08:06.040 --> 00:08:09.280]  信徒在地上擁有的一切
[00:08:09.280 --> 00:08:10.440]  生命
[00:08:10.440 --> 00:08:11.160]  家人
[00:08:11.160 --> 00:08:11.960]  名譽
[00:08:11.960 --> 00:08:12.720]  工作
[00:08:12.720 --> 00:08:13.680]  財產
[00:08:13.680 --> 00:08:16.040]  其實敵人都會威脅去奪去
[00:08:16.040 --> 00:08:18.520]  因為當時的背景是這樣的
[00:08:18.520 --> 00:08:22.880]  菲勒比書其實是羅馬的殖民地
[00:08:22.880 --> 00:08:25.400]  也是他們主要的軍休所
[00:08:25.400 --> 00:08:28.680]  軍休所的意思就是退伍的軍官和士兵
[00:08:28.680 --> 00:08:31.120]  退休就會搬到菲勒比那裡居住
[00:08:31.560 --> 00:08:32.960]  所以那個城市的人
[00:08:32.960 --> 00:08:34.800]  充滿著愛國主義
[00:08:34.800 --> 00:08:37.280]  以及對羅馬帝國的堅定忠誠
[00:08:37.280 --> 00:08:40.680]  他們以捍衛羅馬帝國的榮譽為榮
[00:08:40.680 --> 00:08:43.120]  他們尊奉凱撒是他們的神
[00:08:43.120 --> 00:08:45.040]  他們整個的社會結構
[00:08:45.040 --> 00:08:47.240]  也跟對凱撒的效忠
[00:08:47.240 --> 00:08:48.440]  是密不可分的
[00:08:48.440 --> 00:08:51.040]  舉一個現代的例子
[00:08:51.040 --> 00:08:53.360]  你試想像有一個軍主制的國家
[00:08:53.360 --> 00:08:54.640]  裡面有一個城市
[00:08:54.640 --> 00:08:58.240]  這個城市住的全部都是退役的軍人或者警察
[00:08:58.240 --> 00:09:01.280]  他們對國家和國王絕對忠誠的
[00:09:01.640 --> 00:09:03.840]  城市裡面最大的建築物
[00:09:03.840 --> 00:09:05.400]  就是榮譽軍人堂
[00:09:05.400 --> 00:09:08.520]  每間學校每天都會有星期禮
[00:09:08.520 --> 00:09:11.520]  每個學生都要宣誓效忠國家和國王
[00:09:11.520 --> 00:09:15.720]  國旗和國王的畫像掛滿了每一個街角
[00:09:15.720 --> 00:09:17.760]  而這個城市的經濟
[00:09:17.760 --> 00:09:19.000]  它的社交生活
[00:09:19.000 --> 00:09:20.600]  和晉升機會
[00:09:20.600 --> 00:09:23.080]  都跟你對國家和國王的忠誠度
[00:09:23.080 --> 00:09:24.280]  緊緊掛鉤
[00:09:24.280 --> 00:09:27.480]  如果你在這個城市裡面公開說
[00:09:27.480 --> 00:09:30.120]  我的忠誠其實不屬於這個國家
[00:09:30.400 --> 00:09:33.280]  我效忠的是另一個國家的王的話
[00:09:33.280 --> 00:09:34.640]  你猜會發生什麼事情呢?
[00:09:34.640 --> 00:09:37.640]  你會立刻被視為叛徒
[00:09:37.640 --> 00:09:38.920]  你會被排斥
[00:09:38.920 --> 00:09:40.120]  被監視
[00:09:40.120 --> 00:09:41.280]  甚至被拘捕
[00:09:41.280 --> 00:09:44.440]  因此我們不難去明白
[00:09:44.440 --> 00:09:47.800]  當菲律賓的基督徒不僅閉上門
[00:09:47.800 --> 00:09:49.200]  自己圍爐取暖
[00:09:49.200 --> 00:09:52.160]  當他們必須向這個黑暗世界進貢
[00:09:52.160 --> 00:09:54.680]  為福音而算了費了的時間
[00:09:54.680 --> 00:09:56.680]  當他們出去忠心地宣稱
[00:09:56.680 --> 00:09:57.840]  耶穌是主
[00:09:57.840 --> 00:09:59.360]  凱撒不是主的時間
[00:09:59.840 --> 00:10:02.160]  他們和羅馬人對凱撒的忠誠
[00:10:02.160 --> 00:10:03.800]  就產生了直接的衝突
[00:10:03.800 --> 00:10:06.320]  耶穌是主這個宣稱
[00:10:06.320 --> 00:10:08.840]  不僅是宗教上的差異那麼簡單
[00:10:08.840 --> 00:10:12.240]  他們會被視為對凱撒的王權
[00:10:12.240 --> 00:10:14.240]  和對社會秩序的威脅
[00:10:14.240 --> 00:10:16.840]  所以不難去想像
[00:10:16.840 --> 00:10:21.360]  羅馬人他們會無所不用其極地去維護凱撒的王權
[00:10:21.360 --> 00:10:23.920]  包括恐嚇和迫害信徒
[00:10:23.920 --> 00:10:27.000]  但是保羅說
[00:10:27.000 --> 00:10:28.680]  這些恐嚇和迫害
[00:10:28.680 --> 00:10:29.960]  其實是一個證明
[00:10:29.960 --> 00:10:32.800]  英文KIV聖經叫做Evidence Token
[00:10:32.800 --> 00:10:34.680]  好像一個徽章一樣
[00:10:34.680 --> 00:10:36.600]  明顯可見的標記
[00:10:36.600 --> 00:10:37.880]  標記著什麼呢?
[00:10:37.880 --> 00:10:39.920]  標記著他們會滅亡
[00:10:39.920 --> 00:10:41.160]  你們會得救
[00:10:41.160 --> 00:10:45.680]  然後在29節保羅揭開一個驚天動地的奧秘
[00:10:45.680 --> 00:10:48.720]  他說你們為了基督的緣故蒙恩
[00:10:48.720 --> 00:10:49.880]  有兩個禮物
[00:10:49.880 --> 00:10:51.360]  不但得以信服基督
[00:10:51.360 --> 00:10:53.240]  而且要為他受苦
[00:10:53.240 --> 00:10:56.440]  蒙恩是八百次下的恩惠
[00:10:56.440 --> 00:11:00.360]  上帝因為基督的緣故八百次下兩個禮物給我們
[00:11:00.360 --> 00:11:02.720]  一個是我們可以信服基督
[00:11:02.720 --> 00:11:05.800]  另外一個是我們可以為基督去受苦
[00:11:05.800 --> 00:11:09.720]  這個奧秘徹底反轉我們對受苦的看法
[00:11:09.720 --> 00:11:12.240]  我們會以為受苦是不好的
[00:11:12.240 --> 00:11:15.560]  受苦和蒙恩是兩個截然不同
[00:11:15.560 --> 00:11:17.240]  而且是互不相容的事情
[00:11:17.240 --> 00:11:20.040]  但是保羅在這裡告訴迫害信徒
[00:11:20.040 --> 00:11:21.360]  也告訴我們
[00:11:21.360 --> 00:11:24.480]  我們之所以能夠不怕敵人的威脅
[00:11:24.480 --> 00:11:25.920]  除了因為他們沉淪
[00:11:25.920 --> 00:11:27.200]  我們得救之外
[00:11:27.200 --> 00:11:30.560]  更加是因為為基督受苦這件事本身
[00:11:30.560 --> 00:11:33.280]  其實是上帝為了基督的緣故
[00:11:33.280 --> 00:11:34.880]  送給我們的禮物
[00:11:34.880 --> 00:11:36.400]  是一個特權
[00:11:36.400 --> 00:11:37.760]  為什麼呢?
[00:11:37.760 --> 00:11:39.520]  因為為基督受苦
[00:11:39.520 --> 00:11:41.200]  證明我們是屬於天國
[00:11:41.200 --> 00:11:43.120]  因為為基督受苦
[00:11:43.120 --> 00:11:45.680]  讓我們實際參與了基督的受苦
[00:11:45.680 --> 00:11:47.800]  因為為基督受苦
[00:11:47.800 --> 00:11:51.400]  表示天父認為我們足以託付使命
[00:11:51.400 --> 00:11:53.800]  就好像耶穌所說的
[00:11:53.800 --> 00:11:56.120]  「為而受逼迫的人有福了
[00:11:56.120 --> 00:11:58.120]  因為天國是他們的」
[00:11:58.120 --> 00:11:59.600]  就像彼得所說的
[00:11:59.600 --> 00:12:02.840]  「你們若為基督的名受辱罵是有福的
[00:12:02.840 --> 00:12:04.280]  因為榮耀的靈
[00:12:04.280 --> 00:12:07.200]  就是上帝的靈在你們身上」
[00:12:07.200 --> 00:12:12.840]  雖然保羅說為基督受苦是上帝的禮物
[00:12:12.840 --> 00:12:17.000]  但他並不是指上帝故意製造的苦難要我們去受
[00:12:17.000 --> 00:12:19.640]  在上帝原先的創造當中
[00:12:19.640 --> 00:12:21.800]  沒有設計人類要承受苦難
[00:12:22.000 --> 00:12:25.520]  但當亞當和夏娃背叛了上帝
[00:12:25.520 --> 00:12:27.040]  罪進入了世界
[00:12:27.040 --> 00:12:29.040]  苦難就因此出現
[00:12:29.040 --> 00:12:31.480]  苦難可以大約分為三類
[00:12:31.480 --> 00:12:34.920]  第一類是普遍性的苦難
[00:12:34.920 --> 00:12:37.160]  是因為罪進入了世界而有的
[00:12:37.160 --> 00:12:39.640]  任何人都可以有機會經歷的
[00:12:39.640 --> 00:12:42.440]  例如天災、患重病等等
[00:12:42.440 --> 00:12:45.600]  第二類是管教性的苦難
[00:12:45.600 --> 00:12:48.440]  是上帝為了呼喚人離罪、回轉
[00:12:48.440 --> 00:12:49.640]  而讓人經歷的
[00:12:49.640 --> 00:12:51.840]  例如舊約以色列人的秘魯
[00:12:52.640 --> 00:12:54.880]  而這裡保羅所說的是第三類
[00:12:54.880 --> 00:12:56.560]  為基督受苦
[00:12:56.560 --> 00:12:58.040]  在受苦的當下
[00:12:58.040 --> 00:13:00.320]  受苦的人是清楚感受到
[00:13:00.320 --> 00:13:03.240]  自己是因為基督耶穌的名而承擔
[00:13:03.240 --> 00:13:06.400]  並且聖靈會賜予一種超自然的平安
[00:13:06.400 --> 00:13:10.320]  請注意這三者之間的分別
[00:13:10.320 --> 00:13:12.040]  普遍性的苦難
[00:13:12.040 --> 00:13:13.480]  人人都有機會遇到
[00:13:13.480 --> 00:13:15.640]  信主、不信主沒有分別
[00:13:15.640 --> 00:13:18.160]  是我們活在墮落世界之中
[00:13:18.160 --> 00:13:21.240]  所有人類共同面對的隨機事件
[00:13:21.880 --> 00:13:23.280]  管教性的苦難
[00:13:23.280 --> 00:13:25.120]  是上帝因為愛他的兒女
[00:13:25.120 --> 00:13:26.640]  在他們走偏的時間
[00:13:26.640 --> 00:13:28.760]  拉他們回來的父親的掌
[00:13:28.760 --> 00:13:32.440]  而為基督受苦在三者之中是最獨特的
[00:13:32.440 --> 00:13:34.720]  它不是因為你犯了罪
[00:13:34.720 --> 00:13:36.640]  也不是因為世界墮落
[00:13:36.640 --> 00:13:38.120]  你被隨機地波及
[00:13:38.120 --> 00:13:40.400]  而是因為你屬於基督
[00:13:40.400 --> 00:13:42.800]  以致世界認出你
[00:13:42.800 --> 00:13:44.160]  並且恨惡你
[00:13:44.160 --> 00:13:45.400]  使你受苦
[00:13:45.400 --> 00:13:48.880]  這份被世界恨惡而來的苦難
[00:13:48.880 --> 00:13:50.520]  不是你不幸運
[00:13:50.760 --> 00:13:52.480]  也不是隨機波及
[00:13:52.480 --> 00:13:55.880]  而是被上帝點名表揚的憑證
[00:13:55.880 --> 00:13:59.720]  所以保羅這裡先說蒙恩來形容這種受苦
[00:13:59.720 --> 00:14:01.760]  因為在上帝的眼中
[00:14:01.760 --> 00:14:03.600]  你能夠為基督受苦
[00:14:03.600 --> 00:14:05.040]  代表你的生命
[00:14:05.040 --> 00:14:07.960]  已經能夠跟基督的命運緊緊扣在一起
[00:14:07.960 --> 00:14:10.040]  而在真正信徒眼中
[00:14:10.040 --> 00:14:11.560]  這是榮譽的勳章
[00:14:11.560 --> 00:14:13.280]  就好像屍體犯
[00:14:13.280 --> 00:14:15.000]  他被石頭所打的時間
[00:14:15.000 --> 00:14:16.560]  他是看見天開了
[00:14:16.560 --> 00:14:18.640]  又好像保羅在軟禁當中
[00:14:18.640 --> 00:14:20.240]  我們記得在《肥納比書》他說
[00:14:20.240 --> 00:14:21.640]  活著就是基督
[00:14:21.640 --> 00:14:23.120]  死了就有益處
[00:14:23.120 --> 00:14:24.960]  甚至彼得這樣說
[00:14:24.960 --> 00:14:28.040]  你們蒙召就是為此
[00:14:28.040 --> 00:14:30.080]  for to this you were called
[00:14:30.080 --> 00:14:31.040]  this
[00:14:31.040 --> 00:14:32.240]  為此
[00:14:32.240 --> 00:14:33.760]  是說為基督受苦
[00:14:33.760 --> 00:14:36.080]  你們蒙召就是為了為基督受苦
[00:14:36.080 --> 00:14:38.240]  因為基督也為你們受過苦
[00:14:38.240 --> 00:14:39.800]  給你們留下榜樣
[00:14:39.800 --> 00:14:42.800]  為要使你們跟隨他的腳踪
[00:14:42.800 --> 00:14:47.280]  然後到了一章三十節
[00:14:47.280 --> 00:14:49.280]  這一句長句最後的時間
[00:14:49.280 --> 00:14:50.280]  保羅說
[00:14:50.280 --> 00:14:52.240]  肥納比信徒你們面對的爭戰
[00:14:52.240 --> 00:14:54.040]  跟他自己的爭戰是一樣的
[00:14:54.040 --> 00:14:57.000]  這是因為當他們無謂站穩
[00:14:57.000 --> 00:14:58.680]  同齡競鬥的時間
[00:14:58.680 --> 00:15:01.720]  他們要面對跟保羅相同類別的苦難
[00:15:01.720 --> 00:15:03.720]  就是一同的為基督受苦
[00:15:03.720 --> 00:15:07.080]  到了第二章
[00:15:07.080 --> 00:15:09.960]  所以在基督裡若有任何勸勉
[00:15:09.960 --> 00:15:11.360]  愛心的安慰
[00:15:11.360 --> 00:15:12.480]  聖靈的團契
[00:15:12.480 --> 00:15:13.600]  慈悲憐憫
[00:15:13.600 --> 00:15:15.200]  你們就要意志相同
[00:15:15.200 --> 00:15:16.120]  愛心相同
[00:15:16.120 --> 00:15:17.200]  有一致的心思
[00:15:17.200 --> 00:15:18.320]  一致的想法
[00:15:18.320 --> 00:15:20.240]  使我們喜樂得而滿足
[00:15:20.240 --> 00:15:22.600]  在這裡保羅說所以
[00:15:22.600 --> 00:15:24.160]  就是之前有因為
[00:15:24.160 --> 00:15:27.920]  就是因為肥納比信徒他們為基督受苦
[00:15:27.920 --> 00:15:30.360]  所以他們會得到基督的勸勉
[00:15:30.360 --> 00:15:31.120]  愛心安慰
[00:15:31.120 --> 00:15:31.840]  聖靈團契
[00:15:31.840 --> 00:15:32.960]  慈悲憐憫
[00:15:32.960 --> 00:15:36.240]  這個二章一字其實不是一個假設句
[00:15:36.240 --> 00:15:37.760]  中文我們看見好像弱
[00:15:37.760 --> 00:15:39.880]  還有任何的假設句
[00:15:39.880 --> 00:15:42.540]  其實原文可以翻譯為
[00:15:42.540 --> 00:15:45.240]  其實是"既然"和"某些"去翻譯
[00:15:45.240 --> 00:15:49.200]  就是說因為肥納比信徒為基督受苦
[00:15:49.200 --> 00:15:52.040]  所以他們會得到某些基督的勸勉
[00:15:52.040 --> 00:15:53.760]  某些基督的安慰等等
[00:15:53.760 --> 00:15:58.480]  我之前說的時候曾經用電子遊戲當中的 buff
[00:15:58.480 --> 00:16:00.160]  增益效果來做比喻
[00:16:00.160 --> 00:16:01.760]  就好像有些遊戲
[00:16:01.760 --> 00:16:04.080]  這個遊戲角色他走進水裡面
[00:16:04.080 --> 00:16:06.120]  他就有攻擊力增強這個 buff
[00:16:06.120 --> 00:16:11.040]  當信徒身處為基督受苦的情況當中的時候
[00:16:11.040 --> 00:16:12.480]  就會得到基督勸勉
[00:16:12.480 --> 00:16:14.640]  愛心安慰等等這四個 buff
[00:16:16.120 --> 00:16:18.920]  在這四個 buff 當中我想特別解釋一下第一個
[00:16:18.920 --> 00:16:21.800]  就是基督裡的勸勉
[00:16:21.800 --> 00:16:22.840]  勸勉這個字
[00:16:22.840 --> 00:16:23.800]  如果中文我們就這麼說
[00:16:23.800 --> 00:16:25.840]  就是勸你一下的意思
[00:16:25.840 --> 00:16:28.920]  但其實原文叫做 paraklesis
[00:16:28.920 --> 00:16:32.840]  paraklesis 相連相關的字
[00:16:32.840 --> 00:16:34.160]  就是中補
[00:16:34.160 --> 00:16:37.000]  在約翰一書二章一節中補
[00:16:37.000 --> 00:16:38.160]  是相同的字根
[00:16:38.160 --> 00:16:39.760]  什麼是中補呢?
[00:16:39.760 --> 00:16:44.560]  你可以想象為求情階段的辯護律師
[00:16:44.560 --> 00:16:47.160]  我不知道你們有沒有看過一些法庭的戲
[00:16:47.160 --> 00:16:56.000]  當在法庭裡面打法律辯護的時候
[00:16:56.000 --> 00:16:57.000]  其實有兩個階段
[00:16:57.000 --> 00:16:58.640]  第一個階段就是檢控
[00:16:58.640 --> 00:17:00.840]  控方律師就提出證據
[00:17:00.840 --> 00:17:03.240]  辯護律師就說你的證據不行
[00:17:03.240 --> 00:17:05.560]  或者說一些他不在場的證據等等
[00:17:05.560 --> 00:17:07.160]  去決定那個人有沒有罪
[00:17:07.160 --> 00:17:09.080]  但是當這個完成了
[00:17:09.080 --> 00:17:10.680]  無罪就釋放
[00:17:10.680 --> 00:17:12.960]  有罪就進入下一個階段了
[00:17:12.960 --> 00:17:14.200]  就是求情
[00:17:14.200 --> 00:17:15.560]  辯護律師在這個時間
[00:17:15.560 --> 00:17:17.920]  就是為這個已經被判定有罪的人
[00:17:17.920 --> 00:17:19.880]  去提出一些理由
[00:17:19.880 --> 00:17:21.160]  不要判他那麼重
[00:17:21.160 --> 00:17:22.600]  這個叫求情階段
[00:17:22.600 --> 00:17:25.440]  剛才說到約翰一書二章一節
[00:17:25.440 --> 00:17:26.440]  我讀給大家聽
[00:17:26.440 --> 00:17:28.760]  若有人犯罪
[00:17:28.760 --> 00:17:31.320]  在庫那裡我們有一位中補
[00:17:31.320 --> 00:17:33.760]  就是那義者耶穌基督
[00:17:33.760 --> 00:17:36.760]  他為我們的罪作了贖罪祭
[00:17:36.760 --> 00:17:38.360]  所以是求情階段
[00:17:38.360 --> 00:17:39.440]  有人犯了罪
[00:17:39.440 --> 00:17:41.520]  在庫面前有一個中補
[00:17:41.520 --> 00:17:44.120]  他為我們的罪作了贖罪祭
[00:17:44.600 --> 00:17:47.280]  所以勸勉這個字不是只是表面中文的意思
[00:17:47.280 --> 00:17:49.400]  我們可能會覺得是安慰
[00:17:49.400 --> 00:17:50.680]  基督會安慰我們
[00:17:50.680 --> 00:17:52.200]  我們身處痛苦當中
[00:17:52.200 --> 00:17:54.120]  他會覺得是鼓勵我們
[00:17:54.120 --> 00:17:55.480]  我們身處痛苦當中的時候
[00:17:55.480 --> 00:17:58.560]  基督會引導我們正確地面對這個苦難
[00:17:58.560 --> 00:18:00.760]  其實有第三重很重要的意思
[00:18:00.760 --> 00:18:02.560]  不僅是向我們
[00:18:02.560 --> 00:18:04.080]  是向上帝
[00:18:04.080 --> 00:18:06.080]  他為我們代求的意思
[00:18:06.080 --> 00:18:08.560]  他向上帝為我們求憐憫
[00:18:08.560 --> 00:18:11.080]  求一個迫切的援助
[00:18:12.840 --> 00:18:15.600]  所以當讀到勸勉的時候
[00:18:15.600 --> 00:18:16.200]  你會想象
[00:18:16.200 --> 00:18:17.800]  基督就像辯護律師一樣
[00:18:17.800 --> 00:18:19.800]  為著因他受苦的人
[00:18:19.800 --> 00:18:21.760]  向他發出安慰
[00:18:21.760 --> 00:18:22.960]  發出鼓勵
[00:18:22.960 --> 00:18:25.400]  並且向上帝代受苦的人
[00:18:25.400 --> 00:18:26.400]  發出代求
[00:18:26.400 --> 00:18:29.920]  保羅這裡說
[00:18:29.920 --> 00:18:31.080]  如果我們說既然的話
[00:18:31.080 --> 00:18:33.520]  他說既然你們已經得到這四個 buff(補償)了
[00:18:33.520 --> 00:18:35.560]  保羅就像第二次一樣勸他們
[00:18:35.560 --> 00:18:36.560]  他們要同心
[00:18:36.560 --> 00:18:37.880]  同心做什麼呢?
[00:18:37.880 --> 00:18:39.400]  Synaphilia 之前說了
[00:18:39.400 --> 00:18:40.840]  他們要同心的進攻
[00:18:40.840 --> 00:18:42.720]  他們要同心的站穩
[00:18:42.840 --> 00:18:43.720]  要堅守
[00:18:43.720 --> 00:18:45.600]  當他們這樣做的時候
[00:18:45.600 --> 00:18:47.840]  就使保羅的喜樂得而滿足
[00:18:47.840 --> 00:18:51.200]  二章三節
[00:18:51.200 --> 00:18:53.200]  凡事不可自私自利
[00:18:53.200 --> 00:18:54.640]  不可貪圖虛榮
[00:18:54.640 --> 00:18:56.520]  只要以謙卑的心
[00:18:56.520 --> 00:18:58.640]  比千看別人比自己重要
[00:18:58.640 --> 00:19:01.040]  各人不要單顧自己的事
[00:19:01.040 --> 00:19:02.640]  也要顧別人的事
[00:19:02.640 --> 00:19:05.320]  你們當以基督耶穌的心為心
[00:19:05.320 --> 00:19:09.200]  在這裡保羅從第一節的直述語氣
[00:19:09.200 --> 00:19:12.240]  轉為二至四節的命令語氣
[00:19:12.240 --> 00:19:15.240]  英文就叫做 From Indicative to Imperative
[00:19:15.240 --> 00:19:18.040]  保羅連續地發出了一幾個命令
[00:19:18.040 --> 00:19:20.280]  有兩個的不可
[00:19:20.280 --> 00:19:21.640]  三個的要
[00:19:21.640 --> 00:19:24.000]  但是最重要的是第三個的要
[00:19:24.000 --> 00:19:24.880]  二章五節
[00:19:24.880 --> 00:19:27.360]  你們要以耶穌基督的心為心
[00:19:27.360 --> 00:19:30.240]  也就是讓耶穌基督的心思意念
[00:19:30.240 --> 00:19:32.200]  成為我們的心思意念
[00:19:32.200 --> 00:19:34.480]  而提到基督的心思意念
[00:19:34.480 --> 00:19:36.120]  你看到最後是冒號的
[00:19:36.120 --> 00:19:38.520]  保羅就帶我們思想基督之歌
[00:19:38.520 --> 00:19:42.080]  我們會在下一篇才回來仔細重溫基督之歌
[00:19:42.520 --> 00:19:45.960]  但是我們要記得整首基督之歌的重心在最後一句
[00:19:45.960 --> 00:19:47.880]  「歸榮耀給父上帝」
[00:19:47.880 --> 00:19:50.560]  所以以基督耶穌的心為心
[00:19:50.560 --> 00:19:54.000]  在於我們要思考如何歸榮耀給父上帝
[00:19:54.000 --> 00:19:57.680]  我們要犒賞榮耀歸父的心腸
[00:19:57.680 --> 00:20:05.800]  我們已經經過了我們現在要思想如何應用今天的經文
[00:20:05.800 --> 00:20:07.760]  其實應用是很清晰的
[00:20:07.760 --> 00:20:10.320]  其實將整段經文讀一次基本上是了
[00:20:10.600 --> 00:20:13.320]  不過將它 Paraphrase 去稍稍改了
[00:20:13.320 --> 00:20:14.800]  作為天國的公民
[00:20:14.800 --> 00:20:17.440]  我們的生命必須要與福音去相稱
[00:20:17.440 --> 00:20:19.760]  我們要一同在聖靈裡面站穩
[00:20:19.760 --> 00:20:20.840]  一同去進攻
[00:20:20.840 --> 00:20:21.840]  Sunafilio
[00:20:21.840 --> 00:20:23.120]  我們一同去堅守
[00:20:23.120 --> 00:20:24.440]  不怕敵人的威脅
[00:20:24.440 --> 00:20:26.760]  而在這場屬靈的爭戰當中
[00:20:26.760 --> 00:20:28.400]  我們會為基督受苦
[00:20:28.400 --> 00:20:30.600]  那是上帝給我們的恩典
[00:20:30.600 --> 00:20:32.120]  是榮譽的勳章
[00:20:32.120 --> 00:20:34.040]  在為基督受苦當中
[00:20:34.040 --> 00:20:35.360]  我們會得到四個 Buff
[00:20:35.360 --> 00:20:36.600]  基督勸勉
[00:20:36.600 --> 00:20:37.680]  愛心安慰
[00:20:37.680 --> 00:20:38.720]  聖靈團契
[00:20:38.720 --> 00:20:40.040]  和慈悲憐憫
[00:20:40.320 --> 00:20:41.560]  而如果我們忠心
[00:20:41.560 --> 00:20:43.360]  我們堅持跟隨基督的話
[00:20:43.360 --> 00:20:45.680]  我們會能夠好像耶穌基督一樣
[00:20:45.680 --> 00:20:48.640]  活出一個歸榮耀給付上帝的人生
[00:20:48.640 --> 00:20:51.080]  那你可能會問
[00:20:51.080 --> 00:20:51.680]  Wilson
[00:20:51.680 --> 00:20:53.600]  這個應用聽起來也挺清晰的
[00:20:53.600 --> 00:20:55.480]  你看回那段經文也可以想到的
[00:20:55.480 --> 00:20:57.320]  但是在現實生活當中
[00:20:57.320 --> 00:20:59.240]  有沒有一些例子
[00:20:59.240 --> 00:21:01.600]  讓大家可以更加明白這個應用呢?
[00:21:01.600 --> 00:21:04.000]  有的
[00:21:04.000 --> 00:21:04.880]  如果你記得
[00:21:04.880 --> 00:21:06.880]  Kevin 在今年六月的講道
[00:21:06.880 --> 00:21:10.520]  上帝的夢想、活石、新聖殿當中
[00:21:10.520 --> 00:21:12.600]  他列舉過一些聖經當中
[00:21:12.600 --> 00:21:14.880]  和歷世歷代信徒當中的活石
[00:21:14.880 --> 00:21:17.800]  在他列舉的眾多活石當中
[00:21:17.800 --> 00:21:18.560]  有一個人
[00:21:18.560 --> 00:21:22.280]  他是一個曾經放棄信仰的懷疑論者
[00:21:22.280 --> 00:21:24.520]  但是後來他成為宣教士
[00:21:24.520 --> 00:21:26.160]  在異國他鄉
[00:21:26.160 --> 00:21:28.600]  他多次經歷失去妻子和孩子
[00:21:28.600 --> 00:21:32.040]  他曾經被關進去死亡監獄
[00:21:32.040 --> 00:21:33.280]  受盡折磨
[00:21:33.280 --> 00:21:35.320]  但是仍然至死忠心
[00:21:35.480 --> 00:21:38.280]  活出一個與基督福音相稱人生的人
[00:21:38.280 --> 00:21:41.600]  他的名字叫做 Adoniram Judson
[00:21:41.600 --> 00:21:45.400]  他是美國的第一個海外宣教士
[00:21:45.400 --> 00:21:47.440]  他在緬甸花了四十年
[00:21:47.440 --> 00:21:49.680]  將聖經翻譯成緬甸語
[00:21:49.680 --> 00:21:51.280]  建立了緬甸教會
[00:21:51.280 --> 00:21:54.040]  讓我們跟隨 Judson 的生命
[00:21:54.040 --> 00:21:55.800]  看看今天我們所看的經文
[00:21:55.800 --> 00:21:57.920]  如何應用在一個真實的人身上
[00:21:57.920 --> 00:22:01.000]  我們會分為五個部分
[00:22:01.000 --> 00:22:02.480]  回轉歸信
[00:22:02.480 --> 00:22:03.800]  蒙恩信服基督
[00:22:03.800 --> 00:22:05.280]  納上宣教
[00:22:05.280 --> 00:22:06.880]  蒙恩為主增賤
[00:22:06.880 --> 00:22:08.440]  同寧站穩
[00:22:08.440 --> 00:22:09.720]  進貢堅守
[00:22:09.720 --> 00:22:11.040]  死亡監獄
[00:22:11.040 --> 00:22:12.200]  屬靈甚願
[00:22:12.200 --> 00:22:13.720]  最美的故事
[00:22:13.720 --> 00:22:14.720]  十加基督
[00:22:14.720 --> 00:22:18.160]  第一部分回轉歸信
[00:22:18.160 --> 00:22:20.600]  Judson 在 1788 年出生
[00:22:20.600 --> 00:22:23.560]  他出生於美國的一個牧師家庭
[00:22:23.560 --> 00:22:24.760]  他很聰明的
[00:22:24.760 --> 00:22:26.680]  三歲就開始閱讀了
[00:22:26.680 --> 00:22:29.800]  十六歲就以第一名進入了布朗大學
[00:22:29.800 --> 00:22:32.840]  十九歲以全校第一名去畢業
[00:22:32.840 --> 00:22:34.960]  但是在大學時期
[00:22:35.080 --> 00:22:37.880]  他認識了一個叫 Jacob Ames 的朋友
[00:22:37.880 --> 00:22:40.520]  Ames 是一個懷疑論者
[00:22:40.520 --> 00:22:43.040]  他拒絕一切啟示性的宗教
[00:22:43.040 --> 00:22:44.360]  包括聖經在內
[00:22:44.360 --> 00:22:47.920]  Ames 經常嘲笑聖經所啟示的上帝
[00:22:47.920 --> 00:22:50.280]  而在 Ames 的猛烈攻擊之下
[00:22:50.280 --> 00:22:53.600]  Judson 脆弱的二手信仰徹底崩潰
[00:22:53.600 --> 00:22:54.880]  在他的影響之下
[00:22:54.880 --> 00:22:57.360]  Judson 決定拋棄基督教的信仰
[00:22:57.360 --> 00:23:00.480]  轉而擁抱哲學裡面的懷疑主義
[00:23:00.480 --> 00:23:02.040]  當他大學畢業
[00:23:02.040 --> 00:23:03.960]  在他二十歲生日那天
[00:23:04.200 --> 00:23:05.960]  Judson 就告訴自己的父母
[00:23:05.960 --> 00:23:08.160]  他決定不再有信仰了
[00:23:08.160 --> 00:23:10.400]  他想投入戲劇創作
[00:23:10.400 --> 00:23:12.080]  打算前往紐約
[00:23:12.080 --> 00:23:15.080]  這固然令父母傷透心
[00:23:15.080 --> 00:23:17.480]  六天之後他就搬到紐約
[00:23:17.480 --> 00:23:19.120]  加入了一個巡迴劇團
[00:23:19.120 --> 00:23:20.440]  成為一個劇作家
[00:23:20.440 --> 00:23:23.240]  Judson 當時的狀態就是一個
[00:23:23.240 --> 00:23:24.960]  不願意信服基督的人
[00:23:24.960 --> 00:23:27.200]  他不是未曾聽過福音
[00:23:27.200 --> 00:23:29.080]  他不是不認識聖經
[00:23:29.080 --> 00:23:31.080]  但是他選擇離棄上帝
[00:23:31.080 --> 00:23:33.640]  但是上帝沒有放棄他
[00:23:33.960 --> 00:23:35.120]  在紐約期間
[00:23:35.120 --> 00:23:37.560]  Judson 很快發現他劇作家的生活
[00:23:37.560 --> 00:23:39.920]  沒有為他帶來很多的滿足感
[00:23:39.920 --> 00:23:42.400]  他很快就覺得失去了理想
[00:23:42.400 --> 00:23:46.120]  但其實上帝已經安排呼喚他回轉
[00:23:46.120 --> 00:23:47.680]  有一晚
[00:23:47.680 --> 00:23:50.000]  當他途經一個小村莊的時候
[00:23:50.000 --> 00:23:52.360]  他在當地一間客棧過夜
[00:23:52.360 --> 00:23:54.360]  而唯一可用的房間
[00:23:54.360 --> 00:23:58.000]  竟然是一個垂死病人的房間旁邊
[00:23:58.000 --> 00:23:59.640]  所以那一晚
[00:23:59.640 --> 00:24:02.280]  Judson 就不斷聽到旁邊那個人
[00:24:02.400 --> 00:24:05.360]  在垂死、絕望當中的呻吟和呼喊
[00:24:05.360 --> 00:24:09.120]  Judson 被那個人絕望的呼喊折磨到
[00:24:09.120 --> 00:24:10.640]  整晚都睡不著覺
[00:24:10.640 --> 00:24:12.360]  他整晚都在想
[00:24:12.360 --> 00:24:15.640]  這個人預備好要面對死亡了沒有呢?
[00:24:15.640 --> 00:24:17.560]  對他來說這一刻
[00:24:17.560 --> 00:24:19.760]  唯一重要的事情就是這樣
[00:24:19.760 --> 00:24:21.240]  那我呢?
[00:24:21.240 --> 00:24:24.000]  他之前所讀的哲學告訴他
[00:24:24.000 --> 00:24:26.040]  死亡只不過是進入虛空
[00:24:26.040 --> 00:24:27.360]  但是這一刻
[00:24:27.360 --> 00:24:31.360]  當他親耳聽見一個真真正正死在身邊的人的聲音的時候
[00:24:31.560 --> 00:24:34.640]  這些哲學思想不能夠為他帶來任何安慰
[00:24:34.640 --> 00:24:36.760]  但是與此同時
[00:24:36.760 --> 00:24:40.560]  他腦海裡面又響起他的朋友 Jacob Ames 的聲音
[00:24:40.560 --> 00:24:41.680]  在嘲笑他
[00:24:41.680 --> 00:24:42.720]  說真的?
[00:24:42.720 --> 00:24:44.080]  Judson 你就這麼害怕?
[00:24:44.080 --> 00:24:45.240]  你這麼軟弱的嗎?
[00:24:45.240 --> 00:24:48.280]  你真的是布朗大學的全班第一畢業生嗎?
[00:24:48.280 --> 00:24:51.560]  你被一點點的宗教迷信就嚇到了
[00:24:51.560 --> 00:24:53.840]  Judson 就躺在那裡
[00:24:53.840 --> 00:24:58.360]  在恐懼和因為恐懼而生的羞恥之間來回擺蕩
[00:24:58.360 --> 00:25:01.480]  但是那些呻吟聲仍然持續
[00:25:02.560 --> 00:25:04.560]  最後那些聲音追蹤停止了
[00:25:04.560 --> 00:25:06.200]  到了第二天早上
[00:25:06.200 --> 00:25:09.240]  當陽光進入 Judson 的房間的時候
[00:25:09.240 --> 00:25:10.840]  那種絕望感消失了
[00:25:10.840 --> 00:25:13.920]  他為了自己昨晚的軟弱感到很羞愧
[00:25:13.920 --> 00:25:16.200]  他穿好衣服下去樓下
[00:25:16.200 --> 00:25:19.040]  在櫃檯那裡詢問旁邊那個人的情況
[00:25:19.040 --> 00:25:21.520]  櫃檯給了他一個很簡單的答覆
[00:25:21.520 --> 00:25:22.680]  他死了
[00:25:22.680 --> 00:25:24.920]  Judson 就很禮貌地問
[00:25:24.920 --> 00:25:26.320]  你知不知道他是誰?
[00:25:26.320 --> 00:25:28.160]  哦 我知道
[00:25:28.400 --> 00:25:32.200]  他是那個從在保羅威登斯 Providence
[00:25:32.200 --> 00:25:35.200]  那邊的一間大學來的一個年輕人
[00:25:35.200 --> 00:25:38.120]  櫃檯就回答 我知道
[00:25:38.120 --> 00:25:41.120]  他就是那個在保羅威登斯來的一個年輕人
[00:25:41.120 --> 00:25:43.520]  他的名字叫 Jacob Eames
[00:25:43.520 --> 00:25:45.600]  Judson 即時
[00:25:45.600 --> 00:25:47.440]  好像剛才沒有電腦那麼輕的機器
[00:25:47.440 --> 00:25:50.320]  竟然是他的朋友
[00:25:50.320 --> 00:25:52.520]  那個懷疑論者 Jacob Eames
[00:25:52.520 --> 00:25:55.240]  Judson 結果在客棧裡面
[00:25:55.240 --> 00:25:56.680]  停留好幾個小時
[00:25:56.840 --> 00:25:58.760]  他沒有離開 一直在尋視
[00:25:58.760 --> 00:26:01.880]  他後來寫下那一刻的思緒
[00:26:01.880 --> 00:26:05.280]  失落了
[00:26:05.280 --> 00:26:08.120]  在死亡中 Jacob Eames 失落了
[00:26:08.120 --> 00:26:11.320]  徹底地 無可挽回地失落了
[00:26:11.320 --> 00:26:13.120]  失落於他的朋友
[00:26:13.120 --> 00:26:14.640]  失落於這個世界
[00:26:14.640 --> 00:26:16.000]  失落於未來
[00:26:16.000 --> 00:26:17.920]  就好像一瘤煙霧
[00:26:17.920 --> 00:26:20.720]  消失在無窮的空氣當中一樣的失落
[00:26:20.720 --> 00:26:23.760]  如果 Eames 自己的觀點是對的
[00:26:23.760 --> 00:26:26.080]  那麼他的生命和他的死亡
[00:26:26.080 --> 00:26:27.560]  其實沒有任何的意義
[00:26:27.560 --> 00:26:30.000]  但是假如 Eames 錯了
[00:26:30.000 --> 00:26:30.800]  那怎麼辦呢?
[00:26:30.800 --> 00:26:32.800]  假如聖經是真實的
[00:26:32.800 --> 00:26:36.360]  而真是有一位有位格的上帝真實存在的呢?
[00:26:36.360 --> 00:26:37.840]  那麼地獄
[00:26:37.840 --> 00:26:41.160]  竟然就在那間鄉村客棧當中去闖開
[00:26:41.160 --> 00:26:42.320]  將 Eames
[00:26:42.320 --> 00:26:44.520]  我最親愛的朋友和導師
[00:26:44.520 --> 00:26:47.000]  從我夾壁的床上去奪走
[00:26:47.000 --> 00:26:48.920]  這個不可能是巧合
[00:26:48.920 --> 00:26:50.360]  絕對不可能
[00:26:50.360 --> 00:26:53.240]  經過這一夜的震撼
[00:26:53.240 --> 00:26:55.320]  Judson 決定回到父母的家
[00:26:55.720 --> 00:26:58.280]  後來他決定進入安多弗神學院
[00:26:58.280 --> 00:27:02.200]  在神學院裡面經過幾個月的思想和掙扎
[00:27:02.200 --> 00:27:04.560]  在一百零八年的十二月八號
[00:27:04.560 --> 00:27:06.120]  他在日記當中寫下
[00:27:06.120 --> 00:27:07.120]  這一天
[00:27:07.120 --> 00:27:10.880]  我將自己的生命莊嚴地奉獻給上帝
[00:27:10.880 --> 00:27:15.640]  而這個就是保羅所說的蒙恩信服基督
[00:27:15.640 --> 00:27:18.000]  是上帝百百次下的禮物
[00:27:18.000 --> 00:27:20.280]  Judson 他能夠回轉
[00:27:20.280 --> 00:27:21.840]  不是因為他自己聰明
[00:27:21.840 --> 00:27:23.280]  不是他自己想通的
[00:27:23.280 --> 00:27:25.600]  完全是因為上帝的恩典
[00:27:25.720 --> 00:27:27.600]  是上帝主動地追擊他
[00:27:27.600 --> 00:27:28.480]  捉住他
[00:27:28.480 --> 00:27:31.600]  儘管他曾經不願信服基督
[00:27:31.600 --> 00:27:33.400]  但上帝一直在追尋他
[00:27:33.400 --> 00:27:34.520]  呼喚他回轉
[00:27:34.520 --> 00:27:36.880]  上帝用一個奇妙的安排
[00:27:36.880 --> 00:27:38.680]  藉著好像Judson所說
[00:27:38.680 --> 00:27:41.080]  絕對不可能是巧合的安排
[00:27:41.080 --> 00:27:43.880]  讓他聽見Aims的臨終一夜
[00:27:43.880 --> 00:27:46.880]  這樣就讓Judson重新思考永恆
[00:27:46.880 --> 00:27:48.920]  最後他悔改、回轉
[00:27:48.920 --> 00:27:51.680]  並且知道、贊同和毀身
[00:27:51.680 --> 00:27:53.000]  他真的相信
[00:27:53.000 --> 00:27:54.360]  他真的重生
[00:27:56.720 --> 00:27:57.920]  我們去第二部分
[00:27:57.920 --> 00:28:00.720]  踏入宣教、蒙恩為主的爭戰
[00:28:00.720 --> 00:28:03.080]  在神學院修讀的期間
[00:28:03.080 --> 00:28:05.760]  Judson 讀到一篇關於緬甸的書
[00:28:05.760 --> 00:28:07.560]  從此他就確信
[00:28:07.560 --> 00:28:10.000]  上帝是呼召他去緬甸宣教
[00:28:10.000 --> 00:28:14.000]  但其實當時美國沒有任何海外宣教機構
[00:28:14.000 --> 00:28:15.760]  所以他就很努力
[00:28:15.760 --> 00:28:18.280]  去說服自己的教會、公理會的總會
[00:28:18.280 --> 00:28:21.240]  成立了美國第一個的海外宣教組織
[00:28:21.240 --> 00:28:23.040]  而在其中一個
[00:28:23.040 --> 00:28:25.520]  和公理會總會牧師的晚宴當中
[00:28:25.520 --> 00:28:29.240]  Judson 遇見了一個叫Ann Hazleton的女子
[00:28:29.240 --> 00:28:31.280]  她們雙方互有好感
[00:28:31.280 --> 00:28:32.960]  並且開始書信來往
[00:28:32.960 --> 00:28:34.400]  漸漸地
[00:28:34.400 --> 00:28:36.080]  Judson 知道他的宣教呼召
[00:28:36.080 --> 00:28:38.320]  不僅僅是關乎自己一個人
[00:28:38.320 --> 00:28:40.360]  他必須向Ann 去表白
[00:28:40.360 --> 00:28:43.320]  所以在1811年的1月1日
[00:28:43.320 --> 00:28:44.240]  新年時間
[00:28:44.240 --> 00:28:45.920]  Judson 寫了一封信給Ann
[00:28:45.920 --> 00:28:49.000]  這封不是一封普通的求愛信
[00:28:49.000 --> 00:28:53.040]  而是一封將婚姻和殉道放在一起的信
[00:28:53.040 --> 00:28:53.920]  他這樣寫
[00:28:54.520 --> 00:28:55.640]  「我摯愛的
[00:28:55.640 --> 00:28:58.240]  我懷著最真摯最全心全意的心
[00:28:58.240 --> 00:28:59.480]  祝你新年快樂
[00:28:59.480 --> 00:29:02.720]  願這一年你和上帝同行更加親密
[00:29:02.720 --> 00:29:05.160]  願你的心靈平靜安穩
[00:29:05.160 --> 00:29:07.720]  願那引領你到羔羊面前的道路
[00:29:07.720 --> 00:29:09.760]  被更純淨的光所照亮
[00:29:09.760 --> 00:29:13.080]  願這一年你更豐富地得著基督的靈
[00:29:13.080 --> 00:29:14.680]  超越屬世的事物
[00:29:14.680 --> 00:29:18.880]  願意在這世上完全順從上帝的安排」
[00:29:18.880 --> 00:29:21.200]  既然我已經開始許願
[00:29:21.200 --> 00:29:22.520]  我就繼續說下去
[00:29:22.520 --> 00:29:25.480]  「願今年成為你改變聖事的一年
[00:29:25.480 --> 00:29:29.800]  願今年成為你與親友和故土決別的一年
[00:29:29.800 --> 00:29:32.840]  願今年成為你橫渡遼闊海洋
[00:29:32.840 --> 00:29:34.640]  居住在世界另一端
[00:29:34.640 --> 00:29:36.800]  在異教徒中間的一年」
[00:29:36.800 --> 00:29:40.240]  如果我們的性命得以保存
[00:29:40.240 --> 00:29:42.200]  我們的嘗試得以成功
[00:29:42.200 --> 00:29:43.520]  明年的元旦
[00:29:43.520 --> 00:29:44.920]  我們就會在印度了
[00:29:44.920 --> 00:29:47.720]  之所以在印度而不是緬甸
[00:29:47.720 --> 00:29:49.600]  是因為他們計劃先去印度
[00:29:49.600 --> 00:29:51.640]  和資深宣教士William Kemp
[00:29:51.640 --> 00:29:54.240]  和資深宣教士William Carey的見面
[00:29:54.240 --> 00:29:55.400]  他繼續寫
[00:29:55.400 --> 00:29:58.800]  「我們將不再看見親愛的朋友圍繞身邊
[00:29:58.800 --> 00:30:01.320]  不再享受文明生活的舒適
[00:30:01.320 --> 00:30:04.920]  不再與守主日的人一同前往上帝的殿
[00:30:04.920 --> 00:30:07.880]  深色的面孔將隨處映入眼簾
[00:30:07.880 --> 00:30:11.560]  陌生的語言的草雜將會充斥耳濟
[00:30:11.560 --> 00:30:13.480]  我們將會目睹異教徒聚集
[00:30:13.480 --> 00:30:15.120]  敬拜偶像
[00:30:15.120 --> 00:30:17.680]  我們將會厭倦這個世界
[00:30:17.680 --> 00:30:20.360]  渴望好像甲子一樣長出翅膀
[00:30:20.360 --> 00:30:22.000]  飛到安息之處
[00:30:22.000 --> 00:30:24.480]  我們將會經歷那些極其憂傷
[00:30:24.480 --> 00:30:26.160]  甚至要死的時刻
[00:30:26.160 --> 00:30:29.120]  我們會看見很多陰暗淒涼的時刻
[00:30:29.120 --> 00:30:31.160]  我們會感到靈性下沉
[00:30:31.160 --> 00:30:32.480]  心靈的煎熬
[00:30:32.480 --> 00:30:34.920]  是我們現在幾乎無法想像的
[00:30:34.920 --> 00:30:38.200]  在那個時間我們會渴望躺下來死去
[00:30:38.200 --> 00:30:40.680]  而那一刻可能很快就會來臨
[00:30:40.680 --> 00:30:44.960]  但我們是否會被當地人尊崇和哀悼呢?
[00:30:44.960 --> 00:30:46.440]  只有上帝知道
[00:30:46.440 --> 00:30:50.760]  但至少我們可以肯定其中一個哀悼者是誰
[00:30:50.760 --> 00:30:52.920]  意思是說如果他們兩個一起去
[00:30:52.920 --> 00:30:53.960]  無論誰先死
[00:30:53.960 --> 00:30:55.520]  起碼有對方去哀悼
[00:30:55.520 --> 00:30:56.520]  是這個意思
[00:30:56.520 --> 00:31:02.480]  所以鄧英姐妹可能我們不能夠想像
[00:31:02.480 --> 00:31:04.040]  其實為何她會這樣寫
[00:31:04.040 --> 00:31:05.840]  因為在十九世紀的時間
[00:31:05.840 --> 00:31:08.240]  成為宣教士和我們今天是很不同的
[00:31:08.240 --> 00:31:09.400]  在那個年代
[00:31:09.400 --> 00:31:13.160]  首先沒有任何美國人前往緬甸傳福音
[00:31:13.160 --> 00:31:15.560]  社會輿論普遍都會反對這樣做
[00:31:15.560 --> 00:31:18.680]  因為對男人來講是荒謬的事情
[00:31:18.680 --> 00:31:22.080]  對一個女人來講簡直是不符合謹慎
[00:31:22.080 --> 00:31:23.440]  不符合端莊的事情
[00:31:23.440 --> 00:31:24.360]  為什麼呢?
[00:31:24.360 --> 00:31:27.160]  因為首先行程漫長危險
[00:31:27.160 --> 00:31:31.600]  而且東南亞氣候對西方人的健康是極為不利的
[00:31:31.600 --> 00:31:35.040]  被當地人殺死的危險也是極高的
[00:31:35.040 --> 00:31:38.560]  根據當時宣教機構的統計
[00:31:38.560 --> 00:31:41.440]  當時前往東南亞宣教的西方宣教士
[00:31:41.440 --> 00:31:43.920]  平均壽命是五年
[00:31:43.920 --> 00:31:45.280]  離開祖國之後
[00:31:45.280 --> 00:31:47.040]  平均五年內便會死亡
[00:31:47.040 --> 00:31:49.840]  而且他們到達後不是馬上可以傳福音的
[00:31:49.840 --> 00:31:53.000]  他們大概需要四年來學習當地語言
[00:31:53.000 --> 00:31:54.640]  換而言之
[00:31:54.640 --> 00:31:57.120]  在當時每一個決定宣教的人
[00:31:57.120 --> 00:32:00.320]  他們準備好在陌生又艱苦的環境當中
[00:32:00.320 --> 00:32:01.600]  努力學習語言
[00:32:01.600 --> 00:32:02.560]  學習四年
[00:32:02.560 --> 00:32:05.920]  然後在他們身體健康漸漸衰敗的情況下
[00:32:05.920 --> 00:32:07.640]  把握人生的最後一年
[00:32:07.640 --> 00:32:10.320]  用新學的語言努力地傳講福音
[00:32:10.320 --> 00:32:12.960]  然後就離世進入永恆
[00:32:14.200 --> 00:32:15.440]  從人的角度來講
[00:32:15.440 --> 00:32:16.920]  真的非常不划算
[00:32:16.920 --> 00:32:20.080]  再者就算你成為異數
[00:32:20.080 --> 00:32:23.480]  就算你遠遠超過五年的平均值
[00:32:23.480 --> 00:32:26.680]  你和你的家人朋友不是死別
[00:32:26.680 --> 00:32:28.160]  其實也是生離
[00:32:28.160 --> 00:32:31.160]  因為當時的宣教士是沒有探親家
[00:32:31.160 --> 00:32:33.240]  或者回國述職的安排
[00:32:33.240 --> 00:32:35.040]  當時每一個宣教士
[00:32:35.040 --> 00:32:36.560]  當他離開祖國那一刻
[00:32:36.560 --> 00:32:37.800]  都是如期準備好
[00:32:37.800 --> 00:32:38.680]  一去不返
[00:32:38.680 --> 00:32:40.960]  和本國所有的家人朋友
[00:32:40.960 --> 00:32:42.720]  只能夠天加再見
[00:32:44.720 --> 00:32:46.560]  所以難怪Ann會猶豫
[00:32:46.560 --> 00:32:49.480]  雖然宣教這個念頭令她恐懼
[00:32:49.480 --> 00:32:51.640]  但她仍然勇敢地尋求
[00:32:51.640 --> 00:32:53.280]  這是否真是上帝的呼召
[00:32:53.280 --> 00:32:56.840]  她大部分朋友都很強烈地反對她去
[00:32:56.840 --> 00:32:59.240]  只有兩三個人給她一點鼓勵
[00:32:59.240 --> 00:33:02.520]  而雖然Jackson全心全意看望她去
[00:33:02.520 --> 00:33:05.360]  但她沒有試圖去淡化危險
[00:33:05.360 --> 00:33:09.160]  或者為未來披上一些虛假的浪漫光環
[00:33:09.160 --> 00:33:10.320]  來影響她的決定
[00:33:10.320 --> 00:33:12.280]  Jackson只是訴諸
[00:33:12.280 --> 00:33:15.120]  她對基督的愛和上帝所應許
[00:33:15.120 --> 00:33:17.440]  給那些忠心服侍她的人的獎賞
[00:33:17.440 --> 00:33:20.600]  Ann最後為她提刀
[00:33:20.600 --> 00:33:22.640]  需要得到父母的同意的時間
[00:33:22.640 --> 00:33:25.760]  Jackson寫信給Ann的爸爸
[00:33:25.760 --> 00:33:27.320]  竟然這樣寫
[00:33:27.320 --> 00:33:29.920]  「我現在要問
[00:33:29.920 --> 00:33:32.240]  你是否願意在明年春天
[00:33:32.240 --> 00:33:33.640]  將你的女兒交給我
[00:33:33.640 --> 00:33:36.320]  從此在世上不再見她
[00:33:36.320 --> 00:33:39.520]  你是否願意她前往異教之地
[00:33:39.680 --> 00:33:42.480]  承受宣教時生活的艱辛和苦難
[00:33:42.480 --> 00:33:45.760]  你是否願意她暴露在海洋的危險中
[00:33:45.760 --> 00:33:49.000]  暴露在印度南部氣候的致命影響中
[00:33:49.000 --> 00:33:51.520]  暴露在各樣的缺乏和困苦中
[00:33:51.520 --> 00:33:53.760]  暴露在羞辱、侮辱、逼迫
[00:33:53.760 --> 00:33:56.080]  甚至可能是暴力的死亡中
[00:33:56.080 --> 00:33:59.680]  你是否願意接受這一切
[00:33:59.680 --> 00:34:02.320]  為了那位離開天上之家
[00:34:02.320 --> 00:34:05.600]  為她和為你而死的基督的緣故
[00:34:06.400 --> 00:34:09.880]  為了那些正在滅亡的、不老的靈魂的緣故
[00:34:09.880 --> 00:34:13.160]  為了錫安和上帝的榮耀的緣故
[00:34:13.160 --> 00:34:15.640]  你是否願意接受這一切
[00:34:15.640 --> 00:34:18.120]  為了盼望在榮耀的世界中
[00:34:18.120 --> 00:34:20.000]  與你女兒早日相見
[00:34:20.000 --> 00:34:22.720]  到時她頭上的公義冠冕
[00:34:22.720 --> 00:34:24.720]  會因著那些藉著她
[00:34:24.720 --> 00:34:27.560]  而從永恆災禍和絕望當中
[00:34:27.560 --> 00:34:29.960]  得救的異教徒所發出的讚美
[00:34:29.960 --> 00:34:31.960]  而變得更加璀璨」
[00:34:31.960 --> 00:34:35.600]  弟兄姊妹請你留意Jackson所說
[00:34:35.600 --> 00:34:37.840]  他並不是說你將你女兒嫁給我
[00:34:37.840 --> 00:34:39.360]  我會給她幸福的人生
[00:34:39.360 --> 00:34:42.080]  他是說你將你女兒嫁給我
[00:34:42.080 --> 00:34:44.560]  我會帶她去受苦、去征戰
[00:34:44.560 --> 00:34:45.760]  甚至去死
[00:34:45.760 --> 00:34:47.600]  但是為了基督
[00:34:47.600 --> 00:34:49.320]  為了上帝的榮耀
[00:34:49.320 --> 00:34:52.840]  而Ann和她的父親都答應了
[00:34:52.840 --> 00:34:55.160]  所以1812年2月5日
[00:34:55.160 --> 00:34:56.640]  Jackson和Ann結婚
[00:34:56.640 --> 00:34:57.960]  2月6日
[00:34:57.960 --> 00:34:59.920]  Jackson被安納為牧師
[00:34:59.920 --> 00:35:01.120]  2月19日
[00:35:01.120 --> 00:35:02.840]  夫婦二人登上貨船
[00:35:02.840 --> 00:35:04.600]  啟程前往印度
[00:35:06.600 --> 00:35:08.400]  這就是保羅所說的
[00:35:08.400 --> 00:35:10.400]  蒙恩不但得以信服基督
[00:35:10.400 --> 00:35:12.520]  而且為他受苦和征戰
[00:35:12.520 --> 00:35:14.760]  Jackson他信服基督
[00:35:14.760 --> 00:35:16.600]  踏上宣教路
[00:35:16.600 --> 00:35:18.200]  而這個信服的代價
[00:35:18.200 --> 00:35:19.800]  就是他和他所愛的人
[00:35:19.800 --> 00:35:22.120]  都要為他受苦、為基督去征戰
[00:35:22.120 --> 00:35:25.280]  Jackson在求婚的時間沒有隱瞞這一點
[00:35:25.280 --> 00:35:27.600]  他清楚地告訴Ann和他父親
[00:35:27.600 --> 00:35:28.760]  他們兩個結婚
[00:35:28.760 --> 00:35:30.760]  很可能不是白頭偕老
[00:35:30.760 --> 00:35:32.200]  而是客死異鄉
[00:35:32.200 --> 00:35:34.000]  但Ann願意
[00:35:34.000 --> 00:35:36.960]  她的父親也願意讓女兒這樣選擇
[00:35:36.960 --> 00:35:38.400]  為什麼呢?
[00:35:38.400 --> 00:35:42.480]  因為他們看見那些比今生是否安殊
[00:35:42.480 --> 00:35:44.120]  更加重要得多的事情
[00:35:44.120 --> 00:35:47.520]  基督十字架上的犧牲、怠俗
[00:35:47.520 --> 00:35:50.560]  正邁向滅亡的靈魂的需要
[00:35:50.560 --> 00:35:52.080]  以及最重要的
[00:35:52.080 --> 00:35:53.640]  就是上帝的榮耀
[00:35:53.640 --> 00:35:58.040]  我們進入第三部分
[00:35:58.040 --> 00:35:59.240]  同齡站穩
[00:35:59.240 --> 00:36:00.640]  進攻堅守
[00:36:00.640 --> 00:36:02.160]  1813年
[00:36:02.160 --> 00:36:03.840]  Jackson夫婦到了印度
[00:36:03.840 --> 00:36:05.440]  見了William Carey之後
[00:36:05.440 --> 00:36:08.440]  由於當時英美戰爭的境況
[00:36:08.440 --> 00:36:11.720]  所以他們當時要提早前往緬甸
[00:36:11.720 --> 00:36:13.840]  當時Ann已經懷孕
[00:36:13.840 --> 00:36:15.560]  而不幸地
[00:36:15.560 --> 00:36:18.800]  Ann的接生護士在船上去世
[00:36:18.800 --> 00:36:21.520]  所以缺乏專業的協助
[00:36:21.520 --> 00:36:23.680]  加上Ann的健康也惡化
[00:36:23.680 --> 00:36:25.600]  結果他們的第一個孩子
[00:36:25.600 --> 00:36:27.600]  在船上胎死腹中
[00:36:27.600 --> 00:36:30.320]  1813年7月
[00:36:30.320 --> 00:36:33.160]  Jackson夫婦終於抵達緬甸的仰光
[00:36:33.600 --> 00:36:34.840]  正如之前所說的
[00:36:34.840 --> 00:36:38.080]  大部分西方宣教士只有五年壽命
[00:36:38.080 --> 00:36:39.920]  所以他們覺得時間緊迫
[00:36:39.920 --> 00:36:44.560]  因為他們很迫切地想讓緬甸人有一本聖經的翻譯本
[00:36:44.560 --> 00:36:47.920]  所以他們就全心投入去學習緬甸語
[00:36:47.920 --> 00:36:50.320]  在潮濕、悶熱
[00:36:50.320 --> 00:36:52.480]  以及蚊蟲肆虐的環境當中
[00:36:52.480 --> 00:36:55.240]  Jackson夫婦每天投入12小時
[00:36:55.240 --> 00:36:57.040]  進行耗盡心力的學習
[00:36:57.040 --> 00:37:00.880]  沒有其他任何講英語的人士去幫他們
[00:37:00.880 --> 00:37:02.560]  他們只能夠彼此相依
[00:37:03.720 --> 00:37:05.880]  18個月之後Ann再次懷孕
[00:37:05.880 --> 00:37:08.040]  但她的健康也再次惡化
[00:37:08.040 --> 00:37:10.000]  在1815年的9月
[00:37:10.000 --> 00:37:11.440]  Ann生下了一個孩子
[00:37:11.440 --> 00:37:13.000]  叫做Roger Williams Jackson
[00:37:13.000 --> 00:37:15.200]  但這個喜悅很短暫
[00:37:15.200 --> 00:37:19.040]  Roger在近八個月之後就因為熱病而夭折
[00:37:19.040 --> 00:37:22.960]  儘管再次遭遇喪子之痛
[00:37:22.960 --> 00:37:25.680]  但Jackson夫婦的學習和翻譯工作仍然繼續
[00:37:25.680 --> 00:37:27.520]  到了1817年的5月
[00:37:27.520 --> 00:37:30.920]  Jackson完成了馬太福音的緬甸語翻譯
[00:37:31.120 --> 00:37:34.560]  而且他們有一本初步的緬甸語的詞典
[00:37:34.560 --> 00:37:37.440]  雖然翻譯工作不斷取得進展
[00:37:37.440 --> 00:37:39.400]  而且其實環境非常艱難
[00:37:39.400 --> 00:37:44.480]  但Jackson夫婦開始感受到來自美國的宣教支持者的壓力
[00:37:44.480 --> 00:37:47.800]  因為到了這一刻其實他們已經來了五至六年了
[00:37:47.800 --> 00:37:49.600]  但是一個歸順者也沒有
[00:37:49.600 --> 00:37:52.960]  所以1819年開始
[00:37:52.960 --> 00:37:57.560]  當Jackson覺得自己的緬甸語已經可以應付之下
[00:37:57.680 --> 00:38:02.920]  他就開始嘗試在路邊建造一些叫做紮瓦的竹棚
[00:38:02.920 --> 00:38:06.240]  因為當時緬甸的佛教老師經常都會這麼做
[00:38:06.240 --> 00:38:08.680]  他每天就會坐在這個紮瓦裡面
[00:38:08.680 --> 00:38:10.360]  向路過的人去傳輔音
[00:38:10.360 --> 00:38:13.160]  而經過六年的辛勞之後
[00:38:13.160 --> 00:38:14.640]  在1819年6月
[00:38:14.640 --> 00:38:17.480]  Jackson終於為他的第一個緬甸歸順者
[00:38:17.480 --> 00:38:19.600]  一個35歲的工人去逝世
[00:38:19.600 --> 00:38:22.040]  到了1822年
[00:38:22.040 --> 00:38:25.000]  Jackson夫婦已經到了緬甸第九年了
[00:38:25.000 --> 00:38:26.720]  整個緬甸教會
[00:38:26.840 --> 00:38:28.480]  有十八個信徒
[00:38:28.480 --> 00:38:31.800]  順便讓我們停下來想一想
[00:38:31.800 --> 00:38:34.840]  這九年他們兩個人經歷了什麼?
[00:38:34.840 --> 00:38:37.120]  他們失去了兩個孩子
[00:38:37.120 --> 00:38:39.720]  他們承受熱帶疾病的折磨
[00:38:39.720 --> 00:38:42.040]  他們與親朋好友隔絕
[00:38:42.040 --> 00:38:44.800]  他們承受來自支持者的壓力
[00:38:44.800 --> 00:38:46.480]  會利用什麼?
[00:38:46.480 --> 00:38:47.880]  辛勞九年
[00:38:47.880 --> 00:38:49.440]  十八個人信主
[00:38:49.440 --> 00:38:52.400]  如果從人數來講
[00:38:52.400 --> 00:38:53.600]  真的很不划算
[00:38:53.600 --> 00:38:55.960]  但是從上帝的角度來看
[00:38:56.080 --> 00:38:59.200]  每一個重新得救的靈魂都極為寶貴
[00:38:59.200 --> 00:39:02.080]  而且Jackson兩夫婦的忠心
[00:39:02.080 --> 00:39:04.920]  他們在受苦當中仍然同齡站穩
[00:39:04.920 --> 00:39:06.840]  仍然為福音齊心努力
[00:39:06.840 --> 00:39:09.480]  實在是讓上帝極為的喜悅
[00:39:09.480 --> 00:39:11.800]  因為這樣的生命、這樣的忠心
[00:39:11.800 --> 00:39:14.840]  實在是與他們的愛子所承受的福音相稱
[00:39:14.840 --> 00:39:17.480]  但故事還未完
[00:39:17.480 --> 00:39:20.240]  Jackson將要為基督受更多的苦
[00:39:20.240 --> 00:39:22.320]  第四部分
[00:39:22.320 --> 00:39:23.480]  死亡監獄
[00:39:23.480 --> 00:39:24.520]  屬靈的深淵
[00:39:25.440 --> 00:39:26.680]  到了1824年
[00:39:26.680 --> 00:39:29.400]  英國和緬甸之間爆發戰爭
[00:39:29.400 --> 00:39:33.680]  同年5月英國艦隊到了仰光轟炸港口
[00:39:33.680 --> 00:39:35.400]  他們所住在仰光的
[00:39:35.400 --> 00:39:36.960]  所以所有的西方人
[00:39:36.960 --> 00:39:40.040]  立即被緬甸政府視為間諜
[00:39:40.040 --> 00:39:41.640]  就在6月8日
[00:39:41.640 --> 00:39:43.960]  Jackson就從家裡拖走
[00:39:43.960 --> 00:39:45.280]  彎進去監獄那裡
[00:39:45.280 --> 00:39:47.080]  這個監獄很出名的
[00:39:47.080 --> 00:39:49.080]  因為它極其惡劣的環境
[00:39:49.080 --> 00:39:50.880]  它有一個綽號叫做死亡監獄
[00:39:50.880 --> 00:39:53.160]  進去也死了九成
[00:39:53.720 --> 00:39:55.640]  在監獄裡面Jackson受盡折磨
[00:39:55.640 --> 00:39:59.280]  他被塞進一間衛生環境極度惡劣的房間
[00:39:59.280 --> 00:40:01.240]  和幾十名同樣絕望
[00:40:01.240 --> 00:40:02.680]  衣不閉體的囚犯
[00:40:02.680 --> 00:40:03.400]  擠在一起
[00:40:03.400 --> 00:40:05.040]  那裡酷熱難耐
[00:40:05.040 --> 00:40:05.880]  令人窒息
[00:40:05.880 --> 00:40:07.280]  到處都是害蟲
[00:40:07.280 --> 00:40:09.680]  監獄的食物配給匱乏
[00:40:09.680 --> 00:40:11.120]  而且是還沒煮熟的
[00:40:11.120 --> 00:40:13.480]  所以他要承受極度的飢餓
[00:40:13.480 --> 00:40:16.920]  他還遭受令他瀕臨死亡的熱帶高燒
[00:40:16.920 --> 00:40:19.600]  而且最慘的就是每個晚上
[00:40:19.600 --> 00:40:21.080]  浴卒是會用一個
[00:40:21.080 --> 00:40:22.480]  好像你看到左邊那樣
[00:40:22.480 --> 00:40:23.720]  用一支竿子
[00:40:23.720 --> 00:40:25.800]  穿過囚犯雙腳間的腳鐐
[00:40:25.800 --> 00:40:27.160]  將他們向上吊起
[00:40:27.160 --> 00:40:29.920]  直到囚犯只有肩膀和頭部著地
[00:40:29.920 --> 00:40:31.920]  身體其他部分完全懸空
[00:40:31.920 --> 00:40:33.400]  所以你可以想象
[00:40:33.400 --> 00:40:34.920]  其實他是不能夠睡覺
[00:40:34.920 --> 00:40:35.800]  不能夠休息
[00:40:35.800 --> 00:40:39.920]  Ann當時懷著他們第三個孩子
[00:40:39.920 --> 00:40:43.280]  但是她仍然每一天步行兩英里去皇宮
[00:40:43.280 --> 00:40:45.560]  去申辯Jackson其實不是間諜
[00:40:45.560 --> 00:40:47.000]  希望他們釋放Jackson
[00:40:47.000 --> 00:40:51.240]  雖然Ann幫Jackson爭取到一點點的寬待
[00:40:51.520 --> 00:40:53.960]  讓他有時候可以去院子裡走走
[00:40:53.960 --> 00:40:56.520]  Ann也有時候可以帶一些食物給Jackson
[00:40:56.520 --> 00:40:57.960]  但是整體而言
[00:40:57.960 --> 00:41:00.960]  Jackson是承受跟其他囚犯差不多的折磨
[00:41:00.960 --> 00:41:03.560]  將近一年之後
[00:41:03.560 --> 00:41:05.040]  Jackson和其他囚犯
[00:41:05.040 --> 00:41:08.120]  突然要被轉移到一個偏遠的村莊監獄
[00:41:08.120 --> 00:41:09.800]  他們要赤腳
[00:41:09.800 --> 00:41:12.200]  在叢林當中走十三公里
[00:41:12.200 --> 00:41:14.880]  其實當時他們已經骨瘦如柴
[00:41:14.880 --> 00:41:15.880]  殘破不堪
[00:41:15.880 --> 00:41:17.760]  所以這個轉移的路程
[00:41:17.760 --> 00:41:20.160]  是令很多囚犯途中死亡
[00:41:20.840 --> 00:41:22.400]  Jackson甚至想過自殺
[00:41:22.400 --> 00:41:23.400]  結束自己的生命
[00:41:23.400 --> 00:41:26.920]  當時他們的女兒Maria已經出生了
[00:41:26.920 --> 00:41:29.000]  但是
[00:41:29.000 --> 00:41:33.000]  Ann幾乎跟Jackson一樣都是病弱和消瘦
[00:41:33.000 --> 00:41:36.280]  但是她仍然帶著Maria追隨Jackson
[00:41:36.280 --> 00:41:38.280]  去到偏遠的村莊
[00:41:38.280 --> 00:41:39.880]  盡她所能去照顧他
[00:41:39.880 --> 00:41:41.960]  由於身體虛弱
[00:41:41.960 --> 00:41:43.880]  Ann的乳汁也乾涸
[00:41:43.880 --> 00:41:45.640]  她不能夠餵Maria
[00:41:45.640 --> 00:41:48.320]  但是玉卒竟然起了憐憫之心
[00:41:48.480 --> 00:41:51.320]  竟然允許Jackson每晚離開監獄
[00:41:51.320 --> 00:41:53.320]  抱著寶寶去到村莊裏面
[00:41:53.320 --> 00:41:55.640]  懇求其他婦女去餵寶寶
[00:41:55.640 --> 00:41:58.840]  在1825年11月
[00:41:58.840 --> 00:42:00.440]  在入獄17個月之後
[00:42:00.440 --> 00:42:01.920]  Jackson突然被釋放
[00:42:01.920 --> 00:42:06.800]  因為緬甸政府需要他擔任跟英國談判的翻譯
[00:42:06.800 --> 00:42:08.880]  漫長的折磨終於結束
[00:42:08.880 --> 00:42:10.720]  17個月的監禁
[00:42:10.720 --> 00:42:12.720]  在死亡邊緣裏掙扎
[00:42:12.720 --> 00:42:13.600]  終於結束
[00:42:13.600 --> 00:42:16.720]  但是他的妻子Ann為了照顧Jackson
[00:42:16.720 --> 00:42:19.920]  他自己和嬰兒都負上了很大的代價
[00:42:19.920 --> 00:42:22.200]  Ann的健康已經崩潰
[00:42:22.200 --> 00:42:24.080]  所以在11個月之後
[00:42:24.080 --> 00:42:25.400]  1826年的10月
[00:42:25.400 --> 00:42:27.680]  36歲的Ann死了
[00:42:27.680 --> 00:42:29.720]  在6個月之後
[00:42:29.720 --> 00:42:32.640]  他們的女兒兩歲的Maria也死了
[00:42:32.640 --> 00:42:35.520]  1827年的7月
[00:42:35.520 --> 00:42:37.760]  當他女兒去世3個月之後
[00:42:37.760 --> 00:42:40.720]  Jackson也收到他在美國的爸爸
[00:42:40.720 --> 00:42:42.960]  在8個月前其實已經離世的消息
[00:42:45.440 --> 00:42:49.000]  這些接連的失去對Jackson造成毀滅性的心理打擊
[00:42:49.000 --> 00:42:51.720]  自我懷疑佔據了他的心
[00:42:51.720 --> 00:42:54.880]  他開始懷疑自己當初成為宣教士
[00:42:54.880 --> 00:42:57.520]  是出於野心和對明星的追求
[00:42:57.520 --> 00:42:59.360]  而不是出於對基督的愛
[00:42:59.360 --> 00:43:01.880]  他陷入重度的抑鬱當中
[00:43:01.880 --> 00:43:05.480]  他放下了他最熱愛的聖經翻譯工作
[00:43:05.480 --> 00:43:06.680]  遠離人群
[00:43:06.680 --> 00:43:09.760]  他銷毀了所有讚揚他的信
[00:43:09.760 --> 00:43:12.160]  他特意寫信回到美國
[00:43:12.160 --> 00:43:14.920]  公開宣告他放棄布朗大學
[00:43:14.920 --> 00:43:17.440]  早前頒給他的榮譽博士學位
[00:43:17.440 --> 00:43:21.760]  他也要求家人將他這些年來寄回美國的書信
[00:43:21.760 --> 00:43:24.080]  和所有的著作全部銷毀
[00:43:24.080 --> 00:43:27.840]  他將自己的食物攝取量限制在最低的限度
[00:43:27.840 --> 00:43:32.440]  並且將很多的個人物品和所有的財產都捐贈出去
[00:43:32.440 --> 00:43:35.280]  在1828年的10月
[00:43:35.280 --> 00:43:37.640]  在Ann離世兩週年的日子
[00:43:37.640 --> 00:43:41.800]  他在遠離人群的叢林當中建了一間小屋搬進去
[00:43:42.040 --> 00:43:45.960]  他過著完全孤獨不與任何人接觸的生活
[00:43:45.960 --> 00:43:49.560]  他定義拒絕任何有可能使自己快樂的事
[00:43:49.560 --> 00:43:53.280]  他在屋旁挖開了自己的墳戶
[00:43:53.280 --> 00:43:58.080]  他坐在旁邊不斷思想死亡和肉體的腐朽
[00:43:58.080 --> 00:43:59.880]  很明顯
[00:43:59.880 --> 00:44:02.280]  Jackson是患上了嚴重的抑鬱症
[00:44:02.280 --> 00:44:03.880]  但除此之外
[00:44:03.880 --> 00:44:06.080]  他也陷入了一個屬靈的深淵
[00:44:06.080 --> 00:44:08.680]  在一封信當中他這樣寫
[00:44:09.720 --> 00:44:12.800]  他說:「上帝對我來說是一個偉大的未知
[00:44:12.800 --> 00:44:14.080]  我相信祂
[00:44:14.080 --> 00:44:15.680]  但我找不到祂」
[00:44:15.680 --> 00:44:19.000]  弟兄姊妹保羅告訴我們
[00:44:19.000 --> 00:44:20.840]  在為基督受苦當中
[00:44:20.840 --> 00:44:24.320]  我們會得到包括基督勸勉等四個Buff
[00:44:24.320 --> 00:44:26.840]  或者我們以為
[00:44:26.840 --> 00:44:28.560]  有了這四個Buff的盼望
[00:44:28.560 --> 00:44:31.280]  我們一定可以很忠心地忍受苦難
[00:44:31.280 --> 00:44:34.000]  或者我們會以為在苦難當中
[00:44:34.000 --> 00:44:36.040]  我們會很快得到安慰
[00:44:36.040 --> 00:44:38.760]  我們會很快感受到聖靈的同在
[00:44:39.520 --> 00:44:41.160]  但Jackson的經歷告訴我們
[00:44:41.160 --> 00:44:42.040]  苦難之後
[00:44:42.040 --> 00:44:44.760]  有時候我們感受到的是更深的黑暗
[00:44:44.760 --> 00:44:45.880]  抑鬱
[00:44:45.880 --> 00:44:46.960]  絕望
[00:44:46.960 --> 00:44:47.800]  自責
[00:44:47.800 --> 00:44:48.760]  孤獨
[00:44:48.760 --> 00:44:51.040]  甚至感到找不到上帝
[00:44:51.040 --> 00:44:54.560]  這不是你是否忠心
[00:44:54.560 --> 00:44:56.600]  不是你有沒有信心的問題
[00:44:56.600 --> 00:44:59.480]  而是人力有時易窮
[00:44:59.480 --> 00:45:01.880]  因為如果一個人患上抑鬱症
[00:45:01.880 --> 00:45:05.080]  就好像他患上身體上一些疾病一樣
[00:45:05.080 --> 00:45:06.600]  不是他自己想好一點
[00:45:06.600 --> 00:45:08.280]  自己可以處理得到
[00:45:08.280 --> 00:45:10.360]  他用意志力就可以處理得到的事情
[00:45:10.360 --> 00:45:14.960]  但是在最深的黑暗裡面
[00:45:14.960 --> 00:45:16.640]  上帝仍然掌權
[00:45:16.640 --> 00:45:19.680]  基督的愛仍然沒有被隔絕
[00:45:19.680 --> 00:45:24.200]  保羅在《羅馬書八章》講到
[00:45:24.200 --> 00:45:25.960]  他說我們是上帝的兒女
[00:45:25.960 --> 00:45:27.800]  既然我們是兒女
[00:45:27.800 --> 00:45:28.600]  就是後子
[00:45:28.600 --> 00:45:30.320]  跟基督同作後子
[00:45:30.320 --> 00:45:31.960]  同作後子會怎樣呢?
[00:45:31.960 --> 00:45:33.600]  會與基督一同受苦
[00:45:33.600 --> 00:45:34.920]  會同得榮耀
[00:45:34.920 --> 00:45:36.240]  然後保羅繼續說
[00:45:36.240 --> 00:45:39.040]  現在的苦楚比起將來的榮耀是不足介意的
[00:45:39.040 --> 00:45:40.880]  所以我們應該要耐心等候
[00:45:40.880 --> 00:45:43.440]  但是我們仍然可能會有軟弱
[00:45:43.440 --> 00:45:46.600]  所以他提到聖靈會親自用說不出來的嘆息
[00:45:46.600 --> 00:45:48.160]  替我們去禱告
[00:45:48.160 --> 00:45:49.760]  替聖徒去祈求
[00:45:49.760 --> 00:45:51.520]  而且不單只是聖靈
[00:45:51.520 --> 00:45:53.160]  還有耶穌基督替我們祈求
[00:45:53.160 --> 00:45:55.000]  八章33、34節
[00:45:55.000 --> 00:45:57.960]  誰能控告上帝所揀選的人呢?
[00:45:57.960 --> 00:46:00.440]  有上帝稱他們為異了
[00:46:00.440 --> 00:46:02.400]  誰能定他們的罪呢?
[00:46:02.400 --> 00:46:04.320]  有基督耶穌已經死了
[00:46:04.320 --> 00:46:05.480]  而且復活了
[00:46:05.480 --> 00:46:08.680]  現今在上帝的右邊也替我們祈求
[00:46:08.680 --> 00:46:12.640]  為什麼保羅在講到受苦的時候
[00:46:12.640 --> 00:46:15.280]  會突然間講控告和定罪呢?
[00:46:15.280 --> 00:46:19.680]  因為苦難很容易會讓人懷疑上帝
[00:46:19.680 --> 00:46:23.080]  魔鬼撒旦會藉著苦難去發出質疑的聲音
[00:46:23.080 --> 00:46:23.600]  他說
[00:46:23.600 --> 00:46:25.120]  上帝真的愛你嗎?
[00:46:25.120 --> 00:46:26.400]  如果祂真的愛你
[00:46:26.400 --> 00:46:28.160]  為什麼會容許這些事情發生呢?
[00:46:28.160 --> 00:46:29.960]  而且不單止
[00:46:29.960 --> 00:46:34.080]  上帝還會引誘人懷疑自己對上帝的愛
[00:46:34.320 --> 00:46:37.840]  就像Justin他懷疑自己成為宣教士的動機
[00:46:37.840 --> 00:46:41.480]  撒旦會不斷控告這些為主受苦爭戰的人
[00:46:41.480 --> 00:46:43.440]  撒旦會想要定他們的罪
[00:46:43.440 --> 00:46:45.920]  但是保羅提醒我們
[00:46:45.920 --> 00:46:49.000]  有基督耶穌為我們代罪、替死
[00:46:49.000 --> 00:46:52.040]  他現在也在上帝的右邊為我們祈求
[00:46:52.040 --> 00:46:58.320]  剛才我刻意提到paraklesis這三重含義
[00:46:58.320 --> 00:47:01.240]  除了給我們安慰和鼓勵之外
[00:47:01.240 --> 00:47:02.680]  很重要的第三重含義
[00:47:02.680 --> 00:47:04.120]  他向上帝代求
[00:47:04.960 --> 00:47:08.040]  基督就好像法庭中的辯護律師那樣
[00:47:08.040 --> 00:47:10.440]  就算我們覺得我們找不到上帝
[00:47:10.440 --> 00:47:12.360]  就算我們在黑暗當中
[00:47:12.360 --> 00:47:14.600]  他用自己的代罪替死
[00:47:14.600 --> 00:47:15.680]  為贖祂的人
[00:47:15.680 --> 00:47:17.560]  代求聖潔上帝的憐憫
[00:47:17.560 --> 00:47:20.040]  所以
[00:47:20.040 --> 00:47:22.240]  菲律賓書二章一節所說的四個buff
[00:47:22.240 --> 00:47:24.800]  不是一個簡單普通的安慰
[00:47:24.800 --> 00:47:26.640]  他們是
[00:47:26.640 --> 00:47:29.360]  基督耶穌在我們最破碎
[00:47:29.360 --> 00:47:30.360]  最黑暗
[00:47:30.360 --> 00:47:31.680]  最懷疑的時刻
[00:47:31.680 --> 00:47:33.560]  仍然不放棄我們
[00:47:33.720 --> 00:47:35.200]  仍然一步一步地
[00:47:35.200 --> 00:47:37.600]  將我們拉回來的持續的恩典
[00:47:37.600 --> 00:47:41.520]  講回Justin吧
[00:47:41.520 --> 00:47:43.760]  他在嚴重的抑鬱症當中
[00:47:43.760 --> 00:47:46.480]  再次收到一個親人去世的消息
[00:47:46.480 --> 00:47:48.840]  他的弟弟Alnathan
[00:47:48.840 --> 00:47:50.720]  在1829年的5月去世
[00:47:50.720 --> 00:47:52.440]  當時年僅35歲
[00:47:52.440 --> 00:47:54.520]  但是奇妙的是
[00:47:54.520 --> 00:47:57.040]  這個竟然成為他康復的轉捩點
[00:47:57.040 --> 00:47:58.760]  因為他有理由相信
[00:47:58.760 --> 00:48:01.400]  這個在他17年前離開美國的時候
[00:48:01.400 --> 00:48:02.960]  還沒信主的弟弟
[00:48:03.160 --> 00:48:05.280]  在離世的時間已經歸順了
[00:48:05.280 --> 00:48:07.800]  所以由1830年開始
[00:48:07.800 --> 00:48:09.200]  41歲的Justin
[00:48:09.200 --> 00:48:10.960]  逐漸在抑鬱的深淵當中
[00:48:10.960 --> 00:48:12.000]  漸漸爬出來
[00:48:12.000 --> 00:48:15.280]  當時他不知道其實他只剩下20年壽命
[00:48:15.280 --> 00:48:16.960]  20年繼續去宣教
[00:48:16.960 --> 00:48:18.320]  然後他就進入永恆
[00:48:18.320 --> 00:48:20.960]  我們會很快地總結這20年
[00:48:20.960 --> 00:48:25.080]  首先他完成了整本緬甸語聖經的翻譯
[00:48:25.080 --> 00:48:27.440]  這本聖經現在仍然在使用
[00:48:27.440 --> 00:48:29.800]  是緬甸教會成長的重要支柱
[00:48:30.840 --> 00:48:33.160]  另外在1831年開始
[00:48:33.160 --> 00:48:36.440]  他經歷了緬甸人對靈性追求的大復興
[00:48:36.440 --> 00:48:40.040]  有很多不同的人從全國各地來找Justin
[00:48:40.040 --> 00:48:41.360]  想要認識耶穌
[00:48:41.360 --> 00:48:43.880]  特別值得一提的是一個族群
[00:48:43.880 --> 00:48:44.960]  叫做卡倫族
[00:48:44.960 --> 00:48:46.880]  因為他們在這個族當中
[00:48:46.880 --> 00:48:48.560]  有一個很有趣的傳說
[00:48:48.560 --> 00:48:49.920]  他們的傳說就是說
[00:48:49.920 --> 00:48:52.040]  將來會有一個白皮膚的人
[00:48:52.040 --> 00:48:53.120]  來到他們當中
[00:48:53.120 --> 00:48:55.040]  帶領他們去認識這個真神
[00:48:55.040 --> 00:48:57.960]  所以當Justin和他的同工
[00:48:57.960 --> 00:49:00.040]  去接觸到卡倫族的時候
[00:49:00.040 --> 00:49:02.040]  這個族大規模地信主
[00:49:02.040 --> 00:49:05.040]  所以最後20年Justin的宣教工作
[00:49:05.040 --> 00:49:06.760]  可以說是急速增長
[00:49:06.760 --> 00:49:07.920]  剛才我們說過
[00:49:07.920 --> 00:49:08.880]  頭9年
[00:49:08.880 --> 00:49:10.240]  18個人信主
[00:49:10.240 --> 00:49:12.160]  但是經過這最後20年
[00:49:12.160 --> 00:49:14.840]  到1850年Justin離世的時間
[00:49:14.840 --> 00:49:17.200]  緬甸已經有大概100間教會
[00:49:17.200 --> 00:49:19.040]  有7000至8000個基督徒
[00:49:19.040 --> 00:49:21.680]  1850年
[00:49:21.680 --> 00:49:22.560]  Justin健康
[00:49:22.560 --> 00:49:24.160]  因為長期肺病惡化
[00:49:24.160 --> 00:49:25.600]  他登上一艘船
[00:49:25.600 --> 00:49:28.320]  希望前往一個氣候較好的地方去療養
[00:49:28.880 --> 00:49:31.040]  在1850年4月
[00:49:31.040 --> 00:49:32.320]  61歲的Justin
[00:49:32.320 --> 00:49:34.320]  在孟加拉灣海上去世
[00:49:34.320 --> 00:49:37.160]  臨終之前他回望他的一生
[00:49:37.160 --> 00:49:39.200]  他說我從來沒有後悔
[00:49:39.200 --> 00:49:40.960]  踏上那條通往緬甸的路
[00:49:40.960 --> 00:49:44.640]  靠著菲勒比書二章一節所說的四個Buff
[00:49:44.640 --> 00:49:47.000]  Justin勝過了死亡監獄
[00:49:47.000 --> 00:49:48.120]  屬靈的深淵
[00:49:48.120 --> 00:49:49.640]  他致死忠心
[00:49:49.640 --> 00:49:52.560]  所以得著基督所應許的生命冠冕
[00:49:52.560 --> 00:49:56.800]  來到最後一個部分
[00:49:56.800 --> 00:49:58.560]  最後故事《十誡基督》
[00:49:58.920 --> 00:50:01.000]  我們要倒帶重溫5年
[00:50:01.000 --> 00:50:02.520]  回到1845年
[00:50:02.520 --> 00:50:04.480]  1845年發生什麼事呢?
[00:50:04.480 --> 00:50:06.840]  1845年Justin回到美國
[00:50:06.840 --> 00:50:09.400]  剛才說到1830年的時間
[00:50:09.400 --> 00:50:11.360]  他逐漸抑鬱症當中康復
[00:50:11.360 --> 00:50:13.320]  然後1834年
[00:50:13.320 --> 00:50:14.240]  在緬甸
[00:50:14.240 --> 00:50:16.960]  Justin和一個喪夫的美國女宣教士
[00:50:16.960 --> 00:50:18.080]  Sarah Bodman結婚
[00:50:18.080 --> 00:50:20.600]  然後1845年
[00:50:20.600 --> 00:50:21.920]  十幾年之後
[00:50:21.920 --> 00:50:24.960]  Sarah因為感染慢性痢疾
[00:50:24.960 --> 00:50:26.320]  而按醫生的建議
[00:50:26.320 --> 00:50:27.720]  需要啟程回美國
[00:50:27.720 --> 00:50:29.200]  所以他們才回美國而已
[00:50:29.200 --> 00:50:30.960]  但是在旋程當中
[00:50:30.960 --> 00:50:31.880]  Sarah死了
[00:50:31.880 --> 00:50:35.280]  剩下Justin和他們其中三個子女
[00:50:35.280 --> 00:50:38.640]  在那年10月抵達了波士頓
[00:50:38.640 --> 00:50:40.600]  這個剛才我們說了
[00:50:40.600 --> 00:50:43.320]  Justin在1812年啟程宣教
[00:50:43.320 --> 00:50:45.080]  1845年回到美國
[00:50:45.080 --> 00:50:46.680]  中間33年來
[00:50:46.680 --> 00:50:47.960]  第一次回到美國
[00:50:47.960 --> 00:50:51.640]  雖然在一次喪偶的悲傷當中
[00:50:51.640 --> 00:50:53.080]  但是Justin意想不到
[00:50:53.080 --> 00:50:54.040]  他回到美國
[00:50:54.040 --> 00:50:55.600]  受到英雄式的歡迎
[00:50:56.160 --> 00:50:57.800]  因為他在緬甸的經歷
[00:50:57.800 --> 00:51:00.080]  Justin在美國的基督徒群體當中
[00:51:00.080 --> 00:51:01.240]  成為一個傳奇
[00:51:01.240 --> 00:51:04.520]  在平均壽命只有5年的情況之下
[00:51:04.520 --> 00:51:06.400]  他侍奉了33年
[00:51:06.400 --> 00:51:08.880]  所以他回國激起了極大的興奮
[00:51:08.880 --> 00:51:10.080]  無論是西族
[00:51:10.080 --> 00:51:12.120]  又或者基督教背景的媒體
[00:51:12.120 --> 00:51:15.120]  都密切地關注和報導他的行蹤
[00:51:15.120 --> 00:51:16.480]  有很多的教會
[00:51:16.480 --> 00:51:17.240]  很多的團體
[00:51:17.240 --> 00:51:19.760]  都想邀請Justin到他們當中去講道
[00:51:19.760 --> 00:51:23.440]  但是當時Justin的身體狀況其實不理想
[00:51:23.640 --> 00:51:26.480]  加上他意識到很多教會邀請他去講道
[00:51:26.480 --> 00:51:28.560]  不是為了想他講福音
[00:51:28.560 --> 00:51:31.080]  而是出於一種西族的好奇心
[00:51:31.080 --> 00:51:34.240]  所以他拒絕了絕大部分的講道邀請
[00:51:34.240 --> 00:51:36.000]  但有一次
[00:51:36.000 --> 00:51:37.200]  他受邀
[00:51:37.200 --> 00:51:39.200]  去到他第三任的妻子
[00:51:39.200 --> 00:51:41.920]  Emily Chubbuck的舞會去講道
[00:51:41.920 --> 00:51:45.520]  當Justin會成為客席講員的消息傳出
[00:51:45.520 --> 00:51:47.920]  四方八面的人都蜂擁而至
[00:51:47.920 --> 00:51:50.240]  他渴望聽這位傳奇宣教士
[00:51:50.240 --> 00:51:52.600]  分享他在緬甸宣教幾十年
[00:51:53.040 --> 00:51:56.240]  分享他如何在殘酷的死亡監獄當中倖存
[00:51:56.240 --> 00:51:59.160]  他們期待一些令人驚嘆的故事
[00:51:59.160 --> 00:52:03.560]  當時Justin因為患上了慢性喉炎
[00:52:03.560 --> 00:52:04.920]  不能夠大聲說話
[00:52:04.920 --> 00:52:06.360]  而且當時沒有咪高峰
[00:52:06.360 --> 00:52:11.880]  所以他講道的時間只能夠向他的助手靜悄悄地說
[00:52:11.880 --> 00:52:14.160]  然後助手高聲轉述他的說話
[00:52:14.160 --> 00:52:15.920]  講道的那天
[00:52:15.920 --> 00:52:17.480]  Justin走上講台
[00:52:17.480 --> 00:52:19.800]  雖然他帶著軟弱的身體
[00:52:19.800 --> 00:52:21.920]  雖然只剩下微弱的聲音
[00:52:22.440 --> 00:52:25.480]  但Justin充滿激情地說了十五分鐘
[00:52:25.480 --> 00:52:29.320]  他生命當中最美麗、最奇妙的故事
[00:52:29.320 --> 00:52:30.880]  什麼故事呢?
[00:52:30.880 --> 00:52:33.720]  以下是他的太太Emily留下的記錄
[00:52:33.720 --> 00:52:37.040]  他以極其簡樸的方式
[00:52:37.040 --> 00:52:38.640]  帶著動人的感染力
[00:52:38.640 --> 00:52:40.000]  用了大約十五分鐘
[00:52:40.000 --> 00:52:42.280]  講述那位寶貴的救主
[00:52:42.280 --> 00:52:44.360]  他為我們所做的一切
[00:52:44.360 --> 00:52:46.240]  以及我們對他的虧欠
[00:52:46.240 --> 00:52:48.440]  然而當他坐下時
[00:52:48.440 --> 00:52:51.160]  即使是最不經意的觀察者也能看出
[00:52:51.320 --> 00:52:53.480]  大多數聽眾都感到失望
[00:52:53.480 --> 00:52:57.320]  聚會結束後有幾個人坦率地問我
[00:52:57.320 --> 00:53:00.240]  為什麼Justin博士不說其他的東西呢?
[00:53:00.240 --> 00:53:02.000]  為什麼他不說這個故事呢?
[00:53:02.000 --> 00:53:05.720]  另外一些人就根本不提他曾經說過
[00:53:05.720 --> 00:53:07.480]  以此來表達他們的失望
[00:53:07.480 --> 00:53:09.520]  在回家的路上
[00:53:09.520 --> 00:53:11.200]  我向Justin提起這件事
[00:53:11.200 --> 00:53:12.880]  Justin就說
[00:53:12.880 --> 00:53:13.600]  為什麼呢?
[00:53:13.600 --> 00:53:14.760]  他們想要什麼呢?
[00:53:14.760 --> 00:53:16.360]  我已經盡我所能
[00:53:16.360 --> 00:53:19.320]  講出世界上最美麗、最奇妙的主題了
[00:53:19.320 --> 00:53:21.000]  Emily就說
[00:53:21.000 --> 00:53:22.800]  但他們想要一些不同的東西
[00:53:22.800 --> 00:53:26.320]  我確實給了他們一個故事
[00:53:26.320 --> 00:53:28.960]  一個人類所能想象的
[00:53:28.960 --> 00:53:30.520]  最激動人心的故事
[00:53:30.520 --> 00:53:32.800]  但他們以前聽過了
[00:53:32.800 --> 00:53:33.720]  他們想要一個
[00:53:33.720 --> 00:53:36.440]  在地球另一端回來的人
[00:53:36.440 --> 00:53:37.920]  帶來一些新奇的東西
[00:53:37.920 --> 00:53:41.880]  我會很高興地告訴他們
[00:53:41.880 --> 00:53:44.760]  一個在地球另一端回來的人
[00:53:44.760 --> 00:53:46.640]  都沒有發現任何
[00:53:46.640 --> 00:53:48.480]  比耶穌犧牲的愛
[00:53:48.480 --> 00:53:50.680]  更美好的故事可以告訴他們
[00:53:51.600 --> 00:53:52.640]  我的使命
[00:53:52.640 --> 00:53:54.720]  就是要傳講基督的福音
[00:53:54.720 --> 00:53:56.640]  當我能夠講到的時候
[00:53:56.640 --> 00:53:58.960]  我絕對不敢輕忽我的樸負
[00:53:58.960 --> 00:54:01.480]  今天當我看著那些會眾
[00:54:01.480 --> 00:54:04.360]  我想起下次將會在哪裡與他們相遇
[00:54:04.360 --> 00:54:06.920]  以致在永恆當中會再見他們
[00:54:06.920 --> 00:54:12.240]  我怎麼能夠只為滿足他們虛妄的好奇心而講呢?
[00:54:12.240 --> 00:54:14.400]  我怎麼能夠用有趣的故事
[00:54:14.400 --> 00:54:16.480]  來展示他們的仰處呢?
[00:54:16.480 --> 00:54:18.280]  就算我將這些故事
[00:54:18.280 --> 00:54:21.280]  體面地串在一條叫做宗教的線上
[00:54:21.280 --> 00:54:24.080]  這不是基督所說的全副音
[00:54:24.080 --> 00:54:25.440]  再者
[00:54:25.440 --> 00:54:28.000]  我將來要怎麼面對那個可怕的指控
[00:54:28.000 --> 00:54:29.480]  就是如果上帝問我
[00:54:29.480 --> 00:54:32.600]  我曾經給你一次機會向他們講述我
[00:54:32.600 --> 00:54:34.360]  你卻把它浪費在
[00:54:34.360 --> 00:54:36.360]  描述你自己的冒險經歷上
[00:54:36.360 --> 00:54:41.040]  則神選擇只是講基督
[00:54:41.040 --> 00:54:43.320]  而不是講他自己在緬甸的經歷
[00:54:43.320 --> 00:54:45.000]  不是因為他不好意思
[00:54:45.000 --> 00:54:46.800]  不是因為他故作謙虛
[00:54:47.080 --> 00:54:48.760]  而是他真心地覺得
[00:54:48.760 --> 00:54:52.200]  沒有任何的東西比耶穌犧牲的愛更美好
[00:54:52.200 --> 00:54:53.280]  更榮耀
[00:54:53.280 --> 00:54:56.880]  難得有機會可以跟這些人講副音
[00:54:56.880 --> 00:54:59.280]  因為那可能是唯一的機會
[00:54:59.280 --> 00:55:01.680]  卓森真心認為講自己的經歷
[00:55:01.680 --> 00:55:02.680]  而不講基督的副音
[00:55:02.680 --> 00:55:04.000]  是一種浪費
[00:55:04.000 --> 00:55:06.720]  對於基督的耶穌的心為心
[00:55:06.720 --> 00:55:09.200]  因為他只想歸榮耀給付上帝
[00:55:09.200 --> 00:55:12.200]  我相信如果保羅
[00:55:12.200 --> 00:55:13.840]  今天來到我們這個講道
[00:55:13.840 --> 00:55:14.720]  他也是一樣
[00:55:15.160 --> 00:55:17.160]  他只會全講耶穌基督
[00:55:17.160 --> 00:55:18.600]  並他釘十字架
[00:55:18.600 --> 00:55:20.440]  正如他以基督之歌
[00:55:20.440 --> 00:55:22.240]  作為菲勒比書的中心一樣
[00:55:22.240 --> 00:55:24.120]  因為這就是他最真誠
[00:55:24.120 --> 00:55:25.640]  最傾心的愛慕
[00:55:25.640 --> 00:55:27.720]  是他生命當中最奇妙
[00:55:27.720 --> 00:55:28.800]  最美麗
[00:55:28.800 --> 00:55:30.080]  最激動人心
[00:55:30.080 --> 00:55:32.080]  最值得被全講的故事
[00:55:32.080 --> 00:55:35.240]  最後我想用一個問題
[00:55:35.240 --> 00:55:36.440]  結束今天的訊息
[00:55:36.440 --> 00:55:38.240]  弟兄姊妹
[00:55:38.240 --> 00:55:39.560]  說真的
[00:55:39.560 --> 00:55:41.640]  什麼是你最真誠
[00:55:41.640 --> 00:55:43.360]  最傾心的愛慕?
[00:55:44.360 --> 00:55:45.640]  如果你要留下一段
[00:55:45.640 --> 00:55:47.640]  你生命當中最美的故事
[00:55:47.640 --> 00:55:49.680]  你會選擇什麼故事?
[00:55:49.680 --> 00:55:51.560]  我們一起祈禱
[00:55:51.560 --> 00:55:58.200]  天父我們感謝祢
[00:55:58.200 --> 00:56:00.440]  在我們還作罪人的時間
[00:56:00.440 --> 00:56:02.880]  祢已經差派來的愛子拯救我們
[00:56:02.880 --> 00:56:06.120]  祢藉著祢的恩典尋找我們
[00:56:06.120 --> 00:56:07.160]  捉住我們
[00:56:07.160 --> 00:56:08.880]  呼喚我們去迴轉
[00:56:08.880 --> 00:56:11.200]  受我們蒙恩信服基督
[00:56:11.200 --> 00:56:14.240]  感謝祢透過保羅呼召我們
[00:56:14.240 --> 00:56:17.320]  走上與基督福音相稱的路
[00:56:17.320 --> 00:56:19.760]  這條路雖然有爭戰
[00:56:19.760 --> 00:56:21.960]  但祢應許在爭戰當中
[00:56:21.960 --> 00:56:25.200]  刺下包括基督、勸勉等四個Buff
[00:56:25.200 --> 00:56:28.360]  而且聖靈會用說不出來的嘆息
[00:56:28.360 --> 00:56:29.680]  為我們去禱告
[00:56:29.680 --> 00:56:31.920]  耶穌基督也會在你的右邊
[00:56:31.920 --> 00:56:33.120]  為我們去代求
[00:56:33.120 --> 00:56:35.200]  即使我們最破碎
[00:56:35.200 --> 00:56:36.280]  最黑暗的時刻
[00:56:36.280 --> 00:56:38.040]  祢仍然在你的恩典當中
[00:56:38.040 --> 00:56:39.840]  一步一步扶持我們
[00:56:39.840 --> 00:56:41.240]  感謝祢
[00:56:41.240 --> 00:56:42.640]  讓我們可以蒙恩
[00:56:42.640 --> 00:56:43.760]  為基督受苦
[00:56:44.960 --> 00:56:45.720]  求祢幫助我們
[00:56:45.720 --> 00:56:48.800]  單單以耶穌基督並他釘十字架
[00:56:48.800 --> 00:56:50.440]  為我們最真誠
[00:56:50.440 --> 00:56:51.920]  最傾心的愛慕
[00:56:51.920 --> 00:56:55.120]  讓我們不愛世界和世界上的東西
[00:56:55.120 --> 00:56:58.240]  單單渴想歸榮耀給付上帝
[00:56:58.240 --> 00:57:01.200]  願我們一生喜樂地跟隨耶穌
[00:57:01.200 --> 00:57:03.240]  願我們活著就是基督
[00:57:03.240 --> 00:57:04.720]  死了就有益處
[00:57:04.720 --> 00:57:07.000]  奉主耶穌基督得勝的名字祈求
[00:57:07.000 --> 00:57:08.000]  阿們
