
[00:00:00.000 --> 00:00:02.000]  我們再一起祈禱
[00:00:02.000 --> 00:00:06.000]  多謝主讓我們讀到聖經裡
[00:00:06.000 --> 00:00:10.000]  知道祢的作為、祢的奇妙
[00:00:10.000 --> 00:00:15.000]  我們要再深的感受到、領會到
[00:00:15.000 --> 00:00:20.000]  祢行神蹟裡有什麼意義
[00:00:20.000 --> 00:00:23.000]  我們知道這些神蹟是要顯明
[00:00:23.000 --> 00:00:27.000]  主耶穌是我們的主、我們的神
[00:00:27.000 --> 00:00:31.000]  就是這個世界的救主、人類的救主
[00:00:31.000 --> 00:00:36.000]  我們今天再次從這個記載裡
[00:00:36.000 --> 00:00:42.000]  看到主祢這些奇妙的作為
[00:00:42.000 --> 00:00:46.000]  對我們的生命有什麼意義
[00:00:46.000 --> 00:00:48.000]  我們求聖靈教導我們
[00:00:48.000 --> 00:00:52.000]  讓我們知道我們所學習的、我們所領受的
[00:00:52.000 --> 00:00:58.000]  都是要我們明白祢是怎樣的神
[00:00:58.000 --> 00:01:01.000]  我們祈禱感恩奉靠救主耶穌的名
[00:01:01.000 --> 00:01:08.000]  我們讀了這段經文
[00:01:08.000 --> 00:01:11.000]  由第十四節開始
[00:01:11.000 --> 00:01:15.000]  很多人見到耶穌所行的神蹟
[00:01:15.000 --> 00:01:20.000]  再次明顯地約翰要告訴我們
[00:01:20.000 --> 00:01:22.000]  這些是神蹟
[00:01:22.000 --> 00:01:26.000]  神蹟的意思不是說平時耶穌不理我們的神
[00:01:26.000 --> 00:01:30.000]  走了去做自己的事
[00:01:30.000 --> 00:01:32.000]  耶穌去了玩
[00:01:32.000 --> 00:01:35.000]  然後有什麼事發生
[00:01:35.000 --> 00:01:37.000]  耶穌就來行一個神蹟
[00:01:37.000 --> 00:01:41.000]  有時我們以為耶穌好像平時不理我們的
[00:01:41.000 --> 00:01:45.000]  但是其實聖經裡記載的神蹟
[00:01:45.000 --> 00:01:48.000]  很重要的意思就包括了
[00:01:48.000 --> 00:01:50.000]  神是時時都在的
[00:01:50.000 --> 00:01:52.000]  時時都和我們同在的
[00:01:52.000 --> 00:01:54.000]  有特別需要的時候
[00:01:54.000 --> 00:01:57.000]  祂做一些特別的事
[00:01:57.000 --> 00:02:02.000]  這些就叫做神蹟
[00:02:02.000 --> 00:02:05.000]  在第十四節再說
[00:02:05.000 --> 00:02:10.000]  因為之前五餅二魚的神蹟
[00:02:10.000 --> 00:02:13.000]  餵飽了五千人的記載
[00:02:13.000 --> 00:02:20.000]  也記載了很多經歷見到耶穌行神蹟的人
[00:02:20.000 --> 00:02:22.000]  都明白了
[00:02:22.000 --> 00:02:24.000]  起碼他們都明白了
[00:02:24.000 --> 00:02:29.000]  這真是那要到世上來的先知
[00:02:29.000 --> 00:02:31.000]  見到耶穌知道祂是先知
[00:02:31.000 --> 00:02:35.000]  知道祂是一個很特別的人物
[00:02:35.000 --> 00:02:42.000]  然後就說他們要來強迫耶穌作王
[00:02:42.000 --> 00:02:46.000]  本來耶穌真是這個世界的王
[00:02:46.000 --> 00:02:48.000]  我們生命裡的王
[00:02:48.000 --> 00:02:51.000]  但是聖經的描述就是
[00:02:51.000 --> 00:02:54.000]  這些人要強迫祂做王
[00:02:54.000 --> 00:03:01.000]  看到很多人對耶穌的身份和使命的了解
[00:03:01.000 --> 00:03:05.000]  是有一些落差
[00:03:05.000 --> 00:03:10.000]  他們很多人以為耶穌來做王
[00:03:10.000 --> 00:03:12.000]  做一個將軍
[00:03:12.000 --> 00:03:19.000]  要帶領猶太人趕走羅馬的官兵
[00:03:19.000 --> 00:03:22.000]  去推翻羅馬的政權
[00:03:22.000 --> 00:03:26.000]  所以這裡很明顯告訴我們
[00:03:26.000 --> 00:03:29.000]  他們是強迫耶穌做王
[00:03:29.000 --> 00:03:31.000]  但是耶穌不想做
[00:03:31.000 --> 00:03:33.000]  但是奇怪的是
[00:03:33.000 --> 00:03:35.000]  耶穌本來就是王
[00:03:35.000 --> 00:03:38.000]  我們都說耶穌是我們主生命的王
[00:03:38.000 --> 00:03:41.000]  但是人家叫你做
[00:03:41.000 --> 00:03:43.000]  你本來也是想做的
[00:03:43.000 --> 00:03:45.000]  為什麼突然間你又不做呢?
[00:03:45.000 --> 00:03:47.000]  剛才我所說的就是
[00:03:47.000 --> 00:03:50.000]  猶太人心目中想的王
[00:03:50.000 --> 00:03:53.000]  和耶穌要來做的王
[00:03:53.000 --> 00:03:56.000]  原來是很大的距離
[00:03:56.000 --> 00:03:59.000]  於是耶穌就怕了他們
[00:03:59.000 --> 00:04:01.000]  將來有機會再解釋
[00:04:01.000 --> 00:04:04.000]  暫時說不明白
[00:04:04.000 --> 00:04:07.000]  於是就獨自退到山上去
[00:04:07.000 --> 00:04:10.000]  退到山上去要做什麼呢?
[00:04:10.000 --> 00:04:12.000]  不只是看風景這麼簡單
[00:04:12.000 --> 00:04:14.000]  聖經時時記載
[00:04:14.000 --> 00:04:18.000]  耶穌會獨自退到山上去
[00:04:18.000 --> 00:04:21.000]  叫做靈修
[00:04:21.000 --> 00:04:26.000]  獨自默想
[00:04:26.000 --> 00:04:29.000]  獨自向神祈禱
[00:04:29.000 --> 00:04:32.000]  總之是和他的天父一起
[00:04:32.000 --> 00:04:35.000]  包括所有的東西在裡面
[00:04:35.000 --> 00:04:41.000]  但是當耶穌自己獨自去到山上的時候
[00:04:41.000 --> 00:04:47.000]  他的門徒就去到海邊上船
[00:04:47.000 --> 00:04:53.000]  但是他們又猜不到突然間狂風大作
[00:04:53.000 --> 00:04:58.000]  這裡的記載就很適合我們所了解
[00:04:58.000 --> 00:05:02.000]  當時的加利利海那一帶的情況
[00:05:02.000 --> 00:05:06.000]  那裡周圍有山
[00:05:06.000 --> 00:05:10.000]  然後那些風就從山上吹下來
[00:05:10.000 --> 00:05:14.000]  所以時時都會有大風大浪
[00:05:14.000 --> 00:05:17.000]  我也去過以色列去過加利利海
[00:05:17.000 --> 00:05:21.000]  在海邊那裡就說有彼得的魚可以吃
[00:05:21.000 --> 00:05:26.000]  我們都上船經歷一下這個加利利海
[00:05:26.000 --> 00:05:29.000]  感恩那天沒有狂風大作
[00:05:29.000 --> 00:05:35.000]  但是原來那裡狂風大作是很普遍的事
[00:05:35.000 --> 00:05:38.000]  狂風大作怎麼辦呢?
[00:05:38.000 --> 00:05:40.000]  已經坐在船上
[00:05:40.000 --> 00:05:44.000]  我們都記得有其他的福音書記載
[00:05:44.000 --> 00:05:47.000]  耶穌上船就會睡覺
[00:05:47.000 --> 00:05:49.000]  他的門徒就很害怕
[00:05:49.000 --> 00:05:51.000]  大風大浪你自己就在那裡睡覺
[00:05:51.000 --> 00:05:54.000]  我們就死了你都不理我們
[00:05:54.000 --> 00:05:59.000]  這裡也是記載狂風大浪的時候
[00:05:59.000 --> 00:06:02.000]  這裡沒有說耶穌在船上睡覺
[00:06:02.000 --> 00:06:07.000]  這次的記載就說耶穌在海面上行走
[00:06:07.000 --> 00:06:10.000]  馬太坊的記載還加上
[00:06:10.000 --> 00:06:13.000]  彼得看到耶穌在海面上行走
[00:06:13.000 --> 00:06:15.000]  挺好玩的
[00:06:15.000 --> 00:06:17.000]  彼得每樣都想玩的
[00:06:17.000 --> 00:06:20.000]  所以他又跟耶穌說我也想玩
[00:06:20.000 --> 00:06:23.000]  我也想在水面上行走
[00:06:23.000 --> 00:06:26.000]  但是約翰福音沒有記載這一點
[00:06:26.000 --> 00:06:28.000]  約翰福音記載的是
[00:06:28.000 --> 00:06:30.000]  他們害怕
[00:06:30.000 --> 00:06:32.000]  在狂風大作的時候
[00:06:32.000 --> 00:06:34.000]  耶穌又不在
[00:06:34.000 --> 00:06:36.000]  於是他們很害怕
[00:06:36.000 --> 00:06:38.000]  害怕了一次之後
[00:06:38.000 --> 00:06:40.000]  第二次更害怕的就是
[00:06:40.000 --> 00:06:43.000]  不但狂風大作耶穌不在
[00:06:43.000 --> 00:06:47.000]  而且還看到耶穌在海面上行走
[00:06:47.000 --> 00:06:49.000]  有些人就想
[00:06:49.000 --> 00:06:51.000]  耶穌不是真的在海上行走
[00:06:51.000 --> 00:06:54.000]  有些人就半作半想
[00:06:54.000 --> 00:06:58.000]  其實耶穌是在海邊上行走
[00:06:58.000 --> 00:07:00.000]  不過因為黑漆漆
[00:07:00.000 --> 00:07:02.000]  他們看不清楚
[00:07:02.000 --> 00:07:05.000]  就以為耶穌在海上行走
[00:07:05.000 --> 00:07:07.000]  但是其實他們說
[00:07:07.000 --> 00:07:12.000]  耶穌是在岸邊泉水的地方
[00:07:12.000 --> 00:07:14.000]  都是在水上行走
[00:07:14.000 --> 00:07:19.000]  不過其實是在海邊的陸地上行走
[00:07:19.000 --> 00:07:21.000]  有很多人覺得
[00:07:21.000 --> 00:07:24.000]  這些神蹟不是很順的時候
[00:07:24.000 --> 00:07:26.000]  就會作很多其他故事
[00:07:26.000 --> 00:07:28.000]  好像五餅二魚
[00:07:28.000 --> 00:07:30.000]  其實不是真的五餅二魚
[00:07:30.000 --> 00:07:32.000]  他們有很多其他的解釋
[00:07:32.000 --> 00:07:34.000]  留待下個月再說
[00:07:34.000 --> 00:07:38.000]  總之記載這個重點就是
[00:07:38.000 --> 00:07:40.000]  他們害怕
[00:07:40.000 --> 00:07:41.000]  他們很害怕
[00:07:41.000 --> 00:07:43.000]  因為看到耶穌在水上行走
[00:07:43.000 --> 00:07:45.000]  以為是鬼
[00:07:45.000 --> 00:07:47.000]  他們當時都好像我們一樣
[00:07:47.000 --> 00:07:49.000]  很容易就想
[00:07:49.000 --> 00:07:51.000]  是不是有鬼
[00:07:51.000 --> 00:07:53.000]  耶穌就再走近一點
[00:07:53.000 --> 00:07:56.000]  讓他們看到耶穌的樣子
[00:07:56.000 --> 00:07:58.000]  然後就跟他們說
[00:07:58.000 --> 00:07:59.000]  是我來的
[00:07:59.000 --> 00:08:00.000]  不用怕
[00:08:00.000 --> 00:08:01.000]  是我
[00:08:01.000 --> 00:08:03.000]  不要怕
[00:08:03.000 --> 00:08:05.000]  於是耶穌就上船了
[00:08:05.000 --> 00:08:07.000]  然後很快
[00:08:07.000 --> 00:08:10.000]  他們就去到他們想去的地方
[00:08:10.000 --> 00:08:13.000]  這個再簡述一次
[00:08:13.000 --> 00:08:16.000]  我們讀了經文的記載
[00:08:16.000 --> 00:08:22.000]  耶穌不想做他們這些猶太人
[00:08:22.000 --> 00:08:25.000]  想祂成為的那一種王
[00:08:25.000 --> 00:08:27.000]  但是耶穌真是王
[00:08:27.000 --> 00:08:29.000]  耶穌真是主
[00:08:29.000 --> 00:08:32.000]  耶穌真是可以行這些神蹟
[00:08:32.000 --> 00:08:34.000]  我們又會想
[00:08:34.000 --> 00:08:36.000]  為什麼耶穌這麼奇怪
[00:08:36.000 --> 00:08:40.000]  祂上山上讀書完之後
[00:08:40.000 --> 00:08:42.000]  那些門徒就上船
[00:08:42.000 --> 00:08:44.000]  然後耶穌又見到狂風大作
[00:08:44.000 --> 00:08:47.000]  為什麼耶穌不馬上去幫他們
[00:08:47.000 --> 00:08:50.000]  為什麼耶穌這次又不會說
[00:08:50.000 --> 00:08:54.000]  命令那些風浪全部都停止
[00:08:54.000 --> 00:08:57.000]  反而是明明見到他們
[00:08:57.000 --> 00:09:00.000]  在狂風大作的情況裡面
[00:09:00.000 --> 00:09:02.000]  坐在船上很害怕
[00:09:02.000 --> 00:09:09.000]  然後才好像很淡定
[00:09:09.000 --> 00:09:14.000]  斯斯然然在水上走到他們那裡
[00:09:14.000 --> 00:09:17.000]  如果耶穌覺得他們很危險
[00:09:17.000 --> 00:09:19.000]  要快點救他們
[00:09:19.000 --> 00:09:21.000]  其實可以很多事情做
[00:09:21.000 --> 00:09:22.000]  剛才也說過
[00:09:22.000 --> 00:09:25.000]  第一 祂可以命令風浪停止
[00:09:25.000 --> 00:09:28.000]  第二 祂可以不單止在水上走
[00:09:28.000 --> 00:09:31.000]  好像武俠小說那樣說
[00:09:31.000 --> 00:09:34.000]  那種水上飄的輕弓
[00:09:34.000 --> 00:09:37.000]  一聲就可以去到他們的前面
[00:09:37.000 --> 00:09:39.000]  告訴他們是我
[00:09:39.000 --> 00:09:40.000]  不用怕
[00:09:40.000 --> 00:09:42.000]  耶穌沒有這樣做
[00:09:42.000 --> 00:09:45.000]  反而是好像形容到
[00:09:45.000 --> 00:09:49.000]  斯斯然然走到他們那裡
[00:09:49.000 --> 00:09:53.000]  而那裡說那些門徒撐船
[00:09:53.000 --> 00:09:55.000]  撐來撐去都撐不到
[00:09:55.000 --> 00:09:57.000]  因為狂風大作
[00:09:57.000 --> 00:09:59.000]  他們想去這邊
[00:09:59.000 --> 00:10:02.000]  但是風浪可能吹到他們去另外一邊
[00:10:02.000 --> 00:10:05.000]  於是在十里路裡面
[00:10:05.000 --> 00:10:08.000]  他們一路掙扎掙扎
[00:10:08.000 --> 00:10:10.000]  在那裡撐船撐船
[00:10:10.000 --> 00:10:16.000]  但是好像去不到他們想去的地方
[00:10:16.000 --> 00:10:17.000]  在這裡我想起
[00:10:17.000 --> 00:10:20.000]  曾經有一位姐妹告訴我
[00:10:20.000 --> 00:10:22.000]  她的真實經歷
[00:10:22.000 --> 00:10:25.000]  由墨爾本坐船
[00:10:25.000 --> 00:10:31.000]  去到塔斯曼尼亞的港口
[00:10:31.000 --> 00:10:36.000]  是一艘大船不是撐船的小船
[00:10:36.000 --> 00:10:40.000]  由墨爾本去到塔斯曼尼亞
[00:10:40.000 --> 00:10:43.000]  要經過一晚
[00:10:43.000 --> 00:10:44.000]  到處都是黑漆漆的
[00:10:44.000 --> 00:10:46.000]  但是這艘大船
[00:10:46.000 --> 00:10:49.000]  都要經過狂風大作
[00:10:49.000 --> 00:10:54.000]  因為原來是由澳洲的墨爾本
[00:10:54.000 --> 00:11:00.000]  過去塔斯曼尼亞的海峽
[00:11:00.000 --> 00:11:03.000]  是會狂風大作的
[00:11:03.000 --> 00:11:06.000]  那一晚她就說在船上睡覺
[00:11:06.000 --> 00:11:09.000]  因為第二天早上就應該到了
[00:11:09.000 --> 00:11:13.000]  那一晚她睡著睡著就醒了
[00:11:13.000 --> 00:11:14.000]  為什麼醒了呢
[00:11:14.000 --> 00:11:16.000]  因為她覺得頭暈
[00:11:16.000 --> 00:11:20.000]  因為她覺得她有點暈船浪
[00:11:20.000 --> 00:11:23.000]  於是就想起來
[00:11:23.000 --> 00:11:26.000]  不如出去吹吹海風
[00:11:26.000 --> 00:11:29.000]  可能就不會那麼頭暈
[00:11:29.000 --> 00:11:33.000]  她說在船艙一打開門
[00:11:33.000 --> 00:11:35.000]  馬上就更害怕
[00:11:35.000 --> 00:11:36.000]  因為看出去
[00:11:36.000 --> 00:11:38.000]  到處都是黑漆漆的
[00:11:38.000 --> 00:11:40.000]  在海中心的時候
[00:11:40.000 --> 00:11:42.000]  是看不到陸地的
[00:11:42.000 --> 00:11:44.000]  也看不到有任何的燈
[00:11:44.000 --> 00:11:46.000]  所以更害怕
[00:11:46.000 --> 00:11:48.000]  於是就走進去
[00:11:48.000 --> 00:11:51.000]  找其他一起去的弟兄姊妹
[00:11:51.000 --> 00:11:54.000]  有一個在讀醫科的
[00:11:54.000 --> 00:11:57.000]  問他有什麼方法
[00:11:57.000 --> 00:11:59.000]  可以不頭暈
[00:11:59.000 --> 00:12:04.000]  於是弟兄就給了他一粒安眠藥
[00:12:04.000 --> 00:12:06.000]  吃了安眠藥
[00:12:06.000 --> 00:12:10.000]  於是就大覺昏
[00:12:10.000 --> 00:12:13.000]  他形容給我們聽的時候
[00:12:13.000 --> 00:12:15.000]  他一打開船艙的門
[00:12:15.000 --> 00:12:16.000]  一看出去
[00:12:16.000 --> 00:12:18.000]  到處都是黑漆漆的
[00:12:18.000 --> 00:12:19.000]  他自己心想
[00:12:19.000 --> 00:12:22.000]  這次一定死在這裡
[00:12:22.000 --> 00:12:25.000]  那種恐懼的經歷
[00:12:25.000 --> 00:12:27.000]  我不知道大家有沒有試過
[00:12:27.000 --> 00:12:29.000]  這種暈船浪
[00:12:29.000 --> 00:12:31.000]  或者出其不意
[00:12:31.000 --> 00:12:32.000]  他沒有想到
[00:12:32.000 --> 00:12:34.000]  因為從來都沒有見過
[00:12:34.000 --> 00:12:37.000]  無論是在澳洲也好
[00:12:37.000 --> 00:12:40.000]  在雪梨的海港也好
[00:12:40.000 --> 00:12:41.000]  你一看出去
[00:12:41.000 --> 00:12:43.000]  一定見到很多燈
[00:12:43.000 --> 00:12:46.000]  但是從來都沒有試過
[00:12:46.000 --> 00:12:48.000]  在海中心的時候
[00:12:48.000 --> 00:12:51.000]  看出去真的黑漆漆的
[00:12:51.000 --> 00:12:56.000]  我們每個人都有不同的恐懼
[00:12:56.000 --> 00:12:57.000]  你想一想
[00:12:57.000 --> 00:13:00.000]  你自己曾經恐懼什麼
[00:13:00.000 --> 00:13:03.000]  或者你現在恐懼什麼
[00:13:03.000 --> 00:13:04.000]  很多事情是害怕的
[00:13:04.000 --> 00:13:05.000]  有些害怕的事情
[00:13:05.000 --> 00:13:06.000]  是有理由害怕的
[00:13:06.000 --> 00:13:07.000]  有些害怕的事情
[00:13:07.000 --> 00:13:09.000]  是沒有理由害怕的
[00:13:09.000 --> 00:13:11.000]  是不知道為什麼會害怕的
[00:13:11.000 --> 00:13:14.000]  我也很體會這件事
[00:13:14.000 --> 00:13:16.000]  因為我有點畏高
[00:13:16.000 --> 00:13:18.000]  這裡也不算高
[00:13:18.000 --> 00:13:20.000]  所以我也沒有害怕過
[00:13:20.000 --> 00:13:23.000]  但是上高一點的時候
[00:13:23.000 --> 00:13:26.000]  然後再看下面
[00:13:26.000 --> 00:13:28.000]  我一開始看的時候
[00:13:28.000 --> 00:13:32.000]  我的腳就有點酸軟的感覺
[00:13:32.000 --> 00:13:35.000]  這種可能就叫做畏高
[00:13:35.000 --> 00:13:38.000]  然後真的會害怕
[00:13:38.000 --> 00:13:40.000]  有很多人不同的害怕
[00:13:40.000 --> 00:13:42.000]  我認識有人
[00:13:42.000 --> 00:13:45.000]  他是有幽閉恐懼症
[00:13:45.000 --> 00:13:47.000]  所以坐電梯的時候
[00:13:47.000 --> 00:13:50.000]  是很害怕的
[00:13:50.000 --> 00:13:53.000]  在很小的空間裡面的時候
[00:13:53.000 --> 00:13:56.000]  就會有一種莫名的恐懼
[00:13:56.000 --> 00:13:58.000]  但是有些人又很有趣
[00:13:58.000 --> 00:14:00.000]  他不是害怕小的空間
[00:14:00.000 --> 00:14:02.000]  有些人是害怕大的空間
[00:14:02.000 --> 00:14:05.000]  去到一個很大
[00:14:05.000 --> 00:14:08.000]  甚至是一個很大的停車場也好
[00:14:08.000 --> 00:14:10.000]  是沒有理由害怕的
[00:14:10.000 --> 00:14:12.000]  因為又不會陸沉的
[00:14:12.000 --> 00:14:14.000]  又不是地震
[00:14:14.000 --> 00:14:17.000]  總之去到一些很大的空間
[00:14:17.000 --> 00:14:18.000]  他就會害怕的
[00:14:18.000 --> 00:14:19.000]  為什麼會害怕呢?
[00:14:19.000 --> 00:14:21.000]  你問他他也不知道
[00:14:21.000 --> 00:14:24.000]  他不知道為什麼自己會害怕
[00:14:24.000 --> 00:14:26.000]  我剛才說那位姐妹
[00:14:26.000 --> 00:14:28.000]  她說她一輩子都沒有試過
[00:14:28.000 --> 00:14:30.000]  有暈船浪這個經驗
[00:14:30.000 --> 00:14:32.000]  就是那一次就發覺
[00:14:32.000 --> 00:14:35.000]  原來自己是會暈船浪
[00:14:35.000 --> 00:14:37.000]  自此之後
[00:14:37.000 --> 00:14:39.000]  她坐任何的船
[00:14:39.000 --> 00:14:41.000]  她都會暈船浪的
[00:14:41.000 --> 00:14:42.000]  我們跟她說
[00:14:42.000 --> 00:14:44.000]  這是心理作用
[00:14:44.000 --> 00:14:46.000]  你自己害怕是心理作用
[00:14:46.000 --> 00:14:48.000]  你不要想著她就可以了
[00:14:48.000 --> 00:14:49.000]  她說不行的
[00:14:49.000 --> 00:14:50.000]  我沒有想著她
[00:14:50.000 --> 00:14:53.000]  吃完雲浪丸都沒有用
[00:14:53.000 --> 00:14:55.000]  總之一踏腳上船
[00:14:55.000 --> 00:14:57.000]  就開始滿天星斗
[00:14:57.000 --> 00:14:59.000]  天旋地轉
[00:14:59.000 --> 00:15:00.000]  然後一下船
[00:15:00.000 --> 00:15:03.000]  踏上去那個碼頭
[00:15:03.000 --> 00:15:04.000]  那個陸地那裡
[00:15:04.000 --> 00:15:06.000]  就馬上沒事了
[00:15:06.000 --> 00:15:08.000]  那你怎樣解釋呢?
[00:15:08.000 --> 00:15:10.000]  當然有些解釋就說
[00:15:10.000 --> 00:15:12.000]  你裡面有些某些東西
[00:15:12.000 --> 00:15:14.000]  令你的人是平衡的
[00:15:14.000 --> 00:15:17.000]  你裡面有些東西歪了
[00:15:17.000 --> 00:15:19.000]  你就會暈了
[00:15:19.000 --> 00:15:21.000]  諸如此類
[00:15:21.000 --> 00:15:24.000]  我們不同的人
[00:15:24.000 --> 00:15:26.000]  有不同的東西害怕
[00:15:26.000 --> 00:15:28.000]  可能你很害怕的
[00:15:28.000 --> 00:15:30.000]  就是你要考試
[00:15:30.000 --> 00:15:32.000]  你甚至很害怕的
[00:15:32.000 --> 00:15:34.000]  就是你要考車牌
[00:15:34.000 --> 00:15:35.000]  很害怕的就是
[00:15:35.000 --> 00:15:38.000]  你會害怕著有某種的病
[00:15:38.000 --> 00:15:40.000]  現在這個時代
[00:15:40.000 --> 00:15:44.000]  更加多人會害怕有癌症
[00:15:44.000 --> 00:15:46.000]  有些真的已經有癌症
[00:15:46.000 --> 00:15:48.000]  就很多東西害怕
[00:15:48.000 --> 00:15:51.000]  會害怕著不知何時離開這個世界
[00:15:51.000 --> 00:15:52.000]  害怕著不知何時
[00:15:52.000 --> 00:15:54.000]  會見不到自己的親人
[00:15:54.000 --> 00:15:57.000]  有些害怕著會失業
[00:15:57.000 --> 00:15:58.000]  有些害怕著
[00:15:58.000 --> 00:15:59.000]  是在工作的
[00:15:59.000 --> 00:16:01.000]  不過那份工作令他很害怕
[00:16:01.000 --> 00:16:03.000]  有些人是很害怕
[00:16:03.000 --> 00:16:05.000]  沒面子
[00:16:05.000 --> 00:16:07.000]  有些人是很害怕
[00:16:07.000 --> 00:16:11.000]  跟人際的關係不是很好
[00:16:11.000 --> 00:16:17.000]  我沒辦法數出我們所有人會害怕的東西
[00:16:17.000 --> 00:16:22.000]  但是每個人都有自己不同的東西可以害怕
[00:16:22.000 --> 00:16:24.000]  我給大家一點時間
[00:16:24.000 --> 00:16:27.000]  自己安靜想一想
[00:16:27.000 --> 00:16:29.000]  究竟你現在
[00:16:29.000 --> 00:16:31.000]  如果說起一些害怕
[00:16:31.000 --> 00:16:34.000]  說起一些恐懼的東西
[00:16:34.000 --> 00:16:36.000]  你想逃避的
[00:16:36.000 --> 00:16:37.000]  你想要處理它
[00:16:37.000 --> 00:16:39.000]  但是又不知如何處理
[00:16:39.000 --> 00:16:41.000]  你會想起什麼
[00:16:41.000 --> 00:16:43.000]  即時的反應
[00:16:43.000 --> 00:16:45.000]  未必需要想很久
[00:16:45.000 --> 00:16:46.000]  四五分鐘
[00:16:46.000 --> 00:16:47.000]  一小時
[00:16:47.000 --> 00:16:48.000]  那些
[00:16:48.000 --> 00:16:51.000]  用這麼多時間去想
[00:16:51.000 --> 00:16:52.000]  多數不是真的
[00:16:52.000 --> 00:16:54.000]  因為最自然
[00:16:54.000 --> 00:16:56.000]  你馬上想起會害怕的
[00:16:56.000 --> 00:16:59.000]  多數在十五秒鐘裡面
[00:16:59.000 --> 00:17:01.000]  你就會想到
[00:17:01.000 --> 00:17:04.000]  所以給大家都有十五分鐘
[00:17:04.000 --> 00:17:05.000]  你可以閉上眼想一想
[00:17:05.000 --> 00:17:08.000]  你可以望著眼燈想一想
[00:17:08.000 --> 00:17:11.000]  你現在害怕的是什麼
[00:17:11.000 --> 00:17:26.000]  可能在座有些弟兄姊妹會想
[00:17:26.000 --> 00:17:28.000]  我想不到害怕的東西
[00:17:28.000 --> 00:17:29.000]  我沒什麼害怕
[00:17:29.000 --> 00:17:31.000]  我沒有害怕
[00:17:31.000 --> 00:17:33.000]  我天不怕地不怕
[00:17:33.000 --> 00:17:35.000]  那就好了
[00:17:35.000 --> 00:17:36.000]  如果你真的沒什麼害怕
[00:17:36.000 --> 00:17:37.000]  那就恭喜你
[00:17:37.000 --> 00:17:39.000]  但是真的其實人
[00:17:39.000 --> 00:17:41.000]  大部分的人
[00:17:41.000 --> 00:17:43.000]  都有某種的害怕
[00:17:43.000 --> 00:17:45.000]  但是有時我們逃避了它
[00:17:45.000 --> 00:17:47.000]  或者遮住它
[00:17:47.000 --> 00:17:48.000]  掩蓋它
[00:17:48.000 --> 00:17:50.000]  當它不存在
[00:17:50.000 --> 00:17:52.000]  但是
[00:17:52.000 --> 00:17:54.000]  你今晚睡覺的時候
[00:17:54.000 --> 00:17:56.000]  再試一下想一想
[00:17:56.000 --> 00:17:58.000]  我們所謂叫做
[00:17:58.000 --> 00:18:00.000]  午夜夢回的時候
[00:18:00.000 --> 00:18:02.000]  會不會突然間
[00:18:02.000 --> 00:18:04.000]  想起一些東西
[00:18:04.000 --> 00:18:05.000]  有些人怕黑
[00:18:05.000 --> 00:18:06.000]  為什麼怕黑呢
[00:18:06.000 --> 00:18:08.000]  因為有時心裡面覺得
[00:18:08.000 --> 00:18:10.000]  黑的地方就有鬼
[00:18:10.000 --> 00:18:12.000]  你是什麼害怕
[00:18:12.000 --> 00:18:14.000]  你自己可以想一想
[00:18:14.000 --> 00:18:16.000]  所以我就想起
[00:18:16.000 --> 00:18:18.000]  耶穌在山上
[00:18:18.000 --> 00:18:20.000]  去獨處的時候
[00:18:20.000 --> 00:18:22.000]  祈禱的時候
[00:18:22.000 --> 00:18:24.000]  他其實都應該已經見到
[00:18:24.000 --> 00:18:26.000]  那些門徒
[00:18:26.000 --> 00:18:28.000]  在船上
[00:18:28.000 --> 00:18:30.000]  狂風大作
[00:18:30.000 --> 00:18:32.000]  你猜耶穌
[00:18:32.000 --> 00:18:34.000]  當時會想些什麼呢
[00:18:34.000 --> 00:18:36.000]  我們很難去想像
[00:18:36.000 --> 00:18:38.000]  神究竟
[00:18:38.000 --> 00:18:40.000]  祂的思維是什麼
[00:18:40.000 --> 00:18:42.000]  會不會想
[00:18:42.000 --> 00:18:44.000]  耶穌有沒有去
[00:18:44.000 --> 00:18:46.000]  看一下
[00:18:46.000 --> 00:18:48.000]  祂的門徒究竟
[00:18:48.000 --> 00:18:50.000]  在什麼境況裡面
[00:18:50.000 --> 00:18:52.000]  是不是很害怕呢
[00:18:52.000 --> 00:18:56.000]  那隻船
[00:18:56.000 --> 00:18:58.000]  究竟在狂風
[00:18:58.000 --> 00:19:00.000]  大作的時候
[00:19:00.000 --> 00:19:02.000]  會不會沉呢
[00:19:02.000 --> 00:19:04.000]  那隻船會不會進水呢
[00:19:04.000 --> 00:19:06.000]  那隻船會不會突然間
[00:19:06.000 --> 00:19:08.000]  散了呢
[00:19:08.000 --> 00:19:10.000]  耶穌究竟
[00:19:10.000 --> 00:19:12.000]  會怎樣關心
[00:19:12.000 --> 00:19:14.000]  祂的門徒
[00:19:14.000 --> 00:19:16.000]  在一個這樣的
[00:19:16.000 --> 00:19:18.000]  遇到可能是生命危險
[00:19:18.000 --> 00:19:20.000]  的一種情況裡面
[00:19:20.000 --> 00:19:22.000]  耶穌
[00:19:22.000 --> 00:19:24.000]  為什麼不馬上去幫他們
[00:19:24.000 --> 00:19:26.000]  耶穌為什麼不馬上
[00:19:26.000 --> 00:19:28.000]  去令到風浪停止
[00:19:28.000 --> 00:19:30.000]  要他們
[00:19:30.000 --> 00:19:32.000]  一路在這樣的
[00:19:32.000 --> 00:19:34.000]  情況的海
[00:19:34.000 --> 00:19:36.000]  的狂風大作裡面
[00:19:36.000 --> 00:19:38.000]  走十里
[00:19:38.000 --> 00:19:40.000]  十里
[00:19:40.000 --> 00:19:42.000]  現在大約是
[00:19:42.000 --> 00:19:44.000]  四五公里
[00:19:44.000 --> 00:19:46.000]  你試一下
[00:19:46.000 --> 00:19:48.000]  你開車你坐車
[00:19:48.000 --> 00:19:50.000]  走四五公里的時間
[00:19:50.000 --> 00:19:52.000]  那些門徒
[00:19:52.000 --> 00:19:54.000]  就在這麼長的
[00:19:54.000 --> 00:19:56.000]  一段時間裡面
[00:19:56.000 --> 00:19:58.000]  在一個黑漆漆的
[00:19:58.000 --> 00:20:00.000]  狂風大作
[00:20:00.000 --> 00:20:02.000]  風浪不停的
[00:20:02.000 --> 00:20:04.000]  這樣的情況裡面
[00:20:04.000 --> 00:20:06.000]  你有沒有
[00:20:06.000 --> 00:20:08.000]  都嘗試去想一下
[00:20:08.000 --> 00:20:10.000]  當你去發覺自己在某一種的
[00:20:10.000 --> 00:20:12.000]  困難在一種困局的裡面
[00:20:12.000 --> 00:20:14.000]  是身處
[00:20:14.000 --> 00:20:16.000]  某一種的恐懼的裡面的時候
[00:20:16.000 --> 00:20:18.000]  你有沒有這樣想
[00:20:18.000 --> 00:20:20.000]  耶穌為什麼這麼久
[00:20:20.000 --> 00:20:22.000]  你都不幫我
[00:20:22.000 --> 00:20:24.000]  為什麼這麼久
[00:20:24.000 --> 00:20:26.000]  你都不令到我所遇到的
[00:20:26.000 --> 00:20:28.000]  風浪去停止
[00:20:28.000 --> 00:20:30.000]  究竟你在做什麼
[00:20:30.000 --> 00:20:32.000]  究竟你去了哪裡
[00:20:32.000 --> 00:20:34.000]  究竟你還理不理我
[00:20:34.000 --> 00:20:36.000]  究竟你還是不是愛我
[00:20:36.000 --> 00:20:38.000]  但是這樣的
[00:20:38.000 --> 00:20:40.000]  思想的裡面我們就發覺
[00:20:40.000 --> 00:20:42.000]  都有很多時候
[00:20:42.000 --> 00:20:44.000]  聖經都記載
[00:20:44.000 --> 00:20:46.000]  神是會讓我們
[00:20:46.000 --> 00:20:48.000]  去經歷一些這樣的風浪
[00:20:48.000 --> 00:20:50.000]  無論純粹是
[00:20:50.000 --> 00:20:52.000]  只是心中的風浪
[00:20:52.000 --> 00:20:54.000]  或者有時候
[00:20:54.000 --> 00:20:56.000]  甚至是
[00:20:56.000 --> 00:20:58.000]  所謂茶杯裡的
[00:20:58.000 --> 00:21:00.000]  風波
[00:21:00.000 --> 00:21:02.000]  可能可能是
[00:21:02.000 --> 00:21:04.000]  本來很小事但是有時候
[00:21:04.000 --> 00:21:06.000]  你知道我們會將小事化大
[00:21:06.000 --> 00:21:08.000]  就不是
[00:21:08.000 --> 00:21:10.000]  大事化小小事化無
[00:21:10.000 --> 00:21:12.000]  而是我們將小事化
[00:21:12.000 --> 00:21:14.000]  大的時候就變成
[00:21:14.000 --> 00:21:16.000]  了一個大的風浪
[00:21:16.000 --> 00:21:18.000]  你可以想
[00:21:18.000 --> 00:21:20.000]  理性一點去想
[00:21:20.000 --> 00:21:22.000]  其實是很小事
[00:21:22.000 --> 00:21:24.000]  不過有時候我們真的
[00:21:24.000 --> 00:21:26.000]  不是很理性去面對
[00:21:26.000 --> 00:21:28.000]  這些困難的時候
[00:21:28.000 --> 00:21:30.000]  就覺得是一個大的風浪
[00:21:30.000 --> 00:21:32.000]  但是耶穌又沒有馬上
[00:21:32.000 --> 00:21:34.000]  來到你的身邊
[00:21:34.000 --> 00:21:36.000]  告訴你我與你同行
[00:21:36.000 --> 00:21:38.000]  你不用怕
[00:21:38.000 --> 00:21:40.000]  既然我與你同行的時候
[00:21:40.000 --> 00:21:42.000]  你一定會經歷到
[00:21:42.000 --> 00:21:44.000]  我豐盛的
[00:21:44.000 --> 00:21:46.000]  福氣
[00:21:46.000 --> 00:21:48.000]  就是與神同行
[00:21:48.000 --> 00:21:50.000]  是靈福豐盛
[00:21:50.000 --> 00:21:52.000]  靈福堂都會
[00:21:52.000 --> 00:21:54.000]  與耶穌同行就會豐盛
[00:21:54.000 --> 00:21:56.000]  你自己的生命都會
[00:21:56.000 --> 00:21:58.000]  當你與耶穌同行的時候
[00:21:58.000 --> 00:22:00.000]  你會經歷到祂豐盛的
[00:22:00.000 --> 00:22:02.000]  屬靈的福氣
[00:22:02.000 --> 00:22:04.000]  但是真的有時候
[00:22:04.000 --> 00:22:06.000]  我們又發覺為什麼耶穌
[00:22:06.000 --> 00:22:08.000]  你這麼久都不出手
[00:22:08.000 --> 00:22:10.000]  來幫我呢
[00:22:10.000 --> 00:22:12.000]  我們就想起好像阿伯拉罕
[00:22:12.000 --> 00:22:14.000]  他要將他的兒子
[00:22:14.000 --> 00:22:16.000]  帶到山上
[00:22:16.000 --> 00:22:18.000]  他要去奉獻給神的時候
[00:22:18.000 --> 00:22:22.000]  神沒有一早
[00:22:22.000 --> 00:22:24.000]  告訴他你不用怕
[00:22:24.000 --> 00:22:26.000]  你帶以撒上去
[00:22:26.000 --> 00:22:28.000]  山上
[00:22:28.000 --> 00:22:30.000]  扎底奉獻
[00:22:30.000 --> 00:22:32.000]  給我便可以
[00:22:32.000 --> 00:22:34.000]  到時你不用真的要
[00:22:34.000 --> 00:22:36.000]  殺了他
[00:22:36.000 --> 00:22:38.000]  來奉獻給我
[00:22:38.000 --> 00:22:40.000]  神完全沒有這樣說
[00:22:40.000 --> 00:22:42.000]  甚至一路走上山的時候
[00:22:42.000 --> 00:22:44.000]  神都沒有對
[00:22:44.000 --> 00:22:46.000]  阿伯拉罕這樣說
[00:22:46.000 --> 00:22:48.000]  阿伯拉罕就在想
[00:22:48.000 --> 00:22:50.000]  如果我們是阿伯拉罕
[00:22:50.000 --> 00:22:52.000]  我們都會這樣想
[00:22:52.000 --> 00:22:54.000]  神是不是真的
[00:22:54.000 --> 00:22:56.000]  你好像是開玩笑
[00:22:56.000 --> 00:22:58.000]  到時你一定會幫我搞定
[00:22:58.000 --> 00:23:00.000]  不用我真的殺了我的兒子
[00:23:00.000 --> 00:23:02.000]  我這個是獨生兒子
[00:23:02.000 --> 00:23:04.000]  成百歲人才生的一個兒子
[00:23:04.000 --> 00:23:06.000]  就算
[00:23:06.000 --> 00:23:08.000]  阿伯拉罕
[00:23:08.000 --> 00:23:10.000]  在砌好那個祭壇的時候
[00:23:10.000 --> 00:23:12.000]  一路
[00:23:12.000 --> 00:23:14.000]  在砌好那個祭壇的時候
[00:23:14.000 --> 00:23:16.000]  他一路都還在想
[00:23:16.000 --> 00:23:18.000]  神啊是不是真的
[00:23:18.000 --> 00:23:20.000]  你是不是考驗我的
[00:23:20.000 --> 00:23:22.000]  你是不是玩我的
[00:23:22.000 --> 00:23:24.000]  一定會這樣想
[00:23:24.000 --> 00:23:26.000]  到甚至他要
[00:23:26.000 --> 00:23:28.000]  將以撒抱起
[00:23:28.000 --> 00:23:30.000]  擺在那個祭壇上面的時候
[00:23:30.000 --> 00:23:32.000]  預備拿起把刀的時候
[00:23:32.000 --> 00:23:34.000]  斬下去的時候
[00:23:34.000 --> 00:23:36.000]  還在想
[00:23:36.000 --> 00:23:38.000]  神仍然沒有告訴他
[00:23:38.000 --> 00:23:40.000]  究竟什麼時候
[00:23:40.000 --> 00:23:42.000]  會結束這件事
[00:23:42.000 --> 00:23:44.000]  究竟是不是真的
[00:23:44.000 --> 00:23:46.000]  要將以撒獻給神
[00:23:46.000 --> 00:23:50.000]  但是最終我們知道
[00:23:50.000 --> 00:23:52.000]  那個機災就是說
[00:23:52.000 --> 00:23:54.000]  神就預備了
[00:23:54.000 --> 00:23:56.000]  一隻羊就給
[00:23:56.000 --> 00:23:58.000]  阿伯拉罕獻祭
[00:23:58.000 --> 00:24:00.000]  不是真的要
[00:24:00.000 --> 00:24:02.000]  獻以撒
[00:24:02.000 --> 00:24:04.000]  沒有真的要他
[00:24:04.000 --> 00:24:06.000]  這樣做
[00:24:06.000 --> 00:24:08.000]  但是我們有時又想
[00:24:08.000 --> 00:24:10.000]  當時阿伯拉罕就這樣
[00:24:10.000 --> 00:24:12.000]  行
[00:24:12.000 --> 00:24:14.000]  我這次不知道
[00:24:14.000 --> 00:24:16.000]  是不是真的又是這樣
[00:24:16.000 --> 00:24:18.000]  不知道行不行
[00:24:18.000 --> 00:24:20.000]  究竟耶穌有沒有真的
[00:24:20.000 --> 00:24:22.000]  會關心我們
[00:24:22.000 --> 00:24:24.000]  當這些
[00:24:24.000 --> 00:24:26.000]  一路發生的時候
[00:24:26.000 --> 00:24:28.000]  原來耶穌
[00:24:28.000 --> 00:24:30.000]  他是一路在山上
[00:24:30.000 --> 00:24:32.000]  的時候已經
[00:24:32.000 --> 00:24:34.000]  看著那隻船
[00:24:34.000 --> 00:24:36.000]  衝浪的裡面
[00:24:36.000 --> 00:24:38.000]  究竟是什麼情況
[00:24:38.000 --> 00:24:40.000]  原來耶穌遠距離
[00:24:40.000 --> 00:24:42.000]  就算他不用
[00:24:42.000 --> 00:24:44.000]  拿望遠鏡
[00:24:44.000 --> 00:24:46.000]  他都看到他的門徒
[00:24:46.000 --> 00:24:48.000]  在那隻船上面的時候
[00:24:48.000 --> 00:24:50.000]  那一種恐懼
[00:24:50.000 --> 00:24:52.000]  但是耶穌就好像
[00:24:52.000 --> 00:24:54.000]  先讓他害怕
[00:24:54.000 --> 00:24:56.000]  讓他害怕
[00:24:56.000 --> 00:24:58.000]  那十里的
[00:24:58.000 --> 00:25:00.000]  海上的路程
[00:25:00.000 --> 00:25:02.000]  一定是
[00:25:02.000 --> 00:25:04.000]  久過我們開車
[00:25:04.000 --> 00:25:06.000]  走四五公里
[00:25:06.000 --> 00:25:08.000]  時間一定久很多
[00:25:08.000 --> 00:25:10.000]  一定長很多
[00:25:10.000 --> 00:25:12.000]  但是耶穌就好像看著他們
[00:25:12.000 --> 00:25:14.000]  我們甚至會以為
[00:25:14.000 --> 00:25:16.000]  耶穌是
[00:25:16.000 --> 00:25:18.000]  隔岸觀火
[00:25:18.000 --> 00:25:20.000]  雖然那裡不是看著火
[00:25:20.000 --> 00:25:22.000]  而是耶穌是
[00:25:22.000 --> 00:25:24.000]  隔岸觀水
[00:25:24.000 --> 00:25:26.000]  看著風浪
[00:25:26.000 --> 00:25:28.000]  看著他的門徒
[00:25:28.000 --> 00:25:30.000]  在風浪裡面
[00:25:30.000 --> 00:25:32.000]  不肯振
[00:25:32.000 --> 00:25:34.000]  耶穌看到
[00:25:34.000 --> 00:25:36.000]  但是仍然未出手
[00:25:36.000 --> 00:25:38.000]  到了
[00:25:38.000 --> 00:25:40.000]  最適合的時間
[00:25:40.000 --> 00:25:42.000]  耶穌就出現在
[00:25:42.000 --> 00:25:44.000]  他們的面前
[00:25:44.000 --> 00:25:46.000]  但是耶穌不單止
[00:25:46.000 --> 00:25:48.000]  要他們
[00:25:48.000 --> 00:25:50.000]  要他們的門徒
[00:25:50.000 --> 00:25:52.000]  他們害怕一件事
[00:25:52.000 --> 00:25:54.000]  狂轟大作就已經很害怕
[00:25:54.000 --> 00:25:56.000]  然後還看到一個類似鬼的物件
[00:25:56.000 --> 00:25:58.000]  物件
[00:25:58.000 --> 00:26:00.000]  耶穌
[00:26:00.000 --> 00:26:02.000]  不要這樣耍我們
[00:26:02.000 --> 00:26:04.000]  你沒試過這樣
[00:26:04.000 --> 00:26:06.000]  跟耶穌說
[00:26:06.000 --> 00:26:08.000]  耶穌不要這樣耍我們
[00:26:08.000 --> 00:26:10.000]  我受不了
[00:26:10.000 --> 00:26:12.000]  我不行的
[00:26:12.000 --> 00:26:14.000]  但是耶穌就在適當的時候
[00:26:14.000 --> 00:26:16.000]  就出現在大家的面前
[00:26:16.000 --> 00:26:20.000]  所以我們發覺
[00:26:20.000 --> 00:26:22.000]  我們未必完全可以
[00:26:22.000 --> 00:26:24.000]  明白耶穌所做的事
[00:26:24.000 --> 00:26:26.000]  但是我們可以明白的就是
[00:26:26.000 --> 00:26:28.000]  就算在
[00:26:28.000 --> 00:26:30.000]  這種風浪裡面
[00:26:30.000 --> 00:26:32.000]  我們都可以
[00:26:32.000 --> 00:26:34.000]  相信耶穌
[00:26:34.000 --> 00:26:36.000]  祂是看到
[00:26:36.000 --> 00:26:38.000]  祂看到的時候
[00:26:38.000 --> 00:26:40.000]  祂不是不理會
[00:26:40.000 --> 00:26:42.000]  耶穌看到的時候
[00:26:42.000 --> 00:26:44.000]  祂是
[00:26:44.000 --> 00:26:46.000]  要看到最適當的時候
[00:26:46.000 --> 00:26:48.000]  祂就
[00:26:48.000 --> 00:26:50.000]  出手了
[00:26:50.000 --> 00:26:54.000]  我們看回
[00:26:54.000 --> 00:26:56.000]  我們講道的
[00:26:56.000 --> 00:27:00.000]  slide那裡
[00:27:00.000 --> 00:27:02.000]  給大家去
[00:27:02.000 --> 00:27:04.000]  感受一下那些風浪
[00:27:04.000 --> 00:27:06.000]  其實周圍都找到很多
[00:27:06.000 --> 00:27:08.000]  這些風浪的相片
[00:27:08.000 --> 00:27:10.000]  甚至在
[00:27:10.000 --> 00:27:12.000]  這些現代化的
[00:27:12.000 --> 00:27:14.000]  大船裡面
[00:27:14.000 --> 00:27:16.000]  都會見到一些
[00:27:16.000 --> 00:27:18.000]  大浪,很多年前我看過
[00:27:18.000 --> 00:27:20.000]  有一套電影
[00:27:20.000 --> 00:27:22.000]  好像在電視
[00:27:22.000 --> 00:27:24.000]  那裡看到的
[00:27:24.000 --> 00:27:26.000]  那套電影的
[00:27:26.000 --> 00:27:28.000]  英文名叫
[00:27:28.000 --> 00:27:30.000]  The Perfect Storm
[00:27:30.000 --> 00:27:32.000]  一個完美的風浪
[00:27:32.000 --> 00:27:34.000]  之前都好像
[00:27:34.000 --> 00:27:36.000]  見過好像在香港
[00:27:36.000 --> 00:27:38.000]  那裡都有一個類似
[00:27:38.000 --> 00:27:40.000]  這樣的情況就是
[00:27:40.000 --> 00:27:42.000]  幾個巨風
[00:27:42.000 --> 00:27:44.000]  好像聚在一起
[00:27:44.000 --> 00:27:46.000]  變成了
[00:27:46.000 --> 00:27:48.000]  一個特大的
[00:27:48.000 --> 00:27:50.000]  一個巨風
[00:27:52.000 --> 00:27:54.000]  有時候我們都發覺
[00:27:54.000 --> 00:27:56.000]  我們可能都處身在
[00:27:56.000 --> 00:27:58.000]  這些這樣的
[00:27:58.000 --> 00:28:00.000]  幾樣東西一起發生
[00:28:00.000 --> 00:28:02.000]  幾個巨風一起
[00:28:02.000 --> 00:28:04.000]  在我們的身邊
[00:28:04.000 --> 00:28:06.000]  發生,甚至
[00:28:06.000 --> 00:28:08.000]  在我們身上發生
[00:28:08.000 --> 00:28:10.000]  在這些時候
[00:28:10.000 --> 00:28:12.000]  我們
[00:28:12.000 --> 00:28:14.000]  會做些什麼呢?
[00:28:14.000 --> 00:28:18.000]  其中有一樣東西
[00:28:18.000 --> 00:28:20.000]  我想起我們可以做的
[00:28:20.000 --> 00:28:22.000]  就是去
[00:28:22.000 --> 00:28:24.000]  讀一讀聖經
[00:28:24.000 --> 00:28:26.000]  唱一唱詩歌
[00:28:26.000 --> 00:28:28.000]  我找了這一首
[00:28:28.000 --> 00:28:30.000]  詩歌出來
[00:28:30.000 --> 00:28:32.000]  可能有
[00:28:32.000 --> 00:28:34.000]  可能
[00:28:34.000 --> 00:28:36.000]  只有一部分
[00:28:36.000 --> 00:28:38.000]  的弟兄姊妹
[00:28:38.000 --> 00:28:40.000]  唱過這一首詩歌
[00:28:40.000 --> 00:28:42.000]  或者還會唱這一首的詩歌
[00:28:42.000 --> 00:28:44.000]  因為這一首是比較古老的詩歌
[00:28:44.000 --> 00:28:46.000]  我們現在都
[00:28:46.000 --> 00:28:48.000]  沒什麼機會唱
[00:28:48.000 --> 00:28:50.000]  比較少在崇拜的時候
[00:28:50.000 --> 00:28:52.000]  唱,因為這一首詩歌
[00:28:52.000 --> 00:28:54.000]  不是很適合在崇拜裡面
[00:28:54.000 --> 00:28:56.000]  會眾一起唱的詩歌
[00:28:56.000 --> 00:29:00.000]  不過是一首很好聽的詩歌
[00:29:00.000 --> 00:29:02.000]  有幾多
[00:29:02.000 --> 00:29:04.000]  弟兄姊妹還記得
[00:29:04.000 --> 00:29:06.000]  有這一首的詩歌?
[00:29:06.000 --> 00:29:08.000]  看看有多少人
[00:29:08.000 --> 00:29:10.000]  有多少人認識
[00:29:10.000 --> 00:29:12.000]  有很多認識都不想舉手
[00:29:12.000 --> 00:29:14.000]  因為我說這一首是這麼古老的詩歌
[00:29:14.000 --> 00:29:16.000]  認識這麼古老的詩歌
[00:29:16.000 --> 00:29:18.000]  自己就比較大
[00:29:18.000 --> 00:29:20.000]  所以不是很多人
[00:29:20.000 --> 00:29:22.000]  不是很多人舉手
[00:29:22.000 --> 00:29:24.000]  也都真的比較年輕的弟兄姊妹
[00:29:24.000 --> 00:29:26.000]  真的可能聽都沒聽過
[00:29:26.000 --> 00:29:28.000]  這一首的詩歌
[00:29:28.000 --> 00:29:30.000]  有沒有一些比較年輕的弟兄姊妹
[00:29:30.000 --> 00:29:32.000]  什麼叫年輕
[00:29:32.000 --> 00:29:34.000]  你自己想吧
[00:29:34.000 --> 00:29:36.000]  比較年輕的弟兄姊妹
[00:29:36.000 --> 00:29:38.000]  有多少位有聽過唱過
[00:29:38.000 --> 00:29:40.000]  這一首詩歌?
[00:29:40.000 --> 00:29:42.000]  有啊
[00:29:42.000 --> 00:29:44.000]  你自己認為自己年輕就行了
[00:29:46.000 --> 00:29:48.000]  是很好聽的詩歌
[00:29:48.000 --> 00:29:50.000]  有時我們遇到
[00:29:50.000 --> 00:29:52.000]  這些風浪的時候
[00:29:52.000 --> 00:29:54.000]  我們可以想回這些詩歌
[00:29:54.000 --> 00:29:56.000]  唱回這些詩歌
[00:29:56.000 --> 00:29:58.000]  尤其是這一首的詩歌
[00:29:58.000 --> 00:30:00.000]  是真的很有意思的
[00:30:00.000 --> 00:30:02.000]  一首的詩歌
[00:30:02.000 --> 00:30:04.000]  在我們遇到這個世界
[00:30:04.000 --> 00:30:06.000]  這麼多的風浪裡面
[00:30:06.000 --> 00:30:08.000]  我們想起這個
[00:30:08.000 --> 00:30:10.000]  世界
[00:30:10.000 --> 00:30:12.000]  最近找到一些資料
[00:30:12.000 --> 00:30:14.000]  原來這個世界上
[00:30:14.000 --> 00:30:16.000]  每一天會死
[00:30:16.000 --> 00:30:18.000]  會離開這個世界的人
[00:30:18.000 --> 00:30:20.000]  是有十七萬四千多人
[00:30:20.000 --> 00:30:22.000]  這些對我們來說
[00:30:22.000 --> 00:30:24.000]  是一個數字
[00:30:24.000 --> 00:30:26.000]  但是
[00:30:26.000 --> 00:30:28.000]  很實在的就是
[00:30:28.000 --> 00:30:30.000]  無論是
[00:30:30.000 --> 00:30:32.000]  飛機失事
[00:30:32.000 --> 00:30:34.000]  汽車失事
[00:30:34.000 --> 00:30:36.000]  前一陣子的尼泊爾
[00:30:36.000 --> 00:30:38.000]  那些山崩水浸
[00:30:38.000 --> 00:30:40.000]  地震
[00:30:40.000 --> 00:30:42.000]  火山爆發
[00:30:42.000 --> 00:30:44.000]  所有都令到我們想起
[00:30:44.000 --> 00:30:46.000]  原來這個世界
[00:30:46.000 --> 00:30:48.000]  是有很多東西
[00:30:48.000 --> 00:30:50.000]  會威脅我們
[00:30:50.000 --> 00:30:52.000]  說回這一首詩歌
[00:30:52.000 --> 00:30:54.000]  其實是古老的詩歌
[00:30:54.000 --> 00:30:56.000]  是在1904年
[00:30:56.000 --> 00:30:58.000]  的時候
[00:30:58.000 --> 00:31:00.000]  有一位美國的姊妹
[00:31:00.000 --> 00:31:02.000]  她的丈夫是
[00:31:02.000 --> 00:31:04.000]  一個牧師
[00:31:04.000 --> 00:31:06.000]  有一次這個牧師
[00:31:06.000 --> 00:31:08.000]  去紐約那裡主領一些聚會
[00:31:08.000 --> 00:31:10.000]  師母又跟在一起
[00:31:10.000 --> 00:31:12.000]  去的
[00:31:12.000 --> 00:31:14.000]  在那個聚會那幾天
[00:31:14.000 --> 00:31:16.000]  就有人跟這個師母說
[00:31:16.000 --> 00:31:18.000]  我們教會有一位
[00:31:18.000 --> 00:31:20.000]  年老的執事
[00:31:20.000 --> 00:31:22.000]  他一向是很熱心
[00:31:22.000 --> 00:31:24.000]  去侍奉的
[00:31:24.000 --> 00:31:26.000]  但是
[00:31:26.000 --> 00:31:28.000]  現在他太太就有絕症
[00:31:28.000 --> 00:31:30.000]  睡在床上
[00:31:30.000 --> 00:31:32.000]  不可以出街
[00:31:32.000 --> 00:31:34.000]  他就問這位師母
[00:31:34.000 --> 00:31:36.000]  你可不可以跟我們
[00:31:36.000 --> 00:31:38.000]  去探一下
[00:31:38.000 --> 00:31:40.000]  這個執事的太太
[00:31:40.000 --> 00:31:42.000]  她的病已經
[00:31:42.000 --> 00:31:44.000]  到了末期
[00:31:44.000 --> 00:31:46.000]  希望你去為她祈禱
[00:31:46.000 --> 00:31:48.000]  鼓勵一下她
[00:31:48.000 --> 00:31:50.000]  這個師母她心中就有些猶豫
[00:31:50.000 --> 00:31:52.000]  我跟我的
[00:31:52.000 --> 00:31:54.000]  先生一起來
[00:31:54.000 --> 00:31:56.000]  她去港島
[00:31:56.000 --> 00:31:58.000]  我只不過是陪她
[00:31:58.000 --> 00:32:00.000]  來到這個人生路不熟的地方
[00:32:00.000 --> 00:32:02.000]  你說這個教會我又不認識
[00:32:02.000 --> 00:32:04.000]  這位教會的
[00:32:04.000 --> 00:32:06.000]  執事我又不認識
[00:32:06.000 --> 00:32:08.000]  我又更加不認識
[00:32:08.000 --> 00:32:10.000]  那不如就不要了
[00:32:10.000 --> 00:32:12.000]  不要要我去探她
[00:32:12.000 --> 00:32:14.000]  所以她就拖延了一點
[00:32:14.000 --> 00:32:16.000]  一兩天的時間
[00:32:16.000 --> 00:32:18.000]  後來她都覺得
[00:32:18.000 --> 00:32:20.000]  既然有人
[00:32:20.000 --> 00:32:22.000]  這樣來跟我說
[00:32:22.000 --> 00:32:24.000]  想我去探一下她
[00:32:24.000 --> 00:32:26.000]  那當然很重要
[00:32:26.000 --> 00:32:28.000]  最終她都
[00:32:28.000 --> 00:32:30.000]  答應了去探她
[00:32:30.000 --> 00:32:32.000]  她去探她的時候就在想
[00:32:32.000 --> 00:32:34.000]  一個已經病危的
[00:32:34.000 --> 00:32:36.000]  姐妹
[00:32:36.000 --> 00:32:38.000]  到她家裡應該多數
[00:32:38.000 --> 00:32:40.000]  都是一些比較
[00:32:40.000 --> 00:32:42.000]  黑沉沉
[00:32:42.000 --> 00:32:44.000]  有一種不是很開心的
[00:32:44.000 --> 00:32:46.000]  氣氛
[00:32:46.000 --> 00:32:48.000]  籠罩著這間屋
[00:32:48.000 --> 00:32:50.000]  這樣來想像
[00:32:50.000 --> 00:32:52.000]  但她去到這間屋裡就發覺
[00:32:52.000 --> 00:32:54.000]  原來完全相反
[00:32:54.000 --> 00:32:56.000]  在這間屋裡充滿了生命力
[00:32:56.000 --> 00:32:58.000]  很多的歡樂
[00:32:58.000 --> 00:33:00.000]  很多歡笑聲
[00:33:00.000 --> 00:33:02.000]  那位太太就睡在床上
[00:33:02.000 --> 00:33:04.000]  在窗邊
[00:33:04.000 --> 00:33:06.000]  打開窗簾
[00:33:06.000 --> 00:33:08.000]  聞到一些
[00:33:08.000 --> 00:33:10.000]  花的香味
[00:33:10.000 --> 00:33:14.000]  她雖然是睡在床上
[00:33:14.000 --> 00:33:16.000]  臉色蒼白
[00:33:16.000 --> 00:33:18.000]  但是她仍然會笑
[00:33:18.000 --> 00:33:20.000]  於是
[00:33:20.000 --> 00:33:22.000]  這位師母就跟
[00:33:22.000 --> 00:33:24.000]  這位姐妹聊天的時候
[00:33:24.000 --> 00:33:26.000]  還發覺
[00:33:26.000 --> 00:33:28.000]  她充滿了生命力
[00:33:28.000 --> 00:33:30.000]  雖然身體
[00:33:30.000 --> 00:33:32.000]  有很多的痛
[00:33:32.000 --> 00:33:34.000]  但是仍然
[00:33:34.000 --> 00:33:36.000]  看到她瀰漫著
[00:33:36.000 --> 00:33:38.000]  一種內心的喜樂
[00:33:38.000 --> 00:33:40.000]  於是這位師母
[00:33:40.000 --> 00:33:42.000]  就問她
[00:33:42.000 --> 00:33:44.000]  為什麼妳在這種痛苦
[00:33:44.000 --> 00:33:46.000]  裡面仍然可以
[00:33:46.000 --> 00:33:48.000]  有一種內心的
[00:33:48.000 --> 00:33:50.000]  平靜和喜樂
[00:33:50.000 --> 00:33:52.000]  流露出來
[00:33:52.000 --> 00:33:54.000]  妳的臉上
[00:33:54.000 --> 00:33:56.000]  這位姐妹
[00:33:56.000 --> 00:33:58.000]  手在顫抖
[00:33:58.000 --> 00:34:00.000]  指向窗外
[00:34:00.000 --> 00:34:02.000]  她說
[00:34:02.000 --> 00:34:04.000]  那裡有很多
[00:34:04.000 --> 00:34:06.000]  花草樹木
[00:34:06.000 --> 00:34:08.000]  還有兩隻麻雀
[00:34:08.000 --> 00:34:10.000]  經常在那裡
[00:34:10.000 --> 00:34:12.000]  她還說
[00:34:12.000 --> 00:34:14.000]  我可以
[00:34:14.000 --> 00:34:16.000]  心裡面有平靜
[00:34:16.000 --> 00:34:18.000]  有喜樂
[00:34:18.000 --> 00:34:20.000]  是因為那些麻雀
[00:34:20.000 --> 00:34:22.000]  神既然
[00:34:22.000 --> 00:34:24.000]  看顧麻雀
[00:34:24.000 --> 00:34:26.000]  祂更加會看顧我
[00:34:26.000 --> 00:34:28.000]  因為我會振奮
[00:34:28.000 --> 00:34:30.000]  我的內心
[00:34:30.000 --> 00:34:32.000]  這位師母
[00:34:32.000 --> 00:34:34.000]  她記述
[00:34:34.000 --> 00:34:36.000]  她心裡也得到很大的鼓勵
[00:34:36.000 --> 00:34:38.000]  不會再因為
[00:34:38.000 --> 00:34:40.000]  她很多的生活
[00:34:40.000 --> 00:34:42.000]  工作的壓力
[00:34:42.000 --> 00:34:44.000]  使她好像
[00:34:44.000 --> 00:34:46.000]  受很多
[00:34:46.000 --> 00:34:48.000]  周圍不開心的事
[00:34:48.000 --> 00:34:50.000]  影響
[00:34:50.000 --> 00:34:52.000]  反而她的生命
[00:34:52.000 --> 00:34:54.000]  再次得到復興
[00:34:56.000 --> 00:34:58.000]  是因為這種
[00:34:58.000 --> 00:35:00.000]  思念
[00:35:00.000 --> 00:35:02.000]  這種領受
[00:35:02.000 --> 00:35:04.000]  見到那位姐妹的
[00:35:04.000 --> 00:35:06.000]  生命力
[00:35:06.000 --> 00:35:08.000]  她就按著路加福音十二章
[00:35:08.000 --> 00:35:10.000]  和馬太福音第十章
[00:35:10.000 --> 00:35:12.000]  講關於神
[00:35:12.000 --> 00:35:14.000]  怎樣看顧麻雀
[00:35:14.000 --> 00:35:16.000]  她就寫了這首詩歌
[00:35:16.000 --> 00:35:18.000]  叫做
[00:35:18.000 --> 00:35:20.000]  她記看顧麻雀
[00:35:20.000 --> 00:35:24.000]  是不是有些弟兄姊妹還記得
[00:35:24.000 --> 00:35:26.000]  記得怎樣唱
[00:35:26.000 --> 00:35:30.000]  剛才有人舉手
[00:35:30.000 --> 00:35:36.000]  就算不懂唱也好
[00:35:36.000 --> 00:35:38.000]  看看歌詞
[00:35:38.000 --> 00:35:40.000]  想起那位師母
[00:35:40.000 --> 00:35:42.000]  她因為
[00:35:42.000 --> 00:35:44.000]  見到這位姐妹
[00:35:44.000 --> 00:35:46.000]  在這樣的
[00:35:46.000 --> 00:35:48.000]  病的情況
[00:35:48.000 --> 00:35:50.000]  身體一路
[00:35:50.000 --> 00:35:52.000]  衰壞的情況
[00:35:52.000 --> 00:35:54.000]  她仍然可以
[00:35:54.000 --> 00:35:56.000]  心裏有這種喜樂
[00:35:56.000 --> 00:35:58.000]  就好像我們
[00:35:58.000 --> 00:36:00.000]  讀到這段經文的記載
[00:36:00.000 --> 00:36:02.000]  這些門徒
[00:36:02.000 --> 00:36:04.000]  在這樣的恐懼
[00:36:04.000 --> 00:36:06.000]  裏面
[00:36:06.000 --> 00:36:08.000]  見到耶穌的時候
[00:36:08.000 --> 00:36:10.000]  初初都一樣很害怕
[00:36:10.000 --> 00:36:12.000]  因為他看不到原來是耶穌
[00:36:12.000 --> 00:36:14.000]  在我們生命遇到一些困局的時候
[00:36:14.000 --> 00:36:16.000]  有時都會有這樣的情況
[00:36:16.000 --> 00:36:18.000]  我們以為
[00:36:18.000 --> 00:36:20.000]  耶穌不在
[00:36:20.000 --> 00:36:22.000]  我們見到耶穌
[00:36:22.000 --> 00:36:24.000]  又不知道耶穌在你身邊
[00:36:24.000 --> 00:36:26.000]  又不知道耶穌與你同行
[00:36:26.000 --> 00:36:28.000]  如果懂得唱
[00:36:28.000 --> 00:36:30.000]  慢慢和我們一起哼
[00:36:30.000 --> 00:36:34.000]  我特意沒有叫
[00:36:34.000 --> 00:36:36.000]  敬拜隊的師琴
[00:36:36.000 --> 00:36:38.000]  來彈這首詩歌
[00:36:38.000 --> 00:36:40.000]  因為
[00:36:40.000 --> 00:36:42.000]  就算我們在家裡靈修的時候
[00:36:42.000 --> 00:36:44.000]  有時想起一些詩歌
[00:36:44.000 --> 00:36:46.000]  我們慢慢
[00:36:46.000 --> 00:36:48.000]  自己去哼
[00:36:48.000 --> 00:36:50.000]  這時候不用擔心
[00:36:50.000 --> 00:36:52.000]  我唱得
[00:36:52.000 --> 00:36:54.000]  合不合拍子
[00:36:54.000 --> 00:36:56.000]  合不合音
[00:36:56.000 --> 00:36:58.000]  還是走音
[00:36:58.000 --> 00:37:00.000]  沒有人理會你
[00:37:00.000 --> 00:37:02.000]  耶穌都不會介意我們有沒有走音
[00:37:02.000 --> 00:37:04.000]  但是耶穌看到的是
[00:37:04.000 --> 00:37:06.000]  你心裏面對他的信靠
[00:37:06.000 --> 00:37:08.000]  耶穌看到的就是
[00:37:08.000 --> 00:37:10.000]  你看到他
[00:37:10.000 --> 00:37:12.000]  我們試一下
[00:37:12.000 --> 00:37:14.000]  一路看著歌詞
[00:37:14.000 --> 00:37:16.000]  慢慢去哼
[00:37:18.000 --> 00:37:20.000]  為何灰心常怨嘆
[00:37:20.000 --> 00:37:24.000]  為何黑影瀰漫
[00:37:24.000 --> 00:37:30.000]  為何心領覺孤單
[00:37:30.000 --> 00:37:34.000]  甚至欲脫親橫
[00:37:34.000 --> 00:37:40.000]  耶穌是我的福輩
[00:37:40.000 --> 00:37:46.000]  祂是我的良人
[00:37:48.000 --> 00:37:50.000]  祂是我的友
[00:37:50.000 --> 00:37:52.000]  祂既看顧小麻將
[00:37:52.000 --> 00:37:58.000]  甚至我會夢遊
[00:37:58.000 --> 00:38:04.000]  祂既看顧小麻將
[00:38:04.000 --> 00:38:10.000]  甚至我別夢眷遊
[00:38:16.000 --> 00:38:18.000]  祂既看顧小麻將
[00:38:18.000 --> 00:38:24.000]  祂既看顧小麻將
[00:38:24.000 --> 00:38:26.000]  祂既看顧小麻將
[00:38:26.000 --> 00:38:28.000]  祂既看顧小麻將
[00:38:28.000 --> 00:38:30.000]  祂既看顧小麻將
[00:38:30.000 --> 00:38:32.000]  祂既看顧小麻將
[00:38:32.000 --> 00:38:34.000]  祂既看顧小麻將
[00:38:34.000 --> 00:38:36.000]  祂既看顧小麻將
[00:38:36.000 --> 00:38:38.000]  祂既看顧小麻將
[00:38:38.000 --> 00:38:40.000]  祂既看顧小麻將
[00:38:40.000 --> 00:38:42.000]  祂既看顧小麻將
[00:38:42.000 --> 00:38:44.000]  祂既看顧小麻將
[00:38:44.000 --> 00:38:46.000]  我聽九轉弘遊聲
[00:38:46.000 --> 00:38:52.000]  隨去我心猶存
[00:38:52.000 --> 00:38:58.000]  按四珠懷多天證
[00:38:58.000 --> 00:39:04.000]  毫無依據堅定
[00:39:04.000 --> 00:39:10.000]  猶注年齡在前頭
[00:39:14.000 --> 00:39:16.000]  步步緊隨祂走
[00:39:16.000 --> 00:39:22.000]  祂既看顧小麻將
[00:39:22.000 --> 00:39:28.000]  甚至我別夢眷遊
[00:39:28.000 --> 00:39:34.000]  祂既看顧小麻將
[00:39:34.000 --> 00:39:42.000]  甚至我別夢眷遊
[00:39:44.000 --> 00:39:46.000]  祂既看顧小麻將
[00:39:46.000 --> 00:39:48.000]  祂既看顧小麻將
[00:39:48.000 --> 00:39:50.000]  祂既看顧小麻將
[00:39:50.000 --> 00:39:52.000]  祂既看顧小麻將
[00:39:52.000 --> 00:39:54.000]  祂既看顧小麻將
[00:39:54.000 --> 00:39:56.000]  祂既看顧小麻將
[00:39:56.000 --> 00:39:58.000]  祂既看顧小麻將
[00:39:58.000 --> 00:40:00.000]  祂既看顧小麻將
[00:40:00.000 --> 00:40:02.000]  祂既看顧小麻將
[00:40:02.000 --> 00:40:04.000]  祂既看顧小麻將
[00:40:04.000 --> 00:40:06.000]  祂既看顧小麻將
[00:40:06.000 --> 00:40:08.000]  祂既看顧小麻將
[00:40:08.000 --> 00:40:10.000]  祂既看顧小麻將
[00:40:10.000 --> 00:40:12.000]  祂既看顧小麻將
[00:40:12.000 --> 00:40:14.000]  祂既看顧小麻將
[00:40:14.000 --> 00:40:16.000]  祂既看顧小麻將
[00:40:16.000 --> 00:40:18.000]  祂既看顧小麻將
[00:40:18.000 --> 00:40:20.000]  祂既看顧小麻將
[00:40:20.000 --> 00:40:22.000]  祂既看顧小麻將
[00:40:22.000 --> 00:40:24.000]  祂既看顧小麻將
[00:40:24.000 --> 00:40:26.000]  祂既看顧小麻將
[00:40:26.000 --> 00:40:28.000]  祂既看顧小麻將
[00:40:28.000 --> 00:40:30.000]  祂既看顧小麻將
[00:40:30.000 --> 00:40:32.000]  祂既看顧小麻將
[00:40:32.000 --> 00:40:34.000]  祂既看顧小麻將
[00:40:34.000 --> 00:40:36.000]  祂既看顧小麻將
[00:40:36.000 --> 00:40:38.000]  祂既看顧小麻將
[00:40:38.000 --> 00:40:40.000]  祂既看顧小麻將
[00:40:40.000 --> 00:40:42.000]  祂既看顧小麻將
[00:40:42.000 --> 00:40:44.000]  祂既看顧小麻將
[00:40:44.000 --> 00:40:46.000]  祂既看顧小麻將
[00:40:46.000 --> 00:40:48.000]  祂既看顧小麻將
[00:40:48.000 --> 00:40:50.000]  祂既看顧小麻將
[00:40:50.000 --> 00:40:52.000]  祂既看顧小麻將
[00:40:52.000 --> 00:40:54.000]  祂既看顧小麻將
[00:40:54.000 --> 00:40:56.000]  祂既看顧小麻將
[00:40:56.000 --> 00:40:58.000]  祂既看顧小麻將
[00:40:58.000 --> 00:41:00.000]  祂既看顧小麻將
[00:41:00.000 --> 00:41:02.000]  祂既看顧小麻將
[00:41:02.000 --> 00:41:04.000]  祂既看顧小麻將
[00:41:04.000 --> 00:41:06.000]  祂既看顧小麻將
[00:41:06.000 --> 00:41:08.000]  祂既看顧小麻將
[00:41:08.000 --> 00:41:10.000]  祂既看顧小麻將
[00:41:10.000 --> 00:41:12.000]  祂既看顧小麻將
[00:41:12.000 --> 00:41:14.000]  祂既看顧小麻將
[00:41:14.000 --> 00:41:16.000]  祂既看顧小麻將
[00:41:16.000 --> 00:41:18.000]  祂既看顧小麻將
[00:41:18.000 --> 00:41:20.000]  祂既看顧小麻將
[00:41:20.000 --> 00:41:22.000]  祂既看顧小麻將
[00:41:22.000 --> 00:41:24.000]  祂既看顧小麻將
[00:41:24.000 --> 00:41:26.000]  祂既看顧小麻將
[00:41:26.000 --> 00:41:28.000]  祂既看顧小麻將
[00:41:28.000 --> 00:41:30.000]  祂既看顧小麻將
[00:41:30.000 --> 00:41:32.000]  祂既看顧小麻將
[00:41:32.000 --> 00:41:34.000]  祂既看顧小麻將
[00:41:34.000 --> 00:41:36.000]  祂既看顧小麻將
[00:41:36.000 --> 00:41:38.000]  祂既看顧小麻將
[00:41:38.000 --> 00:41:40.000]  祂既看顧小麻將
[00:41:40.000 --> 00:41:42.000]  祂既看顧小麻將
[00:41:42.000 --> 00:41:44.000]  祂既看顧小麻將
[00:41:44.000 --> 00:41:46.000]  祂既看顧小麻將
[00:41:46.000 --> 00:41:48.000]  祂既看顧小麻將
[00:41:48.000 --> 00:41:50.000]  祂既看顧小麻將
[00:41:50.000 --> 00:41:52.000]  祂既看顧小麻將
[00:41:52.000 --> 00:41:54.000]  祂既看顧小麻將
[00:41:54.000 --> 00:41:56.000]  祂既看顧小麻將
[00:41:56.000 --> 00:41:58.000]  祂既看顧小麻將
[00:41:58.000 --> 00:42:00.000]  祂既看顧小麻將
[00:42:00.000 --> 00:42:02.000]  祂既看顧小麻將
[00:42:02.000 --> 00:42:04.000]  祂既看顧小麻將
[00:42:04.000 --> 00:42:06.000]  祂既看顧小麻將
[00:42:06.000 --> 00:42:08.000]  祂既看顧小麻將
[00:42:08.000 --> 00:42:10.000]  祂既看顧小麻將
[00:42:10.000 --> 00:42:12.000]  祂既看顧小麻將
[00:42:12.000 --> 00:42:14.000]  祂既看顧小麻將
[00:42:14.000 --> 00:42:16.000]  祂既看顧小麻將
[00:42:16.000 --> 00:42:18.000]  祂既看顧小麻將
[00:42:18.000 --> 00:42:20.000]  祂既看顧小麻將
[00:42:20.000 --> 00:42:22.000]  祂既看顧小麻將
[00:42:22.000 --> 00:42:24.000]  祂既看顧小麻將
[00:42:24.000 --> 00:42:26.000]  祂既看顧小麻將
[00:42:26.000 --> 00:42:28.000]  祂既看顧小麻將
[00:42:28.000 --> 00:42:30.000]  祂既看顧小麻將
[00:42:30.000 --> 00:42:32.000]  祂既看顧小麻將
[00:42:32.000 --> 00:42:34.000]  祂既看顧小麻將
[00:42:34.000 --> 00:42:36.000]  祂既看顧小麻將
[00:42:36.000 --> 00:42:38.000]  祂既看顧小麻將
[00:42:38.000 --> 00:42:40.000]  祂既看顧小麻將
[00:42:40.000 --> 00:42:42.000]  祂既看顧小麻將
[00:42:42.000 --> 00:42:44.000]  祂既看顧小麻將
[00:42:44.000 --> 00:42:46.000]  祂既看顧小麻將
[00:42:46.000 --> 00:42:48.000]  祂既看顧小麻將
[00:42:48.000 --> 00:42:50.000]  祂既看顧小麻將
[00:42:50.000 --> 00:42:52.000]  祂既看顧小麻將
[00:42:52.000 --> 00:42:54.000]  祂既看顧小麻將
[00:42:54.000 --> 00:42:56.000]  祂既看顧小麻將
[00:42:56.000 --> 00:42:58.000]  祂既看顧小麻將
[00:42:58.000 --> 00:43:00.000]  祂既看顧小麻將
[00:43:00.000 --> 00:43:02.000]  祂既看顧小麻將
[00:43:02.000 --> 00:43:04.000]  祂既看顧小麻將
[00:43:04.000 --> 00:43:06.000]  祂既看顧小麻將
[00:43:06.000 --> 00:43:08.000]  祂既看顧小麻將
[00:43:08.000 --> 00:43:10.000]  祂既看顧小麻將
[00:43:10.000 --> 00:43:12.000]  祂既看顧小麻將
[00:43:12.000 --> 00:43:14.000]  祂既看顧小麻將
[00:43:14.000 --> 00:43:16.000]  祂既看顧小麻將
[00:43:16.000 --> 00:43:18.000]  祂既看顧小麻將
[00:43:18.000 --> 00:43:20.000]  祂既看顧小麻將
[00:43:20.000 --> 00:43:22.000]  祂既看顧小麻將
[00:43:22.000 --> 00:43:24.000]  祂既看顧小麻將
[00:43:24.000 --> 00:43:26.000]  祂既看顧小麻將
[00:43:26.000 --> 00:43:28.000]  祂既看顧小麻將
[00:43:28.000 --> 00:43:30.000]  祂既看顧小麻將
[00:43:30.000 --> 00:43:32.000]  祂既看顧小麻將
[00:43:32.000 --> 00:43:34.000]  祂既看顧小麻將
[00:43:34.000 --> 00:43:36.000]  祂既看顧小麻將
[00:43:36.000 --> 00:43:38.000]  祂既看顧小麻將
[00:43:38.000 --> 00:43:40.000]  祂既看顧小麻將
[00:43:40.000 --> 00:43:42.000]  祂既看顧小麻將
[00:43:42.000 --> 00:43:44.000]  祂既看顧小麻將
[00:43:44.000 --> 00:43:46.000]  祂既看顧小麻將
[00:43:46.000 --> 00:43:48.000]  祂既看顧小麻將
[00:43:48.000 --> 00:43:50.000]  祂既看顧小麻將
[00:43:50.000 --> 00:43:52.000]  祂既看顧小麻將
[00:43:52.000 --> 00:43:54.000]  祂既看顧小麻將
[00:43:54.000 --> 00:43:56.000]  祂既看顧小麻將
[00:43:56.000 --> 00:43:58.000]  祂既看顧小麻將
[00:43:58.000 --> 00:44:00.000]  祂既看顧小麻將
[00:44:00.000 --> 00:44:02.000]  祂既看顧小麻將
[00:44:02.000 --> 00:44:04.000]  祂既看顧小麻將
[00:44:04.000 --> 00:44:06.000]  祂既看顧小麻將
[00:44:06.000 --> 00:44:08.000]  祂既看顧小麻將
[00:44:08.000 --> 00:44:10.000]  祂既看顧小麻將
[00:44:10.000 --> 00:44:12.000]  祂既看顧小麻將
[00:44:12.000 --> 00:44:14.000]  祂既看顧小麻將
[00:44:14.000 --> 00:44:16.000]  祂既看顧小麻將
[00:44:16.000 --> 00:44:18.000]  祂既看顧小麻將
[00:44:18.000 --> 00:44:20.000]  祂既看顧小麻將
[00:44:20.000 --> 00:44:22.000]  祂既看顧小麻將
[00:44:22.000 --> 00:44:24.000]  祂既看顧小麻將
[00:44:24.000 --> 00:44:26.000]  祂既看顧小麻將
[00:44:26.000 --> 00:44:28.000]  祂既看顧小麻將
[00:44:28.000 --> 00:44:30.000]  祂既看顧小麻將
[00:44:30.000 --> 00:44:32.000]  祂既看顧小麻將
[00:44:32.000 --> 00:44:34.000]  祂既看顧小麻將
[00:44:34.000 --> 00:44:36.000]  祂既看顧小麻將
[00:44:36.000 --> 00:44:38.000]  祂既看顧小麻將
[00:44:38.000 --> 00:44:40.000]  祂既看顧小麻將
[00:44:40.000 --> 00:44:42.000]  祂既看顧小麻將
[00:44:42.000 --> 00:44:44.000]  祂既看顧小麻將
[00:44:44.000 --> 00:44:46.000]  祂既看顧小麻將
[00:44:46.000 --> 00:44:48.000]  祂既看顧小麻將
[00:44:48.000 --> 00:44:50.000]  祂既看顧小麻將
[00:44:50.000 --> 00:44:52.000]  祂既看顧小麻將
[00:44:52.000 --> 00:44:54.000]  祂既看顧小麻將
[00:44:54.000 --> 00:44:56.000]  祂既看顧小麻將
[00:44:56.000 --> 00:44:58.000]  祂既看顧小麻將
[00:44:58.000 --> 00:45:00.000]  祂既看顧小麻將
[00:45:00.000 --> 00:45:02.000]  祂既看顧小麻將
[00:45:02.000 --> 00:45:04.000]  祂既看顧小麻將
[00:45:04.000 --> 00:45:06.000]  祂既看顧小麻將
[00:45:06.000 --> 00:45:08.000]  祂既看顧小麻將
[00:45:08.000 --> 00:45:10.000]  祂既看顧小麻將
[00:45:10.000 --> 00:45:12.000]  祂既看顧小麻將
[00:45:12.000 --> 00:45:14.000]  祂既看顧小麻將
[00:45:14.000 --> 00:45:16.000]  祂既看顧小麻將
[00:45:16.000 --> 00:45:18.000]  祂既看顧小麻將
[00:45:18.000 --> 00:45:20.000]  祂既看顧小麻將
[00:45:20.000 --> 00:45:22.000]  祂既看顧小麻將
[00:45:22.000 --> 00:45:24.000]  祂既看顧小麻將
[00:45:24.000 --> 00:45:26.000]  祂既看顧小麻將
[00:45:26.000 --> 00:45:28.000]  祂既看顧小麻將
[00:45:28.000 --> 00:45:30.000]  祂既看顧小麻將
[00:45:30.000 --> 00:45:32.000]  祂既看顧小麻將
[00:45:32.000 --> 00:45:34.000]  祂既看顧小麻將
[00:45:34.000 --> 00:45:36.000]  祂既看顧小麻將
[00:45:36.000 --> 00:45:38.000]  祂既看顧小麻將
[00:45:38.000 --> 00:45:40.000]  祂既看顧小麻將
[00:45:40.000 --> 00:45:42.000]  祂既看顧小麻將
[00:45:42.000 --> 00:45:44.000]  祂既看顧小麻將
[00:45:44.000 --> 00:45:46.000]  祂既看顧小麻將
[00:45:46.000 --> 00:45:48.000]  祂既看顧小麻將
[00:45:48.000 --> 00:45:50.000]  祂既看顧小麻將
[00:45:50.000 --> 00:45:52.000]  祂既看顧小麻將
[00:45:52.000 --> 00:45:54.000]  祂既看顧小麻將
[00:45:54.000 --> 00:45:56.000]  祂既看顧小麻將
[00:45:56.000 --> 00:45:58.000]  祂既看顧小麻將
[00:45:58.000 --> 00:46:00.000]  祂既看顧小麻將
[00:46:00.000 --> 00:46:02.000]  祂既看顧小麻將
[00:46:02.000 --> 00:46:04.000]  祂既看顧小麻將
[00:46:04.000 --> 00:46:06.000]  祂既看顧小麻將
