
[00:00:00.000 --> 00:00:06.000]  頂姊妹平安
[00:00:06.000 --> 00:00:12.000]  我們九月份,我同羅牧師都係講到基督,無比,奇妙無比嘅基督
[00:00:12.000 --> 00:00:16.000]  咁今日我講嘅題目係有血有淚嘅上帝
[00:00:16.000 --> 00:00:22.000]  咁想問下大家,如果你見到一個細路仔喊,喺度大喊
[00:00:22.000 --> 00:00:26.000]  通常你有啲咩反應呢?
[00:00:26.000 --> 00:00:31.000]  我好多時聽到啲人即刻會講,唔好喊快啲收聲啦
[00:00:31.000 --> 00:00:39.000]  所謂男兒有淚不輕彈,快啲收聲啦,咁樣人哋會笑你㗎
[00:00:39.000 --> 00:00:44.000]  咁我哋就會想令到個細路仔唔好喊啦
[00:00:44.000 --> 00:00:49.000]  咁似乎好多人又會覺得喊係弱者嘅表現
[00:00:49.000 --> 00:00:51.000]  咁你係咪咁樣睇呢?
[00:00:51.000 --> 00:00:56.000]  不過呢我與此同時亦都聽過一啲大人,有男有女
[00:00:56.000 --> 00:01:02.000]  曾經佢哋都分享,佢話唔知點解呢,我從來都喊唔出
[00:01:02.000 --> 00:01:05.000]  即係好似個淚腺失靈咁樣
[00:01:05.000 --> 00:01:10.000]  又好似自己係一個麻木不仁,冷漠無情嘅人一樣
[00:01:10.000 --> 00:01:15.000]  好似就算見到幾慘,其他人覺得幾感動嘅嘢
[00:01:15.000 --> 00:01:17.000]  但佢總係喊唔出
[00:01:17.000 --> 00:01:23.000]  後來佢向神了禱告,求聖靈去改變佢嘅心
[00:01:23.000 --> 00:01:27.000]  後來好奇妙,佢就喊得出
[00:01:27.000 --> 00:01:31.000]  並且懂得體會人世間嘅感情
[00:01:31.000 --> 00:01:35.000]  原來喊唔係一定係弱者
[00:01:35.000 --> 00:01:40.000]  而係一個有血有肉嘅人,一個會有嘅感情嘅流露
[00:01:40.000 --> 00:01:43.000]  一個正常人,係一定會喊
[00:01:43.000 --> 00:01:49.000]  人係咁,但原來我哋所信嘅神,都係一個會喊嘅神
[00:01:49.000 --> 00:01:52.000]  你會唔會覺得我哋嘅神係一個弱者呢?
[00:01:52.000 --> 00:01:57.000]  今日呢三段經文,頭先大全導幫我哋讀嘅三段經文
[00:01:57.000 --> 00:02:01.000]  都係記載咗耶穌哀哭嘅三個經歷
[00:02:01.000 --> 00:02:05.000]  我哋會逐一嚟睇呢三次嘅經歷
[00:02:05.000 --> 00:02:10.000]  第一個,我哋集中喺約翰福音十一章
[00:02:10.000 --> 00:02:16.000]  嗰度其實耶穌哭了,好短嘅經文四個字
[00:02:16.000 --> 00:02:21.000]  其實點解耶穌哭呢?我哋要睇返少少個背景
[00:02:21.000 --> 00:02:25.000]  呢一段嘅經文,我哋要睇返前少少
[00:02:25.000 --> 00:02:29.000]  喺一至六章嗰度,就講到有一個患病嘅人叫拉薩魯
[00:02:29.000 --> 00:02:34.000]  佢住喺伯大利,佢嘅姊妹就有瑪麗亞同埋瑪大
[00:02:34.000 --> 00:02:38.000]  大家相信對瑪大瑪麗亞都好熟悉
[00:02:38.000 --> 00:02:41.000]  呢個瑪麗亞就喺聖經另一度記載過
[00:02:41.000 --> 00:02:47.000]  佢用香膏抹主,並且用頭髮將主嘅腳抹乾嗰個人
[00:02:47.000 --> 00:02:50.000]  咁患病嘅拉薩魯就係佢嘅兄弟
[00:02:50.000 --> 00:02:56.000]  佢嘅兄弟病咗,所以呢兩姊妹就派人去耶穌嗰度
[00:02:56.000 --> 00:02:59.000]  就同佢講,主呀,你所愛嘅人病
[00:02:59.000 --> 00:03:04.000]  耶穌好錫呢幾個家裏面嘅呢幾個兄弟姊妹
[00:03:04.000 --> 00:03:10.000]  耶穌向來愛瑪大同佢嘅妹妹瑪麗亞以及拉薩魯
[00:03:10.000 --> 00:03:13.000]  但係耶穌聽到話拉薩魯病咗之後呢
[00:03:13.000 --> 00:03:17.000]  佢仍然喺原來住嘅地方住咗兩日
[00:03:17.000 --> 00:03:22.000]  你會覺得好奇怪,又話耶穌好愛呢三姊弟
[00:03:22.000 --> 00:03:27.000]  咁知道佢所愛嘅拉薩魯病,點解唔即刻臨去呢
[00:03:27.000 --> 00:03:31.000]  仲要特登住咗兩日,咁我哋要繼續睇下
[00:03:31.000 --> 00:03:37.000]  點知過咗兩日,真係喎,呢個拉薩魯真係死咗
[00:03:37.000 --> 00:03:41.000]  咁耶穌而家就去啦
[00:03:41.000 --> 00:03:45.000]  耶穌到達嘅時候,聖經嗰度講
[00:03:45.000 --> 00:03:50.000]  拉薩魯已經放喺墳墓裏面四日,點解係四日
[00:03:50.000 --> 00:03:56.000]  原來猶太人佢哋有一個習俗同埋信仰
[00:03:56.000 --> 00:04:04.000]  佢哋認為人死咗之後,佢個靈魂會喺佢個屍體附近徘徊三日
[00:04:04.000 --> 00:04:08.000]  三日過咗之後呢,就冇望啦
[00:04:08.000 --> 00:04:13.000]  即係個靈魂如果唔回嘅話呢,回就三日內回咗啦
[00:04:13.000 --> 00:04:15.000]  完回呢即係話已經死頭啦
[00:04:15.000 --> 00:04:21.000]  咁到咗第四日,所有復活嘅希望都冇啦,都破滅啦
[00:04:21.000 --> 00:04:25.000]  咁呢一個呢,聖經特別強調拉薩魯喺墳墓四日呢
[00:04:25.000 --> 00:04:32.000]  係要畀我哋知道拉薩魯死亡係徹徹底底係一個真實嘅事情
[00:04:32.000 --> 00:04:37.000]  佢係徹底死咗,跟住呢耶穌就去啦
[00:04:37.000 --> 00:04:41.000]  去到嘅時候啲人知道耶穌嚟啦,話畀馬大聽
[00:04:41.000 --> 00:04:44.000]  馬大嚟到呢,耶穌嘅面前就對佢講
[00:04:44.000 --> 00:04:51.000]  佢話,主呀如果你早喺呢一度,我嘅兄弟就唔會死啦
[00:04:51.000 --> 00:04:56.000]  就事現在我都知道,無論你向神求乜嘢,神都必賜畀你
[00:04:56.000 --> 00:05:00.000]  耶穌就對佢講,你嘅兄弟必會復活
[00:05:00.000 --> 00:05:06.000]  咁馬大就話,我知,我知道喺末日復活嘅時候呢,佢一定會復活
[00:05:06.000 --> 00:05:10.000]  但係耶穌同佢講咗一句好重要嘅說話
[00:05:10.000 --> 00:05:17.000]  耶穌話,我就是復活和生命,信我的人雖然死了也要活著
[00:05:17.000 --> 00:05:25.000]  所有活著又信我的人必定永遠不死,你信這話嗎?
[00:05:25.000 --> 00:05:33.000]  馬大同主嘅對話之後呢,佢聽完耶穌咁講呢
[00:05:33.000 --> 00:05:37.000]  佢唔知,可能佢自己都仲唔知諗緊啲乜嘢
[00:05:37.000 --> 00:05:42.000]  因為佢覺得呢,係呀,將來呢,耶穌你末日復活嘅時候呢
[00:05:42.000 --> 00:05:48.000]  我嘅細佬先復活,但係耶穌話畀佢聽呢,個情況唔係咁
[00:05:48.000 --> 00:05:54.000]  跟住呢,馬大就走咗啦,跟住佢就返去話畀佢個妹妹瑪利亞聽
[00:05:54.000 --> 00:06:01.000]  主嚟咗啦,所以佢個妹妹瑪利亞亦都匆匆咁嚟到去見耶穌
[00:06:01.000 --> 00:06:07.000]  瑪利亞嚟到耶穌嗰度嘅時候,佢一見到主就俯伏喺佢腳前
[00:06:07.000 --> 00:06:14.000]  佢就話,主呀,如果你早喺呢一度,我嘅兄弟就不會死
[00:06:14.000 --> 00:06:23.000]  佢似乎同姐姐一樣,都覺得你早啲嚟啦,點解你咁遲先嚟呀
[00:06:23.000 --> 00:06:28.000]  你早啲嚟嘅時候,你之前唔係醫病嘅咩呀
[00:06:28.000 --> 00:06:34.000]  嗰啲病嘅嗰啲人,你一按手一句說話,一個動作就可以叫佢好返呀
[00:06:34.000 --> 00:06:42.000]  你早啲嚟我嘅細佬咪唔使死啦,但係而家耶穌等佢嘅細佬徹底死咗之後先至嚟到
[00:06:42.000 --> 00:06:47.000]  當耶穌聽到瑪利亞呢番說話之後,經文咁樣形容
[00:06:47.000 --> 00:06:56.000]  佢話耶穌看見他在哭,和他一同來的猶太人也在哭,就心裡激動,難過起來
[00:06:56.000 --> 00:07:04.000]  你將他安放喺邊度呢,佢哋就話主呀你嚟睇啦,跟住經文就描述耶穌哭了
[00:07:04.000 --> 00:07:08.000]  咁到底耶穌點解會哭呢
[00:07:08.000 --> 00:07:16.000]  經文喺三十,喺經文嗰度呢,有幾個字值得大家留意
[00:07:16.000 --> 00:07:20.000]  就係話耶穌心裡激動,難過起來
[00:07:20.000 --> 00:07:25.000]  因為佢見到瑪利亞喊,見到周圍嗰啲嘅猶太人都喊呀
[00:07:25.000 --> 00:07:27.000]  佢心裡激動起來
[00:07:27.000 --> 00:07:31.000]  咁我哋去睇呢幾個字呀
[00:07:31.000 --> 00:07:35.000]  喺唔同嘅聖經譯本呢,有唔同嘅翻譯方法
[00:07:35.000 --> 00:07:39.000]  喺一個譯本叫NIV,New International Version
[00:07:39.000 --> 00:07:42.000]  佢就話Deeply Moved in Spirit
[00:07:42.000 --> 00:07:46.000]  咁喺另一個叫New Living Version呢
[00:07:46.000 --> 00:07:54.000]  佢就譯佢嘅心係Very Sad,好受苦,係好憂愁,好傷心
[00:07:54.000 --> 00:07:59.000]  跟住另一個Version NLT,New Living Translation
[00:07:59.000 --> 00:08:01.000]  佢話一個Deep Anger
[00:08:01.000 --> 00:08:09.000]  係耶穌呢,係有一種令到佢好唔舒服,好唔開心,甚至乎有少少嘅露呀
[00:08:09.000 --> 00:08:13.000]  跟住呢,另一個New King James Version
[00:08:13.000 --> 00:08:15.000]  就話He Drowned in Spirit
[00:08:15.000 --> 00:08:23.000]  喺呢幾個翻譯裡面呢,我哋可以捕捉到點解耶穌會喊
[00:08:23.000 --> 00:08:29.000]  首先,耶穌喊嘅第一個嘅原因係
[00:08:29.000 --> 00:08:33.000]  佢一份深切嘅憐憫同埋同理心
[00:08:33.000 --> 00:08:39.000]  佢睇到瑪利亞同埋周圍嗰啲同佢一齊哀悼嘅人
[00:08:39.000 --> 00:08:41.000]  佢哋為到呢一個死去嘅拉薩路
[00:08:41.000 --> 00:08:46.000]  佢哋好悲傷,好痛苦,而耶穌個心都好被觸動
[00:08:46.000 --> 00:08:49.000]  因為佢都愛呢一個拉薩路
[00:08:49.000 --> 00:08:54.000]  耶穌嘅眼淚其實見證咗佢係一個真實嘅人
[00:08:54.000 --> 00:08:59.000]  以及佢其實係感受到世人嗰啲嘅憂傷
[00:08:59.000 --> 00:09:03.000]  佢亦都分擔人類嗰個苦難嘅能力
[00:09:03.000 --> 00:09:11.000]  所以喺希伯來書四章十五節嗰度有一段比我哋好大恩惠嘅說話
[00:09:11.000 --> 00:09:16.000]  佢話因為我哋嘅大祭司並唔係不能同情我哋嘅軟弱
[00:09:16.000 --> 00:09:20.000]  佢像我哋一樣也曾在各方面受過試探
[00:09:20.000 --> 00:09:22.000]  只是他沒有犯罪
[00:09:22.000 --> 00:09:25.000]  呢一個大祭司講嘅就係主耶穌
[00:09:25.000 --> 00:09:30.000]  原來主耶穌佢係一個有血有淚嘅人
[00:09:30.000 --> 00:09:32.000]  佢係百分之百嘅人
[00:09:32.000 --> 00:09:36.000]  所以佢亦都感受到我哋世人嗰個嘅心情
[00:09:36.000 --> 00:09:41.000]  佢對人有一份深切嘅憐憫同埋同理心
[00:09:41.000 --> 00:09:48.000]  佢亦都唔係對人類嘅痛苦莫不關心
[00:09:48.000 --> 00:09:51.000]  佢唔係嗰位麻木不仁嘅上帝
[00:09:51.000 --> 00:09:56.000]  而係佢俾世人嘅情感佢自己都深受觸動
[00:09:56.000 --> 00:10:04.000]  第二個耶穌喊嘅原因係佢對罪同死亡帶嚟嘅後果嘅悲痛
[00:10:04.000 --> 00:10:10.000]  死亡唔係上帝最初創造嘅心意
[00:10:10.000 --> 00:10:13.000]  亦都唔係佢創造嘅一部分
[00:10:13.000 --> 00:10:17.000]  而係透過罪進入咗呢個世界嘅裏面
[00:10:17.000 --> 00:10:25.000]  耶穌佢親眼睇到世人因為犯罪要面對死亡帶嚟嘅痛苦同埋哀悼
[00:10:25.000 --> 00:10:31.000]  佢為到罪惡對人造成嘅呢一個浩劫感到悲痛
[00:10:31.000 --> 00:10:37.000]  喺羅馬書六章廿三節嗰度
[00:10:37.000 --> 00:10:40.000]  佢話因為罪嘅功架就係死
[00:10:40.000 --> 00:10:43.000]  今日我哋每一個人都要面對生老病死
[00:10:43.000 --> 00:10:47.000]  死就係我哋罪帶嚟嗰個嘅懲罰
[00:10:47.000 --> 00:10:49.000]  但係聖經都俾我哋知道佢話
[00:10:49.000 --> 00:10:51.000]  但係有神嘅賞賜呀
[00:10:51.000 --> 00:10:55.000]  如果喺基督律耶穌裏面呢我哋係有永生
[00:10:55.000 --> 00:11:00.000]  耶穌嘅眼淚可以被視為佢對世界嘅破碎
[00:11:00.000 --> 00:11:06.000]  以及對罪惡同埋死亡帶嚟嘅苦難嘅一份哀嘆
[00:11:07.000 --> 00:11:09.000]  呢一層嘅意義呢係
[00:11:09.000 --> 00:11:13.000]  佢喺靈裡為嗰啲失喪嘅人嘅嘆息
[00:11:13.000 --> 00:11:21.000]  因為世人佢哋拒絕咗上帝充滿愛嘅救贖
[00:11:21.000 --> 00:11:26.000]  我哋話耶穌基督佢嚟到呢個世界成為人
[00:11:26.000 --> 00:11:27.000]  嚟到世間
[00:11:27.000 --> 00:11:34.000]  而呢一個嘅救贖係記載喺約翰福音嘅三章十六節嗰度
[00:11:34.000 --> 00:11:38.000]  呢度強調到上帝嗰份神聖嘅愛
[00:11:38.000 --> 00:11:42.000]  佢愛世人甚至將佢嘅獨生子耶穌基督賜畀佢哋
[00:11:42.000 --> 00:11:47.000]  叫一切信佢嘅不至滅亡反得永生
[00:11:47.000 --> 00:11:51.000]  雖然佢親自嚟到呢個世界
[00:11:51.000 --> 00:11:53.000]  甚至喺佢傳道嘅咁多年裏面
[00:11:53.000 --> 00:11:59.000]  佢不斷都去強調亦都彰顯俾人睇到其實佢就係嗰位嘅上帝
[00:11:59.000 --> 00:12:05.000]  但係好多嘅人包括佢嘅子民都係拒絕佢同埋上帝呢一份嘅救恩
[00:12:05.000 --> 00:12:09.000]  所以其實喺以西傑書喺舊約嘅時候
[00:12:09.000 --> 00:12:14.000]  上帝已經預言嗰啲佢嗰個子民嗰種嘅心眼
[00:12:14.000 --> 00:12:16.000]  耶和華曾經有一句咁嘅說話
[00:12:16.000 --> 00:12:21.000]  佢就話你哋要把你哋所犯嘅一切罪過棄掉
[00:12:21.000 --> 00:12:24.000]  為自己做一個新嘅心同新嘅靈
[00:12:24.000 --> 00:12:27.000]  以色列家你哋點解要滅亡呢
[00:12:27.000 --> 00:12:31.000]  雖然上帝不斷嘅呼籲人去悔改
[00:12:31.000 --> 00:12:34.000]  差派先知嚟到去講去呼籲佢哋
[00:12:34.000 --> 00:12:39.000]  但係好多嘅人佢仍然心眼拒絕呢一份嘅救恩
[00:12:39.000 --> 00:12:43.000]  所以耶穌喺呢一個嘅場景裏面佢睇到嗰一切嘅時候
[00:12:43.000 --> 00:12:50.000]  其實佢同樣嘅睇到有好多嘅人雖然睇到耶穌所作嘅一切
[00:12:50.000 --> 00:12:54.000]  雖然睇到佢係咁不可思議所作嘅嘢
[00:12:54.000 --> 00:12:56.000]  但係好多人仍然拒絕佢
[00:12:56.000 --> 00:13:01.000]  所以其實佢喺靈裡為嗰啲失喪嘅人嚟嘅嘆息
[00:13:01.000 --> 00:13:05.000]  呢一個嘅眼淚亦包括呢一份嘅嘆息
[00:13:05.000 --> 00:13:16.000]  頂姊妹,耶穌嘅眼淚其實係揭示咗上帝對人類一份深沉嘅愛
[00:13:16.000 --> 00:13:22.000]  亦都彰顯咗耶穌佢完全嘅神性同埋人性
[00:13:22.000 --> 00:13:27.000]  佢雖然係神但喺嗰一刻佢收起佢嘅神性
[00:13:27.000 --> 00:13:34.000]  佢嚟到去表露佢對人一份完完全全好深沉嘅愛
[00:13:34.000 --> 00:13:41.000]  今日當我哋睇到耶穌哭了,我哋再一次去聽耶穌哭了
[00:13:41.000 --> 00:13:44.000]  對我哋有啲咩嘅反思呢?
[00:13:44.000 --> 00:13:51.000]  第一,你相唔相信耶穌真係愛你愛到一個地步
[00:13:51.000 --> 00:13:55.000]  為你痛哭流淚
[00:13:55.000 --> 00:13:58.000]  所以流淚唔係一個弱者嘅表現
[00:13:58.000 --> 00:14:03.000]  流淚亦都係帶住背後一份好深好深嘅愛
[00:14:03.000 --> 00:14:09.000]  就算呢個世界冇人愛你,但係仍然有一位神佢真係好愛你
[00:14:09.000 --> 00:14:16.000]  第二就係,佢知道你內心最深處嘅悲痛同恐懼
[00:14:16.000 --> 00:14:24.000]  就好似佢睇到瑪利亞,瑪達呢兩姐妹,佢哋失去咗呢一個嘅兄弟嗰份嘅悲痛
[00:14:24.000 --> 00:14:30.000]  仲有就係其實呢,我哋知道死亡,死亡之後好多人好恐懼
[00:14:30.000 --> 00:14:35.000]  我哋唔知會點,雖然好多人把聲口口聲聲就話我唔驚死
[00:14:35.000 --> 00:14:40.000]  信咗主嘅人你唔驚死呢,正常呀
[00:14:40.000 --> 00:14:45.000]  但係好多唔信嘅人佢都話我唔驚死,係咪真係唔驚死呢?
[00:14:45.000 --> 00:14:53.000]  有時其實都唔一定,有時可能信咗嘅人都未完全去明白呢一份唔怕死
[00:14:53.000 --> 00:15:04.000]  但神知道我哋內心嗰個恐懼,你可以將一切你呢啲嘅悲痛恐懼都話畀佢聽,佢明白你
[00:15:04.000 --> 00:15:09.000]  第三就係,其實神係呼籲緊人嚟到投靠佢
[00:15:09.000 --> 00:15:16.000]  佢為到人拒絕佢去悲痛,因為你拒絕咗,唔係一個拒絕咁簡單
[00:15:16.000 --> 00:15:20.000]  而係你嘅往後,你嘅生命係好不一樣
[00:15:20.000 --> 00:15:27.000]  佢希望世人能夠投靠佢,可以離開罪惡,享受永遠嘅福氣
[00:15:27.000 --> 00:15:31.000]  頂姐妹,呢一個都係佢對你嘅呼籲
[00:15:31.000 --> 00:15:37.000]  所以當我哋嚟到去諗我哋點應用嘅時候
[00:15:37.000 --> 00:15:41.000]  第一,與哀哭嘅人同哭
[00:15:41.000 --> 00:15:46.000]  羅曼書亦都同我哋講過,與喜樂嘅人同樂,與哀哭嘅人同哭
[00:15:46.000 --> 00:15:56.000]  頂姐妹,當你見到身邊嘅人去哀哭嘅時候,你係點反應呢?
[00:15:56.000 --> 00:16:01.000]  冇含冇含冇含,然之後同佢分析講大道理,係咪呢?
[00:16:01.000 --> 00:16:07.000]  因此我哋係需要佢嗰份嘅同理心去進入佢哋嘅當中
[00:16:07.000 --> 00:16:12.000]  第二就係把握機會去歸向耶穌
[00:16:12.000 --> 00:16:19.000]  我都感恩上個禮拜我同韋怡姐妹我哋去探一個嘅朋友
[00:16:19.000 --> 00:16:25.000]  都感恩我哋同佢嚟到分享之後,佢都願意嚟到捉緊耶穌
[00:16:25.000 --> 00:16:30.000]  係呀,呢個世界冇人可以俾到我哋盼望
[00:16:30.000 --> 00:16:33.000]  就算你最親嘅人都唔能夠
[00:16:33.000 --> 00:16:37.000]  只有上帝俾到我哋呢一份永恆嘅盼望
[00:16:37.000 --> 00:16:43.000]  第三就係當我哋有咗耶穌基督嘅時候,我哋真係可以無懼死亡
[00:16:43.000 --> 00:16:47.000]  如果你話其實我都未係經歷到
[00:16:47.000 --> 00:16:51.000]  我哋都可以將我哋呢一份恐懼或者呢一份未得
[00:16:51.000 --> 00:16:57.000]  我哋話俾耶穌聽,我哋去投靠佢,我哋嚟到返到佢面前
[00:16:57.000 --> 00:17:01.000]  我哋一齊靠住佢嚟到勝過
[00:17:01.000 --> 00:17:05.000]  第二我想同大家講耶穌哀哭嗰個經歷呢
[00:17:05.000 --> 00:17:09.000]  就係喺路加福音嘅十九章四十一到四十四節
[00:17:09.000 --> 00:17:12.000]  呢度講到耶穌走近耶路撒冷嘅時候
[00:17:12.000 --> 00:17:15.000]  佢見到個城呢就為個城哀哭
[00:17:15.000 --> 00:17:19.000]  佢話巴不得你係呢個日子知道關乎你平安嘅事
[00:17:19.000 --> 00:17:22.000]  但係現在呢啲事係你眼前係隱藏
[00:17:22.000 --> 00:17:28.000]  日子將到你嘅仇敵必捉你攻擊你周圍環繞你四面困住你
[00:17:28.000 --> 00:17:31.000]  要摧毀你同你裏面嘅兒女
[00:17:31.000 --> 00:17:34.000]  無一塊石頭留喺另一塊石頭上面
[00:17:34.000 --> 00:17:38.000]  因為你不知道那眷顧你的時期
[00:17:38.000 --> 00:17:46.000]  呢段經文其實個背景係耶穌榮耀嘅騎住驢驅進入耶路撒冷
[00:17:52.000 --> 00:17:56.000]  當時群眾熱烈咁夾道歡迎耶穌
[00:17:56.000 --> 00:18:00.000]  但係就係耶穌快要抵達呢個城嘅時候
[00:18:00.000 --> 00:18:02.000]  佢竟然哀哭
[00:18:02.000 --> 00:18:07.000]  因為佢預見咗佢未來嘅悲慘命運
[00:18:07.000 --> 00:18:12.000]  所以耶穌為呢個城哀哭流淚
[00:18:12.000 --> 00:18:14.000]  到底呢個城發生嘅咩事呢
[00:18:14.000 --> 00:18:20.000]  佢話呢度巴不得你係呢個日子知道關乎你平安嘅事
[00:18:20.000 --> 00:18:23.000]  但係呢個事喺眼前而家係隱藏嘅
[00:18:23.000 --> 00:18:28.000]  其實佢講嘅呢個事就係發生喺主後嘅七十年
[00:18:28.000 --> 00:18:34.000]  當時聖城耶路撒冷被羅馬帝國嚟到攻破
[00:18:34.000 --> 00:18:36.000]  成個城被攻破
[00:18:36.000 --> 00:18:38.000]  聖殿被毀
[00:18:38.000 --> 00:18:43.000]  而且聖殿被毀到嘅地步真係啲石頭都冧哂
[00:18:43.000 --> 00:18:50.000]  因為好多時當時羅馬嘅將軍提多將軍
[00:18:50.000 --> 00:18:54.000]  佢率領軍隊攻陷耶路撒冷
[00:18:54.000 --> 00:18:57.000]  唔單止殺害咗城內幾十萬嘅猶太人
[00:18:57.000 --> 00:18:59.000]  並且佢將聖殿拆毀
[00:18:59.000 --> 00:19:01.000]  連石頭都撬開
[00:19:01.000 --> 00:19:04.000]  因為當時聖殿係金碧輝煌
[00:19:04.000 --> 00:19:06.000]  有好多金喺度裏面
[00:19:06.000 --> 00:19:08.000]  佢燒毀佢嘅時候
[00:19:08.000 --> 00:19:12.000]  佢將連嗰啲縫裏面嗰啲嘅金都令佢溶埋出嚟
[00:19:12.000 --> 00:19:15.000]  所以要將所有金都攞走
[00:19:15.000 --> 00:19:18.000]  所以就好似耶穌所預言嘅
[00:19:18.000 --> 00:19:21.000]  你嘅石頭都唔能夠紮喺另一個石頭上
[00:19:21.000 --> 00:19:25.000]  有說呢個聖殿被毀
[00:19:25.000 --> 00:19:29.000]  毀到嘅地步只剩下一面嘅曲牆
[00:19:29.000 --> 00:19:30.000]  就係嗰個西牆
[00:19:30.000 --> 00:19:32.000]  今日你去以色列去旅行
[00:19:32.000 --> 00:19:35.000]  好多人可能你都會去呢一度
[00:19:35.000 --> 00:19:41.000]  其實呢面牆都係見證住以色列國呢一個悲慘嘅歷史
[00:19:41.000 --> 00:19:44.000]  點解有呢啲嘅事發生呢
[00:19:44.000 --> 00:19:47.000]  喺聖經44節嗰度佢話
[00:19:47.000 --> 00:19:50.000]  因為你不知道那眷顧你的時期
[00:19:50.000 --> 00:19:54.000]  意思係話耶穌降生喺呢個地上
[00:19:54.000 --> 00:19:58.000]  佢為猶太人帶嚟拯救嘅恩典
[00:19:58.000 --> 00:20:03.000]  但係呢一份嘅救恩卻被忽視卻被拒絕
[00:20:03.000 --> 00:20:09.000]  所以佢哋經歷一個咁大國破家亡嘅境況
[00:20:09.000 --> 00:20:13.000]  等姐妹耶穌為耶路撒冷哀哭
[00:20:13.000 --> 00:20:17.000]  帶畀我哋乜嘢嘅反思同學習呢
[00:20:17.000 --> 00:20:22.000]  呢一度畀我哋睇到耶穌好愛佢嘅子民
[00:20:22.000 --> 00:20:24.000]  雖然佢哋拒絕佢
[00:20:24.000 --> 00:20:27.000]  雖然佢哋嚟到去勃躍佢
[00:20:27.000 --> 00:20:29.000]  但佢仍然好愛佢嘅子民
[00:20:29.000 --> 00:20:34.000]  呢度都讓我諗到咁我哋作為基督徒
[00:20:34.000 --> 00:20:37.000]  我哋點樣呢
[00:20:37.000 --> 00:20:43.000]  我哋愛唔愛我哋自己嘅同胞呢
[00:20:43.000 --> 00:20:49.000]  第二神為佢子民嘅罪悲痛
[00:20:49.000 --> 00:20:53.000]  丙姐妹我哋呢
[00:20:53.000 --> 00:21:03.000]  我哋有冇為到微信嘅靈魂焦急悲痛呢
[00:21:03.000 --> 00:21:11.000]  第三耶穌睇到聖城睇到聖殿神嘅地方
[00:21:11.000 --> 00:21:13.000]  佢好悲痛
[00:21:13.000 --> 00:21:19.000]  今日教會有冇令神悲痛嘅事呢
[00:21:19.000 --> 00:21:23.000]  我哋嘅教會以至香港嘅教會
[00:21:23.000 --> 00:21:28.000]  我哋今日有乜嘢係令神悲痛嘅呢
[00:21:28.000 --> 00:21:34.000]  第四耶穌為耶路撒冷哀哭
[00:21:34.000 --> 00:21:40.000]  佢係好關注呢個地方嘅平安
[00:21:40.000 --> 00:21:46.000]  今日我哋都有冇為我哋嘅城市求平安呢
[00:21:46.000 --> 00:21:49.000]  我哋唔講到全世界咁偉大
[00:21:49.000 --> 00:21:51.000]  我哋所在嘅城市
[00:21:51.000 --> 00:21:53.000]  甚至由我哋呢個地區開始
[00:21:53.000 --> 00:21:55.000]  我哋嘅北角區
[00:21:55.000 --> 00:21:57.000]  我哋嘅香港
[00:21:57.000 --> 00:22:00.000]  我哋點樣為我哋嘅地區
[00:22:00.000 --> 00:22:05.000]  或者為我哋嘅城市求平安呢
[00:22:05.000 --> 00:22:08.000]  最後我想帶大家嚟到睇希伯來書
[00:22:08.000 --> 00:22:10.000]  呢一節好特別
[00:22:10.000 --> 00:22:13.000]  佢簡單講耶穌基督在世嘅時候
[00:22:13.000 --> 00:22:16.000]  曾經流淚大聲禱告
[00:22:16.000 --> 00:22:20.000]  懇求那位能救他脫離死亡的神
[00:22:20.000 --> 00:22:23.000]  因著他的敬虔就蒙了英雲
[00:22:23.000 --> 00:22:25.000]  如果大家睇呢節呢
[00:22:25.000 --> 00:22:27.000]  好容易你就會諗到
[00:22:27.000 --> 00:22:30.000]  耶穌喺喀西瑪利園嘅祈禱
[00:22:30.000 --> 00:22:34.000]  但係呢一個又好特別
[00:22:34.000 --> 00:22:36.000]  喺喀西瑪利園嘅祈禱
[00:22:36.000 --> 00:22:39.000]  喺三卷福音書都出現過
[00:22:39.000 --> 00:22:41.000]  馬太路加馬可
[00:22:41.000 --> 00:22:45.000]  但係冇一度講到耶穌流淚
[00:22:45.000 --> 00:22:47.000]  喺馬太嗰度講
[00:22:47.000 --> 00:22:51.000]  我嘅父可能嘅話求你洗呢隻杯離開我
[00:22:51.000 --> 00:22:53.000]  但唔好照我嘅意思
[00:22:53.000 --> 00:22:55.000]  只照你嘅旨意就得
[00:22:55.000 --> 00:22:57.000]  跟住呢
[00:22:57.000 --> 00:22:59.000]  喺馬可福音呢佢就咁講
[00:22:59.000 --> 00:23:01.000]  阿爸父啊你凡事都能作
[00:23:01.000 --> 00:23:03.000]  求你叫這杯離開我
[00:23:03.000 --> 00:23:05.000]  但不要照我的意思
[00:23:05.000 --> 00:23:08.000]  只要照你的旨意
[00:23:08.000 --> 00:23:15.000]  另外一段呢
[00:23:15.000 --> 00:23:17.000]  頭先嗰兩段呢
[00:23:17.000 --> 00:23:19.000]  嗰個記載係差唔多
[00:23:19.000 --> 00:23:22.000]  但係另一段呢喺路加呢就多少少
[00:23:22.000 --> 00:23:25.000]  佢講到耶穌離開佢哋就門徒
[00:23:25.000 --> 00:23:29.000]  若有掟一塊石頭咁遠嘅地方跪低禱告
[00:23:29.000 --> 00:23:32.000]  父啊如果你願意就將這杯拿走
[00:23:32.000 --> 00:23:34.000]  但不要成就我嘅意思
[00:23:34.000 --> 00:23:36.000]  只要成就你嘅旨意
[00:23:36.000 --> 00:23:39.000]  呢一段呢同上面嗰兩段都差唔多
[00:23:39.000 --> 00:23:42.000]  但係佢有啲抄本呢又多咗少少備註
[00:23:42.000 --> 00:23:45.000]  咁佢喺嗰度呢就標多咗一啲嘢
[00:23:45.000 --> 00:23:49.000]  佢話有一位天使從天上顯現加給他力量
[00:23:49.000 --> 00:23:53.000]  耶穌非常傷痛禱告更加懇切
[00:23:53.000 --> 00:23:57.000]  汗如大血點滴在地上
[00:23:57.000 --> 00:24:01.000]  呢個經文呢度講到耶穌在世嘅時候
[00:24:01.000 --> 00:24:04.000]  指到佢由天上嚟到人間
[00:24:04.000 --> 00:24:06.000]  喺瑪利亞嘅土裏面
[00:24:06.000 --> 00:24:08.000]  因聖靈感恩
[00:24:08.000 --> 00:24:12.000]  喺瑪利亞胎中跟住出世
[00:24:12.000 --> 00:24:15.000]  到佢釘十字架呢個都係佢在世嘅日子
[00:24:15.000 --> 00:24:20.000]  當佢從天上嚟到降生為人嘅時候
[00:24:20.000 --> 00:24:24.000]  佢喺肉身裏面受到好多嘅限制同埋不便
[00:24:24.000 --> 00:24:26.000]  所以佢嚟到呢一刻嘅時候呢
[00:24:26.000 --> 00:24:30.000]  佢亦都歷經緊逼迫同埋苦難
[00:24:30.000 --> 00:24:34.000]  並且有同普通人一樣有嘅感受
[00:24:34.000 --> 00:24:42.000]  耶穌基督佢流淚大聲禱告
[00:24:42.000 --> 00:24:46.000]  祈求懇求嗰位能夠佢脫離死亡嘅神
[00:24:46.000 --> 00:24:50.000]  呢度咁樣講呢係咪話耶穌怕死呢
[00:24:50.000 --> 00:24:54.000]  佢求神叫佢脫離死亡
[00:24:54.000 --> 00:24:56.000]  係咪因為佢怕死呢
[00:24:56.000 --> 00:24:59.000]  但經文又話因著佢嘅敬虔就蒙了英雲
[00:24:59.000 --> 00:25:02.000]  呢度好似睇嚟好矛盾
[00:25:02.000 --> 00:25:04.000]  但係我哋都知道呢
[00:25:04.000 --> 00:25:07.000]  其實上帝冇英雲佢唔使死呀
[00:25:07.000 --> 00:25:09.000]  最終耶穌都係死
[00:25:09.000 --> 00:25:13.000]  咁到底神英雲佢嘅又係乜嘢呢
[00:25:13.000 --> 00:25:15.000]  耶穌流淚禱告
[00:25:15.000 --> 00:25:18.000]  因為佢知道佢上十字架嘅時間呢
[00:25:18.000 --> 00:25:20.000]  已經係越嚟越近
[00:25:20.000 --> 00:25:25.000]  嗰一刻佢要承擔世人所有嘅罪帶嚟嘅刑罰
[00:25:25.000 --> 00:25:29.000]  就係佢要同聖傑嘅父神分離
[00:25:29.000 --> 00:25:31.000]  呢一個嘅分離呢
[00:25:31.000 --> 00:25:35.000]  比起所有其他嘅嘢係更痛徹心扉
[00:25:35.000 --> 00:25:38.000]  因為耶穌話我與父緣為一
[00:25:38.000 --> 00:25:42.000]  呢個對本來與父緣為一嘅基督來說
[00:25:42.000 --> 00:25:44.000]  其實係萬分痛苦
[00:25:44.000 --> 00:25:47.000]  就好似我哋被最親愛嘅人
[00:25:47.000 --> 00:25:50.000]  最親密最信得過嘅人撇棄一樣
[00:25:50.000 --> 00:25:56.000]  嗰一日撒旦對佢嘅攻擊係特別嘅兇猛
[00:25:56.000 --> 00:25:59.000]  所以其實耶穌我哋話佢都有人嗰個性情
[00:25:59.000 --> 00:26:03.000]  佢都會有驚恐佢好難過
[00:26:03.000 --> 00:26:07.000]  因此佢禱告求神加添佢嘅心力
[00:26:07.000 --> 00:26:13.000]  使佢免受死亡權勢所造成嗰種精神嘅痛苦
[00:26:13.000 --> 00:26:15.000]  仲要同神分離嗰種嘅痛苦
[00:26:15.000 --> 00:26:21.000]  所以經文呢度特別話有天使顯現加添佢嘅力量
[00:26:21.000 --> 00:26:25.000]  耶穌確曾求神
[00:26:25.000 --> 00:26:28.000]  可能嘅話求你將呢個杯攞走
[00:26:28.000 --> 00:26:30.000]  頭先我哋見幾段經文都有
[00:26:30.000 --> 00:26:32.000]  將呢個杯攞走就係話
[00:26:32.000 --> 00:26:38.000]  壓死我呢個杯就係嗰個虎杯就係走上十字架嗰個虎杯
[00:26:38.000 --> 00:26:48.000]  但係佢所求嘅其實係要證實呢隻杯係咪真係要上帝唯一嘅生意呢
[00:26:48.000 --> 00:26:52.000]  係唯一出於神嘅旨意呢
[00:26:52.000 --> 00:26:57.000]  所以最後佢話唔好照我嘅旨意係照你嘅旨意成就
[00:26:57.000 --> 00:26:59.000]  即係話佢求緊嘅係
[00:26:59.000 --> 00:27:04.000]  神呀你畀我睇到如果我要上十字架係唯一
[00:27:04.000 --> 00:27:08.000]  你嘅拯救嘅方式嘅話呢就照你嘅旨意啦
[00:27:08.000 --> 00:27:11.000]  但如果唔係嘅咁佢就唔使死啦係咪呀
[00:27:11.000 --> 00:27:13.000]  神你有其他嘅方法
[00:27:13.000 --> 00:27:20.000]  所以但係最後耶穌佢清楚咗嗰隻杯就係上帝唯一嘅旨意
[00:27:20.000 --> 00:27:22.000]  冇其他代替方案呀
[00:27:22.000 --> 00:27:28.000]  所以佢就話父呀你給我嘅杯我點能夠不渴呢
[00:27:28.000 --> 00:27:32.000]  所以希伯來書五章七節最後呢度講
[00:27:32.000 --> 00:27:36.000]  因著佢嘅敬虔就蒙了英雲
[00:27:36.000 --> 00:27:39.000]  因著佢敬虔蒙了英雲
[00:27:39.000 --> 00:27:42.000]  喺第八節嗰度呢接住呢喺度講
[00:27:42.000 --> 00:27:44.000]  他雖然是兒子
[00:27:44.000 --> 00:27:48.000]  還是因著所受嘅苦難學會了順從
[00:27:48.000 --> 00:27:52.000]  雖然耶穌係神嘅兒子佢就係神呀
[00:27:52.000 --> 00:27:54.000]  但係因著佢所受嘅苦難
[00:27:54.000 --> 00:27:57.000]  佢學會咗順從
[00:27:57.000 --> 00:28:03.000]  佢要將佢全知嘅呢一個神聖放喺一邊
[00:28:03.000 --> 00:28:08.000]  佢要藉住肉身嚟到去承受呢一切嘅苦難
[00:28:08.000 --> 00:28:10.000]  佢嚟到去學習
[00:28:10.000 --> 00:28:14.000]  佢通過咗上帝呢一個順從嘅考驗
[00:28:14.000 --> 00:28:18.000]  所以呢個蒙了英雲就唔係指佢蒙咗神英雲
[00:28:18.000 --> 00:28:20.000]  佢唔使死唔使上十字架
[00:28:20.000 --> 00:28:26.000]  而係話基督所祈求嘅就係順從神嘅旨意
[00:28:26.000 --> 00:28:30.000]  而神所英雲嘅就係讓佢清楚知道
[00:28:30.000 --> 00:28:36.000]  十字架嘅死就係父神唯一嘅旨意
[00:28:36.000 --> 00:28:42.000]  今次耶穌基督呢一個再次嘅流淚大聲禱告
[00:28:42.000 --> 00:28:47.000]  再一次顯明佢完全嘅神聖同埋人性
[00:28:47.000 --> 00:28:52.000]  咁我哋有咩嘅學習同反思呢喺呢一度
[00:28:52.000 --> 00:28:57.000]  呢一個耶穌流淚嘅禱告都讓我哋再一次體會
[00:28:57.000 --> 00:29:00.000]  耶穌基督為我哋所受嘅痛苦
[00:29:00.000 --> 00:29:04.000]  原來我都冇諗過我哋佢就死呀
[00:29:04.000 --> 00:29:08.000]  但佢原來死前唔單止係十字架上嗰個痛苦
[00:29:08.000 --> 00:29:12.000]  而係佢同父即係嗰種被罪隔絕
[00:29:12.000 --> 00:29:18.000]  嗰種與父分離嘅痛苦係幾咁大
[00:29:18.000 --> 00:29:25.000]  第二就係我哋點樣嚟到效法基督去一生信服神嘅旨意呢
[00:29:25.000 --> 00:29:29.000]  呢一個信服係好唔容易
[00:29:29.000 --> 00:29:34.000]  我哋早輪查經呀最後一日我哋即係有一次我哋分享
[00:29:34.000 --> 00:29:38.000]  你覺得今日教會最缺乏最需要嘅係咩呢
[00:29:38.000 --> 00:29:41.000]  好多弟兄姊妹講就係信服
[00:29:41.000 --> 00:29:43.000]  我哋係唔願意信服
[00:29:43.000 --> 00:29:46.000]  因為我哋覺得自己有啲嘢好叻
[00:29:46.000 --> 00:29:49.000]  我哋唔願意信服
[00:29:49.000 --> 00:29:53.000]  係呢條路真係唔容易行
[00:29:53.000 --> 00:29:57.000]  耶穌基督佢都唔容易
[00:29:57.000 --> 00:30:00.000]  佢唔單止被佢嘅敵人去攻擊
[00:30:00.000 --> 00:30:03.000]  佢都被自己家鄉嘅人唾棄唔尊重
[00:30:03.000 --> 00:30:07.000]  俾自己嘅門徒出賣背叛
[00:30:07.000 --> 00:30:09.000]  最後被父神撇棄
[00:30:09.000 --> 00:30:13.000]  以至佢嚟到去成就呢一個嘅救贖
[00:30:13.000 --> 00:30:16.000]  頂姐妹呢條路好唔容易
[00:30:16.000 --> 00:30:18.000]  但願意我哋都靠著神
[00:30:18.000 --> 00:30:22.000]  效法耶穌基督學習一生嘅信服
[00:30:22.000 --> 00:30:25.000]  第三靠著神勝過苦難
[00:30:25.000 --> 00:30:29.000]  耶穌基督上十字架之前
[00:30:29.000 --> 00:30:33.000]  同埋喺十字架嘅上高就好痛苦
[00:30:33.000 --> 00:30:37.000]  佢雖然祈求但係上帝冇英文
[00:30:37.000 --> 00:30:42.000]  因時我哋面對嘅苦難可能都冇辦法擺脫
[00:30:42.000 --> 00:30:47.000]  我哋點樣靠神勝過苦難呢?
[00:30:47.000 --> 00:30:49.000]  或者我哋更加需要學習
[00:30:49.000 --> 00:30:51.000]  唔係求神去攞走我啲苦難
[00:30:51.000 --> 00:30:54.000]  而係點樣我可以靠著上帝
[00:30:54.000 --> 00:30:58.000]  靠著神去勝過呢一切嘅苦難
[00:30:58.000 --> 00:31:01.000]  今日呢三段經文
[00:31:01.000 --> 00:31:04.000]  讓我哋再一次睇到耶穌基督
[00:31:04.000 --> 00:31:06.000]  我哋所信嘅呢位神
[00:31:06.000 --> 00:31:10.000]  佢係一個有血有淚嘅上帝
[00:31:10.000 --> 00:31:14.000]  佢雖然係嗰位尊貴榮耀嘅救主
[00:31:14.000 --> 00:31:16.000]  榮耀嘅神
[00:31:16.000 --> 00:31:20.000]  但佢唔係嗰個高高咁坐喺天上
[00:31:20.000 --> 00:31:22.000]  不理人間疾苦嘅神
[00:31:22.000 --> 00:31:25.000]  佢而係嗰位道成肉身嚟到我哋當中
[00:31:25.000 --> 00:31:28.000]  體會我哋人間悲苦嘅上帝
[00:31:28.000 --> 00:31:32.000]  佢深深咁參與緊我哋人類嘅生活
[00:31:32.000 --> 00:31:37.000]  並且佢為你為我流淚流血
[00:31:37.000 --> 00:31:41.000]  佢對我哋有著呢一份深沉嘅愛
[00:31:41.000 --> 00:31:44.000]  佢愛我哋愛到為我哋寫明
[00:31:44.000 --> 00:31:46.000]  好讓我哋能夠因為信佢
[00:31:46.000 --> 00:31:50.000]  我哋得著一份豐盛而永恆嘅生命
