
[00:00:00.000 --> 00:00:02.000]  弟兄姊妹早晨
[00:00:02.000 --> 00:00:05.500]  讓我們為了我們聽到和說到的福事一同禱告
[00:00:05.500 --> 00:00:07.000]  主我們感謝祢
[00:00:07.000 --> 00:00:08.500]  因為祢是施恩的主
[00:00:08.500 --> 00:00:11.500]  是祢讓我們能夠一同聚集
[00:00:11.500 --> 00:00:13.500]  同樣是因為祢的緣故
[00:00:13.500 --> 00:00:17.000]  叫我們看見我們在日常生活當中
[00:00:17.000 --> 00:00:19.500]  怎樣以祢為我們的主
[00:00:19.500 --> 00:00:22.500]  今日就求祢藉著聖靈對我們說話
[00:00:22.500 --> 00:00:23.500]  叫我們俯伏
[00:00:23.500 --> 00:00:25.500]  叫我們好像約書亞一樣
[00:00:25.500 --> 00:00:28.000]  去經歷從祢而來的恩典
[00:00:28.000 --> 00:00:30.000]  你和我們去說話
[00:00:30.000 --> 00:00:32.000]  奉主耶穌基督的聖名祈求 阿門
[00:00:32.000 --> 00:00:35.000]  不知道大家有沒有一些習慣
[00:00:35.000 --> 00:00:38.000]  或者一些事是知道應該要做的
[00:00:38.000 --> 00:00:41.000]  應該要去行動的
[00:00:41.000 --> 00:00:43.000]  但是遲遲都不會行動
[00:00:43.000 --> 00:00:45.000]  又或者一直都是拖延的呢
[00:00:45.000 --> 00:00:48.000]  對我來說就是跑步
[00:00:48.000 --> 00:00:50.000]  我有一個教練
[00:00:50.000 --> 00:00:54.000]  一和五會做一些舉重的練習
[00:00:54.000 --> 00:00:57.000]  但是他叫我要自己做一些卡地奧
[00:00:57.000 --> 00:00:59.000]  你要自己做一些帶氧運動
[00:00:59.000 --> 00:01:00.000]  叫我跑步
[00:01:00.000 --> 00:01:01.000]  但是對我來說
[00:01:01.000 --> 00:01:03.000]  跑步是什麼呢
[00:01:03.000 --> 00:01:05.000]  太冷就不跑 太熱就不跑
[00:01:05.000 --> 00:01:07.000]  吃飽又不跑
[00:01:07.000 --> 00:01:09.000]  未吃飯又更加不想跑
[00:01:09.000 --> 00:01:13.000]  未做完事又不想跑
[00:01:13.000 --> 00:01:15.000]  做完事就想休息
[00:01:15.000 --> 00:01:16.000]  休息又不想跑
[00:01:16.000 --> 00:01:18.000]  有心情就應該跑
[00:01:18.000 --> 00:01:19.000]  但多數都沒有心情
[00:01:19.000 --> 00:01:21.000]  所以沒有心情又不跑
[00:01:21.000 --> 00:01:22.000]  太曬又不跑
[00:01:22.000 --> 00:01:23.000]  太夜又不跑
[00:01:23.000 --> 00:01:24.000]  下雨又不跑
[00:01:24.000 --> 00:01:26.000]  大風也不跑
[00:01:26.000 --> 00:01:28.000]  不過其實Devon跑不跑不關我的事
[00:01:28.000 --> 00:01:31.000]  不過其實我明白的
[00:01:31.000 --> 00:01:33.000]  我明白應該做運動
[00:01:33.000 --> 00:01:36.000]  跑步是對身體有益的
[00:01:36.000 --> 00:01:39.000]  也是面對著自己的健康
[00:01:39.000 --> 00:01:41.000]  健康這件事原來不是很無形的
[00:01:41.000 --> 00:01:44.000]  因為你看著自己的肚腩就能看到
[00:01:44.000 --> 00:01:47.000]  原來我應該也有這個需要
[00:01:47.000 --> 00:01:49.000]  所以問題不是不知道
[00:01:49.000 --> 00:01:51.000]  是提不起勁
[00:01:51.000 --> 00:01:55.000]  或者覺得做來也不會這麼快有果效的時候
[00:01:55.000 --> 00:01:58.000]  就算了還是不做了
[00:01:58.000 --> 00:02:00.000]  不過其實除了運動
[00:02:00.000 --> 00:02:02.000]  會不會對於崇拜
[00:02:02.000 --> 00:02:05.000]  我們也有類似的掙扎呢
[00:02:05.000 --> 00:02:08.000]  每個星期要來教會
[00:02:08.000 --> 00:02:10.000]  可能回8.9
[00:02:10.000 --> 00:02:12.000]  現在回8.5
[00:02:12.000 --> 00:02:13.000]  不知道會不會覺得
[00:02:13.000 --> 00:02:14.000]  也有一些挑戰
[00:02:14.000 --> 00:02:16.000]  這個會不會是我們每個星期
[00:02:16.000 --> 00:02:18.000]  都會掙扎一次的事呢
[00:02:18.000 --> 00:02:21.000]  可能是因為工作已經很多了
[00:02:21.000 --> 00:02:23.000]  很多的事要處理
[00:02:23.000 --> 00:02:25.000]  怎樣努力好事也做不完
[00:02:25.000 --> 00:02:28.000]  如果要騰出時間去崇拜的時候
[00:02:28.000 --> 00:02:30.000]  好像是一件很奢侈的事一樣
[00:02:30.000 --> 00:02:34.000]  可能在我們的人際關係裡面受了傷
[00:02:34.000 --> 00:02:37.000]  昨晚和老公老婆吵架
[00:02:37.000 --> 00:02:40.000]  然後心情也很受影響
[00:02:40.000 --> 00:02:42.000]  這個時候只是想借一個靜下
[00:02:42.000 --> 00:02:44.000]  根本就是做自己喜歡做的事
[00:02:44.000 --> 00:02:47.000]  不想再去面對其他的人
[00:02:47.000 --> 00:02:51.000]  也會不會可能在一些事裡面
[00:02:51.000 --> 00:02:53.000]  很想得到 不斷祈禱
[00:02:53.000 --> 00:02:55.000]  真的努力爭取了很久
[00:02:55.000 --> 00:02:57.000]  但仍然沒有得到的時候
[00:02:57.000 --> 00:03:00.000]  原來每晚都會對上帝有一種失望
[00:03:00.000 --> 00:03:02.000]  甚至有很多的埋怨
[00:03:02.000 --> 00:03:04.000]  所以就不想回來崇拜
[00:03:04.000 --> 00:03:07.000]  不想面對這位上帝
[00:03:07.000 --> 00:03:08.000]  是這些想法
[00:03:08.000 --> 00:03:10.000]  原來都會令到我們
[00:03:10.000 --> 00:03:12.000]  在回崇拜這件事上
[00:03:12.000 --> 00:03:14.000]  可能有很多不同的阻力
[00:03:14.000 --> 00:03:18.000]  所以在實際的果效裡面去看
[00:03:18.000 --> 00:03:20.000]  因為從那個實際的果效裡面
[00:03:20.000 --> 00:03:21.000]  我們會知道
[00:03:21.000 --> 00:03:25.000]  崇拜好像都沒有即時解決了
[00:03:25.000 --> 00:03:27.000]  我們要面對的那些問題
[00:03:27.000 --> 00:03:30.000]  因為畢竟唱完詩 聽完道
[00:03:30.000 --> 00:03:31.000]  可能祈完禱
[00:03:31.000 --> 00:03:32.000]  問題仍然存在
[00:03:32.000 --> 00:03:34.000]  因為禮拜一回到公司
[00:03:34.000 --> 00:03:36.000]  要處理的那疊文件
[00:03:36.000 --> 00:03:37.000]  都是那疊文件
[00:03:37.000 --> 00:03:40.000]  受了傷 那個傷口仍然在
[00:03:40.000 --> 00:03:42.000]  關係的破裂仍然還沒解決
[00:03:42.000 --> 00:03:44.000]  都是面左左
[00:03:44.000 --> 00:03:46.000]  甚至我們看望得到的東西
[00:03:46.000 --> 00:03:49.000]  都未必是因為參與了一次崇拜之後
[00:03:49.000 --> 00:03:52.000]  就會自然出現在我們面前
[00:03:52.000 --> 00:03:54.000]  在這些時候我們就會問
[00:03:54.000 --> 00:03:56.000]  唉 回崇拜幹嘛
[00:03:56.000 --> 00:03:58.000]  為什麼要回來呢
[00:03:58.000 --> 00:04:01.000]  約書教的第五到第六章
[00:04:01.000 --> 00:04:04.000]  正正幫我們一起去思考這個問題
[00:04:04.000 --> 00:04:07.000]  就是當眼前的困難仍然未解決
[00:04:07.000 --> 00:04:12.000]  當敵人仍然在面前敬拜和禮儀
[00:04:12.000 --> 00:04:15.000]  究竟有什麼意義呢
[00:04:15.000 --> 00:04:17.000]  這個段落開始在五章的一節
[00:04:17.000 --> 00:04:19.000]  如果你有聖經的時候
[00:04:19.000 --> 00:04:21.000]  你都可以跟著我們一起去看
[00:04:21.000 --> 00:04:24.000]  在五章的一節他是這樣說的
[00:04:24.000 --> 00:04:27.000]  他說加南的縱王聽見耶和華
[00:04:27.000 --> 00:04:30.000]  將約旦河水都乾了
[00:04:30.000 --> 00:04:32.000]  然後讓到以色列人能夠過河
[00:04:32.000 --> 00:04:35.000]  他們有兩個反應 有兩個感受
[00:04:35.000 --> 00:04:39.000]  第一個就是他們膽戰心驚
[00:04:39.000 --> 00:04:41.000]  第二個他們勇氣全失
[00:04:41.000 --> 00:04:45.000]  原來這個經文一開始就說到
[00:04:45.000 --> 00:04:47.000]  以色列人過了約旦河
[00:04:47.000 --> 00:04:50.000]  亦都在耶利哥城的門外
[00:04:50.000 --> 00:04:52.000]  去到這個時候
[00:04:52.000 --> 00:04:57.000]  正正原來那班加南的縱王已經很害怕
[00:04:57.000 --> 00:04:58.000]  所以按理來說
[00:04:58.000 --> 00:05:01.000]  這個應該是最佳的進攻時機
[00:05:01.000 --> 00:05:07.000]  但上帝沒有首先叫他們進攻
[00:05:07.000 --> 00:05:10.000]  而是首先吩咐以色列人要停下來
[00:05:10.000 --> 00:05:14.000]  然後要完成一個又一個的禮儀
[00:05:14.000 --> 00:05:19.000]  所以今天我們會從這段經文去思考三個問題
[00:05:19.000 --> 00:05:22.000]  第一個就是我們要先了解一下禮儀
[00:05:22.000 --> 00:05:25.000]  究竟上帝在攻打耶利哥之前
[00:05:25.000 --> 00:05:27.000]  和一個過程裡面
[00:05:27.000 --> 00:05:30.000]  吩咐以色列人要進行什麼禮儀呢
[00:05:30.000 --> 00:05:32.000]  第二我們就去問一下
[00:05:32.000 --> 00:05:34.000]  這些禮儀有什麼目的呢
[00:05:34.000 --> 00:05:36.000]  最後我們一起去想一想
[00:05:36.000 --> 00:05:38.000]  究竟在這段經文裡面
[00:05:38.000 --> 00:05:40.000]  怎樣幫助我們去重新理解
[00:05:40.000 --> 00:05:43.000]  我們自己的那些禮儀
[00:05:43.000 --> 00:05:45.000]  例如我們怎樣去參與崇拜
[00:05:45.000 --> 00:05:47.000]  心態應該是怎樣呢
[00:05:47.000 --> 00:05:50.000]  我們首先去了解一下有什麼禮儀
[00:05:50.000 --> 00:05:51.000]  我剛剛這樣說
[00:05:51.000 --> 00:05:54.000]  我們當時是一個怎樣的局面呢
[00:05:54.000 --> 00:05:57.000]  當時是一個進攻的最佳時機
[00:05:57.000 --> 00:06:00.000]  因為以色列人剛剛過河士氣高昂
[00:06:00.000 --> 00:06:03.000]  而相反加南的縱王
[00:06:03.000 --> 00:06:06.000]  也是膽戰心驚 勇氣全失
[00:06:06.000 --> 00:06:08.000]  所以敵人的士氣這麼崩潰
[00:06:08.000 --> 00:06:10.000]  似乎就是一個很好的機會
[00:06:10.000 --> 00:06:13.000]  拿起武器就馬上乘勝追擊
[00:06:13.000 --> 00:06:15.000]  去攻打耶利哥
[00:06:15.000 --> 00:06:17.000]  但同時我們反過來看
[00:06:17.000 --> 00:06:19.000]  這是一個機會
[00:06:19.000 --> 00:06:22.000]  但有機會也有危機
[00:06:22.000 --> 00:06:25.000]  同樣他有相當大的風險
[00:06:25.000 --> 00:06:27.000]  因為以色列人和耶利哥
[00:06:27.000 --> 00:06:30.000]  現在只差三公里
[00:06:30.000 --> 00:06:31.000]  三公里我計算過了
[00:06:31.000 --> 00:06:32.000]  有多遠呢
[00:06:32.000 --> 00:06:35.000]  大概就是這裡去到Lingville這麼遠
[00:06:35.000 --> 00:06:37.000]  就是說在這個距離裡面
[00:06:37.000 --> 00:06:40.000]  後面已經沒有約旦河
[00:06:40.000 --> 00:06:42.000]  中間是他們隔著
[00:06:42.000 --> 00:06:45.000]  就是說如果以色列人一直停留在這個地方
[00:06:45.000 --> 00:06:47.000]  搞事的時候
[00:06:47.000 --> 00:06:51.000]  耶利哥一下子準備好要反攻了
[00:06:51.000 --> 00:06:53.000]  可能以色列人也無處可逃
[00:06:53.000 --> 00:06:56.000]  因為後面就是約旦河了
[00:06:56.000 --> 00:07:00.000]  而在這個這麼有危有機的時候
[00:07:00.000 --> 00:07:03.000]  上帝吩咐以色列人要做幾件事
[00:07:03.000 --> 00:07:06.000]  第一件事就是要行國禮
[00:07:06.000 --> 00:07:08.000]  以色列人到過約旦河之後
[00:07:08.000 --> 00:07:10.000]  上帝首先第一個就是吩咐
[00:07:10.000 --> 00:07:14.000]  新一代的以色列男子全部要施行國禮
[00:07:14.000 --> 00:07:20.000]  國禮是一個上帝和亞伯拉罕之間納約的記號
[00:07:20.000 --> 00:07:25.000]  但是在曠野出生的新一代的以色列人
[00:07:25.000 --> 00:07:27.000]  他是未受國禮
[00:07:27.000 --> 00:07:29.000]  所以進入迦南之後
[00:07:29.000 --> 00:07:32.000]  上帝第一件事吩咐約書亞就是
[00:07:32.000 --> 00:07:34.000]  要他們去施行國禮
[00:07:34.000 --> 00:07:36.000]  但其實你反過來想
[00:07:36.000 --> 00:07:38.000]  從一個軍事的角度
[00:07:38.000 --> 00:07:40.000]  人家是Linfield了
[00:07:40.000 --> 00:07:42.000]  我們現在又過了河
[00:07:42.000 --> 00:07:44.000]  你過河前搞也沒那麼麻煩
[00:07:44.000 --> 00:07:46.000]  你過了河現在才來搞
[00:07:46.000 --> 00:07:49.000]  耶利哥就在那個不遠的地方
[00:07:49.000 --> 00:07:53.000]  這個時候要所有的成年男子施行國禮
[00:07:53.000 --> 00:07:56.000]  意味著他們都要休息一段時間
[00:07:56.000 --> 00:08:00.000]  整個軍隊的作戰能力都會暫時下降
[00:08:00.000 --> 00:08:02.000]  不單止這樣
[00:08:02.000 --> 00:08:04.000]  守完國禮 大家康復了
[00:08:04.000 --> 00:08:06.000]  那就好走了
[00:08:06.000 --> 00:08:07.000]  還不行
[00:08:07.000 --> 00:08:10.000]  以色列人還要守如意節
[00:08:10.000 --> 00:08:12.000]  以色列人每年都要守如意節
[00:08:12.000 --> 00:08:15.000]  因為這是紀念他們離開埃及
[00:08:15.000 --> 00:08:17.000]  是因為上帝帶領他們
[00:08:17.000 --> 00:08:19.000]  一個這樣的紀念
[00:08:19.000 --> 00:08:22.000]  所以這是一個很重要的日子
[00:08:22.000 --> 00:08:24.000]  而這個很重要的日子
[00:08:24.000 --> 00:08:27.000]  就是就算在敵人門外
[00:08:27.000 --> 00:08:30.000]  但仍然要守這個節
[00:08:30.000 --> 00:08:32.000]  我們都會想
[00:08:32.000 --> 00:08:34.000]  其實都搞些搞老
[00:08:34.000 --> 00:08:36.000]  可能耶利哥裏面的人都會想
[00:08:36.000 --> 00:08:39.000]  你還不打過來
[00:08:39.000 --> 00:08:41.000]  你打算在那裏住嗎
[00:08:41.000 --> 00:08:43.000]  即是你搞多久呢
[00:08:43.000 --> 00:08:46.000]  但這個都不是全部他們要守的禮儀
[00:08:46.000 --> 00:08:48.000]  因為去到第六章
[00:08:48.000 --> 00:08:51.000]  我們見到上帝終於頒佈了
[00:08:51.000 --> 00:08:54.000]  那個功成的方法
[00:08:54.000 --> 00:08:56.000]  而令人意外的是
[00:08:56.000 --> 00:08:59.000]  這個都好像有違我們一般想像的那種
[00:08:59.000 --> 00:09:02.000]  功成就是拿刀拿槍就打進去
[00:09:02.000 --> 00:09:04.000]  好像不是這樣
[00:09:04.000 --> 00:09:06.000]  第六章講什麼呢
[00:09:06.000 --> 00:09:08.000]  簡短綜合可以這樣說
[00:09:08.000 --> 00:09:09.000]  一個大家很熟悉
[00:09:09.000 --> 00:09:11.000]  關於耶利哥城的故事
[00:09:11.000 --> 00:09:13.000]  就是上帝吩咐以色列的軍兵
[00:09:13.000 --> 00:09:16.000]  七個祭司和台約貴的人
[00:09:16.000 --> 00:09:18.000]  然後和一群百姓
[00:09:18.000 --> 00:09:21.000]  連續六天圍繞著耶利哥城
[00:09:21.000 --> 00:09:24.000]  每天都要走一個圈
[00:09:24.000 --> 00:09:26.000]  在繞城的期間
[00:09:26.000 --> 00:09:28.000]  祭司要吹號角
[00:09:28.000 --> 00:09:31.000]  然後百姓就要保持安靜
[00:09:31.000 --> 00:09:32.000]  去到第七天
[00:09:32.000 --> 00:09:35.000]  第七天的時候他們繞城了七次
[00:09:35.000 --> 00:09:39.000]  然後祭司隨後也都去響號角
[00:09:39.000 --> 00:09:43.000]  然後約書亞就吩咐百姓一起吶喊
[00:09:43.000 --> 00:09:45.000]  在一起吶喊的時候
[00:09:45.000 --> 00:09:49.000]  他們就見到城牆自然倒塌下來
[00:09:49.000 --> 00:09:51.000]  以色列人就能夠進城
[00:09:51.000 --> 00:09:54.000]  也都將所有人都殺掉
[00:09:54.000 --> 00:09:57.000]  除了拉俠和他一家
[00:09:57.000 --> 00:10:00.000]  因為這是探子承諾過他
[00:10:00.000 --> 00:10:02.000]  會得到拯救的一家
[00:10:02.000 --> 00:10:05.000]  這個就是六章裡面的故事
[00:10:05.000 --> 00:10:07.000]  所以表面上我們一想這個故事
[00:10:07.000 --> 00:10:10.000]  就是想這是一個戰爭的畫面
[00:10:10.000 --> 00:10:11.000]  如果拍成戲的話
[00:10:11.000 --> 00:10:15.000]  應該都是一些很浩瀚的戰爭的場面
[00:10:15.000 --> 00:10:18.000]  不過如果你仔細去看
[00:10:18.000 --> 00:10:20.000]  作者的描述的時候
[00:10:20.000 --> 00:10:23.000]  你會發現以經文用的字眼
[00:10:23.000 --> 00:10:29.000]  不是在聖經裡面慣用的戰爭字眼
[00:10:29.000 --> 00:10:32.000]  而是充滿著很多禮儀的色彩
[00:10:32.000 --> 00:10:33.000]  譬如是什麼呢
[00:10:33.000 --> 00:10:38.000]  譬如他不斷強調祭司要做什麼
[00:10:38.000 --> 00:10:40.000]  藥櫃要在哪裡
[00:10:40.000 --> 00:10:42.000]  羊的號角
[00:10:42.000 --> 00:10:45.000]  又或者他會不斷重複七這個數字
[00:10:45.000 --> 00:10:49.000]  這些全部都是一些充滿著禮儀的字眼
[00:10:49.000 --> 00:10:52.000]  在之前或者在舊約的經文裡面
[00:10:52.000 --> 00:10:54.000]  講到禮儀就有這些字眼
[00:10:54.000 --> 00:10:58.000]  所以我們會知道原來在作者眼中
[00:10:58.000 --> 00:11:00.000]  這個不是一個軍事的行動
[00:11:00.000 --> 00:11:05.000]  這個是一個很莊嚴的禮儀的巡遊
[00:11:05.000 --> 00:11:08.000]  和國禮和守禦節是一樣的
[00:11:08.000 --> 00:11:09.000]  都是一些禮儀
[00:11:09.000 --> 00:11:11.000]  可惜我們來到這裡
[00:11:11.000 --> 00:11:14.000]  我們會看到上帝的安排很特別
[00:11:14.000 --> 00:11:16.000]  就是他進攻耶利哥之前
[00:11:16.000 --> 00:11:18.000]  以色列人要首先接受國禮
[00:11:18.000 --> 00:11:20.000]  他們要守禦節
[00:11:20.000 --> 00:11:24.000]  去紀念他是蒙耶和華所揀選的子民
[00:11:24.000 --> 00:11:26.000]  到攻城的時候
[00:11:26.000 --> 00:11:29.000]  他們也不是馬上就拿起刀拿起劍
[00:11:29.000 --> 00:11:30.000]  然後就直接打
[00:11:30.000 --> 00:11:33.000]  而是去跟著那個藥櫃
[00:11:33.000 --> 00:11:38.000]  行一年七天的禮儀的巡遊
[00:11:38.000 --> 00:11:40.000]  我們可能都會問
[00:11:40.000 --> 00:11:44.000]  為什麼在這個已經戰爭這麼逼近
[00:11:44.000 --> 00:11:46.000]  人家很近 三公里而已
[00:11:46.000 --> 00:11:50.000]  為什麼上帝仍然首先吩咐他們去行國禮
[00:11:50.000 --> 00:11:52.000]  去守禦節呢
[00:11:52.000 --> 00:11:55.000]  為什麼上帝不在這個時候
[00:11:55.000 --> 00:11:58.000]  就已經馬上捉起自己的土雷
[00:11:58.000 --> 00:12:00.000]  畢竟城牆這麼厚這麼大
[00:12:00.000 --> 00:12:02.000]  可能都要一點時間打
[00:12:02.000 --> 00:12:04.000]  都要有一些保護自己的地方
[00:12:04.000 --> 00:12:08.000]  然後想想怎樣進攻攻打那個城門
[00:12:08.000 --> 00:12:10.000]  但反過來是抬著藥櫃
[00:12:10.000 --> 00:12:12.000]  在人家的城牆外邊
[00:12:12.000 --> 00:12:16.000]  走來走去吹號角和巡遊呢
[00:12:16.000 --> 00:12:18.000]  究竟這些禮儀
[00:12:18.000 --> 00:12:21.000]  在上帝眼中是什麼意思呢
[00:12:21.000 --> 00:12:23.000]  我們可能都會想到
[00:12:23.000 --> 00:12:26.000]  如果我們當時的以色列人
[00:12:26.000 --> 00:12:27.000]  可能心裡面
[00:12:27.000 --> 00:12:29.000]  可能未必夠膽說出口
[00:12:29.000 --> 00:12:31.000]  但心裡面都會想 會問
[00:12:31.000 --> 00:12:34.000]  敵人已經在我們面前了
[00:12:34.000 --> 00:12:37.000]  現在正是我們很危險的時間
[00:12:37.000 --> 00:12:40.000]  如果現在採取行動
[00:12:40.000 --> 00:12:43.000]  是不是現在就要採取什麼行動呢
[00:12:43.000 --> 00:12:45.000]  上帝在這個時候
[00:12:45.000 --> 00:12:47.000]  要我們停下來
[00:12:47.000 --> 00:12:49.000]  去接受國禮 守禦節
[00:12:49.000 --> 00:12:52.000]  這些禮儀不是不重要
[00:12:52.000 --> 00:12:55.000]  但可不可以進入了耶利哥之後
[00:12:55.000 --> 00:12:57.000]  或者攻打了耶利哥之後
[00:12:57.000 --> 00:13:00.000]  安全一點 未過河之前
[00:13:00.000 --> 00:13:01.000]  我們先做了它呢
[00:13:01.000 --> 00:13:03.000]  為什麼要現在這個時間
[00:13:03.000 --> 00:13:05.000]  這麼重要的這個時間
[00:13:05.000 --> 00:13:07.000]  去做這些事呢
[00:13:07.000 --> 00:13:10.000]  不知道這個會不會是我們
[00:13:10.000 --> 00:13:13.000]  自己對崇拜的那種心聲呢
[00:13:13.000 --> 00:13:15.000]  就是每天上班
[00:13:15.000 --> 00:13:17.000]  回到家裡只剩下半條人命
[00:13:17.000 --> 00:13:21.000]  禮拜六日你就好心讓我休息一下
[00:13:21.000 --> 00:13:23.000]  教會又提醒我
[00:13:23.000 --> 00:13:26.000]  要分別時間出來
[00:13:26.000 --> 00:13:28.000]  用這個時間去敬拜上帝
[00:13:28.000 --> 00:13:31.000]  我不是不重視崇拜
[00:13:31.000 --> 00:13:34.000]  但可不可以讓我精神一點
[00:13:34.000 --> 00:13:36.000]  有更多的力量的時候
[00:13:36.000 --> 00:13:38.000]  我才回來呢
[00:13:38.000 --> 00:13:40.000]  又或者可能我們都會想
[00:13:40.000 --> 00:13:44.000]  這個時間我只是想收起自己
[00:13:44.000 --> 00:13:45.000]  我就是不想說話
[00:13:45.000 --> 00:13:46.000]  就是不想見人
[00:13:46.000 --> 00:13:49.000]  既然我都沒有心情回教會
[00:13:49.000 --> 00:13:51.000]  不如就讓我不要回
[00:13:51.000 --> 00:13:54.000]  我不是說我不需要弟兄姊妹
[00:13:54.000 --> 00:13:57.000]  也不是說我沒有心情就不回崇拜
[00:13:57.000 --> 00:13:59.000]  但我都真的不想勉強自己
[00:13:59.000 --> 00:14:02.000]  可不可以就讓我心情好一點
[00:14:02.000 --> 00:14:04.000]  我才選擇再回來呢
[00:14:04.000 --> 00:14:06.000]  或者我們都可能會說
[00:14:06.000 --> 00:14:10.000]  這件事我已經祈禱了很久
[00:14:10.000 --> 00:14:11.000]  等了很久
[00:14:11.000 --> 00:14:12.000]  但都沒有結果的
[00:14:12.000 --> 00:14:16.000]  雖然現在你要我繼續去信靠
[00:14:16.000 --> 00:14:18.000]  或者唱那些詩歌裡面
[00:14:18.000 --> 00:14:19.000]  說我怎樣信靠上帝
[00:14:19.000 --> 00:14:21.000]  怎樣敬拜這個上帝
[00:14:21.000 --> 00:14:23.000]  但我覺得這個上帝
[00:14:23.000 --> 00:14:25.000]  好像都沒有聽到我祈禱
[00:14:25.000 --> 00:14:27.000]  或者是沒有見到我有多失望
[00:14:27.000 --> 00:14:30.000]  我不是不想親近這個上帝
[00:14:30.000 --> 00:14:32.000]  但我都很想等問題好一點
[00:14:32.000 --> 00:14:36.000]  我才想我怎樣面對我這個信仰
[00:14:36.000 --> 00:14:38.000]  的確我們有很多時候
[00:14:38.000 --> 00:14:41.000]  有很多很多的需要
[00:14:41.000 --> 00:14:43.000]  我們有很多很多的軟弱
[00:14:43.000 --> 00:14:45.000]  剛剛這些台詞都不是
[00:14:45.000 --> 00:14:47.000]  我憑空想像出來
[00:14:47.000 --> 00:14:50.000]  這些都是我生命裡面有經歷過
[00:14:50.000 --> 00:14:52.000]  而是我們真的很需要
[00:14:52.000 --> 00:14:55.000]  上帝憐憫的一些時候
[00:14:55.000 --> 00:14:57.000]  但話說回頭
[00:14:57.000 --> 00:15:00.000]  其實當我們去這樣想的時候
[00:15:00.000 --> 00:15:02.000]  其實我們會不會已經不知不覺
[00:15:02.000 --> 00:15:05.000]  將敬拜或者將這些禮儀
[00:15:05.000 --> 00:15:08.000]  去看成為上帝提供給我們
[00:15:08.000 --> 00:15:12.000]  一些解決問題的工具呢
[00:15:12.000 --> 00:15:14.000]  什麼是工具呢
[00:15:14.000 --> 00:15:16.000]  既然它是一個工具
[00:15:16.000 --> 00:15:18.000]  就是當它不能夠產生
[00:15:18.000 --> 00:15:21.000]  我們預期之中的效果的時候
[00:15:21.000 --> 00:15:22.000]  我們就會覺得
[00:15:22.000 --> 00:15:24.000]  這件事未必現在這一刻
[00:15:24.000 --> 00:15:25.000]  可以幫到忙
[00:15:25.000 --> 00:15:27.000]  然後就轉向一些
[00:15:27.000 --> 00:15:29.000]  其他更實際更有效
[00:15:29.000 --> 00:15:33.000]  又或者更能夠自己掌握的工具
[00:15:33.000 --> 00:15:35.000]  一些方法
[00:15:35.000 --> 00:15:37.000]  所以表面上我們都會說
[00:15:37.000 --> 00:15:38.000]  我們沒有拒絕上帝
[00:15:38.000 --> 00:15:40.000]  我們不是要離棄上帝
[00:15:40.000 --> 00:15:41.000]  就是不翻崇拜
[00:15:41.000 --> 00:15:43.000]  不等於我不再信上帝
[00:15:43.000 --> 00:15:47.000]  不等於我不再去信
[00:15:47.000 --> 00:15:49.000]  我不再是基督徒
[00:15:49.000 --> 00:15:50.000]  不是這樣的意思
[00:15:50.000 --> 00:15:53.000]  因為我們仍然都有那種相信
[00:15:53.000 --> 00:15:55.000]  不過我覺得有更重要的事
[00:15:55.000 --> 00:15:56.000]  我要處理先
[00:15:56.000 --> 00:15:58.000]  有更多的事我要去解決先
[00:15:58.000 --> 00:16:00.000]  但實際上
[00:16:00.000 --> 00:16:02.000]  其實這個想法就是告訴我們
[00:16:02.000 --> 00:16:04.000]  由我去決定
[00:16:04.000 --> 00:16:06.000]  什麼是對我最好的
[00:16:06.000 --> 00:16:08.000]  或者由我去判斷
[00:16:08.000 --> 00:16:11.000]  什麼對我是有用的
[00:16:11.000 --> 00:16:13.000]  而這個正正就是約書亞
[00:16:13.000 --> 00:16:17.000]  和耶和華的軍隊的元帥
[00:16:17.000 --> 00:16:19.000]  相遇的段落
[00:16:19.000 --> 00:16:24.000]  告訴我們這個問題在哪裡
[00:16:24.000 --> 00:16:26.000]  在眾多禮儀裡面
[00:16:26.000 --> 00:16:28.000]  我們會看到一段對話
[00:16:28.000 --> 00:16:30.000]  就是五章十三到十五節
[00:16:30.000 --> 00:16:33.000]  這是我們剛剛一直都沒處理的一段對話
[00:16:33.000 --> 00:16:36.000]  也是主席幫我們讀出的經文
[00:16:36.000 --> 00:16:37.000]  在這段對話裡面
[00:16:37.000 --> 00:16:39.000]  幫助我們去明白
[00:16:39.000 --> 00:16:42.000]  為什麼上帝要用這個方式
[00:16:42.000 --> 00:16:45.000]  去讓以色列人攻佔耶利哥
[00:16:45.000 --> 00:16:47.000]  要有這麼多的禮儀
[00:16:47.000 --> 00:16:51.000]  在約書亞靠近耶利哥的時候
[00:16:51.000 --> 00:16:53.000]  他看到一個人站在他對面
[00:16:53.000 --> 00:16:55.000]  手裡拿著刀
[00:16:55.000 --> 00:16:57.000]  約書亞就上前去
[00:16:57.000 --> 00:16:58.000]  然後就問他
[00:16:58.000 --> 00:17:02.000]  你是幫助我們還是幫助敵人的呢
[00:17:02.000 --> 00:17:04.000]  你可以想像在軍營附近
[00:17:04.000 --> 00:17:07.000]  有一個陌生人還是拿著刀的
[00:17:07.000 --> 00:17:09.000]  這是一個非常自然的問題
[00:17:09.000 --> 00:17:11.000]  所以他要確認一下
[00:17:11.000 --> 00:17:14.000]  這個人會不會是敵軍派來的探子
[00:17:14.000 --> 00:17:19.000]  約書亞也以自己軍營的位置出發點
[00:17:19.000 --> 00:17:21.000]  他就說這邊是我們的
[00:17:21.000 --> 00:17:22.000]  你是不是幫我們這邊
[00:17:22.000 --> 00:17:26.000]  還是那邊就是耶利哥城的呢
[00:17:26.000 --> 00:17:29.000]  現在我要知道究竟你是幫哪一邊
[00:17:29.000 --> 00:17:30.000]  然後去決定
[00:17:30.000 --> 00:17:34.000]  是否需要做任何對抗的行動
[00:17:34.000 --> 00:17:37.000]  那個人回答了一個答案
[00:17:37.000 --> 00:17:38.000]  他說不是
[00:17:38.000 --> 00:17:43.000]  我是要來做耶和華軍隊的元帥
[00:17:43.000 --> 00:17:45.000]  軍隊元帥是什麼意思呢
[00:17:45.000 --> 00:17:50.000]  通常是指率領軍王的軍隊的人
[00:17:50.000 --> 00:17:54.000]  而舊約無論在聶王記裡面
[00:17:54.000 --> 00:17:55.000]  詩篇裡面
[00:17:55.000 --> 00:18:00.000]  我們都會看到耶和華是以軍隊元帥的身份
[00:18:00.000 --> 00:18:03.000]  去率領天上的軍隊
[00:18:03.000 --> 00:18:06.000]  同時他也會告訴我們
[00:18:06.000 --> 00:18:10.000]  以色列也是他的軍隊之一
[00:18:10.000 --> 00:18:17.000]  所以我們會知道原來和約書亞對話的是耶和華自己
[00:18:17.000 --> 00:18:22.000]  其實耶和華也沒有很清楚地去回應約書亞
[00:18:22.000 --> 00:18:23.000]  他只是說
[00:18:23.000 --> 00:18:25.000]  因為對於耶和華來說
[00:18:25.000 --> 00:18:28.000]  軍隊的元帥問題不是
[00:18:28.000 --> 00:18:31.000]  究竟耶和華是不是站在你那邊
[00:18:31.000 --> 00:18:32.000]  反過來
[00:18:32.000 --> 00:18:34.000]  這個問題應該是問
[00:18:34.000 --> 00:18:37.000]  我們是不是站在耶和華那邊
[00:18:37.000 --> 00:18:41.000]  所以耶和華轉了答案
[00:18:41.000 --> 00:18:42.000]  他轉了問題
[00:18:42.000 --> 00:18:45.000]  他不是再問一個敵我的問題
[00:18:45.000 --> 00:18:48.000]  就是這個人是幫我們還是幫敵軍的
[00:18:48.000 --> 00:18:53.000]  而是主次主僕的一個問題
[00:18:53.000 --> 00:18:56.000]  就是究竟誰才是元帥
[00:18:56.000 --> 00:18:59.000]  誰才是主事的那個呢
[00:18:59.000 --> 00:19:05.000]  是這個耶和華還是約書亞自己呢
[00:19:05.000 --> 00:19:09.000]  所以約書亞當時就明白了耶和華這番話
[00:19:09.000 --> 00:19:12.000]  他就俯伏在地上敬拜他
[00:19:12.000 --> 00:19:17.000]  約書亞發現自己只是一個需要接受命令
[00:19:17.000 --> 00:19:20.000]  然後跟隨的一個僕人
[00:19:20.000 --> 00:19:21.000]  所以約書亞就這樣問
[00:19:21.000 --> 00:19:25.000]  他說我主日有什麼話你要吩咐僕人呢
[00:19:25.000 --> 00:19:30.000]  約書亞的身份和問題馬上就有一個改變
[00:19:30.000 --> 00:19:32.000]  他由那個指揮的那個去問
[00:19:32.000 --> 00:19:33.000]  喂 你是哪裏的
[00:19:33.000 --> 00:19:35.000]  你是不是敵軍的
[00:19:35.000 --> 00:19:37.000]  然後轉為一個僕人的身份
[00:19:37.000 --> 00:19:40.000]  就是有什麼我可以做
[00:19:40.000 --> 00:19:43.000]  所以囚蟲的那個你是不是來幫我的
[00:19:43.000 --> 00:19:48.000]  反過來就是我要為你去做些什麼
[00:19:48.000 --> 00:19:52.000]  這個也都很容易讓我們去想像
[00:19:52.000 --> 00:19:56.000]  就是我們可能有時都會好像約書亞這樣
[00:19:56.000 --> 00:19:58.000]  在那個不知情的情況下
[00:19:58.000 --> 00:20:00.000]  或者在那種無意之間
[00:20:00.000 --> 00:20:03.000]  對上帝都提出這些問題
[00:20:03.000 --> 00:20:06.000]  就可能是我們有那個我們要走的方向
[00:20:06.000 --> 00:20:09.000]  上帝是不是會幫我們這個計劃
[00:20:09.000 --> 00:20:11.000]  上帝我們有想達到這個結果
[00:20:11.000 --> 00:20:15.000]  上帝你是不是會成就我們想成就的事
[00:20:15.000 --> 00:20:20.000]  或者是當我們覺得某些人和我們很難相處
[00:20:20.000 --> 00:20:21.000]  我們覺得他很有問題的時候
[00:20:21.000 --> 00:20:22.000]  可能我們都會祈求就是
[00:20:22.000 --> 00:20:24.000]  上帝你可不可以改變他
[00:20:24.000 --> 00:20:27.000]  你可不可以叫他不要再這樣
[00:20:27.000 --> 00:20:28.000]  但是當我們問
[00:20:28.000 --> 00:20:30.000]  上帝你是不是站在我那邊的
[00:20:30.000 --> 00:20:32.000]  你是不是幫我完成我的事
[00:20:32.000 --> 00:20:35.000]  可能這個就好像約書亞所問的問題一樣
[00:20:35.000 --> 00:20:39.000]  又說反過來教訓我們
[00:20:39.000 --> 00:20:41.000]  他就是說不是先問
[00:20:41.000 --> 00:20:45.000]  神會不會去加入我們的計劃
[00:20:45.000 --> 00:20:46.000]  而是我們應該要問
[00:20:46.000 --> 00:20:50.000]  我們願不願意信服在上帝的當中
[00:20:50.000 --> 00:20:52.000]  當我們講到這裡的時候
[00:20:52.000 --> 00:20:54.000]  我們就應該能夠明白
[00:20:54.000 --> 00:20:57.000]  為什麼上帝在攻打耶利哥之前
[00:20:57.000 --> 00:21:00.000]  要吩咐以色列人去接受國禮
[00:21:00.000 --> 00:21:01.000]  要守如意節
[00:21:01.000 --> 00:21:03.000]  甚至去到真正攻城的時候
[00:21:03.000 --> 00:21:06.000]  要吩咐他們去跟從約季
[00:21:06.000 --> 00:21:10.000]  去進行一年七日的禮儀巡遊
[00:21:10.000 --> 00:21:12.000]  因為這些安排
[00:21:12.000 --> 00:21:14.000]  為了要叫以色列人
[00:21:14.000 --> 00:21:17.000]  記得自己在耶和華的權柄之下
[00:21:17.000 --> 00:21:20.000]  國禮告訴他們
[00:21:20.000 --> 00:21:22.000]  這群以色列人是屬於誰
[00:21:22.000 --> 00:21:25.000]  以色列人是和上帝納約的子民
[00:21:25.000 --> 00:21:28.000]  這個就是由阿巴拉罕開始的
[00:21:28.000 --> 00:21:31.000]  這個不是來自於他們有多厲害
[00:21:31.000 --> 00:21:34.000]  或者他們有什麼威風的地方
[00:21:34.000 --> 00:21:38.000]  而是因為單純上帝的揀選和應許
[00:21:38.000 --> 00:21:40.000]  所以上帝繼續延續
[00:21:40.000 --> 00:21:42.000]  他和阿巴拉罕的約
[00:21:42.000 --> 00:21:44.000]  就是這樣去揀選以色列人
[00:21:44.000 --> 00:21:46.000]  成為他的納約的子民
[00:21:46.000 --> 00:21:49.000]  同樣如意節提醒的是
[00:21:49.000 --> 00:21:52.000]  誰才是拯救這群以色列人
[00:21:52.000 --> 00:21:55.000]  所以當他不斷重提出埃及的歷史
[00:21:55.000 --> 00:21:57.000]  就是為了要提醒以色列人
[00:21:57.000 --> 00:21:59.000]  他們昔日怎樣離開埃及
[00:21:59.000 --> 00:22:02.000]  不是因為自己打敗了法老
[00:22:02.000 --> 00:22:05.000]  而是因為耶和華施行了拯救
[00:22:05.000 --> 00:22:09.000]  所以今天他能夠站在迦南地裏
[00:22:09.000 --> 00:22:13.000]  同樣不是因為自己比別人更強大
[00:22:13.000 --> 00:22:17.000]  而是因為單純是耶和華拯救他們
[00:22:17.000 --> 00:22:22.000]  同樣在妖城巡遊當中的時候
[00:22:22.000 --> 00:22:25.000]  這也是在訓練以色列人一樣東西
[00:22:25.000 --> 00:22:28.000]  就是他們未見到成果的時候
[00:22:28.000 --> 00:22:30.000]  他們仍然願意信服
[00:22:30.000 --> 00:22:32.000]  在經文裏面我們見到
[00:22:32.000 --> 00:22:36.000]  第一天他去遊過城一周的時候
[00:22:36.000 --> 00:22:38.000]  經文裏面沒有告訴我們
[00:22:38.000 --> 00:22:40.000]  原來那個城牆有一個位置
[00:22:40.000 --> 00:22:42.000]  好像真的落了兩粒石頭下來
[00:22:42.000 --> 00:22:45.000]  那裏或者整塊石頭搬了出來
[00:22:45.000 --> 00:22:46.000]  崩了
[00:22:46.000 --> 00:22:48.000]  沒有說過這些東西
[00:22:48.000 --> 00:22:49.000]  第二天是這樣
[00:22:49.000 --> 00:22:51.000]  直到去到第六天都一樣
[00:22:51.000 --> 00:22:53.000]  但是如果我們用那個
[00:22:53.000 --> 00:22:55.000]  去衡量那個成果
[00:22:55.000 --> 00:22:57.000]  那樣東西去計算的時候
[00:22:57.000 --> 00:23:01.000]  我們就會想這個行動是沒有任何作用的
[00:23:01.000 --> 00:23:04.000]  不過上帝就是吩咐他們要繼續這樣做
[00:23:04.000 --> 00:23:09.000]  並且是安靜的這樣去完成這個禮儀
[00:23:09.000 --> 00:23:12.000]  而這個禮儀的巡遊就是要訓練以色列人
[00:23:12.000 --> 00:23:15.000]  信服不是根據著自己
[00:23:15.000 --> 00:23:17.000]  那種就是我覺得這個方法有效
[00:23:17.000 --> 00:23:18.000]  我就去做這樣
[00:23:18.000 --> 00:23:22.000]  而是當發出命令那個是上帝
[00:23:22.000 --> 00:23:24.000]  你要相信這個上帝的時候
[00:23:24.000 --> 00:23:27.000]  無論他叫你做什麼你就要去做
[00:23:27.000 --> 00:23:29.000]  就算你沒有看到那個成果
[00:23:29.000 --> 00:23:31.000]  你仍然去做
[00:23:31.000 --> 00:23:33.000]  所以今天我們可能不同
[00:23:33.000 --> 00:23:35.000]  以色列人的是什麼呢
[00:23:35.000 --> 00:23:37.000]  我們沒有我們要圍繞的那個耶利哥城
[00:23:37.000 --> 00:23:38.000]  我們今天不會去Lingfield
[00:23:38.000 --> 00:23:41.000]  然後圍著那個coast走七個圈
[00:23:41.000 --> 00:23:42.000]  不會做這些事
[00:23:42.000 --> 00:23:46.000]  也都沒有一些跟我們意見很不同的人
[00:23:46.000 --> 00:23:48.000]  然後我們就說敵軍
[00:23:48.000 --> 00:23:50.000]  就願意去懲罰他們
[00:23:50.000 --> 00:23:51.000]  沒有
[00:23:51.000 --> 00:23:54.000]  但是我們跟以色列人一樣
[00:23:54.000 --> 00:23:57.000]  仍然是有上帝賜給我們
[00:23:57.000 --> 00:24:00.000]  很多群體的一種禮儀
[00:24:00.000 --> 00:24:03.000]  包括可能我們每個禮拜有崇拜
[00:24:03.000 --> 00:24:06.000]  我們都會有水禮的時間
[00:24:06.000 --> 00:24:08.000]  有聖餐的時間
[00:24:08.000 --> 00:24:09.000]  這些都是一些禮儀
[00:24:09.000 --> 00:24:12.000]  當我們去參與這些禮儀的時候
[00:24:12.000 --> 00:24:14.000]  特別可能參與崇拜
[00:24:14.000 --> 00:24:15.000]  每個禮拜都進行
[00:24:15.000 --> 00:24:17.000]  可能我們都會有些掙扎
[00:24:17.000 --> 00:24:18.000]  我們會計算
[00:24:18.000 --> 00:24:22.000]  這場崇拜對我有什麼好呢
[00:24:22.000 --> 00:24:23.000]  可能未必問得那麼功利
[00:24:23.000 --> 00:24:24.000]  可能我們會問
[00:24:24.000 --> 00:24:27.000]  這片道有沒有解決我的問題呢
[00:24:27.000 --> 00:24:30.000]  有沒有觸碰我的狀態呢
[00:24:30.000 --> 00:24:31.000]  可能我們會問
[00:24:31.000 --> 00:24:33.000]  這首詩歌夠不夠感動
[00:24:33.000 --> 00:24:34.000]  夠不夠好聽
[00:24:34.000 --> 00:24:38.000]  夠不夠讓我有一些怎樣的感受呢
[00:24:38.000 --> 00:24:39.000]  今天回教會
[00:24:39.000 --> 00:24:43.000]  是不是比留在家裡休息更加值得呢
[00:24:43.000 --> 00:24:44.000]  可能我們會想
[00:24:44.000 --> 00:24:46.000]  我們有沒有浪費時間
[00:24:46.000 --> 00:24:49.000]  這個就好像約書亞所問
[00:24:49.000 --> 00:24:53.000]  你是幫我還是幫敵人呢
[00:24:53.000 --> 00:24:56.000]  約書亞記第五到六章
[00:24:56.000 --> 00:24:58.000]  就反過來提醒我們
[00:24:58.000 --> 00:25:05.000]  禮儀不是要將上帝帶進我們的計劃當中
[00:25:05.000 --> 00:25:09.000]  而是要我們重新去到上帝的面前
[00:25:09.000 --> 00:25:12.000]  崇拜不是叫上帝站在我這邊
[00:25:12.000 --> 00:25:14.000]  幫我解決什麼問題
[00:25:14.000 --> 00:25:19.000]  而是我們再次站在上帝權威的裡面
[00:25:19.000 --> 00:25:22.000]  我們要服服獻給我們自己
[00:25:22.000 --> 00:25:24.000]  所以當葛禮提醒以色列人
[00:25:24.000 --> 00:25:26.000]  你們是屬於誰的時候
[00:25:26.000 --> 00:25:30.000]  今天我們同樣將每個禮拜的崇拜時間
[00:25:30.000 --> 00:25:32.000]  分別出來崇拜
[00:25:32.000 --> 00:25:34.000]  這個都是用我們的身體
[00:25:34.000 --> 00:25:36.000]  用我們的生命去承認
[00:25:36.000 --> 00:25:37.000]  我們的時間
[00:25:37.000 --> 00:25:40.000]  我們的生命是屬於基督的
[00:25:40.000 --> 00:25:44.000]  所以崇拜不是一群我們有共同興趣的人
[00:25:44.000 --> 00:25:47.000]  然後聯誼下參與一個活動
[00:25:47.000 --> 00:25:49.000]  而是上帝呼召我們
[00:25:49.000 --> 00:25:51.000]  所以我們才可以坐在這裡
[00:25:51.000 --> 00:25:53.000]  所以為什麼每次我們都有宣誓的經文
[00:25:53.000 --> 00:25:56.000]  就是我們要提醒我們是被呼召
[00:25:56.000 --> 00:25:58.000]  所以我們今天才能夠坐下
[00:25:58.000 --> 00:26:00.000]  如果沒有上帝呼召我們
[00:26:00.000 --> 00:26:04.000]  其實我們根本就不會聚集在這個地方
[00:26:04.000 --> 00:26:07.000]  同樣預節也提醒以色列人
[00:26:07.000 --> 00:26:10.000]  是誰帶來拯救的那一位
[00:26:10.000 --> 00:26:12.000]  是誰拯救他們
[00:26:12.000 --> 00:26:14.000]  以色列四人圍爐
[00:26:14.000 --> 00:26:18.000]  然後他不能夠解放他們自己
[00:26:18.000 --> 00:26:23.000]  是耶和華帶領以色列人離開埃及
[00:26:23.000 --> 00:26:25.000]  今天同樣崇拜的中心
[00:26:25.000 --> 00:26:29.000]  不是上帝為了我們去做什麼
[00:26:29.000 --> 00:26:31.000]  而是上帝在基督裡面
[00:26:31.000 --> 00:26:34.000]  做了什麼在我們裡面
[00:26:34.000 --> 00:26:37.000]  我們唱詩講的那種信實
[00:26:37.000 --> 00:26:40.000]  我們聽的經文
[00:26:40.000 --> 00:26:43.000]  為了讓上帝的話語怎樣改變我們
[00:26:43.000 --> 00:26:47.000]  聖餐的餅和杯都是這樣提醒我們
[00:26:47.000 --> 00:26:51.000]  不是我們的表現怎樣令我們得救
[00:26:51.000 --> 00:26:56.000]  而是我們看見的是基督是這樣為我們寫生
[00:26:56.000 --> 00:27:00.000]  我們就依靠著祂能夠得到這份救贖
[00:27:00.000 --> 00:27:03.000]  同樣圍城的訓練
[00:27:03.000 --> 00:27:05.000]  都讓以色列人去看見
[00:27:05.000 --> 00:27:07.000]  那些未能夠完成
[00:27:07.000 --> 00:27:10.000]  那些還沒見到的成果
[00:27:10.000 --> 00:27:13.000]  但是他仍然要信服
[00:27:13.000 --> 00:27:14.000]  就是頭六天
[00:27:14.000 --> 00:27:17.000]  我們見不到城寨有任何改變
[00:27:17.000 --> 00:27:20.000]  但他們仍然都要遵守命令
[00:27:20.000 --> 00:27:22.000]  什麼時候要安靜
[00:27:22.000 --> 00:27:23.000]  什麼時候要呼喊
[00:27:23.000 --> 00:27:25.000]  這個全部都在上帝的命令裡面
[00:27:25.000 --> 00:27:27.000]  他們就要照做
[00:27:27.000 --> 00:27:29.000]  今天崇拜都一樣
[00:27:29.000 --> 00:27:30.000]  崇拜結束之後
[00:27:30.000 --> 00:27:33.000]  可能那些煩惱都沒有減少
[00:27:33.000 --> 00:27:35.000]  那些要問的問題都要問
[00:27:35.000 --> 00:27:36.000]  那些破裂了的關係
[00:27:36.000 --> 00:27:38.000]  仍然都在等待修補
[00:27:38.000 --> 00:27:40.000]  禱告亦都在等待回應
[00:27:40.000 --> 00:27:45.000]  我們要相信上帝聽從他的話
[00:27:45.000 --> 00:27:51.000]  所以崇拜未必是馬上改變了處境
[00:27:51.000 --> 00:27:53.000]  他是要讓我們重新覺醒
[00:27:53.000 --> 00:27:55.000]  在我們處境裡面的位置
[00:27:55.000 --> 00:27:57.000]  他提醒我們就是
[00:27:57.000 --> 00:27:59.000]  環境是沒有變的
[00:27:59.000 --> 00:28:03.000]  但是我們要重新記住的是
[00:28:03.000 --> 00:28:04.000]  我們是屬於基督
[00:28:04.000 --> 00:28:06.000]  是基督拯救我們
[00:28:06.000 --> 00:28:09.000]  即使未見到那個成果
[00:28:09.000 --> 00:28:12.000]  但我們仍然要忠心跟隨他
[00:28:12.000 --> 00:28:14.000]  我們不再只是問
[00:28:14.000 --> 00:28:18.000]  上帝你是否會幫我搞定這件事
[00:28:18.000 --> 00:28:21.000]  而是像約書亞伏伏在地上去問
[00:28:21.000 --> 00:28:23.000]  主啊 作為你的僕人
[00:28:23.000 --> 00:28:26.000]  你有什麼要吩咐我們呢?
[00:28:26.000 --> 00:28:30.000]  所以原來崇拜的目的是
[00:28:30.000 --> 00:28:35.000]  在眾多聲音拉扯我們的時候
[00:28:35.000 --> 00:28:39.000]  在外面世界我們要面對很多煩惱的時候
[00:28:39.000 --> 00:28:41.000]  這是要重新教訓我們
[00:28:41.000 --> 00:28:45.000]  跟上帝之間的關係的時刻
[00:28:45.000 --> 00:28:47.000]  所以當下星期
[00:28:47.000 --> 00:28:50.000]  或者我們仍然有很多事情
[00:28:50.000 --> 00:28:51.000]  令我們拉扯
[00:28:51.000 --> 00:28:53.000]  在想應不應該回來
[00:28:53.000 --> 00:28:58.000]  或者我們旁邊的人仍然在想應不應該回來的時候
[00:28:58.000 --> 00:29:00.000]  讓我們能夠互相提醒
[00:29:00.000 --> 00:29:04.000]  當世界叫我們為自己作主
[00:29:04.000 --> 00:29:07.000]  我們能夠為自己選擇最好
[00:29:07.000 --> 00:29:09.000]  最適合我們生命的時候
[00:29:09.000 --> 00:29:11.000]  崇拜要提醒我們的是
[00:29:11.000 --> 00:29:13.000]  我們是屬於基督的
[00:29:13.000 --> 00:29:16.000]  當我們以為我們能夠自己解決一切問題
[00:29:16.000 --> 00:29:18.000]  崇拜要提醒我們
[00:29:18.000 --> 00:29:21.000]  我們是基督去拯救
[00:29:21.000 --> 00:29:22.000]  我們是軟弱的
[00:29:22.000 --> 00:29:24.000]  我們沒有辦法自救
[00:29:24.000 --> 00:29:27.000]  我們唯有仰望在上帝的當中
[00:29:27.000 --> 00:29:29.000]  而當問題仍然未解決
[00:29:29.000 --> 00:29:31.000]  我們未見到成果的時候
[00:29:31.000 --> 00:29:33.000]  崇拜就要訓練我們
[00:29:33.000 --> 00:29:37.000]  是呀 因為上帝仍然是可信
[00:29:37.000 --> 00:29:40.000]  所以我們要繼續忠心去跟隨他
[00:29:40.000 --> 00:29:42.000]  好像約書一樣問
[00:29:42.000 --> 00:29:46.000]  在這個場景 在這些狀況裏面主行
[00:29:46.000 --> 00:29:50.000]  作為僕人 你有什麼要吩咐我們呢?
[00:29:50.000 --> 00:29:52.000]  在準備這篇講座的時候
[00:29:52.000 --> 00:29:54.000]  我同樣都會想
[00:29:54.000 --> 00:29:57.000]  未必所有弟兄姊妹都這麼掙扎
[00:29:57.000 --> 00:30:00.000]  可能有很多弟兄姊妹回來崇拜
[00:30:00.000 --> 00:30:03.000]  每個星期都很準時
[00:30:03.000 --> 00:30:05.000]  都很願意回來崇拜
[00:30:05.000 --> 00:30:09.000]  不過同樣我們都應該值得思考的是
[00:30:09.000 --> 00:30:12.000]  崇拜會不會反過來
[00:30:12.000 --> 00:30:15.000]  只剩下得禮儀
[00:30:15.000 --> 00:30:17.000]  而沒有禮儀
[00:30:17.000 --> 00:30:19.000]  為我們帶來的提醒呢?
[00:30:19.000 --> 00:30:21.000]  會不會每次回來
[00:30:21.000 --> 00:30:23.000]  我們都只是走一個程序
[00:30:23.000 --> 00:30:25.000]  然後我們知道除完三一還差不多了
[00:30:25.000 --> 00:30:27.000]  是時候可以去廁所
[00:30:27.000 --> 00:30:29.000]  甚至早點去拿位
[00:30:29.000 --> 00:30:31.000]  而我們沒有仔細去想
[00:30:31.000 --> 00:30:33.000]  每一個程序背後
[00:30:33.000 --> 00:30:36.000]  今天要提醒我們的是什麼
[00:30:36.000 --> 00:30:40.000]  怎樣我們去看見基督是我們的主呢?
[00:30:40.000 --> 00:30:42.000]  如果可能你說
[00:30:42.000 --> 00:30:43.000]  我真的不知道
[00:30:43.000 --> 00:30:45.000]  每個禮儀有意義的嗎?
[00:30:45.000 --> 00:30:47.000]  有特別的嗎?
[00:30:47.000 --> 00:30:49.000]  歡迎你這個星期四
[00:30:49.000 --> 00:30:51.000]  和我們一起崇拜平齊中
[00:30:51.000 --> 00:30:55.000]  我們一起去思考崇拜的意義是什麼
[00:30:55.000 --> 00:30:57.000]  所以就願我們
[00:30:57.000 --> 00:30:59.000]  無論我們有掙扎回來的
[00:30:59.000 --> 00:31:02.000]  又或者我們一直都坐在這個位置的
[00:31:02.000 --> 00:31:05.000]  都能夠一同在崇拜的裏面
[00:31:05.000 --> 00:31:08.000]  去降伏自己在上帝的面前
[00:31:08.000 --> 00:31:10.000]  並且全心去宣告
[00:31:10.000 --> 00:31:12.000]  基督是我們的主
[00:31:12.000 --> 00:31:14.000]  讓我們一同禱告
[00:31:14.000 --> 00:31:16.000]  主我們感謝祢
[00:31:16.000 --> 00:31:18.000]  因為祢是先的主
[00:31:18.000 --> 00:31:20.000]  祢是憐憫的主
[00:31:20.000 --> 00:31:22.000]  祢穿著禮儀讓我們能夠紀念祢
[00:31:22.000 --> 00:31:25.000]  祢穿著禮儀讓我們能夠去被提醒
[00:31:25.000 --> 00:31:28.000]  祢是怎樣是我們生命的主
[00:31:28.000 --> 00:31:30.000]  就讓我們甘願甘心
[00:31:30.000 --> 00:31:32.000]  降伏在祢的裏面
[00:31:32.000 --> 00:31:35.000]  將時間將我們的心都空出來
[00:31:35.000 --> 00:31:37.000]  去讓祢去改變我們
[00:31:37.000 --> 00:31:39.000]  讓祢去帶領我們
[00:31:39.000 --> 00:31:40.000]  求主祝福
[00:31:40.000 --> 00:31:42.000]  帶領逢主耶穌基督成名祈求
[00:31:42.000 --> 00:31:44.000]  阿們
