
[00:00:00.000 --> 00:00:05.120]  今日的經文在約翰一書二章二十八至三章十節
[00:00:05.120 --> 00:00:09.520]  作者長老約翰同樣提到這個概念就是
[00:00:09.520 --> 00:00:12.000]  「有其父必有其子」
[00:00:12.000 --> 00:00:15.040]  一個人從誰那裏出生
[00:00:15.040 --> 00:00:19.400]  在誰的家裏生活 成長 認識誰
[00:00:19.400 --> 00:00:24.000]  就會有相應的行為表現和生命特質
[00:00:24.000 --> 00:00:26.040]  今日我們祈禱的時候
[00:00:26.040 --> 00:00:30.400]  我們都說「親愛的天父」
[00:00:30.400 --> 00:00:33.800]  我們都會稱我們祈禱的對象為我們的父
[00:00:33.800 --> 00:00:35.520]  我們的天上的父親
[00:00:35.520 --> 00:00:39.040]  今日我們作為神的兒女
[00:00:39.040 --> 00:00:43.280]  我們有哪一部分像我們的父呢?
[00:00:43.280 --> 00:00:49.320]  我們怎樣都越來越像我們的天父
[00:00:49.320 --> 00:00:52.240]  當我們信主內了
[00:00:52.240 --> 00:00:55.480]  我們和天父應該聊天的次數
[00:00:55.480 --> 00:00:59.440]  我們和祂相處的時間越來越多的時候
[00:00:59.440 --> 00:01:02.080]  父神的生命特質
[00:01:02.080 --> 00:01:04.960]  例如祂是一個聖潔的神
[00:01:04.960 --> 00:01:07.520]  一個公義慈愛的神
[00:01:07.520 --> 00:01:10.400]  這些特質怎樣都在影響我們
[00:01:10.400 --> 00:01:17.240]  讓我們內內外外都越來越像我們的天父
[00:01:17.240 --> 00:01:21.920]  當有一天我們要去見主面的時候
[00:01:21.920 --> 00:01:26.720]  你會不會都很能夠坦然無懼地去迎接這一天
[00:01:26.720 --> 00:01:29.920]  去期待這一天呢?
[00:01:29.920 --> 00:01:32.320]  當我們還在這個世界的時候
[00:01:32.320 --> 00:01:37.080]  面對很多的試探、誘惑、攻擊
[00:01:37.080 --> 00:01:38.800]  剛才主席都說
[00:01:38.800 --> 00:01:41.000]  看到新聞有時我們都很害怕
[00:01:41.000 --> 00:01:44.120]  很多這些事情去發生
[00:01:44.120 --> 00:01:46.000]  很多的罪惡在進行中
[00:01:46.000 --> 00:01:47.960]  在發生中、在傷害中
[00:01:47.960 --> 00:01:53.560]  我們是否相信我們靠著主是可以得勝的呢?
[00:01:53.560 --> 00:01:55.440]  經文一開始就說
[00:01:55.440 --> 00:01:56.960]  孩子們
[00:01:56.960 --> 00:02:00.400]  這是約翰作為一個屬靈的長輩
[00:02:00.400 --> 00:02:03.480]  他很語重心長地勸勉他面前
[00:02:03.480 --> 00:02:06.560]  他心裏記掛著的一班信徒
[00:02:06.560 --> 00:02:10.360]  我們先一起讀一讀今次整段的經文
[00:02:10.360 --> 00:02:15.360]  讓我們留意一下經文裏面一些重複的字眼
[00:02:15.360 --> 00:02:18.640]  約翰一書二章二十八節開始
[00:02:45.360 --> 00:02:50.040]  「我們稱為神的兒女,我們也真是祂的兒女。
[00:02:50.040 --> 00:02:55.680]  世人不認識我們的理由,是因他們未曾認識父。
[00:02:55.680 --> 00:03:01.960]  親愛的,我們現在是神的兒女,將來如何還未顯明。
[00:03:01.960 --> 00:03:05.960]  我們所知道的是,基督顯現的時候,
[00:03:05.960 --> 00:03:10.960]  我們會像祂,因為我們將見到祂的本相。
[00:03:10.960 --> 00:03:17.760]  凡對他有者指望的,就潔淨自己,像他是潔淨的一樣。
[00:03:17.760 --> 00:03:24.560]  凡犯罪的,就是做違背律法的事,違背律法就是罪。
[00:03:24.560 --> 00:03:31.360]  你們知道,基督曾顯現是要除掉罪,在他並沒有罪。
[00:03:31.360 --> 00:03:34.760]  凡住在他裏面的,不犯罪。
[00:03:34.760 --> 00:03:40.360]  凡犯罪的,未曾看見他,也未曾認識他。
[00:03:40.360 --> 00:03:44.560]  孩子們,不要讓人迷惑了你們。
[00:03:44.560 --> 00:03:48.960]  行義的,才是義人,正如基督是義的。
[00:03:48.960 --> 00:03:54.960]  犯罪的是出於魔鬼,因為魔鬼從起初就犯罪。
[00:03:54.960 --> 00:04:00.560]  神的兒子顯現出來,是為了要毀滅魔鬼的作為。
[00:04:00.560 --> 00:04:06.560]  凡從神生的,不犯罪,因為神的道存在他裏面。
[00:04:06.560 --> 00:04:11.360]  他也不能犯罪,因為他是由神所生的。
[00:04:11.360 --> 00:04:16.960]  這就顯明誰是神的兒女,誰是魔鬼的兒女了。
[00:04:16.960 --> 00:04:19.960]  凡不行義的,不是出於神。
[00:04:19.960 --> 00:04:23.560]  不愛他弟兄的,也是如此。
[00:04:37.560 --> 00:04:41.960]  另一組是與神無關,甚至與魔鬼有關的字眼。
[00:04:41.960 --> 00:04:45.760]  後面的數字是他所在的節數。
[00:04:45.760 --> 00:04:49.160]  例如28就是他在28節出現了兩次。
[00:04:49.160 --> 00:04:53.160]  然後第二、第五、第八節有出現這樣的意思。
[00:04:53.160 --> 00:04:55.960]  那些重複的字眼包括了什麼呢?
[00:04:55.960 --> 00:05:01.160]  例如有「住在耶穌基督裏面」。
[00:05:01.160 --> 00:05:04.960]  當基督顯現,基督來臨的時候,
[00:05:04.960 --> 00:05:09.560]  這句其中第五節,基督的顯現是在說
[00:05:09.560 --> 00:05:14.160]  二千多年前,即是那位成就了救恩的耶穌。
[00:05:14.160 --> 00:05:17.560]  而其他的章節是在說將來未發生的。
[00:05:17.560 --> 00:05:20.760]  但我們相信基督這樣說,祂有一天會再來。
[00:05:20.760 --> 00:05:25.360]  那些章節是在說將來祂再來的時候。
[00:05:25.360 --> 00:05:28.760]  另外重複的有「神所生的」,是出於神的。
[00:05:28.760 --> 00:05:31.360]  那些就是神的兒女了。
[00:05:31.360 --> 00:05:35.360]  那些是「義」、「行義」或者「不行義」。
[00:05:35.360 --> 00:05:38.960]  另外一組就是有些是「不認識神」,
[00:05:38.960 --> 00:05:42.560]  「未看見、未認識神」。
[00:05:42.560 --> 00:05:47.960]  那些人會有罪,會犯罪,或者不犯罪。
[00:05:47.960 --> 00:05:51.360]  然後就是「魔鬼的兒女」。
[00:05:51.360 --> 00:05:53.760]  這些重複的字眼都幫助我們理解
[00:05:53.760 --> 00:05:56.560]  究竟這段經文其實是在說什麼呢?
[00:05:56.560 --> 00:05:58.960]  我嘗試去按照經文的意思
[00:05:58.960 --> 00:06:01.560]  帶出三方面的反思。
[00:06:01.560 --> 00:06:06.360]  這三方面是關乎了出生,
[00:06:06.360 --> 00:06:07.960]  就是我們屬靈生命的出生,
[00:06:07.960 --> 00:06:11.360]  不是說我們多少十歲的出生,
[00:06:11.360 --> 00:06:14.960]  而是我們屬靈生命因著我們信耶穌那一刻
[00:06:14.960 --> 00:06:17.960]  開始了這個出生。
[00:06:17.960 --> 00:06:20.360]  然後去到什麼時候呢?
[00:06:20.360 --> 00:06:24.960]  去到某一刻我們見主面的時候。
[00:06:24.960 --> 00:06:28.760]  見主面可能是我們快一點,可能是主快一點。
[00:06:28.760 --> 00:06:32.560]  但是去到那一天,大家都會見主面。
[00:06:32.560 --> 00:06:36.160]  然後在中間,我們在世上生活的時候,
[00:06:36.160 --> 00:06:43.560]  我們用一個什麼樣的身份、什麼樣的狀態去生活呢?
[00:06:43.560 --> 00:06:47.360]  第一點這裡說,我們是從神去生的,
[00:06:47.360 --> 00:06:49.160]  有其父必有其子。
[00:06:49.160 --> 00:06:50.560]  經文那裡說,
[00:06:50.560 --> 00:06:54.160]  你們看看父賜給我們的是多麼大的慈愛,
[00:06:54.160 --> 00:06:57.960]  讓我們可以被稱為神的兒女。
[00:06:57.960 --> 00:06:59.360]  我們其實不是只有一個名字,
[00:06:59.360 --> 00:07:01.160]  我們真的是神的兒女。
[00:07:01.160 --> 00:07:04.160]  那些世人不認識我們的原因是,
[00:07:04.160 --> 00:07:06.360]  他們不是真正地認識父。
[00:07:06.360 --> 00:07:09.160]  如果你們知道我們的父是公義的,
[00:07:09.160 --> 00:07:13.960]  就知道凡是行公義的,都是他所生的。
[00:07:13.960 --> 00:07:16.760]  這裡說了那位生我們的父神,
[00:07:16.760 --> 00:07:20.160]  他兩個很重要的屬性特質,
[00:07:20.160 --> 00:07:24.560]  就是什麼呢?
[00:07:24.560 --> 00:07:31.160]  慈愛,聽到了,慈愛和公義。
[00:07:31.160 --> 00:07:34.760]  我們可以被神稱為他的兒女,
[00:07:34.760 --> 00:07:37.960]  是因為神多麼大的慈愛。
[00:07:37.960 --> 00:07:40.760]  而且他不單只是給我們一個名字,
[00:07:40.760 --> 00:07:41.960]  叫一叫我們,
[00:07:41.960 --> 00:07:44.160]  而且他將他的生命跟我們分享,
[00:07:44.160 --> 00:07:48.560]  讓我們有這個配得名分的生命。
[00:07:48.560 --> 00:07:52.360]  那些世人說的是那些未信耶穌的人,
[00:07:52.360 --> 00:07:55.960]  他們或許會看到有些人信了耶穌之後,
[00:07:55.960 --> 00:07:57.960]  他的生命不同了,
[00:07:57.960 --> 00:08:00.160]  那些人想法的方法,
[00:08:00.160 --> 00:08:02.560]  他們取捨,待人處事,
[00:08:02.560 --> 00:08:05.160]  價值觀,看什麼重要,
[00:08:05.160 --> 00:08:08.160]  好像跟世人開始有點不同。
[00:08:08.160 --> 00:08:10.560]  一般人就覺得這些這麼好的東西,
[00:08:10.560 --> 00:08:14.760]  應該投資在一些有很多得益的事情上,
[00:08:14.760 --> 00:08:17.160]  是不是?你有錢,你有時間,你有學歷,
[00:08:17.160 --> 00:08:18.560]  應該做那些那些東西。
[00:08:18.560 --> 00:08:21.560]  為什麼你竟然去做那些那些東西?
[00:08:21.560 --> 00:08:22.360]  有些人真的不明白,
[00:08:22.360 --> 00:08:24.160]  這些基督徒怎麼想事的呢?
[00:08:24.160 --> 00:08:24.760]  怎麼看事的呢?
[00:08:24.760 --> 00:08:27.360]  為什麼會這樣想的呢?
[00:08:27.360 --> 00:08:28.960]  有些人可能看到,
[00:08:28.960 --> 00:08:30.160]  但是他們不太明白,
[00:08:30.160 --> 00:08:31.560]  為什麼那個人信了耶穌之後,
[00:08:31.560 --> 00:08:33.160]  可以轉死性的呢?
[00:08:33.160 --> 00:08:34.560]  是什麼令到他,
[00:08:34.560 --> 00:08:39.360]  令人的品格、品性都不同了呢?
[00:08:39.360 --> 00:08:43.360]  是的,當一個人看到基督徒生命的改變,
[00:08:43.360 --> 00:08:44.360]  他們未必明白,
[00:08:44.360 --> 00:08:46.960]  是因為他們未真正去認識
[00:08:46.960 --> 00:08:48.960]  那位改變生命的父。
[00:08:48.960 --> 00:08:51.960]  他們未明白究竟那個奧妙之處是什麼呢?
[00:08:51.960 --> 00:08:53.960]  那個父神,或者我都聽過的了,
[00:08:53.960 --> 00:08:55.360]  我大概知道了,
[00:08:55.360 --> 00:08:59.960]  但是當他未真正認識父的時候,
[00:08:59.960 --> 00:09:01.160]  他都不會明白,
[00:09:01.160 --> 00:09:04.360]  為什麼基督徒會有這樣的改變。
[00:09:04.360 --> 00:09:08.160]  而這位神是公義的。
[00:09:08.160 --> 00:09:09.160]  公義代表什麼呢?
[00:09:09.160 --> 00:09:12.160]  就是面對著那些犯罪的人,
[00:09:12.160 --> 00:09:15.160]  其實他沒有姑息,沒有縱容。
[00:09:15.160 --> 00:09:17.160]  今天我們好像很幸福,
[00:09:17.160 --> 00:09:19.160]  犯了罪,不要緊的,有些人就說
[00:09:19.160 --> 00:09:23.160]  你做的怪事,你信了主就沒事了。
[00:09:23.160 --> 00:09:24.160]  當然不是,是不是?
[00:09:24.160 --> 00:09:27.160]  神沒有縱容,沒有姑息那些罪的。
[00:09:27.160 --> 00:09:31.160]  他見到,而且他有公義的審判。
[00:09:31.160 --> 00:09:35.160]  同時,他的慈愛是讓那些犯了罪的人,
[00:09:35.160 --> 00:09:38.160]  即是我們,是有重新做人的機會和能力。
[00:09:38.160 --> 00:09:41.160]  說到神的公義和慈愛,
[00:09:41.160 --> 00:09:46.160]  在詩篇103篇6至13節有這樣說,
[00:09:46.160 --> 00:09:48.160]  「耶和華施行公義,
[00:09:48.160 --> 00:09:50.160]  為所有受欺壓的人伸冤,
[00:09:50.160 --> 00:09:52.160]  他使摩西知道他的法則,
[00:09:52.160 --> 00:09:55.160]  使以色列人曉得他的作為。
[00:09:55.160 --> 00:09:58.160]  耶和華有憐憫,有恩典,
[00:09:58.160 --> 00:09:59.160]  不輕易發怒,
[00:09:59.160 --> 00:10:02.160]  且有豐盛的慈愛。
[00:10:02.160 --> 00:10:05.160]  他不長久責備,也不永遠懷怒。
[00:10:05.160 --> 00:10:08.160]  他沒有按我們的罪代我們,
[00:10:08.160 --> 00:10:12.160]  也沒有照我們的罪業報應我們。
[00:10:12.160 --> 00:10:19.160]  天離地何等的高,他的慈愛向敬畏他的人也是何等的大。
[00:10:19.160 --> 00:10:26.160]  東離西有多遠,他叫我們的過犯,離我們也有多遠。
[00:10:26.160 --> 00:10:29.160]  父親怎樣憐憫他的兒女,
[00:10:29.160 --> 00:10:33.160]  耶和華也怎樣憐憫敬畏他的人。」
[00:10:33.160 --> 00:10:36.160]  人的罪,這是事實,
[00:10:36.160 --> 00:10:39.160]  在舊約裏,神的公義也是很明顯,
[00:10:39.160 --> 00:10:44.160]  但在經文裏,我們看到更多的是神的憐憫,
[00:10:44.160 --> 00:10:45.160]  神的慈愛,
[00:10:45.160 --> 00:10:50.160]  神怎樣就像父親對待兒女那樣去憐憫,
[00:10:50.160 --> 00:10:53.160]  去愛那些人。
[00:10:53.160 --> 00:10:57.160]  在新約聖經約翰福音三章十六十七節,
[00:10:57.160 --> 00:10:58.160]  也告訴我們,
[00:10:58.160 --> 00:11:03.160]  神的公義和慈愛怎樣扭轉人的生命,
[00:11:03.160 --> 00:11:05.160]  扭轉人的結局。
[00:11:05.160 --> 00:11:06.160]  那裏說,
[00:11:06.160 --> 00:11:11.160]  「神愛世人,甚至將他獨生的兒子賜給他們,
[00:11:11.160 --> 00:11:15.160]  叫一切信他的,不致滅亡,反得永生。
[00:11:15.160 --> 00:11:18.160]  因為神差他的兒子到世上來,
[00:11:18.160 --> 00:11:21.160]  不是要定世人的罪,
[00:11:21.160 --> 00:11:25.160]  而是要使世人因他得救。」
[00:11:25.160 --> 00:11:28.160]  因此,當人去認識到,去明白到,
[00:11:28.160 --> 00:11:32.160]  去經歷到神的慈愛和公義的時候,
[00:11:32.160 --> 00:11:34.160]  得到這份新的生命,
[00:11:34.160 --> 00:11:36.160]  這個我們叫做「重生」,
[00:11:36.160 --> 00:11:39.160]  不是怎樣回到媽媽的肚裏再生出來,
[00:11:39.160 --> 00:11:43.160]  而是在神裏面,我們有新的生命。
[00:11:43.160 --> 00:11:45.160]  神就以我們為祂的兒女,
[00:11:45.160 --> 00:11:50.160]  我們就可以稱這位公義又慈愛的神為「父」,
[00:11:50.160 --> 00:11:52.160]  有其父必有其子。
[00:11:52.160 --> 00:11:55.160]  我們就是這樣去分享父親的生命,
[00:11:55.160 --> 00:11:58.160]  學習父親的樣式,
[00:11:58.160 --> 00:12:00.160]  同樣能夠行公義,
[00:12:00.160 --> 00:12:04.160]  亦都能夠以神的這份愛,去愛弟兄姊妹。
[00:12:04.160 --> 00:12:06.160]  讓我們去思想一下,
[00:12:06.160 --> 00:12:09.160]  第一點,從神而生的,
[00:12:09.160 --> 00:12:13.160]  這些兒女是有父親的樣式的,
[00:12:13.160 --> 00:12:17.160]  他們是會學習這個父親的樣式,
[00:12:17.160 --> 00:12:20.160]  行公義,愛弟兄。
[00:12:20.160 --> 00:12:24.160]  今日我們的行為表現,生命特質,
[00:12:24.160 --> 00:12:28.160]  又怎樣去看得出,我們是神的兒女來的,
[00:12:28.160 --> 00:12:31.160]  我們真是天父的兒女來的。
[00:12:31.160 --> 00:12:34.160]  在我自己認識神的過程裏面很感恩,
[00:12:34.160 --> 00:12:36.160]  因為我小學的階段,
[00:12:36.160 --> 00:12:39.160]  有機會開始從基督徒的老師,
[00:12:39.160 --> 00:12:41.160]  後來回到教會之後,
[00:12:41.160 --> 00:12:45.160]  有機會從團契導師,哥哥姐姐的身上,
[00:12:45.160 --> 00:12:48.160]  去看到基督徒的生命是有些不同的。
[00:12:48.160 --> 00:12:51.160]  從他們那種從心而發的愛心,
[00:12:51.160 --> 00:12:53.160]  關心,那些正直的行為,
[00:12:53.160 --> 00:12:56.160]  我感受到一個獨特的吸引力,
[00:12:56.160 --> 00:13:01.160]  不是用利益,用親屬關係,
[00:13:01.160 --> 00:13:05.160]  或者這個世界的標準去衡量,去計算,去解釋的。
[00:13:05.160 --> 00:13:06.160]  我很感恩,
[00:13:06.160 --> 00:13:10.160]  很感謝那些曾經在我生命裏面出現過的
[00:13:10.160 --> 00:13:13.160]  愛主的哥哥姐姐,那些老師,那些教會的人,
[00:13:13.160 --> 00:13:18.160]  我能夠首先從他們的身上去認識這個父神,
[00:13:18.160 --> 00:13:21.160]  我也為尖朝去感恩,
[00:13:21.160 --> 00:13:23.160]  因為認識了大家之後,
[00:13:23.160 --> 00:13:26.160]  我在當中都見到很多,很多愛主,
[00:13:26.160 --> 00:13:28.160]  很多忠心在這裏侍奉著,敬拜神,
[00:13:28.160 --> 00:13:32.160]  他的生命有改變,他願意去為主去擺上,
[00:13:32.160 --> 00:13:36.160]  為別人去擺上自己的哥哥姐姐,叔叔阿姨,
[00:13:36.160 --> 00:13:38.160]  或者弟弟妹妹。
[00:13:38.160 --> 00:13:40.160]  見到你們會去感恩,
[00:13:40.160 --> 00:13:44.160]  我們也為你們能夠在這個教會裏面去感恩。
[00:13:44.160 --> 00:13:47.160]  今天我們在個人的層面,
[00:13:47.160 --> 00:13:50.160]  看回我們自己,
[00:13:50.160 --> 00:13:53.160]  我們自己有些什麼,你覺得是,
[00:13:53.160 --> 00:13:55.160]  我認識了這個父親這麼久,
[00:13:55.160 --> 00:13:56.160]  我叫了他很多次,
[00:13:56.160 --> 00:13:58.160]  每一次祈禱我都叫他,
[00:13:58.160 --> 00:14:00.160]  我認識了這位天父這麼久,
[00:14:00.160 --> 00:14:01.160]  在我的生命裏面,
[00:14:01.160 --> 00:14:02.160]  在你的生命裏面,
[00:14:02.160 --> 00:14:04.160]  你覺得有些什麼似他的呢?
[00:14:04.160 --> 00:14:06.160]  越來越似他的呢?
[00:14:06.160 --> 00:14:07.160]  當你認識了這個父,
[00:14:07.160 --> 00:14:11.160]  他是一位公義、慈愛、聖潔的神,
[00:14:11.160 --> 00:14:13.160]  今天我們的生命裏面,
[00:14:13.160 --> 00:14:16.160]  有沒有變得越來越毫無公義,
[00:14:16.160 --> 00:14:19.160]  越來越懂得去恩慈、去愛,
[00:14:19.160 --> 00:14:22.160]  也越來越懂得去過一個聖潔的生活,
[00:14:22.160 --> 00:14:25.160]  去努力的遠離罪惡。
[00:14:25.160 --> 00:14:28.160]  而在我們的群體裏面,
[00:14:28.160 --> 00:14:29.160]  我們的小組,
[00:14:29.160 --> 00:14:30.160]  我們的團契,
[00:14:30.160 --> 00:14:31.160]  我們的教會,
[00:14:31.160 --> 00:14:32.160]  你又看不看得到,
[00:14:32.160 --> 00:14:36.160]  我們都很像我們叫的那位天父,
[00:14:36.160 --> 00:14:38.160]  我們越來越有他的特質,
[00:14:38.160 --> 00:14:42.160]  有些東西未認識神的人在我們身上找不到,
[00:14:42.160 --> 00:14:45.160]  但是在這一班的信徒裏面,
[00:14:45.160 --> 00:14:46.160]  我們都可以找到,
[00:14:46.160 --> 00:14:52.160]  真的講得出有其父必有其子。
[00:14:52.160 --> 00:14:53.160]  第二點,
[00:14:53.160 --> 00:14:57.160]  經文叫我們去住在主的裏面,
[00:14:57.160 --> 00:15:01.160]  以致我們能夠坦然地迎接主的來臨。
[00:15:01.160 --> 00:15:03.160]  經文這樣說,
[00:15:03.160 --> 00:15:06.160]  孩子們,你們要住在基督裏面,
[00:15:06.160 --> 00:15:08.160]  這樣他若顯現,
[00:15:08.160 --> 00:15:09.160]  我們就可以坦然無懼,
[00:15:09.160 --> 00:15:11.160]  當他來臨的時候,
[00:15:11.160 --> 00:15:14.160]  在他面前就不至於慚愧了。
[00:15:14.160 --> 00:15:17.160]  親愛的,我們現在就是神的子女,
[00:15:17.160 --> 00:15:19.160]  將來怎樣還未顯明,
[00:15:19.160 --> 00:15:21.160]  但是我們所知道的就是,
[00:15:21.160 --> 00:15:22.160]  基督顯現的時候,
[00:15:22.160 --> 00:15:23.160]  我們會像祂,
[00:15:23.160 --> 00:15:26.160]  因為我們將會見到祂的本相,
[00:15:26.160 --> 00:15:29.160]  凡對於祂有這樣的指望的,
[00:15:29.160 --> 00:15:30.160]  就會潔淨自己,
[00:15:30.160 --> 00:15:34.160]  就好像祂是潔淨的那樣。
[00:15:34.160 --> 00:15:36.160]  剛才第一點就說,
[00:15:36.160 --> 00:15:37.160]  我們是神所生的,
[00:15:37.160 --> 00:15:39.160]  所以我們有神的樣子在我們身上,
[00:15:39.160 --> 00:15:42.160]  應該。
[00:15:42.160 --> 00:15:44.160]  但是一個人,他生了出來之後,
[00:15:44.160 --> 00:15:46.160]  他怎樣成長呢?
[00:15:46.160 --> 00:15:48.160]  他在什麼樣的環境裏面長大呢?
[00:15:48.160 --> 00:15:49.160]  生活呢?
[00:15:49.160 --> 00:15:53.160]  都很影響他會變成一個怎樣的人。
[00:15:53.160 --> 00:15:55.160]  約翰就勸勉神的兒女,
[00:15:55.160 --> 00:15:57.160]  重生之後,要怎樣?
[00:15:57.160 --> 00:15:58.160]  住在哪裏?
[00:15:58.160 --> 00:16:01.160]  住在基督裏面。
[00:16:01.160 --> 00:16:03.160]  基督就好像一個家,
[00:16:03.160 --> 00:16:04.160]  你住在裏面,
[00:16:04.160 --> 00:16:07.160]  裏面有其他同住的家人,
[00:16:07.160 --> 00:16:09.160]  一起去經歷神的愛,
[00:16:09.160 --> 00:16:11.160]  一起去做行義的人,
[00:16:11.160 --> 00:16:13.160]  我們一起去指望耶穌基督,
[00:16:13.160 --> 00:16:14.160]  祂再回來。
[00:16:14.160 --> 00:16:16.160]  那時我們在家裏,
[00:16:16.160 --> 00:16:18.160]  一直住在神的家裏面,
[00:16:18.160 --> 00:16:21.160]  到家主耶穌基督回來的時候,
[00:16:21.160 --> 00:16:23.160]  我們在家裏,
[00:16:23.160 --> 00:16:25.160]  我們就可以坦然無懼,
[00:16:25.160 --> 00:16:27.160]  不用怕,
[00:16:27.160 --> 00:16:28.160]  到時在主的面前,
[00:16:28.160 --> 00:16:30.160]  我們很開心,
[00:16:30.160 --> 00:16:34.160]  因為我們等了這一天很久了。
[00:16:34.160 --> 00:16:35.160]  不過,反過來,
[00:16:35.160 --> 00:16:37.160]  他說原來有機會,
[00:16:37.160 --> 00:16:40.160]  有些人同樣來到神的面前,
[00:16:40.160 --> 00:16:43.160]  但是有機會會慚愧的。
[00:16:43.160 --> 00:16:46.160]  這班人或者他們都是信主的,
[00:16:46.160 --> 00:16:48.160]  所以他們來到主耶穌的面前,
[00:16:48.160 --> 00:16:50.160]  主耶穌沒有趕他們走,
[00:16:50.160 --> 00:16:51.160]  只不過是說,
[00:16:51.160 --> 00:16:53.160]  這班人或者會慚愧,
[00:16:53.160 --> 00:16:55.160]  為什麼?
[00:16:55.160 --> 00:16:59.160]  可能就是當他們信了耶穌很久了,
[00:16:59.160 --> 00:17:01.160]  原來經歷了神很多的恩典,
[00:17:01.160 --> 00:17:03.160]  聽了很多的教導,
[00:17:03.160 --> 00:17:06.160]  不過生命沒有什麼回應,
[00:17:06.160 --> 00:17:07.160]  沒有什麼動,
[00:17:07.160 --> 00:17:09.160]  神給他們的恩典都收了,
[00:17:09.160 --> 00:17:11.160]  但是沒有去跟別人分享,
[00:17:11.160 --> 00:17:14.160]  沒有為主去做什麼的時候,
[00:17:14.160 --> 00:17:15.160]  到神來的時候,
[00:17:15.160 --> 00:17:16.160]  在耶穌面前,
[00:17:16.160 --> 00:17:18.160]  真是不好意思,主,
[00:17:18.160 --> 00:17:19.160]  我收了你的恩典,
[00:17:19.160 --> 00:17:22.160]  只不過我沒有分出去。
[00:17:22.160 --> 00:17:23.160]  如果是這樣,
[00:17:23.160 --> 00:17:27.160]  可能到時就會慚愧了。
[00:17:27.160 --> 00:17:32.160]  至於耶穌基督什麼時候再回來?
[00:17:32.160 --> 00:17:33.160]  是的,我們都知道,
[00:17:33.160 --> 00:17:35.160]  就是不知道。
[00:17:35.160 --> 00:17:39.160]  那祂回來的時候會是什麼樣的情景?
[00:17:39.160 --> 00:17:40.160]  經文也說,
[00:17:40.160 --> 00:17:44.160]  沒有很具體地去表明、顯明,
[00:17:44.160 --> 00:17:47.160]  可能因為其實說了也不太明白,
[00:17:47.160 --> 00:17:50.160]  說了我們這個腦袋也未必能收到,
[00:17:50.160 --> 00:17:52.160]  所以主很清楚地
[00:17:52.160 --> 00:17:54.160]  將我們要知道的東西告訴我們,
[00:17:54.160 --> 00:17:55.160]  有些說了也不明白,
[00:17:55.160 --> 00:17:57.160]  或者到時就會知道的東西,
[00:17:57.160 --> 00:17:59.160]  就留待到時再說。
[00:17:59.160 --> 00:18:00.160]  我們會知道什麼?
[00:18:00.160 --> 00:18:03.160]  就是基督一定會回來,
[00:18:03.160 --> 00:18:06.160]  然後祂回來的時候,
[00:18:06.160 --> 00:18:10.160]  我們就會好像祂那樣,
[00:18:10.160 --> 00:18:11.160]  不是很明白,
[00:18:11.160 --> 00:18:13.160]  不過到時我們就會明白了,
[00:18:13.160 --> 00:18:15.160]  到時我們就會看到了。
[00:18:15.160 --> 00:18:20.160]  但是當我們真的這樣去相信,
[00:18:20.160 --> 00:18:22.160]  確定相信這件事的時候,
[00:18:22.160 --> 00:18:25.160]  有些事情就關我現在的事了。
[00:18:25.160 --> 00:18:30.160]  當我相信將來神會再回來的時候,
[00:18:30.160 --> 00:18:32.160]  我今天就會好像經文所說,
[00:18:32.160 --> 00:18:35.160]  潔淨自己,像祂潔淨一樣。
[00:18:35.160 --> 00:18:39.160]  就是說,我相信耶穌會再回來,
[00:18:39.160 --> 00:18:41.160]  所以我今天不敢亂來,
[00:18:41.160 --> 00:18:42.160]  我不會亂來的,
[00:18:42.160 --> 00:18:44.160]  我會遠離罪惡,
[00:18:44.160 --> 00:18:46.160]  會過行義的生活,
[00:18:46.160 --> 00:18:49.160]  我會住在耶穌基督那裡,
[00:18:49.160 --> 00:18:51.160]  有時走開了,走開了,
[00:18:51.160 --> 00:18:53.160]  走遠了,
[00:18:53.160 --> 00:18:55.160]  但是又懂得回來,
[00:18:55.160 --> 00:18:56.160]  懂得回家。
[00:18:56.160 --> 00:19:00.160]  所以我們就越來越像我們的父神,
[00:19:00.160 --> 00:19:03.160]  直到見主面的那一天。
[00:19:03.160 --> 00:19:05.160]  主耶穌其實都曾經用比喻
[00:19:05.160 --> 00:19:07.160]  去講解和教導人
[00:19:07.160 --> 00:19:10.160]  關於祂會再回來的事。
[00:19:10.160 --> 00:19:13.160]  例如在《馬太福音》24-25章
[00:19:13.160 --> 00:19:14.160]  那裡有說到,
[00:19:14.160 --> 00:19:17.160]  這個世界的終局,主在來的日子,
[00:19:17.160 --> 00:19:19.160]  是何時?沒有人知道。
[00:19:19.160 --> 00:19:22.160]  就好像那些賊一樣,
[00:19:22.160 --> 00:19:24.160]  耶穌當然不是賊,
[00:19:24.160 --> 00:19:27.160]  但是你知不知道那個賊何時去你家裡?
[00:19:27.160 --> 00:19:28.160]  當然不知道了,
[00:19:28.160 --> 00:19:29.160]  你不知道的,
[00:19:29.160 --> 00:19:30.160]  他會不會來?
[00:19:30.160 --> 00:19:31.160]  耶穌就肯定會來,
[00:19:31.160 --> 00:19:33.160]  那個賊會不會來?我不知道。
[00:19:33.160 --> 00:19:35.160]  但是因為你要防備他,
[00:19:35.160 --> 00:19:37.160]  你就要時時鎖住門,
[00:19:37.160 --> 00:19:38.160]  鎖好你的門,
[00:19:38.160 --> 00:19:39.160]  擺好你的東西。
[00:19:39.160 --> 00:19:42.160]  耶穌再來就好像那個賊何時來一樣,
[00:19:42.160 --> 00:19:43.160]  不知道。
[00:19:43.160 --> 00:19:45.160]  但是我們就要保持警覺,
[00:19:45.160 --> 00:19:47.160]  作好準備。
[00:19:47.160 --> 00:19:50.160]  然後在同一章經文就會說,
[00:19:50.160 --> 00:19:51.160]  當耶穌再回來的時候,
[00:19:51.160 --> 00:19:52.160]  回家的時候,
[00:19:52.160 --> 00:19:56.160]  就會見到家裡那些僕人在做什麼。
[00:19:56.160 --> 00:19:59.160]  有一些叫做忠心的僕人,
[00:19:59.160 --> 00:20:00.160]  他們很乖的,
[00:20:00.160 --> 00:20:01.160]  主人吩咐了他們,
[00:20:01.160 --> 00:20:03.160]  你要在家裡做這些,
[00:20:03.160 --> 00:20:04.160]  我會回來的,
[00:20:04.160 --> 00:20:09.160]  到時我會再看看你做得怎麼樣。
[00:20:09.160 --> 00:20:11.160]  這班忠心的僕人,
[00:20:11.160 --> 00:20:14.160]  就好好地按照主耶穌的吩咐,
[00:20:14.160 --> 00:20:16.160]  去管理著他們的家,
[00:20:16.160 --> 00:20:19.160]  主人回來的時候就會賞賜他們。
[00:20:19.160 --> 00:20:22.160]  但是有另外一種的僕人,
[00:20:22.160 --> 00:20:24.160]  他們也在這個家裡做僕人,
[00:20:24.160 --> 00:20:26.160]  不過他們可能一開始,
[00:20:26.160 --> 00:20:28.160]  主人說會回來,
[00:20:28.160 --> 00:20:31.160]  乖乖地一天兩天,
[00:20:31.160 --> 00:20:32.160]  一個月兩個月,
[00:20:32.160 --> 00:20:33.160]  一年兩年都不回來,
[00:20:33.160 --> 00:20:35.160]  應該有一段時間都不會回來,
[00:20:35.160 --> 00:20:37.160]  那就休息一下,
[00:20:37.160 --> 00:20:38.160]  遲一點再回來,
[00:20:38.160 --> 00:20:41.160]  反正今天和明天才做都無所謂,
[00:20:41.160 --> 00:20:43.160]  或者聖經裡面說,
[00:20:43.160 --> 00:20:46.160]  他可能會出手打他的同伴,
[00:20:46.160 --> 00:20:47.160]  吃喝玩樂,
[00:20:47.160 --> 00:20:48.160]  喝到醉醺醺,
[00:20:48.160 --> 00:20:52.160]  完全都當主人沒有到,
[00:20:52.160 --> 00:20:56.160]  當主人再回來的時候就糟糕了。
[00:20:56.160 --> 00:20:58.160]  然後在《馬太方案》二十五章,
[00:20:58.160 --> 00:21:01.160]  耶穌繼續以十個同類的比喻,
[00:21:01.160 --> 00:21:02.160]  按財受託,
[00:21:02.160 --> 00:21:04.160]  即是五千、二千、一千的比喻,
[00:21:04.160 --> 00:21:07.160]  和萬民將會受審判的情景,
[00:21:07.160 --> 00:21:08.160]  去講解到那一天,
[00:21:08.160 --> 00:21:11.160]  末日的時候將會發生什麼事。
[00:21:11.160 --> 00:21:15.160]  而神的兒女在這一天之前,
[00:21:15.160 --> 00:21:17.160]  要怎樣去做好準備,
[00:21:17.160 --> 00:21:19.160]  以致到那一天的時候,
[00:21:19.160 --> 00:21:21.160]  我們真的可以坦然無懼,
[00:21:21.160 --> 00:21:23.160]  不用慚愧地
[00:21:23.160 --> 00:21:28.160]  我們帶著這份盼望去做好準備。
[00:21:28.160 --> 00:21:31.160]  如果大家想了解多些剛才講的經文,
[00:21:31.160 --> 00:21:35.160]  就自己回去看《馬太福音》二十四、二十五章。
[00:21:35.160 --> 00:21:37.160]  這裡我們又要想一想,
[00:21:37.160 --> 00:21:38.160]  經文提醒我們,
[00:21:38.160 --> 00:21:39.160]  要住在主裡面,
[00:21:39.160 --> 00:21:47.160]  我們就能夠坦然迎接主的來臨,
[00:21:47.160 --> 00:21:48.160]  住在主裡面,
[00:21:48.160 --> 00:21:50.160]  帶著這份確信,
[00:21:50.160 --> 00:21:52.160]  今天就潔淨自己。
[00:21:52.160 --> 00:21:54.160]  當我們住在一個地方,
[00:21:54.160 --> 00:21:58.160]  不知道你住在一個什麼地方,
[00:21:58.160 --> 00:21:59.160]  如果我問你,
[00:21:59.160 --> 00:22:01.160]  可能就是住在九龍,
[00:22:01.160 --> 00:22:02.160]  住在新界,
[00:22:02.160 --> 00:22:03.160]  住在屯門,
[00:22:03.160 --> 00:22:04.160]  你總會住在一個地方,
[00:22:04.160 --> 00:22:07.160]  住在一個地方都很影響我們,
[00:22:07.160 --> 00:22:11.160]  會怎樣受那個地方去影響。
[00:22:11.160 --> 00:22:12.160]  最近有些新聞,
[00:22:12.160 --> 00:22:13.160]  如果你住在那個區,
[00:22:13.160 --> 00:22:14.160]  可能你都會很害怕,
[00:22:14.160 --> 00:22:18.160]  因為晚上的時候可能會有危險。
[00:22:18.160 --> 00:22:21.160]  我記得聖經裡面有一家人,
[00:22:21.160 --> 00:22:24.160]  他們都搬到另一個地方住,
[00:22:24.160 --> 00:22:26.160]  最初長輩就跟他們說,
[00:22:26.160 --> 00:22:28.160]  你看看這邊和這邊,
[00:22:28.160 --> 00:22:31.160]  你想住哪裡,
[00:22:31.160 --> 00:22:34.160]  你選那裡我就住另外一邊。
[00:22:34.160 --> 00:22:38.160]  於是這個人就看到這個地方很好,
[00:22:38.160 --> 00:22:39.160]  很繁榮,
[00:22:39.160 --> 00:22:40.160]  住得很好,
[00:22:40.160 --> 00:22:41.160]  很肥沃,
[00:22:41.160 --> 00:22:44.160]  他就搬到這個地方住了。
[00:22:44.160 --> 00:22:46.160]  誰知道這個地方是很繁榮,
[00:22:46.160 --> 00:22:50.160]  同時很多罪,
[00:22:50.160 --> 00:22:52.160]  是一個罪惡之城。
[00:22:52.160 --> 00:22:54.160]  所以他們住在那裡,
[00:22:54.160 --> 00:22:57.160]  越來越和那些人同化了。
[00:22:57.160 --> 00:22:59.160]  記不記得這個是誰?
[00:22:59.160 --> 00:23:00.160]  羅德,
[00:23:00.160 --> 00:23:02.160]  就是聖經裡面這個羅德,
[00:23:02.160 --> 00:23:05.160]  他選了一個好的城市住下來,
[00:23:05.160 --> 00:23:07.160]  但是你會發覺,
[00:23:07.160 --> 00:23:10.160]  他真的受著那個地方的人去影響,
[00:23:10.160 --> 00:23:12.160]  之後他的女兒,
[00:23:12.160 --> 00:23:14.160]  有些觀念我們都覺得,
[00:23:14.160 --> 00:23:16.160]  為什麼會這樣,怪怪的。
[00:23:16.160 --> 00:23:19.160]  很容易被一個地方的人去同化。
[00:23:19.160 --> 00:23:21.160]  說回我們剛剛一開始說,
[00:23:21.160 --> 00:23:24.160]  我們前幾天去了清水城,
[00:23:24.160 --> 00:23:28.160]  探訪他們那邊的一些穆斯林朋友,
[00:23:28.160 --> 00:23:30.160]  我們就發現,
[00:23:30.160 --> 00:23:33.160]  正正因為他本身不是那裡的原居民,
[00:23:33.160 --> 00:23:36.160]  他由另一個地方移居到這裡,
[00:23:36.160 --> 00:23:39.160]  所以他們很有意識地知道,
[00:23:39.160 --> 00:23:42.160]  那裡的人和他們是在說一個不同的話,
[00:23:42.160 --> 00:23:45.160]  是在信一個不同的宗教信仰,
[00:23:45.160 --> 00:23:47.160]  是在過著一個很不同的生活。
[00:23:47.160 --> 00:23:51.160]  所以他們是很有意識地團結起來,
[00:23:51.160 --> 00:23:54.160]  保持他們的生活習慣,
[00:23:54.160 --> 00:23:56.160]  他們的小孩會照樣上學,
[00:23:56.160 --> 00:23:57.160]  然後放學之後,
[00:23:57.160 --> 00:24:00.160]  他們就要去學他們自己家鄉的話,
[00:24:00.160 --> 00:24:04.160]  去他們的廟宇裡面去敬拜,
[00:24:04.160 --> 00:24:06.160]  去學習他們的經書,
[00:24:06.160 --> 00:24:08.160]  所以他們很有意識地,
[00:24:08.160 --> 00:24:10.160]  不要被他們身處的文化,
[00:24:10.160 --> 00:24:14.160]  去令他們忘卻了他們自己的身份,
[00:24:14.160 --> 00:24:15.160]  他們的語文,
[00:24:15.160 --> 00:24:17.160]  他們的信仰。
[00:24:17.160 --> 00:24:20.160]  今天我們都住在不同的國家,
[00:24:20.160 --> 00:24:21.160]  不同的地區,
[00:24:21.160 --> 00:24:22.160]  不同的城市,
[00:24:22.160 --> 00:24:23.160]  都沒有問題的,
[00:24:23.160 --> 00:24:27.160]  住在地圖上哪一個點都沒有問題的,
[00:24:27.160 --> 00:24:29.160]  不是叫大家不要住那裡,
[00:24:29.160 --> 00:24:32.160]  每個人都搬來教會那裡住,
[00:24:32.160 --> 00:24:33.160]  那當然不行,
[00:24:33.160 --> 00:24:36.160]  但是無論我們住在哪裡,
[00:24:36.160 --> 00:24:39.160]  其實我們都可以住在耶穌基督那裡,
[00:24:39.160 --> 00:24:43.160]  經文叫我們住在耶穌基督那裡,
[00:24:43.160 --> 00:24:46.160]  跟主裡面的家人事事都溝通的,
[00:24:46.160 --> 00:24:48.160]  經常都跟主一起的,
[00:24:48.160 --> 00:24:51.160]  慢慢我們就會有像基督那樣的生命,
[00:24:51.160 --> 00:24:53.160]  當主再回來的時候,
[00:24:53.160 --> 00:24:55.160]  我們發覺我們在家裡,
[00:24:55.160 --> 00:24:58.160]  主回家的時候我們在家裡,
[00:24:58.160 --> 00:25:05.160]  我們就可以到時坦然無懼地去見主面了。
[00:25:05.160 --> 00:25:09.160]  第三點,這裡是說遠離罪惡,
[00:25:09.160 --> 00:25:11.160]  不要被魔鬼迷惑,
[00:25:11.160 --> 00:25:13.160]  第一點我們就會說,
[00:25:13.160 --> 00:25:15.160]  是神生我們出來的,
[00:25:15.160 --> 00:25:19.160]  所以我們會有父神的特質繼承了,
[00:25:19.160 --> 00:25:21.160]  學到的,
[00:25:21.160 --> 00:25:22.160]  這樣就很好了,
[00:25:22.160 --> 00:25:25.160]  然後我們又住在耶穌基督那裡,
[00:25:25.160 --> 00:25:27.160]  我們經常跟祂聊天,
[00:25:27.160 --> 00:25:29.160]  祂會經常教我們,
[00:25:29.160 --> 00:25:33.160]  我們又經常去做祂想我們做的事,
[00:25:33.160 --> 00:25:36.160]  對的事,這樣就很好了,
[00:25:36.160 --> 00:25:39.160]  但是這一段經文也很長,
[00:25:39.160 --> 00:25:41.160]  四至第十節,
[00:25:41.160 --> 00:25:48.160]  它的字眼很多重複是犯罪,罪,魔鬼,
[00:25:48.160 --> 00:25:50.160]  不認識神,
[00:25:50.160 --> 00:25:53.160]  原來不只是我們出生,
[00:25:53.160 --> 00:25:55.160]  由神生我們出來,
[00:25:55.160 --> 00:25:57.160]  我們也留在主裡面,
[00:25:57.160 --> 00:26:01.160]  事實上約翰也要提醒我們,
[00:26:01.160 --> 00:26:04.160]  罪仍然在影響我們,
[00:26:04.160 --> 00:26:06.160]  我們在世生活的時候,
[00:26:06.160 --> 00:26:10.160]  仍然在面對這些違反神的律法的事,
[00:26:10.160 --> 00:26:13.160]  不認識神而做出來的事,
[00:26:13.160 --> 00:26:16.160]  不知道你看完這段經文會不會很害怕,
[00:26:16.160 --> 00:26:18.160]  因為它說,
[00:26:18.160 --> 00:26:20.160]  屬神的人是不犯罪的,
[00:26:20.160 --> 00:26:21.160]  不能夠犯罪的,
[00:26:21.160 --> 00:26:23.160]  不會犯罪的,
[00:26:23.160 --> 00:26:24.160]  讀一次經文,
[00:26:24.160 --> 00:26:27.160]  犯罪的就是做違背律法的事,
[00:26:27.160 --> 00:26:29.160]  違背律法就是罪,
[00:26:29.160 --> 00:26:31.160]  你們知道基督曾經顯現,
[00:26:31.160 --> 00:26:33.160]  就是要來除掉罪,
[00:26:33.160 --> 00:26:34.160]  祂沒有罪的,
[00:26:34.160 --> 00:26:37.160]  所以住在祂裡面的不犯罪,
[00:26:37.160 --> 00:26:40.160]  犯罪的就未曾看見祂,
[00:26:40.160 --> 00:26:42.160]  也未曾認識祂,
[00:26:42.160 --> 00:26:43.160]  孩子們,
[00:26:43.160 --> 00:26:44.160]  不要被人迷惑了你,
[00:26:44.160 --> 00:26:47.160]  那些行義的人才是義人,
[00:26:47.160 --> 00:26:49.160]  正如基督是義的,
[00:26:49.160 --> 00:26:52.160]  那些犯罪的是出於魔鬼,
[00:26:52.160 --> 00:26:54.160]  因為魔鬼從起初就犯罪,
[00:26:54.160 --> 00:26:56.160]  神的兒子顯現出來,
[00:26:56.160 --> 00:26:58.160]  是為了要毀滅魔鬼的作為,
[00:26:58.160 --> 00:27:01.160]  凡是從神生的不犯罪,
[00:27:01.160 --> 00:27:03.160]  因為神的道全在祂裡面,
[00:27:03.160 --> 00:27:05.160]  祂也不能夠犯罪,
[00:27:05.160 --> 00:27:07.160]  因為祂是由神所生的,
[00:27:07.160 --> 00:27:09.160]  這就顯明誰是神的兒女,
[00:27:09.160 --> 00:27:11.160]  誰是魔鬼的兒女,
[00:27:11.160 --> 00:27:13.160]  那些不行義的不是出於神,
[00:27:13.160 --> 00:27:16.160]  不愛弟兄的也是這樣,
[00:27:16.160 --> 00:27:19.160]  這裡所指的犯罪,
[00:27:19.160 --> 00:27:23.160]  是指習慣性的犯罪,
[00:27:23.160 --> 00:27:26.160]  是指停留在一個罪裡面,
[00:27:26.160 --> 00:27:29.160]  第五節告訴我們,
[00:27:29.160 --> 00:27:31.160]  基督曾經來到這個世界,
[00:27:31.160 --> 00:27:32.160]  為什麼基督要來?
[00:27:32.160 --> 00:27:34.160]  上一次為什麼基督要來這個世界?
[00:27:34.160 --> 00:27:36.160]  就是因為要除掉罪,
[00:27:36.160 --> 00:27:38.160]  聽到這個福音,
[00:27:38.160 --> 00:27:41.160]  世人才明白原來我們一直都在罪裡面,
[00:27:41.160 --> 00:27:43.160]  我們得罪了神,
[00:27:43.160 --> 00:27:44.160]  我們在傷害自己,
[00:27:44.160 --> 00:27:45.160]  在傷害人,
[00:27:45.160 --> 00:27:49.160]  我們沒有辦法靠自己去解決這個罪的問題,
[00:27:49.160 --> 00:27:51.160]  所以才有恩典,
[00:27:51.160 --> 00:27:53.160]  所以才有耶穌基督的恩典,
[00:27:53.160 --> 00:27:56.160]  為我們去解決這個罪的問題,
[00:27:56.160 --> 00:27:59.160]  給我們一個重生的機會,
[00:27:59.160 --> 00:28:01.160]  所以我們住在裡面,
[00:28:01.160 --> 00:28:04.160]  就是保持著和神的聯絡,
[00:28:04.160 --> 00:28:06.160]  而從我們,
[00:28:06.160 --> 00:28:07.160]  耶穌的名字,
[00:28:07.160 --> 00:28:09.160]  將我們從罪惡裡面救出來,
[00:28:09.160 --> 00:28:12.160]  以前我們只能夠停留在罪惡裡面,
[00:28:12.160 --> 00:28:14.160]  沒有其他選擇,
[00:28:14.160 --> 00:28:16.160]  今天我們可以靠著耶穌,
[00:28:16.160 --> 00:28:18.160]  將我們從罪裡面救出來,
[00:28:18.160 --> 00:28:22.160]  讓我們不是停留在罪裡面,
[00:28:22.160 --> 00:28:26.160]  不是一直犯罪,
[00:28:26.160 --> 00:28:28.160]  不過,聖經,
[00:28:28.160 --> 00:28:29.160]  加拉太書這樣說,
[00:28:29.160 --> 00:28:32.160]  我們偶爾都會被過犯所成,
[00:28:32.160 --> 00:28:34.160]  有時候外面的環境,
[00:28:34.160 --> 00:28:36.160]  或者我們自己裡面的私慾,
[00:28:36.160 --> 00:28:38.160]  或者我們的脾氣,
[00:28:38.160 --> 00:28:40.160]  都會令我們走遠了,
[00:28:40.160 --> 00:28:42.160]  走開了,
[00:28:42.160 --> 00:28:43.160]  加拉太書這樣說,
[00:28:43.160 --> 00:28:45.160]  如果有人偶爾犯罪,
[00:28:45.160 --> 00:28:47.160]  我們作為一個群體,
[00:28:47.160 --> 00:28:48.160]  作為家人,
[00:28:48.160 --> 00:28:51.160]  就要用溫柔的心將他挽回回來,
[00:28:51.160 --> 00:28:53.160]  同時自己也要保持警醒,
[00:28:53.160 --> 00:28:55.160]  不要被他拉走,
[00:28:55.160 --> 00:28:56.160]  所以在主裡面,
[00:28:56.160 --> 00:28:57.160]  在這個家裡面,
[00:28:57.160 --> 00:28:58.160]  是一個彼此守望,
[00:28:58.160 --> 00:29:01.160]  互相擔當的一個關係,
[00:29:01.160 --> 00:29:06.160]  所以在罪這個事情上,
[00:29:06.160 --> 00:29:09.160]  我們發現耶穌已經得勝了,
[00:29:09.160 --> 00:29:11.160]  所以即使我們在一個過程,
[00:29:11.160 --> 00:29:15.160]  不是馬上可以完全離開我們犯的罪,
[00:29:15.160 --> 00:29:17.160]  馬上撕掉我們的壞習慣,
[00:29:17.160 --> 00:29:20.160]  但是我們相信神已經得勝了,
[00:29:20.160 --> 00:29:22.160]  所以我們回到神那裡,
[00:29:22.160 --> 00:29:26.160]  我們就可以離開那些無意識,
[00:29:26.160 --> 00:29:27.160]  或者我們解決不了,
[00:29:27.160 --> 00:29:29.160]  一直綑綁著我們的罪,
[00:29:29.160 --> 00:29:31.160]  回到神那裡,
[00:29:31.160 --> 00:29:33.160]  那些過去可能是做不到,
[00:29:33.160 --> 00:29:35.160]  做了一百次都失敗,
[00:29:35.160 --> 00:29:36.160]  但是第101次,
[00:29:36.160 --> 00:29:37.160]  我依然這樣掙扎,
[00:29:37.160 --> 00:29:39.160]  依然回到神那裡,
[00:29:39.160 --> 00:29:40.160]  因為我們相信,
[00:29:40.160 --> 00:29:41.160]  像經文所說,
[00:29:41.160 --> 00:29:43.160]  神是不會生那些罪出來的,
[00:29:43.160 --> 00:29:45.160]  那些罪不是神生出來的,
[00:29:45.160 --> 00:29:46.160]  所以我們回到神那裡,
[00:29:46.160 --> 00:29:49.160]  神那裡是不會生那些罪出來的,
[00:29:49.160 --> 00:29:56.160]  當約翰再次稱呼孩子們的時候,
[00:29:56.160 --> 00:29:58.160]  他說不要被騙,
[00:29:58.160 --> 00:29:59.160]  不要被迷惑,
[00:29:59.160 --> 00:30:01.160]  信耶穌,
[00:30:01.160 --> 00:30:02.160]  行義,
[00:30:02.160 --> 00:30:03.160]  不是靠說的,
[00:30:03.160 --> 00:30:07.160]  今天我們基督徒都會說很多東西,
[00:30:07.160 --> 00:30:09.160]  有時候回到教會,
[00:30:09.160 --> 00:30:10.160]  大致上那些字眼,
[00:30:10.160 --> 00:30:12.160]  我們都能說出來,
[00:30:12.160 --> 00:30:14.160]  但是我們心裡是否真的明白,
[00:30:14.160 --> 00:30:17.160]  真的正在做那些我們正在說的話呢?
[00:30:17.160 --> 00:30:22.160]  今天我們做基督徒,
[00:30:22.160 --> 00:30:23.160]  也沒有一個特定的裝扮,
[00:30:23.160 --> 00:30:25.160]  可能某些宗教他們有,
[00:30:25.160 --> 00:30:26.160]  你一穿起那些裝扮,
[00:30:26.160 --> 00:30:29.160]  就知道你是那個信仰的了,
[00:30:29.160 --> 00:30:30.160]  但是基督徒沒有的,
[00:30:30.160 --> 00:30:33.160]  頂簍可能是戴一個十字架,
[00:30:33.160 --> 00:30:34.160]  但是我們都明白,
[00:30:34.160 --> 00:30:36.160]  戴和不戴都不影響,
[00:30:36.160 --> 00:30:37.160]  你是否一個真的基督徒,
[00:30:37.160 --> 00:30:39.160]  是否真的是神的兒女,
[00:30:39.160 --> 00:30:41.160]  所以今天我們不需要,
[00:30:41.160 --> 00:30:47.160]  不能夠靠外表去說,去做,去扮,
[00:30:47.160 --> 00:30:49.160]  我們是神的兒女,
[00:30:49.160 --> 00:30:53.160]  我們需要有真實的生命在我們裡面,
[00:30:53.160 --> 00:30:56.160]  而這個裡面是真的有愛在我們裡面的,
[00:30:56.160 --> 00:30:59.160]  在行為上真的有行義的,
[00:30:59.160 --> 00:31:02.160]  是能夠實踐出來的,
[00:31:02.160 --> 00:31:04.160]  第三點是遠離罪惡,
[00:31:04.160 --> 00:31:06.160]  不要被魔鬼迷惑,
[00:31:06.160 --> 00:31:10.160]  讓我們知道耶穌已經在罪裡面得勝了,
[00:31:10.160 --> 00:31:12.160]  所以我們回到耶穌裡面,
[00:31:12.160 --> 00:31:15.160]  我們那些過去未必那麼快得到的罪,
[00:31:15.160 --> 00:31:18.160]  都有機會會慢慢越來越似神,
[00:31:18.160 --> 00:31:20.160]  就會得勝的了,
[00:31:20.160 --> 00:31:25.160]  今天我們對於罪的態度是怎麼樣呢?
[00:31:25.160 --> 00:31:27.160]  可能我們都很灰心,
[00:31:27.160 --> 00:31:29.160]  對於自己或者對於別人,
[00:31:29.160 --> 00:31:31.160]  可能我們都覺得很失望,很灰心,
[00:31:31.160 --> 00:31:32.160]  為什麼會這樣?
[00:31:32.160 --> 00:31:33.160]  或者我都努力過,
[00:31:33.160 --> 00:31:34.160]  但是還沒有做到,
[00:31:34.160 --> 00:31:35.160]  或者看到有些進展,
[00:31:35.160 --> 00:31:37.160]  但是好像有些停滯,
[00:31:37.160 --> 00:31:41.160]  但是今天我們是不是還是這樣帶著這份信心,
[00:31:41.160 --> 00:31:43.160]  相信因為神已經得勝了罪惡,
[00:31:43.160 --> 00:31:45.160]  再遇到這樣的情況的時候,
[00:31:45.160 --> 00:31:46.160]  回到神那裡,
[00:31:46.160 --> 00:31:47.160]  看到那些罪,
[00:31:47.160 --> 00:31:48.160]  解決不了的了,
[00:31:48.160 --> 00:31:51.160]  你會靠社會福利,
[00:31:51.160 --> 00:31:53.160]  靠什麼去令人少一點罪,
[00:31:53.160 --> 00:31:54.160]  令這個世界少一點罪,
[00:31:54.160 --> 00:31:55.160]  靠不了的了,
[00:31:55.160 --> 00:31:58.160]  我們回到神那裡,
[00:31:58.160 --> 00:31:59.160]  讓神去醫治,
[00:31:59.160 --> 00:32:01.160]  去改變這個世界,
[00:32:01.160 --> 00:32:04.160]  祂會帶來得勝,
[00:32:04.160 --> 00:32:06.160]  有其父必有其子,
[00:32:06.160 --> 00:32:08.160]  一個人是從誰生出來,
[00:32:08.160 --> 00:32:11.160]  然後他在哪一個家裡生活成長,
[00:32:11.160 --> 00:32:12.160]  他親近誰,
[00:32:12.160 --> 00:32:13.160]  又遠離什麼,
[00:32:13.160 --> 00:32:15.160]  就會有相應的行為表現,
[00:32:15.160 --> 00:32:16.160]  生命特質,
[00:32:16.160 --> 00:32:18.160]  今天的經文告訴我們,
[00:32:18.160 --> 00:32:20.160]  我們是從神去生的,
[00:32:20.160 --> 00:32:22.160]  有其父必有其子,
[00:32:22.160 --> 00:32:25.160]  我們的神是一個行公義,
[00:32:25.160 --> 00:32:26.160]  好憐憫的神,
[00:32:26.160 --> 00:32:27.160]  我們像祂,
[00:32:27.160 --> 00:32:28.160]  我們都會行出公義,
[00:32:28.160 --> 00:32:31.160]  都會能夠學懂去愛弟兄,
[00:32:31.160 --> 00:32:33.160]  我們的神,
[00:32:33.160 --> 00:32:36.160]  約翰也提醒我們,
[00:32:36.160 --> 00:32:37.160]  住在我們的神裡面,
[00:32:37.160 --> 00:32:38.160]  住在基督裡面,
[00:32:38.160 --> 00:32:40.160]  一直住在祂裡面,
[00:32:40.160 --> 00:32:42.160]  以致將來我們見主面的時候,
[00:32:42.160 --> 00:32:45.160]  我們可以坦然無懼,
[00:32:45.160 --> 00:32:47.160]  因著這個確信,
[00:32:47.160 --> 00:32:48.160]  我們今天就潔淨自己,
[00:32:48.160 --> 00:32:52.160]  不要容讓自己停留在一個罪惡裡面,
[00:32:52.160 --> 00:32:56.160]  我們能夠乾乾淨淨地去遠離罪惡,
[00:32:56.160 --> 00:32:58.160]  第三點就是遠離罪惡,
[00:32:58.160 --> 00:33:00.160]  不要被魔鬼去引誘你,
[00:33:00.160 --> 00:33:02.160]  我們相信主已經得勝了罪惡,
[00:33:02.160 --> 00:33:05.160]  所以我們是有意識地遠離罪惡,
[00:33:05.160 --> 00:33:08.160]  靠主得勝,
[00:33:08.160 --> 00:33:10.160]  當我們嘗試從不同的方式
[00:33:10.160 --> 00:33:13.160]  去認識穆斯林群體的時候,
[00:33:13.160 --> 00:33:15.160]  我們就體會到,
[00:33:15.160 --> 00:33:17.160]  穆斯林的福音工作,
[00:33:17.160 --> 00:33:20.160]  很多時候是要活出來的,
[00:33:20.160 --> 00:33:22.160]  不是講出來的,
[00:33:22.160 --> 00:33:23.160]  因為當一開始,
[00:33:23.160 --> 00:33:26.160]  大家未建立到信任的關係的時候,
[00:33:26.160 --> 00:33:28.160]  其實他是不會聽你的,
[00:33:28.160 --> 00:33:33.160]  或者你講了反而嚇走了他,
[00:33:33.160 --> 00:33:36.160]  所以他們往往是要先看到,
[00:33:36.160 --> 00:33:39.160]  當他看到一個基督徒的生命的時候,
[00:33:39.160 --> 00:33:41.160]  當他感受到這份愛的時候,
[00:33:41.160 --> 00:33:42.160]  他會好奇,
[00:33:42.160 --> 00:33:43.160]  他會發問,
[00:33:43.160 --> 00:33:45.160]  他會想知道,
[00:33:45.160 --> 00:33:48.160]  究竟你裡面是一個怎樣的生命呢?
[00:33:48.160 --> 00:33:50.160]  你宿敬拜的是一個怎樣的神呢?
[00:33:50.160 --> 00:33:53.160]  他們才願意去聽你的分享,
[00:33:53.160 --> 00:33:56.160]  分享基督的福音,
[00:33:56.160 --> 00:33:59.160]  這樣去想,其實不只是穆斯林,
[00:33:59.160 --> 00:34:00.160]  就算是我們,
[00:34:00.160 --> 00:34:03.160]  或者其他宗教信仰的人,
[00:34:03.160 --> 00:34:06.160]  你是不是認認真真地去信主的?
[00:34:06.160 --> 00:34:10.160]  你是不是認認真真地去跟隨你的信仰?
[00:34:10.160 --> 00:34:12.160]  其實不是靠講的,
[00:34:12.160 --> 00:34:16.160]  也不是你帶什麼飾物去展示出來的,
[00:34:16.160 --> 00:34:20.160]  是我們是不是真的有真實的生命,
[00:34:20.160 --> 00:34:22.160]  講到生命就好像很抽象,
[00:34:22.160 --> 00:34:24.160]  很大,很厲害,
[00:34:24.160 --> 00:34:26.160]  講的都是日常生活,
[00:34:26.160 --> 00:34:28.160]  日常生活從你是一個怎樣的人,
[00:34:28.160 --> 00:34:30.160]  你怎樣說話的呢?
[00:34:30.160 --> 00:34:31.160]  你怎樣去待人的呢?
[00:34:31.160 --> 00:34:33.160]  被人不小心欺負你,
[00:34:33.160 --> 00:34:35.160]  或者故意欺負你的時候,
[00:34:35.160 --> 00:34:37.160]  你的反應是怎樣的呢?
[00:34:37.160 --> 00:34:41.160]  當有些時候你要選擇哪樣好的時候,
[00:34:41.160 --> 00:34:42.160]  去哪裏好呢?
[00:34:42.160 --> 00:34:43.160]  去這裏還是去那裏呢?
[00:34:43.160 --> 00:34:45.160]  做這件事還是做那件事的時候,
[00:34:45.160 --> 00:34:46.160]  你的選擇,
[00:34:46.160 --> 00:34:49.160]  其實自己或者別人都看得出的,
[00:34:49.160 --> 00:34:52.160]  看得出你是不是真的在神的裏面,
[00:34:52.160 --> 00:34:54.160]  有真實的那份生命,
[00:34:54.160 --> 00:34:58.160]  約翰寫這封書信是給主內的弟兄姊妹的,
[00:34:58.160 --> 00:35:00.160]  他勸勉神的兒女,
[00:35:00.160 --> 00:35:05.160]  他所說你可能到時會令自己慚愧,
[00:35:05.160 --> 00:35:06.160]  在主面前,
[00:35:06.160 --> 00:35:09.160]  或者原來那些不行公義的人,
[00:35:09.160 --> 00:35:10.160]  不是神的兒女,
[00:35:10.160 --> 00:35:11.160]  是魔鬼的兒女,
[00:35:11.160 --> 00:35:12.160]  他不是要來嚇我們,
[00:35:12.160 --> 00:35:14.160]  不是要來批評我們,
[00:35:14.160 --> 00:35:15.160]  而是提醒我們,
[00:35:15.160 --> 00:35:16.160]  要警醒,
[00:35:16.160 --> 00:35:18.160]  原來到時在神面前,
[00:35:18.160 --> 00:35:20.160]  我們可以坦然無愧,
[00:35:20.160 --> 00:35:21.160]  不用慚愧的,
[00:35:21.160 --> 00:35:23.160]  原來是神的兒女,
[00:35:23.160 --> 00:35:24.160]  是可以行公義,
[00:35:24.160 --> 00:35:25.160]  愛弟兄的,
[00:35:25.160 --> 00:35:31.160]  當我們發現哪一部分有問題的時候,
[00:35:31.160 --> 00:35:32.160]  我們就可以去想一想,
[00:35:32.160 --> 00:35:34.160]  究竟我們信了耶穌之後,
[00:35:34.160 --> 00:35:35.160]  好像我的生命,
[00:35:35.160 --> 00:35:39.160]  怎麼看都沒有和我的父親越來越相似,
[00:35:39.160 --> 00:35:43.160]  是因為我還沒有重新生,
[00:35:43.160 --> 00:35:45.160]  還是我沒有經常回家,
[00:35:45.160 --> 00:35:47.160]  沒有經常在主的裏面,
[00:35:47.160 --> 00:35:50.160]  還是我任由自己停留在一些罪惡裏面,
[00:35:50.160 --> 00:35:55.160]  以致我和神好像永遠都去不到那麼近,
[00:35:55.160 --> 00:35:57.160]  是哪樣東西呢?
[00:35:57.160 --> 00:36:00.160]  都是值得我們好好反思一下,
[00:36:00.160 --> 00:36:03.160]  一會兒我選了這首回應詩,
[00:36:03.160 --> 00:36:05.160]  就是剛才唱過的,
[00:36:05.160 --> 00:36:07.160]  就是上帝的兒女何等有福,
[00:36:07.160 --> 00:36:09.160]  原來大家都選了同一首歌,
[00:36:09.160 --> 00:36:10.160]  為什麼呢?
[00:36:10.160 --> 00:36:11.160]  這首歌很好,
[00:36:11.160 --> 00:36:14.160]  因為它說上帝的兒女很有福,
[00:36:14.160 --> 00:36:16.160]  怎麼有福呢?
[00:36:16.160 --> 00:36:18.160]  不是說沒有病沒有痛,
[00:36:18.160 --> 00:36:20.160]  不是說很多錢安安樂樂,
[00:36:20.160 --> 00:36:24.160]  而是說壓力裏面有平靜,
[00:36:24.160 --> 00:36:26.160]  忙碌裏面有休閒,
[00:36:26.160 --> 00:36:28.160]  失敗裏面還笑得出,
[00:36:28.160 --> 00:36:30.160]  人家逼迫你還可以站穩,
[00:36:30.160 --> 00:36:33.160]  絕望裏面還找到那份盼望,
[00:36:33.160 --> 00:36:36.160]  在冷漠裏面還懂得關懷別人,
[00:36:36.160 --> 00:36:39.160]  在困境裏面能夠看到那條出路,
[00:36:39.160 --> 00:36:42.160]  就算死都知道生命在哪裏,
[00:36:42.160 --> 00:36:44.160]  上帝的兒女能夠真的這樣,
[00:36:44.160 --> 00:36:46.160]  就真的很有福了,
[00:36:46.160 --> 00:36:49.160]  我們祈禱都稱祂為我們親愛的天父,
[00:36:49.160 --> 00:36:50.160]  我們的天父,
[00:36:50.160 --> 00:36:51.160]  我們的阿爸父,
[00:36:51.160 --> 00:36:52.160]  我們作為祂的兒女,
[00:36:52.160 --> 00:36:55.160]  我們都經歷得到這種福氣嗎?
[00:36:55.160 --> 00:37:00.160]  我們是否都看到超越了這個環境的那份平安,
[00:37:00.160 --> 00:37:01.160]  那份盼望,
[00:37:01.160 --> 00:37:02.160]  那份喜樂,
[00:37:02.160 --> 00:37:05.160]  當然是一個過程,
[00:37:05.160 --> 00:37:08.160]  當這些困境來到的時候,
[00:37:08.160 --> 00:37:10.160]  第一下一定會有不開心,
[00:37:10.160 --> 00:37:11.160]  有情緒,
[00:37:11.160 --> 00:37:12.160]  有失望,
[00:37:12.160 --> 00:37:13.160]  有灰心,
[00:37:13.160 --> 00:37:14.160]  有傷心,
[00:37:14.160 --> 00:37:15.160]  是正常的,
[00:37:15.160 --> 00:37:16.160]  不然就要看醫生,
[00:37:16.160 --> 00:37:18.160]  不要說沒事的,
[00:37:18.160 --> 00:37:19.160]  我們是神的兒女,
[00:37:19.160 --> 00:37:20.160]  甚麼事都沒有的,
[00:37:20.160 --> 00:37:21.160]  不是的,
[00:37:21.160 --> 00:37:22.160]  有,
[00:37:22.160 --> 00:37:23.160]  是會有的,
[00:37:23.160 --> 00:37:24.160]  但是我們知道那條出路在哪裏,
[00:37:24.160 --> 00:37:27.160]  我們知道上帝的兒女的福氣不是沒有困難,
[00:37:27.160 --> 00:37:30.160]  而是我們在困難裏面找到出路,
[00:37:30.160 --> 00:37:31.160]  沒有人關心我,
[00:37:31.160 --> 00:37:32.160]  我還懂得關心別人,
[00:37:32.160 --> 00:37:34.160]  在困難裏面我還笑得出,
[00:37:34.160 --> 00:37:37.160]  就算有死亡臨到的時候,
[00:37:37.160 --> 00:37:38.160]  我知道生命在哪裏,
[00:37:38.160 --> 00:37:41.160]  這是上帝的兒女有的福氣,
[00:37:41.160 --> 00:37:45.160]  我希望我們都可以經歷得到這些福氣,
[00:37:45.160 --> 00:37:47.160]  我們一起祈禱吧,
[00:37:47.160 --> 00:37:52.160]  感謝天父,
[00:37:52.160 --> 00:37:54.160]  祢賜給我們的是何等大的慈愛,
[00:37:54.160 --> 00:37:57.160]  祢讓我們可以得稱為祢的兒女,
[00:37:57.160 --> 00:38:00.160]  願我們在世上能夠行公義,
[00:38:00.160 --> 00:38:03.160]  能夠用神祢的愛去愛人,
[00:38:03.160 --> 00:38:05.160]  真的好像父神祢那樣,
[00:38:05.160 --> 00:38:08.160]  我們有其父必有其子女,
[00:38:08.160 --> 00:38:10.160]  我們都可以像祢的樣子,
[00:38:10.160 --> 00:38:13.160]  求祢讓我們一生住在基督裏面,
[00:38:13.160 --> 00:38:15.160]  以致我們帶著這份盼望,
[00:38:15.160 --> 00:38:17.160]  我們今天就潔淨自己,
[00:38:17.160 --> 00:38:21.160]  以致我們將來能夠坦然無懼地見主面,
[00:38:21.160 --> 00:38:25.160]  亦都求天父幫助我們去遠離罪惡,
[00:38:25.160 --> 00:38:26.160]  誘惑,
[00:38:26.160 --> 00:38:28.160]  不停留在那些過犯之中,
[00:38:28.160 --> 00:38:29.160]  不要灰心,
[00:38:29.160 --> 00:38:31.160]  讓我們每一次的掙扎,
[00:38:31.160 --> 00:38:32.160]  讓我們真誠的悔改,
[00:38:32.160 --> 00:38:34.160]  讓我們去確信,
[00:38:34.160 --> 00:38:35.160]  主祢已經得成,
[00:38:35.160 --> 00:38:38.160]  祢是可以帶我們去離開那些罪的捆綁,
[00:38:38.160 --> 00:38:41.160]  祢可以讓我們能夠在罪裏面去得勝,
[00:38:41.160 --> 00:38:42.160]  我們交託仰望祢,
[00:38:42.160 --> 00:38:44.160]  多謝祢讓我們成為祢的兒女,
[00:38:44.160 --> 00:38:46.160]  我們祈禱奉主耶穌名禱,
[00:38:46.160 --> 00:38:47.160]  阿門。
