
[00:00:00.000 --> 00:00:01.240]  第幾次會有這麼多朋友
[00:00:01.240 --> 00:00:02.240]  午安
[00:00:02.240 --> 00:00:03.900]  午安
[00:00:03.900 --> 00:00:07.680]  首先祝大家中秋節快樂
[00:00:07.680 --> 00:00:09.360]  中秋節過了嗎?
[00:00:09.360 --> 00:00:12.240]  嚴格來說還未完全過
[00:00:12.240 --> 00:00:13.560]  都叫做中秋節
[00:00:13.560 --> 00:00:15.660]  不知道大家有沒有去過Costco
[00:00:15.660 --> 00:00:17.960]  買月餅呢?
[00:00:17.960 --> 00:00:19.580]  我不知道現在有沒有減價
[00:00:19.580 --> 00:00:22.000]  大家記得我們講過Costco的月餅
[00:00:22.000 --> 00:00:25.520]  正常價應該是二十多三十鎊之內
[00:00:25.520 --> 00:00:30.200]  或者你們有沒有去城寄看月餅是否賣得出
[00:00:30.200 --> 00:00:33.600]  聽聞今年月餅比較滯銷
[00:00:33.600 --> 00:00:36.000]  不知道英國的狀況會不會是一模一樣呢?
[00:00:36.000 --> 00:00:40.200]  還是他們被我們閻惠軒的月餅
[00:00:40.200 --> 00:00:41.600]  搶走了生意呢?
[00:00:41.600 --> 00:00:43.560]  聽說我們的月餅都挺好賣的
[00:00:43.560 --> 00:00:44.760]  都做得挺好吃的
[00:00:44.760 --> 00:00:46.400]  不知道為什麼
[00:00:46.400 --> 00:00:47.840]  近日我們聽到說
[00:00:47.840 --> 00:00:51.000]  在國內或者香港的月餅銷情
[00:00:51.000 --> 00:00:54.040]  特別是國內是非常不理想的
[00:00:54.040 --> 00:00:56.400]  當然我們都知道有很多原因
[00:00:56.400 --> 00:00:58.400]  例如人講究了健康
[00:00:58.400 --> 00:01:00.880]  又或者是商業模式改變了
[00:01:00.880 --> 00:01:02.560]  亦都反映了可能經濟
[00:01:02.560 --> 00:01:04.720]  或者家庭各方面有不同的因素
[00:01:04.720 --> 00:01:07.320]  以致有這樣的狀況出現
[00:01:07.320 --> 00:01:08.880]  不過我不知道你有沒有想過
[00:01:08.880 --> 00:01:09.520]  來了英國
[00:01:09.520 --> 00:01:12.720]  我想大家目測到都有幾年或以上
[00:01:12.720 --> 00:01:14.040]  很多人都說
[00:01:14.040 --> 00:01:15.120]  這幾年裏面
[00:01:15.120 --> 00:01:18.000]  對於中秋節在英國的感覺
[00:01:18.000 --> 00:01:19.480]  會不會是很不同
[00:01:19.480 --> 00:01:20.760]  和在香港
[00:01:20.760 --> 00:01:21.680]  在香港的時候
[00:01:21.680 --> 00:01:24.080]  可能你會玩一下「煲臘」又或者
[00:01:24.080 --> 00:01:25.280]  玩不玩「煲臘」的?
[00:01:25.280 --> 00:01:26.920]  不玩的
[00:01:26.920 --> 00:01:28.040]  在香港的時候
[00:01:28.040 --> 00:01:30.000]  可能你會出去吃飯
[00:01:30.000 --> 00:01:32.120]  或者有些家庭團聚的時間
[00:01:32.120 --> 00:01:35.400]  或者有很多燈飾的氣氛在香港
[00:01:35.400 --> 00:01:36.560]  但是在英國
[00:01:36.560 --> 00:01:38.520]  你發現是很不同的
[00:01:38.520 --> 00:01:39.120]  坦白講
[00:01:39.120 --> 00:01:41.080]  我來了英國這麼多年
[00:01:41.080 --> 00:01:42.560]  由97年到現在幾年了?
[00:01:42.560 --> 00:01:45.400]  屈指一數都差不多30年了
[00:01:45.400 --> 00:01:47.680]  我是非常年輕的時候過來的
[00:01:47.680 --> 00:01:49.400]  我發覺
[00:01:49.400 --> 00:01:50.880]  這裏的氣氛
[00:01:50.880 --> 00:01:53.760]  無論如何都不能說和香港可以並駕齊
[00:01:53.760 --> 00:01:55.560]  根本上是完全無話可說的
[00:01:55.560 --> 00:01:57.160]  燈飾又已經沒有了
[00:01:57.160 --> 00:01:59.720]  氣氛是非常之淡薄的
[00:01:59.720 --> 00:02:01.920]  而且你想到的那些食物
[00:02:01.920 --> 00:02:04.600]  今年算是近期都比較多的了
[00:02:04.600 --> 00:02:07.200]  以前是更加更加少
[00:02:07.200 --> 00:02:08.880]  來到英國
[00:02:08.880 --> 00:02:11.640]  和8000公里以外的香港
[00:02:11.640 --> 00:02:13.200]  不知道你的體會會是怎樣
[00:02:13.200 --> 00:02:16.440]  當你抬頭望回同一樣的月光的時候
[00:02:16.440 --> 00:02:19.040]  會不會感覺上非常之不同呢?
[00:02:19.040 --> 00:02:21.200]  可能是大家來了兩年三年四年
[00:02:21.200 --> 00:02:23.120]  甚至有些人居留了
[00:02:23.120 --> 00:02:24.760]  已經搞到居留了
[00:02:24.760 --> 00:02:26.560]  感受又如何呢?
[00:02:26.560 --> 00:02:27.280]  古人就說
[00:02:27.280 --> 00:02:28.480]  人有悲歡離合
[00:02:28.480 --> 00:02:30.520]  月有陰晴圓缺
[00:02:30.520 --> 00:02:32.920]  此事故難傳
[00:02:32.920 --> 00:02:34.040]  李伯又講過
[00:02:34.040 --> 00:02:35.000]  舉頭望明月
[00:02:35.000 --> 00:02:36.840]  低頭思故鄉
[00:02:36.840 --> 00:02:38.240]  中秋節的月亮
[00:02:38.240 --> 00:02:40.560]  好像彷彿成為了流散者
[00:02:40.560 --> 00:02:43.680]  或者是移居了來的香港人
[00:02:43.680 --> 00:02:45.600]  和故鄉的親人
[00:02:45.600 --> 00:02:49.440]  視覺上的一個感受
[00:02:49.440 --> 00:02:50.480]  當月圓的時候
[00:02:50.480 --> 00:02:51.880]  我們望著天上的月亮
[00:02:51.880 --> 00:02:55.680]  不知道大家有沒有什麼感覺的感受呢?
[00:02:55.680 --> 00:02:58.200]  或者會不會有一些落寞的感覺呢?
[00:02:58.200 --> 00:03:00.640]  特別仍然有很多香港人
[00:03:00.640 --> 00:03:02.120]  在家人
[00:03:02.120 --> 00:03:04.160]  香港的家人在香港
[00:03:04.160 --> 00:03:06.160]  團聚的機會基本上是
[00:03:06.160 --> 00:03:07.680]  好像遙不可及一樣
[00:03:07.680 --> 00:03:09.120]  你最多打開個Zoom
[00:03:09.120 --> 00:03:10.160]  或者是Google Meet
[00:03:10.160 --> 00:03:12.560]  或者其他的網絡的平台
[00:03:12.560 --> 00:03:15.120]  大家一齊online這樣見面
[00:03:15.120 --> 00:03:16.680]  有些你們來英國的時候
[00:03:16.680 --> 00:03:19.920]  這幾年裡面轉行
[00:03:19.920 --> 00:03:22.280]  做不回以前的工作
[00:03:22.280 --> 00:03:24.520]  生活的開支又大
[00:03:24.520 --> 00:03:25.480]  買了房子
[00:03:25.480 --> 00:03:27.120]  所剩的錢有限
[00:03:27.120 --> 00:03:29.000]  每個月要給的水電煤
[00:03:29.000 --> 00:03:31.040]  再加上Council Tax
[00:03:31.040 --> 00:03:32.600]  現在又要搞居留
[00:03:32.600 --> 00:03:33.960]  一個人我都不知道多少錢
[00:03:33.960 --> 00:03:35.480]  坦白講我沒有搞
[00:03:35.480 --> 00:03:36.880]  所以我不知道多少錢
[00:03:36.880 --> 00:03:38.920]  但是聽聞如果你一家四口的話
[00:03:38.920 --> 00:03:40.200]  搞一搞居留
[00:03:40.200 --> 00:03:42.600]  都分分鐘用不著十萬
[00:03:42.600 --> 00:03:44.160]  要了要十萬
[00:03:44.160 --> 00:03:46.760]  所以開支是非常之龐大的
[00:03:46.760 --> 00:03:49.440]  再加上小朋友就讀學校的問題
[00:03:49.440 --> 00:03:50.720]  又或者升讀大學的時候
[00:03:50.720 --> 00:03:52.720]  拿不拿到Local Fee等等
[00:03:52.720 --> 00:03:54.120]  甚至更嚴重的就是
[00:03:54.120 --> 00:03:56.960]  和家人之間的衝突
[00:03:56.960 --> 00:03:58.840]  在夜闌人靜的時候
[00:03:58.840 --> 00:04:01.600]  特別當你看上天空月圓的
[00:04:01.600 --> 00:04:03.800]  這個這樣的季節
[00:04:03.800 --> 00:04:05.160]  中秋節的時候
[00:04:05.160 --> 00:04:08.520]  可能彷彿更加多憂慮
[00:04:08.520 --> 00:04:09.960]  孤單的感覺
[00:04:09.960 --> 00:04:13.160]  失眠等等的折磨的情緒
[00:04:13.160 --> 00:04:16.000]  令到你沒辦法睡覺都未定
[00:04:16.000 --> 00:04:19.040]  我們很渴望有一個平安
[00:04:19.040 --> 00:04:22.080]  無論地理位置怎樣改變都好
[00:04:22.080 --> 00:04:25.080]  到底我們怎樣能夠得到一個
[00:04:25.080 --> 00:04:29.520]  一個來自外在的一個保護給我們呢
[00:04:29.520 --> 00:04:34.200]  是能夠跨越了這個黑夜裏面的那種孤單
[00:04:34.200 --> 00:04:36.600]  今天就在一個特別的中秋節的主日裏面
[00:04:36.600 --> 00:04:38.880]  我們一起看一段很震撼的聖經
[00:04:38.880 --> 00:04:40.040]  特別一節的經文
[00:04:40.040 --> 00:04:42.280]  就是四篇一百二十一篇的第六節
[00:04:42.280 --> 00:04:43.400]  這篇經文這樣說
[00:04:43.400 --> 00:04:44.280]  我們一起讀一讀好嗎
[00:04:44.280 --> 00:04:45.760]  我們讀兩次 請讀
[00:04:45.760 --> 00:04:48.080]  白日太陽必不傷你
[00:04:48.080 --> 00:04:50.120]  夜間月亮必不害你
[00:04:50.120 --> 00:04:51.080]  讀多一次
[00:04:51.080 --> 00:04:53.760]  白日太陽必不傷你
[00:04:53.760 --> 00:04:56.480]  夜間月亮必不害你
[00:04:56.480 --> 00:04:58.800]  這句絕對不是一個很抒情的
[00:04:58.800 --> 00:05:02.000]  一句一句的詩的一個題材的
[00:05:02.000 --> 00:05:03.720]  一個詩歌的表達
[00:05:03.720 --> 00:05:06.320]  而是一個來自宇宙至高的主宰
[00:05:06.320 --> 00:05:08.640]  傳天后的保證書
[00:05:08.640 --> 00:05:10.280]  更加是一份對我們
[00:05:10.280 --> 00:05:13.360]  這一群人流浪在異鄉的香港人
[00:05:13.360 --> 00:05:16.680]  所預備的一個非常重要的福音的應許
[00:05:16.680 --> 00:05:18.200]  四篇一百二十一篇
[00:05:18.200 --> 00:05:20.720]  被統稱為一個上行之詩
[00:05:20.720 --> 00:05:24.560]  是所有詩篇裏面的類型的詩篇
[00:05:24.560 --> 00:05:28.840]  就是收集得最齊全的一個組合
[00:05:28.840 --> 00:05:30.240]  因為他將十五首的詩篇
[00:05:30.240 --> 00:05:32.400]  完完全全放在一起
[00:05:32.400 --> 00:05:34.400]  所以統稱叫做上行之詩
[00:05:34.400 --> 00:05:37.640]  一齊十五首很工整的放在一起
[00:05:37.640 --> 00:05:40.040]  所謂上行之詩就是大概是在說
[00:05:40.040 --> 00:05:44.600]  可以理解為一群離開了原居地的人
[00:05:44.600 --> 00:05:48.360]  他們現在向回耶路撒冷朝聖了
[00:05:48.360 --> 00:05:50.800]  又或者他們曾經經歷過流亡
[00:05:50.800 --> 00:05:53.200]  流散異地的人
[00:05:53.200 --> 00:05:55.480]  他現在響應了領袖的呼籲
[00:05:55.480 --> 00:05:59.720]  回到耶路撒冷這個金飛玉飾給的地方
[00:05:59.720 --> 00:06:01.640]  重建這個地方
[00:06:01.640 --> 00:06:03.040]  去到首節的時候
[00:06:03.040 --> 00:06:06.480]  沿著十五級尺寸完全不一樣的樓梯級
[00:06:06.480 --> 00:06:12.080]  石級走上去聖殿來唱頌詩篇
[00:06:12.080 --> 00:06:15.040]  上行之詩這十五首詩歌
[00:06:15.040 --> 00:06:17.160]  當他們踏上猶太山地
[00:06:17.160 --> 00:06:18.440]  崎嶇不停的道路
[00:06:18.440 --> 00:06:21.800]  又或者這些石級上去聖殿的時候
[00:06:21.800 --> 00:06:23.280]  同時也在反映一樣東西
[00:06:23.280 --> 00:06:28.280]  就是他們在面對外在環境極其艱辛的挑戰
[00:06:28.280 --> 00:06:29.880]  那個感受
[00:06:29.880 --> 00:06:32.160]  詩篇一百二十一篇
[00:06:32.160 --> 00:06:35.480]  其實放在詩篇一百二十篇之後
[00:06:35.480 --> 00:06:38.240]  也就是詩篇一百二十二篇之前
[00:06:38.240 --> 00:06:42.480]  詩篇一百二十篇就講到一個遠離耶路撒冷的人
[00:06:42.480 --> 00:06:44.720]  在其他的地方寄居
[00:06:44.720 --> 00:06:46.920]  詩篇一百二十一篇就是今天的詩篇
[00:06:46.920 --> 00:06:50.600]  就講到這個朝聖者已經很近耶路撒冷
[00:06:50.600 --> 00:06:53.040]  詩篇一百二十二篇就是跟著那篇
[00:06:53.040 --> 00:06:56.880]  就很清楚講到他的腳已經踏入了耶路撒冷
[00:06:56.880 --> 00:06:59.880]  所以這三首詩篇放在一起的時候
[00:06:59.880 --> 00:07:01.240]  很明顯是故意的
[00:07:01.240 --> 00:07:03.640]  就給人有一個感覺是一個旅程
[00:07:03.640 --> 00:07:05.480]  人生的旅程
[00:07:05.480 --> 00:07:08.600]  去向著上帝的旅程
[00:07:08.600 --> 00:07:10.600]  向著耶路撒冷的旅程
[00:07:10.600 --> 00:07:14.240]  難怪之前很久以前
[00:07:14.240 --> 00:07:15.840]  那些人出遠門的時候
[00:07:15.840 --> 00:07:17.880]  都會讀這篇詩篇
[00:07:17.880 --> 00:07:19.160]  在拜占庭帝國
[00:07:19.160 --> 00:07:20.360]  大家知不知道拜占庭帝國
[00:07:20.360 --> 00:07:22.280]  其實是指東羅馬的帝國
[00:07:22.280 --> 00:07:26.520]  又或者叫做基督教的東正教統治之下的時期
[00:07:26.520 --> 00:07:30.680]  基督徒很喜歡將這段經文放在門框那裡
[00:07:30.680 --> 00:07:32.040]  而家庭方面
[00:07:32.040 --> 00:07:34.640]  有不少的小康之家或者大戶人士
[00:07:34.640 --> 00:07:39.120]  爸爸特別為到離家讀書或者工作的他們的兒子
[00:07:39.120 --> 00:07:42.480]  來祝福的時候讀這篇經文
[00:07:42.480 --> 00:07:45.400]  還有都是離開聖殿或者教會
[00:07:45.400 --> 00:07:49.800]  祭司、牧師都會為到他們的會眾來祝福
[00:07:49.800 --> 00:07:50.680]  就是讀這篇經文
[00:07:50.680 --> 00:07:52.400]  甚至追思會
[00:07:52.400 --> 00:07:54.480]  新年的崇拜、浸禮
[00:07:54.480 --> 00:07:58.760]  有很多時間都會讀這一首詩篇
[00:07:58.760 --> 00:08:02.080]  這一篇詩篇是一開場的時候
[00:08:02.080 --> 00:08:03.880]  在第一節是這樣說的
[00:08:03.880 --> 00:08:05.480]  他說「我向山舉目」
[00:08:05.480 --> 00:08:06.960]  我們一起讀一讀
[00:08:06.960 --> 00:08:10.560]  「我向山舉目 我的幫助從何而來
[00:08:10.560 --> 00:08:15.000]  我的幫助從造天地的耶和華而來」
[00:08:15.000 --> 00:08:17.680]  當朝聖的人追入耶路撒冷
[00:08:17.680 --> 00:08:21.760]  沿著上山的路向著朝聖的時候
[00:08:21.760 --> 00:08:23.200]  去仰觀群山
[00:08:23.200 --> 00:08:25.320]  如果你去過聖地你就知道
[00:08:25.320 --> 00:08:26.240]  其實耶路撒冷
[00:08:26.240 --> 00:08:28.120]  你望耶路撒冷的聖殿的時候
[00:08:28.120 --> 00:08:31.120]  你都會見到周邊都有一些山脈在裏面
[00:08:31.120 --> 00:08:33.920]  他從一個感覺來出發
[00:08:33.920 --> 00:08:36.160]  因為見到群山圍繞著他
[00:08:36.160 --> 00:08:37.880]  你記住這個是群山
[00:08:37.880 --> 00:08:39.040]  而不是一座山
[00:08:39.040 --> 00:08:40.320]  是群山
[00:08:40.320 --> 00:08:42.400]  這個群山有感而發
[00:08:42.400 --> 00:08:44.480]  因為你要知道群山就代表著
[00:08:44.480 --> 00:08:47.120]  很多深山野嶺的時候
[00:08:47.120 --> 00:08:48.920]  那些盜賊可能會出沒
[00:08:48.920 --> 00:08:51.640]  引發出來的一種危險的狀況
[00:08:51.640 --> 00:08:54.040]  這個就暗示著有種挑戰
[00:08:54.040 --> 00:08:55.600]  有些邪惡的勢力
[00:08:55.600 --> 00:08:57.160]  或者敵對的力量
[00:08:57.160 --> 00:08:58.640]  當他再聯想下去的時候
[00:08:58.640 --> 00:09:00.600]  就是當他回歸之後
[00:09:00.600 --> 00:09:02.520]  這一班來到耶路撒冷
[00:09:02.520 --> 00:09:05.400]  無論是留山的人士回歸也好
[00:09:05.400 --> 00:09:07.320]  或者他只是朝聖也好
[00:09:07.320 --> 00:09:09.480]  他們就會有一種感受
[00:09:09.480 --> 00:09:11.080]  就是有一種邪惡的勢力
[00:09:11.080 --> 00:09:13.160]  當時或者是挑釁的勢力
[00:09:13.160 --> 00:09:15.440]  仍然都對猶太的
[00:09:15.440 --> 00:09:17.720]  或者猶太地的以色列人
[00:09:17.720 --> 00:09:21.520]  是非常之有敵視或者是恨意在裏面
[00:09:21.520 --> 00:09:24.520]  所以他就發出一條心底裏面的問題
[00:09:24.520 --> 00:09:27.360]  到底我的幫助是從哪裏來的呢?
[00:09:27.360 --> 00:09:28.560]  我們不要忘記
[00:09:28.560 --> 00:09:30.360]  他們為甚麼會亡國?
[00:09:30.360 --> 00:09:31.960]  是因為他們的君王
[00:09:31.960 --> 00:09:33.160]  他們的領袖
[00:09:33.160 --> 00:09:34.040]  他們拜偶像
[00:09:34.040 --> 00:09:37.360]  所以當時國家就被滅亡
[00:09:37.360 --> 00:09:40.760]  所以這班朝聖者就有感而發
[00:09:40.760 --> 00:09:41.520]  其他的人
[00:09:41.520 --> 00:09:42.240]  其他民族
[00:09:42.240 --> 00:09:43.720]  其他國家的人
[00:09:43.720 --> 00:09:46.760]  他們仰望不同的偶像
[00:09:46.760 --> 00:09:48.840]  但是我們屬神的人
[00:09:48.840 --> 00:09:52.120]  我們仰望甚麼呢?
[00:09:52.120 --> 00:09:55.160]  以色列人在過去的悲慘的教訓裏面
[00:09:55.160 --> 00:09:58.480]  現在他們從心底裏面發出一條很深切的問題
[00:09:58.480 --> 00:10:00.720]  到底我們的幫助是從哪裏來的呢?
[00:10:00.720 --> 00:10:01.600]  去到第六節
[00:10:01.600 --> 00:10:02.760]  就是今天的經文
[00:10:02.760 --> 00:10:04.600]  斯人就將這種神聖的保護
[00:10:04.600 --> 00:10:08.880]  落實在我們日常生活的最真實的狀況裏面
[00:10:08.880 --> 00:10:11.920]  他說白日夜間
[00:10:11.920 --> 00:10:14.680]  太陽月亮出現的時間
[00:10:14.680 --> 00:10:17.520]  在這麼不穩定的狀況之下
[00:10:17.520 --> 00:10:20.600]  上帝仍然都與我們在一起
[00:10:20.600 --> 00:10:23.040]  我都不會受傷害
[00:10:23.040 --> 00:10:23.920]  透過這一段聖經
[00:10:23.920 --> 00:10:25.720]  我想大家看到三樣很重要的東西
[00:10:25.720 --> 00:10:27.200]  第一
[00:10:27.200 --> 00:10:29.000]  看不見的
[00:10:29.000 --> 00:10:29.560]  對不起
[00:10:29.560 --> 00:10:33.320]  因為看得見的是傷害不了我們
[00:10:33.320 --> 00:10:35.680]  看得見的是傷害不了我們
[00:10:35.680 --> 00:10:37.760]  首先我們看看第六節的上半句
[00:10:37.760 --> 00:10:41.320]  他說白日太陽必不相離
[00:10:41.320 --> 00:10:43.240]  中文聖經在第十二章的第六
[00:10:43.240 --> 00:10:46.040]  第十一百二十一篇的第六節那裏
[00:10:46.040 --> 00:10:48.920]  就這樣翻譯出來是非常之平衡的
[00:10:48.920 --> 00:10:50.360]  是吧?你看一看
[00:10:50.360 --> 00:10:52.720]  白日太陽必不相離
[00:10:52.720 --> 00:10:55.080]  月亮都不會害你
[00:10:55.080 --> 00:10:56.040]  是不是很平衡?
[00:10:56.040 --> 00:10:57.680]  很相似很平衡的
[00:10:57.680 --> 00:10:59.840]  但其實不是的
[00:10:59.840 --> 00:11:02.720]  因為其實希伯來文裏面的次序應該是這樣的
[00:11:02.720 --> 00:11:05.120]  白日跟著出現的字就是太陽
[00:11:05.120 --> 00:11:06.720]  然後就是不相離
[00:11:06.720 --> 00:11:07.960]  然後就是月亮
[00:11:07.960 --> 00:11:10.440]  最後的字就是夜間
[00:11:10.440 --> 00:11:13.720]  所以你看到白日是和夜間對比的
[00:11:13.720 --> 00:11:16.000]  而太陽就是對比月亮
[00:11:16.000 --> 00:11:19.720]  不相離就是這句說話的正中間這個字
[00:11:19.720 --> 00:11:20.760]  所以換句話說
[00:11:20.760 --> 00:11:26.160]  不相離才是這段經文最突出的一個最重要的心思的字眼
[00:11:26.160 --> 00:11:29.680]  我們要知道太陽是從東方升起
[00:11:29.680 --> 00:11:33.280]  所以用太陽這個字其實可以從方向的角度理解
[00:11:33.280 --> 00:11:34.280]  如果是這樣的話
[00:11:34.280 --> 00:11:36.520]  加上下半部分的月亮
[00:11:36.520 --> 00:11:40.440]  那就變了可以理解為四面八方的攻擊
[00:11:40.440 --> 00:11:45.120]  另外太陽在舊約裏面都有一個曾經出現過的異象
[00:11:45.120 --> 00:11:47.960]  有些人來敬拜太陽的
[00:11:47.960 --> 00:11:50.520]  也有些地方是敬拜月亮的
[00:11:50.520 --> 00:11:53.960]  所以從敬拜偶像的角度去看的話
[00:11:53.960 --> 00:11:57.920]  太陽和月亮都可以來自敬拜偶像的人
[00:11:57.920 --> 00:12:01.840]  他們對於屬神的人有攻擊性
[00:12:01.840 --> 00:12:03.400]  又或者他們不滿
[00:12:03.400 --> 00:12:05.360]  又或者挑釁他們
[00:12:05.360 --> 00:12:07.600]  當然私人也有可能
[00:12:07.600 --> 00:12:08.960]  極有可能我相信
[00:12:08.960 --> 00:12:11.600]  只是簡簡單單利用了兩個光源
[00:12:11.600 --> 00:12:13.440]  或者兩個光體
[00:12:13.440 --> 00:12:16.920]  創世紀一開始的時候就提到上帝做了兩個光體
[00:12:16.920 --> 00:12:19.720]  就是太陽就是月亮這兩個光體
[00:12:19.720 --> 00:12:23.800]  利用這兩個光作為日間和夜間的對比
[00:12:23.800 --> 00:12:27.720]  就好像耶和華創造天和地一樣
[00:12:27.720 --> 00:12:30.240]  天地兩極的一個文學的寫作
[00:12:30.240 --> 00:12:33.840]  來表達出全世界都是上帝創造
[00:12:33.840 --> 00:12:37.280]  同樣白日太陽的意思就是
[00:12:37.280 --> 00:12:41.280]  什麼時間都包括在內
[00:12:41.280 --> 00:12:42.840]  我不知道大家有沒有經歷過
[00:12:42.840 --> 00:12:46.720]  什麼時間都可以有人來攻擊你
[00:12:46.720 --> 00:12:49.800]  又或者對你作出一些挑戰
[00:12:49.800 --> 00:12:51.920]  其實太陽我們當然明白
[00:12:51.920 --> 00:12:55.240]  大家有沒有試過很熱的時候種樹
[00:12:55.240 --> 00:12:57.280]  或者你會覺得很辛苦
[00:12:57.280 --> 00:13:00.880]  因為太陽如果猛烈刺下去的時候
[00:13:00.880 --> 00:13:03.720]  你真的是非常非常之辛苦
[00:13:03.720 --> 00:13:05.520]  我們前一輪都經歷過
[00:13:05.520 --> 00:13:07.040]  非常之熱的時間
[00:13:07.040 --> 00:13:09.120]  所以如果你用太陽
[00:13:09.120 --> 00:13:11.800]  我們都感覺到有一種傷害性在裡面
[00:13:11.800 --> 00:13:14.160]  這個大概就是拿一個象徵性
[00:13:14.160 --> 00:13:20.160]  我們可以經歷到感受到的陽光的熾烈
[00:13:20.160 --> 00:13:22.640]  那種感受去告訴我們
[00:13:22.640 --> 00:13:24.600]  我們生存在這個世界裡面
[00:13:24.600 --> 00:13:27.600]  有人明槍明刀
[00:13:27.600 --> 00:13:30.480]  這樣擺明跟你過不去
[00:13:30.480 --> 00:13:31.760]  有沒有經歷過
[00:13:31.760 --> 00:13:33.360]  你公司呢
[00:13:33.360 --> 00:13:35.080]  你工作那裡
[00:13:35.080 --> 00:13:38.880]  甚至你的朋友圈子都可能有這樣的狀況出現
[00:13:38.880 --> 00:13:40.680]  甚至外邊的世界裡面
[00:13:40.680 --> 00:13:42.080]  有人明刀明槍
[00:13:42.080 --> 00:13:45.360]  和教會和基督教作對都未定
[00:13:45.360 --> 00:13:47.400]  那這些擺明車馬對付你的
[00:13:47.400 --> 00:13:48.200]  沒錯了
[00:13:48.200 --> 00:13:51.160]  就是這個詩人所說的太陽
[00:13:51.160 --> 00:13:52.880]  那種象徵
[00:13:52.880 --> 00:13:55.480]  當詩人說太陽必不傷你
[00:13:55.480 --> 00:13:57.720]  傷你這個字的意思就是說
[00:13:57.720 --> 00:13:59.440]  太陽都不會打擊到你
[00:13:59.440 --> 00:14:02.520]  或者打倒你
[00:14:02.520 --> 00:14:04.880]  太陽沒有消失
[00:14:04.880 --> 00:14:07.080]  上帝沒有說
[00:14:07.080 --> 00:14:09.000]  既然這樣我將太陽拿走
[00:14:09.000 --> 00:14:10.640]  我將所有的攻擊拿走
[00:14:10.640 --> 00:14:11.680]  沒有
[00:14:11.680 --> 00:14:14.160]  反而只不過是說它沒有擊倒你
[00:14:14.160 --> 00:14:15.880]  它沒有擊垮你
[00:14:15.880 --> 00:14:17.960]  生活在英國的我們
[00:14:17.960 --> 00:14:18.920]  不知道生活了多少年
[00:14:18.920 --> 00:14:20.520]  兩年或者好像我這麼久
[00:14:20.520 --> 00:14:22.520]  我現在都說是九七年過來
[00:14:22.520 --> 00:14:24.360]  現在幾多年了
[00:14:24.360 --> 00:14:27.120]  都差不多三十年這麼長的時間
[00:14:27.120 --> 00:14:28.120]  來了這裡之後
[00:14:28.120 --> 00:14:30.800]  我們有沒有經歷過白日的太陽呢
[00:14:30.800 --> 00:14:32.200]  白日的太陽意思就是說
[00:14:32.200 --> 00:14:34.000]  那個突然之間
[00:14:34.000 --> 00:14:35.840]  你無可避免的
[00:14:35.840 --> 00:14:38.720]  幾乎是要將我們的新的生活曬乾
[00:14:38.720 --> 00:14:41.840]  壓垮我們那種現實的狀況
[00:14:41.840 --> 00:14:43.560]  你是經歷到你是體會到的
[00:14:43.560 --> 00:14:44.920]  例如什麼呢
[00:14:44.920 --> 00:14:48.800]  例如職場上的那種降貴
[00:14:48.800 --> 00:14:50.840]  在香港明明是高層的主管
[00:14:50.840 --> 00:14:53.080]  專業的人士教師或者醫生
[00:14:53.080 --> 00:14:54.520]  來到英國因為語言
[00:14:54.520 --> 00:14:55.640]  因為牌照
[00:14:55.640 --> 00:14:57.320]  因為文化的差異
[00:14:57.320 --> 00:15:00.360]  我們只能夠找到低十倍工資的基層工作
[00:15:00.360 --> 00:15:06.240]  甚至可能是那種工作的方式
[00:15:06.240 --> 00:15:09.440]  完全不同的那種環境
[00:15:09.440 --> 00:15:11.920]  甚至現在找工作都處處碰壁
[00:15:11.920 --> 00:15:13.280]  發了很多個履歷書出去
[00:15:13.280 --> 00:15:14.800]  沒有一個打回頭
[00:15:14.800 --> 00:15:16.640]  這種降級的打擊
[00:15:16.640 --> 00:15:17.680]  是擺明的
[00:15:17.680 --> 00:15:20.440]  因為真的我們見到這樣的狀況在這裡
[00:15:20.440 --> 00:15:23.720]  甚至乎加上生活上和經濟上的壓力
[00:15:23.720 --> 00:15:26.240]  你知道現在你可以統計一下
[00:15:26.240 --> 00:15:27.760]  你來了英國這麼久了
[00:15:27.760 --> 00:15:30.360]  幾年也好或者五年也好
[00:15:30.360 --> 00:15:31.640]  大家有沒有發現到
[00:15:31.640 --> 00:15:35.160]  你的生活的開支成本高了很多
[00:15:35.160 --> 00:15:37.440]  人工其實不是高了很多
[00:15:37.440 --> 00:15:39.520]  我不知道我有沒有調查過
[00:15:39.520 --> 00:15:42.560]  五年之前英國的平均工資
[00:15:42.560 --> 00:15:45.680]  我當是每次加80P這樣計算
[00:15:45.680 --> 00:15:48.800]  現在好像是12了
[00:15:48.800 --> 00:15:52.040]  13了
[00:15:52.040 --> 00:15:53.320]  12,7,1
[00:15:53.320 --> 00:15:55.320]  我記得上年是11點多
[00:15:55.320 --> 00:15:56.720]  再前一年是10點多
[00:15:56.720 --> 00:15:57.440]  當是9點多
[00:15:57.440 --> 00:15:59.560]  就是說五年前大概
[00:15:59.560 --> 00:16:01.600]  我估計最低工資是八百元左右
[00:16:01.600 --> 00:16:03.720]  八磅左右我估計
[00:16:03.720 --> 00:16:06.400]  現在你也有去到12點多
[00:16:06.400 --> 00:16:09.520]  但是你試一下查一下你的工資稅加多少錢
[00:16:09.520 --> 00:16:11.840]  你試一下查一下你的能源稅加多少錢
[00:16:11.840 --> 00:16:13.560]  水電煤呢
[00:16:13.560 --> 00:16:16.040]  坦白說全部都加了很多
[00:16:16.040 --> 00:16:18.560]  這些的經濟壓力是非常龐大
[00:16:18.560 --> 00:16:19.960]  你不要以為買一層樓
[00:16:19.960 --> 00:16:21.800]  你就可以代代平安
[00:16:21.800 --> 00:16:24.320]  就想著在這裡硬著頭皮生活
[00:16:24.320 --> 00:16:27.360]  你要知道那個的經濟壓力是非常龐大的
[00:16:27.360 --> 00:16:28.720]  你每個月的開支
[00:16:28.720 --> 00:16:31.120]  我估計你都要五百以上
[00:16:31.120 --> 00:16:32.040]  就是什麼都不用
[00:16:32.040 --> 00:16:33.000]  什麼都不吃
[00:16:33.000 --> 00:16:35.000]  你都要給五百萬
[00:16:35.000 --> 00:16:37.680]  所以再加上如果你純粹是租的話
[00:16:37.680 --> 00:16:39.160]  你是非常之大的壓力
[00:16:39.160 --> 00:16:41.440]  再加上如果你買了樓
[00:16:41.440 --> 00:16:42.560]  有 Mortgage 的話
[00:16:42.560 --> 00:16:44.040]  現在息口越來越高了
[00:16:44.040 --> 00:16:45.640]  那會不會相對地
[00:16:45.640 --> 00:16:48.160]  你的經濟壓力更大呢
[00:16:48.160 --> 00:16:51.480]  再加上可能突如其來的改變
[00:16:51.480 --> 00:16:54.800]  例如可能來到英國之前
[00:16:54.800 --> 00:16:56.520]  本來是一家四口
[00:16:56.520 --> 00:16:59.760]  但是因為現在來到英國之後
[00:16:59.760 --> 00:17:03.520]  COVID-19 家裡少了一個
[00:17:03.520 --> 00:17:05.240]  不知道你有沒有認識這樣的朋友呢
[00:17:05.240 --> 00:17:06.200]  我真的認識一個朋友
[00:17:06.200 --> 00:17:07.040]  一個家庭
[00:17:07.040 --> 00:17:08.440]  本來一家四口
[00:17:08.440 --> 00:17:10.200]  家裡因為 COVID-19 的緣故
[00:17:10.200 --> 00:17:11.840]  所有男士都死了
[00:17:11.840 --> 00:17:14.000]  剩下的只是兩位女士
[00:17:14.000 --> 00:17:15.880]  又或者是來到這裡之後
[00:17:15.880 --> 00:17:17.720]  引發出來的交通意外
[00:17:17.720 --> 00:17:19.280]  或者是病
[00:17:19.280 --> 00:17:20.640]  本來來到這裡
[00:17:20.640 --> 00:17:23.000]  是沒有什麼特別問題的
[00:17:23.000 --> 00:17:24.400]  突然間來到之後
[00:17:24.400 --> 00:17:25.680]  隔了一年
[00:17:25.680 --> 00:17:26.560]  醫生一看
[00:17:26.560 --> 00:17:29.440]  原來是末期的癌症
[00:17:29.440 --> 00:17:32.720]  我都認識了一些香港人是這樣的
[00:17:32.720 --> 00:17:34.120]  來到英國
[00:17:34.120 --> 00:17:36.680]  好像每樣都改變了
[00:17:36.680 --> 00:17:38.480]  和之前的處境很不同
[00:17:38.480 --> 00:17:39.920]  這種就好像
[00:17:39.920 --> 00:17:40.760]  明刀明槍
[00:17:40.760 --> 00:17:42.360]  你是見到這樣的狀況
[00:17:42.360 --> 00:17:45.320]  我們面對這樣的實況出來
[00:17:45.320 --> 00:17:47.080]  很多人真的撐不住下去
[00:17:47.080 --> 00:17:52.400]  在這樣的熱力的煎熬之下
[00:17:52.400 --> 00:17:54.920]  是絕對不容易撐得下去的
[00:17:54.920 --> 00:17:56.440]  我聽過一個朋友
[00:17:56.440 --> 00:17:58.800]  他是 BNO 簽證來英國的
[00:17:58.800 --> 00:18:01.840]  他是一個香港大公司的 IT 的總監
[00:18:01.840 --> 00:18:06.320]  管的是大概十幾二十人的團隊
[00:18:06.320 --> 00:18:07.560]  來到英國之後
[00:18:07.560 --> 00:18:09.360]  他就沒有
[00:18:09.360 --> 00:18:10.280]  因為你知道
[00:18:10.280 --> 00:18:13.320]  不是那麼容易找到一些相關的工作
[00:18:13.320 --> 00:18:15.840]  很多的履歷書扔了出去都石沉大海
[00:18:15.840 --> 00:18:18.760]  他最後當然是做倉庫
[00:18:18.760 --> 00:18:21.320]  而且這個倉庫是一個體力勞動的工作
[00:18:21.320 --> 00:18:22.360]  要搬運的
[00:18:22.360 --> 00:18:23.080]  第一個星期
[00:18:23.080 --> 00:18:26.320]  他每一天都帶著手套來搬百多箱的東西
[00:18:26.320 --> 00:18:28.480]  回到家之後
[00:18:28.480 --> 00:18:30.200]  他開始渾身酸痛
[00:18:30.200 --> 00:18:31.960]  雙手也發抖
[00:18:31.960 --> 00:18:33.400]  更難受的地方就是
[00:18:33.400 --> 00:18:35.520]  他以香港的前同事
[00:18:35.520 --> 00:18:37.000]  經常都問他一個訊息
[00:18:37.000 --> 00:18:38.920]  在英國過得怎麼樣
[00:18:38.920 --> 00:18:40.280]  是不是覺得很好
[00:18:40.280 --> 00:18:41.240]  你做些什麼
[00:18:41.240 --> 00:18:42.440]  OK嗎
[00:18:42.440 --> 00:18:44.560]  他有時候真的不知道怎麼回答
[00:18:44.560 --> 00:18:46.880]  不知道怎麼說好
[00:18:46.880 --> 00:18:48.360]  但後期他在組裏面
[00:18:48.360 --> 00:18:50.600]  他開始慢慢沉澱下來
[00:18:50.600 --> 00:18:52.400]  他發現在英國
[00:18:52.400 --> 00:18:53.600]  其實有很多好東西
[00:18:53.600 --> 00:18:55.720]  我不知道大家找不找到英國的好東西
[00:18:55.720 --> 00:18:57.280]  除了 Fish and Chips 之外
[00:18:57.280 --> 00:18:59.280]  你都會發現其實有很多好東西
[00:18:59.280 --> 00:19:01.280]  例如言論自由
[00:19:01.280 --> 00:19:03.120]  你喜歡說什麼都可以
[00:19:03.120 --> 00:19:07.920]  基本上你都沒有太多的規範在裏面
[00:19:07.920 --> 00:19:09.840]  你不需要做事的時候
[00:19:09.840 --> 00:19:10.760]  譬如做倉庫
[00:19:10.760 --> 00:19:12.080]  大部分我估計
[00:19:12.080 --> 00:19:14.080]  都不需要太大的腦袋上班
[00:19:14.080 --> 00:19:16.600]  你只是用手做事而已
[00:19:16.600 --> 00:19:18.040]  更加你會發現
[00:19:18.040 --> 00:19:20.640]  大多數的職場工作都比較輕鬆的
[00:19:20.640 --> 00:19:21.920]  有空喝杯咖啡
[00:19:21.920 --> 00:19:23.520]  有空喝杯奶茶
[00:19:23.520 --> 00:19:24.520]  順便出去
[00:19:24.520 --> 00:19:27.040]  有些人吃兩口煙都可以的
[00:19:27.040 --> 00:19:28.160]  我不知道香港可不可以
[00:19:28.160 --> 00:19:30.160]  但英國經常都是這樣
[00:19:30.160 --> 00:19:32.120]  做事是比較輕鬆的
[00:19:32.120 --> 00:19:33.560]  很少說要開加班
[00:19:33.560 --> 00:19:34.480]  不敢說倫敦
[00:19:34.480 --> 00:19:36.520]  有很多地方都比較少開加班
[00:19:36.520 --> 00:19:38.600]  還有你買很多東西的時候
[00:19:38.600 --> 00:19:42.240]  基本上很多日用品都比香港便宜
[00:19:42.240 --> 00:19:44.160]  特別是牛扒
[00:19:44.160 --> 00:19:45.640]  牛扒是非常之便宜
[00:19:45.640 --> 00:19:48.200]  比香港便宜很多
[00:19:48.200 --> 00:19:51.760]  甚至乎你住的地方都大很多
[00:19:51.760 --> 00:19:52.680]  以前香港的時候
[00:19:52.680 --> 00:19:53.880]  竇潤那麼小的地方
[00:19:53.880 --> 00:19:54.800]  現在告訴你
[00:19:54.800 --> 00:19:57.120]  英國我住的地方幾百呎
[00:19:57.120 --> 00:19:58.680]  上千多呎都有
[00:19:58.680 --> 00:20:00.560]  香港你都不可以這樣
[00:20:00.560 --> 00:20:02.360]  甚至你去歐洲旅行
[00:20:02.360 --> 00:20:03.640]  都便宜很多
[00:20:03.640 --> 00:20:04.600]  香港去的時候
[00:20:04.600 --> 00:20:05.960]  很貴的機票
[00:20:05.960 --> 00:20:07.000]  但現在不是
[00:20:07.000 --> 00:20:07.960]  幾十鎊都有
[00:20:07.960 --> 00:20:08.720]  你信不信
[00:20:08.720 --> 00:20:10.200]  你試試今天也讀一下
[00:20:10.200 --> 00:20:11.640]  去愛爾蘭
[00:20:11.640 --> 00:20:13.200]  List去愛爾蘭
[00:20:13.200 --> 00:20:15.240]  三十鎊
[00:20:15.240 --> 00:20:17.000]  你試試香港飛愛爾蘭
[00:20:17.000 --> 00:20:18.200]  三百都不行
[00:20:18.200 --> 00:20:20.480]  三千都不行
[00:20:20.480 --> 00:20:23.120]  你看到其實都有很多好的東西
[00:20:23.120 --> 00:20:24.840]  他開始發現
[00:20:24.840 --> 00:20:26.640]  上帝讓他生活在英國
[00:20:26.640 --> 00:20:28.160]  有很多好的東西
[00:20:28.160 --> 00:20:30.200]  上帝沒有讓他馬上改變
[00:20:30.200 --> 00:20:31.480]  做回以前的工作
[00:20:31.480 --> 00:20:35.280]  但上帝讓他開始想的方向改變了
[00:20:35.280 --> 00:20:36.800]  而且也覺得自己
[00:20:36.800 --> 00:20:38.040]  在這樣做事的時候
[00:20:38.040 --> 00:20:39.240]  平靜地做事
[00:20:39.240 --> 00:20:41.200]  或者有尊嚴地做事的時候
[00:20:41.200 --> 00:20:43.840]  其實一樣可以得到同事的尊重
[00:20:43.840 --> 00:20:45.880]  結果他也透過這樣的機會
[00:20:45.880 --> 00:20:48.040]  在倉庫裏面跟朋友分享一下
[00:20:48.040 --> 00:20:49.520]  他星期日上教會
[00:20:49.520 --> 00:20:51.960]  甚至乎跟他們傳福音
[00:20:51.960 --> 00:20:53.480]  半年之後
[00:20:53.480 --> 00:20:54.960]  因為他比較勤力
[00:20:54.960 --> 00:20:56.760]  還有工作態度比較好
[00:20:56.760 --> 00:20:59.080]  倉庫裏面的經理就開始慢慢提拔他
[00:20:59.080 --> 00:21:00.680]  成為一些管理的階層
[00:21:00.680 --> 00:21:03.760]  他慢慢就做回一些專門管理的事
[00:21:03.760 --> 00:21:05.680]  所以其實
[00:21:05.680 --> 00:21:07.640]  原來在上帝裏面
[00:21:07.640 --> 00:21:09.400]  當我們的眼界
[00:21:09.400 --> 00:21:10.960]  專在上帝當中的時候
[00:21:10.960 --> 00:21:12.840]  我們就不會被那些問題
[00:21:12.840 --> 00:21:14.360]  來限制了我們
[00:21:14.360 --> 00:21:15.840]  是的 我們知道
[00:21:15.840 --> 00:21:18.720]  這個世界有太陽的那種象徵
[00:21:18.720 --> 00:21:21.120]  明刀明槍擺明居在現實上面
[00:21:21.120 --> 00:21:22.280]  那種的煎熬
[00:21:22.280 --> 00:21:24.480]  但是在上帝跟我們在一起的時候
[00:21:24.480 --> 00:21:25.640]  他是傷不了我們
[00:21:25.640 --> 00:21:27.880]  這些是傷不了我們
[00:21:27.880 --> 00:21:29.080]  很多人在香港
[00:21:29.080 --> 00:21:30.560]  或者我們來的時候
[00:21:30.560 --> 00:21:32.160]  我們習慣了一樣東西
[00:21:32.160 --> 00:21:34.600]  就是靠自己的能力
[00:21:34.600 --> 00:21:36.400]  要存款要多
[00:21:36.400 --> 00:21:37.720]  人脈要廣
[00:21:37.720 --> 00:21:39.560]  社會地位要好
[00:21:39.560 --> 00:21:41.920]  這樣才可以安全多一些
[00:21:41.920 --> 00:21:43.000]  但是換了另一個地區
[00:21:43.000 --> 00:21:44.400]  好像來了英國的時候
[00:21:44.400 --> 00:21:46.680]  我們的光環馬上消失了
[00:21:46.680 --> 00:21:47.640]  不過我突然之間會有朋友
[00:21:47.640 --> 00:21:48.680]  我想告訴你
[00:21:48.680 --> 00:21:50.040]  福音告訴我們
[00:21:50.040 --> 00:21:52.040]  世上沒有任何地上的成就
[00:21:52.040 --> 00:21:53.280]  或者城市
[00:21:53.280 --> 00:21:55.320]  可以給你絕對的保障
[00:21:55.320 --> 00:21:56.240]  沒有任何一個人
[00:21:56.240 --> 00:21:58.000]  或者任何一個政黨
[00:21:58.000 --> 00:21:58.840]  給到這樣的你
[00:21:58.840 --> 00:22:01.880]  唯有那個創造天地的上帝
[00:22:01.880 --> 00:22:03.600]  才是最堅固
[00:22:03.600 --> 00:22:07.280]  作為異鄉流散者的避陰所
[00:22:07.280 --> 00:22:08.400]  還有第二樣東西
[00:22:08.400 --> 00:22:10.160]  看到的東西傷害不了我們
[00:22:10.160 --> 00:22:11.000]  第二樣是
[00:22:11.000 --> 00:22:13.680]  看不到的一樣傷害不了你
[00:22:13.680 --> 00:22:17.080]  經文說夜間月亮必不害你
[00:22:17.080 --> 00:22:19.280]  這句話其實有點難明白
[00:22:19.280 --> 00:22:21.760]  太陽你說曬到皮膚黑了
[00:22:21.760 --> 00:22:23.400]  又或者曬燶了
[00:22:23.400 --> 00:22:25.240]  什麼紫外線什麼線都好
[00:22:25.240 --> 00:22:27.480]  那些你明白的
[00:22:27.480 --> 00:22:31.000]  月亮曬月光會有什麼病
[00:22:31.000 --> 00:22:32.640]  我沒有科學根據的
[00:22:32.640 --> 00:22:34.200]  這個完全沒有科學根據
[00:22:34.200 --> 00:22:35.760]  你連曬十晚月光
[00:22:35.760 --> 00:22:37.640]  你試一下做一個身體檢查
[00:22:37.640 --> 00:22:39.440]  應該都不會有太大問題的
[00:22:39.440 --> 00:22:40.360]  我猜測一下
[00:22:40.360 --> 00:22:41.840]  不過原來學者就說
[00:22:41.840 --> 00:22:43.360]  這句話可能反映一個
[00:22:43.360 --> 00:22:46.240]  廣泛流傳的古代信念
[00:22:46.240 --> 00:22:50.120]  原來滿月是會令人神智失常
[00:22:50.120 --> 00:22:52.560]  英文裡面的字叫Lunatic
[00:22:52.560 --> 00:22:54.160]  就是神經病的意思
[00:22:54.160 --> 00:22:59.600]  這個字其實就是來自拉丁文的月亮
[00:22:59.600 --> 00:23:00.440]  換句話說
[00:23:00.440 --> 00:23:04.200]  民間仍然有很多人都會流傳的一些事
[00:23:04.200 --> 00:23:08.240]  就是滿月之後情緒是比較容易失控的
[00:23:08.240 --> 00:23:11.400]  不知道是不是人狼煞是這樣興起的
[00:23:11.400 --> 00:23:13.880]  月圓之夜人狼就出現了
[00:23:13.880 --> 00:23:17.680]  當然了 雖然是缺乏嚴重的科學根據
[00:23:17.680 --> 00:23:19.680]  但是這個就是反映人類
[00:23:19.680 --> 00:23:23.360]  對於月亮確實有一種莫名的恐懼
[00:23:23.360 --> 00:23:25.120]  那種的震驚感
[00:23:25.120 --> 00:23:27.120]  除了月亮令人瘋狂
[00:23:27.120 --> 00:23:29.800]  或者是神智失常之外這個說法
[00:23:29.800 --> 00:23:32.120]  也有中世紀的猶太的解經學家
[00:23:32.120 --> 00:23:33.800]  就提出另一個可能性
[00:23:33.800 --> 00:23:37.360]  他認為覺得這句話是在說山區夜間
[00:23:37.360 --> 00:23:38.720]  那種的嚴寒
[00:23:38.720 --> 00:23:41.560]  而不是在說月亮本身的威力
[00:23:41.560 --> 00:23:42.800]  正如我說
[00:23:42.800 --> 00:23:44.920]  太陽和月亮
[00:23:44.920 --> 00:23:47.120]  其實可能只是一個文學的寫法
[00:23:47.120 --> 00:23:50.480]  它只是代表著任何時間
[00:23:50.480 --> 00:23:51.720]  任何時間
[00:23:51.720 --> 00:23:54.520]  包括了明刀明槍動你的
[00:23:54.520 --> 00:23:55.560]  又或者
[00:23:55.560 --> 00:23:57.200]  暗箭
[00:23:57.200 --> 00:23:58.560]  趕你的
[00:23:58.560 --> 00:24:00.800]  背後趕著你
[00:24:00.800 --> 00:24:03.120]  它是在說任何時間
[00:24:03.120 --> 00:24:07.640]  都有這樣的危險會淋到我們身上
[00:24:07.640 --> 00:24:09.360]  我不知道大家有沒有感受到
[00:24:09.360 --> 00:24:12.840]  英國其實是很痛苦的 如果你是冬天來的話
[00:24:12.840 --> 00:24:13.640]  特別是在香港
[00:24:13.640 --> 00:24:16.880]  如果你試一下想像你當年來英國的時間
[00:24:16.880 --> 00:24:18.360]  我不知道你是什麼月份來
[00:24:18.360 --> 00:24:19.640]  有些朋友告訴我們
[00:24:19.640 --> 00:24:21.120]  他冬天來的時候
[00:24:21.120 --> 00:24:22.760]  是非常之痛苦
[00:24:22.760 --> 00:24:24.520]  因為譬如十月、十一月之後
[00:24:24.520 --> 00:24:25.520]  那個日光
[00:24:25.520 --> 00:24:27.520]  那個時間是短了很多的
[00:24:27.520 --> 00:24:29.000]  一來到就很不適應了
[00:24:29.000 --> 00:24:32.040]  啊!四點鐘天都黑了
[00:24:32.040 --> 00:24:33.440]  香港不會的嘛
[00:24:33.440 --> 00:24:35.360]  四點鐘的天營都很光的嘛
[00:24:35.360 --> 00:24:37.760]  所以來的時間你選錯了月份
[00:24:37.760 --> 00:24:41.080]  其實都可以加添了你那種不開心的感覺
[00:24:41.080 --> 00:24:44.160]  所以慢慢有很多人就會發現到
[00:24:44.160 --> 00:24:45.960]  原來到了秋天
[00:24:45.960 --> 00:24:47.720]  冬天漫長的黑夜
[00:24:47.720 --> 00:24:50.040]  再加上英國經常暗暗天
[00:24:50.040 --> 00:24:53.520]  又或者微微雨又不是很大雨那些
[00:24:53.520 --> 00:24:58.600]  那種就誘發了一種叫季節性的情緒失調
[00:24:58.600 --> 00:25:01.920]  這些特別是在寒冬的日子是最容易出現的
[00:25:01.920 --> 00:25:04.440]  人的心情就會低落很多
[00:25:04.440 --> 00:25:07.120]  加上特別是節日的環境
[00:25:07.120 --> 00:25:09.440]  嘩!個個在什麼Facebook、IG
[00:25:09.440 --> 00:25:11.480]  掟那些什麼中秋節
[00:25:11.480 --> 00:25:13.520]  嘩!很漂亮的燈飾、月餅
[00:25:13.520 --> 00:25:15.920]  甚至和家人那些團聚的那些照片
[00:25:15.920 --> 00:25:19.080]  令到你觸發了那種情緒的危機
[00:25:19.080 --> 00:25:20.440]  情緒那種感覺
[00:25:20.440 --> 00:25:22.640]  唉!想到英國真是很痛苦啊這裡
[00:25:22.640 --> 00:25:24.880]  沒有這些沒有那樣
[00:25:24.880 --> 00:25:28.400]  再加上開始就感覺到越來越多的
[00:25:28.400 --> 00:25:29.480]  譬如說
[00:25:29.480 --> 00:25:31.120]  子女之間的問題
[00:25:31.120 --> 00:25:32.640]  夫妻之間的問題
[00:25:32.640 --> 00:25:33.840]  工作之間的問題
[00:25:33.840 --> 00:25:36.800]  一籮籮的問題就馬上湧上來了
[00:25:36.800 --> 00:25:37.560]  開始就會問
[00:25:37.560 --> 00:25:39.520]  到底我來英國有沒有搞錯了呢?
[00:25:39.520 --> 00:25:41.000]  我選擇會不會錯了
[00:25:41.000 --> 00:25:42.680]  害了我的小朋友呢?
[00:25:42.680 --> 00:25:44.280]  再加上前一段時間
[00:25:44.280 --> 00:25:46.400]  英國的政策又在改變
[00:25:46.400 --> 00:25:47.680]  本來5+1
[00:25:47.680 --> 00:25:49.480]  接著變成10+1
[00:25:49.480 --> 00:25:51.720]  B1就變成B2
[00:25:51.720 --> 00:25:53.360]  嘩!再搞下去的時候
[00:25:53.360 --> 00:25:55.000]  我真的會馬上走的
[00:25:55.000 --> 00:25:57.080]  有很多朋友都是這樣說
[00:25:57.080 --> 00:25:58.680]  所以你會發現
[00:25:58.680 --> 00:26:01.280]  更加是情緒上面
[00:26:01.280 --> 00:26:05.120]  是一種非常之難的狀況
[00:26:05.120 --> 00:26:07.320]  血量其實就是代表著
[00:26:07.320 --> 00:26:08.560]  心靈上面
[00:26:08.560 --> 00:26:10.040]  或者是那種心底裏面
[00:26:10.040 --> 00:26:13.400]  別人看不到的那種傷害
[00:26:13.400 --> 00:26:16.080]  有一個朋友她住在曼城
[00:26:16.080 --> 00:26:17.760]  她是一位姊妹
[00:26:17.760 --> 00:26:19.080]  她說有一年的冬天
[00:26:19.080 --> 00:26:23.320]  適逢中秋和聖誕那段時間
[00:26:23.320 --> 00:26:25.760]  她的老公因為忙著工作
[00:26:25.760 --> 00:26:28.120]  所以她一個人要帶著兩個小朋友
[00:26:28.120 --> 00:26:30.440]  來生活
[00:26:30.440 --> 00:26:32.840]  英國的冬天下午4點鐘的時候
[00:26:32.840 --> 00:26:33.720]  大家都知道
[00:26:33.720 --> 00:26:35.000]  是完全黑了
[00:26:35.000 --> 00:26:37.600]  到處都是黑漆漆的
[00:26:37.600 --> 00:26:41.080]  再加上雨水又淹下來
[00:26:41.080 --> 00:26:42.840]  令到她心情非常之不好
[00:26:42.840 --> 00:26:49.200]  於是她本身在香港已經有恐慌症
[00:26:49.200 --> 00:26:50.560]  本身有這個病症
[00:26:50.560 --> 00:26:51.440]  來到這裡之後
[00:26:51.440 --> 00:26:53.040]  更加因為這個緣故
[00:26:53.040 --> 00:26:57.040]  又浮現了這樣的病徵出來
[00:26:57.040 --> 00:27:00.960]  她腦海裏面不斷有一個聲音跟她說
[00:27:00.960 --> 00:27:03.320]  是你將我帶到這個地方
[00:27:03.320 --> 00:27:04.880]  你不配做我媽咪
[00:27:04.880 --> 00:27:07.360]  令到她心裏面非常之難受
[00:27:07.360 --> 00:27:09.520]  在那一刻裏面她不知怎算好
[00:27:09.520 --> 00:27:13.360]  於是幸好教會裏面有些肢體來幫她
[00:27:13.360 --> 00:27:14.800]  來為她祈禱
[00:27:14.800 --> 00:27:17.040]  最後她都是靠著祈禱
[00:27:17.040 --> 00:27:19.360]  還有聖經裏面的經文安慰了她
[00:27:19.360 --> 00:27:21.200]  甚至有些肢體陪伴她
[00:27:21.200 --> 00:27:23.600]  令她完全走出這個抑鬱
[00:27:23.600 --> 00:27:28.280]  和恐懼的陰霾裏面
[00:27:28.280 --> 00:27:31.960]  我們人的心靈的黑暗和孤獨
[00:27:31.960 --> 00:27:36.520]  很多時候因為我們離開了光的源頭
[00:27:36.520 --> 00:27:38.920]  耶穌基督曾經說我是世界的光
[00:27:38.920 --> 00:27:41.240]  跟從我的就不在黑暗裏面走
[00:27:41.240 --> 00:27:43.520]  一定會得著生命的光
[00:27:43.520 --> 00:27:45.160]  中秋節當我們賞月的時候
[00:27:45.160 --> 00:27:46.480]  請我們記住
[00:27:46.480 --> 00:27:49.040]  英國的黑夜再長也好
[00:27:49.040 --> 00:27:51.120]  月亮就算你見不到也好
[00:27:51.120 --> 00:27:55.000]  但是耶穌基督那座生命的光
[00:27:55.000 --> 00:27:57.680]  就能夠照耀你和你的家
[00:27:57.680 --> 00:27:58.960]  在異鄉裏面
[00:27:58.960 --> 00:28:00.760]  在暗處當中
[00:28:00.760 --> 00:28:03.520]  當你特別是孤獨恐懼的時候
[00:28:03.520 --> 00:28:05.760]  祂就會照耀我們的心靈
[00:28:05.760 --> 00:28:07.440]  最後第三樣東西
[00:28:07.440 --> 00:28:09.760]  誰才是真正的保護者呢
[00:28:09.760 --> 00:28:10.640]  講到這裏的時候
[00:28:10.640 --> 00:28:12.720]  我們一定要問一條很核心的問題
[00:28:12.720 --> 00:28:14.880]  白日太陽必不傷你
[00:28:14.880 --> 00:28:17.280]  夜間月亮必不害你
[00:28:17.280 --> 00:28:21.120]  這個應許到底誰能夠做到
[00:28:21.120 --> 00:28:23.680]  什麼人可以幫到做到這件事呢
[00:28:23.680 --> 00:28:25.200]  其實經文很清楚
[00:28:25.200 --> 00:28:27.080]  因為第三到第四節講得很清楚
[00:28:27.080 --> 00:28:32.760]  祂必不叫你的腳搖動 保護你的必不打頓
[00:28:32.760 --> 00:28:36.160]  保護以色列的也不打頓 也不睡覺
[00:28:36.160 --> 00:28:38.520]  這裏提到必不打頓
[00:28:38.520 --> 00:28:41.440]  其實原文有一個Hana這個字
[00:28:41.440 --> 00:28:44.640]  Hana就是給人感覺了一個叫你留意
[00:28:44.640 --> 00:28:45.840]  留意什麼呢
[00:28:45.840 --> 00:28:47.720]  留意我們的上帝
[00:28:47.720 --> 00:28:49.880]  祂是不會打頓的
[00:28:49.880 --> 00:28:52.520]  就算那些偶像睡著了
[00:28:52.520 --> 00:28:55.880]  我們的上帝不是其他的偶像的神
[00:28:55.880 --> 00:28:57.400]  在你的處境裏面
[00:28:57.400 --> 00:28:58.960]  祂不是不知道的
[00:28:58.960 --> 00:29:00.440]  祂不是不管的
[00:29:00.440 --> 00:29:03.240]  祂不會打頓的
[00:29:03.240 --> 00:29:04.120]  還有呢
[00:29:04.120 --> 00:29:06.520]  這篇詩篇第一節
[00:29:06.520 --> 00:29:09.720]  那裏說我的幫助從那裏來
[00:29:09.720 --> 00:29:12.000]  那裏那裏來的來字
[00:29:12.000 --> 00:29:13.600]  其實和第八節
[00:29:13.600 --> 00:29:15.400]  即是這篇詩篇的最後一節
[00:29:15.400 --> 00:29:19.560]  你出你入的入是同一個字
[00:29:19.560 --> 00:29:21.400]  即是來是同一個字
[00:29:21.400 --> 00:29:23.600]  詩人就利用同一個字
[00:29:23.600 --> 00:29:26.240]  前呼後應地凸顯了一個很重要的訊息
[00:29:26.240 --> 00:29:29.560]  就是無論我們來到那裏
[00:29:29.560 --> 00:29:31.240]  無論你在香港也好
[00:29:31.240 --> 00:29:32.320]  或者英國也好
[00:29:32.320 --> 00:29:33.640]  你在哪裏
[00:29:33.640 --> 00:29:34.840]  我們都不要忘記
[00:29:34.840 --> 00:29:37.920]  我們的幫助在哪裏來
[00:29:37.920 --> 00:29:42.160]  就是一直保護著我們的耶和華那裏來
[00:29:42.160 --> 00:29:44.920]  所以這篇詩篇中間的這個訊息
[00:29:44.920 --> 00:29:46.680]  是非常之重要
[00:29:46.680 --> 00:29:47.760]  另外我想你留意
[00:29:47.760 --> 00:29:48.680]  就是這篇的訊息裏
[00:29:48.680 --> 00:29:49.960]  這篇的詩篇裏面
[00:29:49.960 --> 00:29:52.000]  有八節經文裏面
[00:29:52.000 --> 00:29:55.480]  出現了六次保護相關的字眼
[00:29:55.480 --> 00:29:57.800]  例如看守、守衛
[00:29:57.800 --> 00:30:01.280]  出現同一個字是總共有六次
[00:30:01.280 --> 00:30:05.120]  而且在中東的雨景裏面
[00:30:05.120 --> 00:30:09.200]  遮蔭是一個很重要的救命的屏障
[00:30:09.200 --> 00:30:10.720]  現在這麼曬
[00:30:10.720 --> 00:30:12.000]  這麼猛烈的太陽
[00:30:12.000 --> 00:30:14.360]  或者危機四伏的人生裏面
[00:30:14.360 --> 00:30:16.520]  哪一個成為了我們的遮蔭者呢
[00:30:16.520 --> 00:30:18.560]  就是上帝
[00:30:18.560 --> 00:30:20.480]  而他怎樣顯示這件事呢
[00:30:20.480 --> 00:30:23.000]  他特別說到他在我們的右邊
[00:30:23.000 --> 00:30:24.280]  任避我們
[00:30:24.280 --> 00:30:26.320]  我不知道大家的強手在哪一邊
[00:30:26.320 --> 00:30:27.240]  是不是右邊
[00:30:27.240 --> 00:30:29.680]  大部分人我估計應該是右手
[00:30:29.680 --> 00:30:33.040]  古代的戰士就用右手拿兵器
[00:30:33.040 --> 00:30:34.440]  左手就拿盾牌
[00:30:34.440 --> 00:30:37.120]  所以當你從這樣的角度去想的時候
[00:30:37.120 --> 00:30:38.880]  照理士兵的右側
[00:30:38.880 --> 00:30:41.120]  他的防禦力是最弱的
[00:30:41.120 --> 00:30:45.880]  最容易被敵人致命的擊擊他的死角位
[00:30:45.880 --> 00:30:48.440]  所以現在上香就宣告了
[00:30:48.440 --> 00:30:50.040]  這個詩人就宣告了
[00:30:50.040 --> 00:30:52.240]  他說神在我們的右邊
[00:30:52.240 --> 00:30:55.600]  即是意味著神親自站在我們最脆弱
[00:30:55.600 --> 00:30:58.360]  最無能力的那個方裏面
[00:30:58.360 --> 00:31:00.920]  全天候那樣保護著我們
[00:31:00.920 --> 00:31:03.080]  難怪這篇詩篇
[00:31:03.080 --> 00:31:06.080]  講耶和華這個字總共有五次
[00:31:06.080 --> 00:31:08.800]  代表耶和華的他總共有兩次
[00:31:08.800 --> 00:31:11.240]  所以這裡說的保護是誰的保護
[00:31:11.240 --> 00:31:13.240]  是耶和華的保護
[00:31:13.240 --> 00:31:14.600]  是耶和華的保護
[00:31:14.600 --> 00:31:17.360]  站在你右邊的就是耶和華了
[00:31:17.360 --> 00:31:20.440]  太陽必不傷你 月亮必不害你
[00:31:20.440 --> 00:31:21.320]  為什麼?
[00:31:21.320 --> 00:31:24.080]  因為有耶和華保護我們
[00:31:24.080 --> 00:31:25.320]  還有一個特別的地方
[00:31:25.320 --> 00:31:27.920]  這一節經文的第一節 第三節 第五節 第七節
[00:31:27.920 --> 00:31:28.840]  單數了
[00:31:28.840 --> 00:31:30.840]  全部都是講身體的
[00:31:30.840 --> 00:31:32.840]  第一節是提到你的眼睛
[00:31:32.840 --> 00:31:34.520]  第二 第三節提到腳
[00:31:34.520 --> 00:31:36.400]  第五節提到手
[00:31:36.400 --> 00:31:38.400]  第七節連你的命
[00:31:38.400 --> 00:31:41.640]  上帝都保護周全
[00:31:41.640 --> 00:31:44.560]  你說這個是不是全天候的保護呢?
[00:31:44.560 --> 00:31:47.640]  保護你的是耶和華
[00:31:47.640 --> 00:31:48.840]  這個英文就叫做
[00:31:48.840 --> 00:31:50.840]  The Lord is your keeper
[00:31:50.840 --> 00:31:52.560]  其實這一句詩篇
[00:31:52.560 --> 00:31:53.480]  這一句字
[00:31:53.480 --> 00:31:56.600]  這一句話是放在這篇詩篇正中的位置
[00:31:56.600 --> 00:32:00.080]  在它前面有58個音節
[00:32:00.080 --> 00:32:02.440]  在它後面也有58個音節
[00:32:02.440 --> 00:32:03.480]  換句話說
[00:32:03.480 --> 00:32:05.120]  這一句話是最重要
[00:32:05.120 --> 00:32:07.000]  我們今天離開這個地方的時候
[00:32:07.000 --> 00:32:08.520]  要切切記得
[00:32:08.520 --> 00:32:09.760]  為什麼白日
[00:32:09.760 --> 00:32:12.680]  為什麼夜間的月亮和太陽
[00:32:12.680 --> 00:32:13.880]  都傷害不了我們
[00:32:13.880 --> 00:32:15.200]  因為
[00:32:15.200 --> 00:32:20.520]  耶和華就是我的保護者
[00:32:20.520 --> 00:32:23.040]  以色列人秘魯回歸之後
[00:32:23.040 --> 00:32:24.600]  當他們重新踏上
[00:32:24.600 --> 00:32:25.600]  異鄉的路
[00:32:25.600 --> 00:32:27.600]  還是重新離開了異鄉
[00:32:27.600 --> 00:32:29.600]  回到耶路撒冷的路途裡面
[00:32:29.600 --> 00:32:30.720]  這班人
[00:32:30.720 --> 00:32:34.440]  他們身份可能已經不同了
[00:32:34.440 --> 00:32:36.440]  語言都可能改變了
[00:32:36.440 --> 00:32:38.440]  前路可能都很渺茫
[00:32:38.440 --> 00:32:39.240]  都不知道
[00:32:39.240 --> 00:32:42.120]  去到耶路撒冷會變成怎樣的耶路撒冷
[00:32:42.120 --> 00:32:45.280]  但是他們仍然堅持他們的信念
[00:32:45.280 --> 00:32:47.920]  來到耶路撒冷首節
[00:32:47.920 --> 00:32:50.960]  這篇詩篇無論寫給哪一批人
[00:32:50.960 --> 00:32:54.800]  無論是仍然在異鄉的地方
[00:32:54.800 --> 00:32:56.960]  只不過是去耶路撒冷首節
[00:32:56.960 --> 00:32:58.960]  又或者他們已經遷離了
[00:32:58.960 --> 00:33:00.680]  離開了異鄉
[00:33:00.680 --> 00:33:02.320]  回到耶路撒冷裡面
[00:33:02.320 --> 00:33:05.560]  和同胞一起建造耶路撒冷也好
[00:33:05.560 --> 00:33:09.520]  這篇詩篇其實是在說上帝的應許
[00:33:09.520 --> 00:33:13.560]  上帝的保護會臨到不論他們在那裡也好
[00:33:13.560 --> 00:33:16.480]  仍然都會臨到他們身上
[00:33:16.480 --> 00:33:17.360]  弟兄姊妹朋友
[00:33:17.360 --> 00:33:21.120]  耶穌就是那位永不打頓的守護者
[00:33:21.120 --> 00:33:24.800]  當你願意接受祂做你的救主的時候
[00:33:24.800 --> 00:33:27.360]  你就不再是孤單的異鄉人
[00:33:27.360 --> 00:33:29.640]  無論你是在香港也好
[00:33:29.640 --> 00:33:30.760]  英國也好
[00:33:30.760 --> 00:33:32.480]  還是走去世界任何一個角落
[00:33:32.480 --> 00:33:34.200]  有些人說我拿了五年之後
[00:33:34.200 --> 00:33:35.600]  或者六年之後就走了
[00:33:35.600 --> 00:33:37.880]  去哪裡都好
[00:33:37.880 --> 00:33:41.520]  總要記住耶和華就是我們的保護者
[00:33:41.520 --> 00:33:44.480]  你出你入祂都會保護你
[00:33:44.480 --> 00:33:47.400]  最後想和你分享兩個事蹟
[00:33:47.400 --> 00:33:48.640]  結束在講道
[00:33:48.640 --> 00:33:49.800]  我女兒今天不在
[00:33:49.800 --> 00:33:50.520]  我老婆也不在
[00:33:50.520 --> 00:33:51.360]  所以我這樣講一下
[00:33:51.360 --> 00:33:53.680]  不知道她聽不聽得到這個YouTube
[00:33:53.680 --> 00:33:56.560]  大家都知道我女兒是哪一位
[00:33:56.560 --> 00:33:57.560]  不知道的不要緊
[00:33:57.560 --> 00:34:00.040]  多多繼續不知道
[00:34:00.040 --> 00:34:01.000]  在她讀書的時候
[00:34:01.000 --> 00:34:02.160]  她讀書是在哈洛基
[00:34:02.160 --> 00:34:04.360]  讀書這裡也有些來自哈洛基的地方
[00:34:04.360 --> 00:34:06.240]  大家都知道哈洛基這個地方
[00:34:06.240 --> 00:34:08.960]  算是挺有錢的地方
[00:34:08.960 --> 00:34:10.200]  我女兒經常跟我說
[00:34:10.200 --> 00:34:12.120]  爸爸你不要開車去那裡
[00:34:12.120 --> 00:34:13.920]  你不要開去我學校那裡
[00:34:13.920 --> 00:34:16.640]  她說那裡有很多漂亮的車停在那裡
[00:34:16.640 --> 00:34:17.480]  因為她的同學
[00:34:17.480 --> 00:34:19.920]  Sixth Form那班已經有車了
[00:34:19.920 --> 00:34:21.400]  開著漂亮的車出入
[00:34:21.400 --> 00:34:23.000]  她說你不要停在那裡
[00:34:23.000 --> 00:34:25.200]  我不想我會很丟臉
[00:34:25.200 --> 00:34:27.000]  接著後來她直接告訴我
[00:34:27.000 --> 00:34:30.480]  學校有類似bullying的事件
[00:34:30.480 --> 00:34:32.720]  有些人對她不好
[00:34:32.720 --> 00:34:35.560]  再加上當時她讀中學那段時間
[00:34:35.560 --> 00:34:38.920]  可能其中一個哥哥
[00:34:38.920 --> 00:34:40.760]  其中一個哥哥不要猜是誰
[00:34:40.760 --> 00:34:43.880]  其中一個哥哥特別對她欺負得很厲害
[00:34:43.880 --> 00:34:45.600]  走過就勾她一腳
[00:34:45.600 --> 00:34:47.560]  接著就拔下她的頭髮
[00:34:47.560 --> 00:34:50.000]  接著又笑她身形怎樣怎樣
[00:34:50.000 --> 00:34:52.040]  令到她非常之失落
[00:34:52.040 --> 00:34:54.360]  整天都在哭
[00:34:54.360 --> 00:34:57.000]  甚至可能是父母期望過高
[00:34:57.000 --> 00:35:00.480]  再加上又是做牧師的女兒
[00:35:00.480 --> 00:35:03.560]  很多苦的感覺在裡面
[00:35:03.560 --> 00:35:06.520]  她覺得為什麼你載人不載我
[00:35:06.520 --> 00:35:08.480]  為什麼你去關心弟兄姊妹
[00:35:08.480 --> 00:35:10.440]  那麼少關心我
[00:35:10.440 --> 00:35:13.560]  那段時間她很不開心
[00:35:13.560 --> 00:35:16.080]  有一天她叫我進她的房間
[00:35:16.080 --> 00:35:19.800]  她說爸爸你看我的手
[00:35:19.800 --> 00:35:27.320]  一條兩條
[00:35:27.320 --> 00:35:31.080]  我看到的時候很心痛
[00:35:31.080 --> 00:35:34.600]  很多條痕
[00:35:34.600 --> 00:35:38.160]  所以我們就
[00:35:38.160 --> 00:35:41.320]  所以我們就決定帶她去看輔導
[00:35:41.320 --> 00:35:44.000]  我們一起去看輔導
[00:35:44.000 --> 00:35:48.280]  她在感情上有受過傷害
[00:35:48.280 --> 00:35:51.400]  她曾經很積極在疫情之後
[00:35:51.400 --> 00:35:53.360]  回來我們教會幫忙
[00:35:53.360 --> 00:35:55.360]  特別是做一些移居英國的香港人
[00:35:55.360 --> 00:35:57.560]  參與我們教會不同的事工
[00:35:57.560 --> 00:35:59.840]  但在教會裡面她見到有些人
[00:35:59.840 --> 00:36:02.520]  欺負她愛的家人
[00:36:02.520 --> 00:36:06.360]  幫過她的人竟然這麼不講道義
[00:36:06.360 --> 00:36:09.360]  她很不開心很不滿意
[00:36:09.360 --> 00:36:14.480]  雖然她最後選擇去了西人教會聚會
[00:36:14.480 --> 00:36:19.680]  但她也繼續參與下一代的事工
[00:36:19.680 --> 00:36:23.400]  她積極去跟全英國的華人教會
[00:36:23.400 --> 00:36:26.600]  一起去探討第二代的事工
[00:36:26.600 --> 00:36:28.600]  其實她是慢慢靠著主耶穌
[00:36:28.600 --> 00:36:30.600]  去走出她的艱難
[00:36:30.600 --> 00:36:31.760]  甚至乎她的工作
[00:36:31.760 --> 00:36:34.640]  當她離開了大學之後
[00:36:34.640 --> 00:36:36.520]  她原本是一個教師
[00:36:36.520 --> 00:36:37.720]  她可以做教師
[00:36:37.720 --> 00:36:39.360]  但她後期都沒有做
[00:36:39.360 --> 00:36:41.640]  當然她是因為壓力的緣故
[00:36:41.640 --> 00:36:43.040]  她做不到一個老師
[00:36:43.040 --> 00:36:46.280]  她就選擇寧願做一個助教
[00:36:46.280 --> 00:36:48.520]  不過後期她就轉了工作
[00:36:48.520 --> 00:36:50.880]  轉了去一個拘留所裡面去做
[00:36:50.880 --> 00:36:53.320]  來幫助一些犯了事的人
[00:36:53.320 --> 00:36:55.480]  或者吸毒或者做一些不好的事的人
[00:36:55.480 --> 00:36:57.400]  來嘗試去幫助他們
[00:36:57.400 --> 00:36:59.200]  現在她去了一個NGO裡面
[00:36:59.200 --> 00:37:01.200]  來做類似的事
[00:37:01.200 --> 00:37:03.480]  所以有時在街上會碰到我女兒
[00:37:03.480 --> 00:37:04.840]  和一班警察一起
[00:37:04.840 --> 00:37:08.400]  因為他們會去探訪一些有需要的
[00:37:08.400 --> 00:37:10.080]  剛剛出來的人
[00:37:10.080 --> 00:37:12.680]  或者犯了很多事的人
[00:37:12.680 --> 00:37:16.080]  甚至有些人是來自國內的
[00:37:16.080 --> 00:37:18.280]  而警察局裡面沒有人會說廣東話
[00:37:18.280 --> 00:37:19.560]  或者沒有人會說國語
[00:37:19.560 --> 00:37:21.240]  所以就給了我女兒
[00:37:21.240 --> 00:37:25.760]  來幫他們處理一些被拘留的國內人士
[00:37:25.760 --> 00:37:29.000]  所以其實她的工作都是做一些
[00:37:29.000 --> 00:37:31.960]  和她以前的經歷有些相關的事
[00:37:31.960 --> 00:37:34.560]  來幫助一些其他人
[00:37:34.560 --> 00:37:36.200]  她開始感覺到
[00:37:36.200 --> 00:37:39.360]  其實雖然這個世界裡面有很多邪惡的事
[00:37:39.360 --> 00:37:40.840]  令到她很不開心
[00:37:40.840 --> 00:37:44.920]  但是她知道誰是她的上帝
[00:37:44.920 --> 00:37:46.280]  無論是什麼時間
[00:37:46.280 --> 00:37:49.360]  都可以被上帝保護著她
[00:37:49.360 --> 00:37:52.680]  她現在12月1號就結婚了
[00:37:52.680 --> 00:37:58.320]  她就和我說和弟兄姊妹說12月1號結婚
[00:37:58.320 --> 00:38:01.240]  但是行禮的時候是明年的
[00:38:01.240 --> 00:38:03.480]  她會邀請大家來參加她的婚禮
[00:38:03.480 --> 00:38:05.720]  所以她在未來的日子
[00:38:05.720 --> 00:38:09.800]  她都會在新人教會裡面聚會
[00:38:09.800 --> 00:38:12.400]  我覺得這個是上帝使用她
[00:38:12.400 --> 00:38:13.440]  來到不同的地方
[00:38:13.440 --> 00:38:14.760]  雖然她回到新人教會
[00:38:14.760 --> 00:38:16.720]  都希望上帝繼續使用她
[00:38:16.720 --> 00:38:19.440]  最後我有一個感受就是
[00:38:19.440 --> 00:38:21.560]  大家知道我最近放假了
[00:38:21.560 --> 00:38:24.400]  其實放假也有做教會的事
[00:38:24.400 --> 00:38:27.200]  我這篇講章也是在放假期間
[00:38:27.200 --> 00:38:29.440]  在死症之下弄出來的
[00:38:29.440 --> 00:38:32.400]  我去了其中一個地方就是波蘭
[00:38:32.400 --> 00:38:36.120]  波蘭有一個地方叫做奧斯威辛的集中營
[00:38:36.120 --> 00:38:37.640]  我不知道大家有沒有去過
[00:38:37.640 --> 00:38:40.360]  其實對我來說我的感受不是很大
[00:38:40.360 --> 00:38:42.640]  因為我是第一個去的
[00:38:42.640 --> 00:38:46.320]  和猶太人被殺有關的就是在以色列
[00:38:46.320 --> 00:38:47.920]  我是很多年前已經去過了
[00:38:47.920 --> 00:38:49.880]  就是這個大屠殺博物館
[00:38:49.880 --> 00:38:53.520]  但是這個奧斯威辛的集中營
[00:38:53.520 --> 00:38:56.480]  我最有感受就是它的行刑場
[00:38:56.480 --> 00:38:59.480]  它的行刑場就是那裡有一個槍決的地方
[00:38:59.480 --> 00:39:01.440]  你具體地去到那個地方
[00:39:01.440 --> 00:39:02.760]  你要感受一下
[00:39:02.760 --> 00:39:06.520]  原來幾萬人包括小朋友女士男士
[00:39:06.520 --> 00:39:10.240]  全部都在那個位置裡面被人槍決
[00:39:10.240 --> 00:39:13.640]  這個集中營死了一百萬的猶太人
[00:39:13.640 --> 00:39:16.400]  猶太人在波蘭死了三百萬人
[00:39:16.400 --> 00:39:19.960]  是全個歐洲最多
[00:39:19.960 --> 00:39:22.200]  很多年前當我去大屠殺博物館的時候
[00:39:22.200 --> 00:39:24.680]  我被一幅圖畫很受感染
[00:39:24.680 --> 00:39:27.560]  就是整件衣服都是印滿了經文
[00:39:27.560 --> 00:39:28.680]  為什麼呢
[00:39:28.680 --> 00:39:33.200]  因為以色列人他們被下令將他們的五經
[00:39:33.200 --> 00:39:36.280]  就是陀賴五經剪碎了
[00:39:36.280 --> 00:39:37.520]  是一種侮辱
[00:39:37.520 --> 00:39:39.240]  對他們來說是非常大的侮辱
[00:39:39.240 --> 00:39:40.560]  要來做些什麼呢
[00:39:40.560 --> 00:39:43.040]  要來墊鞋底
[00:39:43.040 --> 00:39:44.400]  要來做馬鞍
[00:39:44.400 --> 00:39:45.800]  要來弄一些衣服
[00:39:45.800 --> 00:39:48.400]  在精神上去凌辱他們
[00:39:48.400 --> 00:39:52.800]  於是有一件衣服叫復仇之袍
[00:39:52.800 --> 00:39:55.240]  這件復仇之袍就是那些以色列人
[00:39:55.240 --> 00:39:57.320]  特別是那些拉比
[00:39:57.320 --> 00:39:59.560]  他們就將生命記裡面
[00:39:59.560 --> 00:40:00.840]  或者其他的經文裡面
[00:40:00.840 --> 00:40:03.040]  牽涉有咒詛的經文
[00:40:03.040 --> 00:40:04.320]  剪了出來
[00:40:04.320 --> 00:40:06.520]  然後造成一件衣服
[00:40:06.520 --> 00:40:10.160]  所以這件衣服叫復仇之袍
[00:40:10.160 --> 00:40:15.080]  他們就用這些經文來由那些人自己穿上
[00:40:15.080 --> 00:40:18.480]  將這些咒詛報應在那些人的身上
[00:40:18.480 --> 00:40:21.280]  當然這個可能是很極端的事
[00:40:21.280 --> 00:40:22.880]  但是以色列人當時
[00:40:22.880 --> 00:40:24.760]  大部分無論在波蘭也好
[00:40:24.760 --> 00:40:25.520]  或者其他地方
[00:40:25.520 --> 00:40:26.640]  很多的以色列人
[00:40:26.640 --> 00:40:30.920]  他們仍然對於信仰沒有改變
[00:40:30.920 --> 00:40:34.880]  這叫做聖化的信仰
[00:40:34.880 --> 00:40:37.760]  他們要紀念這位聖化的主宰
[00:40:37.760 --> 00:40:40.720]  所以他們將這些經文靜悄悄地藏起來
[00:40:40.720 --> 00:40:42.280]  有空就寫一些
[00:40:42.280 --> 00:40:46.800]  成為他們在面對生命快要完結之前的慰藉
[00:40:46.800 --> 00:40:48.800]  相信上帝仍然都會
[00:40:48.800 --> 00:40:50.200]  無論什麼時間都好
[00:40:50.200 --> 00:40:52.480]  都會保護他們
[00:40:52.480 --> 00:40:55.480]  就算他們的生命結束的時候
[00:40:55.480 --> 00:40:58.520]  他們對上帝那種的愛
[00:40:58.520 --> 00:41:00.920]  那種的信靠是不會改變
[00:41:00.920 --> 00:41:03.200]  所以這篇詩篇第六節
[00:41:03.200 --> 00:41:06.240]  不是說我們不會見到陰謀
[00:41:06.240 --> 00:41:08.440]  不是說我們的生命不會了斷
[00:41:08.440 --> 00:41:09.400]  不是沒有了
[00:41:09.400 --> 00:41:10.520]  而是反而說一樣的
[00:41:10.520 --> 00:41:13.440]  這個世界是會有邪惡的力量
[00:41:13.440 --> 00:41:15.240]  但是我們不需要懼怕
[00:41:15.240 --> 00:41:18.040]  因為上帝祂保護我們
[00:41:18.040 --> 00:41:19.280]  祂與我們同在
[00:41:19.280 --> 00:41:22.320]  我們的生命完完全全在祂手裏面
[00:41:22.320 --> 00:41:25.440]  就正如這篇詩篇提醒我們
[00:41:25.440 --> 00:41:27.360]  耶和華就是那位保護者
[00:41:27.360 --> 00:41:29.520]  是我的生命的保護者
[00:41:29.520 --> 00:41:30.920]  所以今天弟兄姊妹
[00:41:30.920 --> 00:41:32.040]  你離開這裡之後
[00:41:32.040 --> 00:41:33.160]  離開今天的崇拜之後
[00:41:33.160 --> 00:41:34.760]  你一定要記得
[00:41:34.760 --> 00:41:38.280]  耶和華是我們的生命的保護者
[00:41:38.280 --> 00:41:41.880]  所以白日太陽必不傷我
[00:41:41.880 --> 00:41:44.320]  月亮夜間都不會害我
[00:41:44.320 --> 00:41:45.640]  我們一起祈禱好嗎
[00:41:45.640 --> 00:41:46.640]  主我們多謝祢
[00:41:46.640 --> 00:41:48.640]  多謝祢讓我們今天有這篇聖經
[00:41:48.640 --> 00:41:49.800]  這篇詩篇
[00:41:49.800 --> 00:41:51.920]  特別在中秋節的時間
[00:41:51.920 --> 00:41:55.320]  讓我們可以透過這篇詩篇
[00:41:55.320 --> 00:42:00.240]  來明白祢是我們的保護者
[00:42:00.240 --> 00:42:02.840]  因為我們知道在人世間裏面
[00:42:02.840 --> 00:42:06.160]  我們有鳴槍鳴刀的對我們不利的人
[00:42:06.160 --> 00:42:08.960]  甚至有機關算盡
[00:42:08.960 --> 00:42:10.200]  有陰謀
[00:42:10.200 --> 00:42:15.200]  甚至在少女藏刀那裏去說我們的人
[00:42:15.200 --> 00:42:15.960]  主啊
[00:42:15.960 --> 00:42:17.480]  求祢幫助我們
[00:42:17.480 --> 00:42:20.120]  去相信我們整個人的生命
[00:42:20.120 --> 00:42:21.560]  都在主祢的裏面
[00:42:21.560 --> 00:42:23.160]  就好像詩人所說
[00:42:23.160 --> 00:42:26.240]  耶和華是我們的保護者
[00:42:26.240 --> 00:42:28.800]  我們出我們入
[00:42:28.800 --> 00:42:31.320]  上帝祢都保護我們
[00:42:31.320 --> 00:42:32.920]  我們就將我們今天的會友
[00:42:32.920 --> 00:42:34.640]  都交在主的手裏面
[00:42:34.640 --> 00:42:37.600]  祢成為他們生命的守護者
[00:42:37.600 --> 00:42:38.600]  保護者
[00:42:38.600 --> 00:42:39.800]  感謝祢,順便聽我們禱告
[00:42:39.800 --> 00:42:41.280]  奉耶穌基督恩主的命求
[00:42:41.280 --> 00:42:41.800]  阿門
