
[00:00:00.000 --> 00:00:02.560]  我們看回《士兵記》第17章
[00:00:02.560 --> 00:00:08.000]  講到有一個利美人為了要謀生
[00:00:08.000 --> 00:00:10.500]  離開了自己的本土
[00:00:10.500 --> 00:00:12.740]  去到一個米家的家裏面
[00:00:12.740 --> 00:00:15.240]  被米家尼達收留
[00:00:15.240 --> 00:00:17.480]  米家雖然和他講我會以你為父
[00:00:17.480 --> 00:00:19.180]  但其實他是一個年輕人
[00:00:19.180 --> 00:00:21.060]  米家也為了錢
[00:00:21.060 --> 00:00:22.520]  尼達犯了錯
[00:00:22.520 --> 00:00:24.940]  偷了媽媽非常大筆的錢
[00:00:24.940 --> 00:00:26.780]  大家可以上網查看
[00:00:26.780 --> 00:00:30.820]  今天我們會繼續看第18章
[00:00:30.820 --> 00:00:35.320]  這章聖經由個人轉到一個支派
[00:00:35.320 --> 00:00:37.140]  就是彈這個支派
[00:00:37.140 --> 00:00:41.500]  但主題仍然是米家的神像
[00:00:41.500 --> 00:00:44.120]  只是問題不斷延伸
[00:00:44.120 --> 00:00:45.540]  不斷地擴大
[00:00:45.540 --> 00:00:51.100]  主角仍然是為了謀生的利美人
[00:00:51.100 --> 00:00:53.540]  我們去看一看
[00:00:53.540 --> 00:00:57.060]  他為了謀生的時候找工作跳槽
[00:00:57.060 --> 00:01:02.340]  我們先看看彈這個支派
[00:01:02.340 --> 00:01:04.540]  記住以色列的支派
[00:01:04.540 --> 00:01:07.060]  我們經常說由彈到別士巴
[00:01:07.060 --> 00:01:08.980]  彈是最北面的
[00:01:08.980 --> 00:01:11.100]  旁邊就是敘利亞
[00:01:11.100 --> 00:01:12.740]  即是當日的阿蘭國
[00:01:12.740 --> 00:01:14.860]  最南面的就是別士巴
[00:01:14.860 --> 00:01:19.660]  第18章記載了為了一個謀生的利美人
[00:01:19.660 --> 00:01:21.120]  如何繼續去謀生
[00:01:21.120 --> 00:01:22.920]  那個服侍的過程
[00:01:22.920 --> 00:01:25.740]  這個利美人和參宣所犯的錯
[00:01:25.740 --> 00:01:27.180]  其實是沒有分別的
[00:01:27.180 --> 00:01:29.160]  他們犯了拜偶像的罪行
[00:01:29.160 --> 00:01:35.260]  也沒有指出米家違反了神的誡命
[00:01:35.260 --> 00:01:38.220]  因為米家在家裏製造了神像
[00:01:38.220 --> 00:01:40.460]  也在家裏有神壇
[00:01:40.460 --> 00:01:43.980]  而不去神所指示的地方去敬拜
[00:01:43.980 --> 00:01:45.960]  更加為了錢
[00:01:45.960 --> 00:01:47.880]  竟然參與在其中
[00:01:47.880 --> 00:01:50.340]  第18章一開始讓我們看到
[00:01:50.340 --> 00:01:53.920]  彈的支派遭遇到很大的困難
[00:01:53.920 --> 00:01:58.220]  因為他們還沒有那個地方可以落腳
[00:01:58.220 --> 00:02:03.660]  但其實約書一早已經分派了這個地給他們
[00:02:03.660 --> 00:02:06.640]  但當這個地他們被分派了
[00:02:06.640 --> 00:02:09.220]  仍然有迦南人住在當中
[00:02:09.220 --> 00:02:14.700]  我們看看《史詩記》第一章的第34節
[00:02:14.700 --> 00:02:18.120]  「達摩利人強迫彈人住在山地
[00:02:18.120 --> 00:02:20.120]  不容偷門下到平原」
[00:02:20.120 --> 00:02:24.880]  即是他們沒有辦法去打贏那些敵人
[00:02:24.880 --> 00:02:26.580]  沒有去倚靠神
[00:02:26.580 --> 00:02:29.880]  所以他們不能住在平原那裏
[00:02:29.880 --> 00:02:32.220]  結果他們就要去找地
[00:02:32.220 --> 00:02:37.460]  第18章第一節一開始就出這個主題了
[00:02:37.460 --> 00:02:38.500]  第一節
[00:02:38.500 --> 00:02:40.800]  「那時以色列中沒有王
[00:02:40.800 --> 00:02:43.220]  但支派的人仍是尋地
[00:02:43.220 --> 00:02:44.140]  居住
[00:02:44.140 --> 00:02:45.520]  因為到那日子
[00:02:45.520 --> 00:02:49.580]  他們還沒有在以色列支派中得地為業」
[00:02:50.200 --> 00:02:51.560]  所以大家記住
[00:02:51.560 --> 00:02:54.440]  透過這節我們更加會知道
[00:02:54.440 --> 00:02:56.280]  記不記得我上一次也有講
[00:02:56.280 --> 00:02:58.480]  由第17章到尾
[00:02:58.480 --> 00:03:02.620]  並不是《史詩》時代完結的時候發生的
[00:03:02.620 --> 00:03:05.200]  其實去到參宣那裏已經完結了
[00:03:05.200 --> 00:03:06.480]  那個《史詩》
[00:03:06.480 --> 00:03:12.280]  但尾後這幾章記載就是描繪當時他們的生活是怎樣敗壞
[00:03:12.280 --> 00:03:14.080]  所以這件事你留意到
[00:03:14.080 --> 00:03:17.440]  可能就是《史詩》時代一開始已經有了
[00:03:17.440 --> 00:03:18.620]  因為為什麼呢?
[00:03:18.620 --> 00:03:24.880]  但的支派還沒有找到地方居住
[00:03:24.880 --> 00:03:30.780]  但的支派不能夠趕走應該他們擁有土地上的迦南人
[00:03:30.780 --> 00:03:33.680]  於是他們就找了另一個方法
[00:03:33.680 --> 00:03:39.040]  這個方法與昔日約書帶領以色列人征服迦南地的策略
[00:03:39.040 --> 00:03:40.480]  其實是一模一樣的
[00:03:40.480 --> 00:03:41.380]  是什麼呢?
[00:03:41.380 --> 00:03:48.220]  就是打發一些勇士去看那個地方
[00:03:48.220 --> 00:03:50.220]  想一想是否值得
[00:03:50.220 --> 00:03:52.220]  或者有沒有能力去攻取
[00:03:52.220 --> 00:03:56.600]  記不記得約書進入迦南地要打耶利哥城
[00:03:56.600 --> 00:04:00.380]  都是派探子去打探地方
[00:04:00.380 --> 00:04:03.580]  探子就走去妓女那裏去躲藏
[00:04:03.580 --> 00:04:05.020]  為什麼去妓女那裏呢?
[00:04:05.020 --> 00:04:06.300]  大家可以想一想
[00:04:06.300 --> 00:04:07.340]  是有意思的
[00:04:07.340 --> 00:04:13.380]  我們看到他們派一些人去找哪個地方較容易攻取
[00:04:13.380 --> 00:04:18.640]  然後如果有了這個目標就會來看看如何發動攻勢
[00:04:18.640 --> 00:04:21.040]  最後突襲成功的時候
[00:04:21.040 --> 00:04:25.100]  甚至可以拿到更大量的戰利品
[00:04:25.100 --> 00:04:28.860]  我們看看第十八章的第二節
[00:04:28.860 --> 00:04:32.940]  「但人從所拉獲以實圖
[00:04:32.940 --> 00:04:35.460]  打發本族中的五個勇士
[00:04:35.460 --> 00:04:37.460]  去仔細窺探那地
[00:04:37.460 --> 00:04:40.460]  吩咐他們說:你們去窺探那地
[00:04:40.460 --> 00:04:44.160]  他們來到以法連山地盡了米加的住宅
[00:04:44.160 --> 00:04:46.160]  就在那裏住宿」
[00:04:46.160 --> 00:04:49.260]  大家記不記得我們剛才看第一節的時候
[00:04:49.260 --> 00:04:52.680]  就說到那時以色列中沒有王
[00:04:52.680 --> 00:04:55.040]  但是和以往有些少不同
[00:04:55.040 --> 00:04:56.260]  少了一句
[00:04:56.260 --> 00:04:58.760]  「國人任意而行」
[00:04:58.760 --> 00:05:01.140]  這裡就沒有了這一句
[00:05:01.140 --> 00:05:01.960]  意思是怎樣呢?
[00:05:01.960 --> 00:05:04.240]  這幫人覺得我去找地方
[00:05:04.240 --> 00:05:06.380]  喂 那不就應該的嗎?
[00:05:06.380 --> 00:05:08.080]  我們要找地方住
[00:05:08.080 --> 00:05:09.780]  有什麼不妥呢?
[00:05:09.780 --> 00:05:14.160]  所以他們覺得自己行眼中漢為政的事
[00:05:14.160 --> 00:05:18.040]  他們覺得我去找地方是順理成章的
[00:05:18.040 --> 00:05:19.660]  一個很大的問題
[00:05:19.660 --> 00:05:23.580]  就是他們合理化了自己的野心
[00:05:23.580 --> 00:05:28.120]  藉著去攻打一些容易找到的地方
[00:05:28.120 --> 00:05:31.360]  去掩蓋自己的軟弱
[00:05:31.360 --> 00:05:35.560]  他們將不法的行為合理化了
[00:05:35.560 --> 00:05:38.220]  但是如果將這些不法的行為合理化的時候
[00:05:38.220 --> 00:05:41.420]  就只會使他們越來越差
[00:05:41.420 --> 00:05:43.000]  很簡單
[00:05:43.000 --> 00:05:44.500]  舉一個例子
[00:05:44.500 --> 00:05:46.140]  大家看到了
[00:05:46.140 --> 00:05:49.560]  最近有一個大陸的女士拍片
[00:05:49.560 --> 00:05:51.780]  就說到這個香港是什麼來的?
[00:05:51.780 --> 00:05:56.660]  地鐵竟然沒有地方提供給我們免費來帶去充電的
[00:05:56.660 --> 00:05:59.080]  香港的警察真是很好
[00:05:59.080 --> 00:06:01.360]  她說我想來帶去打電話
[00:06:01.360 --> 00:06:03.600]  叫取消那間酒店什麼什麼
[00:06:03.600 --> 00:06:06.280]  警察一開始好聲好氣的跟她說
[00:06:06.280 --> 00:06:09.320]  接著還說不如我們送你去
[00:06:09.320 --> 00:06:10.820]  你想想香港警察多好
[00:06:10.820 --> 00:06:12.440]  送她去酒店那裡
[00:06:12.440 --> 00:06:16.640]  但是這個女人就來帶她去懷疑警察
[00:06:16.640 --> 00:06:18.040]  又不軌企圖
[00:06:18.040 --> 00:06:20.100]  所以說我不信你
[00:06:20.100 --> 00:06:24.500]  當然可能看到很多香港關於紀律部隊的新聞
[00:06:24.500 --> 00:06:26.180]  但是接著又怎樣呢?
[00:06:26.180 --> 00:06:29.020]  就繼續在罵 說香港差
[00:06:29.020 --> 00:06:32.140]  但是其實我們香港人大家都知道
[00:06:32.140 --> 00:06:34.640]  地鐵是不應該給你充電的
[00:06:34.640 --> 00:06:37.200]  那些插頭是給人家用來清潔的
[00:06:37.200 --> 00:06:40.240]  但是你又看到有另外一些人
[00:06:40.240 --> 00:06:43.420]  用地鐵的長芯來插在那裡
[00:06:43.420 --> 00:06:44.940]  然後來充電
[00:06:44.940 --> 00:06:46.120]  但是說很厲害的
[00:06:46.120 --> 00:06:48.440]  背著一個LV手袋
[00:06:48.440 --> 00:06:50.980]  拿著一個Dior的手提包
[00:06:50.980 --> 00:06:53.300]  但是當然不知道是真貨還是假貨
[00:06:53.300 --> 00:06:54.740]  有些網民都在罵她
[00:06:54.740 --> 00:06:59.980]  喂 你去71那裡租一個充電器都可以 是不是?
[00:06:59.980 --> 00:07:02.220]  這些人她自己是錯的
[00:07:02.220 --> 00:07:03.740]  但是她覺得自己合理
[00:07:03.740 --> 00:07:06.280]  還反而去指責你們這些人
[00:07:06.280 --> 00:07:10.220]  就好像現在這幫蛋的支派那樣
[00:07:10.220 --> 00:07:12.700]  她是搶掠別人的地方
[00:07:12.700 --> 00:07:14.400]  但是她覺得我沒有地方住
[00:07:14.400 --> 00:07:16.080]  我這樣做是應該的
[00:07:16.080 --> 00:07:18.740]  好了 這五個勇士去窺探地方
[00:07:18.740 --> 00:07:21.320]  他們來到米家的家裡面
[00:07:21.320 --> 00:07:23.220]  住在家裡
[00:07:23.220 --> 00:07:25.980]  米家接待這五個人
[00:07:25.980 --> 00:07:28.560]  因為他們很有好客之道
[00:07:28.560 --> 00:07:30.660]  但是就引狼入室了
[00:07:30.660 --> 00:07:33.440]  這五個勇士發現了
[00:07:33.440 --> 00:07:36.900]  竟然有一個很年輕的利尾祭師
[00:07:36.900 --> 00:07:38.780]  因為聽出他的口音
[00:07:38.780 --> 00:07:40.300]  覺得很奇怪
[00:07:40.300 --> 00:07:42.080]  為什麼你會住在這裡呢?
[00:07:42.080 --> 00:07:43.700]  因為聽他的口音
[00:07:43.700 --> 00:07:46.640]  就知道他是利尾人
[00:07:46.640 --> 00:07:48.740]  但是由大而來的
[00:07:48.740 --> 00:07:51.000]  所以他是粗南方口音的
[00:07:51.000 --> 00:07:54.500]  但是彈著的地方是二百年的山地
[00:07:54.500 --> 00:07:56.200]  即是在北面
[00:07:56.200 --> 00:07:57.980]  所以很容易分得出來
[00:07:57.980 --> 00:08:02.320]  於是就問了三個很合理的問題
[00:08:02.320 --> 00:08:04.320]  第十八章第三節
[00:08:04.320 --> 00:08:06.720]  他們臨近米家的住宅
[00:08:06.720 --> 00:08:09.740]  聽出那少年利尾人的口音來
[00:08:09.740 --> 00:08:11.340]  就進去問他說
[00:08:11.340 --> 00:08:13.240]  誰領你到這裡來?
[00:08:13.240 --> 00:08:14.960]  你在這裡做什麼?
[00:08:14.960 --> 00:08:18.140]  你在這裡得什麼?
[00:08:18.140 --> 00:08:19.680]  這裡就很清楚地問他
[00:08:19.680 --> 00:08:21.060]  你是利尾人
[00:08:21.060 --> 00:08:23.320]  聽到你的口音就已經知道了
[00:08:23.320 --> 00:08:26.040]  是誰帶領你來的?
[00:08:26.040 --> 00:08:27.460]  如果你是那個利尾人
[00:08:27.460 --> 00:08:28.940]  你應該怎麼回答呢?
[00:08:28.940 --> 00:08:30.800]  特別是一個神職人員
[00:08:30.800 --> 00:08:34.260]  就會說:是神帶領我引領我來這裡的
[00:08:34.260 --> 00:08:35.760]  你在這裡做什麼?
[00:08:35.760 --> 00:08:39.120]  你在這裡又得到什麼呢?
[00:08:39.120 --> 00:08:44.840]  但是你留意到這個利尾人回答是很奇怪的
[00:08:44.840 --> 00:08:47.680]  好 第四節
[00:08:47.680 --> 00:08:51.000]  回答說:米家待我如此如此
[00:08:51.000 --> 00:08:52.900]  請我作祭司
[00:08:52.900 --> 00:08:54.240]  剛才我說
[00:08:54.240 --> 00:08:57.000]  人家問你第一個問題是誰帶領你來這裡?
[00:08:57.000 --> 00:08:59.580]  你應該說:是神帶領我來的
[00:08:59.580 --> 00:09:01.100]  但是你就已經看到
[00:09:01.100 --> 00:09:03.380]  這個所謂侍奉神的人
[00:09:03.380 --> 00:09:06.900]  完全沒有將神放在他的內心裏面
[00:09:06.900 --> 00:09:09.820]  神已經不是他生命中最重要的了
[00:09:09.820 --> 00:09:11.980]  因為利尾人侍奉的對象
[00:09:11.980 --> 00:09:14.320]  不要忘記是耶和華神
[00:09:14.320 --> 00:09:15.720]  而不是人
[00:09:15.720 --> 00:09:17.860]  這個時候他只是說
[00:09:17.860 --> 00:09:19.820]  米家怎樣對我?
[00:09:19.820 --> 00:09:20.960]  怎樣對我好?
[00:09:20.960 --> 00:09:22.620]  怎樣怎樣恩待我?
[00:09:22.620 --> 00:09:25.640]  所以我就做祂的祭司
[00:09:25.640 --> 00:09:26.640]  好了
[00:09:26.640 --> 00:09:28.340]  不要忘記
[00:09:28.340 --> 00:09:31.800]  一個利尾人應該是以神為重的
[00:09:31.800 --> 00:09:35.340]  我們看看《生命紀》第十八章
[00:09:35.340 --> 00:09:38.980]  利尾人無論既居在以色列中的那一宗
[00:09:38.980 --> 00:09:41.480]  在耶和華中的一心一意
[00:09:41.480 --> 00:09:43.820]  要不要繼續讀下去?
[00:09:43.820 --> 00:09:48.660]  若從那裡出來一心願意到耶和華所選擇的地方
[00:09:48.660 --> 00:09:51.560]  就要奉耶和華他神的名侍奉
[00:09:51.560 --> 00:09:56.620]  像他眾弟兄利尾人士立在耶和華面前侍奉一樣
[00:09:56.620 --> 00:09:57.840]  是 沒錯了
[00:09:57.840 --> 00:10:01.340]  這裡說到你應該要以神的事為重
[00:10:01.340 --> 00:10:04.960]  因為我近期這一區經常整路
[00:10:04.960 --> 00:10:07.800]  所以網絡有些不是很穩定
[00:10:07.800 --> 00:10:08.840]  所以我已經聽不到
[00:10:08.840 --> 00:10:10.520]  以往讀的東西沒有讀到
[00:10:10.520 --> 00:10:11.900]  好了
[00:10:11.900 --> 00:10:13.080]  你留意到的時候
[00:10:13.080 --> 00:10:15.400]  這個利尾人他心目中
[00:10:15.400 --> 00:10:18.980]  米家已經取代了耶和華
[00:10:18.980 --> 00:10:21.820]  因為米家就是米飯班主
[00:10:21.820 --> 00:10:27.180]  他只是奉新主人米家之名來去侍奉
[00:10:27.180 --> 00:10:30.760]  這五個勇士知道祂是神的僕人
[00:10:30.760 --> 00:10:32.780]  於是怎樣呢?
[00:10:32.780 --> 00:10:35.660]  「你為我們去求問神吧
[00:10:35.660 --> 00:10:37.360]  詢問一下神
[00:10:37.360 --> 00:10:41.780]  究竟我們前面的路應該要怎樣走呢?」
[00:10:41.780 --> 00:10:43.340]  第五節
[00:10:43.340 --> 00:10:45.960]  「我們對祂說:請祢求問神
[00:10:45.960 --> 00:10:49.820]  使我們知道所行的道路通達不通達」
[00:10:49.820 --> 00:10:52.820]  這班人似乎挺敬虔的
[00:10:52.820 --> 00:10:55.880]  你問問神的心意是如何呢?
[00:10:55.880 --> 00:10:59.200]  這五個勇士的問題
[00:10:59.200 --> 00:11:03.620]  顯示他們對神的信仰是很模糊的
[00:11:03.620 --> 00:11:07.580]  因為他們僅僅是用神一般的通稱來講神
[00:11:07.580 --> 00:11:09.080]  而不是用耶和華
[00:11:09.080 --> 00:11:12.680]  即是猶太人應該稱神為耶和華
[00:11:12.680 --> 00:11:17.100]  利尾人很可能是害怕這五個勇士
[00:11:17.100 --> 00:11:21.660]  於是就馬上代他們來求問神
[00:11:21.660 --> 00:11:24.540]  他可能就是用偶像來求問神
[00:11:24.540 --> 00:11:28.840]  因為利尾人應該是用污名普名來求問神
[00:11:28.840 --> 00:11:32.380]  但這個信仰已經偏差的利尾人
[00:11:32.380 --> 00:11:35.020]  可能就是用拜偶像的方法去求問
[00:11:35.020 --> 00:11:38.080]  表面上他們是很敬虔
[00:11:38.080 --> 00:11:43.300]  但外表未必是永遠的真實
[00:11:43.300 --> 00:11:45.760]  口頭上的表白
[00:11:45.760 --> 00:11:49.260]  根本就不是真實信仰的指標
[00:11:49.260 --> 00:11:52.380]  正如米加的母親
[00:11:52.380 --> 00:11:54.300]  她好像很敬虔
[00:11:54.300 --> 00:11:58.120]  求神來帶她去奉祭偷她錢的人
[00:11:58.120 --> 00:12:00.180]  但她又做甚麼呢?
[00:12:00.180 --> 00:12:03.680]  她沒有按她的承諾奉獻錢給神
[00:12:03.680 --> 00:12:04.280]  好了
[00:12:04.280 --> 00:12:07.600]  祭司和這五個勇士的信仰表白
[00:12:07.600 --> 00:12:10.040]  都是令人質疑的
[00:12:10.040 --> 00:12:13.020]  甚至那個人有沒有求問神
[00:12:13.020 --> 00:12:13.960]  我也不知道
[00:12:13.960 --> 00:12:17.300]  但他已經給了一個很肯定的答案
[00:12:17.300 --> 00:12:19.000]  第六節
[00:12:19.000 --> 00:12:20.640]  「祭司對他們說:
[00:12:20.640 --> 00:12:23.100]  你們可以平平安安的去
[00:12:23.100 --> 00:12:27.160]  你們所行的道路是在耶和華面前的」
[00:12:27.160 --> 00:12:29.660]  祂就說:你們可以很平安的去
[00:12:29.660 --> 00:12:30.900]  神會祝福你的
[00:12:30.900 --> 00:12:33.020]  究竟神是否真的會祝福這班人呢?
[00:12:33.020 --> 00:12:36.260]  我絕對不會相信神會祝福這班人
[00:12:36.260 --> 00:12:38.520]  因為他們是強搶別人的地方
[00:12:38.520 --> 00:12:39.380]  甚至殺人
[00:12:39.380 --> 00:12:41.400]  這絕對不會是神的心意
[00:12:41.400 --> 00:12:43.880]  但這個所謂神的復仁
[00:12:43.880 --> 00:12:50.040]  他就冒稱或者妄稱神的名
[00:12:50.040 --> 00:12:53.440]  就發出這個平平安安的宣告
[00:12:53.440 --> 00:12:54.920]  在聶王記
[00:12:54.920 --> 00:12:57.140]  你見到很多建制的先知
[00:12:57.140 --> 00:12:58.800]  恆常都是這樣
[00:12:58.800 --> 00:13:00.060]  他為了錢
[00:13:00.060 --> 00:13:03.920]  就來講彈人喜歡聽的說話
[00:13:03.920 --> 00:13:06.600]  我們看到彈支派的人
[00:13:06.600 --> 00:13:08.720]  怎樣搶奪人的地圖
[00:13:08.720 --> 00:13:12.800]  這個祭司給了他們很正面的神的曉喻
[00:13:12.800 --> 00:13:15.640]  但這個是不是真的來自神的信息呢?
[00:13:15.640 --> 00:13:16.880]  應該不是
[00:13:16.880 --> 00:13:19.180]  這位祭司妄稱神的名
[00:13:19.180 --> 00:13:23.060]  他是在利用神的名來有利自己
[00:13:23.060 --> 00:13:28.220]  但這個信息就加強了這些勇士的膽量
[00:13:28.220 --> 00:13:31.100]  叫他們繼續去做窺探的工作
[00:13:31.100 --> 00:13:37.140]  他們發現了一個很輕易征服的地方
[00:13:37.140 --> 00:13:40.380]  發覺那裏的人是安居無慮
[00:13:40.380 --> 00:13:45.560]  於是他就攻擊那些毫無防衛孤立的群體
[00:13:45.560 --> 00:13:50.820]  我們看看第十八章第七到第十一節
[00:13:50.820 --> 00:13:53.700]  五人就走了 來到拉翼
[00:13:53.700 --> 00:13:55.940]  見那裏的民安居無慮
[00:13:55.940 --> 00:13:58.140]  如同西頓人安居一樣
[00:13:58.140 --> 00:14:01.360]  在那裏沒有人掌權擾亂他們
[00:14:01.360 --> 00:14:03.820]  他們離西頓人也遠
[00:14:03.820 --> 00:14:05.680]  與別人沒有來往
[00:14:05.680 --> 00:14:09.560]  五人回到所拉和以實圖見他們的弟兄
[00:14:09.560 --> 00:14:10.980]  弟兄問他們說
[00:14:10.980 --> 00:14:12.540]  你們有什麼話
[00:14:12.540 --> 00:14:13.940]  他們回答說
[00:14:13.940 --> 00:14:16.780]  起來 我們想去攻擊塔姆伯
[00:14:16.780 --> 00:14:18.760]  我們已經窺探那裏
[00:14:18.760 --> 00:14:20.160]  見那裏神好
[00:14:20.160 --> 00:14:22.180]  你們為何靜坐不動呢?
[00:14:22.180 --> 00:14:26.140]  要急速前往得那裏為燕 不可遲
[00:14:26.140 --> 00:14:29.700]  你們到了那裏必看見安居無慮的民
[00:14:29.700 --> 00:14:30.980]  地也寬闊
[00:14:30.980 --> 00:14:33.700]  神已將那裏交在你們手中
[00:14:33.700 --> 00:14:36.580]  那裏百物俱全 一無所缺
[00:14:36.580 --> 00:14:40.700]  於是但俗人中的六百人各帶兵器
[00:14:40.700 --> 00:14:43.620]  從所拉和以實圖前往
[00:14:43.620 --> 00:14:45.800]  你看到這段經文是什麽呢?
[00:14:45.800 --> 00:14:49.500]  拉伊這個地方以前叫利綫
[00:14:49.500 --> 00:14:53.740]  距離推羅大概有48公里
[00:14:53.740 --> 00:14:56.300]  離大馬色有64公里
[00:14:56.300 --> 00:14:59.160]  是約旦河其中一個源頭
[00:14:59.160 --> 00:15:00.660]  從這裏流出來的
[00:15:00.660 --> 00:15:03.660]  考古學家發掘了告訴我
[00:15:03.660 --> 00:15:07.740]  當時這個地方是沒有城牆的
[00:15:07.740 --> 00:15:11.040]  即是說他們無險可守
[00:15:11.040 --> 00:15:14.540]  但這班人因為較為偏遠的地方
[00:15:14.540 --> 00:15:16.540]  所以安居無慮
[00:15:16.540 --> 00:15:19.460]  而且他們的物質非常豐富
[00:15:19.460 --> 00:15:23.020]  另一方面因為位處偏遠的山谷地帶
[00:15:23.020 --> 00:15:25.700]  西北面有尼巴嫩的山
[00:15:25.700 --> 00:15:28.740]  和西頓隔開了
[00:15:28.740 --> 00:15:32.740]  東北面有黑門山和阿蘭寮隔開了
[00:15:32.740 --> 00:15:35.940]  記住優點可以成為缺點
[00:15:35.940 --> 00:15:38.220]  他們似乎與西隔絕
[00:15:38.220 --> 00:15:42.340]  但被人攻擊時沒有城池可守
[00:15:42.340 --> 00:15:45.100]  亦沒有外人可以來搭救
[00:15:45.100 --> 00:15:48.540]  因為拉伊屬於西頓人所管理
[00:15:48.540 --> 00:15:50.140]  但兩者距離很遠
[00:15:50.140 --> 00:15:51.820]  很簡單舉個例子
[00:15:51.820 --> 00:15:54.500]  有些人可能在英國居住
[00:15:54.500 --> 00:15:58.500]  在香港居住在一些郊區很遠的地方
[00:15:58.500 --> 00:16:00.140]  甚至是渺無人煙
[00:16:00.140 --> 00:16:01.200]  是有好處的
[00:16:01.200 --> 00:16:02.420]  空氣又好
[00:16:02.420 --> 00:16:04.060]  又不會那麼嘈雜
[00:16:04.060 --> 00:16:05.200]  又不會那麼煩
[00:16:05.200 --> 00:16:06.960]  又不會有那麽多是非
[00:16:06.960 --> 00:16:08.740]  但如果被人包夾
[00:16:08.740 --> 00:16:11.160]  甚至被人打劫的話
[00:16:11.160 --> 00:16:14.860]  沒有人可以呼救幫到手
[00:16:14.860 --> 00:16:17.540]  如果住在旺的地方
[00:16:17.540 --> 00:16:19.640]  亦有他的煩惱
[00:16:19.640 --> 00:16:20.780]  亦有好處
[00:16:20.780 --> 00:16:23.960]  可以來帶去守望相助
[00:16:23.960 --> 00:16:24.960]  如果肯的話
[00:16:24.960 --> 00:16:27.440]  但現在這班人
[00:16:27.440 --> 00:16:30.260]  他們其實是屬於西頓所管理
[00:16:30.260 --> 00:16:31.900]  但西頓距離很遠
[00:16:31.900 --> 00:16:37.020]  就好像英國人或者我們對英國較熟悉的
[00:16:37.020 --> 00:16:39.580]  當年有福克蘭戰爭
[00:16:39.580 --> 00:16:43.280]  但福克蘭距離英國很遠
[00:16:43.280 --> 00:16:45.960]  反而是近阿根廷
[00:16:45.960 --> 00:16:47.980]  所以他們有事的時候
[00:16:47.980 --> 00:16:52.200]  英國是要派艦隊很遠去打福克蘭
[00:16:52.200 --> 00:16:57.560]  所以西頓政府亦未能夠即時給他們支援保護
[00:16:57.560 --> 00:16:59.680]  因為真是邊長莫及
[00:16:59.680 --> 00:17:03.520]  好了 西頓人和推羅人是有關
[00:17:03.520 --> 00:17:06.760]  所以聖經經常將推羅和西頓放在一起
[00:17:06.760 --> 00:17:09.260]  他們屬於肥尼基人
[00:17:09.260 --> 00:17:11.000]  是沿海地方
[00:17:11.000 --> 00:17:16.180]  以航海科技和經濟上有很好的發展為名
[00:17:16.180 --> 00:17:18.400]  但拉易這個地方
[00:17:18.400 --> 00:17:22.200]  距離海岸很遠很遠
[00:17:22.200 --> 00:17:24.280]  亦遠離西頓
[00:17:24.280 --> 00:17:26.840]  所以他們過著很安舒的生活
[00:17:26.840 --> 00:17:30.440]  他們完全沒有估計到有人會侵略他們
[00:17:30.440 --> 00:17:33.960]  所以他們成為很容易擄掠的對象
[00:17:33.960 --> 00:17:36.720]  拉易是極為興盛
[00:17:36.720 --> 00:17:38.900]  所以征服者 你們有沒有留意到
[00:17:38.900 --> 00:17:41.520]  征服了他們之後 擄掠了他們的財富
[00:17:41.520 --> 00:17:43.380]  就可以過安舒的生活
[00:17:43.380 --> 00:17:46.680]  而且他們更加不需要花費很多
[00:17:46.680 --> 00:17:49.360]  就可以擁有一個不錯的城市
[00:17:49.360 --> 00:17:52.720]  所以這五個勇士傳給自己的支派
[00:17:52.720 --> 00:17:55.380]  是一個很正面的情報
[00:17:55.380 --> 00:17:57.680]  使得他們非常興奮
[00:17:57.680 --> 00:18:04.060]  就說當年差派十二支派的代表去探加南地
[00:18:04.060 --> 00:18:07.180]  加勒就指出那個是留乃與物之地
[00:18:07.180 --> 00:18:10.480]  如果他拿到這個地方就一定是很大的祝福
[00:18:10.480 --> 00:18:15.360]  所以這五個勇士照樣講出是很正面的
[00:18:15.360 --> 00:18:18.920]  就說到我們如果搶了這個地方的時候
[00:18:18.920 --> 00:18:20.880]  我們就發了
[00:18:20.880 --> 00:18:23.240]  而且我們一定贏的
[00:18:23.240 --> 00:18:25.960]  他們是在走捷徑
[00:18:25.960 --> 00:18:29.460]  他們是怎樣考慮呢?
[00:18:29.460 --> 00:18:32.920]  就是哪個地方容易獲取
[00:18:32.920 --> 00:18:35.800]  這個就是他們優先考慮的因素
[00:18:35.800 --> 00:18:38.080]  不要忘記 我們一開始見到他們說
[00:18:38.080 --> 00:18:41.280]  但其實已經分派了土地
[00:18:41.280 --> 00:18:44.380]  但是他們覺得那個土地
[00:18:44.380 --> 00:18:47.240]  有那些外族人在那裏
[00:18:47.240 --> 00:18:49.960]  很難帶進去對付他們
[00:18:49.960 --> 00:18:53.460]  於是他們就另覓方法
[00:18:53.460 --> 00:18:58.280]  甚至他們覺得只需要一小小的土地
[00:18:58.280 --> 00:19:00.900]  就可以滿足到他們的需求
[00:19:00.900 --> 00:19:05.280]  他們一點都不在乎神為他們所預備豐富的祝福
[00:19:05.280 --> 00:19:07.840]  因為是神分派了那個地方給他們
[00:19:07.840 --> 00:19:09.560]  一定是最好的
[00:19:09.560 --> 00:19:13.060]  但是他們面對一點點的困難
[00:19:13.060 --> 00:19:14.800]  於是就萎縮了
[00:19:14.800 --> 00:19:18.620]  他們已經將神所觀察最美的地方
[00:19:18.620 --> 00:19:20.220]  交到他們手裏
[00:19:20.220 --> 00:19:24.260]  但是他們沒有它好地擁有
[00:19:24.260 --> 00:19:26.460]  反而認為現在這個時候是怎樣呢?
[00:19:26.460 --> 00:19:27.940]  是神給他的
[00:19:27.940 --> 00:19:29.520]  所以他們說甚麼呢?
[00:19:29.520 --> 00:19:35.020]  今天是耶和華將這個土地留給我們的
[00:19:35.020 --> 00:19:38.700]  這不就是妄稱神的名嗎?
[00:19:38.700 --> 00:19:44.500]  當然他們是被所謂的神的僕人
[00:19:44.500 --> 00:19:46.740]  那個利美人誤導了
[00:19:46.740 --> 00:19:48.800]  因為以為是神的僕人
[00:19:48.800 --> 00:19:52.820]  當我們帶進去問他的時候
[00:19:52.820 --> 00:19:53.820]  他說是可以的
[00:19:53.820 --> 00:19:55.700]  是神賜福給我們的
[00:19:55.700 --> 00:19:57.240]  所以今天我經常這樣說
[00:19:57.240 --> 00:19:58.520]  包括我在內
[00:19:58.520 --> 00:20:00.680]  就是牧者要說的話
[00:20:00.680 --> 00:20:02.560]  你都要細心的咀嚼
[00:20:02.560 --> 00:20:04.240]  然後才是好接受
[00:20:04.240 --> 00:20:07.600]  因為有些牧者可能是為了自己的私利
[00:20:07.600 --> 00:20:09.140]  為了很多的因素
[00:20:09.140 --> 00:20:12.120]  說的信息是會有偏差的
[00:20:12.120 --> 00:20:14.480]  因為接受偏差的信息
[00:20:14.480 --> 00:20:16.940]  可能就會帶來錯誤的行動
[00:20:16.940 --> 00:20:20.360]  他們以神的名去攻打這些弱小的群體
[00:20:20.360 --> 00:20:24.400]  稍後我們見到他們只是帶600人去
[00:20:24.400 --> 00:20:27.200]  就輕鬆奪取了拉役
[00:20:27.200 --> 00:20:30.600]  可見這場戰爭其實是很容易的
[00:20:30.600 --> 00:20:34.400]  與史詩的其他戰爭的軍隊數目相比
[00:20:34.400 --> 00:20:37.700]  這次根本不是一項軍事行動
[00:20:37.700 --> 00:20:39.400]  600人的軍事行動
[00:20:39.400 --> 00:20:44.840]  記不記得巴拉 即是底波拉與他們一起合作
[00:20:44.840 --> 00:20:48.080]  一個人就要動員超過一萬名的軍兵
[00:20:48.080 --> 00:20:51.560]  來對抗西西拉的軍隊
[00:20:51.560 --> 00:20:53.640]  他們似乎表現卓越
[00:20:53.640 --> 00:20:58.080]  但其實是沒有膽量面對他們應該面對的敵人
[00:20:58.080 --> 00:21:00.720]  就是阿摩尼人
[00:21:00.720 --> 00:21:03.140]  他們是捨難取義
[00:21:03.140 --> 00:21:05.860]  但這絕對不是神的心意
[00:21:05.860 --> 00:21:08.480]  我們會不會有時都犯了這個錯呢?
[00:21:08.480 --> 00:21:11.340]  神要我們取得一些東西但是一定要付代價
[00:21:11.340 --> 00:21:13.360]  我們要努力的擺上
[00:21:13.360 --> 00:21:15.280]  但有時我們就不想了
[00:21:15.280 --> 00:21:17.000]  我們甚至會走捷徑
[00:21:17.000 --> 00:21:19.040]  就以為這是神的祝福
[00:21:19.040 --> 00:21:21.520]  拉役雖然是一個很小的地方
[00:21:21.520 --> 00:21:24.420]  而且防禦力不強的
[00:21:24.420 --> 00:21:27.360]  但他們為了確保情報正確
[00:21:27.360 --> 00:21:29.560]  他們要更大的確據
[00:21:29.560 --> 00:21:32.320]  就在他們採取軍事行動之前
[00:21:32.320 --> 00:21:37.720]  再走回去米加那個住宅裏面找那個祭司
[00:21:37.720 --> 00:21:40.760]  因為他們相信有祭司陪伴他們的時候
[00:21:40.760 --> 00:21:42.520]  信心就會大了
[00:21:42.520 --> 00:21:46.420]  就好像巴拉爾和底波拉陪伴他們一樣
[00:21:46.420 --> 00:21:51.160]  好 我們看看《釋詩記》第十八章第十二節
[00:21:51.160 --> 00:22:06.040]  他們已經上到猶大的基列耶林的後邊安營
[00:22:06.040 --> 00:22:09.580]  但有沒有留意到是猶大那個地方
[00:22:09.580 --> 00:22:12.900]  但沒有向猶大請求幫助
[00:22:12.900 --> 00:22:16.120]  反而轉向米加的住宅
[00:22:16.120 --> 00:22:20.580]  因為我們看到米加的家裏面有神像
[00:22:20.580 --> 00:22:23.800]  有以弗德更加有神的僕人
[00:22:23.800 --> 00:22:26.960]  所以覺得如果得到這些神靈保護的時候
[00:22:26.960 --> 00:22:29.240]  就萬無一失了
[00:22:29.240 --> 00:22:31.120]  於是他們做些甚麼呢?
[00:22:31.120 --> 00:22:34.200]  我們看看13到第14節
[00:22:36.040 --> 00:22:39.100]  百年山地去 來到米加的住宅
[00:22:39.100 --> 00:22:42.560]  從前窺探拉益地的五個人
[00:22:42.560 --> 00:22:44.260]  對他們的弟兄說
[00:22:44.260 --> 00:22:47.840]  這宅子女有以弗德和家中的神像
[00:22:47.840 --> 00:22:50.500]  並雕刻的像與鑄成的像
[00:22:50.500 --> 00:22:55.180]  你們知道嗎?現在你們要上一上當怎樣行?
[00:22:55.180 --> 00:22:58.560]  這幫勇士回去跟他們說
[00:22:58.560 --> 00:23:01.860]  我們曾經住過米加的家
[00:23:01.860 --> 00:23:04.060]  這間家很大很有錢的
[00:23:04.060 --> 00:23:07.100]  但最特別的是甚麼呢?有以弗德
[00:23:07.100 --> 00:23:10.120]  還有神像 還有雕刻的像
[00:23:10.120 --> 00:23:12.780]  還有鑄成的像 你想想有多少像
[00:23:12.780 --> 00:23:14.260]  還有祭司
[00:23:14.260 --> 00:23:17.380]  你想想 我們應該怎樣做呢?
[00:23:17.380 --> 00:23:19.420]  結果這幫人
[00:23:19.420 --> 00:23:21.060]  彈這個支派
[00:23:21.060 --> 00:23:23.700]  就做了一件以前極少
[00:23:23.700 --> 00:23:26.460]  甚至沒有出現過的事
[00:23:26.460 --> 00:23:31.520]  他們搶奪了另一種信仰的宗教物品
[00:23:31.520 --> 00:23:35.240]  還搶奪了神職人員
[00:23:35.240 --> 00:23:38.240]  他們認為有這些神像的時候
[00:23:38.240 --> 00:23:42.200]  就會為他們帶來了好運
[00:23:42.200 --> 00:23:44.600]  戰爭就會得到勝利
[00:23:44.600 --> 00:23:48.000]  所以越搶得多就越有祝福
[00:23:48.000 --> 00:23:51.420]  這顯示了他們完全沒有正確的神學觀
[00:23:51.420 --> 00:23:54.620]  他們要搶其他人的地方
[00:23:54.620 --> 00:23:57.320]  財物、宗教物品
[00:23:57.320 --> 00:23:59.320]  還要擄劫一些人
[00:23:59.320 --> 00:24:03.780]  所以你看到彈族其實都已經非常敗壞
[00:24:03.780 --> 00:24:07.560]  神是可以被你搶奪的嗎?
[00:24:07.560 --> 00:24:09.400]  這反映出彈支派的人
[00:24:09.400 --> 00:24:11.080]  他們的宗教態度
[00:24:11.080 --> 00:24:15.500]  都是利用神作為有利自己的方式
[00:24:15.500 --> 00:24:16.820]  去搶奪偶像
[00:24:16.820 --> 00:24:21.260]  是因為認為這些偶像對他們有幫助
[00:24:21.260 --> 00:24:24.660]  他們又以偶像代替了
[00:24:24.660 --> 00:24:29.660]  在西麗山上頒佈律法給他們的耶和華神
[00:24:29.660 --> 00:24:32.020]  好了 接下來我講
[00:24:32.020 --> 00:24:34.940]  其實重點是在這個利美人那裏
[00:24:34.940 --> 00:24:39.220]  他就為利益來跳槽
[00:24:39.220 --> 00:24:42.940]  《史詩記》第18章15到17節
[00:24:42.940 --> 00:24:45.500]  「五人就進入米加的住宅
[00:24:45.500 --> 00:24:49.580]  到了那少年利美人的房內問他好
[00:24:49.580 --> 00:24:53.340]  那六百大人各帶兵器站在門口
[00:24:53.340 --> 00:24:56.040]  窺探地的五個人走進入去
[00:24:56.040 --> 00:24:59.340]  將吊鄉的像、爾弗德、家中的神像
[00:24:59.340 --> 00:25:01.740]  並鑄成的像都拿了去
[00:25:01.740 --> 00:25:05.980]  祭司和帶兵器的六百人一同站在門口」
[00:25:05.980 --> 00:25:08.020]  你有沒有留意到這六百人
[00:25:08.020 --> 00:25:12.140]  就配備兵器去打那個城
[00:25:12.140 --> 00:25:15.440]  然後就在屋裏面重重包圍
[00:25:15.440 --> 00:25:18.240]  然後由那五個勇士
[00:25:18.240 --> 00:25:22.520]  所謂勇士就進去搶奪屋裏面的物品
[00:25:22.520 --> 00:25:24.520]  他們是怕屋主反抗
[00:25:24.520 --> 00:25:26.880]  或者有其他人會跟他們爭奪
[00:25:26.880 --> 00:25:28.620]  走進去
[00:25:28.620 --> 00:25:30.620]  漁民的意思是闖進去
[00:25:30.620 --> 00:25:32.420]  是強行衝進去的
[00:25:32.420 --> 00:25:34.160]  是有攻擊的意思
[00:25:34.160 --> 00:25:37.900]  還有他們是來自以實圖
[00:25:37.900 --> 00:25:41.120]  記不記得這個地方有什麼事發生?
[00:25:41.120 --> 00:25:45.360]  就是參宣出生和死的地方
[00:25:45.360 --> 00:25:50.400]  當日參宣一個人就擊殺了三千的非利士人
[00:25:50.400 --> 00:25:53.720]  如果這件事發生在參宣的後期的話
[00:25:53.720 --> 00:25:56.340]  這班人竟然用人海戰術
[00:25:56.340 --> 00:25:59.800]  來搶奪一個普通的家庭財物
[00:25:59.800 --> 00:26:02.640]  所以就顯出這班人的愚昧
[00:26:02.640 --> 00:26:06.200]  這班人借神的名來行事
[00:26:06.200 --> 00:26:09.300]  其實是一班倚靠數目
[00:26:09.300 --> 00:26:12.040]  以多欺少的人
[00:26:12.040 --> 00:26:15.340]  這班正式是膽小的懦夫
[00:26:15.340 --> 00:26:17.540]  他們只是倚靠人的力量
[00:26:17.540 --> 00:26:22.820]  而完全輕忽了神的眷顧和祝福
[00:26:22.820 --> 00:26:24.340]  好了
[00:26:24.340 --> 00:26:26.940]  米加的家庭的年輕祭司
[00:26:26.940 --> 00:26:29.840]  看到這個情形的時候
[00:26:29.840 --> 00:26:31.840]  他當然很震驚
[00:26:31.840 --> 00:26:36.200]  因為他們搶奪了米加家中所有的神像
[00:26:36.200 --> 00:26:38.840]  所以這個祭司質問他們
[00:26:38.840 --> 00:26:41.840]  第十八節
[00:26:41.840 --> 00:26:44.920]  那五個人進入米加的住宅
[00:26:44.920 --> 00:26:46.420]  拿出雕刻的像
[00:26:46.420 --> 00:26:49.800]  而不得家中的神像並鑄成的像
[00:26:49.800 --> 00:26:51.340]  祭司就問他們說
[00:26:51.340 --> 00:26:54.180]  「你滿足甚麼呢?」
[00:26:54.180 --> 00:26:58.440]  其實他已經見到那些人搶了
[00:26:58.440 --> 00:27:00.440]  米加家中的神像
[00:27:00.440 --> 00:27:03.320]  還在問「你們做甚麼呀?」
[00:27:03.320 --> 00:27:05.120]  所以這個問題
[00:27:05.120 --> 00:27:07.720]  其實不是為了要得答案的
[00:27:07.720 --> 00:27:09.720]  只是表示震驚而已
[00:27:09.720 --> 00:27:12.400]  很簡單舉個例子
[00:27:12.400 --> 00:27:14.120]  爸爸媽媽
[00:27:14.120 --> 00:27:15.620]  去完街買東西回來
[00:27:15.620 --> 00:27:20.620]  看見兒子正在偷東西吃
[00:27:20.620 --> 00:27:23.960]  拿著吃了一半的朱古力
[00:27:23.960 --> 00:27:26.540]  媽媽就問「你在做甚麼呀?」
[00:27:26.540 --> 00:27:31.280]  難道媽媽不知道他在偷朱古力吃嗎?
[00:27:31.280 --> 00:27:33.860]  但是就會問他「你在做甚麼呢?」
[00:27:33.860 --> 00:27:35.620]  同樣的道理
[00:27:35.620 --> 00:27:39.980]  這個完全漠視了自己拜偶像的祭司
[00:27:39.980 --> 00:27:43.960]  質問別人你搶劫的罪行
[00:27:43.960 --> 00:27:45.680]  但是有沒有反省
[00:27:45.680 --> 00:27:48.840]  自己在這個充滿拜偶像的家庭裏
[00:27:48.840 --> 00:27:50.460]  又是在做甚麼呢?
[00:27:50.460 --> 00:27:51.940]  你懂得問別人「你在做甚麼呢?」
[00:27:51.940 --> 00:27:54.820]  他要問自己「我在這裏做甚麼呢?」
[00:27:54.820 --> 00:27:56.820]  這班人如何回答呢?
[00:27:56.820 --> 00:27:58.480]  第十九節
[00:27:58.480 --> 00:27:59.820]  「他們回答說
[00:27:59.820 --> 00:28:00.740]  不要作聲
[00:28:00.740 --> 00:28:02.160]  用手呼喉
[00:28:02.160 --> 00:28:04.160]  口:跟我們去吧
[00:28:04.160 --> 00:28:05.940]  我們必以你為父
[00:28:05.940 --> 00:28:06.900]  為祭司
[00:28:06.900 --> 00:28:08.900]  你作一家的祭司好呢?
[00:28:08.900 --> 00:28:13.640]  還是作以色列一族一支派的祭司好呢?」
[00:28:13.640 --> 00:28:18.240]  這班人被這位年輕祭司問他的時候
[00:28:18.240 --> 00:28:20.640]  他就沒有正面回答
[00:28:20.640 --> 00:28:21.700]  「我搶你的東西?」
[00:28:21.700 --> 00:28:24.120]  即是說「你閉嘴啊!」
[00:28:24.120 --> 00:28:25.100]  「不要作聲
[00:28:25.100 --> 00:28:25.960]  用手呼喉」
[00:28:25.960 --> 00:28:31.460]  是一個非常沒有禮貌的意思表達
[00:28:31.460 --> 00:28:33.220]  「閉上你的烏嘴啊!」
[00:28:33.220 --> 00:28:34.220]  「你說甚麼啊你?」
[00:28:34.220 --> 00:28:35.220]  就是這樣
[00:28:35.220 --> 00:28:37.220]  是一個很粗魯的說法
[00:28:37.220 --> 00:28:42.820]  亦表示對這個人是沒有一絲的敬意的
[00:28:42.820 --> 00:28:44.820]  但接著他又開出一個條件
[00:28:44.820 --> 00:28:47.100]  他說「你想一想
[00:28:47.100 --> 00:28:49.120]  現在你作一個家庭
[00:28:49.120 --> 00:28:51.120]  米家的家庭祭司
[00:28:51.120 --> 00:28:55.580]  到底願不願意來我們這個氮族裏面
[00:28:55.580 --> 00:28:57.920]  作我們氮族的祭司?」
[00:28:57.920 --> 00:29:01.040]  接著他又重覆出現
[00:29:01.040 --> 00:29:04.520]  「我們必定以你為父
[00:29:04.520 --> 00:29:05.520]  為祭司
[00:29:05.520 --> 00:29:07.520]  好像很尊敬你」
[00:29:07.520 --> 00:29:09.520]  記不記得米家也是這樣說的
[00:29:09.520 --> 00:29:10.520]  上一集有講過
[00:29:10.520 --> 00:29:12.020]  大家可以來看一看
[00:29:12.020 --> 00:29:13.220]  但有沒有真的尊敬他呢?
[00:29:13.220 --> 00:29:14.720]  米家當他是兒子而已
[00:29:14.720 --> 00:29:16.720]  當他來是公平地洗他而已
[00:29:16.720 --> 00:29:18.720]  現在這班人說「我會以你為父」
[00:29:18.720 --> 00:29:20.720]  但其實這班人只是「閉上你的烏嘴啊!」
[00:29:20.720 --> 00:29:21.720]  「你說那麼多話」
[00:29:21.720 --> 00:29:23.720]  所以表面上是尊敬
[00:29:23.720 --> 00:29:25.720]  但完全沒有
[00:29:25.720 --> 00:29:28.720]  其實他是一個神職人員
[00:29:28.720 --> 00:29:31.720]  在以色列祭司是具有屬靈的權威的
[00:29:31.720 --> 00:29:35.720]  可以指示子民應該要做的是甚麼事
[00:29:35.720 --> 00:29:37.720]  所以這五個探子的對話
[00:29:37.720 --> 00:29:41.720]  就顯示他們對這個年輕的祭司的輕描
[00:29:41.720 --> 00:29:44.720]  甚至倒轉指引這個祭司
[00:29:44.720 --> 00:29:46.720]  你應該要做些甚麼
[00:29:46.720 --> 00:29:49.720]  所以一個人沒有尊重神的時候
[00:29:49.720 --> 00:29:52.720]  同樣地他也不會讓別人尊重他
[00:29:52.720 --> 00:29:55.720]  他提出一個很吸引的條件
[00:29:55.720 --> 00:29:59.720]  這個條件和他之前收到的很相似
[00:29:59.720 --> 00:30:01.720]  但他們現在特別指出
[00:30:01.720 --> 00:30:04.720]  你現在只是做一個家庭的祭司而已
[00:30:04.720 --> 00:30:06.720]  如果成為一個支派的祭司
[00:30:06.720 --> 00:30:08.720]  豈不是地位更高
[00:30:08.720 --> 00:30:10.720]  收入更好嗎?
[00:30:10.720 --> 00:30:15.720]  他所提供的是一個更新、更好的職位
[00:30:15.720 --> 00:30:21.720]  這個以侍奉作為穩食的祭司
[00:30:21.720 --> 00:30:25.720]  對他們來說是一個天大的喜訊
[00:30:25.720 --> 00:30:27.720]  真是喜出望外
[00:30:27.720 --> 00:30:29.720]  是一個升職的機會
[00:30:29.720 --> 00:30:35.720]  他完全沒有想過米家家庭被劫的情況
[00:30:35.720 --> 00:30:42.720]  他們的感受他就馬上答應了
[00:30:42.720 --> 00:30:43.720]  第20節
[00:30:43.720 --> 00:30:45.720]  祭司心裡喜悅
[00:30:45.720 --> 00:30:48.720]  便拿著以弗德和家中的神像
[00:30:48.720 --> 00:30:51.720]  並雕刻的像進入他們中間
[00:30:51.720 --> 00:30:53.720]  聽到很悲哀嗎?
[00:30:53.720 --> 00:30:55.720]  他聽到這個條件
[00:30:55.720 --> 00:30:58.720]  他心中喜悅了
[00:30:58.720 --> 00:31:02.720]  這就顯出這個人為甚麼去侍奉
[00:31:02.720 --> 00:31:04.720]  他很興奮地拿著以弗德
[00:31:04.720 --> 00:31:07.720]  家中的神像和雕刻的像
[00:31:07.720 --> 00:31:09.720]  跟著他們離開
[00:31:09.720 --> 00:31:11.720]  因為很開心
[00:31:11.720 --> 00:31:13.720]  因為有更優厚的條件
[00:31:13.720 --> 00:31:16.720]  完全沒有問神可不可以走
[00:31:16.720 --> 00:31:18.720]  就即時跳槽
[00:31:18.720 --> 00:31:22.720]  他將侍奉變成一個商業行動
[00:31:22.720 --> 00:31:23.720]  是很可悲的
[00:31:23.720 --> 00:31:25.720]  更可悲的是
[00:31:25.720 --> 00:31:29.720]  他本身已經是一個腐敗的侍奉者
[00:31:29.720 --> 00:31:32.720]  米家家中有神像和雕刻的像
[00:31:32.720 --> 00:31:35.720]  已經顯明犯了十誡裡
[00:31:35.720 --> 00:31:37.720]  不可雕刻外像的律例
[00:31:37.720 --> 00:31:38.720]  但這個神的僕人
[00:31:38.720 --> 00:31:40.720]  竟然沒有指出他們的錯
[00:31:40.720 --> 00:31:43.720]  更加來同流合污
[00:31:43.720 --> 00:31:46.720]  可見他本身是為了謀生
[00:31:46.720 --> 00:31:48.720]  在謀生好的生活下
[00:31:48.720 --> 00:31:50.720]  而違反真理
[00:31:50.720 --> 00:31:52.720]  而不覺得有問題
[00:31:52.720 --> 00:31:54.720]  而且這個利美人
[00:31:54.720 --> 00:31:57.720]  見好的機會就走了
[00:31:57.720 --> 00:32:01.720]  他忘記了米家曾經對他好
[00:32:01.720 --> 00:32:03.720]  他應該對米家都有責任
[00:32:03.720 --> 00:32:05.720]  和有義務
[00:32:05.720 --> 00:32:08.720]  他更加忘記了米家對他的恩惠
[00:32:08.720 --> 00:32:12.720]  他竟然夾粉偷了米家的神像
[00:32:12.720 --> 00:32:14.720]  以法德去跳槽
[00:32:14.720 --> 00:32:17.720]  所以喜悅這個詞
[00:32:17.720 --> 00:32:20.720]  表達了他一個很卑鄙的制思
[00:32:20.720 --> 00:32:23.720]  在這裡想分享一下自己的一些經歷
[00:32:23.720 --> 00:32:25.720]  在冥恩堂三十年
[00:32:25.720 --> 00:32:28.720]  今年離開了第十年
[00:32:28.720 --> 00:32:30.720]  在這三十年裡
[00:32:30.720 --> 00:32:32.720]  我告訴大家
[00:32:32.720 --> 00:32:37.720]  有幾間教會叫我跳槽的
[00:32:37.720 --> 00:32:41.720]  包括紐西蘭的宣道會
[00:32:41.720 --> 00:32:43.720]  在奧克蘭的
[00:32:43.720 --> 00:32:47.720]  在香港的養和醫院對面
[00:32:47.720 --> 00:32:49.720]  我不怕說因為是事實
[00:32:49.720 --> 00:32:52.720]  就是閩南堂
[00:32:52.720 --> 00:32:56.720]  那時我開了冥恩堂十年多
[00:32:56.720 --> 00:33:01.720]  他透過第三者一位姓胡的已經離開世界的牧師
[00:33:01.720 --> 00:33:04.720]  問我可不可以去他那裡侍奉
[00:33:04.720 --> 00:33:05.720]  我拒絕了
[00:33:05.720 --> 00:33:07.720]  第三間是甚麼呢?
[00:33:07.720 --> 00:33:10.720]  就是大埔的禮賢會
[00:33:10.720 --> 00:33:16.720]  當年他們的執事夫婦上來我家
[00:33:16.720 --> 00:33:20.720]  邀請我們過去侍奉
[00:33:20.720 --> 00:33:22.720]  那時我們還在人聽街
[00:33:22.720 --> 00:33:24.720]  很清楚地跟那對夫婦說
[00:33:24.720 --> 00:33:27.720]  如果我過來你教會侍奉
[00:33:27.720 --> 00:33:29.720]  你也不要請我
[00:33:29.720 --> 00:33:31.720]  因為我們在同一區
[00:33:31.720 --> 00:33:33.720]  我丟下我冥恩堂的弟兄姊妹
[00:33:33.720 --> 00:33:35.720]  走來你那裡
[00:33:35.720 --> 00:33:38.720]  那時我為了錢、為了更好的收入
[00:33:38.720 --> 00:33:40.720]  為了更舒適的侍奉
[00:33:40.720 --> 00:33:41.720]  我走來
[00:33:41.720 --> 00:33:43.720]  我對不起我自己的羊
[00:33:43.720 --> 00:33:46.720]  所以如果我過來你也不要請我
[00:33:46.720 --> 00:33:50.720]  事實上我們提供一個很優厚的條件
[00:33:50.720 --> 00:33:52.720]  冥恩堂的弟兄姊妹知道
[00:33:52.720 --> 00:33:54.720]  我們去人聽街
[00:33:54.720 --> 00:33:56.720]  禮賢會是一間很有歷史的教會
[00:33:56.720 --> 00:33:58.720]  那時他們剛剛重建
[00:33:58.720 --> 00:34:01.720]  第四間教會是甚麼呢?
[00:34:01.720 --> 00:34:04.720]  就是九龍城浸信會
[00:34:04.720 --> 00:34:08.720]  當時是張無礙做牧師
[00:34:08.720 --> 00:34:09.720]  我見到他院長
[00:34:09.720 --> 00:34:11.720]  雖然我去全職教過
[00:34:11.720 --> 00:34:13.720]  但院長叫我不可以不去
[00:34:13.720 --> 00:34:20.720]  他不是用優厚的薪金來吸引我
[00:34:20.720 --> 00:34:22.720]  他說我知道你做年青人的工作很好
[00:34:22.720 --> 00:34:25.720]  但我們城浸年青人的工作是較為缺乏的
[00:34:25.720 --> 00:34:28.720]  他用有很大機會的服務來吸引我
[00:34:28.720 --> 00:34:31.720]  他說我們附近有培導女子中學
[00:34:31.720 --> 00:34:33.720]  我們可以進入這間學校做課外工作
[00:34:33.720 --> 00:34:36.720]  我們就很想梁牧師你過來那邊
[00:34:36.720 --> 00:34:38.720]  來我們這裡侍奉
[00:34:38.720 --> 00:34:43.720]  當然其它的條件都是比冥恩堂更加好
[00:34:43.720 --> 00:34:45.720]  其實我知道答案
[00:34:45.720 --> 00:34:46.720]  但我都說好
[00:34:46.720 --> 00:34:48.720]  等我回去想一想
[00:34:48.720 --> 00:34:51.720]  我打電話去推薦院長
[00:34:51.720 --> 00:34:52.720]  我說不好了
[00:34:52.720 --> 00:34:54.720]  我還是繼續留在冥恩堂
[00:34:54.720 --> 00:35:00.720]  其實我有四次有更好的用人的角度
[00:35:00.720 --> 00:35:03.720]  就是薪金、條件
[00:35:03.720 --> 00:35:05.720]  第二天他叫我走
[00:35:05.720 --> 00:35:09.720]  但我知道侍奉是要體察神的心意
[00:35:09.720 --> 00:35:10.720]  和要服侍羊
[00:35:10.720 --> 00:35:12.720]  所以我一一拒絕
[00:35:12.720 --> 00:35:14.720]  侍奉並不是商品
[00:35:14.720 --> 00:35:16.720]  並不是謀生
[00:35:16.720 --> 00:35:19.720]  當然薪金不是為了這些
[00:35:19.720 --> 00:35:24.720]  今天我們有沒有清楚的知道
[00:35:24.720 --> 00:35:26.720]  要找一個地方侍奉
[00:35:26.720 --> 00:35:30.720]  我們有沒有機會發揮我的所長呢?
[00:35:30.720 --> 00:35:32.720]  所以冥恩堂弟兄姐妹知道
[00:35:32.720 --> 00:35:36.720]  我86年之前是在信義會侍奉
[00:35:36.720 --> 00:35:38.720]  現在我和信義會的關係都非常好
[00:35:38.720 --> 00:35:41.720]  所以我的書全部是信義中出版社的
[00:35:41.720 --> 00:35:44.720]  在美孚和馬氏紀念堂
[00:35:44.720 --> 00:35:46.720]  基因堂和明馬事件堂兩間教會
[00:35:46.720 --> 00:35:48.720]  我在當中服侍
[00:35:48.720 --> 00:35:51.720]  14個月的薪金租了地方給我住
[00:35:51.720 --> 00:35:52.720]  很舒服
[00:35:52.720 --> 00:35:55.720]  但是我碩士畢業的時候
[00:35:55.720 --> 00:35:57.720]  我就離開建立冥恩堂
[00:35:57.720 --> 00:35:59.720]  所以你留意到
[00:35:59.720 --> 00:36:02.720]  我們侍奉神的人應該以神的事為重
[00:36:02.720 --> 00:36:04.720]  還有我有沒有機會發揮呢?
[00:36:04.720 --> 00:36:05.720]  今天有不少的牧者
[00:36:05.720 --> 00:36:07.720]  特別是年輕的傳道人
[00:36:07.720 --> 00:36:08.720]  選擇教會的時候
[00:36:08.720 --> 00:36:10.720]  有時候會有很多考慮
[00:36:10.720 --> 00:36:12.720]  地點靠不靠近家裡
[00:36:12.720 --> 00:36:13.720]  薪金高不高
[00:36:13.720 --> 00:36:16.720]  還有就是男的就會想
[00:36:16.720 --> 00:36:18.720]  我什麼時候可以按木呢?
[00:36:18.720 --> 00:36:20.720]  還有就是教會的大小
[00:36:20.720 --> 00:36:22.720]  這間教會有沒有明星呢?
[00:36:22.720 --> 00:36:23.720]  作為準則
[00:36:23.720 --> 00:36:24.720]  而不是想一想
[00:36:24.720 --> 00:36:26.720]  是不是神的指引
[00:36:26.720 --> 00:36:28.720]  這裡有多少傳福音的機會
[00:36:28.720 --> 00:36:30.720]  我能不能夠發揮自己的恩賜
[00:36:30.720 --> 00:36:32.720]  作為首選條件
[00:36:32.720 --> 00:36:33.720]  很可悲
[00:36:33.720 --> 00:36:37.720]  特別是在過去這二十多年
[00:36:37.720 --> 00:36:39.720]  我見到有很多的人
[00:36:39.720 --> 00:36:40.720]  特別是公務員
[00:36:40.720 --> 00:36:42.720]  他們提早退休
[00:36:42.720 --> 00:36:44.720]  繼續可以救濟
[00:36:44.720 --> 00:36:45.720]  拿長糧
[00:36:45.720 --> 00:36:49.720]  接著他們要進入人生的下半場
[00:36:49.720 --> 00:36:50.720]  他們五十歲左右
[00:36:50.720 --> 00:36:53.720]  才來大學讀神學
[00:36:53.720 --> 00:36:55.720]  接著在教會裡面來大學侍奉
[00:36:55.720 --> 00:36:58.720]  但往往就是將那些懶惰的陋習
[00:36:58.720 --> 00:36:59.720]  帶到教會裡面
[00:36:59.720 --> 00:37:01.720]  我見過這些人
[00:37:01.720 --> 00:37:02.720]  我自己較為年輕
[00:37:02.720 --> 00:37:04.720]  我二十一歲讀神學
[00:37:04.720 --> 00:37:08.720]  二十五歲就來大學侍奉神了
[00:37:08.720 --> 00:37:11.720]  如果我們只是為了要延續
[00:37:11.720 --> 00:37:14.720]  我未來的生計去工作的時候
[00:37:14.720 --> 00:37:16.720]  這就很可悲
[00:37:16.720 --> 00:37:18.720]  也見到有些牧者
[00:37:18.720 --> 00:37:21.720]  特別是在西方國家
[00:37:21.720 --> 00:37:23.720]  特別是在加拿大裡面
[00:37:23.720 --> 00:37:25.720]  有些牧者因為他們在教會裡面
[00:37:25.720 --> 00:37:28.720]  有幾個家族把持著
[00:37:28.720 --> 00:37:31.720]  於是就要好好地服侍這幾個家族
[00:37:31.720 --> 00:37:33.720]  就好像這個年輕的利美人
[00:37:33.720 --> 00:37:35.720]  服侍米家一樣
[00:37:35.720 --> 00:37:37.720]  成為私人祭司
[00:37:37.720 --> 00:37:39.720]  這也很可悲
[00:37:39.720 --> 00:37:41.720]  現在近年英國
[00:37:41.720 --> 00:37:45.720]  因為這幾年多了很多年輕的傳道人
[00:37:45.720 --> 00:37:48.720]  特別是為了子女的緣故而過來英國
[00:37:48.720 --> 00:37:50.720]  有時候他們都很想找到目的
[00:37:50.720 --> 00:37:51.720]  但他們找到目的的時候
[00:37:51.720 --> 00:37:53.720]  他們就已經不再去想
[00:37:53.720 --> 00:37:56.720]  究竟這間教會是否可以讓我發揮我的所長
[00:37:56.720 --> 00:37:58.720]  而往往會怎樣呢?
[00:37:58.720 --> 00:38:00.720]  又是做預先
[00:38:00.720 --> 00:38:03.720]  有時候我都會體會到他們的經濟壓力
[00:38:03.720 --> 00:38:05.720]  但如果這樣的時候
[00:38:05.720 --> 00:38:06.720]  那間教會又不好
[00:38:06.720 --> 00:38:07.720]  他又不好
[00:38:07.720 --> 00:38:09.720]  這個是很可悲的
[00:38:09.720 --> 00:38:10.720]  所以你留意到
[00:38:10.720 --> 00:38:12.720]  好了 看回蛋這班人
[00:38:12.720 --> 00:38:14.720]  他以這個年輕的祭司
[00:38:14.720 --> 00:38:15.720]  做他們的幸運符
[00:38:15.720 --> 00:38:17.720]  需要擁有他
[00:38:17.720 --> 00:38:19.720]  這個祭司接受了條件之後
[00:38:19.720 --> 00:38:21.720]  就使他自己淪落到
[00:38:21.720 --> 00:38:23.720]  好像偶像那樣的地位
[00:38:23.720 --> 00:38:25.720]  他應該指出這些人錯誤的行為
[00:38:25.720 --> 00:38:27.720]  為他們來悲哀
[00:38:27.720 --> 00:38:30.720]  但他竟然是心裡喜悅
[00:38:30.720 --> 00:38:35.720]  因為被六百個人圍著
[00:38:35.720 --> 00:38:37.720]  如果反抗
[00:38:37.720 --> 00:38:39.720]  也可能會被人欺騙
[00:38:39.720 --> 00:38:43.720]  而且更加可以將他自己的地位提升
[00:38:43.720 --> 00:38:47.720]  一個專心奉獻自己為神工作的人
[00:38:47.720 --> 00:38:50.720]  他的身份才會被人看重
[00:38:50.720 --> 00:38:51.720]  相反
[00:38:51.720 --> 00:38:56.720]  他只不過是被人玩弄的幸運符而已
[00:38:56.720 --> 00:38:58.720]  我們看看第21節
[00:38:58.720 --> 00:39:03.720]  他們就轉身離開那裡
[00:39:03.720 --> 00:39:07.720]  子兒女生畜財物都在前頭
[00:39:07.720 --> 00:39:10.720]  這六百軍人就離開了米加的監
[00:39:10.720 --> 00:39:14.720]  但是你有沒有留意到他們安排的次序呢?
[00:39:14.720 --> 00:39:17.720]  其實就顯出他們的高傲
[00:39:17.720 --> 00:39:19.720]  因為冠上
[00:39:19.720 --> 00:39:22.720]  如果你以色列人出埃及的時候
[00:39:22.720 --> 00:39:23.720]  不要忘記
[00:39:23.720 --> 00:39:25.720]  婦女和小孩子是走在後面的
[00:39:25.720 --> 00:39:27.720]  是男人先走的
[00:39:27.720 --> 00:39:29.720]  去保護他們的
[00:39:29.720 --> 00:39:32.720]  但是現在他們竟然是怎樣呢?
[00:39:32.720 --> 00:39:38.720]  是被妻子、兒女生畜財物走在前頭
[00:39:38.720 --> 00:39:41.720]  這個時候就會怎樣呢?
[00:39:41.720 --> 00:39:44.720]  就是在拖慢他們的步伐
[00:39:44.720 --> 00:39:47.720]  但是就顯示他們覺得自己很厲害
[00:39:47.720 --> 00:39:53.720]  所以不擔心米加和跟隨者會追趕過來
[00:39:53.720 --> 00:39:54.720]  因為我們人多
[00:39:54.720 --> 00:39:55.720]  去一個家庭
[00:39:55.720 --> 00:39:56.720]  怕什麼呢?
[00:39:56.720 --> 00:39:58.720]  人多可以欺負人少
[00:39:58.720 --> 00:40:01.720]  所以他們不但不以自己的罪行為恥
[00:40:01.720 --> 00:40:06.720]  反而以自己的軍事力量為榮
[00:40:06.720 --> 00:40:08.720]  還有一點
[00:40:08.720 --> 00:40:12.720]  他們忽略了那些婦女
[00:40:12.720 --> 00:40:15.720]  那些婦女去參加這次行動
[00:40:15.720 --> 00:40:18.720]  就是說他們看到整個過程
[00:40:18.720 --> 00:40:21.720]  這個時候還有小孩子
[00:40:21.720 --> 00:40:26.720]  會不會帶來了不幸呢?
[00:40:26.720 --> 00:40:30.720]  就是讓小孩子耳濡目染他們的不幸呢?
[00:40:30.720 --> 00:40:33.720]  這些小孩子長大之後會怎樣呢?
[00:40:33.720 --> 00:40:35.720]  只會令人有嘆息
[00:40:35.720 --> 00:40:38.720]  記不記得在國內裏面
[00:40:38.720 --> 00:40:42.720]  有四個小孩子就來虐殺一隻狗
[00:40:42.720 --> 00:40:44.720]  為什麼那些小孩子這麼兇殘呢?
[00:40:44.720 --> 00:40:46.720]  我就在這裏說
[00:40:46.720 --> 00:40:48.720]  在國內的人會吃狗
[00:40:48.720 --> 00:40:50.720]  對狗是完全不尊重的
[00:40:50.720 --> 00:40:52.720]  你甚至看一看
[00:40:52.720 --> 00:40:58.720]  在內地裏面竟然找幾隻拉布拉多狗
[00:40:58.720 --> 00:41:00.720]  來和去賺錢
[00:41:00.720 --> 00:41:03.720]  拖著車上坐著人
[00:41:03.720 --> 00:41:05.720]  甚至超過200斤
[00:41:05.720 --> 00:41:07.720]  那些狗都快死了
[00:41:07.720 --> 00:41:08.720]  所以你留意到
[00:41:08.720 --> 00:41:10.720]  父母做得不好的時候
[00:41:10.720 --> 00:41:12.720]  只會嫁壞子女
[00:41:12.720 --> 00:41:16.720]  一家五口在尖沙咀開餐
[00:41:16.720 --> 00:41:18.720]  圍在那裏吃東西
[00:41:18.720 --> 00:41:20.720]  那些小孩子不知道這是錯的
[00:41:20.720 --> 00:41:22.720]  還有這個更離譜
[00:41:22.720 --> 00:41:25.720]  你看到這個媽媽抱著一個嬰兒
[00:41:25.720 --> 00:41:27.720]  站在一隻龜上面
[00:41:27.720 --> 00:41:29.720]  這隻龜很慘的
[00:41:29.720 --> 00:41:31.720]  還叫兒子過來
[00:41:31.720 --> 00:41:34.720]  這些父母如何教自己的子女呢?
[00:41:34.720 --> 00:41:36.720]  這些孩子怎會有好的成長呢?
[00:41:36.720 --> 00:41:38.720]  我們不要看輕這些
[00:41:38.720 --> 00:41:40.720]  這一段經文就是
[00:41:40.720 --> 00:41:43.720]  原來他們來搶別人的東西的時候
[00:41:43.720 --> 00:41:46.720]  婦女兒童都會見到
[00:41:46.720 --> 00:41:49.720]  所以這班人就會怎樣呢?
[00:41:49.720 --> 00:41:51.720]  成長都不會有好的
[00:41:51.720 --> 00:41:53.720]  所以這些經文可能是很簡單的一節
[00:41:53.720 --> 00:41:55.720]  我們忽略了裏面那種意義
[00:41:55.720 --> 00:41:58.720]  有人說窮寇莫追
[00:41:58.720 --> 00:42:00.720]  但米家不是啊
[00:42:00.720 --> 00:42:02.720]  窮寇都要追啊
[00:42:02.720 --> 00:42:05.720]  當米家回到家裏發現那些東西都沒有了之後
[00:42:05.720 --> 00:42:06.720]  他們就會怎樣做呢?
[00:42:06.720 --> 00:42:08.720]  第十八章的二十二到二十四節
[00:42:08.720 --> 00:42:12.720]  來米家的住宅、醫院、米家的近鄰
[00:42:12.720 --> 00:42:14.720]  都聚集來追趕彈人
[00:42:14.720 --> 00:42:15.720]  呼叫彈人
[00:42:15.720 --> 00:42:18.720]  彈人回頭問米家說
[00:42:18.720 --> 00:42:21.720]  你聚集這許多人來做甚麼呢?
[00:42:21.720 --> 00:42:27.720]  彈人說:你們把我所有的神像和祭司都帶了去
[00:42:27.720 --> 00:42:29.720]  我還有所剩的貓
[00:42:29.720 --> 00:42:33.720]  彈人說:那我可不可以回答呢?
[00:42:33.720 --> 00:42:37.720]  大家記住如果你聽到查經的時候
[00:42:37.720 --> 00:42:39.720]  先遮住咪高峰
[00:42:39.720 --> 00:42:41.720]  不好意思 因為你會影響到別人的
[00:42:41.720 --> 00:42:42.720]  我不知道是哪一位
[00:42:42.720 --> 00:42:44.720]  同學通知我
[00:42:44.720 --> 00:42:45.720]  好了
[00:42:45.720 --> 00:42:47.720]  你留意到米家回到家裏的時候
[00:42:47.720 --> 00:42:50.720]  發現所有的神像已不得和祭司盡失
[00:42:50.720 --> 00:42:52.720]  就要立即招聚鄰舍
[00:42:52.720 --> 00:42:55.720]  親朋要追回那些偶像
[00:42:55.720 --> 00:42:57.720]  因為米家是一個有錢人
[00:42:57.720 --> 00:43:00.720]  所以他較為容易召集人去幫他追趕
[00:43:00.720 --> 00:43:03.720]  甚至他毫不羞愧地
[00:43:03.720 --> 00:43:06.720]  偉言說:這些像是我自己做的
[00:43:06.720 --> 00:43:08.720]  米家多次強調
[00:43:08.720 --> 00:43:10.720]  這些像是我做的
[00:43:10.720 --> 00:43:12.720]  人手所做的神
[00:43:12.720 --> 00:43:14.720]  是否真是真神呢?
[00:43:14.720 --> 00:43:17.720]  他願意為沒有生命的假神
[00:43:17.720 --> 00:43:19.720]  和不合法的祭司
[00:43:19.720 --> 00:43:21.720]  冒生命危險
[00:43:21.720 --> 00:43:24.720]  去追趕這些蛋的軍人
[00:43:24.720 --> 00:43:29.720]  可見他們的心專注在這些偶像上
[00:43:29.720 --> 00:43:33.720]  蛋之派的人竟然惡言相向
[00:43:33.720 --> 00:43:38.720]  他們沒有為自己的罪行而羞愧
[00:43:38.720 --> 00:43:41.720]  反而哄對方
[00:43:41.720 --> 00:43:43.720]  好 第25節
[00:43:46.720 --> 00:43:51.720]  「但人對米家說:你不要使我們聽見你的聲音
[00:43:51.720 --> 00:43:54.720]  恐怕有聖報的人攻擊你
[00:43:54.720 --> 00:43:57.720]  以致你和你的全家盡刀喪命」
[00:43:57.720 --> 00:43:59.720]  你聽到這些惡人先告狀嗎?
[00:43:59.720 --> 00:44:01.720]  你閉嘴
[00:44:01.720 --> 00:44:03.720]  你不要再讓我聽到你的聲音
[00:44:03.720 --> 00:44:05.720]  你讓我聽到你的聲音
[00:44:05.720 --> 00:44:06.720]  不要怪我
[00:44:06.720 --> 00:44:08.720]  我們會來帶去對付你
[00:44:08.720 --> 00:44:10.720]  甚至殺你全家
[00:44:10.720 --> 00:44:15.720]  你看到這班人是多麼的差
[00:44:15.720 --> 00:44:18.720]  恃著人多就口出狂言
[00:44:18.720 --> 00:44:20.720]  甚至威嚇米家
[00:44:20.720 --> 00:44:22.720]  如果你再追我下去
[00:44:22.720 --> 00:44:24.720]  我們不會放過你全家
[00:44:24.720 --> 00:44:29.720]  結果米家只有很無奈的放棄
[00:44:29.720 --> 00:44:34.720]  讓他們奪取了自己的一切離開
[00:44:34.720 --> 00:44:37.720]  所以「但人對待米家」的態度
[00:44:37.720 --> 00:44:42.720]  實在是對米家的一個審判
[00:44:42.720 --> 00:44:44.720]  因為米家犯了錯
[00:44:44.720 --> 00:44:46.720]  米家是去製造偶像
[00:44:46.720 --> 00:44:48.720]  「但人」有沒有被神來審判呢?
[00:44:48.720 --> 00:44:50.720]  其實是有的
[00:44:50.720 --> 00:44:53.720]  讓我跳下去看第十八章第三十節
[00:44:53.720 --> 00:44:57.720]  「但人就為自己設立那雕虛的像
[00:44:57.720 --> 00:44:58.720]  我世的孫子
[00:44:58.720 --> 00:45:00.720]  隔信的兒子若拿丹
[00:45:00.720 --> 00:45:03.720]  我他的子孫作但支派的祭司
[00:45:03.720 --> 00:45:06.720]  直到那地遭擄掠的日子」
[00:45:06.720 --> 00:45:08.720]  我們的焦點放在這裡
[00:45:08.720 --> 00:45:11.720]  「直到那地遭擄掠的日子」
[00:45:11.720 --> 00:45:14.720]  丹搶了別人的地方
[00:45:14.720 --> 00:45:16.720]  搶了別人的財物
[00:45:16.720 --> 00:45:22.720]  但有一天他們都要被別人搶去的地方
[00:45:22.720 --> 00:45:26.720]  接著我們看第二十六節
[00:45:26.720 --> 00:45:29.720]  「但人還是走他們的路
[00:45:29.720 --> 00:45:32.720]  米家見他們的勢力給自己強盛
[00:45:32.720 --> 00:45:34.720]  就轉身回家去了」
[00:45:34.720 --> 00:45:36.720]  所以米家很無奈
[00:45:36.720 --> 00:45:39.720]  在惡勢力下就要低頭
[00:45:39.720 --> 00:45:41.720]  我們可以想像到米家心情如何
[00:45:41.720 --> 00:45:43.720]  一定是很氣憤和無奈
[00:45:43.720 --> 00:45:46.720]  但我見到一個很奇怪的公義報應
[00:45:46.720 --> 00:45:48.720]  米家本身就是一個家賊
[00:45:48.720 --> 00:45:50.720]  偷取母親的財物
[00:45:50.720 --> 00:45:54.720]  現在成為被別人搶去財物的受害者
[00:45:54.720 --> 00:45:56.720]  他們製造這些偶像
[00:45:56.720 --> 00:45:57.720]  將祭司私有化
[00:45:57.720 --> 00:45:59.720]  是希望得到祝福
[00:45:59.720 --> 00:46:01.720]  但現在招來橫禍
[00:46:01.720 --> 00:46:04.720]  所以某程度上米家都是罪有應得
[00:46:04.720 --> 00:46:08.720]  接著我們會看他怎樣搶奪別人的地圖
[00:46:08.720 --> 00:46:11.720]  當我們得到這些視為祝福的伊弗特偶像
[00:46:11.720 --> 00:46:14.720]  他就去攻擊他們的目的物
[00:46:14.720 --> 00:46:17.720]  留意這張聖經佈局主要論及的
[00:46:17.720 --> 00:46:20.720]  不是彈支派搶別人的土地
[00:46:20.720 --> 00:46:23.720]  乃是他們和米家之間的衝突
[00:46:23.720 --> 00:46:26.720]  這就顯示他們在信仰上的錯誤
[00:46:26.720 --> 00:46:31.720]  他們的衝突其實和彈支派密地居住的事件
[00:46:31.720 --> 00:46:33.720]  是沒有直接關係的
[00:46:33.720 --> 00:46:37.720]  所以作者只是用短短幾節去描繪
[00:46:37.720 --> 00:46:40.720]  這場戰役絕對不是來自神的聖戰
[00:46:40.720 --> 00:46:43.720]  而且這幅土地都不應該屬於以色列人
[00:46:43.720 --> 00:46:47.720]  所以作者就不想用這麼多篇幅去描述
[00:46:47.720 --> 00:46:49.720]  只是用了兩節經文
[00:46:49.720 --> 00:46:52.720]  我們就看這兩節經文
[00:46:52.720 --> 00:46:55.720]  「顏仁章米家所作的神像
[00:46:55.720 --> 00:46:58.720]  和他的祭司都大度賴役
[00:46:58.720 --> 00:47:00.720]  見安居無慮的民
[00:47:00.720 --> 00:47:02.720]  就用刀殺了那民
[00:47:02.720 --> 00:47:04.720]  又放火燒了那城
[00:47:04.720 --> 00:47:07.720]  令無人搭救 因為離西遁遠
[00:47:07.720 --> 00:47:09.720]  他們又與別人沒有來往
[00:47:09.720 --> 00:47:13.720]  盛載平原 那平原靠近伯利俠
[00:47:13.720 --> 00:47:16.720]  但人又在那裡收成居住」
[00:47:16.720 --> 00:47:18.720]  他們對待賴役的方法
[00:47:18.720 --> 00:47:21.720]  就好像對待耶利哥城一樣進行殺戮
[00:47:21.720 --> 00:47:24.720]  不過經文強調賴役人是安居無慮
[00:47:24.720 --> 00:47:27.720]  即是這班人是很好的人
[00:47:27.720 --> 00:47:29.720]  與世無爭
[00:47:29.720 --> 00:47:31.720]  但就被這班人撩殺了
[00:47:31.720 --> 00:47:33.720]  所以這件事是惡事
[00:47:33.720 --> 00:47:36.720]  我們從《史詩記》中的顏雜莊
[00:47:36.720 --> 00:47:39.720]  就看到以色列人的敵人報案聲勢浩大
[00:47:39.720 --> 00:47:42.720]  有厲害的裝備好像鐵車一樣
[00:47:42.720 --> 00:47:44.720]  但這次是相反的
[00:47:44.720 --> 00:47:46.720]  賴役只是一個弱勢社群
[00:47:46.720 --> 00:47:48.720]  他們沒有被人支援
[00:47:48.720 --> 00:47:49.720]  結果他們被殺
[00:47:49.720 --> 00:47:53.720]  其實這裡是在鋪排下一章的聖經
[00:47:53.720 --> 00:47:58.720]  另外一個弱勢女子利美人的妾侍
[00:47:58.720 --> 00:48:00.720]  在無聲之下被殺
[00:48:00.720 --> 00:48:03.720]  這裡提醒我們要有群體生活
[00:48:03.720 --> 00:48:06.720]  這些居民享受著自己平安的生活
[00:48:06.720 --> 00:48:07.720]  沒有與任何人交往
[00:48:07.720 --> 00:48:09.720]  但當災難臨到的時候
[00:48:09.720 --> 00:48:11.720]  沒有人拔刀相助
[00:48:11.720 --> 00:48:13.720]  所以我們也要與其他人建立好的關係
[00:48:13.720 --> 00:48:15.720]  這段經文讓我看到神的子民
[00:48:15.720 --> 00:48:18.720]  他們的道德已經落到一個不堪的地步
[00:48:18.720 --> 00:48:20.720]  絕對不是屬神的子民
[00:48:20.720 --> 00:48:22.720]  接著我們看29到31節
[00:48:30.720 --> 00:48:32.720]  原先那承名叫賴役
[00:48:32.720 --> 00:48:36.720]  但人就為自己設立那雕刻的像
[00:48:36.720 --> 00:48:39.720]  摩西的孫子革信的兒子約拿丹
[00:48:39.720 --> 00:48:42.720]  為他的子孫作誕之牌的祭司
[00:48:42.720 --> 00:48:44.720]  直到那地租勞略的日子
[00:48:44.720 --> 00:48:46.720]  神的殿在侍羅多少日子
[00:48:46.720 --> 00:48:50.720]  但人為自己設立米家所雕刻的像
[00:48:50.720 --> 00:48:53.720]  也在誕多少日子
[00:48:53.720 --> 00:48:58.720]  如果我們看回上一章和第18章這張聖經
[00:48:58.720 --> 00:49:01.720]  這裡講述一個年輕的利美人
[00:49:01.720 --> 00:49:03.720]  沒有說他的名字
[00:49:03.720 --> 00:49:05.720]  但原來在完結的時候
[00:49:05.720 --> 00:49:08.720]  就揭露了這個人的身份
[00:49:08.720 --> 00:49:12.720]  他竟然是摩西的孫子
[00:49:12.720 --> 00:49:15.720]  革信的兒子約拿丹
[00:49:15.720 --> 00:49:17.720]  所以這件事應該在約書下寫了之後
[00:49:17.720 --> 00:49:19.720]  沒多久就發生了這件事
[00:49:19.720 --> 00:49:22.720]  就好像第一章的記載
[00:49:22.720 --> 00:49:25.720]  這個故事放在參書的後面
[00:49:25.720 --> 00:49:27.720]  只是文學寫作的設計
[00:49:27.720 --> 00:49:29.720]  我一早已經講了
[00:49:29.720 --> 00:49:31.720]  與年代沒有直接關係
[00:49:31.720 --> 00:49:33.720]  這位年輕的祭司
[00:49:33.720 --> 00:49:37.720]  承繼了祖父的信仰的重大任務
[00:49:37.720 --> 00:49:39.720]  祖父是誰?是摩西
[00:49:39.720 --> 00:49:41.720]  他的名字叫約拿丹
[00:49:41.720 --> 00:49:44.720]  只是耶和華次語、級語的意思
[00:49:44.720 --> 00:49:46.720]  但他卻是一個很失敗的人
[00:49:46.720 --> 00:49:49.720]  可見當時連宗教領袖的家庭
[00:49:49.720 --> 00:49:52.720]  都受著極大的偏差的連累
[00:49:52.720 --> 00:49:54.720]  可見當時整個民族
[00:49:54.720 --> 00:49:57.720]  是在極度敗壞的情況之中
[00:49:57.720 --> 00:49:59.720]  作者甚至指出
[00:49:59.720 --> 00:50:02.720]  信仰的不忠是有很大的影響
[00:50:02.720 --> 00:50:05.720]  神的居所暫時放置在士羅
[00:50:05.720 --> 00:50:08.720]  但是那些偶像的居民
[00:50:08.720 --> 00:50:11.720]  是繼續停留在蛋裏面
[00:50:11.720 --> 00:50:15.720]  應該在士羅中心服侍神的祭司約拿丹
[00:50:15.720 --> 00:50:18.720]  卻是成為蛋人的偶像居所的教皇
[00:50:18.720 --> 00:50:21.720]  這是一件很可悲的事
[00:50:21.720 --> 00:50:24.720]  所以最後我們要看
[00:50:24.720 --> 00:50:27.720]  侍奉並不是為了穩食
[00:50:27.720 --> 00:50:29.720]  侍奉是要對準神
[00:50:29.720 --> 00:50:32.720]  侍奉的人是不應該以什麼經濟利益
[00:50:32.720 --> 00:50:35.720]  為最重要的出發點
[00:50:35.720 --> 00:50:38.720]  我們如果忠心服侍神的時候
[00:50:38.720 --> 00:50:39.720]  神必定會有祝福
[00:50:39.720 --> 00:50:41.720]  我們也不會有缺乏
[00:50:41.720 --> 00:50:44.720]  甚至有豐富的回報
[00:50:44.720 --> 00:50:48.720]  侍奉者雖然在教會裏面有工作時間
[00:50:48.720 --> 00:50:51.720]  但事實上是沒有真正的收工
[00:50:51.720 --> 00:50:54.720]  難道不是辦公時間
[00:50:54.720 --> 00:50:56.720]  你就不跟會友交往嗎?
[00:50:56.720 --> 00:50:57.720]  你有宗旨嗎?
[00:50:57.720 --> 00:50:59.720]  但是有些人真的說
[00:50:59.720 --> 00:51:00.720]  我已經休息了
[00:51:00.720 --> 00:51:01.720]  不要再聯絡我了
[00:51:01.720 --> 00:51:03.720]  不會回覆WhatsApp
[00:51:03.720 --> 00:51:05.720]  這是一件很可悲的事
[00:51:05.720 --> 00:51:07.720]  受身者和每一個基督徒
[00:51:07.720 --> 00:51:08.720]  都要記住一個真理
[00:51:08.720 --> 00:51:11.720]  我們不單單向我們的上司負責
[00:51:11.720 --> 00:51:14.720]  更加要向神負責
[00:51:14.720 --> 00:51:16.720]  不是做一些表面功夫
[00:51:16.720 --> 00:51:18.720]  是真心真意去做
[00:51:18.720 --> 00:51:21.720]  侍奉者也不單單要向牧者交代
[00:51:21.720 --> 00:51:24.720]  更加要向神交代
[00:51:24.720 --> 00:51:26.720]  聖經裏面一段很清楚的話
[00:51:26.720 --> 00:51:30.720]  《哥羅西書》第三章第22至24節
[00:51:30.720 --> 00:51:32.720]  「不要只在眼前侍奉
[00:51:32.720 --> 00:51:34.720]  像是土人喜歡的
[00:51:34.720 --> 00:51:36.720]  總要全心誠實敬畏主
[00:51:36.720 --> 00:51:39.720]  無論做什麼都要從心去做
[00:51:39.720 --> 00:51:42.720]  像是給主做的不是給人做的
[00:51:42.720 --> 00:51:47.720]  因你們知道從主那裡必得著基業為賞賜
[00:51:47.720 --> 00:51:50.720]  你們所侍奉的乃是主基督」
[00:51:50.720 --> 00:51:51.720]  記住
[00:51:51.720 --> 00:51:54.720]  今天監管著我們的神
[00:51:54.720 --> 00:51:55.720]  我們要向神交代
[00:51:55.720 --> 00:51:57.720]  不要做一些表面的事
[00:51:57.720 --> 00:51:58.720]  做表面的事
[00:51:58.720 --> 00:52:00.720]  特別是牧者會有懷知的
[00:52:00.720 --> 00:52:02.720]  不要當一些會有傻的
[00:52:02.720 --> 00:52:06.720]  以弗撒書第6章第6節
[00:52:06.720 --> 00:52:08.720]  「不要只在眼前侍奉
[00:52:08.720 --> 00:52:10.720]  像是土人喜歡的
[00:52:10.720 --> 00:52:12.720]  要像基督的僕人
[00:52:12.720 --> 00:52:15.720]  從心裡遵行神的旨意」
[00:52:15.720 --> 00:52:16.720]  這是很重要的
[00:52:16.720 --> 00:52:18.720]  所以我很欣賞淑玲的女兒
[00:52:18.720 --> 00:52:19.720]  以前的秘書
[00:52:19.720 --> 00:52:20.720]  她非常好的
[00:52:20.720 --> 00:52:21.720]  你留意一下
[00:52:21.720 --> 00:52:23.720]  我寫的那些講章
[00:52:23.720 --> 00:52:25.720]  她不只是和我打
[00:52:25.720 --> 00:52:28.720]  她甚至會覺得有哪些字可能會錯
[00:52:28.720 --> 00:52:29.720]  這個字有沒有這麼好
[00:52:29.720 --> 00:52:30.720]  不是這麼好
[00:52:30.720 --> 00:52:32.720]  可能會用這些
[00:52:32.720 --> 00:52:34.720]  你留意到
[00:52:34.720 --> 00:52:36.720]  這是非常非常好的
[00:52:36.720 --> 00:52:38.720]  這是很重要的
[00:52:38.720 --> 00:52:42.720]  所以今天我們沒有好的彌大人去服侍
[00:52:42.720 --> 00:52:43.720]  所以我很欣賞
[00:52:43.720 --> 00:52:46.720]  很尊敬我這個淑玲的女兒
[00:52:46.720 --> 00:52:48.720]  所以你留意到
[00:52:48.720 --> 00:52:51.720]  有時候義務的侍奉者
[00:52:51.720 --> 00:52:52.720]  好像沒甚麼
[00:52:52.720 --> 00:52:54.720]  我不是受薪的
[00:52:54.720 --> 00:52:55.720]  但不要忘記
[00:52:55.720 --> 00:52:58.720]  今天我們是為神來工作
[00:52:58.720 --> 00:52:59.720]  而不是為自己
[00:52:59.720 --> 00:53:02.720]  有些人可能只是在侍奉上得到滿足
[00:53:02.720 --> 00:53:03.720]  但正如保羅
[00:53:03.720 --> 00:53:05.720]  有些人傳福音可能是有偏差的
[00:53:05.720 --> 00:53:07.720]  所以求神彌大人去幫助我們
[00:53:07.720 --> 00:53:11.720]  今天求神幫助我們的侍奉
[00:53:11.720 --> 00:53:13.720]  不是為了自己的滿足
[00:53:13.720 --> 00:53:16.720]  而是要滿足神的期望
[00:53:16.720 --> 00:53:17.720]  不是為了經濟的利益
[00:53:17.720 --> 00:53:19.720]  金錢而侍奉
[00:53:19.720 --> 00:53:22.720]  而是為了回應神的愛和恩典
[00:53:22.720 --> 00:53:24.720]  這樣我們的侍奉就會蒙神的祝福
[00:53:24.720 --> 00:53:27.720]  令到榮耀神幫助人
[00:53:27.720 --> 00:53:30.720]  和對自己都是一個祝福
[00:53:30.720 --> 00:53:32.720]  最後兩節經文再結束
[00:53:32.720 --> 00:53:36.720]  我們先來看哥林多號書第五章十四到第十五節
[00:53:36.720 --> 00:53:38.720]  原來基督的愛激勵我們
[00:53:38.720 --> 00:53:41.720]  因我們想一人既替眾人死
[00:53:41.720 --> 00:53:43.720]  眾人就都死了
[00:53:43.720 --> 00:53:45.720]  並且他替眾人死
[00:53:45.720 --> 00:53:48.720]  使叫那些活著的人不再為自己活
[00:53:48.720 --> 00:53:51.720]  乃為替他們死而復活的主活
[00:53:51.720 --> 00:53:53.720]  如果我們經歷到神的愛
[00:53:53.720 --> 00:53:55.720]  我們以愛作為動力的時候
[00:53:55.720 --> 00:53:57.720]  我們的侍奉就會很有動力
[00:53:57.720 --> 00:53:59.720]  而且不會覺得苦
[00:53:59.720 --> 00:54:03.720]  最後我經常用這段經文提醒自己
[00:54:03.720 --> 00:54:06.720]  希伯來書第十二章第二十八節
[00:54:06.720 --> 00:54:09.720]  所以我們既得了不能震動的國
[00:54:09.720 --> 00:54:10.720]  就當感恩
[00:54:10.720 --> 00:54:11.720]  照神所喜悅的
[00:54:11.720 --> 00:54:16.720]  用虔誠敬畏的心事奉神
[00:54:16.720 --> 00:54:18.720]  今天我們是要感恩
[00:54:18.720 --> 00:54:22.720]  但是用虔誠敬畏的心事奉神
[00:54:22.720 --> 00:54:26.720]  我這次的講章有八千七百零二個字
[00:54:26.720 --> 00:54:30.720]  以往我是用手機去看的
[00:54:30.720 --> 00:54:32.720]  後來發覺有些字錯了
[00:54:32.720 --> 00:54:34.720]  我已經看了很多次
[00:54:34.720 --> 00:54:37.720]  所以我這次編了出來
[00:54:37.720 --> 00:54:39.720]  十二張紙
[00:54:39.720 --> 00:54:41.720]  一路和大家看的時候
[00:54:41.720 --> 00:54:43.720]  我發覺雖然我看了幾次
[00:54:43.720 --> 00:54:45.720]  但這次仍然有兩個字錯了
[00:54:45.720 --> 00:54:47.720]  一會兒我會再提醒
[00:54:47.720 --> 00:54:50.720]  然後給大家驚險的箝制
[00:54:50.720 --> 00:54:51.720]  我又寫錯了
[00:54:51.720 --> 00:54:52.720]  還有一個字錯了
[00:54:52.720 --> 00:54:53.720]  我馬上就冤枉了
[00:54:53.720 --> 00:54:55.720]  所以我想告訴大家
[00:54:55.720 --> 00:54:57.720]  我們都會很認真去服侍
[00:54:57.720 --> 00:54:58.720]  一回應神的愛
[00:54:58.720 --> 00:55:00.720]  一個侍奉神的人
[00:55:00.720 --> 00:55:02.720]  報了神成為生命中最重要的目標
[00:55:02.720 --> 00:55:04.720]  衷心服侍神
[00:55:04.720 --> 00:55:07.720]  就會成為其他人或金錢的奴隸
[00:55:07.720 --> 00:55:11.720]  年輕的利美人以侍奉作為糊口
[00:55:11.720 --> 00:55:13.720]  結果他就被人和金錢所操控
[00:55:13.720 --> 00:55:15.720]  成為他們的奴隸
[00:55:15.720 --> 00:55:17.720]  但仁他們覓地
[00:55:17.720 --> 00:55:20.720]  將不合理的事合理化了
[00:55:20.720 --> 00:55:24.720]  甚至以神的名利作為出發點
[00:55:24.720 --> 00:55:27.720]  他們寧可過一些表面安恕的生活
[00:55:27.720 --> 00:55:29.720]  而不願意接受挑戰
[00:55:29.720 --> 00:55:31.720]  這些會不會是今天信徒的光景呢?
[00:55:31.720 --> 00:55:33.720]  他們雖然表面成功
[00:55:33.720 --> 00:55:35.720]  搶了別人的地圖
[00:55:35.720 --> 00:55:37.720]  但在神眼中卻是失敗的
[00:55:37.720 --> 00:55:39.720]  整個故事裏面
[00:55:39.720 --> 00:55:41.720]  沒有一個好人
[00:55:41.720 --> 00:55:44.720]  但最壞的竟然是以色列人
[00:55:44.720 --> 00:55:48.720]  在這章經文裏面所提及的人
[00:55:48.720 --> 00:55:50.720]  包括米加的母親
[00:55:50.720 --> 00:55:51.720]  米加
[00:55:51.720 --> 00:55:53.720]  祭司約拿丹
[00:55:53.720 --> 00:55:54.720]  但知派的人
[00:55:54.720 --> 00:55:57.720]  各人均任意而行
[00:55:57.720 --> 00:55:59.720]  結果是一塌糊塗
[00:55:59.720 --> 00:56:02.720]  所以求神來幫助我們
[00:56:02.720 --> 00:56:04.720]  釋放對準神
[00:56:04.720 --> 00:56:06.720]  下星期
[00:56:06.720 --> 00:56:09.720]  是我認為整本聖經最恐怖
[00:56:09.720 --> 00:56:12.720]  最噁心的一章聖經
[00:56:12.720 --> 00:56:14.720]  所以下星期的題目叫
[00:56:14.720 --> 00:56:15.720]  R級經文
[00:56:15.720 --> 00:56:17.720]  我鼓勵大家先去看看
[00:56:17.720 --> 00:56:18.720]  《史詩記》第十九章
[00:56:18.720 --> 00:56:19.720]  為甚麼呢?
[00:56:19.720 --> 00:56:21.720]  下次可能有些經文
[00:56:21.720 --> 00:56:22.720]  我們只能打出來和讀出來
[00:56:22.720 --> 00:56:23.720]  因為太恐怖了
[00:56:23.720 --> 00:56:24.720]  無論如何
[00:56:24.720 --> 00:56:26.720]  大家繼續為這些事禱告
[00:56:26.720 --> 00:56:27.720]  記住
[00:56:27.720 --> 00:56:29.720]  侍奉耶穌亡腹
[00:56:29.720 --> 00:56:30.720]  我為大家來個祈禱
[00:56:30.720 --> 00:56:31.720]  天父我感謝祢
[00:56:31.720 --> 00:56:33.720]  讓我們有機會來學習
[00:56:33.720 --> 00:56:34.720]  神撚見到
[00:56:34.720 --> 00:56:35.720]  真是很不幸
[00:56:35.720 --> 00:56:37.720]  有很多你所謂的僕人
[00:56:37.720 --> 00:56:39.720]  竟然只是為了錢
[00:56:39.720 --> 00:56:40.720]  來帶我們去服事
[00:56:40.720 --> 00:56:42.720]  但是懇求祢
[00:56:42.720 --> 00:56:44.720]  叫我們今天所處的環境
[00:56:44.720 --> 00:56:46.720]  真的不想見到這麼多
[00:56:46.720 --> 00:56:48.720]  有類似的人
[00:56:48.720 --> 00:56:50.720]  很希望每一個服事神理的人
[00:56:50.720 --> 00:56:52.720]  都是專心的以主祢為重
[00:56:52.720 --> 00:56:55.720]  以主祢為我們生命的重點
[00:56:55.720 --> 00:56:56.720]  我們服事
[00:56:56.720 --> 00:56:58.720]  是為了要回應神祢給我們的愛
[00:56:58.720 --> 00:57:00.720]  祢的恩典和救贖
[00:57:00.720 --> 00:57:02.720]  也叫我們能夠需要怎樣
[00:57:02.720 --> 00:57:06.720]  去牧養到弟兄姊妹
[00:57:06.720 --> 00:57:08.720]  讓我們有好的成長
[00:57:08.720 --> 00:57:10.720]  祈求主祢自己幫助我們
[00:57:10.720 --> 00:57:11.720]  也叫我們不要以為
[00:57:11.720 --> 00:57:12.720]  我們所做的事是合理
[00:57:12.720 --> 00:57:15.720]  但原來是違反神理的心意
[00:57:15.720 --> 00:57:17.720]  也叫我們不會捨近逃遠
[00:57:17.720 --> 00:57:21.720]  或者離大去走一些捷徑
[00:57:21.720 --> 00:57:23.720]  按照神理的心意而行
[00:57:23.720 --> 00:57:25.720]  祝福今天每一個參加的人
[00:57:25.720 --> 00:57:27.720]  也祝福Youtube裡面
[00:57:27.720 --> 00:57:29.720]  有參與的弟兄姊妹
[00:57:29.720 --> 00:57:32.720]  願祢在我們學武的心裡面
[00:57:32.720 --> 00:57:34.720]  使我們得罪飽足
[00:57:34.720 --> 00:57:36.720]  祈禱拉奉主的德性的名
[00:57:36.720 --> 00:57:38.720]  阿門
