
[00:00:00.000 --> 00:00:01.400]  鄧小平平安
[00:00:01.400 --> 00:00:06.500]  今日的經文其實是一個很貼地的故事
[00:00:06.500 --> 00:00:08.200]  因為在現實世界裏面
[00:00:08.200 --> 00:00:11.900]  其實就是這樣充滿著很多的詭詐
[00:00:11.900 --> 00:00:13.200]  自私
[00:00:13.200 --> 00:00:14.700]  冷漠
[00:00:14.700 --> 00:00:15.900]  操控
[00:00:15.900 --> 00:00:17.100]  剝削
[00:00:17.100 --> 00:00:20.300]  不用遠了 我們回顧
[00:00:20.300 --> 00:00:24.600]  不久之前黃福遠所揭發的很多事
[00:00:24.600 --> 00:00:27.600]  裏面背後的很多人的操控
[00:00:27.600 --> 00:00:28.900]  人的詭詐
[00:00:28.900 --> 00:00:30.500]  完全表露無遺
[00:00:30.500 --> 00:00:32.500]  但令我們更加惋惜的是
[00:00:32.500 --> 00:00:35.300]  居民那種無望無助
[00:00:35.300 --> 00:00:36.800]  那種無奈
[00:00:36.800 --> 00:00:39.100]  有時世界這些詭詐
[00:00:39.100 --> 00:00:41.600]  又會教會我們怎樣去面對
[00:00:41.600 --> 00:00:43.100]  怎樣去應對
[00:00:43.100 --> 00:00:45.200]  就好像最近
[00:00:45.200 --> 00:00:46.900]  消委會不是有一個報告
[00:00:46.900 --> 00:00:48.300]  他說那些超市
[00:00:48.300 --> 00:00:50.700]  那些賣一送一是騙人的
[00:00:50.700 --> 00:00:54.500]  因為全部都是加了研究才賣一送一的
[00:00:54.500 --> 00:00:57.000]  其實不用消委會
[00:00:57.000 --> 00:00:59.200]  市民一早就懂得訓練好
[00:00:59.200 --> 00:01:00.100]  訓練好怎樣?
[00:01:00.100 --> 00:01:01.400]  訓練好很聰明的
[00:01:01.400 --> 00:01:02.600]  要去格價的
[00:01:02.600 --> 00:01:03.800]  你們有沒有格價的?
[00:01:03.800 --> 00:01:04.800]  是嗎?
[00:01:04.800 --> 00:01:06.600]  都說個個都聰明的
[00:01:06.600 --> 00:01:10.400]  雅各在拉班的家裏面
[00:01:10.400 --> 00:01:12.600]  不只是一兩天
[00:01:12.600 --> 00:01:15.400]  他為了拉結拉班的女兒
[00:01:15.400 --> 00:01:17.600]  服侍了拉班七年
[00:01:17.600 --> 00:01:21.200]  但拉班就在婚禮裏面的晚上
[00:01:21.200 --> 00:01:25.200]  將尼雅將另一個女兒換了
[00:01:25.200 --> 00:01:29.000]  令到雅各要再服侍多七年
[00:01:29.000 --> 00:01:31.600]  才可以得到拉結
[00:01:31.600 --> 00:01:34.200]  其實加起來已經十四年了
[00:01:34.200 --> 00:01:37.200]  過了十四年了
[00:01:37.200 --> 00:01:39.400]  但是上一次講到的時候
[00:01:39.400 --> 00:01:40.400]  我們都知道
[00:01:40.400 --> 00:01:44.000]  雅各已經有了妻子
[00:01:44.000 --> 00:01:45.400]  有了兒女
[00:01:45.400 --> 00:01:48.000]  但他仍然是一個寄居者
[00:01:48.000 --> 00:01:50.600]  是一個幫人去看養
[00:01:50.600 --> 00:01:54.800]  甚至乎是幫人去累積他的財富的那個人
[00:01:54.800 --> 00:01:56.400]  在今天的經文裏面
[00:01:56.400 --> 00:01:57.600]  一開始已經講到
[00:01:57.600 --> 00:02:00.200]  拉結生了弱勢
[00:02:00.200 --> 00:02:02.800]  這裏的罪事者是要提醒我們
[00:02:02.800 --> 00:02:04.400]  弱勢出世了
[00:02:04.400 --> 00:02:07.200]  一個之前的階段已經完結了
[00:02:07.200 --> 00:02:08.600]  時候到了
[00:02:08.600 --> 00:02:13.600]  因為雅各他的責任其實已經盡了
[00:02:13.600 --> 00:02:15.200]  所以他在這裏請求
[00:02:15.200 --> 00:02:16.600]  他請求甚麼?
[00:02:16.600 --> 00:02:20.200]  他請求到底他其實因為很討厭
[00:02:20.200 --> 00:02:23.800]  已經很厭倦繼續寄人籬下
[00:02:23.800 --> 00:02:26.600]  還是他想有多些自由
[00:02:26.600 --> 00:02:28.600]  還是他開始想起
[00:02:28.600 --> 00:02:31.000]  他開始想起他自己的家鄉
[00:02:31.000 --> 00:02:32.800]  想起上帝的召命
[00:02:32.800 --> 00:02:34.800]  包括想起他爺爺阿伯拉罕
[00:02:34.800 --> 00:02:38.200]  和他爸爸以撒神給他們的英許
[00:02:38.200 --> 00:02:41.800]  然後他想起他要回到神的英許之地
[00:02:41.800 --> 00:02:43.600]  雅各是不是想起這些呢?
[00:02:43.600 --> 00:02:47.000]  還是好像後來第三十章三十節那樣說
[00:02:47.000 --> 00:02:48.600]  他說雅各是想起
[00:02:48.600 --> 00:02:52.400]  我何時才可以成家立業
[00:02:52.400 --> 00:02:55.600]  才可以有自己的家
[00:02:55.600 --> 00:02:56.800]  無論如何
[00:02:56.800 --> 00:02:59.400]  這段經文都不是教我們怎樣可以成功
[00:02:59.400 --> 00:03:01.200]  怎樣可以發達
[00:03:01.200 --> 00:03:03.600]  因為他首先要給我們看到的就是
[00:03:03.600 --> 00:03:05.600]  人在這些不公平
[00:03:05.600 --> 00:03:08.400]  這麼多手段的環境裏面
[00:03:08.400 --> 00:03:09.800]  神沒有離開過
[00:03:09.800 --> 00:03:11.400]  神沒有缺席過
[00:03:11.400 --> 00:03:13.600]  神仍然守著祂的約
[00:03:13.600 --> 00:03:14.800]  而真正屬神的人
[00:03:14.800 --> 00:03:17.400]  最終是不會被現實的世界
[00:03:17.400 --> 00:03:20.800]  這麼多的不公義困住
[00:03:20.800 --> 00:03:23.400]  反而會被神帶回
[00:03:23.400 --> 00:03:26.600]  帶回神的英許的地方
[00:03:26.600 --> 00:03:28.600]  當雅各對拉班說
[00:03:28.600 --> 00:03:30.600]  請打發我走
[00:03:30.600 --> 00:03:34.600]  叫我回去我的本鄉本土
[00:03:34.600 --> 00:03:36.600]  表面看來好像只是在說
[00:03:36.600 --> 00:03:38.200]  我回鄉了
[00:03:38.200 --> 00:03:41.600]  好像我們今時今日那樣移民
[00:03:41.600 --> 00:03:45.600]  但實際上這是雅各人生一個很大的轉向
[00:03:45.600 --> 00:03:48.400]  他不是換個地方去住
[00:03:48.400 --> 00:03:50.200]  因為本鄉本土
[00:03:50.200 --> 00:03:51.800]  其實是迦南
[00:03:51.800 --> 00:03:57.200]  其實上帝英許阿伯拉罕賜給他的土地
[00:03:57.200 --> 00:04:00.800]  亦都是伯特利的夜晚裏面
[00:04:00.800 --> 00:04:07.400]  神親自向雅各重新提出這個英許之地
[00:04:07.400 --> 00:04:11.400]  在創世紀28章的時候
[00:04:11.400 --> 00:04:14.800]  神已經向雅各直接英許了
[00:04:14.800 --> 00:04:21.400]  你看看這個就是我賜給你的土地
[00:04:21.400 --> 00:04:27.800]  這個就是我和你阿爺阿伯拉罕和你以撒賜給他們的地
[00:04:27.800 --> 00:04:32.600]  上帝和雅各說我一定要和你同在
[00:04:32.600 --> 00:04:35.600]  我一定保守你回到自己的地方
[00:04:35.600 --> 00:04:37.200]  我一定不會離開你
[00:04:37.200 --> 00:04:40.000]  一定實現我對你的說話
[00:04:40.000 --> 00:04:44.000]  所以創世紀30章這裏的重點
[00:04:44.000 --> 00:04:47.200]  不是我們之後看到雅各有多少羊
[00:04:47.200 --> 00:04:48.800]  他財富有多少
[00:04:48.800 --> 00:04:53.800]  而是神怎樣令到雅各在這個寄居的地方
[00:04:53.800 --> 00:04:56.600]  其實這個地方叫巴旦雅蘭
[00:04:56.600 --> 00:04:57.800]  開始出發了
[00:04:57.800 --> 00:05:02.600]  他要回到神定了要他回到的地方
[00:05:02.600 --> 00:05:04.200]  敘事者很有意思
[00:05:04.200 --> 00:05:06.800]  他在之前的經文裏面講述了
[00:05:06.800 --> 00:05:08.400]  上帝怎樣去建立
[00:05:08.400 --> 00:05:09.600]  他的家庭怎樣建立
[00:05:09.600 --> 00:05:12.000]  怎樣有妻子怎樣有兒女
[00:05:12.000 --> 00:05:14.600]  由這裏25節開始講出
[00:05:14.600 --> 00:05:16.600]  講了怎樣為他預備
[00:05:16.600 --> 00:05:21.800]  上帝怎樣為他預備產業財產
[00:05:21.800 --> 00:05:26.200]  但是無論家人也好家屬也好財產也好
[00:05:26.200 --> 00:05:28.600]  這裏都不是整個故事的焦點
[00:05:28.600 --> 00:05:32.200]  最終的是神要一步一步將雅各
[00:05:32.200 --> 00:05:36.600]  帶回到上帝要應許他要達到的
[00:05:36.600 --> 00:05:44.600]  他要成為上帝揀選他的那一位雅各
[00:05:44.600 --> 00:05:45.800]  25節那裏講
[00:05:45.800 --> 00:05:48.000]  請讓我走
[00:05:48.000 --> 00:05:51.400]  或者另一些翻譯會講打發我走
[00:05:51.400 --> 00:05:53.800]  其實這裏這個字的意思是
[00:05:53.800 --> 00:05:57.800]  有差遣 送我走 放我走的意思
[00:05:57.800 --> 00:06:01.000]  裏面這個字其實在後尾春夏及忌的時候
[00:06:01.000 --> 00:06:04.800]  其實都講起很多差遣打發
[00:06:04.800 --> 00:06:10.000]  尤其是要法老讓以色列民離開
[00:06:10.000 --> 00:06:13.000]  那個字裏面其實都在用這個字
[00:06:13.000 --> 00:06:17.400]  當然這裏創世紀三十章不是春夏及忌
[00:06:17.400 --> 00:06:20.800]  雅各在拉班家裏的處境
[00:06:20.800 --> 00:06:23.000]  其實慢慢呈現給我們看的
[00:06:23.000 --> 00:06:26.200]  就是一個受壓制
[00:06:26.200 --> 00:06:30.600]  也在等候要被釋放的處境
[00:06:30.600 --> 00:06:36.000]  當然拉班也不是好像埃及的法老一樣強大
[00:06:36.000 --> 00:06:40.000]  但雅各也不是一個完全無辜的奴隸
[00:06:40.000 --> 00:06:42.000]  反而這個故事給我們看到
[00:06:42.000 --> 00:06:45.000]  其實是雙方無論拉班和雅各
[00:06:45.000 --> 00:06:49.400]  他們彼此都是一個很平等的協議
[00:06:49.400 --> 00:06:51.400]  這裏講
[00:06:51.400 --> 00:06:56.000]  雅各為了可以有兩個妻子已經服侍了拉班
[00:06:56.000 --> 00:07:00.000]  這裏講他也跟拉班說我已經盡力了
[00:07:00.000 --> 00:07:02.800]  我的盡力是大家都有眼見的
[00:07:02.800 --> 00:07:06.200]  是七年又七年了
[00:07:06.200 --> 00:07:08.800]  所以他兩次都這樣說
[00:07:08.800 --> 00:07:12.400]  讓我帶我的家人走
[00:07:12.400 --> 00:07:15.000]  這個狀況不應該繼續了
[00:07:15.000 --> 00:07:18.000]  他不應該再繼續是一個寄居的
[00:07:18.000 --> 00:07:20.000]  不應該再繼續留住在這裏
[00:07:20.000 --> 00:07:23.400]  不應該再繼續被拉班利用
[00:07:23.400 --> 00:07:27.000]  甚至乎一直在改變條件
[00:07:27.000 --> 00:07:31.400]  但最後都是上帝才帶領到雅各離開
[00:07:31.400 --> 00:07:33.400]  其實整個故事都是
[00:07:33.400 --> 00:07:35.400]  當以色列人再讀的時候
[00:07:35.400 --> 00:07:37.400]  其實反映他們整個民族的故事
[00:07:37.400 --> 00:07:39.400]  整個民族在神裏面的故事
[00:07:39.400 --> 00:07:41.800]  就是他們百姓怎樣去寄居
[00:07:41.800 --> 00:07:43.200]  受欺壓
[00:07:43.200 --> 00:07:44.800]  但神又帶他們出來
[00:07:44.800 --> 00:07:46.800]  回到他們應許的地方裏面
[00:07:46.800 --> 00:07:48.800]  但整個過程是怎樣
[00:07:48.800 --> 00:07:50.800]  整個過程不是以色列人多麼厲害
[00:07:50.800 --> 00:07:53.800]  而是神正在捉他的應許
[00:07:53.800 --> 00:07:55.800]  是捉住不放
[00:07:55.800 --> 00:07:59.800]  有時善忘的通常都是我們
[00:07:59.800 --> 00:08:02.800]  是我們忘記了神對我們應許
[00:08:02.800 --> 00:08:05.800]  是我們忘記了神有多堅定
[00:08:05.800 --> 00:08:07.800]  要成就他自己的應許
[00:08:07.800 --> 00:08:09.800]  往往我們就被很多
[00:08:09.800 --> 00:08:11.800]  好像拉班一樣的勢力
[00:08:11.800 --> 00:08:13.800]  拉住我們的人生
[00:08:13.800 --> 00:08:15.800]  尤其是香港這樣著重
[00:08:15.800 --> 00:08:18.800]  效率和成績的一個城市
[00:08:18.800 --> 00:08:20.800]  一定會不知不覺地
[00:08:20.800 --> 00:08:23.800]  我們要很努力很努力很努力
[00:08:23.800 --> 00:08:25.800]  但會不會有時
[00:08:25.800 --> 00:08:27.800]  我們就為了結果
[00:08:27.800 --> 00:08:29.800]  努力到一個地步
[00:08:29.800 --> 00:08:31.800]  其實我們已經不知道
[00:08:31.800 --> 00:08:33.800]  已經忘記了已經迷失了
[00:08:33.800 --> 00:08:35.800]  不知道自己為了甚麼而努力
[00:08:35.800 --> 00:08:37.800]  看來
[00:08:37.800 --> 00:08:39.800]  只有雅各
[00:08:39.800 --> 00:08:41.800]  他過了14年
[00:08:41.800 --> 00:08:43.800]  他都沒有忘記到
[00:08:43.800 --> 00:08:45.800]  上帝對他的應許
[00:08:45.800 --> 00:08:47.800]  但是當他這樣提出的時候
[00:08:47.800 --> 00:08:49.800]  拉班怎樣做呢?
[00:08:51.800 --> 00:08:53.800]  拉班馬上有反應
[00:08:53.800 --> 00:08:55.800]  拉班怎樣做呢?
[00:08:55.800 --> 00:08:59.800]  拉班馬上說
[00:08:59.800 --> 00:09:01.800]  願你看得起我
[00:09:01.800 --> 00:09:03.800]  因我占卜得知
[00:09:03.800 --> 00:09:05.800]  耶和華賜福給我
[00:09:05.800 --> 00:09:07.800]  是因你的緣故
[00:09:07.800 --> 00:09:09.800]  這裡願你看得起我
[00:09:09.800 --> 00:09:11.800]  有些譯本將原文
[00:09:11.800 --> 00:09:13.800]  更加詳盡補充意思
[00:09:13.800 --> 00:09:15.800]  那裡有些譯本會說
[00:09:15.800 --> 00:09:17.800]  如果我蒙你賞面的時候
[00:09:17.800 --> 00:09:19.800]  請留下
[00:09:19.800 --> 00:09:23.800]  因為那裡有一個要請求的意思
[00:09:23.800 --> 00:09:27.800]  這個說話聽起來
[00:09:27.800 --> 00:09:29.800]  拉班好像很敬虔
[00:09:29.800 --> 00:09:31.800]  因為他承認
[00:09:31.800 --> 00:09:33.800]  耶和華
[00:09:33.800 --> 00:09:35.800]  他承認耶和華賜福
[00:09:35.800 --> 00:09:37.800]  這裡用的字是Yahweh
[00:09:37.800 --> 00:09:39.800]  是上帝的名字
[00:09:39.800 --> 00:09:41.800]  是上帝的
[00:09:41.800 --> 00:09:43.800]  自有永有的身份
[00:09:43.800 --> 00:09:45.800]  他也承認
[00:09:45.800 --> 00:09:47.800]  自己可以這麼蒙福
[00:09:47.800 --> 00:09:49.800]  是因為誰的緣故?
[00:09:49.800 --> 00:09:51.800]  是因為雅各
[00:09:51.800 --> 00:09:53.800]  但他不是真的
[00:09:53.800 --> 00:09:55.800]  很想敬拜和侍奉上帝
[00:09:55.800 --> 00:09:57.800]  他只是想繼續
[00:09:57.800 --> 00:09:59.800]  留住這個
[00:09:59.800 --> 00:10:01.800]  能夠給他帶來利益的
[00:10:01.800 --> 00:10:03.800]  這位雅各
[00:10:03.800 --> 00:10:05.800]  這個是不是更加危險?
[00:10:05.800 --> 00:10:07.800]  這個態度更加危險?
[00:10:07.800 --> 00:10:09.800]  他不是愛上帝
[00:10:09.800 --> 00:10:11.800]  他不是要侍奉上帝
[00:10:11.800 --> 00:10:13.800]  他只是想要上帝的祝福
[00:10:13.800 --> 00:10:15.800]  要上帝帶來的好處
[00:10:15.800 --> 00:10:17.800]  他不是珍惜和尊重
[00:10:17.800 --> 00:10:19.800]  那個屬神的人
[00:10:19.800 --> 00:10:21.800]  而是想利用
[00:10:21.800 --> 00:10:23.800]  這個屬神的人
[00:10:23.800 --> 00:10:25.800]  這裡出現一個很奇怪的字
[00:10:25.800 --> 00:10:27.800]  就是占卜
[00:10:27.800 --> 00:10:29.800]  其實這個字是解釋
[00:10:29.800 --> 00:10:31.800]  大家想起的
[00:10:31.800 --> 00:10:33.800]  我們中國人也有很多占卜
[00:10:33.800 --> 00:10:35.800]  求一些象徵
[00:10:35.800 --> 00:10:37.800]  求籤
[00:10:37.800 --> 00:10:39.800]  其實都是在反映這個字
[00:10:39.800 --> 00:10:41.800]  拉班就是在用他自己
[00:10:41.800 --> 00:10:43.800]  那些很神秘
[00:10:43.800 --> 00:10:45.800]  很特別的方法
[00:10:45.800 --> 00:10:47.800]  去判定一些事情和福的方法
[00:10:47.800 --> 00:10:49.800]  用他自己的方式
[00:10:49.800 --> 00:10:51.800]  拉班說
[00:10:51.800 --> 00:10:53.800]  我知道
[00:10:53.800 --> 00:10:55.800]  我用我這個方式占卜的時候
[00:10:55.800 --> 00:10:57.800]  我知道
[00:10:57.800 --> 00:10:59.800]  我是因為雅各的緣故
[00:10:59.800 --> 00:11:01.800]  所以耶和華賜福給我
[00:11:01.800 --> 00:11:03.800]  他的方法不是
[00:11:03.800 --> 00:11:05.800]  悔改、禱告
[00:11:05.800 --> 00:11:07.800]  或者直接去求民邀遺
[00:11:07.800 --> 00:11:09.800]  而是占卜
[00:11:09.800 --> 00:11:11.800]  他將耶和華上帝的祝福
[00:11:11.800 --> 00:11:13.800]  降格成為
[00:11:13.800 --> 00:11:15.800]  一個他能夠去
[00:11:15.800 --> 00:11:17.800]  操控的一個方法
[00:11:17.800 --> 00:11:19.800]  一個資源
[00:11:19.800 --> 00:11:21.800]  到底他是不是真的測到呢
[00:11:21.800 --> 00:11:23.800]  到底是不是真的
[00:11:23.800 --> 00:11:25.800]  他的那個宗教很靈
[00:11:25.800 --> 00:11:27.800]  他的方法很靈呢
[00:11:27.800 --> 00:11:29.800]  還是上帝扮一扮
[00:11:29.800 --> 00:11:31.800]  扮下給他測到讓他知道呢
[00:11:31.800 --> 00:11:33.800]  不過這裡正正就是
[00:11:33.800 --> 00:11:35.800]  和雅各的
[00:11:35.800 --> 00:11:37.800]  他的心情
[00:11:37.800 --> 00:11:39.800]  他的心態形成一個很強烈的對比
[00:11:39.800 --> 00:11:41.800]  雖然雅各也不完美
[00:11:41.800 --> 00:11:43.800]  他仍然帶著
[00:11:43.800 --> 00:11:45.800]  好像名字那樣說
[00:11:45.800 --> 00:11:47.800]  雅各這個名字就是那種捉住
[00:11:47.800 --> 00:11:49.800]  捉住那種性格
[00:11:49.800 --> 00:11:51.800]  但他至少很清楚地說
[00:11:51.800 --> 00:11:53.800]  在第30節他說
[00:11:53.800 --> 00:11:55.800]  是因為耶和華上帝
[00:11:55.800 --> 00:11:57.800]  跟隨著我的腳步
[00:11:57.800 --> 00:11:59.800]  將賜福
[00:11:59.800 --> 00:12:01.800]  帶來給拉班尼
[00:12:01.800 --> 00:12:03.800]  他知道他眼前
[00:12:03.800 --> 00:12:05.800]  這一切的祝福
[00:12:05.800 --> 00:12:07.800]  全部是因為誰呢
[00:12:07.800 --> 00:12:09.800]  是耶和華上帝
[00:12:09.800 --> 00:12:11.800]  不是他自己有多麼的能力
[00:12:11.800 --> 00:12:13.800]  也不是拉班
[00:12:13.800 --> 00:12:15.800]  很懂得用人的那種精明
[00:12:15.800 --> 00:12:17.800]  而是
[00:12:17.800 --> 00:12:19.800]  因為耶和華
[00:12:19.800 --> 00:12:21.800]  因為雅各的緣故
[00:12:21.800 --> 00:12:23.800]  祝福雅各
[00:12:23.800 --> 00:12:25.800]  結果是怎樣呢 兩位前輩
[00:12:25.800 --> 00:12:27.800]  結果這裡是在聖經裡面第一次
[00:12:27.800 --> 00:12:29.800]  有一個不是
[00:12:29.800 --> 00:12:31.800]  亞伯拉罕後裔的人
[00:12:31.800 --> 00:12:33.800]  他承認
[00:12:33.800 --> 00:12:35.800]  他承認這個祝福
[00:12:35.800 --> 00:12:37.800]  是因為耶和華上帝
[00:12:37.800 --> 00:12:39.800]  成就了什麼呢
[00:12:39.800 --> 00:12:41.800]  成就了一個英許
[00:12:41.800 --> 00:12:43.800]  因為無論是在伯達利
[00:12:43.800 --> 00:12:45.800]  上帝對雅各直接說
[00:12:45.800 --> 00:12:47.800]  或者無論是
[00:12:47.800 --> 00:12:49.800]  上帝對
[00:12:49.800 --> 00:12:51.800]  雅各的阿爺
[00:12:51.800 --> 00:12:53.800]  亞伯拉罕都是這樣說
[00:12:53.800 --> 00:12:55.800]  萬族必因你
[00:12:55.800 --> 00:12:57.800]  要去得福
[00:12:57.800 --> 00:12:59.800]  但我們要留意到
[00:12:59.800 --> 00:13:01.800]  上帝竟然為了要
[00:13:01.800 --> 00:13:03.800]  成就他的英許
[00:13:03.800 --> 00:13:05.800]  阿伯拉罕
[00:13:05.800 --> 00:13:07.800]  透過這個方法去承認
[00:13:07.800 --> 00:13:09.800]  他的祝福是來自
[00:13:09.800 --> 00:13:11.800]  那位上帝
[00:13:11.800 --> 00:13:13.800]  那位阿爺
[00:13:13.800 --> 00:13:15.800]  所以
[00:13:15.800 --> 00:13:17.800]  我們看到即使雅各
[00:13:17.800 --> 00:13:19.800]  提了兩次
[00:13:19.800 --> 00:13:21.800]  給我帶家人離開
[00:13:21.800 --> 00:13:23.800]  但是
[00:13:23.800 --> 00:13:25.800]  拉罕同樣提了兩次
[00:13:25.800 --> 00:13:27.800]  是啦 你說啦 你留下啦
[00:13:27.800 --> 00:13:29.800]  你提啦 你說
[00:13:29.800 --> 00:13:31.800]  你要多少工資 你要多少工價
[00:13:31.800 --> 00:13:33.800]  他又提了兩次
[00:13:33.800 --> 00:13:35.800]  意思是什麼
[00:13:35.800 --> 00:13:37.800]  他想買起雅各
[00:13:37.800 --> 00:13:39.800]  雅各的要求
[00:13:39.800 --> 00:13:41.800]  很簡單
[00:13:41.800 --> 00:13:43.800]  不過其實有少少自討苦吃
[00:13:43.800 --> 00:13:45.800]  為什麼
[00:13:45.800 --> 00:13:47.800]  因為他說將來
[00:13:47.800 --> 00:13:49.800]  在大片羊群裏面
[00:13:49.800 --> 00:13:51.800]  那些有點
[00:13:51.800 --> 00:13:53.800]  那些有斑 那些黑色
[00:13:53.800 --> 00:13:55.800]  完全將來的時候
[00:13:55.800 --> 00:13:57.800]  養了之後
[00:13:57.800 --> 00:13:59.800]  給我
[00:13:59.800 --> 00:14:01.800]  雅各的工價
[00:14:01.800 --> 00:14:05.800]  剩下那些純色的羊群
[00:14:05.800 --> 00:14:07.800]  就歸還給你
[00:14:07.800 --> 00:14:09.800]  拉罕就給你
[00:14:09.800 --> 00:14:11.800]  其實這個安排是很公開的
[00:14:11.800 --> 00:14:13.800]  大家一眼就看到
[00:14:13.800 --> 00:14:15.800]  哪些有斑點
[00:14:15.800 --> 00:14:17.800]  有黑色的
[00:14:17.800 --> 00:14:19.800]  全部都是雅各
[00:14:19.800 --> 00:14:21.800]  不過其實大家要知道
[00:14:21.800 --> 00:14:23.800]  其實在羊群裏面
[00:14:23.800 --> 00:14:25.800]  這些有斑點 黑色
[00:14:25.800 --> 00:14:27.800]  有紋的
[00:14:27.800 --> 00:14:29.800]  通常都是佔少數的
[00:14:29.800 --> 00:14:31.800]  但這些少數的
[00:14:31.800 --> 00:14:33.800]  其實很容易一看就認出來了
[00:14:33.800 --> 00:14:35.800]  雅各還這樣說
[00:14:35.800 --> 00:14:37.800]  第33節
[00:14:37.800 --> 00:14:39.800]  他說以後
[00:14:39.800 --> 00:14:41.800]  如果你來看的時候
[00:14:41.800 --> 00:14:43.800]  好像查貨一樣
[00:14:43.800 --> 00:14:45.800]  哪些羊
[00:14:45.800 --> 00:14:47.800]  我拿我的
[00:14:47.800 --> 00:14:49.800]  不是那些有斑點
[00:14:49.800 --> 00:14:51.800]  不是那些黑色
[00:14:51.800 --> 00:14:53.800]  即是那些純色的
[00:14:53.800 --> 00:14:55.800]  就當我偷
[00:14:55.800 --> 00:14:57.800]  但我可以很坦白地
[00:14:57.800 --> 00:14:59.800]  在這裏證明
[00:14:59.800 --> 00:15:01.800]  我是要在你面前
[00:15:01.800 --> 00:15:03.800]  證明我是正直的
[00:15:03.800 --> 00:15:05.800]  這個正直其實是說我是公義
[00:15:05.800 --> 00:15:07.800]  什麼是說什麼
[00:15:07.800 --> 00:15:09.800]  就是我是守約的
[00:15:09.800 --> 00:15:11.800]  我是無可指責的
[00:15:11.800 --> 00:15:13.800]  任何人來到的時候
[00:15:13.800 --> 00:15:15.800]  包括上帝
[00:15:15.800 --> 00:15:17.800]  都可以一清二楚見到
[00:15:17.800 --> 00:15:19.800]  對得到
[00:15:19.800 --> 00:15:21.800]  如果有任何
[00:15:21.800 --> 00:15:23.800]  閒差踏錯的時候
[00:15:23.800 --> 00:15:25.800]  你就指責我
[00:15:25.800 --> 00:15:27.800]  雖然
[00:15:27.800 --> 00:15:29.800]  雖然其實在羊群裏面
[00:15:29.800 --> 00:15:31.800]  這些有斑
[00:15:31.800 --> 00:15:33.800]  有點點的羊其實佔少數
[00:15:33.800 --> 00:15:35.800]  但是你見到
[00:15:35.800 --> 00:15:37.800]  雅各都沒有佔拉班的便宜
[00:15:37.800 --> 00:15:39.800]  但你看看拉班怎樣做
[00:15:39.800 --> 00:15:41.800]  拉班跟著又怎樣
[00:15:41.800 --> 00:15:43.800]  就正正是
[00:15:43.800 --> 00:15:45.800]  講完的那一天
[00:15:45.800 --> 00:15:47.800]  在那一天裏面
[00:15:47.800 --> 00:15:49.800]  他就走了整個羊群
[00:15:49.800 --> 00:15:51.800]  將所有那些有紋
[00:15:51.800 --> 00:15:53.800]  有斑有點
[00:15:53.800 --> 00:15:55.800]  全部都
[00:15:55.800 --> 00:15:57.800]  分開了
[00:15:57.800 --> 00:15:59.800]  不單止分開
[00:15:59.800 --> 00:16:01.800]  他還交給兒子
[00:16:01.800 --> 00:16:03.800]  看著不准走散
[00:16:03.800 --> 00:16:05.800]  那些羊不准走開
[00:16:05.800 --> 00:16:07.800]  他還要將這批羊
[00:16:07.800 --> 00:16:09.800]  拉開
[00:16:09.800 --> 00:16:11.800]  要相隔三天的路程
[00:16:11.800 --> 00:16:13.800]  才可以到
[00:16:13.800 --> 00:16:15.800]  意思是什麼
[00:16:15.800 --> 00:16:17.800]  就將這些
[00:16:17.800 --> 00:16:19.800]  本來就是
[00:16:19.800 --> 00:16:21.800]  雅各的羊群
[00:16:21.800 --> 00:16:23.800]  本來就會跟著一起養
[00:16:23.800 --> 00:16:25.800]  養大的時候就會屬於雅各
[00:16:25.800 --> 00:16:27.800]  不讓他們有任何
[00:16:27.800 --> 00:16:29.800]  跟那些
[00:16:29.800 --> 00:16:31.800]  純色的羊有任何機會
[00:16:31.800 --> 00:16:33.800]  發生交配的情況
[00:16:33.800 --> 00:16:37.800]  換言之你看到這件事
[00:16:37.800 --> 00:16:39.800]  拉班表面上
[00:16:39.800 --> 00:16:41.800]  就看到
[00:16:41.800 --> 00:16:43.800]  照你的說話做
[00:16:43.800 --> 00:16:45.800]  沒錯講得好
[00:16:45.800 --> 00:16:47.800]  但他立即就將雅各
[00:16:47.800 --> 00:16:49.800]  最可能得到的
[00:16:49.800 --> 00:16:51.800]  那些公司
[00:16:51.800 --> 00:16:53.800]  立即移走
[00:16:53.800 --> 00:16:57.800]  他不止不公平
[00:16:57.800 --> 00:16:59.800]  他還要怎樣
[00:16:59.800 --> 00:17:01.800]  先答應
[00:17:01.800 --> 00:17:03.800]  然後暗中出手段
[00:17:03.800 --> 00:17:05.800]  這就是拉班
[00:17:05.800 --> 00:17:07.800]  背後的世界
[00:17:07.800 --> 00:17:09.800]  的做法
[00:17:09.800 --> 00:17:11.800]  口頭上就說很合作
[00:17:11.800 --> 00:17:13.800]  因為先認了你
[00:17:13.800 --> 00:17:15.800]  但實際上是怎樣
[00:17:15.800 --> 00:17:17.800]  去操控成果
[00:17:17.800 --> 00:17:19.800]  操控結果
[00:17:19.800 --> 00:17:21.800]  表面上就很肯定
[00:17:21.800 --> 00:17:23.800]  你養羊養得很好
[00:17:23.800 --> 00:17:25.800]  你背後的上帝都很厲害
[00:17:25.800 --> 00:17:27.800]  但實際上是怎樣
[00:17:27.800 --> 00:17:29.800]  不想讓你有合理的回報
[00:17:29.800 --> 00:17:31.800]  因為如果應該
[00:17:31.800 --> 00:17:33.800]  整批羊一起養的時候
[00:17:33.800 --> 00:17:35.800]  剛才我們不是說
[00:17:35.800 --> 00:17:37.800]  雅各是會蒙上帝的祝福
[00:17:37.800 --> 00:17:39.800]  所以其實全部羊
[00:17:39.800 --> 00:17:41.800]  都會一起
[00:17:41.800 --> 00:17:43.800]  很多的
[00:17:43.800 --> 00:17:45.800]  繁殖
[00:17:45.800 --> 00:17:47.800]  本身這件事已經在發生
[00:17:47.800 --> 00:17:49.800]  但在這裏
[00:17:49.800 --> 00:17:51.800]  雅各是不能養
[00:17:51.800 --> 00:17:53.800]  他自己本來的
[00:17:53.800 --> 00:17:55.800]  有班有點有文的羊
[00:17:55.800 --> 00:17:59.800]  所以拉班
[00:17:59.800 --> 00:18:01.800]  只是要雅各繼續
[00:18:01.800 --> 00:18:03.800]  祝福他自己的羊群
[00:18:03.800 --> 00:18:05.800]  他的財產
[00:18:05.800 --> 00:18:07.800]  因為
[00:18:07.800 --> 00:18:09.800]  他知道
[00:18:09.800 --> 00:18:11.800]  雅各你就是祝福的源頭
[00:18:11.800 --> 00:18:13.800]  但是
[00:18:13.800 --> 00:18:15.800]  他卻不會
[00:18:15.800 --> 00:18:17.800]  面對這個
[00:18:17.800 --> 00:18:19.800]  賜福給他的上帝
[00:18:19.800 --> 00:18:21.800]  他更加不會很公義的
[00:18:21.800 --> 00:18:23.800]  在上帝面前
[00:18:23.800 --> 00:18:25.800]  去做他一切
[00:18:25.800 --> 00:18:29.800]  罪事者去到
[00:18:29.800 --> 00:18:31.800]  創世紀念三章
[00:18:31.800 --> 00:18:33.800]  告訴我們背後發生什麼事
[00:18:33.800 --> 00:18:35.800]  雅各
[00:18:35.800 --> 00:18:37.800]  他對他的兩個妻子
[00:18:37.800 --> 00:18:39.800]  即是拉班的兩個女兒
[00:18:39.800 --> 00:18:41.800]  提出一個很直接的指控
[00:18:41.800 --> 00:18:43.800]  在第31章裏這樣說
[00:18:43.800 --> 00:18:45.800]  你們的父親
[00:18:45.800 --> 00:18:47.800]  是一直欺騙我的
[00:18:47.800 --> 00:18:49.800]  你們的父親一直欺騙我
[00:18:49.800 --> 00:18:51.800]  在第31章第7節裏說
[00:18:51.800 --> 00:18:53.800]  十次
[00:18:53.800 --> 00:18:55.800]  更改我的公職
[00:18:55.800 --> 00:18:57.800]  十次
[00:18:57.800 --> 00:18:59.800]  十次是什麼數目
[00:18:59.800 --> 00:19:01.800]  可能真的是十次
[00:19:01.800 --> 00:19:03.800]  在希伯來文裏
[00:19:03.800 --> 00:19:05.800]  或者希伯來的罪事裏
[00:19:05.800 --> 00:19:07.800]  可能是說很多次
[00:19:07.800 --> 00:19:09.800]  反覆這樣做
[00:19:09.800 --> 00:19:11.800]  一直這樣做
[00:19:11.800 --> 00:19:13.800]  他要強調的就是
[00:19:13.800 --> 00:19:15.800]  拉班不是偶爾失信
[00:19:15.800 --> 00:19:17.800]  而是他提到
[00:19:17.800 --> 00:19:19.800]  長期這樣
[00:19:19.800 --> 00:19:21.800]  拉班長期這樣
[00:19:21.800 --> 00:19:23.800]  用他的強權
[00:19:23.800 --> 00:19:25.800]  壓榨雅各
[00:19:25.800 --> 00:19:27.800]  換言之
[00:19:27.800 --> 00:19:29.800]  拉班他不願意
[00:19:29.800 --> 00:19:31.800]  親自去馴服上帝
[00:19:31.800 --> 00:19:33.800]  但是他卻希望
[00:19:33.800 --> 00:19:35.800]  留住那個有上帝同在
[00:19:35.800 --> 00:19:37.800]  那個人
[00:19:37.800 --> 00:19:39.800]  很想他繼續可以享受
[00:19:39.800 --> 00:19:41.800]  這個雅各帶給他的
[00:19:41.800 --> 00:19:43.800]  一些所有益處
[00:19:43.800 --> 00:19:45.800]  如果你今天
[00:19:45.800 --> 00:19:47.800]  遇上一些
[00:19:47.800 --> 00:19:49.800]  像拉班一樣那麼詭詐
[00:19:49.800 --> 00:19:51.800]  那麼粗魯的人
[00:19:51.800 --> 00:19:53.800]  一個這樣的世界
[00:19:53.800 --> 00:19:55.800]  你會怎樣做呢
[00:19:55.800 --> 00:19:57.800]  靖姐妹們
[00:19:57.800 --> 00:19:59.800]  去到第30章
[00:19:59.800 --> 00:20:01.800]  37至43節
[00:20:01.800 --> 00:20:03.800]  去到一段我們在整個故事裏
[00:20:03.800 --> 00:20:05.800]  裏面最困惑的部分
[00:20:05.800 --> 00:20:07.800]  雅各就在這裏
[00:20:07.800 --> 00:20:09.800]  現在他在養
[00:20:09.800 --> 00:20:11.800]  哪個羊呢
[00:20:11.800 --> 00:20:13.800]  哪個羊呢
[00:20:13.800 --> 00:20:15.800]  拉班那些羊
[00:20:15.800 --> 00:20:17.800]  那他怎樣做呢
[00:20:17.800 --> 00:20:19.800]  他就拿一些羊樹
[00:20:19.800 --> 00:20:21.800]  杏樹
[00:20:21.800 --> 00:20:23.800]  楓樹那些樹枝
[00:20:23.800 --> 00:20:25.800]  將他們剝到一些
[00:20:25.800 --> 00:20:27.800]  白紋出來
[00:20:27.800 --> 00:20:29.800]  然後放在羊群
[00:20:29.800 --> 00:20:31.800]  會喝水和交配的地方
[00:20:31.800 --> 00:20:33.800]  結果怎樣呢
[00:20:33.800 --> 00:20:35.800]  結果竟然
[00:20:35.800 --> 00:20:37.800]  那些羊會長出甚麼
[00:20:37.800 --> 00:20:39.800]  會長出一些有紋有斑
[00:20:39.800 --> 00:20:41.800]  有斑點的羊
[00:20:41.800 --> 00:20:43.800]  然後更加不單止這樣
[00:20:43.800 --> 00:20:45.800]  還要雅各是專門在那些
[00:20:45.800 --> 00:20:47.800]  那些肥壯的羊
[00:20:47.800 --> 00:20:49.800]  在那裏交配的時候
[00:20:49.800 --> 00:20:53.800]  他才放那些樹枝在那裏
[00:20:53.800 --> 00:20:55.800]  然後當那些瘦弱的時候
[00:20:55.800 --> 00:20:57.800]  他怎樣呢
[00:20:57.800 --> 00:20:59.800]  他不放
[00:20:59.800 --> 00:21:01.800]  結果會怎樣
[00:21:01.800 --> 00:21:03.800]  如果整個邏輯是通的時候
[00:21:03.800 --> 00:21:05.800]  就是那些瘦弱的羊
[00:21:05.800 --> 00:21:07.800]  剩下的是純色的羊
[00:21:07.800 --> 00:21:09.800]  但那些肥壯的羊
[00:21:09.800 --> 00:21:11.800]  有斑有紋有點的羊
[00:21:11.800 --> 00:21:13.800]  就是怎樣呢
[00:21:13.800 --> 00:21:15.800]  就是強壯的羊
[00:21:15.800 --> 00:21:17.800]  然後強壯的羊
[00:21:17.800 --> 00:21:19.800]  最終就會給予雅各
[00:21:19.800 --> 00:21:21.800]  不少的人
[00:21:21.800 --> 00:21:23.800]  很多歷史歷代的人
[00:21:23.800 --> 00:21:25.800]  讀到這段的時候
[00:21:25.800 --> 00:21:27.800]  都馬上問
[00:21:27.800 --> 00:21:29.800]  這是什麽傳學
[00:21:29.800 --> 00:21:31.800]  什麽農耕技術
[00:21:31.800 --> 00:21:33.800]  有沒有這樣的農耕技術呢
[00:21:33.800 --> 00:21:35.800]  是不是那些植物
[00:21:35.800 --> 00:21:37.800]  那些什麽樹
[00:21:37.800 --> 00:21:39.800]  是否他撕了之後
[00:21:39.800 --> 00:21:41.800]  有些特別的藥效
[00:21:41.800 --> 00:21:43.800]  放在水裏會影響羊交配的結果呢
[00:21:43.800 --> 00:21:45.800]  還是一些
[00:21:45.800 --> 00:21:47.800]  什麽神奇的方法呢
[00:21:47.800 --> 00:21:49.800]  但是
[00:21:49.800 --> 00:21:51.800]  在這段描述雅各怎樣做的
[00:21:51.800 --> 00:21:53.800]  整段經文裏面
[00:21:53.800 --> 00:21:55.800]  罪事者刻意沒有提到任何說話
[00:21:55.800 --> 00:21:57.800]  然後只是用文字
[00:21:57.800 --> 00:21:59.800]  描寫雅各怎樣
[00:21:59.800 --> 00:22:01.800]  整個過程裏面
[00:22:01.800 --> 00:22:03.800]  他怎樣操作
[00:22:03.800 --> 00:22:05.800]  他是要將我們整個讀
[00:22:05.800 --> 00:22:07.800]  讀的時候
[00:22:07.800 --> 00:22:09.800]  我們全人的
[00:22:09.800 --> 00:22:11.800]  投入在雅各的操作裏面
[00:22:11.800 --> 00:22:13.800]  罪事者怎樣精練地用文字呢
[00:22:13.800 --> 00:22:15.800]  在第37節裏面
[00:22:15.800 --> 00:22:17.800]  多次出現
[00:22:17.800 --> 00:22:19.800]  其實那個白字
[00:22:19.800 --> 00:22:21.800]  為什麽這樣說呢
[00:22:21.800 --> 00:22:23.800]  因為原來拉班的名字
[00:22:23.800 --> 00:22:25.800]  都是和
[00:22:25.800 --> 00:22:27.800]  白字有關
[00:22:27.800 --> 00:22:29.800]  所以經文裏面說
[00:22:29.800 --> 00:22:31.800]  雅各將樹枝
[00:22:31.800 --> 00:22:33.800]  剝成白紋
[00:22:33.800 --> 00:22:35.800]  露出白色來
[00:22:35.800 --> 00:22:37.800]  其實有點像中文
[00:22:37.800 --> 00:22:39.800]  語帶相關
[00:22:39.800 --> 00:22:41.800]  講白色
[00:22:41.800 --> 00:22:43.800]  白色是拉班
[00:22:43.800 --> 00:22:45.800]  所以雅各在白色
[00:22:45.800 --> 00:22:47.800]  所有的操作裏面
[00:22:47.800 --> 00:22:49.800]  他要面對
[00:22:49.800 --> 00:22:51.800]  擺脫白色
[00:22:51.800 --> 00:22:53.800]  白色就是拉班
[00:22:53.800 --> 00:22:55.800]  他形成了一種很強烈的
[00:22:55.800 --> 00:22:57.800]  有張力的氣氛
[00:22:57.800 --> 00:22:59.800]  就是雅各正是要面對
[00:22:59.800 --> 00:23:01.800]  拉班的控制
[00:23:01.800 --> 00:23:03.800]  仍然存在
[00:23:03.800 --> 00:23:05.800]  但這裏要告訴我們
[00:23:05.800 --> 00:23:07.800]  上帝最終將他帶出來
[00:23:07.800 --> 00:23:09.800]  但這裏我們一定要很小心
[00:23:09.800 --> 00:23:11.800]  就是神介入
[00:23:11.800 --> 00:23:13.800]  在雅各這個處境
[00:23:13.800 --> 00:23:15.800]  不等於神准許
[00:23:15.800 --> 00:23:17.800]  批准雅各所有的手段
[00:23:17.800 --> 00:23:19.800]  聖經
[00:23:19.800 --> 00:23:21.800]  經常都描述人有很多行動
[00:23:21.800 --> 00:23:23.800]  但不一定每一樣
[00:23:23.800 --> 00:23:25.800]  上帝都認可人的行動
[00:23:25.800 --> 00:23:27.800]  但在這裏很明顯
[00:23:27.800 --> 00:23:29.800]  就是上帝沒有禁止
[00:23:29.800 --> 00:23:31.800]  這裏發生的事
[00:23:31.800 --> 00:23:33.800]  雅各仍然是
[00:23:33.800 --> 00:23:35.800]  機關算盡
[00:23:35.800 --> 00:23:37.800]  把握機會
[00:23:37.800 --> 00:23:39.800]  善於操控
[00:23:39.800 --> 00:23:41.800]  但同時
[00:23:41.800 --> 00:23:43.800]  我們見到他更加被上帝
[00:23:43.800 --> 00:23:45.800]  捉住
[00:23:45.800 --> 00:23:47.800]  被上帝重新塑造
[00:23:47.800 --> 00:23:49.800]  歷史歷代
[00:23:49.800 --> 00:23:51.800]  研究聖經的人都想問
[00:23:51.800 --> 00:23:53.800]  這裏究竟發生了什麼事
[00:23:53.800 --> 00:23:55.800]  有些人就理解
[00:23:55.800 --> 00:23:57.800]  在羊交配的時候
[00:23:57.800 --> 00:23:59.800]  見到樹枝的情況
[00:23:59.800 --> 00:24:01.800]  原來是他們當時的
[00:24:01.800 --> 00:24:03.800]  世代裏面的一種觀念
[00:24:03.800 --> 00:24:05.800]  他們說當羊交配
[00:24:05.800 --> 00:24:07.800]  懷胎的時候
[00:24:07.800 --> 00:24:09.800]  他們視覺見到的印象
[00:24:09.800 --> 00:24:11.800]  會影響他們所生產出來的後代
[00:24:11.800 --> 00:24:13.800]  很多這些說法
[00:24:13.800 --> 00:24:15.800]  歷史歷代的
[00:24:15.800 --> 00:24:17.800]  研究聖經的人
[00:24:17.800 --> 00:24:19.800]  都想找到解釋
[00:24:19.800 --> 00:24:21.800]  但這裏最終
[00:24:21.800 --> 00:24:23.800]  其實想告訴我們
[00:24:23.800 --> 00:24:25.800]  創世紀
[00:24:25.800 --> 00:24:27.800]  想將焦點放在哪裏呢
[00:24:27.800 --> 00:24:29.800]  不是
[00:24:29.800 --> 00:24:31.800]  不是在這些樹枝
[00:24:31.800 --> 00:24:33.800]  不是在這些白紋上
[00:24:33.800 --> 00:24:35.800]  是要我們放在上帝那裏
[00:24:35.800 --> 00:24:37.800]  因為這裏是31章
[00:24:37.800 --> 00:24:39.800]  雅各
[00:24:39.800 --> 00:24:41.800]  向他那兩個妻子
[00:24:41.800 --> 00:24:43.800]  重新複述他自己經歷的時候
[00:24:43.800 --> 00:24:45.800]  他說當那些羊
[00:24:45.800 --> 00:24:47.800]  交配的時候
[00:24:47.800 --> 00:24:49.800]  他發夢
[00:24:49.800 --> 00:24:51.800]  他發夢見到甚麼
[00:24:51.800 --> 00:24:53.800]  見到那些羊
[00:24:53.800 --> 00:24:55.800]  有紋有斑有點的羊
[00:24:55.800 --> 00:24:57.800]  跳
[00:24:57.800 --> 00:24:59.800]  然後那裏
[00:24:59.800 --> 00:25:01.800]  使者就向他呼叫
[00:25:01.800 --> 00:25:03.800]  叫他的名字 雅各
[00:25:03.800 --> 00:25:05.800]  然後他就說我在這裏
[00:25:05.800 --> 00:25:07.800]  然後他見到那些
[00:25:07.800 --> 00:25:09.800]  有紋有斑有點的羊
[00:25:09.800 --> 00:25:11.800]  在那裏跳
[00:25:11.800 --> 00:25:13.800]  後來使者又告訴他
[00:25:13.800 --> 00:25:15.800]  他說
[00:25:15.800 --> 00:25:17.800]  雅各啊
[00:25:17.800 --> 00:25:19.800]  拉斑向你所做的一切
[00:25:19.800 --> 00:25:21.800]  我已經見到了
[00:25:21.800 --> 00:25:25.800]  罪使者要解釋
[00:25:25.800 --> 00:25:27.800]  告訴我們
[00:25:27.800 --> 00:25:29.800]  不是那些樹枝有甚麼功效
[00:25:29.800 --> 00:25:31.800]  而是神見到
[00:25:31.800 --> 00:25:33.800]  神見到拉斑怎樣對待雅各
[00:25:33.800 --> 00:25:35.800]  是上帝
[00:25:35.800 --> 00:25:37.800]  令到那些羊群
[00:25:37.800 --> 00:25:39.800]  照著上帝的旨意去繁殖
[00:25:41.800 --> 00:25:43.800]  甚至雅各更加直接
[00:25:43.800 --> 00:25:45.800]  在三十一章裏面說
[00:25:45.800 --> 00:25:47.800]  是上帝將你們爸爸
[00:25:47.800 --> 00:25:49.800]  對著那兩個女兒說
[00:25:49.800 --> 00:25:51.800]  將你們爸爸的牲畜奪過來
[00:25:51.800 --> 00:25:53.800]  賜了給我
[00:25:53.800 --> 00:25:55.800]  真正令到雅各
[00:25:55.800 --> 00:25:57.800]  他的財產增加的
[00:25:57.800 --> 00:25:59.800]  是不是他
[00:25:59.800 --> 00:26:01.800]  很多的那些
[00:26:01.800 --> 00:26:03.800]  花言巧語
[00:26:03.800 --> 00:26:05.800]  他沒有花言巧語
[00:26:05.800 --> 00:26:07.800]  不過他很多的技巧
[00:26:07.800 --> 00:26:09.800]  很多的操作
[00:26:09.800 --> 00:26:11.800]  很厲害
[00:26:11.800 --> 00:26:13.800]  還是剛巧
[00:26:13.800 --> 00:26:15.800]  碰巧有這樣的事情發生
[00:26:15.800 --> 00:26:17.800]  其實創世紀是不厭其煩地
[00:26:17.800 --> 00:26:19.800]  一直強調給我們聽
[00:26:19.800 --> 00:26:21.800]  是神見到
[00:26:21.800 --> 00:26:23.800]  是神的公義
[00:26:23.800 --> 00:26:25.800]  是神的信實和可靠
[00:26:25.800 --> 00:26:29.800]  因為上帝一早已經
[00:26:29.800 --> 00:26:31.800]  向雅各的爺爺
[00:26:31.800 --> 00:26:33.800]  阿巴拉罕說了
[00:26:33.800 --> 00:26:35.800]  在創世紀十二章三節裏說
[00:26:35.800 --> 00:26:37.800]  為你祝福的
[00:26:37.800 --> 00:26:39.800]  我必賜福給他
[00:26:39.800 --> 00:26:41.800]  那些咒咒你的
[00:26:41.800 --> 00:26:43.800]  對你不好的
[00:26:43.800 --> 00:26:45.800]  我一定咒咒他們
[00:26:45.800 --> 00:26:47.800]  雅各就是這樣
[00:26:47.800 --> 00:26:49.800]  承受這個應許
[00:26:49.800 --> 00:26:51.800]  他就是那個
[00:26:51.800 --> 00:26:53.800]  承受應許的那個人
[00:26:53.800 --> 00:26:55.800]  所以拉班是曾經因為
[00:26:55.800 --> 00:26:57.800]  雅各的緣故而得到祝福
[00:26:57.800 --> 00:26:59.800]  但是拉班
[00:26:59.800 --> 00:27:01.800]  他卻是壓榨
[00:27:01.800 --> 00:27:03.800]  雅各
[00:27:03.800 --> 00:27:05.800]  神就不會
[00:27:05.800 --> 00:27:07.800]  置諸不理
[00:27:07.800 --> 00:27:09.800]  雅各的羊群增多
[00:27:09.800 --> 00:27:11.800]  不是
[00:27:11.800 --> 00:27:13.800]  誰比誰聰明一點的故事
[00:27:13.800 --> 00:27:15.800]  而是神為了要
[00:27:15.800 --> 00:27:17.800]  承受他的應許
[00:27:17.800 --> 00:27:19.800]  去到很盡的一件事
[00:27:19.800 --> 00:27:21.800]  所以最後
[00:27:21.800 --> 00:27:23.800]  去到第四十三節
[00:27:23.800 --> 00:27:25.800]  罪事者總結的時候
[00:27:25.800 --> 00:27:27.800]  他說
[00:27:27.800 --> 00:27:29.800]  於是這人極其發達
[00:27:29.800 --> 00:27:31.800]  擁有很多羊群
[00:27:31.800 --> 00:27:33.800]  奴僕
[00:27:33.800 --> 00:27:35.800]  婢女
[00:27:35.800 --> 00:27:37.800]  駱駝和奴
[00:27:37.800 --> 00:27:39.800]  極其這個字在文字上
[00:27:39.800 --> 00:27:41.800]  是用雙重重複
[00:27:41.800 --> 00:27:43.800]  是用非常
[00:27:43.800 --> 00:27:45.800]  非常這樣的意思
[00:27:45.800 --> 00:27:47.800]  因為當時他的羊
[00:27:47.800 --> 00:27:49.800]  雅各有的羊
[00:27:49.800 --> 00:27:51.800]  他的奴僕
[00:27:51.800 --> 00:27:53.800]  他的婢女
[00:27:53.800 --> 00:27:55.800]  和很多的牲畜可能駱駝
[00:27:55.800 --> 00:27:57.800]  駱駝當時是很貴重的牲畜
[00:27:57.800 --> 00:27:59.800]  奴
[00:27:59.800 --> 00:28:01.800]  這裡說的是什麼
[00:28:01.800 --> 00:28:03.800]  其眾多
[00:28:03.800 --> 00:28:05.800]  難以估計
[00:28:05.800 --> 00:28:07.800]  舊約很多時候
[00:28:07.800 --> 00:28:09.800]  解釋祝福
[00:28:09.800 --> 00:28:11.800]  都會用到物質
[00:28:11.800 --> 00:28:13.800]  很豐裕
[00:28:13.800 --> 00:28:15.800]  上帝賜了很多
[00:28:15.800 --> 00:28:17.800]  其實這個背後是想說
[00:28:17.800 --> 00:28:19.800]  上帝同在
[00:28:19.800 --> 00:28:21.800]  上帝看顧一個人
[00:28:21.800 --> 00:28:23.800]  的時候帶來那種
[00:28:23.800 --> 00:28:25.800]  背後帶來那種情況
[00:28:25.800 --> 00:28:27.800]  當上帝
[00:28:27.800 --> 00:28:29.800]  看顧一個人的時候
[00:28:29.800 --> 00:28:31.800]  這個人和上帝
[00:28:31.800 --> 00:28:33.800]  是在恢復一個和好的關係
[00:28:33.800 --> 00:28:35.800]  這個和好的關係
[00:28:35.800 --> 00:28:37.800]  是要令到這個人
[00:28:37.800 --> 00:28:39.800]  其實更加深的就是
[00:28:39.800 --> 00:28:41.800]  要令到人與人之間
[00:28:41.800 --> 00:28:43.800]  是不需要再去爭奪
[00:28:43.800 --> 00:28:45.800]  不需要再去剝削
[00:28:45.800 --> 00:28:47.800]  不需要再去巧吹豪奪
[00:28:47.800 --> 00:28:49.800]  而是人與人之間可以很公平
[00:28:49.800 --> 00:28:51.800]  很平等地照顧彼此的關心
[00:28:51.800 --> 00:28:53.800]  不需要再用很多手段
[00:28:53.800 --> 00:28:55.800]  不需要再用很多剝削
[00:28:55.800 --> 00:28:57.800]  這裡說
[00:28:57.800 --> 00:28:59.800]  雅各其實只是一個人
[00:28:59.800 --> 00:29:01.800]  這人
[00:29:01.800 --> 00:29:03.800]  不一定是他
[00:29:03.800 --> 00:29:05.800]  可以是任何人
[00:29:05.800 --> 00:29:07.800]  正如神起初可能揀選了阿伯拉罕
[00:29:07.800 --> 00:29:09.800]  但上帝最終的目標
[00:29:09.800 --> 00:29:11.800]  最終的焦點
[00:29:11.800 --> 00:29:13.800]  都是在萬族萬民的身上
[00:29:13.800 --> 00:29:15.800]  在這裡
[00:29:15.800 --> 00:29:17.800]  在今天的經文裡面
[00:29:17.800 --> 00:29:19.800]  雅各仍然在成長中
[00:29:19.800 --> 00:29:21.800]  就像我們這樣
[00:29:21.800 --> 00:29:23.800]  我們也在成長中
[00:29:23.800 --> 00:29:25.800]  但是
[00:29:25.800 --> 00:29:27.800]  最終我們看到的就是
[00:29:27.800 --> 00:29:29.800]  雅各沒有忘記上帝
[00:29:29.800 --> 00:29:31.800]  神也讓雅各
[00:29:31.800 --> 00:29:33.800]  他看到
[00:29:33.800 --> 00:29:35.800]  同時也讓我們看到
[00:29:35.800 --> 00:29:37.800]  是神如何在捉緊他自己的應許
[00:29:37.800 --> 00:29:39.800]  守住他自己的揀選
[00:29:39.800 --> 00:29:43.800]  上帝一路一路地
[00:29:43.800 --> 00:29:45.800]  塑造著雅各
[00:29:45.800 --> 00:29:47.800]  令到雅各
[00:29:47.800 --> 00:29:49.800]  由一個過往
[00:29:49.800 --> 00:29:51.800]  過去一定不斷地要他抓住
[00:29:51.800 --> 00:29:53.800]  巧吹豪奪的一個人
[00:29:53.800 --> 00:29:55.800]  最終成為以色列
[00:29:55.800 --> 00:29:57.800]  成為選民的一個
[00:29:57.800 --> 00:29:59.800]  祖宗列祖
[00:29:59.800 --> 00:30:01.800]  甚至去到創世紀32章的時候
[00:30:01.800 --> 00:30:03.800]  神為了完全得到
[00:30:03.800 --> 00:30:05.800]  雅各的時候
[00:30:05.800 --> 00:30:07.800]  他甚至在比魯伊勒的時候
[00:30:07.800 --> 00:30:09.800]  上帝和他摔跤
[00:30:09.800 --> 00:30:11.800]  令他由一個
[00:30:11.800 --> 00:30:13.800]  要抓住人
[00:30:13.800 --> 00:30:15.800]  變成一個被神抓住的一個人
[00:30:15.800 --> 00:30:19.800]  是的
[00:30:19.800 --> 00:30:21.800]  世界其實一直都很惡的
[00:30:23.800 --> 00:30:25.800]  但我們可不可以
[00:30:25.800 --> 00:30:27.800]  不要為了應付這種惡
[00:30:27.800 --> 00:30:29.800]  我們再加添更多的惡
[00:30:29.800 --> 00:30:31.800]  在今天的經文裏面
[00:30:31.800 --> 00:30:33.800]  拉班只是看雅各
[00:30:33.800 --> 00:30:35.800]  是一個他獲得利益的一個工具
[00:30:35.800 --> 00:30:39.800]  其實他在做什麼呢
[00:30:39.800 --> 00:30:41.800]  拉班在做什麼呢
[00:30:41.800 --> 00:30:43.800]  他將雅各非人化
[00:30:43.800 --> 00:30:45.800]  當他不是一個人
[00:30:45.800 --> 00:30:47.800]  不是一個有感情
[00:30:47.800 --> 00:30:49.800]  不是一個有尊嚴
[00:30:49.800 --> 00:30:51.800]  不是一個有自由的人
[00:30:51.800 --> 00:30:53.800]  我們不用問
[00:30:53.800 --> 00:30:55.800]  我們都會知道上帝不是這樣看我們
[00:30:55.800 --> 00:30:57.800]  上帝更加不想
[00:30:57.800 --> 00:30:59.800]  我們人與人之間
[00:30:59.800 --> 00:31:01.800]  可以當其他人好像不是人一樣
[00:31:01.800 --> 00:31:03.800]  這種非人化
[00:31:03.800 --> 00:31:05.800]  這種惡
[00:31:05.800 --> 00:31:07.800]  在這個
[00:31:07.800 --> 00:31:09.800]  感覺的世界的時候
[00:31:09.800 --> 00:31:11.800]  我們會忘記了
[00:31:11.800 --> 00:31:13.800]  在這麼惡的非人
[00:31:13.800 --> 00:31:15.800]  將人當為不是人
[00:31:15.800 --> 00:31:17.800]  這樣看的時候
[00:31:17.800 --> 00:31:19.800]  我們漠視了其他人本身有的價值
[00:31:19.800 --> 00:31:21.800]  本身有的需要
[00:31:21.800 --> 00:31:25.800]  最近聽了一位牧者的分享
[00:31:25.800 --> 00:31:27.800]  這位牧者有機會
[00:31:27.800 --> 00:31:29.800]  陪著那些
[00:31:29.800 --> 00:31:31.800]  弘福縣的居民上樓
[00:31:31.800 --> 00:31:35.800]  這位牧者和家庭談
[00:31:35.800 --> 00:31:37.800]  他知道那家庭
[00:31:37.800 --> 00:31:39.800]  原來沒有信耶穌
[00:31:39.800 --> 00:31:41.800]  也沒有回教會聚會
[00:31:41.800 --> 00:31:45.800]  你馬上怎麼想
[00:31:45.800 --> 00:31:47.800]  這位牧者會怎麼想
[00:31:47.800 --> 00:31:49.800]  馬上想辦法
[00:31:49.800 --> 00:31:51.800]  想辦法做什麼
[00:31:51.800 --> 00:31:53.800]  馬上想辦法
[00:31:53.800 --> 00:31:55.800]  要怎麼傳福音
[00:31:55.800 --> 00:31:57.800]  所以當這位牧者
[00:31:57.800 --> 00:31:59.800]  陪著家庭上去收拾東西的過程
[00:31:59.800 --> 00:32:01.800]  他也是這樣
[00:32:01.800 --> 00:32:03.800]  可能和你和我一樣
[00:32:03.800 --> 00:32:05.800]  一直想著怎麼傳福音
[00:32:05.800 --> 00:32:07.800]  怎麼說
[00:32:07.800 --> 00:32:09.800]  但正正就是當
[00:32:09.800 --> 00:32:11.800]  這位家庭
[00:32:11.800 --> 00:32:13.800]  上到樓的時候
[00:32:13.800 --> 00:32:15.800]  他很懷念燒到燒焦的家
[00:32:15.800 --> 00:32:17.800]  他很感觸
[00:32:17.800 --> 00:32:19.800]  很傷心
[00:32:19.800 --> 00:32:21.800]  甚至想起一些人
[00:32:21.800 --> 00:32:23.800]  可能一些鄰居的時候
[00:32:23.800 --> 00:32:25.800]  這位牧者
[00:32:25.800 --> 00:32:27.800]  他一直想起什麼
[00:32:27.800 --> 00:32:29.800]  一直想起自己要說什麼
[00:32:29.800 --> 00:32:31.800]  怎樣才可以入位
[00:32:31.800 --> 00:32:33.800]  怎樣才可以達到目的
[00:32:33.800 --> 00:32:35.800]  怎樣才可以傳到福音
[00:32:35.800 --> 00:32:37.800]  但在整個過程裏
[00:32:37.800 --> 00:32:39.800]  他突然
[00:32:39.800 --> 00:32:41.800]  有一刻好像叮了一聲
[00:32:41.800 --> 00:32:43.800]  他突然問自己
[00:32:43.800 --> 00:32:45.800]  我到底在做什麼
[00:32:45.800 --> 00:32:47.800]  我到底在這個場合裏
[00:32:47.800 --> 00:32:49.800]  在這個處境裏
[00:32:49.800 --> 00:32:51.800]  我在做什麼
[00:32:51.800 --> 00:32:53.800]  面對著一個家庭
[00:32:53.800 --> 00:32:55.800]  一個雲福縣的居民
[00:32:55.800 --> 00:32:57.800]  他在傷心
[00:32:57.800 --> 00:32:59.800]  他在哭泣
[00:32:59.800 --> 00:33:01.800]  他在哀痛
[00:33:01.800 --> 00:33:03.800]  甚至有一點憤怒的時候
[00:33:03.800 --> 00:33:05.800]  他說
[00:33:05.800 --> 00:33:07.800]  我在做什麼
[00:33:07.800 --> 00:33:09.800]  我只是看到眼前的
[00:33:09.800 --> 00:33:11.800]  是一份工作
[00:33:11.800 --> 00:33:13.800]  他只是看到
[00:33:13.800 --> 00:33:15.800]  這是一個可以利用成績
[00:33:15.800 --> 00:33:17.800]  達到目標的一件事
[00:33:17.800 --> 00:33:19.800]  或者他眼前只是看到
[00:33:19.800 --> 00:33:21.800]  這是一個個案
[00:33:21.800 --> 00:33:23.800]  所以當他這樣想
[00:33:23.800 --> 00:33:25.800]  我在做什麼
[00:33:25.800 --> 00:33:27.800]  他就開始轉念
[00:33:27.800 --> 00:33:29.800]  他開始想
[00:33:29.800 --> 00:33:31.800]  他開始去聽一下
[00:33:31.800 --> 00:33:33.800]  他開始聽一下這個家庭
[00:33:33.800 --> 00:33:35.800]  怎樣在分享他那種傷心
[00:33:35.800 --> 00:33:37.800]  怎樣分享他們自己
[00:33:37.800 --> 00:33:39.800]  怎樣在說
[00:33:39.800 --> 00:33:41.800]  懷緬以前
[00:33:41.800 --> 00:33:43.800]  在這個地方的生活
[00:33:43.800 --> 00:33:45.800]  在說自己多麼痛苦
[00:33:45.800 --> 00:33:47.800]  這一刻
[00:33:47.800 --> 00:33:49.800]  他就開始安慰
[00:33:49.800 --> 00:33:51.800]  開始表達關心
[00:33:51.800 --> 00:33:53.800]  他發覺原來
[00:33:53.800 --> 00:33:55.800]  當他這樣關心
[00:33:55.800 --> 00:33:57.800]  去聆聽
[00:33:57.800 --> 00:33:59.800]  去安慰的時候
[00:33:59.800 --> 00:34:01.800]  原來他才找回
[00:34:01.800 --> 00:34:03.800]  原來他失落了
[00:34:03.800 --> 00:34:05.800]  原來耶穌基督那個道成肉身的服事
[00:34:05.800 --> 00:34:07.800]  就是這樣
[00:34:07.800 --> 00:34:09.800]  靖姐妹
[00:34:09.800 --> 00:34:11.800]  我們有沒有被這個
[00:34:11.800 --> 00:34:13.800]  非人化的世界同化了
[00:34:13.800 --> 00:34:15.800]  令到我們對人
[00:34:15.800 --> 00:34:17.800]  都在非人化
[00:34:17.800 --> 00:34:21.800]  大家可能還記得
[00:34:21.800 --> 00:34:23.800]  一年前左右我們都在說
[00:34:23.800 --> 00:34:25.800]  AI好好用
[00:34:25.800 --> 00:34:27.800]  是不是
[00:34:27.800 --> 00:34:29.800]  但你知不知道這幾個星期
[00:34:29.800 --> 00:34:31.800]  發生了什麼事
[00:34:31.800 --> 00:34:33.800]  這幾個星期我們在說
[00:34:33.800 --> 00:34:35.800]  AI是可以失控的
[00:34:35.800 --> 00:34:37.800]  我們是無能為力的
[00:34:37.800 --> 00:34:39.800]  我們這幾個星期已經在說
[00:34:39.800 --> 00:34:41.800]  AI是會毀滅人類的
[00:34:41.800 --> 00:34:43.800]  無能為力的
[00:34:43.800 --> 00:34:45.800]  感謝上帝
[00:34:45.800 --> 00:34:47.800]  感謝主祂憐憫我們
[00:34:47.800 --> 00:34:49.800]  知道我們的愚昧
[00:34:49.800 --> 00:34:51.800]  知道我們的詭詐
[00:34:51.800 --> 00:34:53.800]  知道我們是多麼冷漠
[00:34:53.800 --> 00:34:55.800]  祂甚至
[00:34:55.800 --> 00:34:57.800]  選擇進入這個世界
[00:34:57.800 --> 00:34:59.800]  祂甚至選擇
[00:34:59.800 --> 00:35:01.800]  去道成肉身
[00:35:01.800 --> 00:35:03.800]  因為祂要來到這個世界
[00:35:03.800 --> 00:35:05.800]  祂要來到這個世界
[00:35:05.800 --> 00:35:07.800]  貫徹始終地
[00:35:07.800 --> 00:35:09.800]  去承傳
[00:35:09.800 --> 00:35:11.800]  上帝的心意
[00:35:11.800 --> 00:35:13.800]  祂要貫徹始終地
[00:35:13.800 --> 00:35:15.800]  咬實不放地去成就
[00:35:15.800 --> 00:35:17.800]  祂對人的
[00:35:17.800 --> 00:35:19.800]  應許和祝福
[00:35:19.800 --> 00:35:21.800]  這個應許和祝福
[00:35:21.800 --> 00:35:23.800]  不單止是亞伯拉的後裔
[00:35:23.800 --> 00:35:25.800]  還包括我們每一個
[00:35:25.800 --> 00:35:29.800]  所以在這個惡的世界裏
[00:35:29.800 --> 00:35:31.800]  到底我們有沒有
[00:35:31.800 --> 00:35:33.800]  觸感上帝呢?
[00:35:33.800 --> 00:35:35.800]  感謝祈禱
[00:35:35.800 --> 00:35:39.800]  感謝祈禱
[00:35:39.800 --> 00:35:43.800]  主啊
[00:35:43.800 --> 00:35:45.800]  若說我們已經
[00:35:45.800 --> 00:35:49.800]  在人生裏面
[00:35:49.800 --> 00:35:51.800]  我們已經很疲倦
[00:35:51.800 --> 00:35:53.800]  在很多追逐
[00:35:53.800 --> 00:35:55.800]  或者被追逐的裏面
[00:35:55.800 --> 00:35:57.800]  我已經很乏力
[00:35:57.800 --> 00:35:59.800]  主啊
[00:35:59.800 --> 00:36:01.800]  求祢提醒我們
[00:36:01.800 --> 00:36:03.800]  不要留在
[00:36:03.800 --> 00:36:05.800]  不要留在
[00:36:05.800 --> 00:36:07.800]  好像拉班一樣的困綁裏面
[00:36:07.800 --> 00:36:09.800]  主啊求祢
[00:36:09.800 --> 00:36:11.800]  求祢帶我們
[00:36:11.800 --> 00:36:13.800]  離開
[00:36:13.800 --> 00:36:15.800]  但走向祢對我們的應許
[00:36:15.800 --> 00:36:19.800]  願我們在這個
[00:36:19.800 --> 00:36:23.800]  願我們在這個
[00:36:23.800 --> 00:36:25.800]  這麼詭詐
[00:36:25.800 --> 00:36:27.800]  自私、冷漠、操控
[00:36:27.800 --> 00:36:29.800]  剝削的這個世界裏面
[00:36:29.800 --> 00:36:31.800]  我們不要安於現狀
[00:36:31.800 --> 00:36:33.800]  更加不要
[00:36:33.800 --> 00:36:35.800]  用這一切的不義
[00:36:35.800 --> 00:36:37.800]  去改變我們自己
[00:36:37.800 --> 00:36:39.800]  我們自己人格
[00:36:39.800 --> 00:36:41.800]  願我們都在基督裏面
[00:36:41.800 --> 00:36:43.800]  忠心地生活
[00:36:43.800 --> 00:36:45.800]  也保持清醒的頭腦
[00:36:45.800 --> 00:36:47.800]  去分辨世情
[00:36:47.800 --> 00:36:51.800]  勇敢地守住
[00:36:51.800 --> 00:36:53.800]  善惡的界線
[00:36:53.800 --> 00:36:55.800]  更加慷慨地
[00:36:55.800 --> 00:36:57.800]  去祝福我們身邊
[00:36:57.800 --> 00:36:59.800]  其他人
[00:36:59.800 --> 00:37:01.800]  並且
[00:37:01.800 --> 00:37:03.800]  願我們都帶著一個等候的心
[00:37:03.800 --> 00:37:05.800]  等候祢這一位
[00:37:05.800 --> 00:37:07.800]  其實是
[00:37:07.800 --> 00:37:09.800]  看見一切
[00:37:09.800 --> 00:37:11.800]  也看到我們每一個
[00:37:11.800 --> 00:37:13.800]  一直這樣看顧著我們的
[00:37:13.800 --> 00:37:15.800]  更加是永遠
[00:37:15.800 --> 00:37:17.800]  不會失信的
[00:37:17.800 --> 00:37:19.800]  這位主讓我們
[00:37:19.800 --> 00:37:21.800]  全心全意地等候祢
[00:37:21.800 --> 00:37:23.800]  我們這樣禱告
[00:37:23.800 --> 00:37:25.300]  主的名祈求
[00:37:25.300 --> 00:37:27.300]  阿們
