
[00:00:00.000 --> 00:00:02.300]  弟兄姊妹平安
[00:00:02.300 --> 00:00:04.720]  今日要同大家分享的題目是
[00:00:04.720 --> 00:00:07.520]  「心智更新活像基督」
[00:00:07.520 --> 00:00:13.120]  經文是記載在已忽所書的四章十七到三十二節
[00:00:13.120 --> 00:00:16.400]  我們今日是站在基督救恩的根基上面
[00:00:16.400 --> 00:00:18.860]  來去重讀這段經文
[00:00:18.860 --> 00:00:23.560]  它不是一套給初信者的入門行為的守則
[00:00:23.560 --> 00:00:27.600]  亦都不是脫離神學根基的道德的渲煉
[00:00:27.600 --> 00:00:30.360]  保羅在這裏向我們揭示了一個
[00:00:30.360 --> 00:00:34.500]  貫穿整本新約的救恩邏輯
[00:00:34.500 --> 00:00:37.440]  神在基督裏面完成的救贖
[00:00:37.440 --> 00:00:41.680]  從來都不只是救我們脫離將來的審判
[00:00:41.680 --> 00:00:43.400]  更加要在今時今日
[00:00:43.400 --> 00:00:44.920]  在此時此刻
[00:00:44.920 --> 00:00:47.240]  將我們從罪的權勢
[00:00:47.240 --> 00:00:51.440]  和救生命的捆綁當中可以釋放出來
[00:00:51.440 --> 00:00:54.080]  這不是抽象的神學概念
[00:00:54.080 --> 00:00:56.680]  而是每一個在基督裏面的人
[00:00:56.680 --> 00:00:59.240]  都能夠在日常生活裏面
[00:00:59.240 --> 00:01:03.360]  可以實實在在經歷到的因典
[00:01:03.360 --> 00:01:07.320]  所以在已忽所書四章十七到三十二節
[00:01:07.320 --> 00:01:08.640]  這段經文裏面
[00:01:08.640 --> 00:01:11.760]  它完整地呈現了一個
[00:01:11.760 --> 00:01:16.200]  從新人到更新到實踐的脈絡
[00:01:16.200 --> 00:01:21.000]  這是一個舊人到新人的改變過程
[00:01:21.000 --> 00:01:23.240]  從十七到十九節
[00:01:23.240 --> 00:01:28.080]  保羅提醒我們要脫離救生命的虛妄的狀態
[00:01:28.080 --> 00:01:30.160]  二十到二十四節
[00:01:30.160 --> 00:01:34.200]  亦都提醒我們新生命更新的核心原則
[00:01:34.200 --> 00:01:36.640]  到最後二十五到三十二節
[00:01:36.640 --> 00:01:38.000]  保羅提醒我們
[00:01:38.000 --> 00:01:43.280]  新生命的具體行為實踐是甚麼
[00:01:43.280 --> 00:01:45.880]  我們首先來看看第一段
[00:01:45.880 --> 00:01:48.680]  就是在十七至十九節這段經文
[00:01:48.680 --> 00:01:50.480]  我們一起來讀
[00:01:50.480 --> 00:01:54.560]  「所以我說,且在主裡確實地說
[00:01:54.560 --> 00:02:00.160]  你們行事不要再像外邦人傳虛妄的心行事
[00:02:00.160 --> 00:02:05.520]  他們心地昏昧,與神所賜的生命隔絕了
[00:02:05.520 --> 00:02:09.080]  都因自己無知,心裡剛硬
[00:02:09.080 --> 00:02:11.360]  良心既然喪盡
[00:02:11.360 --> 00:02:16.480]  就放縱私慾,貪行種種的污穢。」
[00:02:16.480 --> 00:02:19.400]  保羅在第十七節一開始他說
[00:02:19.400 --> 00:02:21.880]  「在主裡確實地說」
[00:02:21.880 --> 00:02:25.600]  這個語氣其實是很重的語氣
[00:02:25.600 --> 00:02:28.600]  為何要用這麼重的語氣來說呢?
[00:02:28.600 --> 00:02:32.080]  不是因為他要擺出一個使徒的姿態
[00:02:32.080 --> 00:02:34.560]  或者是使徒的權威
[00:02:34.560 --> 00:02:38.760]  而是他深知對於那些已經信主的
[00:02:38.760 --> 00:02:40.520]  已忽所的信徒來說
[00:02:40.520 --> 00:02:47.400]  他們過去長期在一種異教的偶像崇拜裡生活
[00:02:47.400 --> 00:02:50.600]  他們的生活裡充滿了廟祭
[00:02:50.600 --> 00:02:57.040]  還有巫術、利益交換等等很敗壞的風氣
[00:02:57.040 --> 00:02:59.160]  就算他們歸順了基督
[00:02:59.160 --> 00:03:06.360]  他們仍然被這些舊有的文化習性和生活習性牽引著
[00:03:06.360 --> 00:03:10.000]  而我們今天同樣活在世俗文化裡
[00:03:10.000 --> 00:03:17.600]  我們每一個信徒其實同樣面對著類似的挑戰和拉扯
[00:03:17.600 --> 00:03:20.160]  在神學上我們要清楚的是
[00:03:20.160 --> 00:03:21.960]  經文裡所說的「舊人」
[00:03:21.960 --> 00:03:26.400]  不是指我們以前的某一段的經歷
[00:03:26.400 --> 00:03:30.120]  或者是某幾個具體的壞習慣
[00:03:30.120 --> 00:03:33.520]  而是保羅在《羅馬書》第六章裡所說的
[00:03:33.520 --> 00:03:37.920]  那個在亞當裡處於罪的權勢之下的
[00:03:37.920 --> 00:03:40.840]  整個舊的生命本體
[00:03:40.840 --> 00:03:45.160]  這個舊生命本體有三方面的敗壞
[00:03:45.160 --> 00:03:48.520]  這三方面的敗壞其實是層層遞進的
[00:03:48.520 --> 00:03:52.880]  是將人困在與神隔絕的狀態裡
[00:03:52.880 --> 00:03:55.520]  這三個狀態分別是
[00:03:55.520 --> 00:03:59.880]  第一 理智層面的昏暗
[00:03:59.880 --> 00:04:03.640]  理智層面的昏暗不是指人沒有智慧
[00:04:03.640 --> 00:04:08.480]  不過那個智慧不是認識神的智慧 而是熟悉的智慧
[00:04:08.480 --> 00:04:11.600]  正如《羅馬書》第一章所說的
[00:04:11.600 --> 00:04:18.280]  人雖然知道神 卻不當作神榮耀他 也不感謝他
[00:04:18.280 --> 00:04:23.200]  他們的思念變為虛妄 無知的心就昏暗了
[00:04:23.200 --> 00:04:26.000]  這些人其實是有知識 有智慧
[00:04:26.000 --> 00:04:28.120]  不過是熟悉的智慧
[00:04:28.120 --> 00:04:29.800]  這個智慧讓他們知道有神
[00:04:29.800 --> 00:04:33.320]  但是他們卻不當作神去榮耀祂
[00:04:33.320 --> 00:04:35.320]  也不感謝祂
[00:04:35.320 --> 00:04:42.080]  人的思念就變為虛妄 無知的心就昏暗了
[00:04:42.080 --> 00:04:47.960]  我認識一位在金融業做高層的弟兄
[00:04:47.960 --> 00:04:54.000]  信主之前他能夠將很複雜的金融模型
[00:04:54.000 --> 00:04:56.600]  算得分毫不差
[00:04:56.600 --> 00:05:05.360]  但卻把全部生命的價值捆綁在KPI和年薪的數字上
[00:05:05.360 --> 00:05:09.160]  直到有一天他因為長期熬夜
[00:05:09.160 --> 00:05:10.760]  身體負荷不了
[00:05:10.760 --> 00:05:13.400]  他有一天暈倒在辦公室
[00:05:13.400 --> 00:05:17.080]  他才發覺自己追逐了十多年的東西
[00:05:17.080 --> 00:05:20.480]  根本托不住生命的重量
[00:05:20.480 --> 00:05:24.640]  就好像我們有時拿張梯不斷往上爬
[00:05:24.640 --> 00:05:26.640]  當我們爬到梯子的最頂時
[00:05:26.640 --> 00:05:32.800]  我們突然發覺原來梯子靠錯了牆
[00:05:32.800 --> 00:05:35.920]  這裡經文所說的「心地分昧」
[00:05:35.920 --> 00:05:40.600]  其實是說人在最核心的生命判斷上
[00:05:40.600 --> 00:05:44.600]  完全偏離了神所設立的真理的基準
[00:05:44.600 --> 00:05:47.560]  方向錯了 標準錯了
[00:05:47.560 --> 00:05:50.360]  這就是理智層面的分昧
[00:05:50.360 --> 00:05:53.560]  第二就是意志層面的剛硬
[00:05:53.560 --> 00:05:56.680]  當人一次一次拒絕神的提醒
[00:05:56.680 --> 00:06:00.520]  故意不承認自己生命裡的破口
[00:06:00.520 --> 00:06:05.000]  心就會慢慢變得像石頭一樣很硬
[00:06:05.000 --> 00:06:06.320]  我認識一位姊妹
[00:06:06.320 --> 00:06:10.000]  那位姊妹是我以前服事的教會
[00:06:10.000 --> 00:06:14.520]  她當時和教會裡的同工起了一次爭執
[00:06:14.520 --> 00:06:18.840]  然後她就硬著她的心不再回教會
[00:06:18.840 --> 00:06:22.200]  雖然明明她知道聖靈不斷提醒她
[00:06:22.200 --> 00:06:24.280]  在她的心裡催迫她要回去
[00:06:24.280 --> 00:06:25.880]  要和人和好
[00:06:25.880 --> 00:06:31.880]  但她卻一次次用對方先對不起她
[00:06:31.880 --> 00:06:35.640]  她用這個藉口去說服自己
[00:06:35.640 --> 00:06:38.600]  整整三年她就沒有再回教會
[00:06:38.600 --> 00:06:41.000]  也不和肢體有任何的相交
[00:06:41.000 --> 00:06:46.440]  她就整整三年活在和肢體隔絕的狀態裡
[00:06:46.440 --> 00:06:49.720]  這就是心裡剛硬的真實狀態
[00:06:49.720 --> 00:06:52.360]  有時候不是神不愛我們
[00:06:52.360 --> 00:06:58.440]  而是我們主動關上了通向恩典的門
[00:06:58.440 --> 00:07:02.040]  第三方面就是良心的喪盡
[00:07:02.040 --> 00:07:05.400]  當人長期無視良心的聲音的時候
[00:07:05.400 --> 00:07:11.320]  原本神擺在我們心裡道德的尺規
[00:07:11.320 --> 00:07:14.840]  就會慢慢被私欲磨平
[00:07:14.840 --> 00:07:17.960]  我認識在內地的一位弟兄
[00:07:17.960 --> 00:07:20.840]  他在內地是做小生意的
[00:07:20.840 --> 00:07:22.360]  他一開始的時候
[00:07:22.360 --> 00:07:27.240]  他只是在報稅方面偷偷報少一點
[00:07:27.240 --> 00:07:28.600]  他覺得沒什麼問題
[00:07:28.600 --> 00:07:30.200]  因為每個人都是這樣做的
[00:07:30.200 --> 00:07:32.040]  他認為其他人都是這樣
[00:07:32.040 --> 00:07:33.720]  所以我這樣做沒什麼問題
[00:07:33.720 --> 00:07:37.240]  到後來不單止是少報一些稅
[00:07:37.240 --> 00:07:41.240]  他還慢慢開始在他的商品裡面
[00:07:41.240 --> 00:07:48.280]  摻了一些次貨和假貨來欺騙顧客
[00:07:48.280 --> 00:07:51.160]  他一開始的時候都覺得有點不安
[00:07:51.160 --> 00:07:53.720]  他都戰戰兢兢地去做
[00:07:53.720 --> 00:07:55.640]  但到了最後
[00:07:55.640 --> 00:07:57.320]  他在做這些事情的時候
[00:07:57.320 --> 00:08:00.440]  他心裡一點不安的感覺都沒有了
[00:08:00.440 --> 00:08:01.640]  已經麻木了
[00:08:01.640 --> 00:08:04.920]  他覺得已經是理所當然地去做
[00:08:04.920 --> 00:08:10.040]  這個正正就是經文所描繪的一個軌跡
[00:08:10.040 --> 00:08:14.360]  就是從理性的昏迴到意志的剛硬
[00:08:14.360 --> 00:08:19.480]  然後到良心的喪盡到放縱私慾的地步
[00:08:19.480 --> 00:08:21.160]  為了錢、為了利益
[00:08:21.160 --> 00:08:24.120]  到了最後他什麼感覺都沒有了
[00:08:24.120 --> 00:08:26.040]  一點不安都沒有了
[00:08:26.040 --> 00:08:28.440]  但感恩的是他後來信了主之後
[00:08:28.440 --> 00:08:30.360]  他的生命有很大的改變
[00:08:30.360 --> 00:08:33.560]  他已經棄絕了那些行為
[00:08:33.560 --> 00:08:34.760]  已經有所改變
[00:08:34.760 --> 00:08:38.520]  當然他之前已經受到一些處罰
[00:08:38.520 --> 00:08:44.760]  我們看到一個人很多時候是會這樣的
[00:08:44.760 --> 00:08:46.680]  當我們的意志剛硬的時候
[00:08:46.680 --> 00:08:50.120]  最後良心就會喪盡
[00:08:50.120 --> 00:08:53.400]  保羅在這裡鄭重地提醒我們
[00:08:53.400 --> 00:08:55.560]  不要以為我們自己信了主
[00:08:55.560 --> 00:08:58.840]  救人的生命就會主動消失
[00:08:58.840 --> 00:09:03.160]  他依然好像一個纏累我們的重擔
[00:09:03.160 --> 00:09:08.920]  如果我們不主動靠著基督的恩典去將它脫去
[00:09:08.920 --> 00:09:14.440]  它就會悄悄地將我們拉回以前的綑綁裡面
[00:09:14.440 --> 00:09:17.640]  我有一次在外展那邊回來
[00:09:17.640 --> 00:09:20.920]  因為我剛剛參加完印尼姐姐的聚會
[00:09:20.920 --> 00:09:23.240]  趕回到五堂這邊的聚會
[00:09:23.240 --> 00:09:25.240]  經過士他領導
[00:09:25.240 --> 00:09:28.840]  在士他領導的街口那裡遇到一位弟兄
[00:09:28.840 --> 00:09:33.720]  他當時就在袋子裡拿著一包煙
[00:09:33.720 --> 00:09:35.880]  剛好我經過就看到
[00:09:35.880 --> 00:09:38.120]  我說弟兄你是不是趕回崇拜
[00:09:38.120 --> 00:09:39.720]  他呆了一呆
[00:09:39.720 --> 00:09:41.240]  接著他說「是的」
[00:09:41.240 --> 00:09:44.600]  「你快點 否則會遲到」
[00:09:44.600 --> 00:09:46.120]  我還加了一句
[00:09:46.120 --> 00:09:49.880]  「那你快點戒煙吧 這樣更好」
[00:09:49.880 --> 00:09:51.640]  我想其實他也很想戒
[00:09:51.640 --> 00:09:55.720]  不過因為納士為善由得我
[00:09:55.720 --> 00:09:57.960]  只是行出禮由不得我
[00:09:57.960 --> 00:09:59.400]  所以他有些掙扎
[00:09:59.400 --> 00:10:01.800]  所以他知道回來教會不應該吸煙
[00:10:01.800 --> 00:10:05.320]  不過回來教會之前吸一支
[00:10:05.320 --> 00:10:08.840]  可能可以撐兩個小時
[00:10:08.840 --> 00:10:12.280]  所以他故意在街口吸完才回來崇拜
[00:10:12.280 --> 00:10:15.240]  結果就剛好見到
[00:10:15.240 --> 00:10:19.080]  我也期望弟兄真的可以快點戒煙
[00:10:19.080 --> 00:10:21.400]  我們有時也會看到
[00:10:21.400 --> 00:10:22.600]  雖然我們信了主
[00:10:22.600 --> 00:10:26.920]  但我們的生命可能還在老鵝裡面
[00:10:26.920 --> 00:10:28.760]  在一個舊的生活方式裡面
[00:10:28.760 --> 00:10:30.920]  我們不能夠去改變
[00:10:30.920 --> 00:10:35.400]  我們還在虛妄的狀態裡面
[00:10:35.400 --> 00:10:38.360]  所以保羅提醒我們要脫離
[00:10:38.360 --> 00:10:41.000]  舊生命的虛妄狀態
[00:10:41.000 --> 00:10:42.040]  怎樣脫離呢?
[00:10:42.040 --> 00:10:43.880]  接著在第二十節開始
[00:10:43.880 --> 00:10:47.560]  他就說到生命更新的核心原則
[00:10:47.560 --> 00:10:49.880]  我們讀一讀這幾節經文
[00:10:49.880 --> 00:10:53.480]  「你們學了基督 卻不是這樣
[00:10:53.480 --> 00:10:57.320]  如果你們聽過祂的道 領了祂的教
[00:10:57.320 --> 00:10:59.240]  學了祂的真理
[00:10:59.240 --> 00:11:03.560]  就要脫去你們從前的舊人
[00:11:03.560 --> 00:11:08.200]  這舊人是因私慾迷惑漸漸變壞的
[00:11:08.200 --> 00:11:11.880]  又要將你們的心智更換一新
[00:11:11.880 --> 00:11:14.120]  並且穿上新人
[00:11:14.120 --> 00:11:17.800]  這新人是照著神的現象做的
[00:11:17.800 --> 00:11:22.520]  有真理的仁義和聖潔」
[00:11:22.520 --> 00:11:26.440]  這裡說到生命更新的核心原則
[00:11:26.440 --> 00:11:31.560]  他說到「你們學了基督 卻不是這樣」
[00:11:31.560 --> 00:11:33.720]  這裡的「學了基督」
[00:11:33.720 --> 00:11:36.600]  其實緊接著有三個動詞
[00:11:36.600 --> 00:11:38.440]  一個是「聽過」
[00:11:38.440 --> 00:11:40.200]  然後就是「領了」
[00:11:40.200 --> 00:11:43.160]  接著就是「學了」
[00:11:43.160 --> 00:11:45.400]  不是指我們聽了多少神學課程
[00:11:45.400 --> 00:11:46.920]  背了多少經文
[00:11:46.920 --> 00:11:48.920]  而是指我們的生命
[00:11:48.920 --> 00:11:52.520]  是否在真道上與基督聯合
[00:11:52.520 --> 00:11:54.840]  我們是否與祂同釘十架
[00:11:54.840 --> 00:11:58.120]  亦與祂一同復活
[00:11:58.120 --> 00:12:01.400]  這正正就是哥林多後書五章十七節所說的
[00:12:01.400 --> 00:12:04.280]  「若有人在基督裡 他就是新造的人
[00:12:04.280 --> 00:12:08.200]  舊事已過 都變成新的了」
[00:12:08.200 --> 00:12:11.080]  如果我們沒有與基督聯合的話
[00:12:11.080 --> 00:12:16.680]  我們的生命仍然停留在舊的生命狀態裡
[00:12:16.680 --> 00:12:20.440]  我聽過一個故事
[00:12:20.440 --> 00:12:23.000]  我沒有去考證究竟是真的還是假的
[00:12:23.000 --> 00:12:25.320]  不過這個故事也值得我們去思想
[00:12:25.320 --> 00:12:27.880]  以及我們彼此去提醒
[00:12:27.880 --> 00:12:30.200]  文說有一位牧師
[00:12:30.200 --> 00:12:31.960]  不知是哪一間教會
[00:12:31.960 --> 00:12:34.680]  他有一次去茶餐廳吃東西
[00:12:34.680 --> 00:12:38.040]  可能那個夥計有點慢
[00:12:38.040 --> 00:12:39.240]  很遲也不出門
[00:12:39.240 --> 00:12:41.800]  出門的時候又出錯了
[00:12:41.800 --> 00:12:43.320]  所以他就很生氣
[00:12:43.320 --> 00:12:45.400]  發脾氣罵那個夥計
[00:12:45.400 --> 00:12:47.240]  罵得也不好聽
[00:12:47.240 --> 00:12:49.000]  結果那個夥計就說
[00:12:49.000 --> 00:12:52.120]  「我沒有牧師」
[00:12:52.120 --> 00:12:53.400]  原來那個夥計認識他
[00:12:53.400 --> 00:12:55.480]  還叫出他的名字
[00:12:55.480 --> 00:12:56.120]  為什麼呢?
[00:12:56.120 --> 00:12:59.400]  因為那個夥計是他教會的會友
[00:12:59.400 --> 00:13:01.080]  不過可能他教會比較大
[00:13:01.080 --> 00:13:01.640]  多會友
[00:13:01.640 --> 00:13:04.440]  所以他認識不完所有的會友
[00:13:04.440 --> 00:13:07.240]  所以我們也要小心
[00:13:07.240 --> 00:13:10.840]  我們在九龍城區可能也有很多人認識你
[00:13:10.840 --> 00:13:12.280]  你在這裡走來走去
[00:13:12.280 --> 00:13:13.480]  經常出入教會
[00:13:13.480 --> 00:13:16.120]  人們也知道你去九龍城浸信會
[00:13:16.120 --> 00:13:17.480]  你去隔壁的茶餐廳
[00:13:17.480 --> 00:13:19.000]  去麥當勞吃東西
[00:13:19.000 --> 00:13:22.600]  可能大家都被人知道是我們的會友
[00:13:22.600 --> 00:13:25.480]  可能別人也會觀察你的行為
[00:13:25.480 --> 00:13:26.760]  所以我們也要留意
[00:13:26.760 --> 00:13:29.240]  我們每個的言行舉止
[00:13:29.240 --> 00:13:33.080]  其實也在反映我們生命的狀態是怎樣
[00:13:33.080 --> 00:13:35.320]  所以求主去幫助我們
[00:13:35.320 --> 00:13:38.280]  我們在新的身份
[00:13:38.280 --> 00:13:41.000]  我們就應該有新的生活方式
[00:13:41.000 --> 00:13:43.400]  因為我們今天已經是神的子民
[00:13:43.400 --> 00:13:44.840]  我們是神的兒女
[00:13:44.840 --> 00:13:48.680]  不再是以前的生命狀態
[00:13:48.680 --> 00:13:52.680]  所以信主其實不是行為的改良
[00:13:52.680 --> 00:13:55.560]  而是生命和基督去聯合
[00:13:55.560 --> 00:14:00.840]  學了基督其實意味著根基的更換
[00:14:00.840 --> 00:14:04.680]  就是說從前我們是靠自己的行為
[00:14:04.680 --> 00:14:07.560]  是靠自己的努力去改變我們的行為
[00:14:07.560 --> 00:14:09.240]  靠我們的意志去改變
[00:14:09.240 --> 00:14:11.000]  但我們發覺是不成功的
[00:14:11.000 --> 00:14:15.960]  如今我們是讓基督在我們生命裡面掌權
[00:14:15.960 --> 00:14:18.600]  當基督在我們生命裡面掌權的時候
[00:14:18.600 --> 00:14:22.760]  我們才能夠真正活出新生命的樣式
[00:14:22.760 --> 00:14:24.760]  所以保羅接下來就說
[00:14:24.760 --> 00:14:28.280]  其實有三個步驟去更新
[00:14:28.280 --> 00:14:30.200]  第一就是脫去舊人
[00:14:30.200 --> 00:14:32.760]  第二就是心智更新
[00:14:32.760 --> 00:14:35.480]  第三就是穿上新人
[00:14:35.480 --> 00:14:38.680]  吳小婷姐妹可能對脫去舊人穿上新人
[00:14:38.680 --> 00:14:39.880]  會有一個誤解
[00:14:39.880 --> 00:14:43.480]  就是以為靠著自我的修行
[00:14:43.480 --> 00:14:46.760]  去完成一個成性的項目
[00:14:46.760 --> 00:14:53.240]  是我自己要努力將身上所有的壞毛病和習慣改掉
[00:14:53.240 --> 00:14:59.000]  然後讓自己穿上一個屬靈的外衣
[00:14:59.000 --> 00:15:00.360]  其實不是這樣的
[00:15:00.360 --> 00:15:01.960]  從神學角度來看
[00:15:01.960 --> 00:15:07.400]  這件事的根基完全不在我們自己的努力上面
[00:15:07.400 --> 00:15:11.240]  而是在基督已經完成的救恩裡面
[00:15:11.240 --> 00:15:15.480]  脫去舊人這個動作在希臘原文裡面
[00:15:15.480 --> 00:15:20.840]  那個時態是已經完成了的時態
[00:15:20.840 --> 00:15:26.440]  就是說這個是已經完成了的決定性的一個事件
[00:15:26.440 --> 00:15:28.360]  在我們信主的那一刻
[00:15:28.360 --> 00:15:32.360]  舊人已經在基督的十字架上被釘死了
[00:15:32.360 --> 00:15:36.840]  你不需要再花力氣去殺死那個舊的生命
[00:15:36.840 --> 00:15:39.400]  你只需要藉著你的信心
[00:15:39.400 --> 00:15:44.280]  承認這個舊的生命已經在基督裡面失效了
[00:15:44.280 --> 00:15:47.720]  不再讓他作你生命的主人
[00:15:47.720 --> 00:15:50.360]  我們現在已經有新的身份
[00:15:50.360 --> 00:15:52.840]  不再是奴僕的身份
[00:15:52.840 --> 00:15:56.280]  奴僕的身份可能所有東西都是膽戰心驚
[00:15:56.280 --> 00:15:58.680]  擔驚受怕
[00:15:58.680 --> 00:16:02.600]  所以如果有一個人他本身是奴僕
[00:16:02.600 --> 00:16:05.400]  但後來他脫離了奴僕的身份
[00:16:05.400 --> 00:16:07.000]  不過可能他一時不習慣
[00:16:07.000 --> 00:16:10.520]  可能還是過著奴僕這樣的生活
[00:16:10.520 --> 00:16:12.600]  所有東西都是擔驚受怕
[00:16:12.600 --> 00:16:15.160]  低聲下氣
[00:16:15.160 --> 00:16:17.720]  但是保羅就提醒我們
[00:16:17.720 --> 00:16:20.200]  他說「你們所受的」
[00:16:20.200 --> 00:16:23.000]  這個是在羅馬書第八章十五節所說的
[00:16:23.000 --> 00:16:25.640]  「你們所受的不是奴僕的心
[00:16:25.640 --> 00:16:27.400]  仍舊害怕
[00:16:27.400 --> 00:16:29.960]  所受的乃是兒子的心
[00:16:29.960 --> 00:16:33.000]  因此我們呼叫阿爸父」
[00:16:33.000 --> 00:16:37.640]  他很清楚告訴我們今天的身份已經是神的兒女
[00:16:37.640 --> 00:16:41.560]  我們不需要像奴僕那樣擔驚受怕
[00:16:41.560 --> 00:16:46.840]  我們可以坦然無懼來到神的私人寶座前
[00:16:46.840 --> 00:16:51.080]  就好像有很多弟兄姊妹可能他們已經移民了
[00:16:51.080 --> 00:16:54.200]  去了其他的國家或者地區生活
[00:16:54.200 --> 00:16:56.040]  可能移民了很長的時間
[00:16:56.040 --> 00:16:58.120]  不過他們移民之後
[00:16:58.120 --> 00:17:02.840]  還是按照以前的生活方式和習慣來生活
[00:17:02.840 --> 00:17:08.760]  他們沒有辦法按照當地人的生活方式和習慣去生活
[00:17:08.760 --> 00:17:15.080]  所以很長的時間他們仍然沒有辦法融入當地居民的生活
[00:17:15.080 --> 00:17:16.200]  雖然是移民了
[00:17:16.200 --> 00:17:18.440]  可能他們的身份已經轉變了
[00:17:18.440 --> 00:17:20.280]  國籍已經轉變了
[00:17:20.280 --> 00:17:24.680]  但是他們的生活方式是一點都沒有改變的
[00:17:24.680 --> 00:17:25.720]  正如我們今天這樣
[00:17:25.720 --> 00:17:29.080]  我們是移民了去哪裡?
[00:17:29.080 --> 00:17:31.880]  我們是天國的子民
[00:17:31.880 --> 00:17:34.920]  我們應該好像也移民了去天國
[00:17:34.920 --> 00:17:36.440]  我們是天國的子民
[00:17:36.440 --> 00:17:40.040]  應該有天國子民的生活方式
[00:17:40.040 --> 00:17:43.000]  但是很多時候我們是在地上
[00:17:43.000 --> 00:17:48.200]  仍然過著我們熟地的或者是熟世的生活方式
[00:17:48.200 --> 00:17:51.240]  我們沒有一個天國子民的模樣
[00:17:51.240 --> 00:17:54.760]  我們沒有過一個分別為性的生活
[00:17:54.760 --> 00:17:56.760]  所以求主要幫助我們
[00:17:56.760 --> 00:17:58.120]  我們身份改變了
[00:17:58.120 --> 00:18:03.320]  我們應該生活的方式也要有所轉變
[00:18:03.320 --> 00:18:07.000]  我認識一位在太平邊境的傳道人
[00:18:07.000 --> 00:18:10.600]  我們知道在太平邊境最有名的是什麼?
[00:18:10.600 --> 00:18:12.920]  應該有去過金三角
[00:18:12.920 --> 00:18:14.600]  那裡的毒品是很有名的
[00:18:14.600 --> 00:18:17.320]  所以在邊境附近的居民
[00:18:17.320 --> 00:18:19.640]  其實他們也經常接觸毒品
[00:18:19.640 --> 00:18:25.160]  有些是自己種毒品、賣毒品、自己吸毒品
[00:18:25.160 --> 00:18:29.880]  那個傳道人其實他以前在未信主之前也是吸毒的
[00:18:29.880 --> 00:18:33.000]  但是神給他很大的恩典
[00:18:33.000 --> 00:18:34.360]  他信了主之後
[00:18:34.360 --> 00:18:37.000]  他可以戒掉毒癮
[00:18:37.000 --> 00:18:41.400]  而且他還帶領很多當地的居民來信主
[00:18:41.400 --> 00:18:45.160]  他也作見證說不是靠著他自己個人的能力
[00:18:45.160 --> 00:18:49.480]  不是靠他的意志來戒毒癮
[00:18:49.480 --> 00:18:51.720]  我們知道戒毒癮不是那麼容易的
[00:18:51.720 --> 00:18:53.880]  靠你的意志可以戒得到
[00:18:53.880 --> 00:18:56.440]  他有一次很深刻的經歷
[00:18:56.440 --> 00:18:58.920]  就是他說一次在祈禱當中
[00:18:58.920 --> 00:19:04.760]  他清楚看見那個被毒癮所捆綁的救我
[00:19:04.760 --> 00:19:10.680]  已經在基督的十字架上和基督一同被釘死
[00:19:10.680 --> 00:19:15.640]  從那開始他再想去碰毒品的時候
[00:19:15.640 --> 00:19:18.040]  他裡面有一個聲音告訴他
[00:19:18.040 --> 00:19:23.080]  你已經不是那個被毒品所捆綁的人了
[00:19:23.080 --> 00:19:24.200]  就是這麼簡單
[00:19:24.200 --> 00:19:27.400]  之後他就沒有再碰過毒品了
[00:19:27.400 --> 00:19:30.200]  他就能夠成功去戒掉毒癮
[00:19:30.200 --> 00:19:31.880]  他成為了傳道人之後
[00:19:31.880 --> 00:19:35.960]  也很積極去幫助其他有毒癮的居民
[00:19:35.960 --> 00:19:40.600]  去戒掉毒癮和帶領他們信主
[00:19:40.600 --> 00:19:41.800]  所以我們見到
[00:19:41.800 --> 00:19:47.080]  如果不是他的生命和基督有連結
[00:19:47.080 --> 00:19:48.520]  他很難去做得到的
[00:19:48.520 --> 00:19:52.600]  不是他的意志去戒掉毒癮
[00:19:52.600 --> 00:19:55.320]  所以我們也發覺很多時候
[00:19:55.320 --> 00:19:56.760]  當我們自己的生命
[00:19:56.760 --> 00:19:58.840]  如果沒有和基督聯合的時候
[00:19:58.840 --> 00:20:02.040]  我們也很難有改變的
[00:20:02.040 --> 00:20:05.320]  也有弟兄有一次來和我分享
[00:20:05.320 --> 00:20:10.280]  我不知道他的分享是抱怨還是投訴
[00:20:10.280 --> 00:20:14.600]  我相信在座很多弟兄姐妹也有聽培靈會
[00:20:14.600 --> 00:20:18.360]  你有沒有聽過十場以上的?
[00:20:18.360 --> 00:20:20.840]  有的話可以舉手
[00:20:20.840 --> 00:20:22.600]  有一點 但不是很多
[00:20:22.600 --> 00:20:24.760]  五場以上呢 有沒有?
[00:20:24.760 --> 00:20:26.280]  多一點了
[00:20:26.280 --> 00:20:29.400]  那你有沒有覺得你的生命改變了?
[00:20:29.400 --> 00:20:30.680]  未必是吧
[00:20:30.680 --> 00:20:33.160]  有時候我們也會發覺
[00:20:33.160 --> 00:20:36.040]  我們聽十場 可能聽十年
[00:20:36.040 --> 00:20:37.080]  不單是聽十場
[00:20:37.080 --> 00:20:39.080]  我們的生命也未必有改變
[00:20:39.080 --> 00:20:42.440]  所以那個弟兄就來和我說
[00:20:42.440 --> 00:20:47.800]  劉牧師 為什麼某某弟兄聽了十場培靈會
[00:20:47.800 --> 00:20:50.280]  他的生命還是這樣?
[00:20:50.280 --> 00:20:53.640]  嘩 我心想不是十場培靈會
[00:20:53.640 --> 00:20:55.560]  他的生命就可以有改變
[00:20:55.560 --> 00:20:57.560]  如果他沒有和基督聯合
[00:20:57.560 --> 00:20:59.560]  他靠他自己的意志是改變不了的
[00:20:59.560 --> 00:21:02.600]  聽十年 甚至你每個禮拜來教會聽道
[00:21:02.600 --> 00:21:03.880]  聽了很多年
[00:21:03.880 --> 00:21:07.320]  生命也未必有改變
[00:21:07.320 --> 00:21:11.320]  我認識一位父親 他未信主
[00:21:11.320 --> 00:21:15.880]  有一次他的兒子偷了他的同學的筆
[00:21:15.880 --> 00:21:18.680]  回來後 父親就要教訓兒子
[00:21:18.680 --> 00:21:21.320]  他就說你這個臭小子
[00:21:21.320 --> 00:21:24.120]  我每個星期在辦公室拿回來這麼多筆
[00:21:24.120 --> 00:21:25.400]  不夠你用嗎?
[00:21:25.400 --> 00:21:28.440]  你為什麼還要偷別人的筆?
[00:21:28.440 --> 00:21:30.840]  這個父親真厲害
[00:21:30.840 --> 00:21:34.760]  所以我們看到有其父就必有其子
[00:21:34.760 --> 00:21:38.280]  其實他的教導也很有問題
[00:21:38.280 --> 00:21:40.520]  所以我們見到一個舊的生命
[00:21:40.520 --> 00:21:42.200]  其實不是很容易改變的
[00:21:42.200 --> 00:21:44.920]  如果我們沒有和基督聯合的話
[00:21:44.920 --> 00:21:47.320]  靠著自己是不可能成功的
[00:21:47.320 --> 00:21:51.000]  所以接下來 保羅說要心智更新
[00:21:51.000 --> 00:21:53.080]  心智更新的意思是
[00:21:53.080 --> 00:21:59.480]  是救恩在我們裡面展開一個動態的過程
[00:21:59.480 --> 00:22:02.120]  它不是一次完成的神蹟
[00:22:02.120 --> 00:22:04.440]  而是聖靈藉著神的話語
[00:22:04.440 --> 00:22:09.160]  藉著環境 藉著弟兄姊妹彼此的建造
[00:22:09.160 --> 00:22:13.160]  日復一日在我們裡面做更新的工作
[00:22:13.160 --> 00:22:14.760]  這個工作是持續的
[00:22:14.760 --> 00:22:18.920]  不是一時三刻能夠去成就的
[00:22:18.920 --> 00:22:20.520]  而是長年累月
[00:22:20.520 --> 00:22:23.800]  聖靈不斷去更新
[00:22:23.800 --> 00:22:26.440]  心智更新其實也是剛才說到
[00:22:26.440 --> 00:22:29.400]  是一個已經完成了的動作
[00:22:29.400 --> 00:22:31.560]  是基督被釘十字架的時候
[00:22:31.560 --> 00:22:35.080]  祂已經成就了
[00:22:35.080 --> 00:22:38.360]  接著最後祂說到穿上新人
[00:22:38.360 --> 00:22:42.200]  這個同樣是基於基督已經完成了的工作
[00:22:42.200 --> 00:22:45.800]  在《哥羅西書》第三章明確告訴我們
[00:22:45.800 --> 00:22:48.440]  這個新人不是我們自己打造出來的
[00:22:48.440 --> 00:22:51.960]  而是照著神的形象去做出來的
[00:22:51.960 --> 00:22:56.520]  在知識和真理上漸漸更新
[00:22:56.520 --> 00:22:59.640]  也就是說這個新生命的本質就是
[00:22:59.640 --> 00:23:02.760]  基督的生命在我們裡面活著
[00:23:02.760 --> 00:23:06.920]  我們不是靠自己去扮演一個完美的基督徒
[00:23:06.920 --> 00:23:11.080]  而是需要將自己的生命躺開在基督的面前
[00:23:11.080 --> 00:23:16.600]  讓基督的聖情一點一點透過我們能夠活出來
[00:23:16.600 --> 00:23:21.320]  所以在《迦太書》第三章二十七節這樣說
[00:23:21.320 --> 00:23:27.240]  「你們受浸歸入基督的都是披戴基督了」
[00:23:27.240 --> 00:23:29.560]  這裡說到「披戴基督」
[00:23:29.560 --> 00:23:34.120]  「披戴基督」和「穿上新人」的意思是差不多的
[00:23:34.120 --> 00:23:36.200]  而且在原文裡面
[00:23:36.200 --> 00:23:40.840]  「披戴」和「穿上」這個動詞是同一個字
[00:23:40.840 --> 00:23:43.240]  但是它也有一點點的差別
[00:23:43.240 --> 00:23:44.840]  這個差別在於
[00:23:44.840 --> 00:23:51.080]  「披戴基督」是指信徒在基督裡面獲得新的身份和新的生命
[00:23:51.080 --> 00:23:56.280]  它是在強調「因信稱義」的狀態
[00:23:56.280 --> 00:23:57.560]  是在說我們的身份
[00:23:57.560 --> 00:23:59.400]  因為信耶穌基督的緣故
[00:23:59.400 --> 00:24:01.080]  我們已經有新的身份了
[00:24:01.080 --> 00:24:02.440]  我們是神的兒女了
[00:24:02.440 --> 00:24:03.720]  我們披戴了基督
[00:24:03.720 --> 00:24:07.880]  神就只看基督的義而不看我們的罪
[00:24:07.880 --> 00:24:12.440]  但是「穿上新人」主要是強調「成性」的過程
[00:24:12.440 --> 00:24:14.520]  是說我們有新的樣式
[00:24:14.520 --> 00:24:17.880]  說我們的生活能夠結出果子
[00:24:17.880 --> 00:24:20.920]  我們整個生命的狀態能夠被人看見
[00:24:20.920 --> 00:24:23.720]  是有果子流露出來的
[00:24:23.720 --> 00:24:25.480]  這個是「果」
[00:24:25.480 --> 00:24:29.560]  剛才說「披戴基督」是「因」
[00:24:29.560 --> 00:24:31.080]  如果我們沒有「披戴基督」
[00:24:31.080 --> 00:24:34.520]  我們就很難去「穿上新人」
[00:24:34.520 --> 00:24:39.320]  我們很難有新人的樣式可以展現出來
[00:24:39.320 --> 00:24:41.800]  接下來,保羅也說
[00:24:41.800 --> 00:24:43.240]  我們「穿上新人」
[00:24:43.240 --> 00:24:47.640]  這個「新人」是有「真理」的仁義和聖潔
[00:24:47.640 --> 00:24:48.600]  什麼意思呢?
[00:24:48.600 --> 00:24:49.640]  意思就是
[00:24:49.640 --> 00:24:51.160]  「因著認識神的真理
[00:24:51.160 --> 00:24:55.400]  而活出神所喜悅的公義、品格
[00:24:55.400 --> 00:24:58.680]  和分別為性的生命」
[00:24:58.680 --> 00:25:00.760]  「真理」其實是一個根基
[00:25:00.760 --> 00:25:04.680]  這裡的「真理」不是一個冷冰冰的條文
[00:25:04.680 --> 00:25:09.160]  或者抽象的哲學思想
[00:25:09.160 --> 00:25:11.320]  而是指向耶穌基督自己
[00:25:11.320 --> 00:25:15.000]  以及祂自己的真實啟示
[00:25:15.000 --> 00:25:18.360]  而仁義也可以翻譯成「公義」
[00:25:18.360 --> 00:25:20.040]  是指在人際關係
[00:25:20.040 --> 00:25:26.040]  或者在社會倫理層面的「對」和「好」
[00:25:26.040 --> 00:25:29.400]  具體在實際的生活行動當中
[00:25:29.400 --> 00:25:36.360]  比如不說謊、不偷渡、不口出惡言
[00:25:36.360 --> 00:25:40.920]  可以彼此饒恕、可以恩慈相待
[00:25:40.920 --> 00:25:45.480]  這些就是具體在人際關係和社會層面
[00:25:45.480 --> 00:25:49.560]  可以實踐出來的「對」和「好」
[00:25:49.560 --> 00:25:54.440]  而聖潔是指與屬世污穢有所區別
[00:25:54.440 --> 00:25:58.440]  是向著神全然專一的屬靈品質
[00:25:58.440 --> 00:26:03.560]  聖潔強調內心的清潔和對神的敬畏
[00:26:03.560 --> 00:26:06.120]  對罪惡的拒絕
[00:26:06.120 --> 00:26:11.480]  不是隨從幽禁世界的那種昏昧的私慾
[00:26:11.480 --> 00:26:16.760]  而是將自己分別為性歸給神
[00:26:16.760 --> 00:26:21.160]  最後保羅在25到32節提到
[00:26:21.160 --> 00:26:24.360]  新生命的具體行為實踐
[00:26:24.360 --> 00:26:26.280]  這裡有講了幾樣東西
[00:26:26.280 --> 00:26:29.480]  我們首先可以看25到27節
[00:26:29.480 --> 00:26:35.080]  這裡提到棄絕謊言、要向鄰寫說實話
[00:26:35.080 --> 00:26:41.000]  要控制你的情緒、要生氣但不要犯罪
[00:26:41.000 --> 00:26:43.400]  不可含怒到日落
[00:26:43.400 --> 00:26:48.360]  這裡提到很重要的幾樣東西
[00:26:48.360 --> 00:26:50.760]  誠實說詛咒人的說話
[00:26:50.760 --> 00:26:56.200]  要控制自己的情緒、控制你的怒氣
[00:26:56.200 --> 00:27:02.200]  保羅在這裡沒有列出一堆脫離生活的抽象條文
[00:27:02.200 --> 00:27:04.600]  而是他將新人的生命特質
[00:27:04.600 --> 00:27:11.720]  全部落在具體的教會肢體彼此相處的場景裡面
[00:27:11.720 --> 00:27:14.520]  因著基督的新生命
[00:27:14.520 --> 00:27:18.280]  我們不是一個人自己來生活的
[00:27:18.280 --> 00:27:20.680]  我們也不可能關起門來
[00:27:20.680 --> 00:27:24.680]  一個人偷偷地就可以變得屬靈
[00:27:24.680 --> 00:27:32.840]  他必須和弟兄姊妹、家人、同事有一個真實的互動
[00:27:32.840 --> 00:27:35.320]  才能夠見證出來
[00:27:35.320 --> 00:27:36.680]  如果沒有這個互動
[00:27:36.680 --> 00:27:40.760]  就不可能見證到我們生命的改變
[00:27:40.760 --> 00:27:43.320]  這跟文化基督徒是很不同的
[00:27:43.320 --> 00:27:45.160]  什麼是文化基督徒呢?
[00:27:45.160 --> 00:27:48.920]  文化基督徒就是那種認同、欣賞
[00:27:48.920 --> 00:27:52.360]  或者習慣基督教的文化價值
[00:27:52.360 --> 00:27:57.560]  或者甚至他們接納我們這一套的道德觀、歷史的傳統
[00:27:57.560 --> 00:28:00.360]  但是他們未必接納我們的教義
[00:28:00.360 --> 00:28:01.480]  他們不一定受浸
[00:28:01.480 --> 00:28:04.040]  他們甚至也不會回教會
[00:28:04.040 --> 00:28:07.720]  他們是將基督教視為一種文化來認同
[00:28:07.720 --> 00:28:12.360]  視為一種社會的身份或者歷史的傳統
[00:28:12.360 --> 00:28:18.120]  而不是個人靈性得救或者是實踐信仰的經驗
[00:28:18.120 --> 00:28:25.080]  所以他們覺得我只是在頭腦上認同你們的價值觀就可以了
[00:28:25.080 --> 00:28:26.440]  我不需要回教會
[00:28:26.440 --> 00:28:28.040]  我不需要跟人有相交
[00:28:28.040 --> 00:28:30.600]  我不需要有互動
[00:28:30.600 --> 00:28:33.800]  所以他們是不會有教會的生活
[00:28:33.800 --> 00:28:35.640]  但是保羅在這裡告訴我們
[00:28:35.640 --> 00:28:38.120]  如果我們生命需要改變的話
[00:28:38.120 --> 00:28:44.360]  我們與主聯合就不可能跟弟兄姊妹隔絕
[00:28:44.360 --> 00:28:46.520]  我們一定是彼此連結的
[00:28:46.520 --> 00:28:51.000]  我們一定要在教會這個場景裡面彼此相交
[00:28:51.000 --> 00:28:53.320]  我們是有互動的
[00:28:53.320 --> 00:28:59.080]  而這個是在我們每一次的生活體驗裡面
[00:28:59.080 --> 00:29:01.960]  我們都能夠去經歷得到的真實的見證
[00:29:01.960 --> 00:29:05.080]  我們透過相交、透過彼此的互動
[00:29:05.080 --> 00:29:08.280]  我們的生命彼此去到影響
[00:29:08.280 --> 00:29:10.680]  這裡講到要棄絕謊言
[00:29:10.680 --> 00:29:13.880]  要講做就人的好說話
[00:29:13.880 --> 00:29:15.400]  要講誠實話
[00:29:15.400 --> 00:29:18.360]  其實另外一處的經文我們可能比較熟悉
[00:29:18.360 --> 00:29:21.160]  就是憑愛心說誠實話
[00:29:21.160 --> 00:29:25.160]  憑愛心說誠實話其實對我們是很大的提醒
[00:29:25.160 --> 00:29:28.840]  有時候我們認為說誠實話其實都不是很難
[00:29:28.840 --> 00:29:30.360]  我們照直說就可以了
[00:29:30.360 --> 00:29:31.400]  我們很喜歡的
[00:29:31.400 --> 00:29:34.360]  我是講事實而已
[00:29:34.360 --> 00:29:37.160]  但是你想一想
[00:29:37.160 --> 00:29:38.760]  有時候我們講事實
[00:29:38.760 --> 00:29:42.760]  其實一不小心就很容易傷害了其他人
[00:29:42.760 --> 00:29:46.920]  所以講事實其實都需要有智慧去講
[00:29:46.920 --> 00:29:49.800]  還有這裡特別提醒我們要有愛心
[00:29:49.800 --> 00:29:51.080]  憑愛心去講
[00:29:51.080 --> 00:29:54.120]  憑愛心的意思就是說你為了對方的好處
[00:29:54.120 --> 00:29:57.720]  因為愛對方的緣故去講這個誠實話
[00:29:57.720 --> 00:30:00.840]  而不是講這個誠實話為了去攻擊對方
[00:30:00.840 --> 00:30:02.920]  為了去拆毀對方
[00:30:02.920 --> 00:30:04.600]  而是為了對方的好處
[00:30:04.600 --> 00:30:08.280]  為了對方的益處的緣故去講
[00:30:08.280 --> 00:30:10.680]  這個就是憑愛心去講
[00:30:10.680 --> 00:30:17.240]  求主幫助我們都能夠有這樣的智慧和愛心去講誠實話
[00:30:17.240 --> 00:30:20.680]  接下來這裡講到生氣卻不要犯罪
[00:30:20.680 --> 00:30:22.680]  不可含怒到日落
[00:30:22.680 --> 00:30:25.320]  我相信我們很多時候都有這種經驗
[00:30:25.320 --> 00:30:27.320]  就是在日常的生活裡面
[00:30:27.320 --> 00:30:30.120]  我們因為很少的事情我們就會生氣
[00:30:30.120 --> 00:30:32.760]  我們會彼此有爭執
[00:30:32.760 --> 00:30:34.280]  會有吵架
[00:30:34.280 --> 00:30:35.480]  無論在教會裡面
[00:30:35.480 --> 00:30:37.240]  有時候我們開會的時候
[00:30:37.240 --> 00:30:38.840]  可能你都會有經歷激怒
[00:30:38.840 --> 00:30:40.360]  會有爭執的
[00:30:40.360 --> 00:30:41.880]  我們肢體的相交
[00:30:41.880 --> 00:30:43.640]  弟兄姊妹在成長班的相處
[00:30:43.640 --> 00:30:45.160]  可能都會有爭執的
[00:30:45.160 --> 00:30:46.680]  在家庭裡面
[00:30:46.680 --> 00:30:49.400]  你和你的家人可能都會有吵架的時候
[00:30:49.400 --> 00:30:51.240]  你都會有生氣的時候的
[00:30:51.240 --> 00:30:52.760]  特別在親密關係裡面
[00:30:52.760 --> 00:30:56.040]  我們夫妻的關係其實都會的
[00:30:56.040 --> 00:30:57.800]  我相信在座
[00:30:57.800 --> 00:31:01.000]  如果結了婚的弟兄姊妹就有很深的感受
[00:31:01.000 --> 00:31:06.040]  就算是夫妻都可能經常有吵架的時候的
[00:31:06.040 --> 00:31:09.000]  我們做傳道人做牧師其實都一樣的
[00:31:09.000 --> 00:31:11.000]  我們都會吵架的
[00:31:11.000 --> 00:31:13.000]  沒有人可以倖免的
[00:31:13.000 --> 00:31:15.240]  有時候我都會和太太吵架
[00:31:15.240 --> 00:31:18.040]  吵架通常吵完之後會怎樣呢
[00:31:18.040 --> 00:31:19.400]  通常是冷戰
[00:31:19.400 --> 00:31:21.320]  大家不出聲不說話
[00:31:21.320 --> 00:31:23.960]  我曾經聽過有一個弟兄分享
[00:31:23.960 --> 00:31:26.200]  他最長的時間冷戰了多久呢
[00:31:26.200 --> 00:31:28.280]  你猜一下
[00:31:28.280 --> 00:31:30.120]  他說七天
[00:31:30.120 --> 00:31:31.960]  七天大家不說話
[00:31:31.960 --> 00:31:33.160]  冷戰
[00:31:33.160 --> 00:31:34.840]  這個經文告訴我們
[00:31:34.840 --> 00:31:36.360]  你不可含怒到日落
[00:31:36.360 --> 00:31:37.560]  你可以生氣
[00:31:37.560 --> 00:31:40.520]  但是你不要把怒氣積存在心裡面
[00:31:40.520 --> 00:31:41.800]  擺到過夜
[00:31:41.800 --> 00:31:44.440]  在睡覺之前一定要處理好
[00:31:44.440 --> 00:31:46.280]  要放下你的怒氣
[00:31:46.280 --> 00:31:49.080]  所以我和太太吵架
[00:31:49.080 --> 00:31:51.640]  有時候都要彼此提醒
[00:31:51.640 --> 00:31:53.960]  還有他有一個殺手鐧的
[00:31:53.960 --> 00:31:55.000]  有絕招的
[00:31:55.000 --> 00:31:56.680]  他每一次我們吵的時候
[00:31:56.680 --> 00:31:57.720]  他就會說
[00:31:57.720 --> 00:31:59.640]  劉牧師
[00:31:59.640 --> 00:32:00.600]  哇
[00:32:00.600 --> 00:32:02.840]  他說劉牧師這三個字的時候
[00:32:02.840 --> 00:32:06.200]  那個語調是升高了八度的
[00:32:06.200 --> 00:32:07.720]  所以我就知道什麼事了
[00:32:07.720 --> 00:32:09.320]  我馬上就停下來
[00:32:09.320 --> 00:32:10.840]  我就不出聲了
[00:32:10.840 --> 00:32:13.640]  所以我們其實都需要彼此提醒
[00:32:13.640 --> 00:32:16.760]  我們在基督裡面有新的身份
[00:32:16.760 --> 00:32:18.120]  我們是神的兒女
[00:32:18.120 --> 00:32:23.000]  我們這個身份應該和我們的行為是相配的
[00:32:23.000 --> 00:32:25.000]  無論你今天是長輯也好
[00:32:25.000 --> 00:32:26.040]  是部長也好
[00:32:26.040 --> 00:32:27.320]  是導師也好
[00:32:27.320 --> 00:32:29.080]  是普通的弟兄姊妹也好
[00:32:29.080 --> 00:32:30.840]  我們都是神的兒女
[00:32:30.840 --> 00:32:35.640]  我們的行為要和我們的身份要相配
[00:32:35.640 --> 00:32:38.360]  所以我們應該彼此去提醒
[00:32:38.360 --> 00:32:41.480]  當我們說一些不太適宜的話的時候
[00:32:41.480 --> 00:32:44.200]  我們就用愛心去說誠實話
[00:32:44.200 --> 00:32:45.880]  彼此去提醒
[00:32:45.880 --> 00:32:53.880]  最後在第28節到32節那裡
[00:32:53.880 --> 00:32:55.400]  就講到另外幾樣東西
[00:32:55.400 --> 00:32:58.040]  一樣就是要勞力作功
[00:32:58.040 --> 00:32:59.160]  親手作功
[00:32:59.160 --> 00:33:02.200]  另外一個就講到不要令聖靈擔憂
[00:33:02.200 --> 00:33:04.680]  最後講到有關瑤柱
[00:33:04.680 --> 00:33:06.680]  要恩慈相待
[00:33:06.680 --> 00:33:09.640]  首先這裡講到勞力作功
[00:33:09.640 --> 00:33:12.600]  他說要親手勞力做正經事
[00:33:12.600 --> 00:33:15.720]  有餘要分給缺少的人
[00:33:15.720 --> 00:33:17.720]  這個是很好的教導
[00:33:17.720 --> 00:33:21.880]  我們香港弟兄姊妹應該個個都很勞力作功的
[00:33:21.880 --> 00:33:24.200]  因為我們很勤力去做事的
[00:33:24.200 --> 00:33:25.880]  我們的工作效率是很高的
[00:33:25.880 --> 00:33:27.560]  所以我們都沒有問題的
[00:33:27.560 --> 00:33:32.200]  另外他提醒我們要將有餘分給缺少的人
[00:33:32.200 --> 00:33:34.360]  這個值得我們去思想
[00:33:34.360 --> 00:33:36.200]  我們有沒有這樣去做呢
[00:33:36.200 --> 00:33:38.840]  有時不一定是有餘的時候
[00:33:38.840 --> 00:33:41.960]  才可以去分給有缺少的人
[00:33:41.960 --> 00:33:44.360]  當你可能覺得自己都很勉強
[00:33:44.360 --> 00:33:45.960]  自己都不夠的時候
[00:33:45.960 --> 00:33:47.320]  其實你都可以去做的
[00:33:47.320 --> 00:33:49.560]  不過做多做少的問題
[00:33:49.560 --> 00:33:51.800]  我自己都有一個很深的經歷
[00:33:51.800 --> 00:33:55.400]  這個都是一直在我生命裡面去激勵我的
[00:33:55.400 --> 00:33:58.680]  當我在神學院讀神學的時候
[00:33:58.680 --> 00:34:01.320]  我當時在長洲讀神學
[00:34:01.320 --> 00:34:04.520]  有個宣教士就特意去神學院去探望我
[00:34:04.520 --> 00:34:06.360]  他年紀都不小的了
[00:34:06.360 --> 00:34:08.840]  你知道去長洲要去神學院
[00:34:08.840 --> 00:34:12.280]  都要走一個比較斜的長的山路的
[00:34:12.280 --> 00:34:13.480]  都不容易對他來說
[00:34:13.480 --> 00:34:15.560]  而且他的腳都不是很方便的
[00:34:15.560 --> 00:34:19.000]  要動著拐杖這樣走上去的
[00:34:19.000 --> 00:34:21.240]  不過他真的很有心
[00:34:21.240 --> 00:34:22.920]  去到神學院探望我
[00:34:22.920 --> 00:34:24.120]  鼓勵我
[00:34:24.120 --> 00:34:26.280]  探望完我之後就跟我一起下山
[00:34:26.280 --> 00:34:28.120]  去碼頭附近吃飯
[00:34:28.120 --> 00:34:31.080]  吃飯的時候又拿了一個信封遞給我
[00:34:31.080 --> 00:34:31.960]  他就跟我說
[00:34:31.960 --> 00:34:34.920]  「瑞峰啊 這個就是我給你的奉獻」
[00:34:34.920 --> 00:34:38.520]  「支持你 你繼續好好去讀書」
[00:34:38.520 --> 00:34:41.320]  嘩 那我當時就質疑了一下
[00:34:41.320 --> 00:34:43.720]  為什麼他自己在那個宣教士
[00:34:43.720 --> 00:34:45.800]  他都需要去籌募經費
[00:34:45.800 --> 00:34:46.920]  他自己都不足
[00:34:46.920 --> 00:34:48.760]  他自己都很繃緊
[00:34:48.760 --> 00:34:50.600]  他還奉獻給我
[00:34:50.600 --> 00:34:53.080]  我當時是很感動的
[00:34:53.080 --> 00:34:56.040]  我覺得這個宣教士真是了不得
[00:34:56.040 --> 00:34:57.080]  其實他來探望我
[00:34:57.080 --> 00:34:58.280]  我已經很感恩的了
[00:34:58.280 --> 00:34:59.240]  已經很感動
[00:34:59.240 --> 00:35:01.080]  但是他還有奉獻給我
[00:35:01.080 --> 00:35:02.440]  雖然錢不多的
[00:35:02.440 --> 00:35:04.920]  其實只有三百元
[00:35:04.920 --> 00:35:07.000]  但是對我來說
[00:35:07.000 --> 00:35:09.960]  我自己覺得是我收過的
[00:35:09.960 --> 00:35:12.280]  所有奉獻當中是最多的
[00:35:12.280 --> 00:35:13.880]  因為他是自己不足
[00:35:13.880 --> 00:35:16.120]  他自己都要籌募經費的時候
[00:35:16.120 --> 00:35:19.080]  他是願意這樣去支持我和鼓勵我
[00:35:19.080 --> 00:35:21.320]  所以他的鼓勵
[00:35:21.320 --> 00:35:25.480]  直到今天仍然是令到我很受激勵的
[00:35:25.480 --> 00:35:27.320]  所以跟大家去分享
[00:35:27.320 --> 00:35:29.240]  所以不一定要你很有餘
[00:35:29.240 --> 00:35:33.400]  很富足的時候才可以去做
[00:35:33.400 --> 00:35:38.280]  經文亦提到我們不可以叫聖靈擔憂
[00:35:38.280 --> 00:35:41.560]  我們每一個人其實都有聖靈的印記
[00:35:41.560 --> 00:35:44.440]  聖靈是不斷有微小的聲音去提醒我們
[00:35:44.440 --> 00:35:46.520]  當我們軟弱犯罪的時候
[00:35:46.520 --> 00:35:49.320]  聖靈在我們耳邊都會提醒我們
[00:35:49.320 --> 00:35:52.360]  所以我們不要拒絕聖靈的聲音
[00:35:52.360 --> 00:35:54.920]  也不要讓聖靈來擔憂
[00:35:54.920 --> 00:35:59.320]  最後這段經文提到有關「遙處」方面
[00:35:59.320 --> 00:36:02.440]  它提醒我們彼此遙處要恩慈相待
[00:36:02.440 --> 00:36:06.280]  正如神在基督裡面遙處了我們一樣
[00:36:06.280 --> 00:36:09.000]  我認識一位年長的姐妹
[00:36:09.000 --> 00:36:14.680]  她年輕的時候被她最親近的同工背叛
[00:36:14.680 --> 00:36:17.720]  對方不單搶走了她的侍工
[00:36:17.720 --> 00:36:22.840]  而且還到處散佈謠言來壞她的名聲
[00:36:22.840 --> 00:36:26.440]  所以她心裡恨了那個同工十幾年了
[00:36:26.440 --> 00:36:30.120]  直到有一次在主餐崇拜裡面
[00:36:30.120 --> 00:36:32.280]  她看到一個異象
[00:36:32.280 --> 00:36:37.160]  就是她看到在十字架上為她流血的基督
[00:36:37.160 --> 00:36:41.080]  令她突然想起自己數不清的罪
[00:36:41.080 --> 00:36:43.880]  都白白被神所赦免了
[00:36:43.880 --> 00:36:46.520]  所以那一刻她突然間發覺
[00:36:46.520 --> 00:36:49.160]  原來她也是一個罪人
[00:36:49.160 --> 00:36:50.200]  她也犯了很多罪
[00:36:50.200 --> 00:36:52.200]  但是神也赦免了她
[00:36:52.200 --> 00:36:56.280]  她沒有理由不赦免那個姐妹
[00:36:56.280 --> 00:37:00.360]  所以那天之後她就主動去找那個背叛她
[00:37:00.360 --> 00:37:02.600]  散播謠言的姐妹
[00:37:02.600 --> 00:37:04.920]  當時那個姐妹其實都已經年老了
[00:37:04.920 --> 00:37:06.360]  也身體軟弱
[00:37:06.360 --> 00:37:07.960]  住在醫院裡面
[00:37:07.960 --> 00:37:09.960]  她不單去探望她
[00:37:09.960 --> 00:37:16.360]  而且多次去醫院鼓勵她和為她祈禱
[00:37:16.360 --> 00:37:19.720]  最後這位年長的姐妹她就說
[00:37:19.720 --> 00:37:23.960]  我過去以為饒恕就是放過對方
[00:37:23.960 --> 00:37:25.480]  後來才明白
[00:37:25.480 --> 00:37:27.400]  饒恕首先是將我自己
[00:37:27.400 --> 00:37:33.000]  從十多年的苦毒的監獄裡面釋放了出來
[00:37:33.000 --> 00:37:34.200]  求主幫助我們
[00:37:34.200 --> 00:37:39.560]  讓我們都能夠彼此去饒恕和恩慈相待
[00:37:39.560 --> 00:37:42.440]  保羅說心智要更新
[00:37:42.440 --> 00:37:44.840]  我們才能夠活像基督
[00:37:44.840 --> 00:37:46.760]  所以心智更新、活像基督
[00:37:46.760 --> 00:37:51.160]  從來都不是一條我們遙不可及的神聖之路
[00:37:51.160 --> 00:37:53.160]  祂的神學的根基
[00:37:53.160 --> 00:37:58.520]  是基督在十字架上已經為我們成就完美的救恩
[00:37:58.520 --> 00:38:01.000]  祂的真實路徑
[00:38:01.000 --> 00:38:03.080]  就是在每一個很普通的日子裡面
[00:38:03.080 --> 00:38:05.720]  我們靠著聖靈的帶領
[00:38:05.720 --> 00:38:09.160]  一次又一次地選擇信服基督
[00:38:09.160 --> 00:38:12.360]  不再回到救人的綑綁裡面
[00:38:12.360 --> 00:38:15.880]  我們不再需要等到自己變成很完美的時候
[00:38:15.880 --> 00:38:18.440]  我們才能活像基督
[00:38:18.440 --> 00:38:23.880]  今天你選擇不說那句很傷人的話
[00:38:23.880 --> 00:38:28.680]  你選擇放下你心裡積累了很久的怨恨
[00:38:28.680 --> 00:38:33.080]  你選擇用誠實的心去對待你身邊的人
[00:38:33.080 --> 00:38:35.720]  其實就是在經歷心智更新
[00:38:35.720 --> 00:38:38.280]  就是將基督的生命活出來
[00:38:38.280 --> 00:38:39.800]  在這個黑暗的世代
[00:38:39.800 --> 00:38:41.640]  讓人能夠去看見
[00:38:41.640 --> 00:38:44.280]  願神賜給我們每一個人都能夠有力量
[00:38:44.280 --> 00:38:46.200]  讓我們能夠在基督的恩典裡面
[00:38:46.200 --> 00:38:50.040]  我們一天生持一天
[00:38:50.040 --> 00:38:54.440]  真正能夠活出那個照著神的形象所做的
[00:38:54.440 --> 00:38:59.640]  滿有真理的人意和聖潔的新生命
[00:38:59.640 --> 00:39:03.960]  讓我們一起同心祈禱
[00:39:03.960 --> 00:39:08.120]  天父上帝我們懷著感恩的心來到您的面前
[00:39:08.120 --> 00:39:10.760]  多謝您藉著已忽所遲的經文
[00:39:10.760 --> 00:39:13.480]  再次向我們顯明救恩的豐盛
[00:39:13.480 --> 00:39:16.760]  您不僅救了我們脫離將來的沉淪
[00:39:16.760 --> 00:39:18.520]  更在今時今日
[00:39:18.520 --> 00:39:24.360]  將我們從舊生命的虛妄、昏迴和捆綁當中釋放出來
[00:39:24.360 --> 00:39:25.480]  我們承認
[00:39:25.480 --> 00:39:30.520]  很多時候我們仍然是不自覺地回到過去的樣子
[00:39:30.520 --> 00:39:33.400]  憑著自己的小聰明來行事
[00:39:33.400 --> 00:39:36.040]  讓怒氣存在我們的心間
[00:39:36.040 --> 00:39:39.560]  用謊言來遮蓋我們過失
[00:39:39.560 --> 00:39:43.640]  任由苦毒在我們心中慢慢生根
[00:39:43.640 --> 00:39:47.000]  求您藉著今天您的話語的囂觀
[00:39:47.000 --> 00:39:48.680]  更新我們的心智
[00:39:48.680 --> 00:39:53.800]  讓我們深深記著那個舊人已經和您一同釘在十字架上
[00:39:53.800 --> 00:39:58.440]  我們如今是照著您的形象所創造的新人
[00:39:58.440 --> 00:40:01.560]  求您賜給我們溫柔、忍耐的心
[00:40:01.560 --> 00:40:05.480]  在日常生活中選擇棄絕謊言
[00:40:05.480 --> 00:40:07.880]  說造就人的好話
[00:40:07.880 --> 00:40:11.320]  選擇彼此饒恕、恩慈相待
[00:40:11.320 --> 00:40:14.360]  不再讓魔鬼留下任何破口
[00:40:14.360 --> 00:40:17.160]  也求您特別保守每一位弟兄姊妹
[00:40:17.160 --> 00:40:22.840]  讓我們不需要等到自己變得完美才能活出基督的樣式
[00:40:22.840 --> 00:40:26.280]  就在今天的每一個小的抉擇中
[00:40:26.280 --> 00:40:29.160]  我們都能夠信服聖靈的帶領
[00:40:29.160 --> 00:40:31.400]  一天生持一天
[00:40:31.400 --> 00:40:36.200]  將真理的仁義和聖潔實實在在地活出來
[00:40:36.200 --> 00:40:38.600]  成為您美好的見證
[00:40:38.600 --> 00:40:41.160]  奉主耶穌基督聖名祈求
[00:40:41.160 --> 00:40:43.160]  阿門
