
[00:00:00.000 --> 00:00:02.540]  揭開聖經,我們可以看到
[00:00:02.540 --> 00:00:04.540]  約翰福音第九章
[00:00:04.540 --> 00:00:08.120]  「耶穌過去的時候,見到一個人生來是黑暗的」
[00:00:08.120 --> 00:00:10.120]  我還想問多一個問題
[00:00:10.120 --> 00:00:14.020]  你覺不覺得見證主耶穌是懶懶的
[00:00:14.020 --> 00:00:16.580]  或者有時會覺得害羞,不懂得怎麼說
[00:00:16.580 --> 00:00:17.560]  你覺不覺得?
[00:00:17.560 --> 00:00:19.740]  「我又知啲唔知啲,我怎麼說?」
[00:00:19.740 --> 00:00:22.780]  有時有些人很有神氣
[00:00:22.780 --> 00:00:25.360]  「牧師,我好多事不知,我怎麼說?」
[00:00:25.360 --> 00:00:26.880]  那些人很有神氣
[00:00:26.880 --> 00:00:30.100]  他很有自信心,告訴你他不懂得怎麼說
[00:00:30.100 --> 00:00:32.720]  也不是最壞的,明白嗎?
[00:00:32.720 --> 00:00:34.720]  那些驕傲反而比較壞
[00:00:34.720 --> 00:00:36.980]  不過我今天就解釋給你聽
[00:00:36.980 --> 00:00:40.760]  「知啲唔知啲」都可以講到見證的
[00:00:40.760 --> 00:00:43.300]  都可以很有自信心,神會改變我
[00:00:43.300 --> 00:00:44.740]  增添我的自信心
[00:00:44.740 --> 00:00:46.260]  我不用完全懂得
[00:00:46.260 --> 00:00:48.600]  不可以完全不懂得
[00:00:48.600 --> 00:00:51.000]  重要的要懂得,一會兒我解釋給你聽
[00:00:51.000 --> 00:00:54.840]  「耶穌過去的時候,看見一個人生來是黑暗的」
[00:00:54.840 --> 00:01:02.240]  「門徒就問他說:拉彼者人生來是黑暗,是誰犯了罪呢?是這人呢?是他父母呢?」
[00:01:02.240 --> 00:01:05.580]  這裡上幾個禮拜我講過一次
[00:01:05.580 --> 00:01:08.680]  一至五節,也稍微重溫一下
[00:01:08.680 --> 00:01:14.600]  這裡兩個「伊」字的故事是有平衡的
[00:01:14.600 --> 00:01:16.800]  一個是「畢氏」大詞
[00:01:16.800 --> 00:01:19.020]  一個是「西羅亞」詞
[00:01:19.020 --> 00:01:23.120]  這兩個都是一個詞字
[00:01:23.120 --> 00:01:25.940]  這兩個詞發生都是「伊」字故事
[00:01:25.940 --> 00:01:28.940]  這兩個「伊」字故事都有一個共通點
[00:01:28.940 --> 00:01:31.260]  耶穌走去見到的時候
[00:01:31.260 --> 00:01:37.000]  這兩個人都是沒有要求過耶穌「伊」的
[00:01:37.000 --> 00:01:40.220]  平時的「伊」字總有人要求「伊」的
[00:01:40.220 --> 00:01:47.920]  因為大衛的子孫「開恩」、「可憐我爸」的核子就求耶穌「伊」它
[00:01:47.920 --> 00:01:49.460]  有時是誰求呢?
[00:01:49.460 --> 00:01:50.900]  有時是爸爸求的
[00:01:50.900 --> 00:01:53.840]  「我兒子害病了,你快點來救我」
[00:01:53.840 --> 00:01:55.300]  那個外邦人的冠
[00:01:55.300 --> 00:01:57.860]  還有呢?有時是媽媽也會
[00:01:57.860 --> 00:01:58.840]  誰是媽媽?
[00:01:58.840 --> 00:02:00.340]  外邦人的媽媽
[00:02:00.340 --> 00:02:02.420]  「九的歲渣兒」我也要的
[00:02:02.420 --> 00:02:03.960]  那個是媽媽來求的
[00:02:03.960 --> 00:02:05.640]  還有什麼要求呢?
[00:02:05.640 --> 00:02:07.020]  朋友也可以
[00:02:07.020 --> 00:02:10.500]  四個朋友插通別人的房頂
[00:02:10.500 --> 00:02:11.800]  把人扔下來
[00:02:11.800 --> 00:02:13.300]  有時是朋友求
[00:02:13.300 --> 00:02:15.900]  這次是每個人都不是
[00:02:15.900 --> 00:02:16.980]  沒有人求
[00:02:16.980 --> 00:02:19.140]  他們幾個在問一個問題
[00:02:19.140 --> 00:02:21.320]  「為什麼會這樣?」
[00:02:21.320 --> 00:02:23.280]  這個不是沒有用的
[00:02:23.280 --> 00:02:26.320]  我們有時問「為什麼會這樣?」也有意義的
[00:02:26.320 --> 00:02:27.540]  不過你問完之後
[00:02:27.540 --> 00:02:29.060]  沒有事做就不行
[00:02:29.060 --> 00:02:30.420]  一會兒我再解釋給你聽
[00:02:30.420 --> 00:02:31.500]  他問誰犯罪
[00:02:31.500 --> 00:02:32.580]  耶穌就回答說
[00:02:32.580 --> 00:02:35.140]  「也不是這人犯罪,也不是他父母犯罪
[00:02:35.140 --> 00:02:38.900]  小在他身上顯出神的作為來」
[00:02:38.900 --> 00:02:41.980]  原來耶穌有沒有回答他呢?
[00:02:41.980 --> 00:02:43.440]  其實沒有直接回答的
[00:02:43.440 --> 00:02:44.940]  但是呢
[00:02:44.940 --> 00:02:47.340]  就算是這樣的罪人
[00:02:47.340 --> 00:02:50.320]  也可以顯出神的作為來
[00:02:50.320 --> 00:02:54.120]  我們見到世界有很多紛紛擾擾的困難
[00:02:54.120 --> 00:02:54.820]  但是
[00:02:54.820 --> 00:02:56.180]  若果你有這個感覺
[00:02:56.180 --> 00:02:57.400]  這是神給你的
[00:02:57.400 --> 00:02:58.620]  見到世界有些
[00:02:58.620 --> 00:03:00.500]  「為什麼那裡那麼多打仗的?
[00:03:00.500 --> 00:03:02.420]  為什麼這裡那麼不公平?
[00:03:02.420 --> 00:03:04.540]  為什麼那些人那麼慘慘的?」
[00:03:04.540 --> 00:03:05.900]  如果你有這個感覺的時候
[00:03:05.900 --> 00:03:06.860]  你記住
[00:03:06.860 --> 00:03:08.260]  禱告告訴神
[00:03:08.260 --> 00:03:10.400]  神會繼續感動你
[00:03:10.400 --> 00:03:13.580]  因為就算是那麼多苦難
[00:03:13.580 --> 00:03:15.820]  都可以顯出神的作為
[00:03:15.820 --> 00:03:18.700]  有時候那些戰亂的地方
[00:03:18.700 --> 00:03:20.140]  其實有很多弟兄姊妹
[00:03:20.140 --> 00:03:24.300]  上帝派了他們去扶貧、難民
[00:03:24.300 --> 00:03:25.580]  其他各樣的工作
[00:03:25.580 --> 00:03:28.060]  一樣有神的僕人士都在做
[00:03:28.060 --> 00:03:29.380]  若果你看到的時候
[00:03:29.380 --> 00:03:30.340]  呼求神
[00:03:30.340 --> 00:03:32.540]  在這裡我就想起
[00:03:32.540 --> 00:03:33.540]  昨天
[00:03:33.540 --> 00:03:37.320]  我們有一隊人去支持
[00:03:37.320 --> 00:03:39.740]  「播道會兒童之家」
[00:03:39.740 --> 00:03:42.540]  我其實昨天本來都打算去打卡的
[00:03:42.540 --> 00:03:45.940]  我通常不去的地方都是打卡的
[00:03:45.940 --> 00:03:47.660]  但我終於發現一件事
[00:03:47.660 --> 00:03:50.580]  原來全香港保衛最深延的地方
[00:03:50.580 --> 00:03:52.060]  不是港督府
[00:03:52.060 --> 00:03:53.860]  在哪裡呢?
[00:03:53.860 --> 00:03:55.820]  原來是理工大學
[00:03:55.820 --> 00:03:56.980]  很厲害
[00:03:56.980 --> 00:03:57.660]  為什麼呢?
[00:03:57.660 --> 00:03:59.420]  我打算打一張卡
[00:03:59.420 --> 00:04:04.380]  在裡面有演唱會去支持
[00:04:04.380 --> 00:04:05.260]  「票呢?」
[00:04:05.260 --> 00:04:06.380]  「票啊?」
[00:04:06.380 --> 00:04:07.580]  「票我沒有啊」
[00:04:07.580 --> 00:04:11.380]  「但是我們有人在裡面」
[00:04:11.380 --> 00:04:12.540]  「QR Code呢?」
[00:04:12.540 --> 00:04:15.820]  「QR Code我找人發一張給我」
[00:04:15.820 --> 00:04:16.940]  「掃不了」
[00:04:16.940 --> 00:04:19.220]  「用過就掃不了」
[00:04:19.220 --> 00:04:20.900]  「原來用過就掃不了?」
[00:04:20.900 --> 00:04:23.380]  「那100個人用同一張就不行了」
[00:04:23.380 --> 00:04:24.980]  「當然不行」
[00:04:24.980 --> 00:04:25.900]  保衛深延
[00:04:25.900 --> 00:04:29.140]  我四處找都找不到
[00:04:29.140 --> 00:04:30.300]  沒有辦法找到
[00:04:30.300 --> 00:04:32.380]  保衛很深延
[00:04:32.380 --> 00:04:34.500]  最安全的地方是理工大學
[00:04:34.500 --> 00:04:36.740]  理工大學是好東西
[00:04:36.740 --> 00:04:38.980]  核爆都不怕
[00:04:38.980 --> 00:04:41.380]  恐怖份子襲擊不了
[00:04:41.380 --> 00:04:42.980]  沒有辦法
[00:04:42.980 --> 00:04:44.060]  我怎樣都去不了
[00:04:44.060 --> 00:04:45.220]  最後我放棄了
[00:04:45.220 --> 00:04:46.060]  走了
[00:04:46.060 --> 00:04:46.780]  無論如何
[00:04:46.780 --> 00:04:47.260]  不要緊
[00:04:47.260 --> 00:04:48.140]  我再講重點
[00:04:48.140 --> 00:04:49.340]  那些不是重點
[00:04:49.340 --> 00:04:52.020]  重點在這裡
[00:04:52.020 --> 00:04:55.860]  他們是播道兒童之家
[00:04:55.860 --> 00:04:57.780]  70週年籌款
[00:04:57.780 --> 00:04:59.580]  要講講故事
[00:04:59.580 --> 00:05:01.260]  其實世界上很多苦難
[00:05:01.260 --> 00:05:02.020]  不知道為什麼
[00:05:02.020 --> 00:05:03.380]  為什麼這麼多孤兒
[00:05:03.380 --> 00:05:04.780]  其實70年前
[00:05:04.780 --> 00:05:06.540]  我們播道會有一位孫教士
[00:05:06.540 --> 00:05:08.300]  叫辛路德孫教士
[00:05:08.300 --> 00:05:10.140]  通常他的名字叫辛阿姨
[00:05:10.140 --> 00:05:11.420]  辛阿姨來到香港
[00:05:11.420 --> 00:05:12.580]  見到很多孤兒
[00:05:12.580 --> 00:05:14.020]  她也問了同樣的問題
[00:05:14.020 --> 00:05:16.260]  為什麼香港有這麼多孤兒
[00:05:16.260 --> 00:05:17.540]  所以呢
[00:05:17.540 --> 00:05:18.900]  趁著白日
[00:05:18.900 --> 00:05:20.100]  多作主公
[00:05:20.100 --> 00:05:21.540]  所以她就籌款
[00:05:21.540 --> 00:05:24.420]  我到現在都想不明白
[00:05:24.420 --> 00:05:26.180]  其實是一個女人
[00:05:26.180 --> 00:05:27.860]  一個美國女人來到香港
[00:05:27.860 --> 00:05:30.420]  我不知道為什麼她會找到塊地
[00:05:30.420 --> 00:05:32.500]  來建一間兒童之家
[00:05:32.500 --> 00:05:34.740]  還是大大間
[00:05:34.740 --> 00:05:36.380]  現在都不知道她怎樣搞出來
[00:05:36.380 --> 00:05:38.660]  總之她又搞出來 70年
[00:05:38.660 --> 00:05:40.940]  在這裡我看過不少見證
[00:05:40.940 --> 00:05:41.940]  她的見證
[00:05:41.940 --> 00:05:43.660]  其實早期的人
[00:05:43.660 --> 00:05:44.900]  他們都很不明白
[00:05:44.900 --> 00:05:46.940]  他們自己住院都很不明白
[00:05:46.940 --> 00:05:48.260]  為什麼要住兒童之家
[00:05:48.260 --> 00:05:49.420]  別人的家
[00:05:49.420 --> 00:05:51.420]  後來他們終於明白
[00:05:51.420 --> 00:05:52.780]  我不是沒有家
[00:05:52.780 --> 00:05:53.580]  我有家
[00:05:53.580 --> 00:05:55.900]  我家就是兒童之家
[00:05:55.900 --> 00:05:56.420]  還有
[00:05:56.420 --> 00:05:58.900]  她說我跟別人介紹我家的時候
[00:05:58.900 --> 00:06:00.700]  我很自豪地告訴別人
[00:06:00.700 --> 00:06:02.900]  我家有個籃球場
[00:06:02.900 --> 00:06:04.660]  在我家裏面
[00:06:04.660 --> 00:06:06.900]  這麼厲害?你家有籃球場?
[00:06:06.900 --> 00:06:08.700]  還是四四方方
[00:06:08.700 --> 00:06:09.940]  長方形
[00:06:09.940 --> 00:06:11.580]  真板籃球場
[00:06:11.580 --> 00:06:12.460]  不是一個假的
[00:06:12.460 --> 00:06:13.580]  我家有個籃球場
[00:06:13.580 --> 00:06:15.180]  你有沒有?
[00:06:15.180 --> 00:06:17.540]  所以神給很多恩典
[00:06:17.540 --> 00:06:20.140]  在當中我們見到世界的需要
[00:06:20.140 --> 00:06:21.460]  回應世界的需要
[00:06:21.460 --> 00:06:23.020]  我看完第一批弟兄姊妹
[00:06:23.020 --> 00:06:24.260]  即是早期的弟兄姊妹
[00:06:24.260 --> 00:06:25.700]  其實有數得計
[00:06:25.700 --> 00:06:27.820]  70年前開的
[00:06:27.820 --> 00:06:29.940]  第一批已經退休了
[00:06:29.940 --> 00:06:33.900]  他們很多都去了美國讀書
[00:06:33.900 --> 00:06:36.860]  去美國哪裏?
[00:06:36.860 --> 00:06:38.260]  芝加哥
[00:06:38.260 --> 00:06:40.140]  差不多全部去芝加哥
[00:06:40.140 --> 00:06:41.580]  知不知道?
[00:06:41.580 --> 00:06:44.540]  因為我們播道總會總部在芝加哥
[00:06:44.540 --> 00:06:46.100]  籌款找人幫
[00:06:46.100 --> 00:06:47.060]  全部去芝加哥
[00:06:47.060 --> 00:06:48.980]  那邊有弟兄姊妹接待
[00:06:48.980 --> 00:06:52.100]  所以有一批弟兄姊妹去了芝加哥
[00:06:52.100 --> 00:06:53.980]  然後落地生根在那邊
[00:06:53.980 --> 00:06:57.180]  早期兒童之家的很多孩子
[00:06:57.180 --> 00:06:59.140]  不過當然不是每個人都能讀書
[00:06:59.140 --> 00:07:02.140]  通常讀書他們會找那邊的弟兄姊妹
[00:07:02.140 --> 00:07:04.780]  幫他們讀書
[00:07:04.780 --> 00:07:08.220]  60、70年前去美國留學
[00:07:08.220 --> 00:07:09.740]  多厲害
[00:07:09.740 --> 00:07:12.860]  改變很多小朋友的生命
[00:07:12.860 --> 00:07:14.980]  不過現在全部都是白人
[00:07:14.980 --> 00:07:16.460]  我們看下去
[00:07:16.460 --> 00:07:18.460]  當我們見到黑夜的時候
[00:07:18.460 --> 00:07:19.380]  要多作主公
[00:07:19.380 --> 00:07:21.460]  撐著白日我們必須作難
[00:07:21.460 --> 00:07:22.340]  撐我來者的功
[00:07:22.340 --> 00:07:23.660]  黑夜來到
[00:07:23.660 --> 00:07:25.300]  就沒有人能作公了
[00:07:25.300 --> 00:07:26.780]  我在世上的時候
[00:07:26.780 --> 00:07:27.820]  是世上的光
[00:07:27.820 --> 00:07:29.420]  上次有提過
[00:07:29.420 --> 00:07:33.380]  這次最重要重申一件事
[00:07:33.380 --> 00:07:35.740]  誰是世上的光?
[00:07:35.740 --> 00:07:36.420]  主耶穌
[00:07:36.420 --> 00:07:37.300]  只有主耶穌
[00:07:37.300 --> 00:07:39.100]  我在地上的時候
[00:07:39.100 --> 00:07:40.700]  是世上的光
[00:07:40.700 --> 00:07:43.340]  誰要作公?
[00:07:43.340 --> 00:07:45.180]  是我們
[00:07:45.180 --> 00:07:47.660]  所以當天主耶穌跟門徒說
[00:07:47.660 --> 00:07:49.940]  我們一起要作公
[00:07:49.940 --> 00:07:52.020]  但是真光祇得主耶穌
[00:07:52.020 --> 00:07:53.180]  可以嗎?
[00:07:53.180 --> 00:07:55.740]  我們沒有什麼可以做
[00:07:55.740 --> 00:07:57.500]  我們做的事情很微小
[00:07:57.500 --> 00:07:59.540]  我們是指引人、帶領人
[00:07:59.540 --> 00:08:01.980]  去認識世界的光
[00:08:01.980 --> 00:08:03.820]  如果有少許成就
[00:08:03.820 --> 00:08:05.260]  不是我們厲害
[00:08:05.260 --> 00:08:07.980]  是我們引導到他去
[00:08:07.980 --> 00:08:10.180]  找到世界的光
[00:08:10.180 --> 00:08:12.300]  只有主耶穌是世界的光
[00:08:12.300 --> 00:08:13.740]  稍後會繼續說下去
[00:08:13.740 --> 00:08:15.780]  重點要弄清楚
[00:08:15.780 --> 00:08:16.820]  耶穌說了這話
[00:08:16.820 --> 00:08:17.660]  「就拖拖抹抹
[00:08:17.660 --> 00:08:19.620]  在地上用拖抹和泥
[00:08:19.620 --> 00:08:21.980]  抹在兒子的眼睛上
[00:08:21.980 --> 00:08:22.580]  對他說
[00:08:22.580 --> 00:08:25.100]  你往西羅亞池子去洗
[00:08:25.100 --> 00:08:25.940]  他去一洗
[00:08:25.940 --> 00:08:27.980]  回頭就看見了」
[00:08:27.980 --> 00:08:29.260]  我們讀到這裡的時候
[00:08:29.260 --> 00:08:30.900]  就會留意一件事情
[00:08:30.900 --> 00:08:34.380]  這兩個「不是大池」和「西羅亞池」
[00:08:34.380 --> 00:08:36.580]  有同樣的情況是什麼呢?
[00:08:36.580 --> 00:08:39.740]  這兩個「伊」字有兩個共通點
[00:08:39.740 --> 00:08:41.860]  大家看到嗎?
[00:08:41.860 --> 00:08:43.780]  共通點就是
[00:08:43.780 --> 00:08:45.340]  耶穌平時「伊」字
[00:08:45.340 --> 00:08:48.060]  其實病人是不用做事的
[00:08:48.060 --> 00:08:49.060]  一般來說
[00:08:49.060 --> 00:08:50.500]  痊愈了就痊愈了
[00:08:50.500 --> 00:08:51.580]  隔空也可以
[00:08:51.580 --> 00:08:52.300]  你回去吧
[00:08:52.300 --> 00:08:53.660]  你的兒子已經好了
[00:08:53.660 --> 00:08:54.980]  你回去就可以了
[00:08:54.980 --> 00:08:56.140]  碰都不用碰
[00:08:56.140 --> 00:08:56.980]  見都不用見
[00:08:56.980 --> 00:08:57.980]  都可以的
[00:08:57.980 --> 00:08:59.220]  這兩個「伊」字
[00:08:59.220 --> 00:09:00.540]  有同樣的共通點
[00:09:00.540 --> 00:09:01.860]  都要做事的
[00:09:01.860 --> 00:09:03.660]  那個受助人
[00:09:03.660 --> 00:09:04.700]  你起來
[00:09:04.700 --> 00:09:05.980]  拿起你的玉子
[00:09:05.980 --> 00:09:06.580]  走吧
[00:09:06.580 --> 00:09:09.140]  他也要拿起玉子走吧才好
[00:09:09.140 --> 00:09:11.140]  這個比較複雜
[00:09:11.140 --> 00:09:12.380]  耶穌做一半
[00:09:12.380 --> 00:09:13.860]  他做另外一半
[00:09:13.860 --> 00:09:16.860]  就要去西羅亞池洗
[00:09:16.860 --> 00:09:20.380]  聽起來就是去西羅亞池洗
[00:09:20.380 --> 00:09:22.020]  那你就去洗吧
[00:09:22.020 --> 00:09:24.260]  有什麼關係呢?
[00:09:24.260 --> 00:09:26.380]  多遠真的不知道
[00:09:26.380 --> 00:09:28.940]  西羅亞池和畢氏大池
[00:09:28.940 --> 00:09:30.260]  現在都有的
[00:09:30.260 --> 00:09:32.420]  你們去耶路撒冷參觀的話
[00:09:32.420 --> 00:09:33.900]  是有這些景點的
[00:09:33.900 --> 00:09:35.540]  這是畢氏大池
[00:09:35.540 --> 00:09:36.620]  這個是西羅亞池
[00:09:36.620 --> 00:09:38.540]  不過我們不知道耶穌站在那裡
[00:09:38.540 --> 00:09:40.940]  所以我不知道要走多遠
[00:09:40.940 --> 00:09:43.580]  不過總之這兩個池就要走去
[00:09:43.580 --> 00:09:47.980]  假設太古城中心
[00:09:47.980 --> 00:09:48.780]  核子
[00:09:48.780 --> 00:09:51.660]  去太古城中心洗
[00:09:51.660 --> 00:09:53.020]  遠不遠呢?
[00:09:53.020 --> 00:09:54.300]  也不是很遠
[00:09:54.300 --> 00:09:55.740]  不過想一想
[00:09:55.740 --> 00:09:56.900]  是盲的
[00:09:56.900 --> 00:09:58.060]  是核子
[00:09:58.060 --> 00:09:59.340]  麻不麻煩呢?
[00:09:59.340 --> 00:10:00.900]  也挺麻煩的
[00:10:00.900 --> 00:10:01.900]  馬上洗是好的
[00:10:01.900 --> 00:10:05.460]  走一段路也是艱難辛苦的
[00:10:05.460 --> 00:10:08.860]  其實也牽涉到一件事
[00:10:08.860 --> 00:10:14.020]  牽涉到核子的信心
[00:10:14.020 --> 00:10:15.300]  信不信得過
[00:10:15.300 --> 00:10:18.180]  吩咐你的主耶穌叫你去
[00:10:18.180 --> 00:10:19.580]  明有做
[00:10:19.580 --> 00:10:22.060]  不明也做
[00:10:22.060 --> 00:10:23.860]  這不就叫信心嗎?
[00:10:23.860 --> 00:10:25.300]  不是每樣東西都明白
[00:10:25.300 --> 00:10:27.660]  其實我們很多時候都是知道一點不知道一點
[00:10:27.660 --> 00:10:29.060]  信心就是知道一點不知道一點
[00:10:29.060 --> 00:10:30.460]  我也肯跟你做
[00:10:30.460 --> 00:10:31.580]  主耶穌吩咐
[00:10:31.580 --> 00:10:33.420]  我不明白為什麼
[00:10:33.420 --> 00:10:34.620]  不過我跟
[00:10:34.620 --> 00:10:35.740]  這是信心
[00:10:35.740 --> 00:10:37.940]  核子是付出它的信心
[00:10:37.940 --> 00:10:40.820]  它雖然知道一點不知道一點
[00:10:40.820 --> 00:10:43.100]  但它也願意付出信心
[00:10:43.100 --> 00:10:46.260]  然後去了西羅亞池洗
[00:10:46.260 --> 00:10:47.860]  回來就好了
[00:10:47.860 --> 00:10:52.260]  第八節說
[00:10:52.260 --> 00:10:56.060]  「他的鄰舍和素常見他是土飯的」
[00:10:56.060 --> 00:10:57.740]  這裡有兩種人
[00:10:57.740 --> 00:11:00.660]  第一種叫做鄰舍
[00:11:00.660 --> 00:11:04.740]  第二種叫做見他素常土飯的
[00:11:04.740 --> 00:11:06.540]  即是甚麼?
[00:11:06.540 --> 00:11:09.140]  即是花生友
[00:11:09.140 --> 00:11:11.260]  即是那些人不認識他
[00:11:11.260 --> 00:11:14.220]  鄰舍即是認識他的
[00:11:14.220 --> 00:11:15.700]  見他素常土飯
[00:11:15.700 --> 00:11:17.140]  不是很認識他
[00:11:17.140 --> 00:11:18.980]  有甚麼分別?
[00:11:18.980 --> 00:11:21.100]  分別就在後面
[00:11:21.100 --> 00:11:24.740]  「就說這不是那從前坐著土飯的人說」
[00:11:24.740 --> 00:11:26.420]  「有人說是他」
[00:11:26.420 --> 00:11:28.220]  「又有人說不是」
[00:11:28.220 --> 00:11:29.940]  「卻是像他」
[00:11:29.940 --> 00:11:31.900]  不認識他和認識他
[00:11:31.900 --> 00:11:34.260]  認得到和認不到
[00:11:34.260 --> 00:11:36.980]  那個人如果是花生友
[00:11:36.980 --> 00:11:38.860]  平時也沒有捐錢
[00:11:38.860 --> 00:11:40.060]  土飯也不會給他
[00:11:40.060 --> 00:11:41.380]  見到他是土飯而已
[00:11:41.380 --> 00:11:43.100]  鄰舍也會幫忙
[00:11:43.100 --> 00:11:44.220]  了解他
[00:11:44.220 --> 00:11:45.340]  知道他的需要
[00:11:45.340 --> 00:11:46.740]  認得他
[00:11:46.740 --> 00:11:49.660]  花生友概括有個觀念
[00:11:49.660 --> 00:11:50.980]  平時「以訛訛」
[00:11:50.980 --> 00:11:52.780]  但又不會出手幫忙
[00:11:52.780 --> 00:11:53.900]  那些叫花生友
[00:11:53.900 --> 00:11:55.380]  不過停一停
[00:11:55.380 --> 00:11:57.580]  我們在這個社區裏面
[00:11:57.580 --> 00:11:59.540]  究竟你和我
[00:11:59.540 --> 00:12:01.500]  太古城堂在太古城
[00:12:01.500 --> 00:12:03.900]  我們是甚麼?
[00:12:03.900 --> 00:12:05.180]  不敢說
[00:12:05.180 --> 00:12:05.900]  大聲一點
[00:12:05.900 --> 00:12:08.420]  對,邱太正確
[00:12:08.420 --> 00:12:10.300]  大聲一點不怕
[00:12:10.300 --> 00:12:11.060]  對了
[00:12:11.060 --> 00:12:14.180]  我們鄰舍才不會做花生友
[00:12:14.180 --> 00:12:17.620]  人們好像認識一點,不認識一點
[00:12:17.620 --> 00:12:20.540]  很多人見到我們的時候
[00:12:20.540 --> 00:12:21.900]  其實也認得到我們
[00:12:21.900 --> 00:12:23.340]  特別我們住在太古城
[00:12:23.340 --> 00:12:24.340]  或者住在附近的人
[00:12:24.340 --> 00:12:27.980]  當然牧師的焦點大一點
[00:12:27.980 --> 00:12:29.180]  容易認得到
[00:12:29.180 --> 00:12:30.380]  我走出去起碼
[00:12:30.380 --> 00:12:33.260]  但其實不只是我
[00:12:33.260 --> 00:12:35.900]  有文也行
[00:12:35.900 --> 00:12:37.140]  還有好幾個也行
[00:12:37.140 --> 00:12:37.940]  黃太那些
[00:12:37.940 --> 00:12:39.620]  還有阿肥也行
[00:12:39.620 --> 00:12:40.700]  阿肥知道是誰嗎?
[00:12:40.700 --> 00:12:42.340]  我們祖堂的婆婆
[00:12:42.340 --> 00:12:43.780]  他在那裏走過圈
[00:12:43.780 --> 00:12:45.420]  還有姜太也行
[00:12:45.420 --> 00:12:46.700]  十多個也認識
[00:12:46.700 --> 00:12:48.020]  在那裏走過圈
[00:12:48.020 --> 00:12:48.740]  明不明白?
[00:12:48.740 --> 00:12:50.820]  論社還是花生友
[00:12:50.820 --> 00:12:52.300]  認識與不認識
[00:12:52.300 --> 00:12:53.660]  繼續看下去
[00:12:53.660 --> 00:12:57.420]  凡是親系的
[00:12:57.420 --> 00:12:58.660]  我要求你一起讀
[00:12:58.660 --> 00:12:59.660]  預備看著
[00:12:59.660 --> 00:13:00.660]  輪到你了
[00:13:00.660 --> 00:13:03.220]  他自己算
[00:13:03.220 --> 00:13:04.740]  沒有氣勢
[00:13:04.740 --> 00:13:05.500]  來多一次
[00:13:05.500 --> 00:13:08.100]  1,2,3
[00:13:08.100 --> 00:13:08.980]  不夠氣勢
[00:13:08.980 --> 00:13:09.540]  不過算了
[00:13:09.540 --> 00:13:10.300]  待會再讀
[00:13:10.300 --> 00:13:11.300]  有很多機會你讀
[00:13:11.300 --> 00:13:13.060]  很長,很長時間你讀
[00:13:13.060 --> 00:13:15.500]  是我來的
[00:13:15.500 --> 00:13:17.140]  這個他自己很
[00:13:17.140 --> 00:13:18.300]  你們不認得我
[00:13:18.300 --> 00:13:20.220]  但我知道是我來的
[00:13:20.220 --> 00:13:21.580]  他認得自己
[00:13:21.580 --> 00:13:22.900]  他們就對他說
[00:13:22.900 --> 00:13:26.100]  你的眼睛是怎麼開的呢?
[00:13:26.100 --> 00:13:28.260]  其實原來我們生命改變
[00:13:28.260 --> 00:13:30.460]  會引起身邊的人好奇
[00:13:30.460 --> 00:13:31.460]  於是會問你
[00:13:31.460 --> 00:13:32.860]  為什麼搞成這樣?
[00:13:32.860 --> 00:13:34.620]  其實這些不是很
[00:13:34.620 --> 00:13:35.940]  平時是沒有什麼覺得
[00:13:35.940 --> 00:13:37.220]  但譬如你減肥了
[00:13:37.220 --> 00:13:38.620]  別人知道
[00:13:38.620 --> 00:13:39.980]  或者說你剪頭髮
[00:13:39.980 --> 00:13:40.820]  或者變漂亮了
[00:13:40.820 --> 00:13:41.740]  別人知道
[00:13:41.740 --> 00:13:43.420]  整容當然知道
[00:13:43.420 --> 00:13:45.660]  不過這麼誇張是很少的
[00:13:45.660 --> 00:13:47.580]  但你怎麼開眼
[00:13:47.580 --> 00:13:48.980]  他們很好奇
[00:13:48.980 --> 00:13:50.740]  預備又輪到你了
[00:13:50.740 --> 00:13:51.380]  第十一節
[00:13:51.380 --> 00:13:52.820]  他回答說
[00:13:52.820 --> 00:13:55.620]  有一個人叫傑素
[00:13:55.620 --> 00:13:57.980]  他沒有戴過我的眼睛
[00:13:57.980 --> 00:14:02.140]  他用絕美黃西龍眼睛睜開
[00:14:02.140 --> 00:14:05.940]  我他一睜就不見了
[00:14:05.940 --> 00:14:08.300]  有波浪式的
[00:14:08.300 --> 00:14:10.140]  我們讀經有波浪式讀經
[00:14:10.140 --> 00:14:11.020]  非常之好
[00:14:11.020 --> 00:14:13.020]  他就說
[00:14:13.020 --> 00:14:14.900]  有一個人名叫傑素
[00:14:14.900 --> 00:14:17.900]  這裡就當作你研經
[00:14:17.900 --> 00:14:20.020]  第六、第七節
[00:14:20.020 --> 00:14:21.860]  你自己看本聖經
[00:14:21.860 --> 00:14:23.060]  看緊它
[00:14:23.060 --> 00:14:25.700]  第六、第七節和第十一節有什麼不同?
[00:14:25.700 --> 00:14:31.340]  (看第六、第七節)
[00:14:31.340 --> 00:14:32.420]  這麼快就看到
[00:14:32.420 --> 00:14:33.820]  他真厲害
[00:14:33.820 --> 00:14:36.020]  看到了嗎?
[00:14:36.020 --> 00:14:37.340]  你不是很大聲
[00:14:37.340 --> 00:14:39.020]  所以後面的聽不到
[00:14:39.020 --> 00:14:39.820]  看到了嗎?
[00:14:39.820 --> 00:14:40.980]  有什麼不同?
[00:14:40.980 --> 00:14:42.460]  基本上
[00:14:42.460 --> 00:14:44.460]  一個叫客觀的描述
[00:14:44.460 --> 00:14:46.660]  一個是主觀的感覺
[00:14:46.660 --> 00:14:48.140]  即是主公的描述
[00:14:48.140 --> 00:14:49.860]  不是感覺,是描述
[00:14:49.860 --> 00:14:51.740]  兩個描述差一件事
[00:14:51.740 --> 00:14:54.900]  越小的小朋友越快找到分別
[00:14:54.900 --> 00:14:56.900]  因為他們很怕口水
[00:14:56.900 --> 00:14:59.580]  差了什麼?
[00:14:59.580 --> 00:15:02.340]  吐唾沫那一下他不知道
[00:15:02.340 --> 00:15:05.300]  所以後面再講第二次他也不知道
[00:15:05.300 --> 00:15:07.300]  原來他真的不知道
[00:15:07.300 --> 00:15:11.100]  是的,他瞎了就不知道,有什麼奇怪呢?
[00:15:11.100 --> 00:15:12.300]  除非你很大聲
[00:15:12.300 --> 00:15:13.500]  這樣就知道
[00:15:13.500 --> 00:15:15.100]  不是這樣就不知道
[00:15:15.100 --> 00:15:17.900]  感覺和泥是知道的
[00:15:17.900 --> 00:15:19.900]  泥塞在眼睛上,你知不知道?
[00:15:19.900 --> 00:15:22.500]  知道,所以有些知道,有些不知道
[00:15:22.500 --> 00:15:23.900]  所以知道,不知道
[00:15:23.900 --> 00:15:25.900]  你不要以為自己第一身什麼都知道
[00:15:25.900 --> 00:15:27.900]  第一身自己都不知道
[00:15:27.900 --> 00:15:31.900]  有時你覺得我都不知道
[00:15:31.900 --> 00:15:33.500]  不知道就是不知道
[00:15:33.500 --> 00:15:34.500]  不要太聰明
[00:15:34.500 --> 00:15:36.100]  發生在你自己身上
[00:15:36.100 --> 00:15:37.700]  你都可能不知道
[00:15:37.700 --> 00:15:38.900]  但又這樣講回頭
[00:15:38.900 --> 00:15:41.100]  和泥那一下他不知道
[00:15:41.100 --> 00:15:44.900]  但是對於他得到醫治和得到拯救
[00:15:44.900 --> 00:15:48.700]  有沒有幫助?有沒有影響?
[00:15:48.700 --> 00:15:50.500]  有沒有影響?
[00:15:50.500 --> 00:15:52.100]  不知道就不知道
[00:15:52.100 --> 00:15:53.300]  有什麼奇怪呢?
[00:15:53.300 --> 00:15:54.700]  不是每樣都知道
[00:15:54.700 --> 00:15:58.500]  我今天早堂見到一位阿姨
[00:15:58.500 --> 00:16:02.500]  其實她是慕道,有回來一段時間
[00:16:02.500 --> 00:16:06.100]  經常問我很多刁鑽問題
[00:16:06.100 --> 00:16:08.900]  七日創造是否24小時?
[00:16:08.900 --> 00:16:11.100]  阿婆問這些問題,真奇怪
[00:16:11.100 --> 00:16:13.100]  總之,你又不是科學家
[00:16:13.100 --> 00:16:14.500]  我都不懂回答這些問題
[00:16:14.500 --> 00:16:16.300]  我都不知道是否24小時
[00:16:16.300 --> 00:16:18.900]  但她總是說,你回答到我,我相信
[00:16:18.900 --> 00:16:20.300]  這樣不行
[00:16:20.300 --> 00:16:23.100]  我不知道她用來考我還是什麼
[00:16:23.100 --> 00:16:25.300]  但有些事知道,盡量知道
[00:16:25.300 --> 00:16:27.300]  有些事不知道,就是不知道
[00:16:27.300 --> 00:16:28.700]  不一定要全部都知道
[00:16:28.700 --> 00:16:29.500]  這些沒有影響
[00:16:29.500 --> 00:16:30.900]  我舉多一個例子
[00:16:30.900 --> 00:16:32.900]  我小時候回教會
[00:16:32.900 --> 00:16:34.900]  我回教會幾個月
[00:16:34.900 --> 00:16:38.900]  有一次,每個月有聖餐
[00:16:38.900 --> 00:16:40.900]  有一次有人問我
[00:16:40.900 --> 00:16:42.900]  「小子」,他真的這樣說
[00:16:42.900 --> 00:16:44.900]  「小子,你洗禮了?」
[00:16:44.900 --> 00:16:45.900]  我說「還未洗」
[00:16:45.900 --> 00:16:46.900]  「那你為什麼要吃?」
[00:16:46.900 --> 00:16:48.900]  「不能吃的嗎?」
[00:16:48.900 --> 00:16:50.900]  「當然不能吃,還未洗」
[00:16:50.900 --> 00:16:51.900]  「什麼時候變成你吃的?」
[00:16:51.900 --> 00:16:52.900]  「不是你吃的」
[00:16:52.900 --> 00:16:54.900]  真是嚇我一跳
[00:16:54.900 --> 00:16:56.900]  其實我是很體諒的
[00:16:56.900 --> 00:16:57.900]  為什麼呢?
[00:16:57.900 --> 00:17:01.900]  其實教會的牧師每個星期都有說
[00:17:01.900 --> 00:17:03.900]  我們凡是領受成人水禮、堅信禮的
[00:17:03.900 --> 00:17:04.900]  定義之門一同領受
[00:17:04.900 --> 00:17:06.900]  那一段他一向說的
[00:17:06.900 --> 00:17:08.900]  其實我現在也是說那一段
[00:17:08.900 --> 00:17:09.900]  但我不知道為什麼
[00:17:09.900 --> 00:17:11.900]  在他未說我之前
[00:17:11.900 --> 00:17:13.900]  我完全不覺得說過
[00:17:13.900 --> 00:17:15.900]  我真的不覺得他說過什麼
[00:17:15.900 --> 00:17:17.900]  是嗎?不行嗎?
[00:17:17.900 --> 00:17:18.900]  我真的不知道
[00:17:18.900 --> 00:17:19.900]  所以我今天
[00:17:19.900 --> 00:17:22.900]  其實今天八點半一樣有人回來了
[00:17:22.900 --> 00:17:24.900]  十點鐘有一隊人在那裏走過
[00:17:24.900 --> 00:17:25.900]  沒辦法
[00:17:25.900 --> 00:17:26.900]  但我又很體會
[00:17:26.900 --> 00:17:28.900]  我那時候也不知道
[00:17:28.900 --> 00:17:31.900]  他說了我又好像沒聽過
[00:17:31.900 --> 00:17:33.900]  但自從他說了之後
[00:17:33.900 --> 00:17:35.900]  我每次都聽到
[00:17:35.900 --> 00:17:37.900]  他未說之前我又聽不到
[00:17:37.900 --> 00:17:40.900]  但之後那位說了我
[00:17:40.900 --> 00:17:42.900]  我便不吃了
[00:17:42.900 --> 00:17:46.900]  「對我信主得教有沒有影響?」
[00:17:46.900 --> 00:17:48.900]  沒有影響
[00:17:48.900 --> 00:17:50.900]  所以又不用太介懷
[00:17:50.900 --> 00:17:51.900]  你不需要讓他全部都知道
[00:17:51.900 --> 00:17:52.900]  才可以和人見證
[00:17:52.900 --> 00:17:55.900]  我稍後會再教你怎樣見證主
[00:17:55.900 --> 00:17:57.900]  然後他也說了
[00:17:57.900 --> 00:17:58.900]  他不知道
[00:17:58.900 --> 00:18:00.900]  然後他就問了
[00:18:00.900 --> 00:18:05.900]  「他們說哪個人在哪裏?」
[00:18:05.900 --> 00:18:07.900]  「他說」
[00:18:07.900 --> 00:18:09.900]  又是沒有氣勢
[00:18:09.900 --> 00:18:10.900]  來多一次
[00:18:10.900 --> 00:18:11.900]  「哪個人在哪裏?」
[00:18:11.900 --> 00:18:13.900]  「他說」
[00:18:13.900 --> 00:18:14.900]  是的
[00:18:14.900 --> 00:18:15.900]  他不知道
[00:18:15.900 --> 00:18:17.900]  不過又不應該很有氣勢
[00:18:17.900 --> 00:18:19.900]  不知道應該有點害怕
[00:18:19.900 --> 00:18:20.900]  我不知道
[00:18:20.900 --> 00:18:22.900]  不知道通常人們沒那麼大聲
[00:18:22.900 --> 00:18:24.900]  這個不知道
[00:18:24.900 --> 00:18:28.900]  你覺得重要還是不重要?
[00:18:28.900 --> 00:18:31.900]  主耶穌在哪裏他不知道
[00:18:31.900 --> 00:18:33.900]  這個是重要的
[00:18:33.900 --> 00:18:35.900]  因為他只是得著
[00:18:35.900 --> 00:18:36.900]  意志
[00:18:36.900 --> 00:18:37.900]  未得著
[00:18:37.900 --> 00:18:40.900]  舊因
[00:18:40.900 --> 00:18:42.900]  他未認識主是誰
[00:18:42.900 --> 00:18:43.900]  稍後我會再找他
[00:18:43.900 --> 00:18:46.900]  他現在對主的認識很基本
[00:18:46.900 --> 00:18:48.900]  在此我還想多說一件事
[00:18:48.900 --> 00:18:50.900]  很多人跟我說
[00:18:50.900 --> 00:18:52.900]  他去教會是可以的
[00:18:52.900 --> 00:18:55.900]  他去拜神也可以
[00:18:55.900 --> 00:18:57.900]  因為每個宗教都導人向善
[00:18:57.900 --> 00:18:58.900]  不是的
[00:18:58.900 --> 00:18:59.900]  不可以的
[00:18:59.900 --> 00:19:00.900]  他聽了
[00:19:00.900 --> 00:19:01.900]  他不接受
[00:19:01.900 --> 00:19:02.900]  不相信
[00:19:02.900 --> 00:19:03.900]  他自己的抉擇
[00:19:03.900 --> 00:19:04.900]  他未聽過
[00:19:04.900 --> 00:19:05.900]  這樣不可以
[00:19:05.900 --> 00:19:06.900]  我希望他聽過
[00:19:06.900 --> 00:19:07.900]  他自己作出抉擇
[00:19:07.900 --> 00:19:08.900]  可以嗎?
[00:19:08.900 --> 00:19:09.900]  有些事情他不知道
[00:19:09.900 --> 00:19:10.900]  是不可以的
[00:19:10.900 --> 00:19:12.900]  我希望他起碼要知道
[00:19:12.900 --> 00:19:13.900]  可以嗎?
[00:19:13.900 --> 00:19:15.900]  我們在社區裏傳福音
[00:19:15.900 --> 00:19:16.900]  起碼要讓我們輪捨
[00:19:16.900 --> 00:19:17.900]  知道這裏是教會
[00:19:17.900 --> 00:19:18.900]  知道這裏有福音廳
[00:19:18.900 --> 00:19:20.900]  知道耶穌基督的舊因
[00:19:20.900 --> 00:19:21.900]  可以嗎?
[00:19:21.900 --> 00:19:23.900]  我們要做的工作
[00:19:23.900 --> 00:19:25.900]  起碼要讓他們知道
[00:19:25.900 --> 00:19:26.900]  耶穌在那裏
[00:19:26.900 --> 00:19:28.900]  耶穌的作為
[00:19:28.900 --> 00:19:29.900]  我們繼續看下去
[00:19:29.900 --> 00:19:31.900]  「他們把從前黑眼靈
[00:19:31.900 --> 00:19:33.900]  帶到法利塞人那裏
[00:19:33.900 --> 00:19:35.900]  耶穌和離開他眼睛的日子
[00:19:35.900 --> 00:19:36.900]  是安息日
[00:19:36.900 --> 00:19:37.900]  法利塞人也問他
[00:19:37.900 --> 00:19:39.900]  是怎麼能看見的?」
[00:19:39.900 --> 00:19:42.900]  其實原來他捉了他去問
[00:19:42.900 --> 00:19:45.900]  為什麼安息日會治好呢?
[00:19:45.900 --> 00:19:49.900]  「克子對他們說
[00:19:49.900 --> 00:19:52.900]  法利塞人的眼睛上
[00:19:52.900 --> 00:19:55.900]  過去一世就安息了」
[00:19:55.900 --> 00:19:57.900]  仍然有波浪式
[00:19:57.900 --> 00:19:58.900]  不要緊
[00:19:58.900 --> 00:20:01.900]  這跟前面的完全是一樣的
[00:20:01.900 --> 00:20:03.900]  這次是他第二次說的
[00:20:03.900 --> 00:20:04.900]  是嗎?
[00:20:04.900 --> 00:20:05.900]  前面說了一次
[00:20:05.900 --> 00:20:06.900]  這次是第二次說
[00:20:06.900 --> 00:20:07.900]  有少許不同
[00:20:07.900 --> 00:20:08.900]  不過我想說
[00:20:08.900 --> 00:20:09.900]  原來一件事
[00:20:09.900 --> 00:20:11.900]  原來我們不斷述說
[00:20:11.900 --> 00:20:13.900]  耶穌在我們身上的作為
[00:20:13.900 --> 00:20:15.900]  會有一個作用
[00:20:15.900 --> 00:20:16.900]  那個作用是什麼呢?
[00:20:16.900 --> 00:20:19.900]  幫助我們越來越認識主耶穌
[00:20:19.900 --> 00:20:21.900]  我一會兒再看下去
[00:20:21.900 --> 00:20:22.900]  我們知道
[00:20:22.900 --> 00:20:24.900]  你其實不是說一次兩次
[00:20:24.900 --> 00:20:25.900]  見賊人都說一下都可以
[00:20:25.900 --> 00:20:27.900]  耶穌在我們身上的作為
[00:20:27.900 --> 00:20:28.900]  「法利塞人中有人說
[00:20:28.900 --> 00:20:30.900]  這個人不是從神而來
[00:20:30.900 --> 00:20:33.900]  還是因為他不受安息而有人說
[00:20:33.900 --> 00:20:35.900]  一個罪人怎麼能行這樣的神蹟呢?
[00:20:35.900 --> 00:20:37.900]  於是他們就起了紛爭
[00:20:37.900 --> 00:20:38.900]  他們又對克子說
[00:20:38.900 --> 00:20:40.900]  他既然開了你的眼睛
[00:20:40.900 --> 00:20:44.900]  你說他是怎樣的人呢?
[00:20:44.900 --> 00:20:46.900]  他說
[00:20:46.900 --> 00:20:48.900]  看不看得到?
[00:20:48.900 --> 00:20:50.900]  原來他說第二次之後
[00:20:50.900 --> 00:20:51.900]  他想著想著
[00:20:51.900 --> 00:20:53.900]  耶穌在他心目中
[00:20:53.900 --> 00:20:57.900]  他認識是升了兩個等級
[00:20:57.900 --> 00:20:59.900]  兩個這麼多?
[00:20:59.900 --> 00:21:01.900]  哪兩個呢?
[00:21:01.900 --> 00:21:03.900]  開頭他知道耶穌是什麼?
[00:21:03.900 --> 00:21:06.900]  是有一個人
[00:21:06.900 --> 00:21:10.900]  其他人覺得耶穌是拉比
[00:21:10.900 --> 00:21:12.900]  現在他知道耶穌
[00:21:12.900 --> 00:21:15.900]  試過才升了兩個等級
[00:21:15.900 --> 00:21:16.900]  可不可以?
[00:21:16.900 --> 00:21:17.900]  但是還不夠
[00:21:17.900 --> 00:21:19.900]  我一會兒再看下去
[00:21:19.900 --> 00:21:22.900]  猶太人不信他從前是黑眼的
[00:21:22.900 --> 00:21:23.900]  後來能看見
[00:21:23.900 --> 00:21:25.900]  等他叫父母來
[00:21:25.900 --> 00:21:26.900]  問他們說
[00:21:26.900 --> 00:21:27.900]  你們的兒子
[00:21:27.900 --> 00:21:29.900]  這是你們的兒子嗎?
[00:21:29.900 --> 00:21:31.900]  他們說
[00:21:31.900 --> 00:21:33.900]  你們說他生來是黑眼的
[00:21:33.900 --> 00:21:35.900]  如今怎麼能看見呢?
[00:21:35.900 --> 00:21:37.900]  他父母回答說
[00:21:37.900 --> 00:21:38.900]  他是我的兒子
[00:21:38.900 --> 00:21:39.900]  生來黑眼
[00:21:39.900 --> 00:21:40.900]  這是我們知道的
[00:21:40.900 --> 00:21:42.900]  至於他如今怎麼能看見
[00:21:42.900 --> 00:21:44.900]  我們卻不知道
[00:21:44.900 --> 00:21:45.900]  是誰開了他的眼睛
[00:21:45.900 --> 00:21:47.900]  我們也不知道
[00:21:47.900 --> 00:21:49.900]  他已經是成了人
[00:21:49.900 --> 00:21:51.900]  你們問他吧
[00:21:51.900 --> 00:21:52.900]  他自己必能說
[00:21:52.900 --> 00:21:54.900]  原來父母有時也會
[00:21:54.900 --> 00:21:55.900]  有些縮骨的
[00:21:55.900 --> 00:21:56.900]  卸膊的
[00:21:56.900 --> 00:21:58.900]  不過我覺得我不說下去了
[00:21:58.900 --> 00:22:00.900]  因為香港的母親很少
[00:22:00.900 --> 00:22:01.900]  香港的母親過度了就有
[00:22:01.900 --> 00:22:03.900]  很少卸膊
[00:22:03.900 --> 00:22:04.900]  他父母說
[00:22:04.900 --> 00:22:05.900]  他們怕猶太人
[00:22:05.900 --> 00:22:07.900]  因為猶太人已經商議了
[00:22:07.900 --> 00:22:09.900]  若有人認耶穌是基督
[00:22:09.900 --> 00:22:11.900]  他們會趕出會堂
[00:22:11.900 --> 00:22:12.900]  他們怕了猶太人
[00:22:12.900 --> 00:22:14.900]  趕他們出會堂
[00:22:14.900 --> 00:22:15.900]  因此他父母說
[00:22:15.900 --> 00:22:16.900]  他已經成了人
[00:22:16.900 --> 00:22:18.900]  你們問他吧
[00:22:18.900 --> 00:22:19.900]  所以法理出人
[00:22:19.900 --> 00:22:21.900]  第二次叫那充切黑眼的人來
[00:22:21.900 --> 00:22:22.900]  對他說
[00:22:22.900 --> 00:22:25.900]  你該將榮耀歸給神
[00:22:25.900 --> 00:22:26.900]  我們知道
[00:22:26.900 --> 00:22:28.900]  這個人是個罪人
[00:22:28.900 --> 00:22:30.900]  他說
[00:22:40.900 --> 00:22:41.900]  好了
[00:22:41.900 --> 00:22:42.900]  起碼你要學了
[00:22:42.900 --> 00:22:43.900]  今天重要
[00:22:43.900 --> 00:22:44.900]  剛才我說過了
[00:22:44.900 --> 00:22:45.900]  你知不知
[00:22:45.900 --> 00:22:46.900]  但起碼可以見證
[00:22:46.900 --> 00:22:47.900]  就是什麼呢
[00:22:47.900 --> 00:22:48.900]  這個 Sentence Structure
[00:22:48.900 --> 00:22:49.900]  學了它
[00:22:49.900 --> 00:22:51.900]  從前
[00:22:51.900 --> 00:22:53.900]  如今
[00:22:53.900 --> 00:22:54.900]  所有人都告訴你
[00:22:54.900 --> 00:22:56.900]  從前你是一個怎樣的人
[00:22:56.900 --> 00:22:57.900]  如今
[00:22:57.900 --> 00:22:58.900]  神怎樣改變你
[00:22:58.900 --> 00:22:59.900]  每個人都說到
[00:22:59.900 --> 00:23:01.900]  上兩個星期
[00:23:01.900 --> 00:23:02.900]  我們請楊牧師來說
[00:23:02.900 --> 00:23:03.900]  那些很誇張
[00:23:03.900 --> 00:23:05.900]  從前是黑社會
[00:23:05.900 --> 00:23:07.900]  不過他三個八就入會了
[00:23:07.900 --> 00:23:08.900]  如今
[00:23:08.900 --> 00:23:09.900]  做監獄部的工作
[00:23:09.900 --> 00:23:10.900]  四十多五十年
[00:23:10.900 --> 00:23:11.900]  神使用
[00:23:11.900 --> 00:23:12.900]  還拿了很多Credit
[00:23:12.900 --> 00:23:14.900]  神使用他幾十年
[00:23:14.900 --> 00:23:15.900]  從前
[00:23:15.900 --> 00:23:16.900]  如今
[00:23:16.900 --> 00:23:17.900]  從前
[00:23:17.900 --> 00:23:18.900]  牧師其實是一個
[00:23:18.900 --> 00:23:19.900]  沒什麼自信心
[00:23:19.900 --> 00:23:20.900]  經常都怕死的人
[00:23:20.900 --> 00:23:22.900]  看他現在像不像
[00:23:22.900 --> 00:23:23.900]  都像
[00:23:23.900 --> 00:23:24.900]  但不要緊
[00:23:24.900 --> 00:23:25.900]  神都改變我
[00:23:25.900 --> 00:23:27.900]  雖然沒什麼自信心
[00:23:27.900 --> 00:23:28.900]  怕怕的
[00:23:28.900 --> 00:23:29.900]  但我都是
[00:23:29.900 --> 00:23:30.900]  頂頂到
[00:23:30.900 --> 00:23:31.900]  走到今時今日
[00:23:31.900 --> 00:23:32.900]  都未死
[00:23:32.900 --> 00:23:33.900]  所以
[00:23:33.900 --> 00:23:34.900]  是不是神很大恩典在我身上
[00:23:34.900 --> 00:23:35.900]  所以
[00:23:35.900 --> 00:23:36.900]  從前
[00:23:36.900 --> 00:23:37.900]  如今
[00:23:37.900 --> 00:23:39.900]  記住這個Sentence Structure
[00:23:39.900 --> 00:23:41.900]  是人都說給你身邊的朋友聽
[00:23:41.900 --> 00:23:43.900]  我們的論社聽
[00:23:43.900 --> 00:23:44.900]  讓他們都知道
[00:23:44.900 --> 00:23:45.900]  生命
[00:23:45.900 --> 00:23:46.900]  我們的生命得逐改變
[00:23:46.900 --> 00:23:47.900]  他們就問他
[00:23:47.900 --> 00:23:48.900]  說
[00:23:48.900 --> 00:23:50.900]  他向你作什麼
[00:23:50.900 --> 00:23:52.900]  是怎麼開了你的眼睛呢
[00:23:52.900 --> 00:23:53.900]  他回答
[00:23:53.900 --> 00:23:54.900]  說
[00:23:54.900 --> 00:24:04.900]  你感不感受到
[00:24:04.900 --> 00:24:06.900]  核子的自信心
[00:24:06.900 --> 00:24:08.900]  嘭一聲出來
[00:24:08.900 --> 00:24:09.900]  剛才說你又不聽
[00:24:09.900 --> 00:24:10.900]  現在又問
[00:24:10.900 --> 00:24:11.900]  是不是你又想做個悶徒
[00:24:11.900 --> 00:24:12.900]  其實很多人
[00:24:12.900 --> 00:24:13.900]  在我們生命當中
[00:24:13.900 --> 00:24:14.900]  都是經常
[00:24:14.900 --> 00:24:15.900]  不打算聽答案
[00:24:15.900 --> 00:24:16.900]  他只是問問題
[00:24:16.900 --> 00:24:17.900]  他期望你
[00:24:17.900 --> 00:24:19.900]  回答他期望的答案
[00:24:19.900 --> 00:24:20.900]  你回答不到的話
[00:24:20.900 --> 00:24:21.900]  他會反覆再問你幾次
[00:24:21.900 --> 00:24:23.900]  通常是老闆身上發生的
[00:24:23.900 --> 00:24:24.900]  他想你回答他
[00:24:24.900 --> 00:24:25.900]  我想回答的
[00:24:25.900 --> 00:24:26.900]  問來問去都是那些
[00:24:26.900 --> 00:24:27.900]  我們小心提防
[00:24:27.900 --> 00:24:29.900]  我們基督徒有時都是
[00:24:29.900 --> 00:24:30.900]  我
[00:24:30.900 --> 00:24:31.900]  起碼我傳福音時
[00:24:31.900 --> 00:24:33.900]  我問他的Q1、Q2
[00:24:33.900 --> 00:24:35.900]  我都希望他回答那些
[00:24:35.900 --> 00:24:36.900]  我自己是罪人
[00:24:36.900 --> 00:24:37.900]  他不回答
[00:24:37.900 --> 00:24:38.900]  我又反覆再問
[00:24:38.900 --> 00:24:39.900]  希望他終於答到
[00:24:39.900 --> 00:24:40.900]  然後我下一題
[00:24:40.900 --> 00:24:41.900]  小心提防
[00:24:41.900 --> 00:24:43.900]  留心聽別人的說話
[00:24:43.900 --> 00:24:44.900]  但是呢
[00:24:44.900 --> 00:24:45.900]  這裡重點
[00:24:45.900 --> 00:24:46.900]  我們繼續
[00:24:46.900 --> 00:24:47.900]  我們繼續說下去
[00:24:47.900 --> 00:24:48.900]  他們就罵他
[00:24:48.900 --> 00:24:49.900]  說
[00:24:49.900 --> 00:24:50.900]  你是他的門徒
[00:24:50.900 --> 00:24:51.900]  我們是摩西門徒
[00:24:51.900 --> 00:24:52.900]  神對摩西說的話
[00:24:52.900 --> 00:24:53.900]  我們知道
[00:24:53.900 --> 00:24:54.900]  只是這個人
[00:24:54.900 --> 00:24:55.900]  我們不知道他從哪裡來
[00:24:55.900 --> 00:24:57.900]  第30章
[00:24:57.900 --> 00:24:59.900]  那人回答說
[00:25:05.900 --> 00:25:07.900]  這真是奇怪
[00:25:07.900 --> 00:25:10.900]  我們知道神不聽罪人
[00:25:10.900 --> 00:25:12.900]  唯有敬徒神
[00:25:12.900 --> 00:25:14.900]  進行他使力
[00:25:14.900 --> 00:25:16.900]  神在聽他
[00:25:16.900 --> 00:25:17.900]  從創世以來
[00:25:17.900 --> 00:25:19.900]  未必曾經見過人
[00:25:19.900 --> 00:25:21.900]  神來使臣子
[00:25:21.900 --> 00:25:23.900]  的彈性開了
[00:25:23.900 --> 00:25:25.900]  這人若不是從神來的
[00:25:25.900 --> 00:25:28.900]  神開也不能鎖
[00:25:28.900 --> 00:25:30.900]  你覺不覺得他現在很合理
[00:25:30.900 --> 00:25:31.900]  很聰明
[00:25:31.900 --> 00:25:33.900]  雖然還是知道一點不知道一點
[00:25:33.900 --> 00:25:34.900]  但是他起碼
[00:25:34.900 --> 00:25:35.900]  有邏輯
[00:25:35.900 --> 00:25:36.900]  一直與人對答
[00:25:36.900 --> 00:25:37.900]  原來我們與人傳福音
[00:25:37.900 --> 00:25:39.900]  與人講神的作為的時候
[00:25:39.900 --> 00:25:40.900]  我們一直在整理
[00:25:40.900 --> 00:25:42.900]  在兼顧我們
[00:25:42.900 --> 00:25:43.900]  屬靈的生命
[00:25:43.900 --> 00:25:44.900]  理性的生命
[00:25:44.900 --> 00:25:46.900]  都在當中得到建立
[00:25:46.900 --> 00:25:48.900]  雖然他回答得這麼好
[00:25:48.900 --> 00:25:50.900]  但是不代表一定有好的結果
[00:25:50.900 --> 00:25:52.900]  結果非常差
[00:25:52.900 --> 00:25:54.900]  那些猶太人回答說
[00:25:54.900 --> 00:25:55.900]  第34節說
[00:25:55.900 --> 00:25:56.900]  你全年生在罪孽中
[00:25:56.900 --> 00:25:58.900]  還要教訓我們嗎?
[00:25:58.900 --> 00:25:59.900]  這叫老修成奴
[00:25:59.900 --> 00:26:01.900]  於是把他趕出會堂
[00:26:01.900 --> 00:26:02.900]  趕出去了
[00:26:02.900 --> 00:26:03.900]  35節
[00:26:03.900 --> 00:26:05.900]  耶穌聽說他們把他趕出去
[00:26:05.900 --> 00:26:07.900]  後來遇見他
[00:26:07.900 --> 00:26:09.900]  然後耶穌撞見他
[00:26:09.900 --> 00:26:11.900]  就會再遇見他
[00:26:11.900 --> 00:26:12.900]  有一件事
[00:26:12.900 --> 00:26:13.900]  又要問你
[00:26:13.900 --> 00:26:14.900]  你可以再想想
[00:26:14.900 --> 00:26:15.900]  究竟這裡遇見呢?
[00:26:15.900 --> 00:26:17.900]  耶穌是知道他被人趕出去
[00:26:17.900 --> 00:26:18.900]  聽說
[00:26:18.900 --> 00:26:19.900]  現在再遇見
[00:26:19.900 --> 00:26:22.900]  究竟那是隨機的遇見?
[00:26:22.900 --> 00:26:24.900]  即是撞中遇見
[00:26:24.900 --> 00:26:28.900]  還是耶穌刻意地要遇見他?
[00:26:28.900 --> 00:26:29.900]  我也相信是
[00:26:29.900 --> 00:26:31.900]  因為又是
[00:26:31.900 --> 00:26:34.900]  畢氏大詞和西羅亞詞
[00:26:34.900 --> 00:26:37.900]  耶穌也有一段獨特的對話
[00:26:37.900 --> 00:26:39.900]  很特別地要跟他說
[00:26:39.900 --> 00:26:41.900]  是針對性的
[00:26:41.900 --> 00:26:43.900]  如果我們隨機遇見一個人
[00:26:43.900 --> 00:26:45.900]  通常我隨機遇見一個人
[00:26:45.900 --> 00:26:47.900]  吃過飯了嗎?
[00:26:47.900 --> 00:26:48.900]  下次喝茶
[00:26:48.900 --> 00:26:50.900]  然後永遠都不會喝到茶
[00:26:50.900 --> 00:26:54.900]  其實這個也常常在我身上
[00:26:54.900 --> 00:26:55.900]  我有時候是有感動的
[00:26:55.900 --> 00:26:56.900]  聖靈感動我
[00:26:56.900 --> 00:26:57.900]  我想起某個人
[00:26:57.900 --> 00:27:00.900]  那段時間好像很久沒有見到他
[00:27:00.900 --> 00:27:01.900]  好像他失業了
[00:27:01.900 --> 00:27:02.900]  不知他怎樣
[00:27:02.900 --> 00:27:05.900]  我通常會在太古城中心遇見
[00:27:05.900 --> 00:27:06.900]  我見到他
[00:27:06.900 --> 00:27:07.900]  馬上說
[00:27:07.900 --> 00:27:08.900]  上次說找不到工作
[00:27:08.900 --> 00:27:09.900]  現在情況如何?
[00:27:09.900 --> 00:27:12.900]  即是馬上說到他的需要
[00:27:12.900 --> 00:27:13.900]  為他祈禱
[00:27:13.900 --> 00:27:15.900]  耶穌知道他的需要
[00:27:15.900 --> 00:27:16.900]  就問他
[00:27:16.900 --> 00:27:18.900]  「你信神的兒子嗎?」
[00:27:18.900 --> 00:27:21.900]  他回答說
[00:27:21.900 --> 00:27:27.900]  原來他真的不知道
[00:27:27.900 --> 00:27:29.900]  他最多只是以為他是先知
[00:27:29.900 --> 00:27:31.900]  原來他不知道耶穌是神的兒子
[00:27:31.900 --> 00:27:32.900]  這樣得救了嗎?
[00:27:32.900 --> 00:27:34.900]  還未得救
[00:27:34.900 --> 00:27:35.900]  耶穌說「你已經看見他」
[00:27:35.900 --> 00:27:38.900]  「現在和你說話的就是他」
[00:27:38.900 --> 00:27:41.900]  這叫「畫公仔畫到出腸」
[00:27:41.900 --> 00:27:42.900]  然後他說
[00:27:42.900 --> 00:27:48.900]  原來他就拜耶穌
[00:27:48.900 --> 00:27:49.900]  我們說到這裡
[00:27:49.900 --> 00:27:50.900]  我們感謝神的恩典
[00:27:50.900 --> 00:27:51.900]  原來天父和主耶穌
[00:27:51.900 --> 00:27:53.900]  從來都沒有放棄任何一個
[00:27:53.900 --> 00:27:55.900]  要尋求祂的人
[00:27:55.900 --> 00:27:56.900]  主耶穌親自找
[00:27:56.900 --> 00:27:57.900]  不過親自找
[00:27:57.900 --> 00:28:00.900]  不代表每個人都作出正面的回應
[00:28:00.900 --> 00:28:02.900]  但是主找到他
[00:28:02.900 --> 00:28:03.900]  讓他知道
[00:28:03.900 --> 00:28:06.900]  「我就是神的兒子」
[00:28:06.900 --> 00:28:08.900]  讓他得著救恩
[00:28:08.900 --> 00:28:09.900]  親愛的天父
[00:28:09.900 --> 00:28:10.900]  求祢幫助我們
[00:28:10.900 --> 00:28:12.900]  我們感謝祢的恩典
[00:28:12.900 --> 00:28:14.900]  叫我們可以見證祢
[00:28:14.900 --> 00:28:19.900]  在我們身上奇妙的作為
[00:28:19.900 --> 00:28:21.900]  幫我們
[00:28:21.900 --> 00:28:23.900]  給我們信心和勇氣
[00:28:23.900 --> 00:28:25.900]  向這個社區
[00:28:25.900 --> 00:28:27.900]  向我們所認識的人
[00:28:27.900 --> 00:28:30.900]  去宣告祢奇妙的作為在我們身上
[00:28:30.900 --> 00:28:32.900]  願主祢閲立我們
[00:28:32.900 --> 00:28:33.900]  閲立我們每一個
[00:28:33.900 --> 00:28:35.900]  我們一起同行
[00:28:35.900 --> 00:28:37.900]  一起見證祢
[00:28:37.900 --> 00:28:39.900]  願榮耀歸給祢
[00:28:39.900 --> 00:28:41.900]  奉耶穌命求
[00:28:41.900 --> 00:28:42.900]  Amen
