
[00:00:00.000 --> 00:00:02.720]   Well, hey everyone, and welcome to The Porch.
[00:00:02.720 --> 00:00:06.120]   We're going to be diving into the question that's been on everyone's mind.
[00:00:06.120 --> 00:00:09.320]   Why in the world are women so hard to understand?
[00:00:09.320 --> 00:00:13.040]   I think what you meant to say was, "Why in the world are men so confusing?"
[00:00:13.040 --> 00:00:17.080]   Okay, so it seems like both genders may have some difficulty understanding each other.
[00:00:17.080 --> 00:00:20.200]   Which is why each week, we're spotlighting a different side of the room
[00:00:20.200 --> 00:00:24.840]   to dig into issues we face within our own gender while growing an understanding for the opposite sex.
[00:00:24.840 --> 00:00:27.560]   One night, we're putting the guys under the microscope.
[00:00:27.560 --> 00:00:29.160]   The next night is for the girls.
[00:00:29.160 --> 00:00:31.400]   But don't worry, everybody's invited every night.
[00:00:31.400 --> 00:00:32.920]   Because here's the thing we've figured out.
[00:00:32.920 --> 00:00:35.480]   We're not actually short on opinions about men and women.
[00:00:35.480 --> 00:00:36.400]   He's saying this.
[00:00:36.400 --> 00:00:37.400]   She's saying that.
[00:00:37.400 --> 00:00:40.200]   But what does God have to say about all of it?
[00:00:40.200 --> 00:00:42.520]   Welcome to the debate that culture can't settle.
[00:00:42.520 --> 00:00:44.280]   Welcome to what's actually true.
[00:00:44.280 --> 00:00:44.880]   About him.
[00:00:44.880 --> 00:00:45.880]   And about her.
[00:00:45.880 --> 00:00:48.880]   Welcome to your favorite Tuesday night series.
[00:00:48.880 --> 00:00:50.800]   She Said. She Said.
[00:00:50.800 --> 00:00:57.240]   Alright, well Porch, how are we doing tonight?
[00:00:57.240 --> 00:00:58.920]   We doing okay?
[00:00:58.920 --> 00:01:00.840]   It's great to be with you.
[00:01:00.840 --> 00:01:03.560]   Man, I have loved this summer.
[00:01:03.560 --> 00:01:05.400]   Living through Porch 20.
[00:01:05.400 --> 00:01:11.200]   But man, I am so excited for this series and the next 20 that are still ahead of us.
[00:01:11.200 --> 00:01:14.000]   I am so glad that you are here in this room.
[00:01:14.000 --> 00:01:18.000]   If you are new to the space for the very first time, let me be, I hope just one,
[00:01:18.000 --> 00:01:19.800]   but not the first to welcome you here.
[00:01:19.800 --> 00:01:23.120]   We're so glad that you would give up your Tuesday to be here.
[00:01:23.120 --> 00:01:26.680]   And then to all of our Porch Life family all across the country, we love you guys.
[00:01:26.680 --> 00:01:28.440]   We're so thankful for what God is doing.
[00:01:28.440 --> 00:01:29.920]   Not just in here, but out there.
[00:01:29.920 --> 00:01:32.240]   And the fact that you would tune in too.
[00:01:32.240 --> 00:01:34.160]   Some of you, you're watching this right now.
[00:01:34.160 --> 00:01:36.280]   Others of you, you're watching this in the future.
[00:01:36.280 --> 00:01:43.200]   But all together, we are so thankful that you would be a part of what God is doing in the lives of young adults.
[00:01:43.200 --> 00:01:47.920]   Special shout out to three very important Porch Life locations.
[00:01:47.920 --> 00:01:49.920]   Porch Life Midland.
[00:01:49.920 --> 00:01:51.960]   Anybody from Midland in the house?
[00:01:51.960 --> 00:01:53.360]   Porch Life Greater Lafayette.
[00:01:53.360 --> 00:01:55.320]   Anybody from Greater Lafayette and Dallas?
[00:01:55.320 --> 00:01:57.200]   Okay, we got a little bit of love for you guys.
[00:01:57.200 --> 00:02:00.640]   And then Porch Life Springfield.
[00:02:00.640 --> 00:02:11.960]   Well, hey, just a couple of years ago, my wife and I, we stood on this stage and we announced something very important to our family.
[00:02:11.960 --> 00:02:13.320]   Well, we're back.
[00:02:13.320 --> 00:02:23.320]   Roll the video.
[00:02:23.320 --> 00:02:25.280]   That's right, everybody.
[00:02:25.280 --> 00:02:32.440]   Coming in just a few months, we are expecting a little girl.
[00:02:32.440 --> 00:02:34.880]   Yes, yes, yes.
[00:02:34.880 --> 00:02:36.120]   That was my reaction.
[00:02:36.120 --> 00:02:37.600]   You saw Cash's reaction.
[00:02:37.600 --> 00:02:42.040]   He has no idea what is in store, nor do I.
[00:02:42.040 --> 00:02:48.000]   It only took me walking into Hill House once to realize I have no clue what is actually ahead of me.
[00:02:48.000 --> 00:02:50.840]   I am completely out of my depth.
[00:02:50.840 --> 00:03:00.320]   And yet, while we've been processing the news of having a little girl, and I've been wrestling with God about becoming a girl dad.
[00:03:00.320 --> 00:03:04.120]   How crazy is that?
[00:03:04.120 --> 00:03:11.800]   I have been spending a lot of time, yes, reading and researching and listening and trying to catch up with what's happening in the lives of ladies.
[00:03:11.800 --> 00:03:23.280]   But more than that, I've just been talking to God and I've been contemplating everything that I want my daughter to believe is true about her.
[00:03:23.280 --> 00:03:30.600]   Like, I want her to grow up believing that she's valuable, like before she ever accomplishes anything, she is valuable.
[00:03:30.600 --> 00:03:33.360]   I want her to grow up knowing that she's important.
[00:03:33.360 --> 00:03:34.800]   Like, it doesn't matter how popular she is.
[00:03:34.800 --> 00:03:36.400]   It doesn't matter how pretty she is.
[00:03:36.400 --> 00:03:37.400]   It doesn't matter how cool she is.
[00:03:37.400 --> 00:03:43.800]   It doesn't matter what comparison culture tries to serve up to her and tell her how she needs to catch up and match her peers.
[00:03:43.800 --> 00:03:48.080]   I want to know she's important and I want her to know that she's worthy of respect.
[00:03:48.080 --> 00:03:53.080]   Like, that she is by God dignified from birth.
[00:03:53.080 --> 00:03:56.160]   That it doesn't matter what some boy has to say about her.
[00:03:56.160 --> 00:03:58.280]   It doesn't matter what some boss has to say about her.
[00:03:58.280 --> 00:04:01.280]   It does not matter what somebody might say to her in the future.
[00:04:01.280 --> 00:04:09.480]   It is undeniably true that she is valuable, worthy of pursuing.
[00:04:09.480 --> 00:04:18.280]   And as I've thought about her, I've thought about my boy, my son Cash, and I've just been considering the things that I want him to believe are true of himself as well.
[00:04:18.280 --> 00:04:24.480]   Like, I want him to grow up believing his masculinity is not something that he needs to apologize for.
[00:04:24.480 --> 00:04:28.480]   It is something that he can appreciate which God has given him.
[00:04:28.480 --> 00:04:34.480]   I want him to grow up and know that he is exactly who God intended him to be.
[00:04:34.480 --> 00:04:40.480]   Like, under the hood of his heart and all the hardwiring that God has put together, he does not need to feel insecure.
[00:04:40.480 --> 00:04:44.480]   He does not need to be loud and performative to match up with the world.
[00:04:44.480 --> 00:04:50.480]   And he does not need to feel like he needs to make up for some deficiency that the world is telling him he has.
[00:04:50.480 --> 00:04:53.480]   And I want him to know that he has what it takes.
[00:04:53.480 --> 00:05:00.480]   Like, he can lead when others can't, he can serve when others won't, and he can do what others haven't.
[00:05:00.480 --> 00:05:05.480]   I want my son to know what it means to be a man.
[00:05:05.480 --> 00:05:10.480]   And I want my daughter to know what it means to be a woman.
[00:05:10.480 --> 00:05:14.480]   And I want the same thing for every one of you.
[00:05:14.480 --> 00:05:21.480]   Because as I've been praying about my children, God has not only brought them to mind, he's brought you to mind.
[00:05:21.480 --> 00:05:23.480]   It's funny.
[00:05:23.480 --> 00:05:27.480]   I don't share that announcement just to get a rise out of the crowd.
[00:05:27.480 --> 00:05:30.480]   I share it because this is what you do with family.
[00:05:30.480 --> 00:05:32.480]   Like, you celebrate really good news.
[00:05:32.480 --> 00:05:36.480]   And the porch is an extension of mine and Brooke's family.
[00:05:36.480 --> 00:05:38.480]   And so we wanted to bring that to you.
[00:05:38.480 --> 00:05:42.480]   And yet, as we've been praying about our family, I have been thinking about you.
[00:05:42.480 --> 00:05:49.480]   And I want so desperately for you to understand what it is to be a man and what it is to be a woman.
[00:05:49.480 --> 00:05:54.480]   Like, for the guys in the room, I want you to know that your masculinity is not a problem that needs to be fixed.
[00:05:54.480 --> 00:05:57.480]   It is something to be understood and embraced.
[00:05:57.480 --> 00:06:04.480]   And for the women in the room, I want you to know that your femininity, it is not amounts of meeting beauty standards and finding a man
[00:06:04.480 --> 00:06:10.480]   or becoming a girl boss who doesn't need to find a man, but embracing your God-given dignity and distinctions.
[00:06:10.480 --> 00:06:12.480]   That's what I want us to know.
[00:06:12.480 --> 00:06:21.480]   I want you to know that despite what modern culture and woke politicians and TikTok influencers or the manosphere or the femmosphere might have to say,
[00:06:21.480 --> 00:06:28.480]   which, if you're paying attention, is about as erratic as confetti in a tornado, your manhood and womanhood matter.
[00:06:28.480 --> 00:06:33.480]   It matters to you. It matters to your family. It matters to our society.
[00:06:33.480 --> 00:06:36.480]   It matters to our city. It matters to our world.
[00:06:36.480 --> 00:06:39.480]   But most of all, it matters to God.
[00:06:39.480 --> 00:06:43.480]   The question is, who gets to decide what a man or a woman is?
[00:06:43.480 --> 00:06:45.480]   Like, for the guys.
[00:06:45.480 --> 00:06:54.480]   Is it Andrew Tate? Is it Dan Bilzerian? Is it David Goggins or Joe Rogan or Mr. Rogers or Uncle Phil?
[00:06:54.480 --> 00:07:01.480]   For the ladies in the room, like, is it Beyonce? Is it Kylie Jenner? Is it Alex Earl? Is it Alex Cooper?
[00:07:01.480 --> 00:07:05.480]   Is it Martha Stewart? Is it Beth Dutton? Or is it Emily Gilmore?
[00:07:05.480 --> 00:07:12.480]   The fact of the matter is, our society does not have a good definition of what a man or a woman is,
[00:07:12.480 --> 00:07:15.480]   as the aforementioned lists entail.
[00:07:15.480 --> 00:07:20.480]   There are a lot of opinions out there, and a lot of these opinions are not, in fact, good.
[00:07:20.480 --> 00:07:28.480]   Like, for example, some people are saying that men and women are the exact same.
[00:07:28.480 --> 00:07:32.480]   That all you have to do is just swap jerseys if you want to.
[00:07:32.480 --> 00:07:35.480]   That you can pick whatever team you want to play on, whatever you want to play on.
[00:07:35.480 --> 00:07:39.480]   But here's the problem with that, and I want to be gracious in saying this.
[00:07:39.480 --> 00:07:41.480]   The problem with it is reality.
[00:07:41.480 --> 00:07:46.480]   Like, we can just simply read from Genesis 1, verse 27, that God created man,
[00:07:46.480 --> 00:07:48.480]   talking about mankind in his own image.
[00:07:48.480 --> 00:07:53.480]   In the image of God, he created him, male and female.
[00:07:53.480 --> 00:07:55.480]   He created them.
[00:07:55.480 --> 00:08:00.480]   You see, God wants it to be very clear that we're different from one another.
[00:08:00.480 --> 00:08:06.480]   Men are males, and women are females, which is why gender is not assigned at birth.
[00:08:06.480 --> 00:08:09.480]   Gender is recognized at birth.
[00:08:09.480 --> 00:08:12.480]   Your mind doesn't get to tell you what your body is.
[00:08:12.480 --> 00:08:17.480]   Your body actually is a sign from God what, in fact, your mind should say.
[00:08:17.480 --> 00:08:23.480]   It is recognized by way of your biology in at least four different ways what your specific gender is.
[00:08:23.480 --> 00:08:26.480]   It is recognized through your gender code.
[00:08:26.480 --> 00:08:28.480]   Men have a Y chromosome.
[00:08:28.480 --> 00:08:30.480]   Women have two X chromosomes.
[00:08:30.480 --> 00:08:32.480]   It is recognized through your genitalia.
[00:08:32.480 --> 00:08:33.480]   Men have penises.
[00:08:33.480 --> 00:08:34.480]   Women have vaginas.
[00:08:34.480 --> 00:08:37.480]   Yes, in fact, we are going there.
[00:08:37.480 --> 00:08:39.480]   It is recognized through your hormone chemistry.
[00:08:39.480 --> 00:08:40.480]   Men have testosterone.
[00:08:40.480 --> 00:08:42.480]   Women have estrogen.
[00:08:42.480 --> 00:08:45.480]   It is recognized through your brain development.
[00:08:45.480 --> 00:08:50.480]   So even if Facebook wants to give you years ago, I think it was '72, I think they have reduced it to '50,
[00:08:50.480 --> 00:08:56.480]   but now there's a custom fill-in feature for you to identify your gender however it is you want to identify.
[00:08:56.480 --> 00:09:00.480]   And God is very clear that gender is binary.
[00:09:00.480 --> 00:09:02.480]   It's male and it's female.
[00:09:02.480 --> 00:09:07.480]   Now, let me just be really clear on something.
[00:09:07.480 --> 00:09:11.480]   I can say all of this so simply.
[00:09:11.480 --> 00:09:17.480]   And so many of you, you're ready to receive it quickly because it matches up with your understanding of the world.
[00:09:17.480 --> 00:09:26.480]   And yet there are people in this room, when a space is this large and a crowd is this big, that this is anything but simple to understand.
[00:09:26.480 --> 00:09:28.480]   And so I just -- I want to speak to you.
[00:09:28.480 --> 00:09:38.480]   If that's your story, your experience in the room, if you find yourself wrestling with gender confusion, if you feel trapped in your body,
[00:09:38.480 --> 00:09:48.480]   I just want you to know you're so welcome here, and you do not have to believe to belong in this space.
[00:09:48.480 --> 00:09:50.480]   We would love to get to know you.
[00:09:50.480 --> 00:09:51.480]   We would love to hear your story.
[00:09:51.480 --> 00:09:53.480]   It would be our joy to journey with you.
[00:09:53.480 --> 00:09:57.480]   And all you have to do is just come up and say hello.
[00:09:57.480 --> 00:10:05.480]   But I also want you to know, if that's you, that your dysphoria, it doesn't get to tell you who you are.
[00:10:05.480 --> 00:10:08.480]   God wants to tell you who you are.
[00:10:08.480 --> 00:10:12.480]   And the beauty of it is, is that God, he's not asking you to come up and meet him where he's at.
[00:10:12.480 --> 00:10:17.480]   He actually has come down to the person of Jesus to meet you where you are.
[00:10:17.480 --> 00:10:25.480]   In his heart, it beats with compassion towards the helpless and the harassed, which we all were once a part of.
[00:10:25.480 --> 00:10:27.480]   And it beats for you here tonight.
[00:10:27.480 --> 00:10:28.480]   You need only come to him.
[00:10:28.480 --> 00:10:30.480]   That's what one group of people is saying.
[00:10:30.480 --> 00:10:40.480]   They're saying that traditional masculinity is a mistake, that we don't need men to act like men because, well, that can become toxic.
[00:10:40.480 --> 00:10:42.480]   Here's the thing.
[00:10:42.480 --> 00:10:51.480]   It's just as toxic to neuter a man of God when he has a God-given design and he has been asked to become something that he is not.
[00:10:51.480 --> 00:11:00.480]   That's why young men today, they're experiencing higher levels of anxiety and purposelessness and loneliness than at any other point in human history.
[00:11:00.480 --> 00:11:02.480]   You see, I need you to lean in on this.
[00:11:02.480 --> 00:11:04.480]   We do not need to suppress masculinity.
[00:11:04.480 --> 00:11:07.480]   We need to sanctify it.
[00:11:07.480 --> 00:11:09.480]   And that's what Christ wants to do.
[00:11:09.480 --> 00:11:14.480]   He wants to sanctify your manhood, men.
[00:11:14.480 --> 00:11:21.480]   And then for women, the popular concept of our culture is that you don't need no man because who run the world?
[00:11:21.480 --> 00:11:22.480]   Exactly.
[00:11:22.480 --> 00:11:26.480]   Just this week, I was reading a feminist article.
[00:11:26.480 --> 00:11:30.480]   Now, admittedly, it was a radical feminist article.
[00:11:30.480 --> 00:11:44.480]   And yet as I was reading it, the idea that the author was presenting was this concept that the male population has become redundant, that women can do everything that men can do.
[00:11:44.480 --> 00:11:46.480]   They can fulfill every role that men can.
[00:11:46.480 --> 00:11:49.480]   And in addition to that, they can have children.
[00:11:49.480 --> 00:11:51.480]   Now, I want to be very clear.
[00:11:51.480 --> 00:11:55.480]   I am in no way speaking to the capabilities of women in this moment.
[00:11:55.480 --> 00:11:58.480]   I believe that women are wildly capable for so much.
[00:11:58.480 --> 00:12:01.480]   My wife is a boss.
[00:12:01.480 --> 00:12:03.480]   Like she is a leader in business.
[00:12:03.480 --> 00:12:05.480]   She is a manager of people.
[00:12:05.480 --> 00:12:13.480]   And she has literally built companies, ideas, campaigns, strategies that have literally moved the needle at a cultural level.
[00:12:13.480 --> 00:12:16.480]   She is altogether amazing.
[00:12:16.480 --> 00:12:21.480]   And she is one example of what is true of so many women in this room.
[00:12:21.480 --> 00:12:28.480]   And yet what I know to be true of my wife, what she would say is that she nonetheless needs me.
[00:12:28.480 --> 00:12:29.480]   Why does she need me?
[00:12:29.480 --> 00:12:36.480]   Because no single person, single gender can rightly image God without the other.
[00:12:36.480 --> 00:12:38.480]   Men need women.
[00:12:38.480 --> 00:12:45.480]   And then she would also say that she knows she cannot fulfill the mandate given her by God to fill the earth and subdue it.
[00:12:45.480 --> 00:12:52.480]   Because despite what that author is saying, and no matter how much inventory you have in the sperm bank,
[00:12:52.480 --> 00:12:55.480]   at some point, God is going to need to show back up and make their contribution.
[00:12:55.480 --> 00:12:56.480]   You know?
[00:12:56.480 --> 00:13:02.480]   Men and women are required to do all that God has desired.
[00:13:02.480 --> 00:13:07.480]   And so if you're here and you're thinking along the same lines of this camp,
[00:13:07.480 --> 00:13:17.480]   I just want you to know that you're given so much access to womanhood in and of your own God-given right.
[00:13:17.480 --> 00:13:21.480]   And yet it is through the presence of men that even more realms of womanhood are made available.
[00:13:21.480 --> 00:13:27.480]   As you consider becoming a wife, you consider being a mother, you consider being a grandmother.
[00:13:27.480 --> 00:13:28.480]   Men need women.
[00:13:28.480 --> 00:13:29.480]   Women need men.
[00:13:29.480 --> 00:13:30.480]   I could go on.
[00:13:30.480 --> 00:13:32.480]   I could give you more examples.
[00:13:32.480 --> 00:13:35.480]   But we need to get into the text.
[00:13:35.480 --> 00:13:37.480]   My point is very simple.
[00:13:37.480 --> 00:13:41.480]   In a world where the conversation around manhood and womanhood feels a lot like he said/she said,
[00:13:41.480 --> 00:13:45.480]   we need to consider what has God said?
[00:13:45.480 --> 00:13:49.480]   What has he said is the purpose of being a man?
[00:13:49.480 --> 00:13:51.480]   What is the purpose of being a woman?
[00:13:51.480 --> 00:13:56.480]   We need to consider what are the problems in becoming a man and what are the problems in becoming a woman?
[00:13:56.480 --> 00:14:01.480]   We need to actually consider what is the path to becoming a true man of God?
[00:14:01.480 --> 00:14:04.480]   What is the path to becoming a true woman of God?
[00:14:04.480 --> 00:14:06.480]   And that's what we're going to do over the course of this series.
[00:14:06.480 --> 00:14:10.480]   Over six weeks' time, we are going to answer these three questions.
[00:14:10.480 --> 00:14:17.480]   And if that math ain't mathing for you, the way we're going to do it is every week we're going to focus on one gender.
[00:14:17.480 --> 00:14:19.480]   And so it's guys tonight.
[00:14:19.480 --> 00:14:21.480]   Ladies, you're invited.
[00:14:21.480 --> 00:14:23.480]   And it's girls next week.
[00:14:23.480 --> 00:14:25.480]   And then it's guys the week after that.
[00:14:25.480 --> 00:14:27.480]   And it's girls the week after that.
[00:14:27.480 --> 00:14:36.480]   All the way until we have answered what is the purpose, what are the problems, and what is the path towards manhood and womanhood?
[00:14:36.480 --> 00:14:38.480]   And this is intentional.
[00:14:38.480 --> 00:14:43.480]   Like it isn't just because I want to give the boys a look behind the female curtain.
[00:14:43.480 --> 00:14:49.480]   Like it's not that I'm trying to give us space to really evaluate things that we should not know.
[00:14:49.480 --> 00:14:56.480]   Instead, there is stuff here that will deeply serve the other if in fact we are informed.
[00:14:56.480 --> 00:15:02.480]   You see, we live in a culture that has convinced us that for one gender to win, the other gender must lose.
[00:15:02.480 --> 00:15:05.480]   And yet that's not God's design at all.
[00:15:05.480 --> 00:15:12.480]   Like men do not win whenever women are subjugated and suppressed and silenced.
[00:15:12.480 --> 00:15:15.480]   That's not a victory for a man.
[00:15:15.480 --> 00:15:21.480]   And women don't win whenever men are weak and soft and insecure.
[00:15:21.480 --> 00:15:23.480]   That's no victory for women.
[00:15:23.480 --> 00:15:28.480]   What we know is that we need each other to be at our best.
[00:15:28.480 --> 00:15:33.480]   Which is why you're in the room even when it's not your week.
[00:15:33.480 --> 00:15:35.480]   So tonight it's guys night, but ladies you're invited.
[00:15:35.480 --> 00:15:38.480]   Next week it's girls night, but the boys are going to be there.
[00:15:38.480 --> 00:15:44.480]   And the reason for it is threefold.
[00:15:44.480 --> 00:15:47.480]   And this is so intentional.
[00:15:47.480 --> 00:15:53.480]   It's because number one, we need to learn to empathize with one another.
[00:15:53.480 --> 00:15:57.480]   Instead of casting blame, we need to show support.
[00:15:57.480 --> 00:16:02.480]   Instead of acknowledging the deficiencies in the opposite sex,
[00:16:02.480 --> 00:16:10.480]   we should try and really understand their context and do what we can to come alongside.
[00:16:10.480 --> 00:16:13.480]   The second reason is we want to expect of them.
[00:16:13.480 --> 00:16:22.480]   Ladies, I want you to build great expectations from the word of God for the men in this room.
[00:16:22.480 --> 00:16:24.480]   Because I've said this before.
[00:16:24.480 --> 00:16:32.480]   Ladies, you single-handedly hold the power to so many men's maturation
[00:16:32.480 --> 00:16:37.480]   if you will only raise your expectations for them.
[00:16:37.480 --> 00:16:43.480]   You will look at them and you will tell them where they're being a boy instead of being a man.
[00:16:43.480 --> 00:16:47.480]   And when you do so, what's going to happen is wildly perplexing.
[00:16:47.480 --> 00:16:50.480]   And for the likes of those on looking incredibly fascinating,
[00:16:50.480 --> 00:16:53.480]   you're going to see them lay awake at night.
[00:16:53.480 --> 00:16:56.480]   You're going to watch them put out resumes on LinkedIn.
[00:16:56.480 --> 00:17:00.480]   You're going to actually see them get some guys around them and make war against their sin.
[00:17:00.480 --> 00:17:03.480]   And you're going to see them shave that old nasty neard of theirs.
[00:17:03.480 --> 00:17:06.480]   They just keep growing that no one has looked at them and told them they need to get rid of
[00:17:06.480 --> 00:17:09.480]   because hygiene is important.
[00:17:09.480 --> 00:17:11.480]   It's important that you're here.
[00:17:11.480 --> 00:17:17.480]   All of us, we need to be able to empathize, expect, and encourage appropriately of one another.
[00:17:17.480 --> 00:17:19.480]   And courage is the last one.
[00:17:19.480 --> 00:17:22.480]   And the reason why I say that is because of this.
[00:17:22.480 --> 00:17:27.480]   It means a lot when a man wants to be a man.
[00:17:27.480 --> 00:17:31.480]   It means a whole lot more when a woman wants him to be a man.
[00:17:31.480 --> 00:17:39.480]   Like when my wife looks at me and she asks me for my coat, you think that annoys me?
[00:17:39.480 --> 00:17:40.480]   No.
[00:17:40.480 --> 00:17:42.480]   That honors me.
[00:17:42.480 --> 00:17:43.480]   Like I get to be a man.
[00:17:43.480 --> 00:17:46.480]   Like she looks better in it anyways, and so I'm, like, glad to give her my coat
[00:17:46.480 --> 00:17:52.480]   and step into my role as a man for her good.
[00:17:52.480 --> 00:17:56.480]   You see, lying at the heart of every man is the question, do I have what it takes?
[00:17:56.480 --> 00:18:03.480]   And, ladies, when you encourage him to be a man, you're professing your belief that he can do it.
[00:18:03.480 --> 00:18:08.480]   And, ladies, likewise, like I have no doubt there are many women in here that want to be women,
[00:18:08.480 --> 00:18:14.480]   but how much more encouraging is it to you when men treat you like women?
[00:18:14.480 --> 00:18:20.480]   When they look at you and they actually validate the question that lies at the center of your heart,
[00:18:20.480 --> 00:18:23.480]   which is, am I worthy of pursuing and protecting?
[00:18:23.480 --> 00:18:29.480]   And so when he actually takes initiative, when he makes the call, when he walks across the room,
[00:18:29.480 --> 00:18:34.480]   when he chooses to hold open the door, whatever he does, whatever it is you want,
[00:18:34.480 --> 00:18:41.480]   those things validate that you're worthy, that you're valuable, that you're --
[00:18:41.480 --> 00:18:45.480]   you are sufficient to seek after.
[00:18:45.480 --> 00:18:49.480]   And so, men, it will serve our ladies.
[00:18:49.480 --> 00:18:57.480]   It will encourage them if not just in relationship, if in friendship you validate the fact that they have dignity.
[00:18:57.480 --> 00:19:00.480]   They're worthy of listening to.
[00:19:00.480 --> 00:19:03.480]   They're worthy of spending time with.
[00:19:03.480 --> 00:19:08.480]   They're worthy of asking the opinion of, et cetera, et cetera.
[00:19:08.480 --> 00:19:11.480]   Now, with all that said, I've got 20 minutes.
[00:19:11.480 --> 00:19:14.480]   We've got to go.
[00:19:14.480 --> 00:19:16.480]   Where do we start?
[00:19:16.480 --> 00:19:19.480]   Like I've already said that we're going to talk about the purpose of men.
[00:19:19.480 --> 00:19:22.480]   So where in the text do we begin?
[00:19:22.480 --> 00:19:25.480]   Well, I think the most appropriate place is for us just to start wherever it is that God starts.
[00:19:25.480 --> 00:19:28.480]   I reckon that feels like a really fitting place.
[00:19:28.480 --> 00:19:33.480]   So if you have a Bible, you can turn to page 2, Genesis chapter 2,
[00:19:33.480 --> 00:19:38.480]   because God does not waste any time to get into this at the very beginning of the book.
[00:19:38.480 --> 00:19:42.480]   While you're turning there, I mentioned it already, but tonight we're looking at God's purpose for men.
[00:19:42.480 --> 00:19:46.480]   Now, typically when the question of men's purpose comes up,
[00:19:46.480 --> 00:19:51.480]   most people jump into a conversation about the roles which men should fill,
[00:19:51.480 --> 00:19:55.480]   which isn't a bad place to begin, and it's actually a very normal place for us to consider,
[00:19:55.480 --> 00:19:58.480]   because if I were to come up to you and ask you, "Hey, who are you?"
[00:19:58.480 --> 00:20:01.480]   you would look at me and you would respond with some list of roles.
[00:20:01.480 --> 00:20:06.480]   You would tell me that you're an accountant, a teacher, a chiropractor, a nurse practitioner, an attorney.
[00:20:06.480 --> 00:20:10.480]   You would tell me what you do, because that tells me a lot about who you are.
[00:20:10.480 --> 00:20:14.480]   And yet, though that's not a bad place to begin, that's not the best place to begin,
[00:20:14.480 --> 00:20:17.480]   because while we can evaluate men on the basis of function,
[00:20:17.480 --> 00:20:23.480]   things like he's a father and he's a husband and he's an elder and he's a brother,
[00:20:23.480 --> 00:20:30.480]   the best place is not to consider function, it is to consider the essence of a man.
[00:20:30.480 --> 00:20:36.480]   Like before any man stepped into a role, what was true of that man?
[00:20:36.480 --> 00:20:42.480]   And by and large, I know it's not true across the entirety of this room, or everyone listening online,
[00:20:42.480 --> 00:20:47.480]   but what I know is that most people who track with the porch are single.
[00:20:47.480 --> 00:20:52.480]   And this is great, because we're going to catch up with Adam in his single years.
[00:20:52.480 --> 00:20:58.480]   And so without further ado, let's get into this thing.
[00:20:58.480 --> 00:21:07.480]   Genesis 2, verses 5 through 7, what we're going to see is it's not the role, it's the responsibility of Adam,
[00:21:07.480 --> 00:21:11.480]   and that's the responsibility of men that tell you what your purpose is.
[00:21:11.480 --> 00:21:15.480]   It says this, "When no bush of the field," verse 5, "was yet in the land,
[00:21:15.480 --> 00:21:21.480]   and no small plant of the field had yet sprung up, for the Lord God had not caused it to rain on the land,
[00:21:21.480 --> 00:21:24.480]   there was no man to work the ground, and a mist was going up from the land,
[00:21:24.480 --> 00:21:30.480]   it was water in the whole face of the ground." You get the picture. This is early, early, early creation days.
[00:21:30.480 --> 00:21:36.480]   "The Lord God formed the man of the dust from the ground, and he breathed into his nostrils the breath of life,
[00:21:36.480 --> 00:21:39.480]   and the man became a living creature."
[00:21:39.480 --> 00:21:44.480]   We're going to keep reading, but I just think this is too important to not take a moment to actually read,
[00:21:44.480 --> 00:21:47.480]   because this sets the prerequisite to becoming a man.
[00:21:47.480 --> 00:21:55.480]   If you don't get this, you get nothing, because what makes you a man is not the fact that you are a male.
[00:21:55.480 --> 00:22:01.480]   Like my son, he's 20 months old. He is a boy of the male population.
[00:22:01.480 --> 00:22:07.480]   He's not a man. He might eat like a man, but he is not a man yet.
[00:22:07.480 --> 00:22:11.480]   And what makes him a man is not the fact that maybe one day he's going to lift heavy weights,
[00:22:11.480 --> 00:22:16.480]   and he's going to work on cars, and he's going to drink beer and grill steaks and hunt game and play football,
[00:22:16.480 --> 00:22:18.480]   even though that's all a dad could really hope.
[00:22:18.480 --> 00:22:26.480]   What will make him a man is not his activity in life. It is his responsibility to God.
[00:22:26.480 --> 00:22:34.480]   And so what we're going to see here is before Adam even becomes a man, something is necessarily true to him.
[00:22:34.480 --> 00:22:41.480]   And it's this, that God's Holy Spirit indwells him.
[00:22:41.480 --> 00:22:46.480]   Because what God has done here is he has taken a man, and he has formed him from the ground,
[00:22:46.480 --> 00:22:50.480]   and sitting before him, as my friend Jobe Martin describes, is a shell of a man.
[00:22:50.480 --> 00:22:55.480]   He looks like a man on the outside, but he does not live like a man on the inside.
[00:22:55.480 --> 00:23:00.480]   Not until he comes face to face with his maker, and his maker breathes into his life.
[00:23:00.480 --> 00:23:07.480]   And it is as God breathes his spirit into Adam that he becomes a living being.
[00:23:07.480 --> 00:23:13.480]   He becomes a real boy. No, he becomes a man.
[00:23:13.480 --> 00:23:18.480]   You see, the reason I say this now is because there are guys all across this room in this place tonight
[00:23:18.480 --> 00:23:22.480]   that look like a man on the outside, but they do not live like a man on the inside.
[00:23:22.480 --> 00:23:27.480]   And that's because they have not met the God-man, which is Jesus Christ.
[00:23:27.480 --> 00:23:35.480]   You must meet him, God who became man, before you can ever become a man.
[00:23:35.480 --> 00:23:40.480]   And I don't care how much money you make. I don't care if you make Forbes 30 under 30.
[00:23:40.480 --> 00:23:43.480]   I don't care how much sex you have, if you're beating women off with a stick.
[00:23:43.480 --> 00:23:48.480]   I don't care how much strength you exhibit, if you're more fit than Chris Bumstead himself.
[00:23:48.480 --> 00:23:50.480]   And I don't care how successful you are.
[00:23:50.480 --> 00:23:56.480]   If you walk into a room like this, and everybody knows who you are, none of those things make you a man.
[00:23:56.480 --> 00:24:01.480]   Don't believe me? Just try them. Give them a shot. See how well they work out.
[00:24:01.480 --> 00:24:09.480]   They will not dignify you the way that God, through Christ, in sending his spirit, can actually dignify you.
[00:24:09.480 --> 00:24:15.480]   Brothers, I am leaning into this because so many of you, you're going to hear all of the stuff I'm going to say,
[00:24:15.480 --> 00:24:21.480]   and you're going to just start jumping into it and applying it, and it's going to be fruitless.
[00:24:21.480 --> 00:24:25.480]   It's not going to work. It's not going to fill you up.
[00:24:25.480 --> 00:24:29.480]   In fact, it's going to frustrate you because you're going to be doing something out of your strength,
[00:24:29.480 --> 00:24:32.480]   when in reality, you should be doing it out of his spirit.
[00:24:32.480 --> 00:24:39.480]   So you need to know what makes a man.
[00:24:39.480 --> 00:24:42.480]   It is not what you fill your life with that makes you a man.
[00:24:42.480 --> 00:24:47.480]   It is what God fills you with that makes you a man.
[00:24:47.480 --> 00:24:51.480]   And brothers, he wants to fill you with his Holy Spirit tonight if you don't have it.
[00:24:51.480 --> 00:24:53.480]   Let's keep reading. Verse 8.
[00:24:53.480 --> 00:25:02.480]   "And the Lord God planted a garden in Eden, in the east, and there he put the man whom he had formed.
[00:25:02.480 --> 00:25:07.480]   And out of the ground the Lord made spring up every tree that is pleasant to sight and good for food.
[00:25:07.480 --> 00:25:10.480]   The tree of life was in the midst of the garden, and the tree of the knowledge of good and evil."
[00:25:10.480 --> 00:25:15.480]   And he goes on later to say that, hey, you can eat of any tree but one.
[00:25:15.480 --> 00:25:19.480]   Now, before we jump down to verse 15, I just think that this is important because, again,
[00:25:19.480 --> 00:25:22.480]   I think it's going to meet some of you fellows in the room, and it's going to sit you in this text,
[00:25:22.480 --> 00:25:29.480]   because the truth of the matter is God has taken Adam out from the wild,
[00:25:29.480 --> 00:25:36.480]   and he has transplanted him into the garden, just as he has taken you out of the wild,
[00:25:36.480 --> 00:25:39.480]   where you are frustrated, and you are unfulfilled, and you are anxious.
[00:25:39.480 --> 00:25:46.480]   And he has moved you into his presence, the garden, where you might actually meet him face to face.
[00:25:46.480 --> 00:25:52.480]   And as that interaction takes place, all of the purpose you've been searching for will be found.
[00:25:52.480 --> 00:25:57.480]   You thought you were just coming to the porch. You came to get some purpose tonight.
[00:25:57.480 --> 00:26:04.480]   It says in verse 15, "The Lord God took the man, and he put him in the garden of Eden to work it and keep it.
[00:26:04.480 --> 00:26:08.480]   And the Lord God commanded the man, saying, 'Hey, you may surely eat of every tree of the garden,
[00:26:08.480 --> 00:26:10.480]   but of the tree of the knowledge of good and evil you shall not eat.
[00:26:10.480 --> 00:26:13.480]   For in the day that you eat of it, you shall surely die.'"
[00:26:13.480 --> 00:26:23.480]   One last thing you need to know if you want to know what the purpose of men is, is we work for good.
[00:26:23.480 --> 00:26:25.480]   We work for good.
[00:26:25.480 --> 00:26:29.480]   That's what it means in Hebrew when it says that God put the man in the garden to work it.
[00:26:29.480 --> 00:26:32.480]   Men were created with an orientation towards work,
[00:26:32.480 --> 00:26:36.480]   which means you might hate your job, but you should love your work,
[00:26:36.480 --> 00:26:38.480]   because men are meant to provide.
[00:26:38.480 --> 00:26:47.480]   Here's the thing, as I say that men are meant to provide, our minds more than likely immediately rush to this idea
[00:26:47.480 --> 00:26:52.480]   that a man's job is to provide food for his family and a roof over their head,
[00:26:52.480 --> 00:26:56.480]   and he's supposed to pay for beach trips and travel, and he's got to cover the shopping budget,
[00:26:56.480 --> 00:26:59.480]   and he's got to make sure that the kids can play club sports.
[00:26:59.480 --> 00:27:01.480]   But the thought here is so much bigger.
[00:27:01.480 --> 00:27:06.480]   You see, this isn't just the call on the life of a husband and a father to provide.
[00:27:06.480 --> 00:27:10.480]   As I said, Adam is single in this moment.
[00:27:10.480 --> 00:27:15.480]   So he's not just meant to materially provide for his family.
[00:27:15.480 --> 00:27:20.480]   He is meant to culturally provide for flourishing,
[00:27:20.480 --> 00:27:25.480]   that in every space he walks into and in every space you walk into,
[00:27:25.480 --> 00:27:27.480]   it doesn't matter who you are visiting with.
[00:27:27.480 --> 00:27:29.480]   It doesn't matter if you're pulling up to your office space,
[00:27:29.480 --> 00:27:34.480]   if you're visiting with friends down the street in the neighborhood,
[00:27:34.480 --> 00:27:36.480]   if you're showing up to the pool on a Saturday,
[00:27:36.480 --> 00:27:40.480]   if you're choosing to make a phone call to someone that lives across the country.
[00:27:40.480 --> 00:27:42.480]   I don't know what space you're entering into,
[00:27:42.480 --> 00:27:46.480]   but whatever space you're entering into, you're supposed to produce flourishing in that space.
[00:27:46.480 --> 00:27:50.480]   You're supposed to treat it the same way that I treat my grass.
[00:27:50.480 --> 00:27:55.480]   I cut my yard every week, and I care a lot about my grass.
[00:27:55.480 --> 00:28:00.480]   I just want it to be like a fluffy green pillow-top mattress.
[00:28:00.480 --> 00:28:08.480]   And as I cut my yard, I consider carefully what must I do to make it grow.
[00:28:08.480 --> 00:28:10.480]   Do I need to fertilize it in a specific season?
[00:28:10.480 --> 00:28:13.480]   Do I need to water it at a specific time of day?
[00:28:13.480 --> 00:28:15.480]   Right now I'm noticing the fact that the heat has been so extreme
[00:28:15.480 --> 00:28:19.480]   that my grass is actually retreating instead of encroaching to the curb
[00:28:19.480 --> 00:28:21.480]   because the soil has dried up.
[00:28:21.480 --> 00:28:24.480]   That's how focused I am on that flourishing.
[00:28:24.480 --> 00:28:31.480]   Men, you should be likewise focused on the flourishing within whatever space you walk into
[00:28:31.480 --> 00:28:36.480]   because if God is the creator of all things, then man is the cultivator of all things.
[00:28:36.480 --> 00:28:40.480]   And contrary to popular belief, that work does not start when you have a family.
[00:28:40.480 --> 00:28:43.480]   It starts before you ever have a family.
[00:28:43.480 --> 00:28:48.480]   And, fellas, let me just say, if you're not doing it before a family comes into the picture,
[00:28:48.480 --> 00:28:54.480]   no girl in her right mind should picture a family with you.
[00:28:54.480 --> 00:28:56.480]   Why?
[00:28:56.480 --> 00:28:59.480]   Because Paul writes to Timothy, and he says this.
[00:28:59.480 --> 00:29:02.480]   He says, "But if anyone does not provide for his relatives
[00:29:02.480 --> 00:29:04.480]   and especially for members of his household,
[00:29:04.480 --> 00:29:08.480]   he has denied the faith and is worse than an unbeliever."
[00:29:08.480 --> 00:29:14.480]   You see, according to Paul, who through the Holy Spirit has been inspired,
[00:29:14.480 --> 00:29:18.480]   we learn the truth that a lazy man is a faithless man,
[00:29:18.480 --> 00:29:21.480]   and no woman wants to marry a faithless man.
[00:29:21.480 --> 00:29:24.480]   So can I just level with you?
[00:29:24.480 --> 00:29:30.480]   And I'm going to say it straight because, men, we need to hear it straight.
[00:29:30.480 --> 00:29:34.480]   If you do not have a job, you need to get one.
[00:29:34.480 --> 00:29:39.480]   If you do not have a career path, you need to set your trajectory.
[00:29:39.480 --> 00:29:44.480]   If you are working remotely, you need to get honest,
[00:29:44.480 --> 00:29:51.480]   if that's about cultivating Christ's kingdom or cultivating your comfort.
[00:29:51.480 --> 00:29:57.480]   And if you're living at home and you're not saving to pay off debt,
[00:29:57.480 --> 00:30:03.480]   it's time to move out because men have been called to engage the world.
[00:30:03.480 --> 00:30:06.480]   We have been meant to run into it, not retreat from it.
[00:30:06.480 --> 00:30:11.480]   So I just want to ask you, which way are you running?
[00:30:11.480 --> 00:30:16.480]   Are you running towards what's hard but right,
[00:30:16.480 --> 00:30:20.480]   like foregoing your hobbies and your leisure,
[00:30:20.480 --> 00:30:25.480]   sacrificing even at great cost to yourself in order to cultivate God's good world,
[00:30:25.480 --> 00:30:31.480]   or are you running towards what's easy and wrong?
[00:30:31.480 --> 00:30:37.480]   The reason I ask you that is because Christ has shown us what a man is meant to do
[00:30:37.480 --> 00:30:43.480]   in that he ran towards what was hard but what was right.
[00:30:43.480 --> 00:30:46.480]   He did not delay. He moved with great haste.
[00:30:46.480 --> 00:30:54.480]   He came to get to the very people from whom God had sent him to reach.
[00:30:54.480 --> 00:30:57.480]   Now, I need to say this.
[00:30:57.480 --> 00:31:01.480]   It is important that we understand at the opposite end of the spectrum
[00:31:01.480 --> 00:31:05.480]   can be hardworking men who are not faithful either.
[00:31:05.480 --> 00:31:10.480]   I know plenty of wives that have hardworking husbands
[00:31:10.480 --> 00:31:14.480]   who are more married to their jobs than they are their spouse.
[00:31:14.480 --> 00:31:16.480]   I know plenty of girls who have absentee fathers
[00:31:16.480 --> 00:31:18.480]   that have filled the void with idiot boyfriends,
[00:31:18.480 --> 00:31:22.480]   and I know plenty of young sons that have no man to show them
[00:31:22.480 --> 00:31:26.480]   what it means to be a man.
[00:31:26.480 --> 00:31:29.480]   Hardworking does not equal faithful.
[00:31:29.480 --> 00:31:33.480]   Cultivation equals faithful.
[00:31:33.480 --> 00:31:36.480]   You see, cultivators, they don't just work to make a check.
[00:31:36.480 --> 00:31:38.480]   They work to make a difference.
[00:31:38.480 --> 00:31:41.480]   So are you making a difference in the spaces in which you walk?
[00:31:41.480 --> 00:31:43.480]   Because that's what Jesus did.
[00:31:43.480 --> 00:31:45.480]   There was not a person he met. There was not a situation he engaged.
[00:31:45.480 --> 00:31:47.480]   There was not a town to which he traveled
[00:31:47.480 --> 00:31:51.480]   where great good did not flow forth from his time there.
[00:31:51.480 --> 00:31:54.480]   He made a difference in every place and with all the people that he met
[00:31:54.480 --> 00:31:58.480]   because he was the apex cultivator.
[00:31:58.480 --> 00:32:00.480]   That's what you're called to be.
[00:32:00.480 --> 00:32:04.480]   Don't just learn it from the text.
[00:32:04.480 --> 00:32:07.480]   Look to his life.
[00:32:07.480 --> 00:32:09.480]   In him, you'll find a good example to follow.
[00:32:09.480 --> 00:32:11.480]   The second purpose of men is seen in verse 15 too.
[00:32:11.480 --> 00:32:14.480]   It tells us that he was put in the garden to work it,
[00:32:14.480 --> 00:32:17.480]   but he was also put in the garden to keep it.
[00:32:17.480 --> 00:32:18.480]   It's fascinating.
[00:32:18.480 --> 00:32:22.480]   This is where the idea of both provision and protection comes from
[00:32:22.480 --> 00:32:28.480]   because men are called to secondarily fight to protect.
[00:32:28.480 --> 00:32:31.480]   That's your purpose.
[00:32:31.480 --> 00:32:33.480]   You're meant to fight to protect.
[00:32:33.480 --> 00:32:36.480]   Now, this doesn't mean that you need to start taking Brazilian jiu-jitsu,
[00:32:36.480 --> 00:32:38.480]   though that certainly wouldn't hurt,
[00:32:38.480 --> 00:32:40.480]   but it does mean that God has a very specific reason
[00:32:40.480 --> 00:32:43.480]   for which he has designed men to be physically stronger than women.
[00:32:43.480 --> 00:32:44.480]   Listen to me.
[00:32:44.480 --> 00:32:48.480]   I know there are some ladies in here and online that can really move some weight.
[00:32:48.480 --> 00:32:54.480]   I work out at EOS up on 15th and Plano, and I watch women just put boys to shame,
[00:32:54.480 --> 00:32:57.480]   open shame when they just like load another plate on the bar,
[00:32:57.480 --> 00:32:59.480]   and you see those guys tuck tail and run.
[00:32:59.480 --> 00:33:06.480]   I have no doubt that there are plenty of ladies here who are physically strong,
[00:33:06.480 --> 00:33:09.480]   and yet by and large, you're the exception and not the rule
[00:33:09.480 --> 00:33:13.480]   because what we know is that God has made men physically stronger.
[00:33:13.480 --> 00:33:15.480]   Like they can physically build more muscle.
[00:33:15.480 --> 00:33:17.480]   We can hormonally carry more aggression,
[00:33:17.480 --> 00:33:20.480]   and we can psychologically predispose to action instead of emotion.
[00:33:20.480 --> 00:33:23.480]   This is why he doesn't listen to your problems
[00:33:23.480 --> 00:33:28.480]   because he doesn't think with his heart.
[00:33:28.480 --> 00:33:32.480]   He thinks with his hands, and so you start to describe to him what's wrong,
[00:33:32.480 --> 00:33:37.480]   and he starts to think about what he can do, and it's neurological.
[00:33:37.480 --> 00:33:38.480]   Now, listen to me.
[00:33:38.480 --> 00:33:39.480]   It's not his fault.
[00:33:39.480 --> 00:33:40.480]   It is his problem.
[00:33:40.480 --> 00:33:41.480]   He needs to grow.
[00:33:41.480 --> 00:33:45.480]   He needs to learn to listen with his face and consider what you're feeling,
[00:33:45.480 --> 00:33:49.480]   but the truth of the matter is this is part of just being a man.
[00:33:49.480 --> 00:33:52.480]   It's also why men have broader shoulders than women.
[00:33:52.480 --> 00:33:54.480]   If I were to take a random group of ladies,
[00:33:54.480 --> 00:33:57.480]   and I were to take a random group of men,
[00:33:57.480 --> 00:34:01.480]   and I were to try to fit as many of them into an elevator as possible,
[00:34:01.480 --> 00:34:04.480]   my money would be that I can get more ladies in the elevator than I can the men,
[00:34:04.480 --> 00:34:07.480]   and the reason why is because if you look at a lady and you tell her,
[00:34:07.480 --> 00:34:08.480]   "Have you lost weight?"
[00:34:08.480 --> 00:34:10.480]   That's a compliment, but if you look at me and you ask me if I've lost weight,
[00:34:10.480 --> 00:34:11.480]   that's an insult.
[00:34:11.480 --> 00:34:14.480]   Men want to be large.
[00:34:14.480 --> 00:34:16.480]   Women want to be broad.
[00:34:16.480 --> 00:34:18.480]   We want to be strong.
[00:34:18.480 --> 00:34:19.480]   It's funny.
[00:34:19.480 --> 00:34:23.480]   One of the first things my son learned was to, like, throw up two arms,
[00:34:23.480 --> 00:34:27.480]   which I was so proud of when he did so.
[00:34:27.480 --> 00:34:28.480]   Now, with that settled,
[00:34:28.480 --> 00:34:31.480]   it's important for us to understand the physical and emotional strength of men
[00:34:31.480 --> 00:34:33.480]   is not meant to protect themselves.
[00:34:33.480 --> 00:34:37.480]   It's meant to protect others,
[00:34:37.480 --> 00:34:40.480]   and when that's mishandled,
[00:34:40.480 --> 00:34:44.480]   when men lose control of their strong emotions
[00:34:44.480 --> 00:34:48.480]   and they become hot-headed and foolish,
[00:34:48.480 --> 00:34:55.480]   when they lose control and they act in violence and abuse,
[00:34:55.480 --> 00:35:00.480]   or when they lose control and neglect their God-given strength
[00:35:00.480 --> 00:35:04.480]   by operating in passivity,
[00:35:04.480 --> 00:35:07.480]   women and children lose.
[00:35:07.480 --> 00:35:10.480]   I used to sit in a Bible study with an amazing teacher
[00:35:10.480 --> 00:35:11.480]   who worked us through the book of Genesis,
[00:35:11.480 --> 00:35:13.480]   and he would trace this theme again and again and again,
[00:35:13.480 --> 00:35:16.480]   which we pick up just two pages from Genesis 2 and Genesis 4,
[00:35:16.480 --> 00:35:20.480]   that as goes the man, so goes the family, so goes the world.
[00:35:20.480 --> 00:35:21.480]   And you see it.
[00:35:21.480 --> 00:35:24.480]   We'll talk about it in coming weeks,
[00:35:24.480 --> 00:35:29.480]   but the damage of an absentee husband and an absentee father,
[00:35:29.480 --> 00:35:34.480]   it repercusses across generations.
[00:35:34.480 --> 00:35:40.480]   That's because men are called to fight to protect.
[00:35:40.480 --> 00:35:44.480]   So what do we do about this?
[00:35:44.480 --> 00:35:49.480]   What does it actually look like for us to employ this purpose today?
[00:35:49.480 --> 00:35:50.480]   I'll make three suggestions.
[00:35:50.480 --> 00:35:54.480]   Number one, we don't send women to fight our battles.
[00:35:54.480 --> 00:35:59.480]   In 2016, the United States opened virtually all military occupations,
[00:35:59.480 --> 00:36:01.480]   including combat roles, to women,
[00:36:01.480 --> 00:36:05.480]   and yet it speaks volumes when you look at the registered numbers
[00:36:05.480 --> 00:36:08.480]   that men still overwhelmingly make up the majority of personnel
[00:36:08.480 --> 00:36:11.480]   in frontline specialties, combat deployments, and casualties.
[00:36:11.480 --> 00:36:14.480]   Why is that the case?
[00:36:14.480 --> 00:36:15.480]   Because by and large,
[00:36:15.480 --> 00:36:18.480]   women don't want to volunteer for those positions,
[00:36:18.480 --> 00:36:20.480]   nor should they have to.
[00:36:20.480 --> 00:36:21.480]   Now, I want to be very clear.
[00:36:21.480 --> 00:36:26.480]   I'm not saying that a woman can't nor a woman shouldn't enter into the fray.
[00:36:26.480 --> 00:36:30.480]   There have been many women, brave, bold, courageous women,
[00:36:30.480 --> 00:36:34.480]   that have laid down their life for the sake of people they love,
[00:36:34.480 --> 00:36:39.480]   mothers that have covered their children from spraying bullets,
[00:36:39.480 --> 00:36:44.480]   from a man of violence.
[00:36:44.480 --> 00:36:50.480]   But what I am saying is that men should enter the fray first.
[00:36:50.480 --> 00:36:51.480]   Men should enter the fray first
[00:36:51.480 --> 00:36:53.480]   because we don't send women to fight our battles.
[00:36:53.480 --> 00:36:54.480]   It's funny.
[00:36:54.480 --> 00:36:56.480]   I remember nothing about the movie "Titanic"
[00:36:56.480 --> 00:36:59.480]   except for that one horrible human being at the very end
[00:36:59.480 --> 00:37:05.480]   that grabs some little child and tries to sneak on to a safety boat
[00:37:05.480 --> 00:37:07.480]   because that's wrong.
[00:37:07.480 --> 00:37:12.480]   That's cowardice.
[00:37:12.480 --> 00:37:14.480]   Men, do not be cowardly.
[00:37:14.480 --> 00:37:19.480]   You be courageous for the sake of our ladies.
[00:37:19.480 --> 00:37:25.480]   The second thing that we have to know is we should learn self-control.
[00:37:25.480 --> 00:37:28.480]   And I just need to be honest about this one.
[00:37:28.480 --> 00:37:31.480]   It's time we stop thinking that self-control is a good idea,
[00:37:31.480 --> 00:37:33.480]   that it's a noble cause to pursue,
[00:37:33.480 --> 00:37:34.480]   that it's something we really should grow in,
[00:37:34.480 --> 00:37:39.480]   and it's time to actually start taking steps in learning it.
[00:37:39.480 --> 00:37:41.480]   We'll talk about this more in the coming weeks
[00:37:41.480 --> 00:37:44.480]   when we talk about becoming a man and what the path therein is.
[00:37:44.480 --> 00:37:46.480]   But good lives are not built through feelings.
[00:37:46.480 --> 00:37:48.480]   They are built through decisions.
[00:37:48.480 --> 00:37:53.480]   And that's because consistency always moves the needle more than intensity.
[00:37:53.480 --> 00:37:56.480]   So what does it look like for you to build rules into your life?
[00:37:56.480 --> 00:37:58.480]   I'm going to just give a couple of examples,
[00:37:58.480 --> 00:38:02.480]   but I'm going to challenge you to consider what rules you need to assign to yourself
[00:38:02.480 --> 00:38:06.480]   depending upon what your tendencies are.
[00:38:06.480 --> 00:38:10.480]   If your tendency is to get defensive when you feel misunderstood, then rule.
[00:38:10.480 --> 00:38:15.480]   Listen, take a lap, and follow up once your jets have cooled.
[00:38:15.480 --> 00:38:17.480]   Are you prone to passivity?
[00:38:17.480 --> 00:38:18.480]   Then rule.
[00:38:18.480 --> 00:38:22.480]   Do not wait until tomorrow to do what you can do today.
[00:38:22.480 --> 00:38:24.480]   Do you gossip when other people are not around?
[00:38:24.480 --> 00:38:29.480]   Then rule. You should not say to someone else what you would not say to that person instead.
[00:38:29.480 --> 00:38:36.480]   Proverbs 25:28 says, "A man without self-control is like a city broken into and left without walls."
[00:38:36.480 --> 00:38:38.480]   That means it's defenseless.
[00:38:38.480 --> 00:38:41.480]   No woman wants to live with that.
[00:38:41.480 --> 00:38:46.480]   And then the third thing that I would suggest is you become the master of your flesh.
[00:38:46.480 --> 00:38:50.480]   Perhaps the most important battle you can fight in your single years is against your sinful passions
[00:38:50.480 --> 00:38:52.480]   because marriage is not going to cure you of your lusts.
[00:38:52.480 --> 00:38:59.480]   In fact, you will carry them into your marriage, and the enemy will then use them to destroy what God has deemed good.
[00:38:59.480 --> 00:39:06.480]   Now is the time to become the master of your flesh instead of being mastered by your flesh.
[00:39:06.480 --> 00:39:10.480]   Again, we're going to talk about this in the coming weeks, just giving you more and more bait to come back.
[00:39:10.480 --> 00:39:12.480]   But I will tell you this.
[00:39:12.480 --> 00:39:14.480]   One of the things that we need to do as men is we need to stop calling it a struggle.
[00:39:14.480 --> 00:39:16.480]   We need to start calling it a sin.
[00:39:16.480 --> 00:39:21.480]   We need to gather some guys around us and making war against that which is warring against us.
[00:39:21.480 --> 00:39:23.480]   It's time to just get real about it, guys.
[00:39:23.480 --> 00:39:25.480]   You're not alone in it.
[00:39:25.480 --> 00:39:31.480]   Every one of us has something, more than one thing.
[00:39:31.480 --> 00:39:35.480]   And so it's time to link arms and make war.
[00:39:35.480 --> 00:39:39.480]   Men fight to protect others because Jesus fought to protect us.
[00:39:39.480 --> 00:39:41.480]   He willingly came to our aid.
[00:39:41.480 --> 00:39:43.480]   He willingly stepped into our fight.
[00:39:43.480 --> 00:39:49.480]   He willingly laid down his life for the sake of his bride, his beloved.
[00:39:49.480 --> 00:39:52.480]   And the amazing thing is he didn't stay dead.
[00:39:52.480 --> 00:39:55.480]   Jesus rose in victory.
[00:39:55.480 --> 00:39:59.480]   And because he has risen in victory, we know that we do not fight for victory.
[00:39:59.480 --> 00:40:02.480]   We fight from victory.
[00:40:02.480 --> 00:40:07.480]   And that gives you all the fighting spirit you need.
[00:40:07.480 --> 00:40:12.480]   And here's the last one in 49 seconds.
[00:40:12.480 --> 00:40:13.480]   Turn the page.
[00:40:13.480 --> 00:40:16.480]   Go to Genesis 3.
[00:40:16.480 --> 00:40:20.480]   This is what happens right after Adam and Eve eat the forbidden fruit.
[00:40:20.480 --> 00:40:22.480]   It says this.
[00:40:22.480 --> 00:40:23.480]   Verses 8 and 9.
[00:40:23.480 --> 00:40:24.480]   Are you there?
[00:40:24.480 --> 00:40:27.480]   There's one page.
[00:40:27.480 --> 00:40:30.480]   It says, "And they heard the sound of the Lord walking in the garden in the cool of the day.
[00:40:30.480 --> 00:40:35.480]   And the man and his wife, they hid themselves from the presence of the Lord God among the trees of the garden.
[00:40:35.480 --> 00:40:40.480]   But the Lord God called to," who?
[00:40:40.480 --> 00:40:43.480]   Men, who did he call to?
[00:40:43.480 --> 00:40:47.480]   He called to the man and he said to him, "Where are you?"
[00:40:47.480 --> 00:40:54.480]   This is a very subtle detail, but it has massive implications because we should consider why does he call to Adam?
[00:40:54.480 --> 00:40:56.480]   Was it not Eve who first saw the fruit?
[00:40:56.480 --> 00:40:58.480]   Was it not Eve who first was tempted?
[00:40:58.480 --> 00:41:00.480]   Was it not Eve who first took of the fruit?
[00:41:00.480 --> 00:41:02.480]   Was it not Eve who first tasted of the fruit?
[00:41:02.480 --> 00:41:04.480]   Why then is God coming after Adam?
[00:41:04.480 --> 00:41:07.480]   Like he's not the one that got them into this mess, right?
[00:41:07.480 --> 00:41:08.480]   Wrong.
[00:41:08.480 --> 00:41:14.480]   Because here we see the third purpose of manhood, which is men should take initiative.
[00:41:14.480 --> 00:41:16.480]   They should take initiative.
[00:41:16.480 --> 00:41:22.480]   You see, it was Adam that had received the command from God to not eat of the tree of good and evil.
[00:41:22.480 --> 00:41:27.480]   It was Adam who passively stood by.
[00:41:27.480 --> 00:41:29.480]   It says in verse 6 that he was with her.
[00:41:29.480 --> 00:41:31.480]   And he did not protect his bride.
[00:41:31.480 --> 00:41:36.480]   And because of this, it was Adam who stood ultimately responsible for his family's failure.
[00:41:36.480 --> 00:41:43.480]   And the reason for that is because though men and women are equal in essence, they are distinct in role.
[00:41:43.480 --> 00:41:48.480]   And the role of men, according to God, within the home is headship or leadership.
[00:41:48.480 --> 00:41:51.480]   Now, just breathe, ladies.
[00:41:51.480 --> 00:41:54.480]   I promise I'm not saying what you think I'm saying.
[00:41:54.480 --> 00:41:56.480]   And we're going to talk about this in seven days' time.
[00:41:56.480 --> 00:41:58.480]   We'll get there.
[00:41:58.480 --> 00:41:59.480]   Just hang with me for a week.
[00:41:59.480 --> 00:42:01.480]   This is for the men.
[00:42:01.480 --> 00:42:07.480]   And I want to make a couple things abundantly clear to the guys because there's a few things here that I am not saying.
[00:42:07.480 --> 00:42:12.480]   Notice I did not say that all men are the head of all women.
[00:42:12.480 --> 00:42:19.480]   A husband, according to the biblical worldview, is the head of his wife in the same way that elders are the head of the church.
[00:42:19.480 --> 00:42:22.480]   And Christ is the head of the body.
[00:42:22.480 --> 00:42:30.480]   Now, how do those people, according to God's word, husbands, elders, and Christ, how do they exercise their headship, their leadership?
[00:42:30.480 --> 00:42:35.480]   Not through domination, but through sacrificial leadership.
[00:42:35.480 --> 00:42:37.480]   That's what they do.
[00:42:37.480 --> 00:42:41.480]   But Kylan, what about my leading of my girlfriend?
[00:42:41.480 --> 00:42:44.480]   Okay, boss, listen.
[00:42:44.480 --> 00:42:46.480]   You put a ring on it.
[00:42:46.480 --> 00:42:48.480]   You ask her daddy's hand.
[00:42:48.480 --> 00:42:51.480]   Have you asked her daddy for her hand in marriage?
[00:42:51.480 --> 00:43:03.480]   Have you asked her before God, family, and friends and vowed for better or worse, sickness, health, until death do you part to provide for her?
[00:43:03.480 --> 00:43:06.480]   Then you are not her husband.
[00:43:06.480 --> 00:43:08.480]   And thus you have no headship.
[00:43:08.480 --> 00:43:20.480]   And thus you have no right to her body, to her money, to her time, or to her attention.
[00:43:20.480 --> 00:43:26.480]   So much damage has been done under the lie that boyfriends lead girlfriends.
[00:43:26.480 --> 00:43:28.480]   That is incorrect.
[00:43:28.480 --> 00:43:35.480]   The Bible assesses you as brother or husband.
[00:43:35.480 --> 00:43:39.480]   As of now, you're a brother.
[00:43:39.480 --> 00:43:42.480]   Would you make out with your sister?
[00:43:42.480 --> 00:43:45.480]   I don't think so.
[00:43:45.480 --> 00:43:47.480]   So you honor her.
[00:43:47.480 --> 00:43:55.480]   You conduct yourself in a way that dignifies her.
[00:43:55.480 --> 00:43:58.480]   You sacrifice for her.
[00:43:58.480 --> 00:44:10.480]   And you recognize the fact that she's God's girl and not yours.
[00:44:10.480 --> 00:44:15.480]   Number two, notice I did not say that women are inferior to men.
[00:44:15.480 --> 00:44:17.480]   Both are created in the image of God.
[00:44:17.480 --> 00:44:20.480]   Thus both are co-equal.
[00:44:20.480 --> 00:44:25.480]   And yet what you see is that woman is actually the crown jewel of creation.
[00:44:25.480 --> 00:44:26.480]   What do I mean by that?
[00:44:26.480 --> 00:44:27.480]   Well, let me just put it to you like this.
[00:44:27.480 --> 00:44:31.480]   If I want to sell a magazine to women, I put a woman on the front.
[00:44:31.480 --> 00:44:34.480]   Not some dude.
[00:44:34.480 --> 00:44:41.480]   And if I want to sell a magazine to a man, I put a woman on the front.
[00:44:41.480 --> 00:44:45.480]   As I love said, like women are better than men.
[00:44:45.480 --> 00:44:49.480]   And every dude in here said amen.
[00:44:49.480 --> 00:44:52.480]   And then lastly, notice I didn't say women are incapable of leadership.
[00:44:52.480 --> 00:44:58.480]   I already mentioned my wife is an incredible leader in the corporate work space.
[00:44:58.480 --> 00:45:03.480]   My number two at the porch, Emily Carter over here, is an absolute boss.
[00:45:03.480 --> 00:45:05.480]   One of the best leaders that I know.
[00:45:05.480 --> 00:45:08.480]   I fear for the day when she leaves my team, this is me putting you on public
[00:45:08.480 --> 00:45:10.480]   notice that you're not allowed to do so.
[00:45:10.480 --> 00:45:13.480]   She's over here at the porch named Jenny Allen who is not just a friend of
[00:45:13.480 --> 00:45:16.480]   ours and not just a speaker at Awaken, but also the founder of IF.
[00:45:16.480 --> 00:45:22.480]   And she organized a 24-hour global prayer movement.
[00:45:22.480 --> 00:45:23.480]   Boss.
[00:45:23.480 --> 00:45:28.480]   You know, like all of these ladies are capable of incredible leadership.
[00:45:28.480 --> 00:45:31.480]   And they're not the only ones that I could go on about.
[00:45:31.480 --> 00:45:35.480]   What this is saying is nothing about the capacity or capability of women to lead.
[00:45:35.480 --> 00:45:40.480]   What this is saying is that men occupy a unique role of spiritual headship when
[00:45:40.480 --> 00:45:42.480]   they become husbands.
[00:45:42.480 --> 00:45:45.480]   And yet, though men cannot function in this role while single,
[00:45:45.480 --> 00:45:50.480]   what you need to know, guys, is you can image headship today,
[00:45:50.480 --> 00:45:53.480]   meaning you can prepare yourself for it.
[00:45:53.480 --> 00:45:56.480]   One of the greatest mistakes young men make, young single men make,
[00:45:56.480 --> 00:46:02.480]   is they wait to learn what it might be to image Christ through their headship
[00:46:02.480 --> 00:46:03.480]   until they get married.
[00:46:03.480 --> 00:46:08.480]   Now, there's opportunity for you to begin to cut your teeth on this right now.
[00:46:08.480 --> 00:46:09.480]   And here's what I mean.
[00:46:09.480 --> 00:46:11.480]   I'll just give you a few examples,
[00:46:11.480 --> 00:46:15.480]   all of which come by way of you stepping into your God-given purpose to take
[00:46:15.480 --> 00:46:16.480]   initiative.
[00:46:16.480 --> 00:46:17.480]   If you're taking notes,
[00:46:17.480 --> 00:46:20.480]   you'll want to get these down because you need to put them into practice
[00:46:20.480 --> 00:46:23.480]   starting tonight.
[00:46:23.480 --> 00:46:30.480]   Number one, you need to get serious about pursuing godly women for marriage.
[00:46:30.480 --> 00:46:33.480]   You need to get serious about pursuing godly women for marriage.
[00:46:33.480 --> 00:46:37.480]   As a future head of your family,
[00:46:37.480 --> 00:46:47.480]   you will be expected to woo and romance her long after you say your I do's.
[00:46:47.480 --> 00:46:51.480]   So don't wait until that time to figure out what it looks like to pursue her as
[00:46:51.480 --> 00:46:55.480]   someone worthy and protect her.
[00:46:55.480 --> 00:46:58.480]   You take initiative right now.
[00:46:58.480 --> 00:46:59.480]   And here's what I would say.
[00:46:59.480 --> 00:47:03.480]   I don't know what you're waiting for.
[00:47:03.480 --> 00:47:09.480]   Like there are ferociously godly women all across this room.
[00:47:09.480 --> 00:47:15.480]   I talk to them every single week on my staff and within my team leaders alone.
[00:47:15.480 --> 00:47:21.480]   There are eight single godly ferocious women that I cannot believe the young
[00:47:21.480 --> 00:47:24.480]   men have not scooped up.
[00:47:24.480 --> 00:47:25.480]   I don't know when it happened,
[00:47:25.480 --> 00:47:29.480]   but at some point we decided to make marriage a capstone event,
[00:47:29.480 --> 00:47:33.480]   something we do at the end of our adulthood after we have achieved all of
[00:47:33.480 --> 00:47:35.480]   our young adult accolades.
[00:47:35.480 --> 00:47:38.480]   When in reality it was meant to be a cornerstone event,
[00:47:38.480 --> 00:47:41.480]   something that happens at the beginning of your adulthood.
[00:47:41.480 --> 00:47:45.480]   So that way as you link arms with someone whom you deeply love,
[00:47:45.480 --> 00:47:50.480]   you can experience growth in the achieving of life's goals together.
[00:47:50.480 --> 00:47:55.480]   You're passing on something amazing.
[00:47:55.480 --> 00:47:57.480]   Now I know not everybody here is called to marriage,
[00:47:57.480 --> 00:47:59.480]   but if you are burning with desire,
[00:47:59.480 --> 00:48:04.480]   stop going to your computer and start looking to a woman.
[00:48:04.480 --> 00:48:08.480]   You can actually find that through the avenue of marriage,
[00:48:08.480 --> 00:48:10.480]   covenantal union,
[00:48:10.480 --> 00:48:14.480]   there is someone that you can make the most of your twenties in.
[00:48:14.480 --> 00:48:19.480]   You're not going to make the most of your twenties playing sand volleyball.
[00:48:19.480 --> 00:48:22.480]   You're not going to make the most of your twenties out there playing pickleball
[00:48:22.480 --> 00:48:24.480]   or softball.
[00:48:24.480 --> 00:48:25.480]   You're going to make the most of it.
[00:48:25.480 --> 00:48:29.480]   If you want to be married by finding a woman and journeying through your
[00:48:29.480 --> 00:48:31.480]   twenties together in.
[00:48:31.480 --> 00:48:37.480]   And if you're in your thirties, make haste men, make haste.
[00:48:37.480 --> 00:48:42.480]   Number two, you need to protect women as sisters,
[00:48:42.480 --> 00:48:45.480]   which means you don't need to wait to lay down your life until you're married.
[00:48:45.480 --> 00:48:48.480]   You can learn how to do that right now.
[00:48:48.480 --> 00:48:52.480]   So you can offer to walk her to her car.
[00:48:52.480 --> 00:48:56.480]   She doesn't need to walk out in the dark after this evening by herself,
[00:48:56.480 --> 00:48:57.480]   whenever she's moving apartments,
[00:48:57.480 --> 00:49:00.480]   you can get some buddies together and you can go leverage some of that God
[00:49:00.480 --> 00:49:04.480]   given physical strength to move some furniture for her.
[00:49:04.480 --> 00:49:06.480]   And you actually,
[00:49:06.480 --> 00:49:12.480]   you can actually engage the weirdo that makes her uncomfortable in social
[00:49:12.480 --> 00:49:14.480]   environments.
[00:49:14.480 --> 00:49:17.480]   You can exercise protection today.
[00:49:17.480 --> 00:49:20.480]   You can start fighting to protect women as sisters.
[00:49:20.480 --> 00:49:22.480]   You can learn the skill of decision-making.
[00:49:22.480 --> 00:49:23.480]   I don't know.
[00:49:23.480 --> 00:49:25.480]   Shouldn't be a part of your vocabulary.
[00:49:25.480 --> 00:49:26.480]   Like as a husband,
[00:49:26.480 --> 00:49:30.480]   you will need to make decisions with wisdom and discernment.
[00:49:30.480 --> 00:49:33.480]   So start now, like your friends,
[00:49:33.480 --> 00:49:34.480]   they're going to want to do something after the porch.
[00:49:34.480 --> 00:49:35.480]   Guess what?
[00:49:35.480 --> 00:49:36.480]   There's two restaurants open.
[00:49:36.480 --> 00:49:38.480]   There's velvet taco and there's in and out.
[00:49:38.480 --> 00:49:41.480]   You can be very decisive in just a moment.
[00:49:41.480 --> 00:49:43.480]   You can start practicing the skill of decision-making.
[00:49:43.480 --> 00:49:48.480]   Fourthly, you can start being accountable to your actions.
[00:49:48.480 --> 00:49:49.480]   When something goes wrong,
[00:49:49.480 --> 00:49:52.480]   you own 100% of whatever you can own.
[00:49:52.480 --> 00:49:53.480]   And I would,
[00:49:53.480 --> 00:49:55.480]   I would implore you to own it fast.
[00:49:55.480 --> 00:49:58.480]   Your duty as a husband is to initiate reconciliation with your wife and with
[00:49:58.480 --> 00:50:00.480]   your children whenever you fail.
[00:50:00.480 --> 00:50:02.480]   So it's a good skill to learn right now.
[00:50:02.480 --> 00:50:03.480]   And then the last thing that I would tell you,
[00:50:03.480 --> 00:50:05.480]   if you were trying to learn how to image headship again,
[00:50:05.480 --> 00:50:11.480]   just prepare for the day when that role will be afforded you.
[00:50:11.480 --> 00:50:13.480]   Disciple other men,
[00:50:13.480 --> 00:50:15.480]   disciple other men like as a future father,
[00:50:15.480 --> 00:50:18.480]   you are going to be responsible for training your sons and daughters in
[00:50:18.480 --> 00:50:20.480]   godliness,
[00:50:20.480 --> 00:50:24.480]   but you don't need to wait until you have children to learn that Paul was a
[00:50:24.480 --> 00:50:26.480]   spiritual father to Timothy and Titus.
[00:50:26.480 --> 00:50:30.480]   You can become a spiritual father to others right now.
[00:50:30.480 --> 00:50:35.480]   And so go and volunteer and kids go volunteer with students.
[00:50:35.480 --> 00:50:38.480]   Come serve with us here at the porch.
[00:50:38.480 --> 00:50:39.480]   Like start a Bible study.
[00:50:39.480 --> 00:50:40.480]   I don't know what it is,
[00:50:40.480 --> 00:50:45.480]   but begin to cut your teeth on the work of discipling other people because,
[00:50:45.480 --> 00:50:49.480]   because ultimately this will be expected of you when you are a husband and a
[00:50:49.480 --> 00:50:50.480]   father.
[00:50:50.480 --> 00:50:55.480]   So get in the game now instead of later.
[00:50:55.480 --> 00:50:57.480]   These are just a handful of ways you can begin imaging headship,
[00:50:57.480 --> 00:50:58.480]   but notice,
[00:50:58.480 --> 00:51:01.480]   and this is important to say at the end here,
[00:51:01.480 --> 00:51:05.480]   not a single one of these is about domineering anyone,
[00:51:05.480 --> 00:51:10.480]   but sacrificing you,
[00:51:10.480 --> 00:51:12.480]   you sacrifice yourself.
[00:51:12.480 --> 00:51:17.480]   And we know this is how it should be because Christ has imaged headship
[00:51:17.480 --> 00:51:22.480]   towards us and that he sacrificed himself for our sake.
[00:51:22.480 --> 00:51:25.480]   And so you can do the same.
[00:51:25.480 --> 00:51:26.480]   Here's my last story.
[00:51:26.480 --> 00:51:27.480]   I'm sorry.
[00:51:27.480 --> 00:51:30.480]   This has run long.
[00:51:30.480 --> 00:51:32.480]   When I started working in young adult ministry,
[00:51:32.480 --> 00:51:35.480]   the greatest source of conflict that I found myself repeatedly reconciling
[00:51:35.480 --> 00:51:36.480]   where he said,
[00:51:36.480 --> 00:51:39.480]   she said conversations that happened all the time,
[00:51:39.480 --> 00:51:43.480]   different people with different perspectives that were different,
[00:51:43.480 --> 00:51:46.480]   different perspectives that led to differing opinions.
[00:51:46.480 --> 00:51:51.480]   And yet the way through all of that chaos and confusion was never by trying
[00:51:51.480 --> 00:51:53.480]   to understand who was right and who was wrong,
[00:51:53.480 --> 00:51:56.480]   but instead what was true.
[00:51:56.480 --> 00:52:02.480]   That's the heart of this series is we want to look at what God has said is
[00:52:02.480 --> 00:52:03.480]   true.
[00:52:03.480 --> 00:52:06.480]   And the beauty of it is he has not only spoken what's true into the
[00:52:06.480 --> 00:52:09.480]   confusion of our day and in your life,
[00:52:09.480 --> 00:52:13.480]   but he has sent Christ to give you the confidence that comes when that truth
[00:52:13.480 --> 00:52:15.480]   reigns Supreme.
[00:52:15.480 --> 00:52:16.480]   You see men,
[00:52:16.480 --> 00:52:19.480]   God has spoken what is true about who you are and he has sent Jesus to give
[00:52:19.480 --> 00:52:22.480]   you the confidence to step into all of it.
[00:52:22.480 --> 00:52:23.480]   Christ,
[00:52:23.480 --> 00:52:25.480]   he worked for our good.
[00:52:25.480 --> 00:52:28.480]   He lived the perfect life that we could not live.
[00:52:28.480 --> 00:52:34.480]   He fulfilled every demand of the statutes and laws of God.
[00:52:34.480 --> 00:52:36.480]   And he did so perfectly,
[00:52:36.480 --> 00:52:37.480]   but he not only did that,
[00:52:37.480 --> 00:52:39.480]   he fought to protect his beloved.
[00:52:39.480 --> 00:52:44.480]   He laid down his life for the sake of those that he came to save.
[00:52:44.480 --> 00:52:46.480]   He was not in any way at fault.
[00:52:46.480 --> 00:52:51.480]   And yet he embraced all of our problem as his own.
[00:52:51.480 --> 00:52:56.480]   And he took initiative in the work of it because he knew they will not,
[00:52:56.480 --> 00:52:58.480]   nor can they come to me.
[00:52:58.480 --> 00:53:01.480]   And so I will come to them.
[00:53:01.480 --> 00:53:03.480]   I will do what they cannot.
[00:53:03.480 --> 00:53:05.480]   I will die the death they deserve.
[00:53:05.480 --> 00:53:06.480]   And because I can do all that,
[00:53:06.480 --> 00:53:17.480]   I will rise forth on the third day so that any man that wants to be who God
[00:53:17.480 --> 00:53:27.480]   made him to be need only look to the man that God became himself for Christ
[00:53:27.480 --> 00:53:30.480]   came.
[00:53:30.480 --> 00:53:35.480]   He has shown you the way brothers.
[00:53:35.480 --> 00:53:38.480]   Let me pray that you would follow a minute.
[00:53:38.480 --> 00:53:40.480]   Lord, thanks for tonight.
[00:53:40.480 --> 00:53:42.480]   God, I, uh,
[00:53:42.480 --> 00:53:48.480]   I know that this, this all can feel hard,
[00:53:48.480 --> 00:53:50.480]   can feel maybe heavy.
[00:53:50.480 --> 00:53:55.480]   Part of that God is my imperfection as a, as a preacher.
[00:53:55.480 --> 00:53:56.480]   And so God,
[00:53:56.480 --> 00:53:59.480]   I pray that you would extend grace to the minds and the hearts of my
[00:53:59.480 --> 00:54:05.480]   friends here to look past my shortcomings and see God,
[00:54:05.480 --> 00:54:09.480]   your sufficiency.
[00:54:09.480 --> 00:54:16.480]   I pray God that very specifically my brothers here would not feel beat up,
[00:54:16.480 --> 00:54:22.480]   but they would feel called into everything you want for them.
[00:54:22.480 --> 00:54:26.480]   And I pray God that the men in this room.
[00:54:26.480 --> 00:54:29.480]   Oh, listen to me, men.
[00:54:29.480 --> 00:54:35.480]   I pray we would rise up and be the men that you have made us to be.
[00:54:35.480 --> 00:54:41.480]   And that God, this room, our sisters, this city,
[00:54:41.480 --> 00:54:47.480]   our country could be better because you,
[00:54:47.480 --> 00:54:50.480]   God have been seen by us as better.
[00:54:50.480 --> 00:54:54.480]   And we have forsaken all else to follow after you and become Jesus,
[00:54:54.480 --> 00:54:56.480]   which you became.
[00:54:56.480 --> 00:54:57.480]   We love you, Lord.
[00:54:57.480 --> 00:54:59.480]   We want to rise up for some of us.
[00:54:59.480 --> 00:55:02.480]   That means we first need to fall down.
[00:55:02.480 --> 00:55:06.480]   Won't you God help us to not only look like men,
[00:55:06.480 --> 00:55:11.480]   but live like them live like him who died for us in Christ's name.
[00:55:11.480 --> 00:55:12.480]   Amen.
