
[00:00:00.000 --> 00:00:01.200]  各位弟兄姊妹
[00:00:01.200 --> 00:00:05.200]  今天是門徒訓練崇拜
[00:00:05.200 --> 00:00:07.600]  我想先請問
[00:00:07.600 --> 00:00:10.800]  當中在座有沒有人未信耶穌
[00:00:10.800 --> 00:00:14.000]  以耶穌為你生命之主
[00:00:14.000 --> 00:00:16.800]  或者未是門徒
[00:00:16.800 --> 00:00:22.600]  即是大家在生活都以耶穌的教導行先
[00:00:22.600 --> 00:00:25.200]  是耶穌的門徒
[00:00:25.200 --> 00:00:27.600]  簡稱基督徒
[00:00:27.600 --> 00:00:31.600]  就是要入耶穌門的徒弟
[00:00:31.600 --> 00:00:34.800]  耶穌怎麼做你就怎麼做
[00:00:34.800 --> 00:00:36.600]  耶穌對眾人說
[00:00:36.600 --> 00:00:39.200]  你們要努力進閘門
[00:00:39.200 --> 00:00:40.600]  我告訴你們
[00:00:40.600 --> 00:00:45.800]  將來有許多人想要進去卻不能
[00:00:45.800 --> 00:00:49.200]  假如下一秒耶穌回來
[00:00:49.200 --> 00:00:52.200]  你預備好見耶穌沒有
[00:00:52.200 --> 00:00:54.400]  問問你旁邊的肢體
[00:00:54.400 --> 00:00:59.000]  有沒有失去專注在上帝的能力
[00:00:59.000 --> 00:01:02.000]  為什麼我們基督徒信著信著
[00:01:02.000 --> 00:01:05.400]  就會失去專注上帝吩咐的能力
[00:01:05.400 --> 00:01:08.800]  落實不了跟耶穌的吩咐
[00:01:08.800 --> 00:01:12.400]  做門徒行在神聖的閘路
[00:01:12.400 --> 00:01:14.600]  大多只是停留在
[00:01:14.600 --> 00:01:18.000]  跟自己的喜好返崇拜的階段
[00:01:18.000 --> 00:01:21.200]  最多處理自己和神的關係
[00:01:21.200 --> 00:01:24.600]  和其他人的關係晚一點
[00:01:24.600 --> 00:01:26.400]  不少基督徒說
[00:01:26.400 --> 00:01:28.200]  我不是不信上帝
[00:01:28.200 --> 00:01:30.200]  我受洗了
[00:01:30.200 --> 00:01:32.000]  我不是不專注
[00:01:32.000 --> 00:01:34.400]  我有教會和侍奉
[00:01:34.400 --> 00:01:36.800]  只是真的很難專心
[00:01:36.800 --> 00:01:40.400]  生活有很多東西分散我的注意力
[00:01:40.400 --> 00:01:42.800]  有時祈禱讀聖經
[00:01:42.800 --> 00:01:45.200]  讀著讀著心會散了
[00:01:45.200 --> 00:01:47.400]  聽完後很有感覺
[00:01:47.400 --> 00:01:50.800]  但很快又回到原有慣性
[00:01:50.800 --> 00:01:53.200]  很舒適的生活
[00:01:53.200 --> 00:01:56.400]  每天安排時間靈修
[00:01:56.400 --> 00:01:58.400]  和上帝交流
[00:01:58.400 --> 00:02:00.600]  根本沒有時間
[00:02:00.600 --> 00:02:02.000]  我知道
[00:02:02.000 --> 00:02:04.400]  但我真的做不到
[00:02:04.400 --> 00:02:06.200]  你想我怎樣
[00:02:06.200 --> 00:02:09.000]  我也有求上帝去幫我
[00:02:09.000 --> 00:02:10.400]  也是這樣
[00:02:10.400 --> 00:02:12.400]  我可以怎樣
[00:02:12.400 --> 00:02:13.600]  我明白
[00:02:13.600 --> 00:02:18.000]  因為我和大家都經歷過這些掙扎
[00:02:18.000 --> 00:02:20.000]  我們要記得民訴基
[00:02:20.000 --> 00:02:23.200]  是描述上帝第一次吩咐以色列人
[00:02:23.200 --> 00:02:26.000]  要準備入應許地
[00:02:26.000 --> 00:02:27.400]  過程當中
[00:02:27.400 --> 00:02:31.400]  因為犯罪而被公義的上帝懲罰
[00:02:31.400 --> 00:02:33.400]  同時又是慈愛的上帝
[00:02:33.400 --> 00:02:36.000]  再次吩咐以色列人
[00:02:36.000 --> 00:02:39.200]  準備跟從上帝的吩咐
[00:02:39.200 --> 00:02:41.200]  進入應許地
[00:02:41.200 --> 00:02:45.200]  是說信靠上帝的誇大傳承
[00:02:45.200 --> 00:02:46.800]  民訴基十八章
[00:02:46.800 --> 00:02:50.600]  就是拉我們回去看一個很現實的問題
[00:02:50.600 --> 00:02:53.600]  一群在埃及受苦的以色列人知道
[00:02:53.600 --> 00:02:56.800]  只有慈愛的上帝才可以拯救他們
[00:02:56.800 --> 00:02:59.200]  所以他們向上帝哀求
[00:02:59.200 --> 00:03:00.600]  上帝聽到
[00:03:00.600 --> 00:03:02.200]  回應了他們
[00:03:02.200 --> 00:03:06.000]  但是他們即使見證上帝拯救的大能
[00:03:06.000 --> 00:03:08.800]  在專注上帝吩咐的能力
[00:03:08.800 --> 00:03:10.000]  一時有
[00:03:10.000 --> 00:03:11.000]  一時沒有
[00:03:11.000 --> 00:03:12.600]  很不穩定
[00:03:12.600 --> 00:03:16.000]  上帝明白受制於人性的軟弱
[00:03:16.000 --> 00:03:18.200]  所以揀選祭司
[00:03:18.200 --> 00:03:19.200]  利微人
[00:03:19.200 --> 00:03:20.800]  分別他們為聖
[00:03:20.800 --> 00:03:22.800]  訂立祭司制度
[00:03:22.800 --> 00:03:24.800]  為這群活逆的子民
[00:03:24.800 --> 00:03:25.800]  獻祭
[00:03:25.800 --> 00:03:26.800]  贖罪
[00:03:26.800 --> 00:03:29.400]  因為他們經常發怨言
[00:03:29.400 --> 00:03:30.400]  自私
[00:03:30.400 --> 00:03:31.800]  假偉大
[00:03:31.800 --> 00:03:32.800]  驕傲
[00:03:32.800 --> 00:03:34.200]  想獨自尊權
[00:03:34.200 --> 00:03:36.400]  明知故犯
[00:03:36.400 --> 00:03:38.000]  想深一層
[00:03:38.000 --> 00:03:41.000]  祭司制度其實是個賞賜
[00:03:41.000 --> 00:03:42.400]  要保護他們
[00:03:42.400 --> 00:03:44.600]  最終不會因為自己的罪
[00:03:44.600 --> 00:03:47.600]  而被公義的上帝滅絕
[00:03:47.600 --> 00:03:51.800]  他們自己都要甘心情願去付代價
[00:03:51.800 --> 00:03:54.000]  就是用平靜的心
[00:03:54.000 --> 00:03:55.600]  去反省自己
[00:03:55.600 --> 00:03:56.800]  言行
[00:03:56.800 --> 00:04:00.200]  是否只是嘴唇獻祭
[00:04:00.200 --> 00:04:02.400]  如果違背上帝的吩咐
[00:04:02.400 --> 00:04:05.000]  就認罪悔改獻祭
[00:04:05.000 --> 00:04:08.200]  是一個相互責任的關係
[00:04:08.200 --> 00:04:10.600]  不要像報惡信
[00:04:10.600 --> 00:04:15.000]  不照上帝吩咐那些探子死於瘟疫
[00:04:15.000 --> 00:04:17.800]  不要像想獨自尊權
[00:04:17.800 --> 00:04:20.400]  攻擊上帝僕人的可拉黨
[00:04:20.400 --> 00:04:23.400]  這樣跌落陰間被滅絕
[00:04:23.400 --> 00:04:26.400]  不要像那些以色列眾人
[00:04:26.400 --> 00:04:29.400]  去埋怨摩西、亞倫
[00:04:29.400 --> 00:04:34.200]  以致一萬四千七百個人死於瘟疫
[00:04:34.200 --> 00:04:36.200]  在15到17章
[00:04:36.200 --> 00:04:37.600]  我們很清楚
[00:04:37.600 --> 00:04:39.800]  有三個重要的記號
[00:04:39.800 --> 00:04:42.400]  第一,就在15章所說
[00:04:42.400 --> 00:04:44.400]  衣服邊上的錘子
[00:04:44.400 --> 00:04:47.400]  是耶和華上帝吩咐世世代代
[00:04:47.400 --> 00:04:50.800]  都要紀念、遵行耶和華一切的命令
[00:04:50.800 --> 00:04:54.000]  不要慣性隨從自己的心意
[00:04:54.000 --> 00:04:55.800]  眼目行邪淫
[00:04:55.800 --> 00:04:58.800]  要紀念、遵行上帝一切的命令
[00:04:58.800 --> 00:05:00.400]  成為聖潔
[00:05:00.400 --> 00:05:02.200]  歸於上帝
[00:05:02.200 --> 00:05:03.600]  好好記住
[00:05:03.600 --> 00:05:06.400]  耶和華就是上帝
[00:05:06.400 --> 00:05:09.400]  第二,就是在第16章說到
[00:05:09.400 --> 00:05:11.400]  用那些犯了罪
[00:05:11.400 --> 00:05:15.000]  致害幾命被燒的人的香爐
[00:05:15.000 --> 00:05:18.000]  搭成一片片去包著那個壇
[00:05:18.000 --> 00:05:21.400]  提醒以色列人不可以擅自的獻祭
[00:05:21.400 --> 00:05:23.600]  必須按上帝的指示
[00:05:23.600 --> 00:05:26.000]  用火炭和特定的配方
[00:05:26.000 --> 00:05:29.200]  香料放在香爐裡燒
[00:05:29.200 --> 00:05:31.400]  代表分別為聖
[00:05:31.400 --> 00:05:33.800]  恭敬、侍奉上帝
[00:05:33.800 --> 00:05:36.800]  第三,就是在17章說到
[00:05:36.800 --> 00:05:40.000]  上帝用髮芽的杖確立亞倫
[00:05:40.000 --> 00:05:43.400]  是眾領袖中被上帝揀選的人
[00:05:43.400 --> 00:05:45.800]  止息了會眾的怨言
[00:05:45.800 --> 00:05:49.000]  再沒有怨言去到上帝那裡
[00:05:49.000 --> 00:05:50.200]  如果不是
[00:05:50.200 --> 00:05:54.000]  他們就會被公義的上帝滅絕
[00:05:54.000 --> 00:05:57.400]  目的是令以色列人見到就記得
[00:05:57.400 --> 00:06:01.600]  上帝是公義、聖潔、必剪除、滅絕
[00:06:01.600 --> 00:06:05.200]  一切不義、不潔、犯罪的人
[00:06:05.200 --> 00:06:08.800]  止息群體的怨言
[00:06:08.800 --> 00:06:14.200]  為什麼上帝為以色列人留下記號?
[00:06:14.200 --> 00:06:17.800]  因為他們專注在上帝吩咐的能力
[00:06:17.800 --> 00:06:20.000]  真的很差
[00:06:20.000 --> 00:06:21.600]  17章最後
[00:06:21.600 --> 00:06:23.800]  說到以色列人很害怕
[00:06:23.800 --> 00:06:26.400]  很害怕走上帝的帳幕
[00:06:26.400 --> 00:06:28.200]  知道自己有罪
[00:06:28.200 --> 00:06:30.400]  必定會死
[00:06:30.400 --> 00:06:35.000]  15到17章提醒不守約、不聖潔的子民
[00:06:35.000 --> 00:06:37.800]  他們會有死亡的危險
[00:06:37.800 --> 00:06:39.200]  今天第18章
[00:06:39.200 --> 00:06:42.200]  我們一起看清楚大能的上帝
[00:06:42.200 --> 00:06:44.200]  如何透過祭司制度
[00:06:44.200 --> 00:06:47.800]  繼續幫這些不守約、不聖潔的子民
[00:06:47.800 --> 00:06:50.800]  重拾他們專注在上帝的能力
[00:06:50.800 --> 00:06:52.400]  不致死亡
[00:06:52.400 --> 00:06:53.400]  當然
[00:06:53.400 --> 00:06:55.800]  最終能否去到上帝賜予的
[00:06:55.800 --> 00:06:57.800]  「應許迦南美地」
[00:06:57.800 --> 00:07:01.400]  就是看他們自由的選擇
[00:07:01.400 --> 00:07:04.800]  在18章共32節
[00:07:04.800 --> 00:07:06.400]  我會分開三點
[00:07:06.400 --> 00:07:07.600]  1至7節
[00:07:07.600 --> 00:07:11.000]  就是說在上帝面前你的積分
[00:07:11.000 --> 00:07:12.200]  8到19節
[00:07:12.200 --> 00:07:13.600]  是說在上帝裡面
[00:07:13.600 --> 00:07:15.800]  你已經有永遠的份
[00:07:15.800 --> 00:07:17.600]  第20到32節
[00:07:17.600 --> 00:07:19.800]  是說上帝就是你的份
[00:07:19.800 --> 00:07:21.600]  就是你的產業
[00:07:21.600 --> 00:07:23.200]  一起讀1至7節
[00:07:23.200 --> 00:07:24.400]  我會先讀
[00:07:24.400 --> 00:07:26.400]  請你們讀紫色的
[00:07:26.400 --> 00:07:28.200]  highlight的地方
[00:07:28.200 --> 00:07:30.200]  耶和華對亞倫說
[00:07:30.200 --> 00:07:31.600]  「你和你的兒子
[00:07:31.600 --> 00:07:33.400]  並你本族的人
[00:07:33.400 --> 00:07:35.000]  要一同擔當
[00:07:35.000 --> 00:07:37.400]  干犯聖所的罪孽
[00:07:37.400 --> 00:07:38.800]  你和你的兒子
[00:07:38.800 --> 00:07:40.600]  也要一同擔當
[00:07:40.600 --> 00:07:43.600]  干犯祭司職任的罪孽
[00:07:43.600 --> 00:07:45.600]  你要帶你弟兄利微人
[00:07:45.600 --> 00:07:48.400]  就是你祖宗之派的人前來
[00:07:48.400 --> 00:07:50.600]  使他們與你聯合
[00:07:50.600 --> 00:07:52.000]  服侍你
[00:07:52.000 --> 00:07:53.800]  只是你和你的兒子
[00:07:53.800 --> 00:07:57.800]  要一同在法貴的帳幕前公職
[00:07:57.800 --> 00:08:00.600]  他們要守所吩咐你的
[00:08:00.600 --> 00:08:02.600]  並守全帳幕
[00:08:02.600 --> 00:08:04.200]  只是不可靠近
[00:08:04.200 --> 00:08:06.600]  聖所的器具和壇
[00:08:06.600 --> 00:08:10.400]  免得他們和你們都死亡
[00:08:10.400 --> 00:08:12.400]  他們要與你聯合
[00:08:12.400 --> 00:08:14.200]  也要看守會幕
[00:08:14.200 --> 00:08:16.400]  辦理帳幕一切的事
[00:08:16.400 --> 00:08:19.200]  只是外人不可靠近你們
[00:08:19.200 --> 00:08:22.200]  你們要看守聖所和壇
[00:08:22.200 --> 00:08:25.400]  免得憤怒再臨到以色列人
[00:08:25.400 --> 00:08:28.000]  我已將你們的弟兄利微人
[00:08:28.000 --> 00:08:31.600]  從以色列人中揀選出來歸耶和華
[00:08:31.600 --> 00:08:33.800]  視給你們為賞賜的
[00:08:33.800 --> 00:08:36.000]  為要辦理會幕的事
[00:08:36.000 --> 00:08:39.400]  你和你的兒子要為一切贖壇
[00:08:39.400 --> 00:08:41.200]  和萬子內的事
[00:08:41.200 --> 00:08:44.200]  一同守祭司的職任
[00:08:44.200 --> 00:08:46.200]  你們要這樣公職
[00:08:46.200 --> 00:08:48.600]  我將祭司的職任給你們
[00:08:48.600 --> 00:08:51.000]  當作賞賜侍奉我
[00:08:51.000 --> 00:08:54.600]  凡靠近的外人必被致死
[00:08:54.600 --> 00:08:57.800]  在七節經文見到有兩種罪孽
[00:08:57.800 --> 00:09:02.600]  干犯聖所和干犯祭司職任的罪孽
[00:09:02.600 --> 00:09:06.800]  聖所即是圖中間的地方
[00:09:06.800 --> 00:09:08.800]  是供上帝居住
[00:09:08.800 --> 00:09:11.800]  放置上帝聖物至聖的地方
[00:09:11.800 --> 00:09:15.600]  上帝吩咐祭司和利微人來到聖所
[00:09:15.600 --> 00:09:20.000]  和上帝揀選的大祭司亞倫聯合侍奉
[00:09:20.000 --> 00:09:23.400]  祭司和利微人要遵守上帝的吩咐
[00:09:23.400 --> 00:09:25.000]  要看守會幕
[00:09:25.000 --> 00:09:27.600]  辦理帳幕內一切的事
[00:09:27.600 --> 00:09:30.600]  不可以靠近聖所器具和壇
[00:09:30.600 --> 00:09:33.000]  不可以被外人靠近
[00:09:33.000 --> 00:09:36.200]  違反上帝吩咐的就會死
[00:09:36.200 --> 00:09:41.400]  只有祭司和利微人可以進去為以色列人獻祭
[00:09:41.400 --> 00:09:42.800]  為他們贖罪
[00:09:42.800 --> 00:09:47.000]  在祭壇燒以色列人奉獻的貢物
[00:09:47.000 --> 00:09:51.000]  亞倫和兩個兒子就在法櫃帳幕前
[00:09:51.000 --> 00:09:54.000]  即是至聖所前面公職
[00:09:54.000 --> 00:09:58.400]  只有大祭司一年進一次至聖所
[00:09:58.400 --> 00:10:03.800]  上帝清楚吩咐各人的責任和界限
[00:10:03.800 --> 00:10:07.200]  目的是慈愛的上帝要保護子民
[00:10:07.200 --> 00:10:09.600]  不會因為自己的不聖潔
[00:10:09.600 --> 00:10:13.600]  被聖潔的上帝滅絕
[00:10:13.600 --> 00:10:17.200]  今天我們要學懂實踐第一件事
[00:10:17.200 --> 00:10:21.400]  專心在上帝面前你的積分
[00:10:21.400 --> 00:10:24.400]  祭司和利微人不可以胡亂地
[00:10:24.400 --> 00:10:28.000]  用自己的方法在聖所侍奉
[00:10:28.000 --> 00:10:33.200]  必須按照上帝設立的原界線原則去做
[00:10:33.200 --> 00:10:37.400]  不要越過上帝揀選的人的工作
[00:10:37.400 --> 00:10:42.800]  避免干犯聖所和干犯祭司職任的罪
[00:10:42.800 --> 00:10:45.200]  和我們有什麼關係?
[00:10:45.200 --> 00:10:48.200]  彼得前書2章9節提醒
[00:10:48.200 --> 00:10:51.000]  被揀選相信基督的人
[00:10:51.000 --> 00:10:52.800]  是君尊的祭司
[00:10:52.800 --> 00:10:54.200]  是聖潔的國度
[00:10:54.200 --> 00:10:56.000]  是屬上帝的子民
[00:10:56.000 --> 00:10:59.400]  要叫你們宣揚那召你們出黑暗
[00:10:59.400 --> 00:11:02.200]  入奇妙光明者的美德
[00:11:02.200 --> 00:11:05.200]  所以關你和我事
[00:11:05.200 --> 00:11:08.200]  我們都是上帝揀選的祭司
[00:11:08.200 --> 00:11:12.600]  必須照上帝設立的界線侍奉
[00:11:12.600 --> 00:11:16.800]  和大祭司耶穌聯合侍奉上帝
[00:11:16.800 --> 00:11:18.600]  不是靠自己
[00:11:18.600 --> 00:11:23.800]  是每一天靠耶穌基督去勝過生活上的掙扎
[00:11:23.800 --> 00:11:26.000]  過聖潔的生活
[00:11:26.000 --> 00:11:29.800]  這就是我們在上帝面前的職份
[00:11:29.800 --> 00:11:32.200]  除了有祭司身份
[00:11:32.200 --> 00:11:35.400]  也要負上職份的責任
[00:11:35.400 --> 00:11:39.800]  聖所就是上帝的家教會
[00:11:39.800 --> 00:11:43.400]  祭司就是基督真門徒
[00:11:43.400 --> 00:11:47.800]  上帝吩咐大家在教會做不同的侍奉
[00:11:47.800 --> 00:11:50.800]  目的是要建立教會的身體
[00:11:50.800 --> 00:11:52.600]  造就上帝的家
[00:11:52.600 --> 00:11:57.000]  好像使徒行傳六章提到初期教會那樣
[00:11:57.000 --> 00:12:01.800]  牧師、傳道人專注在祈禱和傳道的侍奉
[00:12:01.800 --> 00:12:03.400]  唯有好明星
[00:12:03.400 --> 00:12:06.000]  滿有聖靈和智慧的門徒
[00:12:06.000 --> 00:12:07.800]  祈禱、按手
[00:12:07.800 --> 00:12:11.400]  分派他們管理教會日常的事務
[00:12:11.400 --> 00:12:14.000]  信耶穌、分教會的人
[00:12:14.000 --> 00:12:15.800]  要自我反省
[00:12:15.800 --> 00:12:18.000]  有沒有像可拉黨那樣
[00:12:18.000 --> 00:12:19.400]  因為比較
[00:12:19.400 --> 00:12:24.000]  攻擊上帝差派專心侍奉的牧師、傳道
[00:12:24.000 --> 00:12:26.600]  或者因為不合自己的心意
[00:12:26.600 --> 00:12:29.600]  向教會發怨言、投訴
[00:12:29.600 --> 00:12:33.600]  還是專心運用上帝給我們的恩賜
[00:12:33.600 --> 00:12:35.400]  造就教會
[00:12:35.400 --> 00:12:39.000]  牧者有沒有做好自己的職份
[00:12:39.000 --> 00:12:42.000]  我很明白為何會有這些心態
[00:12:42.000 --> 00:12:43.600]  我也有過
[00:12:43.600 --> 00:12:47.400]  因為聽過、見過、遇過
[00:12:47.400 --> 00:12:53.800]  一些失見證的牧師、傳道領袖、組長、老師
[00:12:53.800 --> 00:12:57.200]  起初他們都很忠心去侍奉
[00:12:57.200 --> 00:12:59.200]  之後有不同的原因
[00:12:59.200 --> 00:13:02.800]  分散了他們蒙召傳福音的初心
[00:13:02.800 --> 00:13:05.200]  當我祈禱問上帝為甚麼
[00:13:05.200 --> 00:13:07.600]  上帝用經文回覆我
[00:13:07.600 --> 00:13:11.800]  其實專心教導侍奉的牧師、傳道人
[00:13:11.800 --> 00:13:16.400]  就好像在聖所前面侍奉一樣那麼危險
[00:13:16.400 --> 00:13:18.600]  雅各說過做教師的
[00:13:18.600 --> 00:13:22.000]  要接受更加嚴厲的審判
[00:13:22.000 --> 00:13:24.200]  加上時候快到
[00:13:24.200 --> 00:13:27.600]  人容不下純正的真理
[00:13:27.600 --> 00:13:31.200]  教訓會中都是不好聽
[00:13:31.200 --> 00:13:34.600]  一定被人討厭、指責
[00:13:34.600 --> 00:13:37.400]  同時又有機會被人稱讚
[00:13:37.400 --> 00:13:40.600]  很容易犯上不同的罪
[00:13:40.600 --> 00:13:42.400]  上帝揀選甚麼人
[00:13:42.400 --> 00:13:45.600]  分派侍奉崗位自有上帝的心意
[00:13:45.600 --> 00:13:49.600]  我們只需要專心在上帝面前
[00:13:49.600 --> 00:13:51.800]  做好自己的職份
[00:13:51.800 --> 00:13:54.400]  合一積聚聖靈的引領
[00:13:54.400 --> 00:13:57.800]  同心守護上帝的教會
[00:13:57.800 --> 00:14:02.400]  當遇到自己不想聽的牧者、領袖、傳道
[00:14:02.400 --> 00:14:06.000]  或者在侍奉上出現比較的心態
[00:14:06.000 --> 00:14:10.800]  我們要立刻專注上帝賜下祭司制度
[00:14:10.800 --> 00:14:12.200]  是有界限的
[00:14:12.200 --> 00:14:15.200]  每個人都要為自己的行為負責
[00:14:15.200 --> 00:14:17.200]  反而要問問自己
[00:14:17.200 --> 00:14:19.600]  有沒有領取祭司的職份
[00:14:19.600 --> 00:14:23.400]  去滿足自己的虛榮、驕傲的私慾
[00:14:23.400 --> 00:14:26.000]  還是在造就教會
[00:14:26.000 --> 00:14:30.600]  要小心不要被誘惑轉移視線
[00:14:30.600 --> 00:14:33.200]  在生活上更加要小心
[00:14:33.200 --> 00:14:38.200]  不要用忙、用照顧子女、父母為原因
[00:14:38.200 --> 00:14:41.600]  將上帝給你的職份放在一邊
[00:14:41.600 --> 00:14:43.400]  你想深一層
[00:14:43.400 --> 00:14:46.600]  時間全部都是自己分配
[00:14:46.600 --> 00:14:49.600]  實情你不是不再相信
[00:14:49.600 --> 00:14:52.400]  你是不再守住
[00:14:52.400 --> 00:14:54.200]  當你守不住
[00:14:54.200 --> 00:14:58.000]  專注力就會慢慢地消失
[00:14:58.000 --> 00:15:00.000]  這一點提醒我們
[00:15:00.000 --> 00:15:04.000]  在上帝的家要專心在上帝面前
[00:15:04.000 --> 00:15:06.200]  做好自己的職份
[00:15:06.200 --> 00:15:09.000]  如果不用心去守住
[00:15:09.000 --> 00:15:13.200]  很容易失去對準上帝的焦點
[00:15:13.200 --> 00:15:15.800]  繼續,我們去到第二點
[00:15:15.800 --> 00:15:19.000]  守住了你在上帝面前的職份
[00:15:19.000 --> 00:15:21.600]  你已經有永遠的份
[00:15:21.600 --> 00:15:24.200]  八到十九節我先讀
[00:15:24.200 --> 00:15:27.200]  紫色的highlight請大家一起讀
[00:15:27.200 --> 00:15:29.400]  耶和華曉如亞倫說
[00:15:29.400 --> 00:15:32.000]  我已將歸我的舉制
[00:15:32.000 --> 00:15:35.800]  就是以色列人一切分別為聖的物
[00:15:35.800 --> 00:15:37.800]  交給你經管
[00:15:37.800 --> 00:15:39.600]  因你受過高
[00:15:39.600 --> 00:15:43.000]  把這些都賜給你和你的子孫
[00:15:43.000 --> 00:15:45.200]  當作永德的份
[00:15:45.200 --> 00:15:48.600]  以色列人歸給我至聖的貢物
[00:15:48.600 --> 00:15:52.800]  就是一切的數制、數序制、數顯制
[00:15:52.800 --> 00:15:55.400]  其中所有存留不經火的
[00:15:55.400 --> 00:15:57.400]  都為至聖之物
[00:15:57.400 --> 00:16:00.400]  要歸給你和你的子孫
[00:16:00.400 --> 00:16:03.200]  你要拿這些當至聖物吃
[00:16:03.200 --> 00:16:05.600]  凡藍丁都可以吃
[00:16:05.600 --> 00:16:07.600]  你當以此物為聖
[00:16:07.600 --> 00:16:10.000]  以色列人所獻的舉制
[00:16:10.000 --> 00:16:12.600]  並饒制都是你的
[00:16:12.600 --> 00:16:15.600]  我以賜給你和你的兒女
[00:16:15.600 --> 00:16:17.800]  當作永德的份
[00:16:17.800 --> 00:16:20.400]  凡在你家中的潔淨人
[00:16:20.400 --> 00:16:22.400]  都可以吃
[00:16:22.400 --> 00:16:26.600]  凡遊中、伸走中、五谷中自豪的
[00:16:26.600 --> 00:16:29.600]  就是以色列人所獻給耶和華
[00:16:29.600 --> 00:16:31.000]  初屬之物
[00:16:31.000 --> 00:16:32.800]  我都賜給你
[00:16:32.800 --> 00:16:35.400]  凡從他們地上所帶來
[00:16:35.400 --> 00:16:37.600]  給耶和華初屬之物
[00:16:37.600 --> 00:16:39.600]  都要歸於你
[00:16:39.600 --> 00:16:41.600]  你家中的潔淨人
[00:16:41.600 --> 00:16:43.200]  都可以吃
[00:16:43.200 --> 00:16:45.800]  以色列中一切永獻的
[00:16:45.800 --> 00:16:47.800]  都必歸於你
[00:16:47.800 --> 00:16:50.000]  他們所有奉給耶和華的
[00:16:50.000 --> 00:16:51.600]  連人大生畜
[00:16:51.600 --> 00:16:53.000]  凡投身的
[00:16:53.000 --> 00:16:54.800]  都要歸給你
[00:16:54.800 --> 00:16:58.000]  只是人投身的總要贖出來
[00:16:58.000 --> 00:17:00.200]  不見籍伸出投身的
[00:17:00.200 --> 00:17:01.800]  也要贖出來
[00:17:01.800 --> 00:17:04.800]  其中在一月之外所當贖的
[00:17:04.800 --> 00:17:07.000]  要照你所估定的價
[00:17:07.000 --> 00:17:08.800]  按照聖所的評
[00:17:08.800 --> 00:17:12.200]  用銀子五赦赫勒贖出來
[00:17:12.200 --> 00:17:14.400]  只是投身的牛
[00:17:14.400 --> 00:17:16.800]  或是投身的綿羊和山羊
[00:17:16.800 --> 00:17:18.200]  必不可贖
[00:17:18.200 --> 00:17:19.800]  都是聖的
[00:17:19.800 --> 00:17:22.800]  要把他的血灑在壇上
[00:17:22.800 --> 00:17:25.000]  把他的油脂焚燒
[00:17:25.000 --> 00:17:28.600]  當作輕香的火祭獻給耶和華
[00:17:28.600 --> 00:17:30.200]  他的肉必歸你
[00:17:30.200 --> 00:17:31.800]  將被搖的胸
[00:17:31.800 --> 00:17:34.400]  被舉的右腿歸你一樣
[00:17:34.400 --> 00:17:37.200]  凡以色列人所獻給耶和華
[00:17:37.200 --> 00:17:39.000]  聖物中的舉祭
[00:17:39.000 --> 00:17:42.200]  我都賜給你和你的兒女
[00:17:42.200 --> 00:17:44.400]  當作永德的墳
[00:17:44.400 --> 00:17:47.200]  這是給你和你的後裔
[00:17:47.200 --> 00:17:49.000]  在耶和華面前
[00:17:49.000 --> 00:17:52.000]  作為永遠的炎藥
[00:17:52.000 --> 00:17:53.600]  8-19節我們知道
[00:17:53.600 --> 00:17:57.000]  以色列人為了感謝上帝會獻禮物
[00:17:57.000 --> 00:18:00.800]  表示愛、敬意和感謝上帝
[00:18:00.800 --> 00:18:03.800]  也會為自己的罪獻上供物
[00:18:03.800 --> 00:18:07.400]  通常帶有贖罪、潔淨的性質
[00:18:07.400 --> 00:18:09.800]  當眾歸給耶和華上帝的
[00:18:09.800 --> 00:18:13.200]  只有投身的牛、綿羊、山羊
[00:18:13.200 --> 00:18:15.000]  因為是聖的
[00:18:15.000 --> 00:18:18.000]  但賜給上帝揀選的祭司
[00:18:18.000 --> 00:18:21.800]  永德、至聖可以吃的東西有很多
[00:18:21.800 --> 00:18:26.800]  例如有油、新酒、五穀、初熟之物
[00:18:26.800 --> 00:18:30.400]  投身的牛胸肉、羊腿等等
[00:18:30.400 --> 00:18:32.200]  不只是很足夠
[00:18:32.200 --> 00:18:33.800]  還很好吃
[00:18:33.800 --> 00:18:36.600]  吃的祭司和他們的子孫
[00:18:36.600 --> 00:18:38.200]  只有一個要求
[00:18:38.200 --> 00:18:41.200]  就是要潔淨
[00:18:41.200 --> 00:18:44.200]  今天我們要學懂實踐第二點
[00:18:44.200 --> 00:18:48.200]  就是專注在上帝裡面侍奉的
[00:18:48.200 --> 00:18:51.000]  你已經有永遠的墳
[00:18:51.000 --> 00:18:53.000]  只有一個要求
[00:18:53.000 --> 00:18:55.800]  就是要持守聖潔
[00:18:55.800 --> 00:18:56.800]  注意
[00:18:56.800 --> 00:19:00.000]  上帝的聖物不可以隨便用
[00:19:00.000 --> 00:19:02.800]  隨便碰、隨便去對待
[00:19:02.800 --> 00:19:05.200]  祭司怎樣領受供物
[00:19:05.200 --> 00:19:07.000]  怎樣處理聖物
[00:19:07.000 --> 00:19:09.800]  都有上帝定下的規矩
[00:19:09.800 --> 00:19:14.000]  要照上帝所定的方式去處理
[00:19:14.000 --> 00:19:18.200]  祭司不是靠自己去爭取供應
[00:19:18.200 --> 00:19:21.600]  是靠守著上帝設立的
[00:19:21.600 --> 00:19:25.600]  去得著足夠而且很好的供應
[00:19:25.600 --> 00:19:28.800]  跟我們有什麼關係?
[00:19:28.800 --> 00:19:32.200]  希伯來書9章13到14節提到
[00:19:32.200 --> 00:19:34.600]  如果山羊和公牛的血
[00:19:34.600 --> 00:19:36.400]  以及沒有牛毒的灰
[00:19:36.400 --> 00:19:38.800]  灑在不潔的人身上
[00:19:38.800 --> 00:19:40.800]  尚且使人成性
[00:19:40.800 --> 00:19:42.400]  身體潔淨
[00:19:42.400 --> 00:19:44.400]  何況基督的血
[00:19:44.400 --> 00:19:46.000]  基督藉著永遠的靈
[00:19:46.000 --> 00:19:49.200]  將自己無瑕疵地獻給上帝
[00:19:49.200 --> 00:19:51.800]  更加能洗淨我們的良心
[00:19:51.800 --> 00:19:54.000]  除去致死的行為
[00:19:54.000 --> 00:19:56.800]  好侍奉永生的上帝
[00:19:56.800 --> 00:19:58.600]  持續守潔
[00:19:58.600 --> 00:20:01.400]  已經有永得的份
[00:20:01.400 --> 00:20:03.400]  為什麼要守潔?
[00:20:03.400 --> 00:20:05.800]  因為上帝是至聖的
[00:20:05.800 --> 00:20:09.200]  基督徒要專注上帝的吩咐
[00:20:09.200 --> 00:20:12.800]  甘心獻上全人的生命
[00:20:12.800 --> 00:20:16.800]  作為分別為聖的獻祭
[00:20:16.800 --> 00:20:19.000]  在地如在天
[00:20:19.000 --> 00:20:22.400]  跟上帝一起生活
[00:20:22.400 --> 00:20:24.000]  要怎麼做?
[00:20:24.000 --> 00:20:29.200]  是要從心真正敬畏上帝開始
[00:20:29.200 --> 00:20:31.600]  就會注意自己的生活
[00:20:31.600 --> 00:20:35.000]  是否合乎上帝的心意
[00:20:35.000 --> 00:20:37.000]  但是繁忙的香港
[00:20:37.000 --> 00:20:39.200]  多姿多彩的生活
[00:20:39.200 --> 00:20:41.800]  搶走了我們很多時間
[00:20:41.800 --> 00:20:44.800]  很難每天反省自己的所思
[00:20:44.800 --> 00:20:47.800]  所言、所想、所恨
[00:20:47.800 --> 00:20:51.400]  時間一天一天就這樣過去
[00:20:51.400 --> 00:20:55.000]  稀釋了我們要分別為聖的心態
[00:20:55.000 --> 00:20:58.200]  甚至無意間降格了
[00:20:58.200 --> 00:21:01.400]  敬拜上帝為社交生活
[00:21:01.400 --> 00:21:03.600]  消費主義
[00:21:03.600 --> 00:21:06.400]  而不是回到聖潔上帝面前
[00:21:06.400 --> 00:21:11.600]  獻上讚美、感謝、悔改、認罪
[00:21:11.600 --> 00:21:14.200]  我們有沒有先預備好自己
[00:21:14.200 --> 00:21:16.600]  將時間分別為聖
[00:21:16.600 --> 00:21:19.600]  去崇拜、獻給上帝
[00:21:19.600 --> 00:21:23.200]  去祈禱會為上帝的家祈禱
[00:21:23.200 --> 00:21:25.400]  不好意思都要說
[00:21:25.400 --> 00:21:28.600]  崇拜一直出現遲到、早退
[00:21:28.600 --> 00:21:32.200]  甚至褻瀆時間的情況
[00:21:32.200 --> 00:21:34.800]  祈禱會人丁單薄
[00:21:34.800 --> 00:21:38.200]  心態上真的敬畏上帝
[00:21:38.200 --> 00:21:40.800]  追求上帝的果
[00:21:40.800 --> 00:21:42.400]  不要自欺
[00:21:42.400 --> 00:21:45.000]  上帝是興邁不得
[00:21:45.000 --> 00:21:47.400]  小心肉體在禮堂
[00:21:47.400 --> 00:21:50.600]  其實心裡在想公司的事
[00:21:50.600 --> 00:21:51.800]  家裡的事
[00:21:51.800 --> 00:21:52.800]  一會兒吃什麼
[00:21:52.800 --> 00:21:55.200]  明天怎樣安排
[00:21:55.200 --> 00:21:56.400]  弟兄姊妹
[00:21:56.400 --> 00:21:59.800]  我們一定知道上帝是聖潔
[00:21:59.800 --> 00:22:05.000]  但是如果我們不要持續認真地分別自己出來
[00:22:05.000 --> 00:22:07.600]  又怎樣能專注在上帝的國
[00:22:07.600 --> 00:22:09.000]  上帝的義
[00:22:09.000 --> 00:22:13.000]  德享已經有永遠的份呢?
[00:22:13.000 --> 00:22:16.800]  現在很流行在網上聽很多《釋經》講道
[00:22:16.800 --> 00:22:20.200]  看了很多豐富的查經資料
[00:22:20.200 --> 00:22:23.200]  但是若果沒有真實在生活實踐
[00:22:23.200 --> 00:22:24.600]  敬畏上帝
[00:22:24.600 --> 00:22:26.600]  過守潔的生活
[00:22:26.600 --> 00:22:27.800]  久而久之
[00:22:27.800 --> 00:22:31.200]  你會變為追求敬畏學術知識
[00:22:31.200 --> 00:22:33.400]  不是敬畏上帝
[00:22:33.400 --> 00:22:36.200]  甚至因為目者傳道人
[00:22:36.200 --> 00:22:39.400]  被你知少了某些學者的論點
[00:22:39.400 --> 00:22:43.400]  開始產生輕視對方的心態
[00:22:43.400 --> 00:22:45.400]  真的要小心
[00:22:45.400 --> 00:22:48.200]  知識是會叫人自高自大
[00:22:48.200 --> 00:22:50.800]  心會變得不乾淨
[00:22:50.800 --> 00:22:53.400]  窒道的心就會出現
[00:22:53.400 --> 00:22:55.600]  私欲懷了胎
[00:22:55.600 --> 00:22:57.600]  就生出罪
[00:22:57.600 --> 00:22:59.200]  罪成長
[00:22:59.200 --> 00:23:01.000]  就生出死
[00:23:01.000 --> 00:23:02.800]  好像可拉黨那樣
[00:23:02.800 --> 00:23:04.400]  反摩西
[00:23:04.400 --> 00:23:09.200]  好像祭司長民事法利賽人那樣反耶穌
[00:23:09.200 --> 00:23:11.600]  當自己遇到這些心態
[00:23:11.600 --> 00:23:14.000]  必須立即清醒
[00:23:14.000 --> 00:23:16.400]  不要被這些念頭引誘
[00:23:16.400 --> 00:23:18.600]  更加不要周圍跟人說
[00:23:18.600 --> 00:23:21.600]  有意無意地找人認同自己
[00:23:21.600 --> 00:23:22.800]  分黨派
[00:23:22.800 --> 00:23:26.000]  去攻擊上帝差派的僕人
[00:23:26.000 --> 00:23:27.800]  如果真的有需要
[00:23:27.800 --> 00:23:30.800]  就照《馬太福音》十八章的教導
[00:23:30.800 --> 00:23:33.200]  兩個人先去談
[00:23:33.200 --> 00:23:35.800]  再不聽就再找一兩個人談
[00:23:35.800 --> 00:23:38.200]  再不聽就找教會去談
[00:23:38.200 --> 00:23:39.800]  如果不聽教會
[00:23:39.800 --> 00:23:41.600]  就將不聽的人
[00:23:41.600 --> 00:23:44.400]  看成外邦人或稅吏
[00:23:44.400 --> 00:23:46.400]  千萬不要讓上帝
[00:23:46.400 --> 00:23:50.400]  不合上帝心意的心思發酵
[00:23:50.400 --> 00:23:53.600]  更不要試探上帝的容忍度
[00:23:53.600 --> 00:23:57.400]  當人不再將上帝看為至聖的
[00:23:57.400 --> 00:23:59.600]  就會經常跟自己說
[00:23:59.600 --> 00:24:01.800]  改變?遲一點吧
[00:24:01.800 --> 00:24:04.000]  不急再算
[00:24:04.000 --> 00:24:06.200]  上帝會原諒的
[00:24:06.200 --> 00:24:08.400]  但文素記提醒我們
[00:24:08.400 --> 00:24:10.800]  上帝有聖潔的界限
[00:24:10.800 --> 00:24:13.200]  我們不可以拿來試水溫
[00:24:13.200 --> 00:24:15.400]  我們必須敬畏上帝
[00:24:15.400 --> 00:24:17.200]  守潔生活
[00:24:17.200 --> 00:24:20.600]  人非聖潔不能見主面
[00:24:20.600 --> 00:24:22.600]  其實人的感覺
[00:24:22.600 --> 00:24:25.200]  情緒和意志力
[00:24:25.200 --> 00:24:27.000]  是不可靠的
[00:24:27.000 --> 00:24:29.400]  我們要真心認識
[00:24:29.400 --> 00:24:31.400]  相信主耶穌基督
[00:24:31.400 --> 00:24:34.200]  在十字架上的救贖
[00:24:34.200 --> 00:24:35.600]  經歷到自己
[00:24:35.600 --> 00:24:39.000]  真是一個蒙恩不配的罪人
[00:24:39.000 --> 00:24:43.000]  只有靠耶穌和上帝同行
[00:24:43.000 --> 00:24:45.000]  自然我們就會謙卑
[00:24:45.000 --> 00:24:46.800]  感恩地去生活
[00:24:46.800 --> 00:24:48.400]  每天更渴求
[00:24:48.400 --> 00:24:50.600]  和基督耶穌去聯合
[00:24:50.600 --> 00:24:53.200]  被聖靈充滿
[00:24:53.200 --> 00:24:54.800]  弟兄姊妹
[00:24:54.800 --> 00:24:56.800]  我們不需要再為自己
[00:24:56.800 --> 00:24:58.600]  爭取什麼份
[00:24:58.600 --> 00:25:00.200]  因為在上帝裡面
[00:25:00.200 --> 00:25:02.800]  我們已經有永遠的份
[00:25:02.800 --> 00:25:05.000]  沒有人可以拿走
[00:25:05.000 --> 00:25:07.400]  除非是自己放手
[00:25:07.400 --> 00:25:11.000]  不再每天選擇與主親密
[00:25:11.000 --> 00:25:13.000]  持守聖潔
[00:25:13.000 --> 00:25:18.600]  繼續我們看二十到三十二節
[00:25:18.600 --> 00:25:19.800]  都長的
[00:25:19.800 --> 00:25:21.000]  我們繼續一起讀
[00:25:21.000 --> 00:25:23.000]  第三點上帝就是你的份
[00:25:23.000 --> 00:25:24.200]  你的產業
[00:25:24.200 --> 00:25:25.400]  我先讀
[00:25:25.400 --> 00:25:28.000]  有紫色的highlight請大家讀
[00:25:28.000 --> 00:25:29.800]  耶和華對亞倫說
[00:25:29.800 --> 00:25:31.400]  你在以色列人的境內
[00:25:31.400 --> 00:25:33.000]  不可有產業
[00:25:33.000 --> 00:25:35.600]  在他們中間也不可有份
[00:25:35.600 --> 00:25:37.400]  我就是你的份
[00:25:37.400 --> 00:25:39.200]  是你的產業
[00:25:39.200 --> 00:25:42.600]  凡以色列中出產的十分之一
[00:25:42.600 --> 00:25:46.000]  我以次級利未的子孫為業
[00:25:46.000 --> 00:25:49.200]  因他們所辦的是會幕的事
[00:25:49.200 --> 00:25:53.000]  所以次級他們為囚他們的奴
[00:25:53.000 --> 00:25:54.200]  從今以後
[00:25:54.200 --> 00:25:56.600]  以色列人不可靠近會幕
[00:25:56.600 --> 00:25:59.200]  免得他們擔罪而死
[00:25:59.200 --> 00:26:02.000]  唯獨利未人要辦會幕的事
[00:26:02.000 --> 00:26:03.600]  擔當罪孽
[00:26:03.600 --> 00:26:07.400]  這要作你們世世代代永遠的定例
[00:26:07.400 --> 00:26:11.200]  他們在以色列人中不可有產業
[00:26:11.200 --> 00:26:15.200]  因為以色列人中出產的十分之一
[00:26:15.200 --> 00:26:18.600]  就是獻給耶和華為舉祭的
[00:26:18.600 --> 00:26:21.400]  我以次級利未人為業
[00:26:21.400 --> 00:26:23.200]  所以我對他們說
[00:26:23.200 --> 00:26:26.400]  在以色列人中不可有產業
[00:26:26.400 --> 00:26:28.400]  耶和華吩咐摩西說
[00:26:28.400 --> 00:26:30.600]  你曉遇利未人說
[00:26:30.600 --> 00:26:34.800]  你們從以色列人中所取的十分之一
[00:26:34.800 --> 00:26:37.600]  就是我給你們為業的
[00:26:37.600 --> 00:26:41.600]  要再從那十分之一中取十分之一
[00:26:41.600 --> 00:26:44.600]  作為舉祭獻給耶和華
[00:26:44.600 --> 00:26:48.200]  這舉祭要算為你們牆上的谷
[00:26:48.200 --> 00:26:50.600]  又如滿酒渣的酒
[00:26:50.600 --> 00:26:55.600]  這樣你們從以色列人中所得的十分之一
[00:26:55.600 --> 00:26:59.000]  也要作舉祭獻給耶和華
[00:26:59.000 --> 00:27:01.400]  從這十分之一中
[00:27:01.400 --> 00:27:04.400]  將所獻給耶和華的舉祭
[00:27:04.400 --> 00:27:07.600]  歸給祭司亞倫
[00:27:07.600 --> 00:27:10.200]  奉給你們的一切禮物
[00:27:10.200 --> 00:27:12.800]  要從其中將自好的
[00:27:12.800 --> 00:27:15.200]  就是分別為聖的
[00:27:15.200 --> 00:27:18.200]  獻給耶和華為舉祭
[00:27:18.200 --> 00:27:21.000]  所以你要對利未人說
[00:27:21.000 --> 00:27:24.000]  你們從其中將自好的舉起
[00:27:24.000 --> 00:27:27.000]  這就算為你們牆上的樑
[00:27:27.000 --> 00:27:29.200]  又如酒渣的酒
[00:27:29.200 --> 00:27:33.000]  你們和你家屬隨處可以吃
[00:27:33.000 --> 00:27:35.800]  這原是你們的賞賜
[00:27:35.800 --> 00:27:39.800]  是求你們在會幕裡辦事的奴
[00:27:39.800 --> 00:27:43.600]  你們從其中將自好的舉起
[00:27:43.600 --> 00:27:47.000]  就不至因者物擔罪
[00:27:47.000 --> 00:27:50.600]  你們不可褻瀆以色列人的聖物
[00:27:50.600 --> 00:27:53.000]  免得死亡
[00:27:53.000 --> 00:27:56.000]  20到32節是說以色列人
[00:27:56.000 --> 00:28:00.200]  將分別為聖的禮物 供物獻給上帝
[00:28:00.200 --> 00:28:04.000]  上帝將當中的十分之一作酬勞
[00:28:04.000 --> 00:28:05.800]  賜給利未人
[00:28:05.800 --> 00:28:09.000]  因為他們在會幕冒險辦事
[00:28:09.000 --> 00:28:10.800]  擔當罪孽
[00:28:10.800 --> 00:28:14.000]  同樣利未人自己又要將上帝
[00:28:14.000 --> 00:28:16.800]  賜給他們十分之一作舉祭
[00:28:16.800 --> 00:28:18.600]  獻給上帝
[00:28:18.600 --> 00:28:21.200]  上帝賜給祭司
[00:28:21.200 --> 00:28:24.000]  利未人和祭司憑信心
[00:28:24.000 --> 00:28:26.600]  不需要為自己留產業
[00:28:26.600 --> 00:28:29.400]  因為上帝就是他們的份
[00:28:29.400 --> 00:28:31.000]  他們的產業
[00:28:31.000 --> 00:28:34.600]  要知道一切都是出於上帝
[00:28:34.600 --> 00:28:36.400]  會幕侍奉的人
[00:28:36.400 --> 00:28:39.200]  清楚上帝會供應
[00:28:39.200 --> 00:28:42.200]  酬他們的薪勞
[00:28:42.200 --> 00:28:45.600]  今天我們要學懂實踐的第三點
[00:28:45.600 --> 00:28:48.000]  作為祭司的我們
[00:28:48.000 --> 00:28:51.600]  需要每日持續生活在
[00:28:51.600 --> 00:28:53.200]  敬畏上帝
[00:28:53.200 --> 00:28:55.000]  持守聖潔
[00:28:55.000 --> 00:28:56.600]  與主聯合
[00:28:56.600 --> 00:28:59.600]  憑信侍奉這個秩序中
[00:28:59.600 --> 00:29:02.800]  上帝已經給了我們永遠的份
[00:29:02.800 --> 00:29:05.200]  因為上帝就是我們的份
[00:29:05.200 --> 00:29:07.000]  我們的產業
[00:29:07.000 --> 00:29:11.400]  持續憑信領受生活就可以
[00:29:11.400 --> 00:29:14.400]  和我們有什麼關係
[00:29:14.400 --> 00:29:18.800]  希伯來書9章15節這樣說道
[00:29:18.800 --> 00:29:20.000]  為此
[00:29:20.000 --> 00:29:22.600]  基督作了新約的忠報
[00:29:22.600 --> 00:29:24.200]  因為祂的死
[00:29:24.200 --> 00:29:25.600]  贖了人
[00:29:25.600 --> 00:29:29.000]  在第一個約之時所犯的罪過
[00:29:29.000 --> 00:29:30.600]  使蒙召的人
[00:29:30.600 --> 00:29:35.000]  能得著所應許永遠的產業
[00:29:35.000 --> 00:29:36.800]  基督的真門徒
[00:29:36.800 --> 00:29:39.600]  在教會侍奉奉獻
[00:29:39.600 --> 00:29:42.600]  不是著眼地上的產業
[00:29:42.600 --> 00:29:45.800]  而已經以上帝為祂自己的份
[00:29:45.800 --> 00:29:47.600]  自己的產業
[00:29:47.600 --> 00:29:49.200]  耶穌教導過
[00:29:49.200 --> 00:29:52.400]  不要為自己在地上積蓄財寶
[00:29:52.400 --> 00:29:54.200]  地上有蟲咬
[00:29:54.200 --> 00:29:55.200]  會受壞
[00:29:55.200 --> 00:29:57.400]  有賊滑動來偷
[00:29:57.400 --> 00:30:00.000]  要在天上積足財寶
[00:30:00.000 --> 00:30:01.800]  天上沒有蟲咬
[00:30:01.800 --> 00:30:03.200]  不會扭壞
[00:30:03.200 --> 00:30:04.800]  沒有賊偷
[00:30:04.800 --> 00:30:07.200]  因為你的財寶在哪裡
[00:30:07.200 --> 00:30:10.000]  你的心就會在哪裡
[00:30:10.000 --> 00:30:11.400]  換句話說
[00:30:11.400 --> 00:30:13.000]  基督徒明白
[00:30:13.000 --> 00:30:16.400]  不再專注地上自己的產業
[00:30:16.400 --> 00:30:20.800]  現在已經是放眼天上積存的產業
[00:30:20.800 --> 00:30:24.800]  知足加上敬虔就是大利
[00:30:24.800 --> 00:30:28.000]  做十一奉獻沒有難度
[00:30:28.000 --> 00:30:30.200]  如果你仍然不明白
[00:30:30.200 --> 00:30:32.400]  為什麼上帝就是你的份
[00:30:32.400 --> 00:30:34.000]  你的產業
[00:30:34.000 --> 00:30:35.200]  很有可能
[00:30:35.200 --> 00:30:36.400]  還是有罪
[00:30:36.400 --> 00:30:38.800]  卡在你的心裡
[00:30:38.800 --> 00:30:40.200]  敬拜上帝
[00:30:40.200 --> 00:30:42.200]  和侍奉上帝的心
[00:30:42.200 --> 00:30:44.600]  就會失去焦點
[00:30:44.600 --> 00:30:47.200]  而且會不自覺地
[00:30:47.200 --> 00:30:52.000]  專注逃避自己應該要負的責任
[00:30:52.000 --> 00:30:55.000]  很多信徒不是沒有聽到
[00:30:55.000 --> 00:30:58.400]  是不敢相信不靠自己
[00:30:58.400 --> 00:31:02.400]  因為我們至少被教育是靠自己
[00:31:02.400 --> 00:31:04.200]  即使明知有錯
[00:31:04.200 --> 00:31:06.200]  但一直都不肯面對
[00:31:06.200 --> 00:31:09.800]  自己真正內心的狀態
[00:31:09.800 --> 00:31:11.800]  好像不饒恕人
[00:31:11.800 --> 00:31:13.600]  一直藏在心裡
[00:31:13.600 --> 00:31:16.000]  口就說交給上帝
[00:31:16.000 --> 00:31:18.400]  但心裡一直翻舊帳
[00:31:18.400 --> 00:31:20.800]  甚至到處說
[00:31:20.800 --> 00:31:22.400]  我記得上門裡
[00:31:22.400 --> 00:31:24.000]  陳牧師要我們做一個
[00:31:24.000 --> 00:31:26.600]  叫做「真饒恕」的功課
[00:31:26.600 --> 00:31:28.400]  有一次到我分享
[00:31:28.400 --> 00:31:31.800]  我說現在沒有對象要做這個功課
[00:31:31.800 --> 00:31:34.400]  因為我一知道令人不開心
[00:31:34.400 --> 00:31:35.800]  我很不安樂
[00:31:35.800 --> 00:31:38.800]  我就會跟別人說很快就認錯
[00:31:38.800 --> 00:31:40.800]  有牧者說笑
[00:31:40.800 --> 00:31:43.000]  遲些你就知道
[00:31:43.000 --> 00:31:46.400]  牧會越久越跟聖經去教人
[00:31:46.400 --> 00:31:48.400]  越會刺痛人
[00:31:48.400 --> 00:31:50.400]  就會有人來跟牧者說
[00:31:50.400 --> 00:31:52.400]  你傷害我
[00:31:52.400 --> 00:31:54.400]  盼望大家明白
[00:31:54.400 --> 00:31:57.000]  照聖經說的牧者
[00:31:57.000 --> 00:32:00.200]  只是按聖經所說
[00:32:00.200 --> 00:32:02.600]  如果一直不要恕人
[00:32:02.600 --> 00:32:04.000]  日子久了
[00:32:04.000 --> 00:32:06.800]  你祈禱就會很不自然
[00:32:06.800 --> 00:32:09.200]  讀經讀不到入心
[00:32:09.200 --> 00:32:11.200]  經歷不到上帝
[00:32:11.200 --> 00:32:14.200]  因為你的心還未乾淨
[00:32:14.200 --> 00:32:16.400]  怎樣可以親近上帝
[00:32:16.400 --> 00:32:21.000]  能夠輕散、喜樂、面帶笑容地侍奉呢?
[00:32:21.000 --> 00:32:23.200]  上帝要我們怎樣?
[00:32:23.200 --> 00:32:27.600]  其實就是每天生活在主耶穌基督的裡面
[00:32:27.600 --> 00:32:29.600]  跟著愛的秩序
[00:32:29.600 --> 00:32:31.000]  因著耶穌
[00:32:31.000 --> 00:32:33.600]  我們已經被分別為聖
[00:32:33.600 --> 00:32:36.800]  然後跟著聖靈引導我們去生活
[00:32:36.800 --> 00:32:39.600]  從基督得到智慧、能力
[00:32:39.600 --> 00:32:41.600]  可以活像基督
[00:32:41.600 --> 00:32:44.200]  然後合一地生活
[00:32:44.200 --> 00:32:48.600]  讓人看見福音改變我們生命的大能
[00:32:48.600 --> 00:32:52.600]  才會令人不抗拒基督徒
[00:32:52.600 --> 00:32:54.400]  如果你未明白
[00:32:54.400 --> 00:32:57.600]  上帝就是你的份、你的產業
[00:32:57.600 --> 00:33:02.000]  以為地上的金錢、樓房、資產、權柄、名譽
[00:33:02.000 --> 00:33:04.600]  才是你的產業
[00:33:04.600 --> 00:33:06.000]  你想一想
[00:33:06.000 --> 00:33:07.400]  死了之後
[00:33:07.400 --> 00:33:10.600]  這些東西全部都拿不走
[00:33:10.600 --> 00:33:17.200]  我們要專注上帝才是我們真正的產業
[00:33:17.200 --> 00:33:18.200]  總結
[00:33:18.200 --> 00:33:21.600]  今日文素記十八章要提醒你
[00:33:21.600 --> 00:33:25.400]  重新專注三點
[00:33:25.400 --> 00:33:29.000]  在上帝面前你的積分
[00:33:29.000 --> 00:33:34.000]  你有沒有認真負責過去做呢?
[00:33:34.000 --> 00:33:35.200]  第二
[00:33:35.200 --> 00:33:39.400]  在上帝裡面你已經有永遠的份
[00:33:39.400 --> 00:33:43.600]  你有沒有潔淨自己去享受?
[00:33:43.600 --> 00:33:44.600]  第三
[00:33:44.600 --> 00:33:49.600]  上帝就是你的份、你的產業
[00:33:49.600 --> 00:33:53.800]  你是不是真正明白?
[00:33:53.800 --> 00:33:56.200]  主內弟兄姊妹
[00:33:56.200 --> 00:34:01.800]  你是不是已經失去了專注上帝吩咐的能力?
[00:34:01.800 --> 00:34:04.600]  何謂專注能力?
[00:34:04.600 --> 00:34:07.600]  就是大腦處理資訊
[00:34:07.600 --> 00:34:10.600]  過濾環境的干擾
[00:34:10.600 --> 00:34:14.000]  持續執行目標的能力
[00:34:14.000 --> 00:34:16.800]  我們需要維持警覺性
[00:34:16.800 --> 00:34:20.200]  去分辨導向這些資訊
[00:34:20.200 --> 00:34:21.800]  節制地執行
[00:34:21.800 --> 00:34:28.000]  分配自己的心思、精神、時間、體力
[00:34:28.000 --> 00:34:29.600]  簡單來說
[00:34:29.600 --> 00:34:34.400]  專注力就是你優先權的分配
[00:34:34.400 --> 00:34:36.000]  專注力低
[00:34:36.000 --> 00:34:39.400]  你的人生路會變得長了
[00:34:39.400 --> 00:34:42.200]  甚至出現很多彎位
[00:34:42.200 --> 00:34:43.800]  專注力高
[00:34:43.800 --> 00:34:46.800]  你的路會更加直
[00:34:46.800 --> 00:34:50.800]  基督徒如果失去了專注在上帝的能力
[00:34:50.800 --> 00:34:55.400]  就會不知不覺向永死的路走
[00:34:55.400 --> 00:34:57.800]  所以我們要好好留意兩種
[00:34:57.800 --> 00:35:01.000]  令我們失去專注力的元兇
[00:35:01.000 --> 00:35:02.200]  第一
[00:35:02.200 --> 00:35:05.000]  就是腦內舊有殘留
[00:35:05.000 --> 00:35:09.400]  不合上帝心意的慣性或謊言
[00:35:09.400 --> 00:35:11.200]  第二
[00:35:11.200 --> 00:35:18.000]  外間頻繁、快速爭奪我們注意力的東西
[00:35:18.000 --> 00:35:20.400]  很多報告已經指出
[00:35:20.400 --> 00:35:25.800]  專注力對二十世紀網絡世界的人來說很重要
[00:35:25.800 --> 00:35:29.000]  對我們基督徒更加重要
[00:35:29.000 --> 00:35:33.600]  我們必須檢視自己敬拜上帝的心
[00:35:33.600 --> 00:35:36.800]  操練專注在上帝的能力
[00:35:36.800 --> 00:35:38.800]  過聖潔的生活
[00:35:38.800 --> 00:35:41.400]  不要隨波逐流
[00:35:41.400 --> 00:35:44.400]  如果變得不冷不熱
[00:35:44.400 --> 00:35:49.400]  最終是會被上帝套出去
[00:35:49.400 --> 00:35:51.000]  現在AI時代
[00:35:51.000 --> 00:35:54.200]  這一張是AI的新成圖
[00:35:54.200 --> 00:36:01.400]  AI都知道這些可以改善自己失去專注上帝的方法
[00:36:01.400 --> 00:36:06.200]  我們是上帝創造的人
[00:36:06.200 --> 00:36:09.400]  不可能想不到什麼方法
[00:36:09.400 --> 00:36:13.200]  去改善專注在上帝身上
[00:36:13.200 --> 00:36:17.000]  是不是?
[00:36:17.000 --> 00:36:21.400]  如果你生活慢慢出現了以下的情況
[00:36:21.400 --> 00:36:23.000]  例如
[00:36:23.000 --> 00:36:29.600]  不再守住上帝給你的積分和界線
[00:36:29.600 --> 00:36:34.400]  不再敬畏上帝是至聖的
[00:36:34.400 --> 00:36:40.600]  不再去面對罪、饒恕和守潔
[00:36:40.600 --> 00:36:45.800]  我會建議你立即祈禱回到上帝面前
[00:36:45.800 --> 00:36:48.200]  悔改認罪
[00:36:48.200 --> 00:36:52.200]  求聖靈去指引
[00:36:52.200 --> 00:36:57.400]  好消息不是靠我們硬撐的意志力
[00:36:57.400 --> 00:37:04.400]  是靠守潔的我們和耶穌聯合
[00:37:04.400 --> 00:37:08.200]  大家在教會有沒有見過這一句金句?
[00:37:08.200 --> 00:37:10.200]  知不知道在哪裡?
[00:37:10.200 --> 00:37:12.200]  是的,在那裡
[00:37:12.200 --> 00:37:16.600]  你要把你的道路交託耶和華並依靠祂
[00:37:16.600 --> 00:37:19.200]  祂就必成全
[00:37:19.200 --> 00:37:22.200]  來自詩篇37篇5節
[00:37:22.200 --> 00:37:24.600]  之前那兩句提醒
[00:37:24.600 --> 00:37:26.800]  以信實為糧食
[00:37:26.800 --> 00:37:29.000]  以上帝為樂
[00:37:29.000 --> 00:37:31.400]  多麼美好
[00:37:31.400 --> 00:37:34.800]  無論你現在是什麼情況
[00:37:34.800 --> 00:37:39.000]  至聖的上帝從未改變
[00:37:39.000 --> 00:37:43.800]  公義上帝的秩序仍然存在
[00:37:43.800 --> 00:37:48.200]  慈愛上帝的恩典、供應、認許
[00:37:48.200 --> 00:37:53.400]  仍然在你身邊
[00:37:53.400 --> 00:37:55.400]  各位主內弟兄姊妹
[00:37:55.400 --> 00:37:57.800]  在利未記21章
[00:37:57.800 --> 00:38:01.000]  祭司聖潔的條例提醒我們
[00:38:01.000 --> 00:38:03.200]  要歸上帝為聖
[00:38:03.200 --> 00:38:05.400]  不可褻瀆上帝的名
[00:38:05.400 --> 00:38:09.200]  因為耶和華的火祭就是上帝的食物
[00:38:09.200 --> 00:38:11.800]  是祭司獻的
[00:38:11.800 --> 00:38:16.600]  所以祭司要成聖
[00:38:16.600 --> 00:38:17.600]  保羅說:
[00:38:17.600 --> 00:38:19.800]  「深信你們滿有良善
[00:38:19.800 --> 00:38:22.200]  充足了諸般的知識
[00:38:22.200 --> 00:38:24.400]  也能彼此勸誡
[00:38:24.400 --> 00:38:28.400]  但我稍微放膽提醒你們的記性
[00:38:28.400 --> 00:38:31.400]  特因上帝所給我的恩典
[00:38:31.400 --> 00:38:35.200]  使我為愛邦人作基督耶穌的僕役
[00:38:35.200 --> 00:38:37.600]  作上帝福音的祭司
[00:38:37.600 --> 00:38:39.800]  叫所獻上的愛邦人
[00:38:39.800 --> 00:38:43.000]  因著聖靈成為聖潔
[00:38:43.000 --> 00:38:46.200]  可蒙月立」
[00:38:46.200 --> 00:38:49.000]  現在我想發出一個邀請
[00:38:49.000 --> 00:38:50.800]  請大家安靜
[00:38:50.800 --> 00:38:52.600]  合埋雙眼
[00:38:52.600 --> 00:38:54.600]  用一分鐘
[00:38:54.600 --> 00:38:55.800]  問:
[00:38:55.800 --> 00:38:57.000]  「主啊
[00:38:57.000 --> 00:38:59.200]  我的生命有什麼阻礙
[00:38:59.200 --> 00:39:04.000]  我未能夠以上帝為糞為產業?」
[00:39:04.000 --> 00:39:05.200]  之後
[00:39:05.200 --> 00:39:06.400]  你聽一下
[00:39:06.400 --> 00:39:10.000]  上帝怎樣回答你
[00:39:10.000 --> 00:39:12.200]  可能是說話
[00:39:12.200 --> 00:39:15.600]  可能是畫面
[00:39:15.600 --> 00:39:18.000]  請大家繼續合起雙眼
[00:39:18.000 --> 00:39:21.200]  我想發出多一個邀請
[00:39:21.200 --> 00:39:22.200]  如果
[00:39:22.200 --> 00:39:24.000]  你想為你這一刻
[00:39:24.000 --> 00:39:26.200]  不能夠專注在上帝吩咐
[00:39:26.200 --> 00:39:28.800]  去生活而悔改
[00:39:28.800 --> 00:39:33.400]  或者想潔淨你敬拜上帝的心態
[00:39:33.400 --> 00:39:36.200]  請你在座位起身
[00:39:36.200 --> 00:39:40.400]  我很想為你祈禱
[00:39:40.400 --> 00:39:43.400]  現在我們來到上帝面前
[00:39:43.400 --> 00:39:46.200]  不需要理會有沒有人起身
[00:39:46.200 --> 00:39:48.800]  其他人怎樣看
[00:39:48.800 --> 00:39:50.000]  崇拜
[00:39:50.000 --> 00:39:52.400]  從來只有一位
[00:39:52.400 --> 00:40:00.600]  就是上帝
[00:40:00.600 --> 00:40:04.400]  我見到
[00:40:04.400 --> 00:40:07.000]  至聖的天父上帝
[00:40:07.000 --> 00:40:08.000]  你見到現在
[00:40:08.000 --> 00:40:11.400]  竊立在你面前悔改認罪的肢體
[00:40:11.400 --> 00:40:13.400]  我為他們獻上感心
[00:40:13.400 --> 00:40:15.000]  滿心感謝
[00:40:15.000 --> 00:40:17.800]  他們不想再將身體獻給罪
[00:40:17.800 --> 00:40:19.800]  作不義的器具
[00:40:19.800 --> 00:40:22.000]  都要將從死裡復活的人
[00:40:22.000 --> 00:40:25.600]  將自己作義的器具獻給你
[00:40:25.600 --> 00:40:29.000]  罪必不能作他們的主
[00:40:29.000 --> 00:40:32.200]  因為我們不再在律法之下
[00:40:32.200 --> 00:40:34.600]  是在恩典之下
[00:40:34.600 --> 00:40:37.000]  求我們主耶穌基督的上帝
[00:40:37.000 --> 00:40:38.600]  榮耀的父
[00:40:38.600 --> 00:40:42.600]  將那賜人智慧和啟示的靈賜給他們
[00:40:42.600 --> 00:40:44.800]  使他們真知道主
[00:40:44.800 --> 00:40:47.200]  並且照明他們心中的眼睛
[00:40:47.200 --> 00:40:49.800]  知道主的恩兆有何等的指望
[00:40:49.800 --> 00:40:53.600]  在聖徒中得的基業有何等豐盛的榮耀
[00:40:53.600 --> 00:40:56.400]  並知道主向信的人所顯的能力
[00:40:56.400 --> 00:40:58.600]  是何等的豪大
[00:40:58.600 --> 00:41:02.200]  求聖靈呼喚大家對你話語的饑渴
[00:41:02.200 --> 00:41:06.000]  潔淨我們心中一切難阻神做的事
[00:41:06.000 --> 00:41:09.200]  幫助我們每日敏銳聖靈的導引
[00:41:09.200 --> 00:41:11.800]  不是追求一次的感動
[00:41:11.800 --> 00:41:16.800]  而是改變過著持續順服主的生活方式
[00:41:16.800 --> 00:41:19.600]  口怯心禍地讚美主
[00:41:19.600 --> 00:41:22.400]  生命結出聖靈的果子
[00:41:22.400 --> 00:41:24.400]  上上奉主耶穌基督的名
[00:41:24.400 --> 00:41:26.200]  感謝父上帝
[00:41:26.200 --> 00:41:29.600]  全敬畏基督的心彼此順服
[00:41:29.600 --> 00:41:32.000]  求主幫助教會眾人
[00:41:32.000 --> 00:41:36.200]  更生復興以上帝為糞為產業的生命
[00:41:36.200 --> 00:41:39.200]  在主耶穌的愛中持續聖潔
[00:41:39.200 --> 00:41:41.200]  直到主再來
[00:41:41.200 --> 00:41:42.800]  我們可以坦然無忌
[00:41:42.800 --> 00:41:45.800]  仍然示納在施恩寶座前
[00:41:45.800 --> 00:41:48.600]  奉耶穌聖潔名字祈求
[00:41:48.600 --> 00:41:49.600]  阿門
