
[00:00:00.000 --> 00:00:02.800]  各位弟兄姐妹 大家主內平安
[00:00:02.800 --> 00:00:06.560]  感恩今天我們又一次的相聚
[00:00:06.560 --> 00:00:09.000]  今天是父親節
[00:00:09.000 --> 00:00:11.380]  也同樣是一個主日
[00:00:11.380 --> 00:00:13.960]  要和大家分享的題目呢
[00:00:13.960 --> 00:00:16.600]  叫做 為父的心
[00:00:16.600 --> 00:00:19.560]  那既然是父親節呢
[00:00:19.560 --> 00:00:22.380]  也要祝所有在場的
[00:00:22.380 --> 00:00:23.380]  爸爸們
[00:00:23.380 --> 00:00:26.500]  父親節快樂 主人滿意
[00:00:26.500 --> 00:00:29.220]  那也願我們所有人的爸爸
[00:00:29.220 --> 00:00:31.580]  都滿有疏天的恩典
[00:00:31.580 --> 00:00:34.820]  同樣我們也要將一切的榮耀
[00:00:34.820 --> 00:00:37.840]  歸於我們天上的父
[00:00:37.840 --> 00:00:40.640]  謝謝主席剛才帶大家一起來
[00:00:40.640 --> 00:00:42.640]  讀了今天的經文啊
[00:00:42.640 --> 00:00:45.500]  這段經文呢 是聖經裡邊
[00:00:45.500 --> 00:00:48.500]  非常出名的一個耶穌的比喻
[00:00:48.500 --> 00:00:51.440]  熟悉聖經或者是來到教會
[00:00:51.440 --> 00:00:52.780]  一段時間的
[00:00:52.780 --> 00:00:55.760]  弟兄姐妹一定不會陌生
[00:00:55.760 --> 00:00:58.540]  這一段的記載呢 叫做
[00:00:58.540 --> 00:01:00.020]  浪子的比喻
[00:01:00.020 --> 00:01:03.580]  我們如果看路加福音的第15章
[00:01:03.580 --> 00:01:06.580]  順著這樣一個浪子的比喻的話呢
[00:01:06.580 --> 00:01:09.580]  耶穌一連在
[00:01:09.580 --> 00:01:12.540]  這一章當中 啪啪啪
[00:01:12.540 --> 00:01:13.900]  講了三個比喻
[00:01:13.900 --> 00:01:16.520]  分別在這個比喻之前的呢
[00:01:16.520 --> 00:01:19.880]  還有彌陽的比喻
[00:01:19.880 --> 00:01:21.940]  詩前的比喻
[00:01:21.940 --> 00:01:25.480]  對應這三個比喻呢 它有三個主題啊
[00:01:25.480 --> 00:01:28.480]  叫做 詩陽
[00:01:28.480 --> 00:01:30.020]  詩前
[00:01:30.020 --> 00:01:32.180]  和詩人的比喻
[00:01:32.180 --> 00:01:36.180]  那麼這樣一個比喻呢 非常的生動
[00:01:36.180 --> 00:01:39.720]  也很切切我們大家日常
[00:01:39.720 --> 00:01:41.980]  生活當中的際遇
[00:01:41.980 --> 00:01:45.400]  但是呢 這樣一個浪子的比喻呢
[00:01:45.400 --> 00:01:48.780]  卻不是一個完全
[00:01:48.780 --> 00:01:51.260]  容易明白讀懂的比喻
[00:01:51.260 --> 00:01:53.260]  因為它講的呢
[00:01:53.260 --> 00:01:55.140]  並不是一個
[00:01:55.740 --> 00:01:58.740]  家庭倫理的故事 不單是
[00:01:58.740 --> 00:02:00.020]  這樣一個故事
[00:02:00.020 --> 00:02:04.180]  曾經有和我們的弟兄姊妹分享了這段
[00:02:04.180 --> 00:02:06.980]  比喻以後呢 就有姊妹說了
[00:02:06.980 --> 00:02:10.480]  我的兒子膽敢提這樣的要求
[00:02:10.480 --> 00:02:12.920]  我首先就把他的腿打斷
[00:02:12.920 --> 00:02:17.920]  也有的這個弟兄姊妹說了
[00:02:17.920 --> 00:02:19.680]  哎呀
[00:02:19.680 --> 00:02:21.980]  做富二代真好啊
[00:02:21.980 --> 00:02:23.980]  容錯率真高啊
[00:02:25.020 --> 00:02:26.340]  錯了一次啊
[00:02:26.340 --> 00:02:29.640]  還可以再回家 他父親還可以不怪他
[00:02:29.640 --> 00:02:31.140]  那麼
[00:02:31.140 --> 00:02:35.020]  在我們身邊遇到這樣一種
[00:02:35.020 --> 00:02:37.580]  家庭倫理 好像這樣一個
[00:02:37.580 --> 00:02:40.900]  父親和孩子之間的事情
[00:02:40.900 --> 00:02:43.480]  或者父母和孩子之間的事情呢
[00:02:43.480 --> 00:02:44.680]  有
[00:02:44.680 --> 00:02:47.960]  但是不是一個普遍的事情 對嗎
[00:02:47.960 --> 00:02:49.200]  聽到
[00:02:49.200 --> 00:02:51.860]  但是不是每個家庭都會發生
[00:02:52.320 --> 00:02:55.140]  而且這樣的一個比喻的用意呢
[00:02:55.140 --> 00:02:57.720]  並不是叫大家說
[00:02:57.720 --> 00:03:01.680]  孩子提出這樣一個無理的要求 或者是教你
[00:03:01.680 --> 00:03:04.060]  分不分家產的一件事情
[00:03:04.060 --> 00:03:08.560]  而是耶穌用了這樣一段的比喻
[00:03:08.560 --> 00:03:10.680]  是要想要
[00:03:10.680 --> 00:03:12.440]  教導人
[00:03:12.440 --> 00:03:15.460]  特別是教導罪人的比喻
[00:03:15.460 --> 00:03:18.980]  主耶穌要用這樣一段比喻
[00:03:18.980 --> 00:03:21.880]  是要為了讓人
[00:03:21.940 --> 00:03:25.120]  明白上帝 也就是
[00:03:25.120 --> 00:03:28.360]  我們天父為父的心意
[00:03:28.360 --> 00:03:31.640]  就用了這段比喻進行教導
[00:03:31.640 --> 00:03:35.140]  在這段比喻當中呢 比喻的
[00:03:35.140 --> 00:03:37.920]  寓體呢 是父親
[00:03:37.920 --> 00:03:40.560]  和孩子之間的關係
[00:03:40.560 --> 00:03:42.480]  比喻的本體呢
[00:03:42.480 --> 00:03:44.760]  指的是天父
[00:03:44.760 --> 00:03:48.060]  與人 特別講的是
[00:03:48.060 --> 00:03:49.060]  罪人
[00:03:49.060 --> 00:03:51.000]  之間的關係
[00:03:51.480 --> 00:03:52.680]  那究竟
[00:03:52.680 --> 00:03:56.020]  為什麼耶穌要講這三個比喻呢
[00:03:56.020 --> 00:03:59.220]  我們一定要看這《路加福音》第15章
[00:03:59.220 --> 00:04:02.220]  一開頭的時候 原來是發生了
[00:04:02.220 --> 00:04:05.500]  一件事情 耶穌就啪啪啪
[00:04:05.500 --> 00:04:07.880]  講了這三個比喻出來了
[00:04:07.880 --> 00:04:10.760]  在這段經文的一開始呢
[00:04:10.760 --> 00:04:14.800]  有許多的稅吏和罪人
[00:04:14.800 --> 00:04:18.580]  都哀敬耶穌 要聽他講道
[00:04:18.840 --> 00:04:21.780]  稅吏呢 是當時親近羅馬政府
[00:04:21.780 --> 00:04:24.080]  被當時的猶太人所唾棄
[00:04:24.080 --> 00:04:27.060]  甚至被他們看來是中飽私難
[00:04:27.060 --> 00:04:30.060]  得罪了上帝 得罪了人的一個群體
[00:04:30.060 --> 00:04:32.260]  罪人 那就不用多說了
[00:04:32.260 --> 00:04:33.600]  那接下來呢
[00:04:33.600 --> 00:04:37.060]  他們聽耶穌講道的時候呢
[00:04:37.060 --> 00:04:40.080]  就有一群的法利塞人
[00:04:40.080 --> 00:04:43.000]  法利塞人呢 是恪守律法
[00:04:43.000 --> 00:04:45.780]  嚴於律己的一個
[00:04:45.780 --> 00:04:48.800]  文字式很近前的一個
[00:04:48.800 --> 00:04:51.760]  宗教群體 文式呢是用來抄寫
[00:04:51.760 --> 00:04:55.140]  經文 有文化 熟知聖經
[00:04:55.140 --> 00:04:58.360]  章節 條例 律法的一個群體
[00:04:58.360 --> 00:05:01.720]  他們見到這樣一個群體的時候就問了
[00:05:01.720 --> 00:05:02.980]  就私下議論了
[00:05:02.980 --> 00:05:07.060]  這個人接納罪人
[00:05:07.060 --> 00:05:08.720]  誘同他們吃飯
[00:05:08.720 --> 00:05:10.820]  究竟為什麼呢
[00:05:10.820 --> 00:05:14.400]  所以耶穌呢就講了 事前
[00:05:15.180 --> 00:05:16.180]  施言
[00:05:16.180 --> 00:05:19.360]  以致呢 到今天
[00:05:19.360 --> 00:05:22.700]  要講的這樣一章 施人的比喻
[00:05:22.700 --> 00:05:25.800]  為要不單是來清淨
[00:05:25.800 --> 00:05:28.960]  來聽他講道的罪人可以明白
[00:05:28.960 --> 00:05:31.960]  為什麼這樣一位 高高在上
[00:05:31.960 --> 00:05:34.780]  滿有權柄 全然聖潔的神
[00:05:34.780 --> 00:05:38.660]  會和這些生命當中
[00:05:38.660 --> 00:05:39.960]  有污點
[00:05:39.960 --> 00:05:43.280]  被群體看不起的罪人
[00:05:43.280 --> 00:05:44.340]  一起去清淨
[00:05:44.940 --> 00:05:45.940]  同樣
[00:05:45.940 --> 00:05:49.260]  也是要讓這樣一班
[00:05:49.260 --> 00:05:51.820]  自以為自己沒有問題
[00:05:51.820 --> 00:05:55.400]  自以為自己已經很盡錢 很清淨
[00:05:55.400 --> 00:05:56.400]  神的
[00:05:56.400 --> 00:05:59.300]  法利塞人和文士知道
[00:05:59.300 --> 00:06:02.500]  為什麼 耶穌要做
[00:06:02.500 --> 00:06:05.500]  這樣一個清淨罪人的舉動
[00:06:05.500 --> 00:06:07.880]  明白為父的心
[00:06:07.880 --> 00:06:11.020]  那麼今天呢 也在父親節
[00:06:11.020 --> 00:06:13.820]  主日的這一天呢
[00:06:13.860 --> 00:06:16.780]  願意和大家一起再次思想
[00:06:16.780 --> 00:06:19.760]  這樣一段的經文 讓我們
[00:06:19.760 --> 00:06:22.440]  既能夠明白 我們在地上
[00:06:22.440 --> 00:06:25.500]  父親的心 也能夠更加的親切的
[00:06:25.500 --> 00:06:28.200]  明白到我們天父
[00:06:28.200 --> 00:06:31.140]  上帝的心 我們一起有一個禱告
[00:06:31.140 --> 00:06:35.600]  親愛的父神 我們滿心感謝
[00:06:35.600 --> 00:06:36.600]  讚美你
[00:06:36.600 --> 00:06:40.260]  是你的愛 讓我們的生命不再一樣
[00:06:40.800 --> 00:06:43.820]  謝謝主你帶領我們走我們的人生
[00:06:43.820 --> 00:06:46.880]  道路 甚至主你還讓我們其中的
[00:06:46.880 --> 00:06:49.920]  有一部分的家庭
[00:06:49.920 --> 00:06:52.780]  一部分的弟兄姊妹有這樣一個福分
[00:06:52.780 --> 00:06:55.120]  甚至還可以有這樣一個
[00:06:55.120 --> 00:06:58.140]  自己的孩子 產業 甚至還有
[00:06:58.140 --> 00:07:01.080]  屬靈的孩子 這都是我們
[00:07:01.080 --> 00:07:04.040]  生命當中的祝福 當我們用我們的
[00:07:04.040 --> 00:07:06.980]  生命去托舉 我們的下一代
[00:07:06.980 --> 00:07:09.980]  屬靈的孩子的時候 我們就越
[00:07:09.980 --> 00:07:12.200]  能夠深切感受到
[00:07:12.200 --> 00:07:13.980]  為父的心
[00:07:13.980 --> 00:07:17.460]  主啊 當我們今天再來一起思考
[00:07:17.460 --> 00:07:19.740]  這樣一段經文的時候
[00:07:19.740 --> 00:07:22.920]  願我們的心再次向祢敞開
[00:07:22.920 --> 00:07:25.960]  明白主祢的心意
[00:07:25.960 --> 00:07:29.580]  明白主祢對我們的這份愛
[00:07:29.580 --> 00:07:33.100]  明白我們要向主祢來靠近
[00:07:33.100 --> 00:07:35.700]  明白只有主祢帶領我們的人生
[00:07:35.700 --> 00:07:38.720]  道路 才可以活出真正
[00:07:38.720 --> 00:07:41.740]  得勝的人生 我們也將以下的
[00:07:41.740 --> 00:07:45.060]  時間 恭敬交託在主祢的手中
[00:07:45.060 --> 00:07:47.860]  求主祢親自的引領並賜福
[00:07:47.860 --> 00:07:51.240]  同心感恩的交託禱告
[00:07:51.240 --> 00:07:54.040]  奉主耶穌基督的名而求
[00:07:54.040 --> 00:07:55.040]  Amen
[00:07:55.040 --> 00:07:58.460]  好 我們首先要看第一點
[00:07:58.460 --> 00:08:01.340]  我分成了三個大點 第一點
[00:08:01.340 --> 00:08:03.860]  要和大家分享的要點叫做
[00:08:03.860 --> 00:08:06.540]  為父的承擔
[00:08:06.980 --> 00:08:09.980]  忍痛 放手的成全
[00:08:09.980 --> 00:08:13.500]  在經文當中呢 我們看到這比喻
[00:08:13.500 --> 00:08:14.500]  當中
[00:08:14.500 --> 00:08:17.180]  這個父親有幾個孩子啊
[00:08:17.180 --> 00:08:21.040]  兩個孩子 對了 如果我們
[00:08:21.040 --> 00:08:24.040]  切合 耶穌為什麼要講這個
[00:08:24.040 --> 00:08:26.540]  比喻呢 我們就會明白
[00:08:26.540 --> 00:08:29.940]  講的第一個比喻呢 一個的孩子呢
[00:08:29.940 --> 00:08:32.960]  就是講願意 知道悔改了
[00:08:32.960 --> 00:08:35.800]  來的孩子了 雖然經歷了
[00:08:35.800 --> 00:08:39.080]  一些的挫折 但願意來傾盡神的
[00:08:39.080 --> 00:08:41.280]  另外還有一個孩子呢
[00:08:41.280 --> 00:08:45.020]  一直在父的身邊 但是呢
[00:08:45.020 --> 00:08:48.160]  卻沒有真正的把心敞開
[00:08:48.160 --> 00:08:51.520]  不接納他的親生的兄弟
[00:08:51.520 --> 00:08:54.620]  也不明白他父親的這份用意
[00:08:54.620 --> 00:08:55.620]  和愛
[00:08:55.620 --> 00:08:58.760]  所以第一點呢 為父的承擔呢
[00:08:58.760 --> 00:09:01.780]  他忍痛 放手去成全
[00:09:01.780 --> 00:09:05.060]  讓他的這個小兒子願意去試
[00:09:05.400 --> 00:09:06.920]  願意去挫
[00:09:06.920 --> 00:09:10.700]  願意他真正的甦醒和醒悟過來
[00:09:10.700 --> 00:09:13.800]  回到他身邊
[00:09:13.800 --> 00:09:16.780]  這個時候呢 他的小兒子對父親提了一個
[00:09:16.780 --> 00:09:19.820]  非常過分的要求 他說 父親
[00:09:19.820 --> 00:09:23.440]  請你把我應得的家業分給我
[00:09:23.440 --> 00:09:29.360]  這裡呢 看到一個理所應得的孩子啊
[00:09:29.360 --> 00:09:31.280]  我應得的
[00:09:31.280 --> 00:09:35.080]  自己以為自己什麼都是理所應當
[00:09:35.420 --> 00:09:38.960]  而且在當時的猶太傳統 和我們中國傳統
[00:09:38.960 --> 00:09:41.940]  都很相近啊 在父親生前
[00:09:41.940 --> 00:09:44.780]  就要求分家產的話
[00:09:44.780 --> 00:09:46.180]  寓意還有一籌嗎
[00:09:46.180 --> 00:09:49.620]  父親 你別管我了 父親
[00:09:49.620 --> 00:09:51.360]  你不如死了吧
[00:09:51.360 --> 00:09:54.980]  你把應得的分給我 分給了我以後呢
[00:09:54.980 --> 00:09:58.100]  對這個家啊 毫無留戀
[00:09:58.100 --> 00:10:01.680]  於是呢 過了不多幾天呢 就把一切的東西
[00:10:01.680 --> 00:10:04.940]  收拾起來 去了哪裡啊
[00:10:05.100 --> 00:10:08.180]  遠方去了啊 遠方去了
[00:10:08.180 --> 00:10:11.540]  在那裡呢 就過自己自由的生活啊
[00:10:11.540 --> 00:10:14.480]  經文用了8個字啊 來形容
[00:10:14.480 --> 00:10:17.840]  他去了遠方 這8個字大家找一找啊 叫做
[00:10:17.840 --> 00:10:21.160]  任意放蕩 浪費
[00:10:21.160 --> 00:10:24.160]  錢財 他覺得以前父親
[00:10:24.160 --> 00:10:25.900]  對他的都是管控
[00:10:25.900 --> 00:10:29.180]  他的快樂不是和爸爸在一起
[00:10:29.180 --> 00:10:32.500]  而是來自於物質的享受
[00:10:32.500 --> 00:10:35.460]  還享受自己 金錢帶來
[00:10:35.460 --> 00:10:38.380]  外在的刺激 父親呢
[00:10:38.380 --> 00:10:41.340]  為了真正得回這樣一個
[00:10:41.340 --> 00:10:44.400]  愛他的孩子 願意放他去走
[00:10:44.400 --> 00:10:45.480]  去錯
[00:10:45.480 --> 00:10:49.140]  這裡呢 也呼應了我們地上的父親啊
[00:10:49.140 --> 00:10:53.580]  的放手與承擔
[00:10:53.580 --> 00:10:56.620]  因為我們的父親很多時候也明白 雖然不至於
[00:10:56.620 --> 00:10:58.980]  錯到那麼離譜啊
[00:10:58.980 --> 00:11:00.640]  也明白
[00:11:01.440 --> 00:11:04.440]  有一些的東西 有一些
[00:11:04.440 --> 00:11:07.640]  人生的道理 生命中的常識
[00:11:07.640 --> 00:11:10.840]  一定要讓孩子自己去試
[00:11:10.840 --> 00:11:14.020]  去碰 去感受
[00:11:14.020 --> 00:11:16.980]  甚至是遇到挫折 甚至是受到
[00:11:16.980 --> 00:11:20.040]  一些的傷害 才可以
[00:11:20.040 --> 00:11:21.040]  學得到
[00:11:21.040 --> 00:11:24.820]  靠平時的說教和道理
[00:11:24.820 --> 00:11:27.940]  能明白一些 不能夠
[00:11:27.940 --> 00:11:30.940]  完全的掌控 所以父親
[00:11:31.000 --> 00:11:34.060]  願意 有這份的放手
[00:11:34.060 --> 00:11:35.060]  和承擔
[00:11:35.060 --> 00:11:38.580]  那如果這樣一份的放手和承擔 放到我們
[00:11:38.580 --> 00:11:39.820]  天上的父呢
[00:11:39.820 --> 00:11:43.840]  他賜予我們人一份 自由的愛
[00:11:43.840 --> 00:11:47.740]  在我們的聖經當中呢 這樣的一份愛就叫做
[00:11:47.740 --> 00:11:49.760]  自由意志
[00:11:49.760 --> 00:11:53.180]  這樣一份的自由意志 甚至大到
[00:11:53.180 --> 00:11:56.180]  願意 他願意讓我們自己去
[00:11:56.180 --> 00:11:58.600]  找 誰是真正
[00:11:58.600 --> 00:12:00.860]  我們屬天的父親
[00:12:01.060 --> 00:12:04.040]  誰才是我們永恆的歸屬
[00:12:04.040 --> 00:12:07.000]  甚至在我們有叛逆期的時候 我們去
[00:12:07.000 --> 00:12:10.000]  得罪神 祂都願意用祂的愛去
[00:12:10.000 --> 00:12:12.980]  包容我們 等候我們
[00:12:12.980 --> 00:12:16.460]  讓我們醒悟 和迴轉的一個機會
[00:12:16.460 --> 00:12:20.060]  這就是地上的父和天上的父
[00:12:20.060 --> 00:12:21.640]  共同的一個特點
[00:12:21.640 --> 00:12:25.280]  祂願意 讓我們可以
[00:12:25.280 --> 00:12:28.740]  盡力 學會 而且迴轉
[00:12:29.520 --> 00:12:31.680]  那我們看到這個比喻啊
[00:12:31.680 --> 00:12:34.080]  小兒子離家的後果
[00:12:34.080 --> 00:12:37.140]  是什麼呢 我們剛才講了這四個字了
[00:12:37.140 --> 00:12:40.080]  他耗盡了一切所有的
[00:12:40.080 --> 00:12:42.080]  又恰逢
[00:12:42.080 --> 00:12:44.300]  遇到那個地方 怎麼樣啊
[00:12:44.300 --> 00:12:47.840]  遇到了大的饑荒
[00:12:47.840 --> 00:12:50.100]  他要投靠當地的一個居民啊
[00:12:50.100 --> 00:12:53.860]  在這裡呢 一個背景呢 我們可以聯想得到
[00:12:53.860 --> 00:12:57.260]  這小孩子去的遠方啊 足夠遠
[00:12:57.760 --> 00:13:00.820]  因為在猶太人的居住的境內呢
[00:13:00.820 --> 00:13:04.500]  是不會養豬的 對吧
[00:13:04.500 --> 00:13:08.000]  他去到了足夠遠的地方
[00:13:08.000 --> 00:13:11.060]  甚至去投靠那個人的時候呢
[00:13:11.060 --> 00:13:14.300]  就去打發他去田裡面去
[00:13:14.300 --> 00:13:17.320]  放豬啊 豬是一種不潔淨的
[00:13:17.320 --> 00:13:20.620]  動物 它被淪落到去放豬
[00:13:20.620 --> 00:13:23.600]  甚至要去搶那豬吃的豆莢
[00:13:23.600 --> 00:13:26.960]  都沒有人願意給它 你就可以想到
[00:13:26.960 --> 00:13:30.080]  他生活當中窮困潦倒到
[00:13:30.080 --> 00:13:32.520]  一種何等的境地
[00:13:32.520 --> 00:13:36.020]  這裡我們可以想一想啊 大家想一想啊
[00:13:36.020 --> 00:13:37.940]  這個小兒子
[00:13:37.940 --> 00:13:40.660]  他要求分家產 對嗎
[00:13:40.660 --> 00:13:43.340]  分了家產去到遠方
[00:13:43.340 --> 00:13:46.920]  他最成功的 最大的成就
[00:13:46.920 --> 00:13:48.560]  能是什麼呢
[00:13:48.560 --> 00:13:51.540]  那最多
[00:13:51.540 --> 00:13:54.840]  不就是賺得
[00:13:54.840 --> 00:13:57.200]  盆滿缽滿 對不對啊
[00:13:57.200 --> 00:14:00.480]  拿這個錢再去投資啊 那個饑荒不是
[00:14:00.480 --> 00:14:03.300]  饑荒 而是遇到了一個大大的豐年
[00:14:03.300 --> 00:14:06.320]  他又正好投資 按照現在的說法
[00:14:06.320 --> 00:14:09.200]  又遇到了風口啊 對吧
[00:14:09.200 --> 00:14:10.940]  又賺到了很多的錢
[00:14:10.940 --> 00:14:12.700]  但是
[00:14:12.700 --> 00:14:16.700]  他家本來不就是有很多的錢的 對嗎
[00:14:16.700 --> 00:14:20.480]  他的父親何苦要讓他
[00:14:20.480 --> 00:14:23.460]  再去賺到更樣多的錢
[00:14:23.460 --> 00:14:26.560]  難道他家裡是需要那樣的錢
[00:14:26.560 --> 00:14:29.980]  才可以維持住他家裡的生計嗎
[00:14:29.980 --> 00:14:32.380]  絕然不是
[00:14:32.380 --> 00:14:36.080]  但是 他卻在他
[00:14:36.080 --> 00:14:38.020]  自己的一種的私心
[00:14:38.020 --> 00:14:41.460]  自己以為自己可以的一種
[00:14:41.460 --> 00:14:44.440]  驕傲 還有自己一種
[00:14:44.440 --> 00:14:47.500]  貪圖享樂的一種的
[00:14:47.500 --> 00:14:48.500]  思想下
[00:14:48.500 --> 00:14:51.640]  卻讓自己窮困潦倒
[00:14:52.400 --> 00:14:55.440]  卻把他生命當中
[00:14:55.440 --> 00:14:56.440]  把比錢財
[00:14:56.440 --> 00:15:00.380]  還要貴重 很多很多倍的
[00:15:00.380 --> 00:15:03.660]  一樣最寶貴的東西 卻要把他丟失了
[00:15:03.660 --> 00:15:05.860]  這樣東西是什麼啊
[00:15:05.860 --> 00:15:08.220]  和 對了
[00:15:08.220 --> 00:15:10.280]  和父親
[00:15:10.280 --> 00:15:12.980]  和他哥哥的關係 對嗎
[00:15:12.980 --> 00:15:15.580]  卻要把他破壞了
[00:15:15.580 --> 00:15:19.100]  就算賺得了一切
[00:15:19.580 --> 00:15:22.580]  把這樣一種無價的親情拋棄了
[00:15:22.580 --> 00:15:23.840]  失去了
[00:15:23.840 --> 00:15:28.700]  那又何算得一種
[00:15:28.700 --> 00:15:30.400]  生命中的成功呢
[00:15:30.400 --> 00:15:34.140]  這裡就不由讓我們去想到
[00:15:34.140 --> 00:15:36.760]  人要怎麼樣算得是成功呢
[00:15:36.760 --> 00:15:39.640]  究竟是賺得一切
[00:15:39.640 --> 00:15:42.280]  失去了親情
[00:15:42.280 --> 00:15:44.140]  愛情
[00:15:44.140 --> 00:15:46.640]  孩子之間的情誼
[00:15:47.060 --> 00:15:50.000]  兄弟姐妹之間的反目成仇
[00:15:50.000 --> 00:15:53.600]  甚至是和我們那永恆的父親
[00:15:53.600 --> 00:15:56.620]  斷絕了關係 才叫做
[00:15:56.620 --> 00:15:57.620]  成功嗎
[00:15:57.620 --> 00:16:00.440]  絕然不是
[00:16:00.440 --> 00:16:03.840]  而且在這裡 還有一種
[00:16:03.840 --> 00:16:06.760]  更寶貴的東西隱藏在當中嗎
[00:16:06.760 --> 00:16:10.460]  和我們數天的富有連接的時候
[00:16:10.460 --> 00:16:14.120]  它是做 拯救的工作的
[00:16:15.180 --> 00:16:17.540]  它是把我們生命中
[00:16:17.540 --> 00:16:21.040]  得不到的那份永恆
[00:16:21.040 --> 00:16:24.020]  永恆的生命 因為最隔絕的永恆的生命
[00:16:24.020 --> 00:16:26.500]  賜給了我們
[00:16:26.500 --> 00:16:29.960]  如果我們賺得了全世界
[00:16:29.960 --> 00:16:31.960]  卻賠上了自己的生命
[00:16:31.960 --> 00:16:34.260]  又有什麼益處呢
[00:16:34.260 --> 00:16:37.880]  又怎麼樣算得做一個成功呢
[00:16:37.880 --> 00:16:41.660]  所以透過這樣一種和父親的關係
[00:16:41.660 --> 00:16:44.280]  要讓我們再次去思考
[00:16:44.460 --> 00:16:46.480]  真正的成功
[00:16:46.480 --> 00:16:49.960]  是在神的建立下
[00:16:49.960 --> 00:16:53.120]  讓我們有的這樣生命當中
[00:16:53.120 --> 00:16:56.160]  有的這份愛
[00:16:56.160 --> 00:16:59.180]  在祂賜予下 讓我們能夠享受到
[00:16:59.180 --> 00:17:02.140]  祂給我們的恩賜 賺取到的
[00:17:02.140 --> 00:17:03.620]  金錢
[00:17:03.620 --> 00:17:06.860]  享受到因著我們賺取的金錢
[00:17:06.860 --> 00:17:09.800]  和我們這份弟兄姐妹也好
[00:17:09.800 --> 00:17:12.780]  屬靈的家庭也好 原生家庭也好
[00:17:12.780 --> 00:17:15.820]  在這份修補的這份愛當中
[00:17:15.820 --> 00:17:19.100]  建立的這份關係的愛
[00:17:19.100 --> 00:17:22.100]  這份叫做成功
[00:17:22.100 --> 00:17:24.660]  這份叫做美好
[00:17:24.660 --> 00:17:28.020]  有一個故事呢 我很喜歡
[00:17:28.020 --> 00:17:30.940]  但是小小呢 有一點點噁心
[00:17:30.940 --> 00:17:34.480]  他講的是一種驅蟲的
[00:17:34.480 --> 00:17:36.200]  一個叫驅蟲的故事 比喻
[00:17:36.200 --> 00:17:40.040]  驅蟲呢 它經常伴隨
[00:17:40.040 --> 00:17:43.020]  排泄物一起共生
[00:17:43.020 --> 00:17:46.280]  看現在社會看不到的
[00:17:46.280 --> 00:17:49.260]  以前的社會啊 或者在農村的地方
[00:17:49.260 --> 00:17:52.260]  看得到 很噁心
[00:17:52.260 --> 00:17:55.660]  經常在這個農村的廁所啊 等等的啊
[00:17:55.660 --> 00:17:58.460]  它會出現 有一次呢
[00:17:58.460 --> 00:17:59.460]  據說
[00:17:59.460 --> 00:18:02.660]  山地就憐憫一隻驅蟲
[00:18:02.660 --> 00:18:04.200]  就說 哎呀
[00:18:04.200 --> 00:18:07.360]  看你做驅蟲 要困在
[00:18:07.360 --> 00:18:10.360]  這樣一個 被世人唾棄的地方
[00:18:10.360 --> 00:18:13.620]  不如我特別給你恩典
[00:18:13.620 --> 00:18:15.800]  讓你可以成為
[00:18:15.800 --> 00:18:18.560]  有上帝形象的人吧
[00:18:18.560 --> 00:18:22.180]  這驅蟲呢 它的反應就
[00:18:22.180 --> 00:18:24.720]  哇塞 太好了 神啊
[00:18:24.720 --> 00:18:28.100]  我變成了人以後 是不是
[00:18:28.100 --> 00:18:30.460]  這整個糞坑都是我的啦
[00:18:30.460 --> 00:18:33.340]  我想吃多少就吃多少啊
[00:18:33.340 --> 00:18:37.220]  所以對於一個渺小的驅蟲
[00:18:37.220 --> 00:18:40.220]  它根本體會不到一個
[00:18:40.220 --> 00:18:41.220]  附神的用意
[00:18:41.220 --> 00:18:44.060]  還好我們是人 對吧
[00:18:44.060 --> 00:18:48.400]  還好我們在突破了我們自身
[00:18:48.400 --> 00:18:51.540]  侷限的時候 因著神的這份愛的時候
[00:18:51.540 --> 00:18:54.580]  在突破了世間享樂之外
[00:18:54.580 --> 00:18:57.600]  我們看到了一份
[00:18:57.600 --> 00:19:00.600]  數天的 長久的
[00:19:00.600 --> 00:19:03.580]  更加美好 完美的 沒有被罪污染的
[00:19:03.580 --> 00:19:04.580]  愛
[00:19:04.580 --> 00:19:07.040]  這才是我們的追求
[00:19:08.060 --> 00:19:11.060]  這才是神要打破
[00:19:11.060 --> 00:19:14.060]  我們在世間這消費主義
[00:19:14.060 --> 00:19:16.080]  給我們世人的侷限
[00:19:16.080 --> 00:19:20.380]  讓我們被神的愛所吸引
[00:19:20.380 --> 00:19:23.800]  越吸引就越發現
[00:19:23.800 --> 00:19:26.320]  在神的這份帶領下
[00:19:26.320 --> 00:19:29.160]  孩子的關係
[00:19:29.160 --> 00:19:30.880]  親密了
[00:19:30.880 --> 00:19:33.320]  夫妻的關係
[00:19:33.320 --> 00:19:34.720]  密切了
[00:19:35.680 --> 00:19:38.660]  和爸媽的關係融洽了
[00:19:38.660 --> 00:19:42.380]  再次的回到了天父
[00:19:42.380 --> 00:19:45.420]  所設立的美好的關係
[00:19:45.420 --> 00:19:46.420]  當中
[00:19:46.420 --> 00:19:50.140]  所以呢 我們就更加明白
[00:19:50.140 --> 00:19:53.020]  在約翰福音第15章
[00:19:53.020 --> 00:19:55.380]  耶穌形容的
[00:19:55.380 --> 00:19:58.960]  祂是葡萄樹 我們是枝子那樣的關係
[00:19:58.960 --> 00:20:01.880]  因為我們離開了神
[00:20:01.880 --> 00:20:04.200]  我們就怎麼樣啊
[00:20:05.220 --> 00:20:07.140]  不能做什麼 對吧
[00:20:07.140 --> 00:20:10.520]  不能做什麼 自己以為自己
[00:20:10.520 --> 00:20:13.420]  可以做好多 在這個世界上面
[00:20:13.420 --> 00:20:16.460]  兜兜轉轉 來來回回 碰來碰去
[00:20:16.460 --> 00:20:19.360]  浮浮沉沉 最後呢
[00:20:19.360 --> 00:20:22.580]  就好像傳道書說的
[00:20:22.580 --> 00:20:24.780]  虛空的虛空
[00:20:24.780 --> 00:20:28.660]  一切都是虛空 離了神
[00:20:28.660 --> 00:20:31.920]  我們就不能做什麼
[00:20:32.820 --> 00:20:35.520]  所以啊 也有一個特別
[00:20:35.520 --> 00:20:38.560]  這個深刻的人生感受
[00:20:38.560 --> 00:20:42.460]  在我們的家庭當中 在我們的人生當中
[00:20:42.460 --> 00:20:45.060]  什麼都可以沒有
[00:20:45.060 --> 00:20:47.740]  但是
[00:20:47.740 --> 00:20:51.080]  一定要有上帝 對嗎
[00:20:51.080 --> 00:20:53.760]  一定要有上帝
[00:20:53.760 --> 00:20:56.860]  到了第二點呢 我們要看
[00:20:56.860 --> 00:21:01.580]  為父的手腕
[00:21:02.060 --> 00:21:04.780]  永不放棄地等待
[00:21:04.780 --> 00:21:08.500]  在這裡呢 我們一看啊 孩子呢
[00:21:08.500 --> 00:21:12.020]  在了異鄉的地方 在很遠的地方
[00:21:12.020 --> 00:21:15.160]  於是呢 祂就用了兩個字形容祂的狀態
[00:21:15.160 --> 00:21:17.920]  祂就怎麼過來了
[00:21:17.920 --> 00:21:20.660]  醒悟過來了
[00:21:20.660 --> 00:21:24.460]  這裡也就是一個辛辛苦苦
[00:21:24.460 --> 00:21:28.140]  等候的父親 在等候的點
[00:21:28.140 --> 00:21:30.360]  他在等候什麼呢
[00:21:31.720 --> 00:21:33.700]  也就在等候
[00:21:33.700 --> 00:21:36.740]  孩子可以醒悟過來
[00:21:36.740 --> 00:21:40.480]  在他遇到挫敗 在他遇到
[00:21:40.480 --> 00:21:43.500]  傷口 在他遇到覺得自己
[00:21:43.500 --> 00:21:45.420]  真的是不行的時候
[00:21:45.420 --> 00:21:49.300]  他心靈裡面 叮的一下有一個
[00:21:49.300 --> 00:21:51.940]  微小細微的觸碰
[00:21:51.940 --> 00:21:55.060]  這樣一個微小細微的觸碰
[00:21:55.060 --> 00:21:58.060]  卻足夠讓他生命有一個
[00:21:58.060 --> 00:22:01.020]  扭轉的力量 真真切切的
[00:22:01.020 --> 00:22:04.060]  回到 父親的懷抱當中
[00:22:04.060 --> 00:22:07.360]  甚至他以前 天天和父親
[00:22:07.360 --> 00:22:10.400]  同在 他都不是真正的和父親
[00:22:10.400 --> 00:22:11.400]  在一起
[00:22:11.400 --> 00:22:15.040]  他都是在天天的惦記 我什麼時候
[00:22:15.040 --> 00:22:16.220]  分家產
[00:22:16.220 --> 00:22:21.320]  父親在等候 等候孩子
[00:22:21.320 --> 00:22:24.040]  能夠可以醒悟過來
[00:22:24.040 --> 00:22:25.940]  這也是
[00:22:28.340 --> 00:22:31.220]  這也是我們人生當中
[00:22:31.220 --> 00:22:35.200]  最難能可貴的一個瞬間
[00:22:35.200 --> 00:22:37.680]  叫做 醒悟
[00:22:37.680 --> 00:22:41.440]  有一個以色列的君王
[00:22:41.440 --> 00:22:44.480]  他寫的詩篇23篇 很貼切的
[00:22:44.480 --> 00:22:47.540]  把這個醒悟就描寫了出來
[00:22:47.540 --> 00:22:50.960]  他就這樣來描寫神的 他把
[00:22:50.960 --> 00:22:54.240]  我們的神 形容成為一個大牧者
[00:22:54.240 --> 00:22:58.080]  他在詩篇23篇的第三節
[00:22:58.080 --> 00:22:59.780]  他就這樣說了
[00:22:59.780 --> 00:23:01.900]  祂使我的
[00:23:01.900 --> 00:23:04.780]  靈魂 蘇醒
[00:23:04.780 --> 00:23:07.120]  蘇醒過來了
[00:23:07.120 --> 00:23:11.500]  我不願意 糊糊塗塗的過我的人生
[00:23:11.500 --> 00:23:14.920]  我終於知道了 我生命當中
[00:23:14.920 --> 00:23:17.840]  這樣有一個永恆的幫助
[00:23:17.840 --> 00:23:21.400]  我的力量真的是渺小
[00:23:21.400 --> 00:23:24.440]  我要依靠 那完全有能力
[00:23:24.440 --> 00:23:27.600]  大能的父神 蘇醒過來了
[00:23:29.060 --> 00:23:32.100]  祂就 為自己的名
[00:23:32.100 --> 00:23:34.340]  引導我們 走一路
[00:23:34.340 --> 00:23:38.160]  這種的瞬間 非常的難能可貴
[00:23:38.160 --> 00:23:41.540]  但是 也是我們 甚至我們
[00:23:41.540 --> 00:23:43.680]  要建立的下一代
[00:23:43.680 --> 00:23:47.100]  他生命當中 非常難能
[00:23:47.100 --> 00:23:49.880]  可貴 寶貴的瞬間
[00:23:49.880 --> 00:23:52.180]  願意迴轉的瞬間
[00:23:52.180 --> 00:23:54.600]  這裡呢 我們看到
[00:23:54.980 --> 00:23:58.420]  父親 夜以繼日的等候
[00:23:58.420 --> 00:24:02.260]  這裡呢 我們看到孩子他回去的時候
[00:24:02.260 --> 00:24:03.440]  父親呢
[00:24:03.440 --> 00:24:06.940]  還遠 距離還遠
[00:24:06.940 --> 00:24:09.700]  父親就先看見了孩子
[00:24:09.700 --> 00:24:12.280]  這個呢 就表明了
[00:24:12.280 --> 00:24:16.280]  孩子走後 父親一直在等
[00:24:16.280 --> 00:24:18.460]  每一天都在看
[00:24:18.460 --> 00:24:21.500]  哎喲 我的孩子什麼時候回來
[00:24:22.460 --> 00:24:25.200]  我很愛的孩子 我希望他真正的
[00:24:25.200 --> 00:24:27.280]  回到我的懷抱當中
[00:24:27.280 --> 00:24:29.620]  終於有一天
[00:24:29.620 --> 00:24:32.640]  遠遠的見到孩子了
[00:24:32.640 --> 00:24:36.780]  就動了慈心 跑過去
[00:24:36.780 --> 00:24:39.940]  抱著他 連連去親他
[00:24:39.940 --> 00:24:43.360]  那個時候也顧不得孩子
[00:24:43.360 --> 00:24:45.520]  走了多少路
[00:24:45.520 --> 00:24:47.380]  有多髒
[00:24:47.380 --> 00:24:50.440]  還餵了豬 潔不潔淨
[00:24:50.900 --> 00:24:53.980]  還吃了豬 要吃的那些
[00:24:53.980 --> 00:24:56.800]  豆莢 那些都不重要
[00:24:56.800 --> 00:24:58.980]  最重要的一個就是
[00:24:58.980 --> 00:25:01.380]  他是我的孩子
[00:25:01.380 --> 00:25:03.920]  他願意回來了
[00:25:03.920 --> 00:25:07.080]  我就願意去擁抱他
[00:25:07.080 --> 00:25:09.760]  我就願意去親他
[00:25:09.760 --> 00:25:12.420]  這個也是一個父親的心
[00:25:12.420 --> 00:25:18.460]  這裡呢 也是映射到我們
[00:25:18.880 --> 00:25:21.660]  在地上 父親的縮影啊
[00:25:21.660 --> 00:25:25.800]  心頭永恆的牽掛
[00:25:25.800 --> 00:25:28.280]  不論孩子走多遠
[00:25:28.280 --> 00:25:30.260]  心裡面都記掛
[00:25:30.260 --> 00:25:32.500]  他吃得好不好
[00:25:32.500 --> 00:25:34.660]  穿得暖不暖
[00:25:34.660 --> 00:25:39.160]  不單是在意他飛得高不高
[00:25:39.160 --> 00:25:41.980]  也關心他到底累不累
[00:25:41.980 --> 00:25:43.960]  我很心疼他
[00:25:43.960 --> 00:25:46.680]  因為他是我的孩子
[00:25:47.140 --> 00:25:50.060]  縱使父親 很多時候
[00:25:50.060 --> 00:25:53.120]  給予我們大家 特別是中國傳統家的父親啊
[00:25:53.120 --> 00:25:56.100]  是一個沉默的形態
[00:25:56.100 --> 00:25:58.860]  但是在他的內心深處
[00:25:58.860 --> 00:26:01.860]  總會有一種 說不出的
[00:26:01.860 --> 00:26:03.960]  默默的關切
[00:26:03.960 --> 00:26:07.780]  這裡呢 也映射到我們在天上的
[00:26:07.780 --> 00:26:09.280]  父親的偉大
[00:26:09.280 --> 00:26:11.760]  他從未忘記你
[00:26:11.760 --> 00:26:14.880]  哪怕在你有的時候遠離
[00:26:14.880 --> 00:26:16.060]  偏差
[00:26:16.380 --> 00:26:19.400]  哪怕有的時候得罪神 得罪人的時候
[00:26:19.400 --> 00:26:23.200]  他就默默的在你心中
[00:26:23.200 --> 00:26:25.380]  用經文
[00:26:25.380 --> 00:26:29.280]  用感動 用聖靈的動功
[00:26:29.280 --> 00:26:31.080]  在感動你
[00:26:31.080 --> 00:26:34.940]  讓你去明白 上帝愛你
[00:26:34.940 --> 00:26:38.080]  他牽掛你 讓你回到
[00:26:38.080 --> 00:26:39.820]  他的這份愛中
[00:26:39.820 --> 00:26:44.300]  有一個特別的大學生啊
[00:26:44.800 --> 00:26:47.740]  他當時很出名啊 他叫做
[00:26:47.740 --> 00:26:50.740]  敬愛賓 他是來自於
[00:26:50.740 --> 00:26:53.740]  河北 當時他高考呢 考了
[00:26:53.740 --> 00:26:56.740]  647分 算是一個
[00:26:56.740 --> 00:26:59.740]  不低的分數啊 如果我們經過 經歷過
[00:26:59.740 --> 00:27:02.660]  內地高考的弟兄姐妹 就會知道
[00:27:02.660 --> 00:27:05.300]  他當時呢 考入了
[00:27:05.300 --> 00:27:08.520]  這個一所985的大學 吉林大學
[00:27:08.520 --> 00:27:11.540]  在那裡去讀書 本來呢 是一個
[00:27:11.540 --> 00:27:13.540]  天之驕子
[00:27:13.860 --> 00:27:14.860]  能夠
[00:27:14.860 --> 00:27:18.600]  能夠榮耀家庭
[00:27:18.600 --> 00:27:20.860]  能夠靠著自己的努力
[00:27:20.860 --> 00:27:23.640]  能夠帶領自己的
[00:27:23.640 --> 00:27:27.180]  這個家庭 能夠脫貧致富的一個故事
[00:27:27.180 --> 00:27:31.160]  但是呢 卻在這位敬愛賓
[00:27:31.160 --> 00:27:34.160]  上到大學第二年的時候呢
[00:27:34.160 --> 00:27:37.260]  卻迷上了 去網吧
[00:27:37.260 --> 00:27:38.520]  上網啊
[00:27:38.520 --> 00:27:41.380]  之所以之後
[00:27:41.380 --> 00:27:44.340]  這個故事拍他的一個記載呢
[00:27:44.340 --> 00:27:47.260]  用了一個標題啊 叫做
[00:27:47.260 --> 00:27:49.340]  我在網吧 住4年
[00:27:49.340 --> 00:27:51.760]  真的住了4年
[00:27:51.760 --> 00:27:55.160]  大學二年級開始呢 就基本上
[00:27:55.160 --> 00:27:56.160]  沒有再去上課了
[00:27:56.160 --> 00:28:00.720]  沉迷在一個網絡遊戲當中
[00:28:00.720 --> 00:28:02.320]  一直在玩
[00:28:02.320 --> 00:28:04.180]  一直沒有停
[00:28:04.180 --> 00:28:06.160]  甚至呢 不去上課
[00:28:06.160 --> 00:28:08.280]  很少去洗澡
[00:28:08.760 --> 00:28:12.240]  他做的77號這個機器啊
[00:28:12.240 --> 00:28:14.240]  他被當時的那個
[00:28:14.240 --> 00:28:17.260]  網吧的這個同學都稱為啊 叫做
[00:28:17.260 --> 00:28:20.360]  七哥 七號機的大神
[00:28:20.360 --> 00:28:23.120]  他一直在玩 一直在玩
[00:28:23.120 --> 00:28:25.580]  他也覺得不對了
[00:28:25.580 --> 00:28:29.080]  但是呢 找不到一個理由要離開
[00:28:29.080 --> 00:28:30.560]  一拖
[00:28:30.560 --> 00:28:32.360]  3年過去了
[00:28:32.360 --> 00:28:34.160]  4年過去了
[00:28:34.160 --> 00:28:36.260]  終於有一天
[00:28:36.760 --> 00:28:38.800]  他也覺得不是
[00:28:38.800 --> 00:28:40.600]  不是一個
[00:28:40.600 --> 00:28:42.420]  不是一個辦法啦
[00:28:42.420 --> 00:28:45.400]  總之要去面對家庭的
[00:28:45.400 --> 00:28:49.100]  他的家人也知道這樣一個情況了
[00:28:49.100 --> 00:28:52.100]  於是呢 就來到了網吧樓下
[00:28:52.100 --> 00:28:54.940]  給他打了一個電話 害怕當時呢
[00:28:54.940 --> 00:28:56.880]  觸碰到他 打了個電話
[00:28:56.880 --> 00:29:00.600]  他接到電話 默默地關了機
[00:29:00.600 --> 00:29:03.400]  收拾了行李 他明白
[00:29:03.400 --> 00:29:05.100]  終於這天來了
[00:29:05.680 --> 00:29:08.480]  他也是要振作自己的生命
[00:29:08.480 --> 00:29:10.560]  重新要回歸家庭了
[00:29:10.560 --> 00:29:14.040]  雖然荒廢了學業 但是
[00:29:14.040 --> 00:29:16.980]  家庭的愛 重新支撐起了這樣一個
[00:29:16.980 --> 00:29:19.240]  迷途知返的孩子
[00:29:19.240 --> 00:29:22.720]  可以回歸了家庭 再次呢
[00:29:22.720 --> 00:29:25.120]  再去看他的生命前路
[00:29:25.120 --> 00:29:28.200]  雖然遇到了一些生命裡面的挫折
[00:29:28.200 --> 00:29:31.160]  迷失了4年 但是在愛他的
[00:29:31.160 --> 00:29:34.380]  家人的一份鼓勵下 他終究呢
[00:29:34.480 --> 00:29:37.360]  願意 再去面對
[00:29:37.360 --> 00:29:38.860]  他的人生前路
[00:29:38.860 --> 00:29:42.640]  所以在我們的人生過往當中呢
[00:29:42.640 --> 00:29:46.420]  都會有世界上面的各樣事情
[00:29:46.420 --> 00:29:49.600]  可能像網路遊戲 可能像世界上面
[00:29:49.600 --> 00:29:52.600]  各樣的吸引 讓我們有的時候
[00:29:52.600 --> 00:29:55.580]  沉迷 讓我們覺得有的時候
[00:29:55.580 --> 00:29:58.080]  無法自拔 沉浸在當中
[00:29:58.080 --> 00:30:01.460]  但有的時候你也覺得這樣不是辦法
[00:30:01.920 --> 00:30:05.000]  但是有的時候我們也在等一個機會
[00:30:05.000 --> 00:30:08.100]  等一個契機 可能就像
[00:30:08.100 --> 00:30:11.320]  敬愛兵一樣 接到家人的一個電話
[00:30:11.320 --> 00:30:14.100]  有的時候一個內心的感動
[00:30:14.100 --> 00:30:15.500]  告訴你
[00:30:15.500 --> 00:30:17.480]  回家吧 孩子
[00:30:17.480 --> 00:30:20.980]  你要來到神的愛當中
[00:30:20.980 --> 00:30:23.400]  不要再這樣沉淪了
[00:30:23.400 --> 00:30:26.760]  這樣一種的沉淪不是人生的辦法
[00:30:26.760 --> 00:30:30.440]  我們要找到一個真正的
[00:30:30.440 --> 00:30:31.440]  易路
[00:30:31.920 --> 00:30:35.140]  就是在神的真道當中
[00:30:35.140 --> 00:30:38.580]  所以呢 在我們的人生當中
[00:30:38.580 --> 00:30:40.960]  什麼都可以有
[00:30:40.960 --> 00:30:44.920]  但是呢 一定不要有罪
[00:30:44.920 --> 00:30:47.100]  這樣的一種罪呢
[00:30:47.100 --> 00:30:49.820]  促使這樣一個小娃子
[00:30:49.820 --> 00:30:52.220]  覺得自己還可以
[00:30:52.220 --> 00:30:55.740]  這樣一個罪呢 促使他覺得
[00:30:55.740 --> 00:30:59.260]  那是我應得的 你把我應得的家產分給我
[00:30:59.620 --> 00:31:02.680]  促使他去到了很遙遠的地方
[00:31:02.680 --> 00:31:05.680]  他覺得要外在的刺激
[00:31:05.680 --> 00:31:08.700]  任意放蕩才是那種所謂的
[00:31:08.700 --> 00:31:09.700]  快樂
[00:31:09.700 --> 00:31:13.220]  這一種罪呢 也是促使了
[00:31:13.220 --> 00:31:16.220]  這個比喻的後半段 也就是講到了
[00:31:16.220 --> 00:31:19.340]  那些文士和法利賽人 在這個小娃子
[00:31:19.340 --> 00:31:22.480]  回家以後卻不能接納他迷途之返的
[00:31:22.480 --> 00:31:25.500]  弟弟 不能接納他
[00:31:26.500 --> 00:31:29.840]  罪 也讓我們起紛爭
[00:31:29.840 --> 00:31:32.740]  罪 也讓我們
[00:31:32.740 --> 00:31:35.660]  有了很多 自己的驕傲
[00:31:35.660 --> 00:31:38.720]  各樣的矛盾 生命的破口
[00:31:38.720 --> 00:31:41.540]  各樣的批判 也就像當時的
[00:31:41.540 --> 00:31:44.540]  文士和法利賽人 甚至敢去
[00:31:44.540 --> 00:31:46.540]  批判主耶穌那樣
[00:31:46.540 --> 00:31:49.920]  為什麼他要和罪人
[00:31:49.920 --> 00:31:51.920]  和稅吏一起吃飯
[00:31:51.920 --> 00:31:55.080]  神告訴他們
[00:31:55.760 --> 00:31:56.760]  神就是愛
[00:31:56.760 --> 00:31:58.540]  神愛的
[00:31:58.540 --> 00:32:02.000]  就是世人 世人哪有
[00:32:02.000 --> 00:32:05.020]  不犯罪的 顯而易見的是這些
[00:32:05.020 --> 00:32:08.000]  稅吏和罪人 你批判
[00:32:08.000 --> 00:32:11.020]  那些稅吏和罪人的文士和法利賽人
[00:32:11.020 --> 00:32:13.880]  也是罪人
[00:32:13.880 --> 00:32:15.940]  神也愛
[00:32:15.940 --> 00:32:19.240]  只是希望你們
[00:32:19.240 --> 00:32:21.740]  再有一個徹底的迴轉
[00:32:21.740 --> 00:32:25.180]  徹徹底底的來到父親的
[00:32:25.180 --> 00:32:26.980]  這份愛當中
[00:32:26.980 --> 00:32:30.940]  而不只是和父親住在一起
[00:32:30.940 --> 00:32:34.640]  天天去伺候父親 好像在
[00:32:34.640 --> 00:32:35.640]  教會裡邊
[00:32:35.640 --> 00:32:39.160]  我參與崇拜 服侍
[00:32:39.160 --> 00:32:42.160]  十多年了啊 那個叫 一定就叫做
[00:32:42.160 --> 00:32:43.900]  愛 不一定
[00:32:43.900 --> 00:32:46.060]  真切的愛
[00:32:46.060 --> 00:32:48.840]  完完全全的迴轉
[00:32:48.840 --> 00:32:52.120]  生命完全的連接
[00:32:52.120 --> 00:32:55.120]  自知到自己真的不配
[00:32:55.120 --> 00:32:58.080]  甚至哪怕做一個故宮
[00:32:58.080 --> 00:33:01.100]  都願意 但是父親卻告訴你
[00:33:01.100 --> 00:33:04.160]  你不是故宮 你是我的兒子
[00:33:04.160 --> 00:33:06.360]  你現在回來了
[00:33:06.360 --> 00:33:09.760]  我為你歡喜和快樂
[00:33:09.760 --> 00:33:13.420]  所以這個比喻的核心
[00:33:13.420 --> 00:33:16.700]  是願一切罪人
[00:33:16.700 --> 00:33:18.160]  都能夠迴轉
[00:33:18.160 --> 00:33:22.220]  也告訴我們一切的人
[00:33:22.540 --> 00:33:25.620]  我們都是 罪人
[00:33:25.620 --> 00:33:28.060]  我們都需要神
[00:33:28.060 --> 00:33:31.160]  我們在神的引領下
[00:33:31.160 --> 00:33:34.200]  才可以活出生命當中的那份的
[00:33:34.200 --> 00:33:35.200]  美好
[00:33:35.200 --> 00:33:38.660]  不要看我們現在 有的時候
[00:33:38.660 --> 00:33:40.960]  可以做得很成功
[00:33:40.960 --> 00:33:43.240]  但是 唯有神
[00:33:43.240 --> 00:33:46.820]  祂才能可以讓我們有一個
[00:33:46.820 --> 00:33:50.040]  永恆的果孝 生命的果孝
[00:33:50.580 --> 00:33:52.760]  還有我們看到第三點
[00:33:52.760 --> 00:33:55.640]  為父的款喜
[00:33:55.640 --> 00:33:59.040]  不計前嫌的接納
[00:33:59.040 --> 00:34:02.200]  把袍子 戒指
[00:34:02.200 --> 00:34:04.880]  和鞋 給了孩子
[00:34:04.880 --> 00:34:07.880]  也是宣告 你不是奴隸
[00:34:07.880 --> 00:34:11.700]  你有自由 你有權柄 你有尊榮
[00:34:11.700 --> 00:34:14.680]  這個是其他人都不會 其他
[00:34:14.680 --> 00:34:17.280]  奴仆和奴隸 沒有的
[00:34:17.280 --> 00:34:19.500]  但是你是我的兒子
[00:34:21.380 --> 00:34:23.600]  地上的父親的縮影呢
[00:34:23.600 --> 00:34:26.520]  家永遠是這個避風港
[00:34:26.520 --> 00:34:29.820]  孩子受了傷了 回來
[00:34:29.820 --> 00:34:34.080]  爸爸永遠都為你預備了一個遮風擋雨的地方
[00:34:34.080 --> 00:34:36.480]  不要怕 孩子
[00:34:36.480 --> 00:34:39.520]  爸爸永遠是你堅強的後盾
[00:34:39.520 --> 00:34:42.060]  天上的父親也是
[00:34:42.060 --> 00:34:45.060]  恩典遮蔽了過犯
[00:34:45.060 --> 00:34:49.460]  不論我們世人都犯了罪的原罪也好
[00:34:49.620 --> 00:34:52.620]  或者我們 再還不知道自己就是
[00:34:52.620 --> 00:34:55.620]  罪人的時候 已經在開始得罪神
[00:34:55.620 --> 00:34:57.320]  得罪人的時候
[00:34:57.320 --> 00:35:01.100]  一旦我們願意來到神的裡邊的時候
[00:35:01.100 --> 00:35:04.080]  神都用祂的恩典
[00:35:04.080 --> 00:35:05.500]  來復辟我們
[00:35:05.500 --> 00:35:08.540]  這裡講到的小兒子呢
[00:35:08.540 --> 00:35:10.160]  他因著
[00:35:10.160 --> 00:35:14.100]  他醒悟 他的一個詞
[00:35:14.100 --> 00:35:16.960]  醒悟 靈魂的甦醒
[00:35:16.960 --> 00:35:20.040]  帶來了他思維的更新以後
[00:35:20.040 --> 00:35:23.180]  就帶來了一個關係的更新
[00:35:23.180 --> 00:35:27.100]  也更加帶來了一種生命的更新
[00:35:27.100 --> 00:35:29.640]  從他經歷了這樣一個
[00:35:29.640 --> 00:35:32.240]  人生的大起大落之後
[00:35:32.240 --> 00:35:35.020]  以後相信 他的人生道路
[00:35:35.020 --> 00:35:37.080]  會有完全的翻轉
[00:35:37.080 --> 00:35:40.340]  比喻當中 父親的開心啊
[00:35:40.340 --> 00:35:42.340]  他為什麼這麼開心
[00:35:42.340 --> 00:35:44.580]  他其中就說了
[00:35:45.340 --> 00:35:47.340]  因為我這兒子
[00:35:47.340 --> 00:35:49.660]  是死而復活
[00:35:49.660 --> 00:35:52.160]  也是八個字 另外四個字是什麼
[00:35:52.160 --> 00:35:54.600]  失而復得的
[00:35:54.600 --> 00:35:56.100]  甚至願意
[00:35:56.100 --> 00:36:00.300]  把一頭肥牛犢牽來宰了
[00:36:00.300 --> 00:36:02.300]  為這個孩子
[00:36:02.300 --> 00:36:04.300]  來慶祝
[00:36:04.300 --> 00:36:06.300]  為什麼說死而復活
[00:36:06.300 --> 00:36:08.300]  失而復得那麼重要呢
[00:36:08.300 --> 00:36:11.300]  一個生命的蘇醒那麼重要呢
[00:36:11.300 --> 00:36:13.300]  這也如同
[00:36:13.300 --> 00:36:15.300]  當時有一個法利賽人
[00:36:15.300 --> 00:36:17.300]  他夜晚
[00:36:17.300 --> 00:36:19.300]  悄悄地來請教耶穌
[00:36:19.300 --> 00:36:21.300]  怎麼樣可以
[00:36:21.300 --> 00:36:24.300]  有永恆的生命啊
[00:36:24.300 --> 00:36:26.300]  怎麼樣才可以永生啊
[00:36:26.300 --> 00:36:28.300]  等等啊
[00:36:28.300 --> 00:36:30.300]  他這個人叫做尼戈德穆
[00:36:30.300 --> 00:36:32.300]  耶穌就告訴他
[00:36:32.300 --> 00:36:34.300]  人若不重生
[00:36:34.300 --> 00:36:36.300]  就不能進入
[00:36:36.300 --> 00:36:38.300]  我的國
[00:36:38.300 --> 00:36:40.300]  所以這裡就講到一個
[00:36:40.300 --> 00:36:42.300]  死而復活
[00:36:42.300 --> 00:36:45.300]  失而復得的重要性
[00:36:45.300 --> 00:36:48.300]  完完全全地醒悟了
[00:36:48.300 --> 00:36:51.300]  完完全全地脫胎換骨了
[00:36:51.300 --> 00:36:53.300]  完完全全地把那老我和舊我
[00:36:53.300 --> 00:36:55.300]  完完全全地捨棄
[00:36:55.300 --> 00:36:57.300]  有一個尊榮的生命
[00:36:57.300 --> 00:37:00.300]  不再是他以前自己的
[00:37:00.300 --> 00:37:04.300]  而是神賦予給他的
[00:37:04.300 --> 00:37:08.300]  他是一個神所喜悅的眼神
[00:37:08.300 --> 00:37:12.300]  他是一個神所喜悅的孩子
[00:37:12.300 --> 00:37:14.300]  所以在我們
[00:37:14.300 --> 00:37:16.300]  上帝的真理和愛
[00:37:16.300 --> 00:37:18.300]  搭建的關係當中
[00:37:18.300 --> 00:37:21.300]  就如同馬拉基書形容的那樣
[00:37:21.300 --> 00:37:24.300]  他必使父親的心
[00:37:24.300 --> 00:37:26.300]  轉向兒女
[00:37:26.300 --> 00:37:29.300]  兒女的心轉向父親
[00:37:29.300 --> 00:37:31.300]  這是一份
[00:37:31.300 --> 00:37:34.300]  父親的榮幸
[00:37:34.300 --> 00:37:36.300]  兒女的尊榮
[00:37:36.300 --> 00:37:38.300]  家庭的美好
[00:37:38.300 --> 00:37:40.300]  這是一份神
[00:37:40.300 --> 00:37:43.300]  給我們所有人的延續
[00:37:43.300 --> 00:37:46.300]  感謝父神讓我們在今天父親節
[00:37:46.300 --> 00:37:48.300]  主日的這一天
[00:37:48.300 --> 00:37:50.300]  一起來思想
[00:37:50.300 --> 00:37:52.300]  為父的心
[00:37:52.300 --> 00:37:56.300]  讓我們透過我們在地上爸爸
[00:37:56.300 --> 00:37:58.300]  他的這份承擔
[00:37:58.300 --> 00:38:00.300]  守望和款喜
[00:38:00.300 --> 00:38:02.300]  也同樣明白
[00:38:02.300 --> 00:38:04.300]  我們天父爸爸
[00:38:04.300 --> 00:38:06.300]  也是這樣愛
[00:38:06.300 --> 00:38:08.300]  愛了我們
[00:38:08.300 --> 00:38:10.300]  我們一起來禱告
[00:38:10.300 --> 00:38:14.300]  我們在天上的父
[00:38:14.300 --> 00:38:16.300]  我們感謝讚美你
[00:38:16.300 --> 00:38:20.300]  是你帶領我們的人生道路
[00:38:20.300 --> 00:38:24.300]  是你讓我們的靈魂蘇醒
[00:38:24.300 --> 00:38:26.300]  主啊
[00:38:26.300 --> 00:38:29.300]  到我們一切的醒悟過來的時候
[00:38:29.300 --> 00:38:31.300]  這一切
[00:38:31.300 --> 00:38:34.300]  世上的一切都變為黯淡
[00:38:34.300 --> 00:38:38.300]  我們就聚焦在你的身上
[00:38:38.300 --> 00:38:40.300]  你才是我們生命當中
[00:38:40.300 --> 00:38:43.300]  最最寶貴的至寶
[00:38:43.300 --> 00:38:47.300]  有你了我們才有了一切
[00:38:47.300 --> 00:38:48.300]  主啊有你
[00:38:48.300 --> 00:38:51.300]  你就把我們生命中各樣的所需
[00:38:51.300 --> 00:38:54.300]  甚至超過我們所想所求
[00:38:54.300 --> 00:38:58.300]  都賜給在我們的生命當中了
[00:38:58.300 --> 00:39:01.300]  主啊我們也要做那位
[00:39:01.300 --> 00:39:04.300]  蒙您喜悅的孩子
[00:39:04.300 --> 00:39:07.300]  願我們緊緊地擁抱你
[00:39:07.300 --> 00:39:09.300]  讓我們切切地愛慕你
[00:39:09.300 --> 00:39:12.300]  讓我們願意追隨你
[00:39:12.300 --> 00:39:16.300]  就得蒙主你更多的讎造和賜福
[00:39:16.300 --> 00:39:17.300]  感謝主
[00:39:17.300 --> 00:39:20.300]  我們這樣同心合一地禱告
[00:39:20.300 --> 00:39:23.300]  奉主耶穌基督得勝的名而求
[00:39:23.300 --> 00:39:24.300]  Amen
