
[00:00:00.000 --> 00:00:03.780]  希望姐妹平安 感恩我們又能夠一起聽神的話語
[00:00:03.780 --> 00:00:06.600]  好 讓我們一起同心禱告
[00:00:06.600 --> 00:00:09.920]  親愛的天父 我們滿心感謝讚美你
[00:00:09.920 --> 00:00:13.620]  幫我們建立成為一個屬靈的大家庭的群體
[00:00:13.620 --> 00:00:16.220]  讓基督成為我們生命中的中心
[00:00:16.220 --> 00:00:19.260]  我們群體的中心 我們感謝你
[00:00:19.260 --> 00:00:21.560]  此時我們要聽你的話語
[00:00:21.560 --> 00:00:23.520]  我們求你預備我們的心
[00:00:23.520 --> 00:00:27.600]  叫我們的心成為一片耶穌所說的好土
[00:00:27.600 --> 00:00:30.120]  能夠領受上帝你的道
[00:00:30.120 --> 00:00:33.200]  能夠結出多輩的國子
[00:00:33.200 --> 00:00:34.640]  求你與我們同在
[00:00:34.640 --> 00:00:37.460]  禱告奉耶穌的名 祈求 阿們
[00:00:37.460 --> 00:00:39.380]  我們現在在這個講道系列
[00:00:39.380 --> 00:00:42.280]  叫「神同在的祝福」的講道系列
[00:00:42.280 --> 00:00:44.120]  簡單的再回顧一下
[00:00:44.120 --> 00:00:47.820]  我思想了基督徒要如何經常得勝
[00:00:47.820 --> 00:00:52.520]  然後我們就說了兩次了
[00:00:52.520 --> 00:00:55.220]  就想到挑戰很大
[00:00:55.220 --> 00:00:56.620]  靠自己很難得勝
[00:00:56.620 --> 00:00:59.660]  原因是因為我們的敵人很強
[00:00:59.660 --> 00:01:02.620]  這敵人裡裡外外都有
[00:01:02.620 --> 00:01:05.360]  我們的老我也是我們的敵人
[00:01:05.360 --> 00:01:07.360]  該做的不去做
[00:01:07.360 --> 00:01:08.540]  不該做的就去做
[00:01:08.540 --> 00:01:09.840]  這是那個老我
[00:01:09.840 --> 00:01:12.700]  整天想要來毀壞我們的生命
[00:01:12.700 --> 00:01:14.140]  然後還有這個世界
[00:01:14.140 --> 00:01:19.240]  這個世界有很多的邪惡的誘惑力量
[00:01:19.240 --> 00:01:22.280]  使人會貪婪 使人會自私
[00:01:22.280 --> 00:01:24.220]  魔鬼就很狡猾
[00:01:24.220 --> 00:01:28.120]  魔鬼這個目的就是想毀壞我們的生命
[00:01:28.120 --> 00:01:29.960]  毀壞家庭 毀壞自己
[00:01:29.960 --> 00:01:32.360]  所以我們的結論很簡單
[00:01:32.360 --> 00:01:36.500]  絕對不是靠自己能夠勝過這個世界
[00:01:36.500 --> 00:01:38.000]  能夠勝過自己
[00:01:38.000 --> 00:01:39.960]  所以要經常得勝
[00:01:39.960 --> 00:01:43.060]  必須靠上帝的大能
[00:01:43.060 --> 00:01:44.300]  上次我們也講了
[00:01:44.300 --> 00:01:45.940]  所以耶穌就說
[00:01:45.940 --> 00:01:48.140]  耶穌跟門徒說得很清楚
[00:01:48.140 --> 00:01:52.640]  離了我 你們就不能做什麼
[00:01:52.640 --> 00:01:55.040]  所以我們需要神的同在
[00:01:55.040 --> 00:01:57.580]  因為離了耶穌 不能做什麼
[00:01:57.580 --> 00:01:59.820]  我們需要神的同在
[00:01:59.820 --> 00:02:01.420]  當我們意識到這點的時候
[00:02:01.420 --> 00:02:02.480]  我們就知道
[00:02:02.480 --> 00:02:05.320]  上帝讓耶穌的名字也被稱為
[00:02:05.320 --> 00:02:06.460]  以馬內利
[00:02:06.460 --> 00:02:09.000]  是一件非常令我們感動的事情
[00:02:09.000 --> 00:02:10.800]  因為祂承諾什麼呢?
[00:02:10.800 --> 00:02:13.600]  祂承諾縱然我們有罪
[00:02:13.600 --> 00:02:16.040]  但上帝不嫌棄我們
[00:02:16.040 --> 00:02:17.640]  縱然我們有軟弱
[00:02:17.640 --> 00:02:20.500]  縱然有些時候我們還會不信實
[00:02:20.500 --> 00:02:21.980]  但上帝不嫌棄我們
[00:02:21.980 --> 00:02:25.180]  祂就是願意與我們同在
[00:02:25.180 --> 00:02:27.080]  我們把上帝的與我們同在
[00:02:27.080 --> 00:02:29.480]  有些時候當作是理所當然
[00:02:29.480 --> 00:02:31.480]  但是不是那麼理所當然的
[00:02:31.480 --> 00:02:35.520]  一個完全決然聖潔的上帝的神
[00:02:35.520 --> 00:02:40.920]  竟然願意與我們這些有誤會的人同在
[00:02:40.920 --> 00:02:42.820]  這是何等大的恩典
[00:02:42.820 --> 00:02:45.460]  所以耶穌的名字就是以馬內利
[00:02:45.460 --> 00:02:46.760]  神與我們同在
[00:02:46.760 --> 00:02:48.840]  所以這個講道系列就講
[00:02:48.840 --> 00:02:51.000]  神的同在帶給我們的祝福
[00:02:51.000 --> 00:02:53.340]  我們已經講了兩次了
[00:02:53.340 --> 00:02:56.640]  第一次我們是在講
[00:02:56.640 --> 00:02:59.380]  神的同在帶來的美好心靈
[00:02:59.380 --> 00:03:02.580]  那麼美好心靈就心靈的力量
[00:03:02.580 --> 00:03:03.880]  心靈誠實
[00:03:03.880 --> 00:03:04.980]  心靈健康
[00:03:04.980 --> 00:03:06.980]  還有心靈是安穩的
[00:03:06.980 --> 00:03:09.180]  然後上一次我們講的是
[00:03:09.180 --> 00:03:13.100]  神的同在帶來的美好關係
[00:03:13.100 --> 00:03:15.100]  我們在神的同在裡面
[00:03:15.100 --> 00:03:17.260]  我們深深的是經歷
[00:03:17.260 --> 00:03:19.900]  祂是深深的愛我們的
[00:03:19.900 --> 00:03:21.600]  我們越跟上帝親近
[00:03:21.600 --> 00:03:24.000]  我們就越感受到這一點
[00:03:24.000 --> 00:03:25.800]  如果你只是一個
[00:03:25.800 --> 00:03:27.040]  名義上是一個基督徒
[00:03:27.040 --> 00:03:28.680]  但是從來不禱告
[00:03:28.680 --> 00:03:29.640]  從來不靈修
[00:03:29.640 --> 00:03:31.180]  從來不去親近神的
[00:03:31.180 --> 00:03:33.880]  可能你對上帝愛你這個感覺
[00:03:33.880 --> 00:03:36.880]  這感受就比較薄弱
[00:03:36.880 --> 00:03:38.880]  那麼你也知道神接納你
[00:03:38.880 --> 00:03:40.120]  神心疼你
[00:03:40.120 --> 00:03:41.480]  看到你犯罪
[00:03:41.480 --> 00:03:42.460]  神是心疼的
[00:03:42.460 --> 00:03:47.320]  所以聖經說不要叫聖靈憂傷
[00:03:47.320 --> 00:03:49.620]  不要讓聖靈憂傷
[00:03:49.620 --> 00:03:50.960]  那麼最後我們看到
[00:03:50.960 --> 00:03:52.760]  神同在會讓我們知道
[00:03:52.760 --> 00:03:54.500]  祂器重我們
[00:03:54.500 --> 00:03:56.360]  祂要使用我們
[00:03:56.360 --> 00:03:57.800]  我們上次也說了
[00:03:57.800 --> 00:04:00.640]  繁體字跟簡體字的輕
[00:04:00.640 --> 00:04:02.280]  少了什麼字
[00:04:02.280 --> 00:04:03.140]  賤
[00:04:03.140 --> 00:04:05.080]  少了賤這個字
[00:04:05.080 --> 00:04:08.180]  所以親戚之間的來往就知道了
[00:04:08.180 --> 00:04:08.920]  不賤不賤
[00:04:08.920 --> 00:04:12.780]  多年不賤之後就感覺沒那麼輕了
[00:04:12.780 --> 00:04:13.660]  要賤
[00:04:13.660 --> 00:04:16.560]  我們跟神的關係也一樣
[00:04:16.560 --> 00:04:18.460]  你沒有常常親近上帝
[00:04:18.460 --> 00:04:22.200]  就影響了你跟上帝有沒有很親近
[00:04:22.200 --> 00:04:25.860]  所以我們今天是要來到第三講
[00:04:25.860 --> 00:04:27.300]  第三講我們要講到
[00:04:27.300 --> 00:04:32.300]  神同在的祝福帶來的美好智慧
[00:04:32.300 --> 00:04:33.040]  好
[00:04:33.040 --> 00:04:35.340]  那麼聖經中是怎麼教導呢?
[00:04:35.340 --> 00:04:37.180]  我相信大家都很熟悉
[00:04:37.180 --> 00:04:38.980]  簡單地回顧一下
[00:04:38.980 --> 00:04:42.680]  敬畏耶和華是智慧的開端
[00:04:42.680 --> 00:04:45.480]  認識至聖者便是聰明
[00:04:45.480 --> 00:04:48.160]  希望這些我們已經很熟悉的經文
[00:04:48.160 --> 00:04:49.960]  能夠被讀出來的時候
[00:04:49.960 --> 00:04:52.520]  再次地提醒自己
[00:04:52.520 --> 00:04:55.260]  敬畏神才是智慧的開端
[00:04:55.260 --> 00:04:59.760]  這是聖經給我們的很重要的真理跟教導
[00:04:59.760 --> 00:05:01.440]  因為只有敬畏神的時候
[00:05:01.440 --> 00:05:05.880]  我們才知道怎麼樣去對抗那些誘惑
[00:05:05.880 --> 00:05:07.640]  我們才能夠避免
[00:05:07.640 --> 00:05:09.040]  那麼認識至聖者
[00:05:09.040 --> 00:05:11.480]  因為祂是神聖的
[00:05:11.480 --> 00:05:13.380]  我們才是聰明
[00:05:13.380 --> 00:05:14.420]  第二
[00:05:14.420 --> 00:05:16.020]  箴言也說了
[00:05:16.020 --> 00:05:18.020]  耶和華是人智慧
[00:05:18.020 --> 00:05:21.220]  智慧和聰明都是由祂的口而出的
[00:05:21.220 --> 00:05:23.520]  所以智慧的來源在哪裡?
[00:05:23.520 --> 00:05:27.160]  真智慧的來源就是上帝
[00:05:27.160 --> 00:05:28.920]  人為什麼會有智慧?
[00:05:28.920 --> 00:05:30.660]  人為什麼會有智慧?
[00:05:30.660 --> 00:05:33.460]  因為是上帝給我們的
[00:05:33.460 --> 00:05:36.760]  上帝造人的時候就給了人智慧
[00:05:36.760 --> 00:05:38.640]  當他吹一口氣
[00:05:38.640 --> 00:05:40.900]  使人成了有靈的活人
[00:05:40.900 --> 00:05:44.440]  我們就跟其他的生物不一樣了
[00:05:44.440 --> 00:05:46.220]  他們是直覺
[00:05:46.220 --> 00:05:49.340]  他們是要生存的直覺
[00:05:49.340 --> 00:05:51.780]  我們是不一樣的智慧
[00:05:51.780 --> 00:05:53.580]  是另外一個層次的智慧
[00:05:53.580 --> 00:05:56.160]  所以我們住的地方不再是山洞了
[00:05:56.160 --> 00:05:58.760]  我們住的地方已經有很大的變化了
[00:05:58.760 --> 00:06:01.720]  我們不能飛的也能夠製造飛機了
[00:06:01.720 --> 00:06:07.560]  所以人是從上帝得到很不一樣的層次的智慧
[00:06:07.560 --> 00:06:09.660]  而智慧的來源就是上帝
[00:06:09.660 --> 00:06:10.700]  第三
[00:06:10.700 --> 00:06:13.000]  在耶和華造化的起頭
[00:06:13.000 --> 00:06:16.480]  在太初創造萬物之前就有了我
[00:06:16.480 --> 00:06:19.380]  從耿骨、從太初會有世界以前
[00:06:19.380 --> 00:06:20.280]  我已悲厲
[00:06:20.280 --> 00:06:22.480]  這裡是講到聖靈
[00:06:22.480 --> 00:06:23.480]  智慧的靈
[00:06:23.480 --> 00:06:25.320]  聖靈與上帝同在
[00:06:25.320 --> 00:06:26.680]  也是上帝
[00:06:26.680 --> 00:06:32.060]  在這裡我們要看到第二點是什麼呢?
[00:06:32.060 --> 00:06:35.100]  世上其實有各種智慧
[00:06:35.100 --> 00:06:35.900]  對不對?
[00:06:35.900 --> 00:06:37.800]  世上有各種智慧
[00:06:37.800 --> 00:06:40.300]  有些時候你會碰到很有智慧的人
[00:06:40.300 --> 00:06:43.180]  你都會被他的智慧驚嘆的
[00:06:43.180 --> 00:06:45.640]  我簡單的想要把這世上的智慧
[00:06:45.640 --> 00:06:49.620]  簡單的歸類成三個類型
[00:06:49.620 --> 00:06:50.640]  四個類型
[00:06:50.640 --> 00:06:54.420]  第一個是實用的智慧
[00:06:54.420 --> 00:06:56.620]  第二個是美善的智慧
[00:06:56.620 --> 00:07:00.220]  第三個我稱它作邪惡的智慧
[00:07:00.220 --> 00:07:02.560]  其實在神眼裡不是智慧
[00:07:02.560 --> 00:07:06.460]  第四是人工的智慧
[00:07:06.460 --> 00:07:07.500]  第一個
[00:07:07.500 --> 00:07:08.900]  實用的智慧
[00:07:08.900 --> 00:07:13.300]  這包括那些增加知識的
[00:07:13.300 --> 00:07:16.240]  改善生活的各種智慧
[00:07:16.240 --> 00:07:17.900]  這些都是智慧
[00:07:17.900 --> 00:07:21.740]  那麼創造神學告訴我們什麼呢?
[00:07:21.740 --> 00:07:26.080]  我要感謝我的已故的老師
[00:07:26.080 --> 00:07:29.020]  神學老師楊希羌牧師
[00:07:29.020 --> 00:07:31.620]  他在二十多年前上課的時候
[00:07:31.620 --> 00:07:35.160]  就教我們創造神學
[00:07:35.160 --> 00:07:37.600]  是他在念神學的時候學的
[00:07:37.600 --> 00:07:40.960]  然後他就在香港各個教會
[00:07:40.960 --> 00:07:44.160]  都傳授創造神學
[00:07:44.160 --> 00:07:46.840]  使得我們基督教更明白
[00:07:46.840 --> 00:07:51.080]  信仰的整體是包括了創造神學
[00:07:51.080 --> 00:07:52.940]  還有救贖神學
[00:07:52.940 --> 00:07:58.040]  教會裡面的人比較熟悉的是救贖神學
[00:07:58.040 --> 00:08:00.020]  救贖神學是我們大家很熟悉的
[00:08:00.020 --> 00:08:02.720]  就是人有罪
[00:08:02.720 --> 00:08:04.020]  救不了自己
[00:08:04.020 --> 00:08:06.060]  走向滅亡跟審判
[00:08:06.060 --> 00:08:09.120]  耶穌基督犧牲自己的生命
[00:08:09.120 --> 00:08:12.100]  來到世界上為我們死
[00:08:12.100 --> 00:08:13.600]  然後復活
[00:08:13.600 --> 00:08:16.160]  我們相信祂就得救贖
[00:08:16.160 --> 00:08:19.400]  這是我們教會裡面常常講
[00:08:19.400 --> 00:08:21.240]  常常最熟悉的
[00:08:21.240 --> 00:08:23.400]  也因著我們了解才得救
[00:08:23.400 --> 00:08:26.140]  才進入教會的救贖神學
[00:08:26.140 --> 00:08:29.940]  那你如果可以這樣的想像一個大圓圈
[00:08:29.940 --> 00:08:33.080]  救贖神學就在圓圈裡面的一個中心點
[00:08:33.080 --> 00:08:35.120]  一個核心
[00:08:35.120 --> 00:08:39.780]  只有信了主的人才真的明白
[00:08:39.780 --> 00:08:41.760]  在信主的人以外
[00:08:41.760 --> 00:08:43.100]  可以聽過
[00:08:43.100 --> 00:08:47.860]  但是不接受就無法體會救贖神學
[00:08:47.860 --> 00:08:50.360]  而在這個外圈
[00:08:50.360 --> 00:08:55.040]  是包括信主跟不信主的人的創造神學
[00:08:55.040 --> 00:08:57.380]  就是從創世紀一開始
[00:08:57.380 --> 00:09:01.480]  上帝創造全人類
[00:09:01.480 --> 00:09:02.780]  創造人類
[00:09:02.780 --> 00:09:06.820]  就賦予人有智慧
[00:09:06.820 --> 00:09:10.020]  賦予人有責任
[00:09:10.020 --> 00:09:12.820]  賦予人有人生的意義
[00:09:12.820 --> 00:09:15.020]  能夠管理這個世界
[00:09:15.020 --> 00:09:17.420]  所以上帝也給了人智慧
[00:09:17.420 --> 00:09:21.200]  所以你在還沒有認識神的人當中
[00:09:21.200 --> 00:09:22.800]  會不會看到智慧呢?
[00:09:22.800 --> 00:09:24.800]  會不會看到一些改善生活
[00:09:24.800 --> 00:09:26.900]  跟管理這個世界的智慧呢?
[00:09:26.900 --> 00:09:28.160]  會的 對不對?
[00:09:28.160 --> 00:09:29.400]  肯定會的
[00:09:29.400 --> 00:09:30.340]  雖然他還沒有信主
[00:09:30.340 --> 00:09:34.100]  因為他也是在這個上帝所造的人
[00:09:34.100 --> 00:09:36.300]  上帝按照自己的形象
[00:09:36.300 --> 00:09:37.800]  也給了他智慧
[00:09:37.800 --> 00:09:40.420]  所以這就是創造神學
[00:09:40.420 --> 00:09:41.480]  現在大家明白了
[00:09:41.480 --> 00:09:43.580]  你這樣看這兩樣東西
[00:09:43.580 --> 00:09:44.580]  加起來
[00:09:44.580 --> 00:09:48.060]  你的人生觀就更加的完整了
[00:09:48.060 --> 00:09:50.320]  聖經的人生觀就更加完整了
[00:09:50.320 --> 00:09:52.760]  就是大圈是創造神學
[00:09:52.760 --> 00:09:54.600]  我們每個都在裡面
[00:09:54.600 --> 00:09:56.660]  上帝是不管你信不信祂
[00:09:56.660 --> 00:09:57.800]  祂都愛你
[00:09:57.800 --> 00:09:59.360]  祂都給你陽光
[00:09:59.360 --> 00:10:00.840]  祂都給你空氣
[00:10:00.840 --> 00:10:02.440]  祂都給你水
[00:10:02.440 --> 00:10:03.700]  讓你生存
[00:10:03.700 --> 00:10:04.700]  還給你智慧
[00:10:04.700 --> 00:10:06.300]  改善生活
[00:10:06.300 --> 00:10:09.940]  就上帝照顧蒼生的這個
[00:10:09.940 --> 00:10:10.940]  我們在裡面
[00:10:10.940 --> 00:10:14.040]  你發現原來我們很感恩
[00:10:14.040 --> 00:10:16.180]  我們不只是有這些祝福
[00:10:16.180 --> 00:10:21.060]  我們還進入了救贖神學裡面
[00:10:21.060 --> 00:10:23.120]  能夠更認識祂
[00:10:23.120 --> 00:10:24.420]  真知道祂
[00:10:24.420 --> 00:10:25.060]  真的認識祂
[00:10:25.060 --> 00:10:27.200]  那個靈甦醒了
[00:10:27.200 --> 00:10:28.960]  那個靈突然間覺得
[00:10:28.960 --> 00:10:32.000]  原來我不只是這世界上的一個生物
[00:10:32.000 --> 00:10:34.740]  原來有一位上帝跟我有關
[00:10:34.740 --> 00:10:37.540]  我的靈魂跟祂有關係
[00:10:37.540 --> 00:10:39.340]  我們進入了救贖神學
[00:10:39.340 --> 00:10:42.280]  所以只要你是一個基督徒
[00:10:42.280 --> 00:10:44.280]  你要非常的感恩
[00:10:44.280 --> 00:10:45.920]  非常的感恩
[00:10:45.920 --> 00:10:48.920]  你享受上帝的創造的祝福
[00:10:48.920 --> 00:10:54.020]  也享受救恩的美好浩大的恩典
[00:10:54.020 --> 00:10:57.260]  第二種智慧是美善的智慧
[00:10:57.260 --> 00:10:58.860]  美善的智慧
[00:10:58.860 --> 00:11:01.700]  就是那些導人向善的智慧
[00:11:01.700 --> 00:11:05.300]  就是告訴我們人與人之間應該平等
[00:11:05.300 --> 00:11:07.800]  人與人之間應該以禮相待
[00:11:07.800 --> 00:11:10.900]  人與人之間不應該彼此傷害
[00:11:10.900 --> 00:11:13.100]  人與人之間應該怎麼樣公平
[00:11:13.100 --> 00:11:16.380]  很多很多各樣的導人向善的智慧
[00:11:16.380 --> 00:11:18.440]  包括很多不同的宗教
[00:11:18.440 --> 00:11:20.040]  哲學家的道理
[00:11:20.040 --> 00:11:22.720]  教育家的一些的教導
[00:11:22.720 --> 00:11:25.720]  都是導人向善的智慧
[00:11:25.720 --> 00:11:26.820]  對嗎
[00:11:26.820 --> 00:11:29.980]  那麼在這裡要趁這個時候
[00:11:29.980 --> 00:11:33.160]  跟大家澄清一件事情
[00:11:33.160 --> 00:11:40.660]  基督教不只是一個導人向善的信仰
[00:11:40.660 --> 00:11:42.000]  對吧
[00:11:42.000 --> 00:11:45.100]  基督教不只是一個導人向善的信仰
[00:11:45.100 --> 00:11:48.000]  這個是有很多很多還沒有信主的人
[00:11:48.000 --> 00:11:50.000]  對基督教的誤解
[00:11:50.000 --> 00:11:52.580]  他們常常會怎麼說呢
[00:11:52.580 --> 00:11:55.580]  所有的宗教都是一樣的
[00:11:55.580 --> 00:11:58.680]  都是導人向善
[00:11:58.680 --> 00:11:59.520]  對嗎
[00:11:59.520 --> 00:12:01.380]  所有的宗教都是一樣的
[00:12:01.380 --> 00:12:04.060]  都是導人向善
[00:12:04.060 --> 00:12:08.420]  那麼這裡就講到了一個表面
[00:12:08.420 --> 00:12:10.260]  不小心的話
[00:12:10.260 --> 00:12:14.660]  你就會以為這就是基督教的全部
[00:12:14.660 --> 00:12:18.260]  但是它連核心都不是
[00:12:18.260 --> 00:12:21.600]  基督教當然是要導人向善到最後
[00:12:21.600 --> 00:12:26.440]  但是它的核心跟所有其他宗教不一樣是什麼呢
[00:12:26.440 --> 00:12:31.740]  它就是說 人不能自救
[00:12:31.740 --> 00:12:35.180]  是罪人 但是無法救到自己
[00:12:35.180 --> 00:12:37.020]  不管我們做什麼善事
[00:12:37.020 --> 00:12:40.120]  想要彌補我們以前的過犯罪孽
[00:12:40.120 --> 00:12:41.460]  都沒有辦法
[00:12:41.460 --> 00:12:43.260]  在神的屬靈的律裡面
[00:12:43.260 --> 00:12:47.260]  犯了罪就是犯了罪
[00:12:47.260 --> 00:12:48.660]  所以人不能自救
[00:12:48.660 --> 00:12:50.360]  唯靠主拯救
[00:12:50.360 --> 00:12:51.860]  主的犧牲就拯救了
[00:12:51.860 --> 00:12:54.600]  這才是整個基督教的核心
[00:12:54.600 --> 00:12:58.900]  得救之後 我們自然地想要向善
[00:12:58.900 --> 00:13:02.500]  得救之後 我們自然地想要做一個
[00:13:02.500 --> 00:13:04.780]  上帝喜悅的人 那就向善
[00:13:04.780 --> 00:13:07.240]  因為上帝就是絕對的真善美
[00:13:07.240 --> 00:13:08.080]  對嗎
[00:13:08.080 --> 00:13:09.980]  所以大家明白了
[00:13:09.980 --> 00:13:11.480]  所以這是第二種智慧
[00:13:11.480 --> 00:13:12.380]  美善的智慧
[00:13:12.380 --> 00:13:13.920]  是導人向善的智慧
[00:13:13.920 --> 00:13:15.680]  順便澄清一下
[00:13:15.680 --> 00:13:18.420]  基督教最核心的不是這一點
[00:13:18.420 --> 00:13:19.460]  清楚了
[00:13:19.460 --> 00:13:21.160]  好 第三種智慧
[00:13:21.160 --> 00:13:22.800]  是邪惡的智慧
[00:13:22.800 --> 00:13:25.260]  在神的眼裡 肯定不是智慧
[00:13:25.260 --> 00:13:27.660]  不過有些人在幹這些事情的時候
[00:13:27.660 --> 00:13:29.200]  覺得自己很有智慧
[00:13:29.200 --> 00:13:34.000]  包括了侵略 搶奪 剝削
[00:13:34.000 --> 00:13:35.700]  這些不公義的事情
[00:13:35.700 --> 00:13:39.540]  都是濫用了上帝給人的聰明
[00:13:39.540 --> 00:13:42.220]  來想很多辦法
[00:13:42.220 --> 00:13:44.220]  拿到自己最大的利益
[00:13:44.220 --> 00:13:45.920]  哪怕是犧牲了
[00:13:45.920 --> 00:13:49.920]  很多沒有能力抵抗的人的利益
[00:13:49.920 --> 00:13:51.820]  他都要搶過來
[00:13:51.820 --> 00:13:54.920]  那些就是邪惡的智慧
[00:13:54.920 --> 00:13:58.800]  最經典的肯定就是希特勒
[00:13:58.800 --> 00:13:59.860]  對嗎
[00:13:59.860 --> 00:14:02.300]  希特勒認為自己的民族
[00:14:02.300 --> 00:14:04.200]  應該是最優秀的
[00:14:04.200 --> 00:14:08.580]  哇 當那種民族自豪主義
[00:14:08.580 --> 00:14:11.280]  發揮到最強 最極端的時候
[00:14:11.280 --> 00:14:13.520]  是一件很可怕的事情
[00:14:13.520 --> 00:14:17.340]  因為沒有把上帝所造的全人類
[00:14:17.340 --> 00:14:20.220]  看成都是按著神的形象造的
[00:14:20.220 --> 00:14:22.480]  那個就是他的問題所在了
[00:14:22.480 --> 00:14:24.320]  希特勒那個時候
[00:14:24.320 --> 00:14:26.520]  就是那種自大狂妄
[00:14:26.520 --> 00:14:30.860]  把民族自豪主義推到最極端
[00:14:30.860 --> 00:14:35.840]  就認為要剷除所有的猶太人
[00:14:35.840 --> 00:14:38.700]  結果悲劇就發生了
[00:14:38.700 --> 00:14:40.680]  多少猶太人被屠殺了
[00:14:40.680 --> 00:14:41.540]  被殺死了
[00:14:41.540 --> 00:14:44.080]  被送進了集中營
[00:14:44.080 --> 00:14:46.680]  給他們吸毒氣
[00:14:46.680 --> 00:14:50.880]  一個一個的家庭
[00:14:50.880 --> 00:14:57.420]  50萬 100萬 200萬 600萬
[00:14:57.420 --> 00:15:02.160]  600萬猶太人就這樣被殺死了
[00:15:02.160 --> 00:15:05.760]  這就是邪惡的智慧
[00:15:05.760 --> 00:15:07.300]  他有辦法
[00:15:07.300 --> 00:15:08.800]  他有各種的辦法
[00:15:08.800 --> 00:15:14.640]  他當中有一個很高職位的高層的部長
[00:15:14.640 --> 00:15:16.480]  他想的辦法是什麼呢
[00:15:16.480 --> 00:15:22.580]  不斷的去宣揚猶太人的邪惡的貪婪
[00:15:22.580 --> 00:15:25.880]  然後認為他們是對世界有禍害的
[00:15:25.880 --> 00:15:28.260]  他相信一個道理是什麼呢
[00:15:28.260 --> 00:15:30.220]  他相信一個道理就是
[00:15:30.220 --> 00:15:34.060]  謊言只要說一千次一萬次
[00:15:34.060 --> 00:15:36.660]  就有人性了
[00:15:36.660 --> 00:15:39.140]  所以基特勒就給予他這個權利
[00:15:39.140 --> 00:15:41.840]  不斷的去散播這個謊言
[00:15:41.840 --> 00:15:43.640]  發很多的單張
[00:15:43.640 --> 00:15:47.080]  結果想要敵視猶太人的情緒
[00:15:47.080 --> 00:15:50.540]  就在那個時候就蔓延了
[00:15:50.540 --> 00:15:54.120]  結果就很多人死了
[00:15:54.120 --> 00:15:56.880]  上帝是何等的痛心
[00:15:56.880 --> 00:16:01.060]  人類用他所賦予的聰明
[00:16:01.060 --> 00:16:03.460]  變成了邪惡的智慧
[00:16:03.460 --> 00:16:07.000]  最後要講比較現代的 是人工的智慧
[00:16:07.000 --> 00:16:08.900]  就是人工智能
[00:16:08.900 --> 00:16:11.460]  現在什麼都是AI 對嗎
[00:16:11.460 --> 00:16:15.200]  肯定每個人都會聽過AI
[00:16:15.200 --> 00:16:19.940]  連馬雲都說他那個就是愛
[00:16:19.940 --> 00:16:23.680]  好 人工智能 AI
[00:16:23.680 --> 00:16:27.380]  那個算力是第一次接觸的時候
[00:16:27.380 --> 00:16:29.620]  真的是也把我嚇到了
[00:16:29.620 --> 00:16:31.680]  當你去嘗試去體會的時候
[00:16:31.680 --> 00:16:34.660]  你會發現那個算力是可以
[00:16:34.660 --> 00:16:36.960]  快速到超越你的想像
[00:16:36.960 --> 00:16:38.220]  你以為它很強
[00:16:38.220 --> 00:16:41.460]  你在去跟不同的朋友交流的時候
[00:16:41.460 --> 00:16:46.300]  在各個領域 不管是簡單的文字
[00:16:46.300 --> 00:16:48.340]  知識 還是去到
[00:16:48.340 --> 00:16:52.240]  能夠把一部電影弄出來
[00:16:52.240 --> 00:16:54.080]  把一部電影講出來 弄出來
[00:16:54.080 --> 00:16:55.280]  我有一個朋友就是
[00:16:55.280 --> 00:16:56.440]  愛上了這個AI
[00:16:56.440 --> 00:17:00.040]  整天就在研究怎麼樣用AI去做電影
[00:17:00.040 --> 00:17:01.720]  他就研究研究研究
[00:17:01.720 --> 00:17:03.480]  就發現是可以的
[00:17:03.480 --> 00:17:07.920]  是可以把那部電影要補上去的那個鏡頭
[00:17:07.920 --> 00:17:12.520]  他用把那個材料描述清楚
[00:17:12.520 --> 00:17:14.760]  那個演員沒有拍過的
[00:17:14.760 --> 00:17:18.060]  能夠好像幾乎重拍了那一部
[00:17:18.060 --> 00:17:21.140]  有一個導演就找他去補拍了
[00:17:21.140 --> 00:17:24.580]  這個已經無法再恢復那個場景
[00:17:24.580 --> 00:17:28.140]  他覺得很不滿意的整個結局
[00:17:28.140 --> 00:17:30.080]  來補拍了
[00:17:30.080 --> 00:17:34.480]  AI除了是簡單的知識的提供
[00:17:34.480 --> 00:17:35.920]  還可以是複雜到
[00:17:35.920 --> 00:17:39.380]  那是驚人的智慧
[00:17:39.380 --> 00:17:41.220]  把全世界最聰明的知識
[00:17:41.220 --> 00:17:43.360]  全部匯集在一起
[00:17:43.360 --> 00:17:45.920]  算的方式 算的速度
[00:17:45.920 --> 00:17:47.620]  是超越所有人
[00:17:47.620 --> 00:17:52.640]  所有的正常人能夠做得到的
[00:17:52.640 --> 00:17:57.060]  那麼有一個問題是什麼呢
[00:17:57.060 --> 00:18:00.400]  AI的禱告是禱告嗎
[00:18:00.400 --> 00:18:04.340]  前兩天我在團契就跟大家分享這件事情
[00:18:04.340 --> 00:18:09.820]  那麼有一個聖經老師John Piper
[00:18:09.820 --> 00:18:10.880]  他怎麼樣呢
[00:18:10.880 --> 00:18:14.020]  他就在上課的時候他就問這個問題了
[00:18:14.020 --> 00:18:17.120]  他說他問Chad GPT
[00:18:17.120 --> 00:18:20.960]  他說他叫他用一個神學家的觀點
[00:18:20.960 --> 00:18:23.420]  寫一篇非常漂亮
[00:18:23.420 --> 00:18:27.260]  又鼓勵性安慰性的禱告
[00:18:27.260 --> 00:18:30.100]  然後十秒不到
[00:18:30.100 --> 00:18:32.140]  他禱告出來了
[00:18:32.140 --> 00:18:33.700]  他讀給大家聽
[00:18:33.700 --> 00:18:35.940]  親愛的天父上帝
[00:18:35.940 --> 00:18:37.780]  漂亮的不得了
[00:18:37.780 --> 00:18:39.280]  漂亮的不得了
[00:18:39.280 --> 00:18:42.720]  然後他問所有的學生這是禱告嗎
[00:18:42.720 --> 00:18:44.120]  他說不是
[00:18:44.120 --> 00:18:45.280]  為什麼呢
[00:18:45.280 --> 00:18:48.060]  他的答案我非常喜歡
[00:18:48.060 --> 00:18:50.120]  他的答案是什麼呢
[00:18:50.120 --> 00:18:52.720]  他用耶穌基督講的一句話
[00:18:52.720 --> 00:18:56.560]  是百姓用嘴唇敬尊敬我
[00:18:56.560 --> 00:19:00.660]  心卻遠離我
[00:19:00.660 --> 00:19:03.860]  我相信在那兩千年前
[00:19:03.860 --> 00:19:06.940]  在兩千年前的巴勒斯坦
[00:19:06.940 --> 00:19:11.240]  當時候的那些很虛偽的
[00:19:11.240 --> 00:19:13.080]  假冒為善的法利賽人
[00:19:13.080 --> 00:19:16.940]  耶穌常常說他們假冒為善虛偽
[00:19:16.940 --> 00:19:19.380]  他們是當時候在社會中
[00:19:19.380 --> 00:19:21.820]  知識水平比較高的
[00:19:21.820 --> 00:19:23.480]  他們專注於宗教
[00:19:23.480 --> 00:19:28.120]  猶太教的禱告啊 教導啊
[00:19:28.120 --> 00:19:31.320]  想要過一個完全好像符合
[00:19:31.320 --> 00:19:32.800]  聖經的教導
[00:19:32.800 --> 00:19:37.060]  摩西的教導那些生活
[00:19:37.060 --> 00:19:40.300]  很直接的去理解的
[00:19:40.300 --> 00:19:41.340]  他們當時候的禱告
[00:19:41.340 --> 00:19:43.900]  肯定是漂亮的不得了的
[00:19:43.900 --> 00:19:44.700]  漂亮的不得了
[00:19:44.700 --> 00:19:46.580]  因為他們比一般的老百姓
[00:19:46.580 --> 00:19:48.880]  的知識水平還要高
[00:19:48.880 --> 00:19:50.780]  但是耶穌說什麼呢
[00:19:50.780 --> 00:19:52.720]  耶穌對著他們說什麼呢
[00:19:52.720 --> 00:19:56.120]  這百姓用嘴唇尊敬我
[00:19:56.120 --> 00:20:00.180]  心卻遠離我
[00:20:00.180 --> 00:20:03.660]  AI有心嗎
[00:20:03.660 --> 00:20:05.020]  AI肯定是沒有心
[00:20:05.020 --> 00:20:07.120]  上帝看的是你的心 對嗎
[00:20:07.120 --> 00:20:09.660]  你的禱告可能是
[00:20:09.660 --> 00:20:12.560]  整個詞句都不順暢
[00:20:12.560 --> 00:20:13.940]  你的禱告可能是
[00:20:13.940 --> 00:20:16.940]  有些字你都講得結結巴巴的
[00:20:16.940 --> 00:20:19.100]  但是只要你的心
[00:20:19.100 --> 00:20:21.480]  真的是對上帝是真誠的
[00:20:21.480 --> 00:20:24.580]  是真心的 是迫切的
[00:20:24.580 --> 00:20:27.680]  那對上帝來說是最美的禱告
[00:20:27.680 --> 00:20:30.020]  而不是華麗的詞操
[00:20:30.020 --> 00:20:31.880]  才是美麗的禱告
[00:20:31.880 --> 00:20:34.620]  同意嗎
[00:20:34.620 --> 00:20:37.560]  但是有些弟兄姊妹說
[00:20:37.560 --> 00:20:41.720]  我可以叫AI幫我先寫一個禱告嗎
[00:20:41.720 --> 00:20:43.100]  可以
[00:20:43.100 --> 00:20:46.840]  只要你接下來你是用心禱告
[00:20:46.840 --> 00:20:49.160]  我會用它給你的
[00:20:49.160 --> 00:20:50.900]  你再用心禱告
[00:20:50.900 --> 00:20:53.340]  關鍵是那個心
[00:20:53.340 --> 00:20:54.080]  明白嗎
[00:20:54.080 --> 00:20:55.500]  是那個心
[00:20:55.500 --> 00:20:58.440]  永遠都是那個心
[00:20:58.440 --> 00:21:01.180]  好 那麼弟兄姊妹
[00:21:01.180 --> 00:21:03.680]  我要給大家一個呼籲
[00:21:03.680 --> 00:21:06.760]  在這個知識爆炸的時代
[00:21:06.760 --> 00:21:11.560]  這個世界很需要有基督徒
[00:21:11.560 --> 00:21:14.060]  我們需要有屬靈的智慧
[00:21:14.060 --> 00:21:16.960]  每一個基督徒都應該有屬靈的智慧
[00:21:16.960 --> 00:21:19.400]  有屬靈的眼光
[00:21:19.400 --> 00:21:21.940]  來看世界的是與非
[00:21:21.940 --> 00:21:24.580]  因為現在這些知識爆炸的時代
[00:21:24.580 --> 00:21:28.900]  什麼知識都垂手可得
[00:21:28.900 --> 00:21:30.280]  簡簡單單
[00:21:30.280 --> 00:21:32.480]  而且非常的迅速
[00:21:32.480 --> 00:21:35.640]  但是價值觀的判斷
[00:21:35.640 --> 00:21:38.480]  這個世代更需要大家了
[00:21:38.480 --> 00:21:41.580]  更需要每一個屬神的人
[00:21:41.580 --> 00:21:45.220]  來提出什麼是正確與不正確
[00:21:45.220 --> 00:21:47.420]  什麼是正直與不正直
[00:21:47.420 --> 00:21:50.420]  什麼是公義或不公義
[00:21:50.420 --> 00:21:52.300]  這個時代需要你
[00:21:52.300 --> 00:21:56.660]  需要你能夠分辨什麼是屬靈的智慧
[00:21:56.660 --> 00:22:00.400]  接下來我們就要進入屬靈的智慧的祝福
[00:22:00.400 --> 00:22:04.040]  在這裡我想跟大家看到
[00:22:04.040 --> 00:22:06.280]  屬靈的智慧有好多的祝福
[00:22:06.280 --> 00:22:08.380]  第一
[00:22:08.380 --> 00:22:11.420]  有關上帝的智慧
[00:22:11.420 --> 00:22:16.220]  你看 因為我們有聖經 有神的話語
[00:22:16.220 --> 00:22:19.560]  有上帝的智慧
[00:22:19.560 --> 00:22:24.260]  祂賜我們啟示的和智慧的聖靈
[00:22:24.260 --> 00:22:27.700]  來幫助我們明白很多道理
[00:22:27.700 --> 00:22:30.660]  是我們還沒信主之前不明白的
[00:22:30.660 --> 00:22:31.440]  包括什麼呢
[00:22:31.440 --> 00:22:34.740]  第一 有關上帝的智慧
[00:22:34.740 --> 00:22:36.440]  大家因為在教會久了
[00:22:36.440 --> 00:22:37.740]  有些時候你看到這些
[00:22:37.740 --> 00:22:39.980]  你就覺得 我懂了 很簡單
[00:22:39.980 --> 00:22:42.640]  但是你不要忘記
[00:22:42.640 --> 00:22:47.220]  很多你還沒信主的家人 同事 朋友
[00:22:47.220 --> 00:22:51.420]  這些對他們來說是很遙遠的
[00:22:51.420 --> 00:22:54.820]  這個世界需要你去跟他們分享
[00:22:54.820 --> 00:22:57.000]  就算是簡單的道理 簡單這樣
[00:22:57.000 --> 00:23:00.760]  對他們來說你知道意義多麼的深重嗎
[00:23:00.760 --> 00:23:02.500]  意義是非常嚴重的
[00:23:02.500 --> 00:23:03.200]  很重要的
[00:23:03.200 --> 00:23:06.400]  因為他們需要人告訴他們上帝是怎樣的
[00:23:06.400 --> 00:23:07.940]  這裡我們看一下
[00:23:07.940 --> 00:23:11.940]  我們從聖經得召一個有關上帝的智慧
[00:23:11.940 --> 00:23:13.780]  上帝是真神
[00:23:13.780 --> 00:23:16.340]  祂是永遠的王
[00:23:16.340 --> 00:23:18.980]  維也華是真上帝 是活上帝
[00:23:18.980 --> 00:23:20.180]  是永遠的王
[00:23:20.180 --> 00:23:22.420]  祂一發怒 大地震動
[00:23:22.420 --> 00:23:26.260]  祂一惱恨 列國都擔當不起
[00:23:26.260 --> 00:23:28.720]  上帝是滿有智慧的造物主
[00:23:28.720 --> 00:23:30.320]  你豈不曾知道嗎
[00:23:30.320 --> 00:23:32.260]  你豈不曾聽見嗎
[00:23:32.260 --> 00:23:33.900]  永在的上帝耶和華
[00:23:33.900 --> 00:23:35.300]  創造地基的主
[00:23:35.300 --> 00:23:41.140]  並不疲乏 也不困倦 祂的智慧無法測奪
[00:23:41.140 --> 00:23:44.000]  上帝是絕對聖潔神聖的主
[00:23:44.000 --> 00:23:49.240]  上帝就是光 在祂毫無黑暗
[00:23:49.240 --> 00:23:51.120]  在聖經裡面
[00:23:51.120 --> 00:23:57.480]  上帝是慈愛的 信實的 公義的
[00:23:57.480 --> 00:23:59.520]  很多的形容詞 對嗎
[00:23:59.520 --> 00:24:01.560]  但是大家知不知道
[00:24:01.560 --> 00:24:05.320]  只有聖潔這個詞是在聖經裡面
[00:24:05.320 --> 00:24:08.100]  被用來三次的重複上帝
[00:24:08.100 --> 00:24:10.660]  來描述上帝的
[00:24:10.660 --> 00:24:12.760]  以賽亞在面對上帝的時候
[00:24:12.760 --> 00:24:17.980]  祂說 聖哉 聖哉 聖哉
[00:24:17.980 --> 00:24:20.480]  在聖經裡面的三次的重複
[00:24:20.480 --> 00:24:23.940]  告訴我們祂這個屬性是何等的重要
[00:24:23.940 --> 00:24:28.220]  如果你從聖經得到這種智慧
[00:24:28.220 --> 00:24:30.520]  知道上帝是完全聖潔的
[00:24:30.520 --> 00:24:32.780]  在祂毫無黑暗
[00:24:32.780 --> 00:24:36.120]  對你的影響是什麼
[00:24:36.120 --> 00:24:38.320]  對你生活的決定是什麼
[00:24:38.320 --> 00:24:41.600]  你還在犯罪嗎
[00:24:41.600 --> 00:24:44.160]  你還在刻意犯罪嗎
[00:24:44.160 --> 00:24:46.340]  不 不應該
[00:24:46.340 --> 00:24:48.000]  因為上帝就是光
[00:24:48.000 --> 00:24:50.040]  在祂毫無黑暗
[00:24:50.040 --> 00:24:53.780]  第四 祂是滿有憐憫恩典的主
[00:24:53.780 --> 00:24:56.640]  耶和華 耶和華是有憐憫有恩典的上帝
[00:24:56.640 --> 00:25:01.080]  祂是輕易發怒 並有豐盛的慈愛和誠實
[00:25:01.080 --> 00:25:04.380]  祂是信實公義 願意饒恕人的主
[00:25:04.380 --> 00:25:06.520]  我們若認自己的罪
[00:25:06.520 --> 00:25:08.060]  如果願意認罪
[00:25:08.060 --> 00:25:10.900]  如果你真的願意真心認罪
[00:25:10.900 --> 00:25:13.220]  上帝是信實的 是公義的
[00:25:13.220 --> 00:25:15.000]  必要赦免我們的罪
[00:25:15.000 --> 00:25:18.240]  洗淨我們一切的不義
[00:25:18.240 --> 00:25:20.940]  不要浪費這個能夠向上帝認罪
[00:25:20.940 --> 00:25:22.900]  被祂洗淨的機會
[00:25:22.900 --> 00:25:25.040]  祂是愛我們的
[00:25:25.040 --> 00:25:27.680]  我們能夠有怎麼樣的屬靈智慧呢
[00:25:27.680 --> 00:25:30.040]  關於人的命運
[00:25:30.040 --> 00:25:32.720]  跟人的意義的智慧
[00:25:32.720 --> 00:25:34.080]  我們會看到什麼呢
[00:25:34.080 --> 00:25:37.120]  第一 人是上帝造的
[00:25:37.120 --> 00:25:39.460]  並且是屬於上帝的
[00:25:39.460 --> 00:25:41.420]  我們本來就是上帝造的
[00:25:41.420 --> 00:25:43.260]  創世紀就已經告訴我們了
[00:25:43.260 --> 00:25:46.500]  上帝是造著祂的形象造了我們
[00:25:46.500 --> 00:25:47.900]  給我們什麼意義呢
[00:25:47.900 --> 00:25:49.560]  管理這個世界
[00:25:49.560 --> 00:25:53.940]  所以好好發揮上帝給你的恩賜
[00:25:53.940 --> 00:25:56.400]  跟你所擁有的
[00:25:56.400 --> 00:25:58.440]  如果你擁有的是兒女
[00:25:58.440 --> 00:26:00.540]  好好的去做一個很好的家長
[00:26:00.540 --> 00:26:03.420]  如果上帝給你擁有一些產業
[00:26:03.420 --> 00:26:04.940]  好好的去管理它
[00:26:04.940 --> 00:26:06.720]  上帝給你一些才華
[00:26:06.720 --> 00:26:08.380]  好好的去發揮它
[00:26:08.380 --> 00:26:10.380]  是上帝給你的
[00:26:10.380 --> 00:26:12.260]  好好的去使用它
[00:26:12.260 --> 00:26:16.360]  這是人的命運的意義
[00:26:16.360 --> 00:26:18.060]  然後人的命運是什麼呢
[00:26:18.060 --> 00:26:19.560]  請你留意了
[00:26:19.560 --> 00:26:23.200]  我們要得到的這個是豐盛無比的
[00:26:23.200 --> 00:26:26.060]  如果你還在眷戀地上你所擁有的
[00:26:26.060 --> 00:26:27.240]  我跟你說
[00:26:27.240 --> 00:26:29.880]  有一天你會笑自己
[00:26:29.880 --> 00:26:32.940]  有一天你明白了上帝天上的基業
[00:26:32.940 --> 00:26:36.180]  你會覺得真的是無法比較
[00:26:36.180 --> 00:26:39.140]  在這裡我們看聖經怎麼說
[00:26:39.140 --> 00:26:43.680]  願頌贊歸於我們的主耶穌基督的父上帝
[00:26:43.680 --> 00:26:45.620]  祂承造自己的大憐憫
[00:26:45.620 --> 00:26:47.660]  藉著耶穌基督從死裡復活
[00:26:47.660 --> 00:26:48.900]  重生了我們
[00:26:48.900 --> 00:26:51.160]  叫我們有活潑的盼望
[00:26:51.160 --> 00:26:54.260]  可以得著不能朽壞
[00:26:54.260 --> 00:26:55.760]  不能玷汙
[00:26:55.760 --> 00:26:57.160]  不能衰殘
[00:26:57.160 --> 00:27:00.140]  為你們存留在天上的基業
[00:27:00.140 --> 00:27:02.100]  我們每次有些時候懷疑
[00:27:02.100 --> 00:27:04.780]  這天上的基業到底是什麼呢
[00:27:04.780 --> 00:27:07.880]  有些人簡單的說是救恩
[00:27:07.880 --> 00:27:10.880]  有些人簡單的說是福音是永生
[00:27:10.880 --> 00:27:12.320]  都對 都對
[00:27:12.320 --> 00:27:13.920]  但是
[00:27:13.920 --> 00:27:15.920]  容許我告訴你
[00:27:15.920 --> 00:27:17.720]  沒有那麼簡單
[00:27:17.720 --> 00:27:19.920]  是這福音這永生
[00:27:19.920 --> 00:27:23.220]  可以把你帶到的一個情況 一個境界
[00:27:23.220 --> 00:27:27.660]  那裡的東西是豐盛無比的
[00:27:27.660 --> 00:27:29.600]  如果你真的明白的話
[00:27:29.600 --> 00:27:32.160]  我告訴你 如果你真的明白的話
[00:27:32.160 --> 00:27:34.100]  你會怎麼樣呢 就好像聖經說的
[00:27:34.100 --> 00:27:36.940]  聖經說 他真的明白了
[00:27:36.940 --> 00:27:39.600]  那一塊地裡面好像他知道
[00:27:39.600 --> 00:27:43.240]  有一個價值連城的珍珠埋在那塊地裡面
[00:27:43.240 --> 00:27:44.620]  他會怎麼樣呢
[00:27:44.620 --> 00:27:46.540]  賣掉所有的房子
[00:27:46.540 --> 00:27:49.480]  把所有的錢拿過來買那塊地
[00:27:49.480 --> 00:27:52.020]  因為他知道那塊地裡面
[00:27:52.020 --> 00:27:54.320]  有一顆價值連城的珍珠
[00:27:54.320 --> 00:27:55.920]  這是聖經裡面的話語
[00:27:55.920 --> 00:27:57.920]  就等於說什麼呢
[00:27:57.920 --> 00:28:01.060]  哪一些人是叫做真明白這些真理的人
[00:28:01.060 --> 00:28:04.340]  有這些智慧的人 屬靈的眼光的人呢
[00:28:04.340 --> 00:28:05.800]  就是
[00:28:05.800 --> 00:28:08.940]  比方說 你知道這裡是救恩
[00:28:08.940 --> 00:28:15.580]  這邊如果是你的五個物業 十個物業
[00:28:15.580 --> 00:28:19.480]  你如果真的知道這天上的積業有多麼寶貴
[00:28:19.480 --> 00:28:21.220]  你會選擇什麼呢
[00:28:21.220 --> 00:28:22.580]  我不要這物業了
[00:28:22.580 --> 00:28:25.480]  如果你可以讓我有這個救恩
[00:28:25.480 --> 00:28:27.820]  如果你不是很明白的呢
[00:28:27.820 --> 00:28:29.460]  你會說什麼呢
[00:28:29.460 --> 00:28:31.960]  我還是要我這五個物業
[00:28:31.960 --> 00:28:33.860]  這個救恩等等吧
[00:28:33.860 --> 00:28:35.660]  可能不是那麼的寶貴
[00:28:35.660 --> 00:28:40.600]  那就是不是一個真有屬靈眼光的人了
[00:28:40.600 --> 00:28:42.400]  好
[00:28:42.400 --> 00:28:46.140]  第二 我們看到人的命運是什麼呢
[00:28:46.140 --> 00:28:48.080]  聖經告訴我們這個智慧
[00:28:48.080 --> 00:28:51.480]  人如果硬著心不願意為自己的罪悔改
[00:28:51.480 --> 00:28:53.880]  就會受到公義的審判
[00:28:53.880 --> 00:28:57.920]  敬重姐妹 留心
[00:28:57.920 --> 00:29:02.420]  今天我們很少從聖經得到警告
[00:29:02.420 --> 00:29:05.760]  今天這一點是聖經要給我們的警告
[00:29:05.760 --> 00:29:07.800]  給我們所有人的警告
[00:29:07.800 --> 00:29:11.100]  如果我們硬著心不願意為自己的罪悔改
[00:29:11.100 --> 00:29:13.800]  會受到上帝公義的審判
[00:29:13.800 --> 00:29:15.140]  聖經怎麼說呢
[00:29:15.140 --> 00:29:19.280]  你竟然認著你剛硬不悔改的心
[00:29:19.280 --> 00:29:21.200]  為自己積蓄憤怒
[00:29:21.200 --> 00:29:23.080]  以致上帝正怒
[00:29:23.080 --> 00:29:26.520]  顯祂公義審判的日子來到
[00:29:26.520 --> 00:29:31.580]  祂必照個人的行為報應個人
[00:29:31.580 --> 00:29:34.760]  請把這句話留在心裡
[00:29:34.760 --> 00:29:36.920]  讓我們成為我們的警惕
[00:29:36.920 --> 00:29:37.720]  另外說什麼呢
[00:29:37.720 --> 00:29:40.700]  因為我們得知真道以後
[00:29:40.700 --> 00:29:44.160]  如果這些已經信了主的人
[00:29:44.160 --> 00:29:45.740]  得知真道以後
[00:29:45.740 --> 00:29:47.660]  若故意犯罪
[00:29:47.660 --> 00:29:49.940]  贖罪的計就再也沒有了
[00:29:49.940 --> 00:29:53.240]  唯有佔據等候審判
[00:29:53.240 --> 00:29:59.140]  和燒滅眾敵人的烈火
[00:29:59.140 --> 00:30:01.180]  要是沒有聖經
[00:30:01.180 --> 00:30:03.880]  要是沒有神的智慧
[00:30:03.880 --> 00:30:06.380]  我們哪有機會聽到這些
[00:30:06.380 --> 00:30:08.420]  明白這些真理
[00:30:08.420 --> 00:30:11.460]  這真理讓我們在有生之年
[00:30:11.460 --> 00:30:13.400]  在有機會的時候
[00:30:13.400 --> 00:30:16.400]  為我們還有為我們自己的家人
[00:30:16.400 --> 00:30:20.160]  做出正確的選擇
[00:30:20.160 --> 00:30:21.040]  還有什麼呢
[00:30:21.040 --> 00:30:23.160]  人的命運
[00:30:23.160 --> 00:30:24.940]  還有意義
[00:30:24.940 --> 00:30:27.300]  我們會知道神的兒子降世為人
[00:30:27.300 --> 00:30:28.440]  犧牲自己
[00:30:28.440 --> 00:30:30.040]  代替人接受懲罰
[00:30:30.040 --> 00:30:31.740]  是為了使願意悔改的人
[00:30:31.740 --> 00:30:33.340]  得著豐盛的生命
[00:30:33.340 --> 00:30:34.980]  這個我們很熟悉了
[00:30:34.980 --> 00:30:36.640]  耶穌說什麼
[00:30:36.640 --> 00:30:39.460]  祂說盜賊來就是要偷東西的
[00:30:39.460 --> 00:30:41.660]  要殺害的 要偷掉你的東西的
[00:30:41.660 --> 00:30:43.360]  祂在講魔鬼
[00:30:43.360 --> 00:30:46.160]  來的時候就是要偷掉你的生命的豐盛的
[00:30:46.160 --> 00:30:47.300]  祂說我來了
[00:30:47.300 --> 00:30:50.100]  我來犧牲是要叫你得生命
[00:30:50.100 --> 00:30:52.000]  並且得得更豐盛
[00:30:52.000 --> 00:30:53.500]  不只如此弟兄姊妹
[00:30:53.500 --> 00:30:55.500]  不只是得生命得得更豐盛
[00:30:55.500 --> 00:30:56.900]  還要怎麼樣呢
[00:30:56.900 --> 00:30:58.740]  你看下一節
[00:30:58.740 --> 00:31:00.480]  我們既因性稱義
[00:31:00.480 --> 00:31:03.980]  就藉著我們的主耶穌基督德宇神
[00:31:03.980 --> 00:31:04.640]  和好
[00:31:04.640 --> 00:31:06.420]  第一 先和好
[00:31:06.420 --> 00:31:07.080]  相和
[00:31:07.080 --> 00:31:08.480]  我們又藉著祂
[00:31:08.480 --> 00:31:11.280]  因性進入現在所站的恩典中
[00:31:11.280 --> 00:31:15.120]  從相和到進入恩典
[00:31:15.120 --> 00:31:16.420]  最後怎麼樣呢
[00:31:16.420 --> 00:31:18.560]  歡歡喜喜的盼望
[00:31:18.560 --> 00:31:20.360]  上帝的榮耀
[00:31:20.360 --> 00:31:23.220]  一個真正信主的人
[00:31:23.220 --> 00:31:24.900]  會很歡喜的
[00:31:24.900 --> 00:31:26.260]  因為我們知道
[00:31:26.260 --> 00:31:28.160]  這個世界很多問題 很多困難
[00:31:28.160 --> 00:31:29.940]  很多煩人的事情
[00:31:29.940 --> 00:31:31.940]  但是祂會過去
[00:31:31.940 --> 00:31:34.040]  而且我們知道我們要去哪裡
[00:31:34.040 --> 00:31:35.600]  歡歡喜喜的等候
[00:31:35.600 --> 00:31:38.440]  等候主再來
[00:31:38.440 --> 00:31:40.420]  第三種智慧是什麼呢
[00:31:40.420 --> 00:31:41.780]  如果你有神的同在
[00:31:41.780 --> 00:31:43.120]  你有第三種智慧
[00:31:43.120 --> 00:31:45.180]  這個很重要也是
[00:31:45.180 --> 00:31:48.120]  就是有關生活中
[00:31:48.120 --> 00:31:50.560]  分別輕重的智慧
[00:31:50.560 --> 00:31:53.360]  人生有很多事情都是好的
[00:31:53.360 --> 00:31:55.760]  人生有一些事情是好是壞的
[00:31:55.760 --> 00:31:58.260]  但是在那些好的事情裡面
[00:31:58.260 --> 00:32:00.940]  你要分別什麼是輕 什麼是重
[00:32:00.940 --> 00:32:01.440]  對嗎
[00:32:01.440 --> 00:32:02.760]  這就是人生智慧
[00:32:02.760 --> 00:32:05.840]  而上帝與我們同在
[00:32:05.840 --> 00:32:08.140]  就會幫助我們去選擇
[00:32:08.140 --> 00:32:11.180]  選擇對的選擇
[00:32:11.180 --> 00:32:12.840]  有智慧 比如說
[00:32:12.840 --> 00:32:15.580]  就明白愛勝過一切
[00:32:15.580 --> 00:32:17.880]  因為常常接觸聖經的人
[00:32:17.880 --> 00:32:19.380]  就會知道原來
[00:32:19.380 --> 00:32:21.020]  在一個家庭裡面
[00:32:21.020 --> 00:32:23.160]  有些事情可以放下
[00:32:23.160 --> 00:32:24.260]  就放下
[00:32:24.260 --> 00:32:24.920]  對嗎
[00:32:24.920 --> 00:32:28.360]  因為恨能挑起爭端
[00:32:28.360 --> 00:32:30.100]  愛能怎麼樣
[00:32:30.100 --> 00:32:32.860]  遮掩一切的過錯
[00:32:32.860 --> 00:32:34.300]  耶穌也說了
[00:32:34.300 --> 00:32:35.540]  最重要的是
[00:32:35.540 --> 00:32:37.340]  要盡心盡意的愛上帝
[00:32:37.340 --> 00:32:39.200]  然後要愛人如己
[00:32:39.200 --> 00:32:40.940]  最後保羅也說了
[00:32:40.940 --> 00:32:42.580]  就算你有很多的才幹
[00:32:42.580 --> 00:32:43.780]  很多的才能
[00:32:43.780 --> 00:32:45.520]  有很多人
[00:32:45.520 --> 00:32:47.020]  用一生的努力
[00:32:47.020 --> 00:32:51.520]  就是想把自己裝備得更好
[00:32:51.520 --> 00:32:54.560]  但是卻忽略了家人
[00:32:54.560 --> 00:32:55.880]  就是等於這裡說的
[00:32:55.880 --> 00:32:57.720]  如果你有各種的恩賜
[00:32:57.720 --> 00:32:59.300]  卻沒有愛
[00:32:59.300 --> 00:33:00.560]  你就像
[00:33:00.560 --> 00:33:02.300]  明德羅想的靶一樣
[00:33:02.300 --> 00:33:03.660]  對嗎
[00:33:03.660 --> 00:33:04.960]  所以你看到了嗎
[00:33:04.960 --> 00:33:06.100]  聖經給我們智慧
[00:33:06.100 --> 00:33:07.540]  我們就會懂得選
[00:33:07.540 --> 00:33:09.300]  愛只是一個例子
[00:33:09.300 --> 00:33:11.880]  聖經裡面有好多好多的智慧
[00:33:11.880 --> 00:33:14.480]  幫我們在人生做出
[00:33:14.480 --> 00:33:16.520]  輕重之分
[00:33:16.520 --> 00:33:19.480]  是非之分的選擇
[00:33:19.480 --> 00:33:20.880]  第四
[00:33:20.880 --> 00:33:22.180]  哪一些智慧呢
[00:33:22.180 --> 00:33:23.580]  這個我覺得是
[00:33:23.580 --> 00:33:25.180]  基督徒一個特權
[00:33:25.180 --> 00:33:26.960]  一個權柄
[00:33:26.960 --> 00:33:28.720]  大家看一下
[00:33:28.720 --> 00:33:30.400]  因為有聖經
[00:33:30.400 --> 00:33:32.560]  我們才能夠怎麼樣呢
[00:33:32.560 --> 00:33:33.660]  知道
[00:33:33.660 --> 00:33:35.900]  明白試探和誘惑的代價
[00:33:35.900 --> 00:33:38.100]  有代價的
[00:33:38.100 --> 00:33:40.240]  要依靠上帝才能勝過來
[00:33:40.240 --> 00:33:40.900]  你看到
[00:33:40.900 --> 00:33:43.180]  聖經給我們什麼智慧嗎
[00:33:43.180 --> 00:33:46.580]  就說這個世界是有屬靈征戰的
[00:33:46.580 --> 00:33:49.780]  我們並不是與屬血器的征戰
[00:33:49.780 --> 00:33:52.620]  乃是與執政的掌權的管轄
[00:33:52.620 --> 00:33:54.120]  這幽暗世界的
[00:33:54.120 --> 00:33:55.020]  有些人覺得
[00:33:55.020 --> 00:33:58.160]  為什麼要講執政的掌權的呢
[00:33:58.160 --> 00:34:00.760]  因為在那個時候
[00:34:00.760 --> 00:34:02.420]  羅馬帝國
[00:34:02.420 --> 00:34:04.600]  就是那執政跟掌權的
[00:34:04.600 --> 00:34:06.300]  他們的權力大到
[00:34:06.300 --> 00:34:09.960]  沒有人能夠去對抗他們的
[00:34:09.960 --> 00:34:12.800]  他們有些時候他們的皇帝
[00:34:12.800 --> 00:34:16.380]  可以是很敗壞很邪惡
[00:34:16.380 --> 00:34:17.880]  濫殺無辜
[00:34:17.880 --> 00:34:21.140]  而且各種的淫亂都有的
[00:34:21.140 --> 00:34:24.180]  所以這執政的掌權的
[00:34:24.180 --> 00:34:25.120]  管轄這幽暗世界
[00:34:25.120 --> 00:34:25.820]  但是
[00:34:25.820 --> 00:34:27.220]  聖經給我們看見什麼呢
[00:34:27.220 --> 00:34:30.020]  不止這些有權勢的皇帝
[00:34:30.020 --> 00:34:30.960]  他說什麼
[00:34:30.960 --> 00:34:34.800]  天空屬靈器的惡魔征戰
[00:34:34.800 --> 00:34:38.260]  天空屬靈器的惡魔征戰
[00:34:38.260 --> 00:34:42.660]  如果你知道這個世界有屬靈征戰
[00:34:42.660 --> 00:34:44.400]  然後你在你的生活中
[00:34:44.400 --> 00:34:45.940]  在你人際關係裡面
[00:34:45.940 --> 00:34:47.740]  遇到了問題
[00:34:47.740 --> 00:34:50.240]  就不要只是停留在
[00:34:50.240 --> 00:34:54.520]  人際關係那邊想辦法在處理
[00:34:54.520 --> 00:34:56.040]  生活中的挑戰
[00:34:56.040 --> 00:34:59.360]  想辦法去看醫生
[00:34:59.360 --> 00:35:00.580]  這些都應該做的
[00:35:00.580 --> 00:35:02.180]  但是不要停在那裡
[00:35:02.180 --> 00:35:04.620]  因為如果有屬靈征戰
[00:35:04.620 --> 00:35:06.360]  你應該怎麼樣呢
[00:35:06.360 --> 00:35:08.060]  禱告
[00:35:08.060 --> 00:35:10.560]  依靠神禱告
[00:35:10.560 --> 00:35:12.840]  該看醫生的還是要看
[00:35:12.840 --> 00:35:14.640]  該處理人際關係還是要處理
[00:35:14.640 --> 00:35:16.740]  但是要加上什麼呢
[00:35:16.740 --> 00:35:17.540]  迫切的禱告
[00:35:17.540 --> 00:35:20.140]  因為有屬靈征戰
[00:35:20.140 --> 00:35:22.380]  這是聖經給我們的智慧
[00:35:22.380 --> 00:35:23.440]  屬靈的眼光
[00:35:23.440 --> 00:35:24.180]  你明白嗎
[00:35:24.180 --> 00:35:25.340]  看到嗎
[00:35:25.340 --> 00:35:26.320]  然後他說什麼呢
[00:35:26.320 --> 00:35:27.420]  雅各
[00:35:27.420 --> 00:35:28.940]  故此你們要順服上帝
[00:35:28.940 --> 00:35:31.080]  怎麼樣打著屬靈征戰呢
[00:35:31.080 --> 00:35:32.420]  順服上帝
[00:35:32.420 --> 00:35:33.980]  神要你做的
[00:35:33.980 --> 00:35:35.720]  你去做就對了
[00:35:35.720 --> 00:35:37.520]  順服上帝
[00:35:37.520 --> 00:35:39.900]  要抵擋魔鬼
[00:35:39.900 --> 00:35:41.460]  魔鬼就離開你們
[00:35:41.460 --> 00:35:46.560]  必離開你們逃跑了
[00:35:46.560 --> 00:35:49.540]  聖經不但讓我們明白有屬靈征戰
[00:35:49.540 --> 00:35:52.480]  聖經還教我們怎麼樣打著屬靈征戰
[00:35:52.480 --> 00:35:53.680]  以致我們不會灰心
[00:35:53.680 --> 00:35:56.180]  以為魔鬼永遠不會離開我們的
[00:35:56.180 --> 00:35:57.440]  聖經告訴我們什麼
[00:35:57.440 --> 00:35:59.980]  魔鬼會不會離開我們
[00:35:59.980 --> 00:36:03.380]  魔鬼會離開哪一些人
[00:36:03.380 --> 00:36:05.680]  抵擋它的人
[00:36:05.680 --> 00:36:06.760]  我說過好幾次了
[00:36:06.760 --> 00:36:08.360]  這抵擋在原文
[00:36:08.360 --> 00:36:11.460]  是不斷地用力地推
[00:36:11.460 --> 00:36:14.660]  推多幾次它就不來打擾你了
[00:36:14.660 --> 00:36:15.760]  明白嗎
[00:36:15.760 --> 00:36:17.960]  所以不要被魔鬼欺騙了
[00:36:17.960 --> 00:36:19.360]  不要以各種的結論
[00:36:19.360 --> 00:36:22.000]  不是從聖經而來的
[00:36:22.000 --> 00:36:23.540]  這些智慧都很重要
[00:36:23.540 --> 00:36:26.340]  但是我們要怎麼樣藉著
[00:36:26.340 --> 00:36:28.340]  神的同在
[00:36:28.340 --> 00:36:31.080]  帶給我們這些屬靈的智慧呢
[00:36:31.080 --> 00:36:31.980]  這個很關鍵
[00:36:31.980 --> 00:36:33.920]  因為我們的主題是在講
[00:36:33.920 --> 00:36:35.980]  神的同在
[00:36:35.980 --> 00:36:38.020]  神的同在會給我們
[00:36:38.020 --> 00:36:39.860]  美好的心靈
[00:36:39.860 --> 00:36:41.060]  美好的關係
[00:36:41.060 --> 00:36:42.660]  今天要講神的同在
[00:36:42.660 --> 00:36:47.000]  能夠帶給我們美好的智慧
[00:36:47.000 --> 00:36:49.060]  有兩個重點跟大家分享
[00:36:49.060 --> 00:36:51.100]  你好好記在心裡
[00:36:51.100 --> 00:36:52.560]  今天
[00:36:52.560 --> 00:36:54.440]  我們要講的是什麼呢
[00:36:54.440 --> 00:36:58.500]  盡心盡力盡一愛主你的神
[00:36:58.500 --> 00:37:03.780]  Love God with all your heart, your mind, your soul, and your might
[00:37:03.780 --> 00:37:10.020]  今天要講的是your mind
[00:37:10.020 --> 00:37:11.980]  我們的智慧
[00:37:11.980 --> 00:37:15.520]  我們要好好守住我們的思想
[00:37:15.520 --> 00:37:16.660]  這個思想
[00:37:16.660 --> 00:37:20.820]  你必須要讓神的同在來影響它
[00:37:20.820 --> 00:37:23.160]  這個思想很重要
[00:37:23.160 --> 00:37:24.900]  你知道我們的思想
[00:37:24.900 --> 00:37:29.240]  若你不好好的去管理它
[00:37:29.240 --> 00:37:32.000]  有什麼結果呢
[00:37:32.000 --> 00:37:34.540]  它來管理你
[00:37:34.540 --> 00:37:35.740]  不該想的
[00:37:35.740 --> 00:37:37.180]  負面的
[00:37:37.180 --> 00:37:39.120]  自責的
[00:37:39.120 --> 00:37:41.220]  自我批評的
[00:37:41.220 --> 00:37:44.080]  不斷的來攻擊你
[00:37:44.080 --> 00:37:47.180]  直到你本來人生就過得好好的嘛
[00:37:47.180 --> 00:37:49.460]  但是怎麼老是一起身
[00:37:49.460 --> 00:37:51.360]  就是心裡很沉重
[00:37:51.360 --> 00:37:53.960]  然後有點鬱悶
[00:37:53.960 --> 00:37:55.800]  明明外面陽光普照
[00:37:55.800 --> 00:38:01.300]  你怎麼看這個天是灰暗的
[00:38:01.300 --> 00:38:02.940]  思想
[00:38:02.940 --> 00:38:06.880]  神的同在要能夠來影響你的思想
[00:38:06.880 --> 00:38:09.380]  因為你的思想也是神給你的
[00:38:09.380 --> 00:38:12.380]  但是你要懂得怎麼樣
[00:38:12.380 --> 00:38:15.480]  讓神的同在來幫助你
[00:38:15.480 --> 00:38:19.020]  管理好這個思想
[00:38:19.020 --> 00:38:21.580]  這裡讓我們看見第一
[00:38:21.580 --> 00:38:23.520]  我只跟大家簡單分享兩點
[00:38:23.520 --> 00:38:24.660]  因為大家很熟悉
[00:38:24.660 --> 00:38:26.360]  我只要提醒你
[00:38:26.360 --> 00:38:30.540]  也許讓你再次的被提醒
[00:38:30.540 --> 00:38:32.140]  晝夜思想神的話
[00:38:32.140 --> 00:38:34.500]  把神的話記在心裡
[00:38:34.500 --> 00:38:35.440]  聖經說什麼
[00:38:35.440 --> 00:38:36.900]  大家讀一讀這節好不好
[00:38:36.900 --> 00:38:38.780]  一二開始
[00:38:38.780 --> 00:38:41.480]  我將你的話藏在心裡
[00:38:41.480 --> 00:38:44.320]  免得我得罪你
[00:38:44.320 --> 00:38:46.080]  我將你的話藏在心裡
[00:38:46.080 --> 00:38:47.080]  免得我得罪你
[00:38:47.080 --> 00:38:49.260]  我將你的話藏在心裡
[00:38:49.260 --> 00:38:50.980]  免得我得罪你
[00:38:50.980 --> 00:38:52.760]  我將你的話藏在心裡
[00:38:52.760 --> 00:38:54.760]  免得我得罪你
[00:38:54.760 --> 00:39:01.520]  能背嗎
[00:39:01.520 --> 00:39:06.740]  如果你不把經文背在心裡
[00:39:06.740 --> 00:39:11.680]  怎麼樣藏在心裡呢
[00:39:11.680 --> 00:39:13.940]  神的話就好像
[00:39:13.940 --> 00:39:15.980]  聖經說像一把寶劍
[00:39:15.980 --> 00:39:17.880]  敵人要來攻擊你的時候
[00:39:17.880 --> 00:39:21.320]  用各種的威嚇誘惑
[00:39:21.320 --> 00:39:22.920]  試探來攻擊你的時候
[00:39:22.920 --> 00:39:25.480]  你要用神的話說
[00:39:25.480 --> 00:39:28.480]  離開我 撒旦
[00:39:28.480 --> 00:39:30.920]  人活著不只是單靠食物
[00:39:30.920 --> 00:39:34.600]  乃是從神口中的每一句話
[00:39:34.600 --> 00:39:36.300]  對嗎
[00:39:36.300 --> 00:39:39.460]  當有人誘惑你說
[00:39:39.460 --> 00:39:41.500]  你跟我做一個交易吧
[00:39:41.500 --> 00:39:43.540]  這個交易雖然不合規
[00:39:43.540 --> 00:39:47.080]  但是能夠給你帶來利益
[00:39:47.080 --> 00:39:49.680]  這就是當年的食物
[00:39:49.680 --> 00:39:52.120]  你吃啊 給你有好東西吃
[00:39:52.120 --> 00:39:55.120]  你馬上會想起神的話語
[00:39:55.120 --> 00:39:58.060]  人活著不是單靠食物
[00:39:58.060 --> 00:39:59.160]  對嗎
[00:39:59.160 --> 00:40:02.260]  乃是靠神口裡的每一句話
[00:40:02.260 --> 00:40:03.800]  對嗎
[00:40:03.800 --> 00:40:06.800]  你記住你的寶劍才能夠立刻
[00:40:06.800 --> 00:40:10.140]  把這個誘惑來打掉
[00:40:10.140 --> 00:40:12.000]  對嗎
[00:40:12.000 --> 00:40:15.440]  如果你不把神的話常常藏在心裡
[00:40:15.440 --> 00:40:18.380]  收在你的家的牆壁上
[00:40:18.380 --> 00:40:21.980]  你在外面遇到了誘惑
[00:40:21.980 --> 00:40:25.760]  你怎麼樣呢 手中無劍
[00:40:25.760 --> 00:40:28.320]  等我跑回家拿了劍
[00:40:28.320 --> 00:40:30.820]  才來抵擋嗎
[00:40:30.820 --> 00:40:32.900]  你要弄到你怎麼樣呢
[00:40:32.900 --> 00:40:37.600]  心中有劍
[00:40:37.600 --> 00:40:40.340]  我把你的話藏在心裡
[00:40:40.340 --> 00:40:42.240]  免得我得罪你
[00:40:42.240 --> 00:40:46.740]  把神的話好好地咀嚼
[00:40:46.740 --> 00:40:50.780]  這就是神的同在
[00:40:50.780 --> 00:40:52.780]  真的 弟兄姊妹
[00:40:52.780 --> 00:40:54.520]  我可不可以給你一個挑戰
[00:40:54.520 --> 00:40:56.620]  這麼簡單的一件事情
[00:40:56.620 --> 00:40:58.020]  請你想個辦法
[00:40:58.020 --> 00:41:00.620]  多記一些神的話語
[00:41:00.620 --> 00:41:01.920]  在你的生命裡面
[00:41:01.920 --> 00:41:03.320]  多記一些神的話語
[00:41:03.320 --> 00:41:06.000]  一定對你有幫助的
[00:41:06.000 --> 00:41:09.260]  第二 常存敬畏的心
[00:41:09.260 --> 00:41:12.360]  敬畏約華是智慧的開端
[00:41:12.360 --> 00:41:16.540]  認識至聖者便是聰明
[00:41:16.540 --> 00:41:19.500]  第一個是針對什麼
[00:41:19.500 --> 00:41:21.140]  我將你的話藏在心裡
[00:41:21.140 --> 00:41:22.280]  免得我得罪你
[00:41:22.280 --> 00:41:24.180]  第一個是針對什麼呢
[00:41:24.180 --> 00:41:25.880]  針對一個
[00:41:25.880 --> 00:41:28.720]  你需要有一個世界的
[00:41:28.720 --> 00:41:30.820]  屬於聖經的世界觀
[00:41:30.820 --> 00:41:33.160]  人生觀 價值觀
[00:41:33.160 --> 00:41:36.060]  你需要有一個框架在你的生命裡面
[00:41:36.060 --> 00:41:37.360]  所以你有神的話語
[00:41:37.360 --> 00:41:38.920]  你才能夠建立起來
[00:41:38.920 --> 00:41:41.200]  才能夠面對這個世界
[00:41:41.200 --> 00:41:43.460]  才能夠做對的選擇
[00:41:43.460 --> 00:41:45.460]  第二個是針對什麼呢
[00:41:45.460 --> 00:41:47.360]  第二個是針對
[00:41:47.360 --> 00:41:52.700]  你的老我 你容易犯罪的習慣
[00:41:52.700 --> 00:41:53.800]  第二個是針對這個
[00:41:53.800 --> 00:41:54.980]  所以你要敬畏神
[00:41:54.980 --> 00:41:56.340]  你要知道
[00:41:56.340 --> 00:41:59.740]  祂只要願意管教你的時候
[00:41:59.740 --> 00:42:00.680]  那個結果是
[00:42:00.680 --> 00:42:03.780]  那個過程可以是很痛苦的
[00:42:03.780 --> 00:42:06.660]  我們聽過好多不同的見證
[00:42:06.660 --> 00:42:09.980]  有些人就是上帝給了他好多年的機會
[00:42:09.980 --> 00:42:12.260]  都不願意回到上帝身邊
[00:42:12.260 --> 00:42:14.300]  結果就怎麼樣呢
[00:42:14.300 --> 00:42:17.860]  一場大病接著一場大病
[00:42:17.860 --> 00:42:19.360]  最後他自己做見證的時候
[00:42:19.360 --> 00:42:20.600]  他說什麼呢
[00:42:20.600 --> 00:42:21.840]  他說我終於明白了
[00:42:21.840 --> 00:42:24.300]  我終於認罪悔改了
[00:42:24.300 --> 00:42:26.940]  然後就健健康康了
[00:42:26.940 --> 00:42:32.840]  有些時候上帝不得已要出手來管教
[00:42:32.840 --> 00:42:38.120]  是因為他不想你再越走越遠了
[00:42:38.120 --> 00:42:42.180]  最後是傷害自己還有傷害自己的家人了
[00:42:42.180 --> 00:42:44.660]  所以他出手了
[00:42:44.660 --> 00:42:45.820]  他出第一次手
[00:42:45.820 --> 00:42:49.120]  第一場病還沒有悔改
[00:42:49.120 --> 00:42:50.800]  第二場病又來了
[00:42:50.800 --> 00:42:54.040]  還沒有悔改
[00:42:54.040 --> 00:42:57.900]  最後面對第三場病
[00:42:57.900 --> 00:43:00.880]  才真的說我願意悔改了
[00:43:00.880 --> 00:43:03.480]  敬畏耶和華是智慧的開端
[00:43:03.480 --> 00:43:04.380]  當你敬畏耶和華
[00:43:04.380 --> 00:43:07.920]  你會做和神心意的選擇
[00:43:07.920 --> 00:43:11.120]  所以這兩樣東西是神與我們同在
[00:43:11.120 --> 00:43:12.120]  幫助我們的
[00:43:12.120 --> 00:43:13.680]  把神的話也放在心裡
[00:43:13.680 --> 00:43:14.920]  還有敬畏耶和華
[00:43:14.920 --> 00:43:17.880]  請你記住記住記住
[00:43:17.880 --> 00:43:19.520]  把神的話放在心裡
[00:43:19.520 --> 00:43:21.760]  還有敬畏耶和華
[00:43:21.760 --> 00:43:23.200]  那麼生命的反省
[00:43:23.200 --> 00:43:24.360]  跟大家分享一下
[00:43:24.360 --> 00:43:26.560]  再回去想一想
[00:43:26.560 --> 00:43:28.960]  是你在控制你的思想
[00:43:28.960 --> 00:43:34.900]  還是你的思想在控制你
[00:43:34.900 --> 00:43:37.100]  你是不是常常自責
[00:43:37.100 --> 00:43:39.840]  或者常常貪心
[00:43:39.840 --> 00:43:42.480]  常常貪圖享受
[00:43:42.480 --> 00:43:45.120]  也不願意為神來做一些事情
[00:43:45.120 --> 00:43:45.720]  第二
[00:43:45.720 --> 00:43:47.920]  你是否相信只有神的話語
[00:43:47.920 --> 00:43:49.720]  能夠給你力量
[00:43:49.720 --> 00:43:52.960]  成為你思想的主人
[00:43:52.960 --> 00:43:55.060]  你是否願意從今天開始
[00:43:55.060 --> 00:43:59.000]  就經常把神的話語記在你的心裡
[00:43:59.000 --> 00:44:01.700]  我認識一個弟兄
[00:44:01.700 --> 00:44:03.600]  跟一些人也講過
[00:44:03.600 --> 00:44:05.460]  他就是用一個很奇妙的方法
[00:44:05.460 --> 00:44:07.240]  來教自己的兒子
[00:44:07.240 --> 00:44:09.800]  我覺得很好奇
[00:44:09.800 --> 00:44:10.600]  他說我問他
[00:44:10.600 --> 00:44:12.240]  你怎麼獎勵你的兒子
[00:44:12.240 --> 00:44:13.940]  他說我從不獎勵他
[00:44:13.940 --> 00:44:15.840]  我說你從不獎勵他
[00:44:15.840 --> 00:44:17.180]  什麼意思
[00:44:17.180 --> 00:44:19.820]  他說我的想法是這樣
[00:44:19.820 --> 00:44:22.480]  如果他這個功課做得好
[00:44:22.480 --> 00:44:23.860]  我就獎勵他
[00:44:23.860 --> 00:44:26.160]  下次他功課做得不好
[00:44:26.160 --> 00:44:28.020]  我就不獎勵他
[00:44:28.020 --> 00:44:30.160]  那我在教他什麼呢
[00:44:30.160 --> 00:44:31.900]  我在教他的就是
[00:44:31.900 --> 00:44:33.960]  當你表現好的時候
[00:44:33.960 --> 00:44:35.800]  你才有獎勵
[00:44:35.800 --> 00:44:37.940]  然後就是說你的努力
[00:44:37.940 --> 00:44:39.640]  是不算的
[00:44:39.640 --> 00:44:41.600]  有些事情在人生裡面
[00:44:41.600 --> 00:44:45.600]  你努力不一定是有好的成績的
[00:44:45.600 --> 00:44:48.080]  但是那努力是不是寶貴的
[00:44:48.080 --> 00:44:49.680]  所以他這樣想的時候
[00:44:49.680 --> 00:44:52.280]  他說那他還是你兒子
[00:44:52.280 --> 00:44:55.180]  他也是需要你一些鼓勵
[00:44:55.180 --> 00:44:58.020]  他說或許這樣這麼說吧
[00:44:58.020 --> 00:44:59.460]  我的獎勵就是
[00:44:59.460 --> 00:45:01.320]  我多陪伴他
[00:45:01.320 --> 00:45:03.420]  我多跟他一起玩
[00:45:03.420 --> 00:45:06.160]  多跟他在一起
[00:45:06.160 --> 00:45:08.960]  我說哇 你怎麼這麼有智慧
[00:45:08.960 --> 00:45:11.440]  我從來沒有聽過一個父親這麼說
[00:45:11.440 --> 00:45:12.240]  他說不是的
[00:45:12.240 --> 00:45:13.640]  我以前不是這樣子的
[00:45:13.640 --> 00:45:15.140]  我說發生什麼事情
[00:45:15.140 --> 00:45:16.980]  他說什麼呢
[00:45:16.980 --> 00:45:18.340]  他說
[00:45:18.340 --> 00:45:19.940]  有一次我真的認識神
[00:45:19.940 --> 00:45:22.680]  是我的神 我是一個罪人的時候
[00:45:22.680 --> 00:45:25.280]  我就突然間覺得我沒有智慧
[00:45:25.280 --> 00:45:28.180]  我就每天都起身就做一個禱告
[00:45:28.180 --> 00:45:29.120]  我說
[00:45:29.120 --> 00:45:30.520]  神啊
[00:45:30.520 --> 00:45:31.860]  求你
[00:45:31.860 --> 00:45:35.020]  教我怎麼樣做一個有智慧的爸爸
[00:45:35.020 --> 00:45:38.460]  他每天就做這樣的一個禱告
[00:45:38.460 --> 00:45:41.260]  就夠了
[00:45:41.260 --> 00:45:43.460]  與神同在每一天
[00:45:43.460 --> 00:45:45.140]  求神給大家智慧
[00:45:45.140 --> 00:45:46.900]  給我們智慧
[00:45:46.900 --> 00:45:50.940]  讓我們一起同心禱告
[00:45:50.940 --> 00:45:53.700]  親愛的天父 我們來到你面前
[00:45:53.700 --> 00:45:55.880]  感謝你對我們的愛
[00:45:55.880 --> 00:45:59.920]  你一直都想跟我們常常同在
[00:45:59.920 --> 00:46:02.620]  主啊 我們求你讓我們真的是看見這點
[00:46:02.620 --> 00:46:05.420]  你的同在會帶給我們好多祝福
[00:46:05.420 --> 00:46:08.120]  我們生命曾經走過很多彎路
[00:46:08.120 --> 00:46:09.960]  都是我們的愚昧
[00:46:09.960 --> 00:46:11.560]  我們求你饒恕
[00:46:11.560 --> 00:46:13.520]  但是我們不必活在過去
[00:46:13.520 --> 00:46:15.960]  因為我們人還有前面的路要走
[00:46:15.960 --> 00:46:18.760]  你也知道我們能夠重新開始
[00:46:18.760 --> 00:46:20.260]  求你給我們智慧
[00:46:20.260 --> 00:46:22.500]  常常把你的話語記在心裡
[00:46:22.500 --> 00:46:24.100]  也叫我們敬畏你
[00:46:24.100 --> 00:46:25.180]  謝謝你的愛
[00:46:25.180 --> 00:46:26.780]  禱告奉耶穌的名求
[00:46:26.780 --> 00:46:28.780]  Amen
