
[00:00:00.000 --> 00:00:01.780]  各位姐妹晚安
[00:00:01.780 --> 00:00:05.840]  我們又可以恢復今晚的《茶經班》
[00:00:05.840 --> 00:00:08.360]  跟大家先有一個禱告
[00:00:08.360 --> 00:00:11.800]  再一次多謝主讓我們今天晚上
[00:00:11.800 --> 00:00:15.740]  又能夠恢復在《出埃及記》的研讀
[00:00:15.740 --> 00:00:20.040]  大家一起來思想在經文的世界
[00:00:20.040 --> 00:00:23.240]  特別是當時摩西五經的作者
[00:00:23.240 --> 00:00:26.340]  要告訴我們的這個救贖
[00:00:26.340 --> 00:00:31.360]  曾經這些被擄的子民
[00:00:31.360 --> 00:00:37.200]  在埃及在奴隸的狀況底下
[00:00:37.200 --> 00:00:40.740]  能夠得到一個很清楚的救贖
[00:00:40.740 --> 00:00:43.660]  離開遺奴之家的埃及
[00:00:43.660 --> 00:00:46.620]  進到神應許的迦南美地
[00:00:46.620 --> 00:00:48.940]  我們看到這個過程
[00:00:48.940 --> 00:00:51.980]  神是怎樣用你的大能的手
[00:00:51.980 --> 00:00:53.940]  伸出來的磅壁
[00:00:53.940 --> 00:00:57.440]  特別在《先知書》是一而再
[00:00:57.440 --> 00:01:00.360]  這樣去提這個概念
[00:01:00.360 --> 00:01:02.500]  使我們能夠認識
[00:01:02.500 --> 00:01:05.880]  天父我們今天在現代
[00:01:05.880 --> 00:01:09.940]  我們面對其實每一天都是很多事情
[00:01:09.940 --> 00:01:13.140]  我們不知道怎樣發生
[00:01:13.140 --> 00:01:17.440]  還有一些我們根本招架不了的特大的事情
[00:01:17.440 --> 00:01:19.000]  我們很需要求神
[00:01:19.000 --> 00:01:24.040]  讓我們能夠回想這一位創天造地的主
[00:01:24.040 --> 00:01:26.640]  是怎樣去帶領歷史
[00:01:26.640 --> 00:01:28.260]  帶領你的子民
[00:01:28.260 --> 00:01:31.500]  使我們能夠在今天認識
[00:01:31.500 --> 00:01:33.920]  冥冥當中有一個掌舵
[00:01:33.920 --> 00:01:35.800]  有一個掌管世界
[00:01:35.800 --> 00:01:37.820]  掌管人生命的主
[00:01:37.820 --> 00:01:40.320]  是我們來去信靠
[00:01:40.320 --> 00:01:42.800]  是我們需要來去仰望的
[00:01:42.800 --> 00:01:45.840]  我們今天晚上都仰望在主的手中
[00:01:45.840 --> 00:01:47.280]  求祢帶領我們
[00:01:47.280 --> 00:01:51.060]  我們這樣祈求奉耶穌基督的名
[00:01:51.060 --> 00:01:52.800]  阿門
[00:01:52.800 --> 00:01:54.960]  再一次感謝大家的參加
[00:01:54.960 --> 00:01:59.800]  多麼盼望我們完了講道之後
[00:01:59.800 --> 00:02:03.480]  有錄音的訊息
[00:02:03.480 --> 00:02:05.360]  又能夠祝福到不同
[00:02:05.360 --> 00:02:08.400]  對於神的話語學毛的弟兄姊妹
[00:02:08.400 --> 00:02:10.620]  在網上的世界
[00:02:10.620 --> 00:02:13.560]  可以成為很多人能夠得到幫助
[00:02:13.560 --> 00:02:16.320]  當然網上也充斥著非常之多
[00:02:16.320 --> 00:02:19.520]  不同的目者的訊息
[00:02:19.520 --> 00:02:24.380]  大家可以按自己的需要
[00:02:24.380 --> 00:02:27.120]  自己的程度來去學習
[00:02:27.120 --> 00:02:30.640]  我們定位都是將經文
[00:02:30.640 --> 00:02:34.840]  來盡量在上限文的篇幅
[00:02:34.840 --> 00:02:36.840]  深入淺出
[00:02:36.840 --> 00:02:39.960]  亦都賦予一些可能歷史
[00:02:39.960 --> 00:02:43.200]  和一些經文的解釋等等
[00:02:43.200 --> 00:02:46.520]  盼望能夠彼此有激勵
[00:02:46.520 --> 00:02:49.080]  我們用的這個大段落
[00:02:49.080 --> 00:02:52.420]  由第五章尾一直到第十二章
[00:02:52.420 --> 00:02:55.740]  都是一個神的大能的拯救
[00:02:55.740 --> 00:02:57.280]  裏面的鋪排
[00:02:57.280 --> 00:03:00.360]  都有相當的
[00:03:00.360 --> 00:03:02.140]  敘事文體的作風
[00:03:02.140 --> 00:03:06.120]  例如為何都未入迦南
[00:03:06.120 --> 00:03:08.280]  為何那麼快知道
[00:03:08.280 --> 00:03:12.640]  尼米茲派被揀選成為祭司呢
[00:03:12.640 --> 00:03:19.040]  或者為何會那麼快講到
[00:03:19.040 --> 00:03:25.440]  亞倫的下一代他們的疑慮呢等等
[00:03:25.440 --> 00:03:30.040]  這些都是我們可以先有了解的
[00:03:30.040 --> 00:03:33.640]  我們開始稍微重溫少少
[00:03:33.640 --> 00:03:35.180]  我們對上一次
[00:03:35.180 --> 00:03:38.240]  我們先開這裏
[00:03:38.240 --> 00:03:44.900]  這個都是我們大家之前一直都在看的
[00:03:44.900 --> 00:03:46.180]  首先就是
[00:03:46.180 --> 00:03:51.040]  摩西被呼召回去見法老王
[00:03:51.040 --> 00:03:53.600]  正正式式代表以色列
[00:03:53.600 --> 00:03:55.400]  其實應該是代表神
[00:03:55.400 --> 00:04:00.760]  回去和法老好言相勸的
[00:04:00.760 --> 00:04:03.840]  使他們可以釋放以色列人
[00:04:03.840 --> 00:04:06.660]  離開這個圍爐之家的埃及
[00:04:06.660 --> 00:04:09.740]  回去這個神應許之地的
[00:04:09.740 --> 00:04:11.260]  迦南地
[00:04:11.260 --> 00:04:15.880]  就是阿巴拉罕當年買的地方
[00:04:15.880 --> 00:04:20.220]  當然那個後果大家都預計到
[00:04:20.220 --> 00:04:23.560]  法老有他的國力
[00:04:23.560 --> 00:04:25.100]  有他的軍隊
[00:04:25.100 --> 00:04:26.880]  他怎能夠容許
[00:04:26.880 --> 00:04:30.720]  這些近乎是好像
[00:04:30.720 --> 00:04:35.080]  不用怎樣出糧就可以做奴隸的
[00:04:35.080 --> 00:04:36.360]  以色列人
[00:04:36.360 --> 00:04:38.660]  可以白白的離開
[00:04:38.660 --> 00:04:40.960]  解除他們的奴役
[00:04:40.960 --> 00:04:41.740]  所以
[00:04:41.740 --> 00:04:44.540]  好自然就是有那個難阻
[00:04:44.540 --> 00:04:48.140]  這個都是肯定包括連摩西都預計到的
[00:04:48.140 --> 00:04:50.180]  所以當這個消息
[00:04:50.180 --> 00:04:53.760]  再一次給以色列的領袖
[00:04:53.760 --> 00:04:57.860]  一些民間的特別是這些公投
[00:04:57.860 --> 00:05:00.160]  來到知識之後
[00:05:00.160 --> 00:05:02.720]  好自然就是那個埋怨
[00:05:02.720 --> 00:05:06.560]  隔閘的就是百姓的那個
[00:05:06.560 --> 00:05:08.600]  前路茫茫
[00:05:08.600 --> 00:05:10.140]  遷怒於摩西
[00:05:10.140 --> 00:05:11.420]  你不回來
[00:05:11.420 --> 00:05:12.700]  你不去提出
[00:05:12.700 --> 00:05:15.260]  不要給我們有一個那麼
[00:05:15.260 --> 00:05:16.540]  美麗的幻想
[00:05:16.540 --> 00:05:19.880]  以為很快我們就可以自由了
[00:05:19.880 --> 00:05:22.180]  在百姓眼中的自由
[00:05:22.180 --> 00:05:25.760]  未必是神期望的真正的自由
[00:05:25.760 --> 00:05:30.120]  而是好期望他們能夠成為神的子民
[00:05:30.120 --> 00:05:32.940]  在一個新的英許之地
[00:05:32.940 --> 00:05:35.740]  成為神納約的子民
[00:05:35.740 --> 00:05:37.020]  有規有矩的
[00:05:37.020 --> 00:05:39.340]  有自己的國家有自己的憲制
[00:05:39.340 --> 00:05:40.860]  有自己的神的
[00:05:40.860 --> 00:05:43.940]  所以在這樣的狀況底下
[00:05:43.940 --> 00:05:45.480]  百姓好自然就是
[00:05:45.480 --> 00:05:47.520]  兩面都不討好
[00:05:47.520 --> 00:05:50.340]  摩西給不到他們有那個
[00:05:50.340 --> 00:05:51.620]  美麗的葡萄園
[00:05:51.620 --> 00:05:52.640]  但是
[00:05:52.640 --> 00:05:57.000]  法老又透過那些公投
[00:05:57.000 --> 00:05:59.820]  即是埃及的那些督工
[00:05:59.820 --> 00:06:01.360]  去壓迫
[00:06:01.360 --> 00:06:02.380]  所以
[00:06:02.380 --> 00:06:03.920]  在這樣的狀況底下
[00:06:03.920 --> 00:06:07.760]  只會遷怒於神僕人摩西
[00:06:07.760 --> 00:06:09.280]  和亞倫
[00:06:09.280 --> 00:06:12.620]  當然主要的矛頭是摩西
[00:06:12.620 --> 00:06:14.400]  因為他是始作俑者
[00:06:14.400 --> 00:06:18.240]  說可以帶領自己的族民
[00:06:18.240 --> 00:06:20.800]  很自由地離開
[00:06:20.800 --> 00:06:22.080]  很自然就是
[00:06:22.080 --> 00:06:23.620]  出現了這個後果
[00:06:23.620 --> 00:06:24.900]  所以我們看到
[00:06:24.900 --> 00:06:29.260]  在五章的二十三節
[00:06:29.260 --> 00:06:33.360]  你會看到摩西退回神那裏
[00:06:33.360 --> 00:06:36.180]  這是一個頗重要的
[00:06:36.180 --> 00:06:38.740]  舉措
[00:06:38.740 --> 00:06:41.040]  他有一個地方
[00:06:41.040 --> 00:06:43.860]  他回去向神訴苦
[00:06:43.860 --> 00:06:45.900]  向神尋求
[00:06:45.900 --> 00:06:48.980]  到底下一步應該怎樣走
[00:06:48.980 --> 00:06:53.060]  有一個心靈的安慰
[00:06:53.060 --> 00:06:54.100]  釋放
[00:06:54.100 --> 00:06:55.120]  至少神
[00:06:55.120 --> 00:07:02.040]  你不是我想錯我自己多了一個的心思
[00:07:02.040 --> 00:07:03.820]  只不過是我一廂情願
[00:07:03.820 --> 00:07:08.440]  是我自己未竟之功當年
[00:07:08.440 --> 00:07:09.720]  年輕的時候
[00:07:09.720 --> 00:07:11.500]  四十歲的時候
[00:07:11.500 --> 00:07:13.560]  我自己很想
[00:07:13.560 --> 00:07:15.080]  做一番事業
[00:07:15.080 --> 00:07:19.180]  但是現在又好像有一個太過敏感
[00:07:19.180 --> 00:07:21.240]  他很想回到神那裏
[00:07:21.240 --> 00:07:25.600]  神給他的我們上一次都看過了我們不再在這個部分
[00:07:25.600 --> 00:07:27.380]  來去重複
[00:07:27.380 --> 00:07:29.940]  正正式式在第六章
[00:07:29.940 --> 00:07:32.000]  神就再一次確立
[00:07:32.000 --> 00:07:36.600]  摩西他能夠真正是神委託他
[00:07:36.600 --> 00:07:38.140]  代表神
[00:07:38.140 --> 00:07:40.960]  來去跟這個埃及王法老
[00:07:40.960 --> 00:07:45.040]  有一個這樣的討價還價
[00:07:45.040 --> 00:07:47.360]  的一個這樣的周旋
[00:07:47.360 --> 00:07:49.400]  所以這裏告訴我們
[00:07:49.400 --> 00:07:53.500]  很重要的就是摩西正式被確立成為
[00:07:53.500 --> 00:07:55.040]  神的代表
[00:07:55.040 --> 00:07:57.840]  所以在往後
[00:07:57.840 --> 00:07:59.640]  這一份的信心
[00:07:59.640 --> 00:08:03.740]  這一份的毀身的照明的身份
[00:08:03.740 --> 00:08:06.040]  是摩西賴以
[00:08:06.040 --> 00:08:09.360]  來去跟法老遊說
[00:08:09.360 --> 00:08:11.420]  甚至乎是對抗的
[00:08:11.420 --> 00:08:15.260]  那個最重要的本錢
[00:08:15.260 --> 00:08:16.800]  手中的匠
[00:08:16.800 --> 00:08:19.360]  他的手能夠變爛麻風
[00:08:19.360 --> 00:08:21.660]  那些只不過是一個偶發性
[00:08:21.660 --> 00:08:24.740]  真正的那個power來自
[00:08:24.740 --> 00:08:27.560]  是他的這個身份
[00:08:27.560 --> 00:08:30.620]  神呼召的這個照明
[00:08:30.620 --> 00:08:32.420]  這個是相當重要
[00:08:32.420 --> 00:08:34.460]  那也都意味著
[00:08:34.460 --> 00:08:38.300]  不是一個的民間的領袖
[00:08:38.300 --> 00:08:41.880]  透過發動群眾的革命
[00:08:41.880 --> 00:08:44.440]  去推翻法老
[00:08:44.440 --> 00:08:46.500]  從來都不是這樣
[00:08:46.500 --> 00:08:51.880]  這裏也都展現了神的做事的一些法則
[00:08:51.880 --> 00:08:54.180]  神是透過一個領袖
[00:08:54.180 --> 00:08:57.260]  他的而且確如果沒有神
[00:08:57.260 --> 00:08:59.040]  如果沒有神的應許
[00:08:59.040 --> 00:09:01.600]  沒有神的那個呼召的照明
[00:09:01.600 --> 00:09:03.660]  這個好像一個卡片一樣
[00:09:03.660 --> 00:09:05.700]  他就沒有這樣的能力
[00:09:05.700 --> 00:09:08.260]  去對抗一個這麼強大的
[00:09:08.260 --> 00:09:09.800]  埃及王國
[00:09:09.800 --> 00:09:12.860]  以法老為那個中心的
[00:09:12.860 --> 00:09:15.420]  這個這樣的敵對的勢力
[00:09:15.420 --> 00:09:17.460]  所以這個
[00:09:17.460 --> 00:09:19.780]  真的往往告訴我們
[00:09:19.780 --> 00:09:22.080]  得到一個領袖就得到
[00:09:22.080 --> 00:09:24.640]  神的那個工作
[00:09:24.640 --> 00:09:26.680]  所以相當重要是
[00:09:26.680 --> 00:09:29.240]  一個地方的領袖
[00:09:29.240 --> 00:09:31.800]  是真的重要過一切
[00:09:31.800 --> 00:09:34.620]  即是你很有錢你有很多的回眾
[00:09:34.620 --> 00:09:36.660]  但如果你沒有一個好的領袖
[00:09:36.660 --> 00:09:40.260]  沒有一個很清楚神呼召的那個照明
[00:09:40.260 --> 00:09:41.540]  還有這個群體
[00:09:41.540 --> 00:09:43.840]  是要朝哪個方向去
[00:09:43.840 --> 00:09:45.620]  行神的旨意呢
[00:09:45.620 --> 00:09:49.220]  就算你好有那些物理的資源
[00:09:49.220 --> 00:09:52.280]  無論人事物的資源
[00:09:52.280 --> 00:09:54.080]  都未必是一個真正
[00:09:54.080 --> 00:09:57.400]  做到一番的神工作的事業
[00:09:57.400 --> 00:09:58.180]  這個就
[00:09:58.180 --> 00:09:59.960]  我們要留意
[00:09:59.960 --> 00:10:01.760]  接著往後的經文
[00:10:01.760 --> 00:10:05.340]  其實就是這樣浮現這個藍圖出來
[00:10:05.340 --> 00:10:07.140]  所以你會看到有
[00:10:07.140 --> 00:10:09.940]  真是摩西和法老的對話
[00:10:09.940 --> 00:10:11.740]  total十次
[00:10:11.740 --> 00:10:13.020]  因為十災
[00:10:13.020 --> 00:10:14.560]  所以你就會看到
[00:10:14.560 --> 00:10:17.880]  這個是明顯的神確立的
[00:10:17.880 --> 00:10:20.700]  神做事的一個法則
[00:10:20.700 --> 00:10:23.000]  我們一路下去下面
[00:10:23.000 --> 00:10:25.300]  我們就要留意這一段經文
[00:10:25.300 --> 00:10:27.100]  摩西的埋怨
[00:10:27.100 --> 00:10:30.180]  我們再用圖畫給大家看到
[00:10:30.180 --> 00:10:31.960]  所以不是一個民族英雄
[00:10:31.960 --> 00:10:33.760]  他要推翻暴政
[00:10:33.760 --> 00:10:36.820]  實際上出來的效果
[00:10:36.820 --> 00:10:39.140]  表面上就好像是這樣
[00:10:39.140 --> 00:10:40.160]  法老好像
[00:10:40.160 --> 00:10:41.940]  任由以色列人
[00:10:41.940 --> 00:10:43.440]  昂然
[00:10:43.440 --> 00:10:46.380]  好像以色列的軍隊
[00:10:46.380 --> 00:10:48.600]  這個是十二章的《出埃及記》
[00:10:48.600 --> 00:10:50.140]  以色列的軍隊
[00:10:50.140 --> 00:10:51.160]  就離開
[00:10:51.160 --> 00:10:52.440]  其實什麼軍隊
[00:10:52.440 --> 00:10:54.220]  根本就是奴隸
[00:10:54.220 --> 00:10:55.760]  根本就是已經
[00:10:55.760 --> 00:10:58.840]  身心俱疲的一些
[00:10:58.840 --> 00:11:00.380]  以色列人
[00:11:00.380 --> 00:11:01.900]  希伯來人
[00:11:01.900 --> 00:11:03.700]  但是
[00:11:03.700 --> 00:11:06.000]  給大家看看
[00:11:06.000 --> 00:11:07.800]  神這樣稱呼他們
[00:11:07.800 --> 00:11:10.100]  在滅長子的時間
[00:11:10.100 --> 00:11:12.140]  就看他們是軍隊
[00:11:12.140 --> 00:11:13.940]  看他們是自己的子民
[00:11:13.940 --> 00:11:14.960]  所以
[00:11:14.960 --> 00:11:16.760]  在神的眼中看
[00:11:16.760 --> 00:11:21.100]  祂的子民是相當不同的
[00:11:21.100 --> 00:11:26.740]  經文就在這裡
[00:11:26.740 --> 00:11:28.540]  稍微揭一揭
[00:11:28.540 --> 00:11:33.140]  第十二章的十七節
[00:11:33.140 --> 00:11:35.440]  你們要守無教節
[00:11:35.440 --> 00:11:36.980]  這裡說的是他們離開
[00:11:36.980 --> 00:11:38.780]  當晚離開之後
[00:11:38.780 --> 00:11:41.340]  因為我正當這日
[00:11:41.340 --> 00:11:43.380]  把你們的軍隊
[00:11:43.380 --> 00:11:45.440]  從埃及地領出來
[00:11:45.440 --> 00:11:49.020]  所以你們要守這日
[00:11:49.020 --> 00:11:51.840]  作為世世代代永遠的定例
[00:11:51.840 --> 00:11:53.880]  這是以色列的軍隊
[00:11:53.880 --> 00:11:55.940]  不是有些僱傭兵
[00:11:55.940 --> 00:11:58.740]  不是有些給錢請回來
[00:11:58.740 --> 00:12:00.800]  做以色列人的保鏢
[00:12:00.800 --> 00:12:03.100]  說的是這班以色列人
[00:12:03.100 --> 00:12:05.660]  每天做專的壯丁
[00:12:05.660 --> 00:12:07.460]  在神眼中
[00:12:07.460 --> 00:12:09.260]  他們就是軍隊
[00:12:09.260 --> 00:12:12.320]  其實根本就未編制的
[00:12:12.320 --> 00:12:14.880]  去到文素記才排他們
[00:12:14.880 --> 00:12:16.680]  住在哪個地方
[00:12:16.680 --> 00:12:19.240]  到他們要出去打仗
[00:12:19.240 --> 00:12:21.540]  就哪個支派先走
[00:12:21.540 --> 00:12:22.820]  那個時候
[00:12:22.820 --> 00:12:25.380]  文素記第四章開始才排
[00:12:25.380 --> 00:12:26.920]  他們住哪個營
[00:12:26.920 --> 00:12:30.760]  怎樣分佈哪個支派加哪個支派
[00:12:30.760 --> 00:12:32.540]  才正式分佈
[00:12:32.540 --> 00:12:37.920]  即是說一年之後的抗野才開始
[00:12:37.920 --> 00:12:40.480]  鼓勵他們有系統
[00:12:40.480 --> 00:12:44.060]  去做一個
[00:12:44.060 --> 00:12:47.140]  有秩序的一個民族
[00:12:47.140 --> 00:12:48.660]  你就可以想像
[00:12:48.660 --> 00:12:51.740]  但現在他們在這樣的狀況
[00:12:51.740 --> 00:12:53.280]  經過十災之後
[00:12:53.280 --> 00:12:56.860]  神就看現在他們離開埃及的這班人
[00:12:56.860 --> 00:12:59.680]  這班做了很多年的奴隸的人
[00:12:59.680 --> 00:13:03.260]  其實就是在神眼中已經是軍隊
[00:13:03.260 --> 00:13:05.060]  他們沒有打仗因為
[00:13:05.060 --> 00:13:07.880]  那些埃及的追兵
[00:13:07.880 --> 00:13:10.940]  都是在紅海被覆滅了
[00:13:10.940 --> 00:13:12.740]  所以你就會看到
[00:13:12.740 --> 00:13:14.520]  不是一個民族英雄
[00:13:14.520 --> 00:13:16.820]  鼓動自己的百姓
[00:13:16.820 --> 00:13:18.620]  來推翻暴政
[00:13:18.620 --> 00:13:21.440]  而是神的一個
[00:13:21.440 --> 00:13:23.220]  召命
[00:13:23.220 --> 00:13:25.020]  神的一個使者
[00:13:25.020 --> 00:13:26.040]  即是摩西
[00:13:26.040 --> 00:13:28.600]  神的家裏面的人
[00:13:28.600 --> 00:13:30.640]  希伯來書
[00:13:30.640 --> 00:13:33.720]  應該是
[00:13:33.720 --> 00:13:36.280]  第三章
[00:13:36.280 --> 00:13:39.100]  摩西在神的全家
[00:13:39.100 --> 00:13:40.120]  盡忠
[00:13:40.120 --> 00:13:41.920]  但神的兒子
[00:13:41.920 --> 00:13:44.720]  他是神家裏面的兒子
[00:13:44.720 --> 00:13:46.520]  這樣做一個比較
[00:13:46.520 --> 00:13:48.320]  所以摩西肯定
[00:13:48.320 --> 00:13:50.360]  是在神的面前
[00:13:50.360 --> 00:13:51.900]  他是在以色列當中
[00:13:51.900 --> 00:13:53.940]  只不過是一個僕人
[00:13:53.940 --> 00:13:56.240]  所以現在是一個僕人
[00:13:56.240 --> 00:13:58.300]  領受了一個召命
[00:13:58.300 --> 00:14:00.360]  去到埃及
[00:14:00.360 --> 00:14:02.400]  這個召命是要
[00:14:02.400 --> 00:14:05.720]  負責帶領他的同胞
[00:14:05.720 --> 00:14:07.000]  希伯來人
[00:14:07.000 --> 00:14:08.280]  離開
[00:14:08.280 --> 00:14:10.080]  這個慰勞之家
[00:14:10.080 --> 00:14:12.120]  都不是為了離開這麼簡單
[00:14:12.120 --> 00:14:13.660]  而是真正的目的
[00:14:13.660 --> 00:14:14.800]  是要進入
[00:14:14.800 --> 00:14:16.220]  應許之地
[00:14:16.220 --> 00:14:17.760]  就是迦南地
[00:14:17.760 --> 00:14:19.560]  所以離開
[00:14:19.560 --> 00:14:20.820]  只不過是一個
[00:14:20.820 --> 00:14:22.120]  開始
[00:14:22.120 --> 00:14:23.900]  真正的過程
[00:14:23.900 --> 00:14:25.960]  就是要經過曠野
[00:14:25.960 --> 00:14:26.720]  接著
[00:14:26.720 --> 00:14:28.000]  最終的目標
[00:14:28.000 --> 00:14:31.080]  是要進入安息之地
[00:14:31.080 --> 00:14:32.360]  約書亞記
[00:14:32.360 --> 00:14:33.640]  就告訴我們
[00:14:33.640 --> 00:14:37.480]  他們應該帶他們進入那個應許的安息之地
[00:14:37.480 --> 00:14:38.500]  但很可惜
[00:14:38.500 --> 00:14:39.780]  都進不了
[00:14:39.780 --> 00:14:43.100]  所以神就設立另一個安息
[00:14:43.100 --> 00:14:44.380]  就是使得
[00:14:44.380 --> 00:14:45.400]  所有人
[00:14:45.400 --> 00:14:48.740]  得著將來永恆天家的那個安息
[00:14:48.740 --> 00:14:52.320]  這個希伯來書就都幾強調這一方面的
[00:14:52.320 --> 00:14:54.620]  希伯來書的四章提到
[00:14:54.620 --> 00:14:56.680]  有另一個安息
[00:14:56.680 --> 00:14:58.980]  是他們可以進入的
[00:14:58.980 --> 00:15:02.060]  這裏就讓我們看到
[00:15:02.060 --> 00:15:03.080]  剛才我們提到
[00:15:03.080 --> 00:15:05.120]  在這樣的困局底下
[00:15:05.120 --> 00:15:07.040]  摩西回到神那裏
[00:15:07.040 --> 00:15:08.960]  這裏就是五章二十三節
[00:15:08.960 --> 00:15:11.020]  接著神就在第六章
[00:15:11.020 --> 00:15:12.800]  就正正式式
[00:15:12.800 --> 00:15:15.120]  來跟摩西
[00:15:15.120 --> 00:15:17.680]  來詳細講解
[00:15:17.680 --> 00:15:19.720]  那個拯救的過程
[00:15:19.720 --> 00:15:23.040]  六章我們都有機會讀了
[00:15:23.040 --> 00:15:26.120]  但上一次我們有一個漏了一點點的
[00:15:26.120 --> 00:15:29.200]  我們都要來思想的
[00:15:29.200 --> 00:15:31.500]  在一個首尾呼應
[00:15:31.500 --> 00:15:32.780]  五章尾
[00:15:32.780 --> 00:15:34.060]  摩西
[00:15:34.060 --> 00:15:37.380]  非常之落魄的
[00:15:37.380 --> 00:15:39.680]  因為百姓的怨言
[00:15:39.680 --> 00:15:40.960]  都不說得少的
[00:15:40.960 --> 00:15:44.300]  百姓那個埋怨都是相當重的
[00:15:44.300 --> 00:15:45.320]  所以
[00:15:45.320 --> 00:15:49.920]  那些結集的如果能夠用一些儀器量度到
[00:15:49.920 --> 00:15:52.480]  負能量的那個
[00:15:52.480 --> 00:15:55.040]  那個重量都相當大的
[00:15:55.040 --> 00:15:58.120]  會令到我們窒息
[00:15:58.120 --> 00:16:00.940]  會令到我們意志消沉
[00:16:00.940 --> 00:16:04.000]  如果你很想推行一些政策
[00:16:04.000 --> 00:16:05.540]  那些負能量
[00:16:05.540 --> 00:16:07.840]  或者民間的反對聲音
[00:16:07.840 --> 00:16:09.640]  是會帶給一些
[00:16:09.640 --> 00:16:11.180]  主事的領袖
[00:16:11.180 --> 00:16:13.480]  是相當大的氣餒
[00:16:13.480 --> 00:16:16.300]  甚至嚴重到抑鬱
[00:16:16.300 --> 00:16:18.080]  所以你可以想像得到
[00:16:18.080 --> 00:16:19.880]  不要小看這些負能量
[00:16:19.880 --> 00:16:21.920]  現在來自法老的攻擊
[00:16:21.920 --> 00:16:23.200]  百姓的埋怨
[00:16:23.200 --> 00:16:24.740]  那些領袖
[00:16:24.740 --> 00:16:28.580]  的表面就好像開始很開心
[00:16:28.580 --> 00:16:29.860]  但實際上
[00:16:29.860 --> 00:16:31.400]  看到那個困難
[00:16:31.400 --> 00:16:33.960]  也都
[00:16:33.960 --> 00:16:36.000]  民間的反對這麼大
[00:16:36.000 --> 00:16:37.540]  所以這些領袖
[00:16:37.540 --> 00:16:40.100]  很快就會轉態
[00:16:40.100 --> 00:16:41.120]  來到去
[00:16:41.120 --> 00:16:43.420]  變成攻擊摩西的
[00:16:43.420 --> 00:16:45.220]  其中一份子
[00:16:45.220 --> 00:16:47.520]  所以摩西能夠做的
[00:16:47.520 --> 00:16:49.320]  回到神那裡
[00:16:49.320 --> 00:16:50.340]  他
[00:16:50.340 --> 00:16:52.380]  既然現在是神差遣
[00:16:52.380 --> 00:16:53.920]  他要回去尋求
[00:16:53.920 --> 00:16:54.940]  神
[00:16:54.940 --> 00:16:58.020]  有沒有更新的一個旨意呢
[00:16:58.020 --> 00:17:02.880]  還是神再一次來安慰他的僕人呢
[00:17:02.880 --> 00:17:04.160]  所以你會看到
[00:17:04.160 --> 00:17:07.240]  去到第六章的近尾
[00:17:07.240 --> 00:17:10.300]  作者都挺
[00:17:10.300 --> 00:17:11.080]  幽默
[00:17:11.080 --> 00:17:12.100]  風趣
[00:17:12.100 --> 00:17:14.920]  再一次告訴我們
[00:17:14.920 --> 00:17:16.700]  你們看到的
[00:17:16.700 --> 00:17:19.260]  那個很有能力
[00:17:19.260 --> 00:17:21.560]  能夠所謂呼風喚雨
[00:17:21.560 --> 00:17:22.600]  行神蹟
[00:17:22.600 --> 00:17:23.880]  的摩西呢
[00:17:23.880 --> 00:17:24.400]  其實
[00:17:24.400 --> 00:17:26.440]  他是一個怎樣的人呢
[00:17:26.440 --> 00:17:28.500]  六章的二十八節
[00:17:28.500 --> 00:17:29.780]  再一次
[00:17:29.780 --> 00:17:32.080]  如果我們真的相信
[00:17:32.080 --> 00:17:34.380]  在一些
[00:17:34.380 --> 00:17:37.460]  古老的解經家的眼中
[00:17:37.460 --> 00:17:38.740]  摩西五經
[00:17:38.740 --> 00:17:42.580]  如果我們真的仍然相信是摩西寫的
[00:17:42.580 --> 00:17:44.100]  或者摩西做編輯的
[00:17:44.100 --> 00:17:47.440]  那就更加讓我們看到
[00:17:47.440 --> 00:17:48.460]  他真是
[00:17:48.460 --> 00:17:51.540]  很清楚自己是怎樣的為人
[00:17:51.540 --> 00:17:52.560]  所以
[00:17:52.560 --> 00:17:54.860]  神用的僕人
[00:17:54.860 --> 00:17:56.660]  他
[00:17:56.660 --> 00:17:58.960]  更深認識自己
[00:17:58.960 --> 00:18:01.780]  是會被神用的原因
[00:18:01.780 --> 00:18:02.800]  因為
[00:18:02.800 --> 00:18:04.600]  再不是自己的
[00:18:04.600 --> 00:18:06.900]  得天獨厚的口才
[00:18:06.900 --> 00:18:08.680]  性格
[00:18:08.680 --> 00:18:12.020]  或者能夠擺平很多事情的
[00:18:12.020 --> 00:18:13.300]  分析力
[00:18:13.300 --> 00:18:14.580]  策劃力
[00:18:14.580 --> 00:18:16.880]  這些全部都是重要的東西
[00:18:16.880 --> 00:18:18.680]  都是神可以用的
[00:18:18.680 --> 00:18:19.440]  但是
[00:18:19.440 --> 00:18:20.980]  歸根結底
[00:18:20.980 --> 00:18:23.280]  要認識第二十八節
[00:18:23.280 --> 00:18:27.120]  當耶和華在埃及地對摩西說話的日子
[00:18:27.120 --> 00:18:28.660]  他向摩西說
[00:18:28.660 --> 00:18:30.200]  我是耶和華
[00:18:30.200 --> 00:18:34.300]  我對你說的一切話你都要告訴埃及王法老
[00:18:34.300 --> 00:18:36.860]  跟著留意第三十節
[00:18:36.860 --> 00:18:38.900]  摩西在耶和華面前說
[00:18:38.900 --> 00:18:39.660]  漢啊
[00:18:39.660 --> 00:18:41.980]  我是絕口笨舌的人
[00:18:41.980 --> 00:18:44.280]  法老怎肯聽我呢
[00:18:44.280 --> 00:18:47.100]  那你就可以想像得到
[00:18:47.100 --> 00:18:51.700]  幾巧妙地告訴我們由開始在
[00:18:51.700 --> 00:18:54.260]  曠野呼召他回去的時候
[00:18:54.260 --> 00:18:56.820]  他不斷提自己的身份
[00:18:56.820 --> 00:18:58.620]  自己的限制
[00:18:58.620 --> 00:19:00.160]  但是到了現在
[00:19:00.160 --> 00:19:01.440]  準備
[00:19:01.440 --> 00:19:02.980]  真的要跟法老
[00:19:02.980 --> 00:19:07.060]  正面的對抗的時候
[00:19:07.060 --> 00:19:09.880]  作者再一次告訴我們
[00:19:09.880 --> 00:19:10.660]  那個
[00:19:10.660 --> 00:19:13.220]  神向他顯現
[00:19:13.220 --> 00:19:17.320]  叫他回去與法老周旋的那個
[00:19:17.320 --> 00:19:20.640]  就是那個說自己絕口笨舌的那個
[00:19:20.640 --> 00:19:22.180]  多有趣地
[00:19:22.180 --> 00:19:26.520]  讓作者的
[00:19:26.520 --> 00:19:28.320]  那個敘事
[00:19:28.320 --> 00:19:30.880]  讓往後的世代
[00:19:30.880 --> 00:19:32.680]  看到摩西五經的
[00:19:32.680 --> 00:19:34.980]  當然首先就是猶太人
[00:19:34.980 --> 00:19:38.040]  因為摩西五經已經傳頌幾千年
[00:19:38.040 --> 00:19:39.840]  一直在他們的民族
[00:19:39.840 --> 00:19:41.640]  流傳下來
[00:19:41.640 --> 00:19:43.440]  也都去到因為我們是新約
[00:19:43.440 --> 00:19:45.740]  我們是神的子民
[00:19:45.740 --> 00:19:46.760]  那麼舊恩
[00:19:46.760 --> 00:19:48.300]  臨到外邦人
[00:19:48.300 --> 00:19:50.860]  所以我們都有份於讀舊約
[00:19:50.860 --> 00:19:52.640]  雖然有很多的條例
[00:19:52.640 --> 00:19:54.700]  很多的約跟我們無關
[00:19:54.700 --> 00:19:57.000]  但是因為我們是神兒子
[00:19:57.000 --> 00:19:58.280]  那個延續
[00:19:58.280 --> 00:20:00.840]  舊恩的歷史一直這樣發展
[00:20:00.840 --> 00:20:03.140]  所以我們都需要讀舊約
[00:20:03.140 --> 00:20:04.160]  那就變成
[00:20:04.160 --> 00:20:05.700]  我們都要了解
[00:20:05.700 --> 00:20:07.760]  原來神用的人
[00:20:07.760 --> 00:20:09.280]  可以有很多限制
[00:20:09.280 --> 00:20:13.380]  但是他又越來越明白自己的限制之後
[00:20:13.380 --> 00:20:16.180]  將自己的限制都交給神
[00:20:16.180 --> 00:20:18.500]  在神的
[00:20:18.500 --> 00:20:20.800]  改變的能力底下
[00:20:20.800 --> 00:20:22.600]  摩西慢慢
[00:20:22.600 --> 00:20:23.620]  變成
[00:20:23.620 --> 00:20:25.920]  能言善辯
[00:20:25.920 --> 00:20:27.700]  慢慢變成
[00:20:27.700 --> 00:20:28.480]  能夠
[00:20:28.480 --> 00:20:30.780]  可以是用他的話語
[00:20:30.780 --> 00:20:31.800]  去模樣
[00:20:31.800 --> 00:20:34.100]  可能用他的文字
[00:20:34.100 --> 00:20:35.900]  留下的十誡
[00:20:35.900 --> 00:20:37.180]  等等
[00:20:37.180 --> 00:20:40.500]  成為以後的世代的祝福
[00:20:40.500 --> 00:20:42.040]  以及他的忠心
[00:20:42.040 --> 00:20:43.320]  以及他
[00:20:43.320 --> 00:20:45.360]  已經不再介意
[00:20:45.360 --> 00:20:48.180]  百姓對他的誤解
[00:20:48.180 --> 00:20:50.240]  他都是忠心的
[00:20:50.240 --> 00:20:52.020]  來完成
[00:20:52.020 --> 00:20:53.300]  神在他
[00:20:53.300 --> 00:20:54.580]  有限的人生
[00:20:54.580 --> 00:20:58.420]  我們知道是剛剛公公整整的120年
[00:20:58.420 --> 00:21:01.240]  來服侍一代的
[00:21:01.240 --> 00:21:03.040]  他自己的同胞
[00:21:03.040 --> 00:21:05.340]  完成了神
[00:21:05.340 --> 00:21:07.640]  在他人生的工作
[00:21:07.640 --> 00:21:09.180]  所以
[00:21:09.180 --> 00:21:10.460]  作者一而再
[00:21:10.460 --> 00:21:12.240]  提到這件事
[00:21:12.240 --> 00:21:14.040]  其實不是一個貶義
[00:21:14.040 --> 00:21:18.640]  其實是一個非常值得大家三思
[00:21:18.640 --> 00:21:21.200]  大家去思想
[00:21:21.200 --> 00:21:23.000]  反思反省
[00:21:23.000 --> 00:21:27.600]  就是我們原原本本是一個怎樣的人
[00:21:27.600 --> 00:21:29.140]  如果沒有神
[00:21:29.140 --> 00:21:30.680]  在我們生命裏面
[00:21:30.680 --> 00:21:33.240]  如果沒有神一直去呼召
[00:21:33.240 --> 00:21:34.780]  去感動
[00:21:34.780 --> 00:21:36.320]  去接納我們
[00:21:36.320 --> 00:21:39.140]  我們仍然都是一個絕口笨舌
[00:21:39.140 --> 00:21:41.440]  我們的絕口笨舌可能是
[00:21:41.440 --> 00:21:42.720]  很貪錢
[00:21:42.720 --> 00:21:44.260]  很貪愛世界
[00:21:44.260 --> 00:21:48.100]  整個腦海想著的就是每天怎樣玩
[00:21:48.100 --> 00:21:51.420]  用光自己的時間在自己有限的人生
[00:21:51.420 --> 00:21:54.240]  做一些有限的事
[00:21:54.240 --> 00:21:56.540]  稱呼人少得罪人多
[00:21:56.540 --> 00:21:59.360]  我們很多時候就是自己的利益
[00:21:59.360 --> 00:22:00.640]  大於一切
[00:22:00.640 --> 00:22:02.680]  我們很自私
[00:22:02.680 --> 00:22:04.980]  很討人厭
[00:22:04.980 --> 00:22:07.040]  很多時候就是黑黑霸霸
[00:22:07.040 --> 00:22:10.620]  這些就反映不同的世代不同的人
[00:22:10.620 --> 00:22:12.160]  特別我們香港人
[00:22:12.160 --> 00:22:13.680]  真的很容易就會有這樣
[00:22:13.680 --> 00:22:16.500]  當然香港人也都很有正義感
[00:22:16.500 --> 00:22:18.300]  總有我們好的特質
[00:22:18.300 --> 00:22:20.340]  但不好的都不少
[00:22:20.340 --> 00:22:22.140]  粗口爛舌
[00:22:22.140 --> 00:22:24.700]  粗口根本不可以上天堂
[00:22:24.700 --> 00:22:26.740]  很噁心很肉酸
[00:22:26.740 --> 00:22:28.800]  你可以想像得到
[00:22:28.800 --> 00:22:30.080]  如果不是
[00:22:30.080 --> 00:22:31.600]  這一位主
[00:22:31.600 --> 00:22:34.680]  將我們的絕口笨舌去改變
[00:22:34.680 --> 00:22:35.440]  我們
[00:22:35.440 --> 00:22:37.480]  仍然都是我們那個人
[00:22:37.480 --> 00:22:39.020]  但原來摩西
[00:22:39.020 --> 00:22:41.580]  由頭到尾都是絕口笨舌
[00:22:41.580 --> 00:22:43.640]  但當他慢慢
[00:22:43.640 --> 00:22:45.940]  將自己的絕口笨舌
[00:22:45.940 --> 00:22:47.720]  交託給神
[00:22:47.720 --> 00:22:50.040]  神去慢慢改變他
[00:22:50.040 --> 00:22:52.600]  他慢慢越來越有自信心
[00:22:52.600 --> 00:22:58.480]  對人的眼神越來越有一種信心流露出來的
[00:22:58.480 --> 00:23:01.040]  那種
[00:23:01.040 --> 00:23:02.580]  安全
[00:23:02.580 --> 00:23:04.120]  各方面
[00:23:04.120 --> 00:23:07.960]  神一定會用我們每個人的限制
[00:23:07.960 --> 00:23:09.240]  來改變
[00:23:09.240 --> 00:23:10.520]  因為神要
[00:23:10.520 --> 00:23:11.800]  抬舉我們
[00:23:11.800 --> 00:23:13.840]  神要使用我們
[00:23:13.840 --> 00:23:16.140]  所以我們能夠被神使用
[00:23:16.140 --> 00:23:18.700]  一定是經過了很多艱難
[00:23:18.700 --> 00:23:23.320]  但是那個艱難本身就是使用的其中一個部分
[00:23:23.320 --> 00:23:26.120]  所以才使得我們能夠
[00:23:26.120 --> 00:23:30.220]  越來越具備神那個用的條件
[00:23:30.220 --> 00:23:34.820]  然後我們就能夠用在神的事工上面
[00:23:34.820 --> 00:23:36.100]  就不是自己
[00:23:36.100 --> 00:23:39.440]  所以沒有人在侍奉以外
[00:23:39.440 --> 00:23:42.500]  就越來越自己越來越厲害
[00:23:42.500 --> 00:23:43.540]  很難的
[00:23:43.540 --> 00:23:47.120]  因為你都不是用在神的角度的事情上面
[00:23:47.120 --> 00:23:49.940]  神為什麼要訓練你呢改變你呢
[00:23:49.940 --> 00:23:54.540]  所以往往都是我們那個心先用在神的裏面
[00:23:54.540 --> 00:23:56.840]  這個就是第一個問題就是
[00:23:56.840 --> 00:24:00.180]  必須是我們要無條件的降伏
[00:24:00.180 --> 00:24:01.720]  奉獻給神
[00:24:01.720 --> 00:24:04.780]  神才能夠使用我們
[00:24:04.780 --> 00:24:06.320]  這裏就讓我們看到
[00:24:06.320 --> 00:24:09.660]  跟大家做一個這樣的首尾的一個連結
[00:24:09.660 --> 00:24:12.720]  你就知道作者一而再告訴我們
[00:24:12.720 --> 00:24:17.340]  那個摩西其實就是絕口笨舌那個摩西
[00:24:17.340 --> 00:24:20.140]  但是當我們後來看到
[00:24:20.140 --> 00:24:22.960]  他能夠有自信心
[00:24:22.960 --> 00:24:25.260]  不需要再靠亞倫
[00:24:25.260 --> 00:24:27.820]  不需要再靠那支拐杖
[00:24:27.820 --> 00:24:30.140]  不需要再靠變神跡
[00:24:30.140 --> 00:24:33.980]  他的說話已經帶著一份的信心
[00:24:33.980 --> 00:24:35.780]  帶著一份的權柄
[00:24:35.780 --> 00:24:38.580]  因為是神來使用他
[00:24:38.580 --> 00:24:40.640]  這個是相當寶貴的
[00:24:40.640 --> 00:24:46.780]  建立到我們在神的眼中的一個僕人的身份
[00:24:46.780 --> 00:24:50.880]  我們要留意這件事
[00:24:50.880 --> 00:24:53.440]  在各方面的阻撓裏面
[00:24:53.440 --> 00:24:55.740]  可能那個網絡不是那麼好
[00:24:55.740 --> 00:24:58.560]  所以那個powerpoint顯得沒有那麼好
[00:24:58.560 --> 00:25:00.860]  我們上次說到就是
[00:25:00.860 --> 00:25:04.200]  突然間在那個要準備
[00:25:04.200 --> 00:25:08.800]  跟法老再次認真的對質的時候
[00:25:08.800 --> 00:25:13.920]  百姓的那個怨言都未減少之前
[00:25:13.920 --> 00:25:15.960]  在第六章
[00:25:15.960 --> 00:25:20.060]  突然之間會加插了一個很長的家譜
[00:25:20.060 --> 00:25:22.880]  大家不知道懂不懂得欣賞
[00:25:22.880 --> 00:25:25.180]  會不會往往見到家譜呢
[00:25:25.180 --> 00:25:27.480]  的而且確跟我們沒有什麼關係
[00:25:27.480 --> 00:25:32.080]  這個還算是相對簡單一點
[00:25:32.080 --> 00:25:34.900]  因為只是記載了
[00:25:34.900 --> 00:25:36.700]  雅各就是以色列
[00:25:36.700 --> 00:25:38.480]  到埃及的時候
[00:25:38.480 --> 00:25:41.300]  頭三個兒子
[00:25:41.300 --> 00:25:45.140]  劉變、西冕、利微這三個兒子
[00:25:45.140 --> 00:25:47.700]  他的簡單的家譜
[00:25:47.700 --> 00:25:53.340]  所以幾是一個有意加插的
[00:25:53.340 --> 00:25:57.700]  而且不是說完12個兒子的家譜
[00:25:57.700 --> 00:26:03.580]  那就是說既不是《創世紀》49章的那個家譜
[00:26:03.580 --> 00:26:08.440]  更加不是往後《生命記》的那些家譜
[00:26:08.440 --> 00:26:13.560]  《生命記》應該是33章還是34章
[00:26:13.560 --> 00:26:19.200]  摩西、神人摩西的那個祝福等等
[00:26:19.200 --> 00:26:23.040]  或者去到歷代誌很詳盡的那些家譜
[00:26:23.040 --> 00:26:27.660]  所以這個家譜不是要特別記載
[00:26:27.660 --> 00:26:31.220]  一些以色列人的先祖各方面
[00:26:31.220 --> 00:26:34.820]  而是有意識地加入一些神學的元素
[00:26:34.820 --> 00:26:40.440]  來去應該就是要強化摩西
[00:26:40.440 --> 00:26:46.340]  他現在這個神的呼召的身份
[00:26:46.340 --> 00:26:48.380]  所以很特別
[00:26:48.380 --> 00:26:50.680]  我們就要看到這個家譜
[00:26:50.680 --> 00:26:53.240]  其實記載的就是這麼簡單的東西
[00:26:53.240 --> 00:26:55.280]  大兒子這個劉便
[00:26:55.280 --> 00:26:57.080]  第二兒子就是西冕
[00:26:57.080 --> 00:26:59.120]  第三個兒子就是利微
[00:26:59.120 --> 00:27:00.660]  其實三個兒子
[00:27:00.660 --> 00:27:04.500]  其實是亞國最早期時候生的
[00:27:04.500 --> 00:27:07.840]  肯定是尼亞生的 不是拉傑生的
[00:27:07.840 --> 00:27:10.640]  更加不是那兩個妾侍生的
[00:27:10.640 --> 00:27:15.000]  這三個兒子在
[00:27:15.000 --> 00:27:21.060]  春埃及記的摩西的祝福裏面
[00:27:21.060 --> 00:27:23.960]  對不起 應該是創世紀的祝福裏面
[00:27:23.960 --> 00:27:30.620]  三個兒子都是得到爸爸的那個咒助的
[00:27:30.620 --> 00:27:34.200]  和大家揭一揭創世紀這個家譜
[00:27:34.200 --> 00:27:36.760]  亞國臨終的時候
[00:27:36.760 --> 00:27:41.120]  對他幾個兒子的那個祝福
[00:27:41.120 --> 00:27:45.720]  其實是咒助49章
[00:27:45.720 --> 00:27:48.280]  第一節創世紀的第49章
[00:27:48.280 --> 00:27:49.920]  我們只是看這三個兒子
[00:27:49.920 --> 00:27:51.860]  其他我們下面就不看了
[00:27:51.860 --> 00:27:54.940]  亞國叫他的兒子們來說
[00:27:54.940 --> 00:27:56.640]  你們都來聚集
[00:27:56.640 --> 00:28:01.340]  我好把你們日後必遇的事告訴你們
[00:28:01.340 --> 00:28:05.180]  亞國的兒子就聚集來聽了
[00:28:05.180 --> 00:28:09.540]  要聽爸爸講一些遺囑
[00:28:09.540 --> 00:28:14.920]  講他的一些對自己12個兒子的預言
[00:28:14.920 --> 00:28:17.220]  第三節 留便啦
[00:28:17.220 --> 00:28:19.520]  你是我的長子
[00:28:19.520 --> 00:28:22.600]  是我力量強壯的時候生的
[00:28:22.600 --> 00:28:26.180]  本當大有尊榮 權力超重
[00:28:26.180 --> 00:28:30.540]  但你放縱情慾 滾忽如水
[00:28:30.540 --> 00:28:32.580]  必不得居守衛
[00:28:32.580 --> 00:28:35.660]  因為你上了你父親的床
[00:28:35.660 --> 00:28:37.440]  污穢了我的塔
[00:28:37.440 --> 00:28:41.280]  跟他的爸爸的妾侍
[00:28:41.280 --> 00:28:44.600]  第三還是第四個太太
[00:28:44.600 --> 00:28:46.400]  來行人
[00:28:46.400 --> 00:28:47.940]  這個就是留便
[00:28:47.940 --> 00:28:52.800]  爸爸對他所做的一個咒助
[00:28:52.800 --> 00:28:56.640]  所以留便是招致爸爸的咒助
[00:28:56.640 --> 00:28:59.200]  第二個兒子西勉
[00:28:59.200 --> 00:29:00.480]  他們兩兄弟
[00:29:00.480 --> 00:29:02.020]  大家如果有印象
[00:29:02.020 --> 00:29:07.400]  在創世紀的應該是第28章還是27章
[00:29:07.400 --> 00:29:14.820]  西勉和利微因為當時有士劍的族
[00:29:14.820 --> 00:29:20.200]  士劍的王子很喜歡雅各的拉女
[00:29:20.200 --> 00:29:26.860]  很想娶他的妹妹
[00:29:26.860 --> 00:29:30.440]  他們說沒問題
[00:29:30.440 --> 00:29:34.020]  你要娶我們的女子
[00:29:34.020 --> 00:29:37.860]  你要跟我們 要行國禮
[00:29:37.860 --> 00:29:45.800]  西勉和利微叫士劍的人全部要行國禮
[00:29:45.800 --> 00:29:49.640]  人家當然不肯 行國禮怎知你有何企圖
[00:29:49.640 --> 00:29:57.060]  但因為士劍的王子很喜歡雅各的女
[00:29:57.060 --> 00:30:00.140]  所以他巴不得立即行國禮
[00:30:00.140 --> 00:30:07.820]  跟著跟爸爸講叫爸爸下令所有士劍的男丁都要行國禮
[00:30:07.820 --> 00:30:11.140]  所以當時行完國禮之後
[00:30:11.140 --> 00:30:13.960]  需要休息因為有傷口
[00:30:13.960 --> 00:30:15.760]  不可以打仗等等
[00:30:15.760 --> 00:30:17.300]  在這個時候
[00:30:17.300 --> 00:30:24.980]  西勉和利微就趁機去殺了士劍裏面的壯丁
[00:30:24.980 --> 00:30:26.760]  第五節
[00:30:26.760 --> 00:30:29.580]  西勉和利微是弟兄
[00:30:29.580 --> 00:30:32.660]  他們的刀劍是殘忍的器具
[00:30:32.660 --> 00:30:39.060]  不單止是刀劍是他們惡毒的心 計謀
[00:30:39.060 --> 00:30:43.140]  其實以打仗來說是頗有智慧的
[00:30:43.140 --> 00:30:46.740]  趁你病就取你命
[00:30:46.740 --> 00:30:48.020]  第六節
[00:30:48.020 --> 00:30:51.340]  我的靈不要與他們同謀
[00:30:51.340 --> 00:30:54.160]  我的心不要與他們聯絡
[00:30:54.160 --> 00:30:57.480]  因為他們趁勞殺害人命
[00:30:57.480 --> 00:31:00.040]  任意砍斷牛腿大根
[00:31:00.040 --> 00:31:03.120]  他們的怒氣暴烈可咒
[00:31:03.120 --> 00:31:08.480]  他們的憤恨殘忍可咒
[00:31:08.480 --> 00:31:11.820]  我要使他們分居在雅閣家裏
[00:31:11.820 --> 00:31:15.140]  散住在以色列地中
[00:31:15.140 --> 00:31:17.700]  你可以想像到原來
[00:31:17.700 --> 00:31:20.260]  爸爸臨死之前
[00:31:20.260 --> 00:31:23.080]  對這三個兒子都是咒咒
[00:31:23.080 --> 00:31:28.200]  西勉利微 流變是個人自己的敗壞
[00:31:28.200 --> 00:31:29.980]  西勉和利微
[00:31:29.980 --> 00:31:32.540]  表面是幫自己的族人
[00:31:32.540 --> 00:31:34.840]  因為他們上加南
[00:31:34.840 --> 00:31:38.440]  但招致的是當地人對他們的攻擊
[00:31:38.440 --> 00:31:43.300]  現在能夠用婚姻來結盟
[00:31:43.300 --> 00:31:46.620]  但西勉和利微都是非常詭詐
[00:31:46.620 --> 00:31:49.960]  趁機會殺害別人
[00:31:49.960 --> 00:31:52.520]  是一個出師不易
[00:31:52.520 --> 00:31:56.360]  所以雅閣也招致一個污名
[00:31:56.360 --> 00:31:59.940]  用這麼下流的手段
[00:31:59.940 --> 00:32:01.740]  去奪取人的性命
[00:32:01.740 --> 00:32:04.800]  所以雅閣也記在帳上
[00:32:04.800 --> 00:32:08.140]  以神的眼光 以一個家長
[00:32:08.140 --> 00:32:11.200]  以一個悔改進入加南
[00:32:11.200 --> 00:32:16.060]  神改了他的名叫以色列的這位家主
[00:32:16.060 --> 00:32:17.860]  以家主的身份
[00:32:17.860 --> 00:32:19.900]  對自己的兒女
[00:32:19.900 --> 00:32:24.760]  將來的結局 來作一個這樣的祝福
[00:32:24.760 --> 00:32:26.300]  其實是咒咒來的
[00:32:26.300 --> 00:32:29.120]  所以他們是招致爸爸的咒咒
[00:32:29.120 --> 00:32:30.640]  那個咒咒就是
[00:32:30.640 --> 00:32:34.740]  他們要分散在以色列當中
[00:32:34.740 --> 00:32:35.760]  所以很特別的
[00:32:35.760 --> 00:32:37.560]  本來是一個咒咒來的
[00:32:37.560 --> 00:32:39.360]  但是經過了
[00:32:39.360 --> 00:32:42.160]  一個很長時間 去到生命紀
[00:32:42.160 --> 00:32:44.980]  神人摩西臨終之前
[00:32:44.980 --> 00:32:48.820]  就為利微來祝福
[00:32:48.820 --> 00:32:53.420]  他本來是暴虐可咒
[00:32:53.420 --> 00:32:57.020]  他發怒來殺害別人
[00:32:57.020 --> 00:33:00.600]  現在神使得這個咒咒
[00:33:00.600 --> 00:33:03.920]  摩西有神的感動
[00:33:03.920 --> 00:33:06.220]  使得這個咒咒變成一個祝福
[00:33:06.220 --> 00:33:08.780]  就是後來利微人
[00:33:08.780 --> 00:33:11.600]  有一個很尊貴的身份
[00:33:11.600 --> 00:33:15.440]  散住在以色列的境內
[00:33:15.440 --> 00:33:18.260]  可以有一個很獨特的身份
[00:33:18.260 --> 00:33:20.300]  就是祭司的身份
[00:33:20.300 --> 00:33:23.900]  所以當神要興起祭司的祭道
[00:33:23.900 --> 00:33:27.480]  利微支派就能夠承接了
[00:33:27.480 --> 00:33:29.520]  本來他們是分散的
[00:33:29.520 --> 00:33:31.820]  神使得這個本來是咒咒
[00:33:31.820 --> 00:33:33.620]  轉變成為祝福
[00:33:33.620 --> 00:33:35.920]  他們就是分散在整個以色列
[00:33:35.920 --> 00:33:39.260]  是每一個支派都要服侍
[00:33:39.260 --> 00:33:41.300]  都要供養
[00:33:41.300 --> 00:33:43.340]  都要來尊重的
[00:33:43.340 --> 00:33:44.620]  因為利微人
[00:33:44.620 --> 00:33:46.940]  就是散居在以色列
[00:33:46.940 --> 00:33:50.780]  來教導摩西五經的律法書
[00:33:50.780 --> 00:33:54.100]  所以本來是咒咒變成祝福
[00:33:54.100 --> 00:33:56.920]  但是這裡是一段很長的歷史
[00:33:56.920 --> 00:33:58.460]  但是原先
[00:33:58.460 --> 00:34:00.000]  西面和利微
[00:34:00.000 --> 00:34:02.040]  是一路受咒咒的
[00:34:02.040 --> 00:34:04.600]  果然西面支派
[00:34:04.600 --> 00:34:05.880]  去到尾
[00:34:05.880 --> 00:34:07.680]  十二支派裏面
[00:34:07.680 --> 00:34:10.500]  他們是十二支派裏面
[00:34:10.500 --> 00:34:12.800]  在瘟疫之後
[00:34:12.800 --> 00:34:17.920]  再一次數點文數大幅度的減少
[00:34:17.920 --> 00:34:21.240]  所以是一個相當大的咒咒
[00:34:21.240 --> 00:34:22.780]  不能再改變
[00:34:22.780 --> 00:34:28.160]  西面支派是受很大的傷害虧損
[00:34:28.160 --> 00:34:30.460]  所以這個都是
[00:34:30.460 --> 00:34:32.520]  要我們大家來思想
[00:34:32.520 --> 00:34:34.820]  所以回來看這裡的時候
[00:34:34.820 --> 00:34:38.140]  來到摩西這個段落
[00:34:38.140 --> 00:34:41.480]  這樣來強化利微支派
[00:34:41.480 --> 00:34:43.280]  你就可以想像得到
[00:34:43.280 --> 00:34:46.100]  神的恩典和祝福
[00:34:46.100 --> 00:34:49.160]  真的超過了人本身所做
[00:34:49.160 --> 00:34:50.700]  因為雅各
[00:34:50.700 --> 00:34:51.980]  未落埃及
[00:34:51.980 --> 00:34:53.260]  落了埃及了
[00:34:53.260 --> 00:34:56.840]  這樣來咒咒自己的兒子
[00:34:56.840 --> 00:34:59.140]  利微是有份的
[00:34:59.140 --> 00:35:01.200]  就是說本來
[00:35:01.200 --> 00:35:03.240]  真的不能夠
[00:35:03.240 --> 00:35:04.780]  被神紀念的
[00:35:04.780 --> 00:35:05.540]  但是
[00:35:05.540 --> 00:35:08.880]  神都可以使到這個轉變
[00:35:08.880 --> 00:35:11.440]  咒咒變成為祝福
[00:35:11.440 --> 00:35:13.740]  那你就想到
[00:35:13.740 --> 00:35:16.560]  所以這個家譜六章這個家譜
[00:35:16.560 --> 00:35:18.360]  就憤外顯出
[00:35:18.360 --> 00:35:19.380]  一個突出
[00:35:19.380 --> 00:35:21.680]  就是為什麼這麼快就
[00:35:21.680 --> 00:35:22.700]  預告
[00:35:22.700 --> 00:35:24.500]  利微支派
[00:35:24.500 --> 00:35:26.280]  和利微的後人
[00:35:26.280 --> 00:35:28.340]  是會是祭司的家族
[00:35:28.340 --> 00:35:30.640]  是會是蒙神的祝福
[00:35:30.640 --> 00:35:33.720]  的一個獨特的支派
[00:35:33.720 --> 00:35:36.020]  你見到裏面即是樓面
[00:35:36.020 --> 00:35:37.800]  即是新的翻譯本
[00:35:37.800 --> 00:35:40.120]  西面利微
[00:35:40.120 --> 00:35:44.480]  接著就是講到利微的那些兒孫
[00:35:44.480 --> 00:35:45.500]  甲順
[00:35:45.500 --> 00:35:46.780]  戈核
[00:35:46.780 --> 00:35:49.080]  米拉尼
[00:35:49.080 --> 00:35:52.400]  接著家譜就已經
[00:35:52.400 --> 00:35:56.500]  不再講甲順和米拉尼
[00:35:56.500 --> 00:35:58.300]  就開始講戈核
[00:35:58.300 --> 00:35:59.840]  利微的兒子
[00:35:59.840 --> 00:36:02.640]  戈核他的兒孫
[00:36:02.640 --> 00:36:05.200]  戈核的兒子就是暗蘭
[00:36:05.200 --> 00:36:06.480]  以斯哈
[00:36:06.480 --> 00:36:07.520]  希伯倫
[00:36:07.520 --> 00:36:09.820]  烏舍四兄弟
[00:36:09.820 --> 00:36:11.360]  接著
[00:36:11.360 --> 00:36:13.400]  再來講
[00:36:13.400 --> 00:36:15.200]  日後祭司的家族
[00:36:15.200 --> 00:36:16.980]  由以色列
[00:36:16.980 --> 00:36:18.260]  就是瓦國
[00:36:18.260 --> 00:36:20.320]  他的兒子就是利微
[00:36:20.320 --> 00:36:21.860]  本來是就座
[00:36:21.860 --> 00:36:23.140]  是要分散的
[00:36:23.140 --> 00:36:25.180]  現在就是成為整個以色列
[00:36:25.180 --> 00:36:28.000]  十二支派裏面的祭司
[00:36:28.000 --> 00:36:29.780]  利微人的家族
[00:36:29.780 --> 00:36:31.320]  就是幫手
[00:36:31.320 --> 00:36:33.120]  在神的回望
[00:36:33.120 --> 00:36:34.900]  和日後的聖殿
[00:36:34.900 --> 00:36:36.960]  來做這些的聖功
[00:36:36.960 --> 00:36:40.280]  所以由一個本來就座得很重要
[00:36:40.280 --> 00:36:42.600]  現在成為一個很大的祝福
[00:36:42.600 --> 00:36:44.120]  就是利微人
[00:36:44.120 --> 00:36:46.680]  所以利微就是接著到
[00:36:46.680 --> 00:36:47.460]  戈核
[00:36:47.460 --> 00:36:49.760]  戈核的兒子就是暗蘭
[00:36:49.760 --> 00:36:53.340]  暗蘭的兒子就是亞倫和摩西
[00:36:53.340 --> 00:36:55.640]  所以一二三四五
[00:36:55.640 --> 00:36:57.700]  去到第五代了
[00:36:57.700 --> 00:37:00.260]  你可以想像得到
[00:37:00.260 --> 00:37:02.560]  神和阿伯拉罕的
[00:37:02.560 --> 00:37:03.840]  那個預告
[00:37:03.840 --> 00:37:05.120]  就是說
[00:37:05.120 --> 00:37:06.920]  到第四代
[00:37:06.920 --> 00:37:10.500]  阿伯拉罕的子民
[00:37:10.500 --> 00:37:11.780]  他的後人
[00:37:11.780 --> 00:37:15.360]  就會回歸回到這個
[00:37:15.360 --> 00:37:18.180]  以色列的迦南地了
[00:37:18.180 --> 00:37:20.480]  所以這個加普
[00:37:20.480 --> 00:37:23.820]  就是這樣這麼認真地探討
[00:37:23.820 --> 00:37:27.400]  這個利微支派的崛起
[00:37:27.400 --> 00:37:30.720]  使就座變成祝福
[00:37:30.720 --> 00:37:33.040]  但這裏就沒有什麼端倪
[00:37:33.040 --> 00:37:37.140]  只是我們見到有一個就座是來自瓦國
[00:37:37.140 --> 00:37:39.700]  對他自己的十二個兒子
[00:37:39.700 --> 00:37:42.000]  那個將來的結局
[00:37:42.000 --> 00:37:45.840]  就是說那個兒子就代表那個支派的命運
[00:37:45.840 --> 00:37:48.660]  所以利微支派呢
[00:37:48.660 --> 00:37:50.700]  將來就蒙神的祝福
[00:37:50.700 --> 00:37:53.000]  能夠成為祭司的家族了
[00:37:53.000 --> 00:37:55.560]  所以這三個
[00:37:55.560 --> 00:37:58.900]  或者說這個加普
[00:37:58.900 --> 00:38:00.940]  這三個兒子
[00:38:00.940 --> 00:38:03.500]  給我們見到的就是
[00:38:03.500 --> 00:38:04.520]  神
[00:38:04.520 --> 00:38:06.060]  要來到去
[00:38:06.060 --> 00:38:07.080]  在
[00:38:07.080 --> 00:38:08.880]  這麼早期
[00:38:08.880 --> 00:38:12.200]  就要預告給
[00:38:12.200 --> 00:38:14.000]  當時的以色列人知道
[00:38:14.000 --> 00:38:15.780]  你可以想像得到就是
[00:38:15.780 --> 00:38:18.860]  現在連出埃及都還沒說得上
[00:38:18.860 --> 00:38:20.400]  十華都還沒有一撇
[00:38:20.400 --> 00:38:23.220]  那個敘事的佈局呢
[00:38:23.220 --> 00:38:25.000]  就已經告訴我們了
[00:38:25.000 --> 00:38:27.560]  那肯定那個受益人呢
[00:38:27.560 --> 00:38:29.620]  肯定就是摩西了
[00:38:29.620 --> 00:38:32.940]  因為重點仍然都想告訴我們
[00:38:32.940 --> 00:38:34.480]  現在是摩西
[00:38:34.480 --> 00:38:37.040]  有一個身份危機
[00:38:37.040 --> 00:38:39.100]  百姓說你都沒料到的
[00:38:39.100 --> 00:38:41.400]  你都不是進去講兩句
[00:38:41.400 --> 00:38:42.420]  我們就可以
[00:38:42.420 --> 00:38:44.460]  很自由的離開埃及
[00:38:44.460 --> 00:38:46.520]  不再需要
[00:38:46.520 --> 00:38:47.800]  做苦工
[00:38:47.800 --> 00:38:50.360]  甚至自由自在
[00:38:50.360 --> 00:38:51.640]  逢凶化吉
[00:38:51.640 --> 00:38:53.680]  去到左右逢源
[00:38:53.680 --> 00:38:57.780]  去到周圍都有經歷不同的恩典神蹟
[00:38:57.780 --> 00:39:00.600]  都不是的我們現在還
[00:39:00.600 --> 00:39:01.880]  多了困難
[00:39:01.880 --> 00:39:05.720]  就是連那些製造磚的那些草
[00:39:05.720 --> 00:39:07.240]  都不給我們
[00:39:07.240 --> 00:39:09.300]  現在要我們百上加根
[00:39:09.300 --> 00:39:11.860]  還說你是這麼大能
[00:39:11.860 --> 00:39:15.700]  的一個勇士帶我們離開埃及嗎
[00:39:15.700 --> 00:39:19.540]  所以真正的在這個家譜裏面
[00:39:19.540 --> 00:39:21.580]  要指點的
[00:39:21.580 --> 00:39:24.140]  重點仍然都是摩西
[00:39:24.140 --> 00:39:26.960]  他那個的身份
[00:39:26.960 --> 00:39:29.020]  一路數的時候
[00:39:29.020 --> 00:39:31.820]  大家其實要回頭
[00:39:31.820 --> 00:39:33.360]  其實真是數到去
[00:39:33.360 --> 00:39:35.920]  瓦國落埃及
[00:39:35.920 --> 00:39:38.220]  真是那個源頭
[00:39:38.220 --> 00:39:42.580]  是這個在加南住的這個
[00:39:42.580 --> 00:39:43.340]  族長
[00:39:43.340 --> 00:39:44.620]  現在
[00:39:44.620 --> 00:39:47.180]  舉家70人落了埃及
[00:39:47.180 --> 00:39:50.000]  而在埃及一路這樣來到繁衍
[00:39:50.000 --> 00:39:51.800]  到現在摩西的時候
[00:39:51.800 --> 00:39:55.900]  接近差不多只是藏丁藍丁都200萬的時候
[00:39:55.900 --> 00:39:58.960]  現在要追本族完要回去
[00:39:58.960 --> 00:40:02.040]  其實都是神的那個英許
[00:40:02.040 --> 00:40:03.580]  在阿伯拉罕
[00:40:03.580 --> 00:40:04.860]  以撒
[00:40:04.860 --> 00:40:06.640]  跟著來到去瓦國
[00:40:06.640 --> 00:40:08.180]  要他們記得
[00:40:08.180 --> 00:40:12.020]  神那個跟阿伯拉罕的納約
[00:40:12.020 --> 00:40:13.300]  那個英許
[00:40:13.300 --> 00:40:15.100]  從來都沒有斷過
[00:40:15.100 --> 00:40:17.660]  因為這麼長的年日
[00:40:17.660 --> 00:40:19.440]  以色列人輾轉
[00:40:19.440 --> 00:40:22.780]  因為埃及換了不同的王之後
[00:40:22.780 --> 00:40:24.560]  有新王興起
[00:40:24.560 --> 00:40:28.400]  就帶來有這樣的這麼大的落差
[00:40:28.400 --> 00:40:32.240]  但是原來在神的那個的英許
[00:40:32.240 --> 00:40:34.800]  神的那個的管治
[00:40:34.800 --> 00:40:36.600]  祂的那個計劃裏面
[00:40:36.600 --> 00:40:38.640]  這個計劃不是
[00:40:38.640 --> 00:40:40.680]  玲瓏浮凸這樣
[00:40:40.680 --> 00:40:42.740]  白紙黑字就寫出來
[00:40:42.740 --> 00:40:46.320]  而是慢慢在這些的子民的當中
[00:40:46.320 --> 00:40:47.860]  一路這樣流傳
[00:40:47.860 --> 00:40:50.160]  一路這樣來到去
[00:40:50.160 --> 00:40:52.980]  又帶著這個盼望這樣來到去
[00:40:52.980 --> 00:40:54.760]  傳遞給下一代
[00:40:54.760 --> 00:40:56.300]  一路這樣等候
[00:40:56.300 --> 00:40:59.120]  但是現在當摩西來到去
[00:40:59.120 --> 00:41:02.440]  真的成為那個正式的代言人的時候
[00:41:02.440 --> 00:41:05.000]  不能夠欠缺的
[00:41:05.000 --> 00:41:08.340]  就是這個身份的確認
[00:41:08.340 --> 00:41:10.640]  所以這個呼召
[00:41:10.640 --> 00:41:11.660]  蒙召
[00:41:11.660 --> 00:41:13.720]  摩西的得救見證
[00:41:13.720 --> 00:41:15.760]  摩西的蒙召見證
[00:41:15.760 --> 00:41:17.040]  是必須具備
[00:41:17.040 --> 00:41:18.320]  就是神
[00:41:18.320 --> 00:41:19.600]  來到去
[00:41:19.600 --> 00:41:23.700]  揀選所以利美之派原來
[00:41:23.700 --> 00:41:25.740]  在神的眼中
[00:41:25.740 --> 00:41:29.080]  是有一個這樣的這麼崇高的計劃
[00:41:29.080 --> 00:41:30.100]  那就是
[00:41:30.100 --> 00:41:31.880]  非常之寶貴了
[00:41:31.880 --> 00:41:34.200]  就是爸爸當年
[00:41:34.200 --> 00:41:35.980]  和兩兄弟
[00:41:35.980 --> 00:41:38.040]  殺了人的事件全家
[00:41:38.040 --> 00:41:40.340]  本來真的是受咒咒
[00:41:40.340 --> 00:41:41.360]  但是現在呢
[00:41:41.360 --> 00:41:44.440]  神已經憐憫這個利美
[00:41:44.440 --> 00:41:47.000]  給他能夠有一個翻身的機會
[00:41:47.000 --> 00:41:49.820]  這個翻身都不是利美做過任何事
[00:41:49.820 --> 00:41:51.100]  什麼都沒有做過事
[00:41:51.100 --> 00:41:51.860]  而是
[00:41:51.860 --> 00:41:53.900]  神的揀選就是
[00:41:53.900 --> 00:41:55.440]  在利美的當中
[00:41:55.440 --> 00:41:57.760]  就是他幾個兒子
[00:41:57.760 --> 00:42:00.060]  其實甲順、戈核、米拉尼
[00:42:00.060 --> 00:42:02.360]  因為那個時候是做會幕
[00:42:02.360 --> 00:42:04.660]  所以他們幾兄弟
[00:42:04.660 --> 00:42:07.220]  都分了會幕不同的部分
[00:42:07.220 --> 00:42:09.020]  當然最重要的部分就是
[00:42:09.020 --> 00:42:10.540]  戈核族的
[00:42:10.540 --> 00:42:12.080]  男丁
[00:42:12.080 --> 00:42:14.900]  利美之派的戈核族
[00:42:14.900 --> 00:42:17.200]  所以三兄弟都是來自利美
[00:42:17.200 --> 00:42:18.740]  都是三兄弟嘛
[00:42:18.740 --> 00:42:19.760]  但是呢
[00:42:19.760 --> 00:42:21.560]  戈核是最核心的
[00:42:21.560 --> 00:42:24.380]  例如台會幕裏面的
[00:42:24.380 --> 00:42:25.900]  致勝所的器具
[00:42:25.900 --> 00:42:28.720]  就是那個的
[00:42:28.720 --> 00:42:29.740]  藥櫃
[00:42:29.740 --> 00:42:31.280]  金燈台
[00:42:31.280 --> 00:42:33.840]  餅桌全部裏面的東西都是
[00:42:33.840 --> 00:42:36.660]  由戈核他們的子孫去做的
[00:42:36.660 --> 00:42:37.680]  所以
[00:42:37.680 --> 00:42:38.960]  你會看到
[00:42:38.960 --> 00:42:42.040]  全部是恩典的揀選
[00:42:42.040 --> 00:42:43.060]  不是
[00:42:43.060 --> 00:42:46.640]  利美特別有一個大的改變
[00:42:46.640 --> 00:42:48.180]  其實根本沒有
[00:42:48.180 --> 00:42:48.940]  但是
[00:42:48.940 --> 00:42:50.480]  神揀選了利美
[00:42:50.480 --> 00:42:53.300]  所以他的兒子戈核
[00:42:53.300 --> 00:42:53.820]  當然
[00:42:53.820 --> 00:42:58.420]  米拉尼和甲順
[00:42:58.420 --> 00:42:59.960]  都有他們的工作
[00:42:59.960 --> 00:43:00.980]  但是真正
[00:43:00.980 --> 00:43:03.280]  那個的真命天子
[00:43:03.280 --> 00:43:05.340]  是來自戈核的兒子
[00:43:05.340 --> 00:43:07.380]  暗蘭的
[00:43:07.380 --> 00:43:08.660]  戈核的孫
[00:43:08.660 --> 00:43:10.460]  暗蘭的兒子就是摩西
[00:43:10.460 --> 00:43:13.280]  所以摩西也是利美人
[00:43:13.280 --> 00:43:16.100]  摩西也是利美派
[00:43:16.100 --> 00:43:17.880]  阿倫就更加
[00:43:17.880 --> 00:43:20.180]  是在那個時代
[00:43:20.180 --> 00:43:24.280]  正正式式的全民族的大祭司
[00:43:24.280 --> 00:43:25.300]  所以
[00:43:25.300 --> 00:43:27.100]  阿倫的子孫
[00:43:27.100 --> 00:43:28.640]  其中他的兒子
[00:43:28.640 --> 00:43:32.220]  有一個很重要的就是這個菲尼哈
[00:43:32.220 --> 00:43:34.260]  因為菲尼哈的原因
[00:43:34.260 --> 00:43:36.580]  整個利美派
[00:43:36.580 --> 00:43:39.900]  整個戈核族
[00:43:39.900 --> 00:43:41.180]  阿倫的後人
[00:43:41.180 --> 00:43:43.480]  就能夠真的成為了
[00:43:43.480 --> 00:43:47.320]  神揀選的祭司的身份
[00:43:47.320 --> 00:43:48.860]  所以這個就是
[00:43:48.860 --> 00:43:51.160]  去到應該是生命記的
[00:43:51.160 --> 00:43:55.260]  32還是34章
[00:43:55.260 --> 00:43:57.560]  那裏有講的了
[00:43:57.560 --> 00:44:00.120]  如果遲些我們有機會可以看一看
[00:44:00.120 --> 00:44:02.680]  你會看到暗蘭
[00:44:02.680 --> 00:44:04.740]  以斯哈希伯倫烏洩
[00:44:04.740 --> 00:44:06.020]  然後
[00:44:06.020 --> 00:44:08.060]  在暗蘭之後
[00:44:08.060 --> 00:44:10.880]  就繼續講的就是記載阿倫
[00:44:10.880 --> 00:44:13.940]  所以作者是很想
[00:44:13.940 --> 00:44:14.960]  盡快
[00:44:14.960 --> 00:44:16.500]  在這個敘事裏面
[00:44:16.500 --> 00:44:18.300]  來告訴我們
[00:44:18.300 --> 00:44:20.080]  利美的後人
[00:44:20.080 --> 00:44:24.180]  是在這個
[00:44:24.180 --> 00:44:26.240]  出埃及的事件
[00:44:26.240 --> 00:44:29.560]  出埃及的這個過程裏面
[00:44:29.560 --> 00:44:33.140]  是扮演著非常之大的角色
[00:44:33.140 --> 00:44:35.200]  其中
[00:44:35.200 --> 00:44:36.220]  這個摩西
[00:44:36.220 --> 00:44:38.780]  未有這個家譜記載之前
[00:44:38.780 --> 00:44:41.080]  神已經在曠野
[00:44:41.080 --> 00:44:42.120]  找到他
[00:44:42.120 --> 00:44:43.900]  但原來這個摩西
[00:44:43.900 --> 00:44:47.220]  不是突然間空降下來
[00:44:47.220 --> 00:44:49.540]  回來埃及的
[00:44:49.540 --> 00:44:51.840]  原來他是誰呢
[00:44:51.840 --> 00:44:53.640]  當然他是埃及王子
[00:44:53.640 --> 00:44:56.960]  但原來他是利美的
[00:44:56.960 --> 00:44:57.980]  後人
[00:44:57.980 --> 00:44:59.520]  是這個
[00:44:59.520 --> 00:45:02.080]  戈核的孫
[00:45:02.080 --> 00:45:04.380]  利美的曾孫
[00:45:04.380 --> 00:45:06.680]  暗蘭的兒子
[00:45:06.680 --> 00:45:07.960]  就是這個
[00:45:07.960 --> 00:45:08.740]  阿倫
[00:45:08.740 --> 00:45:10.020]  和摩西
[00:45:10.020 --> 00:45:12.060]  所以你就會看到
[00:45:12.060 --> 00:45:16.160]  這裏告訴我們有多重要的一個信息
[00:45:16.160 --> 00:45:18.720]  當然就是大祭司阿倫
[00:45:18.720 --> 00:45:22.040]  去到第十章的文述記
[00:45:22.040 --> 00:45:24.100]  就有這些事件
[00:45:24.100 --> 00:45:25.120]  拿達
[00:45:25.120 --> 00:45:26.140]  阿比胡
[00:45:26.140 --> 00:45:28.700]  就是阿倫的兩個大兒子
[00:45:28.700 --> 00:45:30.740]  相繼
[00:45:30.740 --> 00:45:31.780]  同一日
[00:45:31.780 --> 00:45:33.560]  其實應該是同一時間
[00:45:33.560 --> 00:45:35.600]  就有天火焚成
[00:45:35.600 --> 00:45:40.480]  燒死拿達和阿比胡
[00:45:40.480 --> 00:45:41.500]  後來
[00:45:41.500 --> 00:45:43.040]  以利亞薩
[00:45:43.040 --> 00:45:45.080]  就接續
[00:45:45.080 --> 00:45:46.360]  阿倫
[00:45:46.360 --> 00:45:49.180]  做那個時候的大祭司
[00:45:49.180 --> 00:45:53.020]  這些都是文述記會告訴我們的經文
[00:45:53.020 --> 00:45:56.080]  現在就已經這麼快告訴我們
[00:45:56.080 --> 00:45:58.640]  這四個兒子
[00:45:58.640 --> 00:46:00.700]  阿倫的四個兒子
[00:46:00.700 --> 00:46:04.280]  當然四個兒子之後還有這個菲尼哈
[00:46:04.280 --> 00:46:07.360]  就是阿倫的孫
[00:46:07.360 --> 00:46:11.960]  也是力挽狂瀾的一個祭司
[00:46:11.960 --> 00:46:14.780]  可以這麼說
[00:46:14.780 --> 00:46:16.320]  浮現的
[00:46:16.320 --> 00:46:18.620]  重要就是
[00:46:18.620 --> 00:46:21.940]  這個加普明顯的指向就是摩西
[00:46:21.940 --> 00:46:24.760]  和他哥哥的父輩
[00:46:24.760 --> 00:46:27.840]  就是神揀選的利美
[00:46:27.840 --> 00:46:30.900]  不是一個空降的救星
[00:46:30.900 --> 00:46:35.000]  而是神納約的子民的其中一個分子
[00:46:35.000 --> 00:46:38.340]  所以這裏呼應的
[00:46:38.340 --> 00:46:40.120]  有引述的經文
[00:46:40.120 --> 00:46:41.920]  生命記十八章
[00:46:41.920 --> 00:46:43.960]  在新約
[00:46:43.960 --> 00:46:49.860]  都一而再地引述這一段
[00:46:49.860 --> 00:46:53.940]  生命記十八章
[00:46:53.940 --> 00:46:58.040]  《小航船》應該就是保羅引述這段經文
[00:46:58.040 --> 00:47:00.080]  還是《斯提法》呢?我們先看一下
[00:47:00.080 --> 00:47:02.380]  十八章
[00:47:02.380 --> 00:47:08.540]  第十五節
[00:47:08.540 --> 00:47:11.100]  第十四節或者
[00:47:11.100 --> 00:47:13.660]  生命記的十八章
[00:47:13.660 --> 00:47:17.500]  因你所要講出的那些國民
[00:47:17.500 --> 00:47:21.080]  都聽順觀韶和占卜
[00:47:21.080 --> 00:47:26.200]  即是那些迷信、占星等等
[00:47:26.200 --> 00:47:30.040]  其實都是敬拜那些假神偶像
[00:47:30.040 --> 00:47:31.320]  至於你
[00:47:31.320 --> 00:47:33.360]  你就是以色列這個民族
[00:47:33.360 --> 00:47:37.460]  耶和華你的神從來不許你這樣行
[00:47:37.460 --> 00:47:40.800]  第十五節留意這些經文在新約
[00:47:40.800 --> 00:47:43.360]  很重要的引述
[00:47:43.360 --> 00:47:46.420]  耶和華你的神要從你弟兄中間
[00:47:46.420 --> 00:47:48.980]  給你興起一位先知將我
[00:47:48.980 --> 00:47:52.060]  你們要聽從他
[00:47:52.060 --> 00:47:55.380]  摩西港的遺言
[00:47:55.380 --> 00:47:56.400]  生命記
[00:47:56.400 --> 00:47:59.220]  就告訴他們的子孫聽
[00:47:59.220 --> 00:48:02.540]  你們將來進到迦南之後
[00:48:02.540 --> 00:48:06.640]  不要聽信那些妖言惑眾的
[00:48:06.640 --> 00:48:08.440]  哪裡有靈驗
[00:48:08.440 --> 00:48:12.780]  哪裡特別有一些奇蹟
[00:48:12.780 --> 00:48:14.060]  就不要信這些
[00:48:14.060 --> 00:48:19.180]  不要那個心去信一些不拉肩的東西
[00:48:19.180 --> 00:48:22.000]  反過來
[00:48:22.000 --> 00:48:23.280]  摩西就說
[00:48:23.280 --> 00:48:25.580]  將來神會興起先知
[00:48:25.580 --> 00:48:27.360]  好像我一樣
[00:48:27.360 --> 00:48:28.640]  是要怎樣呢
[00:48:28.640 --> 00:48:32.480]  在你們弟兄中間興起先知
[00:48:32.480 --> 00:48:35.040]  所以這個都是很重要的
[00:48:35.040 --> 00:48:38.380]  我想我們真的要在一個群體
[00:48:38.380 --> 00:48:41.440]  得到那個孕育
[00:48:41.440 --> 00:48:44.000]  即是所謂那個奶汁
[00:48:44.000 --> 00:48:46.320]  我們信主初信
[00:48:46.320 --> 00:48:47.840]  一路成長
[00:48:47.840 --> 00:48:50.660]  一路在侍奉裏面參與
[00:48:50.660 --> 00:48:53.740]  由做一些樹木工作搬搬抬抬
[00:48:53.740 --> 00:48:56.540]  慢慢又做一些比較重要的
[00:48:56.540 --> 00:48:59.100]  有領導性的工作
[00:48:59.100 --> 00:49:02.440]  慢慢得到各方面的認同
[00:49:02.440 --> 00:49:04.220]  各方面的信任
[00:49:04.220 --> 00:49:05.500]  這樣來到去
[00:49:05.500 --> 00:49:07.040]  在一個群體裏面
[00:49:07.040 --> 00:49:09.860]  來到去一起學習侍奉
[00:49:09.860 --> 00:49:11.140]  這樣的
[00:49:11.140 --> 00:49:15.500]  認受 其實都是聖經一脈相承的
[00:49:15.500 --> 00:49:21.640]  領袖的選拔
[00:49:21.640 --> 00:49:26.240]  或者說領袖的出現
[00:49:26.240 --> 00:49:29.580]  因為很少是一個特別的空降的
[00:49:29.580 --> 00:49:32.140]  但是當然一定有例外
[00:49:32.140 --> 00:49:35.980]  但是我們看到就是
[00:49:35.980 --> 00:49:38.020]  在這樣的環境底下
[00:49:38.020 --> 00:49:40.840]  能夠建立這一種的信任
[00:49:40.840 --> 00:49:43.400]  以及更加知道那個群體
[00:49:43.400 --> 00:49:46.460]  出現了甚麼的危機 甚麼的問題
[00:49:46.460 --> 00:49:48.780]  甚麼的結構性的問題
[00:49:48.780 --> 00:49:52.360]  而能夠可以在那個信任底下
[00:49:52.360 --> 00:49:54.920]  來到去慢慢的去更新
[00:49:54.920 --> 00:49:57.480]  依靠神來到去改變
[00:49:57.480 --> 00:50:01.320]  這個都某程度是神都用的
[00:50:01.320 --> 00:50:03.360]  幾重要的方式
[00:50:03.360 --> 00:50:06.180]  如果不是就有時會
[00:50:06.180 --> 00:50:09.260]  那個建立的互信
[00:50:09.260 --> 00:50:10.780]  未必夠時間
[00:50:10.780 --> 00:50:12.060]  這裏告訴我們
[00:50:12.060 --> 00:50:14.620]  在你們弟兄中間
[00:50:14.620 --> 00:50:17.180]  即是說你不需要去
[00:50:17.180 --> 00:50:19.740]  來到去好高騖遠
[00:50:19.740 --> 00:50:22.300]  去哪裏去找一些奇人異事
[00:50:22.300 --> 00:50:27.420]  而是其實神一直在自己的群體當中有工作
[00:50:27.420 --> 00:50:29.980]  有感動 有呼召
[00:50:29.980 --> 00:50:35.100]  使到這個群體一直都有神的說話
[00:50:35.100 --> 00:50:37.400]  嚴格來說就有神的默示
[00:50:37.400 --> 00:50:40.220]  有神的言語
[00:50:40.220 --> 00:50:43.540]  來到去知道應該我們怎樣做
[00:50:43.540 --> 00:50:44.820]  應該怎樣走
[00:50:44.820 --> 00:50:47.140]  這個是很重要
[00:50:47.140 --> 00:50:49.180]  但是一般人就希望有
[00:50:49.180 --> 00:50:51.220]  超自然的明星
[00:50:51.220 --> 00:50:54.300]  有超自然的能力的人
[00:50:54.300 --> 00:50:56.100]  這樣來到去改變
[00:50:56.100 --> 00:50:57.620]  未必喜歡
[00:50:57.620 --> 00:50:59.420]  一些在我們中間
[00:50:59.420 --> 00:51:01.460]  我們看著他成長的人
[00:51:01.460 --> 00:51:03.520]  可以來到去帶領我們
[00:51:03.520 --> 00:51:05.060]  但是你們看到
[00:51:05.060 --> 00:51:09.140]  神往往就是用自己人
[00:51:09.140 --> 00:51:12.720]  在群體裏面自己來到去成長的
[00:51:12.720 --> 00:51:14.520]  摩西就是其中一份子
[00:51:14.520 --> 00:51:17.600]  雖然摩西有40年的時間
[00:51:17.600 --> 00:51:19.900]  他要漂泊在曠野
[00:51:19.900 --> 00:51:23.740]  做一個不能夠做事的人
[00:51:23.740 --> 00:51:25.780]  就是一個牧羊的人
[00:51:25.780 --> 00:51:28.340]  但是原來那40年的真空
[00:51:28.340 --> 00:51:31.420]  在神永恆的角度裏面
[00:51:31.420 --> 00:51:33.200]  其實都是一個訓練
[00:51:33.200 --> 00:51:34.740]  這樣不是阿Q
[00:51:34.740 --> 00:51:39.340]  而是原來人的失敗都是神用的一個方法
[00:51:39.340 --> 00:51:42.160]  使到摩西80歲的時候
[00:51:42.160 --> 00:51:44.720]  就真的能夠獨當一面
[00:51:44.720 --> 00:51:49.080]  真的能夠在他過去的一個空白空昌期
[00:51:49.080 --> 00:51:53.180]  原來神是成為他的力量
[00:51:53.180 --> 00:51:57.260]  神來到去使到他的那種自卑
[00:51:57.260 --> 00:51:59.820]  可以轉化成為力量
[00:51:59.820 --> 00:52:02.640]  所以一般都不是空降
[00:52:02.640 --> 00:52:05.980]  這個加普就是說摩西不是空降
[00:52:05.980 --> 00:52:08.280]  雖然他現在突然間出現
[00:52:08.280 --> 00:52:11.600]  好像一個閃亮的神星這樣
[00:52:11.600 --> 00:52:13.640]  但是原來他的根
[00:52:13.640 --> 00:52:15.700]  他的加普
[00:52:15.700 --> 00:52:17.740]  是太公利美
[00:52:17.740 --> 00:52:19.020]  阿爺
[00:52:19.020 --> 00:52:20.040]  哥核
[00:52:20.040 --> 00:52:21.580]  爸爸
[00:52:21.580 --> 00:52:22.360]  暗蘭
[00:52:22.360 --> 00:52:23.880]  這樣來的
[00:52:23.880 --> 00:52:28.760]  而且原來神一早已經揀選利美之派
[00:52:28.760 --> 00:52:31.320]  來到去成為祭司的國度
[00:52:31.320 --> 00:52:33.360]  來到去牧養
[00:52:33.360 --> 00:52:36.440]  自己其他11個支派的
[00:52:36.440 --> 00:52:37.980]  以色列人這樣
[00:52:37.980 --> 00:52:40.280]  所以是何等的尊貴
[00:52:40.280 --> 00:52:42.320]  利美都不知道自己
[00:52:42.320 --> 00:52:45.400]  一次的這樣的毒計
[00:52:45.400 --> 00:52:49.240]  害了自己的整個支派
[00:52:49.240 --> 00:52:50.780]  面對咒詛
[00:52:50.780 --> 00:52:54.100]  但是神可以改變這個咒詛
[00:52:54.100 --> 00:52:56.400]  成為一個莫大的祝福
[00:52:56.400 --> 00:52:58.720]  所以摩西亞倫
[00:52:58.720 --> 00:53:02.820]  能夠真是由加普為證
[00:53:02.820 --> 00:53:05.880]  亞倫的作為就是神揀選
[00:53:05.880 --> 00:53:07.680]  大祭司這個身份
[00:53:07.680 --> 00:53:09.220]  很提前
[00:53:09.220 --> 00:53:11.260]  來到去公佈給我們知道
[00:53:11.260 --> 00:53:13.300]  要我們留意這些人
[00:53:13.300 --> 00:53:14.840]  因為我們未看
[00:53:14.840 --> 00:53:16.900]  這個的
[00:53:16.900 --> 00:53:19.200]  利美記
[00:53:19.200 --> 00:53:20.740]  就職典禮
[00:53:20.740 --> 00:53:24.820]  我們不知道亞倫是被揀選的
[00:53:24.820 --> 00:53:27.640]  因為當時都沒有人知道
[00:53:27.640 --> 00:53:32.500]  利美支派成為這麼獨當一面的祭司的國度
[00:53:32.500 --> 00:53:35.580]  只不過是其中一個支派的名稱
[00:53:35.580 --> 00:53:39.160]  沒有什麼特別的顯赫
[00:53:39.160 --> 00:53:41.200]  甚至乎嚴格來說
[00:53:41.200 --> 00:53:45.040]  他們生孩子是相當少的
[00:53:45.040 --> 00:53:47.860]  因為在文數記
[00:53:47.860 --> 00:53:49.400]  頭兩章
[00:53:49.400 --> 00:53:53.500]  數點利美支派的兒子
[00:53:53.500 --> 00:53:56.820]  是從一個月以外去計算的
[00:53:56.820 --> 00:53:59.120]  其實相當少的
[00:53:59.120 --> 00:54:00.920]  因為如果其他的
[00:54:00.920 --> 00:54:03.220]  其他的支派
[00:54:03.220 --> 00:54:06.300]  由二十歲以外的就相當多人的
[00:54:06.300 --> 00:54:09.620]  你可以想像得到
[00:54:09.620 --> 00:54:13.200]  那個的比較是頗懸殊的
[00:54:13.200 --> 00:54:14.220]  但是
[00:54:14.220 --> 00:54:16.020]  這裡告訴我們知道
[00:54:16.020 --> 00:54:18.840]  摩西是神應許的僕人
[00:54:18.840 --> 00:54:21.140]  也都真是回應第五章
[00:54:21.140 --> 00:54:23.180]  百姓的不信
[00:54:23.180 --> 00:54:24.980]  百姓的埋怨
[00:54:24.980 --> 00:54:28.560]  是站不住腳 因為神會因為
[00:54:28.560 --> 00:54:32.920]  百姓對摩西的表現不稱職
[00:54:32.920 --> 00:54:35.220]  他那個不合格
[00:54:35.220 --> 00:54:39.060]  跟法老爭取不到一些多一點的福利
[00:54:39.060 --> 00:54:41.880]  放下有薪連假都好
[00:54:41.880 --> 00:54:43.920]  多一點的材料
[00:54:43.920 --> 00:54:46.740]  以致我們只做四天工
[00:54:46.740 --> 00:54:48.280]  工作就是
[00:54:48.280 --> 00:54:50.840]  每個禮拜四十小時
[00:54:50.840 --> 00:54:54.160]  不用做到七十幾個小時
[00:54:54.160 --> 00:54:55.700]  不單止沒有爭取到
[00:54:55.700 --> 00:54:58.260]  還要加重了我們的奴役
[00:54:58.260 --> 00:55:01.080]  但是這一切的不信
[00:55:01.080 --> 00:55:05.160]  都在這個家譜面前就站不住腳
[00:55:05.160 --> 00:55:07.220]  因為這個家譜
[00:55:07.220 --> 00:55:09.000]  雖然
[00:55:09.000 --> 00:55:10.280]  好像
[00:55:10.280 --> 00:55:13.100]  自己人說自己的事那樣
[00:55:13.100 --> 00:55:15.400]  自己自我感覺良好
[00:55:15.400 --> 00:55:16.180]  或者
[00:55:16.180 --> 00:55:20.780]  在這裡有一種自圓其說的一個循環論證
[00:55:20.780 --> 00:55:22.320]  但其實就不是
[00:55:22.320 --> 00:55:24.100]  正正就是告訴我們
[00:55:24.100 --> 00:55:25.380]  摩西
[00:55:25.380 --> 00:55:26.920]  在這個家譜裏面
[00:55:26.920 --> 00:55:28.980]  原來他們扮演著的
[00:55:28.980 --> 00:55:30.000]  是神
[00:55:30.000 --> 00:55:32.040]  一路在阿伯拉罕
[00:55:32.040 --> 00:55:33.080]  以撒
[00:55:33.080 --> 00:55:34.100]  瓦國
[00:55:34.100 --> 00:55:35.880]  去到尼美
[00:55:35.880 --> 00:55:38.180]  去到這個哥核
[00:55:38.180 --> 00:55:40.240]  去到這個暗蘭
[00:55:40.240 --> 00:55:42.540]  去到亞倫和摩西
[00:55:42.540 --> 00:55:43.560]  都是
[00:55:43.560 --> 00:55:46.640]  一路神那個呼召的計劃
[00:55:46.640 --> 00:55:49.200]  所以在呼召裏面
[00:55:49.200 --> 00:55:52.020]  不代表一帆風順
[00:55:52.020 --> 00:55:54.060]  加勢顯赫
[00:55:54.060 --> 00:55:56.620]  甚至乎摩西都要落難
[00:55:56.620 --> 00:55:59.440]  自己一個人出埃及
[00:55:59.440 --> 00:56:01.240]  你可以想像得到就是
[00:56:01.240 --> 00:56:02.520]  這個家譜
[00:56:02.520 --> 00:56:03.540]  再一次
[00:56:03.540 --> 00:56:05.840]  給我們看到一個很宏觀的
[00:56:05.840 --> 00:56:07.120]  就是神
[00:56:07.120 --> 00:56:08.920]  對阿伯拉罕
[00:56:08.920 --> 00:56:10.200]  的應許
[00:56:10.200 --> 00:56:12.240]  從來都沒有忘記
[00:56:12.240 --> 00:56:15.320]  所以去到以撒瓦國尼美哥核
[00:56:15.320 --> 00:56:18.380]  暗蘭去到摩西第六代
[00:56:18.380 --> 00:56:19.920]  神的應許
[00:56:19.920 --> 00:56:22.220]  真真實實的兌現
[00:56:22.220 --> 00:56:26.060]  在百姓的當中
[00:56:26.060 --> 00:56:29.640]  所以神藉摩西開始施行的十災
[00:56:29.640 --> 00:56:33.240]  當然這個就是出埃及記的第七章的開始
[00:56:33.240 --> 00:56:35.280]  一路去到第十二章
[00:56:35.280 --> 00:56:37.840]  十二章就是
[00:56:37.840 --> 00:56:39.380]  神要擊殺
[00:56:39.380 --> 00:56:41.940]  我已經印了經文了
[00:56:41.940 --> 00:56:43.720]  因為那耶
[00:56:43.720 --> 00:56:48.340]  我要走遍埃及地這個是十二章滅長子的時候
[00:56:48.340 --> 00:56:51.660]  把埃及一切投生的
[00:56:51.660 --> 00:56:53.200]  無論是人
[00:56:53.200 --> 00:56:54.220]  是牲畜
[00:56:54.220 --> 00:56:55.500]  都要擊殺
[00:56:55.500 --> 00:56:58.320]  我要對埃及所有的神明
[00:56:58.320 --> 00:56:59.600]  施行審判
[00:56:59.600 --> 00:57:01.140]  我是耶和華
[00:57:01.140 --> 00:57:02.680]  一切的神明
[00:57:02.680 --> 00:57:03.700]  那就是說
[00:57:03.700 --> 00:57:06.260]  極多的解經家認為
[00:57:06.260 --> 00:57:07.800]  這十個災
[00:57:07.800 --> 00:57:09.080]  哪十個呢
[00:57:09.080 --> 00:57:10.360]  青蛙
[00:57:10.360 --> 00:57:12.140]  蛙蝨
[00:57:12.140 --> 00:57:12.920]  這裡有了
[00:57:12.920 --> 00:57:14.960]  水滅血第一個
[00:57:14.960 --> 00:57:16.760]  最後就是滅長子
[00:57:16.760 --> 00:57:19.060]  所以之後的八個
[00:57:19.060 --> 00:57:21.120]  可以分做幾個循環的
[00:57:21.120 --> 00:57:22.400]  蛙
[00:57:22.400 --> 00:57:23.680]  蛙就是青蛙
[00:57:23.680 --> 00:57:24.960]  跳蝨
[00:57:24.960 --> 00:57:26.480]  蒼蠅
[00:57:26.480 --> 00:57:28.540]  那個就是
[00:57:28.540 --> 00:57:31.100]  那些瘟疫
[00:57:31.100 --> 00:57:32.640]  接著有毒蒼
[00:57:32.640 --> 00:57:33.920]  有冰雹
[00:57:33.920 --> 00:57:35.960]  有蝗蟲 黑暗
[00:57:35.960 --> 00:57:39.800]  所以我自己小時候初信的時候背就很容易背了
[00:57:39.800 --> 00:57:41.840]  蛙蝨凝蓄
[00:57:41.840 --> 00:57:43.640]  蒼薄黃黑
[00:57:43.640 --> 00:57:44.920]  那就是八個
[00:57:44.920 --> 00:57:48.260]  加上頭尾水滅血和滅長子
[00:57:48.260 --> 00:57:49.540]  那就十災
[00:57:49.540 --> 00:57:51.060]  很工整很容易
[00:57:51.060 --> 00:57:53.380]  就背這些口訣
[00:57:53.380 --> 00:57:54.140]  但是呢
[00:57:54.140 --> 00:57:56.180]  解經家告訴我們
[00:57:56.180 --> 00:57:59.780]  可能可以分開幾個類別的
[00:57:59.780 --> 00:58:01.060]  第一個循環
[00:58:01.060 --> 00:58:03.360]  首先是輕微的
[00:58:03.360 --> 00:58:07.460]  對人畜沒有致命的威脅
[00:58:07.460 --> 00:58:10.020]  是令到你日常生活
[00:58:10.020 --> 00:58:11.540]  是受到干擾
[00:58:11.540 --> 00:58:13.600]  是令到你很厭煩而已
[00:58:13.600 --> 00:58:15.900]  例如那些青蛙到處跳
[00:58:15.900 --> 00:58:17.700]  他又不會跳進你的口
[00:58:17.700 --> 00:58:18.720]  他又不會有毒
[00:58:18.720 --> 00:58:21.280]  他又不會令到你
[00:58:21.280 --> 00:58:24.360]  有危險
[00:58:24.360 --> 00:58:26.400]  這些告訴我們
[00:58:26.400 --> 00:58:27.940]  第一個循環
[00:58:27.940 --> 00:58:30.740]  我們除了那個
[00:58:30.740 --> 00:58:35.360]  因為摩西都要首先就是要將他的身份
[00:58:35.360 --> 00:58:37.140]  印證給法老看
[00:58:37.140 --> 00:58:38.940]  就是他那支杖
[00:58:38.940 --> 00:58:41.760]  一扔到地上就變蛇
[00:58:41.760 --> 00:58:43.540]  接著收回來之後
[00:58:43.540 --> 00:58:45.080]  一抓住他的尾巴
[00:58:45.080 --> 00:58:47.640]  就立即變回一支杖
[00:58:47.640 --> 00:58:48.660]  接著
[00:58:48.660 --> 00:58:50.200]  神就叫他
[00:58:50.200 --> 00:58:52.000]  將尼羅河的水
[00:58:52.000 --> 00:58:55.060]  倒在乾地上
[00:58:55.060 --> 00:58:56.340]  一倒那些水
[00:58:56.340 --> 00:58:59.680]  就立即變成鮮紅的血
[00:58:59.680 --> 00:59:01.460]  那就相當困擾
[00:59:01.460 --> 00:59:04.020]  但是你不會喝那些血
[00:59:04.020 --> 00:59:09.660]  所以法老就叫他的神文去挖井
[00:59:09.660 --> 00:59:11.460]  我喝不到河水
[00:59:11.460 --> 00:59:13.240]  不要緊 我們就挖井
[00:59:13.240 --> 00:59:17.340]  意味著挖井就可以逃避
[00:59:17.340 --> 00:59:20.920]  那些尼羅河的河水
[00:59:20.920 --> 00:59:21.960]  變成血
[00:59:21.960 --> 00:59:23.740]  這個麻煩
[00:59:23.740 --> 00:59:25.800]  都是一個致命
[00:59:25.800 --> 00:59:28.600]  所以有人說第一個循環
[00:59:28.600 --> 00:59:31.420]  就是令到你好像那個
[00:59:31.420 --> 00:59:32.440]  不方便
[00:59:32.440 --> 00:59:34.760]  干擾你的日常生活
[00:59:34.760 --> 00:59:37.060]  甚至令到你感覺很厭惡
[00:59:37.060 --> 00:59:40.380]  但是就不會傷及你的性命
[00:59:40.380 --> 00:59:41.660]  不過要留意
[00:59:41.660 --> 00:59:43.200]  頭三個
[00:59:43.200 --> 00:59:44.740]  蛙塞
[00:59:44.740 --> 00:59:48.580]  和這個象變蛇
[00:59:48.580 --> 00:59:52.920]  埃及的術士
[00:59:52.920 --> 00:59:55.480]  都能夠照辦煮碗
[00:59:55.480 --> 00:59:58.040]  你可以做 我都會做
[00:59:58.040 --> 00:59:59.580]  我們都做到
[00:59:59.580 --> 01:00:02.660]  所以如果那些術士都做到的時候
[01:00:02.660 --> 01:00:04.960]  法老就不會再怕
[01:00:04.960 --> 01:00:06.500]  摩西
[01:00:06.500 --> 01:00:08.800]  你所謂的神蹟
[01:00:08.800 --> 01:00:10.600]  你所謂的神蹟
[01:00:10.600 --> 01:00:12.120]  在我的眼中
[01:00:12.120 --> 01:00:13.400]  我的下人
[01:00:13.400 --> 01:00:14.680]  我的術士
[01:00:14.680 --> 01:00:16.740]  是聽我的指揮
[01:00:16.740 --> 01:00:19.560]  是出我的糧的術士
[01:00:19.560 --> 01:00:21.860]  他們都能夠照做呢
[01:00:21.860 --> 01:00:23.640]  我為什麼要怕你摩西
[01:00:23.640 --> 01:00:25.440]  你令到我們不方便
[01:00:25.440 --> 01:00:27.740]  我們發現原來
[01:00:27.740 --> 01:00:29.540]  我一樣可以做到的
[01:00:29.540 --> 01:00:31.580]  好像伊朗要封鎖
[01:00:31.580 --> 01:00:33.120]  這個霍爾木茲海峽
[01:00:33.120 --> 01:00:35.160]  美國說我都可以封鎖
[01:00:35.160 --> 01:00:39.260]  我都不准你的石油的運油船進出
[01:00:39.260 --> 01:00:40.800]  我制裁你
[01:00:40.800 --> 01:00:43.100]  你更麻煩了
[01:00:43.100 --> 01:00:44.120]  這樣
[01:00:44.120 --> 01:00:46.940]  好像大家都是一種這樣的
[01:00:46.940 --> 01:00:49.240]  你有你的張良計
[01:00:49.240 --> 01:00:51.800]  我都有我的過牆梯這樣的意思
[01:00:51.800 --> 01:00:54.360]  你可以做一些干擾我們的東西
[01:00:54.360 --> 01:00:55.640]  我一樣可以做
[01:00:55.640 --> 01:00:56.920]  來干擾你
[01:00:56.920 --> 01:00:58.720]  所以打平
[01:00:58.720 --> 01:01:00.000]  最終其實
[01:01:00.000 --> 01:01:01.520]  那個重點就是
[01:01:01.520 --> 01:01:02.560]  本來
[01:01:02.560 --> 01:01:05.380]  神是要透過摩西
[01:01:05.380 --> 01:01:06.660]  去懲罰
[01:01:06.660 --> 01:01:07.940]  埃及
[01:01:07.940 --> 01:01:09.480]  那怎麼懲罰呢
[01:01:09.480 --> 01:01:12.280]  就不是直接殺他的人
[01:01:12.280 --> 01:01:14.340]  而是透過這些
[01:01:14.340 --> 01:01:16.120]  可能就是埃及人
[01:01:16.120 --> 01:01:19.960]  賴以信奉的那些假神
[01:01:19.960 --> 01:01:22.020]  例如尼羅河神
[01:01:22.020 --> 01:01:23.040]  肯定是
[01:01:23.040 --> 01:01:25.600]  古代的人看為很重要
[01:01:25.600 --> 01:01:27.400]  譬如拜青蛙
[01:01:27.400 --> 01:01:28.420]  或者他們
[01:01:28.420 --> 01:01:30.460]  真是迷信於
[01:01:30.460 --> 01:01:32.760]  一些毒蛇等等
[01:01:32.760 --> 01:01:33.540]  但是
[01:01:33.540 --> 01:01:35.320]  在這樣的情況底下
[01:01:35.320 --> 01:01:36.340]  摩西
[01:01:36.340 --> 01:01:40.440]  能夠干預這些無論是物質界
[01:01:40.440 --> 01:01:43.260]  或者是這些小昆蟲
[01:01:43.260 --> 01:01:45.040]  或者是尼羅河
[01:01:45.040 --> 01:01:46.840]  其實是給
[01:01:46.840 --> 01:01:47.860]  法老
[01:01:47.860 --> 01:01:51.440]  一個很重要的信息的警示
[01:01:51.440 --> 01:01:53.240]  必須
[01:01:53.240 --> 01:01:54.780]  來去降服
[01:01:54.780 --> 01:01:55.800]  必須
[01:01:55.800 --> 01:01:57.340]  遵照神
[01:01:57.340 --> 01:02:02.200]  來去清楚的講了那個條件
[01:02:02.200 --> 01:02:05.280]  就是釋放以色列人
[01:02:05.280 --> 01:02:06.800]  離開
[01:02:06.800 --> 01:02:08.340]  這個奴隸之家
[01:02:08.340 --> 01:02:11.160]  進到神應許的地方
[01:02:11.160 --> 01:02:12.440]  去敬拜
[01:02:12.440 --> 01:02:14.740]  去有他們自己的祭祀
[01:02:14.740 --> 01:02:16.280]  這樣的目的
[01:02:16.280 --> 01:02:21.140]  所以如果法老都能夠行到這些神蹟呢
[01:02:21.140 --> 01:02:22.680]  那就不會
[01:02:22.680 --> 01:02:23.440]  懼怕
[01:02:23.440 --> 01:02:27.540]  也都不會擺在心裡如果不擺在心裡呢
[01:02:27.540 --> 01:02:31.640]  在整個出埃及的這個十災裏面呢
[01:02:31.640 --> 01:02:33.160]  一而再出現的
[01:02:33.160 --> 01:02:34.440]  就有一句說話
[01:02:34.440 --> 01:02:38.280]  就是法老會心硬
[01:02:38.280 --> 01:02:41.100]  第七章十三節第一次出現了
[01:02:41.100 --> 01:02:42.900]  就是法老的心硬
[01:02:42.900 --> 01:02:44.440]  有時慢慢呢就是
[01:02:44.440 --> 01:02:46.740]  法老根本不當為一回事
[01:02:46.740 --> 01:02:48.280]  因為將變蛇
[01:02:48.280 --> 01:02:50.320]  我的術士都做到
[01:02:50.320 --> 01:02:51.340]  所以
[01:02:51.340 --> 01:02:52.620]  十三節就說
[01:02:52.620 --> 01:02:54.920]  法老心裏面剛硬
[01:02:54.920 --> 01:02:56.960]  不聽摩西和亞倫
[01:02:56.960 --> 01:02:58.760]  正如耶和華所說
[01:02:58.760 --> 01:03:00.800]  正如耶和華所說呢
[01:03:00.800 --> 01:03:02.600]  是一而再出現的
[01:03:02.600 --> 01:03:05.680]  但是法老的心硬呢
[01:03:05.680 --> 01:03:06.700]  就是他
[01:03:06.700 --> 01:03:08.480]  看到那些的
[01:03:08.480 --> 01:03:09.520]  災禍
[01:03:09.520 --> 01:03:11.040]  我可以複製
[01:03:11.040 --> 01:03:12.580]  就是說
[01:03:12.580 --> 01:03:14.880]  不是你摩西
[01:03:14.880 --> 01:03:17.700]  在行一個很緊要的神蹟
[01:03:17.700 --> 01:03:18.720]  而是
[01:03:18.720 --> 01:03:24.360]  我都能夠複製的那我何苦何需要聽你的警告呢
[01:03:24.360 --> 01:03:25.380]  那所以
[01:03:25.380 --> 01:03:26.660]  在將變蛇
[01:03:26.660 --> 01:03:29.220]  在水變血
[01:03:29.220 --> 01:03:31.000]  七章的廿二節
[01:03:31.000 --> 01:03:32.800]  埃及的術士
[01:03:32.800 --> 01:03:35.100]  也都是用他們的
[01:03:35.100 --> 01:03:36.640]  邪術
[01:03:36.640 --> 01:03:38.440]  強調是邪術
[01:03:38.440 --> 01:03:39.960]  照樣做
[01:03:39.960 --> 01:03:42.780]  法老就心裏剛硬
[01:03:42.780 --> 01:03:44.840]  不聽摩西亞倫
[01:03:44.840 --> 01:03:46.880]  那你留意了
[01:03:46.880 --> 01:03:49.180]  一直這樣這個心硬過程呢
[01:03:49.180 --> 01:03:50.720]  去到後面呢
[01:03:50.720 --> 01:03:53.020]  是神令到
[01:03:53.020 --> 01:03:54.560]  法老心硬
[01:03:54.560 --> 01:03:56.100]  那所以
[01:03:56.100 --> 01:03:58.400]  在新約
[01:03:58.400 --> 01:03:59.940]  羅馬書
[01:03:59.940 --> 01:04:01.980]  九章那裏講的時候呢
[01:04:01.980 --> 01:04:04.800]  保羅引述這些經文的時候呢
[01:04:04.800 --> 01:04:05.820]  就
[01:04:05.820 --> 01:04:09.160]  被人有個錯誤以為
[01:04:09.160 --> 01:04:10.440]  保羅講的
[01:04:10.440 --> 01:04:14.520]  原來神都不給機會法老呢
[01:04:14.520 --> 01:04:18.100]  但如果當我們一路整個段落一路看的時候呢
[01:04:18.100 --> 01:04:22.200]  其實是法老自己將心來到剛硬
[01:04:22.200 --> 01:04:25.020]  就不是神令到他剛硬
[01:04:25.020 --> 01:04:27.840]  而是一而再給機會他
[01:04:27.840 --> 01:04:28.860]  由
[01:04:28.860 --> 01:04:29.880]  淺
[01:04:29.880 --> 01:04:31.680]  入深的災難
[01:04:31.680 --> 01:04:34.480]  他都不肯悔改
[01:04:34.480 --> 01:04:37.300]  他只是希望那些災禍
[01:04:37.300 --> 01:04:38.080]  舒緩
[01:04:38.080 --> 01:04:40.380]  當那些災禍一舒緩之後呢
[01:04:40.380 --> 01:04:41.660]  他就立即
[01:04:41.660 --> 01:04:44.720]  將心剛硬了
[01:04:44.720 --> 01:04:46.260]  那個過程是這樣
[01:04:46.260 --> 01:04:48.320]  那所以大家要留意
[01:04:48.320 --> 01:04:51.640]  這樣理解法老呢
[01:04:51.640 --> 01:04:54.200]  以往我們看過羅馬書的
[01:04:54.200 --> 01:04:58.040]  那我們看回第九章
[01:04:58.040 --> 01:05:02.400]  保羅都對他有一個這樣的描述的
[01:05:02.400 --> 01:05:05.980]  留意第九章的十四節
[01:05:05.980 --> 01:05:07.520]  羅馬書
[01:05:07.520 --> 01:05:08.800]  他說這樣
[01:05:08.800 --> 01:05:10.840]  我們可說什麼呢
[01:05:10.840 --> 01:05:13.660]  難道神有什麼不公平嗎
[01:05:13.660 --> 01:05:14.940]  斷乎沒有
[01:05:14.940 --> 01:05:16.980]  因他對摩西說
[01:05:16.980 --> 01:05:19.800]  我要憐憫誰就憐憫誰
[01:05:19.800 --> 01:05:21.600]  這裡一直指著的
[01:05:21.600 --> 01:05:22.620]  就是
[01:05:22.620 --> 01:05:23.900]  法老的
[01:05:23.900 --> 01:05:24.920]  十災
[01:05:24.920 --> 01:05:28.240]  要恩待誰就恩待誰
[01:05:28.240 --> 01:05:31.320]  接著第十六節保羅就
[01:05:31.320 --> 01:05:33.360]  作出一個這樣的結論
[01:05:33.360 --> 01:05:35.160]  他說據此看來
[01:05:35.160 --> 01:05:37.200]  這不在乎那定義
[01:05:37.200 --> 01:05:39.260]  也不在乎那奔跑
[01:05:39.260 --> 01:05:41.820]  只在乎法憐憫的神
[01:05:41.820 --> 01:05:43.620]  留意十七節
[01:05:43.620 --> 01:05:46.440]  因為經上有話向法老說
[01:05:46.440 --> 01:05:48.220]  我將你興起
[01:05:48.220 --> 01:05:51.800]  特要在你身上彰顯我的權能
[01:05:51.800 --> 01:05:54.360]  並要使到我的名全遍天下
[01:05:54.360 --> 01:05:56.680]  這裡是出埃及記第九章
[01:05:56.680 --> 01:05:59.480]  的經文那裡來講的
[01:05:59.480 --> 01:06:01.800]  你變成一個示範單位
[01:06:01.800 --> 01:06:03.840]  其實我不是沒有給你機會
[01:06:03.840 --> 01:06:06.400]  我不是沒有給你有機會去悔改
[01:06:06.400 --> 01:06:08.960]  而是你將心剛硬
[01:06:08.960 --> 01:06:11.780]  你自己將心剛硬所以
[01:06:11.780 --> 01:06:14.340]  神要憐憫誰就憐憫誰
[01:06:14.340 --> 01:06:16.640]  要誰剛硬
[01:06:16.640 --> 01:06:17.920]  他就剛硬
[01:06:17.920 --> 01:06:19.460]  所以不是沒有恩典
[01:06:19.460 --> 01:06:20.740]  不是沒有經歷
[01:06:20.740 --> 01:06:22.020]  不是沒有
[01:06:22.020 --> 01:06:24.840]  神的工作給法老看到
[01:06:24.840 --> 01:06:27.400]  反過來就是他越看就越深
[01:06:27.400 --> 01:06:29.440]  越看就越大的神跡
[01:06:29.440 --> 01:06:32.260]  但是當他的災禍舒緩
[01:06:32.260 --> 01:06:34.300]  他不是要這位神
[01:06:34.300 --> 01:06:37.120]  他不是要悔改歸向這位神
[01:06:37.120 --> 01:06:40.960]  他要的是他自己的國度
[01:06:40.960 --> 01:06:43.260]  他自己的安殊
[01:06:43.260 --> 01:06:46.080]  所以他一到舒緩
[01:06:46.080 --> 01:06:48.900]  外面的世界就舒緩
[01:06:48.900 --> 01:06:53.000]  但是他的心就變成一個越來越硬化
[01:06:53.000 --> 01:06:54.780]  不是乾硬化
[01:06:54.780 --> 01:06:56.320]  是心硬化
[01:06:56.320 --> 01:06:57.860]  心就沒得硬的
[01:06:57.860 --> 01:07:00.160]  不過他就把心一橫
[01:07:00.160 --> 01:07:02.720]  這個是我們香港人
[01:07:02.720 --> 01:07:03.740]  廣東人
[01:07:03.740 --> 01:07:07.320]  把心一橫我決心做一樣東西我把心一橫
[01:07:07.320 --> 01:07:10.400]  其實不知那個典故是為何一橫呢
[01:07:10.400 --> 01:07:12.440]  心怎樣一橫呢
[01:07:12.440 --> 01:07:14.240]  是否作出一個決定呢
[01:07:14.240 --> 01:07:17.560]  但是對於摩西和法老來說
[01:07:17.560 --> 01:07:19.100]  我們應該這樣理解
[01:07:19.100 --> 01:07:20.640]  法老呢
[01:07:20.640 --> 01:07:22.940]  就不是因為神令到他心硬
[01:07:22.940 --> 01:07:25.240]  而是他把心一硬
[01:07:25.240 --> 01:07:27.800]  他自己將自己的心硬
[01:07:27.800 --> 01:07:30.880]  即是一路硬完又舒緩
[01:07:30.880 --> 01:07:33.180]  舒緩之後又硬
[01:07:33.180 --> 01:07:38.300]  所以法老你可以說是一個將心一硬的人
[01:07:38.300 --> 01:07:41.640]  所以神已經興起他
[01:07:41.640 --> 01:07:43.680]  其實給了很多機會你
[01:07:43.680 --> 01:07:44.700]  你不要
[01:07:44.700 --> 01:07:47.520]  所以最終他都是覆滅在
[01:07:47.520 --> 01:07:51.360]  摩西的權柄之下
[01:07:51.360 --> 01:07:52.900]  更嚴重的就是
[01:07:52.900 --> 01:07:56.980]  法老其實代表著一個真正敵對神的黑暗的
[01:07:56.980 --> 01:07:58.520]  魔鬼的勢力
[01:07:58.520 --> 01:08:03.380]  所以永遠不會有悔改的法老
[01:08:03.380 --> 01:08:04.160]  所以
[01:08:04.160 --> 01:08:06.460]  普羅就告訴我們
[01:08:06.460 --> 01:08:09.020]  在乎這位法憐憫的神
[01:08:09.020 --> 01:08:10.800]  所以如此看來
[01:08:10.800 --> 01:08:13.360]  神要憐憫誰就憐憫誰
[01:08:13.360 --> 01:08:15.160]  要叫誰剛硬
[01:08:15.160 --> 01:08:16.700]  就叫誰剛硬
[01:08:16.700 --> 01:08:20.540]  這個背後叫誰剛硬都不是一種機械性
[01:08:20.540 --> 01:08:24.120]  不是一種神是喜怒無常的人
[01:08:24.120 --> 01:08:25.140]  的神
[01:08:25.140 --> 01:08:26.680]  告訴我們
[01:08:26.680 --> 01:08:28.220]  其實不是
[01:08:28.220 --> 01:08:30.520]  法老的心一硬
[01:08:30.520 --> 01:08:32.320]  不是一時之間的硬
[01:08:32.320 --> 01:08:34.620]  而是他一而再的硬
[01:08:34.620 --> 01:08:37.440]  真是將心自己一硬
[01:08:37.440 --> 01:08:39.480]  那就真是把心一橫
[01:08:39.480 --> 01:08:40.240]  他就
[01:08:40.240 --> 01:08:41.020]  決心
[01:08:41.020 --> 01:08:42.300]  敵黨摩西
[01:08:42.300 --> 01:08:43.320]  敵黨神
[01:08:43.320 --> 01:08:44.600]  所以你看到
[01:08:44.600 --> 01:08:47.160]  普羅都引述這個
[01:08:47.160 --> 01:08:49.720]  揀選的因典的
[01:08:49.720 --> 01:08:53.300]  背後的邏輯和定義
[01:08:53.300 --> 01:08:56.640]  所以我們不要那麼機械性就是活該
[01:08:56.640 --> 01:08:59.720]  我不會向你傳福音的了因為神沒有揀選你就這樣
[01:08:59.720 --> 01:09:02.540]  我們就千萬不要說這些東西
[01:09:02.540 --> 01:09:04.060]  我們應該這樣說就是
[01:09:04.060 --> 01:09:05.600]  我們能夠蒙恩
[01:09:05.600 --> 01:09:07.900]  我們能夠成為神的兒女
[01:09:07.900 --> 01:09:10.460]  我們能夠不斷蒙主的不斷的
[01:09:10.460 --> 01:09:12.260]  因典改變
[01:09:12.260 --> 01:09:15.080]  那個背後的原因只有一個就是
[01:09:15.080 --> 01:09:16.860]  不在乎那個定義
[01:09:16.860 --> 01:09:18.920]  不是在乎誰
[01:09:18.920 --> 01:09:21.220]  是在乎法憐憫的神
[01:09:21.220 --> 01:09:21.980]  所以
[01:09:21.980 --> 01:09:24.040]  我們是蒙主的憐憫
[01:09:24.040 --> 01:09:26.340]  我們能夠被神揀選
[01:09:26.340 --> 01:09:28.380]  所以我們能夠在救恩裏面
[01:09:28.380 --> 01:09:32.220]  我們的生命就不斷有成長
[01:09:32.220 --> 01:09:34.020]  青蛙之災因為
[01:09:34.020 --> 01:09:36.060]  術士都能夠做
[01:09:36.060 --> 01:09:38.880]  所以一舒緩了之後
[01:09:38.880 --> 01:09:41.960]  他就硬著心了這個是法老
[01:09:41.960 --> 01:09:44.260]  接著去到這個
[01:09:44.260 --> 01:09:48.360]  塞新的和盤就說是蚊
[01:09:48.360 --> 01:09:51.180]  術士一樣可以用邪術照樣
[01:09:51.180 --> 01:09:52.460]  但是不行
[01:09:52.460 --> 01:09:53.740]  原來去到
[01:09:53.740 --> 01:09:54.760]  那些塞
[01:09:54.760 --> 01:09:59.360]  就是那些塞那都不能夠再行術
[01:09:59.360 --> 01:10:00.640]  行那個法術了
[01:10:00.640 --> 01:10:01.680]  那就是說
[01:10:01.680 --> 01:10:02.960]  意味著
[01:10:02.960 --> 01:10:06.800]  法老應該有一個的明白
[01:10:06.800 --> 01:10:08.840]  這次不說得少
[01:10:08.840 --> 01:10:10.120]  術士
[01:10:10.120 --> 01:10:11.660]  都做不了了
[01:10:11.660 --> 01:10:12.680]  摩西
[01:10:12.680 --> 01:10:16.260]  還在駕馭著那個自然界
[01:10:16.260 --> 01:10:18.560]  摩西一句話就馬上
[01:10:18.560 --> 01:10:21.900]  整個埃及都是那些塞
[01:10:21.900 --> 01:10:23.180]  是很困擾
[01:10:23.180 --> 01:10:24.460]  是很辛苦
[01:10:24.460 --> 01:10:25.220]  是很癢
[01:10:25.220 --> 01:10:26.500]  但是
[01:10:26.500 --> 01:10:28.300]  都還不是致命
[01:10:28.300 --> 01:10:29.320]  但是
[01:10:29.320 --> 01:10:33.420]  法老很自然就說你幫我求
[01:10:33.420 --> 01:10:34.180]  神啦
[01:10:34.180 --> 01:10:35.220]  改變啦
[01:10:35.220 --> 01:10:38.020]  但是當那些事情改變了之後呢
[01:10:38.020 --> 01:10:39.560]  一樣沒有改變
[01:10:39.560 --> 01:10:41.360]  術士已經和法老說了
[01:10:41.360 --> 01:10:43.400]  這個是神的手指
[01:10:43.400 --> 01:10:44.940]  是神的作為啊
[01:10:44.940 --> 01:10:46.220]  我們做不到啊
[01:10:46.220 --> 01:10:47.500]  我們不可以複製啊
[01:10:47.500 --> 01:10:48.520]  但是法老
[01:10:48.520 --> 01:10:50.320]  根本不放在心裏面
[01:10:50.320 --> 01:10:52.880]  可能他家裏有冷氣
[01:10:52.880 --> 01:10:54.920]  他家裏他的皇宮
[01:10:54.920 --> 01:10:58.000]  有專人幫他去滅蟲
[01:10:58.000 --> 01:10:58.760]  所以
[01:10:58.760 --> 01:11:00.820]  平民百姓的災害
[01:11:00.820 --> 01:11:01.840]  受苦
[01:11:01.840 --> 01:11:04.140]  和他沒有什麼直接的關係
[01:11:04.140 --> 01:11:05.420]  因為他是
[01:11:05.420 --> 01:11:07.480]  住在皇室裏面
[01:11:07.480 --> 01:11:10.800]  所以他根本不會聽摩西和亞倫
[01:11:10.800 --> 01:11:14.640]  所以原來第三個
[01:11:14.640 --> 01:11:16.940]  已經不能夠複製了
[01:11:16.940 --> 01:11:19.760]  已經是神的作為了
[01:11:19.760 --> 01:11:23.340]  今晚我就先和大家看到這裏
[01:11:23.340 --> 01:11:25.640]  我預備的part point
[01:11:25.640 --> 01:11:29.240]  就去到第七章這一段
[01:11:29.240 --> 01:11:32.560]  盼望我們能夠一路看這個大能的拯救
[01:11:32.560 --> 01:11:34.600]  一路朝著摩西
[01:11:34.600 --> 01:11:37.940]  怎樣來和法老的那個對話
[01:11:37.940 --> 01:11:40.760]  那個argument
[01:11:40.760 --> 01:11:43.820]  來得到一些端倪
[01:11:43.820 --> 01:11:46.120]  我們對神的作為的認識
[01:11:46.120 --> 01:11:48.940]  我們和大家一起有一個簡單的禱告
[01:11:48.940 --> 01:11:53.040]  再一次我們將榮耀歸給我們的三一上主
[01:11:53.040 --> 01:11:54.840]  因為我們見到摩西
[01:11:54.840 --> 01:11:57.640]  在這個對抗的過程
[01:11:57.640 --> 01:12:01.240]  越來越建立一份在神裏面的自信心
[01:12:01.240 --> 01:12:04.300]  不是一種個人的
[01:12:04.300 --> 01:12:08.660]  一種自我膨脹的一個狂妄
[01:12:08.660 --> 01:12:10.960]  而是他是一個謙卑的僕人
[01:12:10.960 --> 01:12:14.280]  是一個拿著一支杖的摩西
[01:12:14.280 --> 01:12:16.080]  雖然不是他行動不便
[01:12:16.080 --> 01:12:20.440]  但是那支杖就代表著神同在的見證
[01:12:20.440 --> 01:12:25.040]  後來他根本不再需要用杖來向天
[01:12:25.040 --> 01:12:27.860]  他已經能夠可以使到
[01:12:27.860 --> 01:12:30.680]  十災的後面的災難
[01:12:30.680 --> 01:12:34.760]  來到他在法老的面前來施行
[01:12:34.760 --> 01:12:36.560]  這個就是讓我們見到
[01:12:36.560 --> 01:12:39.120]  一位被主使用的僕人
[01:12:39.120 --> 01:12:43.480]  能夠越來越在救恩裏面有的自信心
[01:12:43.480 --> 01:12:47.580]  和將人可以帶進神的恩典國度裏面
[01:12:47.580 --> 01:12:50.640]  就能夠將恩典和審判
[01:12:50.640 --> 01:12:52.940]  同時間講出來
[01:12:52.940 --> 01:12:54.360]  所以我們多謝主
[01:12:54.360 --> 01:12:56.920]  願祢在我們錦宣家
[01:12:56.920 --> 01:12:58.600]  我們雄恩堂
[01:12:58.600 --> 01:13:00.120]  在嘉恩堂
[01:13:00.120 --> 01:13:01.140]  在宣德
[01:13:01.140 --> 01:13:04.220]  或者其他的無論元朗區的教會
[01:13:04.220 --> 01:13:05.880]  求祢在這一代
[01:13:05.880 --> 01:13:09.580]  興起不同的年紀的牧者
[01:13:09.580 --> 01:13:12.920]  來承擔神國度的工作
[01:13:12.920 --> 01:13:14.460]  有很多人
[01:13:14.460 --> 01:13:16.000]  需要恩典
[01:13:16.000 --> 01:13:17.280]  有時我們見到
[01:13:17.280 --> 01:13:18.800]  雖然是一個我們
[01:13:18.800 --> 01:13:20.860]  表面都沒有辦法改變的現象
[01:13:20.860 --> 01:13:22.400]  一到星期五晚
[01:13:22.400 --> 01:13:23.920]  大量的香港人
[01:13:23.920 --> 01:13:26.480]  都在忙碌的一個星期
[01:13:26.480 --> 01:13:30.320]  就帶著疲乏或者興奮的身軀
[01:13:30.320 --> 01:13:31.860]  有時舉家
[01:13:31.860 --> 01:13:34.940]  上深圳去大灣區休息
[01:13:34.940 --> 01:13:36.480]  吃喝玩樂
[01:13:36.480 --> 01:13:39.280]  這個表面是一個無可厚非的
[01:13:39.280 --> 01:13:40.320]  輸壓
[01:13:40.320 --> 01:13:45.700]  但我們看到人就好像沒有牧人的羊那樣流浪
[01:13:45.700 --> 01:13:47.220]  不同的地方
[01:13:47.220 --> 01:13:48.760]  就算美國一樣
[01:13:48.760 --> 01:13:51.840]  很多的人都會開車去墨西哥
[01:13:51.840 --> 01:13:54.900]  或者去其它地方來度假
[01:13:54.900 --> 01:13:57.980]  這個正正反映到有時貧富懸殊
[01:13:57.980 --> 01:14:00.280]  或者很多的人
[01:14:00.280 --> 01:14:02.080]  已經不再回教會
[01:14:02.080 --> 01:14:03.100]  不再尋求
[01:14:03.100 --> 01:14:06.180]  神恩典的那個拯救
[01:14:06.180 --> 01:14:08.480]  或者在神裏面得到的
[01:14:08.480 --> 01:14:10.520]  真正的心靈的釋放
[01:14:10.520 --> 01:14:13.340]  以致只會用很多的刺激
[01:14:13.340 --> 01:14:15.380]  可能是演唱會
[01:14:15.380 --> 01:14:17.180]  可能是看戲
[01:14:17.180 --> 01:14:19.740]  或者其它的尋歡作樂
[01:14:19.740 --> 01:14:20.760]  但我們希望
[01:14:20.760 --> 01:14:21.780]  教會
[01:14:21.780 --> 01:14:24.340]  能夠真是有純正的福音
[01:14:24.340 --> 01:14:27.940]  能夠讓人得到真正的生命的釋放
[01:14:27.940 --> 01:14:28.960]  改變
[01:14:28.960 --> 01:14:30.500]  使到人
[01:14:30.500 --> 01:14:33.560]  不是說要逃避這些的休息
[01:14:33.560 --> 01:14:35.620]  這些有意義的娛樂
[01:14:35.620 --> 01:14:38.180]  或者和家人的一個放鬆
[01:14:38.180 --> 01:14:42.020]  但是如果我們只是這樣去吃喝玩樂
[01:14:42.020 --> 01:14:43.300]  而忘記了
[01:14:43.300 --> 01:14:45.360]  這一位創造我們的主
[01:14:45.360 --> 01:14:47.660]  和這個永恆救恩的時候
[01:14:47.660 --> 01:14:49.200]  其實就是最可惜的
[01:14:49.200 --> 01:14:50.480]  願神幫助
[01:14:50.480 --> 01:14:52.520]  我們仰望在你的手中
[01:14:52.520 --> 01:14:54.820]  奉主耶穌基督的命
[01:14:54.820 --> 01:14:55.840]  阿們
