
[00:00:00.000 --> 00:00:27.000]  弟兄姊妹晚安,我們很開心今天一齊聚會,今天還有第三篇講道,講道很特別,因為一篇信息,上帝的說話,今次這篇上帝的說話是很多人一起參與的,有三十多個問題背後的弟兄姊妹,我,姓凌,還有大家,大家的思考,
[00:00:27.000 --> 00:00:45.000]  一陣間如果有時間的話的問題,我們一齊來構成一篇上帝的說話,仍然都是上帝對我們說話,不過這次是我們整個群體裡面一齊來參與,問題我是答不完的,
[00:00:45.000 --> 00:00:58.000]  昨晚我是cut的,因為我都做powerpoint,我盡量都答,大概有九成的問題我都保留的,有些色經問題我沒有答,有些很模樣的我就沒有答,
[00:00:58.000 --> 00:01:13.000]  但是我都盡量九成的都留在這裡,一陣間看看時間,因為今天是颱風,如果可以的話,有一條即唱,一陣間可以scan曲去問,我試一條即唱response。
[00:01:13.000 --> 00:01:28.000]  教會如何來看待信徒紋身?可以大聲一點嗎?請大家閉上眼睛。教會如何來看待信徒紋身?可以大聲一點嗎?請大家閉上眼睛。
[00:01:28.000 --> 00:01:28.000]  教會如何來看待信徒紋身?可以大聲一點嗎?請大家閉上眼睛。教會如何來看待信徒紋身?可以大聲一點嗎?請大家閉上眼睛。
[00:01:28.000 --> 00:01:28.000]  教會如何來看待信徒紋身?可以大聲一點嗎?請大家閉上眼睛。教會如何來看待信徒紋身?可以大聲一點嗎?請大家閉上眼睛。
[00:01:28.000 --> 00:01:28.000]  教會如何來看待信徒紋身?可以大聲一點嗎?請大家閉上眼睛。
[00:01:28.000 --> 00:01:48.000]  教會如何來看待信徒紋身?可以大聲一點嗎?請大家閉上眼睛。
[00:01:48.000 --> 00:01:48.000]  教會如何來看待信徒紋身?可以大聲一點嗎?請大家閉上眼睛。
[00:01:48.000 --> 00:01:48.000]  教會如何來看待信徒紋身?可以大聲一點嗎?請大家閉上眼睛。
[00:01:48.000 --> 00:01:48.000]  教會如何來看待信徒紋身?可以大聲一點嗎?請大家閉上眼睛。
[00:01:48.000 --> 00:01:48.000]  教會如何來看待信徒紋身?可以大聲一點嗎?請大家閉上眼睛。
[00:01:48.000 --> 00:01:48.000]  教會如何來看待信徒紋身?可以大聲一點嗎?請大家閉上眼睛。
[00:01:48.000 --> 00:01:48.000]  教會如何來看待信徒紋身?可以大聲一點嗎?請大家閉上眼睛。
[00:01:48.000 --> 00:01:58.000]  教會如何來看待信徒紋身?可以大聲一點嗎?請大家閉上眼睛。
[00:01:58.000 --> 00:01:58.000]  教會如何來看待信徒紋身?可以大聲一點嗎?請大家閉上眼睛。
[00:01:58.000 --> 00:02:08.000]  教會如何來看待信徒紋身?可以大聲一點嗎?請大家閉上眼睛。
[00:02:08.000 --> 00:02:08.000]  教會如何來看待信徒紋身?可以大聲一點嗎?請大家閉上眼睛。
[00:02:08.000 --> 00:02:08.000]  教會如何來看待信徒紋身?可以大聲一點嗎?請大家閉上眼睛。
[00:02:08.000 --> 00:02:08.000]  教會如何來看待信徒紋身?可以大聲一點嗎?請大家閉上眼睛。
[00:02:08.000 --> 00:02:08.000]  教會如何來看待信徒紋身?可以大聲一點嗎?請大家閉上眼睛。
[00:02:08.000 --> 00:02:28.000]  教會如何來看待信徒紋身?可以大聲一點嗎?請大家閉上眼睛。
[00:02:28.000 --> 00:02:28.000]  教會如何來看待信徒紋身?可以大聲一點嗎?請大家閉上眼睛。
[00:02:28.000 --> 00:02:28.000]  教會如何來看待信徒紋身?可以大聲一點嗎?請大家閉上眼睛。
[00:02:28.000 --> 00:02:28.000]  教會如何來看待信徒紋身?可以大聲一點嗎?請大家閉上眼睛。
[00:02:28.000 --> 00:02:28.000]  教會如何來看待信徒紋身?可以大聲一點嗎?請大家閉上眼睛。
[00:02:28.000 --> 00:02:28.000]  教會如何來看待信徒紋身?可以大聲一點嗎?請大家閉上眼睛。
[00:02:28.000 --> 00:02:28.000]  教會如何來看待信徒紋身?可以大聲一點嗎?請大家閉上眼睛。
[00:02:28.000 --> 00:02:57.000]  教會如何來看待信徒紋身?可以大聲一點嗎?請大家閉上眼睛。
[00:02:57.000 --> 00:03:07.000]  教會如何來看待信徒紋身?可以大聲一點嗎?請大家閉上眼睛。
[00:03:07.000 --> 00:03:07.000]  教會如何來看待信徒紋身?可以大聲一點嗎?請大家閉上眼睛。
[00:03:07.000 --> 00:03:07.000]  教會如何來看待信徒紋身?可以大聲一點嗎?請大家閉上眼睛。
[00:03:07.000 --> 00:03:07.000]  教會如何來看待信徒紋身?可以大聲一點嗎?請大家閉上眼睛。
[00:03:07.000 --> 00:03:17.000]  教會如何來看待信徒紋身?可以大聲一點嗎?請大家閉上眼睛。
[00:03:17.000 --> 00:03:17.000]  教會如何來看待信徒紋身?可以大聲一點嗎?請大家閉上眼睛。
[00:03:17.000 --> 00:03:17.000]  教會如何來看待信徒紋身?可以大聲一點嗎?請大家閉上眼睛。
[00:03:17.000 --> 00:03:27.000]  教會如何來看待信徒紋身?可以大聲一點嗎?請大家閉上眼睛。
[00:03:27.000 --> 00:03:27.000]  教會如何來看待信徒紋身?可以大聲一點嗎?請大家閉上眼睛。
[00:03:27.000 --> 00:03:37.000]  教會如何來看待信徒紋身?可以大聲一點嗎?請大家閉上眼睛。
[00:03:37.000 --> 00:03:37.000]  教會如何來看待信徒紋身?可以大聲一點嗎?請大家閉上眼睛。
[00:03:37.000 --> 00:03:37.000]  教會如何來看待信徒紋身?可以大聲一點嗎?請大家閉上眼睛。
[00:03:37.000 --> 00:03:37.000]  教會如何來看待信徒紋身?可以大聲一點嗎?請大家閉上眼睛。
[00:03:37.000 --> 00:03:37.000]  教會如何來看待信徒紋身?可以大聲一點嗎?請大家閉上眼睛。
[00:03:37.000 --> 00:03:57.000]  教會如何來看待信徒紋身?可以大聲一點嗎?請大家閉上眼睛。
[00:03:57.000 --> 00:03:57.000]  教會如何來看待信徒紋身?可以大聲一點嗎?請大家閉上眼睛。
[00:03:57.000 --> 00:03:57.000]  教會如何來看待信徒紋身?可以大聲一點嗎?請大家閉上眼睛。
[00:03:57.000 --> 00:03:57.000]  教會如何來看待信徒紋身?可以大聲一點嗎?請大家閉上眼睛。
[00:03:57.000 --> 00:03:57.000]  教會如何來看待信徒紋身?可以大聲一點嗎?請大家閉上眼睛。
[00:03:57.000 --> 00:03:57.000]  教會如何來看待信徒紋身?可以大聲一點嗎?請大家閉上眼睛。
[00:03:57.000 --> 00:03:57.000]  教會如何來看待信徒紋身?可以大聲一點嗎?請大家閉上眼睛。
[00:03:57.000 --> 00:04:17.000]  教會如何來看待信徒紋身?可以大聲一點嗎?請大家閉上眼睛。
[00:04:17.000 --> 00:04:17.000]  教會如何來看待信徒紋身?可以大聲一點嗎?請大家閉上眼睛。
[00:04:17.000 --> 00:04:17.000]  教會如何來看待信徒紋身?可以大聲一點嗎?請大家閉上眼睛。
[00:04:17.000 --> 00:04:17.000]  教會如何來看待信徒紋身?可以大聲一點嗎?請大家閉上眼睛。
[00:04:17.000 --> 00:04:17.000]  教會如何來看待信徒紋身?可以大聲一點嗎?請大家閉上眼睛。
[00:04:17.000 --> 00:04:17.000]  教會如何來看待信徒紋身?可以大聲一點嗎?請大家閉上眼睛。
[00:04:17.000 --> 00:04:17.000]  教會如何來看待信徒紋身?可以大聲一點嗎?請大家閉上眼睛。
[00:04:17.000 --> 00:04:37.000]  教會如何來看待信徒紋身?可以大聲一點嗎?請大家閉上眼睛。
[00:04:37.000 --> 00:04:37.000]  教會如何來看待信徒紋身?可以大聲一點嗎?請大家閉上眼睛。
[00:04:37.000 --> 00:04:37.000]  教會如何來看待信徒紋身?可以大聲一點嗎?請大家閉上眼睛。
[00:04:37.000 --> 00:04:37.000]  教會如何來看待信徒紋身?可以大聲一點嗎?請大家閉上眼睛。
[00:04:37.000 --> 00:04:37.000]  教會如何來看待信徒紋身?可以大聲一點嗎?請大家閉上眼睛。
[00:04:37.000 --> 00:04:37.000]  教會如何來看待信徒紋身?可以大聲一點嗎?請大家閉上眼睛。
[00:04:37.000 --> 00:04:37.000]  教會如何來看待信徒紋身?可以大聲一點嗎?請大家閉上眼睛。
[00:04:37.000 --> 00:04:53.000]  教會如何來看待信徒紋身?可以大聲一點嗎?請大家閉上眼睛。
[00:04:53.000 --> 00:04:53.000]  教會如何來看待信徒紋身?可以大聲一點嗎?請大家閉上眼睛。
[00:04:53.000 --> 00:04:53.000]  教會如何來看待信徒紋身?可以大聲一點嗎?請大家閉上眼睛。
[00:04:53.000 --> 00:04:53.000]  教會如何來看待信徒紋身?可以大聲一點嗎?請大家閉上眼睛。
[00:04:53.000 --> 00:04:53.000]  教會如何來看待信徒紋身?可以大聲一點嗎?請大家閉上眼睛。
[00:04:53.000 --> 00:04:53.000]  教會如何來看待信徒紋身?可以大聲一點嗎?請大家閉上眼睛。
[00:04:53.000 --> 00:04:53.000]  教會如何來看待信徒紋身?可以大聲一點嗎?請大家閉上眼睛。
[00:04:53.000 --> 00:05:13.000]  教會如何來看待信徒紋身?可以大聲一點嗎?請大家閉上眼睛。
[00:05:13.000 --> 00:05:13.000]  教會如何來看待信徒紋身?可以大聲一點嗎?請大家閉上眼睛。
[00:05:13.000 --> 00:05:13.000]  教會如何來看待信徒紋身?可以大聲一點嗎?請大家閉上眼睛。
[00:05:13.000 --> 00:05:13.000]  教會如何來看待信徒紋身?可以大聲一點嗎?請大家閉上眼睛。
[00:05:13.000 --> 00:05:13.000]  教會如何來看待信徒紋身?可以大聲一點嗎?請大家閉上眼睛。
[00:05:13.000 --> 00:05:13.000]  教會如何來看待信徒紋身?可以大聲一點嗎?請大家閉上眼睛。
[00:05:13.000 --> 00:05:13.000]  教會如何來看待信徒紋身?可以大聲一點嗎?請大家閉上眼睛。
[00:05:13.000 --> 00:05:29.000]  教會如何來看待信徒紋身?可以大聲一點嗎?請大家閉上眼睛。
[00:05:29.000 --> 00:05:29.000]  教會如何來看待信徒紋身?可以大聲一點嗎?請大家閉上眼睛。
[00:05:29.000 --> 00:05:29.000]  教會如何來看待信徒紋身?可以大聲一點嗎?請大家閉上眼睛。
[00:05:29.000 --> 00:05:29.000]  教會如何來看待信徒紋身?可以大聲一點嗎?請大家閉上眼睛。
[00:05:29.000 --> 00:05:29.000]  教會如何來看待信徒紋身?可以大聲一點嗎?請大家閉上眼睛。
[00:05:29.000 --> 00:05:29.000]  教會如何來看待信徒紋身?可以大聲一點嗎?請大家閉上眼睛。
[00:05:29.000 --> 00:05:29.000]  教會如何來看待信徒紋身?可以大聲一點嗎?請大家閉上眼睛。
[00:05:29.000 --> 00:05:49.000]  教會如何來看待信徒紋身?可以大聲一點嗎?請大家閉上眼睛。
[00:05:49.000 --> 00:05:49.000]  教會如何來看待信徒紋身?可以大聲一點嗎?請大家閉上眼睛。
[00:05:49.000 --> 00:05:49.000]  教會如何來看待信徒紋身?可以大聲一點嗎?請大家閉上眼睛。
[00:05:49.000 --> 00:05:49.000]  教會如何來看待信徒紋身?可以大聲一點嗎?請大家閉上眼睛。
[00:05:49.000 --> 00:05:49.000]  教會如何來看待信徒紋身?可以大聲一點嗎?請大家閉上眼睛。
[00:05:49.000 --> 00:05:49.000]  教會如何來看待信徒紋身?可以大聲一點嗎?請大家閉上眼睛。
[00:05:49.000 --> 00:05:49.000]  教會如何來看待信徒紋身?可以大聲一點嗎?請大家閉上眼睛。
[00:05:49.000 --> 00:06:09.000]  教會如何來看待信徒紋身?可以大聲一點嗎?請大家閉上眼睛。
[00:06:09.000 --> 00:06:09.000]  教會如何來看待信徒紋身?可以大聲一點嗎?請大家閉上眼睛。
[00:06:09.000 --> 00:06:09.000]  教會如何來看待信徒紋身?可以大聲一點嗎?請大家閉上眼睛。
[00:06:09.000 --> 00:06:09.000]  教會如何來看待信徒紋身?可以大聲一點嗎?請大家閉上眼睛。
[00:06:09.000 --> 00:06:09.000]  教會如何來看待信徒紋身?可以大聲一點嗎?請大家閉上眼睛。
[00:06:09.000 --> 00:06:09.000]  教會如何來看待信徒紋身?可以大聲一點嗎?請大家閉上眼睛。
[00:06:09.000 --> 00:06:09.000]  教會如何來看待信徒紋身?可以大聲一點嗎?請大家閉上眼睛。
[00:06:09.000 --> 00:06:25.000]  教會如何來看待信徒紋身?可以大聲一點嗎?請大家閉上眼睛。
[00:06:25.000 --> 00:06:25.000]  教會如何來看待信徒紋身?可以大聲一點嗎?請大家閉上眼睛。
[00:06:25.000 --> 00:06:25.000]  教會如何來看待信徒紋身?可以大聲一點嗎?請大家閉上眼睛。
[00:06:25.000 --> 00:06:25.000]  教會如何來看待信徒紋身?可以大聲一點嗎?請大家閉上眼睛。
[00:06:25.000 --> 00:06:25.000]  教會如何來看待信徒紋身?可以大聲一點嗎?請大家閉上眼睛。
[00:06:25.000 --> 00:06:25.000]  教會如何來看待信徒紋身?可以大聲一點嗎?請大家閉上眼睛。
[00:06:25.000 --> 00:06:25.000]  教會如何來看待信徒紋身?可以大聲一點嗎?請大家閉上眼睛。
[00:06:25.000 --> 00:06:45.000]  教會如何來看待信徒紋身?可以大聲一點嗎?請大家閉上眼睛。
[00:06:45.000 --> 00:06:45.000]  教會如何來看待信徒紋身?可以大聲一點嗎?請大家閉上眼睛。
[00:06:45.000 --> 00:06:45.000]  教會如何來看待信徒紋身?可以大聲一點嗎?請大家閉上眼睛。
[00:06:45.000 --> 00:06:45.000]  教會如何來看待信徒紋身?可以大聲一點嗎?請大家閉上眼睛。
[00:06:45.000 --> 00:06:45.000]  教會如何來看待信徒紋身?可以大聲一點嗎?請大家閉上眼睛。
[00:06:45.000 --> 00:06:45.000]  教會如何來看待信徒紋身?可以大聲一點嗎?請大家閉上眼睛。
[00:06:45.000 --> 00:06:45.000]  教會如何來看待信徒紋身?可以大聲一點嗎?請大家閉上眼睛。
[00:06:45.000 --> 00:07:05.000]  教會如何來看待信徒紋身?可以大聲一點嗎?請大家閉上眼睛。
[00:07:05.000 --> 00:07:05.000]  教會如何來看待信徒紋身?可以大聲一點嗎?請大家閉上眼睛。
[00:07:05.000 --> 00:07:05.000]  教會如何來看待信徒紋身?可以大聲一點嗎?請大家閉上眼睛。
[00:07:05.000 --> 00:07:05.000]  教會如何來看待信徒紋身?可以大聲一點嗎?請大家閉上眼睛。
[00:07:05.000 --> 00:07:05.000]  教會如何來看待信徒紋身?可以大聲一點嗎?請大家閉上眼睛。
[00:07:05.000 --> 00:07:05.000]  教會如何來看待信徒紋身?可以大聲一點嗎?請大家閉上眼睛。
[00:07:05.000 --> 00:07:05.000]  教會如何來看待信徒紋身?可以大聲一點嗎?請大家閉上眼睛。
[00:07:05.000 --> 00:07:21.000]  教會如何來看待信徒紋身?可以大聲一點嗎?請大家閉上眼睛。
[00:07:21.000 --> 00:07:21.000]  教會如何來看待信徒紋身?可以大聲一點嗎?請大家閉上眼睛。
[00:07:21.000 --> 00:07:21.000]  教會如何來看待信徒紋身?可以大聲一點嗎?請大家閉上眼睛。
[00:07:21.000 --> 00:07:21.000]  教會如何來看待信徒紋身?可以大聲一點嗎?請大家閉上眼睛。
[00:07:21.000 --> 00:07:21.000]  教會如何來看待信徒紋身?可以大聲一點嗎?請大家閉上眼睛。
[00:07:21.000 --> 00:07:21.000]  教會如何來看待信徒紋身?可以大聲一點嗎?請大家閉上眼睛。
[00:07:21.000 --> 00:07:21.000]  教會如何來看待信徒紋身?可以大聲一點嗎?請大家閉上眼睛。
[00:07:21.000 --> 00:07:41.000]  教會如何來看待信徒紋身?可以大聲一點嗎?請大家閉上眼睛。
[00:07:41.000 --> 00:07:41.000]  教會如何來看待信徒紋身?可以大聲一點嗎?請大家閉上眼睛。
[00:07:41.000 --> 00:07:41.000]  教會如何來看待信徒紋身?可以大聲一點嗎?請大家閉上眼睛。
[00:07:41.000 --> 00:07:41.000]  教會如何來看待信徒紋身?可以大聲一點嗎?請大家閉上眼睛。
[00:07:41.000 --> 00:07:41.000]  教會如何來看待信徒紋身?可以大聲一點嗎?請大家閉上眼睛。
[00:07:41.000 --> 00:07:41.000]  教會如何來看待信徒紋身?可以大聲一點嗎?請大家閉上眼睛。
[00:07:41.000 --> 00:07:41.000]  教會如何來看待信徒紋身?可以大聲一點嗎?請大家閉上眼睛。
[00:07:41.000 --> 00:08:09.000]  教會如何來看待信徒紋身?可以大聲一點嗎?請大家閉上眼睛。
[00:08:09.000 --> 00:08:09.000]  教會如何來看待信徒紋身?可以大聲一點嗎?請大家閉上眼睛。
[00:08:09.000 --> 00:08:09.000]  教會如何來看待信徒紋身?可以大聲一點嗎?請大家閉上眼睛。
[00:08:09.000 --> 00:08:09.000]  教會如何來看待信徒紋身?可以大聲一點嗎?請大家閉上眼睛。
[00:08:09.000 --> 00:08:09.000]  教會如何來看待信徒紋身?可以大聲一點嗎?請大家閉上眼睛。
[00:08:09.000 --> 00:08:09.000]  教會如何來看待信徒紋身?可以大聲一點嗎?請大家閉上眼睛。
[00:08:09.000 --> 00:08:09.000]  教會如何來看待信徒紋身?可以大聲一點嗎?請大家閉上眼睛。
[00:08:09.000 --> 00:08:19.000]  教會如何來看待信徒紋身?可以大聲一點嗎?請大家閉上眼睛。
[00:08:19.000 --> 00:08:19.000]  教會如何來看待信徒紋身?可以大聲一點嗎?請大家閉上眼睛。
[00:08:19.000 --> 00:08:19.000]  教會如何來看待信徒紋身?可以大聲一點嗎?請大家閉上眼睛。
[00:08:19.000 --> 00:08:19.000]  教會如何來看待信徒紋身?可以大聲一點嗎?請大家閉上眼睛。
[00:08:19.000 --> 00:08:25.000]  教會如何來看待信徒紋身?可以大聲一點嗎?請大家閉上眼睛。
[00:08:25.000 --> 00:08:25.000]  教會如何來看待信徒紋身?可以大聲一點嗎?請大家閉上眼睛。
[00:08:25.000 --> 00:08:25.000]  教會如何來看待信徒紋身?可以大聲一點嗎?請大家閉上眼睛。
[00:08:25.000 --> 00:08:41.000]  為什麼基督徒強調一個神不能尊重其他宗教?
[00:08:41.000 --> 00:09:01.000]  教會如何來看待信徒紋身?可以大聲一點嗎?請大家閉上眼睛。
[00:09:01.000 --> 00:09:01.000]  教會如何來看待信徒紋身?可以大聲一點嗎?請大家閉上眼睛。
[00:09:01.000 --> 00:09:01.000]  教會如何來看待信徒紋身?可以大聲一點嗎?請大家閉上眼睛。
[00:09:01.000 --> 00:09:01.000]  教會如何來看待信徒紋身?可以大聲一點嗎?請大家閉上眼睛。
[00:09:01.000 --> 00:09:01.000]  教會如何來看待信徒紋身?可以大聲一點嗎?請大家閉上眼睛。
[00:09:01.000 --> 00:09:01.000]  教會如何來看待信徒紋身?可以大聲一點嗎?請大家閉上眼睛。
[00:09:01.000 --> 00:09:01.000]  教會如何來看待信徒紋身?可以大聲一點嗎?請大家閉上眼睛。
[00:09:01.000 --> 00:09:08.440]  我們也不會取信別人,我們很少會說別人信的是我們不信
[00:09:08.440 --> 00:09:11.900]  但不代表我們不尊重他們,所以是兩回事
[00:09:11.900 --> 00:09:13.900]  第四十二條
[00:09:13.900 --> 00:09:21.320]  為什麼在救藥的時候神要揀選識別一族而不是傳遞有機會作神的指紋呢?
[00:09:21.320 --> 00:09:27.020]  這個就說明叫揀選,上帝是揀一個來做示範單位
[00:09:27.020 --> 00:09:31.260]  做一個整個歷史的示範,一個故事
[00:09:31.260 --> 00:09:35.160]  所以上帝是揀選的,不是我們能夠去問
[00:09:35.160 --> 00:09:40.640]  所以上帝是揀選了一個故事,叫萬邦
[00:09:40.640 --> 00:09:47.960]  全世界人都欣著耶穌的禿,全世界人都欣著得著這個拯救和救贖
[00:09:47.960 --> 00:09:50.960]  所以不只是認識人
[00:09:50.960 --> 00:09:55.260]  但這個上帝的揀選是無法問的,為什麼呢?
[00:09:55.260 --> 00:09:57.260]  好,下一條
[00:09:57.260 --> 00:10:00.800]  信仰層面如何去解釋冰河時期?
[00:10:00.800 --> 00:10:06.340]  有人說是羅亞方舟時期發生,好像時間不符合一樣
[00:10:06.340 --> 00:10:12.120]  大家聽著,聖經不是一本地理書,大家不要爭論
[00:10:12.120 --> 00:10:16.080]  你要明白聖經文體的題材
[00:10:16.080 --> 00:10:21.240]  聖經是一個信仰的教導,更加不是一個歷史書
[00:10:21.240 --> 00:10:27.620]  所以它不是純粹一個地理的事實,不是一個歷史的事實這麼簡單
[00:10:27.620 --> 00:10:30.680]  而是一個信仰的教導,它有一個目的
[00:10:30.680 --> 00:10:33.800]  就是想你明白上帝是誰
[00:10:33.800 --> 00:10:43.580]  所以如果你硬混合聖經和科學地理,其實是不太合適的
[00:10:43.580 --> 00:10:47.720]  所以有人說是誰時期是誰時期
[00:10:47.720 --> 00:10:53.700]  我們都不能夠這樣作準,我想先喝口水
[00:10:53.700 --> 00:11:01.920]  所以不能夠作準,不要太硬踢一個科學在聖經裏面
[00:11:01.920 --> 00:11:04.960]  好,十四
[00:11:04.960 --> 00:11:07.880]  差不多問題了
[00:11:07.880 --> 00:11:12.260]  聖經始終都是人寫的,也是後人所整合而成的
[00:11:12.260 --> 00:11:15.480]  為什麼聖經可以可信呢?
[00:11:15.480 --> 00:11:18.500]  有什麼理據可以證實聖經是神或物是?
[00:11:18.500 --> 00:11:22.960]  記住,聖經是人寫的,不是天掉下來的
[00:11:22.960 --> 00:11:27.040]  大家要很重視這一點,不是純粹一本蓬勃來的書
[00:11:27.040 --> 00:11:31.280]  是人寫的,是歷史裏面的過程
[00:11:31.280 --> 00:11:40.380]  所以我們不是靠本聖經去信神
[00:11:40.380 --> 00:11:48.000]  反過來,我們相信上帝透過聖靈在當中說話
[00:11:48.000 --> 00:11:51.560]  透過舊約的先師,透過新約裏面的使徒
[00:11:51.560 --> 00:11:56.520]  透過整個編輯的過程和大公會議到今日的翻譯
[00:11:56.520 --> 00:11:59.060]  上帝仍然保守著過程
[00:11:59.060 --> 00:12:05.120]  上次回到主題,是上帝和人一起工作的
[00:12:05.120 --> 00:12:12.440]  所以從來沒有否定過是人有參與的,本來就是人寫出來的
[00:12:12.440 --> 00:12:16.760]  透過一些人去選擇某些書卷的過程
[00:12:16.760 --> 00:12:22.120]  整個都是人的工作,但仍然是上帝所保守的
[00:12:22.120 --> 00:12:26.040]  所以你不需要靠本聖經去成為上帝的支持者
[00:12:26.040 --> 00:12:30.240]  反過來,是上帝去支持你相信聖經
[00:12:30.240 --> 00:12:35.220]  所以你不需要覺得聖經是科學證據,這樣才相信神
[00:12:35.220 --> 00:12:37.220]  這個不是這個邏輯,是相反的
[00:12:37.220 --> 00:12:41.660]  你是因為相信神,所以仍然相信祂對你的說話
[00:12:41.660 --> 00:12:43.660]  特別是透過聖經對你的說話
[00:12:43.660 --> 00:12:45.360]  好,下一條
[00:12:45.360 --> 00:12:48.400]  為什麼在崇拜裏面要唱詩歌?
[00:12:48.400 --> 00:12:51.040]  教會裏面為什麼要有這個傳統,力度教會?
[00:12:51.040 --> 00:12:56.960]  如果這個劍拔方式不適合我,我可不可以不參與呢?
[00:12:56.960 --> 00:13:08.680]  沒問題,我想唱歌是一個人類最基本的表達心靈的方式
[00:13:08.680 --> 00:13:11.600]  小朋友K1唱歌唱到現在
[00:13:11.600 --> 00:13:16.800]  所以唱歌是一個人類最基本的表達自己的心思意念方法
[00:13:16.800 --> 00:13:24.480]  所以我們透過唱歌去將我們的心思意念,我們的靈唱給神聽
[00:13:24.480 --> 00:13:31.000]  當然不是只唱歌,我覺得敬拜可以有很多方式
[00:13:31.000 --> 00:13:37.080]  寫作是敬拜,整個人心靈也是敬拜,唱歌是一種
[00:13:37.080 --> 00:13:40.680]  但唱歌是一個每個人都能做到的方式
[00:13:40.680 --> 00:13:45.560]  如果我覺得這個方式不適合我,我可不可以不參與呢?
[00:13:45.560 --> 00:13:50.760]  不適合你一回事,但你做到的,所以我覺得不適合你就不做
[00:13:50.760 --> 00:13:56.120]  不是太適合那個態度,我仍然可以用這個方式去敬拜神
[00:13:56.120 --> 00:14:01.840]  雖然不是最適合你,但仍然參加這個歌唱是需要的
[00:14:01.840 --> 00:14:05.840]  因為是一個群體的敬拜,一個你能夠去顯示的方式
[00:14:05.840 --> 00:14:10.920]  但這個不是唯一的方法,好,第十六條
[00:14:10.920 --> 00:14:15.680]  網絡上不時出現基督教界的一些批評和爭議
[00:14:15.680 --> 00:14:22.280]  靈恩派等很多不同的神學,評述圖如何去辯解何謂真理
[00:14:22.280 --> 00:14:29.000]  聖經文字具有很大的詮釋空間,釋經真義從未停止,我們如何理解呢?
[00:14:29.000 --> 00:14:36.000]  好一個問題,當然想說我們如何去分辨真理呢?
[00:14:36.000 --> 00:14:40.920]  我想分辨真理是不容易的,不要太容易覺得我有真理
[00:14:40.920 --> 00:14:46.920]  不要太快覺得我也沒有真理,耶穌是真理宣佈
[00:14:46.920 --> 00:14:51.560]  所以我們不要太快覺得自己有真理,但基本是有的
[00:14:51.560 --> 00:14:59.480]  譬如我們的信經,基本信仰的內容,信仰的教義
[00:14:59.480 --> 00:15:05.240]  聖經裏面的一些說話,當然有很多的詮釋空間
[00:15:05.240 --> 00:15:11.320]  不過我們仍然可以不斷去尋求,但基本上有一個基本的
[00:15:11.320 --> 00:15:14.880]  像一棵樹一樣,整個主幹是可以理解的
[00:15:14.880 --> 00:15:18.560]  這些很小的神,我們未必可以很容易理解
[00:15:18.560 --> 00:15:25.480]  但耶穌也是神,祂很愛我們,我們需要去聚會,去上教會
[00:15:25.480 --> 00:15:28.240]  這些全部都是很清楚的真理
[00:15:28.240 --> 00:15:33.040]  所以我們抱著一個能夠拿著最基本簡單基礎的真理
[00:15:33.040 --> 00:15:40.760]  去不斷一生去尋求,透過討論,透過群體,透過不斷謙卑去學習和聆聽是很重要的
[00:15:40.760 --> 00:15:44.440]  所以沒有人能夠在世裏得到真理的全部
[00:15:44.440 --> 00:15:49.080]  但基本上沒有其實是有的,所以不要太快覺得是沒有的
[00:15:49.080 --> 00:15:50.840]  好,下一條
[00:15:50.840 --> 00:15:55.360]  如何區分聽詩歌時的觸動,例如李凱
[00:15:55.360 --> 00:16:02.360]  純粹是情緒上的感動,還是這種感動是指向神呢?
[00:16:02.360 --> 00:16:09.040]  我想說,感動是有的,但感動可以是來自於其他東西
[00:16:09.040 --> 00:16:16.720]  可以純粹來自於你自己的想像,一些不合理的想像,一些操縱
[00:16:16.720 --> 00:16:23.360]  所以我想說,上帝可以去感動你,也可以純粹是一種宗教的感動
[00:16:23.360 --> 00:16:31.040]  所以我想說,我們不否定,上帝唱詩歌我們敬拜會感動
[00:16:31.040 --> 00:16:35.320]  但我們不要太快去單單去依賴感動
[00:16:35.320 --> 00:16:38.040]  不要以為有感動這東西就是等同於上帝
[00:16:38.040 --> 00:16:42.920]  這個就要好好地去思考,好好地去想清楚
[00:16:42.920 --> 00:16:45.840]  上帝今天說不了那麼多,但是我們要有感動
[00:16:45.840 --> 00:16:48.920]  所以為什麼我們的歌詞重要呢?
[00:16:48.920 --> 00:16:54.360]  歌詞當中的訊息等等,你自己個人是怎樣都很重要
[00:16:54.360 --> 00:16:58.000]  所以今天說不了那麼多,但是感動就是這樣一回事
[00:16:58.000 --> 00:17:00.280]  好,下一條
[00:17:00.280 --> 00:17:04.880]  對於敬拜讚美作為屬靈征戰的得勝策略有何方法?
[00:17:04.880 --> 00:17:11.240]  例如唱詩歌大聲投入頻密,可以召喚聖靈擊退撒旦
[00:17:11.240 --> 00:17:17.760]  太快了,我們不會召喚聖靈,這個是Pokemon的東西
[00:17:17.760 --> 00:17:27.920]  所以我們不會敬拜讚美是一種純粹的工具,召喚聖靈去擊敗撒旦
[00:17:27.920 --> 00:17:37.640]  這兩件事是沒有直接關係的,所以不要作為一種驅魔的工具那麼簡單
[00:17:37.640 --> 00:17:44.000]  這個我們不是教會來的,所以保持真理
[00:17:44.000 --> 00:17:49.320]  很多人說重複唱歌會造成洗腦,是會的
[00:17:49.320 --> 00:17:57.480]  所以大家要保持那個波浪,我們要用悟性來禱告
[00:17:57.480 --> 00:18:04.800]  悟性是什麼?就是Logic的字,理性和你的靈都很重要
[00:18:04.800 --> 00:18:09.040]  所以不要單單純粹情緒和感動,好嗎?
[00:18:09.040 --> 00:18:10.360]  好,下一條
[00:18:10.360 --> 00:18:17.680]  十八,當見到基督徒或者有虛偽的表現行為,有人覺得很虛偽
[00:18:17.680 --> 00:18:23.640]  要向分教會的意向怎樣算好呢?怎樣將焦點放在耶穌身上呢?
[00:18:23.640 --> 00:18:27.600]  為你很難過,見到一些虛偽的基督徒或者牧者
[00:18:27.600 --> 00:18:31.680]  唯有的方法就是貼上一些不虛偽的基督徒和牧者
[00:18:31.680 --> 00:18:34.800]  必須是有很多的,是嗎?有很多的
[00:18:34.800 --> 00:18:40.480]  那麼留堂應該也不少的,即是不虛偽的那些
[00:18:40.480 --> 00:18:45.920]  如果你覺得留堂是一間,起碼我希望自己不是虛偽人
[00:18:45.920 --> 00:18:50.960]  所以仍然是有希望的,有些是有不虛偽的基督徒和不虛偽的牧者
[00:18:50.960 --> 00:18:55.400]  所以留堂也是可以讓大家去選擇的,好,十八條
[00:18:55.400 --> 00:18:57.080]  好,二十條
[00:18:57.080 --> 00:19:02.040]  在母會裏面被come out,即是同性戀問題
[00:19:02.040 --> 00:19:08.280]  遭到排斥,被牧師禁止領聖餐,全教會和父親都去棄
[00:19:08.280 --> 00:19:11.360]  明明這個科學根據證實,同性戀無法改變
[00:19:11.360 --> 00:19:15.520]  但教會依然定罪,明明是很乖,很愛神,怎樣搞好呢?
[00:19:15.520 --> 00:19:27.720]  神母會不會不愛我呢?我想說,同性戀的性行為是教會定為罪的
[00:19:27.720 --> 00:19:35.120]  我們都是這個立場,但同性戀者是一個罪人,也是的
[00:19:35.120 --> 00:19:40.440]  因為全世界都是罪人,不是同性戀的一回事,任何一件事都是罪人
[00:19:40.440 --> 00:19:45.960]  所以我們不會因為一個人有犯罪而不去教會,我和你都是罪人
[00:19:45.960 --> 00:19:50.440]  所以作為一個罪人其實是一個很普遍的成就
[00:19:50.440 --> 00:19:55.880]  所以不要以為只是我說謊,我妒忌,他貪心,他同性戀
[00:19:55.880 --> 00:20:00.160]  大家都是不同的罪,同性戀性行為我想說
[00:20:00.160 --> 00:20:02.640]  但同性戀傾向就不是罪
[00:20:02.640 --> 00:20:09.040]  所以教會多數是講罪,我們都是罪人
[00:20:09.040 --> 00:20:15.800]  所以我們不會特別去指出同性戀性行為這個罪,作為一個極大的罪
[00:20:15.800 --> 00:20:23.200]  所以罪是好,個個都有,所以不要因為某個人是同性戀的性行為而覺得他是罪人
[00:20:23.200 --> 00:20:30.760]  其實個個都是罪人,所以我們是歡迎每一個罪人在教會裡面去上教和上帝安慰他
[00:20:30.760 --> 00:20:33.360]  當然是愛,愛每一個人
[00:20:33.360 --> 00:20:37.360]  所以大家要分開思想,同性戀的性行為是罪
[00:20:37.360 --> 00:20:41.160]  但同性戀傾向的人不是一個被別人標籤的人
[00:20:41.160 --> 00:20:46.040]  所以起碼我們不會這樣看同性戀傾向的人
[00:20:46.040 --> 00:20:49.640]  還有如果你犯罪的話,其實大家都有犯罪
[00:20:49.640 --> 00:20:54.280]  每個人都會有這樣的罪,不是一個異人的狀態
[00:20:54.280 --> 00:21:01.000]  所以大家都不要將同性戀性行為複製成一個特別不同極大的罪
[00:21:01.000 --> 00:21:05.880]  希望我能夠有機會再講這個問題,其實我以前也寫過,不過有機會再講這個問題
[00:21:05.880 --> 00:21:07.880]  OK,下一條
[00:21:07.880 --> 00:21:16.720]  好,基督徒朋友的丈夫和姐妹出軌,我鼓勵他報復,有錯嗎?
[00:21:16.720 --> 00:21:27.080]  這些應該是潘Sir搞的吧?先找潘Sir來解釋一下
[00:21:27.080 --> 00:21:33.280]  剛才也說了,不是可不可以的問題,是我們怎麼做的
[00:21:33.280 --> 00:21:37.800]  我們知道耶穌說什麼,我們不要報復
[00:21:37.800 --> 00:21:49.160]  所以我們仍然去嘗試去強調,我們可以去奏助祂,去為祂祈禱
[00:21:49.160 --> 00:21:54.600]  但是一個報復是不需要我們去做的,是上帝會去做的
[00:21:54.600 --> 00:22:03.440]  我也覺得是不好的,因為這件事不是一件錯誤的問題,而是我們追求更好的
[00:22:03.440 --> 00:22:09.080]  我們嘗試去做一個更好的方式,我知道上帝會動功,上帝一定會改變
[00:22:09.080 --> 00:22:13.880]  所以不要胡亂來,好,22條
[00:22:13.880 --> 00:22:19.880]  這兩條差不多,我不明白為什麼我身邊的人這麼好,人生就這麼苦
[00:22:19.880 --> 00:22:28.200]  有些惡人就沒有惡報,為什麼人生要有很多恐懼,這麼忙,想怎麼看
[00:22:28.200 --> 00:22:34.120]  這就是這個世界,一個尚未得熟的世界,一個有罪的世界
[00:22:34.120 --> 00:22:40.440]  所以世界是不理想的,不公平的,你會很忙很苦很勞累的
[00:22:40.440 --> 00:22:47.320]  這就是這樣的世界,因為這個世界從人的罪到社會結構都是一個很多的問題出現了
[00:22:47.320 --> 00:22:54.520]  所以為什麼信耶穌就是這個意思,所以很重要,我們信耶穌不是去改變這些東西
[00:22:54.520 --> 00:23:02.360]  在這個世界裡面仍然可以找到力量和盼望,好,下一條
[00:23:02.360 --> 00:23:10.920]  人生很苦,耶穌又說要來,為什麼等多久都不來,也不是等很久,只是等了幾十年
[00:23:10.920 --> 00:23:19.240]  所以也不是很久,所以主耶穌再回來,但是這裡有一個問題
[00:23:19.240 --> 00:23:26.280]  因為我們信耶穌是不是真的要等耶穌回來呢?是的,但是不要這樣去等
[00:23:26.280 --> 00:23:33.320]  世界已經沒有任何的深惡苦亂,這個不是一個好的盼望的意義
[00:23:33.320 --> 00:23:39.240]  我們的盼望不是快點完,耶穌快點回來,快點回天教,這個不是一個最好的盼望
[00:23:39.240 --> 00:23:45.800]  我們知道我們面對一個很苦的世界,仍然可以有力量嘗試去改變
[00:23:45.800 --> 00:23:53.960]  明天會更好,明天雖然會打風,但是仍然有盼望,仍然這樣去活才是一個更好的態度
[00:23:53.960 --> 00:24:00.520]  我們不知道什麼時候回來,但是這個盼望很重要,不要等它完,好,24條
[00:24:00.520 --> 00:24:10.920]  有人覺得我心裡信耶穌就行了,最重要善良和憐憫,不用回教會,我想說,這個是錯的
[00:24:10.920 --> 00:24:18.840]  因為基督耶穌去呼召我們去相信祂的時候,你看看《苦禍話》,是基督的一本書
[00:24:18.840 --> 00:24:28.440]  祂呼召我們去跟隨祂的時候,是一個群體的呼召,祂呼召你去信主,是在群體裡面信主
[00:24:28.440 --> 00:24:36.600]  所以從來都沒有一個人自己的基督徒,當然不一定是教會,不一定是一間教會
[00:24:36.600 --> 00:24:45.080]  但是從來都不是一個人純粹的心靈和智慧的道理基督徒,而是一個群體基督徒
[00:24:45.080 --> 00:24:51.480]  這是一個信仰的default,所以信耶穌從來都不是一個人信
[00:24:51.480 --> 00:25:00.440]  所以回到其他教會,某一種群體的形式,但一定要有一個群體就是這個意思,所以仍然是一個很重要的教會
[00:25:00.440 --> 00:25:07.800]  不是因為堂會什麼特別,信仰就是一個群體的信仰,好,下一條
[00:25:07.800 --> 00:25:14.200]  聽人說過聖靈會離開基督徒,是不是真的?如果是這樣怎麼辦呢?
[00:25:14.200 --> 00:25:24.760]  這個問題很複雜,聖靈論的問題,聖靈從來都不是單向的
[00:25:24.760 --> 00:25:32.920]  比如你看教育裡面的掃羅,聖靈離開掃羅,這個不是一個單向的問題
[00:25:32.920 --> 00:25:41.400]  而是掃羅自己也是離開上帝,所以從來都沒有一個單向的聖靈,包括靈恩爺
[00:25:41.400 --> 00:25:51.800]  即是靈偶,聖靈的激賭,方言,不是單向上身,突然間聖靈這樣做,不是,我想說都是人的工作
[00:25:51.800 --> 00:25:59.240]  所以聖靈的離開都是人離開上帝的意思,所以是一個mutual的關係
[00:25:59.240 --> 00:26:07.480]  所以不是說聖靈走了,快點回來,不是這樣的,而是個人的favor狀態,所以不是這樣的理解
[00:26:07.480 --> 00:26:15.560]  有機會再講這個比較深的問題,26條,創造神學裡面,上帝提到男女皆按神創造
[00:26:15.560 --> 00:26:21.560]  為什麼女性承受更多的生理痛苦和患癌的機會率?
[00:26:21.560 --> 00:26:30.360]  那是不是聖經是對男女愛平等呢?上帝對耶穌十字架是男女都是一樣的
[00:26:30.360 --> 00:26:35.560]  就算你的患癌機會高也好,不代表上帝的愛是少一點的
[00:26:35.560 --> 00:26:42.560]  那很糟糕,那些癌症不是很慘嗎?所以就算有癌也好,不代表上帝的愛是少了
[00:26:42.560 --> 00:26:49.560]  所以人生的狀況有很多不同的狀況,但這個不關事,上帝的愛是一樣的
[00:26:49.560 --> 00:26:55.560]  下一個,基督徒經常講恩典,可不可以講一下什麼是恩典?
[00:26:55.560 --> 00:27:08.560]  恩典最簡單來說就是不是我們伯伯領受,不是我們靠自己,而是上帝伯伯賜予的
[00:27:08.560 --> 00:27:16.560]  所以上帝的賜予是任何東西,你的生命,你的生活上的供應,救恩
[00:27:16.560 --> 00:27:23.560]  所以我們經常講上帝恩典很多東西,假設你待會乘車回去,趕到的那班車是恩典
[00:27:23.560 --> 00:27:29.560]  所以很多的好事是恩典,但不代表這個意義
[00:27:29.560 --> 00:27:33.560]  所以任何上帝伯伯賜予的都是恩典
[00:27:33.560 --> 00:27:39.560]  有機會,對不起沒時間了,已經是九點鐘了,所以再飛,謝謝
[00:27:39.560 --> 00:27:47.560]  主動侍奉為天上積遂財寶,是不是太過使賄呢?這個是不是要改變呢?
[00:27:47.560 --> 00:27:55.560]  我不是這樣想的,誰會這樣呢?誰會因為天上積遂財寶而侍奉呢?
[00:27:55.560 --> 00:28:03.560]  我不是這樣想的,應該是因為上帝很愛我們,所以願意回應多一點
[00:28:03.560 --> 00:28:11.560]  所以不是一種投資的想法,而是回應上帝的愛
[00:28:11.560 --> 00:28:18.560]  下一條,信仰無法強迫,人人都要向上帝交雀,這樣想對不對呢?
[00:28:18.560 --> 00:28:24.560]  對的,信仰無法強迫,所以無論我們怎樣強迫都無法強迫你
[00:28:24.560 --> 00:28:30.560]  我們只能強迫自己,你自己願意自由地回應,所以我們無法強迫別人
[00:28:30.560 --> 00:28:36.560]  所以牧者很慘,牧者無法強迫,但又要強迫你們做,想你們做,但無法強迫
[00:28:36.560 --> 00:28:42.560]  所以鐵拳加木箭最好,所以大家不要強迫,是你們的自由
[00:28:42.560 --> 00:28:54.560]  下一條,假設神是全能全知,祂早就知道我們信或不信
[00:28:54.560 --> 00:29:00.560]  信或不信是不是神的劇本呢?我會說不是
[00:29:00.560 --> 00:29:09.560]  信仰,我們有自由選擇,上帝沒有強迫某些人信或不信
[00:29:09.560 --> 00:29:14.560]  雖然祂知道,但不代表祂已經計劃好了
[00:29:14.560 --> 00:29:19.560]  下一條,怎樣看這個問題?
[00:29:19.560 --> 00:29:26.560]  這個就叫加以民主義,所以我想說,你不需要相信這個說話
[00:29:26.560 --> 00:29:34.560]  首先你是新教徒,你是一個加以民主義者,你才會想這個問題
[00:29:34.560 --> 00:29:43.560]  加以民主義就是上帝已經預定了一切,上帝已經編了誰信誰不信,誰下地獄誰不是這樣
[00:29:43.560 --> 00:29:48.560]  這是瘋狂的,但又是強了上帝的主權
[00:29:48.560 --> 00:29:54.560]  所以我覺得這是沒有一個人能夠回答問題
[00:29:54.560 --> 00:29:59.560]  但你想說一次得救不是說你曾經在N年前決志就得救
[00:29:59.560 --> 00:30:02.560]  就算是Calvinist也不是這樣想的
[00:30:02.560 --> 00:30:06.560]  所以不是你一次N年前決志就得救就永遠得救
[00:30:06.560 --> 00:30:13.560]  而是一旦得救就永遠得救
[00:30:13.560 --> 00:30:17.560]  如果上帝要拯救你,你一定得救
[00:30:17.560 --> 00:30:23.560]  所以如果上帝拯救你,你是不能不被拯救
[00:30:23.560 --> 00:30:25.560]  所以這是加以民主義者的看法
[00:30:25.560 --> 00:30:29.560]  所以你不需要相信這個說話,如果你不是加以民主義者就不需要相信這個說話
[00:30:29.560 --> 00:30:34.560]  但我想說,肯定不是你曾經決志就必定得救
[00:30:34.560 --> 00:30:38.560]  因為你有很多不同,我也不知道,到時候信佛也不知道
[00:30:38.560 --> 00:30:41.560]  所以將來沒有人知道這件事
[00:30:41.560 --> 00:30:44.560]  但不會說曾經決志就一定得救
[00:30:44.560 --> 00:30:52.560]  這是一生來遲定永生,不一定來努力去struggle的事情
[00:30:52.560 --> 00:30:55.560]  所以不要覺得一次得救,一次決志就得救
[00:30:55.560 --> 00:30:56.560]  好,下一條
[00:30:56.560 --> 00:31:05.560]  在耶穌回來之前,未曾聽過福音的人和以前的人是否永生呢?
[00:31:05.560 --> 00:31:07.560]  因為有很多不同的說法
[00:31:07.560 --> 00:31:11.560]  譬如天主教有一個叫靈覺慾,叫Limbo
[00:31:11.560 --> 00:31:15.560]  可能聽過Limbo,就是曾經以前的人在那裡
[00:31:15.560 --> 00:31:23.560]  耶穌三天之前做了什麼呢?
[00:31:23.560 --> 00:31:25.560]  受了十字架,那三天做了什麼呢?
[00:31:25.560 --> 00:31:27.560]  降了陰間
[00:31:27.560 --> 00:31:32.560]  那三天陰間就拯救了以前的人,這是其中一個說法
[00:31:32.560 --> 00:31:37.560]  所以有很多不同的說法,上帝可能拯救他們
[00:31:37.560 --> 00:31:40.560]  簡單來說我們不知道
[00:31:40.560 --> 00:31:44.560]  所以這是我們不能夠確定的事情
[00:31:44.560 --> 00:31:50.560]  但是有些人說靈覺慾,那些人說耶穌過了陰間那三天就拯救了他們
[00:31:50.560 --> 00:31:51.560]  好,下一條
[00:31:51.560 --> 00:31:58.560]  普救論所說的耶穌救恩是普世,沒有信和不信的分別
[00:31:58.560 --> 00:32:00.560]  這個是不是事實呢?
[00:32:00.560 --> 00:32:02.560]  上帝的愛有沒有條件呢?
[00:32:02.560 --> 00:32:05.560]  上帝的愛是沒有條件的
[00:32:05.560 --> 00:32:09.560]  上帝不只是愛一些祂所拯救、預定的人
[00:32:09.560 --> 00:32:11.560]  上帝是愛所有的人
[00:32:11.560 --> 00:32:15.560]  但是不是普救論呢?也不是
[00:32:15.560 --> 00:32:17.560]  所以信和不信有什麼分別呢?
[00:32:17.560 --> 00:32:22.560]  信和不信有什麼分別呢?
[00:32:22.560 --> 00:32:25.560]  分別在於不是得不得救的問題
[00:32:25.560 --> 00:32:30.560]  而是你去不去作為一個見證耶穌的人
[00:32:30.560 --> 00:32:33.560]  信和不信不是解作得救這麼簡單
[00:32:33.560 --> 00:32:34.560]  是解作什麼呢?
[00:32:34.560 --> 00:32:38.560]  你願意去跟隨、去回應上帝救一個人
[00:32:38.560 --> 00:32:40.560]  一個見證耶穌的人,基督徒
[00:32:40.560 --> 00:32:45.560]  所以上帝的愛是全部人的
[00:32:45.560 --> 00:32:51.560]  所以上帝是會愛全部人的
[00:32:51.560 --> 00:32:54.560]  但是普救論是不對的
[00:32:54.560 --> 00:32:57.560]  所以嘉義民主又不是完全對的
[00:32:57.560 --> 00:32:59.560]  那怎麼辦呢?我不知道
[00:32:59.560 --> 00:33:01.560]  但是很重要的是什麼呢?
[00:33:01.560 --> 00:33:03.560]  但是你只需要知道是對的就可以了
[00:33:03.560 --> 00:33:05.560]  你不需要疏忽
[00:33:05.560 --> 00:33:07.560]  記住什麼?上帝很愛我們
[00:33:07.560 --> 00:33:12.560]  上帝愛每一個人,十字架是為每一個人而設的
[00:33:12.560 --> 00:33:15.560]  你相信祂就有永生
[00:33:15.560 --> 00:33:20.560]  相信祂就是願意去跟隨祂、去回應祂
[00:33:20.560 --> 00:33:21.560]  你知道這麼多就可以了
[00:33:21.560 --> 00:33:24.560]  你怎麼去疏忽祂呢?其實沒有人能夠疏忽到的
[00:33:24.560 --> 00:33:26.560]  這是奧秘來的
[00:33:26.560 --> 00:33:27.560]  我想說的就是這樣
[00:33:27.560 --> 00:33:30.560]  你只要信一些對的東西
[00:33:30.560 --> 00:33:31.560]  信神愛我們
[00:33:31.560 --> 00:33:34.560]  我們願意相信祂就有永生
[00:33:34.560 --> 00:33:37.560]  相信上帝愛所有人
[00:33:37.560 --> 00:33:40.560]  相信上帝不會去押生還是去地獄
[00:33:40.560 --> 00:33:42.560]  但是怎麼去疏忽?我不知道
[00:33:42.560 --> 00:33:45.560]  上師任何人去解決都是錯的
[00:33:45.560 --> 00:33:47.560]  或者不是完全對的
[00:33:47.560 --> 00:33:48.560]  這就是上帝的奧秘
[00:33:48.560 --> 00:33:51.560]  將奧秘放在一個位置就最對了
[00:33:51.560 --> 00:33:53.560]  你只要相信這些對的東西就可以了
[00:33:53.560 --> 00:33:58.560]  最後有些現場觀眾的問題可以看一下
[00:33:58.560 --> 00:34:01.560]  先看一下問題
[00:34:01.560 --> 00:34:12.560]  這裏有很多
[00:34:12.560 --> 00:34:16.560]  87號
[00:34:16.560 --> 00:34:23.560]  如果我失憶,走定信仰會得救嗎?
[00:34:23.560 --> 00:34:24.560]  這個我問過的問題
[00:34:24.560 --> 00:34:26.560]  以後我突然間會狼思外
[00:34:26.560 --> 00:34:28.560]  狼思外到媽媽都不認得
[00:34:28.560 --> 00:34:30.560]  兒子又不記得哪個是耶穌
[00:34:30.560 --> 00:34:32.560]  那怎麼辦?我信不了耶穌
[00:34:32.560 --> 00:34:33.560]  大家想過了嗎?
[00:34:33.560 --> 00:34:35.560]  我真的想過了
[00:34:35.560 --> 00:34:36.560]  我都說了
[00:34:36.560 --> 00:34:41.560]  相信上帝其實不在乎於你的相信
[00:34:41.560 --> 00:34:43.560]  在乎於上帝拯救
[00:34:43.560 --> 00:34:45.560]  所以不是上帝
[00:34:45.560 --> 00:34:48.560]  耶穌做了九成九的事
[00:34:48.560 --> 00:34:49.560]  你相信
[00:34:49.560 --> 00:34:51.560]  如果你不相信我就奈何不了你
[00:34:51.560 --> 00:34:52.560]  我也不相信
[00:34:52.560 --> 00:34:53.560]  不是這樣的
[00:34:53.560 --> 00:34:55.560]  信是一個回應
[00:34:55.560 --> 00:34:56.560]  是一個依靠
[00:34:56.560 --> 00:34:57.560]  是一個跟隨
[00:34:57.560 --> 00:34:58.560]  是一個見證
[00:34:58.560 --> 00:35:01.560]  所以信不信這個位置
[00:35:01.560 --> 00:35:04.560]  影響不了上帝對你的愛
[00:35:04.560 --> 00:35:06.560]  影響不了你的救恩
[00:35:06.560 --> 00:35:08.560]  因為信是一個回應
[00:35:08.560 --> 00:35:14.560]  信不是上天堂最後的一個百分比
[00:35:14.560 --> 00:35:16.560]  沒有就好像破了那個答案
[00:35:16.560 --> 00:35:18.560]  相信是一個回應
[00:35:18.560 --> 00:35:21.560]  不在乎於你信不信
[00:35:21.560 --> 00:35:24.560]  唯獨信心指向著唯獨恩典
[00:35:24.560 --> 00:35:26.560]  唯獨基督
[00:35:26.560 --> 00:35:30.560]  所以信不是一個工具性過程
[00:35:30.560 --> 00:35:32.560]  是一個回應
[00:35:32.560 --> 00:35:34.560]  不是一個不理不信就奈何不了你
[00:35:34.560 --> 00:35:36.560]  是一個關鍵的東西
[00:35:36.560 --> 00:35:37.560]  我什麼都做不了
[00:35:37.560 --> 00:35:38.560]  我唯有相信
[00:35:38.560 --> 00:35:40.560]  這個就是信心最重要的本意
[00:35:40.560 --> 00:35:42.560]  就是純粹的依靠
[00:35:42.560 --> 00:35:43.560]  我做不了
[00:35:43.560 --> 00:35:47.560]  所以你不是靠你的信心去救
[00:35:47.560 --> 00:35:50.560]  instrumentally是
[00:35:50.560 --> 00:35:52.560]  但是唯有靠基督去救
[00:35:52.560 --> 00:35:53.560]  耶穌基督
[00:35:53.560 --> 00:35:54.560]  上帝恩典
[00:35:54.560 --> 00:35:55.560]  上帝的愛
[00:35:55.560 --> 00:35:57.560]  信心就是一個回應
[00:35:57.560 --> 00:35:58.560]  我們一起祈禱
[00:35:58.560 --> 00:36:01.560]  主我們感謝你
[00:36:01.560 --> 00:36:04.560]  因為你十字架上來拯救我們
[00:36:04.560 --> 00:36:05.560]  今天我們一起來
[00:36:05.560 --> 00:36:07.560]  再一次來認識
[00:36:07.560 --> 00:36:08.560]  去聆聽
[00:36:08.560 --> 00:36:10.560]  求主你幫助我們
[00:36:10.560 --> 00:36:11.560]  讓我們每一個人
[00:36:11.560 --> 00:36:16.560]  我們當中能夠更加懂得去相信你
[00:36:16.560 --> 00:36:18.560]  去回應你對我們的呼召
[00:36:18.560 --> 00:36:19.560]  去跟隨你
[00:36:19.560 --> 00:36:21.560]  成為一個見證你的基督徒
[00:36:21.560 --> 00:36:23.560]  主下求你幫助我們
[00:36:23.560 --> 00:36:25.560]  基督徒每一個考慮
[00:36:25.560 --> 00:36:27.560]  仍然在當中去移民的新朋友
[00:36:27.560 --> 00:36:30.560]  也能夠在當中去認識你
[00:36:30.560 --> 00:36:31.560]  見到這份美好
[00:36:31.560 --> 00:36:32.560]  奉主命求
[00:36:32.560 --> 00:36:33.560]  阿門
