
[00:00:00.000 --> 00:00:03.000]  我們聽到之前一起禱告
[00:00:03.000 --> 00:00:09.000]  天父上帝向您獻上感謝和讚美
[00:00:09.000 --> 00:00:11.000]  當我們在敬拜的時候
[00:00:11.000 --> 00:00:13.000]  我們再一次被師哥提醒
[00:00:13.000 --> 00:00:17.000]  耶穌基督降世這是什麼道理
[00:00:17.000 --> 00:00:19.000]  當我們回望過去的我們
[00:00:19.000 --> 00:00:23.000]  我們仍然能夠響起您的電
[00:00:23.000 --> 00:00:25.000]  這些都是主祢給我們的恩典
[00:00:25.000 --> 00:00:27.000]  當我們能夠在您的電
[00:00:27.000 --> 00:00:29.000]  再一次聽您的話語的時候
[00:00:29.000 --> 00:00:31.000]  求聖靈再一次光照我們
[00:00:31.000 --> 00:00:32.000]  感動我們
[00:00:32.000 --> 00:00:36.000]  以致我們的生命能夠傳言奉獻給您
[00:00:36.000 --> 00:00:39.000]  我們這樣祈禱奉耶穌基督的聖名祈求
[00:00:39.000 --> 00:00:44.000]  今天是閱題子節的最後一講
[00:00:44.000 --> 00:00:49.000]  我的講題是血本無歸
[00:00:49.000 --> 00:00:51.000]  如果大家有留意的話
[00:00:51.000 --> 00:00:55.000]  如果是投資人聽到血本無歸
[00:00:55.000 --> 00:00:57.000]  應該會很驚慌
[00:00:57.000 --> 00:00:59.000]  因為沒有子節
[00:00:59.000 --> 00:01:02.000]  所以就去到血本無歸的地步
[00:01:02.000 --> 00:01:06.000]  當然子節這個用詞
[00:01:06.000 --> 00:01:09.000]  不只是在投資裡面用
[00:01:09.000 --> 00:01:14.000]  在人際關係上也會用到子節這個詞
[00:01:14.000 --> 00:01:18.000]  有些人令我們很內耗
[00:01:18.000 --> 00:01:21.000]  有些人令我們很內耗很消磨
[00:01:21.000 --> 00:01:23.000]  所以我們也要子節
[00:01:23.000 --> 00:01:28.000]  可能是一段長期令你很失望的友情
[00:01:28.000 --> 00:01:30.000]  或者是一段付出了很多
[00:01:30.000 --> 00:01:33.000]  但感受不到對方珍惜你的關係
[00:01:33.000 --> 00:01:35.000]  可能是一個你很愛他
[00:01:35.000 --> 00:01:38.000]  但同時也很怕他的家人
[00:01:38.000 --> 00:01:39.000]  坊間很多時候說
[00:01:39.000 --> 00:01:40.000]  如果是這樣的情況
[00:01:40.000 --> 00:01:41.000]  我們也要子節
[00:01:41.000 --> 00:01:44.000]  我們也不要付出那麼多
[00:01:44.000 --> 00:01:47.000]  可能為了我們保護自己
[00:01:47.000 --> 00:01:50.000]  所以我們不知不覺也建立了一個機制
[00:01:50.000 --> 00:01:54.000]  就是我們和人保持一個安好的距離
[00:01:54.000 --> 00:01:57.000]  說話我們點到即止
[00:01:57.000 --> 00:01:59.000]  不要說得那麼深入
[00:01:59.000 --> 00:02:00.000]  覺得有什麼不妥的時候
[00:02:00.000 --> 00:02:02.000]  我們就馬上閃開
[00:02:02.000 --> 00:02:05.000]  我不是覺得這樣不對
[00:02:05.000 --> 00:02:08.000]  我經常說保持健康界線
[00:02:08.000 --> 00:02:11.000]  確實有助身心健康
[00:02:11.000 --> 00:02:14.000]  而且也是非常有智慧的事
[00:02:14.000 --> 00:02:17.000]  不過慢慢我們會發現一件事
[00:02:17.000 --> 00:02:20.000]  其實人一方面是很想被愛
[00:02:20.000 --> 00:02:22.000]  被明白 被接納
[00:02:22.000 --> 00:02:25.000]  但另一方面我們又很怕受傷
[00:02:25.000 --> 00:02:27.000]  很怕失望 很怕吃虧
[00:02:27.000 --> 00:02:29.000]  所以我們對人
[00:02:29.000 --> 00:02:32.000]  我們有時候會走前兩步
[00:02:32.000 --> 00:02:35.000]  又退後三步
[00:02:35.000 --> 00:02:37.000]  我們一邊很渴望
[00:02:37.000 --> 00:02:39.000]  但一邊又保護自己
[00:02:39.000 --> 00:02:41.000]  一邊想去愛和被愛
[00:02:41.000 --> 00:02:44.000]  但一邊又怕會虧本
[00:02:44.000 --> 00:02:46.000]  傷痕累累
[00:02:46.000 --> 00:02:48.000]  不過其實我自己覺得
[00:02:48.000 --> 00:02:50.000]  我們心底裏
[00:02:50.000 --> 00:02:55.000]  其實都是渴望可以不似虧而被愛
[00:02:55.000 --> 00:02:58.000]  和可以不似虧而愛
[00:02:58.000 --> 00:03:00.000]  不過在現實世界裏
[00:03:00.000 --> 00:03:04.000]  我們很多時候都不敢放下
[00:03:04.000 --> 00:03:06.000]  保護自己的那面牆
[00:03:06.000 --> 00:03:08.000]  今天我會和大家去看一段
[00:03:08.000 --> 00:03:11.000]  大部分人都很熟悉的經文
[00:03:11.000 --> 00:03:14.000]  我希望透過這段熟悉的故事
[00:03:14.000 --> 00:03:16.000]  讓我們可以重新再看一次
[00:03:16.000 --> 00:03:19.000]  裏面那份如此顛覆的愛
[00:03:19.000 --> 00:03:21.000]  以致因為這份愛
[00:03:21.000 --> 00:03:24.000]  可以將我們的牆解開
[00:03:24.000 --> 00:03:26.000]  我們一起讀一次經文
[00:03:26.000 --> 00:03:30.000]  《路家坊》第15章11至32節
[00:03:30.000 --> 00:03:32.000]  請大家一起讀 預備起
[00:03:32.000 --> 00:03:34.000]  到遠方去了
[00:03:34.000 --> 00:03:36.000]  他在那裏生活放蕩
[00:03:36.000 --> 00:03:38.000]  揮霍錢財
[00:03:38.000 --> 00:03:40.000]  他耗盡了自己的一切
[00:03:40.000 --> 00:03:43.000]  那地方又鬧起大饑荒
[00:03:43.000 --> 00:03:45.000]  他就陷入困境
[00:03:45.000 --> 00:03:49.000]  他去投靠當地的一個居民
[00:03:49.000 --> 00:03:52.000]  乃人派他到田裏去餵豬
[00:03:52.000 --> 00:03:56.000]  他恨不得拿豬吃的豆鴿來充饑
[00:03:56.000 --> 00:03:59.000]  這也沒有人給他
[00:03:59.000 --> 00:04:01.000]  他醒悟過來說
[00:04:01.000 --> 00:04:04.000]  我父親有多麼多故宮
[00:04:04.000 --> 00:04:07.000]  他們都有充足的糧食
[00:04:07.000 --> 00:04:10.000]  我卻要在這裏餓死嗎
[00:04:10.000 --> 00:04:14.000]  我要起來到我父親那裏去
[00:04:14.000 --> 00:04:17.000]  父親 我得罪了天
[00:04:17.000 --> 00:04:19.000]  也得罪了你
[00:04:19.000 --> 00:04:22.000]  我再也不配稱為你的兒子
[00:04:22.000 --> 00:04:26.000]  就讓我作你的一個故宮吧
[00:04:26.000 --> 00:04:30.000]  於是他起來往自己的父親那裏去
[00:04:30.000 --> 00:04:33.000]  他還在遠處的時候
[00:04:33.000 --> 00:04:35.000]  父親看見他
[00:04:35.000 --> 00:04:37.000]  用了憐憫的心
[00:04:37.000 --> 00:04:41.000]  跑過去扭著他的脖子親吻他
[00:04:41.000 --> 00:04:43.000]  兒子說
[00:04:43.000 --> 00:04:45.000]  父親 我得罪了天
[00:04:45.000 --> 00:04:47.000]  也得罪了你
[00:04:47.000 --> 00:04:50.000]  我再也不配稱為你的兒子
[00:04:50.000 --> 00:04:53.000]  父親卻吩咐僕人說
[00:04:53.000 --> 00:04:57.000]  快拿最好的袍子穿上
[00:04:57.000 --> 00:05:00.000]  把戒指戴在他手上
[00:05:00.000 --> 00:05:03.000]  把鞋子穿在他腳上
[00:05:03.000 --> 00:05:06.000]  把那頭肥牛毒牽來載了
[00:05:06.000 --> 00:05:09.000]  讓我們吃喝慶祝吧
[00:05:09.000 --> 00:05:12.000]  因為我這個兒子是死而復生
[00:05:12.000 --> 00:05:14.000]  失而復得的
[00:05:14.000 --> 00:05:17.000]  他們就開始慶祝
[00:05:17.000 --> 00:05:20.000]  那時大兒子正在填女
[00:05:20.000 --> 00:05:23.000]  他回來的時候走近家門
[00:05:23.000 --> 00:05:26.000]  聽見音樂和跳舞的聲音
[00:05:26.000 --> 00:05:28.000]  就叫一個僕人來
[00:05:28.000 --> 00:05:31.000]  問他這是怎麼一回事
[00:05:31.000 --> 00:05:33.000]  僕人對他說
[00:05:33.000 --> 00:05:35.000]  你弟弟回來了
[00:05:35.000 --> 00:05:39.000]  你父親因為他安然無恙地回來
[00:05:39.000 --> 00:05:42.000]  就宰了那頭肥牛毒
[00:05:42.000 --> 00:05:44.000]  大兒子就生氣
[00:05:44.000 --> 00:05:46.000]  不肯進去
[00:05:46.000 --> 00:05:48.000]  父親出來勸他
[00:05:48.000 --> 00:05:50.000]  他回答父親說
[00:05:50.000 --> 00:05:52.000]  你看這麼多年來
[00:05:52.000 --> 00:05:57.000]  我服侍你從來沒有違背過你的命令
[00:05:57.000 --> 00:06:01.000]  你卻從來沒有給過我一隻山羊羔
[00:06:01.000 --> 00:06:04.000]  好讓我和朋友一同慶祝
[00:06:04.000 --> 00:06:10.000]  可惜你這個兒子跟妓女一起吞噬了你的財產
[00:06:10.000 --> 00:06:15.000]  他一回來你就為他宰掉那頭肥牛毒
[00:06:15.000 --> 00:06:17.000]  父親對他說
[00:06:17.000 --> 00:06:20.000]  孩子,你時常和我在一起
[00:06:20.000 --> 00:06:23.000]  我的一切都是你的
[00:06:23.000 --> 00:06:26.000]  但你這個弟弟卻是死而復生
[00:06:26.000 --> 00:06:28.000]  失而復得的
[00:06:28.000 --> 00:06:31.000]  所以我們應該歡樂慶祝
[00:06:31.000 --> 00:06:36.000]  相信這也是對大部分人來說熟悉的故事
[00:06:36.000 --> 00:06:39.000]  這是耶穌基督說的比喻
[00:06:39.000 --> 00:06:41.000]  比喻很簡單
[00:06:41.000 --> 00:06:44.000]  就是小兒子很敗家
[00:06:44.000 --> 00:06:46.000]  父親很慈愛
[00:06:46.000 --> 00:06:48.000]  大兒子不值得
[00:06:48.000 --> 00:06:51.000]  可能我們對這個比喻大部分都有這些記憶
[00:06:51.000 --> 00:06:53.000]  對於經文的教導
[00:06:53.000 --> 00:06:55.000]  大家應該都知道
[00:06:55.000 --> 00:06:57.000]  天父很慈愛
[00:06:57.000 --> 00:06:59.000]  無論人怎樣壞
[00:06:59.000 --> 00:07:02.000]  天父都會等我們
[00:07:02.000 --> 00:07:05.000]  而且會無條件接納我們
[00:07:05.000 --> 00:07:07.000]  這個我們大家都知道
[00:07:07.000 --> 00:07:09.000]  但我不知道大家看經文時
[00:07:09.000 --> 00:07:11.000]  會不會有這樣的想法
[00:07:11.000 --> 00:07:14.000]  會不會覺得小兒子也不是那麼壞
[00:07:14.000 --> 00:07:16.000]  分家產
[00:07:16.000 --> 00:07:18.000]  這件事在今天來說很正常
[00:07:18.000 --> 00:07:20.000]  寫一張平安紙
[00:07:20.000 --> 00:07:22.000]  方便日後好辦事
[00:07:22.000 --> 00:07:24.000]  不用爭家產
[00:07:24.000 --> 00:07:28.000]  我們都知道上帝很愛我們
[00:07:28.000 --> 00:07:30.000]  慈愛的主
[00:07:30.000 --> 00:07:32.000]  但我們看這個故事時
[00:07:32.000 --> 00:07:34.000]  不知道大家問心那句
[00:07:34.000 --> 00:07:36.000]  會不會覺得小兒子也是父親種壞的
[00:07:36.000 --> 00:07:38.000]  不知道大家有沒有聽過
[00:07:38.000 --> 00:07:40.000]  有些人用這段經文
[00:07:40.000 --> 00:07:42.000]  或者說家庭教育
[00:07:42.000 --> 00:07:46.000]  可能是父親種壞
[00:07:46.000 --> 00:07:48.000]  他說分家產就分家產
[00:07:48.000 --> 00:07:50.000]  他說回來就回來
[00:07:50.000 --> 00:07:52.000]  都沒有說過他半句
[00:07:52.000 --> 00:07:54.000]  連生日也不教他
[00:07:54.000 --> 00:07:56.000]  還給他那麼多東西
[00:07:56.000 --> 00:07:58.000]  可能我們都覺得
[00:07:58.000 --> 00:08:00.000]  這個父親是不是太溺愛
[00:08:00.000 --> 00:08:02.000]  種壞了兒子
[00:08:02.000 --> 00:08:04.000]  到大兒子生氣
[00:08:04.000 --> 00:08:06.000]  其實我們都明白
[00:08:06.000 --> 00:08:08.000]  問心那句
[00:08:08.000 --> 00:08:10.000]  可能在座不同的弟兄姊妹
[00:08:10.000 --> 00:08:12.000]  在家裡都有不同的兄弟姊妹
[00:08:12.000 --> 00:08:16.000]  總會有一個家庭不理的
[00:08:16.000 --> 00:08:18.000]  家庭不理
[00:08:18.000 --> 00:08:20.000]  遠就高飛
[00:08:20.000 --> 00:08:21.000]  花天酒地
[00:08:21.000 --> 00:08:23.000]  父親或母親最疼愛他
[00:08:23.000 --> 00:08:25.000]  自己留在家裡照顧爸爸
[00:08:25.000 --> 00:08:27.000]  很辛苦
[00:08:27.000 --> 00:08:29.000]  家裡小妹又打你
[00:08:29.000 --> 00:08:31.000]  又給家用
[00:08:31.000 --> 00:08:33.000]  但父親問那句
[00:08:33.000 --> 00:08:35.000]  母親問那句
[00:08:35.000 --> 00:08:37.000]  往往是最不懂事的那句
[00:08:37.000 --> 00:08:39.000]  可能我們都會明白
[00:08:39.000 --> 00:08:41.000]  為什麼這個大兒子那麼生氣
[00:08:41.000 --> 00:08:43.000]  覺得這個父親其實偏心
[00:08:43.000 --> 00:08:45.000]  他什麼都給他
[00:08:45.000 --> 00:08:47.000]  但他一直在的
[00:08:47.000 --> 00:08:49.000]  他見不到他
[00:08:49.000 --> 00:08:51.000]  如果大家這樣看這個比喻
[00:08:51.000 --> 00:08:53.000]  或者我們用了這個眼光
[00:08:53.000 --> 00:08:55.000]  去看這個比喻
[00:08:55.000 --> 00:08:57.000]  是錯的
[00:08:57.000 --> 00:08:59.000]  我們知道不應該這樣看
[00:08:59.000 --> 00:09:01.000]  我們也不可以這樣看
[00:09:01.000 --> 00:09:04.000]  因為耶穌說這個比喻的時候
[00:09:04.000 --> 00:09:06.000]  不是跟我們今時今日
[00:09:06.000 --> 00:09:08.000]  2026年的香港說
[00:09:08.000 --> 00:09:10.000]  而是跟當時
[00:09:10.000 --> 00:09:12.000]  當時是一群什麼人說
[00:09:12.000 --> 00:09:14.000]  當時有一群人
[00:09:14.000 --> 00:09:17.000]  他們是活在一個叫榮辱文化的人說
[00:09:17.000 --> 00:09:19.000]  什麼來的呢?
[00:09:19.000 --> 00:09:21.000]  簡單來說
[00:09:21.000 --> 00:09:23.000]  當時這個意識形態
[00:09:23.000 --> 00:09:25.000]  就是他們每一個人做的決定
[00:09:25.000 --> 00:09:27.000]  背後都會有一個計算
[00:09:27.000 --> 00:09:29.000]  就是這個東西我會有尊榮
[00:09:29.000 --> 00:09:31.000]  還是這個東西會帶來羞恥
[00:09:31.000 --> 00:09:33.000]  羞辱
[00:09:33.000 --> 00:09:35.000]  總之他們這個計算
[00:09:35.000 --> 00:09:37.000]  是很自動的
[00:09:37.000 --> 00:09:39.000]  無意識的
[00:09:39.000 --> 00:09:41.000]  好像空氣一樣存在
[00:09:41.000 --> 00:09:43.000]  大約大家可以想的就是
[00:09:43.000 --> 00:09:45.000]  今天我們香港人去決定
[00:09:45.000 --> 00:09:47.000]  我們不會想的
[00:09:47.000 --> 00:09:49.000]  不用用腦子去過濾
[00:09:49.000 --> 00:09:51.000]  我們第一下就會想
[00:09:51.000 --> 00:09:53.000]  做來有沒有用?有沒有錢?有沒有好處?
[00:09:53.000 --> 00:09:55.000]  我們很容易會想這些
[00:09:55.000 --> 00:09:57.000]  如果這件事是浪費心機
[00:09:57.000 --> 00:09:59.000]  熬夜沒結果
[00:09:59.000 --> 00:10:01.000]  甚至會令到我們名譽受損的話
[00:10:01.000 --> 00:10:03.000]  我們一定是
[00:10:03.000 --> 00:10:05.000]  只蝕不做
[00:10:05.000 --> 00:10:07.000]  大約類似是這個意思
[00:10:07.000 --> 00:10:09.000]  在耶穌當時的世界
[00:10:09.000 --> 00:10:11.000]  人最緊張的不是蝕錢
[00:10:11.000 --> 00:10:13.000]  而是沒有面子
[00:10:13.000 --> 00:10:15.000]  沒有尊榮
[00:10:15.000 --> 00:10:17.000]  尊榮不是一種自我感覺良好的東西
[00:10:17.000 --> 00:10:19.000]  覺得走出來很多人尊敬他
[00:10:19.000 --> 00:10:21.000]  不是
[00:10:21.000 --> 00:10:23.000]  而是一個公開性、社會性
[00:10:23.000 --> 00:10:25.000]  是群體認可的一個價值
[00:10:25.000 --> 00:10:27.000]  甚至可以說
[00:10:27.000 --> 00:10:29.000]  是當時最高的
[00:10:29.000 --> 00:10:31.000]  文化中最高的價值
[00:10:31.000 --> 00:10:33.000]  有學者甚至形容當時的人
[00:10:33.000 --> 00:10:35.000]  是寧要面子
[00:10:35.000 --> 00:10:37.000]  不要金子
[00:10:37.000 --> 00:10:39.000]  即是說他們寧願在經濟上有損失
[00:10:39.000 --> 00:10:41.000]  都不願意
[00:10:41.000 --> 00:10:43.000]  公開受到羞辱
[00:10:43.000 --> 00:10:45.000]  羞辱是怎樣來的呢
[00:10:45.000 --> 00:10:47.000]  你可以想像
[00:10:47.000 --> 00:10:49.000]  在一個這樣的環境下
[00:10:49.000 --> 00:10:51.000]  所有做的事
[00:10:51.000 --> 00:10:53.000]  都是有規有矩的
[00:10:53.000 --> 00:10:55.000]  凡是離經背道
[00:10:55.000 --> 00:10:57.000]  違反社會規範
[00:10:57.000 --> 00:10:59.000]  做一些古怪的事的時候
[00:10:59.000 --> 00:11:01.000]  其實都會帶來極大的恥辱
[00:11:01.000 --> 00:11:03.000]  而你本身擁有尊榮的人
[00:11:03.000 --> 00:11:05.000]  是千方百計
[00:11:05.000 --> 00:11:07.000]  會維持自己有的尊榮
[00:11:07.000 --> 00:11:09.000]  用盡方法
[00:11:09.000 --> 00:11:11.000]  避免有這些羞辱
[00:11:11.000 --> 00:11:13.000]  在自己身上
[00:11:13.000 --> 00:11:15.000]  我們要戴一副這樣的眼鏡
[00:11:15.000 --> 00:11:17.000]  去看耶穌說的比喻
[00:11:17.000 --> 00:11:19.000]  然後我們再去看一看
[00:11:19.000 --> 00:11:21.000]  父親
[00:11:21.000 --> 00:11:23.000]  在這個比喻裡的父親
[00:11:23.000 --> 00:11:25.000]  我們去看父親的每一個行動
[00:11:25.000 --> 00:11:27.000]  我們就會明白
[00:11:27.000 --> 00:11:29.000]  這個父親的行動
[00:11:29.000 --> 00:11:31.000]  在當時的人的眼裡
[00:11:31.000 --> 00:11:33.000]  是完全不可思議
[00:11:33.000 --> 00:11:35.000]  可以說如果用今天我們的月題來講
[00:11:35.000 --> 00:11:37.000]  就是完全不止此
[00:11:37.000 --> 00:11:39.000]  第十二節
[00:11:39.000 --> 00:11:41.000]  我們知道小兒子
[00:11:41.000 --> 00:11:43.000]  要叫他爸爸分家產
[00:11:43.000 --> 00:11:45.000]  今天分家產
[00:11:45.000 --> 00:11:47.000]  的確是沒什麼
[00:11:47.000 --> 00:11:49.000]  但當時叫爸爸分家產
[00:11:49.000 --> 00:11:51.000]  就等於叫他去死
[00:11:51.000 --> 00:11:53.000]  對他來說是極大的恥辱
[00:11:53.000 --> 00:11:55.000]  如果我們是這個父親
[00:11:55.000 --> 00:11:57.000]  身處在這個文化裡
[00:11:57.000 --> 00:11:59.000]  怎樣的回應才是
[00:11:59.000 --> 00:12:01.000]  適合體統
[00:12:01.000 --> 00:12:03.000]  就是不分
[00:12:03.000 --> 00:12:05.000]  就是不分
[00:12:05.000 --> 00:12:07.000]  因為一分
[00:12:07.000 --> 00:12:09.000]  你就什麼都沒有
[00:12:09.000 --> 00:12:11.000]  不分之餘
[00:12:11.000 --> 00:12:13.000]  如果適合體統
[00:12:13.000 --> 00:12:15.000]  更加要斷絕和他的關係
[00:12:15.000 --> 00:12:17.000]  以保自己和家族的尊榮
[00:12:17.000 --> 00:12:19.000]  以保自己和家族的尊榮
[00:12:19.000 --> 00:12:21.000]  不過這個父親沒有這樣做
[00:12:21.000 --> 00:12:23.000]  第十二節
[00:12:23.000 --> 00:12:25.000]  他說父親把財產分給兩個兒子
[00:12:25.000 --> 00:12:27.000]  就是說父親
[00:12:27.000 --> 00:12:29.000]  明知會得恥辱
[00:12:29.000 --> 00:12:31.000]  父親明知會羞恥
[00:12:31.000 --> 00:12:33.000]  他仍然照分身家
[00:12:33.000 --> 00:12:35.000]  單單是這一步
[00:12:35.000 --> 00:12:37.000]  已經虧蝕了
[00:12:37.000 --> 00:12:39.000]  這個父親虧蝕了很多
[00:12:39.000 --> 00:12:41.000]  之後這個小兒子賣家產
[00:12:41.000 --> 00:12:43.000]  遠走高飛
[00:12:43.000 --> 00:12:45.000]  去到外邦的地方
[00:12:45.000 --> 00:12:47.000]  已經暗示了
[00:12:47.000 --> 00:12:49.000]  最後他淪落到要餵豬
[00:12:49.000 --> 00:12:51.000]  也有聽人說
[00:12:51.000 --> 00:12:53.000]  外邦地方加上豬
[00:12:53.000 --> 00:12:55.000]  這幅圖畫一聽
[00:12:55.000 --> 00:12:57.000]  是一件不能接受的事
[00:12:57.000 --> 00:12:59.000]  是一件不能接受的事
[00:12:59.000 --> 00:13:01.000]  是收家收到盡
[00:13:01.000 --> 00:13:03.000]  幾乎不能翻身的圖像
[00:13:03.000 --> 00:13:05.000]  第十七節
[00:13:05.000 --> 00:13:07.000]  我們知道小兒子醒悟過來
[00:13:07.000 --> 00:13:09.000]  醒悟過來
[00:13:09.000 --> 00:13:11.000]  他知道自己過去想去做的事
[00:13:11.000 --> 00:13:13.000]  他知道他不配再做兒子
[00:13:13.000 --> 00:13:15.000]  他知道他不配再做兒子
[00:13:15.000 --> 00:13:17.000]  他沒有被人趕出來
[00:13:17.000 --> 00:13:19.000]  沒有被人殺已經算是這樣
[00:13:19.000 --> 00:13:21.000]  他不配再做兒子
[00:13:21.000 --> 00:13:23.000]  所以他說我要回去做一個故宮算了
[00:13:23.000 --> 00:13:25.000]  所以他說我要回去做一個故宮算了
[00:13:25.000 --> 00:13:27.000]  他目的就是
[00:13:27.000 --> 00:13:29.000]  我爸爸其實什麼都有
[00:13:29.000 --> 00:13:31.000]  我死死地氣
[00:13:31.000 --> 00:13:33.000]  起碼我爸爸可以讓我
[00:13:33.000 --> 00:13:35.000]  用一些勞力
[00:13:35.000 --> 00:13:37.000]  我降格做勞工
[00:13:37.000 --> 00:13:39.000]  我用勞力
[00:13:39.000 --> 00:13:41.000]  去賺取工資
[00:13:41.000 --> 00:13:43.000]  他希望是這樣
[00:13:43.000 --> 00:13:45.000]  希望自己不用那麼慘
[00:13:45.000 --> 00:13:47.000]  然後第二十節
[00:13:47.000 --> 00:13:49.000]  父親是什麼反應
[00:13:49.000 --> 00:13:51.000]  他還在遠處的時候
[00:13:51.000 --> 00:13:53.000]  父親看見他
[00:13:53.000 --> 00:13:55.000]  就動了憐憫的心
[00:13:55.000 --> 00:13:57.000]  跑過去扭著他的拔指親吻他
[00:13:57.000 --> 00:13:59.000]  這一節我們很感動
[00:13:59.000 --> 00:14:01.000]  我們看見那幅圖畫
[00:14:01.000 --> 00:14:03.000]  就是父親站在很遠的村口
[00:14:03.000 --> 00:14:05.000]  已經在等兒子回來
[00:14:05.000 --> 00:14:07.000]  遠遠看見他已經跑過去
[00:14:07.000 --> 00:14:09.000]  抱著他一直在親
[00:14:09.000 --> 00:14:11.000]  但當我們放入
[00:14:11.000 --> 00:14:13.000]  榮辱文化的時候
[00:14:13.000 --> 00:14:15.000]  我們會發現
[00:14:15.000 --> 00:14:17.000]  這一句不單止是感人
[00:14:17.000 --> 00:14:19.000]  這一句更加是驚人
[00:14:19.000 --> 00:14:21.000]  這一句更加是驚人
[00:14:21.000 --> 00:14:23.000]  是很震撼的
[00:14:23.000 --> 00:14:25.000]  為什麼呢
[00:14:25.000 --> 00:14:27.000]  因為一家之主
[00:14:27.000 --> 00:14:29.000]  有頭有面 高高在上
[00:14:29.000 --> 00:14:31.000]  有他相應的體統
[00:14:31.000 --> 00:14:33.000]  但這裡說這個父親做什麼
[00:14:33.000 --> 00:14:35.000]  他是跑
[00:14:35.000 --> 00:14:37.000]  跑這個動作
[00:14:37.000 --> 00:14:39.000]  是很失禮的
[00:14:39.000 --> 00:14:41.000]  在當時對一個高高在上
[00:14:41.000 --> 00:14:43.000]  有頭有面的男人來說
[00:14:43.000 --> 00:14:45.000]  當時的男人
[00:14:45.000 --> 00:14:47.000]  是穿著長袍
[00:14:47.000 --> 00:14:49.000]  跑是意味著他要拿起他的袍
[00:14:49.000 --> 00:14:51.000]  然後露出
[00:14:51.000 --> 00:14:53.000]  他的小腿
[00:14:53.000 --> 00:14:55.000]  所以跑是完全失禮
[00:14:55.000 --> 00:14:57.000]  失尊嚴的一個舉動
[00:14:57.000 --> 00:14:59.000]  但這個父親卻是
[00:14:59.000 --> 00:15:01.000]  跑
[00:15:01.000 --> 00:15:03.000]  但大家有沒有想過為什麼
[00:15:03.000 --> 00:15:05.000]  這個父親要跑
[00:15:05.000 --> 00:15:07.000]  為什麼這麼遠看見他的時候
[00:15:07.000 --> 00:15:09.000]  就要跑
[00:15:09.000 --> 00:15:11.000]  當然可能是掛念他
[00:15:11.000 --> 00:15:13.000]  忍不住親他
[00:15:13.000 --> 00:15:15.000]  可能也是
[00:15:15.000 --> 00:15:17.000]  但這個父親跑
[00:15:17.000 --> 00:15:19.000]  有很大的原因是
[00:15:19.000 --> 00:15:21.000]  他知道其他的人
[00:15:21.000 --> 00:15:23.000]  大家記得榮辱文化
[00:15:23.000 --> 00:15:25.000]  是這個兒子做了很差的事
[00:15:25.000 --> 00:15:27.000]  要做的是
[00:15:27.000 --> 00:15:29.000]  要跟他斷絕關係
[00:15:29.000 --> 00:15:31.000]  父親跑是要趕著
[00:15:31.000 --> 00:15:33.000]  在其他人都要羞辱
[00:15:33.000 --> 00:15:35.000]  這個兒子之前
[00:15:35.000 --> 00:15:37.000]  他就要去抱著他
[00:15:37.000 --> 00:15:39.000]  他要用自己的身體去抱著他
[00:15:39.000 --> 00:15:41.000]  去親他
[00:15:41.000 --> 00:15:43.000]  目的這個行動就是告訴
[00:15:43.000 --> 00:15:45.000]  全部人知道
[00:15:45.000 --> 00:15:47.000]  這個兒子的羞辱
[00:15:47.000 --> 00:15:49.000]  我來承擔
[00:15:49.000 --> 00:15:51.000]  這個兒子的羞辱
[00:15:51.000 --> 00:15:53.000]  我不再計較
[00:15:53.000 --> 00:15:55.000]  父親是自願代替
[00:15:55.000 --> 00:15:57.000]  這個兒子承受羞恥
[00:15:57.000 --> 00:15:59.000]  抹走這些羞恥
[00:15:59.000 --> 00:16:01.000]  然後我們知道
[00:16:01.000 --> 00:16:03.000]  他更加吩咐人
[00:16:03.000 --> 00:16:05.000]  將袍,即是尊貴的身份
[00:16:05.000 --> 00:16:07.000]  戒指,即是權力
[00:16:07.000 --> 00:16:09.000]  鞋,即是他不是故宮
[00:16:09.000 --> 00:16:11.000]  給這個小兒子
[00:16:11.000 --> 00:16:13.000]  然後還要大排筵席
[00:16:13.000 --> 00:16:15.000]  請所有人出席他的宴會
[00:16:15.000 --> 00:16:17.000]  為什麼要這樣做
[00:16:17.000 --> 00:16:19.000]  是要告訴
[00:16:19.000 --> 00:16:21.000]  全部人知道
[00:16:21.000 --> 00:16:23.000]  父親已經恢復了
[00:16:23.000 --> 00:16:25.000]  這個小兒子的身份
[00:16:25.000 --> 00:16:27.000]  和權柄
[00:16:27.000 --> 00:16:29.000]  你想不想到這個父親做的事
[00:16:29.000 --> 00:16:31.000]  是多麼震撼
[00:16:31.000 --> 00:16:33.000]  或者多麼反常
[00:16:33.000 --> 00:16:35.000]  父親主動跑去
[00:16:35.000 --> 00:16:37.000]  然後恢復小兒子的身份
[00:16:37.000 --> 00:16:39.000]  是公然挑戰
[00:16:39.000 --> 00:16:41.000]  當時的文化秩序
[00:16:41.000 --> 00:16:43.000]  這個父親不是
[00:16:43.000 --> 00:16:45.000]  關上門自己教兒子
[00:16:45.000 --> 00:16:47.000]  即使自己尊榮受損
[00:16:47.000 --> 00:16:49.000]  他也要在所有人的面前
[00:16:49.000 --> 00:16:51.000]  抹走
[00:16:51.000 --> 00:16:53.000]  這個小兒子的恥辱
[00:16:53.000 --> 00:16:55.000]  是令人不可以再
[00:16:55.000 --> 00:16:57.000]  看不起他
[00:16:57.000 --> 00:16:59.000]  是沒有人可以再笑他
[00:16:59.000 --> 00:17:01.000]  沒有人可以再說他
[00:17:01.000 --> 00:17:03.000]  是要令這個小兒子
[00:17:03.000 --> 00:17:05.000]  可以重新堂堂正正地
[00:17:05.000 --> 00:17:07.000]  回到自己的家
[00:17:07.000 --> 00:17:09.000]  這個父親
[00:17:09.000 --> 00:17:11.000]  所做的愛
[00:17:11.000 --> 00:17:13.000]  他不是計算過
[00:17:13.000 --> 00:17:15.000]  他是甘願承受
[00:17:15.000 --> 00:17:17.000]  羞辱
[00:17:17.000 --> 00:17:19.000]  甘願蝕本
[00:17:19.000 --> 00:17:21.000]  他也要挽回
[00:17:21.000 --> 00:17:23.000]  這個小兒子
[00:17:23.000 --> 00:17:25.000]  我們再看看這個大兒子
[00:17:25.000 --> 00:17:27.000]  這個比喻還沒完
[00:17:27.000 --> 00:17:29.000]  當大兒子知道
[00:17:29.000 --> 00:17:31.000]  父親幫這個壞小子
[00:17:31.000 --> 00:17:33.000]  大排筵席的時候
[00:17:33.000 --> 00:17:35.000]  他是有什麼反應
[00:17:35.000 --> 00:17:37.000]  第28節,大兒子很生氣
[00:17:37.000 --> 00:17:39.000]  他不肯進去
[00:17:39.000 --> 00:17:41.000]  他不肯回家
[00:17:41.000 --> 00:17:43.000]  他不肯做這個筵席
[00:17:43.000 --> 00:17:45.000]  我們剛才會覺得
[00:17:45.000 --> 00:17:47.000]  我們生氣也很正常
[00:17:47.000 --> 00:17:49.000]  但當時就不是這樣想
[00:17:49.000 --> 00:17:51.000]  應該這樣說
[00:17:51.000 --> 00:17:53.000]  當時大兒子生氣
[00:17:53.000 --> 00:17:55.000]  才是正常
[00:17:55.000 --> 00:17:57.000]  是對的
[00:17:57.000 --> 00:17:59.000]  但那種正常是什麼呢
[00:17:59.000 --> 00:18:01.000]  正常是符合他們的文化
[00:18:01.000 --> 00:18:03.000]  因為這個小兒子真的不對
[00:18:03.000 --> 00:18:05.000]  令人蒙羞
[00:18:05.000 --> 00:18:07.000]  這個大兒子
[00:18:07.000 --> 00:18:09.000]  就是要跟他斷絕關係
[00:18:09.000 --> 00:18:11.000]  就是想保自己的榮譽
[00:18:11.000 --> 00:18:13.000]  但現在父親不但沒有這樣做
[00:18:13.000 --> 00:18:15.000]  還公開切現
[00:18:15.000 --> 00:18:17.000]  恢復了他的身份
[00:18:17.000 --> 00:18:19.000]  所以大兒子生氣
[00:18:19.000 --> 00:18:21.000]  是表示他不滿父親
[00:18:21.000 --> 00:18:23.000]  你竟然不理會
[00:18:23.000 --> 00:18:25.000]  一直以來社會的規範
[00:18:25.000 --> 00:18:27.000]  你竟然做了這些事
[00:18:27.000 --> 00:18:29.000]  二來他生氣的是
[00:18:29.000 --> 00:18:31.000]  大兒子說
[00:18:31.000 --> 00:18:33.000]  我在家服侍了你這麼多年
[00:18:33.000 --> 00:18:35.000]  你連一隻羊也沒給過我
[00:18:35.000 --> 00:18:37.000]  其實反映的是
[00:18:37.000 --> 00:18:39.000]  他覺得自己的身份受動搖
[00:18:39.000 --> 00:18:41.000]  他覺得我一直以來
[00:18:41.000 --> 00:18:43.000]  對父親這麼忠誠
[00:18:43.000 --> 00:18:45.000]  原來也比不上這個敗家子
[00:18:45.000 --> 00:18:47.000]  不過大兒子不進屋
[00:18:47.000 --> 00:18:49.000]  一起吃飯這個行動
[00:18:49.000 --> 00:18:51.000]  除了生氣之外
[00:18:51.000 --> 00:18:53.000]  其實同樣是
[00:18:53.000 --> 00:18:55.000]  公開羞辱他的父親
[00:18:55.000 --> 00:18:57.000]  大家可以想像
[00:18:57.000 --> 00:18:59.000]  他的父親是延籍的主人
[00:18:59.000 --> 00:19:01.000]  而他是大兒子
[00:19:01.000 --> 00:19:03.000]  他理應就應該
[00:19:03.000 --> 00:19:05.000]  跟父親在一起
[00:19:05.000 --> 00:19:07.000]  招呼客人
[00:19:07.000 --> 00:19:09.000]  一起在裡面
[00:19:09.000 --> 00:19:11.000]  去設宴
[00:19:11.000 --> 00:19:13.000]  大家喜樂
[00:19:13.000 --> 00:19:15.000]  但現在大兒子做的
[00:19:15.000 --> 00:19:17.000]  是公開反對父親做的事
[00:19:17.000 --> 00:19:19.000]  所以同樣是
[00:19:19.000 --> 00:19:21.000]  為父親帶來很大的羞辱
[00:19:21.000 --> 00:19:23.000]  而且他這樣公開
[00:19:23.000 --> 00:19:25.000]  不進入父親的延籍
[00:19:25.000 --> 00:19:27.000]  其實是很嚴重的一件事
[00:19:27.000 --> 00:19:29.000]  如果將來你們記得
[00:19:29.000 --> 00:19:31.000]  或者你們看過
[00:19:31.000 --> 00:19:33.000]  大兒子的父親
[00:19:33.000 --> 00:19:35.000]  或者你們看過
[00:19:35.000 --> 00:19:37.000]  《路加方》第十四章
[00:19:37.000 --> 00:19:39.000]  第十五節
[00:19:39.000 --> 00:19:43.000]  其實耶穌剛剛說完延籍的比喻
[00:19:43.000 --> 00:19:45.000]  那些不願意出席宴會的人
[00:19:45.000 --> 00:19:47.000]  主人家有什麼反應?
[00:19:47.000 --> 00:19:49.000]  主人家是生氣的
[00:19:49.000 --> 00:19:51.000]  我們在第21節看到
[00:19:51.000 --> 00:19:53.000]  然後更加是說
[00:19:53.000 --> 00:19:55.000]  本來我請的那些人
[00:19:55.000 --> 00:19:57.000]  是不會再讓他們進來
[00:19:57.000 --> 00:20:01.000]  本來拒絕出席延籍的人
[00:20:01.000 --> 00:20:05.000]  就是會有這麼嚴重的後果
[00:20:05.000 --> 00:20:09.000]  所以現在延籍主人的大兒子
[00:20:09.000 --> 00:20:11.000]  他公然拒絕參與
[00:20:11.000 --> 00:20:13.000]  爸爸的大延籍
[00:20:13.000 --> 00:20:17.000]  是為父親帶來很大的羞辱
[00:20:17.000 --> 00:20:19.000]  我們一直以為
[00:20:19.000 --> 00:20:21.000]  小兒子才是五逆仔
[00:20:21.000 --> 00:20:23.000]  我們一直以為
[00:20:23.000 --> 00:20:27.000]  小兒子才是公開羞辱他的父親
[00:20:27.000 --> 00:20:29.000]  令到父親丟臉
[00:20:29.000 --> 00:20:31.000]  原來大兒子
[00:20:31.000 --> 00:20:33.000]  也不是我們想像中那麼乖
[00:20:33.000 --> 00:20:37.000]  原來大兒子也不是想像中那麼忠誠
[00:20:37.000 --> 00:20:40.000]  他不進去吃飯這個舉動
[00:20:40.000 --> 00:20:42.000]  其實是和小兒子
[00:20:42.000 --> 00:20:45.000]  說要父親分家產一樣
[00:20:45.000 --> 00:20:49.000]  都是公開羞辱他的父親
[00:20:49.000 --> 00:20:51.000]  但這個父親有什麼反應呢?
[00:20:51.000 --> 00:20:53.000]  第28節
[00:20:53.000 --> 00:20:56.000]  父親出來勸他
[00:20:56.000 --> 00:20:58.000]  他不像剛才比喻所說
[00:20:58.000 --> 00:20:59.000]  他生氣
[00:20:59.000 --> 00:21:01.000]  不像延籍主人說
[00:21:01.000 --> 00:21:03.000]  你不能再進來
[00:21:03.000 --> 00:21:06.000]  這個父親是出來勸他
[00:21:06.000 --> 00:21:09.000]  這個父親出來勸他
[00:21:09.000 --> 00:21:11.000]  你想不想像
[00:21:11.000 --> 00:21:15.000]  都不是一個合體統的事
[00:21:15.000 --> 00:21:19.000]  都同樣是羞辱自己的行動
[00:21:19.000 --> 00:21:21.000]  這個爸爸放下自己的面
[00:21:21.000 --> 00:21:24.000]  要出去勸自己的兒子
[00:21:24.000 --> 00:21:26.000]  你進來吧
[00:21:26.000 --> 00:21:29.000]  是多麼羞恥的一件事
[00:21:29.000 --> 00:21:32.000]  我們以為父親只是偏愛小兒子嗎?
[00:21:32.000 --> 00:21:33.000]  不是
[00:21:33.000 --> 00:21:38.000]  父親同樣都很愛這個大兒子
[00:21:38.000 --> 00:21:40.000]  第20節
[00:21:40.000 --> 00:21:43.000]  父親跑去迎接這個小兒子
[00:21:43.000 --> 00:21:48.000]  現在父親同樣出來勸這個大兒子
[00:21:48.000 --> 00:21:51.000]  他同樣放下自己的尊名
[00:21:51.000 --> 00:21:53.000]  主動出來勸大兒子
[00:21:53.000 --> 00:21:55.000]  你進來吧
[00:21:55.000 --> 00:21:58.000]  但大兒子的反應是甚麼呢?
[00:21:58.000 --> 00:22:00.000]  是令父親更羞辱
[00:22:00.000 --> 00:22:02.000]  大兒子說「你看看」
[00:22:02.000 --> 00:22:03.000]  你看到嗎?
[00:22:03.000 --> 00:22:04.000]  你看
[00:22:04.000 --> 00:22:05.000]  你記得嗎?
[00:22:05.000 --> 00:22:08.000]  小兒子在豬欄
[00:22:08.000 --> 00:22:10.000]  他後悔的時候
[00:22:10.000 --> 00:22:13.000]  他也會上扯叫父親
[00:22:13.000 --> 00:22:17.000]  但這個大兒子在家門口
[00:22:17.000 --> 00:22:20.000]  他連父親都沒有叫
[00:22:20.000 --> 00:22:22.000]  他只說「你看看」
[00:22:22.000 --> 00:22:28.000]  他在所有人面前再一次公開不尊重自己的父親
[00:22:28.000 --> 00:22:32.000]  第29節他說「我多年來沒有違背過你
[00:22:32.000 --> 00:22:36.000]  你連一隻羊給我和朋友慶祝都沒有」
[00:22:36.000 --> 00:22:39.000]  這句話反映了大兒子多年來
[00:22:39.000 --> 00:22:42.000]  他雖然留在父親身邊
[00:22:42.000 --> 00:22:46.000]  但他從來沒有貼近過父親的心
[00:22:46.000 --> 00:22:50.000]  他和父親的關係是較弱的
[00:22:50.000 --> 00:22:53.000]  父親的關係是交易
[00:22:53.000 --> 00:22:57.000]  我守規矩,你要公平地對待我
[00:22:57.000 --> 00:23:00.000]  我有付出,你要給我回報
[00:23:00.000 --> 00:23:03.000]  他不是當父親是他的父親
[00:23:03.000 --> 00:23:07.000]  而是當一個可以計算的僱主
[00:23:07.000 --> 00:23:14.000]  這句話再次為父親帶來更大的羞辱和痛心
[00:23:14.000 --> 00:23:20.000]  但這個永不止舌的父親如何回應大兒子呢?
[00:23:20.000 --> 00:23:26.000]  31節他說「孩子,你時常和我在一起
[00:23:26.000 --> 00:23:28.000]  我的一切都是你的」
[00:23:28.000 --> 00:23:32.000]  大兒子是叫父親做「你」
[00:23:32.000 --> 00:23:37.000]  但父親叫「孩子」
[00:23:37.000 --> 00:23:45.000]  爸爸的呼喊再次肯定大兒子的身份和權力
[00:23:45.000 --> 00:23:48.000]  再次告訴他孩子是回來的
[00:23:48.000 --> 00:23:51.000]  但沒有威脅大兒子的身份
[00:23:51.000 --> 00:23:54.000]  大兒子每一句都是控訴
[00:23:54.000 --> 00:23:58.000]  但父親每一句回應都是愛
[00:23:58.000 --> 00:24:02.000]  他說「你已經時常和我在一起
[00:24:02.000 --> 00:24:05.000]  我的一切都是你的
[00:24:05.000 --> 00:24:10.000]  你進來一起吃飯,一起歡喜快樂」
[00:24:10.000 --> 00:24:13.000]  比喻停在這裡
[00:24:13.000 --> 00:24:15.000]  大兒子最終有沒有入屋?
[00:24:15.000 --> 00:24:17.000]  耶穌沒有說
[00:24:17.000 --> 00:24:20.000]  但我們戴回榮辱文化的眼鏡
[00:24:20.000 --> 00:24:24.000]  去聽父親和兩個兒子的比喻
[00:24:24.000 --> 00:24:26.000]  我們會更加明白到
[00:24:26.000 --> 00:24:30.000]  兩個兒子做的事都是傷盡父親的心
[00:24:30.000 --> 00:24:34.000]  小兒子要分爸爸的家產,再遠走高飛
[00:24:34.000 --> 00:24:37.000]  大兒子表面守規矩
[00:24:37.000 --> 00:24:41.000]  但原來裡面一直和父親計算著計算著
[00:24:41.000 --> 00:24:45.000]  最後更加拒絕進入賢直
[00:24:45.000 --> 00:24:50.000]  而父親在這個比喻中做的差不多每一樣事都是吃虧
[00:24:50.000 --> 00:24:54.000]  分家產是吃虧的
[00:24:54.000 --> 00:24:58.000]  跑出去迎接他的小兒子是吃虧的
[00:24:58.000 --> 00:25:02.000]  出來勸大兒子也是吃虧的
[00:25:02.000 --> 00:25:08.000]  吃虧的就是為了兩個兒子可以回家
[00:25:08.000 --> 00:25:12.000]  以至可以甘願承受他的羞辱
[00:25:12.000 --> 00:25:18.000]  不止吃虧到一個點是令我們難以想像的
[00:25:18.000 --> 00:25:21.000]  但故事來到這裡
[00:25:21.000 --> 00:25:23.000]  可能我們要問一個問題
[00:25:23.000 --> 00:25:27.000]  為什麼耶穌要說一個這麼吃虧的父親?
[00:25:27.000 --> 00:25:30.000]  為什麼耶穌要說這個比喻?
[00:25:30.000 --> 00:25:34.000]  15章1-2原來告訴我們
[00:25:34.000 --> 00:25:40.000]  當時有一群稅吏和罪人要靠著耶穌聽耶穌說話
[00:25:40.000 --> 00:25:45.000]  同時有一群法理財園和律法教師看到的時候
[00:25:45.000 --> 00:25:48.000]  咕咕隆隆發怨言
[00:25:48.000 --> 00:25:52.000]  意思是他們很嫌棄
[00:25:52.000 --> 00:25:56.000]  嫌棄這個人和罪人吃飯
[00:25:56.000 --> 00:25:58.000]  耶穌這樣做很不值得
[00:25:58.000 --> 00:26:00.000]  是自貶身價
[00:26:00.000 --> 00:26:02.000]  虧本
[00:26:02.000 --> 00:26:04.000]  你和罪人吃飯
[00:26:04.000 --> 00:26:06.000]  即是你和他們一樣
[00:26:06.000 --> 00:26:09.000]  你還有什麼聲望?
[00:26:09.000 --> 00:26:11.000]  耶穌說這個比喻
[00:26:11.000 --> 00:26:16.000]  是要回應這群法理財人的耳濛濛
[00:26:16.000 --> 00:26:20.000]  所以聖經說他用一個比喻去回答
[00:26:20.000 --> 00:26:25.000]  這個比喻是15章全都是同一個比喻
[00:26:25.000 --> 00:26:29.000]  分了3-7節的失羊比喻
[00:26:29.000 --> 00:26:32.000]  8-10節的失錢比喻
[00:26:32.000 --> 00:26:35.000]  和我們剛剛說的失子比喻
[00:26:35.000 --> 00:26:37.000]  這是一個比喻
[00:26:37.000 --> 00:26:39.000]  但分了三個情節
[00:26:39.000 --> 00:26:42.000]  我們可以記得三個情節
[00:26:42.000 --> 00:26:47.000]  由頭到尾都是一個虧本的故事
[00:26:47.000 --> 00:26:49.000]  耶穌也是這樣問的
[00:26:49.000 --> 00:26:51.000]  他說哪個人會這樣做?
[00:26:51.000 --> 00:26:53.000]  誰會為了一隻羊
[00:26:53.000 --> 00:26:55.000]  丟下99隻羊不理會?
[00:26:55.000 --> 00:26:57.000]  找到那隻羊
[00:26:57.000 --> 00:26:59.000]  隨時99隻羊都沒有了
[00:26:59.000 --> 00:27:00.000]  因小失大
[00:27:00.000 --> 00:27:02.000]  有誰會為了找到那銀幣
[00:27:02.000 --> 00:27:05.000]  然後大鵬燃席?
[00:27:05.000 --> 00:27:07.000]  隨時找到銀幣都不夠
[00:27:07.000 --> 00:27:09.000]  是虧本的
[00:27:09.000 --> 00:27:11.000]  正常人
[00:27:11.000 --> 00:27:13.000]  我們聽這個比喻
[00:27:13.000 --> 00:27:15.000]  是沒有人會這樣虧本
[00:27:15.000 --> 00:27:17.000]  沒有人會這樣做
[00:27:17.000 --> 00:27:19.000]  但耶穌要跟我們說
[00:27:19.000 --> 00:27:23.000]  是呀,一般人是不會這樣虧本的
[00:27:23.000 --> 00:27:26.000]  一般人是不會這樣做的
[00:27:26.000 --> 00:27:29.000]  在三個虧本的故事裏
[00:27:29.000 --> 00:27:31.000]  其實層層遞進
[00:27:31.000 --> 00:27:33.000]  失羊可能是冒險
[00:27:33.000 --> 00:27:35.000]  失錢這個比喻
[00:27:35.000 --> 00:27:37.000]  只是倒貼
[00:27:37.000 --> 00:27:39.000]  但去到失子的比喻
[00:27:39.000 --> 00:27:42.000]  這個父親連尊榮都沒有了
[00:27:42.000 --> 00:27:46.000]  甘願承受最終極的羞辱
[00:27:46.000 --> 00:27:50.000]  為的是要挽回他自己的意志
[00:27:50.000 --> 00:27:55.000]  法利塞人笑耶穌和罪人吃飯
[00:27:55.000 --> 00:27:57.000]  自貶身價
[00:27:57.000 --> 00:28:00.000]  但耶穌其實就是用這個比喻回應
[00:28:00.000 --> 00:28:02.000]  告訴他們
[00:28:02.000 --> 00:28:04.000]  為了挽回你們
[00:28:04.000 --> 00:28:06.000]  我就是會這樣做
[00:28:06.000 --> 00:28:09.000]  而且耶穌更加自己親身示範
[00:28:09.000 --> 00:28:12.000]  將會親身示範做得更徹底的是
[00:28:12.000 --> 00:28:14.000]  他走向十字架
[00:28:14.000 --> 00:28:19.000]  十字架正正就是當時最羞辱的死法
[00:28:19.000 --> 00:28:21.000]  不是靜靜地
[00:28:21.000 --> 00:28:23.000]  不是悄悄地死
[00:28:23.000 --> 00:28:27.000]  而是在城外公開眾目睽睽下
[00:28:27.000 --> 00:28:30.000]  被人看著他慢慢地死
[00:28:30.000 --> 00:28:33.000]  在社會上宣告他沒有資格
[00:28:33.000 --> 00:28:34.000]  沒有名份
[00:28:34.000 --> 00:28:35.000]  沒有位置
[00:28:35.000 --> 00:28:36.000]  什麼都沒有
[00:28:36.000 --> 00:28:38.000]  是終極的羞辱
[00:28:38.000 --> 00:28:41.000]  但耶穌是甘願走向十字架
[00:28:41.000 --> 00:28:44.000]  當然不是他值得死
[00:28:44.000 --> 00:28:50.000]  而是要承擔我們本來要承受的羞辱和代價
[00:28:50.000 --> 00:28:52.000]  在一般人眼中
[00:28:52.000 --> 00:28:54.000]  在旁觀者眼中
[00:28:54.000 --> 00:28:56.000]  神的兒子被釘
[00:28:56.000 --> 00:28:58.000]  是虧本
[00:28:58.000 --> 00:29:00.000]  是血本無歸
[00:29:00.000 --> 00:29:02.000]  做來有什麼意思
[00:29:02.000 --> 00:29:05.000]  但耶穌要這樣做
[00:29:05.000 --> 00:29:11.000]  就是要換回我們可以得回神兒女的名份
[00:29:11.000 --> 00:29:18.000]  耶穌是親自承擔我們本身承受的羞辱和代價
[00:29:18.000 --> 00:29:21.000]  就好像這個比喻裡的父親
[00:29:21.000 --> 00:29:24.000]  他跑去承擔小兒子的恥辱
[00:29:24.000 --> 00:29:26.000]  恢復他的身份
[00:29:26.000 --> 00:29:29.000]  耶穌走向十字架
[00:29:29.000 --> 00:29:34.000]  也是親自承擔我們本應要受的羞辱
[00:29:34.000 --> 00:29:39.000]  為的是恢復我們神兒女的名份
[00:29:39.000 --> 00:29:45.000]  耶穌對我們是完全不止竊的愛
[00:29:45.000 --> 00:29:51.000]  耶穌是用一份完全不止竊的愛去愛我們
[00:29:51.000 --> 00:29:53.000]  但親愛的姐妹
[00:29:53.000 --> 00:29:55.000]  我們呢
[00:29:55.000 --> 00:30:02.000]  我們又願不願意不止竊地去愛耶穌
[00:30:02.000 --> 00:30:04.000]  親愛的弟兄姊妹
[00:30:04.000 --> 00:30:07.000]  可能我們有時候都是小兒子
[00:30:07.000 --> 00:30:09.000]  回想起來
[00:30:09.000 --> 00:30:12.000]  其實我們都是想要父親的好東西
[00:30:12.000 --> 00:30:16.000]  我們祈禱都是希望得這樣得那樣
[00:30:16.000 --> 00:30:19.000]  那樣順利那樣平安
[00:30:19.000 --> 00:30:23.000]  或者可能我們是想要父親的好東西
[00:30:23.000 --> 00:30:25.000]  但我們又不願意
[00:30:25.000 --> 00:30:28.000]  我們是想要父親的好東西
[00:30:28.000 --> 00:30:31.000]  那樣順利那樣平安
[00:30:31.000 --> 00:30:36.000]  或者可能我們都知道我們生命裡有東西得罪神
[00:30:36.000 --> 00:30:39.000]  我們都覺得我們很不配
[00:30:39.000 --> 00:30:43.000]  所以我們都好像小兒子一樣很遠
[00:30:43.000 --> 00:30:49.000]  我們留在遠處和神保持一個距離
[00:30:49.000 --> 00:30:52.000]  可能有時候我們都好像大兒子
[00:30:52.000 --> 00:30:55.000]  我們自問都安分守己
[00:30:55.000 --> 00:30:57.000]  我們自問都行常聚會
[00:30:57.000 --> 00:31:01.000]  我們自問侍奉奉獻都有努力去做
[00:31:01.000 --> 00:31:05.000]  但我們的心有時候都和神很遠
[00:31:05.000 --> 00:31:07.000]  我們有時候都會計較
[00:31:07.000 --> 00:31:10.000]  有時候我們都會比較
[00:31:10.000 --> 00:31:13.000]  有時候我們都會做到委屈
[00:31:13.000 --> 00:31:15.000]  有時候我們都覺得不值
[00:31:15.000 --> 00:31:17.000]  為什麼會這樣
[00:31:17.000 --> 00:31:25.000]  可能如果我們一直好像小兒子
[00:31:25.000 --> 00:31:28.000]  只顧自己享樂
[00:31:28.000 --> 00:31:31.000]  顧著自己的喜滿足
[00:31:31.000 --> 00:31:34.000]  或者我們好像大兒子
[00:31:34.000 --> 00:31:37.000]  只懂得和人比較
[00:31:37.000 --> 00:31:40.000]  而我們始終都沒有將我們的眼光
[00:31:40.000 --> 00:31:45.000]  放在那位為我們不止蝕的父親
[00:31:45.000 --> 00:31:49.000]  我們就會錯過這份最寶貴的恩典
[00:31:49.000 --> 00:31:52.000]  最終真正血本無歸的
[00:31:52.000 --> 00:31:55.000]  其實會是我們自己
[00:31:55.000 --> 00:31:58.000]  耶穌說這個比喻
[00:31:58.000 --> 00:32:01.000]  當然不是想罵爆我們很壞
[00:32:01.000 --> 00:32:06.000]  耶穌也不是說我們是這樣的人
[00:32:06.000 --> 00:32:08.000]  耶穌是和我們說
[00:32:08.000 --> 00:32:12.000]  無論我們是大兒子還是小兒子
[00:32:12.000 --> 00:32:14.000]  耶穌現在這一刻
[00:32:14.000 --> 00:32:16.000]  都是呼喚著
[00:32:16.000 --> 00:32:20.000]  現在你就回到父親的家
[00:32:20.000 --> 00:32:24.000]  現在你就回到父親身邊
[00:32:24.000 --> 00:32:28.000]  耶穌和瑞利和罪人說
[00:32:28.000 --> 00:32:31.000]  其實你什麼時候醒不過來
[00:32:31.000 --> 00:32:34.000]  隨時就可以回到父親的家
[00:32:34.000 --> 00:32:39.000]  耶穌也同時和法利場和律法教師說
[00:32:39.000 --> 00:32:42.000]  你們不要再耳耳暗暗
[00:32:42.000 --> 00:32:46.000]  現在你就過來和我們一起吃飯
[00:32:46.000 --> 00:32:49.000]  因為我不是這樣計算的
[00:32:49.000 --> 00:32:54.000]  耶穌一直在等我們放下比較
[00:32:54.000 --> 00:32:56.000]  不再計較
[00:32:56.000 --> 00:32:58.000]  願意進入父親的家
[00:32:58.000 --> 00:33:00.000]  一起享受筵席
[00:33:00.000 --> 00:33:03.000]  耶穌最期望看到的畫面
[00:33:03.000 --> 00:33:07.000]  是大小兒子都能夠一起在家
[00:33:07.000 --> 00:33:09.000]  一起吃飯
[00:33:09.000 --> 00:33:11.000]  一起歡喜快樂
[00:33:11.000 --> 00:33:13.000]  所以對父親來說
[00:33:13.000 --> 00:33:16.000]  最傷心的是什麼呢?
[00:33:16.000 --> 00:33:19.000]  我想父親最傷心的是
[00:33:19.000 --> 00:33:23.000]  兩個兒子都不願意親近他
[00:33:23.000 --> 00:33:26.000]  對父親最傷心的是
[00:33:26.000 --> 00:33:30.000]  小兒子一直覺得自己罪無可恕
[00:33:30.000 --> 00:33:33.000]  所以一直和他保持距離
[00:33:33.000 --> 00:33:35.000]  不敢回家
[00:33:35.000 --> 00:33:37.000]  父親傷心的是
[00:33:37.000 --> 00:33:41.000]  大兒子一直只執著規矩
[00:33:41.000 --> 00:33:44.000]  公平和比較
[00:33:44.000 --> 00:33:47.000]  所以也同樣不肯進入家
[00:33:47.000 --> 00:33:51.000]  兩個兒子都不願意親近他
[00:33:51.000 --> 00:33:53.000]  這是父親最傷心
[00:33:53.000 --> 00:33:56.000]  最不願意看到的局面
[00:33:56.000 --> 00:33:59.000]  而父親一直在呼喚我們
[00:33:59.000 --> 00:34:01.000]  我們一起進來吃飯
[00:34:01.000 --> 00:34:03.000]  一起進來慶祝
[00:34:03.000 --> 00:34:06.000]  一起享受我的愛
[00:34:06.000 --> 00:34:09.000]  所以親愛的弟兄姊妹
[00:34:09.000 --> 00:34:13.000]  我們不要再和神保持安好的距離
[00:34:13.000 --> 00:34:18.000]  也不要在門口再和神計算很多條數
[00:34:18.000 --> 00:34:20.000]  因為我們都看到
[00:34:20.000 --> 00:34:22.000]  我們都知道
[00:34:22.000 --> 00:34:27.000]  其實天父對我們是永不止舍的愛
[00:34:27.000 --> 00:34:29.000]  這份愛是值得我們
[00:34:29.000 --> 00:34:34.000]  用上我們最深最深的愛去回應的
[00:34:34.000 --> 00:34:38.000]  這份愛不是因為我們做事而得的
[00:34:38.000 --> 00:34:41.000]  而是耶穌承擔恥辱
[00:34:41.000 --> 00:34:44.000]  釘上十架換尼
[00:34:44.000 --> 00:34:48.000]  我記得我剛回教會的時候
[00:34:48.000 --> 00:34:52.000]  團契有個姐妹和我做栽培之類的事
[00:34:52.000 --> 00:34:54.000]  她當時問我一個問題
[00:34:54.000 --> 00:34:59.000]  她說「神那麼愛你,你要怎樣回應?」
[00:34:59.000 --> 00:35:03.000]  「神那麼愛你,你要怎樣回應?」
[00:35:03.000 --> 00:35:05.000]  弟兄姊妹
[00:35:05.000 --> 00:35:11.000]  「神那麼愛你,你要怎樣回應?」
[00:35:11.000 --> 00:35:13.000]  我當時很不肯定
[00:35:13.000 --> 00:35:16.000]  我是否靈修多一點
[00:35:16.000 --> 00:35:19.000]  是否回到穩定崇拜
[00:35:19.000 --> 00:35:23.000]  是否做足奉獻
[00:35:23.000 --> 00:35:27.000]  可能我們的腦袋都在想我們要做些甚麼
[00:35:27.000 --> 00:35:31.000]  很自然地和小兒子和大兒子一樣
[00:35:31.000 --> 00:35:33.000]  小兒子都是想回去做
[00:35:33.000 --> 00:35:37.000]  大兒子都是想回去做
[00:35:37.000 --> 00:35:39.000]  那位姐妹跟我說
[00:35:39.000 --> 00:35:41.000]  她說不是
[00:35:41.000 --> 00:35:44.000]  她說當你知道神那麼愛你
[00:35:44.000 --> 00:35:47.000]  你要做的事很簡單
[00:35:47.000 --> 00:35:50.000]  你就是愛著
[00:35:50.000 --> 00:35:54.000]  就是要越來越愛著
[00:35:54.000 --> 00:35:58.000]  越來越愛著
[00:35:58.000 --> 00:36:00.000]  在月提子時的最後一講
[00:36:00.000 --> 00:36:03.000]  我想說我們真的要止蝕
[00:36:03.000 --> 00:36:08.000]  要止蝕的不是哪一段令我們消磨的關係
[00:36:08.000 --> 00:36:13.000]  也不是哪一個不再值得我們付出的人
[00:36:13.000 --> 00:36:15.000]  而是我們真的要放下
[00:36:15.000 --> 00:36:18.000]  一直用來保護自己
[00:36:18.000 --> 00:36:23.000]  一直和神計算著的那份保留
[00:36:23.000 --> 00:36:25.000]  我們要放下
[00:36:25.000 --> 00:36:28.000]  我們要完全愛耶穌
[00:36:28.000 --> 00:36:31.000]  我們要和神親近
[00:36:31.000 --> 00:36:34.000]  親近上帝的心
[00:36:34.000 --> 00:36:38.000]  耶穌不止蝕去愛我們
[00:36:38.000 --> 00:36:41.000]  今天我們又願不願意
[00:36:41.000 --> 00:36:43.000]  毫無保留
[00:36:43.000 --> 00:36:46.000]  不止蝕去愛耶穌呢
[00:36:46.000 --> 00:36:48.000]  我們一起禱告
[00:36:48.000 --> 00:36:54.000]  愛我們的恩主
[00:36:54.000 --> 00:36:56.000]  我們向你獻上感謝
[00:36:56.000 --> 00:37:00.000]  我們不配大夢主你自己的救贖
[00:37:00.000 --> 00:37:05.000]  我們今天能夠得著做兒女的名分
[00:37:05.000 --> 00:37:08.000]  這是主你給我們的恩典
[00:37:08.000 --> 00:37:12.000]  當我們回望自己的生命
[00:37:12.000 --> 00:37:16.000]  傳言是主你給我們能夠繼續經歷到
[00:37:16.000 --> 00:37:19.000]  和體會到上帝你的愛
[00:37:19.000 --> 00:37:22.000]  我們可能仍然不知道怎樣去愛你更多
[00:37:22.000 --> 00:37:25.000]  可能我們仍然有很多的保留
[00:37:25.000 --> 00:37:27.000]  很多的計較
[00:37:27.000 --> 00:37:29.000]  很多的害怕
[00:37:29.000 --> 00:37:31.000]  但主求你幫助我們
[00:37:31.000 --> 00:37:33.000]  讓我們整個的生命
[00:37:33.000 --> 00:37:36.000]  我們都是完全屬於你
[00:37:36.000 --> 00:37:38.000]  讓我們整個的思想
[00:37:38.000 --> 00:37:40.000]  我們都是蒙你喜悅
[00:37:40.000 --> 00:37:41.000]  我們這樣祈禱
[00:37:41.000 --> 00:37:43.000]  奉耶穌基督的聖名祈求
[00:37:43.000 --> 00:37:45.000]  阿門

