
[00:00:00.000 --> 00:00:19.000]  今日經訓記載於《路加福音》第十三章十至二十一節
[00:00:19.000 --> 00:00:23.000]  在《新約聖經》一百零三頁
[00:00:23.000 --> 00:00:25.000]  請聽我讀出
[00:00:25.000 --> 00:00:37.000]  「安息日,耶穌在會堂裡教訓人,有一個女人被鬼附著,病了十八年,腰彎得一點直不起來。
[00:00:37.000 --> 00:00:52.000]  耶穌看見,便叫過她來,對她說:女人,你脫離這病了。於是用兩隻手按著她,她立刻直起腰來,就歸榮耀於神。
[00:00:52.000 --> 00:01:07.000]  管會堂的因為耶穌在安息日治病,就氣憤憤地對眾人說:有六日應當作供,那六日之內可以來求醫,在安息日卻不可。
[00:01:07.000 --> 00:01:17.000]  主說:假冒為善的人啊!難道你們各人在安息日不解開曹上的牛奴牽去飲嗎?
[00:01:17.000 --> 00:01:28.000]  況且這女人本是亞伯拉罕的後裔,被撒旦捆綁了這十八年,不當在安息日解開她的綁嗎?
[00:01:28.000 --> 00:01:48.000]  耶穌說:她的敵人都慚愧了,眾人因她所行一切榮耀的事,就都氣憤了。聖經讀筆。
[00:01:53.000 --> 00:02:07.000]  請姐妹平安,今天我們繼續按著這個主題門徒生命力的教導去思想下,究竟當我們跟從耶穌的路裏面,怎樣產生這份影響力。
[00:02:07.000 --> 00:02:13.000]  但一開始的時候,不知道大家去想這個系列的時候有沒有一個疑問,就是門徒,
[00:02:13.000 --> 00:02:21.000]  當我在校園裏面以前去傳科音的時候,有些人都會問,你們基督徒是不是十八變成整天身份都不同呢?
[00:02:21.000 --> 00:02:28.000]  一時又說自己是信徒,一時又說有些是使徒,一時又說是聖徒,然後又說是門徒。
[00:02:28.000 --> 00:02:33.000]  嘩!這麼多徒,又是基督徒,究竟是怎樣解釋的呢?就問我這個問題。
[00:02:33.000 --> 00:02:43.000]  其實在很多人的眼中,都以為門徒是給那些很認真的信仰,我做信徒就行了,我信就行了。
[00:02:43.000 --> 00:02:48.000]  然後那些聖徒更厲害,嘩!一定是談一些很厲害的事,所以就叫聖徒了。
[00:02:48.000 --> 00:02:53.000]  但是當你回到聖經裏面的時候,一開始的時候都沒有這樣分,
[00:02:53.000 --> 00:03:00.000]  其實每一個不同的什麼徒什麼徒的身份,都是我們每一個跟從耶穌的人的特質,
[00:03:00.000 --> 00:03:07.000]  並且按著不同的一些情況去形容我們的時候,就有不同的名稱了。
[00:03:07.000 --> 00:03:12.000]  所以當我們今天講到這個門徒生命力的教導的時候,其實你不要馬上就想,
[00:03:12.000 --> 00:03:19.000]  都是給那些很認真信仰的人去聽,其實當你跟從耶穌,相信耶穌那一刻,
[00:03:19.000 --> 00:03:24.000]  這個生命力的教導都已經在我們生命裏面去產生。
[00:03:24.000 --> 00:03:33.000]  即使我們可能來自不同的背景,可能有不同的社會背景,性別或者工作等等的事,
[00:03:33.000 --> 00:03:40.000]  但是我們都同樣可以在這個段落,這些教導裏面得著這個教導。
[00:03:40.000 --> 00:03:48.000]  正如這段時間我們用著耶穌在耶路撒冷的路上所做的神蹟和一些教導裏面,
[00:03:48.000 --> 00:03:53.000]  其實都不斷更新著我們一些價值觀,一些生命的看法。
[00:03:53.000 --> 00:04:01.000]  所以當我們要成為一個門徒的時候,一定要讓上帝去動到我們裏面的一些看法,
[00:04:01.000 --> 00:04:04.000]  才是一個門徒的生命的塗造。
[00:04:04.000 --> 00:04:11.000]  記住,路加他記下這些事,不是只是讓我們知道,哇,耶穌很厲害,
[00:04:11.000 --> 00:04:14.000]  行了這樣的神蹟,OK,我知道就算了。
[00:04:14.000 --> 00:04:19.000]  而是這個神蹟再加上一些教導,一定跟我們的生命有關係。
[00:04:19.000 --> 00:04:25.000]  正如如果你有聖經,你打開路加福音,第一章裏面都已經講明了,
[00:04:25.000 --> 00:04:29.000]  他當時寫信的抬頭是告訴一個叫提亞菲羅的大人,
[00:04:29.000 --> 00:04:36.000]  有好些人已經提筆作書,寫了很多關於他們中間實現了的事,
[00:04:36.000 --> 00:04:41.000]  是照著傳道人從起初親眼所見到的,又傳給我們。
[00:04:41.000 --> 00:04:46.000]  而路加將這些事由頭到尾去詳細考察了,
[00:04:46.000 --> 00:04:50.000]  跟著現在按次序寫給提亞菲羅大人,
[00:04:50.000 --> 00:04:53.000]  要讓他知道所學的道是確實的。
[00:04:53.000 --> 00:04:58.000]  當路加在坊間已經很多關於耶穌的事去講了,
[00:04:58.000 --> 00:05:04.000]  也有很多不同的書信去講這些事的時候,路加做了很多資料搜集。
[00:05:04.000 --> 00:05:09.000]  他做這些資料搜集不是再一次重複地告訴提亞菲羅大人,
[00:05:09.000 --> 00:05:13.000]  有這些事發生,而是當他在當中加入他的編輯,
[00:05:13.000 --> 00:05:18.000]  和去整合這些資料的時候,很想將耶穌的教導,
[00:05:18.000 --> 00:05:22.000]  去跟提亞菲羅大人這個修信人的生命去連結,
[00:05:22.000 --> 00:05:26.000]  讓他知道原來耶穌做的這一切跟他有關係。
[00:05:26.000 --> 00:05:32.000]  所以跟從耶穌作門徒的功課,除了對當時的提亞菲羅大人來說,
[00:05:32.000 --> 00:05:34.000]  一定也會很有挑戰。
[00:05:34.000 --> 00:05:37.000]  當你看回提亞菲羅大人這個人是什麼人呢?
[00:05:37.000 --> 00:05:40.000]  當然這個名字可能是一個隱沒了的,
[00:05:40.000 --> 00:05:43.000]  就是一個愛上帝的一個人,
[00:05:43.000 --> 00:05:46.000]  但是大人這個字就很重要,
[00:05:46.000 --> 00:05:49.000]  因為是形容他當時有一定的地位,
[00:05:49.000 --> 00:05:54.000]  或者在希羅的世界裡面有一定的位份的一個人。
[00:05:54.000 --> 00:05:59.000]  所以你試想一下,一個在社會上有一定影響力的人,
[00:05:59.000 --> 00:06:04.000]  如果他藉著看完路加社的路加福音的時候,
[00:06:04.000 --> 00:06:09.000]  產生了改變,他就會成為了很多人的祝福。
[00:06:09.000 --> 00:06:14.000]  正如上個星期,阿威牧師說到追求在神面前的富足的時候,
[00:06:14.000 --> 00:06:18.000]  正正可能也是提亞菲羅大人這個階層的人,
[00:06:18.000 --> 00:06:22.000]  很需要去注意和要學習的地方。
[00:06:22.000 --> 00:06:25.000]  當然,可能我們就馬上想,
[00:06:25.000 --> 00:06:28.000]  我又不是什麼大人,又沒有什麼地位,
[00:06:28.000 --> 00:06:31.000]  又不是人工很高,職場又不是很重要,
[00:06:31.000 --> 00:06:35.000]  甚或乎可能我們經常覺得那些事都不關我的事,
[00:06:35.000 --> 00:06:38.000]  我專心做我自己手頭上的工作,
[00:06:38.000 --> 00:06:41.000]  可能以為自己是一個小薯仔,沒有什麼影響力,
[00:06:41.000 --> 00:06:45.000]  可能我就想,我信耶穌,安分守己就可以了,
[00:06:45.000 --> 00:06:48.000]  我不做壞事就夠了。
[00:06:48.000 --> 00:06:52.000]  但事實上,我們都不可以忘記,
[00:06:52.000 --> 00:06:56.000]  本身跟從耶穌那一班的人,
[00:06:56.000 --> 00:07:01.000]  都是一些漁夫,一些小角色,一些社會上的小薯仔。
[00:07:01.000 --> 00:07:03.000]  但是在這個歷程裏面,
[00:07:03.000 --> 00:07:07.000]  他們一步一步經歷上帝的塗造,經歷上帝的神蹟,
[00:07:07.000 --> 00:07:12.000]  以致讓上帝的故事在他們身上發生,
[00:07:12.000 --> 00:07:18.000]  才再傳到提亞非羅大人的耳邊,去知道這件事。
[00:07:18.000 --> 00:07:22.000]  所以今天,作為耶穌的門徒,
[00:07:22.000 --> 00:07:28.000]  不是只是看你現在這一刻所處的光景所產生的生命力,
[00:07:28.000 --> 00:07:36.000]  而是看你的生命在耶穌的手中所產生的影響力,那種生命力。
[00:07:36.000 --> 00:07:41.000]  所以當故事今天來到這個段落的時候,
[00:07:41.000 --> 00:07:46.000]  就是要教導我們怎樣才真正產生這一種,
[00:07:46.000 --> 00:07:50.000]  影響著身邊的人,門徒真正有的影響力。
[00:07:50.000 --> 00:07:52.000]  而當我們看回這個段落,
[00:07:52.000 --> 00:07:55.000]  一開始你看內容的時候很清楚,
[00:07:55.000 --> 00:08:00.000]  就是在安息日裏面,耶穌在會堂治好了一個婦人的事。
[00:08:00.000 --> 00:08:06.000]  而這個段落是緊連著整個十二章開始的大段落。
[00:08:06.000 --> 00:08:07.000]  為什麼這樣說呢?
[00:08:07.000 --> 00:08:09.000]  當你打開聖經第十二章的時候,
[00:08:09.000 --> 00:08:15.000]  第一節說:「在這個時候有幾萬人聚集,甚至彼此踐踏。」
[00:08:15.000 --> 00:08:21.000]  耶穌就開講:「先對門徒說:你們要防備法利賽人的黑教,
[00:08:21.000 --> 00:08:23.000]  就是假冒為善,
[00:08:23.000 --> 00:08:28.000]  遮掩蓋的是沒有不露出來的,
[00:08:28.000 --> 00:08:31.000]  隱藏的是沒有不被知道的。
[00:08:31.000 --> 00:08:36.000]  因此你們在暗中所說的,將要在明處被人聽見;
[00:08:36.000 --> 00:08:41.000]  在內瑟父耳所說的,將要在房上被人宣揚。」
[00:08:41.000 --> 00:08:44.000]  這個就是十二章的一開始,這個新的段落,
[00:08:44.000 --> 00:08:47.000]  一開始耶穌的命題。
[00:08:47.000 --> 00:08:50.000]  如果你留意著一些關鍵詞,
[00:08:50.000 --> 00:08:55.000]  就好像教,假冒為善,都在今天的這個段落裏面出現過。
[00:08:55.000 --> 00:08:59.000]  而掩蓋就好像種芥菜種一樣的動作,
[00:08:59.000 --> 00:09:03.000]  隱藏就好像將那些教擺在麵團裏面。
[00:09:03.000 --> 00:09:08.000]  其實這個段落是在回應十二章這個開始的大段落。
[00:09:08.000 --> 00:09:14.000]  而這一切的事,最終都會在一個最終的審判者作為一個判定。
[00:09:14.000 --> 00:09:17.000]  如果你繼續看下去,十二章五節就說:
[00:09:17.000 --> 00:09:24.000]  「我要指示你們當怕的是誰,當怕那殺了以後又有權柄丟在地獄裏的,
[00:09:24.000 --> 00:09:28.000]  我實在告訴你們,正要怕他。」
[00:09:28.000 --> 00:09:34.000]  十二章這個開始就說明這個段落路加想說些什麼,
[00:09:34.000 --> 00:09:38.000]  藉著耶穌行的神蹟的教導去整合了這個主題。
[00:09:38.000 --> 00:09:46.000]  而繼續發展下去,十二章中段就是上個星期William牧師說的那個關於財富和真正富足的主題。
[00:09:46.000 --> 00:09:50.000]  就是說當你今天你怎樣消費,你怎樣用你的錢財,
[00:09:50.000 --> 00:09:55.000]  某程度上都反映著你怎樣看上帝給你的這一切。
[00:09:55.000 --> 00:10:01.000]  你怎樣去運用得著這份滿足,在裏面是反映著你心思意念。
[00:10:01.000 --> 00:10:03.000]  十二章三十四節都說:
[00:10:03.000 --> 00:10:09.000]  「因為你們的財寶在那裏,你們的心也在那裏。」
[00:10:09.000 --> 00:10:13.000]  而這個段落繼續發展下去,就告訴你聽,
[00:10:13.000 --> 00:10:20.000]  今天隱藏了在你心裏面的一些心思意念,一些對神的想法,對人的想法呢?
[00:10:20.000 --> 00:10:23.000]  是的,可能你以為人家不知道的,
[00:10:23.000 --> 00:10:29.000]  但最終會從你的行為,你所做的事,反映出來。
[00:10:29.000 --> 00:10:33.000]  正如可能你心裏面喜歡一個明星,
[00:10:33.000 --> 00:10:39.000]  你的行動就是會追星,可能去看他的演唱會,或者買他的唱片。
[00:10:39.000 --> 00:10:43.000]  可能你喜歡一個球隊的,可能之前就會去看球賽等等的事。
[00:10:43.000 --> 00:10:51.000]  你心裏面有一些喜歡或者喜好,會隨之影響了你去做的每個決定和每個行為。
[00:10:51.000 --> 00:10:54.000]  當然啦,在裏面繼續發展,就說:
[00:10:54.000 --> 00:11:01.000]  「如果你慢慢在跟從耶穌的路裏面,知道這些思想或者有些價值觀不正確的時候,
[00:11:01.000 --> 00:11:07.000]  其他人都可能不知道的,但你自己知道,上帝都知道。」
[00:11:07.000 --> 00:11:13.000]  那怎麼辦呢?原來呢,神一步一步等著我們,塗鑿我們,
[00:11:13.000 --> 00:11:19.000]  讓我們有機會去更新,去改正,去合乎上帝的心意。
[00:11:19.000 --> 00:11:25.000]  正如十二章之後,到第十三章,今天的段落前一點。
[00:11:25.000 --> 00:11:30.000]  第一個段落就是說,有這個無花果樹的比喻,
[00:11:30.000 --> 00:11:37.000]  就是告訴我們,結不到果的無花果樹,上帝不會一下子剁掉它。
[00:11:37.000 --> 00:11:45.000]  他說今年先留著,繼續去塗鑿它,去施肥,看看明年它會不會有改變。
[00:11:45.000 --> 00:11:49.000]  當我們以這個角度去看今天這段經文,
[00:11:49.000 --> 00:11:56.000]  就會明白,原來這個教導,不是只是說耶穌醫好了一個婦人,這麼簡單。
[00:11:56.000 --> 00:12:01.000]  當時耶穌進入會堂裏面教導人,本身也是一件很平常的事,
[00:12:01.000 --> 00:12:06.000]  因為耶穌當時的工作就是這樣,要去教導關於天國的事。
[00:12:06.000 --> 00:12:11.000]  而特別路加在這裏強調的就是,這一天是安息日。
[00:12:11.000 --> 00:12:16.000]  而其實耶穌也不是第一次在安息日去醫病。
[00:12:16.000 --> 00:12:21.000]  在四章三十一節,其實耶穌已經在加伯隆醫好了西門的惡母,
[00:12:21.000 --> 00:12:28.000]  他一出會堂的時候,見到西門的惡母發燒,害重病,所以就醫好了她。
[00:12:28.000 --> 00:12:33.000]  在六章的時候,又有一個安息日,耶穌進入會堂裏面去教訓人,
[00:12:33.000 --> 00:12:37.000]  由一個右手枯乾的人去醫好了她。
[00:12:37.000 --> 00:12:43.000]  而當時的文士和法利塞人也很不喜悅這件事,想要找機會去告他。
[00:12:43.000 --> 00:12:49.000]  所以當去到十三章這裏,再一次說耶穌在安息日裏面醫病,
[00:12:49.000 --> 00:12:56.000]  我相信不會再重複只是說耶穌要挑戰這個安息日的狀況和格式,
[00:12:56.000 --> 00:13:06.000]  而是很想去揭示,在這個律法之下,人究竟隱藏了什麼內心的價值呢?
[00:13:06.000 --> 00:13:09.000]  故事開始了,發生了什麼事呢?
[00:13:09.000 --> 00:13:16.000]  當時有一個明眼一看就知道是有病痛的婦人進入會堂裏面,
[00:13:16.000 --> 00:13:21.000]  可能在會堂裏面,大家都是正正常常一起去聽教導,
[00:13:21.000 --> 00:13:25.000]  就有一個這樣的狀況的婦人來到當中,
[00:13:25.000 --> 00:13:28.000]  外表你看得出可能她是有病患,
[00:13:28.000 --> 00:13:34.000]  但是內心原來她被鬼附著,這個狀況未必每個人都看到。
[00:13:34.000 --> 00:13:38.000]  而這個婦人,亦都好像平常那樣來到會堂的附近,
[00:13:38.000 --> 00:13:41.000]  希望得到別人的周濟幫助,
[00:13:41.000 --> 00:13:44.000]  因為她病患可能在很多的狀況之下,
[00:13:44.000 --> 00:13:48.000]  她都不能夠去處理到,或者有一定的經濟的援助。
[00:13:48.000 --> 00:13:52.000]  而平時會堂除了來聽道的人多之外,
[00:13:52.000 --> 00:13:56.000]  門口附近亦都很多的窮人或者有需要的人,
[00:13:56.000 --> 00:14:01.000]  就是等那些來到聽道,來到認識神,來到敬畏神的人,
[00:14:01.000 --> 00:14:05.000]  希望動一點的慈心去幫助她。
[00:14:05.000 --> 00:14:09.000]  試想像一下,你未必會幻想當時會堂的狀況,
[00:14:09.000 --> 00:14:15.000]  你幻想一下,就好像今天那些在旺角街頭撿紙皮的婆婆,
[00:14:15.000 --> 00:14:19.000]  通常就是腰彎得很厲害,頸又抬不起,
[00:14:19.000 --> 00:14:24.000]  很努力地在為她伸計,在她辛苦,
[00:14:24.000 --> 00:14:28.000]  之後可能你看到有地方去派飯,他們又會去拿飯,
[00:14:28.000 --> 00:14:33.000]  可能表面上你想著,是不是她因為窮,所以要做這些事呢?
[00:14:33.000 --> 00:14:37.000]  但是你如果見過坊間很多新聞去追查這些,
[00:14:37.000 --> 00:14:42.000]  其實可能比我們還要多錢,原來她不是表面上那種貧窮,
[00:14:42.000 --> 00:14:48.000]  或者那種病患,原來內心有些的結,有些的狀況出現了,
[00:14:48.000 --> 00:14:52.000]  令她處身於這種的狀況裏面。
[00:14:52.000 --> 00:14:57.000]  甚或乎可能其實這個婦人都不是說再奢望你幫她,
[00:14:57.000 --> 00:15:01.000]  解決她的什麼狀況,她只是需要你一點點的憐憫,
[00:15:01.000 --> 00:15:07.000]  一點點的幫助,她已經足夠,而不平常的事就是這樣發生。
[00:15:07.000 --> 00:15:14.000]  當時耶穌主動地叫她過來,然後兩手按在她身上就醫好了她,
[00:15:14.000 --> 00:15:20.000]  一個十八年的狀況一下子就醫好了,解脫了,
[00:15:20.000 --> 00:15:26.000]  那還不是神職老家的醫生,沒有可能在醫學上處理到這件事,
[00:15:26.000 --> 00:15:31.000]  所以神職就在這裏,但神職不只是停在這裏,
[00:15:31.000 --> 00:15:34.000]  值得留意的第一件事是什麼呢?
[00:15:34.000 --> 00:15:40.000]  這個婦人從頭到尾從來都沒有叫過耶穌幫她,
[00:15:40.000 --> 00:15:44.000]  大家如果留意的話,她沒有來求耶穌幫我,醫我,
[00:15:44.000 --> 00:15:49.000]  她只是出現了很平常的在會堂裏面,然後耶穌就叫她過來,
[00:15:49.000 --> 00:15:58.000]  就醫好了她,而這件事幫助了她之後,這個婦人也做了安息日應該做的事,
[00:15:58.000 --> 00:16:03.000]  就是歸榮要給神,不斷地讚美上帝去成就了這件事,
[00:16:03.000 --> 00:16:07.000]  而這個很喜出望外的故事是一個很驚訝,
[00:16:07.000 --> 00:16:10.000]  沒有人想過在一個平常的日子裏面發生的事,
[00:16:10.000 --> 00:16:16.000]  她和當時的這個大人物顯得格格不入的那種反應,
[00:16:16.000 --> 00:16:24.000]  因為會堂的主管當然是義憤填膺,覺得這個時候怎麼可以做這些事,
[00:16:24.000 --> 00:16:31.000]  第二個值得留意的是,當耶穌醫好了這個婦人之後,
[00:16:31.000 --> 00:16:34.000]  祂不是罵那個醫好人的婦人,
[00:16:34.000 --> 00:16:41.000]  祂是罵那些如果你們要來求醫的,就在其餘六天來求醫,
[00:16:41.000 --> 00:16:46.000]  不應該在安息日裏面來的,做事那個不是耶穌嗎?
[00:16:46.000 --> 00:16:50.000]  為什麼罵的是那個被人醫好了那個人呢?
[00:16:50.000 --> 00:16:53.000]  可能你會覺得這個管會堂的人是不是含沙射影,
[00:16:53.000 --> 00:16:56.000]  真的想這樣來說回耶穌呢?
[00:16:56.000 --> 00:16:59.000]  但是你看回內文,可能我更加覺得就是,
[00:16:59.000 --> 00:17:04.000]  他都不敢直接罵耶穌,只是將這份發洩和不滿,
[00:17:04.000 --> 00:17:07.000]  發洩在那些普通的小百姓,或者是沒有價值,
[00:17:07.000 --> 00:17:11.000]  或者是沒有一種權威的人身上,
[00:17:11.000 --> 00:17:18.000]  從這個行為顯示給我們知道,其實耶穌一早已經看得出,
[00:17:18.000 --> 00:17:22.000]  這個主管的內心根本就不是安息日的問題,
[00:17:22.000 --> 00:17:26.000]  如果他真的明白安息日的意義的時候,
[00:17:26.000 --> 00:17:30.000]  就會守住真正安息日所做的事,
[00:17:30.000 --> 00:17:33.000]  如果他不明白守來做什麼的時候,
[00:17:33.000 --> 00:17:37.000]  是守住了,只是守住了外表而已,
[00:17:37.000 --> 00:17:40.000]  正如你有機會回去看出埃及的二十章,
[00:17:40.000 --> 00:17:45.000]  裡面就是說定立十誡的時候,安息日的原意,
[00:17:45.000 --> 00:17:48.000]  他說安息日守為聖日的意思就是,
[00:17:48.000 --> 00:17:51.000]  六日要勞碌做你一切的工作,
[00:17:51.000 --> 00:17:55.000]  但是第七日是向耶和華你的神當守的安息日,
[00:17:55.000 --> 00:17:59.000]  這一日你和你的兒女,瀑婢,生畜,
[00:17:59.000 --> 00:18:03.000]  城裡面寄居的客女,無論何工都不可做,
[00:18:03.000 --> 00:18:08.000]  因為六日之內,耶和華做天地海和其中的萬物,
[00:18:08.000 --> 00:18:13.000]  第七日便安息,所以耶和華賜福與安息日定為聖日,
[00:18:13.000 --> 00:18:20.000]  這一日的特別就是讓神成為番神,尊神為聖,
[00:18:20.000 --> 00:18:25.000]  讓人同時間都成為番人,要知道自己有限,
[00:18:25.000 --> 00:18:31.000]  上帝才是一切所做的源頭,這個才是真正的安息,
[00:18:31.000 --> 00:18:37.000]  可惜的是這個表面落守著安息日格式的會堂主管,
[00:18:37.000 --> 00:18:41.000]  內心已經失去了那種對人的憐憫,
[00:18:41.000 --> 00:18:45.000]  令人真正得到安息的心都沒有了,
[00:18:45.000 --> 00:18:51.000]  反而反過來,寧願叫這個婦人你捱多一日,
[00:18:51.000 --> 00:18:55.000]  你怎樣都不要在安息日來,你等多一日明天,
[00:18:55.000 --> 00:18:59.000]  你應該明天才來,這樣才是最好的,
[00:18:59.000 --> 00:19:05.000]  寧願她被病纏繞多一日,都不要在安息日裡得到醫治,
[00:19:05.000 --> 00:19:10.000]  而耶穌在這裡表達的這一份虛偽假冒為善,
[00:19:10.000 --> 00:19:16.000]  就是那種她的生命知道律法,但未被律法的意義,
[00:19:16.000 --> 00:19:22.000]  真正的神的心意去更新她裡面的價值觀的一種狀況,
[00:19:22.000 --> 00:19:27.000]  然後再用一個反比來說明這一種狀況,
[00:19:27.000 --> 00:19:31.000]  難道你們個人在安息日不會解開槽上的牛和驢,
[00:19:31.000 --> 00:19:37.000]  牽牠喝水,意思是你寧願你的牛羊新畜死了,
[00:19:37.000 --> 00:19:43.000]  都不解開牠去做這件事,讓牠能夠有吃有喝,
[00:19:43.000 --> 00:19:50.000]  原來在當時的社會裡,真的有些人看牛羊比人還貴重,
[00:19:50.000 --> 00:19:56.000]  還有價值和意義過人,所以才令到整件事產生一種
[00:19:56.000 --> 00:20:02.000]  用宗教的律法外衣包著的一種毒性的影響力,
[00:20:02.000 --> 00:20:07.000]  以致去壓抑了其他神所喜悅的人,
[00:20:07.000 --> 00:20:13.000]  而事實上當你再細心看一看,如果有些律法或妥拉的時候,
[00:20:13.000 --> 00:20:19.000]  其實耶穌和那個婦人是否真的犯了安息日的律法呢?
[00:20:19.000 --> 00:20:23.000]  其實他們沒有做什麼,婦人也沒有求什麼,
[00:20:23.000 --> 00:20:27.000]  耶穌也沒有舉手高過肩膀或者做什麼很神奇的事,
[00:20:27.000 --> 00:20:34.000]  要去完成這一件神蹟,唯獨是只有顯露出來的果效,
[00:20:34.000 --> 00:20:39.000]  那個管會堂的人覺得不行,接受不了這個完成了的果效,
[00:20:39.000 --> 00:20:44.000]  連這個果效也犯安息日,去挑戰耶穌,
[00:20:44.000 --> 00:20:52.000]  而當時這班黎民百姓同樣其實也看得出這個會堂的心是怎麼想的,
[00:20:52.000 --> 00:20:57.000]  過往可能他們一直對他的態度或者一種管轄,
[00:20:57.000 --> 00:21:02.000]  令他們覺得很受壓抑,這次終於有耶穌幫他們出頭了,
[00:21:02.000 --> 00:21:10.000]  吐一口怨氣,眾人因為耶穌所做的這一切事就覺得榮耀,開心,
[00:21:10.000 --> 00:21:16.000]  所以眾人都一起去經歷那種被釋放出來的影響力,
[00:21:16.000 --> 00:21:20.000]  不單止那個婦人,一班人一起都歡喜快樂,
[00:21:20.000 --> 00:21:23.000]  而這個結局帶來一個很明顯的反差,
[00:21:23.000 --> 00:21:28.000]  就是那些被潛藏著的,抑壓著的釋放出來,
[00:21:28.000 --> 00:21:33.000]  本來以為正義的,被激怒,最後被羞辱,
[00:21:33.000 --> 00:21:38.000]  而本來被困鎖,抑壓著,現在這一刻被釋放,
[00:21:38.000 --> 00:21:42.000]  都歡喜,一個逆轉的結局。
[00:21:42.000 --> 00:21:45.000]  可能你一聽到這裡的時候,心裏面已經很有畫面了,
[00:21:45.000 --> 00:21:49.000]  哇,是不是在畫這些人呢,是的,那些,尾住,尾住,
[00:21:49.000 --> 00:21:54.000]  那個故事雖然剛才Ben叔讀到這裡,但是今天還沒完這個敘事,
[00:21:54.000 --> 00:22:01.000]  還有一個比喻,成為一個總結這個安息日神蹟,
[00:22:01.000 --> 00:22:05.000]  一個很重要的方向,讓我們去想這個應用,
[00:22:05.000 --> 00:22:09.000]  並且去解釋,究竟天國是一樣怎樣的事呢?
[00:22:09.000 --> 00:22:15.000]  既然不只是守著律法的時候,究竟門徒所嚮往的天國的生命力,
[00:22:15.000 --> 00:22:19.000]  應該是怎樣的呢?兩個比喻很相似的,
[00:22:19.000 --> 00:22:24.000]  一個就是芥菜種,一個就是那個教,一開始看的時候可能你以為,
[00:22:24.000 --> 00:22:29.000]  哇,難道天國真的好像一個潛力股那樣,哇,小刀鋸大樹,
[00:22:29.000 --> 00:22:35.000]  就是小小的投資換來很大的成果,是不是就是想說天國的這種影響力呢?
[00:22:35.000 --> 00:22:42.000]  當然,這個是其中一部分,但是如果你細心再看這個裏面的一些細節,
[00:22:42.000 --> 00:22:44.000]  有一個更深的意義,首先就是什麼呢?
[00:22:44.000 --> 00:22:51.000]  有一個人拿芥菜種去種在園裏面,在當時來說是一件很平常的事,
[00:22:51.000 --> 00:22:58.000]  但是特別在於什麼呢?當時人家種的應該是殺種的,
[00:22:58.000 --> 00:23:02.000]  就是不會拿一粒的芥菜種去種在田裏面的,
[00:23:02.000 --> 00:23:07.000]  殺種的意思就是隨機,大概這塊地都不錯,就殺下去,
[00:23:07.000 --> 00:23:11.000]  比起種一粒不同的心態是什麼呢?
[00:23:11.000 --> 00:23:14.000]  哇,如果你手上只有一粒這麼微小的芥菜種,
[00:23:14.000 --> 00:23:18.000]  那你一定會想,一定要找一個合適的地方去種,
[00:23:18.000 --> 00:23:23.000]  不會隨便丟到田裏面,隨它發揮,那這些是殺種而已,
[00:23:23.000 --> 00:23:28.000]  但是如果你手上只有一粒芥菜種,你一定會在一個最好養分的地方,
[00:23:28.000 --> 00:23:33.000]  最好濕度,或者曬到的地方,讓它產生更大的可能,
[00:23:33.000 --> 00:23:37.000]  或者產生那種影響力,這個是第一面,
[00:23:37.000 --> 00:23:42.000]  天國除了為我們生命帶來很大的影響力之外,
[00:23:42.000 --> 00:23:47.000]  你是不是都同樣用心去做一件小事呢?
[00:23:47.000 --> 00:23:52.000]  為了天國,好好去分辨究竟每一個地方究竟哪裡是適合,
[00:23:52.000 --> 00:23:56.000]  起初可能你種那一粒芥菜種下去的時候,
[00:23:56.000 --> 00:24:01.000]  反應不是很明顯的,但是只要你知道這裡是最合適的,
[00:24:01.000 --> 00:24:06.000]  是合神心意的,有一天它會結出一棵樹來,
[00:24:06.000 --> 00:24:11.000]  祝福其他的人,正如剛才十二章一開始那裡說,
[00:24:11.000 --> 00:24:18.000]  掩蓋的是,沒有不露出來的,埋了在泥裏面那一粒芥菜種,
[00:24:18.000 --> 00:24:23.000]  如果你用心,合神心意,合適地這樣放在泥土裏面的時候,
[00:24:23.000 --> 00:24:28.000]  囂冠有一天會成樹,一定會看到,
[00:24:28.000 --> 00:24:33.000]  第二個就是有個婦人拿面膠來藏在麵糰裏面,
[00:24:33.000 --> 00:24:38.000]  也是當時最平常不過的時候,因為每家都要自己做麵包,
[00:24:38.000 --> 00:24:42.000]  沒有麵包店,或者沒有這些製成的東西去買,
[00:24:42.000 --> 00:24:48.000]  但是最特別的地方就是她拿那些面膠放在三豆的麵糰裏面,
[00:24:48.000 --> 00:24:52.000]  三豆的意思是什麼呢?就是22.5公斤,
[00:24:52.000 --> 00:24:58.000]  就是說幾包米,八公斤的話要三至四包米,
[00:24:58.000 --> 00:25:03.000]  很多的麵糰,不只是夠你一家人吃的,
[00:25:03.000 --> 00:25:07.000]  如果以現在的估計是可以做到四十五條,
[00:25:07.000 --> 00:25:11.000]  普通十二件的多士一條那些,
[00:25:11.000 --> 00:25:17.000]  原來這個婦人不只是普通為家人做麵包,
[00:25:17.000 --> 00:25:22.000]  她是做很多很多的麵包,可能拿去賣,
[00:25:22.000 --> 00:25:25.000]  可能拿去供應她家人所需,
[00:25:25.000 --> 00:25:29.000]  所以這個麵膠不只是我們那些興趣班,
[00:25:29.000 --> 00:25:32.000]  看著麵包機,嘩,好厲害呀,這樣發出來,
[00:25:32.000 --> 00:25:36.000]  而是這個婦人辛辛苦苦地在廚房,
[00:25:36.000 --> 00:25:40.000]  甚或乎可能天未光,就要開始製作,
[00:25:40.000 --> 00:25:44.000]  你想一下二十多斤,如果有煮開的影子妹,
[00:25:44.000 --> 00:25:47.000]  你慢慢搓也要一段時間搓,
[00:25:47.000 --> 00:25:51.000]  但是當你在早上默默地去做這件事,
[00:25:51.000 --> 00:25:54.000]  去做這件小事,沒有人看到的,
[00:25:54.000 --> 00:25:59.000]  但是她帶來豐富的那種果效就產生出來,
[00:25:59.000 --> 00:26:02.000]  正如第二段剛才說的十二章二節,
[00:26:02.000 --> 00:26:06.000]  隱藏的事沒有不被人知道的,
[00:26:06.000 --> 00:26:10.000]  當這個麵膠藏在麵團裏面的時候,
[00:26:10.000 --> 00:26:14.000]  所製造出來的那種餵飽更多的人,
[00:26:14.000 --> 00:26:17.000]  是每一個人都會知道,
[00:26:17.000 --> 00:26:22.000]  而最重要只是在乎究竟這個婦人用的膠
[00:26:22.000 --> 00:26:26.000]  和法理塞人的膠的分別在哪裏呢?
[00:26:26.000 --> 00:26:31.000]  這個婦人用的膠是會再加上她的努力,
[00:26:31.000 --> 00:26:36.000]  她的付出,而法理塞人的膠是假冒出來的,
[00:26:36.000 --> 00:26:40.000]  不是真的,當兩者這個比喻加在一起的時候,
[00:26:40.000 --> 00:26:46.000]  我們就會明白,當我們去努力為上帝做一件小事,
[00:26:46.000 --> 00:26:49.000]  用心去付出努力的時候,
[00:26:49.000 --> 00:26:52.000]  上帝是一定會看到,
[00:26:52.000 --> 00:26:56.000]  而且這些狀況不是假冒出來就可以了,
[00:26:56.000 --> 00:26:58.000]  如果只是假裝出來的時候,
[00:26:58.000 --> 00:27:01.000]  你會明白效果一定不會那麼好,
[00:27:01.000 --> 00:27:03.000]  拿著那粒種子隨便吧,
[00:27:03.000 --> 00:27:05.000]  或者拿著麵膠隨便搓吧,
[00:27:05.000 --> 00:27:08.000]  誰知發了一部分,其他都發不到,
[00:27:08.000 --> 00:27:12.000]  如果只是假裝出來,是不會有這些的果效,
[00:27:12.000 --> 00:27:16.000]  當然到最後再加上一點的位置就是,
[00:27:16.000 --> 00:27:21.000]  對了,你用心了,你很努力去付出了默默耕耘,
[00:27:21.000 --> 00:27:25.000]  最後誰叫種子生長的呢?
[00:27:25.000 --> 00:27:30.000]  誰能夠令到膠去發酵的呢?
[00:27:30.000 --> 00:27:33.000]  這一切都是上帝的定立,
[00:27:33.000 --> 00:27:38.000]  所以本身整個的訊息應該是去到第十四章的,
[00:27:38.000 --> 00:27:42.000]  那裏面有一個小彩蛋,當然今天不會再很詳細說,
[00:27:42.000 --> 00:27:45.000]  十四章裏面其實為什麼說是一個彩蛋呢?
[00:27:45.000 --> 00:27:48.000]  你看十四章一節,路加很有趣的,
[00:27:48.000 --> 00:27:52.000]  他把這件事重新發生一次,十四章一節說什麼呢?
[00:27:52.000 --> 00:27:56.000]  安息日,耶穌到一個法利塞人的領袖家裏面吃飯,
[00:27:56.000 --> 00:28:00.000]  他們就窺探他,在他面前有一個玩水鼓的人,
[00:28:00.000 --> 00:28:04.000]  然後耶穌主動地跟那班律法師和法利塞人說,
[00:28:04.000 --> 00:28:09.000]  安息日,醫病,行不行的,問他們,挑戰他們,
[00:28:09.000 --> 00:28:12.000]  然後他們當然馬上不出聲,
[00:28:12.000 --> 00:28:15.000]  耶穌就醫好了那個人,叫他走了,
[00:28:15.000 --> 00:28:17.000]  整個的段落好像一模一樣,
[00:28:17.000 --> 00:28:21.000]  他第五節就繼續說,你們中間有誰有牢有牛,
[00:28:21.000 --> 00:28:26.000]  跌了到井裏,不拉他上來的,他們就沒話好說,
[00:28:26.000 --> 00:28:30.000]  到最後十四章想說的那個再一次說安息日,
[00:28:30.000 --> 00:28:34.000]  那個重點就是,因為凡自高的必降為卑,
[00:28:34.000 --> 00:28:37.000]  自卑的必升為高,
[00:28:37.000 --> 00:28:41.000]  所以這個就是整個段落告訴我們聽的內容,
[00:28:41.000 --> 00:28:44.000]  當整合了整個經文的教導的時候,
[00:28:44.000 --> 00:28:49.000]  對第一手修信人提亞非羅來說是什麼意思呢?
[00:28:49.000 --> 00:28:52.000]  他一定要留意自己在職場,
[00:28:52.000 --> 00:28:59.000]  在今天在做的崗位上,每個大小決定是什麼?
[00:28:59.000 --> 00:29:01.000]  是不是那個好像介塞種那樣,
[00:29:01.000 --> 00:29:04.000]  合適合神心意的決定呢?
[00:29:04.000 --> 00:29:09.000]  是不是默默去為神在做這件事的一個決策呢?
[00:29:09.000 --> 00:29:13.000]  當然大人物可能其實不用用很多時間,
[00:29:13.000 --> 00:29:16.000]  親日親為去做一些小事,或者做一些很實務的事,
[00:29:16.000 --> 00:29:21.000]  通常可能他們開會多,傾事多,應酬多,
[00:29:21.000 --> 00:29:23.000]  做很多交際等等的事,
[00:29:23.000 --> 00:29:27.000]  但是每一個這些的活動背後,
[00:29:27.000 --> 00:29:32.000]  有沒有刻意去想這些他所做的每個決定,
[00:29:32.000 --> 00:29:37.000]  所持住的觀念,和那個利益是什麼呢?
[00:29:37.000 --> 00:29:39.000]  正如那個管會堂的人一樣,
[00:29:39.000 --> 00:29:44.000]  我們都未必會要求他每個需要周祭的人都要認識,
[00:29:44.000 --> 00:29:46.000]  這麼多人很難的,
[00:29:46.000 --> 00:29:53.000]  但是至少他在每一個定案,判決,做決策的時候,
[00:29:53.000 --> 00:29:56.000]  究竟他用什麼為準則呢?
[00:29:56.000 --> 00:29:59.000]  這個上帝很想藉著他,讓我們去反省,
[00:29:59.000 --> 00:30:04.000]  有時候一兩個決定展示不了什麼很大的影響力,
[00:30:04.000 --> 00:30:08.000]  反而是一些持續,恆常做這些的實務,
[00:30:08.000 --> 00:30:11.000]  帶著門徒的心去做,
[00:30:11.000 --> 00:30:16.000]  有一天,有人會看到,有一定的影響力會知道,
[00:30:16.000 --> 00:30:20.000]  同樣,如果你心裏面是心懷不軌,
[00:30:20.000 --> 00:30:23.000]  不看重人的價值的時候,一樣的,
[00:30:23.000 --> 00:30:27.000]  一兩個決定,會眾看不到,其他人看不到的,
[00:30:27.000 --> 00:30:33.000]  但是久而久之,這份影響力,人家是會知道,
[00:30:33.000 --> 00:30:35.000]  當時會堂的那班會眾,
[00:30:35.000 --> 00:30:39.000]  為什麼在耶穌跟他反駁辯論之後,
[00:30:39.000 --> 00:30:42.000]  他們的反應是這麼大的喜悅,
[00:30:42.000 --> 00:30:46.000]  當然,在這裏不是提阿飛羅要討好所有的人,
[00:30:46.000 --> 00:30:51.000]  而是要記住,做的每一個決定是合神的心意,
[00:30:51.000 --> 00:30:56.000]  默默去做,不要成為會堂的主管,而不自知,
[00:30:56.000 --> 00:30:58.000]  最後被人羞辱,
[00:30:58.000 --> 00:31:03.000]  到今天,即使你是大人物也好,或者是小薯仔也好,
[00:31:03.000 --> 00:31:07.000]  當我們作門徒的時候,都同樣要留意,
[00:31:07.000 --> 00:31:10.000]  我們一定有我們的影響力,
[00:31:10.000 --> 00:31:15.000]  無論在你的家庭,在你的崗位,或者在不同的地方,
[00:31:15.000 --> 00:31:19.000]  小至今天其實你坐在這裏,知不知道都有影響力,
[00:31:19.000 --> 00:31:23.000]  你坐在這裏,你身邊那個其實都會想,
[00:31:23.000 --> 00:31:28.000]  為什麼他的崇拜可以這樣,或者會這樣,
[00:31:28.000 --> 00:31:32.000]  原來你同時也在影響身邊的那一個,
[00:31:32.000 --> 00:31:36.000]  同樣,當然如果你成熟的,就不會被他影響,
[00:31:36.000 --> 00:31:39.000]  但是有時候有些初心,或者不知道的,
[00:31:39.000 --> 00:31:42.000]  哦,原來回來是這樣的,
[00:31:42.000 --> 00:31:45.000]  是可以一起玩手機,或者做這些事情的,
[00:31:45.000 --> 00:31:47.000]  哦,那OK啦,這樣,
[00:31:47.000 --> 00:31:52.000]  當然,我們會知道,除了這份影響力,
[00:31:52.000 --> 00:31:54.000]  當我回想這個訊息的時候,
[00:31:54.000 --> 00:31:59.000]  我回到去想,在教會裏面,兒童的工作都是一樣,
[00:31:59.000 --> 00:32:04.000]  有時候你會發現,今天你做在小朋友身上的一件小事,
[00:32:04.000 --> 00:32:06.000]  可能其實他會忘記的,
[00:32:06.000 --> 00:32:10.000]  他會轉過頭,剛才教的是什麼,耶穌,
[00:32:10.000 --> 00:32:13.000]  可能只是知道這樣,
[00:32:13.000 --> 00:32:18.000]  但是埋藏在他生命裏面產生的那種影響,
[00:32:18.000 --> 00:32:20.000]  可能是我們意想不到的,
[00:32:20.000 --> 00:32:23.000]  容讓我最後用兩個小的片段,
[00:32:23.000 --> 00:32:27.000]  是關於這個過去的暑假裏面發生的事,
[00:32:27.000 --> 00:32:30.000]  第一件就是教會今年第一次,
[00:32:30.000 --> 00:32:36.000]  舉辦了一個特別為小六升中一的一班同學的一個營會,
[00:32:36.000 --> 00:32:39.000]  在裏面,當然,前提在之下,
[00:32:39.000 --> 00:32:42.000]  這個暑假當期,大家都知道很忙,
[00:32:42.000 --> 00:32:45.000]  年輕人有年輕人忙,導師有導師的忙,
[00:32:45.000 --> 00:32:48.000]  很多,大家都有不同的節目,
[00:32:48.000 --> 00:32:51.000]  所以當我們教會籌備這個活動的時候,
[00:32:51.000 --> 00:32:54.000]  我們都想,在我們這麽多的裏面,
[00:32:54.000 --> 00:32:58.000]  我們抓緊著重點,就是陪伴著他們,
[00:32:58.000 --> 00:33:00.000]  知道他們有這個轉變,
[00:33:00.000 --> 00:33:03.000]  很需要有一些哥哥姐姐陪陪他們就行了,
[00:33:03.000 --> 00:33:06.000]  所以玩一下,輕鬆一下就可以了,
[00:33:06.000 --> 00:33:09.000]  再加上在這個新的可能,
[00:33:09.000 --> 00:33:10.000]  因為剛才說了,第一次而已,
[00:33:10.000 --> 00:33:14.000]  我們都不敢做什麼很特別的事,
[00:33:14.000 --> 00:33:16.000]  而且在這個升中營裏面,
[00:33:16.000 --> 00:33:20.000]  其實大部份的參與者都是一些新朋友,
[00:33:20.000 --> 00:33:23.000]  一些陪同小學的小學生,
[00:33:23.000 --> 00:33:27.000]  他們都未必是回過教會,或者未穩定回教會,
[00:33:27.000 --> 00:33:32.000]  甚或乎有些是未信主的,都有這些對象為多數,
[00:33:32.000 --> 00:33:35.000]  所以在籌備的時候,我們都會想很多可能的事,
[00:33:35.000 --> 00:33:38.000]  同樣都會想很多不可能的事,
[00:33:38.000 --> 00:33:40.000]  沒有很多限制,
[00:33:40.000 --> 00:33:42.000]  最終在幾位年輕人的帶領之下,
[00:33:42.000 --> 00:33:45.000]  我們的營會就順利完成了,
[00:33:45.000 --> 00:33:47.000]  本來想著可能只是單純,
[00:33:47.000 --> 00:33:51.000]  讓他們感受一下剛才說的那些哥哥姐姐的同行,
[00:33:51.000 --> 00:33:55.000]  但是意想不到聽了其中一位家長分享,
[00:33:55.000 --> 00:33:59.000]  說他的小朋友,這個營會很棒,
[00:33:59.000 --> 00:34:02.000]  他分享了很多點點滴滴在這個營會裏面的得著,
[00:34:02.000 --> 00:34:04.000]  有些是教導,有些是活動,
[00:34:04.000 --> 00:34:06.000]  甚或乎他跟他的媽媽說,
[00:34:06.000 --> 00:34:13.000]  這個營會是他整個回想裏面最有意義的一個營會,
[00:34:13.000 --> 00:34:15.000]  當時我聽的時候都有點不好意思,
[00:34:15.000 --> 00:34:19.000]  預備的時候我們覺得很普通,
[00:34:19.000 --> 00:34:21.000]  但是原來在他的生命裏面,
[00:34:21.000 --> 00:34:24.000]  已經產生了一份影響力,
[00:34:24.000 --> 00:34:27.000]  原來每個很平常的日子,
[00:34:27.000 --> 00:34:29.000]  很平常的活動裏面,
[00:34:29.000 --> 00:34:33.000]  當我們發現有這些需要人的價值的時候,
[00:34:33.000 --> 00:34:35.000]  只要在合適的時候,
[00:34:35.000 --> 00:34:39.000]  你所作的都可以成為人家的祝福。
[00:34:39.000 --> 00:34:45.000]  第二個片段,我們暑期最重頭戲就是暑期聖經班,
[00:34:45.000 --> 00:34:47.000]  本身今年都很大挑戰,
[00:34:47.000 --> 00:34:52.000]  如果大家有看過我們的代讀或者在祈禱會都知道,
[00:34:52.000 --> 00:34:55.000]  很多新的嘗試,新的地方在學校裏面,
[00:34:55.000 --> 00:34:57.000]  新的收費,新的形式,
[00:34:57.000 --> 00:35:01.000]  每一個決策都當然一定有人支持的,
[00:35:01.000 --> 00:35:03.000]  有人就會不太認同的,
[00:35:03.000 --> 00:35:04.000]  人之常情來的,
[00:35:04.000 --> 00:35:06.000]  不是說要怪或者什麼等等的事,
[00:35:06.000 --> 00:35:07.000]  是正常的,
[00:35:07.000 --> 00:35:10.000]  但是我首先都會反省自己,
[00:35:10.000 --> 00:35:12.000]  究竟每一個決定,
[00:35:12.000 --> 00:35:14.000]  我是為了誰呢?
[00:35:14.000 --> 00:35:16.000]  我為什麼要做這個決定,
[00:35:16.000 --> 00:35:18.000]  去有這些新的嘗試呢?
[00:35:18.000 --> 00:35:20.000]  當我覺得自己所為了,
[00:35:20.000 --> 00:35:23.000]  去對這些同學好,
[00:35:23.000 --> 00:35:24.000]  我都要去反思,
[00:35:24.000 --> 00:35:26.000]  去真誠去問問自己,
[00:35:26.000 --> 00:35:28.000]  還是我只是包裝成,
[00:35:28.000 --> 00:35:30.000]  我對你好而已的好,
[00:35:30.000 --> 00:35:32.000]  的每一個決定,
[00:35:32.000 --> 00:35:33.000]  是會有不同的,
[00:35:33.000 --> 00:35:34.000]  大家都懂得分辨,
[00:35:34.000 --> 00:35:37.000]  我對你好和是真的好的決定,
[00:35:37.000 --> 00:35:39.000]  在幾次籌備會議裏面,
[00:35:39.000 --> 00:35:40.000]  我們都發覺,
[00:35:40.000 --> 00:35:42.000]  這次比過去的預備,
[00:35:42.000 --> 00:35:44.000]  其實是輕散了,
[00:35:44.000 --> 00:35:45.000]  雖然有些新的嘗試,
[00:35:45.000 --> 00:35:47.000]  因為有部分的工作,
[00:35:47.000 --> 00:35:49.000]  我們這個小學的好夥伴,
[00:35:49.000 --> 00:35:51.000]  會幫我們分享了,
[00:35:51.000 --> 00:35:54.000]  那些膳食等等的東西都輕鬆了,
[00:35:54.000 --> 00:35:56.000]  而同樣令到導師們,
[00:35:56.000 --> 00:35:57.000]  那些助教們,
[00:35:57.000 --> 00:36:00.000]  更加專心的和那些同學仔,
[00:36:00.000 --> 00:36:01.000]  一起去玩,
[00:36:01.000 --> 00:36:03.000]  一起去相處,
[00:36:03.000 --> 00:36:05.000]  在一個好的地方,
[00:36:05.000 --> 00:36:06.000]  有一班哥哥姐姐,
[00:36:06.000 --> 00:36:08.000]  導師好的陪伴,
[00:36:08.000 --> 00:36:09.000]  當在家長會的時候,
[00:36:09.000 --> 00:36:11.000]  有一個家長有分享,
[00:36:11.000 --> 00:36:13.000]  他說很難得,
[00:36:13.000 --> 00:36:15.000]  我兒子今晚說早點睡,
[00:36:15.000 --> 00:36:17.000]  因為明天要早點起床,
[00:36:17.000 --> 00:36:18.000]  要快點回去,
[00:36:18.000 --> 00:36:21.000]  去上這個暑期聖經班,
[00:36:21.000 --> 00:36:23.000]  而在當中,
[00:36:23.000 --> 00:36:24.000]  這一種的影響力,
[00:36:24.000 --> 00:36:26.000]  不單止在小朋友身上,
[00:36:26.000 --> 00:36:29.000]  同樣亦都在一些的助教,
[00:36:29.000 --> 00:36:30.000]  一個中學生的助教身上,
[00:36:30.000 --> 00:36:32.000]  都有影響,
[00:36:32.000 --> 00:36:34.000]  因為這個中學生助教,
[00:36:34.000 --> 00:36:36.000]  他捱了三天病了,
[00:36:36.000 --> 00:36:38.000]  因為我們是五天的,
[00:36:38.000 --> 00:36:39.000]  即是四天半,
[00:36:39.000 --> 00:36:40.000]  到第三天的時候病了,
[00:36:40.000 --> 00:36:42.000]  跟著他就請假了,
[00:36:42.000 --> 00:36:44.000]  但是他想都沒有想過,
[00:36:44.000 --> 00:36:46.000]  那班小一二的同學仔,
[00:36:46.000 --> 00:36:48.000]  不停地問著,
[00:36:48.000 --> 00:36:49.000]  哥哥去了哪裡?
[00:36:49.000 --> 00:36:50.000]  哥哥有什麼不舒服?
[00:36:50.000 --> 00:36:52.000]  當他回來的時候,
[00:36:52.000 --> 00:36:53.000]  他很驚喜,
[00:36:53.000 --> 00:36:54.000]  他沒有想過,
[00:36:54.000 --> 00:36:55.000]  有一班人去記住他,
[00:36:55.000 --> 00:36:57.000]  原來這些的付出,
[00:36:57.000 --> 00:37:00.000]  是有人在裏面去知道,
[00:37:00.000 --> 00:37:02.000]  所以這些點點滴滴,
[00:37:02.000 --> 00:37:03.000]  都告訴我們,
[00:37:03.000 --> 00:37:05.000]  即使你是一個小角色,
[00:37:05.000 --> 00:37:07.000]  做的一個位份可能很簡單,
[00:37:07.000 --> 00:37:09.000]  但是原來一點一滴,
[00:37:09.000 --> 00:37:11.000]  都在影響身邊的人,
[00:37:11.000 --> 00:37:13.000]  所以這一刻,
[00:37:13.000 --> 00:37:14.000]  我們要分辨的,
[00:37:14.000 --> 00:37:16.000]  我們一定會有一個教,
[00:37:16.000 --> 00:37:18.000]  有一個影響力,
[00:37:18.000 --> 00:37:20.000]  很微小在我們裏面,
[00:37:20.000 --> 00:37:22.000]  但是究竟在裏面的,
[00:37:22.000 --> 00:37:24.000]  是法利財人的教,
[00:37:24.000 --> 00:37:26.000]  還是天國的教呢?
[00:37:26.000 --> 00:37:28.000]  當我們有這個分辨了,
[00:37:28.000 --> 00:37:31.000]  最終我們同樣都要默默去等待,
[00:37:31.000 --> 00:37:33.000]  默默去付出,
[00:37:33.000 --> 00:37:35.000]  讓神在我們生命裏面,
[00:37:35.000 --> 00:37:38.000]  釋放這一份的影響力,
[00:37:38.000 --> 00:37:39.000]  我們一起祈禱吧!
[00:37:39.000 --> 00:37:42.000]  親愛的主,
[00:37:42.000 --> 00:37:45.000]  求祢先讓我們的生命,
[00:37:45.000 --> 00:37:47.000]  被祢的光光照,
[00:37:47.000 --> 00:37:50.000]  以致今天我們每日行事為人,
[00:37:50.000 --> 00:37:52.000]  所做的每一個決定,
[00:37:52.000 --> 00:37:54.000]  怎樣反映著我們的內心,
[00:37:54.000 --> 00:37:56.000]  每一個的價值,
[00:37:56.000 --> 00:37:58.000]  以致當我們知道,
[00:37:58.000 --> 00:38:01.000]  有些地方上帝祢不喜悅的時候,
[00:38:01.000 --> 00:38:03.000]  求祢為我們除去這些的教,
[00:38:03.000 --> 00:38:06.000]  以致讓天國的這一份的影響力,
[00:38:06.000 --> 00:38:09.000]  在我們生命裏面產生改變,
[00:38:09.000 --> 00:38:11.000]  求祢帶領我們,
[00:38:11.000 --> 00:38:12.000]  以致我們能夠默默,
[00:38:12.000 --> 00:38:15.000]  為上帝祢去做這一點點的事,
[00:38:15.000 --> 00:38:18.000]  以致期盼上帝祢的國度,
[00:38:18.000 --> 00:38:20.000]  就在我們當中去成就,
[00:38:20.000 --> 00:38:21.000]  我們這樣祈禱,
[00:38:21.000 --> 00:38:23.000]  是奉主耶穌基督的名字而求,
[00:38:23.000 --> 00:38:24.000]  阿門!
