
[00:00:00.000 --> 00:00:10.000]  今日的經份是路加福音第五章27-32節
[00:00:10.000 --> 00:00:15.000]  聖經新約第85頁
[00:00:15.000 --> 00:00:22.000]  這裡有耶穌基督呼召門徒利美的記載
[00:00:22.000 --> 00:00:26.000]  27節
[00:00:26.000 --> 00:00:30.000]  這時以後耶穌出去
[00:00:30.000 --> 00:00:37.000]  看見一個瑞麗名叫利美坐在瑞關上
[00:00:37.000 --> 00:00:41.000]  就對她說:你跟從我來
[00:00:41.000 --> 00:00:47.000]  她就撇下所有的,起來跟從了耶穌
[00:00:47.000 --> 00:00:53.000]  利美在自己家裡為耶穌大擺筵席
[00:00:53.000 --> 00:00:59.000]  有許多瑞麗和別人與他們一同坐直
[00:00:59.000 --> 00:01:06.000]  伐利塞人和文士就向耶穌的門徒發怨言說
[00:01:06.000 --> 00:01:13.000]  你們為什麼和瑞麗並罪人一同吃喝呢?
[00:01:13.000 --> 00:01:19.000]  耶穌對他們說:無病的人用不著醫生
[00:01:19.000 --> 00:01:23.000]  有病的人才用得著
[00:01:23.000 --> 00:01:28.000]  我來本不是召義人悔改
[00:01:28.000 --> 00:01:33.000]  乃是召罪人悔改
[00:01:33.000 --> 00:01:42.000]  各位姐妹平安
[00:01:42.000 --> 00:01:45.000]  我們由今個主日開始
[00:01:45.000 --> 00:01:47.000]  我們進入一個新的講道系列
[00:01:47.000 --> 00:01:51.000]  這個講道系列叫做門徒生命曆
[00:01:51.000 --> 00:01:53.000]  曆是曆程的曆
[00:01:53.000 --> 00:01:57.000]  這個主題我們集中會用路加福音
[00:01:57.000 --> 00:02:01.000]  用我們連續這幾次的講道
[00:02:01.000 --> 00:02:10.000]  重新去看看門徒生命裡經歷過怎樣的改變
[00:02:10.000 --> 00:02:12.000]  其實裡面的內容
[00:02:12.000 --> 00:02:16.000]  基本上我們是以熟能詳的經歷和故事
[00:02:16.000 --> 00:02:18.000]  不過在這個系列裡面
[00:02:18.000 --> 00:02:24.000]  我們想用一個我們未試過的角度去研讀一下
[00:02:24.000 --> 00:02:31.000]  這個主題或者這個系列講道的靈感來自什麼呢?
[00:02:31.000 --> 00:02:33.000]  有一次的對話
[00:02:33.000 --> 00:02:35.000]  我和關信輝導演
[00:02:35.000 --> 00:02:38.000]  我們之前教會的執事聊天
[00:02:38.000 --> 00:02:39.000]  他跟我說:牧師啊
[00:02:39.000 --> 00:02:45.000]  如果我要將福音書重拍成為一套電影
[00:02:45.000 --> 00:02:48.000]  我會用公路電影的角度去拍
[00:02:48.000 --> 00:02:50.000]  什麼叫做公路電影呢?
[00:02:50.000 --> 00:02:53.000]  他說其實整個故事就是發生在一條路上
[00:02:53.000 --> 00:02:55.000]  你看那些外國片
[00:02:55.000 --> 00:02:58.000]  就是那些末路狂花等等
[00:02:58.000 --> 00:03:00.000]  一條很長的公路
[00:03:00.000 --> 00:03:04.000]  就會講到那個主角因為有一些困難、危機
[00:03:04.000 --> 00:03:06.000]  或者一些理想幻滅
[00:03:06.000 --> 00:03:08.000]  就離開他自己原本的地方
[00:03:08.000 --> 00:03:11.000]  然後就從這條公路裡面一直走
[00:03:11.000 --> 00:03:14.000]  走到他自己心目中想去的目的地
[00:03:14.000 --> 00:03:17.000]  在走的過程裡面就發生不同的事情
[00:03:17.000 --> 00:03:21.000]  在路上可能會見到不同的人
[00:03:21.000 --> 00:03:23.000]  又或者有不同的機遇
[00:03:23.000 --> 00:03:28.000]  以致到那個主人翁心路就發生了一些改變
[00:03:28.000 --> 00:03:30.000]  特別就是講到公路電影
[00:03:30.000 --> 00:03:32.000]  很多時候就會有一些
[00:03:32.000 --> 00:03:34.000]  會將一些主題帶出來的
[00:03:34.000 --> 00:03:37.000]  很多時候如果在外國荷里活片
[00:03:37.000 --> 00:03:41.000]  就會在那些酒吧或者客店、旅店裡面
[00:03:41.000 --> 00:03:44.000]  就會有一些比較階段性的結論
[00:03:44.000 --> 00:03:46.000]  就在那裡出現了
[00:03:46.000 --> 00:03:48.000]  到最後去到目的地
[00:03:48.000 --> 00:03:52.000]  目的地到了其實對於那個主人翁來說沒有什麼
[00:03:52.000 --> 00:03:55.000]  最重要的就是走這段路的時候
[00:03:55.000 --> 00:03:57.000]  那個主人翁或者那個主角
[00:03:57.000 --> 00:04:01.000]  心態或者心路歷程就有很多的蛻變
[00:04:01.000 --> 00:04:03.000]  他跟我說就是一個這樣的歷程
[00:04:03.000 --> 00:04:05.000]  接著他說牧師你想一下
[00:04:05.000 --> 00:04:08.000]  耶穌帶著這班門徒走這條信仰的路
[00:04:08.000 --> 00:04:10.000]  走一條門徒的路
[00:04:10.000 --> 00:04:14.000]  他們當然知道我們的終點
[00:04:14.000 --> 00:04:17.000]  或者朝向主祭耶穌基督的十誡和拯救
[00:04:17.000 --> 00:04:20.000]  但是由A點去到這個終點
[00:04:20.000 --> 00:04:24.000]  他們其實每一個生命都會有很多的蛻變
[00:04:24.000 --> 00:04:30.000]  耶穌也給很多的教導去訓練他、改變他
[00:04:30.000 --> 00:04:32.000]  所以我們這次我們整個系列
[00:04:32.000 --> 00:04:36.000]  我都會用公路電影來理解的
[00:04:36.000 --> 00:04:38.000]  這個公路電影的色經
[00:04:38.000 --> 00:04:43.000]  其實在今天的敘事的色經裡面都很流行
[00:04:43.000 --> 00:04:44.000]  在路加福音裡面
[00:04:44.000 --> 00:04:46.000]  其中一個強調的就是
[00:04:46.000 --> 00:04:48.000]  整個門徒都是走著一條路的
[00:04:48.000 --> 00:04:52.000]  由第四章到第八章
[00:04:52.000 --> 00:04:54.000]  都是在說加里尼的路
[00:04:54.000 --> 00:04:56.000]  接著一個最大的篇幅
[00:04:56.000 --> 00:04:58.000]  就是由第九章到第十九章
[00:04:58.000 --> 00:05:01.000]  這個這麼闊的經文
[00:05:01.000 --> 00:05:04.000]  就是在說耶穌定義往耶路撒冷去
[00:05:04.000 --> 00:05:08.000]  所以在說路程是一個重點
[00:05:08.000 --> 00:05:10.000]  是一個重要的字眼
[00:05:10.000 --> 00:05:12.000]  第二個重要的就是吃飯
[00:05:12.000 --> 00:05:15.000]  通常耶穌要作出教導
[00:05:15.000 --> 00:05:17.000]  或者要挑戰當時的文化
[00:05:17.000 --> 00:05:20.000]  甚至乎要為門徒來抗辯
[00:05:20.000 --> 00:05:23.000]  或者怎樣去幫門徒走這條信仰的路
[00:05:23.000 --> 00:05:26.000]  都是在筵席、在吃飯當中
[00:05:26.000 --> 00:05:28.000]  今天我們看的這段經文
[00:05:28.000 --> 00:05:31.000]  我們正正就看到耶穌呼召利微
[00:05:31.000 --> 00:05:35.000]  也是一個吃飯的場景來作出一個重要的券面
[00:05:35.000 --> 00:05:37.000]  希望今天我們看這段經文
[00:05:37.000 --> 00:05:40.000]  我們更加明白門徒的生命是怎樣鍛造出來
[00:05:40.000 --> 00:05:43.000]  我們先祈禱求主幫助
[00:05:43.000 --> 00:05:45.000]  求主與我們同在
[00:05:45.000 --> 00:05:47.000]  讓我們能夠明白祢的話語
[00:05:47.000 --> 00:05:49.000]  求祢幫助眾弟兄姊妹
[00:05:49.000 --> 00:05:51.000]  讓我們每一個聆聽的時候
[00:05:51.000 --> 00:05:52.000]  不單止聽得明白
[00:05:52.000 --> 00:05:56.000]  更加讓聖經的話語進到我們的生命當中
[00:05:56.000 --> 00:06:01.000]  將已熟能詳的故事或者上帝所記下的事跡
[00:06:01.000 --> 00:06:04.000]  重新印在我們的心靈當中
[00:06:04.000 --> 00:06:06.000]  震撼我們、搖動我們
[00:06:06.000 --> 00:06:09.000]  讓我們懂得怎樣去跟隨祢
[00:06:09.000 --> 00:06:11.000]  幫助宣講的講得清楚
[00:06:11.000 --> 00:06:14.000]  將祢的話語帶到弟兄姊妹當中
[00:06:14.000 --> 00:06:15.000]  讓我們衷心淺行
[00:06:15.000 --> 00:06:17.000]  祈求祢與我們同在
[00:06:17.000 --> 00:06:20.000]  賜福我們下來領受祢的話語的時間
[00:06:20.000 --> 00:06:21.000]  獻上我們的禱告
[00:06:21.000 --> 00:06:23.000]  奉求基督耶穌得勝的聖靈祈求
[00:06:23.000 --> 00:06:24.000]  Amen
[00:06:24.000 --> 00:06:26.000]  我們一起看看這段經文
[00:06:26.000 --> 00:06:29.000]  《路加福音》第五章二十七節裏面這樣說
[00:06:29.000 --> 00:06:32.000]  「這是以後耶穌出去看見一個瑞利
[00:06:32.000 --> 00:06:35.000]  名叫利微坐在瑞關上
[00:06:35.000 --> 00:06:39.000]  就對他說:你跟從我來」
[00:06:39.000 --> 00:06:41.000]  一句很簡單的經文
[00:06:41.000 --> 00:06:45.000]  不過在這裏有一些背景需要讓大家知道
[00:06:45.000 --> 00:06:50.000]  首先整件事的起動是說到耶穌看見
[00:06:50.000 --> 00:06:53.000]  原文用「看見」這個字
[00:06:53.000 --> 00:06:56.000]  不是說「找到」、「看到」這樣的意思
[00:06:56.000 --> 00:06:59.000]  原文用「看見」這個字是說
[00:06:59.000 --> 00:07:02.000]  耶穌審視、注視著
[00:07:02.000 --> 00:07:05.000]  某程度上祂不是純粹視力裏面
[00:07:05.000 --> 00:07:08.000]  這個瑞利在祂視線範圍之內
[00:07:08.000 --> 00:07:11.000]  而是耶穌真的住足停下來
[00:07:11.000 --> 00:07:15.000]  觀察、看著坐在瑞關裏面的這個瑞利
[00:07:15.000 --> 00:07:17.000]  祂的生命
[00:07:17.000 --> 00:07:22.000]  祂在生活裏面流露的那種表達
[00:07:22.000 --> 00:07:26.000]  所以整件事的起點位
[00:07:26.000 --> 00:07:30.000]  是在於耶穌看見一個
[00:07:30.000 --> 00:07:32.000]  每個人都是這樣交稅的
[00:07:32.000 --> 00:07:37.000]  或者是一個當時重要的加伯隆瑞關
[00:07:37.000 --> 00:07:39.000]  就是那些人做生意的
[00:07:39.000 --> 00:07:42.000]  是那時候的交通要道
[00:07:42.000 --> 00:07:45.000]  希律安提柏轄下的
[00:07:45.000 --> 00:07:46.000]  要收稅的
[00:07:46.000 --> 00:07:48.000]  人來人往的地方
[00:07:48.000 --> 00:07:50.000]  普通的地方
[00:07:50.000 --> 00:07:52.000]  但是對於耶穌來說
[00:07:52.000 --> 00:07:55.000]  見到這個坐在瑞關上面的瑞利
[00:07:55.000 --> 00:07:58.000]  祂和一般人的注視是不同的
[00:07:58.000 --> 00:08:00.000]  當耶穌見到他的時候
[00:08:00.000 --> 00:08:04.000]  祂特別呼召這個人
[00:08:04.000 --> 00:08:06.000]  不過我們要知道
[00:08:06.000 --> 00:08:08.000]  瑞利是一個怎樣的職業呢?
[00:08:08.000 --> 00:08:10.000]  我們過往經常聽到
[00:08:10.000 --> 00:08:12.000]  猶太人說他出賣自己的國家
[00:08:12.000 --> 00:08:15.000]  這個是正常的
[00:08:15.000 --> 00:08:16.000]  是真的有這個看法
[00:08:16.000 --> 00:08:18.000]  不過在另外一面
[00:08:18.000 --> 00:08:20.000]  能夠做到瑞利
[00:08:20.000 --> 00:08:22.000]  是一班什麼人可以做到瑞利呢?
[00:08:22.000 --> 00:08:23.000]  我們要問
[00:08:23.000 --> 00:08:25.000]  究竟他這個位置
[00:08:25.000 --> 00:08:27.000]  他為什麼會得到這個身份?
[00:08:27.000 --> 00:08:29.000]  為什麼會找他來收稅呢?
[00:08:29.000 --> 00:08:32.000]  有一些歷史文獻告訴我們
[00:08:32.000 --> 00:08:36.000]  其實利美只不過是一個僱傭瑞利
[00:08:36.000 --> 00:08:38.000]  簡單來說就是說
[00:08:38.000 --> 00:08:40.000]  有一個大的瑞利
[00:08:40.000 --> 00:08:43.000]  撒該就是一個這樣的大財主
[00:08:43.000 --> 00:08:45.000]  有一個大財主
[00:08:45.000 --> 00:08:47.000]  他是大財主
[00:08:47.000 --> 00:08:49.000]  什麼收稅都要找他自己
[00:08:49.000 --> 00:08:51.000]  於是他就請人
[00:08:51.000 --> 00:08:53.000]  來幫他收這些稅
[00:08:53.000 --> 00:08:55.000]  而當時社會裡面收稅
[00:08:55.000 --> 00:08:57.000]  就叫做承包制
[00:08:57.000 --> 00:08:59.000]  例如旺角區這個稅
[00:08:59.000 --> 00:09:02.000]  我就找顧振彪來負責收
[00:09:02.000 --> 00:09:04.000]  為什麼找顧振彪來收呢?
[00:09:04.000 --> 00:09:05.000]  因為他有信用
[00:09:05.000 --> 00:09:07.000]  他有財力
[00:09:07.000 --> 00:09:09.000]  而且確保
[00:09:09.000 --> 00:09:11.000]  羅馬政府要收稅的時候
[00:09:11.000 --> 00:09:12.000]  要上繳了
[00:09:12.000 --> 00:09:14.000]  他即時可以拿出來
[00:09:14.000 --> 00:09:16.000]  當然這個世界沒有免費午餐的
[00:09:16.000 --> 00:09:18.000]  顧振彪都要吃飯的
[00:09:18.000 --> 00:09:20.000]  所以他收稅的時候
[00:09:20.000 --> 00:09:22.000]  承包了這個地方
[00:09:22.000 --> 00:09:24.000]  總之每年我就確保
[00:09:24.000 --> 00:09:26.000]  羅馬政府收到這些稅
[00:09:26.000 --> 00:09:29.000]  不過在當中裡面收的人民
[00:09:29.000 --> 00:09:30.000]  他就要收多
[00:09:30.000 --> 00:09:33.000]  在裡面就加多一點
[00:09:33.000 --> 00:09:35.000]  巧立名目有不同的稅
[00:09:35.000 --> 00:09:38.000]  於是就製造了有不同的稅項
[00:09:38.000 --> 00:09:40.000]  而中間的差價
[00:09:40.000 --> 00:09:43.000]  就是那個大瑞利來收
[00:09:43.000 --> 00:09:47.000]  而利味只不過是那個大瑞利
[00:09:47.000 --> 00:09:49.000]  裡面轄下的一個人
[00:09:49.000 --> 00:09:52.000]  不過這些都是一些技術官僚
[00:09:52.000 --> 00:09:53.000]  他要有些能力
[00:09:53.000 --> 00:09:55.000]  他才可以做到這個位置
[00:09:55.000 --> 00:09:57.000]  除了剛才說的一些財力
[00:09:57.000 --> 00:10:00.000]  有些家底之外
[00:10:00.000 --> 00:10:01.000]  更加重要的就是
[00:10:01.000 --> 00:10:04.000]  他要有阮民能力
[00:10:04.000 --> 00:10:06.000]  他能夠精通阿蘭文
[00:10:06.000 --> 00:10:07.000]  希臘文
[00:10:07.000 --> 00:10:09.000]  以及對於一些法律的知識
[00:10:09.000 --> 00:10:11.000]  以及一些計數會計的能力
[00:10:11.000 --> 00:10:12.000]  他都要掌握的
[00:10:12.000 --> 00:10:15.000]  就是說他要讀書讀回來的這個位置
[00:10:15.000 --> 00:10:19.000]  他要有識之士
[00:10:19.000 --> 00:10:23.000]  他就成為了大瑞利裡面的一個
[00:10:23.000 --> 00:10:27.000]  轄下的一個收稅的一個人
[00:10:27.000 --> 00:10:30.000]  所以利味能夠進入到
[00:10:30.000 --> 00:10:32.000]  去這個稅關裡面
[00:10:32.000 --> 00:10:34.000]  來做這個職業
[00:10:34.000 --> 00:10:38.000]  他真的某程度都是透過自己的努力
[00:10:38.000 --> 00:10:41.000]  刻意進入去來做的
[00:10:41.000 --> 00:10:43.000]  甚至乎他收多了
[00:10:43.000 --> 00:10:45.000]  令到社會上面那些人
[00:10:45.000 --> 00:10:48.000]  對他討厭或者厭惡
[00:10:48.000 --> 00:10:50.000]  他都計算在內的了
[00:10:50.000 --> 00:10:51.000]  吃了這一項飯
[00:10:51.000 --> 00:10:53.000]  就預了別人看不起他了
[00:10:53.000 --> 00:10:55.000]  不過他擁有的就是
[00:10:55.000 --> 00:10:56.000]  其他人沒有的東西
[00:10:56.000 --> 00:10:57.000]  就是財富
[00:10:57.000 --> 00:11:01.000]  所以利味他成為一個瑞利
[00:11:01.000 --> 00:11:04.000]  他即使他不是做一個
[00:11:04.000 --> 00:11:06.000]  最大的大財主都好
[00:11:06.000 --> 00:11:08.000]  他都是中產以上的了
[00:11:08.000 --> 00:11:12.000]  他擁有自己的學問能力
[00:11:12.000 --> 00:11:16.000]  他有一個多麼穩定的經濟生活
[00:11:16.000 --> 00:11:20.000]  而且他的學問能力
[00:11:20.000 --> 00:11:23.000]  為他在做任何事上面
[00:11:23.000 --> 00:11:25.000]  都能夠暢達
[00:11:25.000 --> 00:11:27.000]  不過當他坐在這個稅關的時候
[00:11:27.000 --> 00:11:29.000]  經文特別說的就是
[00:11:29.000 --> 00:11:31.000]  坐在那個稅關上面
[00:11:31.000 --> 00:11:33.000]  耶穌注視了他
[00:11:33.000 --> 00:11:37.000]  在利味每天收了大量的稅款
[00:11:37.000 --> 00:11:39.000]  接觸大量的人
[00:11:39.000 --> 00:11:40.000]  那些人當他沒到的
[00:11:40.000 --> 00:11:42.000]  那些人鄙視他
[00:11:42.000 --> 00:11:44.000]  但是那些人就給他錢
[00:11:44.000 --> 00:11:45.000]  他就放行那些人
[00:11:45.000 --> 00:11:47.000]  或者放那些貨走
[00:11:47.000 --> 00:11:49.000]  在一個營營役役
[00:11:49.000 --> 00:11:53.000]  每天生活如是的一個狀態裏面
[00:11:53.000 --> 00:11:55.000]  那些人根本就不會很在意
[00:11:55.000 --> 00:11:57.000]  這個利味的這個人
[00:11:57.000 --> 00:12:00.000]  大概見到他都掉頭走
[00:12:00.000 --> 00:12:02.000]  甚至乎交完稅之後
[00:12:02.000 --> 00:12:04.000]  可能就粗言穢語
[00:12:04.000 --> 00:12:06.000]  來到他罵的這個人
[00:12:06.000 --> 00:12:07.000]  沒有人注視他
[00:12:07.000 --> 00:12:09.000]  在社會上面
[00:12:09.000 --> 00:12:12.000]  他被視為猶太人的罪人
[00:12:12.000 --> 00:12:13.000]  不過在這一刻
[00:12:13.000 --> 00:12:15.000]  耶穌看見他
[00:12:15.000 --> 00:12:16.000]  看到他
[00:12:16.000 --> 00:12:18.000]  看到他的生命
[00:12:18.000 --> 00:12:22.000]  看到他真實的生命的實況
[00:12:22.000 --> 00:12:25.000]  我們一直經常都以為是
[00:12:25.000 --> 00:12:29.000]  我們覺得上帝揀選的是什麼人呢?
[00:12:29.000 --> 00:12:31.000]  上帝揀選的很多時候
[00:12:31.000 --> 00:12:34.000]  就是那些奇奇利利好好看的人
[00:12:34.000 --> 00:12:36.000]  又愛主
[00:12:36.000 --> 00:12:39.000]  又或者很熱心的那些人
[00:12:39.000 --> 00:12:40.000]  是上帝看得起
[00:12:40.000 --> 00:12:42.000]  會揀選的
[00:12:42.000 --> 00:12:43.000]  不過在這裏面
[00:12:43.000 --> 00:12:46.000]  耶穌所看到的這個人
[00:12:46.000 --> 00:12:48.000]  他就揀選他
[00:12:48.000 --> 00:12:50.000]  他就叫他跟隨在耶穌
[00:12:50.000 --> 00:12:54.000]  整個傳道團隊的一個行列當中
[00:12:54.000 --> 00:12:57.000]  如果按著他比較
[00:12:57.000 --> 00:12:59.000]  前文已經講到
[00:12:59.000 --> 00:13:02.000]  彼得都是撇下他的魚網
[00:13:02.000 --> 00:13:04.000]  撇下所有跟隨主
[00:13:04.000 --> 00:13:06.000]  而且還要彼得
[00:13:06.000 --> 00:13:08.000]  看到走的那個神跡
[00:13:08.000 --> 00:13:10.000]  還要俯首稱耶穌為主
[00:13:10.000 --> 00:13:12.000]  就是知道自己是一個罪人
[00:13:12.000 --> 00:13:14.000]  在這裏面
[00:13:14.000 --> 00:13:16.000]  耶穌呼召利微
[00:13:16.000 --> 00:13:19.000]  利微根本就沒有做任何這些事
[00:13:19.000 --> 00:13:22.000]  只不過在生活裏面形形異異
[00:13:22.000 --> 00:13:25.000]  繼續為錢過他自己的生活
[00:13:25.000 --> 00:13:27.000]  不過彷彿在這裏面
[00:13:27.000 --> 00:13:31.000]  耶穌看到一個空虛的心靈
[00:13:31.000 --> 00:13:32.000]  擁有大量
[00:13:32.000 --> 00:13:35.000]  擁有比別人多的財富
[00:13:35.000 --> 00:13:38.000]  但是心靈是空虛
[00:13:38.000 --> 00:13:40.000]  耶穌看到這個
[00:13:40.000 --> 00:13:43.000]  似乎不甘於純粹
[00:13:43.000 --> 00:13:46.000]  錢可以滿足到的一個心靈
[00:13:46.000 --> 00:13:47.000]  他就呼召他
[00:13:47.000 --> 00:13:50.000]  叫他跟隨他來
[00:13:50.000 --> 00:13:52.000]  然後在經文裏面就講到利微
[00:13:52.000 --> 00:13:54.000]  怎樣去回應呢
[00:13:54.000 --> 00:13:58.000]  第27節下半節和28節就這樣寫
[00:13:58.000 --> 00:14:00.000]  耶穌就對他說
[00:14:00.000 --> 00:14:02.000]  你跟從我來
[00:14:02.000 --> 00:14:04.000]  他就撇下所有的
[00:14:04.000 --> 00:14:07.000]  起來跟從了耶穌
[00:14:07.000 --> 00:14:09.000]  很簡單的三個動詞
[00:14:09.000 --> 00:14:13.000]  撇下、起來、跟從
[00:14:13.000 --> 00:14:15.000]  撇下什麼呢
[00:14:15.000 --> 00:14:16.000]  對於利微來說
[00:14:16.000 --> 00:14:18.000]  他跟彼得的撇下有點不同
[00:14:18.000 --> 00:14:20.000]  彼得的撇下就是
[00:14:20.000 --> 00:14:22.000]  可能他一直家庭裏面
[00:14:22.000 --> 00:14:25.000]  在五章十一節裏面講到
[00:14:25.000 --> 00:14:27.000]  他就是他自己從小到大
[00:14:27.000 --> 00:14:31.000]  學的家族那種捕魚的技能
[00:14:31.000 --> 00:14:33.000]  放下這個工具
[00:14:33.000 --> 00:14:35.000]  放下了這個漁船
[00:14:35.000 --> 00:14:38.000]  他就全心全意來跟隨耶穌
[00:14:38.000 --> 00:14:42.000]  他也有一些挺重的機會成本
[00:14:42.000 --> 00:14:45.000]  他要放下的東西都挺沉重的
[00:14:45.000 --> 00:14:48.000]  不過這個沉重某程度是世襲而來的
[00:14:48.000 --> 00:14:51.000]  由世代代相傳這樣做的行業
[00:14:51.000 --> 00:14:54.000]  他要放下的就是一個這樣的行業
[00:14:54.000 --> 00:14:56.000]  不過對於利微來說
[00:14:56.000 --> 00:14:58.000]  他要放下的就是在講
[00:14:58.000 --> 00:15:01.000]  他否定自己一切過去自己的努力
[00:15:01.000 --> 00:15:03.000]  過往裏面他要讀書
[00:15:03.000 --> 00:15:05.000]  他要靠人脈
[00:15:05.000 --> 00:15:06.000]  他要儲錢
[00:15:06.000 --> 00:15:08.000]  建立了一個自己的信用度
[00:15:08.000 --> 00:15:12.000]  所以舊時刻意進入的這個位置
[00:15:12.000 --> 00:15:14.000]  去到現在這一刻
[00:15:14.000 --> 00:15:18.000]  他要放下對他自己過去的價值觀念
[00:15:18.000 --> 00:15:21.000]  他完全的來到去放下
[00:15:21.000 --> 00:15:23.000]  所以對於利微來說
[00:15:23.000 --> 00:15:29.000]  放下是對於自己過去努力的某程度是一種否定
[00:15:29.000 --> 00:15:30.000]  或者昇華
[00:15:30.000 --> 00:15:32.000]  因為舊時的想法
[00:15:32.000 --> 00:15:34.000]  舊時的努力
[00:15:34.000 --> 00:15:36.000]  對於當下的自己
[00:15:36.000 --> 00:15:38.000]  覺得已經是不足夠
[00:15:38.000 --> 00:15:43.000]  這個大致我們今天中年人的想法
[00:15:43.000 --> 00:15:46.000]  年輕的時候剛剛出道
[00:15:46.000 --> 00:15:48.000]  我們會覺得
[00:15:48.000 --> 00:15:50.000]  我們生活要幸福
[00:15:50.000 --> 00:15:52.000]  我們希望擁有多一點
[00:15:52.000 --> 00:15:54.000]  擁有多一點
[00:15:54.000 --> 00:15:56.000]  我們生活就會豐盛一點
[00:15:56.000 --> 00:15:57.000]  豐盛一點
[00:15:57.000 --> 00:16:00.000]  會為我們生活帶來幸福多一點
[00:16:00.000 --> 00:16:01.000]  年輕的日子裏面
[00:16:01.000 --> 00:16:05.000]  我們覺得幸福的同義詞就是家法
[00:16:05.000 --> 00:16:07.000]  在我生命裏面加多一點東西
[00:16:07.000 --> 00:16:08.000]  加多一點東西
[00:16:08.000 --> 00:16:12.000]  我就會覺得會快樂一點
[00:16:12.000 --> 00:16:14.000]  不過弟兄姊妹你問心
[00:16:14.000 --> 00:16:15.000]  我都問我自己
[00:16:15.000 --> 00:16:19.000]  人生一路一路一路活下去的時候
[00:16:19.000 --> 00:16:21.000]  是不是生命的東西越多
[00:16:21.000 --> 00:16:24.000]  我會變得更加快樂呢
[00:16:24.000 --> 00:16:27.000]  人生去到某個階段的時候
[00:16:27.000 --> 00:16:30.000]  可能我們生命裏面對於幸福的看法
[00:16:30.000 --> 00:16:31.000]  就不是家法
[00:16:31.000 --> 00:16:33.000]  而是減法
[00:16:33.000 --> 00:16:37.000]  減剩那些對我們生命最重要的東西
[00:16:37.000 --> 00:16:40.000]  我們今天生命裏面累積了
[00:16:40.000 --> 00:16:41.000]  囤積了很多
[00:16:41.000 --> 00:16:43.000]  我們覺得好的東西
[00:16:43.000 --> 00:16:44.000]  重要的東西
[00:16:44.000 --> 00:16:47.000]  放在我們的心靈當中
[00:16:47.000 --> 00:16:51.000]  但是到最後真正對我們生命重要的
[00:16:51.000 --> 00:16:54.000]  可能其實在我們覺得很多的裏面
[00:16:54.000 --> 00:16:56.000]  只是其中的一兩項
[00:16:56.000 --> 00:16:59.000]  其他那些東西對我們來說
[00:16:59.000 --> 00:17:02.000]  可有可無的
[00:17:02.000 --> 00:17:04.000]  用一個小小的模範來說
[00:17:04.000 --> 00:17:06.000]  今天香港最好的其中一個生意
[00:17:06.000 --> 00:17:08.000]  就是做迷你倉
[00:17:08.000 --> 00:17:09.000]  做迷你倉
[00:17:09.000 --> 00:17:10.000]  放進去迷你倉的那些
[00:17:10.000 --> 00:17:11.000]  放進去
[00:17:11.000 --> 00:17:14.000]  但基本上很少人特意進去迷你倉
[00:17:14.000 --> 00:17:17.000]  開個箱來數點自己擁有的東西
[00:17:17.000 --> 00:17:22.000]  大部份是租地方來放一些不等用的東西
[00:17:22.000 --> 00:17:23.000]  我們不用的東西
[00:17:23.000 --> 00:17:24.000]  我們就放進去
[00:17:24.000 --> 00:17:26.000]  我覺得心安理得
[00:17:26.000 --> 00:17:28.000]  但那些東西其實在你的生命裏面
[00:17:28.000 --> 00:17:30.000]  在你的生活當中
[00:17:30.000 --> 00:17:31.000]  其實很少用的
[00:17:31.000 --> 00:17:34.000]  不過我們就要額外用錢
[00:17:34.000 --> 00:17:38.000]  來放一些我們覺得很重要的東西
[00:17:38.000 --> 00:17:41.000]  我們覺得扔掉是很慘的
[00:17:41.000 --> 00:17:44.000]  甚至乎那樣東西帶來我們生命很有重要的意義
[00:17:44.000 --> 00:17:48.000]  我們情願花費來儲存這些東西
[00:17:48.000 --> 00:17:51.000]  我們沒有想過其實我們的心靈裏面
[00:17:51.000 --> 00:17:53.000]  我們需要有一些捨去
[00:17:53.000 --> 00:17:55.000]  用一些減法的方式
[00:17:55.000 --> 00:17:58.000]  令到我們的心靈更加輕散
[00:17:58.000 --> 00:18:01.000]  你未在這裏面去撇下的就是
[00:18:01.000 --> 00:18:04.000]  過往裏面很努力進入去稅關
[00:18:04.000 --> 00:18:06.000]  做稅利這個位置
[00:18:06.000 --> 00:18:07.000]  要讀書
[00:18:07.000 --> 00:18:13.000]  要用錢財來製造生命裏面那種富足感
[00:18:13.000 --> 00:18:14.000]  但是去到這一刻
[00:18:14.000 --> 00:18:16.000]  耶穌看見的就是
[00:18:16.000 --> 00:18:19.000]  這些財富真的為他帶來生命的富足
[00:18:19.000 --> 00:18:21.000]  帶來真正的豐盛生命
[00:18:21.000 --> 00:18:24.000]  或者有意義的生活
[00:18:24.000 --> 00:18:27.000]  耶穌這一句話讓他看得通人生
[00:18:27.000 --> 00:18:31.000]  所以第一步你未就撇下了
[00:18:31.000 --> 00:18:34.000]  第二個字眼就是起來這個字
[00:18:34.000 --> 00:18:38.000]  起來這個字和剛才上文裏面所講的
[00:18:38.000 --> 00:18:40.000]  坐在稅關上面
[00:18:40.000 --> 00:18:43.000]  是一個很重要的動詞對比
[00:18:43.000 --> 00:18:46.000]  他繼續如果在生命裏面繼續坐在這裏
[00:18:46.000 --> 00:18:48.000]  他就繼續營運著
[00:18:48.000 --> 00:18:50.000]  過著他自己的生活
[00:18:50.000 --> 00:18:52.000]  不過這個起來
[00:18:52.000 --> 00:18:54.000]  原文用的這個字
[00:18:54.000 --> 00:18:56.000]  Anastasis
[00:18:56.000 --> 00:19:01.000]  他講的聖經除了用起身這個字之外
[00:19:01.000 --> 00:19:06.000]  很多時候講復活這個字都用這個字的字根來講
[00:19:06.000 --> 00:19:09.000]  一個坐在這裏繼續營營役役生活
[00:19:09.000 --> 00:19:12.000]  和一個起來過一個新生活
[00:19:12.000 --> 00:19:16.000]  聖經的作者路加用一個很簡單的字眼
[00:19:16.000 --> 00:19:22.000]  他就描述了利未進入了一個新的生命歷程
[00:19:22.000 --> 00:19:24.000]  不再坐在稅關裏面
[00:19:24.000 --> 00:19:25.000]  日日等錢到
[00:19:25.000 --> 00:19:27.000]  日日累積財富
[00:19:27.000 --> 00:19:29.000]  日日過著營營役役的生活
[00:19:29.000 --> 00:19:33.000]  而是起來去面對前面的未知
[00:19:33.000 --> 00:19:34.000]  跟隨耶穌
[00:19:34.000 --> 00:19:35.000]  走一條
[00:19:35.000 --> 00:19:36.000]  耶穌未講他去那裏
[00:19:36.000 --> 00:19:37.000]  就是跟我
[00:19:37.000 --> 00:19:39.000]  但耶穌去那裏他都不知道
[00:19:39.000 --> 00:19:42.000]  但充滿了不確定性
[00:19:42.000 --> 00:19:45.000]  藉著這個這樣的呼召
[00:19:45.000 --> 00:19:50.000]  利未就起來跟隨耶穌
[00:19:50.000 --> 00:19:52.000]  最後就講到跟從
[00:19:52.000 --> 00:19:56.000]  跟從即是耶穌正在走的那條路
[00:19:56.000 --> 00:20:00.000]  真是耶穌的腳中怎樣走
[00:20:00.000 --> 00:20:02.000]  他就跟著怎樣走
[00:20:02.000 --> 00:20:03.000]  耶穌做些什麼
[00:20:03.000 --> 00:20:05.000]  他怎樣的生活
[00:20:05.000 --> 00:20:10.000]  這個利未就會繼續跟著走
[00:20:10.000 --> 00:20:11.000]  正如剛才我所講
[00:20:11.000 --> 00:20:13.000]  他的目的地去到那裏
[00:20:13.000 --> 00:20:14.000]  利未其實真的不太知道
[00:20:14.000 --> 00:20:17.000]  在經文至少沒有交代
[00:20:17.000 --> 00:20:19.000]  經文沒有特別講到耶穌
[00:20:19.000 --> 00:20:21.000]  他講到他自己的終點
[00:20:21.000 --> 00:20:23.000]  耶穌在講他自己的終極
[00:20:23.000 --> 00:20:25.000]  是在講上十字架
[00:20:25.000 --> 00:20:26.000]  他呼召的開頭
[00:20:26.000 --> 00:20:28.000]  耶穌沒有特別去講
[00:20:28.000 --> 00:20:32.000]  他只是講利未起來跟從我來
[00:20:32.000 --> 00:20:34.000]  一個很簡單的呼籲
[00:20:34.000 --> 00:20:36.000]  但利未就跟從他
[00:20:36.000 --> 00:20:38.000]  這個跟從對於很多人來說
[00:20:38.000 --> 00:20:39.000]  是一個重擔
[00:20:39.000 --> 00:20:42.000]  意味著我要丟下我舊時的東西
[00:20:42.000 --> 00:20:44.000]  意味著我當下裏面我要決心
[00:20:44.000 --> 00:20:45.000]  我不再坐在這裏了
[00:20:45.000 --> 00:20:46.000]  我真的要動了
[00:20:46.000 --> 00:20:47.000]  要動起來
[00:20:47.000 --> 00:20:50.000]  很多人覺得這是一個很痛苦的經歷
[00:20:50.000 --> 00:20:52.000]  因為否定了自己的過去
[00:20:52.000 --> 00:20:55.000]  或者將自己過去變得昇華
[00:20:55.000 --> 00:20:57.000]  再去走一個新的生活
[00:20:57.000 --> 00:21:00.000]  這個整個舉動其實是一個
[00:21:00.000 --> 00:21:02.000]  如果作出一個這樣的呼籲
[00:21:02.000 --> 00:21:04.000]  對很多人來說是一個冒犯
[00:21:04.000 --> 00:21:07.000]  不過對於當下的利未來說
[00:21:07.000 --> 00:21:10.000]  他作為這個被呼召的一員
[00:21:10.000 --> 00:21:12.000]  他覺得是一個榮幸
[00:21:12.000 --> 00:21:14.000]  牧師你怎麼說的
[00:21:14.000 --> 00:21:15.000]  為什麼你會知道
[00:21:15.000 --> 00:21:17.000]  你從什麼來就知道
[00:21:17.000 --> 00:21:18.000]  在經文裏面
[00:21:18.000 --> 00:21:22.000]  他繼續說第29節
[00:21:22.000 --> 00:21:24.000]  利未在自己的家裏
[00:21:24.000 --> 00:21:26.000]  為耶穌大擺筵席
[00:21:26.000 --> 00:21:29.000]  有許多的稅吏和別人
[00:21:29.000 --> 00:21:32.000]  都與他們一同來坐席
[00:21:32.000 --> 00:21:35.000]  如果這個舉動是很沉重
[00:21:35.000 --> 00:21:38.000]  很抑鬱的
[00:21:38.000 --> 00:21:40.000]  或者是一個很虧很痛苦
[00:21:40.000 --> 00:21:42.000]  你不會大擺筵席的
[00:21:42.000 --> 00:21:46.000]  如果你擺得這一場筵席
[00:21:46.000 --> 00:21:48.000]  代表著你是一個慶祝
[00:21:48.000 --> 00:21:50.000]  慶祝一個新生
[00:21:50.000 --> 00:21:52.000]  慶祝一個金盆洗手
[00:21:52.000 --> 00:21:55.000]  慶祝一個新的階段的年代開始
[00:21:55.000 --> 00:21:57.000]  所以這個大擺筵席
[00:21:57.000 --> 00:21:59.000]  對於利未來說
[00:21:59.000 --> 00:22:01.000]  或者對於我們讀這段經文的人來說
[00:22:01.000 --> 00:22:05.000]  我們知道利未好像找到一個解脫一樣
[00:22:05.000 --> 00:22:07.000]  所以他就大擺筵席
[00:22:07.000 --> 00:22:10.000]  邀請了舊時其他的那些稅吏
[00:22:10.000 --> 00:22:12.000]  和有其他的人
[00:22:12.000 --> 00:22:13.000]  可能親朋戚友
[00:22:13.000 --> 00:22:15.000]  認識他的鄰舍
[00:22:15.000 --> 00:22:17.000]  最重要的就是邀請耶穌
[00:22:17.000 --> 00:22:20.000]  一起去吃這一餐飯
[00:22:20.000 --> 00:22:22.000]  在這一餐飯裏面
[00:22:22.000 --> 00:22:25.000]  代表著他要過一個新的生活
[00:22:25.000 --> 00:22:27.000]  所以這個大擺筵席裏面
[00:22:27.000 --> 00:22:29.000]  對於利未來說
[00:22:29.000 --> 00:22:31.000]  或者對於身邊的人來說
[00:22:31.000 --> 00:22:33.000]  都替他高興
[00:22:33.000 --> 00:22:38.000]  找到一個很快樂的人生的出路
[00:22:38.000 --> 00:22:40.000]  不過當他在這裏坐席
[00:22:40.000 --> 00:22:42.000]  一起吃飯的時候
[00:22:42.000 --> 00:22:45.000]  在第三十節裏面就記載著
[00:22:45.000 --> 00:22:47.000]  有一些人咿咿咕咕
[00:22:47.000 --> 00:22:49.000]  而這段經文開始
[00:22:49.000 --> 00:22:52.000]  就講到耶穌和這些法利塞人
[00:22:52.000 --> 00:22:55.000]  正式進入了一個價值觀
[00:22:55.000 --> 00:22:59.000]  和信仰觀的一個重要的衝突
[00:22:59.000 --> 00:23:04.000]  法利塞人和民事就向耶穌的門徒發怨言
[00:23:04.000 --> 00:23:05.000]  他們這樣說
[00:23:05.000 --> 00:23:10.000]  你們為什麼和稅吏並罪人一同吃喝呢?
[00:23:10.000 --> 00:23:13.000]  我們只是想吃頓飯
[00:23:13.000 --> 00:23:15.000]  耶穌去吃飯而已
[00:23:15.000 --> 00:23:19.000]  那些稅吏請耶穌去吃飯又如何呢?
[00:23:19.000 --> 00:23:21.000]  有什麼這麼大的事情呢?
[00:23:21.000 --> 00:23:24.000]  不過在當時的社會裏面
[00:23:24.000 --> 00:23:26.000]  筵席或者吃飯
[00:23:26.000 --> 00:23:28.000]  是一個階層
[00:23:28.000 --> 00:23:32.000]  社會階級的一種表達
[00:23:32.000 --> 00:23:35.000]  對於當時猶太人社會裏面來說
[00:23:35.000 --> 00:23:40.000]  你是這麼上緊的人走在一起圍爐吃飯
[00:23:40.000 --> 00:23:43.000]  所以民事有色之士
[00:23:43.000 --> 00:23:46.000]  你就會和一些有色之士去吃飯
[00:23:46.000 --> 00:23:48.000]  稅吏有你們自己吃
[00:23:48.000 --> 00:23:49.000]  就你們自己吃東西
[00:23:49.000 --> 00:23:53.000]  你就不要侵犯其他的道德教師
[00:23:53.000 --> 00:23:56.000]  或者那些真心追求真理的人
[00:23:56.000 --> 00:23:59.000]  你們兩班人是水火不容
[00:23:59.000 --> 00:24:01.000]  河水不犯井水
[00:24:01.000 --> 00:24:04.000]  這兩班人是不應該在他們的世界裏面
[00:24:04.000 --> 00:24:06.000]  來混合走在一起的
[00:24:06.000 --> 00:24:09.000]  而在這裏面那些民事犯是錯的
[00:24:09.000 --> 00:24:11.000]  人要投訴的不是稅吏
[00:24:11.000 --> 00:24:13.000]  不是投訴稅吏請他們吃飯
[00:24:13.000 --> 00:24:16.000]  而是投訴耶穌為什麼要去這些飯局
[00:24:16.000 --> 00:24:19.000]  和他們一起這樣去吃飯
[00:24:19.000 --> 00:24:21.000]  這些筵席這些飯局
[00:24:21.000 --> 00:24:23.000]  代表著就是社會階層
[00:24:23.000 --> 00:24:25.000]  同一班人走在一起吃飯
[00:24:25.000 --> 00:24:26.000]  我們今天都是這樣
[00:24:26.000 --> 00:24:28.000]  適合吃的人就走在一起
[00:24:28.000 --> 00:24:30.000]  不適合吃的就背脊骨下
[00:24:30.000 --> 00:24:33.000]  我們今天中國人都是這樣看事的
[00:24:33.000 --> 00:24:35.000]  更加重要的就是
[00:24:35.000 --> 00:24:39.000]  法利賽人還有一個根深蒂固的神學觀念
[00:24:39.000 --> 00:24:44.000]  這個根深蒂固的觀念就進入了他們的生活當中
[00:24:44.000 --> 00:24:48.000]  法利賽的意思就是分別為勝
[00:24:48.000 --> 00:24:51.000]  他們這班人因為熟讀律法
[00:24:51.000 --> 00:24:54.000]  所以和這個世俗是分別出來的
[00:24:54.000 --> 00:24:55.000]  他們很強調
[00:24:55.000 --> 00:24:58.000]  他們要完全隔守這個律法
[00:24:58.000 --> 00:25:00.000]  所以這班人是會被自己
[00:25:00.000 --> 00:25:02.000]  他會分隔自己出來
[00:25:02.000 --> 00:25:05.000]  用一個意象就是他們這班人
[00:25:05.000 --> 00:25:07.000]  全身都是穿了白衣的
[00:25:07.000 --> 00:25:09.000]  他不會走去街市裏面那個人
[00:25:09.000 --> 00:25:11.000]  湯圓會剪髒他的衣服的
[00:25:11.000 --> 00:25:14.000]  所以他就會用一種隔離的方式
[00:25:14.000 --> 00:25:17.000]  既然弄髒我的衣服我就不去街市
[00:25:17.000 --> 00:25:19.000]  既然和這些人髒的
[00:25:19.000 --> 00:25:21.000]  我就和這些人不在一起
[00:25:21.000 --> 00:25:23.000]  他要確保的就是
[00:25:23.000 --> 00:25:28.000]  他的生命就好像他所說的那些道一樣
[00:25:28.000 --> 00:25:30.000]  是乾淨要企理
[00:25:30.000 --> 00:25:33.000]  而用的方法就是用消極的方法
[00:25:33.000 --> 00:25:36.000]  就是拒絕隔離
[00:25:36.000 --> 00:25:40.000]  這個就是他們所理解的分別為勝
[00:25:40.000 --> 00:25:42.000]  耶穌也說分別為勝
[00:25:42.000 --> 00:25:44.000]  耶穌就是那位勝者
[00:25:44.000 --> 00:25:46.000]  不過從來分別為勝
[00:25:46.000 --> 00:25:48.000]  不是說關係上的隔絕
[00:25:48.000 --> 00:25:51.000]  就等於分別為勝
[00:25:51.000 --> 00:25:54.000]  耶穌所說的分別為勝是那種判斷
[00:25:54.000 --> 00:25:57.000]  是你對事物對真理的掌握
[00:25:57.000 --> 00:26:01.000]  以至到你能夠進入這個世界當中
[00:26:01.000 --> 00:26:04.000]  而不會被這個世界所同化
[00:26:04.000 --> 00:26:06.000]  我們不是和這個世界隔絕
[00:26:06.000 --> 00:26:08.000]  而是要進入這個世界
[00:26:08.000 --> 00:26:11.000]  但是最重要的就是不要被這個世界的價值觀影響
[00:26:11.000 --> 00:26:14.000]  反而是在一個這樣的世界當中
[00:26:14.000 --> 00:26:17.000]  我們明辨什麼為之是
[00:26:17.000 --> 00:26:18.000]  什麼為之非
[00:26:18.000 --> 00:26:21.000]  我們明辨什麼叫做上帝的心意
[00:26:21.000 --> 00:26:23.000]  什麼叫做世俗的觀念
[00:26:23.000 --> 00:26:25.000]  我們依然走到在世界當中
[00:26:25.000 --> 00:26:28.000]  我們依然和身邊的人建立關係
[00:26:28.000 --> 00:26:33.000]  不過我們是不會被他的價值觀所污染
[00:26:33.000 --> 00:26:35.000]  我們在適當的時間
[00:26:35.000 --> 00:26:38.000]  將真理帶到這班人的身上
[00:26:38.000 --> 00:26:41.000]  所以耶穌所說的分別為勝
[00:26:41.000 --> 00:26:43.000]  和法利塞人所說的分別為勝
[00:26:43.000 --> 00:26:45.000]  是完全兩回事
[00:26:45.000 --> 00:26:47.000]  經文裏面
[00:26:47.000 --> 00:26:49.000]  完全這一番的質問
[00:26:49.000 --> 00:26:52.000]  法利塞人對文士耶穌門徒的質問
[00:26:52.000 --> 00:26:54.000]  表現出他們是一班分離主義者
[00:26:54.000 --> 00:26:57.000]  是一班要分割自己
[00:26:57.000 --> 00:27:01.000]  從關係裏面來斷絕
[00:27:01.000 --> 00:27:06.000]  耶穌面對著法利塞人和文士這一番說話
[00:27:06.000 --> 00:27:09.000]  耶穌怎樣來回應呢?
[00:27:09.000 --> 00:27:11.000]  沒有病的人用不著醫生
[00:27:11.000 --> 00:27:13.000]  有病的人才用得著
[00:27:13.000 --> 00:27:16.000]  我來本不是召義人悔改
[00:27:16.000 --> 00:27:20.000]  乃是召罪人悔改
[00:27:20.000 --> 00:27:22.000]  在這裏其實很清晰
[00:27:22.000 --> 00:27:26.000]  耶穌在這裏其實要說這番說話
[00:27:26.000 --> 00:27:28.000]  有幾個很重要的含義
[00:27:28.000 --> 00:27:33.000]  第一,他為著扮這個賢直的利微
[00:27:33.000 --> 00:27:37.000]  他要為他說一些話
[00:27:37.000 --> 00:27:40.000]  他承認自己生命的不足
[00:27:40.000 --> 00:27:42.000]  他從來不是用一個完美的姿態
[00:27:42.000 --> 00:27:44.000]  來接受耶穌的呼召
[00:27:44.000 --> 00:27:48.000]  甚至乎他這個對耶穌的跟從
[00:27:48.000 --> 00:27:50.000]  是對他自己過去的否定
[00:27:50.000 --> 00:27:53.000]  不過耶穌說他是有病的人
[00:27:53.000 --> 00:27:55.000]  他就需要醫生
[00:27:55.000 --> 00:27:59.000]  所以耶穌肯定利微的悔改
[00:27:59.000 --> 00:28:01.000]  這是第一個
[00:28:01.000 --> 00:28:06.000]  第二個就是他特別的揶揄這班法利塞人
[00:28:06.000 --> 00:28:09.000]  他覺得自己用不著醫生
[00:28:09.000 --> 00:28:12.000]  因為他覺得自己沒有病
[00:28:12.000 --> 00:28:14.000]  有病的人看到自己有病
[00:28:14.000 --> 00:28:16.000]  他才用得著醫生
[00:28:16.000 --> 00:28:18.000]  覺得自己沒有病的
[00:28:18.000 --> 00:28:20.000]  同時間也覺得自己是義人的
[00:28:20.000 --> 00:28:22.000]  是自義的人
[00:28:22.000 --> 00:28:24.000]  他根本就不需要跟隨耶穌
[00:28:24.000 --> 00:28:28.000]  他根本就不需要有一個外來的夫子
[00:28:28.000 --> 00:28:30.000]  闖進他的生命空間
[00:28:30.000 --> 00:28:34.000]  他覺得他現在已經走在一個很正確的道路裏
[00:28:34.000 --> 00:28:39.000]  所以耶穌說你不覺得自己有病
[00:28:39.000 --> 00:28:41.000]  你就不需要醫生
[00:28:41.000 --> 00:28:44.000]  不過你是不是過著一個健康的生活呢?
[00:28:44.000 --> 00:28:47.000]  還是過著一個自義病態的生活呢?
[00:28:47.000 --> 00:28:49.000]  這個是第二
[00:28:49.000 --> 00:28:52.000]  第三個也是對所有群眾說
[00:28:52.000 --> 00:28:55.000]  耶穌的即使是來做什麼呢?
[00:28:55.000 --> 00:28:59.000]  他不是要找一些純粹好看的
[00:28:59.000 --> 00:29:01.000]  他來到這個世界
[00:29:01.000 --> 00:29:05.000]  他就是要召那些罪人來悔改
[00:29:05.000 --> 00:29:07.000]  每一個人都是罪人
[00:29:07.000 --> 00:29:09.000]  如果當我們按照上帝的標準
[00:29:09.000 --> 00:29:11.000]  每一個都是千瘡百孔
[00:29:11.000 --> 00:29:13.000]  是一個不理想的人
[00:29:13.000 --> 00:29:15.000]  就是正正我們這麼不理想
[00:29:15.000 --> 00:29:17.000]  我們就需要耶穌基督的醫治
[00:29:17.000 --> 00:29:19.000]  需要耶穌基督的呼籲
[00:29:19.000 --> 00:29:22.000]  也都需要耶穌基督的救恩
[00:29:22.000 --> 00:29:24.000]  如果我覺得我們自己好好的
[00:29:24.000 --> 00:29:25.000]  我不需要
[00:29:25.000 --> 00:29:30.000]  我根本就拒絕耶穌
[00:29:30.000 --> 00:29:35.000]  我經常都問自己
[00:29:35.000 --> 00:29:38.000]  有時候禮拜六回家跟我的阿姨吃飯
[00:29:38.000 --> 00:29:46.000]  他們會數我成長的一些很尷尬很醜的經歷
[00:29:46.000 --> 00:29:48.000]  就是又自私又懶
[00:29:48.000 --> 00:29:52.000]  大家知不知道我是一個很懶的人
[00:29:52.000 --> 00:29:54.000]  現在可能大家都會有這樣的感覺
[00:29:54.000 --> 00:29:56.000]  不過我是一個很懶的人
[00:29:56.000 --> 00:29:57.000]  懶到什麼程度呢?
[00:29:57.000 --> 00:29:58.000]  以前家人吃飯
[00:29:58.000 --> 00:30:00.000]  譬如逢禮拜六吃飯
[00:30:00.000 --> 00:30:02.000]  八點鐘吃飯
[00:30:02.000 --> 00:30:03.000]  因為我打球
[00:30:03.000 --> 00:30:04.000]  打完之後很累
[00:30:04.000 --> 00:30:06.000]  我說八點吃飯
[00:30:06.000 --> 00:30:08.000]  我正在睡覺
[00:30:08.000 --> 00:30:10.000]  我就聽完電話
[00:30:10.000 --> 00:30:12.000]  我就繼續睡
[00:30:12.000 --> 00:30:14.000]  睡到九點半我才下去
[00:30:14.000 --> 00:30:15.000]  我家裡吃飯
[00:30:15.000 --> 00:30:17.000]  他們已經收拾好
[00:30:17.000 --> 00:30:19.000]  我才下去吃飯
[00:30:19.000 --> 00:30:20.000]  我經常都被家人笑
[00:30:20.000 --> 00:30:22.000]  我家人經常都說
[00:30:22.000 --> 00:30:23.000]  如果你們選擇職業
[00:30:23.000 --> 00:30:25.000]  有兩個職業是不能做的
[00:30:25.000 --> 00:30:26.000]  他說什麼兩個職業?
[00:30:26.000 --> 00:30:27.000]  第一個做教師
[00:30:27.000 --> 00:30:30.000]  因為你早上起床起不了身
[00:30:30.000 --> 00:30:31.000]  第二個就是消防員
[00:30:31.000 --> 00:30:34.000]  就是那些人死了你都還沒有去到火場
[00:30:34.000 --> 00:30:36.000]  我家人經常都這樣笑我
[00:30:36.000 --> 00:30:37.000]  懶到出汁
[00:30:37.000 --> 00:30:39.000]  這麼沒有紀律的人
[00:30:39.000 --> 00:30:40.000]  我自己看回
[00:30:40.000 --> 00:30:43.000]  我自己都覺得真的很差
[00:30:43.000 --> 00:30:45.000]  但是當我一個這麼差的人
[00:30:45.000 --> 00:30:46.000]  這麼沒有時間觀念
[00:30:46.000 --> 00:30:48.000]  我都不明白為什麼我可以
[00:30:48.000 --> 00:30:50.000]  其實還沒說牧會
[00:30:50.000 --> 00:30:52.000]  那時候都不知道傳道人是怎樣
[00:30:52.000 --> 00:30:54.000]  牧會其實都是
[00:30:54.000 --> 00:30:57.000]  時間都要很敏感
[00:30:57.000 --> 00:31:00.000]  我覺得上帝呼召了我一個
[00:31:00.000 --> 00:31:02.000]  這麼懶散的一個人
[00:31:02.000 --> 00:31:03.000]  我讀到神學
[00:31:03.000 --> 00:31:05.000]  那時候我都是勉強好一點
[00:31:05.000 --> 00:31:06.000]  合格多一點
[00:31:06.000 --> 00:31:07.000]  直到結婚
[00:31:07.000 --> 00:31:09.000]  我老婆是一個很有紀律的人
[00:31:09.000 --> 00:31:10.000]  我老婆督促我的
[00:31:10.000 --> 00:31:11.000]  除了上帝之外
[00:31:11.000 --> 00:31:13.000]  最敬畏的就是我老婆
[00:31:13.000 --> 00:31:17.000]  但是生活紀律原來會變的
[00:31:17.000 --> 00:31:20.000]  我生命就是一個這樣的方式
[00:31:20.000 --> 00:31:22.000]  本來是一個很不濟的人
[00:31:22.000 --> 00:31:24.000]  被上帝的呼召
[00:31:24.000 --> 00:31:26.000]  這個召命塑造到我
[00:31:26.000 --> 00:31:30.000]  成為了和我以前不同的一個人
[00:31:30.000 --> 00:31:34.000]  以前我覺得那些時間是屬於我的
[00:31:34.000 --> 00:31:36.000]  所以我不管
[00:31:36.000 --> 00:31:37.000]  不過原來我發覺
[00:31:37.000 --> 00:31:38.000]  人生在世
[00:31:38.000 --> 00:31:40.000]  不只是你的那段時間
[00:31:40.000 --> 00:31:42.000]  原來是共處的
[00:31:42.000 --> 00:31:43.000]  你對人的尊重
[00:31:43.000 --> 00:31:47.000]  體會在你對時間的觀念裏面
[00:31:47.000 --> 00:31:49.000]  頂姐妹
[00:31:49.000 --> 00:31:51.000]  今天所說的這個故事
[00:31:51.000 --> 00:31:53.000]  大家很熟悉吧
[00:31:53.000 --> 00:31:55.000]  不過我們要問一個問題
[00:31:55.000 --> 00:31:58.000]  我們從尼美的這個故事裏面
[00:31:58.000 --> 00:32:01.000]  其實今天我們都要問自己
[00:32:01.000 --> 00:32:02.000]  我們可不可以叫得上
[00:32:02.000 --> 00:32:05.000]  我們是一個跟隨耶穌的人呢
[00:32:05.000 --> 00:32:09.000]  為什麼我們今天跟隨不了耶穌呢
[00:32:09.000 --> 00:32:11.000]  最大的原因就是
[00:32:11.000 --> 00:32:15.000]  我們都不打算撇下我們的東西
[00:32:15.000 --> 00:32:17.000]  我們經常覺得我們的信仰
[00:32:17.000 --> 00:32:19.000]  在我們自己豐富的生活裏面
[00:32:19.000 --> 00:32:20.000]  再加上基督信仰
[00:32:20.000 --> 00:32:23.000]  我們就是一個完美的人了
[00:32:23.000 --> 00:32:24.000]  但是我們沒有想過
[00:32:24.000 --> 00:32:25.000]  原來我們的基督信仰
[00:32:25.000 --> 00:32:26.000]  和我自己過去的價值觀
[00:32:26.000 --> 00:32:29.000]  有些地方是撞的
[00:32:29.000 --> 00:32:31.000]  我們接受了主的時候
[00:32:31.000 --> 00:32:33.000]  我們不可以接受我們自己過往裏面
[00:32:33.000 --> 00:32:36.000]  一貫所想的那些價值觀念
[00:32:36.000 --> 00:32:38.000]  去到某個階段
[00:32:38.000 --> 00:32:40.000]  你打算並存
[00:32:40.000 --> 00:32:43.000]  是你的內心裏面會打架的
[00:32:43.000 --> 00:32:46.000]  甚至乎如果你不能夠撇下
[00:32:46.000 --> 00:32:49.000]  這個信仰對你來說是重擔
[00:32:49.000 --> 00:32:51.000]  因為你會覺得所有東西
[00:32:51.000 --> 00:32:52.000]  有大量的規條
[00:32:52.000 --> 00:32:54.000]  有大量的道德標準
[00:32:54.000 --> 00:32:57.000]  有大量的要求在你的生命當中
[00:32:57.000 --> 00:32:59.000]  生活已經很逼人
[00:32:59.000 --> 00:33:01.000]  再要加一個額外的要求
[00:33:01.000 --> 00:33:02.000]  在你的生命裏面
[00:33:02.000 --> 00:33:04.000]  怎麼撐啊
[00:33:04.000 --> 00:33:05.000]  是不是
[00:33:05.000 --> 00:33:06.000]  有時候為了這樣
[00:33:06.000 --> 00:33:09.000]  我寧願放下我的信仰
[00:33:09.000 --> 00:33:12.000]  又或者我忍辱負重
[00:33:12.000 --> 00:33:15.000]  我逼自己拉闊一點
[00:33:15.000 --> 00:33:17.000]  但是我們從來沒有想過
[00:33:17.000 --> 00:33:20.000]  我們將我們現有的價值觀念
[00:33:20.000 --> 00:33:21.000]  學習
[00:33:21.000 --> 00:33:24.000]  或者將我們有一些無關痛癢的東西
[00:33:24.000 --> 00:33:26.000]  撇下
[00:33:26.000 --> 00:33:28.000]  放下它
[00:33:28.000 --> 00:33:29.000]  今日對於我們來說
[00:33:29.000 --> 00:33:31.000]  有什麼要撇下呢
[00:33:31.000 --> 00:33:32.000]  對於一個中年
[00:33:32.000 --> 00:33:34.000]  或者成熟的頂梓梅來說
[00:33:34.000 --> 00:33:36.000]  可能我們有一些的面子
[00:33:36.000 --> 00:33:38.000]  我們要放下
[00:33:38.000 --> 00:33:40.000]  有一些我們覺得很重要
[00:33:40.000 --> 00:33:43.000]  那種的經濟保障
[00:33:43.000 --> 00:33:45.000]  或者我們覺得那樣東西很重要的
[00:33:45.000 --> 00:33:48.000]  某一些的觀念位置等等
[00:33:48.000 --> 00:33:50.000]  我們要放下
[00:33:50.000 --> 00:33:53.000]  甚至乎那些很眷戀的某一些的關係
[00:33:53.000 --> 00:33:55.000]  感覺 感受
[00:33:55.000 --> 00:33:58.000]  我們都要學習放下
[00:33:58.000 --> 00:34:00.000]  如果我們不放下
[00:34:00.000 --> 00:34:02.000]  我們沒有辦法
[00:34:02.000 --> 00:34:07.000]  成為一個跟隨耶穌的門徒
[00:34:07.000 --> 00:34:09.000]  在整個路加福音
[00:34:09.000 --> 00:34:13.000]  如果我們作為一個門徒的路裏面走
[00:34:13.000 --> 00:34:16.000]  第四章 第五章
[00:34:16.000 --> 00:34:18.000]  路加他告訴我們
[00:34:18.000 --> 00:34:21.000]  你要成為一個門徒
[00:34:21.000 --> 00:34:22.000]  你要放下
[00:34:22.000 --> 00:34:24.000]  你要撇下
[00:34:24.000 --> 00:34:25.000]  你不撇下
[00:34:25.000 --> 00:34:27.000]  到最後
[00:34:27.000 --> 00:34:30.000]  你無法來跟隨
[00:34:30.000 --> 00:34:32.000]  還有一個這樣的例子
[00:34:32.000 --> 00:34:35.000]  近來大家都看到我的頸有些刮痧
[00:34:35.000 --> 00:34:37.000]  經常都很關心我的頸
[00:34:37.000 --> 00:34:39.000]  經常都被一個脊醫罵我的
[00:34:39.000 --> 00:34:41.000]  以前我去看脊醫
[00:34:41.000 --> 00:34:43.000]  就是因為有一段時間揹背囊
[00:34:43.000 --> 00:34:44.000]  背囊很重
[00:34:44.000 --> 00:34:46.000]  原來我的頸這樣夾了出來
[00:34:46.000 --> 00:34:47.000]  背囊很重
[00:34:47.000 --> 00:34:50.000]  我的頸夾了出來就很容易受傷
[00:34:50.000 --> 00:34:51.000]  接著那個脊醫就說
[00:34:51.000 --> 00:34:53.000]  你經常揹這麼重的背囊
[00:34:53.000 --> 00:34:54.000]  有什麼重要的呢?
[00:34:54.000 --> 00:34:55.000]  電腦
[00:34:55.000 --> 00:34:57.000]  教會也有一部電腦
[00:34:57.000 --> 00:34:59.000]  你又要揹一部電腦去做什麼呢?
[00:34:59.000 --> 00:35:00.000]  叫起手要用
[00:35:00.000 --> 00:35:01.000]  搭巴士會看
[00:35:01.000 --> 00:35:03.000]  你搭巴士真的看電腦嗎?
[00:35:03.000 --> 00:35:05.000]  接著又說是
[00:35:05.000 --> 00:35:07.000]  於是放下了背囊
[00:35:07.000 --> 00:35:08.000]  不用背囊
[00:35:08.000 --> 00:35:12.000]  開始用比較輕巧的方式來上班
[00:35:12.000 --> 00:35:14.000]  我的頸真的好了
[00:35:14.000 --> 00:35:15.000]  於是沒有那麼受傷
[00:35:15.000 --> 00:35:18.000]  到近來上網
[00:35:18.000 --> 00:35:20.000]  每個人都要做健身
[00:35:20.000 --> 00:35:21.000]  所以做健身
[00:35:21.000 --> 00:35:23.000]  我最巔峰
[00:35:23.000 --> 00:35:24.000]  一個星期七天
[00:35:24.000 --> 00:35:26.000]  我有五天去做健身房
[00:35:26.000 --> 00:35:27.000]  每天都去做
[00:35:27.000 --> 00:35:28.000]  我覺得自己大了一點
[00:35:28.000 --> 00:35:32.000]  照鏡子覺得好像大了
[00:35:32.000 --> 00:35:33.000]  很滿足
[00:35:33.000 --> 00:35:34.000]  但是做得過勞
[00:35:34.000 --> 00:35:35.000]  做傷了肌肉
[00:35:35.000 --> 00:35:37.000]  接著又被一個脊醫罵
[00:35:37.000 --> 00:35:38.000]  一個星期做多少天健身?
[00:35:38.000 --> 00:35:39.000]  做五天
[00:35:39.000 --> 00:35:40.000]  做這麼多?
[00:35:40.000 --> 00:35:42.000]  你每天都做不同部位
[00:35:42.000 --> 00:35:43.000]  我說是啊
[00:35:43.000 --> 00:35:45.000]  操肌
[00:35:45.000 --> 00:35:47.000]  他就說操傷了你
[00:35:47.000 --> 00:35:48.000]  為什麼你要做健身?
[00:35:48.000 --> 00:35:50.000]  我說要健康
[00:35:50.000 --> 00:35:52.000]  肌肉流失會老化
[00:35:52.000 --> 00:35:55.000]  他說我叫你不做健身
[00:35:55.000 --> 00:35:57.000]  但沒有叫你一個星期做五天這麼多
[00:35:57.000 --> 00:35:59.000]  還有你是這樣操的嗎?
[00:35:59.000 --> 00:36:01.000]  你不是盲目追求重量
[00:36:01.000 --> 00:36:04.000]  你是做對的動作才行
[00:36:04.000 --> 00:36:07.000]  於是不聽繼續做
[00:36:07.000 --> 00:36:09.000]  做到頸前幾天就刮痧
[00:36:09.000 --> 00:36:11.000]  刮到紅了
[00:36:11.000 --> 00:36:12.000]  因為筋膜勞損了
[00:36:12.000 --> 00:36:14.000]  用筋膜刮刮刮
[00:36:14.000 --> 00:36:16.000]  這樣索索聲
[00:36:16.000 --> 00:36:17.000]  來到他做
[00:36:17.000 --> 00:36:20.000]  接著那個脊醫說
[00:36:20.000 --> 00:36:21.000]  做健身是好的
[00:36:21.000 --> 00:36:23.000]  但你做健身是為了什麼?
[00:36:23.000 --> 00:36:25.000]  我說不要流失肌肉
[00:36:25.000 --> 00:36:28.000]  他說其實肌肉未至於流失
[00:36:28.000 --> 00:36:30.000]  如果你真的想做到成為港男
[00:36:30.000 --> 00:36:32.000]  我勸你不要了
[00:36:32.000 --> 00:36:34.000]  不用做到很健碩
[00:36:34.000 --> 00:36:36.000]  不過他說對了
[00:36:36.000 --> 00:36:39.000]  我心目中要變得很強大
[00:36:39.000 --> 00:36:41.000]  我才維持健康
[00:36:41.000 --> 00:36:45.000]  但其實健康從來不是肌肉很強大
[00:36:45.000 --> 00:36:47.000]  而是不痛的
[00:36:47.000 --> 00:36:51.000]  我在醫務所裏見到大量的人
[00:36:51.000 --> 00:36:53.000]  揹著一個很重的袋
[00:36:53.000 --> 00:36:55.000]  拉著一個很重的小車
[00:36:55.000 --> 00:36:58.000]  有些人可能長期姿勢不好
[00:36:58.000 --> 00:37:01.000]  坐在病歷裏
[00:37:01.000 --> 00:37:04.000]  我見到他們彷彿見到我自己
[00:37:04.000 --> 00:37:08.000]  我有些想法我覺得很重要
[00:37:08.000 --> 00:37:10.000]  不過原來這些想法
[00:37:10.000 --> 00:37:12.000]  是令到我生命裏面
[00:37:12.000 --> 00:37:14.000]  添上大量的重擔
[00:37:14.000 --> 00:37:16.000]  令到我受傷
[00:37:16.000 --> 00:37:18.000]  我寧願給錢看脊醫
[00:37:18.000 --> 00:37:21.000]  我都不寧願撇下那些生活模式
[00:37:21.000 --> 00:37:23.000]  是不是很傻?
[00:37:23.000 --> 00:37:25.000]  頂姐妹
[00:37:25.000 --> 00:37:27.000]  今日你過這個門徒生活
[00:37:27.000 --> 00:37:29.000]  你怎樣過?
[00:37:29.000 --> 00:37:31.000]  今日這段經文提醒我們
[00:37:31.000 --> 00:37:33.000]  如果你不撇下
[00:37:33.000 --> 00:37:35.000]  你無法跟從
[00:37:35.000 --> 00:37:37.000]  就讓我們
[00:37:37.000 --> 00:37:39.000]  第一步開始
[00:37:39.000 --> 00:37:41.000]  放下那些不必要的東西
[00:37:41.000 --> 00:37:43.000]  放下那些無關痛癢
[00:37:43.000 --> 00:37:45.000]  生命裏面的重擔
[00:37:45.000 --> 00:37:48.000]  輕散地跟隨耶穌
[00:37:48.000 --> 00:37:51.000]  這段公路電影會繼續
[00:37:51.000 --> 00:37:53.000]  我們繼續拭目以待
[00:37:53.000 --> 00:37:56.000]  看耶穌怎樣去鍛造門徒的生命
