
[00:00:00.000 --> 00:00:07.000]  然後是讀經,今日的經文是但爾利書三章十六到三十節
[00:00:07.000 --> 00:00:13.000]  在你的新約聖經一千一百九十七頁,程序表都應該登了
[00:00:13.000 --> 00:00:19.000]  請聽我讀,第三章十六節
[00:00:19.000 --> 00:00:23.000]  沙德拉米薩阿伯尼哥對王說
[00:00:23.000 --> 00:00:28.000]  尼布甲尼薩,這件事我們不必回答你
[00:00:28.000 --> 00:00:36.000]  即便如此,我們所侍奉的神能將我們從烈火的窯中救出來
[00:00:36.000 --> 00:00:40.000]  王啊,他也必救我們脫離你的手
[00:00:40.000 --> 00:00:45.000]  即或不言,王啊,你當知道我們缺不侍奉你的神
[00:00:45.000 --> 00:00:49.000]  也不敬拜你所立的金像
[00:00:49.000 --> 00:00:53.000]  當時尼布甲尼薩怒氣填空
[00:00:53.000 --> 00:00:58.000]  向沙德拉米薩阿伯尼哥變了臉色
[00:00:58.000 --> 00:01:03.000]  吩咐人把窯燒熱比尋常更加七倍
[00:01:03.000 --> 00:01:06.000]  又吩咐他軍中的幾個壯士
[00:01:06.000 --> 00:01:11.000]  將沙德拉米薩阿伯尼哥捆起來
[00:01:11.000 --> 00:01:13.000]  拎在烈火的窯中
[00:01:13.000 --> 00:01:19.000]  這三人穿著褲子、內袍、外衣和別的衣服
[00:01:19.000 --> 00:01:22.000]  被捆起來拎在烈火的窯中
[00:01:22.000 --> 00:01:29.000]  因為王命緊急,窯又滲熱
[00:01:29.000 --> 00:01:36.000]  那台沙德拉米薩阿伯尼哥的人都被火焰燒死
[00:01:36.000 --> 00:01:42.000]  沙德拉米薩阿伯尼哥這三個人都被捆著
[00:01:42.000 --> 00:01:44.000]  落在烈火的窯中
[00:01:44.000 --> 00:01:50.000]  那時尼布甲尼薩王驚奇急忙起來
[00:01:50.000 --> 00:01:52.000]  對謀士說
[00:01:52.000 --> 00:01:57.000]  「我們捆起來拎在火裡的不是三個人嗎?」
[00:01:57.000 --> 00:01:59.000]  他們回答王說
[00:01:59.000 --> 00:02:01.000]  「王啊是」
[00:02:01.000 --> 00:02:06.000]  王說「看啊,我見有四個人並沒有捆綁
[00:02:06.000 --> 00:02:10.000]  在火中遊行也沒有受傷
[00:02:10.000 --> 00:02:15.000]  那四個的相貌好像臣子」
[00:02:15.000 --> 00:02:19.000]  於是尼布甲尼薩就近烈火窯門
[00:02:19.000 --> 00:02:26.000]  說「至高神的僕人沙德拉米薩阿伯尼哥出來
[00:02:26.000 --> 00:02:28.000]  上者裡來吧
[00:02:28.000 --> 00:02:33.000]  沙德拉米薩阿伯尼哥就從火中出來了
[00:02:33.000 --> 00:02:38.000]  那些總督、音差、巡撫和王的謀士
[00:02:38.000 --> 00:02:41.000]  一同聚集看這三個人
[00:02:41.000 --> 00:02:44.000]  見火無力傷他們的身體
[00:02:44.000 --> 00:02:46.000]  頭髮也沒有燒焦
[00:02:46.000 --> 00:02:48.000]  衣裳也沒有變色
[00:02:48.000 --> 00:02:52.000]  並沒有火燎的氣味」
[00:02:52.000 --> 00:02:54.000]  尼布甲尼薩說
[00:02:54.000 --> 00:02:59.000]  「沙德拉米薩阿伯尼哥的神是應當稱頌的
[00:02:59.000 --> 00:03:03.000]  他差遣使者救護已靠他的僕人
[00:03:03.000 --> 00:03:05.000]  他們不遵王命
[00:03:05.000 --> 00:03:07.000]  捨去己身
[00:03:07.000 --> 00:03:09.000]  在他們神以外
[00:03:09.000 --> 00:03:11.000]  不肯侍奉敬拜別神
[00:03:11.000 --> 00:03:13.000]  現在我降旨
[00:03:13.000 --> 00:03:17.000]  無論何方、何國、何族的人
[00:03:17.000 --> 00:03:23.000]  望讀沙德拉米薩阿伯尼哥之神的必備靈詞
[00:03:23.000 --> 00:03:25.000]  他的房屋必成糞堆
[00:03:25.000 --> 00:03:30.000]  因為沒有別神能這樣施行拯救
[00:03:30.000 --> 00:03:33.000]  那時王在巴比倫省
[00:03:33.000 --> 00:03:37.000]  高聲尿沙德拉米薩阿伯尼哥」
[00:03:37.000 --> 00:03:39.000]  《聖經獨筆》
[00:03:39.000 --> 00:03:40.000]  各位
[00:03:40.000 --> 00:03:43.000]  本來今天的講道應該由梁家倫牧師主講
[00:03:43.000 --> 00:03:45.000]  不過因為他有事
[00:03:45.000 --> 00:03:51.000]  就由本堂主任牧師陳明全牧師講道
[00:03:51.000 --> 00:03:53.000]  「逆流中的堅持與盼望
[00:03:53.000 --> 00:03:55.000]  烈火中的第四日」
[00:03:55.000 --> 00:03:56.000]  有請
[00:03:56.000 --> 00:03:57.000]  弟兄姊妹平安
[00:03:57.000 --> 00:03:58.000]  平安
[00:03:58.000 --> 00:04:00.000]  我們今天繼續用《但異地書》
[00:04:00.000 --> 00:04:02.000]  一起來思想
[00:04:02.000 --> 00:04:07.000]  在對基督教或信仰不友善的處境裡
[00:04:07.000 --> 00:04:08.000]  作為一群基督徒
[00:04:08.000 --> 00:04:09.000]  一群信主的人
[00:04:09.000 --> 00:04:12.000]  我們怎樣去堅持自己的信仰
[00:04:12.000 --> 00:04:15.000]  講起堅持 我不知道你怎樣描述自己
[00:04:15.000 --> 00:04:17.000]  你覺不覺得自己是一個堅持的人
[00:04:17.000 --> 00:04:21.000]  不是堅持把拖鞋放在床角某個位置那種堅持
[00:04:21.000 --> 00:04:23.000]  那些叫做頑固
[00:04:23.000 --> 00:04:26.000]  有些堅持是為了信仰的緣故
[00:04:26.000 --> 00:04:28.000]  或者你知道有些好處
[00:04:28.000 --> 00:04:30.000]  例如做運動
[00:04:30.000 --> 00:04:33.000]  你知道做運動對身體有益
[00:04:33.000 --> 00:04:34.000]  所以你每天早上會晨運
[00:04:34.000 --> 00:04:37.000]  或者你撥一個時間去跑步等等
[00:04:37.000 --> 00:04:40.000]  因為你深信做這個舉動
[00:04:40.000 --> 00:04:43.000]  對你自己的身體健康是有幫助的
[00:04:43.000 --> 00:04:47.000]  而且你保持這個習慣
[00:04:47.000 --> 00:04:50.000]  是會為自己為身邊的人帶來好處的
[00:04:50.000 --> 00:04:53.000]  這種堅持就是見到即時的果效
[00:04:53.000 --> 00:04:57.000]  有些堅持可能你看不到即時的果效
[00:04:57.000 --> 00:04:58.000]  但是你長遠看
[00:04:58.000 --> 00:05:00.000]  你會看到有好處的
[00:05:00.000 --> 00:05:03.000]  例如我小時候上教會
[00:05:03.000 --> 00:05:05.000]  家人經常說又上教會
[00:05:05.000 --> 00:05:07.000]  上教會有飯吃嗎
[00:05:07.000 --> 00:05:11.000]  你知道教會真的未必每星期都有飯吃
[00:05:11.000 --> 00:05:13.000]  不過你自己知道
[00:05:13.000 --> 00:05:15.000]  在這個群體裏面你得到成長
[00:05:15.000 --> 00:05:19.000]  久而久之長年累月你會得著益處
[00:05:19.000 --> 00:05:22.000]  所以這種堅持的好處不是即時的
[00:05:22.000 --> 00:05:24.000]  而是長遠的
[00:05:24.000 --> 00:05:28.000]  不過有些堅持可能未必帶來你即時的好處
[00:05:28.000 --> 00:05:31.000]  或者甚至未必有眼前可以看到
[00:05:31.000 --> 00:05:34.000]  預視到有些長遠的好處
[00:05:34.000 --> 00:05:39.000]  可能是單單一份信念令到你去堅持
[00:05:39.000 --> 00:05:42.000]  今日我們所看的《但義理書》
[00:05:42.000 --> 00:05:43.000]  或者整個《但義理書》
[00:05:43.000 --> 00:05:45.000]  它都是說一個這樣的信息
[00:05:45.000 --> 00:05:48.000]  一班被擄巴比倫的年輕人
[00:05:48.000 --> 00:05:51.000]  他們已經失去了自己的國家
[00:05:51.000 --> 00:05:55.000]  甚至乎很多的生活細節已經被巴比倫化了
[00:05:55.000 --> 00:05:59.000]  他們的名字 他們的飲食 他們的起居
[00:05:59.000 --> 00:06:01.000]  甚至乎他們的關係網絡
[00:06:01.000 --> 00:06:06.000]  已經全部被巴比倫擄去了
[00:06:06.000 --> 00:06:08.000]  失去了自己的國家
[00:06:08.000 --> 00:06:09.000]  甚麼都沒有了
[00:06:09.000 --> 00:06:14.000]  連名字都要被改換成為一個異邦地的名字
[00:06:14.000 --> 00:06:17.000]  他怎樣去確立自己這個信仰的身份呢?
[00:06:17.000 --> 00:06:20.000]  在一個對信仰這麼不友善
[00:06:20.000 --> 00:06:24.000]  或者對他自己民族這麼不友善的處境當中
[00:06:24.000 --> 00:06:26.000]  他們在堅持甚麼呢?
[00:06:26.000 --> 00:06:30.000]  今日我們看的《但義理書》第三章
[00:06:30.000 --> 00:06:32.000]  希望我們一直讀的時候
[00:06:32.000 --> 00:06:33.000]  我們讀到一些的亮光
[00:06:33.000 --> 00:06:35.000]  亦都讓我們今日生命裏面
[00:06:35.000 --> 00:06:37.000]  我們知道我們生命裏面
[00:06:37.000 --> 00:06:40.000]  怎樣去堅持走這條信仰的路
[00:06:40.000 --> 00:06:42.000]  在我們一起看聖經的時候
[00:06:42.000 --> 00:06:44.000]  我們一起祈禱求上帝幫助
[00:06:44.000 --> 00:06:46.000]  上主願你幫助我們
[00:06:46.000 --> 00:06:48.000]  讓我們能夠直著你的話語
[00:06:48.000 --> 00:06:49.000]  明白你的心意
[00:06:49.000 --> 00:06:52.000]  切腹給每一位聆聽的弟兄姊妹
[00:06:52.000 --> 00:06:54.000]  讓他們不單止聽得明白
[00:06:54.000 --> 00:06:56.000]  亦都加強他們內心的確信
[00:06:56.000 --> 00:06:59.000]  在生活當中成為你所喜悅的指紋
[00:06:59.000 --> 00:07:02.000]  讓他們生命起來為你作見證
[00:07:02.000 --> 00:07:04.000]  給你指下你的話語
[00:07:04.000 --> 00:07:05.000]  直著你的僕人
[00:07:05.000 --> 00:07:07.000]  直著孩子的宣講
[00:07:07.000 --> 00:07:10.000]  讓你的話語解得明
[00:07:10.000 --> 00:07:13.000]  亦都讓弟兄姊妹聽盡內心當中
[00:07:13.000 --> 00:07:15.000]  一齊的來學習
[00:07:15.000 --> 00:07:16.000]  一齊的來實踐
[00:07:16.000 --> 00:07:17.000]  在這個世代裏面
[00:07:17.000 --> 00:07:19.000]  給你繼續來帶領我們
[00:07:19.000 --> 00:07:21.000]  我們恭敬將來的時間交託
[00:07:21.000 --> 00:07:22.000]  願你賜福
[00:07:22.000 --> 00:07:25.000]  獻上禱告奉求基督耶穌得勝的聖名
[00:07:25.000 --> 00:07:26.000]  Amen
[00:07:26.000 --> 00:07:28.000]  我們一起看看《但義理書》
[00:07:28.000 --> 00:07:30.000]  我們看第三章之前
[00:07:30.000 --> 00:07:33.000]  我們有一些背景資料我們要重溫的
[00:07:33.000 --> 00:07:35.000]  之前上一次講的第二章
[00:07:35.000 --> 00:07:37.000]  是整個《但義理書》裏面
[00:07:37.000 --> 00:07:39.000]  很多的神學宣告
[00:07:39.000 --> 00:07:40.000]  如果大家記得的
[00:07:40.000 --> 00:07:42.000]  就是尼布甲尼撒王發了個夢
[00:07:42.000 --> 00:07:44.000]  然後他連夢都忘記了
[00:07:44.000 --> 00:07:47.000]  就要找人來解夢
[00:07:47.000 --> 00:07:50.000]  到最後《但義理》就將夢解了給他聽
[00:07:50.000 --> 00:07:53.000]  其中在二章三十七節至三十八節
[00:07:53.000 --> 00:07:56.000]  在夢裏面《但義理》是這樣說的
[00:07:56.000 --> 00:07:58.000]  他說:王啊!你就是諸王之王
[00:07:58.000 --> 00:08:00.000]  天上的神
[00:08:00.000 --> 00:08:04.000]  已將國道、權兵、能力、尊榮都賜給你
[00:08:04.000 --> 00:08:07.000]  凡世人所住之地的走獸
[00:08:07.000 --> 00:08:08.000]  並天空的飛鳥
[00:08:08.000 --> 00:08:10.000]  他都交付你手
[00:08:10.000 --> 00:08:12.000]  使你掌管這一切
[00:08:12.000 --> 00:08:14.000]  你就是那金頭
[00:08:14.000 --> 00:08:17.000]  這個講的就是尼布甲尼撒王
[00:08:17.000 --> 00:08:21.000]  他發夢見到一個大的石像
[00:08:21.000 --> 00:08:24.000]  一個像
[00:08:24.000 --> 00:08:27.000]  而《但義理》解夢的時候就說
[00:08:27.000 --> 00:08:29.000]  尼布甲尼撒就是這個像的頭
[00:08:29.000 --> 00:08:31.000]  而且是用金做的
[00:08:31.000 --> 00:08:33.000]  你就是那個金的頭
[00:08:33.000 --> 00:08:35.000]  對於尼布甲尼撒來說
[00:08:35.000 --> 00:08:37.000]  這個夢他解釋不了
[00:08:37.000 --> 00:08:39.000]  甚至乎他連講個夢都講不了
[00:08:39.000 --> 00:08:41.000]  當然有些弟兄姐妹說
[00:08:41.000 --> 00:08:42.000]  他內心裏面知道的
[00:08:42.000 --> 00:08:47.000]  要考一考格勒底人或者術士那些牌
[00:08:47.000 --> 00:08:49.000]  無論怎樣都好
[00:08:49.000 --> 00:08:50.000]  解釋這個夢
[00:08:50.000 --> 00:08:53.000]  尼布甲尼撒一定是沒有智慧來處理的
[00:08:53.000 --> 00:08:57.000]  他夢裏面見到這個景象
[00:08:57.000 --> 00:08:59.000]  而《但義理》就解釋
[00:08:59.000 --> 00:09:01.000]  他就是這個金頭
[00:09:01.000 --> 00:09:03.000]  當然對於聽的人來說
[00:09:03.000 --> 00:09:05.000]  對於尼布甲尼撒王來說
[00:09:05.000 --> 00:09:11.000]  他覺得這個是一個很榮耀的景象
[00:09:11.000 --> 00:09:16.000]  因為他是萬王之王當中被揀選的
[00:09:16.000 --> 00:09:18.000]  而且他又充滿了權柄
[00:09:18.000 --> 00:09:20.000]  他就是那個金頭
[00:09:20.000 --> 00:09:25.000]  而這個夢裏面的景象
[00:09:25.000 --> 00:09:27.000]  就演化到第三章
[00:09:27.000 --> 00:09:29.000]  第三章第一節到第七節
[00:09:29.000 --> 00:09:30.000]  因為發揚這個夢
[00:09:30.000 --> 00:09:31.000]  揀揚這個夢之後
[00:09:31.000 --> 00:09:34.000]  尼布甲尼撒王做了一個預旨
[00:09:34.000 --> 00:09:36.000]  三章第一節到第七節
[00:09:36.000 --> 00:09:39.000]  尼布甲尼撒王做了一個金像
[00:09:39.000 --> 00:09:42.000]  高六十爪 寬六十爪
[00:09:42.000 --> 00:09:46.000]  納在巴比倫省杜拉平原
[00:09:46.000 --> 00:09:47.000]  第四節
[00:09:47.000 --> 00:09:50.000]  那時傳令的大聲呼叫說
[00:09:50.000 --> 00:09:53.000]  各方各國各族的人啊
[00:09:53.000 --> 00:09:55.000]  有令傳願你們
[00:09:55.000 --> 00:09:59.000]  你們一聽見國笛 琵琶 琴 蝨 笙
[00:09:59.000 --> 00:10:02.000]  和各樣樂器的聲音
[00:10:02.000 --> 00:10:07.000]  就當俯伏敬拜尼布甲尼撒王所立的金像
[00:10:07.000 --> 00:10:09.000]  凡不俯伏敬拜的
[00:10:09.000 --> 00:10:12.000]  必立時泯在烈火的窯中
[00:10:12.000 --> 00:10:15.000]  因此各方各國各族的人民
[00:10:15.000 --> 00:10:18.000]  一聽見國笛 琵琶 琴 蝨
[00:10:18.000 --> 00:10:20.000]  和各樣樂器的聲音
[00:10:20.000 --> 00:10:26.000]  就當俯伏敬拜尼布甲尼撒王所立的金像
[00:10:26.000 --> 00:10:33.000]  這個夢成為了尼布甲尼撒王一個自我榮耀的
[00:10:33.000 --> 00:10:35.000]  好像一個肯定一樣
[00:10:35.000 --> 00:10:40.000]  既然上帝說他是一個被揀選的
[00:10:40.000 --> 00:10:43.000]  而且沒有一個王之後給得上他
[00:10:43.000 --> 00:10:46.000]  於是他就順著這個勢而去
[00:10:46.000 --> 00:10:48.000]  不過這個夢其實
[00:10:48.000 --> 00:10:52.000]  重點不是在說尼布甲尼撒王有多威有多巴閉
[00:10:52.000 --> 00:10:55.000]  其實有多巴閉的王也好
[00:10:55.000 --> 00:10:59.000]  在第二章的解釋就是有一個非人所作的石頭
[00:10:59.000 --> 00:11:03.000]  將會將這些帝國一一瓦解
[00:11:03.000 --> 00:11:05.000]  所有王多巴閉也好
[00:11:05.000 --> 00:11:10.000]  他都會淹沒在歷史當中
[00:11:10.000 --> 00:11:12.000]  不過尼布甲尼撒王
[00:11:12.000 --> 00:11:16.000]  就是純粹看自己覺得自己完成了這個春秋大業
[00:11:16.000 --> 00:11:18.000]  所以他就原本是個頭
[00:11:18.000 --> 00:11:21.000]  現在講到整個像都是用金來做
[00:11:21.000 --> 00:11:24.000]  而且叫所有福源很廣的所有國家
[00:11:24.000 --> 00:11:27.000]  就要向著這個像來下拜
[00:11:27.000 --> 00:11:31.000]  所以第三章其實是承接著第二章裏面
[00:11:31.000 --> 00:11:33.000]  這個夢裏面尼布甲尼撒王
[00:11:33.000 --> 00:11:36.000]  將這個夢他要付諸於實踐
[00:11:36.000 --> 00:11:37.000]  I have a dream
[00:11:37.000 --> 00:11:40.000]  這個dream就是要將他的拜業
[00:11:40.000 --> 00:11:43.000]  繼續來延展
[00:11:43.000 --> 00:11:47.000]  在經文裏面第三章還有一些補充資料
[00:11:47.000 --> 00:11:52.000]  既然這個像是要叫各方各族來跪拜
[00:11:52.000 --> 00:11:55.000]  所以不跪拜的人就會得到懲罰
[00:11:55.000 --> 00:11:59.000]  這個是當時鐵腕的一個統治手段
[00:11:59.000 --> 00:12:05.000]  將人變成了神的形式來敬拜他
[00:12:05.000 --> 00:12:08.000]  但如果不敬拜的時候就會朝野殺身之禍
[00:12:08.000 --> 00:12:12.000]  剛才裏面講如果沒有敬拜這個像
[00:12:12.000 --> 00:12:15.000]  就會即時掉到烈火的窯當中
[00:12:15.000 --> 00:12:17.000]  來被火燒死
[00:12:17.000 --> 00:12:18.000]  第八節
[00:12:18.000 --> 00:12:21.000]  那時有幾個迦勒底人進前來
[00:12:21.000 --> 00:12:23.000]  控告猶大人
[00:12:23.000 --> 00:12:27.000]  猶大人一定不會敬拜偶像
[00:12:27.000 --> 00:12:31.000]  所以他們就受到其他的外邦迦勒底人
[00:12:31.000 --> 00:12:34.000]  來打小報告來控告他
[00:12:34.000 --> 00:12:36.000]  第十二節裏面再繼續講
[00:12:36.000 --> 00:12:38.000]  現在有幾個猶太人
[00:12:38.000 --> 00:12:44.000]  就是王所派來管理巴比倫事務的
[00:12:44.000 --> 00:12:47.000]  沙特拉、米薩、阿伯尼戈
[00:12:47.000 --> 00:12:50.000]  王啊 這些人不理你
[00:12:50.000 --> 00:12:51.000]  不侍奉你的神
[00:12:51.000 --> 00:12:55.000]  也不敬拜你所立的金像
[00:12:55.000 --> 00:12:57.000]  在這裏你會見到
[00:12:57.000 --> 00:12:59.000]  這些迦勒底人就打小報告
[00:12:59.000 --> 00:13:01.000]  就指出這些猶大人
[00:13:01.000 --> 00:13:05.000]  各個邦國都會跪拜偶像
[00:13:05.000 --> 00:13:07.000]  不過就是猶大人
[00:13:07.000 --> 00:13:08.000]  因為上帝的十誡
[00:13:08.000 --> 00:13:10.000]  即使秘魯、巴比倫也好
[00:13:10.000 --> 00:13:15.000]  他們都是謹守著這個最重要的誡命
[00:13:15.000 --> 00:13:18.000]  所以他們見到這個金像不下拜
[00:13:18.000 --> 00:13:22.000]  而這個堅持不下拜的這種姿態
[00:13:22.000 --> 00:13:26.000]  就成為了迦勒底人控告的對象
[00:13:26.000 --> 00:13:28.000]  如果你記得的話
[00:13:28.000 --> 00:13:30.000]  上一次講到迦勒底人
[00:13:30.000 --> 00:13:34.000]  其實丹爾尼和他幾個朋友救了他們一命
[00:13:34.000 --> 00:13:38.000]  因為迦勒底人解不了夢
[00:13:38.000 --> 00:13:43.000]  然後皇上就說要將這些人殺死
[00:13:43.000 --> 00:13:47.000]  後來因為丹爾尼解釋了這個夢
[00:13:47.000 --> 00:13:51.000]  講了這個夢的解釋出來
[00:13:51.000 --> 00:13:55.000]  於是就免去了這個殺身之禍
[00:13:55.000 --> 00:13:58.000]  而迦勒底人某程度都是丹爾尼
[00:13:58.000 --> 00:14:03.000]  他們有個恩情在救贖了他們
[00:14:03.000 --> 00:14:05.000]  不過這班人去到第三章
[00:14:05.000 --> 00:14:07.000]  變成了小人
[00:14:07.000 --> 00:14:09.000]  恩將仇報
[00:14:09.000 --> 00:14:10.000]  救了他們
[00:14:10.000 --> 00:14:13.000]  但到最後去到這些風頭火勢
[00:14:13.000 --> 00:14:15.000]  去到這些最關鍵的時候
[00:14:15.000 --> 00:14:21.000]  主動的來控告這幾個猶大的年輕人
[00:14:21.000 --> 00:14:24.000]  這三個就是丹爾尼的三個朋友
[00:14:24.000 --> 00:14:27.000]  值得留意的除了這個背景之外
[00:14:27.000 --> 00:14:31.000]  去到第三章他就用一些字眼來描述
[00:14:31.000 --> 00:14:33.000]  這三個友人
[00:14:33.000 --> 00:14:36.000]  他用的是巴比倫的名字
[00:14:36.000 --> 00:14:40.000]  他講的就是沙德拉、米薩、阿伯尼戈
[00:14:40.000 --> 00:14:46.000]  後來的蝙蝠全部都用這幾個巴比倫的名字
[00:14:46.000 --> 00:14:48.000]  本身這三個人的名字叫做
[00:14:48.000 --> 00:14:52.000]  哈拿尼亞、米沙利和阿薩尼亞
[00:14:52.000 --> 00:14:55.000]  不過這班人因為去到巴比倫
[00:14:55.000 --> 00:14:57.000]  改了一個新的名字
[00:14:57.000 --> 00:15:00.000]  所以這班就叫做新巴比倫人
[00:15:00.000 --> 00:15:04.000]  而自己的名字都已經是巴比倫化
[00:15:04.000 --> 00:15:09.000]  進到這個地方甚至有一官半職
[00:15:09.000 --> 00:15:13.000]  不過在這一刻去到白熱化
[00:15:13.000 --> 00:15:15.000]  吾貴拜這個金像
[00:15:15.000 --> 00:15:19.000]  這些新巴比倫人去到皇上面前
[00:15:19.000 --> 00:15:24.000]  在這些迦勒底人的旁獨大廈
[00:15:24.000 --> 00:15:27.000]  他們都好像面對一個殺身之禍
[00:15:27.000 --> 00:15:30.000]  當尼泊爾格尼撒王知道
[00:15:30.000 --> 00:15:32.000]  這幾個人不去敬拜
[00:15:32.000 --> 00:15:35.000]  所以就大興問罪之師
[00:15:35.000 --> 00:15:38.000]  在經文裏面很快的交代
[00:15:38.000 --> 00:15:45.000]  因為這幾個人不去敬拜尼泊爾格尼撒王的那個像
[00:15:45.000 --> 00:15:48.000]  於是尼泊爾格尼撒王就很生氣
[00:15:48.000 --> 00:15:53.000]  吩咐人將這幾個人帶到尼泊爾格尼撒王的面前
[00:15:53.000 --> 00:15:55.000]  就要審問他
[00:15:55.000 --> 00:15:59.000]  還要說他們夠膽
[00:15:59.000 --> 00:16:03.000]  在我這個皇令底下你公然去違背
[00:16:03.000 --> 00:16:06.000]  去到第十六節到第十八節
[00:16:06.000 --> 00:16:12.000]  這也是這段經文裏面核心之中的核心
[00:16:12.000 --> 00:16:16.000]  當尼泊爾格尼撒王面對面這三個
[00:16:16.000 --> 00:16:20.000]  被改了巴比倫名的年輕人
[00:16:20.000 --> 00:16:23.000]  沙特拉、米薩、亞伯尼戈
[00:16:23.000 --> 00:16:26.000]  這三個人就對王來說
[00:16:26.000 --> 00:16:28.000]  尼泊爾格尼撒王
[00:16:28.000 --> 00:16:31.000]  這件事我們不必回答你
[00:16:31.000 --> 00:16:33.000]  即便如此
[00:16:33.000 --> 00:16:38.000]  我們所侍奉的神能將我們從烈火的窯中救出來
[00:16:38.000 --> 00:16:39.000]  王啊
[00:16:39.000 --> 00:16:45.000]  他也必救我脫離你的手
[00:16:45.000 --> 00:16:46.000]  即或不言
[00:16:46.000 --> 00:16:47.000]  王啊
[00:16:47.000 --> 00:16:50.000]  你當知道我們缺不侍奉你的神
[00:16:50.000 --> 00:16:54.000]  也不敬拜你所立的金像
[00:16:54.000 --> 00:16:57.000]  在這裏讀也讀不到那種霸氣
[00:16:57.000 --> 00:16:58.000]  你要記住
[00:16:58.000 --> 00:17:03.000]  面對著一個幅員很廣的霸王
[00:17:03.000 --> 00:17:05.000]  尼泊爾格尼撒王
[00:17:05.000 --> 00:17:07.000]  現在面對面審問
[00:17:07.000 --> 00:17:09.000]  有一個距離感
[00:17:09.000 --> 00:17:13.000]  高高在上的王對著那幾個敬拜的
[00:17:13.000 --> 00:17:15.000]  俯伏在的那幾個年輕人
[00:17:15.000 --> 00:17:18.000]  問他為何不拜金像
[00:17:18.000 --> 00:17:20.000]  質問來的
[00:17:20.000 --> 00:17:22.000]  這幾個年輕人他沒有解釋
[00:17:22.000 --> 00:17:24.000]  他不需要解釋
[00:17:24.000 --> 00:17:26.000]  他第一句就說尼泊爾格尼撒王
[00:17:26.000 --> 00:17:28.000]  這件事我們不必回答你
[00:17:28.000 --> 00:17:30.000]  即是我不用跟你說的
[00:17:30.000 --> 00:17:34.000]  今天年輕人上班有時也會說這句跟老闆
[00:17:34.000 --> 00:17:36.000]  不過不是受逼迫的
[00:17:36.000 --> 00:17:40.000]  就是有這份年輕人的那種
[00:17:40.000 --> 00:17:43.000]  那種的你覺得氣焰也好
[00:17:43.000 --> 00:17:46.000]  不過他們很清晰的
[00:17:46.000 --> 00:17:49.000]  他們知道敬拜金像
[00:17:49.000 --> 00:17:53.000]  這是一個不可以再逾越的一條界線
[00:17:53.000 --> 00:17:55.000]  去到一個外邦地
[00:17:55.000 --> 00:17:57.000]  他已經沒有了自己的國家
[00:17:57.000 --> 00:17:59.000]  沒有了自己的身份
[00:17:59.000 --> 00:18:01.000]  沒有了自己的國籍
[00:18:01.000 --> 00:18:05.000]  去到現在這一刻只不過是信仰裏面的那個效忠
[00:18:05.000 --> 00:18:09.000]  到最後如果他還是在這個像面前跪拜
[00:18:09.000 --> 00:18:12.000]  他就成為了一個徹頭徹尾的巴比倫人
[00:18:12.000 --> 00:18:16.000]  卻不能夠在這個異邦在一個秘魯的群體當中
[00:18:16.000 --> 00:18:22.000]  活出一個上帝所喜悅的與世界不同的一個生命
[00:18:22.000 --> 00:18:26.000]  所以他在這裏他沒有想要解釋要回答
[00:18:26.000 --> 00:18:30.000]  甚至乎這個是他們的立場
[00:18:30.000 --> 00:18:34.000]  說完這一句之後有兩句連接詞
[00:18:34.000 --> 00:18:37.000]  是在說他們的神學認訊
[00:18:37.000 --> 00:18:40.000]  第一個就是說即便如此
[00:18:40.000 --> 00:18:43.000]  我們所侍奉的神
[00:18:43.000 --> 00:18:47.000]  能將我們從烈火的窯中救出來
[00:18:47.000 --> 00:18:52.000]  王爺他也必救我們脫離你的手
[00:18:52.000 --> 00:18:54.000]  在第十七節裏面
[00:18:54.000 --> 00:18:56.000]  他第一個認訊就說到
[00:18:56.000 --> 00:18:59.000]  他所信的上帝是有能力拯救的
[00:18:59.000 --> 00:19:01.000]  所以他說即便如此
[00:19:01.000 --> 00:19:03.000]  即使我不跪拜你
[00:19:03.000 --> 00:19:05.000]  我不跟你談這件事
[00:19:05.000 --> 00:19:08.000]  你扔我進去火的窯裏面
[00:19:08.000 --> 00:19:13.000]  我們的上帝一定會將我從烈火當中救出來
[00:19:13.000 --> 00:19:19.000]  我們所信的神必然會救我脫離你的手
[00:19:19.000 --> 00:19:23.000]  這個就是一個很強烈的認訊
[00:19:23.000 --> 00:19:27.000]  這種認訊就是來自過往舊約裏面
[00:19:27.000 --> 00:19:30.000]  說的是上帝是施恩拯救的主
[00:19:30.000 --> 00:19:33.000]  他帶著這一份上帝有能力拯救
[00:19:33.000 --> 00:19:36.000]  上帝必然拯救這一份信念
[00:19:36.000 --> 00:19:38.000]  他就會去堅持
[00:19:38.000 --> 00:19:41.000]  這一班年輕人去堅持的原因
[00:19:41.000 --> 00:19:43.000]  因為他第一個信念
[00:19:43.000 --> 00:19:45.000]  他認定面對著這些艱難
[00:19:45.000 --> 00:19:47.000]  上帝不會拋下他
[00:19:47.000 --> 00:19:50.000]  上帝一定會救贖他的
[00:19:50.000 --> 00:19:52.000]  這個我們經常都會聽到
[00:19:52.000 --> 00:19:54.000]  我們說的這個很德性
[00:19:54.000 --> 00:19:56.000]  很堅定的信仰
[00:19:56.000 --> 00:20:00.000]  不過接下來第二個重要的字眼
[00:20:00.000 --> 00:20:02.000]  就是「積惑不言」
[00:20:02.000 --> 00:20:06.000]  我們很多時候識經都是金句
[00:20:06.000 --> 00:20:08.000]  四一字「積惑不言」
[00:20:08.000 --> 00:20:12.000]  即是說上帝即使不是在烈火當中
[00:20:12.000 --> 00:20:14.000]  將我救拔出來
[00:20:14.000 --> 00:20:17.000]  沒有這個我期盼的效果
[00:20:17.000 --> 00:20:21.000]  上帝不是按我自己的心意
[00:20:21.000 --> 00:20:23.000]  上帝按我自己的想法
[00:20:23.000 --> 00:20:26.000]  來實踐他的救贖
[00:20:26.000 --> 00:20:29.000]  但你要知道我決不侍奉你的神
[00:20:29.000 --> 00:20:33.000]  也不敬拜你所立的金像
[00:20:33.000 --> 00:20:37.000]  前者是說上帝的保守和拯救
[00:20:37.000 --> 00:20:40.000]  後者是說即使這個救贖
[00:20:40.000 --> 00:20:42.000]  或者這個效果
[00:20:42.000 --> 00:20:44.000]  不是出現在我身上
[00:20:44.000 --> 00:20:47.000]  但我都不會改變我的信念
[00:20:47.000 --> 00:20:51.000]  後者是說人對上帝的效忠
[00:20:51.000 --> 00:21:00.000]  今天我們有沒有這份年輕人的心呢?
[00:21:00.000 --> 00:21:04.000]  我們生命裏會不會有這份
[00:21:04.000 --> 00:21:08.000]  很堅硬的骨氣
[00:21:08.000 --> 00:21:12.000]  面對這些對我們不友善的
[00:21:12.000 --> 00:21:16.000]  即使結果不是如我所期盼
[00:21:16.000 --> 00:21:18.000]  但我堅持
[00:21:18.000 --> 00:21:20.000]  我堅定上帝
[00:21:20.000 --> 00:21:23.000]  我亦不會因為這樣而妥協
[00:21:23.000 --> 00:21:26.000]  在某些最後的底線裏
[00:21:26.000 --> 00:21:30.000]  來失去我們生命的主權
[00:21:30.000 --> 00:21:31.000]  可能你會發覺
[00:21:31.000 --> 00:21:34.000]  今天這個世界有很多聲音為你好
[00:21:34.000 --> 00:21:35.000]  用不著這麼堅持
[00:21:35.000 --> 00:21:37.000]  用不著要這樣
[00:21:37.000 --> 00:21:39.000]  你的心裏信就行了
[00:21:39.000 --> 00:21:40.000]  我們中國人信的
[00:21:40.000 --> 00:21:43.000]  一向都是心裏相信的
[00:21:43.000 --> 00:21:45.000]  外面的事算不得甚麼
[00:21:45.000 --> 00:21:48.000]  有時信耶穌的人就好迂腐
[00:21:48.000 --> 00:21:51.000]  有時我們會聽到這樣的論調
[00:21:51.000 --> 00:21:53.000]  犧牲一兩次又何妨呢?
[00:21:53.000 --> 00:21:55.000]  做少少的事又何妨呢?
[00:21:55.000 --> 00:21:58.000]  不過當我們讀《但義理書》的時候
[00:21:58.000 --> 00:21:59.000]  我們已經發覺
[00:21:59.000 --> 00:22:01.000]  有些事已經退無可退
[00:22:01.000 --> 00:22:04.000]  我們生命裏最後一點的堅持
[00:22:04.000 --> 00:22:06.000]  都被這個世界同化的時候
[00:22:06.000 --> 00:22:08.000]  我們都會有身份迷失
[00:22:08.000 --> 00:22:10.000]  我們都不知道自己在做甚麼
[00:22:10.000 --> 00:22:12.000]  在這裏
[00:22:12.000 --> 00:22:15.000]  沙特拉、米薩、阿伯尼戈
[00:22:15.000 --> 00:22:18.000]  面對這個霸王
[00:22:18.000 --> 00:22:21.000]  他缺乏有任何妥協的餘地
[00:22:21.000 --> 00:22:26.000]  他拒絕來跪拜尼布甲尼撒的金像
[00:22:26.000 --> 00:22:29.000]  當尼布甲尼撒聽到的時候
[00:22:29.000 --> 00:22:30.000]  有甚麼反應呢?
[00:22:30.000 --> 00:22:31.000]  第十九節
[00:22:31.000 --> 00:22:34.000]  當時尼布甲尼撒怒氣填空
[00:22:34.000 --> 00:22:37.000]  向沙特拉、米薩、阿伯尼戈
[00:22:37.000 --> 00:22:38.000]  變了臉色
[00:22:38.000 --> 00:22:41.000]  吩咐人把搖、燒熱
[00:22:41.000 --> 00:22:44.000]  比尋常的更加七倍
[00:22:44.000 --> 00:22:47.000]  即是把火加多些柴
[00:22:47.000 --> 00:22:48.000]  再燒熱些
[00:22:48.000 --> 00:22:49.000]  七倍
[00:22:49.000 --> 00:22:51.000]  因為他自己都在老火中燒
[00:22:51.000 --> 00:22:54.000]  然後將人從軍中幾個壯士
[00:22:54.000 --> 00:22:58.000]  將沙特拉、米薩、阿伯尼戈捆起來
[00:22:58.000 --> 00:23:00.000]  泯在烈火的搖中
[00:23:00.000 --> 00:23:04.000]  這三人穿著父子內袍外衣和別的衣服
[00:23:04.000 --> 00:23:08.000]  被捆起來泯在烈火的搖中
[00:23:08.000 --> 00:23:10.000]  因為皇命緊急
[00:23:10.000 --> 00:23:11.000]  搖又滲熱
[00:23:11.000 --> 00:23:14.000]  那台沙特拉、米薩、阿伯尼戈的人
[00:23:14.000 --> 00:23:16.000]  都被火焰燒死
[00:23:16.000 --> 00:23:19.000]  沙特拉、米薩、阿伯尼戈這三人
[00:23:19.000 --> 00:23:23.000]  都被捆著落在烈火的搖中
[00:23:23.000 --> 00:23:26.000]  那時尼布甲尼撒王驚奇急忙起來對謀士說
[00:23:26.000 --> 00:23:30.000]  「我們捆起來泯在火裡的不是三個人嗎?」
[00:23:30.000 --> 00:23:31.000]  他們回答王說
[00:23:31.000 --> 00:23:33.000]  「王阿時時的」
[00:23:33.000 --> 00:23:34.000]  王說
[00:23:34.000 --> 00:23:37.000]  「漢啊,我見有四個人並沒有捆綁
[00:23:37.000 --> 00:23:40.000]  在火中遊行也沒有受傷
[00:23:40.000 --> 00:23:44.000]  那第四個的相貌好像臣子」
[00:23:44.000 --> 00:23:47.000]  由第十九節到第二十五節
[00:23:47.000 --> 00:23:52.000]  就說到尼布甲尼撒王真的落營了
[00:23:52.000 --> 00:23:54.000]  要將這三個年輕人
[00:23:54.000 --> 00:23:57.000]  丟到火搖裡面燒
[00:23:57.000 --> 00:23:58.000]  燒到一個地步
[00:23:58.000 --> 00:24:02.000]  就是抬著這三個年輕人的那些壯士
[00:24:02.000 --> 00:24:04.000]  熱到一個地步
[00:24:04.000 --> 00:24:06.000]  他們都被火燒死
[00:24:06.000 --> 00:24:08.000]  他們都被火燒死
[00:24:08.000 --> 00:24:11.000]  但是這三個年輕人丟下去沒事
[00:24:11.000 --> 00:24:15.000]  接著尼布甲尼撒王見到異象
[00:24:15.000 --> 00:24:16.000]  他就說
[00:24:16.000 --> 00:24:19.000]  「為什麼我是丟三個人下去
[00:24:19.000 --> 00:24:22.000]  為什麼我看在火堆那個搖那裡
[00:24:22.000 --> 00:24:24.000]  我見到有四個人?」
[00:24:24.000 --> 00:24:29.000]  那些謀士都回答不了這個問題
[00:24:29.000 --> 00:24:30.000]  他見了四個人
[00:24:30.000 --> 00:24:33.000]  還要那四個人是怎樣的形態呢?
[00:24:33.000 --> 00:24:36.000]  原本是捆著丟下去那個火搖裡面
[00:24:36.000 --> 00:24:40.000]  現在這四個人全部沒有被捆綁
[00:24:40.000 --> 00:24:43.000]  在火裡面自由行走
[00:24:43.000 --> 00:24:45.000]  哇 真是奇景 是不是?
[00:24:45.000 --> 00:24:51.000]  接著還要那些火比平時已經燒到七倍以上的那種火力
[00:24:51.000 --> 00:24:52.000]  這麼熱
[00:24:52.000 --> 00:24:55.000]  身邊的人都覺得那種熱力沸騰
[00:24:55.000 --> 00:24:58.000]  但是那四個人完全在火裡面
[00:24:58.000 --> 00:24:59.000]  完全沒事
[00:24:59.000 --> 00:25:00.000]  也都沒有受傷
[00:25:00.000 --> 00:25:04.000]  經文裡面描述第四個人的樣子就好像神子
[00:25:04.000 --> 00:25:06.000]  神子有很多的解法
[00:25:06.000 --> 00:25:09.000]  其中一個說法就好像天使的面貌
[00:25:09.000 --> 00:25:13.000]  總之是一個不知名的第四個人
[00:25:13.000 --> 00:25:16.000]  就在裡面跟他們一起
[00:25:16.000 --> 00:25:18.000]  經歷這個烈火
[00:25:18.000 --> 00:25:21.000]  火搖當中的這種酷刑
[00:25:21.000 --> 00:25:25.000]  火搖中的第四人有很多的說法
[00:25:25.000 --> 00:25:26.000]  去到我們新約
[00:25:26.000 --> 00:25:27.000]  我們作為基督徒
[00:25:27.000 --> 00:25:30.000]  有很多時候我們都會相信
[00:25:30.000 --> 00:25:35.000]  那個是道成肉身之前的聖子耶穌基督
[00:25:35.000 --> 00:25:40.000]  就是跟這班人同時一起
[00:25:40.000 --> 00:25:43.000]  去面對著這個火搖
[00:25:43.000 --> 00:25:46.000]  當然他不是這麼直接去說的
[00:25:46.000 --> 00:25:49.000]  我們都是用新約來理解舊約
[00:25:49.000 --> 00:25:52.000]  我們都認定那個是耶穌基督
[00:25:52.000 --> 00:25:55.000]  不過我們可以肯定的就是
[00:25:55.000 --> 00:25:57.000]  在這個火搖裡面
[00:25:57.000 --> 00:26:01.000]  這幾個人不是上帝救他
[00:26:01.000 --> 00:26:03.000]  就好像昔日舊約裡面
[00:26:03.000 --> 00:26:05.000]  落場大雨
[00:26:05.000 --> 00:26:06.000]  又或者有個洪水
[00:26:06.000 --> 00:26:09.000]  在不知名的地方就將火淋熄了
[00:26:09.000 --> 00:26:12.000]  不是這樣的處境
[00:26:12.000 --> 00:26:17.000]  這三個人同樣都是要經歷火搖的那個溫度
[00:26:17.000 --> 00:26:19.000]  被捆綁
[00:26:19.000 --> 00:26:23.000]  而且是一個熱力的那種痛苦
[00:26:23.000 --> 00:26:25.000]  他們相信的救贖
[00:26:25.000 --> 00:26:27.000]  可能是好像在說
[00:26:27.000 --> 00:26:31.000]  以利亞才知道有天的雨下水
[00:26:31.000 --> 00:26:34.000]  來將那些火焰淋熄
[00:26:34.000 --> 00:26:37.000]  不過實情真實的
[00:26:37.000 --> 00:26:39.000]  就是他們繼續都要下火堆
[00:26:39.000 --> 00:26:41.000]  都要經歷那個高溫
[00:26:41.000 --> 00:26:43.000]  不過在這個高溫裡面
[00:26:43.000 --> 00:26:47.000]  上帝與這三個人同在
[00:26:47.000 --> 00:26:50.000]  這個《但義理書》裡面
[00:26:50.000 --> 00:26:53.000]  很多的神學家說到
[00:26:53.000 --> 00:26:56.000]  今日凝信堅持自己信仰的人
[00:26:56.000 --> 00:27:00.000]  你不要想著完全免去地上的那個痛苦
[00:27:00.000 --> 00:27:02.000]  或者免去地上的那個熔爐
[00:27:02.000 --> 00:27:04.000]  可能我們都要進入到
[00:27:04.000 --> 00:27:07.000]  在這些這樣的處境當中
[00:27:07.000 --> 00:27:09.000]  不過上帝的救贖
[00:27:09.000 --> 00:27:11.000]  未必是將那些火拔走
[00:27:11.000 --> 00:27:14.000]  而可能上帝的救贖往往是與
[00:27:14.000 --> 00:27:17.000]  受火的那些人同在
[00:27:17.000 --> 00:27:20.000]  而這個第四個人
[00:27:20.000 --> 00:27:23.000]  神子樣貌的這個人
[00:27:23.000 --> 00:27:27.000]  就是與這三個友人一起來同在
[00:27:27.000 --> 00:27:29.000]  一起經驗這個火焰
[00:27:29.000 --> 00:27:32.000]  但是在火焰當中他們不被捆綁
[00:27:32.000 --> 00:27:35.000]  而且還可以有力量來遊行
[00:27:35.000 --> 00:27:37.000]  在經文裡面
[00:27:37.000 --> 00:27:39.000]  當這件這麼奇特的事出現了
[00:27:39.000 --> 00:27:41.000]  二十六節
[00:27:41.000 --> 00:27:42.000]  它裡面就這樣說
[00:27:42.000 --> 00:27:47.000]  於是尼泊爾加利薩就近烈火的謠門說
[00:27:47.000 --> 00:27:51.000]  至高神的僕人撒德拉米薩亞伯尼哥出來
[00:27:51.000 --> 00:27:53.000]  上者裡來吧
[00:27:53.000 --> 00:27:58.000]  撒德拉米薩亞伯尼哥就從火中出來了
[00:27:58.000 --> 00:28:01.000]  那些總督、欽差、巡撫和王的謀士
[00:28:01.000 --> 00:28:04.000]  一同聚集看者三個人
[00:28:04.000 --> 00:28:06.000]  見火無力傷他們的身體
[00:28:06.000 --> 00:28:08.000]  頭髮沒有燒焦
[00:28:08.000 --> 00:28:10.000]  衣裳沒有變色
[00:28:10.000 --> 00:28:12.000]  並沒有火燎的氣味
[00:28:12.000 --> 00:28:14.000]  尼泊爾加利薩說
[00:28:14.000 --> 00:28:16.000]  撒德拉米薩亞伯尼哥的神
[00:28:16.000 --> 00:28:18.000]  是應當稱頌的
[00:28:18.000 --> 00:28:21.000]  他差遣使者救護依靠他的僕人
[00:28:21.000 --> 00:28:23.000]  他們不遵王命
[00:28:23.000 --> 00:28:24.000]  捨去己身
[00:28:24.000 --> 00:28:28.000]  在他們神以外不肯侍奉敬拜別神
[00:28:28.000 --> 00:28:30.000]  我現在降旨
[00:28:30.000 --> 00:28:33.000]  無論何方、何國、何族的人
[00:28:33.000 --> 00:28:36.000]  旁讀撒德拉米薩亞伯尼哥之神的
[00:28:36.000 --> 00:28:37.000]  必被凌遲
[00:28:37.000 --> 00:28:39.000]  他的房屋必成為糞堆
[00:28:39.000 --> 00:28:43.000]  因為沒有別神能這樣施行拯救
[00:28:43.000 --> 00:28:45.000]  那時王在巴比倫省
[00:28:45.000 --> 00:28:49.000]  高聲了撒德拉米薩亞伯尼哥
[00:28:49.000 --> 00:28:51.000]  這就是結局
[00:28:51.000 --> 00:28:54.000]  這三個人沒有被火燎
[00:28:54.000 --> 00:28:55.000]  四個人
[00:28:55.000 --> 00:28:58.000]  然後叫了他出來
[00:28:58.000 --> 00:29:02.000]  這是尼泊爾加利薩王親自說的
[00:29:02.000 --> 00:29:04.000]  這三個人
[00:29:04.000 --> 00:29:06.000]  撒德拉米薩亞伯尼哥的神
[00:29:06.000 --> 00:29:08.000]  是應當稱頌
[00:29:08.000 --> 00:29:10.000]  他從來未見過一個神
[00:29:10.000 --> 00:29:13.000]  可以這樣來拯救
[00:29:13.000 --> 00:29:14.000]  他更加見到的是
[00:29:14.000 --> 00:29:17.000]  這些人不怕死
[00:29:17.000 --> 00:29:19.000]  見到一個這樣的火燎
[00:29:19.000 --> 00:29:21.000]  他捨去幾生
[00:29:21.000 --> 00:29:24.000]  都不肯敬拜、侍奉、別神
[00:29:24.000 --> 00:29:26.000]  這些人是忠心
[00:29:26.000 --> 00:29:28.000]  所以在尼泊爾加利薩
[00:29:28.000 --> 00:29:34.000]  在一個施行橫蠻無理的刑罰的王裏
[00:29:34.000 --> 00:29:36.000]  他見證著一件這樣的事
[00:29:36.000 --> 00:29:39.000]  就是一群人
[00:29:39.000 --> 00:29:41.000]  竟然可以為上帝忠心
[00:29:41.000 --> 00:29:43.000]  去到一個這樣的地步
[00:29:43.000 --> 00:29:45.000]  更加見到的是
[00:29:45.000 --> 00:29:48.000]  上帝救人救到一個這樣的地步
[00:29:48.000 --> 00:29:50.000]  所以以後所有人
[00:29:50.000 --> 00:29:52.000]  都不可以誹謗、旁毒
[00:29:52.000 --> 00:29:56.000]  撒德拉米薩亞伯尼哥的這位神
[00:29:56.000 --> 00:29:59.000]  然後還要高聲他們
[00:29:59.000 --> 00:30:01.000]  整件事大團圓結局
[00:30:01.000 --> 00:30:02.000]  很快樂
[00:30:02.000 --> 00:30:04.000]  不過你會見到
[00:30:04.000 --> 00:30:05.000]  在整段經文裏面
[00:30:05.000 --> 00:30:09.000]  如果你問這段經文有什麼重點
[00:30:09.000 --> 00:30:11.000]  我給大家三個F
[00:30:11.000 --> 00:30:13.000]  記住這三個F
[00:30:13.000 --> 00:30:14.000]  第一
[00:30:14.000 --> 00:30:16.000]  Faithfulness
[00:30:16.000 --> 00:30:18.000]  Faith in unfriendly environment
[00:30:18.000 --> 00:30:20.000]  在一個不友善的環境裏面
[00:30:20.000 --> 00:30:24.000]  你有沒有真正的信心
[00:30:24.000 --> 00:30:27.000]  今天我們說一個基督徒有沒有信心
[00:30:27.000 --> 00:30:28.000]  我們經常都會看
[00:30:28.000 --> 00:30:29.000]  他是不是回教會
[00:30:29.000 --> 00:30:31.000]  當然是對的
[00:30:31.000 --> 00:30:35.000]  看他有沒有聚會
[00:30:35.000 --> 00:30:36.000]  看他有沒有祈禱
[00:30:36.000 --> 00:30:37.000]  有沒有敬拜
[00:30:37.000 --> 00:30:39.000]  這些都是宗教行為
[00:30:39.000 --> 00:30:40.000]  都是重要
[00:30:40.000 --> 00:30:43.000]  不過看一個真正人的信心
[00:30:43.000 --> 00:30:46.000]  往往不是純粹看他宗教行為
[00:30:46.000 --> 00:30:48.000]  真正要看的就是
[00:30:48.000 --> 00:30:50.000]  在一些關鍵時刻
[00:30:50.000 --> 00:30:52.000]  在生命裏面的低潮
[00:30:52.000 --> 00:30:56.000]  在生命裏面出現了這些逆境
[00:30:56.000 --> 00:30:58.000]  他能不能夠站立得穩
[00:30:58.000 --> 00:30:59.000]  有很多
[00:30:59.000 --> 00:31:00.000]  我很唏噓的
[00:31:00.000 --> 00:31:01.000]  我經常都說
[00:31:01.000 --> 00:31:02.000]  在年輕的時候
[00:31:02.000 --> 00:31:04.000]  我帶著年輕人回教會
[00:31:04.000 --> 00:31:06.000]  很多年輕人在營裏面
[00:31:06.000 --> 00:31:07.000]  細神疲軟
[00:31:07.000 --> 00:31:11.000]  要為上帝奉獻自己身為上帝
[00:31:11.000 --> 00:31:13.000]  在營裏面很浪漫
[00:31:13.000 --> 00:31:14.000]  又沒有睡覺
[00:31:14.000 --> 00:31:16.000]  所以大家很有熱情
[00:31:16.000 --> 00:31:18.000]  但一去到生活的時候
[00:31:18.000 --> 00:31:20.000]  有些事衝擊了
[00:31:20.000 --> 00:31:23.000]  有不同的事來到了
[00:31:23.000 --> 00:31:25.000]  又或者有些艱難了
[00:31:25.000 --> 00:31:26.000]  在時間表裏面
[00:31:26.000 --> 00:31:29.000]  第一件犧牲的就是犧牲信仰
[00:31:29.000 --> 00:31:31.000]  在香港裏面
[00:31:31.000 --> 00:31:34.000]  華治基督徒的人不少
[00:31:34.000 --> 00:31:37.000]  不過真的堅守信仰的基督徒
[00:31:37.000 --> 00:31:40.000]  可能不是想像中那麼多
[00:31:40.000 --> 00:31:41.000]  頂姐妹
[00:31:41.000 --> 00:31:43.000]  今天我們生命裏面
[00:31:43.000 --> 00:31:45.000]  除了宗教行為之外
[00:31:45.000 --> 00:31:47.000]  我們今天的信心
[00:31:47.000 --> 00:31:48.000]  在這些關鍵
[00:31:48.000 --> 00:31:50.000]  在這些困難處境裏面
[00:31:50.000 --> 00:31:52.000]  我們是否站立得穩呢?
[00:31:52.000 --> 00:31:56.000]  我們的信心是否真的對上帝
[00:31:56.000 --> 00:32:00.000]  百分之一百完全的信靠呢?
[00:32:00.000 --> 00:32:03.000]  有時候我們都不敢誇下海口
[00:32:03.000 --> 00:32:06.000]  我們都怕自己有時候會有軟弱
[00:32:06.000 --> 00:32:09.000]  但至少我們都不斷來到
[00:32:09.000 --> 00:32:11.000]  去強化自己的信心
[00:32:11.000 --> 00:32:13.000]  無論人生經歷什麼事
[00:32:13.000 --> 00:32:15.000]  我們都要敬拜
[00:32:15.000 --> 00:32:17.000]  侍奉這位獨一的真神
[00:32:17.000 --> 00:32:19.000]  不要讓這個世界
[00:32:19.000 --> 00:32:21.000]  那麼容易就拔走了我們
[00:32:21.000 --> 00:32:23.000]  不要讓生命裏面
[00:32:23.000 --> 00:32:25.000]  很多的困難逆境
[00:32:25.000 --> 00:32:27.000]  就將我們自己打沉了
[00:32:27.000 --> 00:32:29.000]  令到我們覺得自己
[00:32:29.000 --> 00:32:31.000]  沒有辦法來到去實踐
[00:32:31.000 --> 00:32:35.000]  所以第一個F就是Faithfulness
[00:32:35.000 --> 00:32:37.000]  第二個就是Freedom
[00:32:37.000 --> 00:32:39.000]  我們覺得Freedom的意思就是自由
[00:32:39.000 --> 00:32:41.000]  喜歡做什麼就做什麼
[00:32:41.000 --> 00:32:43.000]  不過在這段經文裏面
[00:32:43.000 --> 00:32:45.000]  講到那個自由不被捆綁
[00:32:45.000 --> 00:32:49.000]  是在火中裏面不被捆綁
[00:32:49.000 --> 00:32:52.000]  聖經作者他用這個字眼
[00:32:52.000 --> 00:32:53.000]  他講的那個自由
[00:32:53.000 --> 00:32:55.000]  不是你想做什麼就做什麼
[00:32:55.000 --> 00:32:56.000]  而是在講
[00:32:56.000 --> 00:32:59.000]  你有一種抉擇的能力
[00:32:59.000 --> 00:33:03.000]  即使這個世界有很多的隱憂
[00:33:03.000 --> 00:33:05.000]  但你都依然可以
[00:33:05.000 --> 00:33:07.000]  不是每個人都是這樣
[00:33:07.000 --> 00:33:10.000]  免於那個隨波逐流的自由
[00:33:10.000 --> 00:33:13.000]  Freedom from conformity to the world
[00:33:13.000 --> 00:33:15.000]  這個世界每個人都是這樣做
[00:33:15.000 --> 00:33:18.000]  但你可以不是這樣做
[00:33:18.000 --> 00:33:20.000]  在商業社會運作裏面
[00:33:20.000 --> 00:33:22.000]  每個人都是這樣做
[00:33:22.000 --> 00:33:24.000]  但你可以不是這樣做
[00:33:24.000 --> 00:33:26.000]  你知道可能
[00:33:26.000 --> 00:33:29.000]  你沒有那麼平順的,沒有一般人這樣
[00:33:29.000 --> 00:33:33.000]  但你願不願意堅持付出這個代價
[00:33:33.000 --> 00:33:37.000]  所以那個Freedom是在講
[00:33:37.000 --> 00:33:40.000]  你生命裏面你要行使上帝給你的
[00:33:40.000 --> 00:33:42.000]  那份say no的自由
[00:33:42.000 --> 00:33:44.000]  今天我們會不會有時候
[00:33:44.000 --> 00:33:47.000]  我們有一種感覺逆流而上很累
[00:33:47.000 --> 00:33:49.000]  我們都很怕自己標奇立異
[00:33:49.000 --> 00:33:51.000]  又怕被人講多兩句
[00:33:51.000 --> 00:33:56.000]  所以我們很多時候就認同了這個世界的想法
[00:33:56.000 --> 00:33:58.000]  我們口聲有時候說
[00:33:58.000 --> 00:34:02.000]  甚至我們要將世界的步伐帶入來教會
[00:34:02.000 --> 00:34:04.000]  令到教會變得更加進步
[00:34:04.000 --> 00:34:06.000]  不過在做這件事之前
[00:34:06.000 --> 00:34:09.000]  我們想我們是認同了這個世界價值
[00:34:09.000 --> 00:34:13.000]  抑或是我們覺得我們需要更新改變
[00:34:13.000 --> 00:34:16.000]  如果我們只是怕落後於世界
[00:34:16.000 --> 00:34:19.000]  又或者想將世界的價值帶入來的時候
[00:34:19.000 --> 00:34:23.000]  可能那個是我們生命沉淪的開始
[00:34:23.000 --> 00:34:25.000]  最後就是Fellowship
[00:34:25.000 --> 00:34:27.000]  我們Fellowship可以唱詩
[00:34:27.000 --> 00:34:29.000]  不過就在火搖當中
[00:34:29.000 --> 00:34:33.000]  上帝與這三個人一起來到團契
[00:34:33.000 --> 00:34:35.000]  Fellowship in the furnace
[00:34:35.000 --> 00:34:38.000]  在烈火當中上帝的同在
[00:34:38.000 --> 00:34:41.000]  我們經常覺得上帝的拯救
[00:34:41.000 --> 00:34:46.000]  很浪漫地幫我們免去一些烈火
[00:34:46.000 --> 00:34:49.000]  不過可能生命裏面上帝要用
[00:34:49.000 --> 00:34:51.000]  祂自己親自和我們同行
[00:34:51.000 --> 00:34:53.000]  經歷這個烈火
[00:34:53.000 --> 00:34:57.000]  到最後祂應許過不撇下我們
[00:34:57.000 --> 00:35:01.000]  不是純粹將我們拔走在某個危險的處境
[00:35:01.000 --> 00:35:06.000]  而是可能和我們一起經歷在火中的同在
[00:35:06.000 --> 00:35:09.000]  一起受苦 一起經歷
[00:35:09.000 --> 00:35:12.000]  亦都得著上帝的保守
[00:35:12.000 --> 00:35:15.000]  我有一個這樣的故事
[00:35:15.000 --> 00:35:17.000]  和大家分享
[00:35:17.000 --> 00:35:19.000]  我有一個長輩
[00:35:19.000 --> 00:35:22.000]  以前認識的一個製衣廠的老闆
[00:35:22.000 --> 00:35:24.000]  他做到很大的生意
[00:35:24.000 --> 00:35:27.000]  我們以前有一班年輕人
[00:35:27.000 --> 00:35:29.000]  在他的廠裏傳福音
[00:35:29.000 --> 00:35:31.000]  我有一次問他
[00:35:31.000 --> 00:35:34.000]  老闆 為甚麼你這麼厲害
[00:35:34.000 --> 00:35:35.000]  只是白手興家
[00:35:35.000 --> 00:35:38.000]  做到這麼大的廠 幾千人的
[00:35:38.000 --> 00:35:40.000]  他做製衣的
[00:35:40.000 --> 00:35:42.000]  我說你怎樣找客人
[00:35:42.000 --> 00:35:44.000]  很有興趣問這個問題
[00:35:44.000 --> 00:35:46.000]  他說了一個故事給我聽
[00:35:46.000 --> 00:35:49.000]  他說不是我找客人
[00:35:49.000 --> 00:35:50.000]  是客人找我
[00:35:50.000 --> 00:35:52.000]  嘩 這麼厲害
[00:35:52.000 --> 00:35:55.000]  原來他說舊時他的廠開始的時候
[00:35:55.000 --> 00:35:57.000]  他會不停找客人
[00:35:57.000 --> 00:36:00.000]  有一次他找一個大客
[00:36:00.000 --> 00:36:03.000]  打算談訂單
[00:36:03.000 --> 00:36:05.000]  進到辦公室
[00:36:05.000 --> 00:36:07.000]  看見大老闆坐在那裏
[00:36:07.000 --> 00:36:09.000]  然後大老闆的大腿裏
[00:36:09.000 --> 00:36:12.000]  左邊有一個女人坐在他的大腿裏
[00:36:12.000 --> 00:36:14.000]  你看見他這樣
[00:36:14.000 --> 00:36:17.000]  大老闆就這樣躺在那裏
[00:36:17.000 --> 00:36:20.000]  那個年輕的製衣廠老闆進來
[00:36:20.000 --> 00:36:22.000]  就想跟他談生意
[00:36:22.000 --> 00:36:25.000]  這個年輕老闆見到有兩個女士在那裏
[00:36:25.000 --> 00:36:27.000]  就覺得很尷尬
[00:36:27.000 --> 00:36:28.000]  他說大老闆
[00:36:28.000 --> 00:36:30.000]  我們現在談生意了
[00:36:30.000 --> 00:36:33.000]  要不要叫這兩位女士出去呢
[00:36:33.000 --> 00:36:35.000]  這個大老闆就繼續坐在那裏
[00:36:35.000 --> 00:36:36.000]  在那裏抱著
[00:36:36.000 --> 00:36:39.000]  不用了 你想要甚麼就說
[00:36:39.000 --> 00:36:40.000]  你要甚麼就說
[00:36:40.000 --> 00:36:43.000]  然後又在那裏這樣
[00:36:43.000 --> 00:36:47.000]  你是不是很難受
[00:36:47.000 --> 00:36:50.000]  這個年輕的製衣廠老闆
[00:36:50.000 --> 00:36:51.000]  他見到這樣的情況
[00:36:51.000 --> 00:36:52.000]  他覺得很尷尬
[00:36:52.000 --> 00:36:54.000]  而且有一種羞辱感
[00:36:54.000 --> 00:36:57.000]  他說我真是談生意的
[00:36:57.000 --> 00:36:58.000]  你不要這樣行不行
[00:36:58.000 --> 00:37:00.000]  那個老闆就繼續說
[00:37:00.000 --> 00:37:02.000]  你想要甚麼就說
[00:37:02.000 --> 00:37:05.000]  到最後他說我現在想走
[00:37:05.000 --> 00:37:06.000]  你抱著那兩個女人
[00:37:06.000 --> 00:37:08.000]  我怎樣跟你談
[00:37:08.000 --> 00:37:12.000]  但是他的工廠剛剛建立不久
[00:37:12.000 --> 00:37:15.000]  而且也有一些工人等他開飯
[00:37:15.000 --> 00:37:18.000]  但是他就說了一句這樣的說話
[00:37:18.000 --> 00:37:20.000]  他開頭也在想
[00:37:20.000 --> 00:37:21.000]  會不會過火呢
[00:37:21.000 --> 00:37:23.000]  最後那個大老闆還繼續
[00:37:23.000 --> 00:37:24.000]  你走就走
[00:37:24.000 --> 00:37:27.000]  你不想做就走
[00:37:27.000 --> 00:37:28.000]  然後他真的氣不起來
[00:37:28.000 --> 00:37:30.000]  那我現在就走了
[00:37:30.000 --> 00:37:32.000]  離開了的時候
[00:37:32.000 --> 00:37:35.000]  覺得自己做得很對
[00:37:35.000 --> 00:37:36.000]  因為他也是一個基督徒
[00:37:36.000 --> 00:37:38.000]  他覺得這樣是談不成的
[00:37:38.000 --> 00:37:40.000]  不過那間廠一直沒有訂單的時候
[00:37:40.000 --> 00:37:44.000]  就經歷了經營上的極大困難
[00:37:44.000 --> 00:37:45.000]  他自己也是老闆
[00:37:45.000 --> 00:37:49.000]  但是他下面有很多基層的工人
[00:37:49.000 --> 00:37:50.000]  沒有飯吃
[00:37:50.000 --> 00:37:52.000]  又要令他們失業
[00:37:52.000 --> 00:37:54.000]  那又何苦呢
[00:37:54.000 --> 00:37:55.000]  然後有些人就說
[00:37:55.000 --> 00:37:56.000]  老闆呀
[00:37:56.000 --> 00:37:58.000]  對著製衣廠的老闆說
[00:37:58.000 --> 00:38:01.000]  其實壞壞地慣舖就算了
[00:38:01.000 --> 00:38:04.000]  外面的大老闆是這麼壞的
[00:38:04.000 --> 00:38:05.000]  你不用認同他
[00:38:05.000 --> 00:38:07.000]  你只是拿他做生意而已
[00:38:07.000 --> 00:38:09.000]  用不著這麼執著
[00:38:09.000 --> 00:38:11.000]  每個人都是這樣的
[00:38:11.000 --> 00:38:14.000]  不過這個年輕老闆說
[00:38:14.000 --> 00:38:16.000]  談生意歸談生意
[00:38:16.000 --> 00:38:17.000]  尊重歸尊重
[00:38:17.000 --> 00:38:19.000]  而且你不要想過
[00:38:19.000 --> 00:38:20.000]  他不是送東西給我
[00:38:20.000 --> 00:38:22.000]  而是我幫他賺錢
[00:38:22.000 --> 00:38:23.000]  我就是賺錢
[00:38:23.000 --> 00:38:25.000]  幫他多養幾個女人
[00:38:25.000 --> 00:38:28.000]  我覺得是不可以做這件事的
[00:38:28.000 --> 00:38:29.000]  很硬朗
[00:38:29.000 --> 00:38:31.000]  不過很多艱難
[00:38:31.000 --> 00:38:32.000]  輾轉之下
[00:38:32.000 --> 00:38:35.000]  這個故事就傳到外國
[00:38:35.000 --> 00:38:39.000]  有個外國的老闆聽到這個年輕人
[00:38:39.000 --> 00:38:41.000]  然後他也不問
[00:38:41.000 --> 00:38:42.000]  這個老闆就飛來
[00:38:42.000 --> 00:38:44.000]  去到他的面前
[00:38:44.000 --> 00:38:46.000]  我要給你訂單
[00:38:46.000 --> 00:38:48.000]  然後這個年輕的製衣廠老闆說
[00:38:48.000 --> 00:38:50.000]  為什麼要給我訂單
[00:38:50.000 --> 00:38:52.000]  因為你有正義
[00:38:52.000 --> 00:38:55.000]  因為你是一個真正工作的人
[00:38:55.000 --> 00:38:58.000]  所以我以後所有的訂單
[00:38:58.000 --> 00:38:59.000]  全部給你
[00:38:59.000 --> 00:39:04.000]  說的是很厲害的量
[00:39:04.000 --> 00:39:08.000]  於是這個老闆就由中型規模
[00:39:08.000 --> 00:39:11.000]  變成一個超大規模的製衣廠
[00:39:11.000 --> 00:39:13.000]  然後這個老闆跟我說
[00:39:13.000 --> 00:39:14.000]  他說
[00:39:14.000 --> 00:39:16.000]  年輕人
[00:39:16.000 --> 00:39:18.000]  今天我們的信仰
[00:39:18.000 --> 00:39:20.000]  我們覺得有些東西很值錢
[00:39:20.000 --> 00:39:21.000]  不過你要記住
[00:39:21.000 --> 00:39:25.000]  你的信譽比這些東西更加值錢
[00:39:25.000 --> 00:39:26.000]  你對上帝的忠心
[00:39:26.000 --> 00:39:28.000]  比起你眼前的生活
[00:39:28.000 --> 00:39:30.000]  更加有價值
[00:39:30.000 --> 00:39:33.000]  所以兩個東西放在你面前的時候
[00:39:33.000 --> 00:39:35.000]  你要選擇有價值的東西
[00:39:35.000 --> 00:39:37.000]  不要選擇一些沒有價值的東西
[00:39:37.000 --> 00:39:41.000]  你不要在那裏去做委曲求全的人
[00:39:41.000 --> 00:39:45.000]  這個經歷對我來說都重要
[00:39:45.000 --> 00:39:47.000]  我想今天對我們來說都重要
[00:39:47.000 --> 00:39:50.000]  今天我們的信仰
[00:39:50.000 --> 00:39:53.000]  比起生命裏面很多東西更加有價值
[00:39:53.000 --> 00:39:56.000]  我們選擇些什麼呢
[00:39:56.000 --> 00:39:57.000]  可能我們的堅持
[00:39:57.000 --> 00:40:00.000]  會為我們帶來一刻的好處
[00:40:00.000 --> 00:40:03.000]  又或者有一些長遠的好處
[00:40:03.000 --> 00:40:06.000]  不過今天《但以你書》第三章說到
[00:40:06.000 --> 00:40:09.000]  堅持是帶來畢生的好處
[00:40:09.000 --> 00:40:12.000]  而這個好處未必是地上可以回報
[00:40:12.000 --> 00:40:14.000]  更加重要的就是
[00:40:14.000 --> 00:40:17.000]  我們所堅持的那個對象
[00:40:17.000 --> 00:40:19.000]  是一個拯救的主
[00:40:19.000 --> 00:40:22.000]  是一個幫助我們的主
[00:40:22.000 --> 00:40:23.000]  我們就帶著這份確信
[00:40:23.000 --> 00:40:25.000]  在逆流當中
[00:40:25.000 --> 00:40:27.000]  繼續好好我們的信仰生命
[00:40:27.000 --> 00:40:29.000]  求主繼續幫助我們
