
[00:00:00.000 --> 00:00:04.000]  各位電影姐妹 平安
[00:00:04.000 --> 00:00:08.000]  今日我會同大家嚟到分享
[00:00:08.000 --> 00:00:12.000]  教會持續健康去發展
[00:00:12.000 --> 00:00:16.000]  嘅秘訣到底係邊度
[00:00:16.000 --> 00:00:20.000]  按照美國Census Bureau嗰個record
[00:00:20.000 --> 00:00:24.000]  嗰個紀錄 美國人
[00:00:24.000 --> 00:00:28.000]  喺1962年嘅時候 佢哋去
[00:00:28.000 --> 00:00:32.000]  參加崇拜聚會嘅人口係佔
[00:00:32.000 --> 00:00:36.000]  78%以上 非常多嘅
[00:00:36.000 --> 00:00:40.000]  但係去到1995年至到
[00:00:40.000 --> 00:00:44.000]  2015年之間 我哋發覺有個好大嘅一個改變
[00:00:44.000 --> 00:00:48.000]  首先1995年到2015年
[00:00:48.000 --> 00:00:52.000]  全國嘅人口增加咗5300萬
[00:00:52.000 --> 00:00:56.000]  但係教會嘅會眾卻係少咗
[00:00:56.000 --> 00:01:00.000]  1500萬 然後經常聚會嘅
[00:01:00.000 --> 00:01:04.000]  信徒 去到1995年經常去教會嘅信徒
[00:01:04.000 --> 00:01:08.000]  係佔美國人口嘅大概只有20.5%
[00:01:08.000 --> 00:01:12.000]  1999年跌到去19%
[00:01:12.000 --> 00:01:16.000]  2002年跌到去18%
[00:01:16.000 --> 00:01:20.000]  2025年進一步下跌去到
[00:01:20.000 --> 00:01:24.000]  15% 換句話嚟講 你睇到整個
[00:01:24.000 --> 00:01:28.000]  美國嗰個教會嘅趨勢係
[00:01:28.000 --> 00:01:32.000]  越嚟越衰落 2026年
[00:01:32.000 --> 00:01:36.000]  係因為總統嘅選舉 教會進一步撕裂
[00:01:36.000 --> 00:01:40.000]  因為有人支持民主黨 有人支持共和黨
[00:01:40.000 --> 00:01:44.000]  帶嚟嘅結果唔少嘅領袖係支持
[00:01:44.000 --> 00:01:48.000]  現任嘅總統 就係因為呢個現任嘅
[00:01:48.000 --> 00:01:52.000]  總統嘅言行同聖經嘅標準差距好大
[00:01:52.000 --> 00:01:56.000]  對夫人派教會嘅打擊就更加大
[00:01:56.000 --> 00:02:00.000]  過去15年每年
[00:02:00.000 --> 00:02:04.000]  平均大概有4000間教會結束
[00:02:04.000 --> 00:02:08.000]  新增嘅係只有大概1000間嘅
[00:02:08.000 --> 00:02:12.000]  新嘅教會 而且都係比較細嘅
[00:02:12.000 --> 00:02:16.000]  然後我哋再嚟到睇睇20年
[00:02:16.000 --> 00:02:20.000]  嗰個嘅報告 係只有
[00:02:20.000 --> 00:02:24.000]  兩種嘅教會係增長嘅 一種係新興嘅教會
[00:02:24.000 --> 00:02:28.000]  係獨立嘅 另外就係靈因嘅教會
[00:02:28.000 --> 00:02:32.000]  所有其他嘅宗派都係
[00:02:32.000 --> 00:02:36.000]  負增長 第二老化
[00:02:36.000 --> 00:02:40.000]  大部分嘅教會
[00:02:40.000 --> 00:02:44.000]  特別係嗰啲越嚟越衰落嘅教會
[00:02:44.000 --> 00:02:48.000]  青少年無影無蹤 第三受洗嘅人數大跌
[00:02:48.000 --> 00:02:52.000]  第四連最大嘅宗派
[00:02:52.000 --> 00:02:56.000]  美南浸信會 喺20年之內少咗400萬人
[00:02:56.000 --> 00:03:00.000]  係因為
[00:03:00.000 --> 00:03:04.000]  這個Church of Rick Warren嘅影響
[00:03:04.000 --> 00:03:08.000]  教會嚴重嘅撕裂 主要係因為呢個管理制度
[00:03:08.000 --> 00:03:12.000]  改變咗 所以受影響嘅教會就撕裂咗
[00:03:12.000 --> 00:03:16.000]  損失嘅人數非常多
[00:03:16.000 --> 00:03:20.000]  第五個方面
[00:03:20.000 --> 00:03:24.000]  有7600間United Methodist
[00:03:24.000 --> 00:03:28.000]  巡禮會
[00:03:28.000 --> 00:03:32.000]  呢個教會係關閉咗 而最大嘅Episcopal Church
[00:03:32.000 --> 00:03:36.000]  紐約嘅總部都要結束營業要出售
[00:03:36.000 --> 00:03:40.000]  長老會嘅方面係冇咗70%嘅會眾
[00:03:40.000 --> 00:03:44.000]  美國福音信義會
[00:03:44.000 --> 00:03:48.000]  喺1988年起一路到而家
[00:03:48.000 --> 00:03:52.000]  係少咗200萬嘅人
[00:03:52.000 --> 00:03:56.000]  另一方面令人驚嘆
[00:03:56.000 --> 00:04:00.000]  就係嗰啲超級大教會
[00:04:00.000 --> 00:04:04.000]  係一間倒閉完又一間水晶安教會
[00:04:04.000 --> 00:04:08.000]  無後繼之人
[00:04:08.000 --> 00:04:12.000]  結果就剩返一間小型嘅一間教會
[00:04:12.000 --> 00:04:16.000]  創唐牧師嘅醜聞好似囂張
[00:04:16.000 --> 00:04:20.000]  而都帶嚟一個震盪性嘅影響
[00:04:20.000 --> 00:04:24.000]  第三個方面就係嗰啲高舉神蹟歧視
[00:04:24.000 --> 00:04:28.000]  呢啲嘅靈恩教會係被發現咗作假
[00:04:28.000 --> 00:04:32.000]  帶嚟嘅結果係大量嘅會眾流失咗
[00:04:32.000 --> 00:04:36.000]  第四個方面教會缺乏有效嘅管理
[00:04:36.000 --> 00:04:40.000]  教會嘅領導人被揭發貪污姦污或者係性嘅醜聞
[00:04:40.000 --> 00:04:44.000]  教會裏面都係隱瞞
[00:04:44.000 --> 00:04:48.000]  呢啲嘅教會亦都係一樣大量流失
[00:04:48.000 --> 00:04:52.000]  佢哋嘅人口包括到芝加哥嘅
[00:04:52.000 --> 00:04:56.000]  Villafreak教會
[00:04:56.000 --> 00:05:00.000]  亦都係包括到好多
[00:05:00.000 --> 00:05:04.000]  靈恩嘅教會都係因為咁樣嘅緣故
[00:05:04.000 --> 00:05:08.000]  大量少咗人
[00:05:08.000 --> 00:05:12.000]  所以大家嚟睇一睇整個美國教會人數嘅趨勢
[00:05:12.000 --> 00:05:16.000]  每況愈下一年不如一年
[00:05:16.000 --> 00:05:20.000]  但係獨立嘅教會
[00:05:20.000 --> 00:05:24.000]  特別係嗰啲注重全民皆兵
[00:05:24.000 --> 00:05:28.000]  特別係一個青少年嘅方面開多啲嘅
[00:05:28.000 --> 00:05:32.000]  茶經小組各種唔同嘅活動運動
[00:05:32.000 --> 00:05:36.000]  同埋侍奉呢啲嘅教會增長非常迅速
[00:05:36.000 --> 00:05:40.000]  佢哋有一個特色就係有忠心
[00:05:40.000 --> 00:05:44.000]  牧人嘅牧羊有教導同埋有
[00:05:44.000 --> 00:05:48.000]  新教嘅牧者喺佢哋嘅當中
[00:05:48.000 --> 00:05:52.000]  另外長執虔信於行
[00:05:52.000 --> 00:05:56.000]  喺美國呢啲嘅教會可惜嘅只不過係佔百分之二
[00:05:56.000 --> 00:06:00.000]  超級大教會倒閉潮同樣係一樣
[00:06:00.000 --> 00:06:04.000]  水政教會創唐牧師嘅醜聞
[00:06:04.000 --> 00:06:08.000]  令到 Hillsong 令到 Willow Creek 呢啲嘅教會
[00:06:08.000 --> 00:06:12.000]  一間二間大受影響神跡騎士
[00:06:12.000 --> 00:06:16.000]  被發現作假好似 Benny Hinn 佢嘅教會
[00:06:16.000 --> 00:06:20.000]  大部分嘅人離開咗仲有教會
[00:06:20.000 --> 00:06:24.000]  教會缺乏有效嘅監督教會嘅領導人被缺乏
[00:06:24.000 --> 00:06:28.000]  貪污 姦淫但係教會仍然隱瞞
[00:06:28.000 --> 00:06:32.000]  呢啲嘅現象非常多
[00:06:32.000 --> 00:06:36.000]  有一個叫做護教著名嘅
[00:06:36.000 --> 00:06:40.000]  亦都係報道著名嘅一個講者
[00:06:40.000 --> 00:06:44.000]  Rainer Zakaria 佢嘅醜聞
[00:06:44.000 --> 00:06:48.000]  就係原來多次係用機構嘅名
[00:06:48.000 --> 00:06:52.000]  機構嘅錢嚟到去嫖妓
[00:06:52.000 --> 00:06:56.000]  帶嚟嘅結果雖然嗰時候佢已經死咗
[00:06:56.000 --> 00:07:00.000]  但喺公會中大量流失
[00:07:00.000 --> 00:07:04.000]  就係因為呢啲嘅事機構係有一個責任
[00:07:04.000 --> 00:07:08.000]  但係點解完全冇監冇管
[00:07:08.000 --> 00:07:12.000]  然後跟住美國NBC嘅調查發現
[00:07:12.000 --> 00:07:16.000]  自從1970年代開始被控性行為
[00:07:16.000 --> 00:07:20.000]  不遣嘅牧師但係卻係
[00:07:20.000 --> 00:07:24.000]  喺呢一個鐘牌就係神朝會
[00:07:24.000 --> 00:07:28.000]  屢次獲得恢復職務
[00:07:28.000 --> 00:07:32.000]  我哋睇得見超過200個被
[00:07:32.000 --> 00:07:36.000]  即係200個性侵犯者
[00:07:36.000 --> 00:07:40.000]  佢哋仍然獲得神朝會恢復佢哋嘅職務
[00:07:40.000 --> 00:07:44.000]  佢哋嘅原因就係話我哋應該饒恕佢哋
[00:07:44.000 --> 00:07:48.000]  第二就係教會係自主嘅
[00:07:48.000 --> 00:07:52.000]  國家唔應該嚟干預
[00:07:52.000 --> 00:07:56.000]  但係呢一方面帶嚟嘅結果
[00:07:56.000 --> 00:08:00.000]  係佢哋淨係保護嗰啲性侵犯者
[00:08:00.000 --> 00:08:04.000]  但係冇諗到嗰啲被侵犯嘅人
[00:08:04.000 --> 00:08:08.000]  特別係第二級到下一代嘅兒童
[00:08:08.000 --> 00:08:12.000]  到底呢個點樣嚟到解決呢呢個都係令到更多嘅人對教會
[00:08:12.000 --> 00:08:16.000]  有一種負面嘅影響
[00:08:16.000 --> 00:08:20.000]  呢一個就係Benny Hing
[00:08:20.000 --> 00:08:24.000]  Benny Hing嘅太太直接離婚之後指出佢嗰啲嘅騙局
[00:08:24.000 --> 00:08:28.000]  呢一個係帶嚟一個非常震撼
[00:08:28.000 --> 00:08:32.000]  咁另一方面當然好多評論員都已經講出
[00:08:32.000 --> 00:08:36.000]  佢嗰啲性靈嘅擊倒好多係假嘅嘢嚟
[00:08:36.000 --> 00:08:40.000]  咁另一方面佢嘅預言好多係唔應驗
[00:08:40.000 --> 00:08:44.000]  包括到佢話有關伊朗
[00:08:44.000 --> 00:08:48.000]  美國呢啲嘅戰爭2024年嘅時候一定會和平
[00:08:48.000 --> 00:08:52.000]  實際上越打越多問題
[00:08:52.000 --> 00:08:58.000]  因為咁樣嘅緣故好多人對佢哋已經冇咗一種信任
[00:08:58.000 --> 00:09:06.000]  再加上佢最近都係畀美國政府當局嚟到調查佢嘅收入
[00:09:06.000 --> 00:09:10.000]  點解可以有私人飛機可以有咁豪華嘅住宅
[00:09:10.000 --> 00:09:14.000]  咁多奢華嘅一啲嘅享受
[00:09:14.000 --> 00:09:18.000]  結果喺佢屋企裏面被發現大量嘅鈔票
[00:09:18.000 --> 00:09:26.000]  但實際上佢而家可能要被告發嘅係門稅
[00:09:26.000 --> 00:09:30.000]  好多方面嘅問題係產生出嚟
[00:09:30.000 --> 00:09:34.000]  咁仲有一啲佢自己嘅預言
[00:09:34.000 --> 00:09:40.000]  佢預言1989年預言卡斯特羅會喺90年代會死嘅
[00:09:40.000 --> 00:09:43.000]  但實際上落空
[00:09:43.000 --> 00:09:53.000]  另外預言1995年前呢個同性戀係會被大火摧毀落空
[00:09:53.000 --> 00:09:55.000]  冇影驗到嘅
[00:09:55.000 --> 00:10:02.000]  然後又預言2000年東海岸大地震結果又係落空
[00:10:02.000 --> 00:10:04.000]  冇一樣嘢係影驗
[00:10:04.000 --> 00:10:10.000]  但佢仍然繼續不斷喺呢個電視嘅網絡嚟到講佢自己嘅預言
[00:10:10.000 --> 00:10:17.000]  好明顯一般嘅人都會諗到正常嘅人錯咗佢應該收攜會道歉
[00:10:17.000 --> 00:10:24.000]  但係Bernie Hain呢一個嘅人佢係超級超級神版嘅巨嬰
[00:10:24.000 --> 00:10:32.000]  佢裏面內心操作嘅手冊係唔認錯唔改過唔思想改過
[00:10:32.000 --> 00:10:37.000]  繼續淨係賴賴呢個世界出現某啲嘅問題
[00:10:37.000 --> 00:10:39.000]  賴某啲嘅政府出現問題
[00:10:39.000 --> 00:10:44.000]  我哋因為咁一個緣故要同大家去睇一睇
[00:10:44.000 --> 00:10:49.000]  到底一個健康教會嘅秘訣喺邊度
[00:10:49.000 --> 00:10:55.000]  持續健康發展嘅教會佢嘅秘訣喺邊度
[00:10:55.000 --> 00:11:01.000]  我今日就選咗約書亞記第五章
[00:11:01.000 --> 00:11:09.000]  但係以色列人當要進入到加勒美地要承繼呢一塊嘅地
[00:11:09.000 --> 00:11:12.000]  到底神對佢哋嘅指令係乜嘢
[00:11:12.000 --> 00:11:17.000]  點樣佢哋先可以真正享受到流奶與蜜嘅境地
[00:11:17.000 --> 00:11:20.000]  如果唔係嘅時候神話畀佢哋聽
[00:11:20.000 --> 00:11:24.000]  唔好以為入咗去你就可以享受
[00:11:24.000 --> 00:11:28.000]  如果你唔聽我嘅話你冇辦法能夠享受
[00:11:28.000 --> 00:11:37.000]  最重要嘅一段經文係要同大家嚟睇約書亞記第五章
[00:11:37.000 --> 00:11:45.000]  有人講整個約書亞記咁多場嘅嗰啲嘅戰爭當中
[00:11:45.000 --> 00:11:50.000]  最重要最重要嗰場嘅戰爭係邊一場呢
[00:11:50.000 --> 00:12:02.000]  我發覺到我問十個人十個人都冇得答唔識答
[00:12:02.000 --> 00:12:07.000]  好多人話耶利哥但係實際上係唔係呢
[00:12:07.000 --> 00:12:10.000]  我今日就要同大家嚟睇一睇
[00:12:10.000 --> 00:12:12.000]  係一場冇打過嘅場
[00:12:12.000 --> 00:12:19.000]  但係呢一場嘅仗係決定整個約書亞記咁多場戰爭嘅當中
[00:12:19.000 --> 00:12:25.000]  你勝還是負嘅關鍵嘅一場嘅戰爭
[00:12:25.000 --> 00:12:29.000]  呢一場嘅戰爭係以色列人同自己打嘅
[00:12:29.000 --> 00:12:32.000]  係靈裏面嘅戰爭
[00:12:32.000 --> 00:12:38.000]  我希望大家留意嚟睇睇呢一場嘅戰爭係乜嘢戰爭
[00:12:38.000 --> 00:12:40.000]  第五章第二節
[00:12:40.000 --> 00:12:43.000]  當佢哋去過咗河之後
[00:12:43.000 --> 00:12:46.000]  大家都知道佢哋過河係點呢
[00:12:46.000 --> 00:12:49.000]  係同過紅海完全唔同嘅
[00:12:49.000 --> 00:12:52.000]  過紅海係乾曬塊地
[00:12:52.000 --> 00:12:54.000]  然後佢哋係寒地行過去嘅
[00:12:54.000 --> 00:12:56.000]  但係過約旦河
[00:12:56.000 --> 00:12:58.000]  佢哋要抬住個約櫃
[00:12:58.000 --> 00:13:01.000]  祭司先踏直角落河水
[00:13:01.000 --> 00:13:03.000]  嗰啲河水先至分開
[00:13:03.000 --> 00:13:07.000]  然後以色列人就喺呢個乾地行過去對面
[00:13:07.000 --> 00:13:09.000]  換句話嚟講
[00:13:09.000 --> 00:13:15.000]  過紅海係見一步行一步
[00:13:15.000 --> 00:13:18.000]  過約旦河入格南
[00:13:18.000 --> 00:13:21.000]  係行一步你就見一步
[00:13:21.000 --> 00:13:24.000]  你唔行你就見唔到
[00:13:24.000 --> 00:13:26.000]  你要行你先會見到
[00:13:26.000 --> 00:13:28.000]  頂姐妹
[00:13:28.000 --> 00:13:31.000]  我哋今日就試一試嚟睇一睇
[00:13:31.000 --> 00:13:35.000]  到底呢一場屬靈嘅真戰係點打嘅呢
[00:13:35.000 --> 00:13:37.000]  第二節
[00:13:37.000 --> 00:13:39.000]  乃時耶華吩咐約西亞話
[00:13:39.000 --> 00:13:44.000]  你製造火石刀第二次給以色列人行割禮
[00:13:44.000 --> 00:13:49.000]  你可能會問第二次
[00:13:49.000 --> 00:13:55.000]  猶太人唔係每一個細蚊仔出世八日內就幫佢行割禮咩
[00:13:55.000 --> 00:13:58.000]  點解呢個係第二次呢
[00:13:58.000 --> 00:14:04.000]  原來呢度所講嘅係集體嘅割禮
[00:14:04.000 --> 00:14:07.000]  第一次集體嘅割禮
[00:14:07.000 --> 00:14:14.000]  係神父召阿伯拉罕話畀佢聽佢要承繼嗰塊美地
[00:14:14.000 --> 00:14:19.000]  另一方面佢子子孫孫多到好似天上嘅星地下嘅沙咁多
[00:14:19.000 --> 00:14:21.000]  嗰個嘅時間
[00:14:21.000 --> 00:14:24.000]  但係佢就畀佢哋一個印記
[00:14:24.000 --> 00:14:30.000]  呢個印記就確定邊啲人可以承繼呢個約的應許
[00:14:30.000 --> 00:14:33.000]  呢個應許就係割禮
[00:14:33.000 --> 00:14:35.000]  係因為咁一個緣故
[00:14:35.000 --> 00:14:40.000]  就係當呢個應許畀阿伯拉罕嘅時候
[00:14:40.000 --> 00:14:45.000]  佢就要求阿伯拉罕將佢全部全部人
[00:14:45.000 --> 00:14:48.000]  包括嗰啲聖用嘅僕人
[00:14:48.000 --> 00:14:55.000]  所有男人就喺嗰個地方先行咗割禮
[00:14:55.000 --> 00:15:00.000]  係因為咁樣我哋稱嗰個係第一次嘅割禮
[00:15:00.000 --> 00:15:04.000]  係全部嘅人一齊行
[00:15:04.000 --> 00:15:07.000]  跟住落嚟佢哋就唔係全部
[00:15:07.000 --> 00:15:10.000]  但係每個嬰孩出世八日
[00:15:10.000 --> 00:15:16.000]  佢哋個個父親都會替佢哋嘅仔嚟到行割禮
[00:15:16.000 --> 00:15:19.000]  去到第三次
[00:15:19.000 --> 00:15:22.000]  約書亞就製造火石刀
[00:15:22.000 --> 00:15:26.000]  喺徐皮山嗰個地方給以色列人行割禮
[00:15:26.000 --> 00:15:30.000]  約書亞行割禮嘅緣故係因為重奸及出禮嘅忠民
[00:15:30.000 --> 00:15:35.000]  就係一切能夠打仗嘅男丁出咗埃及以後
[00:15:35.000 --> 00:15:38.000]  都死喺曠野嘅路上
[00:15:38.000 --> 00:15:42.000]  因為出嚟嘅民眾係都冇受過呢個割禮
[00:15:42.000 --> 00:15:46.000]  唯獨出過埃及以後
[00:15:46.000 --> 00:15:49.000]  喺路上所生嗰啲細蚊仔
[00:15:49.000 --> 00:15:52.000]  佢哋都冇受過割禮
[00:15:52.000 --> 00:15:56.000]  所以因為咁嘅緣故呢一啲喺埃及地出嚟
[00:15:56.000 --> 00:16:01.000]  呢一啲成年人全部佢哋都需要受割禮
[00:16:01.000 --> 00:16:04.000]  所以因為咁嘅緣故
[00:16:04.000 --> 00:16:07.000]  聖英就話呢個係第二次嘅割禮
[00:16:07.000 --> 00:16:10.000]  因為呢次割禮除咗兩個老人
[00:16:10.000 --> 00:16:13.000]  約書亞同埋德勒以外
[00:16:13.000 --> 00:16:19.000]  全部嘅男人都喺呢個時候集體要行呢個割禮
[00:16:19.000 --> 00:16:25.000]  當然呢個集體應該就係約書亞同十二個族長
[00:16:25.000 --> 00:16:27.000]  族長就同千夫長
[00:16:27.000 --> 00:16:29.000]  千夫長就同百夫長
[00:16:29.000 --> 00:16:31.000]  百夫長就同五十夫長
[00:16:31.000 --> 00:16:33.000]  五十夫長就為嗰啲十夫長
[00:16:33.000 --> 00:16:35.000]  每一個夫返到屋企
[00:16:35.000 --> 00:16:40.000]  為佢哋嘅細蚊仔行割禮
[00:16:40.000 --> 00:16:47.000]  因為咁嘅緣故呢個割禮係可以去得好快
[00:16:47.000 --> 00:16:49.000]  跟住第六節
[00:16:49.000 --> 00:16:53.000]  以色列人喺曠野走咗四十年
[00:16:53.000 --> 00:16:57.000]  頂到國民就係春街甲嘅兵丁都消滅了
[00:16:57.000 --> 00:17:00.000]  因為佢哋無聽從耶和華
[00:17:00.000 --> 00:17:02.000]  耶和華曾對佢哋起誓
[00:17:02.000 --> 00:17:05.000]  必不容佢哋睇見耶和華向佢哋嘅列祖起誓
[00:17:05.000 --> 00:17:09.000]  應許畀佢哋嗰個流奶與民之地
[00:17:09.000 --> 00:17:13.000]  而佢哋嘅子孫就係耶和華所興起嚟到接觸佢哋嘅
[00:17:13.000 --> 00:17:16.000]  都無受過割禮
[00:17:16.000 --> 00:17:20.000]  係因為喺路上係無為佢哋受過禮
[00:17:20.000 --> 00:17:23.000]  你日日都差唔多要打場
[00:17:23.000 --> 00:17:25.000]  預備畀人打
[00:17:25.000 --> 00:17:27.000]  所以佢哋無呢個咁樣嘅習慣
[00:17:27.000 --> 00:17:29.000]  約書亞因為咁嘅緣故
[00:17:29.000 --> 00:17:34.000]  而家就集體為佢哋等割禮
[00:17:34.000 --> 00:17:39.000]  各位兄弟姐妹
[00:17:39.000 --> 00:17:41.000]  我想問大家
[00:17:41.000 --> 00:17:43.000]  如果你係約書亞
[00:17:43.000 --> 00:17:46.000]  你聽見耶和華對你講
[00:17:46.000 --> 00:17:51.000]  係要畀每一個係埃及地出嚟
[00:17:51.000 --> 00:17:53.000]  能夠打場嗰啲人
[00:17:53.000 --> 00:17:57.000]  另外就係佢哋之外
[00:17:57.000 --> 00:18:02.000]  仲要返屋企為佢哋嘅細蚊仔都行割禮
[00:18:02.000 --> 00:18:05.000]  呢個反應會點?
[00:18:05.000 --> 00:18:07.000]  我好鍾意呢
[00:18:07.000 --> 00:18:09.000]  喺睇到呢啲關鍵嘅經文嘅時候
[00:18:09.000 --> 00:18:11.000]  我自己都諗諗如果係我
[00:18:11.000 --> 00:18:14.000]  我會問佢乜嘢問題呢?
[00:18:14.000 --> 00:18:18.000]  畀你你會問耶和華乜嘢問題呢?
[00:18:18.000 --> 00:18:20.000]  我諗一諗
[00:18:20.000 --> 00:18:22.000]  我應該都會問
[00:18:22.000 --> 00:18:25.000]  神呀我有冇聽錯
[00:18:25.000 --> 00:18:28.000]  全部以色列嘅男人
[00:18:28.000 --> 00:18:31.000]  都要受割禮
[00:18:31.000 --> 00:18:34.000]  你知唔知我哋而家面對嘅耶利哥
[00:18:34.000 --> 00:18:37.000]  係最難打嘅一個城
[00:18:37.000 --> 00:18:40.000]  你知唔知而家我哋呢個平嘅地方
[00:18:40.000 --> 00:18:45.000]  河邊後面嘅河漲到滿個岸
[00:18:45.000 --> 00:18:49.000]  我哋呢個地方係完全冇防守能力
[00:18:49.000 --> 00:18:52.000]  如果人哋嚟到攻我哋死緊
[00:18:52.000 --> 00:18:55.000]  但我哋要攻人哋難若登天
[00:18:55.000 --> 00:18:59.000]  因為最高嘅城牆起碼三十米
[00:18:59.000 --> 00:19:03.000]  你點樣去攻人哋呢?
[00:19:03.000 --> 00:19:06.000]  所以因為咁嘅緣故
[00:19:06.000 --> 00:19:12.000]  我自己就睇約書亞佢嘅回應
[00:19:12.000 --> 00:19:16.000]  你冇辦法能夠諗得到
[00:19:16.000 --> 00:19:19.000]  我仲有一個問題想問嘅
[00:19:19.000 --> 00:19:22.000]  神呀唔通你唔記得
[00:19:22.000 --> 00:19:27.000]  那國十一個仔點樣報復
[00:19:27.000 --> 00:19:30.000]  佢哋嘅妹被姦污嘅事咩?
[00:19:30.000 --> 00:19:33.000]  喺士劍城呢一個地方
[00:19:33.000 --> 00:19:37.000]  嗰個王子姦污咗佢哋嘅妹
[00:19:37.000 --> 00:19:42.000]  那國十一個仔出咗咩橋呀?
[00:19:42.000 --> 00:19:44.000]  點樣報復呀?
[00:19:44.000 --> 00:19:48.000]  佢哋明明嘅知道呢啖氣好難吞
[00:19:48.000 --> 00:19:51.000]  佢哋一定要報復呢個士劍嘅
[00:19:51.000 --> 00:19:54.000]  呢個皇帝 呢個王子
[00:19:54.000 --> 00:19:56.000]  但係點樣報復呢?
[00:19:56.000 --> 00:19:59.000]  你人又唔夠人多 你又唔夠人打
[00:19:59.000 --> 00:20:04.000]  你要報復你先畀人全部殺哂啦
[00:20:04.000 --> 00:20:07.000]  但係亞國十一個仔出咗個屎橋
[00:20:07.000 --> 00:20:10.000]  呢個屎橋就係咩嘢呢?
[00:20:10.000 --> 00:20:13.000]  佢同呢個王子傾
[00:20:13.000 --> 00:20:16.000]  你哋呢啲冇受過國禮嘅人
[00:20:16.000 --> 00:20:19.000]  有咩資格娶我嘅妹呀?
[00:20:19.000 --> 00:20:21.000]  如果你要娶我嘅妹
[00:20:21.000 --> 00:20:24.000]  除非你哋成個城嘅男人
[00:20:24.000 --> 00:20:27.000]  全部受國禮
[00:20:27.000 --> 00:20:30.000]  你先哋配娶我嘅妹
[00:20:30.000 --> 00:20:32.000]  係因為咁樣嘅緣故
[00:20:32.000 --> 00:20:34.000]  嗰個時候
[00:20:34.000 --> 00:20:37.000]  我哋睇到有一樣好重要嘅嘢發生啦
[00:20:37.000 --> 00:20:40.000]  士劍呢一個嘅王子
[00:20:40.000 --> 00:20:47.000]  係因為佢要配合
[00:20:47.000 --> 00:20:52.000]  點樣嚟到去娶到亞國呢一個女
[00:20:52.000 --> 00:20:54.000]  做佢嘅太太
[00:20:54.000 --> 00:20:57.000]  出之下令叫佢爸爸下令
[00:20:57.000 --> 00:21:00.000]  全個城嗰啲嘅男丁
[00:21:00.000 --> 00:21:03.000]  全部全部行哂國禮
[00:21:03.000 --> 00:21:06.000]  咁結果就行完國禮之後
[00:21:06.000 --> 00:21:09.000]  喺佢哋嗌救命痛到嗌救命
[00:21:09.000 --> 00:21:12.000]  喺度痛苦辛淫嘅時候
[00:21:12.000 --> 00:21:15.000]  亞國十一個仔帶住嗰啲嘅僕人
[00:21:15.000 --> 00:21:18.000]  攞住刀劍逐家逐戶
[00:21:18.000 --> 00:21:21.000]  殺哂嗰啲嘅男人
[00:21:21.000 --> 00:21:24.000]  呢一個嘅故事我相信以色列人
[00:21:24.000 --> 00:21:26.000]  係耳熟能詳
[00:21:26.000 --> 00:21:29.000]  係冇可能唔知㗎
[00:21:29.000 --> 00:21:33.000]  但係約書亞記載嘅
[00:21:33.000 --> 00:21:37.000]  約書亞連問都唔問呢啲嘅嘢
[00:21:37.000 --> 00:21:40.000]  佢做乜嘢呢
[00:21:40.000 --> 00:21:48.000]  約書亞就為佢哋行呢個國禮
[00:21:48.000 --> 00:21:53.000]  五章第七節約書亞者才給哈門行了
[00:21:53.000 --> 00:21:55.000]  問都唔問
[00:21:55.000 --> 00:21:57.000]  咁我哋今日就問一個問題
[00:21:57.000 --> 00:22:00.000]  點解神要喺呢個咁關鍵嘅時刻
[00:22:00.000 --> 00:22:07.000]  係要佢哋全部能打仗嘅人都行國禮
[00:22:07.000 --> 00:22:14.000]  痛嗰啲嘅時間難到唔驚畀人有滅俗之災咩
[00:22:14.000 --> 00:22:17.000]  我哋今日睇一睇
[00:22:17.000 --> 00:22:21.000]  神先畀佢哋嘗試呢場屬靈嘅征戰
[00:22:21.000 --> 00:22:26.000]  最主要嘅目的係邊度
[00:22:26.000 --> 00:22:29.000]  約書亞記第五章第八節
[00:22:29.000 --> 00:22:33.000]  國民都受完咗國禮就住在營中自己嘅地方
[00:22:33.000 --> 00:22:35.000]  等到全愈
[00:22:35.000 --> 00:22:40.000]  我諗起碼都幾日到一個禮拜
[00:22:40.000 --> 00:22:42.000]  耶華就對約書亞話
[00:22:42.000 --> 00:22:45.000]  我今日將埃及嘅羞辱
[00:22:45.000 --> 00:22:49.000]  同你哋嘅身上捆去了
[00:22:49.000 --> 00:22:50.000]  因為咁嘅緣故
[00:22:50.000 --> 00:22:52.000]  嗰個地方叫做吉甲
[00:22:52.000 --> 00:22:55.000]  希伯來文叫做Gagel
[00:22:55.000 --> 00:22:59.000]  Gagel嘅意思就係捆走
[00:22:59.000 --> 00:23:01.000]  全部剷除
[00:23:01.000 --> 00:23:05.000]  係咁嘅意思
[00:23:05.000 --> 00:23:08.000]  到底捆走乜嘢呀
[00:23:08.000 --> 00:23:14.000]  係捆走佢哋裏面嘅羞辱
[00:23:14.000 --> 00:23:20.000]  所以呢場嘅仗係個人屬靈嘅征戰
[00:23:20.000 --> 00:23:22.000]  我哋今日就睇睇呢個屬靈嘅征戰
[00:23:22.000 --> 00:23:27.000]  到底Gagel捆走乜嘢呢
[00:23:27.000 --> 00:23:33.000]  原來以色列人一直以嚟耿耿於懷嘅一樣嘢
[00:23:33.000 --> 00:23:35.000]  我哋係奴隸
[00:23:35.000 --> 00:23:39.000]  我哋係一個遺老嘅地方出嚟
[00:23:39.000 --> 00:23:42.000]  我哋一世係冇自由
[00:23:42.000 --> 00:23:44.000]  我哋係畀人睇唔起嘅
[00:23:44.000 --> 00:23:46.000]  係畀人也嘅
[00:23:46.000 --> 00:23:48.000]  我哋係奴隸
[00:23:48.000 --> 00:23:50.000]  我哋係唔值錢
[00:23:50.000 --> 00:23:53.000]  我哋係冇價值
[00:23:53.000 --> 00:23:54.000]  係因為咁嘅緣故
[00:23:54.000 --> 00:23:56.000]  佢哋出到嚟嘅時候
[00:23:56.000 --> 00:24:00.000]  佢哋一直都係耿耿於懷
[00:24:00.000 --> 00:24:03.000]  你諗一諗
[00:24:03.000 --> 00:24:06.000]  幾百年嘅時間
[00:24:06.000 --> 00:24:10.000]  做慣咗奴隸抬唔起頭做人
[00:24:10.000 --> 00:24:13.000]  個身份畀人睇唔起
[00:24:13.000 --> 00:24:16.000]  一聽到佢哋嘅名係以色列
[00:24:16.000 --> 00:24:18.000]  人哋就話呢個奴隸嚟嘅
[00:24:18.000 --> 00:24:22.000]  個個都係咁樣嚟到畀標籤
[00:24:22.000 --> 00:24:24.000]  係因為咁嘅緣故
[00:24:24.000 --> 00:24:25.000]  你要去打仗
[00:24:25.000 --> 00:24:27.000]  你打乜嘢呢
[00:24:27.000 --> 00:24:29.000]  你一早已經怯咗
[00:24:29.000 --> 00:24:31.000]  你一早已經冇晒信心
[00:24:31.000 --> 00:24:33.000]  你一早已經認咗
[00:24:33.000 --> 00:24:34.000]  我係畀人睇唔起嘅
[00:24:34.000 --> 00:24:36.000]  係畀人也嘅
[00:24:36.000 --> 00:24:39.000]  我哋係呢個世界上嘅渣仔嚟嘅
[00:24:39.000 --> 00:24:43.000]  我哋係垃圾嚟嘅
[00:24:43.000 --> 00:24:46.000]  而家神就要話畀佢哋聽
[00:24:46.000 --> 00:24:48.000]  當你進入迦南嘅時候
[00:24:48.000 --> 00:24:51.000]  如果你仲係用呢種咁嘅心態嘅時候
[00:24:51.000 --> 00:24:54.000]  你輸梗
[00:24:54.000 --> 00:24:56.000]  你點樣要贏呀
[00:24:56.000 --> 00:24:58.000]  先擺贏你自己先
[00:24:58.000 --> 00:25:01.000]  將一切嘅羞辱
[00:25:01.000 --> 00:25:03.000]  我唔係一個冇價值嘅人
[00:25:03.000 --> 00:25:05.000]  我唔係奴隸
[00:25:05.000 --> 00:25:08.000]  我係我哋嘅神用重價買返嚟嘅
[00:25:08.000 --> 00:25:11.000]  一陣我會同大家講點樣買返嚟
[00:25:11.000 --> 00:25:13.000]  所以因為咁嘅緣故
[00:25:13.000 --> 00:25:17.000]  我哋係神手中嘅器皿
[00:25:17.000 --> 00:25:21.000]  我哋一定係打贏嘅
[00:25:21.000 --> 00:25:24.000]  實際上約翔亞記畀我哋睇得見
[00:25:24.000 --> 00:25:26.000]  呢一場屬靈嘅爭戰
[00:25:26.000 --> 00:25:28.000]  以色列人如果打贏
[00:25:28.000 --> 00:25:31.000]  佢哋嘅打仗一帆風順
[00:25:31.000 --> 00:25:35.000]  緊接著第五章就係第六章
[00:25:35.000 --> 00:25:38.000]  第六章就係耶利哥嘅戰爭
[00:25:38.000 --> 00:25:41.000]  為耶利哥打耶利哥
[00:25:41.000 --> 00:25:43.000]  我都講過啦
[00:25:43.000 --> 00:25:46.000]  耶利哥城係當時嚟講最難打嘅一個城
[00:25:46.000 --> 00:25:48.000]  因為佢哋城牆最高
[00:25:48.000 --> 00:25:50.000]  五六十
[00:25:50.000 --> 00:25:55.000]  三十到五六十呎咁高
[00:25:55.000 --> 00:25:57.000]  城牆闊
[00:25:57.000 --> 00:25:59.000]  喺城牆上面可以起屋
[00:25:59.000 --> 00:26:03.000]  你諗一諗係幾咁闊大寬大
[00:26:03.000 --> 00:26:07.000]  第三戰爭力強
[00:26:07.000 --> 00:26:09.000]  所以因為咁嘅緣故
[00:26:09.000 --> 00:26:11.000]  你對住一個啱啱過河
[00:26:11.000 --> 00:26:13.000]  雲梯都冇一把
[00:26:13.000 --> 00:26:15.000]  乜嘢都唔多嘅
[00:26:15.000 --> 00:26:19.000]  以色列人你點打呢
[00:26:19.000 --> 00:26:23.000]  但係神畀佢哋去打呢一場嘅仗嘅時候
[00:26:23.000 --> 00:26:26.000]  係用一個最怪胎嘅打法
[00:26:26.000 --> 00:26:31.000]  你哋嘅軍隊環繞耶利哥城一次第一日
[00:26:31.000 --> 00:26:34.000]  第二日又環繞行一次第二日
[00:26:34.000 --> 00:26:37.000]  第三日到第六日
[00:26:37.000 --> 00:26:41.000]  都係環繞呢個城行一次
[00:26:41.000 --> 00:26:43.000]  去到第七日
[00:26:43.000 --> 00:26:46.000]  環繞呢個城行七次
[00:26:46.000 --> 00:26:48.000]  然後大聲嗌
[00:26:48.000 --> 00:26:50.000]  耶和華勝利啦
[00:26:50.000 --> 00:26:52.000]  我哋勝利啦咁樣
[00:26:52.000 --> 00:26:55.000]  呢場仗就打完
[00:26:55.000 --> 00:26:59.000]  以色列人完全聽哂
[00:26:59.000 --> 00:27:04.000]  呢個係從來未試過打仗嘅打法
[00:27:04.000 --> 00:27:06.000]  但係結果係點樣呢
[00:27:06.000 --> 00:27:08.000]  佢哋一嗌嘅時間
[00:27:08.000 --> 00:27:10.000]  勝場就係咁樣
[00:27:10.000 --> 00:27:12.000]  塌落嚟
[00:27:12.000 --> 00:27:15.000]  以色列人就因為咁嘅緣故入城
[00:27:15.000 --> 00:27:20.000]  將耶利哥嗰啲嘅人殺絕咗
[00:27:20.000 --> 00:27:22.000]  但係另一方面
[00:27:22.000 --> 00:27:25.000]  如果佢哋唔聽神嘅話
[00:27:25.000 --> 00:27:27.000]  好似嗌城
[00:27:27.000 --> 00:27:29.000]  神明明咁話畀佢哋聽
[00:27:29.000 --> 00:27:31.000]  一切嘅嘢你唔可以留
[00:27:31.000 --> 00:27:33.000]  一定要將佢哋殺哂
[00:27:33.000 --> 00:27:37.000]  結果有啲人因為貪心
[00:27:37.000 --> 00:27:41.000]  留住嗰度一啲生畜等等
[00:27:41.000 --> 00:27:43.000]  帶嚟嘅結果
[00:27:43.000 --> 00:27:45.000]  佢哋係以強打弱
[00:27:45.000 --> 00:27:49.000]  反而輸咗呢場仗
[00:27:49.000 --> 00:27:51.000]  因為咁樣嘅緣故
[00:27:51.000 --> 00:27:55.000]  神就畀以色列人學咗個重重嘅教訓
[00:27:55.000 --> 00:27:58.000]  你就係因為忘記咗
[00:27:58.000 --> 00:28:00.000]  第五章我同你講嘅嘢
[00:28:00.000 --> 00:28:02.000]  屬靈嘅爭戰
[00:28:02.000 --> 00:28:04.000]  你打輸咗你就一定會輸
[00:28:04.000 --> 00:28:06.000]  屬靈嘅爭戰
[00:28:06.000 --> 00:28:08.000]  你贏咗你一定會贏
[00:28:08.000 --> 00:28:10.000]  屬靈嘅爭戰
[00:28:10.000 --> 00:28:12.000]  點解咁緊要呢
[00:28:12.000 --> 00:28:15.000]  我哋要睇一睇嗰場屬靈嘅爭戰
[00:28:15.000 --> 00:28:18.000]  包括到乜嘢呢
[00:28:18.000 --> 00:28:20.000]  第二樣嘢
[00:28:20.000 --> 00:28:23.000]  除咗我哋要認定我唔係一個奴隸
[00:28:23.000 --> 00:28:25.000]  我唔係畀人踩
[00:28:25.000 --> 00:28:29.000]  我唔係一事無能一事無成嘅人
[00:28:29.000 --> 00:28:34.000]  我係乜嘢呢
[00:28:34.000 --> 00:28:36.000]  到底我係邊個呢
[00:28:36.000 --> 00:28:38.000]  我哋一齊睇一睇
[00:28:38.000 --> 00:28:43.000]  耶和華喺約書亞記第五章第二個吩咐
[00:28:43.000 --> 00:28:45.000]  第二個吩咐
[00:28:45.000 --> 00:28:49.000]  第十節
[00:28:49.000 --> 00:28:53.000]  以色列人喺吉格安營正月十四晚上
[00:28:53.000 --> 00:28:57.000]  在耶利哥嘅平原守如月節
[00:28:57.000 --> 00:29:01.000]  呢個係第二個佢哋要做嘅嘢
[00:29:01.000 --> 00:29:04.000]  係守如月節
[00:29:04.000 --> 00:29:06.000]  如月節嘅次日
[00:29:06.000 --> 00:29:08.000]  佢哋就吃咗嗰地嘅出產
[00:29:08.000 --> 00:29:14.000]  正當吃毛餃餅和烘嘅菊嘅時候
[00:29:14.000 --> 00:29:17.000]  佢哋就吃咗嗰個地嘅出產
[00:29:17.000 --> 00:29:19.000]  第二日馬蘭就指住咗
[00:29:19.000 --> 00:29:21.000]  以色列人就不再有馬蘭
[00:29:21.000 --> 00:29:25.000]  嗰一年佢哋就吃咗迦南地嘅出產
[00:29:25.000 --> 00:29:29.000]  我哋跟住問嘅一個問題
[00:29:29.000 --> 00:29:33.000]  點解第二樣嘅嘢
[00:29:33.000 --> 00:29:36.000]  以色列人個個都要做
[00:29:36.000 --> 00:29:38.000]  就係守如月節呢
[00:29:38.000 --> 00:29:43.000]  原來如月節係要話畀以色列人聽
[00:29:43.000 --> 00:29:46.000]  你哋今日唔再諗我係奴隸
[00:29:46.000 --> 00:29:49.000]  我哋唔係一個冇自由嘅人
[00:29:49.000 --> 00:29:52.000]  我哋唔係一個畀人睇唔起嘅人
[00:29:52.000 --> 00:29:53.000]  係畀人踩嘅人
[00:29:53.000 --> 00:29:55.000]  係冇價值嘅人
[00:29:55.000 --> 00:29:58.000]  你要知道
[00:29:58.000 --> 00:29:59.000]  點解
[00:29:59.000 --> 00:30:03.000]  因為你哋係從家買返嚟
[00:30:03.000 --> 00:30:07.000]  神讓法老王畀佢哋出去
[00:30:07.000 --> 00:30:09.000]  用咗一個方法
[00:30:09.000 --> 00:30:13.000]  就係殺長子之災
[00:30:13.000 --> 00:30:16.000]  九災法老王都唔聽
[00:30:16.000 --> 00:30:18.000]  繼續不斷逼迫以色列人
[00:30:18.000 --> 00:30:22.000]  結果神就透過摩西同法老講
[00:30:22.000 --> 00:30:28.000]  神已經畀晒機會畀你
[00:30:28.000 --> 00:30:30.000]  你都唔怕㗎
[00:30:30.000 --> 00:30:32.000]  因為咁嘅緣故
[00:30:32.000 --> 00:30:34.000]  跟住嘅災難
[00:30:34.000 --> 00:30:39.000]  你哋所有生畜嘅投生嘅
[00:30:39.000 --> 00:30:42.000]  所有人嘅長子
[00:30:42.000 --> 00:30:44.000]  全部不能存活
[00:30:44.000 --> 00:30:48.000]  但係佢對以色列人就話
[00:30:48.000 --> 00:30:51.000]  你要避開呢一場災難
[00:30:51.000 --> 00:30:53.000]  喺你哋嘅家出現
[00:30:53.000 --> 00:30:56.000]  你就必須要每一個家
[00:30:56.000 --> 00:30:58.000]  預備一隻羔羊
[00:30:58.000 --> 00:30:59.000]  殺咗佢之後
[00:30:59.000 --> 00:31:01.000]  將佢哋嘅血
[00:31:01.000 --> 00:31:03.000]  塗喺門尾門框嘅上面
[00:31:03.000 --> 00:31:05.000]  耶和華嘅使者經過
[00:31:05.000 --> 00:31:07.000]  睇見呢個血
[00:31:07.000 --> 00:31:09.000]  佢就唔進入到裏面殺你哋
[00:31:10.000 --> 00:31:12.000]  所以因為咁嘅緣故
[00:31:12.000 --> 00:31:14.000]  無論點都好
[00:31:14.000 --> 00:31:16.000]  全部嘅以色列人
[00:31:16.000 --> 00:31:20.000]  你哋都要預備呢一隻羔羊
[00:31:20.000 --> 00:31:24.000]  結果就係因為咁嘅緣故
[00:31:24.000 --> 00:31:29.000]  以色列人一個投生嘅
[00:31:29.000 --> 00:31:33.000]  一隻投生嘅生育都冇死到
[00:31:33.000 --> 00:31:36.000]  但埃及人全部投生嘅
[00:31:36.000 --> 00:31:39.000]  包括法老佢嘅王子死咗
[00:31:40.000 --> 00:31:43.000]  全部投生嘅人死哂
[00:31:43.000 --> 00:31:48.000]  全部投生嘅生畜死哂
[00:31:48.000 --> 00:31:51.000]  到底呢個係乜嘢意思嚟呢
[00:31:51.000 --> 00:31:53.000]  幫我哋留意睇到
[00:31:53.000 --> 00:31:56.000]  利美記嘅十六章
[00:31:56.000 --> 00:31:57.000]  你就會發覺到
[00:31:57.000 --> 00:31:59.000]  每年佢都要殺一隻羊
[00:31:59.000 --> 00:32:02.000]  嚟到紀念呢隻羊
[00:32:02.000 --> 00:32:05.000]  係將以色列嘅罪孽帶到無人之地
[00:32:05.000 --> 00:32:07.000]  另一方面
[00:32:07.000 --> 00:32:10.000]  以賽亞書五十三章十節
[00:32:10.000 --> 00:32:12.000]  就開始預言到
[00:32:12.000 --> 00:32:14.000]  神嘅羔羊
[00:32:14.000 --> 00:32:17.000]  係要除去世人罪孽嘅
[00:32:17.000 --> 00:32:20.000]  係以無罪擔當有罪嘅
[00:32:20.000 --> 00:32:22.000]  嚟到被宰殺
[00:32:22.000 --> 00:32:25.000]  呢隻羔羊係邊個呢
[00:32:25.000 --> 00:32:27.000]  以賽亞書
[00:32:27.000 --> 00:32:30.000]  預言到嘅嗰個利賽亞
[00:32:30.000 --> 00:32:31.000]  係邊個呢
[00:32:31.000 --> 00:32:34.000]  將有一鷹孩為我們而生
[00:32:34.000 --> 00:32:37.000]  到底呢個鷹孩係邊個呢
[00:32:37.000 --> 00:32:39.000]  既然佢係全能嘅神
[00:32:39.000 --> 00:32:42.000]  永在乎和平嘅君
[00:32:42.000 --> 00:32:45.000]  咁佢係邊個呢
[00:32:45.000 --> 00:32:47.000]  約翰福音一章廿九節
[00:32:47.000 --> 00:32:49.000]  施洗約翰
[00:32:49.000 --> 00:32:51.000]  同嗰啲門徒
[00:32:51.000 --> 00:32:55.000]  當見到耶穌基督出嚟
[00:32:55.000 --> 00:32:57.000]  要受佢洗
[00:32:57.000 --> 00:32:59.000]  施洗約翰
[00:32:59.000 --> 00:33:01.000]  就向嗰啲門徒話
[00:33:01.000 --> 00:33:04.000]  看吓神嘅羔羊
[00:33:04.000 --> 00:33:07.000]  係除去世人罪孽嘅
[00:33:07.000 --> 00:33:10.000]  好明顯
[00:33:10.000 --> 00:33:12.000]  頂智媒
[00:33:12.000 --> 00:33:15.000]  我哋今日打嘅呢一場嘅仗
[00:33:15.000 --> 00:33:18.000]  最重要嗰樣嘢
[00:33:18.000 --> 00:33:21.000]  係我哋內心嘅肅靈爭戰
[00:33:21.000 --> 00:33:24.000]  呢個亦都係我哋今日
[00:33:24.000 --> 00:33:27.000]  我哋要整個人嘅人生觀價值觀
[00:33:28.000 --> 00:33:32.000]  成敗觀 苦難觀 死亡觀
[00:33:32.000 --> 00:33:35.000]  事業觀 金錢觀 戀愛觀 婚姻觀
[00:33:35.000 --> 00:33:37.000]  全部要重整嘅
[00:33:37.000 --> 00:33:39.000]  其中一樣嘢
[00:33:39.000 --> 00:33:41.000]  呢樣嘢係乜嘢呢
[00:33:41.000 --> 00:33:44.000]  你要多啲睇
[00:33:44.000 --> 00:33:47.000]  神為你做咗乜嘢
[00:33:47.000 --> 00:33:51.000]  聖經點睇你嘅價值
[00:33:51.000 --> 00:33:54.000]  今日嘅人點睇你嘅價值
[00:33:54.000 --> 00:33:57.000]  聖經點睇我哋嘅成敗
[00:33:58.000 --> 00:34:00.000]  今日嘅人點睇我哋嘅成敗
[00:34:00.000 --> 00:34:03.000]  聖經點睇我哋嘅苦難
[00:34:03.000 --> 00:34:07.000]  今日嘅人點睇我哋嘅苦難
[00:34:07.000 --> 00:34:10.000]  我哋必須要重整
[00:34:10.000 --> 00:34:12.000]  唯有咁樣重整
[00:34:12.000 --> 00:34:15.000]  你先能夠真真正正
[00:34:15.000 --> 00:34:20.000]  唔受環境 經歷 影響你嗰個信心
[00:34:20.000 --> 00:34:25.000]  所以因為咁嘅緣故
[00:34:25.000 --> 00:34:27.000]  呢啲嘅經文
[00:34:27.000 --> 00:34:29.000]  佢就要提醒我哋
[00:34:29.000 --> 00:34:33.000]  逾越節提醒我哋過去乜嘢
[00:34:33.000 --> 00:34:36.000]  第二個提醒我哋相關嘅寓言
[00:34:36.000 --> 00:34:38.000]  包括到乜嘢
[00:34:38.000 --> 00:34:42.000]  第三 逾越節提醒我哋個人
[00:34:42.000 --> 00:34:44.000]  係乜嘢嘅身份
[00:34:44.000 --> 00:34:46.000]  你有冇真正諗到
[00:34:46.000 --> 00:34:50.000]  原來我哋就係詩人所講嘅
[00:34:50.000 --> 00:34:54.000]  又話喺糞堆嗰度提拔我哋
[00:34:54.000 --> 00:34:56.000]  喺灰塵裏面提起我哋
[00:34:56.000 --> 00:34:59.000]  係叫我哋同王子同坐
[00:34:59.000 --> 00:35:02.000]  就係本國嘅王子同坐
[00:35:02.000 --> 00:35:05.000]  我哋今日唔係淨係人嘅王子
[00:35:05.000 --> 00:35:08.000]  係同神嘅兒子同坐
[00:35:08.000 --> 00:35:14.000]  與佢一齊將來喺天國永恆嘅相聚
[00:35:14.000 --> 00:35:17.000]  呢個就係我哋嘅身份
[00:35:17.000 --> 00:35:20.000]  如果你明白到原來我哋係神嘅兒女
[00:35:20.000 --> 00:35:22.000]  我哋何等高貴
[00:35:22.000 --> 00:35:25.000]  仲有乜嘢需要用嘢
[00:35:25.000 --> 00:35:29.000]  世界上嘅物質財富學位等等
[00:35:29.000 --> 00:35:31.000]  學起我哋嘅價值呢
[00:35:31.000 --> 00:35:34.000]  我哋一啲都唔需要啦
[00:35:34.000 --> 00:35:38.000]  第三個方面
[00:35:38.000 --> 00:35:41.000]  我哋要認定神係邊個
[00:35:41.000 --> 00:35:43.000]  屬靈嘅增賤
[00:35:43.000 --> 00:35:44.000]  唔係淨係你
[00:35:44.000 --> 00:35:47.000]  要認定你唔係邊個
[00:35:47.000 --> 00:35:48.000]  第二
[00:35:48.000 --> 00:35:52.000]  唔係淨係要認定我唔係邊個
[00:35:52.000 --> 00:35:54.000]  我係邊個
[00:35:54.000 --> 00:35:55.000]  第三
[00:35:55.000 --> 00:35:59.000]  我哋仲要認定神係邊個
[00:35:59.000 --> 00:36:02.000]  十三節
[00:36:02.000 --> 00:36:04.000]  若想入靠近耶利哥嘅時候
[00:36:04.000 --> 00:36:05.000]  舉目觀看
[00:36:05.000 --> 00:36:08.000]  不料有一個人手裏拿著拔出嚟嘅刀
[00:36:08.000 --> 00:36:09.000]  對面站立
[00:36:09.000 --> 00:36:12.000]  若施亞道那裏問他說
[00:36:12.000 --> 00:36:14.000]  你是幫助我哋嘅呢
[00:36:14.000 --> 00:36:17.000]  還是幫助我哋嘅敵人呢
[00:36:17.000 --> 00:36:18.000]  我讀經嘅時候呢
[00:36:18.000 --> 00:36:20.000]  好多個時候
[00:36:20.000 --> 00:36:22.000]  我都會有一種先諗一諗
[00:36:22.000 --> 00:36:24.000]  唔睇下面處
[00:36:24.000 --> 00:36:26.000]  我就係睇到十三節
[00:36:26.000 --> 00:36:30.000]  呢個初初嘅時候
[00:36:30.000 --> 00:36:32.000]  咁我就諗一諗
[00:36:32.000 --> 00:36:35.000]  你啱啱過咗約旦河
[00:36:35.000 --> 00:36:38.000]  跟住最近嘅嗰個城
[00:36:38.000 --> 00:36:40.000]  就係耶利哥城
[00:36:40.000 --> 00:36:41.000]  突然之間
[00:36:41.000 --> 00:36:42.000]  你就發覺到
[00:36:42.000 --> 00:36:44.000]  有一個人
[00:36:44.000 --> 00:36:46.000]  面對面對住你
[00:36:46.000 --> 00:36:50.000]  佢攞住一張拔咗出嚟嘅刀
[00:36:52.000 --> 00:36:54.000]  你會對佢講乜嘢呢
[00:36:54.000 --> 00:36:56.000]  我記得我第一次
[00:36:56.000 --> 00:36:58.000]  睇呢段經文嘅時候
[00:36:58.000 --> 00:37:00.000]  我心裏面諗
[00:37:00.000 --> 00:37:03.000]  我一定會問佢
[00:37:03.000 --> 00:37:05.000]  你係幫我
[00:37:05.000 --> 00:37:06.000]  幫我哋
[00:37:06.000 --> 00:37:10.000]  還是幫耶利哥嗰度嗰啲人呀
[00:37:10.000 --> 00:37:13.000]  原來我諗呢句嘅問題
[00:37:13.000 --> 00:37:15.000]  完全係若施亞
[00:37:15.000 --> 00:37:17.000]  佢問嘅問題
[00:37:17.000 --> 00:37:19.000]  你係嚟幫助我哋呢
[00:37:19.000 --> 00:37:21.000]  還是幫助我哋嘅敵人呢
[00:37:23.000 --> 00:37:25.000]  後面十四節
[00:37:25.000 --> 00:37:29.000]  值得我哋一而再
[00:37:29.000 --> 00:37:31.000]  再而三肯定
[00:37:31.000 --> 00:37:34.000]  他回答說
[00:37:34.000 --> 00:37:36.000]  不遲的
[00:37:36.000 --> 00:37:40.000]  我來係要作耶和華軍隊嘅元帥呀
[00:37:40.000 --> 00:37:43.000]  若施亞就俯伏在地下敗
[00:37:43.000 --> 00:37:46.000]  說我主有乜嘢吩咐僕人
[00:37:46.000 --> 00:37:49.000]  喺呢段聖經
[00:37:49.000 --> 00:37:52.000]  俾我睇到一樣非常重要嘅嘢
[00:37:52.000 --> 00:37:55.000]  大會出現問題
[00:37:55.000 --> 00:37:57.000]  我哋求神你嚟到幫我哋
[00:37:57.000 --> 00:38:00.000]  人與人之間出現一啲嘅問題
[00:38:00.000 --> 00:38:03.000]  阿格係基督徒
[00:38:03.000 --> 00:38:05.000]  佢哋求神嚟到幫佢開路
[00:38:05.000 --> 00:38:07.000]  阿月係基督徒
[00:38:07.000 --> 00:38:09.000]  佢又求神幫佢嚟到開路
[00:38:09.000 --> 00:38:11.000]  還佢公道
[00:38:11.000 --> 00:38:14.000]  兩個基督徒喺度爭
[00:38:14.000 --> 00:38:18.000]  兩個都係求神嚟到幫佢開路
[00:38:19.000 --> 00:38:21.000]  我到嘅時候我諗一諗
[00:38:21.000 --> 00:38:23.000]  如果我係神
[00:38:23.000 --> 00:38:25.000]  做神為難
[00:38:25.000 --> 00:38:27.000]  兩邊都為難
[00:38:27.000 --> 00:38:28.000]  到底我幫阿格呢?
[00:38:28.000 --> 00:38:30.000]  還是幫阿月呢?
[00:38:30.000 --> 00:38:33.000]  但係嚟到呢度嘅時候
[00:38:33.000 --> 00:38:36.000]  下面嘅答案
[00:38:36.000 --> 00:38:38.000]  俾我哋睇得好清楚
[00:38:38.000 --> 00:38:41.000]  而家俾我哋做傳道人嘅人
[00:38:41.000 --> 00:38:43.000]  你輔導嘅時候
[00:38:43.000 --> 00:38:47.000]  面對住兩個弟兄姊妹喺度彼此相憎
[00:38:48.000 --> 00:38:50.000]  好似哥倫多教會嗰度
[00:38:50.000 --> 00:38:52.000]  彼此相憎
[00:38:52.000 --> 00:38:54.000]  去到保羅嗰度
[00:38:54.000 --> 00:38:56.000]  保羅點樣回應呢?
[00:38:56.000 --> 00:38:58.000]  我哋應該點樣回應呢?
[00:38:58.000 --> 00:39:00.000]  十四節
[00:39:00.000 --> 00:39:02.000]  那個使者回應
[00:39:02.000 --> 00:39:04.000]  就係咁
[00:39:04.000 --> 00:39:06.000]  我唔係幫你又唔係幫佢哋
[00:39:06.000 --> 00:39:10.000]  我嚟係要作耶和華軍隊嘅元帥
[00:39:10.000 --> 00:39:12.000]  約書亞就俯伏喺地下拜說
[00:39:12.000 --> 00:39:15.000]  我主有乜話吩咐僕人
[00:39:15.000 --> 00:39:18.000]  耶和華軍隊嘅元帥就對約書亞
[00:39:18.000 --> 00:39:21.000]  你將你腳上嘅鞋脫落嚟
[00:39:21.000 --> 00:39:24.000]  因為你所站嘅係聖地
[00:39:24.000 --> 00:39:28.000]  約書亞就照樣行了
[00:39:28.000 --> 00:39:30.000]  各位丁姐妹
[00:39:30.000 --> 00:39:33.000]  呢一段聖經
[00:39:33.000 --> 00:39:35.000]  非常重要
[00:39:35.000 --> 00:39:38.000]  我哋今日作為神嘅兒女
[00:39:38.000 --> 00:39:41.000]  如果我哋嘅教會係神嘅教會
[00:39:41.000 --> 00:39:44.000]  我相信你都會認為係啦
[00:39:44.000 --> 00:39:46.000]  你知唔知
[00:39:46.000 --> 00:39:50.000]  當我哋出現咗教會裏面有彼此相爭嘅時
[00:39:50.000 --> 00:39:55.000]  你唔係求神幫你
[00:39:55.000 --> 00:40:00.000]  嗰個又唔係話求神嚟幫佢
[00:40:00.000 --> 00:40:05.000]  你應該讓神喺你哋當中
[00:40:05.000 --> 00:40:08.000]  作軍隊嘅元帥
[00:40:08.000 --> 00:40:13.000]  讓我哋全部嘅人俯伏喺神嘅面前下拜
[00:40:13.000 --> 00:40:15.000]  我主有乜嘢吩咐
[00:40:15.000 --> 00:40:17.000]  我就照樣行
[00:40:17.000 --> 00:40:19.000]  我記得
[00:40:19.000 --> 00:40:21.000]  喺美國睦會嘅時候
[00:40:21.000 --> 00:40:23.000]  我同執事會嘅主席
[00:40:23.000 --> 00:40:27.000]  曾經產生咗一個好大嘅磨擦
[00:40:27.000 --> 00:40:31.000]  當時教會係因為準備建堂
[00:40:31.000 --> 00:40:33.000]  建堂委員會嘅主席
[00:40:33.000 --> 00:40:35.000]  就想咗一個方法
[00:40:35.000 --> 00:40:37.000]  就係有一個叫Garage Sale
[00:40:37.000 --> 00:40:39.000]  即係喺個車房
[00:40:39.000 --> 00:40:41.000]  鼓勵丁姐妹攞佢哋嗰啲
[00:40:41.000 --> 00:40:43.000]  即係比較新一啲嘅嘢
[00:40:43.000 --> 00:40:45.000]  嚟到去二賣
[00:40:45.000 --> 00:40:47.000]  賣咗之後將嗰啲嘅錢
[00:40:47.000 --> 00:40:51.000]  嚟到去轉成建堂基金
[00:40:51.000 --> 00:40:54.000]  當然賣嘅嘢就係睇乜嘢啦
[00:40:54.000 --> 00:40:56.000]  就按住個價錢
[00:40:56.000 --> 00:40:59.000]  但當然就唔會畀新買咁貴㗎啦
[00:40:59.000 --> 00:41:01.000]  一定可能係半價咁上下嘅錢
[00:41:01.000 --> 00:41:04.000]  嚟到畀個人嚟到去買
[00:41:04.000 --> 00:41:06.000]  喺嗰個嘅時候
[00:41:06.000 --> 00:41:09.000]  有一次嘅崇拜
[00:41:09.000 --> 00:41:11.000]  突然間主席
[00:41:11.000 --> 00:41:14.000]  其實又係執事會嘅主席
[00:41:14.000 --> 00:41:19.000]  佢就反對呢一種嘅Garage Sale
[00:41:19.000 --> 00:41:22.000]  佢就話呢個係世俗嘅
[00:41:22.000 --> 00:41:29.000]  除非你保證所有捐出嚟嘅嘢係基督徒捐嘅
[00:41:29.000 --> 00:41:33.000]  買嗰啲人全部係基督徒
[00:41:33.000 --> 00:41:38.000]  否則呢個就係世俗唔啱嘅
[00:41:38.000 --> 00:41:42.000]  我當時睇到
[00:41:42.000 --> 00:41:44.000]  點解我坐喺下面主席喺上面
[00:41:44.000 --> 00:41:46.000]  喺報告嘅時候講呢啲嘅說話
[00:41:46.000 --> 00:41:48.000]  我睇緊主席一聽完嘅時候
[00:41:48.000 --> 00:41:50.000]  個面色非常難睇呀
[00:41:50.000 --> 00:41:52.000]  好難接受
[00:41:52.000 --> 00:41:54.000]  即刻離座走咗
[00:41:54.000 --> 00:41:58.000]  我覺得個世色非常不對
[00:41:58.000 --> 00:42:04.000]  同埋我唔贊成主席喺台上咁樣嚟到講
[00:42:04.000 --> 00:42:07.000]  佢冇預先同呢個弟兄嚟到傾下
[00:42:07.000 --> 00:42:10.000]  同我傾下就喺主席台
[00:42:10.000 --> 00:42:17.000]  就喺台上對住三百幾個會眾嚟到講呢一番話
[00:42:17.000 --> 00:42:22.000]  好在最後嘅祝福係我祝福㗎
[00:42:22.000 --> 00:42:25.000]  我上咗台嘅時候
[00:42:25.000 --> 00:42:27.000]  我好清楚講
[00:42:27.000 --> 00:42:34.000]  我唔贊成主席頭先所講呢一番咁話
[00:42:34.000 --> 00:42:38.000]  點解?你去餐館食嘢
[00:42:38.000 --> 00:42:41.000]  如果你知道個老闆唔係基督徒
[00:42:41.000 --> 00:42:44.000]  你食唔食?你去唔去?
[00:42:44.000 --> 00:42:49.000]  你去所有嘅地方買嘢
[00:42:49.000 --> 00:42:53.000]  你會唔會問過嗰啲老闆係咪基督徒
[00:42:53.000 --> 00:42:55.000]  你先去買
[00:42:55.000 --> 00:42:58.000]  如果唔係嘅時候你買唔買?
[00:42:58.000 --> 00:43:01.000]  用返哥倫多前書
[00:43:01.000 --> 00:43:04.000]  市場擺嚟嘅肉
[00:43:04.000 --> 00:43:08.000]  佢哋都可能會擺過嗰啲乜乜乜
[00:43:08.000 --> 00:43:10.000]  但係我哋就話
[00:43:10.000 --> 00:43:12.000]  所有嘅嘢都係神做嘅
[00:43:12.000 --> 00:43:14.000]  完全無關
[00:43:14.000 --> 00:43:17.000]  你照樣可以攞嚟吃
[00:43:17.000 --> 00:43:20.000]  但如果有人你嘅心裏面
[00:43:20.000 --> 00:43:22.000]  係有啲懷疑你就唔好食啦
[00:43:22.000 --> 00:43:25.000]  你嘅信心不公你就唔好食
[00:43:25.000 --> 00:43:28.000]  然後跟住我就話啦
[00:43:28.000 --> 00:43:34.000]  Garage Sale 係等於自己自願將佢哋最好嘅嘢攞出嚟
[00:43:34.000 --> 00:43:36.000]  係因為咁嘅緣故
[00:43:36.000 --> 00:43:39.000]  我哋要欣賞佢哋呢個心
[00:43:39.000 --> 00:43:42.000]  第二買與唔買
[00:43:42.000 --> 00:43:44.000]  我哋唔會問嗰啲買嘅人
[00:43:44.000 --> 00:43:47.000]  你係咪基督徒呀?你先去買畀佢
[00:43:47.000 --> 00:43:50.000]  如果係咁嘅時候呢個唔係叫Garage Sale
[00:43:50.000 --> 00:43:53.000]  呢個會令人反感呀
[00:43:53.000 --> 00:43:56.000]  第三個方面
[00:43:56.000 --> 00:43:59.000]  就係當買嗰啲人甘心樂意買
[00:43:59.000 --> 00:44:02.000]  即係我哋今日做基督徒我哋賣嘢
[00:44:02.000 --> 00:44:04.000]  你唔能夠淨係賣畀基督徒
[00:44:04.000 --> 00:44:06.000]  唔信嘅人
[00:44:06.000 --> 00:44:08.000]  佢覺得值佢就買
[00:44:08.000 --> 00:44:10.000]  唔值你就唔好買
[00:44:10.000 --> 00:44:14.000]  我哋點可能喺嗰時候咁樣嚟到去分呢
[00:44:14.000 --> 00:44:16.000]  我就解釋咗
[00:44:16.000 --> 00:44:19.000]  我諗到我都未講完呀
[00:44:19.000 --> 00:44:22.000]  呢個主席就離座走咗
[00:44:22.000 --> 00:44:26.000]  呢件事就大事啦
[00:44:26.000 --> 00:44:29.000]  一個係建行委員會嘅主席先走
[00:44:29.000 --> 00:44:31.000]  跟住呢個主席喺我講完嗰番話
[00:44:31.000 --> 00:44:37.000]  佢都未祝福佢就走啦
[00:44:37.000 --> 00:44:39.000]  嗰晚
[00:44:39.000 --> 00:44:41.000]  我嘅心裏面一方面
[00:44:41.000 --> 00:44:45.000]  我感覺到我要澄清
[00:44:45.000 --> 00:44:47.000]  但係另一方面呢
[00:44:47.000 --> 00:44:49.000]  我又擔心
[00:44:49.000 --> 00:44:51.000]  我喺台上表達嘅嘢
[00:44:51.000 --> 00:44:55.000]  會唔會沖住呢個執事會主席
[00:44:55.000 --> 00:45:00.000]  令到佢好難堪
[00:45:00.000 --> 00:45:02.000]  跟住返屋企嘅時候
[00:45:02.000 --> 00:45:04.000]  我諗一諗我表達嘅方法
[00:45:04.000 --> 00:45:07.000]  可唔可以有啲更加好嘅方法呢
[00:45:07.000 --> 00:45:09.000]  因為太blunt
[00:45:09.000 --> 00:45:11.000]  直不甩
[00:45:11.000 --> 00:45:13.000]  就係咁講
[00:45:13.000 --> 00:45:17.000]  直至邊個禱告
[00:45:17.000 --> 00:45:20.000]  嗰晚我打左電話畀佢
[00:45:20.000 --> 00:45:25.000]  我想約佢一齊禱告
[00:45:25.000 --> 00:45:27.000]  佢話呢
[00:45:27.000 --> 00:45:30.000]  佢喺佢嘅大學教書
[00:45:30.000 --> 00:45:34.000]  朝頭早有啲時間佢有得閒嘅
[00:45:34.000 --> 00:45:38.000]  我就話我不如嚟你個大學我搵你
[00:45:38.000 --> 00:45:40.000]  直至我去到嘅時候
[00:45:40.000 --> 00:45:42.000]  見到佢
[00:45:42.000 --> 00:45:47.000]  我哋兩個人跪低喺度
[00:45:47.000 --> 00:45:51.000]  我首先對神講神對唔住
[00:45:51.000 --> 00:45:55.000]  我傷害左我嘅弟兄
[00:45:55.000 --> 00:45:58.000]  我唔知用乜嘢好嘅說話
[00:45:58.000 --> 00:46:01.000]  但係嗰啲話傷害左佢
[00:46:01.000 --> 00:46:07.000]  我請你原諒我
[00:46:07.000 --> 00:46:09.000]  然後跟住我就話
[00:46:09.000 --> 00:46:12.000]  求你親自醫治
[00:46:12.000 --> 00:46:16.000]  建堂委員會嗰個主席嘅心
[00:46:16.000 --> 00:46:18.000]  又同樣醫治
[00:46:18.000 --> 00:46:21.000]  執事會主席佢嘅心
[00:46:21.000 --> 00:46:23.000]  但係我最需要嘅
[00:46:23.000 --> 00:46:27.000]  就係你喺我哋嘅當中指明我哋
[00:46:27.000 --> 00:46:30.000]  我哋應該點做
[00:46:30.000 --> 00:46:32.000]  所以我道歉完咗之後
[00:46:32.000 --> 00:46:37.000]  跟住佢禱告佢話
[00:46:37.000 --> 00:46:41.000]  對唔住主耶穌
[00:46:41.000 --> 00:46:44.000]  對不起牧師
[00:46:44.000 --> 00:46:48.000]  佢對我對不起
[00:46:48.000 --> 00:46:50.000]  跟住佢哋話返到屋企嘅時候
[00:46:50.000 --> 00:46:54.000]  諗一諗我講嘅係啱嘅
[00:46:54.000 --> 00:46:56.000]  當時太快
[00:46:56.000 --> 00:47:00.000]  冇用好嘅方法溝通咗先
[00:47:00.000 --> 00:47:04.000]  另一方面對呢啲經文同應用
[00:47:04.000 --> 00:47:06.000]  都係忽略咗
[00:47:06.000 --> 00:47:08.000]  所以佢就話畀我聽
[00:47:08.000 --> 00:47:11.000]  牧師請你原諒我
[00:47:11.000 --> 00:47:15.000]  我哋兩個祈禱完咗
[00:47:15.000 --> 00:47:17.000]  滿山眼淚
[00:47:17.000 --> 00:47:19.000]  我哋就攬埋一齊
[00:47:19.000 --> 00:47:22.000]  我哋彼此去祝福
[00:47:22.000 --> 00:47:24.000]  我話畀大家聽
[00:47:24.000 --> 00:47:25.000]  呢啲嘅誤會
[00:47:25.000 --> 00:47:27.000]  呢啲嘅衝突
[00:47:27.000 --> 00:47:30.000]  冇影響我同佢嘅關係
[00:47:30.000 --> 00:47:33.000]  呢個弟兄後來都提早退休
[00:47:33.000 --> 00:47:34.000]  讀神學
[00:47:34.000 --> 00:47:36.000]  跟住讀神學
[00:47:36.000 --> 00:47:42.000]  完咗之後佢返到我哋香港
[00:47:42.000 --> 00:47:44.000]  佢唔識廣東話
[00:47:44.000 --> 00:47:47.000]  佢係台灣長大
[00:47:47.000 --> 00:47:51.000]  係普通話嘅人
[00:47:51.000 --> 00:47:55.000]  但係同一個香港嘅人結咗婚
[00:47:55.000 --> 00:47:57.000]  另一方面
[00:47:57.000 --> 00:47:59.000]  我更加感恩嘅
[00:47:59.000 --> 00:48:02.000]  佢唔單止返咗嚟同我一齊嘅同工
[00:48:02.000 --> 00:48:06.000]  即係我喺阿靈頓
[00:48:06.000 --> 00:48:10.000]  即係當佢返香港前
[00:48:10.000 --> 00:48:12.000]  安立咗三個弟兄
[00:48:12.000 --> 00:48:13.000]  兩個長老
[00:48:13.000 --> 00:48:17.000]  一個就係何恤儉
[00:48:17.000 --> 00:48:20.000]  呢位弟兄做牧師
[00:48:20.000 --> 00:48:25.000]  係讓佢哋三個都進入到全時間侍奉嘅工場
[00:48:25.000 --> 00:48:28.000]  嚟到去侍奉
[00:48:28.000 --> 00:48:30.000]  返咗嚟之後
[00:48:30.000 --> 00:48:32.000]  我好感恩
[00:48:32.000 --> 00:48:35.000]  佢一直係我嘅左右手
[00:48:35.000 --> 00:48:37.000]  喺普通話嘅侍奉
[00:48:37.000 --> 00:48:39.000]  抗日團嘅侍奉
[00:48:39.000 --> 00:48:41.000]  喺廣東話嘅侍奉
[00:48:41.000 --> 00:48:43.000]  各方面嚟講
[00:48:43.000 --> 00:48:45.000]  都非常非常
[00:48:45.000 --> 00:48:50.000]  令到頂之梅開心
[00:48:50.000 --> 00:48:52.000]  因為咁嘅緣故
[00:48:52.000 --> 00:48:53.000]  我深深感覺到
[00:48:53.000 --> 00:48:57.000]  讓耶和華做軍隊嘅元帥
[00:48:57.000 --> 00:49:02.000]  呢個關鍵係非常重要
[00:49:02.000 --> 00:49:04.000]  因為咁嘅緣故
[00:49:04.000 --> 00:49:06.000]  喺呢場屬靈嘅爭戰
[00:49:06.000 --> 00:49:08.000]  大家都要諗一諗
[00:49:08.000 --> 00:49:11.000]  第一個嘅問題
[00:49:11.000 --> 00:49:15.000]  神叫你用火石刀
[00:49:15.000 --> 00:49:18.000]  喺以色列人行割禮
[00:49:18.000 --> 00:49:21.000]  你會問佢乜嘢呢?
[00:49:21.000 --> 00:49:24.000]  如果你係約書亞
[00:49:24.000 --> 00:49:27.000]  見到一個拿刀嘅人面對面
[00:49:27.000 --> 00:49:29.000]  對住你
[00:49:29.000 --> 00:49:31.000]  你會問佢乜嘢呢?
[00:49:31.000 --> 00:49:33.000]  如果嗰個人嘅回應
[00:49:33.000 --> 00:49:35.000]  就係話
[00:49:35.000 --> 00:49:37.000]  呢一塊地
[00:49:37.000 --> 00:49:40.000]  係聖地
[00:49:40.000 --> 00:49:42.000]  五章十五節
[00:49:42.000 --> 00:49:44.000]  耶和華軍隊嘅元帥
[00:49:44.000 --> 00:49:46.000]  約書亞話
[00:49:46.000 --> 00:49:48.000]  將你腳上嘅鞋脫落嚟
[00:49:48.000 --> 00:49:52.000]  因為你所站嘅地係聖嘅
[00:49:52.000 --> 00:49:56.000]  約書亞就咁行咗
[00:49:56.000 --> 00:50:00.000]  就即刻割禮
[00:50:00.000 --> 00:50:02.000]  即刻割
[00:50:02.000 --> 00:50:04.000]  脫咗呢個鞋
[00:50:04.000 --> 00:50:06.000]  即刻
[00:50:06.000 --> 00:50:08.000]  呢個就係約書亞
[00:50:08.000 --> 00:50:11.000]  我哋今日點呢?
[00:50:11.000 --> 00:50:14.000]  記得有人提過
[00:50:14.000 --> 00:50:16.000]  一個例子相當好嘅
[00:50:16.000 --> 00:50:20.000]  美國喺南北戰爭嘅時候
[00:50:20.000 --> 00:50:23.000]  當時林肯總統
[00:50:23.000 --> 00:50:26.000]  面對住整個國家嘅事業
[00:50:26.000 --> 00:50:29.000]  形式沉重
[00:50:29.000 --> 00:50:33.000]  但係佢一個手下嘅大將對佢講
[00:50:33.000 --> 00:50:35.000]  總統先生
[00:50:35.000 --> 00:50:38.000]  我相信我哋一定能夠贏嘅
[00:50:38.000 --> 00:50:40.000]  總統就問佢
[00:50:40.000 --> 00:50:42.000]  係咩將軍?
[00:50:42.000 --> 00:50:45.000]  點解你會咁講呢?
[00:50:45.000 --> 00:50:48.000]  不過將軍話
[00:50:48.000 --> 00:50:52.000]  因為我哋有神站喺我哋呢一邊
[00:50:52.000 --> 00:50:55.000]  林肯對住佢
[00:50:55.000 --> 00:50:57.000]  講咗一節話
[00:50:57.000 --> 00:50:59.000]  係令到我
[00:50:59.000 --> 00:51:02.000]  點解咁多年我都記得
[00:51:02.000 --> 00:51:04.000]  林肯對佢講
[00:51:04.000 --> 00:51:06.000]  將軍
[00:51:06.000 --> 00:51:08.000]  我同意
[00:51:08.000 --> 00:51:10.000]  我哋應該贏
[00:51:10.000 --> 00:51:15.000]  但唔係因為我哋有神站喺我哋呢一邊
[00:51:15.000 --> 00:51:21.000]  乃係因為我哋係站喺神嗰一方面
[00:51:21.000 --> 00:51:24.000]  神做人
[00:51:24.000 --> 00:51:26.000]  係平等嘅
[00:51:26.000 --> 00:51:30.000]  冇理由係要黑人做奴隸
[00:51:30.000 --> 00:51:34.000]  我哋一定要解放佢哋
[00:51:34.000 --> 00:51:37.000]  呢一句嘅說話對我嚟講
[00:51:37.000 --> 00:51:40.000]  一個好深嘅意義
[00:51:40.000 --> 00:51:42.000]  跟住喺監會
[00:51:42.000 --> 00:51:47.000]  點樣先算係比耶華嘅使者做軍隊嘅元帥呢?
[00:51:47.000 --> 00:51:49.000]  喺教會
[00:51:49.000 --> 00:51:55.000]  點樣先算係以耶穌基督作為教會嘅元首呢?
[00:51:55.000 --> 00:51:56.000]  末世嘅時候
[00:51:56.000 --> 00:52:01.000]  敵基督打基督打先知都會出現
[00:52:01.000 --> 00:52:04.000]  敵基督打基督都比較容易
[00:52:04.000 --> 00:52:06.000]  嚟到分辨
[00:52:06.000 --> 00:52:10.000]  打先知極其難
[00:52:10.000 --> 00:52:12.000]  因為點解
[00:52:12.000 --> 00:52:19.000]  牧者信徒基本嘅裝備一定要知己知彼
[00:52:19.000 --> 00:52:25.000]  一定要將呢一切嘅嘢成為一個素嘗嘅基本功
[00:52:25.000 --> 00:52:29.000]  佢嘅系統神學佢嘅聖經神學一定要有根基
[00:52:29.000 --> 00:52:31.000]  裝備不足就輸得愈快
[00:52:31.000 --> 00:52:33.000]  裝備未足
[00:52:33.000 --> 00:52:37.000]  切唔其唔好逞強
[00:52:37.000 --> 00:52:41.000]  Rick Warren 只睇大同
[00:52:41.000 --> 00:52:43.000]  唔睇小異
[00:52:43.000 --> 00:52:47.000]  會帶來危機
[00:52:47.000 --> 00:52:48.000]  點解?
[00:52:48.000 --> 00:52:51.000]  因為好多人
[00:52:51.000 --> 00:52:56.000]  係點解逐步逐步被天主教影響佢哋呢?
[00:52:56.000 --> 00:52:59.000]  好多係從靈修開始
[00:52:59.000 --> 00:53:03.000]  佢哋對呢樣嘢完全冇提防
[00:53:03.000 --> 00:53:06.000]  佢哋就感覺到呢個靈修對佢哋嘅感覺好
[00:53:06.000 --> 00:53:08.000]  佢哋即跟住嚟
[00:53:08.000 --> 00:53:12.000]  遵義向瑪利亞禱告
[00:53:12.000 --> 00:53:16.000]  向瑪利亞禱告可唔可以呢?
[00:53:16.000 --> 00:53:20.000]  跟住就開始瑪利亞冇原罪論
[00:53:20.000 --> 00:53:23.000]  咁呢個可唔可以接受呢?
[00:53:23.000 --> 00:53:26.000]  聖天論瑪利亞聖天論可唔可以接受呢?
[00:53:26.000 --> 00:53:28.000]  合唔合聖經呢?
[00:53:28.000 --> 00:53:31.000]  嬰兒洗禮可以洗去原罪
[00:53:31.000 --> 00:53:33.000]  呢個合唔合聖經呢?
[00:53:33.000 --> 00:53:37.000]  然後稱所有天主教徒係弟兄姊妹
[00:53:37.000 --> 00:53:39.000]  可唔可以呢?
[00:53:39.000 --> 00:53:42.000]  稱教宗係Holy Father
[00:53:42.000 --> 00:53:44.000]  可唔可以呢?
[00:53:44.000 --> 00:53:47.000]  話俾大家聽
[00:53:47.000 --> 00:53:51.000]  雖然係小二
[00:53:51.000 --> 00:54:02.000]  但係呢啲嘅小二係足以令到一個人都會變成疑端
[00:54:02.000 --> 00:54:05.000]  另外我好擔心嘅
[00:54:05.000 --> 00:54:10.000]  就係同天主圖伊斯蘭教徒舉行一個叫合一運動
[00:54:10.000 --> 00:54:13.000]  話呢個就成就約翰福音十七章
[00:54:13.000 --> 00:54:17.000]  父與子合而為一
[00:54:17.000 --> 00:54:22.000]  然後就祈求門徒都係咁樣合而為一
[00:54:22.000 --> 00:54:27.000]  到底可唔可以應用喺天主圖伊斯蘭教徒
[00:54:27.000 --> 00:54:31.000]  同我哋都係能夠合而為一呢?
[00:54:31.000 --> 00:54:34.000]  我睇到呢啲嘅災難
[00:54:34.000 --> 00:54:36.000]  冇辦法唔出聲
[00:54:36.000 --> 00:54:41.000]  Rick Warren 稱伊斯蘭嘅教徒係弟兄姊妹
[00:54:41.000 --> 00:54:43.000]  啱唔啱呢?
[00:54:43.000 --> 00:54:47.000]  阿拉係咪等同耶和華?
[00:54:47.000 --> 00:54:49.000]  係咪等同三一真神?
[00:54:49.000 --> 00:54:51.000]  每人都知
[00:54:51.000 --> 00:54:57.000]  可蘭經係唔會贊成三一神嘅
[00:54:57.000 --> 00:55:01.000]  佢哋只相信阿拉係唯一嘅一個
[00:55:01.000 --> 00:55:05.000]  第二 可蘭經稱耶穌為Isa
[00:55:05.000 --> 00:55:08.000]  Isa係小先知
[00:55:08.000 --> 00:55:11.000]  穆罕默德先至係大先知
[00:55:11.000 --> 00:55:15.000]  你接唔接受得到呢?
[00:55:15.000 --> 00:55:18.000]  如果我哋今日嘅聖經
[00:55:18.000 --> 00:55:22.000]  寫喺三千五百年前嘅舊約
[00:55:22.000 --> 00:55:24.000]  至到主前二千
[00:55:24.000 --> 00:55:28.000]  主後三十幾年
[00:55:28.000 --> 00:55:32.000]  主後一百年就完成哂
[00:55:32.000 --> 00:55:35.000]  呢本全部嘅聖經
[00:55:35.000 --> 00:55:36.000]  換句話嚟講
[00:55:36.000 --> 00:55:41.000]  離開而家有二千年以上嘅呢本聖經
[00:55:41.000 --> 00:55:46.000]  只不過係主後六百幾年
[00:55:46.000 --> 00:55:50.000]  先可以寫成嘅可蘭經
[00:55:50.000 --> 00:55:53.000]  有幾多嘢係唔同嘅呢?
[00:55:53.000 --> 00:55:56.000]  有幾多嘢係相同
[00:55:56.000 --> 00:55:59.000]  相同嘅嘢非常少
[00:55:59.000 --> 00:56:02.000]  佢嘅神論 佢嘅聖經論
[00:56:02.000 --> 00:56:05.000]  佢嘅基督論 佢嘅聖靈論
[00:56:05.000 --> 00:56:08.000]  佢嘅救恩論 全部都唔同
[00:56:08.000 --> 00:56:15.000]  聖經話 除他以外別無拯救
[00:56:15.000 --> 00:56:19.000]  因為在天下人間並沒有次下別的名
[00:56:19.000 --> 00:56:21.000]  我哋可以靠著得救
[00:56:21.000 --> 00:56:25.000]  你信還是唔信呢?
[00:56:25.000 --> 00:56:30.000]  老實講 我哋千祈唔好自視過高
[00:56:30.000 --> 00:56:35.000]  基督門徒福音會嘅創辦人
[00:56:35.000 --> 00:56:37.000]  張天王
[00:56:37.000 --> 00:56:41.000]  佢都好有心向回教徒傳福音
[00:56:41.000 --> 00:56:46.000]  結果佢就鼓勵頂尖會一齊讀可蘭經
[00:56:46.000 --> 00:56:48.000]  佢自己更加話
[00:56:48.000 --> 00:56:51.000]  聖經我熟曬 唯獨可蘭經唔熟
[00:56:51.000 --> 00:56:55.000]  所以佢就日日都要讀可蘭經
[00:56:55.000 --> 00:56:57.000]  但係我話畀大家聽
[00:56:57.000 --> 00:57:03.000]  幾年之後 佢哋唔再信三維一體
[00:57:03.000 --> 00:57:09.000]  佢哋話可蘭經比聖經更加可信
[00:57:09.000 --> 00:57:15.000]  點解一個人可以決定洗一切嘅嘢呢?
[00:57:15.000 --> 00:57:21.000]  因為呢個教派係由創辦人開始嘅
[00:57:21.000 --> 00:57:24.000]  創辦人獨攬大權
[00:57:24.000 --> 00:57:29.000]  每個童工嘅薪水幾多 佢決定
[00:57:29.000 --> 00:57:33.000]  請邊個做童工 佢決定
[00:57:33.000 --> 00:57:37.000]  成個教會嘅經濟點樣分配 佢決定
[00:57:37.000 --> 00:57:41.000]  所有嘅教義 佢決定
[00:57:41.000 --> 00:57:47.000]  獨裁帶嚟嘅結果 就會產生呢啲結果
[00:57:47.000 --> 00:57:51.000]  對我哋係一個好大嘅提醒
[00:57:51.000 --> 00:57:55.000]  咁到底我哋點樣先可以對異端極端歪理
[00:57:55.000 --> 00:57:59.000]  有敏銳嘅諸葛又點樣可以一針見血
[00:57:59.000 --> 00:58:02.000]  指出佢哋嘅錯謬呢?
[00:58:02.000 --> 00:58:08.000]  循序漸進 一步一步學神學 學聖經
[00:58:08.000 --> 00:58:13.000]  又應用聖經同埋神學去大早侍奉
[00:58:13.000 --> 00:58:16.000]  用得多 學得多
[00:58:16.000 --> 00:58:21.000]  呢個就係武林秘笈能夠掌握到嘅秘訣
[00:58:21.000 --> 00:58:27.000]  願神喺呢個地方祝福你哋
[00:58:27.000 --> 00:58:32.000]  但係另一方面都好想俾大家睇得到
[00:58:34.000 --> 00:58:38.000]  當一個人自覺自覺無常
[00:58:38.000 --> 00:58:41.000]  佢會有咩結果呢?
[00:58:41.000 --> 00:58:45.000]  唔以耶和華係軍隊嘅元帥
[00:58:45.000 --> 00:58:48.000]  唔以耶穌基督為首
[00:58:48.000 --> 00:58:53.000]  佢個人 佢家庭 佢嘅教會
[00:58:53.000 --> 00:58:57.000]  甚至佢嘅國家 有咩結果呢?
[00:58:57.000 --> 00:58:59.000]  我俾大家嚟睇一睇
[00:58:59.000 --> 00:59:05.000]  無受過神學訓練 就出嚟做牧師
[00:59:05.000 --> 00:59:11.000]  佢自己嘅成功神學 乜嘢都話
[00:59:11.000 --> 00:59:20.000]  你係比你心裏面難咗你去做嘅嘢
[00:59:20.000 --> 00:59:24.000]  嗰個零 仲更加有能力
[00:59:24.000 --> 00:59:28.000]  你比你自己諗嘅更偉大
[00:59:28.000 --> 00:59:32.000]  你比你自己諗嘅係更出色
[00:59:32.000 --> 00:59:35.000]  成功神學
[00:59:35.000 --> 00:59:41.000]  但係後來被揭發
[00:59:41.000 --> 00:59:47.000]  佢錢財嘅管理好大問題
[00:59:47.000 --> 00:59:51.000]  自家好多部 自己有好多部名車
[00:59:51.000 --> 00:59:54.000]  有私人嘅飛機
[00:59:54.000 --> 00:59:58.000]  喺Houston一個大嘅暴風嚟到嘅時候
[00:59:58.000 --> 01:00:01.000]  好多嘅人無家可歸
[01:00:01.000 --> 01:00:07.000]  大會竟然關門 冇接待嗰啲嘅災民
[01:00:07.000 --> 01:00:09.000]  受到抨擊
[01:00:09.000 --> 01:00:14.000]  後來又俾人喺個廁所牆嘅裏面
[01:00:14.000 --> 01:00:19.000]  因為廁所塞 要搵一個通渠嘅人嚟
[01:00:19.000 --> 01:00:24.000]  結果通渠嗰個人開始通嘅時候
[01:00:24.000 --> 01:00:26.000]  撞一撞嗰部牆
[01:00:26.000 --> 01:00:32.000]  發現大量嘅鈔票 支票
[01:00:32.000 --> 01:00:37.000]  藏喺個牆嘅裏面
[01:00:37.000 --> 01:00:43.000]  數數埋埋 六十萬美金
[01:00:43.000 --> 01:00:48.000]  呢件事揭發出嚟好多問題
[01:00:48.000 --> 01:00:50.000]  係因為咁嘅緣故
[01:00:50.000 --> 01:00:53.000]  佢就開始喺嗰個時候
[01:00:53.000 --> 01:00:55.000]  日落千丈
[01:00:55.000 --> 01:00:58.000]  大會係因為呢啲嘅明星
[01:00:58.000 --> 01:01:02.000]  再加上佢冇讀過神學
[01:01:02.000 --> 01:01:05.000]  大受打擊
[01:01:05.000 --> 01:01:08.000]  因為咁嘅緣故
[01:01:08.000 --> 01:01:15.000]  呢個就變咗一個醜聞
[01:01:15.000 --> 01:01:19.000]  另一個有個師妹
[01:01:19.000 --> 01:01:21.000]  最近有啲人傳畀我
[01:01:21.000 --> 01:01:23.000]  叫做Wanda Dyer
[01:01:23.000 --> 01:01:27.000]  佢自己本身係受過標嗌暴
[01:01:27.000 --> 01:01:33.000]  佢哋繼續用牧師性騷擾
[01:01:33.000 --> 01:01:36.000]  佢喺出航嘅時候
[01:01:36.000 --> 01:01:40.000]  大膽講出佢自己一啲見證
[01:01:40.000 --> 01:01:43.000]  但我感恩嘅
[01:01:43.000 --> 01:01:49.000]  就係因為佢經歷過呢一個打擊
[01:01:49.000 --> 01:01:57.000]  佢願意去輔導嗰啲受過騷擾嘅人
[01:01:57.000 --> 01:02:02.000]  受過傷害嘅人
[01:02:02.000 --> 01:02:06.000]  就係呢一個
[01:02:06.000 --> 01:02:10.000]  不過為教會感到難過嘅
[01:02:10.000 --> 01:02:13.000]  就係為咗保護一個人嘅面子
[01:02:13.000 --> 01:02:18.000]  不惜趕走三十幾個忠心嘅同胞
[01:02:18.000 --> 01:02:21.000]  都係曾經受過佢言語上
[01:02:21.000 --> 01:02:25.000]  實際上嗰啲嘅騷擾嘅同胞
[01:02:25.000 --> 01:02:27.000]  趕走咗
[01:02:27.000 --> 01:02:29.000]  而帶嚟嘅結果就係咩呢?
[01:02:29.000 --> 01:02:34.000]  會眾係用腳嚟表達佢哋嘅不滿
[01:02:34.000 --> 01:02:39.000]  一萬四千幾人離開咗教會
[01:02:39.000 --> 01:02:44.000]  CBS嘅新聞報道
[01:02:44.000 --> 01:02:47.000]  我哋再嚟到睇睇一個國家
[01:02:47.000 --> 01:02:49.000]  Trump
[01:02:49.000 --> 01:02:55.000]  係有一個Trump最信任嘅電視台報道
[01:02:55.000 --> 01:02:58.000]  報道乜嘢呀?
[01:02:58.000 --> 01:03:04.000]  五千幾宗嘅官司Trump係被告嘅
[01:03:04.000 --> 01:03:11.000]  另一方面佢仍然需要打好多其他嘅官司
[01:03:11.000 --> 01:03:15.000]  但係從未試過
[01:03:15.000 --> 01:03:19.000]  成個美國嘅歷史從來冇試過嘅
[01:03:19.000 --> 01:03:26.000]  係所有佢所用嘅律師
[01:03:26.000 --> 01:03:30.000]  一律請辭
[01:03:30.000 --> 01:03:33.000]  點解?
[01:03:33.000 --> 01:03:36.000]  因為佢哋唔想躲避
[01:03:36.000 --> 01:03:38.000]  因為裏面有好多
[01:03:38.000 --> 01:03:41.000]  係佢哋自己都信唔過嘅嘢
[01:03:41.000 --> 01:03:43.000]  矛盾嘅嘢
[01:03:43.000 --> 01:03:44.000]  要講大話嘅
[01:03:44.000 --> 01:03:46.000]  要隱瞞嘅
[01:03:46.000 --> 01:03:48.000]  作為律師
[01:03:48.000 --> 01:03:50.000]  佢哋為咗佢哋自己
[01:03:50.000 --> 01:03:53.000]  能夠繼續有呢個飯碗
[01:03:53.000 --> 01:03:56.000]  有返佢哋嘅專業嘅判斷
[01:03:56.000 --> 01:04:02.000]  佢哋寧願唔做佢嘅律師
[01:04:02.000 --> 01:04:04.000]  因為做佢嘅律師
[01:04:04.000 --> 01:04:06.000]  佢嘅要求就係要忠誠
[01:04:06.000 --> 01:04:11.000]  佢叫你做乜你就要做乜
[01:04:11.000 --> 01:04:13.000]  係因為咁樣
[01:04:13.000 --> 01:04:16.000]  已經超過一萬個律師
[01:04:16.000 --> 01:04:21.000]  全部能集體辭職
[01:04:21.000 --> 01:04:25.000]  今日值得我哋教會諗一諗
[01:04:25.000 --> 01:04:32.000]  到底我哋經過約翔記第五章嘅教導
[01:04:32.000 --> 01:04:36.000]  有冇諗過我哋嘅強項喺邊度呢
[01:04:36.000 --> 01:04:39.000]  第二有冇諗過我哋嘅弱項
[01:04:39.000 --> 01:04:43.000]  喺邊度係要繼續強化嘅呢
[01:04:43.000 --> 01:04:44.000]  第三
[01:04:44.000 --> 01:04:47.000]  要諗諗我哋可以發展嘅機會
[01:04:47.000 --> 01:04:48.000]  喺邊度呢
[01:04:48.000 --> 01:04:50.000]  Opportunities
[01:04:50.000 --> 01:04:52.000]  又要諗一諗我哋嘅危機
[01:04:52.000 --> 01:04:53.000]  喺邊度呢
[01:04:53.000 --> 01:04:55.000]  Threat
[01:04:55.000 --> 01:04:57.000]  鄧小姐
[01:04:57.000 --> 01:05:00.000]  如果有啲人
[01:05:00.000 --> 01:05:06.000]  係認定某一啲嘅團體
[01:05:06.000 --> 01:05:11.000]  係可以合作
[01:05:11.000 --> 01:05:13.000]  就話啦
[01:05:13.000 --> 01:05:17.000]  我哋係大同係小異啫
[01:05:17.000 --> 01:05:20.000]  你就要同佢合作
[01:05:20.000 --> 01:05:23.000]  一個嘅團體係天主教
[01:05:23.000 --> 01:05:28.000]  第二個嘅團體係伊斯蘭教
[01:05:28.000 --> 01:05:30.000]  我哋今日
[01:05:30.000 --> 01:05:36.000]  如果我哋認定耶和華軍隊嘅元帥
[01:05:36.000 --> 01:05:39.000]  佢所教導嘅
[01:05:39.000 --> 01:05:42.000]  他吩咐我哋做乜
[01:05:42.000 --> 01:05:45.000]  我哋就做乜
[01:05:45.000 --> 01:05:49.000]  我哋應該點樣嚟到回應呢
[01:05:49.000 --> 01:05:52.000]  願神俾我哋
[01:05:52.000 --> 01:05:56.000]  重視每一個弟兄姊妹
[01:05:56.000 --> 01:06:00.000]  都要發展嘅神學訓練
[01:06:00.000 --> 01:06:04.000]  俾佢哋知道我哋信嘅真理係乜嘢
[01:06:04.000 --> 01:06:07.000]  免得末世嚟到嘅時候
[01:06:07.000 --> 01:06:09.000]  假先知
[01:06:09.000 --> 01:06:10.000]  假基督
[01:06:10.000 --> 01:06:12.000]  塵空而入
[01:06:12.000 --> 01:06:14.000]  願神祝福你哋
[01:06:14.000 --> 01:06:16.000]  我哋低頭做個禱告
[01:06:19.000 --> 01:06:21.000]  親愛嘅主耶穌
[01:06:21.000 --> 01:06:24.000]  求你透過今日呢一個訊息
[01:06:24.000 --> 01:06:28.000]  俾我哋更加有清晰嘅頭路
[01:06:28.000 --> 01:06:31.000]  喺我哋帶領我哋嘅家
[01:06:31.000 --> 01:06:33.000]  帶領我哋嘅教會
[01:06:33.000 --> 01:06:37.000]  甚至帶領社會某一部分
[01:06:37.000 --> 01:06:40.000]  甚至係國家嘅元首帶領國家
[01:06:40.000 --> 01:06:42.000]  都認定
[01:06:42.000 --> 01:06:48.000]  你先至係我哋國家嘅元帥
[01:06:48.000 --> 01:06:52.000]  你先至係我哋教會嘅元首
[01:06:52.000 --> 01:06:56.000]  你先至係我哋一家之主
[01:06:56.000 --> 01:06:59.000]  你先至係我哋個人生命嘅主
[01:06:59.000 --> 01:07:01.000]  係永遠嘅主
[01:07:01.000 --> 01:07:03.000]  保守我哋
[01:07:03.000 --> 01:07:05.000]  不偏左右
[01:07:05.000 --> 01:07:06.000]  跟從你
[01:07:06.000 --> 01:07:08.000]  奉耶穌基督嘅名下
[01:07:08.000 --> 01:07:10.000]  阿們
[01:07:18.000 --> 01:07:20.000]  阿門
[01:07:20.000 --> 01:07:22.000]  阿門
[01:07:22.000 --> 01:07:24.000]  阿門
[01:07:24.000 --> 01:07:26.000]  阿門
[01:07:26.000 --> 01:07:28.000]  阿門
