
[00:00:00.000 --> 00:00:05.360]  各位弟兄姊妹與各位朋友你們好
[00:00:05.360 --> 00:00:07.980]  歡迎大家參加我們三藩市報道會
[00:00:07.980 --> 00:00:09.980]  網上五堂崇拜
[00:00:09.980 --> 00:00:12.220]  今回我們繼續思想
[00:00:12.220 --> 00:00:15.920]  《亂世皆然》系列《時詩記》研讀
[00:00:15.920 --> 00:00:20.720]  我們來到《時詩記》第十章一節至第五節
[00:00:20.720 --> 00:00:26.240]  題目叫《看似太平卻非成誓》
[00:00:26.240 --> 00:00:28.960]  未開始思想這段聖經之前
[00:00:28.960 --> 00:00:30.960]  請你同心一同禱告
[00:00:30.960 --> 00:00:35.420]  慈悲人的天父 我們滿心感謝你
[00:00:35.420 --> 00:00:39.080]  因為我們知道在你裏面才有平安
[00:00:39.080 --> 00:00:44.080]  雖然整個世界好像太平
[00:00:44.080 --> 00:00:48.240]  但其實充滿了危機
[00:00:48.240 --> 00:00:51.000]  絕對不是成誓
[00:00:51.000 --> 00:00:53.880]  今日我們在美國生活
[00:00:53.880 --> 00:00:59.000]  好似樣樣很豐足
[00:00:59.000 --> 00:01:03.200]  但我們靈裏面卻是非常的頗窮
[00:01:03.200 --> 00:01:05.200]  求你憐憫我們
[00:01:05.200 --> 00:01:09.080]  叫教會成為這個社會的燈台
[00:01:09.080 --> 00:01:12.080]  將你的福音傳開
[00:01:12.080 --> 00:01:14.580]  求主打開我們的心門
[00:01:14.580 --> 00:01:16.580]  讓你的話語在我們心中
[00:01:16.580 --> 00:01:22.800]  提醒、怨念、教導、安慰、督責的工作
[00:01:22.800 --> 00:01:23.800]  我們這樣禱告
[00:01:23.800 --> 00:01:25.800]  那是奉耶穌基督的名求
[00:01:25.800 --> 00:01:27.800]  阿們
[00:01:27.800 --> 00:01:31.240]  《史詩記》第十章一節至五節
[00:01:31.240 --> 00:01:33.240]  提到有兩個「史詩」
[00:01:33.240 --> 00:01:35.240]  一個叫「陀拉」
[00:01:35.240 --> 00:01:37.240]  一個叫「艾爾」
[00:01:37.240 --> 00:01:40.360]  我相信大部份的基督徒
[00:01:40.360 --> 00:01:42.960]  對這兩個「史詩」都不太熟悉
[00:01:42.960 --> 00:01:44.960]  事實上在《史詩記》
[00:01:44.960 --> 00:01:46.960]  只有短短幾句
[00:01:46.960 --> 00:01:49.320]  來提述這兩個「史詩」
[00:01:49.320 --> 00:01:52.760]  沒有詳細講述他們怎樣拯救以色列人
[00:01:52.760 --> 00:01:54.760]  和怎樣當「史詩」
[00:01:54.760 --> 00:01:56.760]  看來真的有點奇怪
[00:01:56.760 --> 00:01:59.400]  不知為何《史詩記》的作者
[00:01:59.400 --> 00:02:01.400]  要提及這兩個人
[00:02:01.400 --> 00:02:03.400]  我想最好的解釋
[00:02:03.400 --> 00:02:06.120]  不是將這兩個「史詩」的事蹟
[00:02:06.120 --> 00:02:08.600]  作為獨立的個案處理
[00:02:08.600 --> 00:02:12.000]  而是在兩個人的事蹟裏面
[00:02:12.000 --> 00:02:16.560]  我都視之為亞比米勒朝代的結尾
[00:02:16.560 --> 00:02:20.760]  基殿和亞比米勒是一個完整的故事
[00:02:20.760 --> 00:02:26.760]  內容充滿了變化、動蕩、暴力、快速的轉變
[00:02:26.760 --> 00:02:28.760]  但到了末期
[00:02:28.760 --> 00:02:30.760]  即是亞比米勒之後
[00:02:30.760 --> 00:02:33.760]  第一節漸漸歸於平靜
[00:02:33.760 --> 00:02:36.760]  但再深底一層
[00:02:36.760 --> 00:02:38.760]  遂時太平
[00:02:38.760 --> 00:02:40.760]  卻有不時盛逝
[00:02:40.760 --> 00:02:45.240]  漸漸走向和昔日同一的命運和循環
[00:02:45.240 --> 00:02:47.240]  這是甚麼循環呢?
[00:02:47.240 --> 00:02:51.960]  以色列人又行耶和華眼中看為惡的事
[00:02:51.960 --> 00:02:56.040]  而且一而再再而三的變本加厲
[00:02:56.040 --> 00:02:58.040]  他們不單是侍奉巴力
[00:02:58.040 --> 00:03:00.040]  更是侍奉諸巴力
[00:03:00.040 --> 00:03:06.840]  阿斯塔祿、阿蘭神、阿頓神、摩亞神、阿滿神、菲利士人神
[00:03:06.840 --> 00:03:08.840]  真是有殺錯無放過
[00:03:08.840 --> 00:03:11.440]  總之就是離開耶和華
[00:03:11.440 --> 00:03:13.440]  越走越遠
[00:03:13.440 --> 00:03:15.440]  一點都不去尊敬他
[00:03:15.440 --> 00:03:17.440]  不去敬畏他
[00:03:17.440 --> 00:03:19.440]  更何況是服侍他呢?
[00:03:19.440 --> 00:03:24.840]  陀拉和艾爾既是基殿和亞比米勒故事的續集
[00:03:24.840 --> 00:03:29.840]  我們首先就要詳細來看看亞比米勒的結局是怎樣
[00:03:29.840 --> 00:03:34.840]  事先基殿的生平可以分為兩大半
[00:03:34.840 --> 00:03:38.840]  頭半是一個忠心的事事
[00:03:38.840 --> 00:03:41.840]  他拆毀了巴力的祭壇
[00:03:41.840 --> 00:03:44.840]  改建了拜耶和華的神
[00:03:44.840 --> 00:03:50.840]  所以耶和華呼召他抵抗這些米顛人
[00:03:50.840 --> 00:03:53.840]  事實上在上半段的基殿
[00:03:53.840 --> 00:03:55.840]  雖然他充滿了懷疑
[00:03:55.840 --> 00:03:58.840]  充滿了很多軟弱
[00:03:58.840 --> 00:04:01.840]  但神仍然樂意使用他
[00:04:01.840 --> 00:04:04.840]  以致他成為一個出色的事事
[00:04:04.840 --> 00:04:06.840]  趕走米顛人
[00:04:06.840 --> 00:04:10.840]  他生平的下半段是剛剛相反
[00:04:10.840 --> 00:04:14.840]  晚節不保正如上次我們所說
[00:04:14.840 --> 00:04:16.840]  當他成功的時候
[00:04:16.840 --> 00:04:18.840]  那些以色列人就告訴他
[00:04:18.840 --> 00:04:21.840]  不如你去管治我們
[00:04:21.840 --> 00:04:24.840]  或者讓你的子孫都去管治我們
[00:04:24.840 --> 00:04:27.840]  意思就是他們想找一個王
[00:04:27.840 --> 00:04:30.840]  找一個領導帶領整個以色列人
[00:04:30.840 --> 00:04:33.840]  怎樣在堅決地建立他們自己的地位
[00:04:33.840 --> 00:04:35.840]  建立他們自己的王國
[00:04:35.840 --> 00:04:38.840]  基殿說我不去管理你們
[00:04:38.840 --> 00:04:41.840]  我的子孫也不去管理你們
[00:04:41.840 --> 00:04:43.840]  是耶和華去管理你們
[00:04:43.840 --> 00:04:46.840]  聽起來很忠心很好
[00:04:46.840 --> 00:04:49.840]  不違權力的慾望去搖動他們
[00:04:49.840 --> 00:04:51.840]  但是一轉頭來
[00:04:51.840 --> 00:04:54.840]  你看他發生了什麼事情
[00:04:54.840 --> 00:04:56.840]  他有很多妻子
[00:04:56.840 --> 00:04:58.840]  生了70個兒子
[00:04:58.840 --> 00:04:59.840]  不單有很多妻子
[00:04:59.840 --> 00:05:01.840]  他還有很多妾侍
[00:05:01.840 --> 00:05:05.840]  其中一個妾侍是士劍人
[00:05:05.840 --> 00:05:08.840]  生了一個兒子叫阿比米勒
[00:05:08.840 --> 00:05:10.840]  阿比米勒的意思是什麼
[00:05:10.840 --> 00:05:14.840]  阿比米勒的意思就是我父親是王
[00:05:14.840 --> 00:05:17.840]  他明明說我不去管理你們
[00:05:17.840 --> 00:05:19.840]  我不去做你們的王
[00:05:19.840 --> 00:05:21.840]  但是生了一個兒子
[00:05:21.840 --> 00:05:23.840]  然後就把兒子的名字改成
[00:05:23.840 --> 00:05:25.840]  我父親是王
[00:05:25.840 --> 00:05:28.840]  司馬昭之心 路人皆知
[00:05:28.840 --> 00:05:31.840]  在心底裏真的很想有這個權
[00:05:31.840 --> 00:05:33.840]  皇帝的權
[00:05:33.840 --> 00:05:34.840]  就算我做不到
[00:05:34.840 --> 00:05:36.840]  我希望我兒子也做到
[00:05:36.840 --> 00:05:39.840]  就因為這樣緣故中下禍根
[00:05:39.840 --> 00:05:43.840]  以至阿比米勒是一個士劍人
[00:05:43.840 --> 00:05:45.840]  一半有以色列人的血統
[00:05:45.840 --> 00:05:48.840]  另外一半有加南人的血統
[00:05:48.840 --> 00:05:52.840]  就和他其他70個兄弟是不同的
[00:05:52.840 --> 00:05:54.840]  這個阿比米勒就用詭計
[00:05:54.840 --> 00:05:58.840]  就把70個兄弟殺死了
[00:05:58.840 --> 00:06:01.840]  自己掌握大權
[00:06:01.840 --> 00:06:02.840]  所以故事結束的時候
[00:06:02.840 --> 00:06:05.840]  我們就看到阿比米勒開始當權
[00:06:05.840 --> 00:06:07.840]  甚至有三年之久
[00:06:07.840 --> 00:06:09.840]  好像是一個太平的時候
[00:06:09.840 --> 00:06:13.840]  但阿比米勒是一個充滿了野心
[00:06:13.840 --> 00:06:14.840]  充滿了慾望
[00:06:14.840 --> 00:06:17.840]  不是敬畏神的一個人
[00:06:17.840 --> 00:06:20.840]  陀拉和艾爾是基地
[00:06:20.840 --> 00:06:23.840]  和阿比米勒故事的續集
[00:06:23.840 --> 00:06:26.840]  所以在看這兩個事情之前
[00:06:26.840 --> 00:06:29.840]  我們要看看阿比米勒的結果是怎麼樣
[00:06:29.840 --> 00:06:31.840]  我們要看出一切歷史
[00:06:31.840 --> 00:06:33.840]  其實都在神掌管之下
[00:06:33.840 --> 00:06:36.840]  在《士詩記》第九章35至39節提到
[00:06:36.840 --> 00:06:38.840]  以彼的兒子迦勒出去
[00:06:38.840 --> 00:06:39.840]  站在城門口
[00:06:39.840 --> 00:06:41.840]  阿比米勒和跟隨他的人
[00:06:41.840 --> 00:06:43.840]  從埋伏之處起來
[00:06:43.840 --> 00:06:46.840]  迦勒看見那些人就對西布拉說
[00:06:46.840 --> 00:06:48.840]  看見有人從山頂上下來
[00:06:48.840 --> 00:06:49.840]  西布拉說
[00:06:49.840 --> 00:06:52.840]  你看見山的影子以為是人
[00:06:52.840 --> 00:06:53.840]  迦勒又說
[00:06:53.840 --> 00:06:55.840]  看見有人從高處而來
[00:06:55.840 --> 00:07:00.840]  由一對松米凹犁犁杖樹的路上而來
[00:07:00.840 --> 00:07:02.840]  西布拉對他說
[00:07:02.840 --> 00:07:04.840]  你曾說阿比米勒是誰
[00:07:04.840 --> 00:07:06.840]  叫我們服侍他呢?
[00:07:06.840 --> 00:07:08.840]  你所誇口在哪裡呢?
[00:07:08.840 --> 00:07:10.840]  這不是你所藐視的民嗎?
[00:07:10.840 --> 00:07:13.840]  你現在出去與他們交戰
[00:07:13.840 --> 00:07:16.840]  於是迦勒率領使劍人出去
[00:07:16.840 --> 00:07:19.840]  與阿比米勒交戰
[00:07:19.840 --> 00:07:21.840]  所以聖經說什麼呢?
[00:07:21.840 --> 00:07:25.840]  阿比米勒是用極之殘忍的手段
[00:07:25.840 --> 00:07:29.840]  將他七十個兄弟殺死了
[00:07:29.840 --> 00:07:32.840]  他與七十個兄弟有不同的地方是什麼呢?
[00:07:32.840 --> 00:07:33.840]  種族不同
[00:07:33.840 --> 00:07:37.840]  七十個弟兄都是以色列人
[00:07:37.840 --> 00:07:41.840]  但阿比米勒的母親屬於士劍人
[00:07:41.840 --> 00:07:43.840]  士劍是一個迦南人
[00:07:43.840 --> 00:07:46.840]  在士劍裡面有兩批人
[00:07:46.840 --> 00:07:48.840]  有以色列人的血統
[00:07:48.840 --> 00:07:50.840]  亦有迦南人的血統
[00:07:50.840 --> 00:07:52.840]  所謂士劍人的血統
[00:07:52.840 --> 00:07:54.840]  從總值上來分
[00:07:54.840 --> 00:07:59.840]  那些以色列人當然想投向整個以色列的聯邦
[00:07:59.840 --> 00:08:01.840]  或者以色列部落
[00:08:01.840 --> 00:08:04.840]  但作為一個士劍人
[00:08:04.840 --> 00:08:05.840]  他與以色列人不同
[00:08:05.840 --> 00:08:07.840]  他們是混種
[00:08:07.840 --> 00:08:09.840]  他就要挑起士劍人
[00:08:09.840 --> 00:08:11.840]  去仇視以色列人
[00:08:11.840 --> 00:08:15.840]  在士劍人當中起了很大的爭端
[00:08:15.840 --> 00:08:17.840]  起了很大的分裂
[00:08:17.840 --> 00:08:19.840]  正如今天這個美國社會
[00:08:19.840 --> 00:08:20.840]  或者其他的社會
[00:08:20.840 --> 00:08:24.840]  很多種族和文化帶來的不同
[00:08:24.840 --> 00:08:25.840]  信仰的不同
[00:08:25.840 --> 00:08:28.840]  就變成了有分裂的現象出現
[00:08:28.840 --> 00:08:31.840]  或者我們看看這段聖經說什麼
[00:08:31.840 --> 00:08:35.840]  這段聖經提到一個西布勒的人
[00:08:35.840 --> 00:08:36.840]  西布勒是誰呢?
[00:08:36.840 --> 00:08:42.840]  西布勒是阿比米勒所委任的士劍一仔
[00:08:42.840 --> 00:08:44.840]  整個以色列是一個大國
[00:08:44.840 --> 00:08:49.840]  而這個士劍是屬於以色列的三分
[00:08:49.840 --> 00:08:55.840]  而這個西布勒就是阿比米勒委派他
[00:08:55.840 --> 00:08:58.840]  在士劍當一個一仔
[00:08:58.840 --> 00:09:01.840]  一仔好像特首或者總督
[00:09:01.840 --> 00:09:03.840]  他是效忠阿比米勒的
[00:09:03.840 --> 00:09:06.840]  你看看他怎樣去對付迦勒
[00:09:06.840 --> 00:09:07.840]  迦勒又是誰呢?
[00:09:07.840 --> 00:09:10.840]  迦勒就是那些所謂的普依特國派
[00:09:10.840 --> 00:09:11.840]  幸好我們是士劍人
[00:09:11.840 --> 00:09:14.840]  但是我們是源於以色列族的
[00:09:14.840 --> 00:09:18.840]  所以迦勒和約坦是走一派的
[00:09:18.840 --> 00:09:21.840]  當我們聽到迦勒煽動士劍人
[00:09:21.840 --> 00:09:23.840]  反抗阿比米勒的時候
[00:09:23.840 --> 00:09:25.840]  他就很生氣
[00:09:25.840 --> 00:09:28.840]  他就靜悄悄去通知阿比米勒
[00:09:28.840 --> 00:09:30.840]  有關迦勒的計劃和消息
[00:09:30.840 --> 00:09:31.840]  第三個字
[00:09:31.840 --> 00:09:33.840]  他還獻計給阿比米勒
[00:09:33.840 --> 00:09:35.840]  提議他和他的隨從
[00:09:35.840 --> 00:09:37.840]  神不知鬼不覺
[00:09:37.840 --> 00:09:39.840]  在晚上埋伏在田間
[00:09:39.840 --> 00:09:42.840]  並且到天亮的時候
[00:09:42.840 --> 00:09:44.840]  就來攻擊迦勒
[00:09:44.840 --> 00:09:46.840]  攻擊這些士劍人
[00:09:46.840 --> 00:09:48.840]  當然到了天亮的時候
[00:09:48.840 --> 00:09:50.840]  阿比米勒的人馬全都埋伏在
[00:09:50.840 --> 00:09:52.840]  士劍人出現的地方
[00:09:52.840 --> 00:09:54.840]  在這個時候
[00:09:54.840 --> 00:09:56.840]  迦勒已經看到
[00:09:56.840 --> 00:09:59.840]  好像有伏兵在埋伏
[00:09:59.840 --> 00:10:03.840]  當時和他一齊一採西布勒
[00:10:03.840 --> 00:10:05.840]  你看錯眼了
[00:10:05.840 --> 00:10:07.840]  不是看錯眼了
[00:10:07.840 --> 00:10:09.840]  我看見有人從山頂下來
[00:10:09.840 --> 00:10:12.840]  西布勒怕著他發現
[00:10:12.840 --> 00:10:14.840]  阿比米勒的蹤跡就說
[00:10:14.840 --> 00:10:16.840]  不是 你看見是山的影
[00:10:16.840 --> 00:10:17.840]  不是人來的
[00:10:17.840 --> 00:10:20.840]  後來迦勒又懷疑有人埋伏
[00:10:20.840 --> 00:10:22.840]  後來有人從高處下來
[00:10:22.840 --> 00:10:25.840]  又有另外一隊從米沃尼尼路上而來
[00:10:25.840 --> 00:10:27.840]  這一回西布勒知道
[00:10:27.840 --> 00:10:30.840]  他用另外一個方法去引誘迦勒
[00:10:30.840 --> 00:10:32.840]  他就用一個什麼方法呢
[00:10:32.840 --> 00:10:33.840]  叫激將法
[00:10:33.840 --> 00:10:35.840]  他對迦勒說
[00:10:35.840 --> 00:10:39.840]  你以前不是大聲在我們士劍人說話
[00:10:39.840 --> 00:10:41.840]  阿比米勒是誰
[00:10:41.840 --> 00:10:43.840]  為什麼我們要服侍他
[00:10:43.840 --> 00:10:45.840]  現在的框架在哪裡
[00:10:45.840 --> 00:10:47.840]  你小看這個阿比米勒
[00:10:47.840 --> 00:10:49.840]  現在一個人都不在
[00:10:49.840 --> 00:10:51.840]  你就怕得腳都軟
[00:10:51.840 --> 00:10:53.840]  如果你真的覺得你這麼厲害
[00:10:53.840 --> 00:10:54.840]  阿比米勒這麼差
[00:10:54.840 --> 00:10:56.840]  你現在出去和他交戰吧
[00:10:56.840 --> 00:10:59.840]  這一回迦勒真的上當了
[00:10:59.840 --> 00:11:03.840]  率領士劍人出去和阿比米勒交戰
[00:11:03.840 --> 00:11:05.840]  其實他這樣做
[00:11:05.840 --> 00:11:07.840]  剛剛中了拳套
[00:11:07.840 --> 00:11:09.840]  四十節
[00:11:09.840 --> 00:11:11.840]  阿比米勒追趕迦勒
[00:11:11.840 --> 00:11:13.840]  迦勒就在他面前逃跑
[00:11:13.840 --> 00:11:15.840]  有很多人受傷撲倒
[00:11:15.840 --> 00:11:17.840]  直到城門
[00:11:17.840 --> 00:11:19.840]  阿比米勒住在亞路馬
[00:11:19.840 --> 00:11:23.840]  西布勒趕出迦勒和他的兄弟
[00:11:23.840 --> 00:11:25.840]  不准他們住在士劍
[00:11:25.840 --> 00:11:27.840]  翌日問出到田間
[00:11:27.840 --> 00:11:29.840]  有人告殺阿比米勒
[00:11:29.840 --> 00:11:31.840]  他就把他的人分成三隊
[00:11:31.840 --> 00:11:33.840]  埋伏在田間
[00:11:33.840 --> 00:11:35.840]  看見士劍人和城裡出來
[00:11:35.840 --> 00:11:37.840]  就起來擊殺他們
[00:11:37.840 --> 00:11:39.840]  阿比米勒和跟著他這一隊
[00:11:39.840 --> 00:11:41.840]  向前衝去站在城門口
[00:11:41.840 --> 00:11:43.840]  打兩隊直闖到田間
[00:11:43.840 --> 00:11:45.840]  擊殺了眾人
[00:11:45.840 --> 00:11:47.840]  他們看到兄弟相陣
[00:11:47.840 --> 00:11:49.840]  兩軍對峙
[00:11:49.840 --> 00:11:51.840]  強弱分明
[00:11:51.840 --> 00:11:53.840]  迦勒在這些烏合之中
[00:11:53.840 --> 00:11:55.840]  落荒而逃
[00:11:55.840 --> 00:11:57.840]  阿比米勒就乘勝追擊
[00:11:57.840 --> 00:11:59.840]  有不少士劍人就受傷撲倒
[00:11:59.840 --> 00:12:01.840]  直到城門口
[00:12:01.840 --> 00:12:05.840]  當時阿比米勒就留守在亞路馬
[00:12:05.840 --> 00:12:07.840]  而西布勒這個鬼頭仔
[00:12:07.840 --> 00:12:09.840]  總督就趕走了迦勒的弟兄
[00:12:09.840 --> 00:12:11.840]  不准他們留在士劍城
[00:12:11.840 --> 00:12:13.840]  到了翌日
[00:12:13.840 --> 00:12:15.840]  好像一切都平靜了
[00:12:15.840 --> 00:12:17.840]  士劍人以為沒事了
[00:12:17.840 --> 00:12:19.840]  阿比米勒也不追究了
[00:12:19.840 --> 00:12:21.840]  現在迦勒輸了
[00:12:21.840 --> 00:12:23.840]  應該一切如常
[00:12:23.840 --> 00:12:25.840]  於是他們就去到田間收割
[00:12:25.840 --> 00:12:27.840]  剛剛那個時候是收割時期
[00:12:27.840 --> 00:12:29.840]  誰知
[00:12:29.840 --> 00:12:31.840]  他們想都想不到阿比米勒是這麼兇狠的
[00:12:31.840 --> 00:12:33.840]  他們一出去做工
[00:12:33.840 --> 00:12:35.840]  不是出去打仗
[00:12:35.840 --> 00:12:37.840]  阿比米勒已經把馬分成三隊
[00:12:37.840 --> 00:12:39.840]  埋伏在田間
[00:12:39.840 --> 00:12:41.840]  看見士劍人從城裏面出來
[00:12:41.840 --> 00:12:43.840]  就開始攻擊他們
[00:12:43.840 --> 00:12:45.840]  兩隊在田間殺戮
[00:12:45.840 --> 00:12:47.840]  阿比米勒率隊一隊攻陷士劍城
[00:12:47.840 --> 00:12:49.840]  殺了城中的人
[00:12:49.840 --> 00:12:51.840]  將城拆毀
[00:12:51.840 --> 00:12:53.840]  並且散了鹽在裏面
[00:12:53.840 --> 00:12:55.840]  什麼叫散了鹽
[00:12:55.840 --> 00:12:57.840]  是一種咒詛
[00:12:57.840 --> 00:12:59.840]  散鹽在地上表示咒了這個城
[00:12:59.840 --> 00:13:01.840]  咒了這個地方
[00:13:01.840 --> 00:13:03.840]  但是沒有東西可以出產
[00:13:03.840 --> 00:13:05.840]  所以解經家就以為
[00:13:05.840 --> 00:13:07.840]  這個城外有很多田地
[00:13:07.840 --> 00:13:09.840]  阿比米勒就殺了鹽
[00:13:09.840 --> 00:13:11.840]  咒了這個地
[00:13:11.840 --> 00:13:13.840]  就好像《新穎記》29章23節所說一樣
[00:13:13.840 --> 00:13:15.840]  在內城還沒有出去的士劍人
[00:13:15.840 --> 00:13:17.840]  有見及此
[00:13:17.840 --> 00:13:19.840]  嚇了一跳
[00:13:19.840 --> 00:13:21.840]  原來他們還來攻擊我們
[00:13:21.840 --> 00:13:23.840]  於是就藏在城內的巴力比利土廟
[00:13:23.840 --> 00:13:25.840]  的衛所裏面
[00:13:25.840 --> 00:13:27.840]  如果你還記得
[00:13:27.840 --> 00:13:29.840]  先前他們把錢
[00:13:29.840 --> 00:13:31.840]  放在巴力比利土廟
[00:13:31.840 --> 00:13:33.840]  阿比米勒
[00:13:33.840 --> 00:13:35.840]  利用士劍人
[00:13:35.840 --> 00:13:37.840]  把錢放在巴力比利土廟
[00:13:37.840 --> 00:13:39.840]  利用士劍人
[00:13:39.840 --> 00:13:41.840]  把錢放在巴力比利土廟
[00:13:41.840 --> 00:13:43.840]  用那些錢招兵買馬
[00:13:43.840 --> 00:13:45.840]  將士劍人殺死
[00:13:45.840 --> 00:13:47.840]  打死70個兄弟
[00:13:47.840 --> 00:13:49.840]  巴力比利土
[00:13:49.840 --> 00:13:51.840]  原文是什麼意思
[00:13:51.840 --> 00:13:53.840]  原來有兩個希伯來文叫神
[00:13:53.840 --> 00:13:55.840]  一個叫L
[00:13:55.840 --> 00:13:57.840]  L是神 第二個是Bereave
[00:13:57.840 --> 00:13:59.840]  Bereave是弱
[00:13:59.840 --> 00:14:01.840]  巴力比利土
[00:14:01.840 --> 00:14:03.840]  Elbereave是指弱中的神
[00:14:03.840 --> 00:14:05.840]  God of the Covenant
[00:14:05.840 --> 00:14:07.840]  這個廟正是九章第四節
[00:14:07.840 --> 00:14:09.840]  所提到的巴力廟
[00:14:09.840 --> 00:14:11.840]  亦是第六節所提到的米羅
[00:14:11.840 --> 00:14:13.840]  和二十七節的神廟
[00:14:13.840 --> 00:14:15.840]  原來在那時
[00:14:15.840 --> 00:14:17.840]  在士劍的地方
[00:14:17.840 --> 00:14:19.840]  他們捉了巴力的廟
[00:14:19.840 --> 00:14:21.840]  那時沒有銀行
[00:14:21.840 --> 00:14:23.840]  他們就把錢放在巴力的廟裏
[00:14:23.840 --> 00:14:25.840]  由巴力看著
[00:14:25.840 --> 00:14:27.840]  就保證沒有事本
[00:14:27.840 --> 00:14:29.840]  有災難或危險
[00:14:29.840 --> 00:14:31.840]  就全部放在巴力廟裏
[00:14:31.840 --> 00:14:33.840]  士劍人的宗教文化
[00:14:33.840 --> 00:14:35.840]  社交中心的地方
[00:14:35.840 --> 00:14:37.840]  就是這個所謂的
[00:14:37.840 --> 00:14:39.840]  巴力比利土廟
[00:14:39.840 --> 00:14:41.840]  就算現在的考古學家
[00:14:41.840 --> 00:14:43.840]  也發現在城的位置裏
[00:14:43.840 --> 00:14:45.840]  是當地的文化
[00:14:45.840 --> 00:14:47.840]  信仰宗教的中心
[00:14:47.840 --> 00:14:49.840]  士劍人有事
[00:14:49.840 --> 00:14:51.840]  就躲在那裏
[00:14:51.840 --> 00:14:53.840]  不放過
[00:14:53.840 --> 00:14:55.840]  於是就拿了樹枝
[00:14:55.840 --> 00:14:57.840]  圍著整個土廟
[00:14:57.840 --> 00:14:59.840]  用火攻
[00:14:59.840 --> 00:15:01.840]  以致士劍樓被燒死的人
[00:15:01.840 --> 00:15:03.840]  有一千人
[00:15:03.840 --> 00:15:05.840]  裏面有男有女
[00:15:05.840 --> 00:15:07.840]  第五十節
[00:15:07.840 --> 00:15:09.840]  亞比米勒到提比斯
[00:15:09.840 --> 00:15:11.840]  向提比斯安營
[00:15:11.840 --> 00:15:13.840]  又攻取那城
[00:15:13.840 --> 00:15:15.840]  城中有一座堅固的樓
[00:15:15.840 --> 00:15:17.840]  城裏的眾人無論男女都逃進樓去
[00:15:17.840 --> 00:15:19.840]  關上門
[00:15:19.840 --> 00:15:21.840]  上了樓頂
[00:15:21.840 --> 00:15:23.840]  亞比米勒到了樓前攻打
[00:15:23.840 --> 00:15:25.840]  靠近樓門要用火焚燒
[00:15:25.840 --> 00:15:27.840]  有一個婦人
[00:15:27.840 --> 00:15:29.840]  放一塊磨石
[00:15:29.840 --> 00:15:31.840]  拋在亞比米勒的頭上
[00:15:31.840 --> 00:15:33.840]  打破了她的腦骨
[00:15:33.840 --> 00:15:35.840]  她就急忙喊叫
[00:15:35.840 --> 00:15:37.840]  拿兵器的一個少年人
[00:15:37.840 --> 00:15:39.840]  退下說
[00:15:39.840 --> 00:15:41.840]  拔出你的刀來殺了我爸
[00:15:41.840 --> 00:15:43.840]  免得有人議論我說
[00:15:43.840 --> 00:15:45.840]  她是一個婦人所殺
[00:15:45.840 --> 00:15:47.840]  於是少年人就將她刺痛
[00:15:47.840 --> 00:15:49.840]  她就死了
[00:15:49.840 --> 00:15:51.840]  以死的人看著亞比米勒死
[00:15:51.840 --> 00:15:53.840]  惡字就回到自己的地方
[00:15:53.840 --> 00:15:55.840]  這樣神就報應了亞比米勒
[00:15:55.840 --> 00:15:57.840]  向他父親所行的惡
[00:15:57.840 --> 00:15:59.840]  就是殺死了兄弟七十個人
[00:15:59.840 --> 00:16:01.840]  那一種惡
[00:16:01.840 --> 00:16:03.840]  上帝審判
[00:16:03.840 --> 00:16:05.840]  事件人一切的惡
[00:16:05.840 --> 00:16:07.840]  神是報應了他們的身上
[00:16:07.840 --> 00:16:09.840]  耶路巴黎的兒子約坦
[00:16:09.840 --> 00:16:11.840]  就坐歸到他們身上
[00:16:11.840 --> 00:16:13.840]  由此可見
[00:16:13.840 --> 00:16:15.840]  這是神的作為
[00:16:15.840 --> 00:16:17.840]  第五章十六節說
[00:16:17.840 --> 00:16:19.840]  神報應亞比米勒
[00:16:19.840 --> 00:16:21.840]  向他父親所行的惡
[00:16:21.840 --> 00:16:23.840]  就是殺了他弟兄七十個人的惡
[00:16:23.840 --> 00:16:25.840]  神不是看不到的
[00:16:25.840 --> 00:16:27.840]  神不是不執行公義的
[00:16:27.840 --> 00:16:29.840]  只不過時候還沒到
[00:16:29.840 --> 00:16:31.840]  現在這個時候到了
[00:16:31.840 --> 00:16:33.840]  神就報應亞比米勒
[00:16:33.840 --> 00:16:35.840]  向他父親所行的惡
[00:16:35.840 --> 00:16:37.840]  第二方面
[00:16:37.840 --> 00:16:39.840]  約坦的奏奏也是應驗
[00:16:39.840 --> 00:16:41.840]  五十七節
[00:16:41.840 --> 00:16:43.840]  而事件人的一切惡
[00:16:43.840 --> 00:16:45.840]  神也都報應在他們頭上
[00:16:45.840 --> 00:16:47.840]  耶路巴黎的兒子約坦的奏奏
[00:16:47.840 --> 00:16:49.840]  歸到他們身上
[00:16:49.840 --> 00:16:51.840]  還有一些值得我們注意的
[00:16:51.840 --> 00:16:53.840]  就是基澱和巴力
[00:16:53.840 --> 00:16:55.840]  角力的言作
[00:16:55.840 --> 00:16:57.840]  基澱的名字就叫耶路巴力
[00:16:57.840 --> 00:16:59.840]  意思就是基澱和巴力
[00:16:59.840 --> 00:17:01.840]  角力吧
[00:17:01.840 --> 00:17:03.840]  因為基澱是插在巴力的壇
[00:17:03.840 --> 00:17:05.840]  插在巴力的廟
[00:17:05.840 --> 00:17:07.840]  所以獻祭給耶和華神
[00:17:07.840 --> 00:17:09.840]  作為獻祭
[00:17:09.840 --> 00:17:11.840]  耶和華神的一個廟和一個祭祀
[00:17:11.840 --> 00:17:13.840]  在第二個回合
[00:17:13.840 --> 00:17:15.840]  巴力似乎贏了
[00:17:15.840 --> 00:17:17.840]  第九節和第六節
[00:17:17.840 --> 00:17:19.840]  同一個地方
[00:17:19.840 --> 00:17:21.840]  竟然之間納了亞比米勒為王
[00:17:21.840 --> 00:17:23.840]  而亞比米勒
[00:17:23.840 --> 00:17:25.840]  也是從巴力廟裡取得金錢資助
[00:17:25.840 --> 00:17:27.840]  被反叛
[00:17:27.840 --> 00:17:29.840]  殺死了他七所兄弟
[00:17:29.840 --> 00:17:31.840]  但到了這個回合
[00:17:31.840 --> 00:17:33.840]  這個巴力廟
[00:17:33.840 --> 00:17:35.840]  卻又被亞比米勒焚燒
[00:17:35.840 --> 00:17:37.840]  七手將這些以色列人殺絕
[00:17:37.840 --> 00:17:39.840]  在這個時候
[00:17:39.840 --> 00:17:41.840]  亞比米勒正是得意之際
[00:17:41.840 --> 00:17:43.840]  忽然間有一個女人
[00:17:43.840 --> 00:17:45.840]  從樓上
[00:17:45.840 --> 00:17:47.840]  拿磨石
[00:17:47.840 --> 00:17:49.840]  扔在他的頭上
[00:17:49.840 --> 00:17:51.840]  他就這樣受了重傷
[00:17:51.840 --> 00:17:53.840]  他害怕別人笑他
[00:17:53.840 --> 00:17:55.840]  說死在一個婦人手上
[00:17:55.840 --> 00:17:57.840]  所以就叫他一個年輕的隨從
[00:17:57.840 --> 00:17:59.840]  將他一刀刺死
[00:17:59.840 --> 00:18:01.840]  這似乎給我們一個很強烈的訊息
[00:18:01.840 --> 00:18:03.840]  耶和華仍然是掌權的神
[00:18:03.840 --> 00:18:05.840]  耶和華仍然是掌權的神
[00:18:05.840 --> 00:18:07.840]  他是歷史宗教萬物的主宰
[00:18:07.840 --> 00:18:09.840]  我們看到一個很清楚的圖畫
[00:18:09.840 --> 00:18:11.840]  我們看到一個很清楚的圖畫
[00:18:11.840 --> 00:18:13.840]  基地死了的時候
[00:18:13.840 --> 00:18:15.840]  亞比米勒為王
[00:18:15.840 --> 00:18:17.840]  每一個進展
[00:18:17.840 --> 00:18:19.840]  都是帶來以色列人的墮落
[00:18:19.840 --> 00:18:21.840]  都是帶來以色列人的墮落
[00:18:21.840 --> 00:18:23.840]  最後更加因為亞比米勒和士堅文大打出手
[00:18:23.840 --> 00:18:25.840]  最後更加因為亞比米勒和士堅文大打出手
[00:18:25.840 --> 00:18:27.840]  就造成了你殺我我殺你
[00:18:27.840 --> 00:18:29.840]  就造成了你殺我我殺你
[00:18:29.840 --> 00:18:31.840]  最後亞比米勒
[00:18:31.840 --> 00:18:33.840]  又是死於上帝的審判之下
[00:18:33.840 --> 00:18:35.840]  又是死於上帝的審判之下
[00:18:35.840 --> 00:18:37.840]  有這樣的背景我們再來看看這兩個時事
[00:18:37.840 --> 00:18:39.840]  有這樣的背景我們再來看看這兩個時事
[00:18:39.840 --> 00:18:41.840]  第二節
[00:18:41.840 --> 00:18:43.840]  事司陀拉
[00:18:43.840 --> 00:18:45.840]  亞比米勒以後陀拉興起
[00:18:45.840 --> 00:18:47.840]  拯救以色列
[00:18:47.840 --> 00:18:49.840]  德多的孫子
[00:18:49.840 --> 00:18:51.840]  普瓦的兒子
[00:18:51.840 --> 00:18:53.840]  以撒加人住在以法連山區的沙密
[00:18:53.840 --> 00:18:55.840]  以撒加人住在以法連山區的沙密
[00:18:55.840 --> 00:18:57.840]  陀拉作以色列的事司二十三年
[00:18:57.840 --> 00:18:59.840]  陀拉作以色列的事司二十三年
[00:18:59.840 --> 00:19:01.840]  他死了葬在沙密
[00:19:01.840 --> 00:19:03.840]  在整本事司記裏面
[00:19:03.840 --> 00:19:05.840]  陀拉是一個比較出名的神秘事司
[00:19:05.840 --> 00:19:07.840]  陀拉是一個比較出名的神秘事司
[00:19:07.840 --> 00:19:09.840]  沒有提及他很多作為
[00:19:09.840 --> 00:19:11.840]  短短幾句只是說
[00:19:11.840 --> 00:19:13.840]  他是亞比米勒之後的事司
[00:19:13.840 --> 00:19:15.840]  他是以撒加人
[00:19:15.840 --> 00:19:17.840]  他是德多的孫子
[00:19:17.840 --> 00:19:19.840]  他的父親是普瓦
[00:19:19.840 --> 00:19:21.840]  他曾經拯救以色列
[00:19:21.840 --> 00:19:23.840]  他住在以法連山區的沙密
[00:19:23.840 --> 00:19:25.840]  他住在以法連山區的沙密
[00:19:25.840 --> 00:19:27.840]  他作以色列的事司二十三年
[00:19:27.840 --> 00:19:29.840]  他死了葬在沙密
[00:19:29.840 --> 00:19:31.840]  短短幾句
[00:19:31.840 --> 00:19:33.840]  描述完了
[00:19:33.840 --> 00:19:35.840]  但從少許的資料
[00:19:35.840 --> 00:19:37.840]  就知道少許的東西
[00:19:37.840 --> 00:19:39.840]  關於這個陀拉
[00:19:39.840 --> 00:19:41.840]  正如說他是以撒加人
[00:19:41.840 --> 00:19:43.840]  有趣的地方
[00:19:43.840 --> 00:19:45.840]  如果我們看創世紀第四十六章十三節
[00:19:45.840 --> 00:19:47.840]  就知道當雅各和他的兒子的孫子
[00:19:47.840 --> 00:19:49.840]  落埃及的時候
[00:19:49.840 --> 00:19:51.840]  當時他的兒子以撒加
[00:19:51.840 --> 00:19:53.840]  都帶著他的兒子叫陀拉
[00:19:53.840 --> 00:19:55.840]  普瓦、約伯和新倫同去
[00:19:55.840 --> 00:19:57.840]  而這個陀拉
[00:19:57.840 --> 00:19:59.840]  和他的先祖陀拉
[00:19:59.840 --> 00:20:01.840]  即是雅各的兒子
[00:20:01.840 --> 00:20:03.840]  是同一姓名的
[00:20:03.840 --> 00:20:05.840]  亞米米勒之後
[00:20:05.840 --> 00:20:07.840]  陀拉興起拯救以色列
[00:20:07.840 --> 00:20:09.840]  他是德多的孫子
[00:20:09.840 --> 00:20:11.840]  普瓦的兒子
[00:20:11.840 --> 00:20:13.840]  以撒加人
[00:20:13.840 --> 00:20:15.840]  住在以法連山區的沙密
[00:20:15.840 --> 00:20:17.840]  陀拉作為以色列的事司
[00:20:17.840 --> 00:20:19.840]  二十三年死了
[00:20:19.840 --> 00:20:21.840]  葬在沙密
[00:20:21.840 --> 00:20:23.840]  我們看到這幾句說話
[00:20:23.840 --> 00:20:25.840]  形容了陀拉拯救了以色列
[00:20:25.840 --> 00:20:27.840]  這幾句說話
[00:20:27.840 --> 00:20:29.840]  正可以說是
[00:20:29.840 --> 00:20:31.840]  基奠前半生的寫字
[00:20:31.840 --> 00:20:33.840]  基奠也是拯救了以色列
[00:20:33.840 --> 00:20:35.840]  處理了米邊人的欺壓
[00:20:35.840 --> 00:20:37.840]  而陀拉也是
[00:20:37.840 --> 00:20:39.840]  步基奠的後塵
[00:20:39.840 --> 00:20:41.840]  處理外邦人的仇
[00:20:41.840 --> 00:20:43.840]  我們再看第二個
[00:20:43.840 --> 00:20:45.840]  事司
[00:20:45.840 --> 00:20:47.840]  雅爾第三至第五節
[00:20:47.840 --> 00:20:49.840]  陀拉以後有基列人
[00:20:49.840 --> 00:20:51.840]  雅爾興起
[00:20:51.840 --> 00:20:53.840]  作以色列的事司二十二年
[00:20:53.840 --> 00:20:55.840]  他有三十個兒子
[00:20:55.840 --> 00:20:57.840]  騎著三十個驢驅
[00:20:57.840 --> 00:20:59.840]  他們有三十座城
[00:20:59.840 --> 00:21:01.840]  哈維特
[00:21:01.840 --> 00:21:03.840]  直到如今都在基列山
[00:21:03.840 --> 00:21:05.840]  雅爾死了
[00:21:05.840 --> 00:21:07.840]  葬在沙密
[00:21:07.840 --> 00:21:09.840]  雅爾同樣很簡短
[00:21:09.840 --> 00:21:11.840]  但是他和陀拉
[00:21:11.840 --> 00:21:13.840]  不同的地方是
[00:21:13.840 --> 00:21:15.840]  沒有說到一句說話拯救以色列
[00:21:15.840 --> 00:21:17.840]  只是提到他興起
[00:21:17.840 --> 00:21:19.840]  以色列的事司二十二年
[00:21:19.840 --> 00:21:21.840]  提到他家庭的狀況
[00:21:21.840 --> 00:21:23.840]  他有三十個兒子
[00:21:23.840 --> 00:21:25.840]  騎著三十驢驅
[00:21:25.840 --> 00:21:27.840]  有三十座城
[00:21:27.840 --> 00:21:29.840]  哈維特
[00:21:29.840 --> 00:21:31.840]  我們可以這樣說
[00:21:31.840 --> 00:21:33.840]  如果陀拉是反映
[00:21:33.840 --> 00:21:35.840]  基列人前半生的功績
[00:21:35.840 --> 00:21:37.840]  拯救以色列人
[00:21:37.840 --> 00:21:39.840]  雅爾就是反映基列人後半生的問題
[00:21:39.840 --> 00:21:41.840]  甚麼問題?
[00:21:41.840 --> 00:21:43.840]  多兒子
[00:21:43.840 --> 00:21:45.840]  擁有誠邑、權力
[00:21:45.840 --> 00:21:47.840]  三十個兒子暗示他有很多妻子
[00:21:47.840 --> 00:21:49.840]  為他生了三十個兒子
[00:21:49.840 --> 00:21:51.840]  而他們各具一誠邑
[00:21:51.840 --> 00:21:53.840]  擁有實權
[00:21:53.840 --> 00:21:55.840]  暗示到所謂太平合一
[00:21:55.840 --> 00:21:57.840]  其實是很薄弱的
[00:21:57.840 --> 00:21:59.840]  就好像基殿的後期一樣
[00:21:59.840 --> 00:22:01.840]  以至亞比米勒稱霸
[00:22:01.840 --> 00:22:03.840]  帶來以色列人進入一個黑暗的時代
[00:22:03.840 --> 00:22:05.840]  基殿雖然拒絕造王
[00:22:05.840 --> 00:22:07.840]  但造王的野心
[00:22:07.840 --> 00:22:09.840]  卻深深存在於腦海裏
[00:22:09.840 --> 00:22:11.840]  這個就帶來
[00:22:11.840 --> 00:22:13.840]  整個以色列國
[00:22:13.840 --> 00:22:15.840]  後患無窮
[00:22:15.840 --> 00:22:17.840]  可以看到甚麼呢?
[00:22:17.840 --> 00:22:19.840]  時司記給我們一個甚麼訊息呢?
[00:22:19.840 --> 00:22:21.840]  當以色列人
[00:22:21.840 --> 00:22:23.840]  將要進入迦南地時
[00:22:23.840 --> 00:22:25.840]  魔西向以色列人警告
[00:22:25.840 --> 00:22:27.840]  不可拜偶像
[00:22:27.840 --> 00:22:29.840]  不可學校迦南人
[00:22:29.840 --> 00:22:31.840]  拜他們的神
[00:22:31.840 --> 00:22:33.840]  但以色列人反悔不聽神的話
[00:22:33.840 --> 00:22:35.840]  偏偏去敬拜巴力
[00:22:35.840 --> 00:22:37.840]  屢犯不改
[00:22:37.840 --> 00:22:39.840]  以至以色列人被迦南人欺壓
[00:22:39.840 --> 00:22:41.840]  當他們被欺壓的時候
[00:22:41.840 --> 00:22:43.840]  就求告神請到他們
[00:22:43.840 --> 00:22:45.840]  當時又說請到他們
[00:22:45.840 --> 00:22:47.840]  享受了一陣子的太平
[00:22:47.840 --> 00:22:49.840]  於是又墮入這個陷阱當中
[00:22:49.840 --> 00:22:51.840]  再去拜巴力利希神
[00:22:51.840 --> 00:22:53.840]  這個惡性循環
[00:22:53.840 --> 00:22:55.840]  就是時司記時代的特色
[00:22:55.840 --> 00:22:57.840]  不朱的不朱的重現
[00:22:57.840 --> 00:22:59.840]  所以第六節就這樣記載
[00:22:59.840 --> 00:23:01.840]  以色列人又行耶和華
[00:23:01.840 --> 00:23:03.840]  眼中看聞惡的事
[00:23:03.840 --> 00:23:05.840]  他侍奉諸巴力和阿斯塔祿
[00:23:05.840 --> 00:23:07.840]  以及阿蘭的神明
[00:23:07.840 --> 00:23:09.840]  西頓的神明
[00:23:09.840 --> 00:23:11.840]  摩亞的神明
[00:23:11.840 --> 00:23:13.840]  阿滿人的神明
[00:23:13.840 --> 00:23:15.840]  菲律賓人的神明
[00:23:15.840 --> 00:23:17.840]  他們是離棄了耶和華神
[00:23:17.840 --> 00:23:19.840]  不去服侍他們
[00:23:19.840 --> 00:23:21.840]  以色列人認識只是拜巴力的諸神
[00:23:21.840 --> 00:23:23.840]  如今無所不拜
[00:23:23.840 --> 00:23:25.840]  包括阿蘭的神
[00:23:25.840 --> 00:23:27.840]  西頓的神
[00:23:27.840 --> 00:23:29.840]  摩亞的神
[00:23:29.840 --> 00:23:31.840]  阿滿的神
[00:23:31.840 --> 00:23:33.840]  菲律賓人的神
[00:23:33.840 --> 00:23:35.840]  變本加厲
[00:23:35.840 --> 00:23:37.840]  越拜越遠耶和華
[00:23:37.840 --> 00:23:39.840]  陀拉和那爾的時代
[00:23:39.840 --> 00:23:41.840]  看來好像是太平
[00:23:41.840 --> 00:23:43.840]  其實是腐爛不堪
[00:23:43.840 --> 00:23:45.840]  既有不權自然有不義
[00:23:45.840 --> 00:23:47.840]  值得我們身為
[00:23:47.840 --> 00:23:49.840]  好似太平的北美洲
[00:23:49.840 --> 00:23:51.840]  有極大的醒覺
[00:23:51.840 --> 00:23:53.840]  在整個故事裡
[00:23:53.840 --> 00:23:55.840]  我們看到
[00:23:55.840 --> 00:23:57.840]  特別是三個引誘
[00:23:57.840 --> 00:23:59.840]  第一個是權
[00:23:59.840 --> 00:24:01.840]  基澱很清楚告訴你
[00:24:01.840 --> 00:24:03.840]  雖然他知道
[00:24:03.840 --> 00:24:05.840]  是耶和華管治以色列人
[00:24:05.840 --> 00:24:07.840]  不是他
[00:24:07.840 --> 00:24:09.840]  不是他的子孫
[00:24:09.840 --> 00:24:11.840]  但始終他的心裡
[00:24:11.840 --> 00:24:13.840]  是很想有
[00:24:13.840 --> 00:24:15.840]  這個做王的權力
[00:24:15.840 --> 00:24:17.840]  所以就改了
[00:24:17.840 --> 00:24:19.840]  他的兒子的名字
[00:24:19.840 --> 00:24:21.840]  阿比米納
[00:24:21.840 --> 00:24:23.840]  父親是王
[00:24:23.840 --> 00:24:25.840]  權的問題
[00:24:25.840 --> 00:24:27.840]  他的兒子阿比米納
[00:24:27.840 --> 00:24:29.840]  弄了大權
[00:24:29.840 --> 00:24:31.840]  為了爭奪權位
[00:24:31.840 --> 00:24:33.840]  爭奪王位
[00:24:33.840 --> 00:24:35.840]  不惜殺死了70個兄弟
[00:24:35.840 --> 00:24:37.840]  後來和士劍人反面
[00:24:37.840 --> 00:24:39.840]  不惜狂殺士劍人
[00:24:39.840 --> 00:24:41.840]  造成了一個很大
[00:24:41.840 --> 00:24:43.840]  很殘忍的後果
[00:24:43.840 --> 00:24:45.840]  為的是什麼
[00:24:45.840 --> 00:24:47.840]  權
[00:24:47.840 --> 00:24:49.840]  在今天的社會裡
[00:24:49.840 --> 00:24:51.840]  在今天的世界裡
[00:24:51.840 --> 00:24:53.840]  在今天的教會裡
[00:24:53.840 --> 00:24:55.840]  往往是一個權力的問題
[00:24:55.840 --> 00:24:57.840]  令到教會不和
[00:24:57.840 --> 00:24:59.840]  國家不和
[00:24:59.840 --> 00:25:01.840]  家庭不和
[00:25:01.840 --> 00:25:03.840]  這是一個很大的危機
[00:25:03.840 --> 00:25:05.840]  除了權柄之外
[00:25:05.840 --> 00:25:07.840]  我們看到第二個引誘
[00:25:07.840 --> 00:25:09.840]  基澱為什麼會衰了
[00:25:09.840 --> 00:25:11.840]  娶了很多太太
[00:25:11.840 --> 00:25:13.840]  娶了妾侍
[00:25:13.840 --> 00:25:15.840]  生了70個兒子
[00:25:15.840 --> 00:25:17.840]  又有妾侍
[00:25:17.840 --> 00:25:19.840]  息息的問題
[00:25:19.840 --> 00:25:21.840]  在整個的士師紀裡
[00:25:21.840 --> 00:25:23.840]  這是一個很大的問題
[00:25:23.840 --> 00:25:25.840]  同樣在今天
[00:25:25.840 --> 00:25:27.840]  我們在教會裡
[00:25:27.840 --> 00:25:29.840]  在這個社會裡
[00:25:29.840 --> 00:25:31.840]  息息不是一個很大的問題
[00:25:31.840 --> 00:25:33.840]  第三
[00:25:33.840 --> 00:25:35.840]  就是錢
[00:25:35.840 --> 00:25:37.840]  你看整個的故事裡
[00:25:37.840 --> 00:25:39.840]  和錢很有關係
[00:25:39.840 --> 00:25:41.840]  比米勒怎樣能夠
[00:25:41.840 --> 00:25:43.840]  打倒70個兄弟
[00:25:43.840 --> 00:25:45.840]  就是靠士劍人
[00:25:45.840 --> 00:25:47.840]  在這個巴力廟裡所儲到的錢
[00:25:47.840 --> 00:25:49.840]  他就用這些錢
[00:25:49.840 --> 00:25:51.840]  招兵買馬
[00:25:51.840 --> 00:25:53.840]  去攻陷
[00:25:53.840 --> 00:25:55.840]  比爾森林人
[00:25:55.840 --> 00:25:57.840]  錢
[00:25:57.840 --> 00:25:59.840]  為什麼比米勒做首領的時候
[00:25:59.840 --> 00:26:01.840]  士劍人反對的是什麼
[00:26:01.840 --> 00:26:03.840]  就是在士劍
[00:26:03.840 --> 00:26:05.840]  最要塞的地方
[00:26:05.840 --> 00:26:07.840]  攔途截劫
[00:26:07.840 --> 00:26:09.840]  打斷財路
[00:26:09.840 --> 00:26:11.840]  令到經濟崩潰
[00:26:11.840 --> 00:26:13.840]  於是就造成了很大的惡果
[00:26:13.840 --> 00:26:15.840]  由一個trade war
[00:26:15.840 --> 00:26:17.840]  變成一個真正的war
[00:26:17.840 --> 00:26:19.840]  在今天這個世界裡
[00:26:19.840 --> 00:26:21.840]  經濟的問題
[00:26:21.840 --> 00:26:23.840]  不單影響國與國之間
[00:26:23.840 --> 00:26:25.840]  國家自己的問題
[00:26:25.840 --> 00:26:27.840]  也都影響到
[00:26:27.840 --> 00:26:29.840]  今天教會裡的問題
[00:26:29.840 --> 00:26:31.840]  錢的問題
[00:26:31.840 --> 00:26:33.840]  難怪錢叫馬門
[00:26:33.840 --> 00:26:35.840]  我們將我們的生命
[00:26:35.840 --> 00:26:37.840]  我們的保障
[00:26:37.840 --> 00:26:39.840]  放在錢裡
[00:26:39.840 --> 00:26:41.840]  其實那些是肥皂膜
[00:26:41.840 --> 00:26:43.840]  總的來說問題在哪裡
[00:26:43.840 --> 00:26:45.840]  以神為神
[00:26:45.840 --> 00:26:47.840]  離棄了神
[00:26:47.840 --> 00:26:49.840]  權成為了我們的偶像
[00:26:49.840 --> 00:26:51.840]  色成為了我們的偶像
[00:26:51.840 --> 00:26:53.840]  錢成為了我們的偶像
[00:26:53.840 --> 00:26:55.840]  成為馬門
[00:26:55.840 --> 00:26:57.840]  於是這個世界
[00:26:57.840 --> 00:26:59.840]  這個國家
[00:26:59.840 --> 00:27:01.840]  這個教會
[00:27:01.840 --> 00:27:03.840]  這個家庭
[00:27:03.840 --> 00:27:05.840]  相安無事
[00:27:05.840 --> 00:27:07.840]  但其實有很多暗湧在裡面
[00:27:07.840 --> 00:27:09.840]  一爆發出來的時候
[00:27:09.840 --> 00:27:11.840]  真是令人歎息
[00:27:11.840 --> 00:27:13.840]  離開了上帝
[00:27:13.840 --> 00:27:15.840]  只有一個亂字
[00:27:15.840 --> 00:27:17.840]  於是神憐憫我們
[00:27:17.840 --> 00:27:19.840]  憐憫我們的國家
[00:27:19.840 --> 00:27:21.840]  憐憫這個世界
[00:27:21.840 --> 00:27:23.840]  憐憫我們的教會
[00:27:23.840 --> 00:27:25.840]  憐憫我們的家庭
[00:27:25.840 --> 00:27:27.840]  求主憐憫
[00:27:27.840 --> 00:27:29.840]  祈求同心一同的祖國
[00:27:29.840 --> 00:27:31.840]  慈悲人的天父我們滿心感謝你
[00:27:31.840 --> 00:27:33.840]  求你赦免我們很多時候
[00:27:33.840 --> 00:27:35.840]  我們輸在權
[00:27:35.840 --> 00:27:37.840]  色、錢
[00:27:37.840 --> 00:27:39.840]  的爭執
[00:27:39.840 --> 00:27:41.840]  因為我們離棄了神
[00:27:41.840 --> 00:27:43.840]  我們追求權利
[00:27:43.840 --> 00:27:45.840]  追求金錢
[00:27:45.840 --> 00:27:47.840]  追求我們的名義
[00:27:47.840 --> 00:27:49.840]  追求色的滿足
[00:27:49.840 --> 00:27:51.840]  意大利很大很大的爭執
[00:27:51.840 --> 00:27:53.840]  意大利很大的混亂
[00:27:53.840 --> 00:27:55.840]  求主憐憫我們
[00:27:55.840 --> 00:27:57.840]  赦免我們
[00:27:57.840 --> 00:27:59.840]  就算看來好像在一個太平的日子
[00:27:59.840 --> 00:28:01.840]  在安逸的生活裏面
[00:28:01.840 --> 00:28:03.840]  而我們漸漸麻木了
[00:28:03.840 --> 00:28:05.840]  離棄了你
[00:28:05.840 --> 00:28:07.840]  求主赦免
[00:28:07.840 --> 00:28:09.840]  提醒我們警醒道人
[00:28:09.840 --> 00:28:11.840]  免得我們跌入陷阱裏面
[00:28:11.840 --> 00:28:13.840]  我們這樣禱告了
[00:28:13.840 --> 00:28:15.840]  是奉耶穌基督的名求
[00:28:15.840 --> 00:28:17.840]  阿們
[00:28:29.840 --> 00:28:31.840]  我只想知道你到底在想什么呢?
[00:28:31.840 --> 00:28:33.840]  我只是想知道你到底在想什么呢?
[00:28:33.840 --> 00:28:35.840]  我只是想知道你到底在想什么呢?
