
[00:00:00.000 --> 00:00:08.640]  今日要和大家講一個題目是有關「試煉」和「試探」
[00:00:08.640 --> 00:00:12.800]  有很多人說很多牧者都講過這個題目
[00:00:12.800 --> 00:00:15.880]  我們都知道試煉和試探有什麼分別
[00:00:15.880 --> 00:00:19.680]  而的確我今日的題目就是同一件事
[00:00:19.680 --> 00:00:24.520]  神在試煉我還是撒旦在試探我
[00:00:24.520 --> 00:00:27.120]  我是會講這兩者的分別
[00:00:27.120 --> 00:00:30.520]  但不只是講「試煉」和「試探」的分別
[00:00:30.520 --> 00:00:32.880]  還有很多其他的東西
[00:00:32.880 --> 00:00:36.360]  例如我們會回答一個問題
[00:00:36.360 --> 00:00:38.600]  究竟「試探」是否罪?
[00:00:38.600 --> 00:00:41.880]  有很多學者都說「試探」不是罪
[00:00:41.880 --> 00:00:44.720]  耶穌基督也有試探
[00:00:44.720 --> 00:00:49.160]  但也有學者說「不是,試探也是罪」
[00:00:49.160 --> 00:00:51.680]  究竟哪個對哪個錯呢?
[00:00:51.680 --> 00:00:54.760]  稍後我們會有詳細的解釋
[00:00:54.760 --> 00:01:00.280]  還有第三點,就是耶穌基督在馬太福音第五章說
[00:01:00.280 --> 00:01:05.640]  你們都聽過「不可殺人,凡殺人的會受到審判」
[00:01:05.640 --> 00:01:08.680]  但耶穌基督說「你不需要殺人」
[00:01:08.680 --> 00:01:12.280]  「你只要心裏面向你的弟兄無故動怒」
[00:01:12.280 --> 00:01:15.320]  「你就一定會受到審判」
[00:01:15.320 --> 00:01:20.000]  耶穌基督又說「當我們有不潔淨的思想」
[00:01:20.000 --> 00:01:22.320]  「當我們被試探的時候」
[00:01:22.320 --> 00:01:24.840]  「你見到女人你就動淫念」
[00:01:24.840 --> 00:01:29.000]  「你就等於在心裏面和她犯了奸淫」
[00:01:29.000 --> 00:01:30.680]  有很多學者說
[00:01:30.680 --> 00:01:35.400]  「如果你在腦裏面動怒就等於殺人」
[00:01:35.400 --> 00:01:39.640]  「你腦裏面有淫亂的思想、淫邪的思想」
[00:01:39.640 --> 00:01:41.640]  「你就等於犯了奸淫」
[00:01:41.640 --> 00:01:43.880]  耶穌基督是否真的這樣說呢?
[00:01:43.880 --> 00:01:45.120]  我相信不是
[00:01:45.120 --> 00:01:47.920]  耶穌基督從來沒有這樣說過
[00:01:47.920 --> 00:01:54.400]  那麼心裏面的想法和你走出來犯罪有什麼不同呢?
[00:01:54.400 --> 00:01:56.520]  分別的地方又在哪裏呢?
[00:01:56.520 --> 00:02:01.160]  我們今天會有很詳細的分析這件事
[00:02:01.160 --> 00:02:02.760]  還有第四點
[00:02:02.760 --> 00:02:05.880]  就是耶穌基督根本沒有罪性
[00:02:05.880 --> 00:02:07.120]  我們知道
[00:02:07.120 --> 00:02:11.120]  他這樣撒旦去試探那豈不是浪費?
[00:02:11.120 --> 00:02:13.400]  他也不會犯罪的
[00:02:13.400 --> 00:02:15.920]  是 耶穌基督的確沒有罪性
[00:02:15.920 --> 00:02:18.320]  但是有件很重要的事
[00:02:18.320 --> 00:02:20.320]  就是當他被試探的時候
[00:02:20.320 --> 00:02:22.640]  他是沒有做到一些事情
[00:02:22.640 --> 00:02:25.520]  這就是我們所需要學習的
[00:02:25.520 --> 00:02:29.840]  究竟耶穌基督沒有做到什麼事情是那麼重要呢?
[00:02:29.840 --> 00:02:33.080]  我們稍後也會回來看這一點
[00:02:33.080 --> 00:02:34.960]  還有第五點
[00:02:34.960 --> 00:02:38.600]  就是當我們遇見有試煉、試探
[00:02:38.600 --> 00:02:41.520]  我們應該要怎樣來對付
[00:02:41.520 --> 00:02:43.200]  今天這一篇道
[00:02:43.200 --> 00:02:46.880]  也會解釋給我們有很好的教訓
[00:02:46.880 --> 00:02:50.320]  怎樣來對抗撒旦的試探
[00:02:50.320 --> 00:02:56.840]  我今天這篇道是講了有所有關於試煉和試探
[00:02:56.840 --> 00:02:59.440]  我所能夠想得到的題目
[00:02:59.440 --> 00:03:02.960]  我也將這篇道上傳到AI
[00:03:02.960 --> 00:03:05.680]  AI的分析就是這篇道
[00:03:05.680 --> 00:03:09.120]  真的非常吻合符合聖經的教導
[00:03:09.120 --> 00:03:13.720]  他說這是一個非常全面性的一篇道
[00:03:13.720 --> 00:03:15.000]  我時時都說
[00:03:15.000 --> 00:03:17.840]  當我們有正確的神學的時候
[00:03:17.840 --> 00:03:22.040]  就好像蓋著一條氈在冬天很舒服
[00:03:22.040 --> 00:03:23.880]  可以全身都蓋著
[00:03:23.880 --> 00:03:28.080]  但是如果你的神學觀不是那麼正確的話
[00:03:28.080 --> 00:03:31.040]  你蓋得到胸口就蓋不到對腳
[00:03:31.040 --> 00:03:34.160]  你蓋得到對腳就蓋不到胸口
[00:03:34.160 --> 00:03:35.080]  為什麼呢?
[00:03:35.080 --> 00:03:39.240]  你不能夠吻合所有聖經的經文
[00:03:39.240 --> 00:03:42.280]  而當你的神學觀是正確的時候
[00:03:42.280 --> 00:03:45.720]  能夠吻合所有聖經的經文
[00:03:45.720 --> 00:03:50.800]  你就好像蓋著一張非常舒適的氈一樣
[00:03:50.800 --> 00:03:53.920]  有人會問我
[00:03:53.920 --> 00:03:57.520]  牧師你為什麼會講這一篇這樣的道?
[00:03:57.520 --> 00:03:58.880]  其實很簡單
[00:03:58.880 --> 00:04:00.800]  因為有人曾經問我
[00:04:00.800 --> 00:04:03.400]  為什麼神要在伊甸園
[00:04:03.400 --> 00:04:08.760]  設立一棵分別善惡樹來善納當夏娃?
[00:04:08.760 --> 00:04:11.360]  你分明是善他們的
[00:04:11.360 --> 00:04:14.160]  試探他們使他們犯罪
[00:04:14.160 --> 00:04:18.720]  然後他們犯罪了就趕他們出伊甸園
[00:04:18.720 --> 00:04:21.520]  但是聖經告訴我們什麼呢?
[00:04:21.520 --> 00:04:23.920]  神是不會試探人的
[00:04:23.920 --> 00:04:28.120]  在《雅各書》的第一章第十三節
[00:04:28.120 --> 00:04:32.400]  人被試探不可說我是被神試探
[00:04:32.400 --> 00:04:35.520]  因為神不能被惡試探
[00:04:35.520 --> 00:04:37.520]  他也不試探人
[00:04:37.520 --> 00:04:40.720]  在這篇經文很清楚告訴我們
[00:04:40.720 --> 00:04:42.720]  神是不會試探人的
[00:04:42.720 --> 00:04:45.840]  而試探這個字出現了四次
[00:04:45.840 --> 00:04:48.800]  而在《雅各書》的一章二節
[00:04:48.800 --> 00:04:51.160]  雅各說:我的弟兄們
[00:04:51.160 --> 00:04:54.280]  你們落在百般試煉中
[00:04:54.280 --> 00:04:56.840]  都要以為大喜樂
[00:04:56.840 --> 00:04:58.240]  有沒有看到
[00:04:58.240 --> 00:05:01.880]  在《雅各書》的一章十三節
[00:05:01.880 --> 00:05:03.880]  是說試探
[00:05:03.880 --> 00:05:08.200]  但是《雅各書》的一章二節是說試煉
[00:05:08.200 --> 00:05:12.400]  其實原文的希臘文是同一個字
[00:05:12.400 --> 00:05:17.000]  名詞來說是Peresmos這個希臘文
[00:05:17.000 --> 00:05:20.840]  但是動詞來說就是Peraso這個字
[00:05:20.840 --> 00:05:24.600]  兩個字都是同一個意思
[00:05:24.600 --> 00:05:29.720]  原文的希臘文根本沒有道德上的含義
[00:05:29.720 --> 00:05:33.000]  不是代表正面的或者負面
[00:05:33.000 --> 00:05:35.720]  或者是代表好或者壞
[00:05:35.720 --> 00:05:37.720]  完全是中性的
[00:05:37.720 --> 00:05:41.560]  這個字的意思就是測試嘗試
[00:05:41.560 --> 00:05:44.920]  而也是我們所熟悉的考試
[00:05:44.920 --> 00:05:48.360]  就好像神給你一個試考
[00:05:48.360 --> 00:05:50.840]  你合格了之後又怎樣?
[00:05:50.840 --> 00:05:52.600]  你就成功了
[00:05:52.600 --> 00:05:54.600]  神就是要你成功
[00:05:54.600 --> 00:05:59.560]  但是同一件事撒旦也能夠拿來試探你
[00:05:59.560 --> 00:06:01.560]  希望你是失敗
[00:06:01.560 --> 00:06:06.520]  所以這個字本身是同一個字
[00:06:06.520 --> 00:06:09.320]  就是看這一節的經文是怎樣用
[00:06:09.320 --> 00:06:13.000]  神是試煉 撒旦是試探
[00:06:13.000 --> 00:06:16.840]  但是很可惜現在很多的現代人
[00:06:16.840 --> 00:06:21.640]  他們一聽見試探就會覺得是負面的
[00:06:21.640 --> 00:06:25.880]  因為他們就會覺得是引誘人
[00:06:25.880 --> 00:06:31.000]  或者是誘惑人來犯罪或者作惡
[00:06:31.000 --> 00:06:33.000]  所以我們再重複一次
[00:06:33.000 --> 00:06:37.080]  同一件事神可以用來測試我們
[00:06:37.080 --> 00:06:39.080]  或者是試煉我們
[00:06:39.080 --> 00:06:43.160]  為了要我們成功 要我們榮耀祂
[00:06:43.160 --> 00:06:46.200]  但是同一件事發生在我們的身上
[00:06:46.200 --> 00:06:49.240]  撒旦也可以用來試探我們
[00:06:49.240 --> 00:06:51.960]  目的就是希望我們會跌倒
[00:06:51.960 --> 00:06:54.280]  希望我們會失敗
[00:06:54.280 --> 00:06:58.360]  一個好的例子就是耶穌基督受洗之後
[00:06:58.360 --> 00:07:00.840]  在《馬太福音》的四章一節
[00:07:00.840 --> 00:07:05.880]  經文說當時耶穌被聖靈引渡曠野
[00:07:05.880 --> 00:07:09.160]  喂!聖靈引你去曠野
[00:07:09.160 --> 00:07:11.160]  這當然是好事
[00:07:11.160 --> 00:07:13.800]  神想試煉耶穌基督
[00:07:13.800 --> 00:07:16.760]  要祂彰顯出自己的聖潔
[00:07:16.760 --> 00:07:19.080]  彰顯出祂的榮耀
[00:07:19.080 --> 00:07:20.600]  但是撒旦呢?
[00:07:20.600 --> 00:07:23.720]  你看完《馬太福音》的四章一節尾
[00:07:23.720 --> 00:07:28.760]  經文說當時耶穌被聖靈引渡曠野
[00:07:28.760 --> 00:07:31.400]  受魔鬼的試探
[00:07:31.400 --> 00:07:36.280]  同一件事撒旦希望將試煉變成試探
[00:07:36.280 --> 00:07:39.640]  希望引誘耶穌基督去犯罪
[00:07:39.640 --> 00:07:45.000]  甚至不是說每一次都是神首先試煉我們
[00:07:45.000 --> 00:07:48.760]  而撒旦是想將這件事變成試探
[00:07:48.760 --> 00:07:55.400]  有時候神就會允許撒旦在我們身上做一些事
[00:07:55.400 --> 00:07:59.000]  他的用意就是要使我們成熟
[00:07:59.000 --> 00:08:01.560]  就是要使我們更加聖潔
[00:08:01.560 --> 00:08:04.120]  而不是要我們去犯罪
[00:08:04.120 --> 00:08:07.560]  一個很好的例子就是約伯
[00:08:07.560 --> 00:08:10.040]  我們遲些會回來看約伯
[00:08:10.040 --> 00:08:14.360]  現在我們其實已經說完了我們要說的第一點
[00:08:14.360 --> 00:08:18.840]  就是究竟試煉和試探有什麼分別?
[00:08:18.840 --> 00:08:22.040]  原文的希臘文是同一個字
[00:08:22.040 --> 00:08:25.880]  所以就要看經文的用法是怎麼樣
[00:08:25.880 --> 00:08:28.680]  如果是神放在我們的身上
[00:08:28.680 --> 00:08:30.360]  祂是給我們試煉
[00:08:30.360 --> 00:08:32.920]  祂是希望我們能夠成功
[00:08:32.920 --> 00:08:34.840]  但是同樣一件事
[00:08:34.840 --> 00:08:37.640]  撒旦可以用來試探我們
[00:08:37.640 --> 00:08:39.080]  希望我們失敗
[00:08:39.080 --> 00:08:41.000]  希望我們跌倒
[00:08:41.000 --> 00:08:44.920]  注意這些都是外在的事
[00:08:44.920 --> 00:08:47.160]  是發生在我們身外
[00:08:47.160 --> 00:08:51.080]  我們怎知道在《雅各書》的一章二節
[00:08:51.080 --> 00:08:54.040]  說「你們落在百般的試煉中」
[00:08:54.040 --> 00:08:58.280]  「落在」這個字原文的希臘文的用法
[00:08:58.280 --> 00:09:01.160]  通常都是外在的事物
[00:09:01.160 --> 00:09:05.640]  就好像約伯突然間在約伯的身上
[00:09:05.640 --> 00:09:07.880]  發生了很多外在的事
[00:09:07.880 --> 00:09:10.440]  例如他的子女全死了
[00:09:10.440 --> 00:09:13.880]  祂的錢財、祂的產業完全沒有了
[00:09:13.880 --> 00:09:17.640]  祂還活到全身都是瘡
[00:09:17.640 --> 00:09:21.000]  如果沒有了約伯記的一章和二章
[00:09:21.000 --> 00:09:23.880]  我們根本不知道發生什麼事
[00:09:23.880 --> 00:09:26.600]  但是有了約伯記的一章至二章
[00:09:26.600 --> 00:09:27.880]  我們就知道
[00:09:27.880 --> 00:09:31.080]  原來當時神和撒旦說
[00:09:31.080 --> 00:09:32.680]  「你看看約伯」
[00:09:32.680 --> 00:09:35.240]  「他是一個完全正直的人」
[00:09:35.240 --> 00:09:37.240]  撒旦就回答說
[00:09:37.240 --> 00:09:39.640]  「喂!當然不是啦」
[00:09:39.640 --> 00:09:42.840]  「他敬畏你 因為你祝福他」
[00:09:42.840 --> 00:09:45.560]  「你試試拿走他身上的一切」
[00:09:45.560 --> 00:09:48.760]  「你看看他不理你 就怪了」
[00:09:48.760 --> 00:09:54.360]  所以神就容許撒旦來試探約伯
[00:09:54.360 --> 00:09:58.200]  我們說完第一樣就是試煉和試探
[00:09:58.200 --> 00:10:03.320]  有什麼相同 有什麼不同的地方
[00:10:03.320 --> 00:10:07.160]  我們見到無論是試煉或者試探
[00:10:07.160 --> 00:10:09.720]  首先這些都是外在的事
[00:10:09.720 --> 00:10:15.240]  很重要的就是我們不要內在化了這些試探
[00:10:15.240 --> 00:10:17.480]  其實我們不可能
[00:10:17.480 --> 00:10:22.040]  當我們遇見外在的試煉或者外在的試探
[00:10:22.040 --> 00:10:24.040]  直接就去犯罪
[00:10:24.040 --> 00:10:27.720]  由外在的試煉試探變成外在的罪
[00:10:27.720 --> 00:10:29.480]  是不可能的
[00:10:29.480 --> 00:10:33.000]  我們一定要經過另外一個步驟
[00:10:33.000 --> 00:10:37.480]  這個就是一個內心的步驟 是內在的步驟
[00:10:37.480 --> 00:10:41.320]  就是將外在的試探內在化了
[00:10:41.320 --> 00:10:44.760]  為什麼我說一定要有這個步驟
[00:10:44.760 --> 00:10:46.760]  是耶穌基督說的
[00:10:46.760 --> 00:10:50.840]  「入口的東西不會使人污穢」
[00:10:50.840 --> 00:10:54.520]  「唯獨出口的是從心裡發出來的」
[00:10:54.520 --> 00:10:56.280]  「這才污穢人」
[00:10:56.280 --> 00:10:58.440]  「因為從心裡發出來的」
[00:10:58.440 --> 00:11:04.840]  「由惡廉、兇殺、監人、狗俠、偷渡、妄證、旁毒」
[00:11:04.840 --> 00:11:08.360]  《馬太福音》15:18-19
[00:11:08.360 --> 00:11:10.760]  什麼叫做入口的東西
[00:11:10.760 --> 00:11:13.240]  入口的東西就是外在的
[00:11:13.240 --> 00:11:15.240]  不能使人污穢的
[00:11:15.240 --> 00:11:18.920]  唯獨是出於口的就是由心發出
[00:11:18.920 --> 00:11:24.440]  我們不能一見到外在的試煉和試探就立刻去犯罪
[00:11:24.440 --> 00:11:28.200]  一定要經過內心的一個步驟
[00:11:28.200 --> 00:11:32.680]  這就是我所說的內在化了試探
[00:11:32.680 --> 00:11:38.440]  所以很重要的就是當我們遇見外在的試探和試煉
[00:11:38.440 --> 00:11:41.240]  千萬不要內在化它
[00:11:41.240 --> 00:11:43.800]  有一節很熟悉的經文
[00:11:43.800 --> 00:11:46.920]  在《馬太福音》六章第十三節
[00:11:46.920 --> 00:11:49.640]  耶穌基督教我們主禱文
[00:11:49.640 --> 00:11:54.440]  祂說「要求天父不叫我們遇見試探」
[00:11:54.440 --> 00:11:59.240]  其實這節經文很多基督徒都會覺得很奇怪
[00:11:59.240 --> 00:12:02.440]  因為在《雅各》書的一章十三節
[00:12:02.440 --> 00:12:06.200]  明明《雅各》說神是不會試探人
[00:12:06.200 --> 00:12:10.120]  為什麼在《馬太福音》的六章十三節
[00:12:10.120 --> 00:12:14.200]  我們又要求神不要讓我們遇見試探呢?
[00:12:14.200 --> 00:12:16.440]  你說是不是充滿矛盾呢?
[00:12:16.440 --> 00:12:20.600]  其實這裡耶穌基督是教我們要求天父
[00:12:20.600 --> 00:12:25.160]  當我們遇見有外在的試煉或試探的時候
[00:12:25.160 --> 00:12:30.360]  就讓這些試煉或試探停留在外在
[00:12:30.360 --> 00:12:33.080]  不要讓我們內在化它
[00:12:33.080 --> 00:12:37.480]  不要讓撒旦有機會引誘我們犯罪
[00:12:37.480 --> 00:12:40.680]  接著的一節經文我們看完
[00:12:40.680 --> 00:12:42.360]  這樣就很清楚了
[00:12:42.360 --> 00:12:45.640]  在《馬太福音》的六章十三節
[00:12:45.640 --> 00:12:47.800]  我們只讀了前半節
[00:12:47.800 --> 00:12:50.360]  就是「不叫我們遇見試探」
[00:12:50.360 --> 00:12:51.960]  下半節是什麼呢?
[00:12:51.960 --> 00:12:54.520]  「救我們脫離凶惡」
[00:12:54.520 --> 00:12:57.880]  「凶惡」這個字原文的希臘文
[00:12:57.880 --> 00:13:00.680]  是Tuponero這個字
[00:13:00.680 --> 00:13:05.000]  Tuponero這個字就是惡者的意思
[00:13:05.000 --> 00:13:08.200]  不要讓惡者來引誘我們
[00:13:08.200 --> 00:13:10.520]  所以耶穌基督教我們
[00:13:10.520 --> 00:13:14.520]  當我們遇見有外在的試煉或試探
[00:13:14.520 --> 00:13:17.480]  我們就要向天父禱告
[00:13:17.480 --> 00:13:20.360]  天父我們實在很軟弱
[00:13:20.360 --> 00:13:23.880]  現在我面對這些試煉這些試探
[00:13:23.880 --> 00:13:27.720]  我沒有辦法來承受撒旦的引誘
[00:13:27.720 --> 00:13:33.880]  求你不要使我外在的試探變成了內在
[00:13:33.880 --> 00:13:37.320]  不要內在化這些試探
[00:13:37.320 --> 00:13:41.800]  那你說什麼叫做內在化試探呢?
[00:13:41.800 --> 00:13:46.680]  就是當我們面對外在的試煉或試探
[00:13:46.680 --> 00:13:50.360]  我們開始想一些不符合聖經
[00:13:50.360 --> 00:13:54.680]  或者不榮耀神的方法來解決眼前的事
[00:13:54.680 --> 00:14:00.520]  來應對來回應這些外在的試煉或試探
[00:14:00.520 --> 00:14:02.360]  如果我們這樣做的時候
[00:14:02.360 --> 00:14:07.240]  就好像在《雅各書》的一章十四節所說
[00:14:07.240 --> 00:14:13.880]  「但各人被試探乃是被自己的私欲牽引有惑的」
[00:14:13.880 --> 00:14:17.960]  當我們面對了外在的試煉和試探
[00:14:17.960 --> 00:14:22.840]  當我們不斷在想怎樣用不榮耀神的方法
[00:14:22.840 --> 00:14:27.960]  不符合聖經教導的方法來回應這些事的時候
[00:14:27.960 --> 00:14:32.600]  我們就會內在化了我們的試探
[00:14:32.600 --> 00:14:37.160]  那你說為什麼《雅各》說是私欲呢?
[00:14:37.160 --> 00:14:39.480]  這些私欲從哪裡來的?
[00:14:39.480 --> 00:14:42.680]  我講羅馬書的時候都講得很清楚
[00:14:42.680 --> 00:14:45.800]  我們信徒靈魂被救贖
[00:14:45.800 --> 00:14:48.440]  但是我們的身體未被救贖
[00:14:48.440 --> 00:14:51.400]  我們仍然是有罪的傾向
[00:14:51.400 --> 00:14:54.600]  所以保羅在羅馬書的第七章說
[00:14:54.600 --> 00:14:58.600]  「我辛苦了 我應該做的我不去做
[00:14:58.600 --> 00:15:01.640]  不應該做的我反而做了」
[00:15:01.640 --> 00:15:05.720]  在約翰一書的二章十六節約翰也說
[00:15:05.720 --> 00:15:09.880]  「因為凡世上的事就像肉體的情慾
[00:15:09.880 --> 00:15:13.160]  眼睛的情慾 並甘心的驕傲
[00:15:13.160 --> 00:15:17.880]  都不是從父來的 乃是從世界來的」
[00:15:17.880 --> 00:15:20.680]  喂 為什麼說是從世界來的?
[00:15:20.680 --> 00:15:21.960]  世界是什麼?
[00:15:21.960 --> 00:15:24.360]  是神所創造的
[00:15:24.360 --> 00:15:28.440]  我在說一篇道叫做《邪惡的起源》
[00:15:28.440 --> 00:15:31.400]  「神為何允許造物墮落?」
[00:15:31.400 --> 00:15:32.440]  我也講過
[00:15:32.440 --> 00:15:35.800]  神創造一切的造物都是美好的
[00:15:35.800 --> 00:15:40.280]  在聖經告訴我們 神六天造完了宇宙萬物
[00:15:40.280 --> 00:15:42.040]  一切都是美好的
[00:15:42.040 --> 00:15:44.040]  那麼你說罪從哪裡來?
[00:15:44.040 --> 00:15:46.760]  是在祂的造物那裡
[00:15:46.760 --> 00:15:50.360]  當祂的造物例如天使、人類
[00:15:50.360 --> 00:15:54.200]  背叛神的時候就產生了罪
[00:15:54.200 --> 00:15:58.920]  所以亞當之後我們每個人生出來都有罪性
[00:15:58.920 --> 00:16:01.880]  這就是我們裡面的私慾
[00:16:01.880 --> 00:16:05.960]  所以當我們遇見外在的思念或者試探
[00:16:05.960 --> 00:16:08.360]  如果我們內在化了試探
[00:16:08.360 --> 00:16:11.720]  被我們的私慾來引牽引我們
[00:16:11.720 --> 00:16:14.520]  拼命在想這些不榮耀神的事
[00:16:14.520 --> 00:16:16.840]  我們就會犯罪
[00:16:16.840 --> 00:16:20.520]  那麼你說內在化試探
[00:16:20.520 --> 00:16:24.600]  就是腦裡想一些不應該想的東西
[00:16:24.600 --> 00:16:28.920]  那麼你說如果我突然間腦裡閃過一個壞念頭
[00:16:28.920 --> 00:16:31.960]  我是不是就是內在化了試探?
[00:16:31.960 --> 00:16:33.480]  絕對不是
[00:16:33.480 --> 00:16:37.880]  我們很多時候腦裡都會閃過一個惡念
[00:16:37.880 --> 00:16:41.880]  但是千萬不要讓這個念頭停留
[00:16:41.880 --> 00:16:43.400]  不要繼續去想
[00:16:43.400 --> 00:16:46.360]  不要讓它發芽 不要讓它成長
[00:16:46.360 --> 00:16:49.400]  這個就是不同的地方
[00:16:49.400 --> 00:16:53.480]  如果我們繼續去想 讓它發芽成長的話
[00:16:53.480 --> 00:16:57.480]  那麼我們就會內在化了試探
[00:16:57.480 --> 00:17:00.280]  一個好的例子就是有一個人
[00:17:00.280 --> 00:17:02.280]  他的太太病了
[00:17:02.280 --> 00:17:05.800]  他沒有錢送她入醫院醫治
[00:17:05.800 --> 00:17:08.280]  他正在樹肺癌的時候
[00:17:08.280 --> 00:17:12.520]  突然間看到辦公室的地上有一疊鈔票
[00:17:12.520 --> 00:17:14.520]  他撿起來數一數
[00:17:14.520 --> 00:17:16.440]  有幾千元
[00:17:16.440 --> 00:17:19.800]  可以送他的太太入醫院
[00:17:19.800 --> 00:17:21.800]  於是他把心入患
[00:17:21.800 --> 00:17:25.000]  他就想將這些錢拿去救急
[00:17:25.000 --> 00:17:30.360]  如果他在這個時候停止這些不應該有的思想
[00:17:30.360 --> 00:17:32.360]  他應該是沒事
[00:17:32.360 --> 00:17:35.880]  他就沒有內在化到這個試探
[00:17:35.880 --> 00:17:39.720]  原來這些錢是屬於他的老闆
[00:17:39.720 --> 00:17:43.080]  當老闆發現不見了這些錢的時候
[00:17:43.080 --> 00:17:44.680]  他就懸想
[00:17:44.680 --> 00:17:47.640]  任何人如果找到這些現金
[00:17:47.640 --> 00:17:49.640]  如果你肯交出來的話
[00:17:49.640 --> 00:17:51.640]  我絕對不會追究
[00:17:51.640 --> 00:17:54.680]  不單止不追究 我還有獎賞
[00:17:54.680 --> 00:17:57.880]  我會將這個現金的三分之一
[00:17:57.880 --> 00:17:59.880]  作為獎賞給你
[00:17:59.880 --> 00:18:01.880]  但是很可惜
[00:18:01.880 --> 00:18:05.400]  這個人已經內在化了他的試探
[00:18:05.400 --> 00:18:07.400]  他已經想到
[00:18:07.400 --> 00:18:09.400]  如果他有了這些錢
[00:18:09.400 --> 00:18:12.280]  不單止他可以醫治他的太太
[00:18:12.280 --> 00:18:15.800]  剩下來的錢他還可以做些什麼
[00:18:15.800 --> 00:18:17.800]  所以他不斷在想
[00:18:17.800 --> 00:18:19.800]  他內在化了他的試探
[00:18:19.800 --> 00:18:22.520]  他沒有回應到他老闆的懸賞
[00:18:22.520 --> 00:18:25.880]  他希望得到全部的現金
[00:18:25.880 --> 00:18:31.240]  但是其中一個同事就見到他撿了這筆銀子
[00:18:31.240 --> 00:18:34.680]  於是就告發他給老闆知道
[00:18:34.680 --> 00:18:37.160]  馬上就人贓並獲
[00:18:37.160 --> 00:18:39.160]  老闆沒有報警
[00:18:39.160 --> 00:18:41.480]  他只是拿回了錢
[00:18:41.480 --> 00:18:44.120]  就炒了這個人的魷魚
[00:18:44.120 --> 00:18:47.960]  第二個問題我們需要解答的就是
[00:18:47.960 --> 00:18:50.360]  喂 試探是不是罪?
[00:18:50.360 --> 00:18:55.640]  你說這個人如果他有內在的試探
[00:18:55.640 --> 00:18:58.360]  如果他沒有拿走這筆銀子
[00:18:58.360 --> 00:19:00.360]  那麼他有沒有犯罪呢?
[00:19:00.360 --> 00:19:02.360]  如果只有內在的試探
[00:19:02.360 --> 00:19:05.960]  其實內在的試探是罪
[00:19:05.960 --> 00:19:08.440]  外在的試探就不是罪
[00:19:08.440 --> 00:19:11.960]  記不記得耶穌基督也有外在的試探
[00:19:11.960 --> 00:19:14.520]  就是剛才我們所讀的經文
[00:19:14.520 --> 00:19:16.520]  他是被撒旦來試探他
[00:19:16.520 --> 00:19:19.560]  但是他沒有內在化了試探
[00:19:19.560 --> 00:19:22.760]  內在化試探就是罪
[00:19:22.760 --> 00:19:24.760]  那你說是誰說的?
[00:19:24.760 --> 00:19:26.440]  是耶穌基督說的
[00:19:26.440 --> 00:19:30.600]  在《馬太福音》的5章21至22節
[00:19:30.600 --> 00:19:31.560]  經文說
[00:19:31.560 --> 00:19:34.840]  「你們聽見有吩咐古人的話說
[00:19:34.840 --> 00:19:36.040]  不可殺人
[00:19:36.040 --> 00:19:39.880]  又說凡殺人的難免受審判
[00:19:39.880 --> 00:19:41.640]  只是我告訴你們
[00:19:41.640 --> 00:19:45.800]  凡向弟兄動腦的難免受審判」
[00:19:45.800 --> 00:19:48.840]  喂 這個人在腦裏想的
[00:19:48.840 --> 00:19:51.080]  為什麼他會受審判?
[00:19:51.080 --> 00:19:52.680]  原因很簡單
[00:19:52.680 --> 00:19:54.680]  耶穌基督告訴我們
[00:19:54.680 --> 00:19:57.560]  當我們內在化試探的時候
[00:19:57.560 --> 00:20:00.040]  我們就是犯了罪
[00:20:00.040 --> 00:20:04.680]  審判這個詞其實是得到神的管教
[00:20:04.680 --> 00:20:07.400]  我們遲些會回來看這一點
[00:20:07.400 --> 00:20:10.840]  《馬太福音》的5章27至28節
[00:20:10.840 --> 00:20:11.960]  經文也說
[00:20:11.960 --> 00:20:15.080]  「你們聽見有話說不可姦淫
[00:20:15.080 --> 00:20:16.920]  只是我告訴你們
[00:20:16.920 --> 00:20:19.720]  凡看見婦女就動淫瞞的
[00:20:19.720 --> 00:20:23.880]  這人心裏已經與他犯姦淫了」
[00:20:23.880 --> 00:20:26.280]  有沒有看到?一模一樣
[00:20:26.280 --> 00:20:30.040]  當我們內心裏面不斷有這些
[00:20:30.040 --> 00:20:32.280]  不應該有的思想的時候
[00:20:32.280 --> 00:20:35.000]  我們就是等於犯了罪
[00:20:35.000 --> 00:20:37.240]  罪由身心
[00:20:37.240 --> 00:20:41.240]  所以內在化試探絕對是罪
[00:20:41.240 --> 00:20:44.920]  我們已經說了兩點
[00:20:44.920 --> 00:20:49.560]  第一點就是思念和試探有什麼不同
[00:20:49.560 --> 00:20:51.960]  又有什麼相同的地方
[00:20:51.960 --> 00:20:54.440]  第二點就是我們說了
[00:20:54.440 --> 00:21:00.040]  究竟內在化試探是不是罪?
[00:21:00.040 --> 00:21:04.600]  我們說內在化試探的確是罪
[00:21:04.600 --> 00:21:06.520]  那就有一個問題了
[00:21:06.520 --> 00:21:08.120]  有人可能會問
[00:21:08.120 --> 00:21:10.680]  當我內在化試探
[00:21:10.680 --> 00:21:12.440]  你又說是罪
[00:21:12.440 --> 00:21:15.800]  而如果我又將這個試探走出來
[00:21:15.800 --> 00:21:18.200]  如果我犯了這個罪
[00:21:18.200 --> 00:21:22.200]  那與內在化的試探又有什麼不同?
[00:21:22.200 --> 00:21:25.720]  你說兩個都是犯了罪
[00:21:25.720 --> 00:21:29.240]  當我們內在化了這個試探
[00:21:29.240 --> 00:21:32.680]  我們就很容易會犯罪
[00:21:32.680 --> 00:21:36.520]  這正是《雅各書》的一章15節所說
[00:21:36.520 --> 00:21:40.120]  「私欲既懷了胎就身出罪內
[00:21:40.120 --> 00:21:43.320]  罪既長成就身出死內」
[00:21:43.320 --> 00:21:44.440]  有沒有看到?
[00:21:44.440 --> 00:21:47.240]  私欲懷了胎是什麼意思?
[00:21:47.240 --> 00:21:50.840]  就是你內在化了這個試探
[00:21:50.840 --> 00:21:53.880]  就會身出罪內
[00:21:53.880 --> 00:21:55.240]  有沒有看到?
[00:21:55.240 --> 00:22:01.080]  這個也與《針嚴》的4章22-27節所說的很相似
[00:22:01.080 --> 00:22:04.680]  「一生的果效是由心發出」
[00:22:04.680 --> 00:22:06.680]  由心發出來
[00:22:06.680 --> 00:22:09.320]  所以當我們內在化了試探
[00:22:09.320 --> 00:22:11.640]  我們就很容易犯罪
[00:22:11.640 --> 00:22:15.000]  記不記得在《若書雅記》的第七章
[00:22:15.000 --> 00:22:17.960]  以色列人攻打艾城
[00:22:17.960 --> 00:22:20.520]  他們第一次攻打艾城的時候
[00:22:20.520 --> 00:22:23.160]  一敗塗地打敗仗
[00:22:23.160 --> 00:22:27.480]  後來才發覺原來有人拿了當滅之物
[00:22:27.480 --> 00:22:30.200]  原來有一個叫阿干的人
[00:22:30.200 --> 00:22:33.400]  他貪心拿了當滅之物
[00:22:33.400 --> 00:22:37.320]  經文說在《若書雅記》的七章21節
[00:22:37.320 --> 00:22:41.160]  他看見他貪愛他就拿了
[00:22:41.160 --> 00:22:43.160]  看見是什麼?
[00:22:43.160 --> 00:22:46.040]  是外在的試煉或者試探
[00:22:46.040 --> 00:22:48.040]  貪愛是什麼?
[00:22:48.040 --> 00:22:50.760]  就是內在化了這個試探
[00:22:50.760 --> 00:22:53.400]  現在在心裏面發出來
[00:22:53.400 --> 00:22:57.560]  然後第三步就是他去拿
[00:22:57.560 --> 00:23:00.360]  這個就是犯了這個罪出來
[00:23:00.360 --> 00:23:03.560]  在我們今天所說的例子
[00:23:03.560 --> 00:23:05.320]  這個人也是一樣
[00:23:05.320 --> 00:23:08.520]  如果這個人只是在思想上的罪
[00:23:08.520 --> 00:23:10.760]  只是內在化了試探
[00:23:10.760 --> 00:23:12.280]  他沒有走出來
[00:23:12.280 --> 00:23:14.280]  他是沒有罪的後果
[00:23:14.280 --> 00:23:15.960]  但是很可惜
[00:23:15.960 --> 00:23:18.600]  他拿了老闆的那些錢
[00:23:18.600 --> 00:23:21.000]  如果這個只是思想上的罪
[00:23:21.000 --> 00:23:23.800]  他只是內在化了這個試探
[00:23:23.800 --> 00:23:25.800]  他還沒有走出來的話
[00:23:25.800 --> 00:23:27.800]  是沒有罪的後果
[00:23:27.800 --> 00:23:30.280]  但是當他走了出來
[00:23:30.280 --> 00:23:33.960]  他拿了這疊銀子不給老闆的時候
[00:23:33.960 --> 00:23:35.960]  就會有罪的後果
[00:23:35.960 --> 00:23:38.520]  這個後果就是他被革職
[00:23:38.520 --> 00:23:40.520]  被解僱
[00:23:40.520 --> 00:23:43.960]  還有其他罪的後果有什麼?
[00:23:43.960 --> 00:23:45.960]  例如殺人要填命
[00:23:45.960 --> 00:23:50.680]  奸淫在這個屬世是無罪
[00:23:50.680 --> 00:23:52.680]  但是在神的律法
[00:23:52.680 --> 00:23:54.680]  這個絕對是一個罪
[00:23:54.680 --> 00:23:59.720]  奸淫的後果可能使婚姻或者家庭破碎
[00:23:59.720 --> 00:24:05.320]  而大衛他犯罪的後果就是刀劍不離他的家
[00:24:05.320 --> 00:24:07.320]  我們可以總結一下
[00:24:07.320 --> 00:24:09.560]  思念是什麼?
[00:24:09.560 --> 00:24:12.040]  是神給我們成長的機會
[00:24:12.040 --> 00:24:14.040]  但同樣的一件事
[00:24:14.040 --> 00:24:16.840]  撒旦可以來試探我們
[00:24:16.840 --> 00:24:18.360]  希望我們失敗
[00:24:18.360 --> 00:24:20.360]  希望我們跌倒
[00:24:20.360 --> 00:24:23.240]  這些暫時還是外在
[00:24:23.240 --> 00:24:26.440]  我們千萬不要內在化了試探
[00:24:26.440 --> 00:24:28.680]  當我們內在化試探
[00:24:28.680 --> 00:24:31.080]  就是用吳明耀神的方法
[00:24:31.080 --> 00:24:36.120]  來希望回應這些外在的思念或者試探
[00:24:36.120 --> 00:24:38.120]  你說試探是不是罪?
[00:24:38.120 --> 00:24:40.600]  外在的試探就不是罪
[00:24:40.600 --> 00:24:43.880]  但是當我們內在化了這個試探
[00:24:43.880 --> 00:24:47.560]  耶穌基督說我們等於犯了罪
[00:24:47.560 --> 00:24:51.720]  而當我們內在化了我們的試探
[00:24:51.720 --> 00:24:54.120]  我們還沒有犯罪的時候
[00:24:54.120 --> 00:24:56.120]  是未必有罪的後果
[00:24:56.120 --> 00:24:58.120]  可能神會管教我們
[00:24:58.120 --> 00:25:01.960]  但當我們真真正正犯了罪
[00:25:01.960 --> 00:25:04.520]  這樣就會有罪的後果
[00:25:04.520 --> 00:25:09.000]  如果我們真的落在試探裏面
[00:25:09.000 --> 00:25:11.000]  我們應該怎麼做呢?
[00:25:11.000 --> 00:25:14.120]  在哥倫多前書的十章十三節
[00:25:14.120 --> 00:25:17.160]  保羅說:你們所遇見的試探
[00:25:17.160 --> 00:25:19.720]  無非是人所能受的
[00:25:19.720 --> 00:25:21.320]  神是信實的
[00:25:21.320 --> 00:25:25.480]  必不叫你們受試探過於所能受的
[00:25:25.480 --> 00:25:27.480]  在受試探的時候
[00:25:27.480 --> 00:25:30.120]  神總要給你們開一條路
[00:25:30.120 --> 00:25:32.920]  叫你們能承受得住
[00:25:32.920 --> 00:25:35.960]  這裏告訴我們
[00:25:35.960 --> 00:25:39.160]  保羅說當我們遇見試探的時候
[00:25:39.160 --> 00:25:41.640]  一定是人所能夠承受
[00:25:41.640 --> 00:25:43.640]  這是神的欽點
[00:25:43.640 --> 00:25:48.600]  可能當時哥倫多教會有很多人向保羅投訴
[00:25:48.600 --> 00:25:50.200]  不關我的事
[00:25:50.200 --> 00:25:53.720]  是撒旦用超自然的能力來引誘我
[00:25:53.720 --> 00:25:55.720]  所以我承受不住
[00:25:55.720 --> 00:25:58.920]  其實你有沒有聽過人真的這樣說?
[00:25:58.920 --> 00:26:00.920]  不單止是哥倫多教會
[00:26:00.920 --> 00:26:03.320]  就算現代也有很多人說
[00:26:03.320 --> 00:26:04.600]  不關我的事
[00:26:04.600 --> 00:26:06.440]  是撒旦逼我做的
[00:26:06.440 --> 00:26:10.760]  說得好像很無助、很被動那樣
[00:26:10.760 --> 00:26:12.760]  保羅說不是
[00:26:12.760 --> 00:26:15.080]  神給我們的試探
[00:26:15.080 --> 00:26:18.120]  絕對不會是超自然能力
[00:26:18.120 --> 00:26:21.080]  絕對是人所能夠承受
[00:26:21.080 --> 00:26:25.880]  其實耶穌基督所承受的試探
[00:26:25.880 --> 00:26:28.200]  都是在人的層面
[00:26:28.200 --> 00:26:29.560]  我們怎麼知道?
[00:26:29.560 --> 00:26:33.640]  希伯來書2:18和4:15說
[00:26:33.640 --> 00:26:37.240]  耶穌基督在各方面都受過試探
[00:26:37.240 --> 00:26:39.560]  就好像誰一樣?
[00:26:39.560 --> 00:26:41.400]  好像我們一樣
[00:26:41.400 --> 00:26:47.240]  所以耶穌基督也沒有承受過超自然的試探
[00:26:47.240 --> 00:26:50.520]  其實這一點在神學上是很重要
[00:26:50.520 --> 00:26:55.880]  因為亞國書1:13說神不能被試探
[00:26:55.880 --> 00:26:59.400]  但是在馬太福音4:1我們知道
[00:26:59.400 --> 00:27:03.160]  耶穌基督的確是被撒旦試探
[00:27:03.160 --> 00:27:06.200]  你說耶穌基督是神
[00:27:06.200 --> 00:27:10.600]  亞國書1:13說神不能被試探
[00:27:10.600 --> 00:27:14.840]  而在馬太福音4:1就說他會
[00:27:14.840 --> 00:27:18.680]  你說聖經充滿了矛盾
[00:27:18.680 --> 00:27:21.480]  所以我們在這裡看到
[00:27:21.480 --> 00:27:26.120]  耶穌基督是沒有受到超自然的試探
[00:27:26.120 --> 00:27:29.560]  祂只不過在人的層面被試探
[00:27:29.560 --> 00:27:31.640]  也是因為這樣
[00:27:31.640 --> 00:27:34.520]  所以聖經絕對是沒有矛盾
[00:27:34.520 --> 00:27:39.960]  亞國書1:13和馬太福音4:1是沒有矛盾
[00:27:39.960 --> 00:27:45.960]  希伯來書2:18和4:15很相似的經文
[00:27:45.960 --> 00:27:47.400]  都告訴我們
[00:27:47.400 --> 00:27:51.240]  耶穌基督在各個層面都受過試探
[00:27:51.240 --> 00:27:53.160]  就像我們一樣
[00:27:53.160 --> 00:27:56.040]  所以祂能夠成為我們的大祭司
[00:27:56.040 --> 00:27:58.600]  能夠看出我們的軟弱
[00:27:58.600 --> 00:28:01.320]  祂也曾凡事受過試探
[00:28:01.320 --> 00:28:02.600]  和我們一樣
[00:28:02.600 --> 00:28:05.320]  祂只是沒有犯罪
[00:28:05.320 --> 00:28:11.320]  這也帶我們去看我們今天要說的第四點
[00:28:11.320 --> 00:28:14.280]  就是耶穌基督的試探
[00:28:14.280 --> 00:28:17.400]  耶穌基督被試探是否罪?
[00:28:17.400 --> 00:28:18.120]  不是
[00:28:18.120 --> 00:28:20.280]  這是外在的試探
[00:28:20.280 --> 00:28:24.520]  但是耶穌基督沒有內在化的試探
[00:28:24.520 --> 00:28:27.160]  有很多神學家都會說
[00:28:27.160 --> 00:28:30.440]  耶穌基督根本沒有罪性
[00:28:30.440 --> 00:28:33.240]  祂受試探開玩笑
[00:28:33.240 --> 00:28:35.080]  祂根本不會犯罪
[00:28:35.080 --> 00:28:37.800]  是的 祂的確不會犯罪
[00:28:37.800 --> 00:28:39.400]  但是有沒有注意到
[00:28:39.400 --> 00:28:43.480]  耶穌基督真的沒有內在化的試探
[00:28:43.480 --> 00:28:48.040]  就是當撒旦用話語來引誘祂的時候
[00:28:48.040 --> 00:28:49.560]  試探祂的時候
[00:28:49.560 --> 00:28:53.080]  祂立刻就用神的話語來回答
[00:28:53.080 --> 00:28:57.240]  祂沒有讓這些試探在祂腦裏停留
[00:28:57.240 --> 00:28:59.720]  祂沒有內在化的試探
[00:28:59.720 --> 00:29:03.960]  這個真的很值得我們學習
[00:29:03.960 --> 00:29:05.800]  神是信實的
[00:29:05.800 --> 00:29:09.480]  在庶哥倫多前書十章第十三節
[00:29:09.480 --> 00:29:11.880]  給了我們有兩個應許
[00:29:11.880 --> 00:29:14.600]  其實這兩個應許可以說是
[00:29:14.600 --> 00:29:18.440]  對馬太福音六章十三節禱告的回應
[00:29:18.440 --> 00:29:20.040]  為什麼我這樣說呢?
[00:29:20.040 --> 00:29:23.960]  因為我們在馬太福音六章十三節的禱告
[00:29:23.960 --> 00:29:27.400]  就是求神不要讓我們遇見試探
[00:29:27.400 --> 00:29:30.440]  不要將這個試探內在化
[00:29:30.440 --> 00:29:34.440]  不要讓我們有機會被撒旦引誘
[00:29:34.440 --> 00:29:36.520]  以致我們不能夠承受
[00:29:36.520 --> 00:29:40.680]  但是在哥倫多前書十章十三節怎麼說呢?
[00:29:40.680 --> 00:29:45.320]  給我們的試探都是人能夠承受
[00:29:45.320 --> 00:29:48.920]  而且如果我們真的忍受不住的話
[00:29:48.920 --> 00:29:51.560]  神會開一條出路給我們
[00:29:51.560 --> 00:29:53.880]  叫我們能夠承受得住
[00:29:53.880 --> 00:29:57.080]  所以這個對我們是一個絕大的安慰
[00:29:57.080 --> 00:30:01.880]  但是也拿走了我們犯罪的藉口
[00:30:01.880 --> 00:30:03.880]  為什麼我會這樣說呢?
[00:30:03.880 --> 00:30:05.640]  因為那兩點就是
[00:30:05.640 --> 00:30:10.600]  第一我們的試探不會是多過我們所能夠承受
[00:30:10.600 --> 00:30:16.680]  但是第二個應許就是神一定會開一條出路
[00:30:16.680 --> 00:30:19.880]  如果我們承受不住犯了罪
[00:30:19.880 --> 00:30:21.400]  是誰的錯呢?
[00:30:21.400 --> 00:30:23.000]  是我們的錯
[00:30:23.000 --> 00:30:26.040]  因為神是開了一條路給我們
[00:30:26.040 --> 00:30:29.640]  而我們沒有去揀選這條出路
[00:30:29.640 --> 00:30:33.640]  你看回我們剛才說的那個例子
[00:30:33.640 --> 00:30:37.480]  那個人撿了地上的鈔票
[00:30:37.480 --> 00:30:40.920]  那麼你說神有沒有給他一條出路呢?
[00:30:40.920 --> 00:30:44.520]  有!他的老闆有懸賞
[00:30:44.520 --> 00:30:47.960]  不僅不責罰他還會有獎金
[00:30:47.960 --> 00:30:51.800]  但是他自己沒有揀選到這一條出路
[00:30:51.800 --> 00:30:54.440]  以致他被炒魷魚
[00:30:54.440 --> 00:30:57.800]  剛才我們也說過阿干的故事
[00:30:57.800 --> 00:31:00.200]  在約書亞記的第七章
[00:31:00.200 --> 00:31:04.520]  你知不知道約書亞用了很多的功夫
[00:31:04.520 --> 00:31:06.680]  將阿干抽出來
[00:31:06.680 --> 00:31:10.040]  沒有人知道是誰拿了當滅之物
[00:31:10.040 --> 00:31:14.040]  所以他抽籤由支派抽到宗族
[00:31:14.040 --> 00:31:16.200]  由宗族抽到加瑟
[00:31:16.200 --> 00:31:19.480]  再由加瑟抽出阿干這個人
[00:31:19.480 --> 00:31:22.920]  其實神早就知道誰拿了當滅之物
[00:31:22.920 --> 00:31:25.880]  他只需要告訴約書亞就行了
[00:31:25.880 --> 00:31:28.360]  為什麼要這麼多的功夫
[00:31:28.360 --> 00:31:30.760]  慢慢慢慢將他抽出來呢?
[00:31:30.760 --> 00:31:36.840]  其實就是給阿干有很多的機會來認罪悔改
[00:31:36.840 --> 00:31:39.720]  神給了他一條出路
[00:31:39.720 --> 00:31:43.560]  但是很可惜阿干沒有揀選到
[00:31:43.560 --> 00:31:46.920]  結果他是朝來殺身之禍
[00:31:46.920 --> 00:31:49.640]  那麼你說這條是什麼出路呢?
[00:31:49.640 --> 00:31:52.200]  無論是神給我們的試煉
[00:31:52.200 --> 00:31:54.760]  或者是撒旦給我們的試探
[00:31:54.760 --> 00:31:57.400]  無論是撒旦的引誘
[00:31:57.400 --> 00:32:00.280]  或者是我們私欲的牽引
[00:32:00.280 --> 00:32:02.280]  出路只有一條
[00:32:02.280 --> 00:32:03.320]  是什麼呢?
[00:32:03.320 --> 00:32:06.040]  就是能夠忍受得住
[00:32:06.040 --> 00:32:07.640]  忍受這個字
[00:32:07.640 --> 00:32:10.760]  原文的希臘文是hupo這個字
[00:32:10.760 --> 00:32:13.960]  就是在下面托住、支持住
[00:32:13.960 --> 00:32:17.000]  來忍耐、忍受
[00:32:17.000 --> 00:32:20.280]  當我們知道我們身邊的人被試探
[00:32:20.280 --> 00:32:22.680]  我們很多時候會為他們禱告
[00:32:22.680 --> 00:32:24.040]  是怎麼禱告的
[00:32:24.040 --> 00:32:27.800]  「哎呀神啊!他現在受到試探」
[00:32:27.800 --> 00:32:32.120]  「你就讓他承受、忍受一下吧」
[00:32:32.120 --> 00:32:35.240]  「讓他能夠學到你要他學習的功課」
[00:32:35.240 --> 00:32:36.840]  「讓他慢慢來」
[00:32:36.840 --> 00:32:39.480]  但是當我們自己有試探的時候
[00:32:39.480 --> 00:32:41.240]  我們的禱告又會怎樣呢?
[00:32:41.240 --> 00:32:43.080]  「哎呀神啊!你救我啊」
[00:32:43.080 --> 00:32:45.720]  「快點脫離這個試探吧」
[00:32:45.720 --> 00:32:51.240]  其實真的我們都需要忍受一下
[00:32:51.240 --> 00:32:55.320]  有試探的時候我們怎麼能夠忍受得住呢?
[00:32:55.320 --> 00:32:58.360]  有三點
[00:32:58.360 --> 00:33:01.080]  第一點就是靠著禱告
[00:33:01.080 --> 00:33:04.440]  在馬可福音14章第38節
[00:33:04.440 --> 00:33:05.560]  耶穌基督說
[00:33:05.560 --> 00:33:10.040]  「總要警醒禱告,免得入了迷惑」
[00:33:10.040 --> 00:33:13.480]  所以當我們遇見外在的試煉、試探
[00:33:13.480 --> 00:33:16.840]  我們第一件事就是要禱告神
[00:33:16.840 --> 00:33:19.800]  「我現在遇見眼前的試煉、試探」
[00:33:19.800 --> 00:33:21.240]  「我很無助」
[00:33:21.240 --> 00:33:24.280]  「我不能夠承受撒旦的引誘」
[00:33:24.280 --> 00:33:28.120]  「求祢是給我有力從祢而來的力量」
[00:33:28.120 --> 00:33:30.040]  「我願意倚靠祢」
[00:33:30.040 --> 00:33:32.600]  「我願意服從祢」
[00:33:32.600 --> 00:33:34.520]  除了禱告
[00:33:34.520 --> 00:33:36.200]  我們還要信靠
[00:33:36.200 --> 00:33:38.760]  在彼得前書的五章十節
[00:33:38.760 --> 00:33:39.640]  經文說
[00:33:39.640 --> 00:33:42.200]  「等你們暫受苦難之後」
[00:33:42.200 --> 00:33:44.280]  「必要親自承傳你們」
[00:33:44.280 --> 00:33:45.560]  「堅固你們」
[00:33:45.560 --> 00:33:47.960]  「賜力量給你們」
[00:33:47.960 --> 00:33:50.520]  「受了苦難之後必要承傳」
[00:33:50.520 --> 00:33:52.120]  「必要堅固我們」
[00:33:52.120 --> 00:33:55.240]  有沒有看到這個苦難是有目的的
[00:33:55.240 --> 00:33:58.360]  這就是我們剛剛開始的時候所說
[00:33:58.360 --> 00:34:00.280]  神給我們的試煉
[00:34:00.280 --> 00:34:01.720]  是要我們成功
[00:34:01.720 --> 00:34:03.000]  是要承傳我們
[00:34:03.000 --> 00:34:05.080]  是要堅固我們
[00:34:05.080 --> 00:34:08.440]  那麼你說應該怎樣來抵擋
[00:34:08.440 --> 00:34:13.480]  因為很多時候撒旦會將這個試煉變成試探
[00:34:13.480 --> 00:34:15.400]  那麼我們怎樣抵擋?
[00:34:15.400 --> 00:34:17.720]  在彼得前書的五章九節
[00:34:17.720 --> 00:34:21.320]  「你們要用堅固的信心抵擋」
[00:34:21.320 --> 00:34:22.280]  有沒有看到
[00:34:22.280 --> 00:34:23.960]  要用堅固的信心
[00:34:23.960 --> 00:34:25.880]  我們要信靠神
[00:34:25.880 --> 00:34:29.000]  除了我們遇見試煉試探
[00:34:29.000 --> 00:34:30.280]  我們要禱告
[00:34:30.280 --> 00:34:31.800]  我們要信靠神
[00:34:31.800 --> 00:34:34.520]  我們還要認識神的話語
[00:34:34.520 --> 00:34:36.280]  認識真理
[00:34:36.280 --> 00:34:40.040]  當耶穌基督在曠野被撒旦試探
[00:34:40.040 --> 00:34:42.680]  祂剛剛禁食了四十天
[00:34:42.680 --> 00:34:44.360]  所以祂很餓
[00:34:44.360 --> 00:34:47.000]  所以撒旦給祂第一個試探
[00:34:47.000 --> 00:34:48.040]  就是說
[00:34:48.040 --> 00:34:50.040]  「你若是神的兒子」
[00:34:50.040 --> 00:34:53.640]  「可以吩咐這些石頭變成食物」
[00:34:53.640 --> 00:34:55.560]  而耶穌基督的回答
[00:34:55.560 --> 00:34:57.400]  完全是神的話語
[00:34:57.400 --> 00:35:00.600]  祂說「人活著不是單靠食物」
[00:35:00.600 --> 00:35:03.880]  「乃是靠神口裡所出的一切話」
[00:35:03.880 --> 00:35:06.680]  《新命紀》的八章三節
[00:35:06.680 --> 00:35:10.760]  然後撒旦帶祂上到去聖殿的頂
[00:35:10.760 --> 00:35:13.400]  和祂說「你若是神的兒子」
[00:35:13.400 --> 00:35:14.680]  「可以跳下去」
[00:35:14.680 --> 00:35:16.760]  「因為經上記著說」
[00:35:16.760 --> 00:35:19.640]  「主要為你吩咐他的使者」
[00:35:19.640 --> 00:35:21.160]  「用手托著你」
[00:35:21.160 --> 00:35:24.280]  「免得你的腳碰在石頭上」
[00:35:24.280 --> 00:35:26.280]  耶穌又怎麼回答呢?
[00:35:26.280 --> 00:35:29.080]  祂說「不可試探主你的神」
[00:35:29.080 --> 00:35:31.160]  祂又是用神的話語
[00:35:31.160 --> 00:35:33.800]  在《新命紀》的六章十六節
[00:35:33.800 --> 00:35:36.440]  然後撒旦第三個試探
[00:35:36.440 --> 00:35:39.960]  就是把耶穌帶到最高的山上
[00:35:39.960 --> 00:35:42.680]  讓祂看完這個世界的一切
[00:35:42.680 --> 00:35:44.040]  然後和祂說
[00:35:44.040 --> 00:35:45.800]  「你若苦服拜我」
[00:35:45.800 --> 00:35:49.080]  「我就把這一切都賜給你」
[00:35:49.080 --> 00:35:53.560]  耶穌基督仍然是用神的話語來回答
[00:35:53.560 --> 00:35:56.360]  這次是《新命紀》的六章十三節
[00:35:56.360 --> 00:35:58.680]  「當拜主你的神」
[00:35:58.680 --> 00:36:01.080]  「但要侍奉祂」
[00:36:01.080 --> 00:36:02.360]  有沒有看到?
[00:36:02.360 --> 00:36:05.960]  耶穌基督沒有內在化了祂的試探
[00:36:05.960 --> 00:36:10.600]  祂立刻就用神的話語來回答撒旦
[00:36:10.600 --> 00:36:13.240]  在結束的時候
[00:36:13.240 --> 00:36:15.560]  我們不妨來溫習一下
[00:36:15.560 --> 00:36:17.240]  我們今天所學到的
[00:36:17.240 --> 00:36:21.880]  第一點就是試煉和試探有什麼分別
[00:36:21.880 --> 00:36:23.960]  我們說試煉和試探
[00:36:23.960 --> 00:36:26.520]  都是同出一個希臘文
[00:36:26.520 --> 00:36:30.040]  但就是要看這節的經文是怎樣用
[00:36:30.040 --> 00:36:32.280]  神是想試煉我們
[00:36:32.280 --> 00:36:34.920]  神試煉我們是想我們成功
[00:36:34.920 --> 00:36:36.680]  是想我們榮耀祂
[00:36:36.680 --> 00:36:41.560]  但撒旦可能是用同一件事來試探我們
[00:36:41.560 --> 00:36:43.320]  就是希望我們失敗
[00:36:43.320 --> 00:36:44.760]  希望我們跌倒
[00:36:44.760 --> 00:36:48.280]  那你說試探是否罪?
[00:36:48.280 --> 00:36:50.520]  外在的試探不是罪
[00:36:50.520 --> 00:36:53.400]  耶穌基督也有外在的試探
[00:36:53.400 --> 00:36:57.240]  但如果我們不斷有壞念頭
[00:36:57.240 --> 00:36:59.480]  用不榮耀神的方法
[00:36:59.480 --> 00:37:02.840]  來思考解決這些問題
[00:37:02.840 --> 00:37:05.720]  我們就會內在化了試探
[00:37:05.720 --> 00:37:08.280]  內在化試探是否罪?
[00:37:08.280 --> 00:37:09.400]  絕對是
[00:37:09.400 --> 00:37:13.160]  因為耶穌基督在《馬太福音》第五章
[00:37:13.160 --> 00:37:14.760]  所教我們
[00:37:14.760 --> 00:37:18.600]  你說一個人內在化了試探
[00:37:18.600 --> 00:37:20.280]  還未犯出來
[00:37:20.280 --> 00:37:22.440]  已經是犯罪了
[00:37:22.440 --> 00:37:25.560]  如果他真的犯了這些罪出來
[00:37:25.560 --> 00:37:27.320]  那又有什麼不同?
[00:37:27.320 --> 00:37:29.080]  一個是思想上的罪
[00:37:29.080 --> 00:37:31.320]  另外一個真的犯了出來
[00:37:31.320 --> 00:37:34.840]  在思想上的罪就是沒有罪的後果
[00:37:34.840 --> 00:37:37.240]  神可能會管教我們
[00:37:37.240 --> 00:37:39.160]  但我們還未犯出來
[00:37:39.160 --> 00:37:41.240]  但當我們犯出來的時候
[00:37:41.240 --> 00:37:43.000]  就有罪的後果
[00:37:43.000 --> 00:37:44.600]  殺人要填命
[00:37:44.600 --> 00:37:47.000]  欠債要還錢
[00:37:47.000 --> 00:37:51.560]  你說當我們真的面對試念試探的時候
[00:37:51.560 --> 00:37:53.160]  應該要怎麼做?
[00:37:53.160 --> 00:37:58.600]  神曾經允許我們在哥倫多前書的十章十三節
[00:37:58.600 --> 00:38:02.920]  祂不會比我們多過我們所能夠承受的
[00:38:02.920 --> 00:38:05.880]  祂總會給我們有一條出路
[00:38:05.880 --> 00:38:08.920]  所以當我們真的犯了罪的時候
[00:38:08.920 --> 00:38:11.160]  我們不能夠怪任何的人
[00:38:11.160 --> 00:38:13.400]  我們只能夠怪自己
[00:38:13.400 --> 00:38:17.160]  沒有揀選到神給我們的出路
[00:38:17.160 --> 00:38:19.800]  而如果我們在試念試探
[00:38:19.800 --> 00:38:23.400]  我們應該要怎樣才能夠忍受得住?
[00:38:23.400 --> 00:38:25.240]  我們有三點
[00:38:25.240 --> 00:38:27.640]  第一點就是我們要禱告
[00:38:27.640 --> 00:38:30.440]  第二點就是我們要信靠神
[00:38:30.440 --> 00:38:33.800]  第三點我們就是要認識真理
[00:38:33.800 --> 00:38:35.480]  好像耶穌基督一樣
[00:38:35.480 --> 00:38:40.360]  用神的話語來抵擋撒旦的引誘
[00:38:40.360 --> 00:38:42.200]  撒旦的試探
[00:38:42.200 --> 00:38:44.440]  願神祝福祂自己的話語
[00:38:44.440 --> 00:38:46.120]  讓我們低頭禱告
[00:38:46.120 --> 00:38:47.560]  主我們感謝祢
[00:38:47.560 --> 00:38:50.680]  感謝祢給我們有你的話語
[00:38:50.680 --> 00:38:54.840]  給我們見到試念和試探的分別
[00:38:54.840 --> 00:38:58.280]  我們願意祢都能夠幫助我們
[00:38:58.280 --> 00:39:04.200]  不要將我們外在的試念或試探內在化了它
[00:39:04.200 --> 00:39:09.080]  不要讓我們自己的私慾牽引我們犯罪
[00:39:09.080 --> 00:39:13.080]  願意我們被撒旦試探的時候
[00:39:13.080 --> 00:39:16.120]  不要內在化了這個試探
[00:39:16.120 --> 00:39:19.640]  也感謝祢給我們的試探
[00:39:19.640 --> 00:39:21.560]  是我們所能夠承受
[00:39:21.560 --> 00:39:25.480]  而且祢也會開一條路給我們
[00:39:25.480 --> 00:39:27.800]  如果我們真的承受不住的話
[00:39:27.800 --> 00:39:30.680]  祢是能夠給我們有一條出路
[00:39:30.680 --> 00:39:34.040]  願意祢都能夠給我們有力量
[00:39:34.040 --> 00:39:35.880]  給我們有智慧
[00:39:35.880 --> 00:39:41.480]  能夠怎樣來對抗撒旦的引誘試探
[00:39:41.480 --> 00:39:43.960]  願意當我們被試探的時候
[00:39:43.960 --> 00:39:46.040]  都能夠藉著禱告
[00:39:46.040 --> 00:39:47.960]  藉著信靠祢
[00:39:47.960 --> 00:39:52.200]  藉著祢的話語來對抗撒旦
[00:39:52.200 --> 00:39:56.120]  就好像耶穌基督回答撒旦每一句
[00:39:56.120 --> 00:39:57.960]  都是聖經的話語
[00:39:57.960 --> 00:40:00.280]  將榮耀重贊歸給祢
[00:40:00.280 --> 00:40:01.480]  我們這樣的禱告
[00:40:01.480 --> 00:40:03.880]  奉主耶穌基督的名義求阿們
[00:40:05.880 --> 00:40:07.880]  我們就在這裏祈禱
[00:40:07.880 --> 00:40:09.880]  祈禱給我們一條路
[00:40:09.880 --> 00:40:11.880]  祈禱給我們一條路
[00:40:11.880 --> 00:40:13.880]  祈禱給我們一條路
[00:40:13.880 --> 00:40:15.880]  祈禱給我們一條路
[00:40:15.880 --> 00:40:17.880]  祈禱給我們一條路
[00:40:17.880 --> 00:40:19.880]  祈禱給我們一條路
[00:40:19.880 --> 00:40:21.880]  祈禱給我們一條路
[00:40:21.880 --> 00:40:23.880]  祈禱給我們一條路
