
[00:00:00.000 --> 00:00:06.120]  《哥林多前書》系列第二講
[00:00:06.120 --> 00:00:10.600]  上次我已經和大家開始了哥林多書的介紹
[00:00:10.600 --> 00:00:14.560]  今天我們是要講哥林多前書的第一章
[00:00:14.560 --> 00:00:18.480]  三至九節就是剛才讀的經文
[00:00:18.480 --> 00:00:20.360]  我給的題目是
[00:00:20.360 --> 00:00:24.640]  「聖徒的身份 vs 混亂的教會」
[00:00:24.640 --> 00:00:27.800]  「保羅為何稱他們為聖」
[00:00:27.800 --> 00:00:30.640]  混亂的教會是哪個教會?
[00:00:30.640 --> 00:00:33.920]  是哥林多教會非常混亂
[00:00:33.920 --> 00:00:38.880]  但保羅仍然稱哥林多教會的信徒為聖徒
[00:00:38.880 --> 00:00:41.120]  究竟又是甚麼意思呢?
[00:00:41.120 --> 00:00:44.120]  我們可以先回顧一下
[00:00:44.120 --> 00:00:49.280]  上次我和大家講了哥林多前書的一章一節和二節
[00:00:49.280 --> 00:00:50.720]  第一節的頭話
[00:00:50.720 --> 00:00:54.280]  保羅說自己是奉神旨意
[00:00:54.280 --> 00:00:57.440]  夢照作耶穌基督使徒的保羅
[00:00:57.440 --> 00:01:00.760]  他講出了自己有使徒的身份
[00:01:00.760 --> 00:01:02.280]  一共有五點
[00:01:02.280 --> 00:01:05.160]  如果大家想知道這五點是甚麼
[00:01:05.160 --> 00:01:08.240]  可以聽我上次講的介紹
[00:01:08.240 --> 00:01:10.280]  今天我們要講一些新的東西
[00:01:10.280 --> 00:01:14.480]  就是究竟使徒的職責又是做甚麼呢?
[00:01:14.480 --> 00:01:19.560]  使徒的職責在聖經裏面一共有四點主要
[00:01:19.560 --> 00:01:22.960]  第一是要傳達神的福音
[00:01:22.960 --> 00:01:25.600]  第二是要專心的禱告
[00:01:25.600 --> 00:01:28.480]  第三是要教導真理
[00:01:28.480 --> 00:01:33.120]  第四是在他們身上有神跡騎士的能力
[00:01:33.120 --> 00:01:35.520]  我們先講第一點
[00:01:35.520 --> 00:01:37.760]  就是傳達福音
[00:01:37.760 --> 00:01:41.080]  在哥林多前書的一章十七節頭
[00:01:41.080 --> 00:01:44.160]  保羅說基督差遣我
[00:01:44.160 --> 00:01:47.840]  原不是為施洗乃是為傳福音
[00:01:47.840 --> 00:01:51.760]  我講過這節經文不是說施洗不重要
[00:01:51.760 --> 00:01:53.560]  其實是有個次序
[00:01:53.560 --> 00:01:56.280]  我們首先是傳福音給人
[00:01:56.280 --> 00:02:00.160]  人們接受了我們就為他們施洗
[00:02:00.160 --> 00:02:03.920]  以父子聖靈的名義替他們施洗
[00:02:03.920 --> 00:02:06.120]  那你說福音是甚麼?
[00:02:06.120 --> 00:02:08.240]  福音就是好消息
[00:02:08.240 --> 00:02:12.040]  在哥林多前書的十五章給了我們一個定義
[00:02:12.040 --> 00:02:15.880]  福音就是耶穌基督為我們的罪死
[00:02:15.880 --> 00:02:17.760]  第三天復活
[00:02:17.760 --> 00:02:19.360]  簡單嗎?
[00:02:19.360 --> 00:02:21.360]  非常之簡單
[00:02:21.360 --> 00:02:23.960]  很多人都說我不懂得怎樣傳福音
[00:02:23.960 --> 00:02:25.480]  但你懂不懂得說
[00:02:25.480 --> 00:02:27.880]  耶穌基督為你的罪而死
[00:02:27.880 --> 00:02:29.280]  三天復活
[00:02:29.280 --> 00:02:30.280]  你懂不懂得說?
[00:02:30.280 --> 00:02:31.520]  如果你懂的話
[00:02:31.520 --> 00:02:33.120]  這就是傳福音
[00:02:33.120 --> 00:02:35.680]  所以每個人都應該懂得傳福音
[00:02:35.680 --> 00:02:39.760]  使徒的職責就是傳達福音
[00:02:39.760 --> 00:02:43.720]  在哥林多前書的九章四節
[00:02:43.720 --> 00:02:45.880]  保羅有同樣的教導
[00:02:45.880 --> 00:02:48.920]  保羅說我是使徒我要傳福音
[00:02:48.920 --> 00:02:52.120]  甚至我要靠傳福音為生
[00:02:52.120 --> 00:02:56.280]  我要藉著傳福音來維持生計
[00:02:56.280 --> 00:02:59.000]  這是使徒應得的
[00:02:59.000 --> 00:03:03.280]  但保羅沒有問哥林多教會拿一分一文
[00:03:03.280 --> 00:03:04.400]  為甚麼?
[00:03:04.400 --> 00:03:07.080]  去到哥林多前書的第九章
[00:03:07.080 --> 00:03:09.720]  我們就見到有很多新的信徒
[00:03:09.720 --> 00:03:12.280]  保羅不想問他們拿錢
[00:03:12.280 --> 00:03:15.000]  因為保羅會給一個錯誤的印象
[00:03:15.000 --> 00:03:17.480]  你們這些基督徒原來這麼貪錢
[00:03:17.480 --> 00:03:22.400]  所以保羅從來不向哥林多教會拿一分一文
[00:03:22.400 --> 00:03:24.720]  他雖然有這樣的權利
[00:03:24.720 --> 00:03:26.120]  但他沒有這樣做
[00:03:26.120 --> 00:03:28.280]  他不希望叛島人
[00:03:28.280 --> 00:03:32.200]  使徒所做的第一點就是傳福音
[00:03:32.200 --> 00:03:35.320]  第二就是要專心的禱告
[00:03:35.320 --> 00:03:37.800]  在使徒行傳的六章四節
[00:03:37.800 --> 00:03:42.120]  但我要專心以祈禱傳道為事
[00:03:42.120 --> 00:03:44.360]  有兩點在這裡
[00:03:44.360 --> 00:03:47.240]  傳道就是我們剛才所說的傳福音
[00:03:47.240 --> 00:03:48.360]  已經說了
[00:03:48.360 --> 00:03:51.080]  還有第二點就是祈禱
[00:03:51.080 --> 00:03:55.160]  使徒要為福音的事供來禱告
[00:03:55.160 --> 00:03:58.680]  使徒要為教會禱告
[00:03:58.680 --> 00:04:01.320]  為眾聖徒來禱告
[00:04:01.320 --> 00:04:03.640]  這就是使徒的責任
[00:04:03.640 --> 00:04:05.960]  還有第三點
[00:04:05.960 --> 00:04:08.120]  是要教導真道
[00:04:08.120 --> 00:04:10.520]  以弗所書的四章十一節
[00:04:10.520 --> 00:04:13.640]  他所賜的有使徒有先知
[00:04:13.640 --> 00:04:19.400]  有傳福音的有牧師和教師
[00:04:19.400 --> 00:04:23.480]  所以使徒要教神的話語
[00:04:23.480 --> 00:04:26.920]  以弗所書的四章十二至十三節
[00:04:26.920 --> 00:04:30.360]  為要成全聖徒各盡其職
[00:04:30.360 --> 00:04:32.440]  建立基督的新體積
[00:04:32.440 --> 00:04:36.040]  等到眾人在真道上同歸於一
[00:04:36.040 --> 00:04:37.640]  認識神的兒子
[00:04:37.640 --> 00:04:39.080]  得以長大成人
[00:04:39.080 --> 00:04:41.720]  滿有基督長成的新量
[00:04:41.720 --> 00:04:43.800]  有沒有見到經文說
[00:04:43.800 --> 00:04:49.160]  使徒要成全聖徒要教導真道
[00:04:49.160 --> 00:04:51.960]  在真道上使他們同歸於一
[00:04:51.960 --> 00:04:54.520]  這就是使徒的責任
[00:04:54.520 --> 00:04:57.720]  而在使徒行傳的第六章第二節
[00:04:57.720 --> 00:05:00.920]  說到當時有很多人信主
[00:05:00.920 --> 00:05:03.000]  在教會有很多事要做
[00:05:03.000 --> 00:05:04.760]  要管理飯食
[00:05:04.760 --> 00:05:06.040]  經文說什麼?
[00:05:06.040 --> 00:05:10.120]  使徒不要因為要管理飯食就怎樣?
[00:05:10.120 --> 00:05:12.280]  撇下神的道不理
[00:05:12.280 --> 00:05:15.640]  所以他們揀選了七個執事出來
[00:05:15.640 --> 00:05:17.480]  在使徒行傳的第六章
[00:05:17.480 --> 00:05:20.360]  其中一個就是試題犯
[00:05:20.360 --> 00:05:23.720]  還有使徒最後一點
[00:05:23.720 --> 00:05:26.520]  就是有神跡騎士的能力
[00:05:26.520 --> 00:05:29.800]  在哥倫多後書的十二章十二節
[00:05:29.800 --> 00:05:33.800]  保羅說我在你們中間用百般的忍耐
[00:05:33.800 --> 00:05:35.720]  藉著神跡騎士
[00:05:35.720 --> 00:05:39.560]  而能顯出使徒的憑據來
[00:05:39.560 --> 00:05:43.400]  使徒的憑據就是有神跡騎士的能力
[00:05:43.400 --> 00:05:45.160]  這也是原因
[00:05:45.160 --> 00:05:50.040]  為什麼我說現在已經沒有了神跡騎士的恩賜
[00:05:50.040 --> 00:05:50.840]  為什麼?
[00:05:50.840 --> 00:05:53.960]  因為神跡騎士的恩賜是給使徒
[00:05:53.960 --> 00:05:55.800]  是使徒的憑據
[00:05:55.800 --> 00:05:57.480]  現在沒有使徒
[00:05:57.480 --> 00:06:00.280]  就沒有神跡騎士的恩賜
[00:06:00.280 --> 00:06:02.360]  為什麼我們知道沒有使徒?
[00:06:02.360 --> 00:06:05.000]  你看以弗所書的二章二十節
[00:06:05.000 --> 00:06:08.760]  使徒和先知是教會的根基
[00:06:08.760 --> 00:06:10.840]  根基只有一個
[00:06:10.840 --> 00:06:15.160]  你不會在教會的根基上又起根基
[00:06:15.160 --> 00:06:16.920]  再起根基
[00:06:16.920 --> 00:06:19.880]  你在根基上來建築教會
[00:06:19.880 --> 00:06:23.240]  所以已經是不會再有使徒
[00:06:23.240 --> 00:06:26.680]  再沒有神跡騎士的恩賜
[00:06:26.680 --> 00:06:30.440]  上次我們說到哥倫多前書的一章一節
[00:06:30.440 --> 00:06:34.200]  保羅說他和兄弟所提尼
[00:06:34.200 --> 00:06:38.200]  寫信給在哥倫多神的教會
[00:06:38.200 --> 00:06:41.640]  我上次沒有說到所提尼是誰
[00:06:41.640 --> 00:06:43.480]  保羅叫他做兄弟
[00:06:43.480 --> 00:06:46.200]  所以他是主內的一個弟兄
[00:06:46.200 --> 00:06:50.040]  在經文說他和保羅一起寫哥倫多書
[00:06:50.040 --> 00:06:54.440]  那你說哥倫多書的作者是不是所提尼?
[00:06:54.440 --> 00:06:56.120]  不是
[00:06:56.120 --> 00:06:59.400]  所提尼只不過是保羅的書記
[00:06:59.400 --> 00:07:02.680]  抄寫員或者秘書
[00:07:02.680 --> 00:07:06.200]  保羅口述說出他要說的話
[00:07:06.200 --> 00:07:09.080]  所提尼就將他寫下來
[00:07:09.080 --> 00:07:12.600]  而且很多時候保羅會在他的書信
[00:07:12.600 --> 00:07:14.360]  親自來簽名
[00:07:14.360 --> 00:07:18.760]  好像鐵薩羅尼加後書的三章十七節一樣
[00:07:18.760 --> 00:07:22.040]  其實這個所提尼應該非常了解
[00:07:22.040 --> 00:07:24.120]  哥倫多教會的情況
[00:07:24.120 --> 00:07:25.400]  因為為什麼?
[00:07:25.400 --> 00:07:27.720]  在使徒行傳的第十八章
[00:07:27.720 --> 00:07:32.360]  是說到保羅建立了教會的經過
[00:07:32.360 --> 00:07:35.240]  也提到所提尼這個人
[00:07:35.240 --> 00:07:39.640]  而在保羅第二次訪問哥倫多教會的時候
[00:07:39.640 --> 00:07:41.240]  我曾經和大家說
[00:07:41.240 --> 00:07:45.080]  這次在教會的歷史叫他做痛苦的訪問
[00:07:45.080 --> 00:07:47.080]  非常不愉快
[00:07:47.080 --> 00:07:49.960]  但是保羅第一次探訪哥倫多教會
[00:07:49.960 --> 00:07:51.640]  在使徒行傳的十八章
[00:07:51.640 --> 00:07:54.440]  已經不是那麼愉快了
[00:07:54.440 --> 00:07:57.800]  保羅先去到猶太人的會堂傳福音
[00:07:57.800 --> 00:07:59.400]  被人趕出來
[00:07:59.400 --> 00:08:02.600]  但是當時管會堂的領袖
[00:08:02.600 --> 00:08:04.840]  叫做基利斯布
[00:08:04.840 --> 00:08:08.360]  他和他的全家都接受了耶穌基督
[00:08:08.360 --> 00:08:10.600]  保羅還為他施洗
[00:08:10.600 --> 00:08:14.280]  還有其他哥倫多教會的人都接受了
[00:08:14.280 --> 00:08:17.480]  現在會堂的領袖成為基督徒
[00:08:17.480 --> 00:08:21.960]  你說會堂是不是應該找一個管會堂的領袖
[00:08:21.960 --> 00:08:24.360]  所以就找了所提尼
[00:08:24.360 --> 00:08:27.400]  所提尼就代替了基利斯布
[00:08:27.400 --> 00:08:30.120]  我上次也說到那些猶太人
[00:08:30.120 --> 00:08:33.320]  把保羅拉到公堂要告他
[00:08:33.320 --> 00:08:35.560]  不照著猶太人的律法
[00:08:35.560 --> 00:08:38.120]  教人敬拜神
[00:08:38.120 --> 00:08:39.400]  而今時今日
[00:08:39.400 --> 00:08:41.720]  如果你去到哥倫多這個地方
[00:08:41.720 --> 00:08:44.440]  你會仍然見到有這個公堂
[00:08:44.440 --> 00:08:46.440]  仍然有這個審判台
[00:08:46.440 --> 00:08:50.120]  當時保羅就在這個審判台的上方
[00:08:50.120 --> 00:08:52.200]  被人來審判
[00:08:52.200 --> 00:08:55.800]  哥倫多的省長叫做加劉
[00:08:55.800 --> 00:08:58.520]  他把一群人趕出會堂
[00:08:58.520 --> 00:09:01.880]  這些事都不關羅馬帝國的律法
[00:09:01.880 --> 00:09:04.360]  你們這些猶太人自己撿山
[00:09:04.360 --> 00:09:06.360]  你們自己顧自己
[00:09:06.360 --> 00:09:08.440]  把他們趕出會堂
[00:09:08.440 --> 00:09:10.040]  那些猶太人很生氣
[00:09:10.040 --> 00:09:12.920]  抓住管會堂的所提尼
[00:09:12.920 --> 00:09:14.440]  打了他一頓
[00:09:14.440 --> 00:09:17.400]  在《使徒行傳》的八章十八節
[00:09:17.400 --> 00:09:21.240]  居然日後這個所提尼接受了耶穌基督
[00:09:21.240 --> 00:09:24.040]  還成為保羅的書記
[00:09:24.040 --> 00:09:27.320]  所以哥倫多教會絕對認識所提尼
[00:09:27.320 --> 00:09:32.120]  也是因為這樣 保羅在書信上提到這個人
[00:09:32.120 --> 00:09:36.040]  在哥倫多前書的一章二節
[00:09:36.040 --> 00:09:39.160]  保羅說寫信給哥倫多教會
[00:09:39.160 --> 00:09:41.160]  是誰的教會?
[00:09:41.160 --> 00:09:43.480]  是不是保羅的教會?
[00:09:43.480 --> 00:09:46.520]  因為保羅建立了哥倫多教會
[00:09:46.520 --> 00:09:49.080]  帶領哥倫多的信徒信主
[00:09:49.080 --> 00:09:51.960]  保羅是不是說這是我的教會?
[00:09:51.960 --> 00:09:55.320]  不是 他說是屬神的教會
[00:09:55.320 --> 00:09:58.120]  教會不是一個建築物
[00:09:58.120 --> 00:10:00.120]  教會是一個肢體
[00:10:00.120 --> 00:10:02.680]  而這個肢體是屬於神
[00:10:02.680 --> 00:10:06.280]  如果教會是屬於人的話
[00:10:06.280 --> 00:10:10.040]  我們對教會的要求就很低了
[00:10:10.040 --> 00:10:13.000]  但如果教會是屬於神的
[00:10:13.000 --> 00:10:15.960]  我們對教會的要求是要很高
[00:10:15.960 --> 00:10:19.640]  我們對教會的標準是要放得很高
[00:10:19.640 --> 00:10:23.640]  因為教會是屬於神 不是屬於人
[00:10:23.640 --> 00:10:26.680]  當保羅快要離開已乏所
[00:10:26.680 --> 00:10:28.680]  他跟長老說什麼?
[00:10:28.680 --> 00:10:31.320]  他說你們要謹慎目樣
[00:10:31.320 --> 00:10:34.520]  誰的教會?神的教會
[00:10:34.520 --> 00:10:38.120]  就是祂用自己的血所買來的
[00:10:38.120 --> 00:10:41.320]  原來教會是有一個代價
[00:10:41.320 --> 00:10:43.320]  代價是什麼?
[00:10:43.320 --> 00:10:44.920]  耶穌基督的補血
[00:10:44.920 --> 00:10:48.120]  是耶穌基督用祂的命換回來的
[00:10:48.120 --> 00:10:51.880]  所以教會的價值是非常非常之高
[00:10:51.880 --> 00:10:54.120]  所以我們每一個人在教會侍奉
[00:10:54.120 --> 00:10:55.640]  我們都要很小心
[00:10:55.640 --> 00:10:57.640]  要存著敬畏的心
[00:10:57.640 --> 00:11:02.280]  因為教會是由耶穌基督的補血換回來
[00:11:02.280 --> 00:11:06.760]  在哥倫多前書的一章二節尾
[00:11:06.760 --> 00:11:10.840]  保羅給了我們聖徒的定義
[00:11:10.840 --> 00:11:13.480]  喂!聖徒的定義是什麼?
[00:11:13.480 --> 00:11:16.760]  就是在基督耶穌裡成聖
[00:11:16.760 --> 00:11:18.760]  夢照作聖徒的
[00:11:18.760 --> 00:11:23.880]  以及所有在各處求告我主耶穌基督之名的人
[00:11:23.880 --> 00:11:26.360]  基督是他們的主
[00:11:26.360 --> 00:11:28.360]  也是我們的主
[00:11:28.360 --> 00:11:31.240]  保羅給了我們三個定義
[00:11:31.240 --> 00:11:33.240]  一個聖徒是怎樣的話
[00:11:33.240 --> 00:11:36.360]  首先是被神所呼召
[00:11:36.360 --> 00:11:38.360]  是夢神所召的人
[00:11:38.360 --> 00:11:41.800]  第二點是在主內成聖
[00:11:41.800 --> 00:11:43.800]  越來越像耶穌基督
[00:11:43.800 --> 00:11:49.160]  第三點是呼求神名呼求主名的人
[00:11:49.160 --> 00:11:52.520]  當我們見到聖徒這個字
[00:11:52.520 --> 00:11:56.040]  我們自然就會想到中國人的聖人
[00:11:56.040 --> 00:11:58.840]  中國人有講聖人的
[00:11:58.840 --> 00:12:02.280]  在古代就是那些有特別美德
[00:12:02.280 --> 00:12:04.280]  非常之神聖的人物
[00:12:04.280 --> 00:12:09.080]  中國古代的皇帝是被尊為聖人
[00:12:09.080 --> 00:12:14.200]  我們怎麼知道皇帝所頒的旨意叫做什麼?
[00:12:14.200 --> 00:12:16.200]  叫做聖旨
[00:12:16.200 --> 00:12:19.000]  是聖人所以有聖旨
[00:12:19.000 --> 00:12:23.080]  之後每逢有道德水平
[00:12:23.080 --> 00:12:25.880]  甚至在儒學有好心
[00:12:25.880 --> 00:12:28.920]  造詣的人都被稱為聖人
[00:12:28.920 --> 00:12:32.120]  諸子百家的書籍裡面都有講出
[00:12:32.120 --> 00:12:33.320]  何為聖人?
[00:12:33.320 --> 00:12:35.320]  怎樣能夠成為一個聖人?
[00:12:35.320 --> 00:12:41.400]  但是在聖經裡面的聖徒和聖人是很不同的
[00:12:41.400 --> 00:12:43.400]  聖徒是什麼?
[00:12:43.400 --> 00:12:47.160]  正如在哥林多前書一章二節
[00:12:47.160 --> 00:12:49.800]  首先是蒙神所召的
[00:12:49.800 --> 00:12:53.240]  在我們當中有沒有弟兄姊妹
[00:12:53.240 --> 00:12:56.120]  說自己不是蒙神所召的?
[00:12:56.120 --> 00:12:57.560]  沒有吧?
[00:12:57.560 --> 00:12:59.560]  每個人都說蒙神所召的
[00:12:59.560 --> 00:13:02.520]  我們是不是求告主名的?
[00:13:02.520 --> 00:13:04.520]  當然是啦
[00:13:04.520 --> 00:13:08.840]  一有什麼事就抱著神不放
[00:13:08.840 --> 00:13:10.280]  拼命求神
[00:13:10.280 --> 00:13:11.640]  這就是求告主名
[00:13:11.640 --> 00:13:13.640]  我們每個人都是求告主名的
[00:13:13.640 --> 00:13:19.640]  所以沒有人會不承認自己不是蒙神所召
[00:13:19.640 --> 00:13:23.080]  也沒有人說自己不是求告主名
[00:13:23.080 --> 00:13:25.960]  但是有一樣東西我們很需要注意
[00:13:25.960 --> 00:13:29.960]  我們是不是每個人都在承聖?
[00:13:29.960 --> 00:13:31.960]  我們每個人是不是都在承聖?
[00:13:31.960 --> 00:13:35.160]  是不是每個人都越來越像耶穌基督?
[00:13:35.160 --> 00:13:40.840]  這就是最好證明一個人真真正正是一個真正的基督徒
[00:13:40.840 --> 00:13:42.840]  你可以說自己蒙召
[00:13:42.840 --> 00:13:44.840]  你可以說自己求告主名
[00:13:44.840 --> 00:13:48.840]  但是我們是不是在日常生活中越來越像耶穌基督?
[00:13:48.840 --> 00:13:52.840]  所以一個真正的基督徒都是聖徒
[00:13:52.840 --> 00:13:55.640]  所有真正的基督徒都是聖徒
[00:13:55.640 --> 00:13:58.360]  保羅很喜歡這個名詞
[00:13:58.360 --> 00:14:03.640]  在他的寫作裡超過六十次叫信徒做聖徒
[00:14:03.640 --> 00:14:06.840]  其實我們都是聖徒
[00:14:06.840 --> 00:14:10.840]  所以第二次我們見到人介紹自己的時候
[00:14:10.840 --> 00:14:11.880]  我們要怎樣呢?
[00:14:11.880 --> 00:14:13.880]  加多個「聖」字
[00:14:13.880 --> 00:14:15.880]  不是說我姓什麼
[00:14:15.880 --> 00:14:17.880]  我姓張姓袁姓李
[00:14:17.880 --> 00:14:19.880]  而是聖潔的「聖」
[00:14:19.880 --> 00:14:21.080]  你加多個「聖」字
[00:14:21.080 --> 00:14:23.080]  我就是姓Sidney
[00:14:23.080 --> 00:14:25.960]  我們當中有姓彼得
[00:14:25.960 --> 00:14:28.520]  我們當中還有姓約翰
[00:14:28.520 --> 00:14:33.640]  你加多個「聖」字在介紹你自己的時候會怎樣呢?
[00:14:33.640 --> 00:14:37.880]  變成有話題來跟別人傳福音
[00:14:37.880 --> 00:14:40.440]  我是姓Sidney
[00:14:40.440 --> 00:14:42.040]  別人就會問你為什麼
[00:14:42.040 --> 00:14:43.240]  你為什麼這麼「聖」
[00:14:43.240 --> 00:14:46.200]  你就有機會來傳福音
[00:14:46.200 --> 00:14:50.040]  所以一個真正的基督徒
[00:14:50.040 --> 00:14:52.840]  都是蒙神所召的義人
[00:14:52.840 --> 00:14:55.640]  我們都在不斷地成長
[00:14:55.640 --> 00:14:58.200]  所以我們被稱為「聖徒」
[00:14:58.200 --> 00:15:00.520]  你說哥倫多教會呢?
[00:15:00.520 --> 00:15:03.320]  嘩!你見到哥倫多教會的那些人的行為
[00:15:03.320 --> 00:15:06.520]  你很難想像他們是「聖徒」
[00:15:06.520 --> 00:15:09.720]  希臘文的原文「聖徒」這個字
[00:15:09.720 --> 00:15:11.880]  就是Hadeos這個字
[00:15:11.880 --> 00:15:14.120]  是一個聖潔的人
[00:15:14.120 --> 00:15:15.880]  你實在是令人驚訝
[00:15:15.880 --> 00:15:18.680]  你看看哥倫多教會的信徒
[00:15:18.680 --> 00:15:22.520]  在哥倫多前書的第一章第十節開始
[00:15:22.520 --> 00:15:24.280]  一直到十六章
[00:15:24.280 --> 00:15:26.840]  保羅不斷地罵他們
[00:15:26.840 --> 00:15:29.080]  你們的行為有問題
[00:15:29.080 --> 00:15:31.960]  你們的教義有問題
[00:15:31.960 --> 00:15:34.360]  你們現在見到在教會裡面
[00:15:34.360 --> 00:15:36.280]  所有的問題
[00:15:36.280 --> 00:15:38.360]  所有的錯誤
[00:15:38.360 --> 00:15:40.040]  在哥倫多教會裡面
[00:15:40.040 --> 00:15:41.560]  你都能夠找得到
[00:15:41.560 --> 00:15:44.520]  保羅居然叫他們做什麼?
[00:15:44.520 --> 00:15:47.000]  叫他們做「聖徒」
[00:15:47.000 --> 00:15:49.560]  究竟為什麼?
[00:15:49.560 --> 00:15:53.080]  其實我們每一個接受神的人
[00:15:53.080 --> 00:15:56.280]  在神的面前都有聖潔的地位
[00:15:56.280 --> 00:15:58.200]  這是一個地位
[00:15:58.200 --> 00:16:01.720]  和我們實在屬靈的程度是無關的
[00:16:01.720 --> 00:16:04.200]  和我們的行為是無關的
[00:16:04.200 --> 00:16:06.520]  我們地位上是聖潔的
[00:16:06.520 --> 00:16:09.160]  但是我們真正屬靈的情況
[00:16:09.160 --> 00:16:10.360]  還差得遠
[00:16:10.360 --> 00:16:11.800]  我們還會犯罪
[00:16:11.800 --> 00:16:14.600]  我們繼續要成聖
[00:16:14.600 --> 00:16:17.400]  我們的身份已經是聖潔了
[00:16:17.400 --> 00:16:21.160]  但我們的行為未完全聖潔
[00:16:21.160 --> 00:16:22.760]  雖然是這樣
[00:16:22.760 --> 00:16:26.200]  我們已經被神稱為一個聖徒
[00:16:26.200 --> 00:16:29.800]  我們已經被神稱為一個聖潔的人
[00:16:29.800 --> 00:16:32.360]  不是因為我們的行為
[00:16:32.360 --> 00:16:36.200]  因為我們接受了耶穌基督
[00:16:36.200 --> 00:16:38.760]  其實在聖經裡面很清楚
[00:16:38.760 --> 00:16:41.560]  一個人怎樣能夠聖潔
[00:16:41.560 --> 00:16:44.840]  在希伯來書的第二章第十一節
[00:16:44.840 --> 00:16:46.600]  講得很清楚
[00:16:46.600 --> 00:16:49.160]  因為耶穌基督為我們受苦
[00:16:49.160 --> 00:16:51.720]  令到我們成為聖潔
[00:16:51.720 --> 00:16:54.040]  使我們得以成聖
[00:16:54.040 --> 00:16:55.720]  這個就是原因
[00:16:55.720 --> 00:16:57.400]  不是因為我們做了什麼
[00:16:57.400 --> 00:16:59.640]  是因為耶穌基督在十字架上
[00:16:59.640 --> 00:17:00.760]  為我們受苦
[00:17:00.760 --> 00:17:01.480]  為我們死
[00:17:01.480 --> 00:17:02.680]  救贖了我們
[00:17:02.680 --> 00:17:04.760]  付出了代價
[00:17:04.760 --> 00:17:07.800]  希伯來書第十章第十四節也說
[00:17:07.800 --> 00:17:09.720]  因為他一次的獻祭
[00:17:09.720 --> 00:17:13.880]  便叫那得以成聖的人永遠完全
[00:17:13.880 --> 00:17:14.920]  有沒有看到
[00:17:14.920 --> 00:17:17.320]  耶穌基督一次在十字架上
[00:17:17.320 --> 00:17:18.360]  為我們所做的
[00:17:18.360 --> 00:17:21.240]  我們就成為聖潔的人
[00:17:21.240 --> 00:17:24.280]  神潔淨我們成為聖潔
[00:17:24.280 --> 00:17:26.440]  將我們分別為聖
[00:17:26.440 --> 00:17:28.920]  不是因為我們做了什麼
[00:17:28.920 --> 00:17:31.640]  完全都是因為耶穌基督所做
[00:17:31.640 --> 00:17:33.080]  祂為我們犧牲
[00:17:33.080 --> 00:17:34.360]  為我們死
[00:17:34.360 --> 00:17:37.720]  但還有一樣也很重要
[00:17:37.720 --> 00:17:39.720]  第二樣是什麼?
[00:17:39.720 --> 00:17:43.000]  在《使徒行傳》的二十六章第十八節
[00:17:43.000 --> 00:17:45.800]  耶穌說:我呼召你保羅
[00:17:45.800 --> 00:17:48.440]  要他們的眼睛不開
[00:17:48.440 --> 00:17:50.680]  從黑暗中歸向光明
[00:17:50.680 --> 00:17:53.720]  從撒旦權下歸向神
[00:17:53.720 --> 00:17:56.440]  又因信我不蒙赦罪
[00:17:56.440 --> 00:18:00.280]  和一切成聖的人同不羈抑
[00:18:00.280 --> 00:18:01.320]  有沒有看到這裡
[00:18:01.320 --> 00:18:03.960]  怎樣能夠成為聖潔?
[00:18:03.960 --> 00:18:06.680]  因信耶穌基督的名
[00:18:06.680 --> 00:18:11.400]  所以能夠和一切成聖的人同不羈抑
[00:18:11.400 --> 00:18:15.560]  所以我們看到一個人被神分別為聖
[00:18:15.560 --> 00:18:18.520]  稱你為一個聖徒有兩個部分
[00:18:18.520 --> 00:18:20.680]  第一個部分是神做的
[00:18:20.680 --> 00:18:23.080]  神差派他的獨身子來到世上
[00:18:23.080 --> 00:18:24.200]  為我們受苦
[00:18:24.200 --> 00:18:25.400]  為我們死
[00:18:25.400 --> 00:18:28.680]  成為我們完美的獻祭
[00:18:28.680 --> 00:18:30.600]  這個不是我們所做的
[00:18:30.600 --> 00:18:33.400]  但另一方面是人做
[00:18:33.400 --> 00:18:35.000]  我們要信靠神
[00:18:35.000 --> 00:18:38.440]  以致我們能夠成為一個聖徒
[00:18:38.440 --> 00:18:39.800]  有沒有看到
[00:18:39.800 --> 00:18:42.840]  神和人永遠都是合作
[00:18:42.840 --> 00:18:45.320]  在哥倫多教會的人
[00:18:45.320 --> 00:18:48.040]  為什麼被保羅稱為聖徒?
[00:18:48.040 --> 00:18:49.880]  他們有沒有接受耶穌基督?
[00:18:49.880 --> 00:18:51.880]  我相信他們接受耶穌基督
[00:18:51.880 --> 00:18:54.200]  如果不是保羅也不會這樣說
[00:18:54.200 --> 00:18:55.800]  他們接受了耶穌基督
[00:18:55.800 --> 00:18:57.960]  在十字架為他們所做
[00:18:57.960 --> 00:18:59.800]  他們相信耶穌基督
[00:18:59.800 --> 00:19:02.520]  為他們的罪死而復活
[00:19:02.520 --> 00:19:04.600]  獻上了完美的祭
[00:19:04.600 --> 00:19:08.680]  所以保羅稱他們為聖徒
[00:19:08.680 --> 00:19:12.040]  今天如果你在這裡聽我的篇道
[00:19:12.040 --> 00:19:13.960]  你未接受耶穌基督
[00:19:13.960 --> 00:19:16.280]  你都能夠成為聖徒
[00:19:16.280 --> 00:19:19.000]  當你真正相信耶穌基督
[00:19:19.000 --> 00:19:21.160]  為你的罪在十字架上
[00:19:21.160 --> 00:19:24.280]  受苦死而復活
[00:19:24.280 --> 00:19:28.440]  你就能夠成為一個真真正正的聖徒
[00:19:28.440 --> 00:19:31.720]  在神的眼裡
[00:19:31.720 --> 00:19:33.720]  所有接受神的人
[00:19:33.720 --> 00:19:35.160]  都是聖潔的
[00:19:35.160 --> 00:19:36.520]  都是義人
[00:19:36.520 --> 00:19:39.880]  他看見我們就好像看到耶穌基督一樣
[00:19:39.880 --> 00:19:43.080]  因為耶穌基督的義披在我們的身上
[00:19:43.080 --> 00:19:45.000]  不是看見我們
[00:19:45.000 --> 00:19:47.800]  我們實在屬靈的情況還差得遠
[00:19:47.800 --> 00:19:49.320]  我們仍然會犯罪
[00:19:49.320 --> 00:19:52.040]  但我們的地位是聖潔的
[00:19:52.040 --> 00:19:55.400]  雖然我們的行為未能夠完全聖潔
[00:19:55.400 --> 00:19:58.440]  如果我們不明白這一點的話
[00:19:58.440 --> 00:20:01.000]  當我們讀新約聖經的經文
[00:20:01.000 --> 00:20:02.440]  我們就會覺得很亂
[00:20:02.440 --> 00:20:05.320]  因為很多時候有很多經文說我們
[00:20:05.320 --> 00:20:06.920]  喂!你已經聖潔了
[00:20:06.920 --> 00:20:08.040]  你是聖徒
[00:20:08.040 --> 00:20:09.880]  但又有很多經文說
[00:20:09.880 --> 00:20:13.160]  你們要做這樣要做那樣
[00:20:13.160 --> 00:20:15.720]  你們要越來越像耶穌基督
[00:20:15.720 --> 00:20:18.120]  所以如果你不明白這一點的話
[00:20:18.120 --> 00:20:20.200]  你就會混淆了
[00:20:20.200 --> 00:20:23.400]  保羅在哥倫多前書的一章
[00:20:23.400 --> 00:20:24.840]  一至九節
[00:20:24.840 --> 00:20:26.200]  告訴我們
[00:20:26.200 --> 00:20:28.920]  喂!你們已經成為聖徒
[00:20:28.920 --> 00:20:31.400]  而且是得到主內的一切
[00:20:31.400 --> 00:20:33.880]  等一下我們會說有些什麼
[00:20:33.880 --> 00:20:35.400]  我們會得到些什麼
[00:20:35.400 --> 00:20:38.120]  得到過去、現在、將來
[00:20:38.120 --> 00:20:40.040]  一切都已經給了我們
[00:20:40.040 --> 00:20:42.840]  所以保羅在一章十節開始
[00:20:42.840 --> 00:20:47.640]  他說你們現在要活出你們的地位
[00:20:47.640 --> 00:20:50.520]  你們現在要活出你們的身份
[00:20:50.520 --> 00:20:53.400]  保羅說你們已經是聖徒
[00:20:53.400 --> 00:20:55.640]  為什麼你們還在犯罪
[00:20:55.640 --> 00:20:59.480]  所以哥倫多前書的一章
[00:20:59.480 --> 00:21:01.160]  一至九節的目的
[00:21:01.160 --> 00:21:04.600]  就是保羅要哥倫多教會的信徒
[00:21:04.600 --> 00:21:06.280]  活出自己的身份
[00:21:06.280 --> 00:21:08.440]  活出自己的地位
[00:21:08.440 --> 00:21:11.000]  保羅先叫他們做聖徒
[00:21:11.000 --> 00:21:11.960]  有沒有看到
[00:21:11.960 --> 00:21:13.240]  然後跟他們說
[00:21:13.240 --> 00:21:15.000]  你們既然是聖徒
[00:21:15.000 --> 00:21:17.720]  你們就要活出聖徒的身份
[00:21:17.720 --> 00:21:19.400]  活出聖徒的地位
[00:21:19.400 --> 00:21:21.240]  也令我想起
[00:21:21.240 --> 00:21:23.800]  我以前在香港讀中學的時候
[00:21:23.800 --> 00:21:26.680]  那些老師時時都提醒我們
[00:21:26.680 --> 00:21:30.840]  喂!你們穿著聖保羅男女校的校服
[00:21:30.840 --> 00:21:34.520]  你們戴了聖保羅男女校的校章
[00:21:34.520 --> 00:21:35.640]  你們又怎麼樣
[00:21:35.640 --> 00:21:37.240]  你們要小心
[00:21:37.240 --> 00:21:41.400]  別人知道你是哪間學校的學生
[00:21:41.400 --> 00:21:44.440]  你不要影衰學校
[00:21:44.440 --> 00:21:47.080]  但當時的我是怎樣
[00:21:47.080 --> 00:21:50.600]  那套校服不合規矩
[00:21:50.600 --> 00:21:53.160]  那件襯衫窄到什麼程度
[00:21:53.160 --> 00:21:55.720]  那條褲子是喇叭褲腳的
[00:21:55.720 --> 00:21:59.080]  頭髮又長到什麼程度
[00:21:59.080 --> 00:22:02.120]  剛剛李思敬才認識盧歸主
[00:22:02.120 --> 00:22:04.200]  李思敬比我大
[00:22:04.200 --> 00:22:08.600]  他在學校是學生長
[00:22:08.600 --> 00:22:09.640]  很乖的
[00:22:09.640 --> 00:22:11.000]  讀書很厲害的
[00:22:11.000 --> 00:22:13.160]  見到校長走過去
[00:22:13.160 --> 00:22:15.800]  校長你有什麼吩咐
[00:22:15.800 --> 00:22:19.160]  我見到校長就反過來走
[00:22:19.160 --> 00:22:22.440]  因為我自己其身不正
[00:22:22.440 --> 00:22:25.080]  有一次校長知道有我這樣的人
[00:22:25.080 --> 00:22:26.920]  走來課室捉住我
[00:22:26.920 --> 00:22:29.080]  Sydney你不非法
[00:22:29.080 --> 00:22:30.360]  你不換了校服
[00:22:30.360 --> 00:22:31.240]  你不要回來
[00:22:31.240 --> 00:22:33.240]  你馬上跟我走
[00:22:33.240 --> 00:22:35.160]  要馬上走去非法
[00:22:35.160 --> 00:22:36.440]  馬上走去換衣服
[00:22:36.440 --> 00:22:39.240]  這個就是我們基督徒都是一樣
[00:22:39.240 --> 00:22:42.120]  我們既然有了聖徒的身份
[00:22:42.120 --> 00:22:44.200]  我們就應該要走出來
[00:22:44.200 --> 00:22:47.880]  不要再像我以前那麼拐才行
[00:22:47.880 --> 00:22:51.720]  其實在新約也有一個例子
[00:22:51.720 --> 00:22:54.920]  就是在約翰福音第八章
[00:22:54.920 --> 00:22:58.200]  記不記得當時有一個淫婦
[00:22:58.200 --> 00:23:00.440]  被猶太人的領袖捉住
[00:23:00.440 --> 00:23:02.200]  來見耶穌基督
[00:23:02.200 --> 00:23:04.040]  他們和耶穌基督說
[00:23:04.040 --> 00:23:08.440]  這個淫婦在犯奸淫的時候被我們捉到
[00:23:08.440 --> 00:23:10.200]  根據摩西的律法
[00:23:10.200 --> 00:23:13.400]  是要用石頭來扔死她
[00:23:13.400 --> 00:23:15.640]  於是他們就問耶穌基督
[00:23:15.640 --> 00:23:17.720]  我們應該要怎麼做
[00:23:17.720 --> 00:23:19.000]  耶穌基督說
[00:23:19.000 --> 00:23:23.320]  你們誰沒有罪的就扔第一塊石頭
[00:23:23.320 --> 00:23:26.680]  接著一個一個的人都走了
[00:23:26.680 --> 00:23:29.000]  由年老的最快走
[00:23:29.000 --> 00:23:30.520]  罪多罪了
[00:23:30.520 --> 00:23:35.080]  一路一路年輕的最遲才走
[00:23:35.080 --> 00:23:37.480]  然後耶穌基督問那個婦人說
[00:23:37.480 --> 00:23:38.920]  那些人都去哪了
[00:23:38.920 --> 00:23:40.680]  他們有沒有指證你的罪
[00:23:40.680 --> 00:23:42.280]  那個婦人說沒有
[00:23:42.280 --> 00:23:43.400]  耶穌基督說
[00:23:43.400 --> 00:23:46.440]  那你從此不要再犯罪
[00:23:46.440 --> 00:23:50.760]  我相信這個淫婦已經接受了耶穌基督
[00:23:50.760 --> 00:23:53.640]  她已經有了一個新的生命
[00:23:53.640 --> 00:23:55.480]  所以耶穌基督在說
[00:23:55.480 --> 00:23:57.480]  你不要再犯罪之前
[00:23:57.480 --> 00:23:58.840]  他跟她說什麼
[00:23:58.840 --> 00:24:01.000]  他說我也不定你的罪
[00:24:01.000 --> 00:24:01.800]  去吧
[00:24:01.800 --> 00:24:05.080]  從此不要再犯罪了
[00:24:05.080 --> 00:24:08.200]  為什麼耶穌基督說我不再追究你的罪
[00:24:08.200 --> 00:24:11.080]  因為她是接受了耶穌基督的話
[00:24:11.080 --> 00:24:13.080]  她就是一個聖徒
[00:24:13.080 --> 00:24:15.960]  耶穌基督說我不會再追究你的罪
[00:24:15.960 --> 00:24:18.520]  你在我的眼裡你是聖潔的
[00:24:18.520 --> 00:24:20.680]  所以你不要再犯罪
[00:24:20.680 --> 00:24:22.920]  你要表現出你的身份
[00:24:22.920 --> 00:24:24.520]  表現出你的地位
[00:24:24.520 --> 00:24:25.640]  有沒有看到
[00:24:25.640 --> 00:24:27.480]  我相信這個婦人
[00:24:27.480 --> 00:24:30.600]  是真真正正接受了耶穌基督
[00:24:30.600 --> 00:24:34.280]  新約重複地說到這個觀點
[00:24:34.280 --> 00:24:37.480]  一個基督徒我們不應該再犯罪
[00:24:37.480 --> 00:24:38.920]  因為我們是聖潔
[00:24:38.920 --> 00:24:41.640]  我們的罪已經被赦免了
[00:24:41.640 --> 00:24:45.640]  我們的行為應該跟我們的地位
[00:24:45.640 --> 00:24:49.160]  跟我們的身份相稱
[00:24:49.160 --> 00:24:51.960]  那你說應該怎樣走出來
[00:24:51.960 --> 00:24:53.960]  怎樣活出來
[00:24:53.960 --> 00:24:58.840]  其實保羅在哥羅西書的三章五節有說到
[00:24:58.840 --> 00:25:04.440]  保羅說所以要致死你們在地上的肢體
[00:25:04.440 --> 00:25:05.880]  怎樣致死
[00:25:05.880 --> 00:25:11.400]  就是要致死我們身體和身體的慾望
[00:25:11.400 --> 00:25:12.600]  為什麼
[00:25:12.600 --> 00:25:15.080]  因為在哥羅西書的三章三節
[00:25:15.080 --> 00:25:21.560]  保羅說現在我們的生命與基督一同藏在神的裡面
[00:25:21.560 --> 00:25:24.840]  保羅說你們的救我已經死了
[00:25:24.840 --> 00:25:26.840]  你們現在有個新人來的
[00:25:26.840 --> 00:25:28.360]  是一個新人來的
[00:25:28.360 --> 00:25:31.960]  你們不要做耶穌基督不會做的事
[00:25:31.960 --> 00:25:35.240]  所以在哥羅西書的三章九節他怎樣說
[00:25:35.240 --> 00:25:37.080]  不要彼此說謊
[00:25:37.080 --> 00:25:41.240]  因為你們已經脫去舊人和舊人的行為
[00:25:41.240 --> 00:25:43.560]  如果你讀哥羅西書的第三章
[00:25:43.560 --> 00:25:46.840]  你會看到他講出了很多的行為
[00:25:46.840 --> 00:25:49.640]  說謊只不過是其中一樣
[00:25:49.640 --> 00:25:51.800]  耶穌基督會不會說謊
[00:25:51.800 --> 00:25:52.440]  不會
[00:25:52.440 --> 00:25:55.000]  所以保羅說不要說謊
[00:25:55.000 --> 00:25:59.160]  然後在經文你也會看到保羅說不要貪婪
[00:25:59.160 --> 00:26:02.280]  耶穌基督不會貪婪不會偷竊
[00:26:02.280 --> 00:26:04.840]  所以保羅說你們都不要做
[00:26:04.840 --> 00:26:07.560]  還有保羅說你們不要犯姦淫
[00:26:07.560 --> 00:26:10.600]  因為耶穌基督都不會這樣做
[00:26:10.600 --> 00:26:14.040]  不知道大家記不記得好幾年前有一個運動
[00:26:14.040 --> 00:26:17.640]  有個movement叫做WWJD
[00:26:17.640 --> 00:26:19.000]  記不記得
[00:26:19.000 --> 00:26:21.160]  What would Jesus do?
[00:26:21.160 --> 00:26:23.240]  耶穌基督會做的
[00:26:23.240 --> 00:26:25.000]  我們就一樣去做
[00:26:25.000 --> 00:26:27.400]  但是耶穌基督不會做的
[00:26:27.400 --> 00:26:29.320]  我們就不要去做
[00:26:29.320 --> 00:26:34.760]  在哥倫多前書的一章一至九節
[00:26:34.760 --> 00:26:39.400]  保羅說出了哥倫多教會信徒的身份
[00:26:39.400 --> 00:26:41.320]  叫他們做聖徒
[00:26:41.320 --> 00:26:45.640]  然後在哥倫多前書的一章十節至十六節
[00:26:45.640 --> 00:26:49.240]  保羅說出哥倫多教會很多的問題
[00:26:49.240 --> 00:26:51.800]  有教義有行為上的問題
[00:26:51.800 --> 00:26:54.840]  教他們你們現在要活出
[00:26:54.840 --> 00:26:57.880]  和你們身份相稱的行為
[00:26:57.880 --> 00:27:02.040]  而在哥倫多前書的一章一至三節
[00:27:02.040 --> 00:27:05.960]  保羅叫哥倫多教會的信徒做聖徒
[00:27:05.960 --> 00:27:08.120]  然後在四節至九節
[00:27:08.120 --> 00:27:10.120]  就是我們剛才讀的經文
[00:27:10.120 --> 00:27:14.040]  保羅說出做一個聖徒的好處
[00:27:14.040 --> 00:27:16.120]  這些好處包括什麼?
[00:27:16.120 --> 00:27:19.800]  有過去有現在有將來
[00:27:19.800 --> 00:27:24.440]  保羅說過去你們已經被神寬恕
[00:27:24.440 --> 00:27:26.840]  所以你們是有恩惠
[00:27:26.840 --> 00:27:31.320]  現在你們是有神給你們付足
[00:27:31.320 --> 00:27:34.440]  神不斷照顧你們
[00:27:34.440 --> 00:27:38.040]  將來有從神而來的保障
[00:27:38.040 --> 00:27:39.640]  我們有盼望
[00:27:39.640 --> 00:27:41.240]  這就是三點
[00:27:41.240 --> 00:27:43.640]  就是從神而來的恩惠
[00:27:43.640 --> 00:27:45.400]  從神而來的付足
[00:27:45.400 --> 00:27:47.720]  從神而來的盼望
[00:27:47.720 --> 00:27:51.000]  恩惠是過去的 付足是現在的
[00:27:51.000 --> 00:27:53.320]  盼望是將來
[00:27:53.320 --> 00:27:56.840]  我們先來看看過去的恩惠
[00:27:56.840 --> 00:27:59.320]  在哥倫多前書的一章四節
[00:27:59.320 --> 00:28:00.360]  保羅說
[00:28:00.360 --> 00:28:02.920]  我常為你們感謝我的神
[00:28:02.920 --> 00:28:07.960]  因神在基督耶穌裡所賜給你們的恩惠
[00:28:07.960 --> 00:28:10.920]  這個希臘文賜給這個字
[00:28:10.920 --> 00:28:14.200]  是過去式 是一個動詞
[00:28:14.200 --> 00:28:17.000]  為什麼我們會得到這個恩惠?
[00:28:17.000 --> 00:28:17.800]  保羅說
[00:28:17.800 --> 00:28:20.920]  因為你們在耶穌基督裡面
[00:28:20.920 --> 00:28:23.640]  什麼時候將這個恩惠給我們?
[00:28:23.640 --> 00:28:26.520]  哥倫多前書的一章六節
[00:28:26.520 --> 00:28:31.800]  當基督作見證在你們心裡得以堅固的時候
[00:28:31.800 --> 00:28:33.960]  我們就得到這個恩惠
[00:28:33.960 --> 00:28:36.680]  就是當我們接受耶穌基督的時候
[00:28:36.680 --> 00:28:39.800]  我們已經有了這個恩惠
[00:28:39.800 --> 00:28:41.240]  注意保羅說
[00:28:41.240 --> 00:28:44.520]  神將這個恩惠這個祝福給我們
[00:28:44.520 --> 00:28:46.920]  是否因為我們做了些什麼?
[00:28:46.920 --> 00:28:48.120]  不是
[00:28:48.120 --> 00:28:50.840]  這個所有都是耶穌基督
[00:28:50.840 --> 00:28:52.360]  是神的恩典
[00:28:52.360 --> 00:28:54.760]  不是因為我們做了什麼
[00:28:54.760 --> 00:28:58.360]  但是剛才的經文提醒我們什麼?
[00:28:58.360 --> 00:29:01.400]  雖然不是因為我們的行為得救
[00:29:01.400 --> 00:29:05.400]  但是當我們真正成為一個聖徒的時候
[00:29:05.400 --> 00:29:09.160]  我們的行為就要表現出我們的地位
[00:29:09.160 --> 00:29:12.280]  表現出我們的身份
[00:29:12.280 --> 00:29:15.960]  我們先講講恩惠是什麼?
[00:29:15.960 --> 00:29:20.360]  因為原文的希臘文是Charis這個字
[00:29:20.360 --> 00:29:23.320]  是一些我們不配接受的東西
[00:29:23.320 --> 00:29:26.600]  是一些無法償還的東西
[00:29:26.600 --> 00:29:28.120]  是出自神的憐憫
[00:29:28.120 --> 00:29:30.120]  出自神的恩典
[00:29:30.120 --> 00:29:32.600]  是一份免費的禮物
[00:29:32.600 --> 00:29:35.160]  這個就是恩惠
[00:29:35.160 --> 00:29:37.720]  恩惠不是什麼呢?
[00:29:37.720 --> 00:29:41.240]  恩惠和三樣東西是很不配的
[00:29:41.240 --> 00:29:43.560]  這三樣東西都是出於自我
[00:29:43.560 --> 00:29:45.720]  第一樣東西是什麼?
[00:29:45.720 --> 00:29:49.880]  就是恩惠不是靠自己去尋找
[00:29:49.880 --> 00:29:51.080]  第二點呢?
[00:29:51.080 --> 00:29:54.200]  恩惠不是靠自己的行為
[00:29:54.200 --> 00:29:55.960]  第三點呢?
[00:29:55.960 --> 00:29:57.720]  神給我們恩惠
[00:29:57.720 --> 00:30:02.120]  但是我們千萬不要仍然存有內疚
[00:30:02.120 --> 00:30:03.720]  所以是這三點
[00:30:03.720 --> 00:30:05.560]  不要靠自己去尋求
[00:30:05.560 --> 00:30:07.480]  不是靠自己的行為
[00:30:07.480 --> 00:30:11.000]  也不要仍然存有內疚
[00:30:11.000 --> 00:30:12.920]  我們首先來看看
[00:30:12.920 --> 00:30:15.480]  不是靠自己去尋求
[00:30:15.480 --> 00:30:18.280]  在羅馬書的第十一章第七節
[00:30:18.280 --> 00:30:20.040]  以色列人所求的
[00:30:20.040 --> 00:30:22.440]  他們沒有得著
[00:30:22.440 --> 00:30:24.920]  不是靠我們自己去尋求
[00:30:24.920 --> 00:30:27.640]  你自己尋求你是得著不到
[00:30:27.640 --> 00:30:30.280]  以弗所書的第一章第四節
[00:30:30.280 --> 00:30:33.480]  神從創立世界以前在基督
[00:30:33.480 --> 00:30:35.480]  揀選了我們
[00:30:35.480 --> 00:30:37.880]  是神的揀選
[00:30:37.880 --> 00:30:40.760]  不是我們自己去尋求
[00:30:40.760 --> 00:30:43.160]  但是有一樣東西需要澄清
[00:30:43.160 --> 00:30:45.720]  雖然不是靠我們自己去尋求
[00:30:45.720 --> 00:30:47.000]  是神的揀選
[00:30:47.000 --> 00:30:48.280]  是神的恩惠
[00:30:48.280 --> 00:30:49.560]  是神的恩典
[00:30:49.560 --> 00:30:52.120]  但是我們需要去接受
[00:30:52.120 --> 00:30:54.440]  有人給你一份禮物
[00:30:54.440 --> 00:30:55.960]  你不去接受
[00:30:55.960 --> 00:30:57.240]  你能不能得到?
[00:30:57.240 --> 00:30:58.520]  你不能得到
[00:30:58.520 --> 00:31:00.440]  但是我要說一句
[00:31:00.440 --> 00:31:03.400]  就算我們有能力去接受
[00:31:03.400 --> 00:31:05.560]  這個能力都是從神而來
[00:31:05.560 --> 00:31:07.720]  這個是很重要的一點
[00:31:07.720 --> 00:31:09.800]  還有第二點呢
[00:31:09.800 --> 00:31:11.960]  不是靠我們自己的行為
[00:31:11.960 --> 00:31:15.000]  恩惠是一份禮物
[00:31:15.000 --> 00:31:17.400]  在羅馬書的四章四節
[00:31:17.400 --> 00:31:19.640]  作功的得功價
[00:31:19.640 --> 00:31:22.840]  不算恩典乃是該得的
[00:31:22.840 --> 00:31:25.400]  如果我們去打工
[00:31:25.400 --> 00:31:27.640]  老闆給你薪水
[00:31:27.640 --> 00:31:29.720]  你會不會抓住老闆
[00:31:29.720 --> 00:31:30.920]  扯著他衣服
[00:31:30.920 --> 00:31:32.280]  聲淚俱下
[00:31:32.280 --> 00:31:34.840]  跟他說老闆你真的待我好
[00:31:34.840 --> 00:31:37.560]  沒有你我就真的不行
[00:31:37.560 --> 00:31:38.840]  我真的愛死你
[00:31:38.840 --> 00:31:40.120]  你會不會這樣說
[00:31:40.120 --> 00:31:42.200]  不會的 因為這個功價
[00:31:42.200 --> 00:31:43.640]  是你應該得到的
[00:31:43.640 --> 00:31:45.400]  你做了功
[00:31:45.400 --> 00:31:48.200]  但是如果你沒有做功而得到
[00:31:48.200 --> 00:31:50.120]  這個就真真正正是
[00:31:50.120 --> 00:31:51.640]  從神而來的恩惠
[00:31:51.640 --> 00:31:53.960]  從神而來的恩典
[00:31:53.960 --> 00:31:56.520]  但是我們也需要澄清一點
[00:31:56.520 --> 00:31:59.320]  雖然恩惠不是靠我們的行為
[00:31:59.320 --> 00:32:00.600]  來得到
[00:32:00.600 --> 00:32:03.480]  但是一個真正得救的人會怎樣
[00:32:03.480 --> 00:32:05.720]  會向神有回應
[00:32:05.720 --> 00:32:08.680]  就會向神表達自己的感恩
[00:32:08.680 --> 00:32:10.280]  表達自己的愛
[00:32:10.280 --> 00:32:11.960]  這個就是我剛才所說
[00:32:11.960 --> 00:32:13.800]  活出我們的信心
[00:32:13.800 --> 00:32:15.400]  這個是回應
[00:32:15.400 --> 00:32:17.160]  不是因為我們的行為得救
[00:32:17.160 --> 00:32:18.440]  但是我們的行為
[00:32:18.440 --> 00:32:21.480]  就是我們回應的方式
[00:32:21.480 --> 00:32:23.480]  還有第三點
[00:32:23.480 --> 00:32:26.280]  就是不再有內疚
[00:32:26.280 --> 00:32:28.440]  我們的罪已經被赦免
[00:32:28.440 --> 00:32:31.720]  我們的罪已經被耶穌基督所承擔
[00:32:31.720 --> 00:32:34.920]  以賽亞書的第一章第十八節尾
[00:32:34.920 --> 00:32:39.400]  你們的罪須像朱紅必變成雪白
[00:32:39.400 --> 00:32:42.840]  須紅如丹顏必白如楊霧
[00:32:42.840 --> 00:32:45.000]  幫我們洗乾淨
[00:32:45.000 --> 00:32:48.360]  在詩篇的一百零三篇第十二節
[00:32:48.360 --> 00:32:49.960]  東離西有多遠
[00:32:49.960 --> 00:32:51.480]  他叫我們過凡
[00:32:51.480 --> 00:32:53.400]  離我們也有多遠
[00:32:53.400 --> 00:32:56.280]  這個就是成為基督徒一個好處
[00:32:56.280 --> 00:32:58.280]  我們以前所犯的罪
[00:32:58.280 --> 00:33:01.000]  完全是抹乾淨了
[00:33:01.000 --> 00:33:04.040]  但是也都需要澄清一下
[00:33:04.040 --> 00:33:07.640]  我們以前的罪已經完全被赦免
[00:33:07.640 --> 00:33:10.120]  我們將來的罪也是會被赦免
[00:33:10.120 --> 00:33:13.000]  但是如果我們有未認的罪
[00:33:13.000 --> 00:33:14.760]  我們需要去認
[00:33:14.760 --> 00:33:16.920]  如果我們還有重複的罪
[00:33:16.920 --> 00:33:18.120]  繼續的罪
[00:33:18.120 --> 00:33:20.680]  我們仍然是需要有內疚
[00:33:20.680 --> 00:33:22.760]  不是說繼續犯罪
[00:33:22.760 --> 00:33:24.280]  一點內疚都沒有
[00:33:24.280 --> 00:33:29.960]  我們說了和因為有三樣不合的東西
[00:33:29.960 --> 00:33:33.720]  原來和因為也有三樣很合的東西
[00:33:33.720 --> 00:33:37.240]  就是神為什麼要賜因為給我們
[00:33:37.240 --> 00:33:41.400]  第一點就是要產生善恨在我們身上
[00:33:41.400 --> 00:33:46.200]  第二是要顯明因此在神的身上
[00:33:46.200 --> 00:33:50.360]  第三榮耀歸給神也在神的身上
[00:33:50.360 --> 00:33:52.680]  所以一樣東西在我們的身上
[00:33:52.680 --> 00:33:55.480]  但是兩樣東西在神的身上
[00:33:55.480 --> 00:33:58.360]  第一樣就是產生善恨
[00:33:58.360 --> 00:34:01.240]  在提多書的二章十四節
[00:34:01.240 --> 00:34:03.720]  他為我們捨了自己
[00:34:03.720 --> 00:34:06.600]  要贖我們脫離一切的罪惡
[00:34:06.600 --> 00:34:08.360]  又潔淨我們
[00:34:08.360 --> 00:34:10.360]  特作自己的子民
[00:34:10.360 --> 00:34:12.200]  熱心為善
[00:34:12.200 --> 00:34:15.320]  有沒有看到這裡說他潔淨我們
[00:34:15.320 --> 00:34:16.760]  就是我剛才所說
[00:34:16.760 --> 00:34:19.160]  我們都被神稱為聖徒
[00:34:19.160 --> 00:34:20.680]  他潔淨了我們
[00:34:20.680 --> 00:34:22.520]  潔淨了我們做什麼
[00:34:22.520 --> 00:34:25.320]  要我們熱心為善
[00:34:25.320 --> 00:34:27.960]  提多書的三章八節也說
[00:34:27.960 --> 00:34:34.040]  「這話是可信的,我也願祢把這些事切切實實的講明
[00:34:34.040 --> 00:34:38.120]  使那些以信神的人留心作正經事
[00:34:38.120 --> 00:34:42.280]  這都是美事,並且與人有益。」
[00:34:42.280 --> 00:34:49.400]  留心作正經事也可以翻譯成留心行善
[00:34:49.400 --> 00:34:51.480]  所以我們看到第一點
[00:34:51.480 --> 00:34:55.000]  神給我們有恩典有恩惠
[00:34:55.000 --> 00:34:58.600]  為了什麼?是要我們熱心行善
[00:34:58.600 --> 00:35:02.920]  第二點是要顯明祂的恩慈
[00:35:02.920 --> 00:35:05.400]  在二弗所書的二章七節
[00:35:05.400 --> 00:35:08.280]  「要將他極功賦的恩典
[00:35:08.280 --> 00:35:10.600]  就是他在基督耶穌裡
[00:35:10.600 --> 00:35:13.160]  向我們所施的恩慈
[00:35:13.160 --> 00:35:16.120]  顯明給後來的世代看。」
[00:35:16.120 --> 00:35:18.840]  神給我們有恩惠
[00:35:18.840 --> 00:35:21.000]  救贖我們為了什麼?
[00:35:21.000 --> 00:35:23.000]  要顯明祂的恩慈
[00:35:23.000 --> 00:35:25.320]  要讓世人來看得見
[00:35:25.320 --> 00:35:29.480]  第三點是要將榮耀歸給神
[00:35:29.480 --> 00:35:32.280]  二弗所書的三章二十一節
[00:35:32.280 --> 00:35:34.360]  「但願他在教會中
[00:35:34.360 --> 00:35:36.280]  並在基督耶穌裡
[00:35:36.280 --> 00:35:39.800]  得著榮耀直到世世代代
[00:35:39.800 --> 00:35:42.040]  永永遠遠,阿們。」
[00:35:42.040 --> 00:35:43.240]  有沒有看到?
[00:35:43.240 --> 00:35:45.480]  要神得到榮耀
[00:35:45.480 --> 00:35:47.000]  所以三件事
[00:35:47.000 --> 00:35:49.480]  第一 祂給我們恩惠
[00:35:49.480 --> 00:35:50.840]  要我們行善
[00:35:50.840 --> 00:35:54.040]  祂要讓世人看見祂的恩慈
[00:35:54.040 --> 00:35:56.200]  祂要將榮耀歸給自己
[00:35:56.200 --> 00:35:58.200]  我說完了第一件
[00:35:58.200 --> 00:36:00.440]  我們做信徒的好處是什麼?
[00:36:00.440 --> 00:36:02.680]  得到從神而來的恩惠
[00:36:02.680 --> 00:36:03.880]  這個是過去
[00:36:03.880 --> 00:36:06.600]  現在我們是付足
[00:36:06.600 --> 00:36:09.960]  在哥倫多前書的一章五節
[00:36:09.960 --> 00:36:13.080]  保羅說「又因你們在他裡面
[00:36:13.080 --> 00:36:14.760]  凡事付足
[00:36:14.760 --> 00:36:17.720]  口才、知識都存備。」
[00:36:17.720 --> 00:36:18.920]  有沒有看到?
[00:36:18.920 --> 00:36:20.280]  凡事付足
[00:36:20.280 --> 00:36:24.360]  這個和在哥倫多前書的四章八節
[00:36:24.360 --> 00:36:29.400]  飽足、豐富所說的都是一樣
[00:36:29.400 --> 00:36:31.480]  這個也是原因
[00:36:31.480 --> 00:36:34.760]  有很多成功神學的牧師會說什麼?
[00:36:34.760 --> 00:36:36.520]  神要你付足
[00:36:36.520 --> 00:36:38.200]  神要你有錢
[00:36:38.200 --> 00:36:39.320]  神要你發達
[00:36:39.320 --> 00:36:40.520]  不是的
[00:36:40.520 --> 00:36:41.960]  在聖經裡面
[00:36:41.960 --> 00:36:44.760]  神不是要我們大富大貴
[00:36:44.760 --> 00:36:48.120]  不是要我們有所有我們想要的東西
[00:36:48.120 --> 00:36:49.880]  其實是什麼?
[00:36:49.880 --> 00:36:53.240]  我們基本的需要神會給我們
[00:36:53.240 --> 00:36:55.640]  我們不會缺乏任何的東西
[00:36:55.640 --> 00:37:00.360]  在比特後書的一章三節說得很清楚
[00:37:00.360 --> 00:37:05.880]  「神將一切關乎生命和乾淨的事賜給我們。」
[00:37:05.880 --> 00:37:06.680]  有沒有看到?
[00:37:06.680 --> 00:37:10.120]  關乎生命是我們所需要的東西賜給我們
[00:37:10.120 --> 00:37:12.520]  不是要我們大富大貴
[00:37:12.520 --> 00:37:14.040]  有所有的東西
[00:37:14.040 --> 00:37:17.720]  而在哥羅西書的二章十節也說
[00:37:17.720 --> 00:37:21.560]  「我們在祂裡面也得了豐盛。」
[00:37:21.560 --> 00:37:26.440]  除了我們得到凡事富足還有什麼?
[00:37:26.440 --> 00:37:30.520]  「口才、知識都傳遍。」
[00:37:30.520 --> 00:37:35.880]  首先當然我們不能夠說出我們不懂的東西
[00:37:35.880 --> 00:37:37.720]  所以我們要熟讀聖經
[00:37:37.720 --> 00:37:42.760]  以致聖靈可以用我們頭腦裡懂得的聖經話語
[00:37:42.760 --> 00:37:45.640]  在我們口中說出來
[00:37:45.640 --> 00:37:52.200]  但是神已經將我們所有需要完成神事供的話語
[00:37:52.200 --> 00:37:54.440]  已經放在我們裡面
[00:37:54.440 --> 00:37:59.240]  那你說給你口才、知識要來做什麼?
[00:37:59.240 --> 00:38:01.560]  是不是令你講話很好聽?
[00:38:01.560 --> 00:38:04.200]  樹上的鳥被你哄了下來
[00:38:04.200 --> 00:38:07.880]  不是啊!是要傳揚真道
[00:38:07.880 --> 00:38:13.960]  其實我們已經有齊一切能夠講出真理的力量
[00:38:13.960 --> 00:38:17.160]  有講出真理的話語
[00:38:17.160 --> 00:38:19.720]  一般信徒的問題是什麼?
[00:38:19.720 --> 00:38:21.960]  就是我們不相信自己
[00:38:21.960 --> 00:38:24.120]  甚至我們不相信神
[00:38:24.120 --> 00:38:28.040]  所以在人的面前就不敢開口
[00:38:28.040 --> 00:38:31.000]  這就是一般人的問題
[00:38:31.000 --> 00:38:32.600]  在《使徒行傳》裡面
[00:38:32.600 --> 00:38:38.200]  使徒被聖靈充滿放膽地為神來講見證
[00:38:38.200 --> 00:38:40.200]  傳達神的話語
[00:38:40.200 --> 00:38:43.720]  在《使徒行傳》的一章八節、二章四節
[00:38:43.720 --> 00:38:47.320]  和四章三十一節都重複出現
[00:38:47.320 --> 00:38:51.800]  其實我們每一個的聖徒都有聖靈在我們的身上
[00:38:51.800 --> 00:38:56.680]  最重要的是我們願不願意被聖靈來充滿我們
[00:38:56.680 --> 00:39:00.200]  以致我們能夠為主作供
[00:39:00.200 --> 00:39:03.880]  在這二弗所書的六章十九節
[00:39:03.880 --> 00:39:06.040]  保羅請大家為他祈求
[00:39:06.040 --> 00:39:12.920]  使他得著口才、能以放膽、開口、講明、福音的奧秘
[00:39:12.920 --> 00:39:16.280]  所以很多時候我們仍然需要禱告
[00:39:16.280 --> 00:39:21.880]  一方面我們看到神已經將應該講的話放在我們裡面
[00:39:21.880 --> 00:39:24.600]  我們可以講出神的話語
[00:39:24.600 --> 00:39:26.600]  但就算好像保羅
[00:39:26.600 --> 00:39:29.880]  他的祈求眾人來為他禱告
[00:39:29.880 --> 00:39:31.880]  所以禱告是很重要
[00:39:31.880 --> 00:39:35.480]  在馬太福音的第十章第十九節
[00:39:35.480 --> 00:39:37.480]  耶穌基督還告訴我們
[00:39:37.480 --> 00:39:40.520]  我們不需要憂慮講什麼話
[00:39:40.520 --> 00:39:44.360]  因為聖靈是會將這些話賜給我們
[00:39:44.360 --> 00:39:48.440]  那你說是不是有聖靈賜給我們
[00:39:48.440 --> 00:39:50.280]  一開口就口若懸河
[00:39:50.280 --> 00:39:53.320]  滔滔不絕就能夠講出神的話語
[00:39:53.320 --> 00:39:55.640]  有些人可能真的是這樣
[00:39:55.640 --> 00:39:58.040]  但也有很多人是需要
[00:39:58.040 --> 00:40:02.120]  好像彼得前書的三章十五節彼得所說
[00:40:02.120 --> 00:40:05.480]  只要心裡尊主基督為聖
[00:40:05.480 --> 00:40:09.000]  有人問你們心中盼望的緣由
[00:40:09.000 --> 00:40:11.480]  就要常作準備
[00:40:11.480 --> 00:40:15.080]  以溫柔敬畏的心回答各人
[00:40:15.080 --> 00:40:16.520]  有沒有看到
[00:40:16.520 --> 00:40:19.400]  有些人聖靈幫助你能夠講出
[00:40:19.400 --> 00:40:23.560]  但也有些人他們是需要常作準備
[00:40:23.560 --> 00:40:28.440]  所以我經常說神和人是永遠合作
[00:40:28.440 --> 00:40:30.280]  神做他的工作
[00:40:30.280 --> 00:40:33.400]  我們也要做我們的工作
[00:40:33.400 --> 00:40:38.120]  那你說聖靈怎樣幫助我們講出神的話語
[00:40:38.120 --> 00:40:41.160]  首先祂賜給我們有智慧
[00:40:41.160 --> 00:40:44.440]  在伊弗所書的第一章第十七節
[00:40:44.440 --> 00:40:50.920]  將那賜人智慧的啟示和啟示的靈賜給你們
[00:40:50.920 --> 00:40:52.200]  有很多人說
[00:40:52.200 --> 00:40:54.600]  哇!賜了智慧給我
[00:40:54.600 --> 00:40:56.360]  我還不夠
[00:40:56.360 --> 00:40:59.720]  我要多點智慧才可以為主作供
[00:40:59.720 --> 00:41:01.880]  你有沒有聽過這些人說話
[00:41:01.880 --> 00:41:04.760]  你跟他說你一起去傳福音
[00:41:04.760 --> 00:41:06.200]  一起去做短訓
[00:41:06.200 --> 00:41:08.760]  他說不行的 我不行的
[00:41:08.760 --> 00:41:11.960]  我還沒有所有的智慧
[00:41:11.960 --> 00:41:16.280]  但是沒有人有全部從神而來的智慧
[00:41:16.280 --> 00:41:20.040]  你看看哥倫多前書的十三章第九節怎樣說
[00:41:20.040 --> 00:41:23.000]  我們現在所知道的有限
[00:41:23.000 --> 00:41:25.560]  沒有人有全部的智慧
[00:41:25.560 --> 00:41:28.200]  我們也不需要有全部的智慧
[00:41:28.200 --> 00:41:30.280]  才能夠為主作供
[00:41:30.280 --> 00:41:34.200]  但是聖靈就會給你你所需要的智慧
[00:41:34.200 --> 00:41:36.280]  這是很重要的
[00:41:36.280 --> 00:41:38.760]  哥羅西書的第一章第九節
[00:41:38.760 --> 00:41:42.680]  保羅說:願你們在一切屬靈的智慧
[00:41:42.680 --> 00:41:46.520]  悟聖上滿心知道神的旨意
[00:41:46.520 --> 00:41:48.280]  我們如果覺得不夠的話
[00:41:48.280 --> 00:41:50.920]  我們也可以向神祈求
[00:41:50.920 --> 00:41:54.440]  但我們不需要有齊所有的智慧
[00:41:54.440 --> 00:41:56.680]  才能為主作供
[00:41:56.680 --> 00:41:58.200]  除了有智慧
[00:41:58.200 --> 00:42:00.840]  聖靈也給我們真道
[00:42:00.840 --> 00:42:04.680]  在提摩太后書的二章二十五節
[00:42:04.680 --> 00:42:08.280]  我們要用溫柔勸戒那抵擋的人
[00:42:08.280 --> 00:42:14.200]  或神給他們悔改的心可以明白真道
[00:42:14.200 --> 00:42:16.840]  所以我們讀了這麼多的聖經
[00:42:16.840 --> 00:42:18.680]  我們聽了這麼多的道
[00:42:18.680 --> 00:42:21.480]  我們的腦裏有很多的知識
[00:42:21.480 --> 00:42:23.560]  聖靈就會將這些知識
[00:42:23.560 --> 00:42:27.800]  成為話語給我們說出來
[00:42:27.800 --> 00:42:30.600]  在舒爾哥倫多前書的第一章第六節
[00:42:30.600 --> 00:42:33.800]  保羅說:正如我為基督作得見證
[00:42:33.800 --> 00:42:36.680]  在你們心裏得而見故
[00:42:36.680 --> 00:42:39.560]  見證這個字原文的希臘文
[00:42:39.560 --> 00:42:41.480]  就是傳福音的意思
[00:42:41.480 --> 00:42:45.000]  其實這個字也可以解釋做殉道
[00:42:45.000 --> 00:42:48.040]  也有很多的基督徒
[00:42:48.040 --> 00:42:49.880]  真的為主作見證
[00:42:49.880 --> 00:42:52.840]  最後就殉道了
[00:42:52.840 --> 00:42:55.080]  嘩!這麼可怕
[00:42:55.080 --> 00:42:57.320]  還叫我去傳福音
[00:42:57.320 --> 00:42:58.760]  用什麼殉道
[00:42:58.760 --> 00:43:01.320]  不是人人都可以為主殉道
[00:43:01.320 --> 00:43:03.400]  你不要看得自己這麼高
[00:43:03.400 --> 00:43:06.040]  為主殉道的人是很特別
[00:43:06.040 --> 00:43:08.520]  所以不是人人都會這樣
[00:43:08.520 --> 00:43:12.360]  為什麼保羅突然間會說起這一點
[00:43:12.360 --> 00:43:14.760]  哥倫多前書的一章六節
[00:43:14.760 --> 00:43:17.560]  因為他告訴哥倫多教會的人
[00:43:17.560 --> 00:43:20.840]  是保羅將福音傳給哥倫多教會
[00:43:20.840 --> 00:43:22.760]  他們接受了耶穌基督
[00:43:22.760 --> 00:43:25.240]  他們得到了從神而來的恩惠
[00:43:25.240 --> 00:43:27.480]  現在保羅跟他們說
[00:43:27.480 --> 00:43:29.560]  應該輪到你們了
[00:43:29.560 --> 00:43:32.440]  你們也要將這個恩惠傳開去
[00:43:32.440 --> 00:43:34.680]  所以前面的經文一章五節
[00:43:34.680 --> 00:43:35.800]  保羅說什麼
[00:43:35.800 --> 00:43:40.200]  神已經賜了口才和智慧給你們
[00:43:40.200 --> 00:43:42.920]  現在你們應該為主作供
[00:43:42.920 --> 00:43:45.000]  將這個福音傳出去
[00:43:45.000 --> 00:43:48.600]  你們應該去兼顧別人的信心
[00:43:48.600 --> 00:43:52.680]  接著保羅就說
[00:43:52.680 --> 00:43:56.360]  因此除了口才、智慧
[00:43:56.360 --> 00:43:58.520]  我們也需要恩賜
[00:43:58.520 --> 00:44:01.720]  所以在哥倫多前書的一章七節
[00:44:01.720 --> 00:44:04.760]  保羅說以至你們在恩賜上
[00:44:04.760 --> 00:44:07.160]  沒有一樣不及人的
[00:44:07.160 --> 00:44:09.960]  在哥倫多前書的三章二十一節
[00:44:09.960 --> 00:44:13.320]  保羅也說萬有全是你們的
[00:44:13.320 --> 00:44:14.840]  在這個系列
[00:44:14.840 --> 00:44:18.120]  我在說哥倫多前書的第十二章
[00:44:18.120 --> 00:44:20.200]  我是會說到屬靈的恩賜
[00:44:20.200 --> 00:44:23.240]  所以我在這裡不會說得很多
[00:44:23.240 --> 00:44:25.240]  我只是輕輕帶過
[00:44:25.240 --> 00:44:29.000]  其實希臘文的文法不及人
[00:44:29.000 --> 00:44:31.000]  是一個動詞
[00:44:31.000 --> 00:44:33.080]  哥倫多教會的信徒
[00:44:33.080 --> 00:44:35.080]  他們沒有缺乏任何的東西
[00:44:35.080 --> 00:44:36.840]  保羅就是要告訴他們
[00:44:36.840 --> 00:44:39.640]  他們不缺乏屬靈的恩賜
[00:44:39.640 --> 00:44:41.960]  他們有齊一切所需要的東西
[00:44:41.960 --> 00:44:43.720]  來為主作供
[00:44:43.720 --> 00:44:44.920]  但是很可惜
[00:44:44.920 --> 00:44:47.320]  哥倫多教會是在新約裡面
[00:44:47.320 --> 00:44:50.040]  其中一間最腐敗的教會
[00:44:50.040 --> 00:44:52.120]  他們不成熟不聖潔
[00:44:52.120 --> 00:44:55.320]  他們懶惰他們沒有心來侍奉
[00:44:55.320 --> 00:44:59.640]  不是因為他們不夠裝備
[00:44:59.640 --> 00:45:03.000]  而是他們沒有善用神
[00:45:03.000 --> 00:45:06.200]  已經給了他們所擁有的一切
[00:45:06.200 --> 00:45:09.560]  這正是哥倫多教會的問題
[00:45:09.560 --> 00:45:12.280]  我們說了兩點
[00:45:12.280 --> 00:45:16.440]  就是過去我們有從神而來的恩惠
[00:45:16.440 --> 00:45:20.120]  現在我們有從神而來的富足
[00:45:20.120 --> 00:45:24.440]  而將來我們會有從神而來的盼望
[00:45:24.440 --> 00:45:27.480]  哥倫多前書的一章七節尾
[00:45:27.480 --> 00:45:31.240]  稟候我們主耶穌基督的顯現
[00:45:31.240 --> 00:45:34.600]  一個信徒應該無時無刻
[00:45:34.600 --> 00:45:38.120]  期待耶穌基督再次回來
[00:45:38.120 --> 00:45:41.160]  就好像以前的清教徒
[00:45:41.160 --> 00:45:43.160]  他們每天走到窗口
[00:45:43.160 --> 00:45:44.920]  他們會跟自己說
[00:45:44.920 --> 00:45:46.360]  可能就是今天了
[00:45:46.360 --> 00:45:48.760]  可能今天耶穌基督就會回來了
[00:45:48.760 --> 00:45:51.160]  這就是清教徒
[00:45:51.160 --> 00:45:53.240]  現在我們時時見到
[00:45:53.240 --> 00:45:56.120]  很多事發生在這個世界
[00:45:56.120 --> 00:45:57.880]  很多的戰爭
[00:45:57.880 --> 00:46:00.280]  俄羅斯又打烏克蘭
[00:46:00.280 --> 00:46:02.920]  美國又打伊朗
[00:46:02.920 --> 00:46:06.360]  很多人說第三次世界大戰快來了
[00:46:06.360 --> 00:46:09.800]  又有人說天氣變得這麼厲害
[00:46:09.800 --> 00:46:14.120]  已經我們LA第三個星期熱成這樣
[00:46:14.120 --> 00:46:16.680]  連我住的地方很近海
[00:46:16.680 --> 00:46:17.880]  都很熱很熱
[00:46:17.880 --> 00:46:20.440]  忘記了上一次是什麼時候
[00:46:20.440 --> 00:46:22.360]  很多人說世界末日來了
[00:46:22.360 --> 00:46:24.040]  第三次世界大戰
[00:46:24.040 --> 00:46:25.400]  有很多基督徒又說
[00:46:25.400 --> 00:46:27.960]  耶穌基督就快回來了
[00:46:27.960 --> 00:46:30.920]  希臘文等候這個字
[00:46:30.920 --> 00:46:33.560]  在哥倫多前書一章七節
[00:46:33.560 --> 00:46:37.400]  和鐵薩羅尼加前書一章十節是不同的
[00:46:37.400 --> 00:46:40.760]  在鐵薩羅尼加前書一章十節那個字
[00:46:40.760 --> 00:46:42.520]  Annameno這個字
[00:46:42.520 --> 00:46:48.360]  其實就是有力量有動力來等待
[00:46:48.360 --> 00:46:50.600]  這個字在聖經裏面
[00:46:50.600 --> 00:46:52.760]  在新約旨出現一次
[00:46:52.760 --> 00:46:55.240]  是用動力來等待
[00:46:55.240 --> 00:46:57.720]  是很渴望的期待
[00:46:57.720 --> 00:47:00.840]  不是說我們坐在沙發裏
[00:47:00.840 --> 00:47:04.040]  攤開雙手就等耶穌基督再回來
[00:47:04.040 --> 00:47:07.800]  也不是說我們到處去旅行
[00:47:07.800 --> 00:47:11.080]  過時間等耶穌基督回來
[00:47:11.080 --> 00:47:16.120]  而是一心一意一邊侍奉神一邊等待
[00:47:16.120 --> 00:47:18.840]  這個真真正正是聖經的教導
[00:47:18.840 --> 00:47:22.040]  所以剛才在前面的經文
[00:47:22.040 --> 00:47:25.240]  保羅說神已經賜了口才
[00:47:25.240 --> 00:47:26.920]  賜了智慧給你們
[00:47:26.920 --> 00:47:31.560]  你們是要走出聖徒的身份
[00:47:31.560 --> 00:47:35.080]  在啟示錄的二十二章第二十節
[00:47:35.080 --> 00:47:36.440]  約翰怎樣說
[00:47:36.440 --> 00:47:39.240]  主耶穌說我願你來
[00:47:39.240 --> 00:47:41.800]  等候耶穌基督快點回來
[00:47:41.800 --> 00:47:45.080]  而約翰也是在約翰一書的三章二節
[00:47:45.080 --> 00:47:47.720]  他說但我們知道主若顯現
[00:47:47.720 --> 00:47:49.960]  我們必要像他
[00:47:49.960 --> 00:47:53.000]  這個就真的給我們有很大的盼望
[00:47:53.000 --> 00:47:56.280]  為什麼我們會像耶穌基督當祂回來
[00:47:56.280 --> 00:47:57.320]  有兩個原因
[00:47:57.320 --> 00:47:58.920]  一個是因為我們是成性的
[00:47:58.920 --> 00:48:00.680]  越來越像耶穌基督
[00:48:00.680 --> 00:48:03.240]  但是不會完全像
[00:48:03.240 --> 00:48:05.640]  但當耶穌基督再次回來的時候
[00:48:05.640 --> 00:48:08.040]  我們真的會像耶穌基督
[00:48:08.040 --> 00:48:11.640]  因為我們會跟祂一樣有榮耀的身體
[00:48:11.640 --> 00:48:14.920]  這個是我們所不配得到
[00:48:14.920 --> 00:48:17.080]  我們基督徒真的不配得到
[00:48:17.080 --> 00:48:20.200]  以往的恩惠赦免了我們的罪
[00:48:20.200 --> 00:48:23.960]  現在的富足神給我們一切所需要
[00:48:23.960 --> 00:48:27.160]  將來還有榮耀的身體
[00:48:27.160 --> 00:48:29.560]  在哥倫多前書的一章八節
[00:48:29.560 --> 00:48:31.480]  他也必兼顧你們
[00:48:31.480 --> 00:48:36.040]  到底叫你們在我們主耶穌基督的日子
[00:48:36.040 --> 00:48:39.560]  無可指責 有沒有看到無可指責
[00:48:39.560 --> 00:48:43.640]  這裏就說耶穌基督的日子是新約
[00:48:43.640 --> 00:48:47.640]  舊約叫這個日子做耶和華的日子
[00:48:47.640 --> 00:48:51.480]  也在聖經裏面有叫這個做主的日子
[00:48:51.480 --> 00:48:54.520]  這個是審判的日子
[00:48:54.520 --> 00:48:58.600]  那你說耶穌基督回來是不是審判基督徒
[00:48:58.600 --> 00:48:59.960]  和悉尼穆斯說
[00:48:59.960 --> 00:49:02.280]  你都吃得和米多了
[00:49:02.280 --> 00:49:04.280]  我要秋後算賬
[00:49:04.280 --> 00:49:05.720]  會不會這樣
[00:49:05.720 --> 00:49:06.760]  不會
[00:49:06.760 --> 00:49:10.680]  我們的罪已經完全被耶穌基督承擔了
[00:49:10.680 --> 00:49:13.400]  所以我們再沒有罪的審判
[00:49:13.400 --> 00:49:16.040]  而且我們在神的面前會怎樣
[00:49:16.040 --> 00:49:17.560]  無可指責
[00:49:17.560 --> 00:49:20.200]  還有什麼經文是這樣說的
[00:49:20.200 --> 00:49:22.680]  以弗所書的五章二十七節
[00:49:22.680 --> 00:49:26.120]  說耶穌基督將教會獻給自己
[00:49:26.120 --> 00:49:29.080]  毫無玷污咒民等類的病
[00:49:29.080 --> 00:49:31.800]  乃是聖潔沒有瑕疵
[00:49:31.800 --> 00:49:35.640]  在帖撒羅尼加前書的五章二十三節
[00:49:35.640 --> 00:49:38.840]  說神親自使你們全然成性
[00:49:38.840 --> 00:49:43.720]  又願你們的靈與魂與身子得蒙保守
[00:49:43.720 --> 00:49:46.360]  在主耶穌基督降臨的時候
[00:49:46.360 --> 00:49:48.520]  完全無可指責
[00:49:48.520 --> 00:49:49.720]  有沒有看到
[00:49:49.720 --> 00:49:53.880]  無可指責和沒有瑕疵
[00:49:53.880 --> 00:49:55.720]  在聖經裏面
[00:49:55.720 --> 00:49:59.160]  一個基督徒的聖潔有三個階段
[00:49:59.160 --> 00:50:00.600]  我剛才也說過
[00:50:00.600 --> 00:50:02.520]  第一個階段是什麼
[00:50:02.520 --> 00:50:04.360]  當我們接受耶穌基督
[00:50:04.360 --> 00:50:07.640]  被神稱為二人稱義
[00:50:07.640 --> 00:50:10.040]  我們是有聖潔的地位
[00:50:10.040 --> 00:50:11.480]  這是第一個階段
[00:50:11.480 --> 00:50:13.000]  這是地位上
[00:50:13.000 --> 00:50:14.680]  第二個階段
[00:50:14.680 --> 00:50:17.640]  就是我們成性的日子成為基督徒
[00:50:17.640 --> 00:50:20.600]  在世上越來越像耶穌基督
[00:50:20.600 --> 00:50:24.520]  我們真正屬靈的情況越來越聖潔
[00:50:24.520 --> 00:50:26.280]  這是第二個階段
[00:50:26.280 --> 00:50:28.520]  還有第三個階段
[00:50:28.520 --> 00:50:29.960]  就是得榮耀
[00:50:29.960 --> 00:50:33.160]  當耶穌基督再次回來迎接我們的時候
[00:50:33.160 --> 00:50:35.720]  我們和耶穌基督在半空相遇
[00:50:35.720 --> 00:50:38.520]  我們突然間會有榮耀的身體
[00:50:38.520 --> 00:50:41.400]  一眨眼我們會有榮耀的身體
[00:50:41.400 --> 00:50:45.720]  這裡所說的沒有瑕疵、無可指責
[00:50:45.720 --> 00:50:48.440]  是說第一個階段、第二個階段
[00:50:48.440 --> 00:50:49.960]  還是第三個階段呢?
[00:50:49.960 --> 00:50:52.680]  這個應該是說第三個階段
[00:50:52.680 --> 00:50:54.120]  當耶穌基督回來
[00:50:54.120 --> 00:50:56.200]  我們會有榮耀的身體
[00:50:56.200 --> 00:50:58.680]  所以這個給了我們鼓勵
[00:50:58.680 --> 00:51:00.040]  給了我們盼望
[00:51:00.040 --> 00:51:02.120]  活出現在的信心
[00:51:02.120 --> 00:51:05.000]  不但兼顧自己的信心
[00:51:05.000 --> 00:51:07.240]  也兼顧別人的信心
[00:51:07.240 --> 00:51:10.120]  我們也能夠一邊侍奉
[00:51:10.120 --> 00:51:13.800]  一邊等待耶穌基督再次回來
[00:51:13.800 --> 00:51:15.960]  在結束的時候
[00:51:15.960 --> 00:51:17.480]  我們今天說了什麼呢?
[00:51:17.480 --> 00:51:22.600]  保羅告訴我們一個聖徒的定義是什麼
[00:51:22.600 --> 00:51:25.160]  一個聖徒是什麼定義呢?
[00:51:25.160 --> 00:51:28.040]  第一是蒙神所召
[00:51:28.040 --> 00:51:32.200]  第二是呼求主命
[00:51:32.200 --> 00:51:35.320]  第三是主內成聖
[00:51:35.320 --> 00:51:37.160]  我說這個是很重要
[00:51:37.160 --> 00:51:39.560]  我們要活出我們的地位
[00:51:39.560 --> 00:51:41.800]  要活出我們的身份
[00:51:41.800 --> 00:51:46.600]  我們也看到保羅說出了一個信徒的好處
[00:51:46.600 --> 00:51:48.360]  我們做信徒有什麼好處呢?
[00:51:48.360 --> 00:51:49.320]  有三點
[00:51:49.320 --> 00:51:51.720]  過去我們得到神的恩惠
[00:51:51.720 --> 00:51:53.800]  給我們有聖潔的地位
[00:51:53.800 --> 00:51:55.080]  稱我們做聖徒
[00:51:55.080 --> 00:52:00.440]  第二點我們現在在主內是富足的
[00:52:00.440 --> 00:52:05.080]  我們有從神而來給我們所需要的一切
[00:52:05.080 --> 00:52:07.560]  現在也是我們成聖的時候
[00:52:07.560 --> 00:52:09.160]  越來越像耶穌基督
[00:52:09.160 --> 00:52:12.120]  神給了我們有口才有智慧
[00:52:12.120 --> 00:52:14.920]  一邊侍奉他一邊等候
[00:52:14.920 --> 00:52:17.320]  最後第三點
[00:52:17.320 --> 00:52:20.040]  我們有從主內的盼望
[00:52:20.040 --> 00:52:22.680]  因為我們將來會得到榮耀的身體
[00:52:22.680 --> 00:52:25.560]  現在這個身體又會病又會死
[00:52:25.560 --> 00:52:27.320]  將來的身體會怎樣呢?
[00:52:27.320 --> 00:52:28.680]  沒有病痛
[00:52:28.680 --> 00:52:29.880]  沒有瑕疵
[00:52:29.880 --> 00:52:31.400]  無可指責
[00:52:31.400 --> 00:52:32.760]  但是在等待的時候
[00:52:32.760 --> 00:52:34.520]  我們要運用我們的智慧
[00:52:34.520 --> 00:52:36.200]  運用我們的口才
[00:52:36.200 --> 00:52:38.040]  願神祝福自己的話語
[00:52:38.040 --> 00:52:40.760]  讓我們低頭禱告
[00:52:40.760 --> 00:52:42.200]  主啊 我們感謝祢
[00:52:42.200 --> 00:52:45.800]  感謝祢給我們有祢的話語
[00:52:45.800 --> 00:52:50.520]  感謝祢給我們有哥倫波前書的第一章
[00:52:50.520 --> 00:52:53.160]  第一至第九節
[00:52:53.160 --> 00:52:57.880]  讓我們看到一個聖徒的定義是什麼
[00:52:57.880 --> 00:53:01.000]  我們就是被祢呼召的那些
[00:53:01.000 --> 00:53:04.120]  我們就是求告主名的那些
[00:53:04.120 --> 00:53:07.320]  我們也是在主內成聖
[00:53:07.320 --> 00:53:10.760]  我們也感謝祢給保羅提醒我們
[00:53:10.760 --> 00:53:12.440]  我們做基督徒的好處
[00:53:12.440 --> 00:53:14.280]  做聖徒的好處
[00:53:14.280 --> 00:53:16.920]  就是我們過去有從祢而來的恩惠
[00:53:16.920 --> 00:53:20.600]  能夠成為聖徒有崇高的地位
[00:53:20.600 --> 00:53:24.200]  我們現在也是在主內得到富足
[00:53:24.200 --> 00:53:26.520]  我們能夠成聖
[00:53:26.520 --> 00:53:28.440]  越來越像耶穌基督
[00:53:28.440 --> 00:53:31.240]  我們將來也有我們的盼望
[00:53:31.240 --> 00:53:34.280]  願意我們能夠一邊等待
[00:53:34.280 --> 00:53:36.360]  一邊來侍奉
[00:53:36.360 --> 00:53:39.160]  願意將來當我們見到你的時候
[00:53:39.160 --> 00:53:42.680]  都能夠被你稱為一個忠心良善的僕人
[00:53:42.680 --> 00:53:45.480]  將那榮耀、重讚歸給你
[00:53:45.480 --> 00:53:48.440]  我們禱告奉主耶穌基督的名義而求
[00:53:48.440 --> 00:53:50.440]  阿們
