
[00:00:00.000 --> 00:00:08.000]  今天我們會繼續去看路加福音的第一章
[00:00:08.000 --> 00:00:11.000]  雖然我們不是從第五節開始看
[00:00:11.000 --> 00:00:14.000]  我們今天是從第21節至第25節
[00:00:14.000 --> 00:00:17.000]  但我們同樣繼續思想這個題目
[00:00:17.000 --> 00:00:20.000]  叫做有承擔的祝福的第二講
[00:00:20.000 --> 00:00:25.000]  我們小小簡單點去重溫一下上文
[00:00:25.000 --> 00:00:29.000]  從第五節至第20節裏面的經文
[00:00:29.000 --> 00:00:34.000]  我們所聽過看過經文的介紹
[00:00:34.000 --> 00:00:36.000]  我們在這段聖經裏面
[00:00:36.000 --> 00:00:40.000]  我們知道上帝在一個祭司的家庭
[00:00:40.000 --> 00:00:43.000]  叫做撒加利亞裏面
[00:00:43.000 --> 00:00:46.000]  作了一個很大的一個應許
[00:00:46.000 --> 00:00:53.000]  並且向他們兩個的家人去作出一個預言
[00:00:53.000 --> 00:00:56.000]  而當特別作丈夫的撒加利亞
[00:00:56.000 --> 00:01:03.000]  作為一個祭司有幸可以被選進入到這個聖殿裏面
[00:01:03.000 --> 00:01:05.000]  作燒香的工作
[00:01:05.000 --> 00:01:11.000]  並且很多的神的子民或者群眾
[00:01:11.000 --> 00:01:14.000]  在當時來算是很有期望
[00:01:14.000 --> 00:01:17.000]  好像一個宗教的活動裏面
[00:01:17.000 --> 00:01:22.000]  一齊去守禮拜 一齊去等候
[00:01:22.000 --> 00:01:24.000]  但是在這個過程當中
[00:01:24.000 --> 00:01:28.000]  上帝就直接向撒加利亞作出一個預言
[00:01:28.000 --> 00:01:30.000]  宣告一個消息
[00:01:30.000 --> 00:01:35.000]  是他期望已久 但未能夠成真的事
[00:01:35.000 --> 00:01:37.000]  就是他得一個兒子
[00:01:37.000 --> 00:01:40.000]  並且是透過他的太太伊麗莎白
[00:01:40.000 --> 00:01:44.000]  來得到這個英鞋
[00:01:44.000 --> 00:01:47.000]  而這個英鞋甚至有很詳細的介紹
[00:01:47.000 --> 00:01:50.000]  他的名字將來要叫做約翰
[00:01:50.000 --> 00:01:56.000]  並且他的作功要在上帝的聖靈的引導裏去作
[00:01:56.000 --> 00:01:59.000]  而他的工作最主要的目的
[00:01:59.000 --> 00:02:02.000]  不是透過他去完成救恩
[00:02:02.000 --> 00:02:04.000]  而是讓他們這班人
[00:02:04.000 --> 00:02:12.000]  能夠透過施洗約翰的工作指向救恩的源頭
[00:02:12.000 --> 00:02:19.000]  讓他們能夠轉回到這個義人的智慧裏面
[00:02:19.000 --> 00:02:23.000]  在上星期我沒有詳細解釋這一方面
[00:02:23.000 --> 00:02:28.000]  因為老家福音的經文是很豐富的
[00:02:28.000 --> 00:02:31.000]  但是我們簡單來說
[00:02:31.000 --> 00:02:35.000]  上帝是透過施洗約翰
[00:02:35.000 --> 00:02:40.000]  指明很多真真正正想認識主導的人
[00:02:40.000 --> 00:02:43.000]  是回到一個義人的智慧裏面
[00:02:43.000 --> 00:02:45.000]  義人是什麼智慧?
[00:02:45.000 --> 00:02:51.000]  義人不是說他在當時已經完完全全沒有罪在他身上
[00:02:51.000 --> 00:02:54.000]  所以即或撒加利亞在上文我們看到
[00:02:54.000 --> 00:02:55.000]  他是作為一個祭司
[00:02:55.000 --> 00:02:58.000]  其實他被稱為義人也好
[00:02:58.000 --> 00:03:01.000]  他仍然是有不信的時間
[00:03:01.000 --> 00:03:03.000]  不過這個我們之後再說
[00:03:03.000 --> 00:03:07.000]  但是上帝是希望義人的智慧
[00:03:07.000 --> 00:03:11.000]  在每一個追求認識他的人身上都能夠得著
[00:03:11.000 --> 00:03:15.000]  讓他們能夠找到如何回轉到上帝的裏面
[00:03:15.000 --> 00:03:24.000]  也都如何去竭力保守自己在上帝的得道喜悅的遺訓當中
[00:03:24.000 --> 00:03:29.000]  而當這個角色要去成就絕非容易
[00:03:29.000 --> 00:03:31.000]  撒加利亞知道
[00:03:31.000 --> 00:03:34.000]  透過天使的告知
[00:03:34.000 --> 00:03:37.000]  約翰將來你要好栽培他
[00:03:37.000 --> 00:03:45.000]  要成為一個有以利亞心智的一位神的功人
[00:03:45.000 --> 00:03:47.000]  什麼叫以利亞的心智?
[00:03:47.000 --> 00:03:49.000]  上次我們也有說過
[00:03:49.000 --> 00:03:51.000]  以利亞其實他的一生
[00:03:51.000 --> 00:03:55.000]  特別到最後其實仍然充滿很多缺憾的
[00:03:55.000 --> 00:03:59.000]  當上帝要將他拿走了
[00:03:59.000 --> 00:04:01.000]  帶回上帝身邊的時候
[00:04:01.000 --> 00:04:07.000]  但是要他委派以利沙繼續去接續他工作的時候
[00:04:07.000 --> 00:04:09.000]  他心情不軟
[00:04:09.000 --> 00:04:12.000]  以利亞不是一個完美的人
[00:04:12.000 --> 00:04:13.000]  好像你和我一樣
[00:04:13.000 --> 00:04:17.000]  但是以利亞卻有一樣東西你和我都可以做得到的
[00:04:17.000 --> 00:04:19.000]  就是為了上帝的真理
[00:04:19.000 --> 00:04:21.000]  他不畏強權
[00:04:21.000 --> 00:04:25.000]  甚至連君王他都願意去面對
[00:04:25.000 --> 00:04:27.000]  去說出君王的問題
[00:04:27.000 --> 00:04:34.000]  這種泛顏直見不為皇命而畏懼
[00:04:34.000 --> 00:04:37.000]  而將上帝的說話去隱藏
[00:04:37.000 --> 00:04:38.000]  他沒有這樣做
[00:04:38.000 --> 00:04:40.000]  反而他勇敢地去做
[00:04:40.000 --> 00:04:44.000]  而施西約翰也同樣有這份心智
[00:04:44.000 --> 00:04:46.000]  所以在施西約翰的人生當中
[00:04:46.000 --> 00:04:51.000]  我們知道最後施西約翰做什麼他會死
[00:04:51.000 --> 00:04:55.000]  其實施西約翰正正就是要指控希律
[00:04:55.000 --> 00:04:59.000]  要去取以拉或者搞情婦
[00:04:59.000 --> 00:05:01.000]  將情婦變成正室
[00:05:01.000 --> 00:05:03.000]  這個事件的上面
[00:05:03.000 --> 00:05:10.000]  最後被情婦的女兒邀請將她的頭斬死
[00:05:10.000 --> 00:05:15.000]  這些背景雖然不是在路加福音裡面出現
[00:05:15.000 --> 00:05:19.000]  在其他的書卷或者其他的福音書裡面有介紹
[00:05:19.000 --> 00:05:23.000]  但是作者路加在這裡簡單的說給我們知道
[00:05:23.000 --> 00:05:28.000]  以利亞的心智其實你我都應該有
[00:05:28.000 --> 00:05:32.000]  一個這麼特別的人
[00:05:32.000 --> 00:05:36.000]  上帝放在了撒加利亞這個家庭當中
[00:05:36.000 --> 00:05:39.000]  讓撒加利亞夫婦好好栽培他
[00:05:39.000 --> 00:05:42.000]  好像拿西爾人那樣栽培
[00:05:42.000 --> 00:05:45.000]  但是換來的回應是什麼呢
[00:05:45.000 --> 00:05:47.000]  在上個星期我們說到
[00:05:47.000 --> 00:05:52.000]  當天使對撒加利亞說完這番話之後
[00:05:52.000 --> 00:05:57.000]  在第十八節和合本竟然這樣回應
[00:05:57.000 --> 00:06:00.000]  我憑著什麼可知道這事呢
[00:06:00.000 --> 00:06:05.000]  我已經老了我妻子也年紀老了
[00:06:05.000 --> 00:06:10.000]  這個和合本的翻譯未必能夠讓今天的人明白
[00:06:10.000 --> 00:06:12.000]  但是如果簡單的說
[00:06:12.000 --> 00:06:15.000]  用今天的廣東話翻譯出來就是說
[00:06:15.000 --> 00:06:18.000]  我都不知道是不是你說的話
[00:06:18.000 --> 00:06:21.000]  我又老了我老婆又老了
[00:06:21.000 --> 00:06:25.000]  其實這種回應
[00:06:25.000 --> 00:06:32.000]  天使一眼就看得出他是一個不信的狀態
[00:06:32.000 --> 00:06:35.000]  所以天使和他說
[00:06:35.000 --> 00:06:37.000]  我來報給你這個信息
[00:06:37.000 --> 00:06:44.000]  我是加巴列站在上帝面前的一位天使
[00:06:44.000 --> 00:06:48.000]  我的來源得到這一切的預言宣告
[00:06:48.000 --> 00:06:51.000]  不是出自我自己而是出自上帝
[00:06:51.000 --> 00:06:52.000]  一個這麼好的信息
[00:06:52.000 --> 00:06:55.000]  上帝也應驗了你多年的禱告
[00:06:55.000 --> 00:07:02.000]  但是你卻換來的是不信
[00:07:02.000 --> 00:07:06.000]  這個不信我們上次說多一件事
[00:07:06.000 --> 00:07:12.000]  就是上帝不會放棄一個真是願意跟隨他的人
[00:07:12.000 --> 00:07:17.000]  上帝會給他一些熟練的功課去學習
[00:07:17.000 --> 00:07:19.000]  讓他能夠補課
[00:07:19.000 --> 00:07:24.000]  可以得到重新的明白
[00:07:24.000 --> 00:07:26.000]  建立他的靈性
[00:07:26.000 --> 00:07:29.000]  然後再給他補考
[00:07:29.000 --> 00:07:33.000]  這些故事在之後第二章裡面
[00:07:33.000 --> 00:07:36.000]  或者第一章尾有說
[00:07:36.000 --> 00:07:38.000]  我們在這裡不詳細說了
[00:07:38.000 --> 00:07:43.000]  不過在這裡讓我用一個引言
[00:07:43.000 --> 00:07:46.000]  讓大家一起思想一下
[00:07:46.000 --> 00:07:50.000]  當天使說撒加利亞不信的時候
[00:07:50.000 --> 00:07:53.000]  就讓我們去想到在聖經裡面
[00:07:53.000 --> 00:07:55.000]  還有哪一個人
[00:07:55.000 --> 00:08:00.000]  也是同樣上帝很欣賞呼召他
[00:08:00.000 --> 00:08:04.000]  但是他同樣不信的呢?
[00:08:04.000 --> 00:08:06.000]  如果大家有機會的話
[00:08:06.000 --> 00:08:09.000]  打開文素記第20章
[00:08:09.000 --> 00:08:16.000]  在文素記第20章第12節當中
[00:08:16.000 --> 00:08:22.000]  有一位人物同樣被上帝指出他的不信
[00:08:22.000 --> 00:08:24.000]  這個人物就叫摩西
[00:08:24.000 --> 00:08:26.000]  如果大家有聖經的話
[00:08:26.000 --> 00:08:31.000]  一起去看一看文素記第20章
[00:08:31.000 --> 00:08:39.000]  你們應該很熟悉的
[00:08:39.000 --> 00:08:45.000]  第20章的開頭介紹給我們知道
[00:08:45.000 --> 00:08:50.000]  以色列人去到一個地方叫加底斯
[00:08:50.000 --> 00:08:55.000]  米利安摩西的姐姐就在那裡死了
[00:08:55.000 --> 00:08:58.000]  在當時沒有水喝
[00:08:58.000 --> 00:09:03.000]  以色列的眾民就走來攻擊摩西
[00:09:03.000 --> 00:09:07.000]  然後就說你們這樣搞
[00:09:07.000 --> 00:09:11.000]  透過你的掌興和你要我們死在這個曠野裡
[00:09:11.000 --> 00:09:13.000]  渴死我們嗎?
[00:09:13.000 --> 00:09:15.000]  當我們仔細去看一下
[00:09:15.000 --> 00:09:18.000]  當在這樣的情況之下
[00:09:18.000 --> 00:09:22.000]  摩西和亞倫真的憋著一口氣
[00:09:22.000 --> 00:09:24.000]  但是在第7節裡面
[00:09:24.000 --> 00:09:27.000]  耶和華神就這樣向摩西說
[00:09:27.000 --> 00:09:33.000]  你拿著橡皮和你的哥哥亞倫焦醉會中
[00:09:33.000 --> 00:09:38.000]  在他們眼前吩咐盤石出水來
[00:09:38.000 --> 00:09:46.000]  水就從盤石流出給會中和他的生畜喝
[00:09:46.000 --> 00:09:50.000]  這是很熟悉的經文
[00:09:50.000 --> 00:09:52.000]  但是很多時候我們會混亂了
[00:09:52.000 --> 00:09:56.000]  在同樣當他們去到出埃及的時候
[00:09:56.000 --> 00:10:00.000]  上帝同樣說過叫以色列民
[00:10:00.000 --> 00:10:04.000]  當他們出到埃及地之後沒有水喝
[00:10:04.000 --> 00:10:08.000]  摩西同樣面對類似的經歷的時候
[00:10:08.000 --> 00:10:13.000]  上帝叫摩西做的是擊打盤石出水
[00:10:13.000 --> 00:10:17.000]  在這次上帝叫他吩咐盤石出水
[00:10:17.000 --> 00:10:21.000]  但是誰不知摩西他沒有這樣做
[00:10:21.000 --> 00:10:27.000]  摩西翻版上次上帝叫他的指示
[00:10:27.000 --> 00:10:32.000]  叫他吩咐他就不吩咐
[00:10:32.000 --> 00:10:35.000]  他反而又擊打盤石出水
[00:10:35.000 --> 00:10:38.000]  水出不出?水同樣都出
[00:10:38.000 --> 00:10:44.000]  但是上帝在第12節就這樣回應摩西
[00:10:44.000 --> 00:10:54.000]  他說對摩西亞倫說因為你們不信我
[00:10:54.000 --> 00:10:57.000]  不在以色列眼前尊我為聖
[00:10:57.000 --> 00:11:02.000]  所以你們必不得領者會眾
[00:11:02.000 --> 00:11:05.000]  進我所賜給他們的地去
[00:11:05.000 --> 00:11:10.000]  那塊地的水同樣叫米莉花水
[00:11:10.000 --> 00:11:16.000]  弟妹摩西都不信上帝說
[00:11:16.000 --> 00:11:19.000]  你和我會不會都不信呢
[00:11:19.000 --> 00:11:24.000]  我是基督徒來的會不會不信
[00:11:24.000 --> 00:11:26.000]  會我們同樣都會
[00:11:26.000 --> 00:11:35.000]  但是上帝不會因為我們一次的不信
[00:11:35.000 --> 00:11:39.000]  而抹殺一切我們對上帝的忠誠
[00:11:39.000 --> 00:11:45.000]  摩西和撒加利亞有同一個特色
[00:11:45.000 --> 00:11:51.000]  上帝為什麼不會將他們一下子抹殺呢
[00:11:51.000 --> 00:11:54.000]  而且更加讓他們繼續去侍奉
[00:11:54.000 --> 00:11:57.000]  又給機會他們去補課呢
[00:11:57.000 --> 00:12:01.000]  就因為他們兩個都有同一個特色就是忠誠
[00:12:01.000 --> 00:12:04.000]  他上帝都是同樣的忠誠
[00:12:04.000 --> 00:12:13.000]  摩西他想履行上帝的工作
[00:12:13.000 --> 00:12:16.000]  帶以色列人進到英許地裏
[00:12:16.000 --> 00:12:20.000]  就是因為這份忠誠
[00:12:20.000 --> 00:12:23.000]  忠誠果濃
[00:12:23.000 --> 00:12:26.000]  而當一個人忠誠果濃的時候
[00:12:26.000 --> 00:12:32.000]  就很容易見問題就按自己的想法去處理
[00:12:32.000 --> 00:12:36.000]  忘記了上帝那一刻給你的指示
[00:12:36.000 --> 00:12:39.000]  上帝那一刻給摩西的指示
[00:12:39.000 --> 00:12:44.000]  是吩咐盤石出水
[00:12:44.000 --> 00:12:47.000]  他既然先前做過了
[00:12:47.000 --> 00:12:50.000]  阿倫都見過了
[00:12:50.000 --> 00:12:54.000]  上帝的命令重要嗎
[00:12:54.000 --> 00:12:59.000]  還是我的侍奉經驗重要呢
[00:12:59.000 --> 00:13:04.000]  摩西選擇了他的侍奉經驗
[00:13:04.000 --> 00:13:09.000]  撒加利亞為什麼不信天使的講話
[00:13:09.000 --> 00:13:14.000]  因為他相信了他侍奉的經驗
[00:13:14.000 --> 00:13:16.000]  侍奉的經驗是什麼
[00:13:16.000 --> 00:13:18.000]  以前是打盤石就出水
[00:13:18.000 --> 00:13:22.000]  解決問題上帝幫你速速搞定
[00:13:22.000 --> 00:13:25.000]  這班這麼麻煩的以色列民
[00:13:25.000 --> 00:13:30.000]  但誰不知他卻因此過份忠誠
[00:13:30.000 --> 00:13:35.000]  而失去了聽上帝這一刻這麼特別的指示
[00:13:35.000 --> 00:13:37.000]  撒加利亞同樣一樣
[00:13:37.000 --> 00:13:42.000]  上帝你要我在這一刻再次生子
[00:13:42.000 --> 00:13:46.000]  我的經驗告訴我這一刻不是我再生子
[00:13:46.000 --> 00:13:49.000]  因為我有老我太太都老了
[00:13:49.000 --> 00:13:52.000]  我不行了
[00:13:52.000 --> 00:13:55.000]  不如用別的方法
[00:13:55.000 --> 00:13:59.000]  所以他就出一句都不知道是不是
[00:13:59.000 --> 00:14:06.000]  來否定了上帝透過天使加巴列的宣告
[00:14:06.000 --> 00:14:11.000]  這個就是整個復圖畫的前設
[00:14:11.000 --> 00:14:17.000]  不信是常常會藏在你和我的生命當中
[00:14:17.000 --> 00:14:23.000]  即是說你是一個異人 異人是一個身份不是一個行為
[00:14:23.000 --> 00:14:25.000]  我再重複說一次
[00:14:25.000 --> 00:14:27.000]  異人是一個身份
[00:14:27.000 --> 00:14:34.000]  你作為異人作為基督徒神的子民是一個身份
[00:14:34.000 --> 00:14:37.000]  你會竭力去保守這個身份
[00:14:37.000 --> 00:14:40.000]  竭力去成為上帝所喜悅的人
[00:14:40.000 --> 00:14:42.000]  我們遲些會說的
[00:14:42.000 --> 00:14:46.000]  但這個身份不代表我們在過程當中
[00:14:46.000 --> 00:14:48.000]  我們不會有錯失
[00:14:48.000 --> 00:14:51.000]  因為始終我仍然會在一個罪的世界裏面
[00:14:51.000 --> 00:14:55.000]  我仍然是會犯錯
[00:14:55.000 --> 00:14:58.000]  如果上帝在這一刻見到你的錯
[00:14:58.000 --> 00:15:01.000]  不採取行動的話
[00:15:01.000 --> 00:15:05.000]  往後你怎麼能夠承擔去教育
[00:15:05.000 --> 00:15:07.000]  施洗約翰
[00:15:07.000 --> 00:15:15.000]  成為一個真是上帝洗到他有以利亞心智的僕人呢
[00:15:15.000 --> 00:15:19.000]  所以這是一個很關鍵的時間
[00:15:19.000 --> 00:15:23.000]  也承接回盧卡福音所說的
[00:15:23.000 --> 00:15:27.000]  每一個信徒一生其實在當上帝有啟示的時候
[00:15:27.000 --> 00:15:29.000]  我們不住去印證又印證
[00:15:29.000 --> 00:15:31.000]  去上帝的教導
[00:15:31.000 --> 00:15:35.000]  怎樣是真實可以實踐在我們生命生活當中
[00:15:35.000 --> 00:15:40.000]  藉此而去學曉上帝你就是那個扎鐵人
[00:15:40.000 --> 00:15:42.000]  你才是那個話事的人
[00:15:42.000 --> 00:15:44.000]  那個最終我要毀身的人
[00:15:44.000 --> 00:15:49.000]  在這個種種的條件之下
[00:15:49.000 --> 00:15:58.000]  讓我們看到上帝要讓撒加利亞要承接去養育施洗約翰
[00:15:58.000 --> 00:16:02.000]  那個情況其實和摩西
[00:16:02.000 --> 00:16:08.000]  雖然上帝說你不能帶以色列進入英許地裏面
[00:16:08.000 --> 00:16:13.000]  但是大家不要忘記摩西做了一件更大的
[00:16:13.000 --> 00:16:15.000]  在上帝裏面的侍奉
[00:16:15.000 --> 00:16:20.000]  就是他寫成了生命記
[00:16:20.000 --> 00:16:26.000]  生命記是摩西不在英許地裏面的時候
[00:16:26.000 --> 00:16:29.000]  已經寫到出來的書卷
[00:16:29.000 --> 00:16:37.000]  上帝讓摩西在這個功課上學習
[00:16:37.000 --> 00:16:40.000]  讓他有更高一層次的侍奉
[00:16:40.000 --> 00:16:43.000]  然後才接他離開
[00:16:43.000 --> 00:16:47.000]  撒加利亞怎樣迎接呢?
[00:16:47.000 --> 00:16:51.000]  怎樣能夠真是將上帝這份祝福
[00:16:51.000 --> 00:16:56.000]  能夠成為他有所承擔那份力量繼續去走呢?
[00:16:56.000 --> 00:16:58.000]  所以今天我們會繼續看
[00:16:58.000 --> 00:17:03.000]  從第21節至到第25節這個部分
[00:17:03.000 --> 00:17:07.000]  在這個部分裏面讓我們去看到
[00:17:07.000 --> 00:17:09.000]  我們作為神的子民
[00:17:09.000 --> 00:17:15.000]  作為今天我們作為上主的信徒
[00:17:15.000 --> 00:17:19.000]  我們怎樣去預備好自己有所承擔
[00:17:19.000 --> 00:17:22.000]  那個過程未必是你喜歡的
[00:17:22.000 --> 00:17:24.000]  不過它是最有益處的
[00:17:24.000 --> 00:17:27.000]  讓我們去分開兩個部分來看
[00:17:27.000 --> 00:17:31.000]  第一個部分第21節至第23節
[00:17:31.000 --> 00:17:34.000]  讓我們在這裏首先學會一件事
[00:17:34.000 --> 00:17:40.000]  侍奉不是滿足別人與及自己的期望
[00:17:40.000 --> 00:17:42.000]  為什麼這麼重要呢?
[00:17:42.000 --> 00:17:48.000]  因為當施洗日漢在撒加利亞栽培的時候
[00:17:48.000 --> 00:17:51.000]  他甚至要到他違背皇命
[00:17:51.000 --> 00:17:54.000]  都要將上帝的道理原則
[00:17:54.000 --> 00:18:01.000]  告訴給這位應該要悔改但沒有悔改的希律王之道
[00:18:01.000 --> 00:18:09.000]  這個生命是撒加利亞自己要新鮮事出去教導實踐
[00:18:09.000 --> 00:18:12.000]  經過歷練之後傳遞給他的兒子
[00:18:12.000 --> 00:18:15.000]  我們一起去看看這段聖經講什麼
[00:18:15.000 --> 00:18:20.000]  第21至第23節找到之後我們一起讀一下
[00:18:20.000 --> 00:18:22.000]  我們一起讀吧
[00:18:22.000 --> 00:18:25.000]  百姓等候撒加利亞
[00:18:25.000 --> 00:18:32.000]  差異他許久在殿裏及至他出來不能和他們說話
[00:18:32.000 --> 00:18:36.000]  他們就知道他在殿裏見了異象
[00:18:36.000 --> 00:18:40.000]  因為他直向他們打手勢
[00:18:40.000 --> 00:18:42.000]  竟成了啞巴
[00:18:42.000 --> 00:18:47.000]  他空職的日子滿就回家去了
[00:18:47.000 --> 00:18:57.000]  好像一篇很簡單平鋪直敘講到一個祭司的特別經歷
[00:18:57.000 --> 00:19:00.000]  然後他會眾的回應
[00:19:00.000 --> 00:19:03.000]  接著講他退休
[00:19:03.000 --> 00:19:05.000]  大家就完結了
[00:19:05.000 --> 00:19:06.000]  是不是這樣呢?
[00:19:06.000 --> 00:19:08.000]  如果你是這樣看的話
[00:19:08.000 --> 00:19:13.000]  你就漏了很多在這段聖經裏面的教導
[00:19:13.000 --> 00:19:24.000]  首先我們去看看這一刻撒加利亞的侍奉處於一個什麼樣的光景
[00:19:24.000 --> 00:19:27.000]  從人的角度來看
[00:19:27.000 --> 00:19:32.000]  撒加利亞在這一刻正處於侍奉人生的巔峰
[00:19:32.000 --> 00:19:39.000]  能夠有幸可以被選並且制籤進入到聖殿裏面進行燒香
[00:19:39.000 --> 00:19:42.000]  在很多群眾裏面的心目中
[00:19:42.000 --> 00:19:48.000]  這個真是很值得去參與甚至去看一下
[00:19:48.000 --> 00:19:55.000]  好像有些牧者的侍奉很驚人
[00:19:55.000 --> 00:19:58.000]  很惹人注目
[00:19:58.000 --> 00:20:07.000]  於是就有很多會友或者群眾去擁擠一起去看一下
[00:20:07.000 --> 00:20:11.000]  究竟發生了什麼事件
[00:20:11.000 --> 00:20:15.000]  這群人的心態是不是真的想追求真理呢?
[00:20:15.000 --> 00:20:20.000]  還是因為宗教的緣故一起去擠擁參加呢?
[00:20:20.000 --> 00:20:22.000]  很多人去教會都是這樣的
[00:20:22.000 --> 00:20:25.000]  去教會並非一定是真的想追求真理
[00:20:25.000 --> 00:20:29.000]  只不過因為節期所以我又去
[00:20:29.000 --> 00:20:32.000]  我曾經很多年前信主初期
[00:20:32.000 --> 00:20:40.000]  和幾個弟兄一起聖誕節參加教會的晚間平安夜崇拜
[00:20:40.000 --> 00:20:42.000]  其實我們沒有的
[00:20:42.000 --> 00:20:45.000]  我們沒有的 不是說其他教會沒有的
[00:20:45.000 --> 00:20:52.000]  我和弟兄去完自己的教會崇拜之後
[00:20:52.000 --> 00:20:57.000]  我們參加都很晚了 參加完都十點多
[00:20:57.000 --> 00:21:01.000]  我說好了 大家回家了
[00:21:01.000 --> 00:21:04.000]  或者有沒有興趣吃點東西才回家呢?
[00:21:04.000 --> 00:21:07.000]  他說沒有啦 我現在趕著去另一間教會
[00:21:07.000 --> 00:21:09.000]  我說你趕著去哪間教會呢?
[00:21:09.000 --> 00:21:11.000]  他說多去兩間會好一點
[00:21:11.000 --> 00:21:13.000]  我說為什麼好一點呢?
[00:21:13.000 --> 00:21:17.000]  其他教會的平安夜是過夜的
[00:21:17.000 --> 00:21:19.000]  我們到十點就完了
[00:21:19.000 --> 00:21:21.000]  他們那些是過夜的
[00:21:21.000 --> 00:21:25.000]  我們去趕下場 齊全一點
[00:21:25.000 --> 00:21:27.000]  很多人是這樣信主的
[00:21:27.000 --> 00:21:29.000]  平日不回教會的
[00:21:29.000 --> 00:21:32.000]  大時大節就多去兩間 趕著去
[00:21:32.000 --> 00:21:38.000]  希望透過這樣可以使自己的靈性好像熱切一點
[00:21:38.000 --> 00:21:41.000]  上帝看到了你好像很好
[00:21:41.000 --> 00:21:45.000]  實際上這幫群眾擁擠在聖殿外
[00:21:45.000 --> 00:21:48.000]  他們是不是真的想知道異象
[00:21:48.000 --> 00:21:51.000]  想知道上帝是說些什麼呢?
[00:21:51.000 --> 00:21:53.000]  從這段聖經裡面給我們看到
[00:21:53.000 --> 00:21:56.000]  作者是刻意沒有介紹這幫人
[00:21:56.000 --> 00:21:58.000]  他們想知道什麼
[00:21:58.000 --> 00:22:01.000]  不過他們很想看一下
[00:22:01.000 --> 00:22:06.000]  這位這麼多年來第一次
[00:22:06.000 --> 00:22:11.000]  或者可以自己走出來的撒加尼亞
[00:22:11.000 --> 00:22:14.000]  進去這麼久一定會有些驚悚的
[00:22:14.000 --> 00:22:20.000]  他出來可不可以說些神蹟刺激一下我們呢?
[00:22:20.000 --> 00:22:26.000]  說些我們很想知道但不知道是什麼的東西
[00:22:26.000 --> 00:22:33.000]  希望他出來滿足一下我們的宗教熱切的好奇心呢?
[00:22:35.000 --> 00:22:38.000]  似乎撒加尼亞在這一刻
[00:22:38.000 --> 00:22:43.000]  上帝給了他一個很好的機會
[00:22:43.000 --> 00:22:45.000]  什麼機會呢?
[00:22:45.000 --> 00:22:46.000]  二十節已經說了
[00:22:46.000 --> 00:22:51.000]  因為他的不信使他變成一個啞巴不能說話
[00:22:51.000 --> 00:22:53.000]  請大家弟兄姊妹留意
[00:22:53.000 --> 00:22:55.000]  聖經這裡說
[00:22:55.000 --> 00:23:01.000]  因為你的不信你變成啞巴不能說話
[00:23:01.000 --> 00:23:03.000]  愚民的意思是什麼呢?
[00:23:03.000 --> 00:23:05.000]  愚民的意思是
[00:23:05.000 --> 00:23:09.000]  你不再能夠說話
[00:23:09.000 --> 00:23:14.000]  而你要進入完全寂靜
[00:23:14.000 --> 00:23:19.000]  所以英文New Revised Standard Version的翻譯就是
[00:23:19.000 --> 00:23:24.000]  You will become mute, unable to speak
[00:23:24.000 --> 00:23:26.000]  這兩樣東西很重要
[00:23:26.000 --> 00:23:27.000]  你圈住它
[00:23:27.000 --> 00:23:29.000]  因為之後我們會再看的
[00:23:29.000 --> 00:23:36.000]  上帝透過天使在這裡說了兩個的結果
[00:23:36.000 --> 00:23:38.000]  告訴他知道
[00:23:38.000 --> 00:23:41.000]  是他特意給他的功課
[00:23:41.000 --> 00:23:43.000]  這個功課做多久呢?
[00:23:43.000 --> 00:23:47.000]  這個功課要做接下來的五個月
[00:23:47.000 --> 00:23:49.000]  其實不止五個月
[00:23:49.000 --> 00:23:54.000]  做足生那時候才完結
[00:23:54.000 --> 00:23:59.000]  即是華人期九個多月十個月
[00:23:59.000 --> 00:24:01.000]  現在不記得了
[00:24:01.000 --> 00:24:04.000]  四十週?四十五週?四十週好像是
[00:24:04.000 --> 00:24:11.000]  只要你寂靜
[00:24:11.000 --> 00:24:14.000]  愚民還寫得好
[00:24:14.000 --> 00:24:18.000]  愚民說You become silent
[00:24:18.000 --> 00:24:20.000]  誰翻譯得最好呢?
[00:24:20.000 --> 00:24:21.000]  New English Translation
[00:24:21.000 --> 00:24:23.000]  英文翻譯得最好
[00:24:23.000 --> 00:24:29.000]  You become silent and cannot speak
[00:24:29.000 --> 00:24:31.000]  有很多學者在這裡說
[00:24:31.000 --> 00:24:33.000]  他聾了
[00:24:33.000 --> 00:24:35.000]  其實他沒有聾的
[00:24:35.000 --> 00:24:37.000]  他沒有聾的
[00:24:37.000 --> 00:24:40.000]  他全程都在聽
[00:24:40.000 --> 00:24:42.000]  不過要處於寂靜
[00:24:42.000 --> 00:24:44.000]  不說話
[00:24:44.000 --> 00:24:46.000]  意思是什麼呢?
[00:24:46.000 --> 00:24:49.000]  你不要再牙斬斬
[00:24:49.000 --> 00:24:52.000]  廣東話明明這句說話
[00:24:52.000 --> 00:24:54.000]  牙斬斬是什麼意思呢?
[00:24:54.000 --> 00:24:57.000]  現在不是你說話的時間
[00:24:57.000 --> 00:25:02.000]  而是你留心去看和聽的時間
[00:25:02.000 --> 00:25:05.000]  你知不知道今天
[00:25:05.000 --> 00:25:07.000]  很多人
[00:25:07.000 --> 00:25:14.000]  說話多過聽和看
[00:25:14.000 --> 00:25:19.000]  我小時候媽媽教我的時候
[00:25:19.000 --> 00:25:22.000]  她教我的時候我很多話說
[00:25:22.000 --> 00:25:24.000]  我媽媽就說
[00:25:24.000 --> 00:25:29.000]  你不要這麼多話說
[00:25:29.000 --> 00:25:33.000]  她說話還多過一杯茶
[00:25:33.000 --> 00:25:35.000]  一杯茶其實不是很多
[00:25:35.000 --> 00:25:37.000]  一個杯這麼多
[00:25:37.000 --> 00:25:42.000]  意思是你留心聽別人說話
[00:25:42.000 --> 00:25:44.000]  其實我也有這個問題
[00:25:44.000 --> 00:25:46.000]  因為我這個人轉數太快
[00:25:46.000 --> 00:25:48.000]  人家還沒說完
[00:25:48.000 --> 00:25:50.000]  看下一句說什麼
[00:25:50.000 --> 00:25:52.000]  你很快會回應
[00:25:52.000 --> 00:25:54.000]  不要這麼快回應
[00:25:54.000 --> 00:25:56.000]  先聽一聽
[00:25:56.000 --> 00:25:58.000]  先看一看
[00:25:58.000 --> 00:26:02.000]  上帝要撒加利亞學習
[00:26:02.000 --> 00:26:04.000]  安靜下來
[00:26:04.000 --> 00:26:06.000]  聽
[00:26:06.000 --> 00:26:08.000]  不是說
[00:26:08.000 --> 00:26:10.000]  你可以看
[00:26:10.000 --> 00:26:11.000]  看什麼?
[00:26:11.000 --> 00:26:13.000]  看上帝的作為
[00:26:13.000 --> 00:26:14.000]  上帝的什麼作為?
[00:26:14.000 --> 00:26:19.000]  我必然使你的妻子懷孕並且怎樣?
[00:26:19.000 --> 00:26:22.000]  會生她出來的
[00:26:22.000 --> 00:26:26.000]  你就在這個過程去看我做些什麼
[00:26:26.000 --> 00:26:29.000]  不是去說
[00:26:29.000 --> 00:26:35.000]  而這個功課就提供了一個機會
[00:26:35.000 --> 00:26:40.000]  讓撒加利亞不需要去滿足
[00:26:40.000 --> 00:26:46.000]  這些擁擠在電門口的群眾
[00:26:46.000 --> 00:26:50.000]  他們的好奇心
[00:26:50.000 --> 00:26:56.000]  我不是說復思高斗
[00:26:56.000 --> 00:27:00.000]  如果你是真的有心追求
[00:27:00.000 --> 00:27:07.000]  誠實或誠懇去問我關於聖經的問題
[00:27:07.000 --> 00:27:11.000]  我會傾囊而出告訴你
[00:27:11.000 --> 00:27:13.000]  我沒有保留
[00:27:13.000 --> 00:27:17.000]  我不會留兩招留自己洗那些
[00:27:17.000 --> 00:27:18.000]  我沒有的
[00:27:18.000 --> 00:27:19.000]  傾囊而出
[00:27:19.000 --> 00:27:21.000]  今天我有多少我就給你
[00:27:21.000 --> 00:27:24.000]  你不怕信徒比你厲害嗎?
[00:27:24.000 --> 00:27:27.000]  信徒比我厲害就好了
[00:27:27.000 --> 00:27:29.000]  我看都看信徒比我厲害
[00:27:29.000 --> 00:27:31.000]  不過我又不用怕
[00:27:31.000 --> 00:27:34.000]  因為信徒知道我所懂的東西之後
[00:27:34.000 --> 00:27:37.000]  我又去找些新的東西去學
[00:27:37.000 --> 00:27:40.000]  我永遠都有些新的東西可以告訴你
[00:27:40.000 --> 00:27:44.000]  上帝給一個願意追求祂的人就是這樣
[00:27:44.000 --> 00:27:46.000]  這個描述很熟悉
[00:27:46.000 --> 00:27:47.000]  哪裡見過?
[00:27:47.000 --> 00:27:49.000]  提一下菲羅的名字
[00:27:49.000 --> 00:27:50.000]  記不記得?
[00:27:50.000 --> 00:27:51.000]  Theophilius
[00:27:51.000 --> 00:27:53.000]  就是這個意思
[00:27:53.000 --> 00:28:00.000]  以不斷能夠在上帝裡面為驕傲的人
[00:28:00.000 --> 00:28:03.000]  因為他在上帝裡面不斷去認識上帝多一點
[00:28:03.000 --> 00:28:07.000]  他一生的功課就是不斷學習
[00:28:07.000 --> 00:28:09.000]  學習認證上帝的工作
[00:28:09.000 --> 00:28:11.000]  現在
[00:28:11.000 --> 00:28:16.000]  撒加利亞你不需要回答這幫人
[00:28:16.000 --> 00:28:19.000]  因為你說不出話來
[00:28:19.000 --> 00:28:22.000]  是我為你預備的功課
[00:28:22.000 --> 00:28:26.000]  你接下來九個多十個月就是這樣的狀態
[00:28:26.000 --> 00:28:29.000]  你不需要說得多一點
[00:28:29.000 --> 00:28:34.000]  不需要應酬這些八卦的信徒
[00:28:34.000 --> 00:28:37.000]  在聖殿的門口
[00:28:37.000 --> 00:28:41.000]  等你有些什麼奇怪的啟示
[00:28:41.000 --> 00:28:46.000]  去滿足這幫人他們的屬靈的好奇
[00:28:46.000 --> 00:28:52.000]  所以因為這幫人知道撒加利亞
[00:28:52.000 --> 00:28:55.000]  一定有些事情在裡面發生
[00:28:55.000 --> 00:28:56.000]  因為聖經這裡說到
[00:28:56.000 --> 00:29:01.000]  他在聖殿裡面特別久
[00:29:01.000 --> 00:29:07.000]  而且他也能夠自己及智他出來
[00:29:07.000 --> 00:29:14.000]  這個就是我們所說的撒加利亞二人的身份
[00:29:14.000 --> 00:29:21.000]  上帝讓這位二人可以在裡面侍奉
[00:29:21.000 --> 00:29:23.000]  自己走出來
[00:29:23.000 --> 00:29:27.000]  這幫群眾一定想知道他說什麼
[00:29:27.000 --> 00:29:31.000]  不過聖經說他不能和他們說話
[00:29:31.000 --> 00:29:34.000]  你越不說
[00:29:34.000 --> 00:29:39.000]  這幫好奇的人就越認為
[00:29:39.000 --> 00:29:42.000]  你在聖殿裡面一定有異象
[00:29:42.000 --> 00:29:44.000]  所以聖經記載
[00:29:44.000 --> 00:29:48.000]  不是平鋪直敘說一個祭司侍奉完
[00:29:48.000 --> 00:29:50.000]  然後退休回家
[00:29:50.000 --> 00:29:53.000]  不是這樣的
[00:29:53.000 --> 00:29:58.000]  是上帝給了一個第一個encounter
[00:29:58.000 --> 00:30:01.000]  這個功課的第一擊
[00:30:01.000 --> 00:30:04.000]  你第一樣要學會的
[00:30:04.000 --> 00:30:10.000]  不需要去滿足這幫群眾的喜好
[00:30:10.000 --> 00:30:12.000]  作為牧者也是
[00:30:12.000 --> 00:30:14.000]  我講到我牧羊這麼多年
[00:30:14.000 --> 00:30:17.000]  我從來不是因為你不喜歡聽
[00:30:17.000 --> 00:30:19.000]  所以我就不說
[00:30:19.000 --> 00:30:23.000]  甚至有些會友離開了我們
[00:30:23.000 --> 00:30:25.000]  就因為我講到
[00:30:25.000 --> 00:30:27.000]  他就說完了那堂講到之後
[00:30:27.000 --> 00:30:28.000]  他就走出來和我說
[00:30:28.000 --> 00:30:30.000]  牧師你今天講我
[00:30:30.000 --> 00:30:33.000]  我以後都不聽你講了
[00:30:33.000 --> 00:30:36.000]  有啊 最近這幾年都有啊
[00:30:36.000 --> 00:30:37.000]  在網上而已
[00:30:37.000 --> 00:30:42.000]  聽完之後說絕對以後不聽黃牧師講到
[00:30:42.000 --> 00:30:49.000]  我講到這麼多年大家都看到
[00:30:49.000 --> 00:30:51.000]  我不會特意找段經文出來跟你講
[00:30:51.000 --> 00:30:52.000]  順著書卷講
[00:30:52.000 --> 00:30:54.000]  不過如果剛好hit到你的
[00:30:54.000 --> 00:30:56.000]  就不是我的問題
[00:30:56.000 --> 00:30:58.000]  是上帝想你知道的
[00:30:58.000 --> 00:31:00.000]  我沒有agenda
[00:31:00.000 --> 00:31:02.000]  看見你有什麼問題
[00:31:02.000 --> 00:31:05.000]  我特意來到講堂挑剔你
[00:31:05.000 --> 00:31:08.000]  除此之外
[00:31:08.000 --> 00:31:10.000]  如果有一個信徒真的犯罪
[00:31:10.000 --> 00:31:12.000]  我知道的
[00:31:12.000 --> 00:31:15.000]  我會直接跟他說的
[00:31:15.000 --> 00:31:18.000]  我會直接跟他說的
[00:31:18.000 --> 00:31:22.000]  過去不多不少
[00:31:22.000 --> 00:31:25.000]  如果你在教會有段時間
[00:31:25.000 --> 00:31:27.000]  你會知道為什麼有些人
[00:31:27.000 --> 00:31:29.000]  回教會不回教會
[00:31:29.000 --> 00:31:31.000]  你一定會很矛盾
[00:31:31.000 --> 00:31:33.000]  為什麼他不出現
[00:31:33.000 --> 00:31:35.000]  突然間不回教會
[00:31:35.000 --> 00:31:37.000]  好像生氣了全村人一樣
[00:31:37.000 --> 00:31:41.000]  你應該有一個assumption
[00:31:41.000 --> 00:31:44.000]  一是他聽完我堂道以為我說他
[00:31:44.000 --> 00:31:46.000]  或者
[00:31:46.000 --> 00:31:49.000]  就因為我知道他犯罪
[00:31:49.000 --> 00:31:51.000]  我就去跟他說
[00:31:51.000 --> 00:31:54.000]  而他不想改
[00:31:54.000 --> 00:31:57.000]  曾經有一個信徒
[00:31:57.000 --> 00:32:00.000]  我跟他說他犯罪的時候
[00:32:00.000 --> 00:32:04.000]  他不但不認罪
[00:32:04.000 --> 00:32:08.000]  而且還要用很多其他的理由來包裝
[00:32:08.000 --> 00:32:11.000]  為什麼他要這樣做
[00:32:11.000 --> 00:32:16.000]  而倒過來說我為什麼要說他呢
[00:32:16.000 --> 00:32:19.000]  弟兄姊妹
[00:32:19.000 --> 00:32:22.000]  這個侍奉心態
[00:32:22.000 --> 00:32:26.000]  叫做以利亞的心智
[00:32:26.000 --> 00:32:30.000]  其實在我們每個信徒應該有的
[00:32:30.000 --> 00:32:33.000]  為什麼要有
[00:32:33.000 --> 00:32:37.000]  因為你想你身邊的信徒弟兄姊妹好
[00:32:37.000 --> 00:32:39.000]  你才有這個心智
[00:32:39.000 --> 00:32:41.000]  你看到他犯罪
[00:32:41.000 --> 00:32:43.000]  你不提醒他
[00:32:43.000 --> 00:32:45.000]  你不是指控他
[00:32:45.000 --> 00:32:47.000]  你不提醒他
[00:32:47.000 --> 00:32:50.000]  不是和他一起去面對去經歷
[00:32:50.000 --> 00:32:53.000]  並且勝過那個罪的試探
[00:32:53.000 --> 00:32:59.000]  你做不到真正一個屬靈的群體
[00:32:59.000 --> 00:33:00.000]  教會是什麼
[00:33:00.000 --> 00:33:02.000]  教會不是搞崇拜
[00:33:02.000 --> 00:33:03.000]  搞燈光
[00:33:03.000 --> 00:33:05.000]  然後搞一些大家高興的事情
[00:33:05.000 --> 00:33:07.000]  或者搞飲飲食食
[00:33:07.000 --> 00:33:08.000]  然後大家高高興興
[00:33:08.000 --> 00:33:11.000]  做了一生就叫做教會
[00:33:11.000 --> 00:33:15.000]  教會是真正的信徒聚在一起
[00:33:15.000 --> 00:33:16.000]  做什麼
[00:33:16.000 --> 00:33:18.000]  打麻將
[00:33:18.000 --> 00:33:20.000]  不是
[00:33:20.000 --> 00:33:22.000]  是一群信徒聚在一起
[00:33:22.000 --> 00:33:26.000]  去一起面對你的人生
[00:33:26.000 --> 00:33:30.000]  怎樣面對一個充滿罪的人生
[00:33:30.000 --> 00:33:32.000]  來衝擊我們的時候
[00:33:32.000 --> 00:33:34.000]  我們一起去走這條路
[00:33:34.000 --> 00:33:37.000]  而走這條路的時候
[00:33:37.000 --> 00:33:39.000]  不單止有弟兄姊妹和他一起同行
[00:33:39.000 --> 00:33:42.000]  並且最重要的是上帝和你同行
[00:33:42.000 --> 00:33:45.000]  因為他有個英許放在我們裏面
[00:33:45.000 --> 00:33:47.000]  哪裡告訴我們
[00:33:47.000 --> 00:33:48.000]  這裏就是這樣
[00:33:48.000 --> 00:33:54.000]  撒加利亞在這裏根本不需要討好這班民眾
[00:33:54.000 --> 00:33:57.000]  你好奇我在裏面怎樣
[00:33:57.000 --> 00:34:00.000]  我在這裏只能告訴你知道
[00:34:00.000 --> 00:34:03.000]  因為他這樣的經歷
[00:34:03.000 --> 00:34:06.000]  所以他變成一個啞巴
[00:34:06.000 --> 00:34:08.000]  他打手勢
[00:34:08.000 --> 00:34:11.000]  這個記載很有趣
[00:34:11.000 --> 00:34:13.000]  之後再用過
[00:34:13.000 --> 00:34:16.000]  不過我在這裏先這樣說給大家聽
[00:34:16.000 --> 00:34:19.000]  撒加利亞在這裏打的手勢
[00:34:19.000 --> 00:34:23.000]  是表示自己說不了話
[00:34:23.000 --> 00:34:28.000]  之後他再面對另一次有人和他打手勢的時候
[00:34:28.000 --> 00:34:31.000]  就有另外一個意思
[00:34:31.000 --> 00:34:34.000]  這個意思之後我再說
[00:34:34.000 --> 00:34:36.000]  在這個情況之下
[00:34:36.000 --> 00:34:41.000]  撒加利亞由他入完聖殿這一刻
[00:34:41.000 --> 00:34:46.000]  以至於他完成他整個祭司的職份的日子
[00:34:46.000 --> 00:34:51.000]  他都沒有出過一句聲
[00:34:51.000 --> 00:34:58.000]  換言之就算你有多好奇都好
[00:34:58.000 --> 00:35:01.000]  我都答不了你
[00:35:01.000 --> 00:35:03.000]  我不會滿足你
[00:35:03.000 --> 00:35:07.000]  因為上帝使我不是來滿足你
[00:35:07.000 --> 00:35:13.000]  而這個學習就成為了撒加利亞怎樣栽培
[00:35:13.000 --> 00:35:17.000]  施洗約翰的一個很重要的一個基石
[00:35:17.000 --> 00:35:20.000]  怎樣有以利亞先知的心智
[00:35:20.000 --> 00:35:23.000]  他自己身體力行
[00:35:23.000 --> 00:35:25.000]  你說他被迫的
[00:35:25.000 --> 00:35:27.000]  被迫就是被迫
[00:35:27.000 --> 00:35:29.000]  侍奉有時的成長過程
[00:35:29.000 --> 00:35:31.000]  有些東西上帝給功課你
[00:35:31.000 --> 00:35:34.000]  不是你喜歡的東西
[00:35:34.000 --> 00:35:37.000]  我講一樣東西給大家聽
[00:35:37.000 --> 00:35:39.000]  我侍奉了多少年
[00:35:39.000 --> 00:35:42.000]  我1996年開始侍奉
[00:35:42.000 --> 00:35:43.000]  今年有多少年了
[00:35:43.000 --> 00:35:45.000]  今年2026年
[00:35:45.000 --> 00:35:46.000]  我侍奉了多少年了
[00:35:46.000 --> 00:35:48.000]  30年還是20年了
[00:35:48.000 --> 00:35:53.000]  30年了
[00:35:53.000 --> 00:35:55.000]  這30年裏面
[00:35:55.000 --> 00:35:59.000]  上帝給我的學習
[00:35:59.000 --> 00:36:03.000]  有些東西不是容易的
[00:36:03.000 --> 00:36:06.000]  我講一樣東西
[00:36:06.000 --> 00:36:08.000]  如果大家熟悉我
[00:36:08.000 --> 00:36:11.000]  你會知道2000年左右的時候
[00:36:11.000 --> 00:36:16.000]  我曾經試過病過一次很嚴重的
[00:36:16.000 --> 00:36:21.000]  站都站不到
[00:36:21.000 --> 00:36:24.000]  為什麼有這樣的現象呢
[00:36:24.000 --> 00:36:30.000]  因為那個時候我剛開始出來侍奉主的時候
[00:36:30.000 --> 00:36:36.000]  很喜歡用自己的恩賜
[00:36:36.000 --> 00:36:40.000]  上帝都給了不少恩賜我的
[00:36:40.000 --> 00:36:45.000]  譬如網絡的恩賜
[00:36:45.000 --> 00:36:50.000]  我在香港已經做電腦網絡
[00:36:50.000 --> 00:36:52.000]  後來來到加拿大
[00:36:52.000 --> 00:36:57.000]  有個機構很想做網絡的侍工
[00:36:57.000 --> 00:36:59.000]  2000年的時候
[00:36:59.000 --> 00:37:01.000]  回想都很久了
[00:37:01.000 --> 00:37:05.000]  正式1998年他找我的時候
[00:37:05.000 --> 00:37:07.000]  我日以繼夜
[00:37:07.000 --> 00:37:11.000]  夜以繼日在那個機構幫他搞
[00:37:11.000 --> 00:37:15.000]  當你靠自己的力氣的時候
[00:37:15.000 --> 00:37:18.000]  又要顧著教會的工作
[00:37:18.000 --> 00:37:20.000]  又要顧著那個機構
[00:37:20.000 --> 00:37:22.000]  那個機構沒有義工
[00:37:22.000 --> 00:37:27.000]  自己家裏又有一大堆東西要搞
[00:37:27.000 --> 00:37:30.000]  當時小朋友很小
[00:37:30.000 --> 00:37:32.000]  很多東西一起
[00:37:32.000 --> 00:37:36.000]  燒房子
[00:37:36.000 --> 00:37:38.000]  我是不是想燒房子呢
[00:37:38.000 --> 00:37:40.000]  我忠不忠於侍奉主呢
[00:37:40.000 --> 00:37:42.000]  我熱切侍奉主呢
[00:37:42.000 --> 00:37:43.000]  熱切
[00:37:43.000 --> 00:37:45.000]  你說是不是像摩西一樣熱切
[00:37:45.000 --> 00:37:47.000]  好像他一樣熱切
[00:37:47.000 --> 00:37:49.000]  是不是像撒加利亞一樣熱切
[00:37:49.000 --> 00:37:50.000]  好像他一樣
[00:37:50.000 --> 00:37:53.000]  仍然守在聖殿裏面
[00:37:53.000 --> 00:37:55.000]  但是上帝說
[00:37:55.000 --> 00:37:59.000]  This is not the right way
[00:37:59.000 --> 00:38:02.000]  You need to stop
[00:38:02.000 --> 00:38:04.000]  我怎麼停啊
[00:38:04.000 --> 00:38:07.000]  我怎麼停啊
[00:38:07.000 --> 00:38:09.000]  心智上面自己不想停
[00:38:09.000 --> 00:38:11.000]  我用盡我的才幹
[00:38:11.000 --> 00:38:12.000]  可以侍奉主
[00:38:12.000 --> 00:38:14.000]  是不是好事啊
[00:38:14.000 --> 00:38:15.000]  好事啊
[00:38:15.000 --> 00:38:16.000]  很多人讚你
[00:38:16.000 --> 00:38:17.000]  在身邊
[00:38:17.000 --> 00:38:18.000]  連那些機構
[00:38:18.000 --> 00:38:19.000]  那些弟兄姊妹
[00:38:19.000 --> 00:38:21.000]  當時很多教會請我去教會那裏
[00:38:21.000 --> 00:38:22.000]  說什麼呢
[00:38:22.000 --> 00:38:23.000]  大家你知不知道
[00:38:23.000 --> 00:38:24.000]  除了說網絡事工之外
[00:38:24.000 --> 00:38:27.000]  最多喜歡請我講的道
[00:38:27.000 --> 00:38:32.000]  就是如何hack你家裏子女的電腦
[00:38:32.000 --> 00:38:36.000]  為什麼他們的父母要請我去教會
[00:38:36.000 --> 00:38:39.000]  就是如何hack他們的子女的電腦
[00:38:39.000 --> 00:38:40.000]  因為他們很想知道
[00:38:40.000 --> 00:38:44.000]  他們的子女在做什麼
[00:38:44.000 --> 00:38:47.000]  很多教會請我去講
[00:38:47.000 --> 00:38:49.000]  但當這個時候
[00:38:49.000 --> 00:38:50.000]  上帝說
[00:38:50.000 --> 00:38:53.000]  This is the wrong way
[00:38:53.000 --> 00:38:55.000]  Stop it
[00:38:55.000 --> 00:38:58.000]  足足病了一年
[00:38:58.000 --> 00:39:01.000]  那一年上帝也有恩典
[00:39:01.000 --> 00:39:02.000]  西醫看不到
[00:39:02.000 --> 00:39:06.000]  西醫叫我吃那些迷幻藥
[00:39:06.000 --> 00:39:08.000]  吃那些血清素丸
[00:39:08.000 --> 00:39:09.000]  吃完之後
[00:39:09.000 --> 00:39:10.000]  他們說你很大件事
[00:39:10.000 --> 00:39:12.000]  要排很久
[00:39:12.000 --> 00:39:14.000]  因為那些藥addictive
[00:39:14.000 --> 00:39:15.000]  很厲害
[00:39:15.000 --> 00:39:16.000]  我一粒都不吃
[00:39:16.000 --> 00:39:19.000]  醫生說你不要來看
[00:39:19.000 --> 00:39:21.000]  終於我去看中醫
[00:39:21.000 --> 00:39:23.000]  上帝給我一個感恩
[00:39:23.000 --> 00:39:26.000]  有個儀長在那裏做中醫
[00:39:26.000 --> 00:39:29.000]  我隔天去看
[00:39:29.000 --> 00:39:32.000]  花了多少錢
[00:39:32.000 --> 00:39:34.000]  看他需不需要水
[00:39:34.000 --> 00:39:35.000]  他需要水
[00:39:35.000 --> 00:39:37.000]  我有瓶水
[00:39:37.000 --> 00:39:41.000]  我有瓶水
[00:39:41.000 --> 00:39:44.000]  頂尖末
[00:39:44.000 --> 00:39:46.000]  錢又要花
[00:39:46.000 --> 00:39:49.000]  教會又沒有醫療保險
[00:39:49.000 --> 00:39:51.000]  所以每次都要自己出荷包
[00:39:51.000 --> 00:39:54.000]  幸好有個儀長做中醫
[00:39:54.000 --> 00:39:55.000]  就把脈了
[00:39:55.000 --> 00:39:57.000]  不用收診金
[00:39:57.000 --> 00:39:59.000]  就是給藥費
[00:39:59.000 --> 00:40:02.000]  吃了一年藥
[00:40:02.000 --> 00:40:06.000]  吃藥不重要
[00:40:06.000 --> 00:40:09.000]  就是因為上帝給我這個緣故
[00:40:09.000 --> 00:40:12.000]  我儀長那時信了主後沒多久
[00:40:12.000 --> 00:40:16.000]  他跟我說了一句話
[00:40:16.000 --> 00:40:18.000]  他說我是醫生
[00:40:18.000 --> 00:40:21.000]  只能夠醫人三分
[00:40:21.000 --> 00:40:23.000]  真正能夠醫人
[00:40:23.000 --> 00:40:26.000]  是醫人的心
[00:40:26.000 --> 00:40:28.000]  你的心怎麼想
[00:40:28.000 --> 00:40:32.000]  你是否仍然靠自己
[00:40:32.000 --> 00:40:34.000]  走前面的一條路
[00:40:34.000 --> 00:40:39.000]  一個初初信主的儀長來指示
[00:40:39.000 --> 00:40:41.000]  上帝多特別
[00:40:41.000 --> 00:40:44.000]  不容易過的
[00:40:44.000 --> 00:40:47.000]  當你每晚都睡不著的時候
[00:40:47.000 --> 00:40:50.000]  望天光
[00:40:50.000 --> 00:40:53.000]  你的生命怎麼過
[00:40:53.000 --> 00:40:57.000]  老婆又亂
[00:40:57.000 --> 00:41:00.000]  兒子亂
[00:41:00.000 --> 00:41:02.000]  兒子又小 女兒又小
[00:41:02.000 --> 00:41:04.000]  這麼快蓋棋
[00:41:04.000 --> 00:41:06.000]  不值吧
[00:41:06.000 --> 00:41:09.000]  侍奉是要忠心
[00:41:09.000 --> 00:41:13.000]  但是怎麼樣忠心
[00:41:13.000 --> 00:41:15.000]  是重要的
[00:41:15.000 --> 00:41:17.000]  上帝在這個時候
[00:41:17.000 --> 00:41:22.000]  幫助撒加利亞禁停國際
[00:41:22.000 --> 00:41:26.000]  讓你在靈性上的不信
[00:41:26.000 --> 00:41:29.000]  可以扭轉過來
[00:41:29.000 --> 00:41:31.000]  唯一的方法
[00:41:31.000 --> 00:41:35.000]  讓你成為一個靜下來的人
[00:41:35.000 --> 00:41:38.000]  變成沉默
[00:41:38.000 --> 00:41:42.000]  還有不要再說這麼多
[00:41:42.000 --> 00:41:45.000]  用十個月的時間
[00:41:45.000 --> 00:41:47.000]  讓你學習過來
[00:41:47.000 --> 00:41:51.000]  承擔上帝下一步更大的侍奉
[00:41:51.000 --> 00:41:53.000]  你之後會看到他的侍奉非常厲害
[00:41:53.000 --> 00:41:57.000]  他的侍奉可以媲美瑪利亞
[00:41:57.000 --> 00:42:01.000]  不過我們遲些再說
[00:42:01.000 --> 00:42:03.000]  遲些也要說了
[00:42:03.000 --> 00:42:05.000]  這是第二章
[00:42:05.000 --> 00:42:11.000]  第二章要等到十二月才說
[00:42:11.000 --> 00:42:14.000]  但是這節目
[00:42:14.000 --> 00:42:17.000]  有時上帝要我們做的
[00:42:17.000 --> 00:42:20.000]  改變我們屬靈的功課
[00:42:20.000 --> 00:42:22.000]  未必是你喜歡的
[00:42:22.000 --> 00:42:24.000]  而且可能是困難的
[00:42:24.000 --> 00:42:28.000]  但是卻讓我們重新執拾一下
[00:42:28.000 --> 00:42:32.000]  我們的屬靈狀態是怎麼樣
[00:42:32.000 --> 00:42:37.000]  不是為了討好人而去侍奉
[00:42:37.000 --> 00:42:40.000]  不是為了討好自己
[00:42:40.000 --> 00:42:44.000]  能夠更加威風地去侍奉
[00:42:44.000 --> 00:42:49.000]  而是按照上帝的流程和啟示
[00:42:49.000 --> 00:42:52.000]  來配搭侍奉
[00:42:52.000 --> 00:42:56.000]  我們有沒有調節好這個屬靈的光景
[00:42:56.000 --> 00:42:58.000]  另外
[00:42:58.000 --> 00:43:01.000]  有屬靈生命的人
[00:43:01.000 --> 00:43:04.000]  他絕對當然不會拒絕侍奉
[00:43:04.000 --> 00:43:09.000]  但是他仍然在這裡去追求
[00:43:09.000 --> 00:43:11.000]  去等候
[00:43:11.000 --> 00:43:15.000]  看看上帝有什麼學習給他
[00:43:15.000 --> 00:43:20.000]  撒加利亞在經文裡
[00:43:20.000 --> 00:43:22.000]  好像突然消失了
[00:43:22.000 --> 00:43:25.000]  但是聖經的作者
[00:43:25.000 --> 00:43:28.000]  經常提醒我們他在這裡
[00:43:28.000 --> 00:43:31.000]  路加寫東西很仔細
[00:43:31.000 --> 00:43:35.000]  我們之後再看看如何仔細
[00:43:35.000 --> 00:43:37.000]  但最後
[00:43:37.000 --> 00:43:41.000]  我們很多時候會不會跌入一個陷阱裡
[00:43:41.000 --> 00:43:44.000]  有侍奉的行為
[00:43:44.000 --> 00:43:46.000]  行動
[00:43:46.000 --> 00:43:51.000]  但卻沒有一個侍奉神的心智
[00:43:51.000 --> 00:43:54.000]  變得好像侍奉自己
[00:43:54.000 --> 00:43:57.000]  侍奉自己的侍奉喜好
[00:43:57.000 --> 00:44:00.000]  侍奉自己的宗教感
[00:44:00.000 --> 00:44:03.000]  這個可能成為我們很多人的陷阱
[00:44:03.000 --> 00:44:09.000]  失去了侍奉神那份的心智
[00:44:09.000 --> 00:44:11.000]  好了
[00:44:11.000 --> 00:44:13.000]  第二部分
[00:44:13.000 --> 00:44:17.000]  當上帝給了一個這樣的功課給他之後
[00:44:17.000 --> 00:44:19.000]  發生了巨變
[00:44:19.000 --> 00:44:23.000]  我們從第24至25節裡
[00:44:23.000 --> 00:44:26.000]  我們看看有什麼巨變
[00:44:26.000 --> 00:44:29.000]  這個巨變我簡單的描述
[00:44:29.000 --> 00:44:32.000]  他們歸於神的恩惠裡
[00:44:32.000 --> 00:44:34.000]  我們一起去看看
[00:44:34.000 --> 00:44:36.000]  第24至25節
[00:44:36.000 --> 00:44:39.000]  找到之後我為大家讀出
[00:44:39.000 --> 00:44:41.000]  請大家留意
[00:44:41.000 --> 00:44:44.000]  這些日子以後
[00:44:44.000 --> 00:44:49.000]  他的妻子伊麗莎白懷了孕
[00:44:49.000 --> 00:44:51.000]  就隱藏了五個月
[00:44:51.000 --> 00:44:56.000]  說主在眷顧我的日子
[00:44:56.000 --> 00:44:58.000]  這樣看待我
[00:44:58.000 --> 00:45:06.000]  要把我在人間的羞恥除掉
[00:45:06.000 --> 00:45:09.000]  很多時候我們讀到這些經文
[00:45:09.000 --> 00:45:12.000]  我們也很簡單的跳過
[00:45:12.000 --> 00:45:15.000]  大團圓結局
[00:45:15.000 --> 00:45:18.000]  上帝的應許得到實現
[00:45:18.000 --> 00:45:22.000]  我們因此而歡喜快樂
[00:45:22.000 --> 00:45:26.000]  很多人也因為這些經文信主
[00:45:26.000 --> 00:45:30.000]  所以我們可以透過信主
[00:45:30.000 --> 00:45:34.000]  得到上帝的恩惠
[00:45:34.000 --> 00:45:37.000]  而我們祈禱了這麼多年
[00:45:37.000 --> 00:45:39.000]  絕致成真
[00:45:39.000 --> 00:45:41.000]  你們不要放棄
[00:45:41.000 --> 00:45:42.000]  繼續祈禱
[00:45:42.000 --> 00:45:49.000]  上帝終有一天
[00:45:49.000 --> 00:45:52.000]  會滿足你們的願望
[00:45:52.000 --> 00:45:55.000]  是不是這樣
[00:45:55.000 --> 00:45:58.000]  當我們仔細看看這段聖經的時候
[00:45:58.000 --> 00:46:01.000]  我們會留意到
[00:46:01.000 --> 00:46:03.000]  有幾樣東西
[00:46:03.000 --> 00:46:07.000]  第一樣東西 時間
[00:46:07.000 --> 00:46:11.000]  這段聖經很強調時間
[00:46:11.000 --> 00:46:16.000]  第一 這些日子以後
[00:46:16.000 --> 00:46:19.000]  談論什麼 這些日子
[00:46:19.000 --> 00:46:24.000]  就是由撒加利亞收了工
[00:46:24.000 --> 00:46:26.000]  回到他家
[00:46:26.000 --> 00:46:32.000]  回去和他的妻子一起的時候
[00:46:32.000 --> 00:46:36.000]  他就懷了孕
[00:46:36.000 --> 00:46:39.000]  並且講得很清楚
[00:46:39.000 --> 00:46:43.000]  就隱藏了五個月
[00:46:43.000 --> 00:46:46.000]  如果不仔細讀聖經
[00:46:46.000 --> 00:46:50.000]  就隱藏五個月
[00:46:50.000 --> 00:47:00.000]  為什麼五個月呢
[00:47:00.000 --> 00:47:05.000]  又不是四個月 又不是三個月
[00:47:05.000 --> 00:47:10.000]  為什麼呢
[00:47:10.000 --> 00:47:16.000]  首先 如果真的懷胎十月的話
[00:47:16.000 --> 00:47:23.000]  五個月就剛剛好一半時間
[00:47:23.000 --> 00:47:28.000]  在這個時候如果大家有懷孕的經驗
[00:47:28.000 --> 00:47:30.000]  我就沒有機會懷孕
[00:47:30.000 --> 00:47:33.000]  我只能夠分享我師母懷孕的經驗
[00:47:33.000 --> 00:47:35.000]  根據他所講
[00:47:35.000 --> 00:47:38.000]  三個月就開始肚子動了
[00:47:38.000 --> 00:47:41.000]  五個月 根本上那個嬰兒在裡面
[00:47:41.000 --> 00:47:45.000]  你跟他有連繫
[00:47:45.000 --> 00:47:48.000]  所以我不知道有沒有用
[00:47:48.000 --> 00:47:50.000]  不過好像有用
[00:47:50.000 --> 00:47:56.000]  那時候我們就經常播一些音樂給小朋友聽
[00:47:56.000 --> 00:47:58.000]  你有嗎 你也有嗎
[00:47:58.000 --> 00:48:00.000]  播一些音樂給他聽
[00:48:00.000 --> 00:48:05.000]  讓他對音樂有一個很不同的感覺
[00:48:05.000 --> 00:48:07.000]  操練他的腦海
[00:48:07.000 --> 00:48:09.000]  因為他已經成形了
[00:48:09.000 --> 00:48:14.000]  由胎開始教
[00:48:14.000 --> 00:48:16.000]  所以我女兒也是這樣的
[00:48:16.000 --> 00:48:18.000]  很小的時候我們沒有理她
[00:48:18.000 --> 00:48:20.000]  買個電子的兒童玩具鋼琴
[00:48:20.000 --> 00:48:22.000]  按個按鈕有些音樂播出來
[00:48:22.000 --> 00:48:25.000]  她坐在那裡自己按來聽
[00:48:25.000 --> 00:48:26.000]  我沒有理她
[00:48:26.000 --> 00:48:28.000]  她小時候自己按來聽看書
[00:48:28.000 --> 00:48:30.000]  很小的時候都是這樣
[00:48:30.000 --> 00:48:39.000]  為什麼路嘉要寫得這麼仔細呢
[00:48:39.000 --> 00:48:43.000]  因為其中一半是懷孕的日子
[00:48:43.000 --> 00:48:46.000]  在懷孕的日子的時候
[00:48:46.000 --> 00:48:50.000]  很肯定嬰孩已經穩定的狀態
[00:48:50.000 --> 00:48:55.000]  第二 如果我們偷看下面第26節
[00:48:55.000 --> 00:48:59.000]  其實原來預備了一個很特別的經歷
[00:48:59.000 --> 00:49:04.000]  在懷孕的中期讓伊麗莎白
[00:49:04.000 --> 00:49:08.000]  但是也是馬尼亞所引起的
[00:49:08.000 --> 00:49:22.000]  而這個事件就是馬尼亞收到上帝透過天使的啟示之後
[00:49:22.000 --> 00:49:26.000]  她同樣要和貞女懷孕生子
[00:49:26.000 --> 00:49:30.000]  接著就去探望伊麗莎白
[00:49:30.000 --> 00:49:34.000]  去伊麗莎白的時候請大家留意
[00:49:34.000 --> 00:49:40.000]  經文是說她是進入撒加利亞的家
[00:49:40.000 --> 00:49:42.000]  這些你們自己回去看
[00:49:42.000 --> 00:49:45.000]  遲些我會再說
[00:49:45.000 --> 00:49:51.000]  上帝其實在這個時候在塑造這兩夫婦
[00:49:51.000 --> 00:49:56.000]  去看上帝在他們身上的工作
[00:49:56.000 --> 00:49:58.000]  一個現在又不出聲
[00:49:58.000 --> 00:50:04.000]  天天自己不說話就在看在聽
[00:50:04.000 --> 00:50:06.000]  做不做事我相信都會做的
[00:50:06.000 --> 00:50:09.000]  做事不需要一張嘴巴
[00:50:09.000 --> 00:50:16.000]  我也是這樣在家裡自己做事不需要說話
[00:50:16.000 --> 00:50:18.000]  自己做就可以了
[00:50:18.000 --> 00:50:21.000]  但更重要的是在這段聖經裏面
[00:50:21.000 --> 00:50:26.000]  給了五個月隱藏的時間
[00:50:26.000 --> 00:50:30.000]  為什麼要隱藏呢
[00:50:30.000 --> 00:50:34.000]  其中一個很重要的訊息就是
[00:50:34.000 --> 00:50:40.000]  讓他們進入一個完全封閉的狀態
[00:50:40.000 --> 00:50:46.000]  所以路加寫的東西不是直接說到很白
[00:50:46.000 --> 00:50:48.000]  當你自己仔細去看
[00:50:48.000 --> 00:50:51.000]  為什麼五個月要隱藏
[00:50:51.000 --> 00:50:53.000]  我不想在這裏說
[00:50:53.000 --> 00:50:57.000]  中國人所說的小朋友會小器的
[00:50:57.000 --> 00:51:00.000]  你不夠懷孕穩定也不要告訴別人
[00:51:00.000 --> 00:51:03.000]  你有了至少三個月
[00:51:03.000 --> 00:51:04.000]  他不是這個意思
[00:51:04.000 --> 00:51:07.000]  聖經在這裏特別說隱藏
[00:51:07.000 --> 00:51:09.000]  這個隱藏的意思是讓他們
[00:51:09.000 --> 00:51:13.000]  在一個完全隔絕和任何人
[00:51:13.000 --> 00:51:17.000]  任何人的批評任何人的說話的狀態之下
[00:51:17.000 --> 00:51:22.000]  去嘗試去默想思想整個過程的意義是什麼
[00:51:23.000 --> 00:51:26.000]  尤其是作為太太的伊麗莎白
[00:51:26.000 --> 00:51:29.000]  我又年紀老邁了
[00:51:29.000 --> 00:51:32.000]  我自己也知道自己是不能生育的
[00:51:32.000 --> 00:51:34.000]  他自己知道是經文講的不是我說的
[00:51:34.000 --> 00:51:36.000]  詞文你們看一下
[00:51:36.000 --> 00:51:38.000]  他自己說自己是不能生育的
[00:51:38.000 --> 00:51:40.000]  因為聖經的作者都是這樣說的
[00:51:40.000 --> 00:51:42.000]  一開始有沒有留意
[00:51:42.000 --> 00:51:47.000]  這兩個人是二人
[00:51:47.000 --> 00:51:50.000]  但是他們年紀老邁
[00:51:50.000 --> 00:51:54.000]  七字講伊麗莎白是不能生育的
[00:51:54.000 --> 00:51:57.000]  作為一個太太自己不能生育
[00:51:57.000 --> 00:51:59.000]  但是因為這個的英許
[00:51:59.000 --> 00:52:01.000]  撒加利亞回來之後
[00:52:01.000 --> 00:52:03.000]  可以使他懷孕
[00:52:03.000 --> 00:52:06.000]  又老又能夠懷孕
[00:52:06.000 --> 00:52:09.000]  不能生育又可以懷孕
[00:52:09.000 --> 00:52:11.000]  值不值得去想
[00:52:11.000 --> 00:52:13.000]  用足五個月的時間
[00:52:13.000 --> 00:52:16.000]  讓他們兩夫婦自己想清楚
[00:52:16.000 --> 00:52:17.000]  想了出來之後
[00:52:17.000 --> 00:52:20.000]  作了一個見證讓我們知道
[00:52:20.000 --> 00:52:22.000]  這個什麼見證呢
[00:52:22.000 --> 00:52:24.000]  再看一次
[00:52:24.000 --> 00:52:26.000]  25節我們一起讀
[00:52:26.000 --> 00:52:31.000]  說主在眷顧我的日子
[00:52:31.000 --> 00:52:34.000]  這樣看待我
[00:52:34.000 --> 00:52:40.000]  要把我在人間的羞恥除掉
[00:52:40.000 --> 00:52:45.000]  這五個月的時間
[00:52:45.000 --> 00:52:49.000]  聖經起碼告訴我們
[00:52:49.000 --> 00:52:53.000]  對於伊麗莎白來說
[00:52:53.000 --> 00:52:57.000]  他體會到一件事
[00:52:57.000 --> 00:53:04.000]  就是一些他本來已經視為不可能的事
[00:53:04.000 --> 00:53:06.000]  變成可能
[00:53:06.000 --> 00:53:10.000]  當一些事情
[00:53:10.000 --> 00:53:15.000]  以往只是在想像裏面祈禱
[00:53:15.000 --> 00:53:18.000]  現在成真
[00:53:18.000 --> 00:53:21.000]  我再重複說一次
[00:53:21.000 --> 00:53:25.000]  在原本人認為不可能的時候
[00:53:25.000 --> 00:53:27.000]  變成有可能
[00:53:27.000 --> 00:53:31.000]  在原本人認為只能在想像中想像的事
[00:53:31.000 --> 00:53:33.000]  現在變成真
[00:53:33.000 --> 00:53:35.000]  那個因由是什麼呢
[00:53:35.000 --> 00:53:40.000]  不是我說的
[00:53:40.000 --> 00:53:42.000]  是他說的
[00:53:42.000 --> 00:53:50.000]  主在眷顧我的日子
[00:53:50.000 --> 00:53:54.000]  又關日子事
[00:53:54.000 --> 00:53:59.000]  中文就是日子
[00:53:59.000 --> 00:54:02.000]  原文沒有寫日子
[00:54:02.000 --> 00:54:05.000]  原文的意思是
[00:54:05.000 --> 00:54:12.000]  上帝眷顧我的這段時空
[00:54:12.000 --> 00:54:27.000]  我在上主眷愛的搖籃裏
[00:54:27.000 --> 00:54:34.000]  上帝讓我們在一個封閉的地方裏面
[00:54:34.000 --> 00:54:36.000]  終於體會到
[00:54:36.000 --> 00:54:38.000]  所有的
[00:54:38.000 --> 00:54:40.000]  現在我們所得到的
[00:54:40.000 --> 00:54:46.000]  是上帝好像把我們放在一個搖籃裏面
[00:54:46.000 --> 00:54:50.000]  賦予給我們
[00:54:50.000 --> 00:54:54.000]  是他對我們特別的優待
[00:54:54.000 --> 00:55:00.000]  所以原文就用我們在一個優待的狀態下
[00:55:00.000 --> 00:55:05.000]  所以New Revised Standard Version是這樣翻譯的
[00:55:05.000 --> 00:55:11.000]  He looked favourably on me
[00:55:11.000 --> 00:55:17.000]  他看我是一種寬裕
[00:55:17.000 --> 00:55:20.000]  是一種恩惠
[00:55:20.000 --> 00:55:24.000]  對我的一種恩澤
[00:55:24.000 --> 00:55:27.000]  是上帝對我的恩澤
[00:55:27.000 --> 00:55:32.000]  而這個恩澤所導致的結果是怎樣呢
[00:55:32.000 --> 00:55:38.000]  是把我的羞辱拿走
[00:55:38.000 --> 00:55:43.000]  而且這個羞辱是怎樣呢
[00:55:43.000 --> 00:55:45.000]  中文和合本說
[00:55:45.000 --> 00:55:50.000]  要把我在人間的羞恥除掉
[00:55:50.000 --> 00:55:55.000]  但如果我們看New Revised Standard Version的時候
[00:55:55.000 --> 00:55:56.000]  他說
[00:55:56.000 --> 00:56:04.000]  Took away the disgrace I have endured among my people
[00:56:04.000 --> 00:56:09.000]  他已經長期的在他自己的人群當中
[00:56:09.000 --> 00:56:13.000]  忍受了很久
[00:56:13.000 --> 00:56:17.000]  甚麼人群呢
[00:56:17.000 --> 00:56:21.000]  就是先前在看出會的那群人
[00:56:21.000 --> 00:56:25.000]  在等著撒加里亞從聖殿走出來的那群人
[00:56:25.000 --> 00:56:29.000]  那些人見到我就是這樣看我
[00:56:29.000 --> 00:56:33.000]  母仔生
[00:56:33.000 --> 00:56:35.000]  有時也很無辜
[00:56:35.000 --> 00:56:37.000]  母仔生不一定是他的
[00:56:37.000 --> 00:56:39.000]  可能是老公不行
[00:56:39.000 --> 00:56:43.000]  我也不知道 聖經也說是他母仔生
[00:56:43.000 --> 00:56:51.000]  這種羞辱在過去一直纏繞著伊麗莎白
[00:56:51.000 --> 00:56:53.000]  在這一刻
[00:56:53.000 --> 00:56:59.000]  上帝的恩惠來到她身上的時候
[00:56:59.000 --> 00:57:03.000]  將她完全扭轉
[00:57:03.000 --> 00:57:06.000]  我們可以看見
[00:57:06.000 --> 00:57:12.000]  撒加里亞和伊麗莎白兩個都是異人
[00:57:12.000 --> 00:57:15.000]  一個在這個時候處於不信
[00:57:15.000 --> 00:57:18.000]  上帝正在給她功課學習
[00:57:18.000 --> 00:57:21.000]  另一個其實就在長期的
[00:57:21.000 --> 00:57:27.000]  被其他人的羞辱之下而生活
[00:57:27.000 --> 00:57:30.000]  在這兩者的矛盾裏面
[00:57:30.000 --> 00:57:36.000]  什麼使得他們得到解脫呢?
[00:57:36.000 --> 00:57:42.000]  是不是他們的疑使得他們得到解脫呢?
[00:57:42.000 --> 00:57:50.000]  還是上帝看到他們的疑而解脫呢?
[00:57:50.000 --> 00:57:52.000]  從這段聖經裏面
[00:57:52.000 --> 00:57:59.000]  我們可以看到上帝怎樣去給功課你和我
[00:57:59.000 --> 00:58:03.000]  這些經驗不容易的
[00:58:03.000 --> 00:58:05.000]  或許有些人說
[00:58:05.000 --> 00:58:07.000]  牧師我信了主之後
[00:58:07.000 --> 00:58:11.000]  仍然很多事情都很不順利
[00:58:11.000 --> 00:58:13.000]  我以前最初信主的時候
[00:58:13.000 --> 00:58:15.000]  有個同學我帶他回教會
[00:58:15.000 --> 00:58:19.000]  他在最後一次回教會的時候
[00:58:19.000 --> 00:58:23.000]  臨完結崇拜離開教會的時候
[00:58:23.000 --> 00:58:24.000]  他這樣跟我說
[00:58:24.000 --> 00:58:27.000]  他說Alan我以後不回教會了
[00:58:27.000 --> 00:58:30.000]  我說為什麼呢?
[00:58:30.000 --> 00:58:35.000]  我越信這個主越多麻煩的事情出現
[00:58:35.000 --> 00:58:40.000]  不信比信好
[00:58:40.000 --> 00:58:47.000]  很多人信主是因為信主可以幫他解決麻煩的事情
[00:58:47.000 --> 00:58:48.000]  但是你有沒有想過
[00:58:48.000 --> 00:58:50.000]  信了主那些麻煩的事情
[00:58:50.000 --> 00:58:53.000]  其實不一定會離開你
[00:58:53.000 --> 00:58:55.000]  可能更麻煩
[00:58:55.000 --> 00:58:57.000]  因為你相信主
[00:58:57.000 --> 00:58:58.000]  你按照上主的說話
[00:58:58.000 --> 00:59:04.000]  活在這個世界就會更麻煩
[00:59:04.000 --> 00:59:07.000]  但是更麻煩
[00:59:07.000 --> 00:59:13.000]  它使你生命面剩的機會
[00:59:13.000 --> 00:59:18.000]  撒加利亞和基尼沙伯兩個
[00:59:18.000 --> 00:59:21.000]  五個月了
[00:59:21.000 --> 00:59:24.000]  他講出了這番的分享
[00:59:24.000 --> 00:59:26.000]  讓我們知道
[00:59:26.000 --> 00:59:29.000]  他們已經捱了一生這麼長的時間
[00:59:29.000 --> 00:59:32.000]  等到這一刻
[00:59:32.000 --> 00:59:35.000]  上帝才為他們去解決
[00:59:35.000 --> 00:59:40.000]  他們一直想解決的問題
[00:59:40.000 --> 00:59:42.000]  不過從這段聖經裡要告訴我
[00:59:42.000 --> 00:59:47.000]  不是最終你信主就一定得到解決
[00:59:47.000 --> 00:59:48.000]  而是最重要
[00:59:48.000 --> 00:59:52.000]  你是否在上帝裡面被眷愛的人
[00:59:52.000 --> 00:59:56.000]  因為如果你成為一個上帝所眷愛的人
[00:59:56.000 --> 01:00:01.000]  你就成為一個在最開頭路加福音所說的
[01:00:01.000 --> 01:00:06.000]  提亞非羅背後的異議
[01:00:06.000 --> 01:00:13.000]  那一類的信徒
[01:00:13.000 --> 01:00:15.000]  所以弟兄姊妹
[01:00:15.000 --> 01:00:17.000]  我們千萬不要以為我們信了主
[01:00:17.000 --> 01:00:19.000]  利用信主利用忠誠
[01:00:19.000 --> 01:00:21.000]  然後或者對上帝的侍奉
[01:00:21.000 --> 01:00:26.000]  然後可以去換取上帝為我們解決問題
[01:00:26.000 --> 01:00:28.000]  解決我們心中的疑難
[01:00:28.000 --> 01:00:30.000]  來作為一種手段
[01:00:30.000 --> 01:00:32.000]  千萬不要這樣想
[01:00:32.000 --> 01:00:34.000]  那些問題有沒有解決
[01:00:34.000 --> 01:00:37.000]  不是在乎你信不信主的問題
[01:00:37.000 --> 01:00:42.000]  而是在乎上帝認不認為那個問題需要解決
[01:00:42.000 --> 01:00:50.000]  有些人可能上帝一生都不會解決到他期望解決的問題
[01:00:50.000 --> 01:00:52.000]  上帝容許那個問題存在
[01:00:52.000 --> 01:00:56.000]  但那個問題卻是對你有益處
[01:00:56.000 --> 01:01:01.000]  由我以上帝的一位牧人
[01:01:01.000 --> 01:01:04.000]  叫做仕途保羅說
[01:01:04.000 --> 01:01:08.000]  他說我在我生命當中有一根刺
[01:01:08.000 --> 01:01:14.000]  我多次重重複複地求上帝將這根刺拿開
[01:01:14.000 --> 01:01:18.000]  但上帝有沒有將它拿開
[01:01:18.000 --> 01:01:19.000]  他說沒有
[01:01:19.000 --> 01:01:22.000]  而上帝沒有將刺拿開
[01:01:22.000 --> 01:01:24.000]  反而是因為這根刺
[01:01:24.000 --> 01:01:28.000]  更造就了一個不同的保羅
[01:01:28.000 --> 01:01:30.000]  更願意衛生在上帝身上
[01:01:30.000 --> 01:01:33.000]  與這根刺同行
[01:01:33.000 --> 01:01:42.000]  在2019年年尾2020年的時候
[01:01:42.000 --> 01:01:47.000]  我們就有這個所謂世紀的病毒
[01:01:47.000 --> 01:01:52.000]  叫做COVID-19
[01:01:52.000 --> 01:01:57.000]  那時候沒多久很多人就說要隔離
[01:01:57.000 --> 01:02:00.000]  全部不准出街
[01:02:00.000 --> 01:02:02.000]  全部要躲在家裡
[01:02:02.000 --> 01:02:04.000]  不要跟人接觸
[01:02:04.000 --> 01:02:07.000]  那時候我們家裡都很嚴謹
[01:02:07.000 --> 01:02:10.000]  買消毒水 漂白水
[01:02:10.000 --> 01:02:12.000]  每個人出入
[01:02:12.000 --> 01:02:16.000]  鞋子全部要漂白水浸過走過
[01:02:16.000 --> 01:02:19.000]  那時候很嚴重
[01:02:19.000 --> 01:02:26.000]  那時候我就想起保羅的根刺
[01:02:26.000 --> 01:02:28.000]  我不知道那些人怎麼想
[01:02:28.000 --> 01:02:32.000]  從開頭我已經這樣想
[01:02:32.000 --> 01:02:34.000]  病症你是沒錯
[01:02:34.000 --> 01:02:37.000]  你是盡力去防備
[01:02:37.000 --> 01:02:42.000]  但倘若你真的中了的話
[01:02:42.000 --> 01:02:48.000]  你反而要學的是與病毒同處
[01:02:48.000 --> 01:02:52.000]  或許病毒同處對你的身體
[01:02:52.000 --> 01:02:56.000]  或者靈性上有幫助嗎?
[01:02:56.000 --> 01:02:59.000]  結局整個疫情完結了
[01:02:59.000 --> 01:03:02.000]  人們開始上班
[01:03:02.000 --> 01:03:04.000]  每個人都沒事
[01:03:04.000 --> 01:03:08.000]  我還沒中招
[01:03:08.000 --> 01:03:13.000]  就在那個時候 每個人都以為已經完結的時候
[01:03:13.000 --> 01:03:16.000]  我就先中招
[01:03:16.000 --> 01:03:20.000]  我不想的
[01:03:20.000 --> 01:03:23.000]  不過怎麼樣呢?
[01:03:23.000 --> 01:03:26.000]  中了招了怎麼辦呢?
[01:03:26.000 --> 01:03:30.000]  中了招之後就像現在這樣
[01:03:30.000 --> 01:03:33.000]  整個肺是差的
[01:03:33.000 --> 01:03:36.000]  你很明顯知道自己的肺是差的
[01:03:36.000 --> 01:03:40.000]  現在還搞了一宗呼吸不了
[01:03:40.000 --> 01:03:42.000]  睡眠窒息
[01:03:42.000 --> 01:03:44.000]  很多人都睡眠窒息
[01:03:44.000 --> 01:03:46.000]  我都沒窒息過這麼多年
[01:03:46.000 --> 01:03:48.000]  到現在才窒息
[01:03:48.000 --> 01:03:51.000]  前兩晚又窒息一次
[01:03:51.000 --> 01:03:54.000]  那晚想著屎事不大
[01:03:54.000 --> 01:03:56.000]  窒息機呼吸機
[01:03:56.000 --> 01:03:58.000]  一事變之龍與鳳
[01:03:58.000 --> 01:04:00.000]  那晚馬上呼吸不了
[01:04:00.000 --> 01:04:02.000]  師母說你又搞什麼?
[01:04:02.000 --> 01:04:03.000]  我又呼吸不了
[01:04:03.000 --> 01:04:06.000]  馬上拿回那部機出來
[01:04:06.000 --> 01:04:08.000]  又呼吸呼吸呼吸
[01:04:08.000 --> 01:04:10.000]  第二天早上
[01:04:10.000 --> 01:04:14.000]  難道這樣你就不侍奉嗎?
[01:04:14.000 --> 01:04:17.000]  昨晚我整晚都沒睡過
[01:04:17.000 --> 01:04:19.000]  Sandy看到我 哇 目屎眼腫腫的
[01:04:19.000 --> 01:04:20.000]  今天幹什麼?
[01:04:20.000 --> 01:04:23.000]  沒睡過 睡不著
[01:04:23.000 --> 01:04:25.000]  Allergy
[01:04:25.000 --> 01:04:27.000]  呼吸不了 呼吸不了
[01:04:27.000 --> 01:04:29.000]  睡不了
[01:04:29.000 --> 01:04:32.000]  難道不侍奉嗎?
[01:04:32.000 --> 01:04:34.000]  是
[01:04:34.000 --> 01:04:36.000]  我們要照顧自己的身體
[01:04:36.000 --> 01:04:38.000]  但同時間 弟兄姊妹
[01:04:38.000 --> 01:04:40.000]  上帝容許了一件事
[01:04:40.000 --> 01:04:42.000]  發生在你身上的時候
[01:04:42.000 --> 01:04:44.000]  你不要埋怨
[01:04:44.000 --> 01:04:48.000]  反而去看上帝在這件事上的目的是什麼
[01:04:48.000 --> 01:04:52.000]  有得三不是一定是好事
[01:04:52.000 --> 01:04:54.000]  你試一下
[01:04:54.000 --> 01:04:56.000]  我有多少個朋友生了之後
[01:04:56.000 --> 01:04:58.000]  激心激到死
[01:04:58.000 --> 01:05:02.000]  比沒生還慘
[01:05:02.000 --> 01:05:04.000]  不是有得三沒得三的問題
[01:05:04.000 --> 01:05:06.000]  問題是
[01:05:06.000 --> 01:05:10.000]  你是否在上帝的恩惠裡面
[01:05:10.000 --> 01:05:12.000]  所以
[01:05:12.000 --> 01:05:16.000]  我很喜歡原文翻譯
[01:05:16.000 --> 01:05:19.000]  原文翻譯在New Revised Standard Version說
[01:05:19.000 --> 01:05:24.000]  上帝look you favorably
[01:05:24.000 --> 01:05:26.000]  上帝看著你的時候
[01:05:26.000 --> 01:05:30.000]  他就看到你是他心上人一樣
[01:05:30.000 --> 01:05:32.000]  如果我們作為真正神的子民
[01:05:32.000 --> 01:05:34.000]  屬神的子民
[01:05:34.000 --> 01:05:36.000]  我們能夠做到這一點的時候
[01:05:36.000 --> 01:05:38.000]  你就可以過關
[01:05:38.000 --> 01:05:40.000]  更加好的侍奉
[01:05:40.000 --> 01:05:42.000]  而瑪利亞
[01:05:42.000 --> 01:05:44.000]  伊麗莎白 撒加利亞
[01:05:44.000 --> 01:05:46.000]  全部都是這樣的人
[01:05:46.000 --> 01:05:48.000]  往後我們會看的 下星期會看的
[01:05:48.000 --> 01:05:52.000]  但在這個過程當中
[01:05:52.000 --> 01:05:56.000]  如何竭力讓自己成為
[01:05:56.000 --> 01:05:58.000]  上帝所喜悅的人
[01:05:58.000 --> 01:06:02.000]  這個就是我們要花一生功課
[01:06:02.000 --> 01:06:06.000]  去投入的一個學習
[01:06:06.000 --> 01:06:08.000]  求主幫助我們
[01:06:08.000 --> 01:06:12.000]  讓我們有一個正確的侍奉心態
[01:06:12.000 --> 01:06:14.000]  信主的心態
[01:06:14.000 --> 01:06:20.000]  不是信主為了祈求得到什麼好處
[01:06:20.000 --> 01:06:24.000]  而是祈求得到一些上帝的祝福
[01:06:24.000 --> 01:06:26.000]  才去相信主
[01:06:26.000 --> 01:06:28.000]  祝福在聖經裏面
[01:06:28.000 --> 01:06:30.000]  永遠永遠永遠都一定有一個
[01:06:30.000 --> 01:06:34.000]  承擔的元素在裏面
[01:06:34.000 --> 01:06:38.000]  如果你沒有承擔的元素在裏面
[01:06:38.000 --> 01:06:40.000]  你得到的祝福
[01:06:40.000 --> 01:06:46.000]  只不過是糟蹋了祝福的一個開始
[01:06:46.000 --> 01:06:48.000]  求主幫助我們
[01:06:48.000 --> 01:06:51.000]  學會如何去領受
[01:06:51.000 --> 01:06:53.000]  而且有責任地
[01:06:53.000 --> 01:06:56.000]  肯承擔上帝給我們每一個祝福
[01:06:56.000 --> 01:06:59.000]  所帶來跟著要有的侍奉的生命
[01:06:59.000 --> 01:07:01.000]  讓我們一起同心協力去透過
[01:07:01.000 --> 01:07:04.000]  天父多謝你讓我們在這段聖經裏面的學習
[01:07:04.000 --> 01:07:07.000]  讓我們能夠看到我們的人生
[01:07:07.000 --> 01:07:09.000]  特別作為一個信徒
[01:07:09.000 --> 01:07:12.000]  我們如何在上主理的裏面
[01:07:12.000 --> 01:07:14.000]  我們能夠真是全然投入
[01:07:14.000 --> 01:07:20.000]  能夠符合上帝你所喜悅的這個生命
[01:07:20.000 --> 01:07:22.000]  而不是只是投入去
[01:07:22.000 --> 01:07:27.000]  好像投資得到一些上帝交換的好處
[01:07:27.000 --> 01:07:30.000]  因主要求你讓我們有一個正確的信仰
[01:07:30.000 --> 01:07:34.000]  讓我們能夠在上主理的當中能夠活著
[01:07:34.000 --> 01:07:38.000]  是恰宜地上帝你所喜悅的生命
[01:07:38.000 --> 01:07:41.000]  要讓我們當走錯的時候
[01:07:41.000 --> 01:07:46.000]  我們能夠勇敢地在上帝當中去承認
[01:07:46.000 --> 01:07:52.000]  並且讓上帝你給我們的功課去更新我們
[01:07:52.000 --> 01:07:54.000]  或許這些功課並不容易
[01:07:54.000 --> 01:07:59.000]  或者甚至是困難、難堪、難受
[01:07:59.000 --> 01:08:02.000]  但求主你的幫助
[01:08:02.000 --> 01:08:04.000]  讓我們在這個過程當中
[01:08:04.000 --> 01:08:07.000]  抓緊的是上帝你
[01:08:07.000 --> 01:08:12.000]  而不是抓緊只是上帝你賦予的東西
[01:08:12.000 --> 01:08:18.000]  求主讓我們有一個真正像伊利亞的心智
[01:08:18.000 --> 01:08:22.000]  只要按照上主你的說話
[01:08:22.000 --> 01:08:26.000]  在這個世界上不是看人情面而活
[01:08:26.000 --> 01:08:31.000]  而是看上主你的喜悅而活
[01:08:31.000 --> 01:08:34.000]  禱告奉靠主耶穌基督得生命之救
[01:08:34.000 --> 01:08:35.000]  阿們
[01:08:37.000 --> 01:08:40.000]  由 Amara.org 社群提供的字幕
