
[00:00:00.000 --> 00:00:06.360]  列王紀合一王朝系列的第十一講
[00:00:06.360 --> 00:00:08.840]  今天就是最後的一講
[00:00:08.840 --> 00:00:12.720]  這一講之後以色列國就分為南北兩國
[00:00:12.720 --> 00:00:16.360]  所以就跟著我們會講的就是
[00:00:16.360 --> 00:00:20.600]  北國王朝系列和南國王朝系列
[00:00:20.600 --> 00:00:25.240]  今天的經文在列王紀上的十二章和十四章尾
[00:00:25.240 --> 00:00:28.920]  也都在歷代之下的十章至到十二章
[00:00:28.920 --> 00:00:31.560]  所以如果一齊讀經的話
[00:00:31.560 --> 00:00:33.360]  你一邊聽道一邊讀經
[00:00:33.360 --> 00:00:35.640]  記得要讀這些經文
[00:00:35.640 --> 00:00:37.680]  我今天給他的題目是
[00:00:37.680 --> 00:00:40.640]  父親的虛空 兒子的愚昧
[00:00:40.640 --> 00:00:44.720]  一個基業如何敗在兩代人的手中
[00:00:44.720 --> 00:00:48.320]  這裡說父親的虛空是說誰呢
[00:00:48.320 --> 00:00:49.600]  是所羅門
[00:00:49.600 --> 00:00:52.880]  他在傳道書說凡事都虛空
[00:00:52.880 --> 00:00:56.440]  他的兒子就是我們今天的主角羅波安
[00:00:56.440 --> 00:01:01.080]  遲些我們會見到他是一個非常愚昧的人
[00:01:01.080 --> 00:01:04.840]  以色列國就是敗在他兩個人的手中
[00:01:04.840 --> 00:01:08.200]  成為了南北兩國
[00:01:08.200 --> 00:01:12.560]  在傳道書的二章十八節至到十九節
[00:01:12.560 --> 00:01:14.720]  所羅門他自己都說
[00:01:14.720 --> 00:01:17.280]  他說我恨惡一切的奴隸
[00:01:17.280 --> 00:01:20.480]  就是我在日光之下的奴隸
[00:01:20.480 --> 00:01:23.920]  因為我得來的必留給我以後的人
[00:01:23.920 --> 00:01:26.680]  那人是智慧是愚昧
[00:01:26.680 --> 00:01:31.880]  誰能知道他竟要管理我奴隸所得的
[00:01:31.880 --> 00:01:35.960]  就是我在日光之下用智慧所得的
[00:01:35.960 --> 00:01:37.920]  這也是虛空
[00:01:37.920 --> 00:01:41.320]  所羅門在傳道書裏面說虛空
[00:01:41.320 --> 00:01:46.240]  其中一個虛空就是他奴隸得來的產業
[00:01:46.240 --> 00:01:48.480]  他會給他的後人
[00:01:48.480 --> 00:01:54.400]  而究竟這個人是智慧還是愚昧不到他管
[00:01:54.400 --> 00:01:56.880]  他說這個也是虛空
[00:01:56.880 --> 00:02:02.160]  而的確他的兒子羅波安就是一個愚昧的人
[00:02:02.160 --> 00:02:06.160]  根據列王紀上的十四章二十一節
[00:02:06.160 --> 00:02:09.960]  羅波安登基的時候他是四十一歲
[00:02:09.960 --> 00:02:13.920]  由於所羅門統治了以色列國四十年
[00:02:13.920 --> 00:02:19.680]  我們知道羅波安出世在所羅門登基之前
[00:02:19.680 --> 00:02:24.400]  羅波安的母親就是阿門人那瑪
[00:02:24.400 --> 00:02:29.720]  所以所羅門在列王紀上的三章一節
[00:02:29.720 --> 00:02:35.640]  他娶埃及的公主絕對不是他第一任的妻子
[00:02:35.640 --> 00:02:42.760]  所羅門的父親大衛就娶了敘利亞基述的公主做妻子
[00:02:42.760 --> 00:02:47.640]  這就是亞瑟龍的媽媽瑪迦公主
[00:02:47.640 --> 00:02:51.840]  毫無疑問這場婚姻是有政治的動機
[00:02:51.840 --> 00:02:56.720]  所以所羅門娶阿門的女子為妻
[00:02:56.720 --> 00:02:59.640]  也可能是有政治的動機
[00:02:59.640 --> 00:03:05.800]  羅波安偶然會做出有精明的決定
[00:03:05.800 --> 00:03:09.640]  但基本上他就是一個愚蠢的領袖
[00:03:09.640 --> 00:03:13.400]  從以下的五點我們可以看出他的品格
[00:03:13.400 --> 00:03:15.000]  看出他的愚昧
[00:03:15.000 --> 00:03:17.760]  也是我們今天的大綱
[00:03:17.760 --> 00:03:20.960]  第一點就是王的傲慢
[00:03:20.960 --> 00:03:23.080]  說到羅波安的傲慢
[00:03:23.080 --> 00:03:24.280]  第二點呢
[00:03:24.280 --> 00:03:28.960]  因為他傲慢以至他作出了一個不治的公報
[00:03:28.960 --> 00:03:30.480]  這是第二點
[00:03:30.480 --> 00:03:32.040]  第三點呢
[00:03:32.040 --> 00:03:37.720]  因為這個公報以至以色列人十個支派背叛他
[00:03:37.720 --> 00:03:39.720]  所以帶來他的憤怒
[00:03:39.720 --> 00:03:41.720]  這是第三點
[00:03:41.720 --> 00:03:43.160]  而第四點呢
[00:03:43.160 --> 00:03:46.720]  就是當他去攻打十個支派的時候
[00:03:46.720 --> 00:03:49.280]  神差派先知跟他說
[00:03:49.280 --> 00:03:51.480]  你們兄弟不要爭鬥
[00:03:51.480 --> 00:03:53.040]  你不要這樣做
[00:03:53.040 --> 00:03:57.920]  所以羅波安就沒有攻打到以色列十個支派
[00:03:57.920 --> 00:04:02.400]  他反過來就開始他建築的基業
[00:04:02.400 --> 00:04:04.880]  就好像他爸爸所羅門一樣
[00:04:04.880 --> 00:04:09.920]  建造城牆建造城邑來保護自己
[00:04:09.920 --> 00:04:11.520]  而最後一點
[00:04:11.520 --> 00:04:13.720]  就是他的背道
[00:04:13.720 --> 00:04:15.320]  羅波安的背道
[00:04:15.320 --> 00:04:17.480]  他三年與神同行
[00:04:17.480 --> 00:04:19.480]  但是第四年開始
[00:04:19.480 --> 00:04:21.680]  他就開始離棄神
[00:04:21.680 --> 00:04:23.640]  你又說五點
[00:04:23.640 --> 00:04:25.680]  為什麼大綱有第六點
[00:04:25.680 --> 00:04:30.120]  第六點就是說到羅波安的死亡
[00:04:30.120 --> 00:04:32.440]  讓我們一起來看第一點
[00:04:32.440 --> 00:04:35.240]  就是王的傲慢
[00:04:35.240 --> 00:04:38.360]  從羅波安的故事我們看到
[00:04:38.360 --> 00:04:41.600]  其實羅波安他絕對沒有跟人交往
[00:04:41.600 --> 00:04:44.800]  或者理解人的恩賜
[00:04:44.800 --> 00:04:49.520]  這個和他的祖父大衛有很大的分別
[00:04:49.520 --> 00:04:52.520]  大衛是一個熱愛子民的人
[00:04:52.520 --> 00:04:56.000]  他甚至願意為他人民的利益
[00:04:56.000 --> 00:04:57.520]  為人民的福利
[00:04:57.520 --> 00:04:59.520]  而冒生命的危險
[00:04:59.520 --> 00:05:01.800]  這個就是大衛
[00:05:01.800 --> 00:05:03.800]  大衛的兒子所羅門
[00:05:03.800 --> 00:05:06.080]  不像他爸爸一樣
[00:05:06.080 --> 00:05:09.520]  所羅門不願意為人民服務
[00:05:09.520 --> 00:05:13.880]  反而他利用人民來滿足他自己的私慾
[00:05:13.880 --> 00:05:15.880]  這個就是所羅門
[00:05:15.880 --> 00:05:18.360]  而他的兒子羅波安
[00:05:18.360 --> 00:05:23.280]  也沒有學到他爸爸身上的功課
[00:05:23.280 --> 00:05:27.000]  而他明明聽見人民叫苦連天
[00:05:27.000 --> 00:05:29.640]  但是他就好像視而不見一樣
[00:05:29.640 --> 00:05:33.240]  他絕對不適合成為以色列人的王
[00:05:33.240 --> 00:05:37.400]  他絕對不適合來統治以色列國
[00:05:37.400 --> 00:05:43.320]  相信是所羅門揀選羅波安成為以色列人的王
[00:05:43.320 --> 00:05:48.320]  但是人民仍然需要認同這個揀選
[00:05:48.320 --> 00:05:51.760]  而羅波安也需要在神的面前
[00:05:51.760 --> 00:05:54.160]  跟人民來納約
[00:05:54.160 --> 00:05:59.240]  這些在訴羅大衛和所羅門的身上
[00:05:59.240 --> 00:06:00.520]  我們都見到
[00:06:00.520 --> 00:06:03.800]  這個就在加冕的時候會發生
[00:06:03.800 --> 00:06:07.720]  人民會跟他們的新王來納約
[00:06:07.720 --> 00:06:12.760]  所以羅波安也需要有加冕的典禮
[00:06:12.760 --> 00:06:15.000]  羅波安就選擇
[00:06:15.000 --> 00:06:19.320]  他加冕的典禮將會在事劍來舉行
[00:06:19.320 --> 00:06:23.960]  事劍就是在耶路撒冷北面大概四十里
[00:06:23.960 --> 00:06:29.720]  阿伯拉罕和雅各都有和事劍有很大的淵源
[00:06:29.720 --> 00:06:34.120]  而事劍也是約瑟被埋葬的地方
[00:06:34.120 --> 00:06:37.640]  在《約書亞記》的二十四章三十二節
[00:06:37.640 --> 00:06:41.480]  而在約書亞和時斯時代
[00:06:41.480 --> 00:06:44.920]  事劍也成為一個很重要的地方
[00:06:44.920 --> 00:06:47.960]  是以色列中心的地帶
[00:06:47.960 --> 00:06:51.320]  事劍是位於以法連的山區
[00:06:51.320 --> 00:06:55.400]  以法連就是北方一個非常重要的部落
[00:06:55.400 --> 00:07:00.600]  其實以法連和馬拿西都是約瑟的後裔
[00:07:00.600 --> 00:07:03.080]  在歷史當中這兩個支派
[00:07:03.080 --> 00:07:06.680]  都曾經對猶大的領袖不滿
[00:07:06.680 --> 00:07:09.400]  而大衛在位的時候
[00:07:09.400 --> 00:07:13.080]  也歡迎以法連支派和馬拿西支派
[00:07:13.080 --> 00:07:15.640]  加入他勇士的隊伍
[00:07:15.640 --> 00:07:19.160]  但是多年來以法連和馬拿西
[00:07:19.160 --> 00:07:24.040]  都有在以色列國裡面搞分裂搞紛爭
[00:07:24.040 --> 00:07:29.400]  這次羅伯安要前往事劍來加冕
[00:07:29.400 --> 00:07:33.800]  反映出以色列早在分開南北國之前
[00:07:33.800 --> 00:07:37.320]  已經存在有政治的競爭
[00:07:37.320 --> 00:07:39.640]  而大衛記不記得
[00:07:39.640 --> 00:07:43.480]  他在成為全以色列的王之前
[00:07:43.480 --> 00:07:47.560]  他曾經在希伯倫作猶大王七年半
[00:07:47.560 --> 00:07:49.560]  這也讓我們看到
[00:07:49.560 --> 00:07:53.000]  其實以色列國在分裂南北國之前
[00:07:53.000 --> 00:07:56.520]  已經有很大的政治競爭
[00:07:56.520 --> 00:08:02.920]  北方的支派不來耶路撒冷參加羅伯安的加冕
[00:08:02.920 --> 00:08:07.800]  而是要羅伯安去到事劍來舉行加冕典禮
[00:08:07.800 --> 00:08:09.800]  已經讓我們看到
[00:08:09.800 --> 00:08:15.080]  羅伯安其實他的勢力已經是非常之衰弱
[00:08:15.080 --> 00:08:18.040]  上一次我們已經說過
[00:08:18.040 --> 00:08:21.480]  所羅門在他末期的時候
[00:08:21.480 --> 00:08:25.960]  已經是有一個神僕開始反叛所羅門
[00:08:25.960 --> 00:08:28.200]  這個就是耶羅伯安
[00:08:28.200 --> 00:08:30.920]  他因為反叛所羅門
[00:08:30.920 --> 00:08:34.600]  最後被所羅門追趕他去到埃及
[00:08:34.600 --> 00:08:40.360]  而埃及白老王就被耶羅伯安有政治的庇護
[00:08:40.360 --> 00:08:42.360]  現在所羅門死了
[00:08:42.360 --> 00:08:45.960]  耶羅伯安可以名正言順回來
[00:08:45.960 --> 00:08:50.440]  帶領十個支派和羅伯安來談判
[00:08:50.440 --> 00:08:52.760]  你說談判什麼?
[00:08:52.760 --> 00:08:57.720]  因為所羅門給人民有很大的重擔
[00:08:57.720 --> 00:08:59.400]  勞動人民
[00:08:59.400 --> 00:09:03.480]  所以北方的領袖都抗議所羅門所做
[00:09:03.480 --> 00:09:05.080]  而其中一樣
[00:09:05.080 --> 00:09:10.120]  就是所羅門將以色列地劃分為十二個地區
[00:09:10.120 --> 00:09:12.680]  而在這十二個地區當中
[00:09:12.680 --> 00:09:14.680]  是沒有猶大支派
[00:09:14.680 --> 00:09:18.920]  而這十二個地區主要的任務
[00:09:18.920 --> 00:09:20.600]  就是要徵稅
[00:09:20.600 --> 00:09:22.600]  要納稅給政府
[00:09:22.600 --> 00:09:27.400]  如果猶大支派不在這十二個地區裏面
[00:09:27.400 --> 00:09:30.760]  也就是說猶大支派不需要納稅
[00:09:30.760 --> 00:09:34.200]  為什麼猶大支派不需要納稅?
[00:09:34.200 --> 00:09:37.560]  因為猶大支派是王的支派
[00:09:37.560 --> 00:09:41.560]  大衛和所羅門都是屬於猶大支派
[00:09:41.560 --> 00:09:44.280]  所以從這件事就讓我們看到
[00:09:44.280 --> 00:09:47.960]  其實所羅門是非常偏視
[00:09:47.960 --> 00:09:51.960]  而這也是使得以色列人不滿
[00:09:51.960 --> 00:09:55.800]  所以以色列人都感到厭倦
[00:09:55.800 --> 00:09:58.760]  所羅門為了要建聖殿
[00:09:58.760 --> 00:10:00.440]  為了要建皇宮
[00:10:00.440 --> 00:10:01.800]  勞動人民
[00:10:01.800 --> 00:10:04.760]  而且他還建立了很多的城邑
[00:10:04.760 --> 00:10:08.040]  使得以色列人都感到非常的不滿
[00:10:08.040 --> 00:10:10.040]  非常的厭倦
[00:10:10.040 --> 00:10:15.240]  所以他們揀選耶羅伯安成為他們的領袖
[00:10:15.240 --> 00:10:21.240]  在這裏講到所羅門勞動人民的言語
[00:10:21.240 --> 00:10:24.280]  其實是和以色列人在埃及
[00:10:24.280 --> 00:10:27.480]  被法老王使他們負重額
[00:10:27.480 --> 00:10:29.480]  使他們來做苦工
[00:10:29.480 --> 00:10:32.600]  是非常相似的言語
[00:10:32.600 --> 00:10:36.680]  這些經文在舊約一共出現有五次
[00:10:36.680 --> 00:10:41.240]  兩次是以色列人被耶羅伯安帶領
[00:10:41.240 --> 00:10:44.280]  來到和羅伯安交涉
[00:10:44.280 --> 00:10:49.880]  而有三次就是講到以色列人在埃及被奴役
[00:10:49.880 --> 00:10:55.160]  所以其實作者已經將所羅門和法老王來比較
[00:10:55.160 --> 00:10:57.160]  就好像告訴我們
[00:10:57.160 --> 00:11:01.400]  所羅門再一次將以色列人帶回埃及
[00:11:01.400 --> 00:11:03.400]  使他們成為奴僕
[00:11:03.400 --> 00:11:05.400]  使他們來做苦工
[00:11:05.400 --> 00:11:09.320]  其實早在撒姆爾的時代
[00:11:09.320 --> 00:11:12.360]  當以色列人要求有一位王的時候
[00:11:12.360 --> 00:11:14.840]  撒姆爾已經警告他們
[00:11:14.840 --> 00:11:19.320]  你們要這位王其實有很高的代價
[00:11:19.320 --> 00:11:22.600]  就是這個王會徵重稅
[00:11:22.600 --> 00:11:24.600]  會得勞動人民
[00:11:24.600 --> 00:11:29.800]  而在所羅門的身上我們見到這一切都實驗了
[00:11:29.800 --> 00:11:34.600]  現在羅伯安希望繼續所羅門的政策
[00:11:34.600 --> 00:11:39.800]  耶羅伯安他成為了北方十個支派的發言人
[00:11:39.800 --> 00:11:43.320]  這件事當然激怒了羅伯安
[00:11:43.320 --> 00:11:48.680]  而相信羅伯安也知道亞希雅的預言
[00:11:48.680 --> 00:11:53.640]  神差派先知亞希雅走去見耶羅伯安
[00:11:53.640 --> 00:11:57.400]  還在他的面前演繹了一個預言
[00:11:57.400 --> 00:12:01.800]  就是把他身上的一件新衣服脫下來
[00:12:01.800 --> 00:12:03.800]  然後撕成十二塊
[00:12:03.800 --> 00:12:07.000]  將其中的十塊給了耶羅伯安
[00:12:07.000 --> 00:12:09.400]  這個就是預言
[00:12:09.400 --> 00:12:12.600]  神將會將以色列十二支派
[00:12:12.600 --> 00:12:17.400]  其中十個支派給耶羅伯安來帶領
[00:12:17.400 --> 00:12:23.560]  羅伯安也不知道耶羅伯安和法老王的關係
[00:12:23.560 --> 00:12:26.760]  所以他也不敢輕舉妄動
[00:12:26.760 --> 00:12:33.400]  其實以色列的人民也很願意繼續侍奉羅伯安
[00:12:33.400 --> 00:12:37.000]  只要他願意減低他們的苦功
[00:12:37.000 --> 00:12:39.000]  減低他們的重壓
[00:12:39.000 --> 00:12:42.280]  羅伯安就叫他們三天後回來
[00:12:42.280 --> 00:12:45.240]  他會給他們一個答覆
[00:12:45.240 --> 00:12:48.280]  首先羅伯安就去請問
[00:12:48.280 --> 00:12:53.240]  侍奉所羅門的老臣子一些長老
[00:12:53.240 --> 00:12:56.520]  這些長老都是非常有智慧
[00:12:56.520 --> 00:12:59.720]  在《曰歷代之下》的十章第七節
[00:12:59.720 --> 00:13:00.760]  他們說
[00:13:00.760 --> 00:13:03.800]  「旺若服侍者民如僕人
[00:13:03.800 --> 00:13:06.760]  他們就永遠作王的僕人」
[00:13:06.760 --> 00:13:10.600]  喂 這些長老勸羅伯安
[00:13:10.600 --> 00:13:14.120]  如果你願意在人民面前謙卑的話
[00:13:14.120 --> 00:13:17.880]  這些人民是會誓死來效忠你
[00:13:17.880 --> 00:13:19.880]  在聖經裏面
[00:13:19.880 --> 00:13:23.960]  很多偉大的領袖都是百姓的僕人
[00:13:23.960 --> 00:13:25.960]  例如摩西
[00:13:25.960 --> 00:13:27.960]  還有約書亞
[00:13:27.960 --> 00:13:30.440]  撒姆爾和大衛都是
[00:13:30.440 --> 00:13:31.960]  而在聖經裏面
[00:13:31.960 --> 00:13:37.000]  時時都會用牧羊人來比喻這些好的皇上
[00:13:37.000 --> 00:13:39.960]  就是照顧他們的人民
[00:13:39.960 --> 00:13:43.240]  好像牧羊人照顧羊群一樣
[00:13:43.240 --> 00:13:46.200]  例如在詩篇的七十二篇
[00:13:46.200 --> 00:13:49.000]  和以西傑書的三十四章
[00:13:49.000 --> 00:13:52.680]  所羅門剛剛相反
[00:13:52.680 --> 00:13:56.040]  他不願意成為人民的僕人
[00:13:56.040 --> 00:13:57.800]  他高高在上
[00:13:57.800 --> 00:14:01.400]  反而就是要人民來交重稅
[00:14:01.400 --> 00:14:03.880]  來做他的僕人
[00:14:03.880 --> 00:14:09.240]  羅伯安也效法他自己爸爸所羅門的壞榜樣
[00:14:09.240 --> 00:14:13.480]  當神的兒子耶穌基督來到世上的時候
[00:14:13.480 --> 00:14:17.000]  他都是以僕人的身份來到世上
[00:14:17.000 --> 00:14:18.760]  他以身作則
[00:14:18.760 --> 00:14:21.720]  甚至願意為門徒來洗腳
[00:14:21.720 --> 00:14:26.600]  有個謙卑的榜樣在約翰福音第十三章
[00:14:26.600 --> 00:14:31.160]  耶穌基督也希望我們能夠效法他的榜樣
[00:14:31.160 --> 00:14:32.840]  但是很可惜
[00:14:32.840 --> 00:14:38.360]  羅伯安和所羅門不願意成為人民的僕人
[00:14:38.360 --> 00:14:41.720]  他們不願意為人民犧牲
[00:14:41.720 --> 00:14:43.720]  經文沒有告訴他們
[00:14:43.720 --> 00:14:47.560]  羅伯安有禱告尋求神的旨意
[00:14:47.560 --> 00:14:53.960]  甚至經文沒有說他有尋求祭司或先知的意見
[00:14:53.960 --> 00:14:56.600]  大衛就是一個謙卑的人
[00:14:56.600 --> 00:14:59.320]  他願意尋求神的心意
[00:14:59.320 --> 00:15:02.680]  每當大衛尋求神的心意的時候
[00:15:02.680 --> 00:15:05.480]  他都會作出正確的決定
[00:15:05.480 --> 00:15:08.760]  但是當他不尋求神的心意的時候
[00:15:08.760 --> 00:15:12.200]  他往往就會作出愚蠢的決定
[00:15:12.200 --> 00:15:16.280]  而羅伯安他拒絕了長老的建議
[00:15:16.280 --> 00:15:21.720]  他反而去問一班和他一起長大的年輕人
[00:15:21.720 --> 00:15:25.480]  當羅伯安是重複人民的要求
[00:15:25.480 --> 00:15:28.040]  告訴這班年輕人的時候
[00:15:28.040 --> 00:15:31.160]  他省略了苦工的字眼
[00:15:31.160 --> 00:15:35.640]  也就是說他根本不覺得他自己是有勞動人民
[00:15:35.640 --> 00:15:38.040]  是給人民有苦工
[00:15:38.040 --> 00:15:42.760]  他選擇用很藐視的話語來回答
[00:15:42.760 --> 00:15:48.280]  他說「我的小拇指頭比我父親的腰還粗」
[00:15:48.280 --> 00:15:53.240]  證明羅伯安和他的朋友其實都是不成熟的人
[00:15:53.240 --> 00:15:57.560]  他們希望用強硬的手段來對付人民
[00:15:57.560 --> 00:16:02.200]  他們甚至說「我父親用鞭子砸打你們
[00:16:02.200 --> 00:16:05.320]  我要用蠍子的鞭子砸打你們」
[00:16:05.320 --> 00:16:07.560]  什麼叫做蠍子的鞭子?
[00:16:07.560 --> 00:16:11.640]  就是在鞭子的上方綁上有金屬的碎片
[00:16:11.640 --> 00:16:14.360]  當這些鞭子打在人民的身上
[00:16:14.360 --> 00:16:17.640]  就會令人民皮開肉裂
[00:16:17.640 --> 00:16:19.400]  所以第一點
[00:16:19.400 --> 00:16:22.360]  羅伯安是一個非常傲慢的人
[00:16:22.360 --> 00:16:26.680]  第二點他作出了他傲慢的宣佈
[00:16:26.680 --> 00:16:28.840]  是一個錯誤的宣佈
[00:16:28.840 --> 00:16:33.320]  羅伯安的父親所羅門寫了《針研》
[00:16:33.320 --> 00:16:35.240]  在《針研》裡面怎麼說呢?
[00:16:35.240 --> 00:16:37.400]  《針研》的十五章第一節
[00:16:37.400 --> 00:16:43.800]  回答「由和氏怒氣消退,言語暴戾,觸動怒氣」
[00:16:43.800 --> 00:16:46.440]  羅伯安他是一個非常驕傲的人
[00:16:46.440 --> 00:16:48.200]  他絕對不謙卑
[00:16:48.200 --> 00:16:51.240]  他根本不懂得什麼叫做溫柔
[00:16:51.240 --> 00:16:53.160]  什麼叫做仁慈
[00:16:53.160 --> 00:16:56.360]  而在《針研》的十二章第十八節
[00:16:56.360 --> 00:16:59.880]  「說話浮躁的如刀刺入
[00:16:59.880 --> 00:17:04.040]  智慧人的舌頭卻為醫人的良藥」
[00:17:04.040 --> 00:17:07.240]  羅伯安對以色列人的回答
[00:17:07.240 --> 00:17:09.320]  非常的浮躁
[00:17:09.320 --> 00:17:13.560]  就好像一把利刀刺入他們的心裡面一樣
[00:17:13.560 --> 00:17:17.160]  顯然羅伯安是沒有花時間來閱讀
[00:17:17.160 --> 00:17:20.520]  他自己所抄寫神的律例典章
[00:17:20.520 --> 00:17:23.720]  每一個王根據《生命記》的十七章
[00:17:23.720 --> 00:17:25.480]  十八至二十節
[00:17:25.480 --> 00:17:29.000]  都要為自己抄寫神的律例典章
[00:17:29.000 --> 00:17:31.720]  並且是要時時來閱讀
[00:17:31.720 --> 00:17:35.160]  他根本沒有閱讀到神的律例典章
[00:17:35.160 --> 00:17:40.600]  是叫他不要將人民再一次放在綑綁之下
[00:17:40.600 --> 00:17:45.400]  這個就是出埃及記的第五章第九節
[00:17:45.400 --> 00:17:49.640]  看著列王紀上的第十二章第十五節
[00:17:49.640 --> 00:17:52.520]  「說王不肯依從百姓
[00:17:52.520 --> 00:17:56.120]  羅伯安不肯聽百姓的話」
[00:17:56.120 --> 00:17:57.720]  跟著經文說
[00:17:57.720 --> 00:18:00.760]  「這事乃出於耶和華
[00:18:00.760 --> 00:18:05.400]  為要應驗他直是羅人阿希雅
[00:18:05.400 --> 00:18:09.080]  對尼伯兒子耶羅伯安所說的話」
[00:18:09.080 --> 00:18:11.240]  這個就是我剛才所說
[00:18:11.240 --> 00:18:16.920]  神叫先知阿希雅走去告訴耶羅伯安
[00:18:16.920 --> 00:18:20.840]  神將會將十個支派賜給他
[00:18:20.840 --> 00:18:25.480]  這個就是因為羅伯安不依從百姓的話
[00:18:25.480 --> 00:18:29.880]  但是這一切都是出於耶和華的旨意
[00:18:29.880 --> 00:18:33.400]  於是人民就怎樣回答羅伯安呢?
[00:18:33.400 --> 00:18:37.320]  他們說我們與大衛有什麼分別呢?
[00:18:37.320 --> 00:18:40.840]  與耶西的兒子並沒有關係
[00:18:40.840 --> 00:18:44.840]  以色列人各回國家去罷
[00:18:44.840 --> 00:18:48.840]  其實這一番話熟口熟面
[00:18:48.840 --> 00:18:50.920]  記不記得在大衛的時候
[00:18:50.920 --> 00:18:52.920]  當亞沙隆背叛他
[00:18:52.920 --> 00:18:54.680]  亞沙隆死了之後
[00:18:54.680 --> 00:18:58.280]  有一個變亞敏支派的人叫做士巴
[00:18:58.280 --> 00:19:02.360]  他希望以色列人會離棄大衛
[00:19:02.360 --> 00:19:05.160]  當時他說的話是一模一樣
[00:19:05.160 --> 00:19:08.840]  而當時也只有猶大支派
[00:19:08.840 --> 00:19:11.880]  猶大人願意跟隨大衛
[00:19:11.880 --> 00:19:15.720]  在撒慕爾夏的第二十章一至二節
[00:19:15.720 --> 00:19:20.200]  現在同樣只有猶大城裏的人
[00:19:20.200 --> 00:19:23.880]  願意承認羅伯安成為他們的王
[00:19:23.880 --> 00:19:29.720]  其他的以色列人都回到自己的家裏去
[00:19:29.720 --> 00:19:33.560]  所羅門當他成為以色列人的王
[00:19:33.560 --> 00:19:36.840]  他作出第一個公開的決定的時候
[00:19:36.840 --> 00:19:38.600]  顯出他的智慧
[00:19:38.600 --> 00:19:40.840]  在列王紀上的第三章
[00:19:40.840 --> 00:19:43.720]  他是為兩個妓女來破案
[00:19:43.720 --> 00:19:46.680]  顯出他滿有從臣而來的智慧
[00:19:46.680 --> 00:19:50.440]  但是他的兒子羅伯安成為王之後
[00:19:50.440 --> 00:19:52.840]  作出第一個公開的決定
[00:19:52.840 --> 00:19:55.880]  居然顯出他的愚蠢
[00:19:55.880 --> 00:19:57.640]  幾個世紀以來
[00:19:57.640 --> 00:20:01.720]  猶太人仍然認為國家的分裂
[00:20:01.720 --> 00:20:04.360]  是他們歷史上最大的悲劇
[00:20:04.360 --> 00:20:08.600]  而也是用這件事來衡量其他的災難
[00:20:08.600 --> 00:20:13.560]  就好像以塞亞書的七章十七節所說
[00:20:13.560 --> 00:20:15.720]  我們說了兩點
[00:20:15.720 --> 00:20:18.360]  第一點就是王的傲慢
[00:20:18.360 --> 00:20:21.080]  第二點就是因為他的傲慢
[00:20:21.080 --> 00:20:23.800]  他作出了錯誤的宣佈
[00:20:23.800 --> 00:20:27.320]  而第三點就是要說王的怒氣
[00:20:27.320 --> 00:20:28.760]  王的憤怒
[00:20:28.760 --> 00:20:32.840]  當人民回到自己不變的支派
[00:20:32.840 --> 00:20:36.200]  羅伯安當時仍然在事件
[00:20:36.200 --> 00:20:40.360]  於是他就希望派一個他所信任的官長
[00:20:40.360 --> 00:20:44.280]  前往十個部落來調解這件事
[00:20:44.280 --> 00:20:47.800]  他希望十個支派能夠回心轉意
[00:20:47.800 --> 00:20:50.360]  但是他揀選錯了人
[00:20:50.360 --> 00:20:52.920]  他揀選了亞多蘭
[00:20:52.920 --> 00:20:55.480]  這是極之不明智的事
[00:20:55.480 --> 00:20:57.400]  亞多蘭是誰?
[00:20:57.400 --> 00:20:59.960]  就是苦宮的公頭
[00:20:59.960 --> 00:21:03.160]  當以色列人見到亞多蘭的時候
[00:21:03.160 --> 00:21:07.560]  就提醒他們所羅門加在他們身上的重壓
[00:21:07.560 --> 00:21:09.320]  所以他們非常憤怒
[00:21:09.320 --> 00:21:12.520]  他們用石頭扔死了亞多蘭
[00:21:12.520 --> 00:21:15.800]  而羅伯安也很驚怕很驚恐
[00:21:15.800 --> 00:21:19.640]  於是他逃回耶路撒冷
[00:21:19.640 --> 00:21:21.240]  經過這件事
[00:21:21.240 --> 00:21:26.040]  以色列人就擁納耶羅伯安成為他們的王
[00:21:26.040 --> 00:21:29.640]  羅伯安聽了錯誤的忠告
[00:21:29.640 --> 00:21:31.800]  就是那群年輕人的忠告
[00:21:31.800 --> 00:21:34.360]  作出了錯誤的宣佈
[00:21:34.360 --> 00:21:36.920]  現在他又揀選錯誤的人
[00:21:36.920 --> 00:21:39.640]  去北方十個支派來調解
[00:21:39.640 --> 00:21:43.560]  他一次又一次地讓我們見到他犯錯
[00:21:43.560 --> 00:21:47.000]  其實他真是一個非常愚蠢的人
[00:21:47.000 --> 00:21:49.880]  他回到耶路撒冷之後
[00:21:49.880 --> 00:21:53.880]  他就希望向北方十個支派來宣戰
[00:21:53.880 --> 00:21:57.640]  他召集了猶大和變雅敏支派
[00:21:57.640 --> 00:22:02.120]  一共有十八萬的戰士來攻擊以色列
[00:22:02.120 --> 00:22:06.360]  他希望奪回他失去的王國
[00:22:06.360 --> 00:22:10.040]  他希望十個支派能夠回心轉意
[00:22:10.040 --> 00:22:13.080]  回轉這個字或者奪回這個字
[00:22:13.080 --> 00:22:17.160]  就是「失」 我之前也跟大家說過
[00:22:17.160 --> 00:22:22.440]  就在這個時候神的話語臨到先知司馬雅
[00:22:22.440 --> 00:22:26.360]  他去見羅伯安和猶大人說
[00:22:26.360 --> 00:22:32.040]  你們不可上去與你們的弟兄以色列人征戰
[00:22:32.040 --> 00:22:34.280]  各歸各家去罷
[00:22:34.280 --> 00:22:36.520]  各歸各家去罷
[00:22:36.520 --> 00:22:39.320]  又是回轉這個字 又是「失」
[00:22:39.320 --> 00:22:44.920]  有沒有看到烈王紀的作者的文筆真是非常精彩
[00:22:44.920 --> 00:22:50.600]  羅伯安希望十個支派回轉歸回就是「失」
[00:22:50.600 --> 00:22:52.440]  但是神怎麼跟他說
[00:22:52.440 --> 00:22:54.680]  不如你自己回家吧
[00:22:54.680 --> 00:22:57.960]  為什麼?因為這事出於我
[00:22:57.960 --> 00:23:01.000]  這件事是出於耶和華
[00:23:01.000 --> 00:23:03.880]  猶大和變雅敏支派的人
[00:23:03.880 --> 00:23:06.200]  於是聽了神的話語
[00:23:06.200 --> 00:23:09.160]  真是回家了
[00:23:09.160 --> 00:23:11.080]  我們在這件事我們見到
[00:23:11.080 --> 00:23:14.120]  每個人都是照著自己的旨意
[00:23:14.120 --> 00:23:16.520]  自己的意思來行事
[00:23:16.520 --> 00:23:20.520]  但是他們就實現了神的旨意
[00:23:20.520 --> 00:23:23.160]  我們相信的神就是大能的神
[00:23:23.160 --> 00:23:26.360]  一切都掌握在他的手裏面
[00:23:26.360 --> 00:23:30.200]  一切都掌握在他的旨意裏面
[00:23:30.200 --> 00:23:33.800]  神和猶大和變雅敏支派說
[00:23:33.800 --> 00:23:37.640]  你們不可以與你們的兄弟來征戰
[00:23:37.640 --> 00:23:40.840]  列王紀上的十二章二十四節
[00:23:40.840 --> 00:23:42.280]  但是很奇怪
[00:23:42.280 --> 00:23:46.040]  在以色列的民族在以色列人的歷史當中
[00:23:46.040 --> 00:23:49.640]  我們見到兄弟的鬥爭是屢見不鮮
[00:23:49.640 --> 00:23:53.560]  首先我們見到阿伯拉罕和羅德
[00:23:53.560 --> 00:23:55.560]  他們的僕人不和
[00:23:55.560 --> 00:23:59.400]  於是阿伯拉罕就提醒他的侄子羅德
[00:23:59.400 --> 00:24:01.800]  他說我們不可以爭鬥
[00:24:01.800 --> 00:24:04.840]  雖然阿伯拉罕和他的侄子
[00:24:04.840 --> 00:24:08.120]  是叔侄的關係不是兄弟的關係
[00:24:08.120 --> 00:24:10.520]  但是他們的年紀相若
[00:24:10.520 --> 00:24:12.200]  阿伯拉罕說我們是骨肉
[00:24:12.200 --> 00:24:14.440]  我們不可以來鬥爭
[00:24:14.440 --> 00:24:17.080]  在創世紀的十三章
[00:24:17.080 --> 00:24:20.600]  雅各和以素又是另外一個例子
[00:24:20.600 --> 00:24:23.080]  他們是雙胞胎
[00:24:23.080 --> 00:24:25.960]  但是他們就一身來鬥爭
[00:24:25.960 --> 00:24:29.560]  而且他們的鬥爭持續了有幾個世紀
[00:24:29.560 --> 00:24:32.200]  就是他們的後人一樣有鬥爭
[00:24:32.200 --> 00:24:34.840]  雅各的後人就是以色列
[00:24:34.840 --> 00:24:38.440]  而以素的後人就是二東
[00:24:38.440 --> 00:24:42.920]  雅各和以素的鬥爭在創世紀的二十七章
[00:24:42.920 --> 00:24:45.480]  而詩篇的一百三十七篇
[00:24:45.480 --> 00:24:49.640]  和俄巴底亞書的十章至到十三章
[00:24:49.640 --> 00:24:53.640]  都讓我們見到以色列和二東的鬥爭
[00:24:53.640 --> 00:24:56.680]  約瑟他的哥哥憎恨他
[00:24:56.680 --> 00:25:01.000]  創世紀的三十七章將他賣到埃及
[00:25:01.000 --> 00:25:04.840]  而最後約瑟救回了雅各的一家
[00:25:04.840 --> 00:25:06.760]  包括他的哥哥
[00:25:06.760 --> 00:25:09.320]  而亞倫和米利暗
[00:25:09.320 --> 00:25:13.000]  他們都是批評他們的弟弟摩西
[00:25:13.000 --> 00:25:15.880]  在文素記的第十二章
[00:25:15.880 --> 00:25:20.040]  所以我們見到在以色列人的歷史當中
[00:25:20.040 --> 00:25:23.560]  兄弟的鬥爭真是雷劍不善
[00:25:23.560 --> 00:25:25.640]  但是神的話語怎麼說
[00:25:25.640 --> 00:25:28.600]  在詩篇的一百三十三篇第一節
[00:25:28.600 --> 00:25:31.400]  看那弟兄和睦同居
[00:25:31.400 --> 00:25:35.560]  是何等的善何等的美
[00:25:35.560 --> 00:25:38.280]  剛才我們見到神差派
[00:25:38.280 --> 00:25:42.360]  先知斯瑪雅去見羅波安
[00:25:42.360 --> 00:25:46.760]  我們知道很快先知的時代就會出現
[00:25:46.760 --> 00:25:51.160]  就是透過以利亞和以利沙兩位先知
[00:25:51.160 --> 00:25:55.080]  而因為這樣我們見到先知的事工
[00:25:55.080 --> 00:25:58.120]  已經開始慢慢頻密
[00:25:58.120 --> 00:26:01.240]  而當這些先知出現的時候
[00:26:01.240 --> 00:26:05.160]  他們就會說「耶和華如此說」
[00:26:05.160 --> 00:26:07.240]  在舊約的歷史當中
[00:26:07.240 --> 00:26:10.200]  每當有君王和祭司
[00:26:10.200 --> 00:26:13.240]  甚至其他先知犯罪的時候
[00:26:13.240 --> 00:26:17.320]  神就會差派先知站出來來責備他們
[00:26:17.320 --> 00:26:20.600]  如果這些君王這些領袖
[00:26:20.600 --> 00:26:22.760]  再不聽神的話語
[00:26:22.760 --> 00:26:26.920]  神的審判就會臨到這些人的身上
[00:26:26.920 --> 00:26:29.800]  我們已經說了有三點
[00:26:29.800 --> 00:26:33.480]  第一點就是羅波安他的傲慢
[00:26:33.480 --> 00:26:35.720]  第二點就是因為他的傲慢
[00:26:35.720 --> 00:26:38.360]  作出了錯誤的宣佈
[00:26:38.360 --> 00:26:42.760]  第三點就是因為他錯誤的宣佈
[00:26:42.760 --> 00:26:45.880]  使得以色列的支派背叛他
[00:26:45.880 --> 00:26:47.640]  招來他的憤怒
[00:26:47.640 --> 00:26:50.920]  而第四點就是當神的話語
[00:26:50.920 --> 00:26:53.720]  叫他不要和兄弟來鬥爭
[00:26:53.720 --> 00:26:55.720]  他就立刻轉態
[00:26:55.720 --> 00:26:58.760]  他開始建築的工作
[00:26:58.760 --> 00:27:03.320]  他回到耶路撒冷就開始他的建築
[00:27:03.320 --> 00:27:06.680]  這個也是他父親所羅門所做
[00:27:06.680 --> 00:27:09.000]  所羅門是招兵買馬
[00:27:09.000 --> 00:27:10.520]  他建立成邑
[00:27:10.520 --> 00:27:13.160]  他鞏固了自己的邊界
[00:27:13.160 --> 00:27:16.440]  而羅波安也是效法了他
[00:27:16.440 --> 00:27:18.200]  如果我們注意的話
[00:27:18.200 --> 00:27:21.880]  羅波安是在猶大南國的
[00:27:21.880 --> 00:27:25.800]  東南和西部建城牆
[00:27:25.800 --> 00:27:29.480]  堅固他的邊界建立他的成邑
[00:27:29.480 --> 00:27:30.360]  為什麼?
[00:27:30.360 --> 00:27:34.120]  因為他是怕埃及王來攻擊他
[00:27:34.120 --> 00:27:37.400]  他不知道埃及王和耶羅波安
[00:27:37.400 --> 00:27:39.640]  有什麼聯盟
[00:27:39.640 --> 00:27:41.640]  所以他很害怕
[00:27:41.640 --> 00:27:46.040]  他就在自己國家的東南和西面
[00:27:46.040 --> 00:27:49.880]  建城牆來鞏固他的國家
[00:27:49.880 --> 00:27:53.720]  而在朔北面他沒有任何的防禦設施
[00:27:53.720 --> 00:27:57.800]  可以說他採取了開放門戶的政策
[00:27:57.800 --> 00:27:58.760]  為什麼?
[00:27:58.760 --> 00:28:01.960]  因為他希望緩和緊張的局勢
[00:28:01.960 --> 00:28:05.560]  希望十個支派會得回心轉意
[00:28:05.560 --> 00:28:08.120]  回到耶路撒冷
[00:28:08.120 --> 00:28:11.000]  耶羅波安於是在北國
[00:28:11.000 --> 00:28:15.160]  伯特利和丹兩個地方設立金牛
[00:28:15.160 --> 00:28:18.360]  給以色列人來拜金牛的偶像
[00:28:18.360 --> 00:28:19.240]  為什麼?
[00:28:19.240 --> 00:28:21.560]  因為他不希望他的子民
[00:28:21.560 --> 00:28:23.560]  回到耶路撒冷
[00:28:23.560 --> 00:28:25.960]  去到聖殿來敬拜神
[00:28:25.960 --> 00:28:30.440]  所以他做了金牛的偶像給他們敬拜
[00:28:30.440 --> 00:28:35.080]  他甚至任命祭司來主持這些敬拜
[00:28:35.080 --> 00:28:39.720]  將北方十個部落變成了敬拜偶像的中心
[00:28:39.720 --> 00:28:41.240]  而相對來說
[00:28:41.240 --> 00:28:44.200]  羅波安登記之後三年內
[00:28:44.200 --> 00:28:49.160]  一直都是要以色列人來遵守神的律例典章
[00:28:49.160 --> 00:28:54.280]  結果在以色列就產生了有三種的人
[00:28:54.280 --> 00:28:55.560]  哪三種?
[00:28:55.560 --> 00:28:58.760]  第一種就是他們忠心耶和華
[00:28:58.760 --> 00:29:02.360]  他們願意全家遷居南國
[00:29:02.360 --> 00:29:05.000]  繼續來侍奉耶和華
[00:29:05.000 --> 00:29:07.560]  當時就有很多的祭司
[00:29:07.560 --> 00:29:10.360]  很多的利美人願意這樣做
[00:29:10.360 --> 00:29:12.360]  還有第二種的人
[00:29:12.360 --> 00:29:16.520]  就是口口聲聲說自己是敬拜耶和華
[00:29:16.520 --> 00:29:20.120]  但他們從來不去南國來敬拜神
[00:29:20.120 --> 00:29:22.120]  還有第三種
[00:29:22.120 --> 00:29:27.640]  就是一年有三次回到耶路撒冷來敬拜耶和華
[00:29:27.640 --> 00:29:29.640]  是哪三次?
[00:29:29.640 --> 00:29:33.800]  就是在逾越節、五旬節和鑄盤節
[00:29:33.800 --> 00:29:38.120]  一年三次節日回到耶路撒冷來敬拜神
[00:29:38.120 --> 00:29:41.880]  但其他的時候他們就留在北國
[00:29:41.880 --> 00:29:49.560]  其實現在的教會在某種程度上仍然有這三種的人
[00:29:49.560 --> 00:29:53.640]  第一種就是說自己是相信神的
[00:29:53.640 --> 00:29:55.880]  是站在教會那一邊
[00:29:55.880 --> 00:29:59.640]  但他們從來不會回到教會來聚會
[00:29:59.640 --> 00:30:01.400]  還有第二種的人
[00:30:01.400 --> 00:30:05.480]  就是過時過節才回到教會敬拜神
[00:30:05.480 --> 00:30:10.040]  就是在例如聖誕節、復活節他們就會回去
[00:30:10.040 --> 00:30:12.600]  其他的時候他們都不會回
[00:30:12.600 --> 00:30:14.600]  還有第三種的人
[00:30:14.600 --> 00:30:18.120]  就是完全投入教會的事工
[00:30:18.120 --> 00:30:21.240]  當教會就是他們的家一樣
[00:30:21.240 --> 00:30:26.200]  這個正如詩篇第33篇第12節所說
[00:30:26.200 --> 00:30:30.760]  以耶和華為神的,那國是有福的
[00:30:30.760 --> 00:30:36.120]  他揀選為自己產業的,那民是有福的
[00:30:36.120 --> 00:30:43.000]  我們都應該好像那些遷居回到耶路撒冷居住的以色列人一樣
[00:30:43.000 --> 00:30:47.000]  我們都應該委心在教會的事工
[00:30:47.000 --> 00:30:52.040]  大衛和所羅門都違背了神的話語
[00:30:52.040 --> 00:30:54.040]  羅波安也是一樣
[00:30:54.040 --> 00:30:57.240]  你說違背了什麼神的話語?
[00:30:57.240 --> 00:31:00.200]  就是為自己多納妃嬪
[00:31:00.200 --> 00:31:05.320]  除了多納妃嬪也娶了很多愛邦的女子
[00:31:05.320 --> 00:31:08.440]  羅波安就是一個例子
[00:31:08.440 --> 00:31:11.160]  他娶了很多的妻妾
[00:31:11.160 --> 00:31:13.160]  一共有18位
[00:31:13.160 --> 00:31:17.800]  但是只有兩位的名字是記錄在聖經裡面
[00:31:17.800 --> 00:31:20.760]  第一位就是瑪哈拉
[00:31:20.760 --> 00:31:23.320]  被譽為大衛的孫女
[00:31:23.320 --> 00:31:28.440]  第二位是亞沙隆的女兒瑪迦
[00:31:28.440 --> 00:31:30.440]  如果我們留意的話
[00:31:30.440 --> 00:31:33.640]  其實大衛的兒子亞沙隆只有一個女兒
[00:31:33.640 --> 00:31:35.640]  叫做他瑪
[00:31:35.640 --> 00:31:38.920]  記載在撒慕爾夏的十四章二十七節
[00:31:38.920 --> 00:31:42.920]  所以瑪迦絕對不可能是亞沙隆的女兒
[00:31:42.920 --> 00:31:45.480]  可能是亞沙隆的孫女
[00:31:45.480 --> 00:31:48.600]  而在樹列王紀上的十五章二節
[00:31:48.600 --> 00:31:53.480]  說瑪迦的爸爸的名字叫做亞比沙隆
[00:31:53.480 --> 00:31:55.160]  而不是亞沙隆
[00:31:55.160 --> 00:31:58.600]  而在歷代之下的十三章二節
[00:31:58.600 --> 00:32:03.320]  說瑪迦是基比亞人污衊的女兒
[00:32:03.320 --> 00:32:04.600]  如果這樣
[00:32:04.600 --> 00:32:07.640]  污衊就是亞沙隆的女婿
[00:32:07.640 --> 00:32:10.920]  也是他女兒他媽的丈夫
[00:32:10.920 --> 00:32:14.760]  所以瑪迦應該是亞沙隆的孫女
[00:32:14.760 --> 00:32:16.440]  而不是他的女兒
[00:32:16.440 --> 00:32:20.440]  所以瑪迦也是大衛的真孫女
[00:32:20.440 --> 00:32:23.960]  在羅波安十八的妻子當中
[00:32:23.960 --> 00:32:28.120]  至少有兩個是出於大衛的後裔
[00:32:28.120 --> 00:32:32.120]  我們見到神真的很祝福大衛的家
[00:32:32.120 --> 00:32:35.640]  很多的王不單是以色列王
[00:32:35.640 --> 00:32:38.200]  都希望自己有很多的王子
[00:32:38.200 --> 00:32:39.000]  為什麼?
[00:32:39.000 --> 00:32:43.160]  因為如果太子發生任何的意外的話
[00:32:43.160 --> 00:32:47.080]  他就會有其他的人來承繼王位
[00:32:47.080 --> 00:32:48.920]  羅波安也是一樣
[00:32:48.920 --> 00:32:50.920]  他有很多的子女
[00:32:50.920 --> 00:32:53.880]  有28個兒子有60個女兒
[00:32:53.880 --> 00:32:57.160]  羅波安也任命他成年的兒子
[00:32:57.160 --> 00:32:59.960]  擔任皇室的職務
[00:32:59.960 --> 00:33:03.800]  被他分配到猶大和變雅敏各地
[00:33:03.800 --> 00:33:07.480]  其實這是一個非常明智的決定
[00:33:07.480 --> 00:33:08.920]  有兩個好處
[00:33:08.920 --> 00:33:12.920]  第一個好處就是那些王子有事做
[00:33:12.920 --> 00:33:14.680]  不會遊手好閒
[00:33:14.680 --> 00:33:18.760]  不會明爭暗鬥被捲入宮廷的陰謀
[00:33:18.760 --> 00:33:21.160]  就好像大衛的王子
[00:33:21.160 --> 00:33:25.880]  有好幾個王子是因為追求王位而喪命
[00:33:25.880 --> 00:33:30.360]  羅波安這樣的做法就會防止這些事發生
[00:33:30.360 --> 00:33:32.360]  另外一個好處
[00:33:32.360 --> 00:33:36.760]  就是羅波安可以在他王子當中
[00:33:36.760 --> 00:33:42.440]  透過這些事供來評估王子的性格和能力
[00:33:42.440 --> 00:33:47.080]  然後決定究竟將王位傳給誰
[00:33:47.080 --> 00:33:50.920]  神呼召大衛成為以色列人的王
[00:33:50.920 --> 00:33:52.440]  這是很清楚的
[00:33:52.440 --> 00:33:56.280]  神也吩咐所羅門成為大衛的繼承人
[00:33:56.280 --> 00:34:00.520]  但是神沒有指定所羅門的繼承人是誰
[00:34:00.520 --> 00:34:07.160]  所以我們相信是所羅門自己指定羅波安成為他的繼承人
[00:34:07.160 --> 00:34:11.640]  而羅波安也好像有一個很好的系統
[00:34:11.640 --> 00:34:14.520]  來揀選他自己的繼承人
[00:34:14.520 --> 00:34:20.120]  羅波安當他考察了他自己的兒子的品格之後
[00:34:20.120 --> 00:34:25.240]  就揀選了瑪迦的兒子亞比亞成為他的繼承人
[00:34:25.240 --> 00:34:31.000]  其實他的長子應該是瑪哈拉的兒子耶胡斯
[00:34:31.000 --> 00:34:35.160]  在歷代之下的十一章第十八至十九節
[00:34:35.160 --> 00:34:41.240]  羅波安任命亞比亞是他眾弟兄中為首
[00:34:41.240 --> 00:34:45.080]  這是歷代之下的十一章第二十二節
[00:34:45.080 --> 00:34:47.320]  這節的經文給我們看到
[00:34:47.320 --> 00:34:51.400]  亞比亞是他爸爸羅波安得力的助手
[00:34:51.400 --> 00:34:55.480]  也有可能是和他爸爸共同執政
[00:34:55.480 --> 00:35:00.280]  但是很可惜亞比亞辜負了他自己的名字
[00:35:00.280 --> 00:35:02.360]  他名字的意思是什麼?
[00:35:02.360 --> 00:35:05.240]  是耶和華氏父親
[00:35:05.240 --> 00:35:10.200]  羅波安為他的兒子娶了很多妻子
[00:35:10.200 --> 00:35:14.680]  其實很多這些妻子可能都是文弱的妻子
[00:35:14.680 --> 00:35:18.840]  就是羅波安希望透過這些婚事
[00:35:18.840 --> 00:35:22.680]  可以和不同的國家來納民約
[00:35:22.680 --> 00:35:27.720]  保證猶大國和他們的鄰居之間有和平
[00:35:27.720 --> 00:35:30.680]  這也是所羅門的政策
[00:35:30.680 --> 00:35:33.080]  也是所羅門的計劃
[00:35:33.080 --> 00:35:37.800]  還有第五點王的背道
[00:35:37.800 --> 00:35:41.160]  關於羅波安的品格最後一點
[00:35:41.160 --> 00:35:44.360]  就是他最後背叛了神
[00:35:44.360 --> 00:35:48.280]  在列王紀上的十四章第二十一節
[00:35:48.280 --> 00:35:51.800]  羅波安登基的時候他是四十一歲
[00:35:51.800 --> 00:35:53.880]  他在耶路撒冷
[00:35:53.880 --> 00:35:58.120]  就是耶和華從以色列眾支派中
[00:35:58.120 --> 00:36:02.520]  所選擇納帕明的城作王十七年
[00:36:02.520 --> 00:36:06.760]  我們剛才看到神真的很祝福大衛
[00:36:06.760 --> 00:36:09.560]  在羅波安的妻妾當中
[00:36:09.560 --> 00:36:12.600]  有兩個人是出於大衛的後裔
[00:36:12.600 --> 00:36:16.440]  我們也看到神很祝福耶路撒冷
[00:36:16.440 --> 00:36:20.760]  耶路撒冷就是他自己選擇納帕明的地方
[00:36:20.760 --> 00:36:23.560]  雖然北國是有十個支派
[00:36:23.560 --> 00:36:26.600]  但是聖殿就在耶路撒冷
[00:36:26.600 --> 00:36:29.560]  這個就是神納帕明的地方
[00:36:29.560 --> 00:36:31.160]  納帕明的城
[00:36:31.160 --> 00:36:35.320]  羅波安登基三年是與神同行
[00:36:35.320 --> 00:36:39.480]  但是在第四年當他的國位鞏固了之後
[00:36:39.480 --> 00:36:42.440]  他就揀選尼契神去拜偶像
[00:36:42.440 --> 00:36:46.280]  在歷代之下的十二章第十四節
[00:36:46.280 --> 00:36:53.000]  說羅波安行乎因他不立定心意尋求耶和華
[00:36:53.000 --> 00:36:58.120]  經文說羅波安利棄耶和華的命令
[00:36:58.120 --> 00:37:02.440]  這個和聖經描述其他很多
[00:37:02.440 --> 00:37:04.920]  猶大和以色列的君王
[00:37:04.920 --> 00:37:06.920]  都是很相似的經文
[00:37:06.920 --> 00:37:08.920]  有很多這些經文
[00:37:08.920 --> 00:37:11.160]  我不能夠一一跟大家讀
[00:37:11.160 --> 00:37:14.040]  我會留在我的powerpoint那裡
[00:37:14.040 --> 00:37:17.080]  大衛曾經警告所羅門
[00:37:17.080 --> 00:37:20.120]  而神也同樣警告所羅門
[00:37:20.120 --> 00:37:25.640]  但是最後他都被他的妻妾勾引他去敬拜偶像
[00:37:25.640 --> 00:37:29.240]  不是說所羅門完全離棄神
[00:37:29.240 --> 00:37:34.280]  他只不過是將神變成他其中敬拜的偶像之一
[00:37:34.280 --> 00:37:36.760]  他仍然都有敬拜神
[00:37:36.760 --> 00:37:39.160]  他就當他好像偶像一樣
[00:37:39.160 --> 00:37:43.960]  所羅門是被他的妻妾引誘他去拜偶像
[00:37:43.960 --> 00:37:47.800]  而羅波安更加是有雙重的影響
[00:37:47.800 --> 00:37:49.240]  為什麼我這樣說
[00:37:49.240 --> 00:37:52.200]  因為羅波安的妻妾當中
[00:37:52.200 --> 00:37:54.440]  也都有外邦人的妻妾
[00:37:54.440 --> 00:37:56.600]  但是他自己的媽媽
[00:37:56.600 --> 00:37:58.840]  就是一個外邦的女子
[00:37:58.840 --> 00:38:01.240]  是阿門人娜瑪
[00:38:01.240 --> 00:38:06.040]  所以在羅波安身上是有雙重這些的引誘
[00:38:06.040 --> 00:38:09.400]  當聖經告訴我們
[00:38:09.400 --> 00:38:12.360]  以色列人觸動神的憤恨
[00:38:12.360 --> 00:38:15.240]  在《列王記》上的14章22節
[00:38:15.240 --> 00:38:18.360]  憤恨這個字原文就是嫉妒
[00:38:18.360 --> 00:38:22.040]  就好像在《出埃及記》的20章第5節
[00:38:22.040 --> 00:38:25.400]  說以色列人在西乃山與神納約
[00:38:25.400 --> 00:38:27.160]  神對以色列人說
[00:38:27.160 --> 00:38:31.400]  因為我耶和說你們的神是忌邪的神
[00:38:31.400 --> 00:38:34.280]  忌邪這個字就是嫉妒
[00:38:34.280 --> 00:38:39.640]  也是在《列王記》上的14章22節所說的憤恨
[00:38:39.640 --> 00:38:43.320]  敬拜偶像就是毀約
[00:38:43.320 --> 00:38:47.480]  聖經裡面時時都是用夫妻的關係
[00:38:47.480 --> 00:38:50.440]  來讓我們見到神與我們的關係
[00:38:50.440 --> 00:38:54.440]  所以凡姦淫就是等於拜偶像
[00:38:54.440 --> 00:38:57.800]  兩者是有密切的連帶關係
[00:38:57.800 --> 00:39:00.040]  保羅也警告信徒
[00:39:00.040 --> 00:39:03.800]  不要因偶像而惹神的憤恨
[00:39:03.800 --> 00:39:06.200]  憤恨這個字就是嫉妒
[00:39:06.200 --> 00:39:10.200]  在哥倫多前書的第10章第22節
[00:39:10.200 --> 00:39:13.640]  而亞國在選亞國書的4章4節
[00:39:13.640 --> 00:39:16.920]  就是用了淫亂這個字
[00:39:16.920 --> 00:39:21.880]  以色列人所犯的罪激起了耶和華的憤怒
[00:39:21.880 --> 00:39:25.640]  甚至比他們的祖先所做的更甚
[00:39:25.640 --> 00:39:28.760]  在《列王記》上的14章9節
[00:39:28.760 --> 00:39:33.400]  你說他們拜什麼偶像令到神這麼憤怒
[00:39:33.400 --> 00:39:37.480]  首先他們在高崗上設立丘壇
[00:39:37.480 --> 00:39:41.720]  這些高處的地方就是他們拜偶像的地方
[00:39:41.720 --> 00:39:44.520]  還有他們是立柱像
[00:39:44.520 --> 00:39:46.520]  例如巴力的像
[00:39:46.520 --> 00:39:50.520]  還有他們是有亞瑟拉的偶像
[00:39:50.520 --> 00:39:53.320]  這些是木製女神的像
[00:39:53.320 --> 00:39:57.960]  這個女神就是祝福人民生產的女神
[00:39:57.960 --> 00:40:01.960]  也是一個當時很多人喜歡拜的偶像
[00:40:01.960 --> 00:40:06.440]  還有他們在青翠的樹下竹壇
[00:40:06.440 --> 00:40:09.000]  公然來敬拜偶像
[00:40:09.000 --> 00:40:12.520]  這個就是公開藐視摩西的律法
[00:40:12.520 --> 00:40:16.200]  在《新命記》的12章2至3節
[00:40:16.200 --> 00:40:20.760]  摩西的律法是禁止人來敬拜這些偶像
[00:40:20.760 --> 00:40:24.440]  在《列王記》上的14章24節
[00:40:24.440 --> 00:40:27.320]  也說國中也有戀童
[00:40:27.320 --> 00:40:30.360]  戀童這個字是和合館的翻譯
[00:40:30.360 --> 00:40:34.120]  也有很多其他聖經的版本
[00:40:34.120 --> 00:40:36.520]  將它翻譯成男廟祭
[00:40:36.520 --> 00:40:38.760]  其實這是正確的翻譯
[00:40:38.760 --> 00:40:41.160]  這些通常都是男性
[00:40:41.160 --> 00:40:46.760]  在偶像的殿中或偶像的廟中來為人服務
[00:40:46.760 --> 00:40:49.960]  這是在摩西的律法
[00:40:49.960 --> 00:40:54.360]  很明確地禁止為神所珍護的事
[00:40:54.360 --> 00:40:57.960]  而以色列人他們就犯了這些罪
[00:40:57.960 --> 00:41:04.120]  剛才我們說拜偶像和不道德的罪是相輔相成
[00:41:04.120 --> 00:41:07.560]  神趕了迦南人出應許之地
[00:41:07.560 --> 00:41:08.360]  為什麼?
[00:41:08.360 --> 00:41:11.080]  因為他們做了這些不道德的事
[00:41:11.080 --> 00:41:13.320]  是為神所珍護的事
[00:41:13.320 --> 00:41:16.520]  所以神是將他們趕出應許之地
[00:41:16.520 --> 00:41:22.280]  現在猶太人和以色列人同樣犯了一樣的罪
[00:41:22.280 --> 00:41:27.160]  所以神也將他們從這片土地上被驅逐
[00:41:27.160 --> 00:41:30.680]  猶太人不再是外邦人的光
[00:41:30.680 --> 00:41:36.360]  相反地外邦人的黑暗已經侵入了這片土地
[00:41:36.360 --> 00:41:39.720]  而他們的光已經熄滅了
[00:41:39.720 --> 00:41:44.840]  我講羅馬書第九章至十一章的時候也說過
[00:41:44.840 --> 00:41:48.920]  現在神已經暫時放棄了以色列人
[00:41:48.920 --> 00:41:53.240]  他們的地位是由教會來代替
[00:41:53.240 --> 00:41:57.560]  就是將神的好消息要傳遍地歧
[00:41:57.560 --> 00:42:02.200]  這樣的職責已經是由教會來代替
[00:42:02.200 --> 00:42:05.240]  但是神沒有放棄到以色列人
[00:42:05.240 --> 00:42:09.240]  在羅馬書十一章第二十六節我們見到
[00:42:09.240 --> 00:42:11.960]  當教會的人數填滿了
[00:42:11.960 --> 00:42:14.760]  以色列全家都會得救
[00:42:14.760 --> 00:42:18.520]  所以神絕對沒有放棄到以色列人
[00:42:18.520 --> 00:42:23.400]  耶和華容忍了羅波安和猶太一年
[00:42:23.400 --> 00:42:26.360]  到了羅波安在位的第五年
[00:42:26.360 --> 00:42:31.800]  神就差派埃及王士薩率領大軍進入猶太
[00:42:31.800 --> 00:42:33.560]  來攻擊他們
[00:42:33.560 --> 00:42:37.000]  儘管羅波安是有作預防
[00:42:37.000 --> 00:42:42.040]  但是士薩是能夠攻陷一個又一個的城鎮
[00:42:42.040 --> 00:42:46.040]  在底比斯亞蒙的宮殿裏面
[00:42:46.040 --> 00:42:49.640]  是有一個石碑紀念了士薩
[00:42:49.640 --> 00:42:52.920]  是在公元前的925年
[00:42:52.920 --> 00:42:56.120]  他佔領了以色列和猶太
[00:42:56.120 --> 00:42:59.160]  一共有156個城市
[00:42:59.160 --> 00:43:01.720]  直接到達耶路撒冷
[00:43:01.720 --> 00:43:05.080]  在歷代之下的十二章第九節
[00:43:05.080 --> 00:43:09.800]  說他奪了耶和華殿和王宮裡的寶物
[00:43:09.800 --> 00:43:11.400]  盡都帶走
[00:43:11.400 --> 00:43:15.320]  又奪去所羅門製造的金盾牌
[00:43:15.320 --> 00:43:18.040]  而另外在迺吉多
[00:43:18.040 --> 00:43:22.120]  也出土了一塊石碑碎片
[00:43:22.120 --> 00:43:23.480]  上高證實
[00:43:23.480 --> 00:43:28.920]  埃及法魯王曾經軍臨城下耶路撒冷
[00:43:28.920 --> 00:43:31.080]  就在這個時候
[00:43:31.080 --> 00:43:34.520]  先知斯瑪雅再次出現
[00:43:34.520 --> 00:43:38.360]  帶給羅波安一個簡短的信息
[00:43:38.360 --> 00:43:40.280]  這個信息是什麼?
[00:43:40.280 --> 00:43:43.160]  在歷代之下的十二章第五節
[00:43:43.160 --> 00:43:45.400]  「或耶和華如此說
[00:43:45.400 --> 00:43:47.160]  你們離棄了我
[00:43:47.160 --> 00:43:50.840]  所以我使你們落在士薩的手裡」
[00:43:50.840 --> 00:43:53.720]  但是神是信實的
[00:43:53.720 --> 00:43:55.640]  每當神的子民
[00:43:55.640 --> 00:43:58.520]  當他們犯罪被神管教的時候
[00:43:58.520 --> 00:44:01.720]  如果他們願意聆聽神的話語
[00:44:01.720 --> 00:44:05.240]  如果他們願意在神的面前自卑的話
[00:44:05.240 --> 00:44:08.200]  神會給他們有改過的機會
[00:44:08.200 --> 00:44:10.520]  這個也是所羅門
[00:44:10.520 --> 00:44:14.040]  他在奉獻聖殿所說的話
[00:44:14.040 --> 00:44:18.200]  記載在歷代之下的七章十三至十四節
[00:44:18.200 --> 00:44:21.800]  就是如果神的子民願意迴轉的話
[00:44:21.800 --> 00:44:24.600]  神會給他們機會來悔改
[00:44:24.600 --> 00:44:27.160]  這個是神的應許
[00:44:27.160 --> 00:44:30.600]  羅波安於是和他的眾領袖
[00:44:30.600 --> 00:44:33.880]  在耶和華的面前自卑
[00:44:33.880 --> 00:44:38.680]  神就停止了士薩對耶路撒冷的攻擊
[00:44:38.680 --> 00:44:41.640]  雖然當我們被神管教的時候
[00:44:41.640 --> 00:44:43.800]  如果我們願意悔改認罪
[00:44:43.800 --> 00:44:45.480]  神會寬恕我們
[00:44:45.480 --> 00:44:51.480]  但是仍然都會有由罪而產生的後果和代價
[00:44:51.480 --> 00:44:55.800]  那你說羅波安和猶大人
[00:44:55.800 --> 00:45:00.040]  有什麼後果有什麼代價
[00:45:00.040 --> 00:45:03.400]  就是他們必須臣服於士薩
[00:45:03.400 --> 00:45:06.280]  面面進貢歲歲來朝
[00:45:06.280 --> 00:45:12.120]  而且埃及人是拿走了所羅門王宮裡面一切的東西
[00:45:12.120 --> 00:45:15.480]  包括五百面金的盾牌
[00:45:15.480 --> 00:45:20.360]  而在這個時候以色列國已經是非常之貧窮
[00:45:20.360 --> 00:45:24.840]  羅波安沒有這樣的能力來複製這些金的盾牌
[00:45:24.840 --> 00:45:31.560]  所以他用青銅來製造盾牌來代替他們
[00:45:31.560 --> 00:45:35.960]  最後一點就是說到羅波安的死
[00:45:35.960 --> 00:45:38.760]  在這個之前經文補充說
[00:45:38.760 --> 00:45:43.400]  羅波安和耶羅波安之間不斷發生戰爭
[00:45:43.400 --> 00:45:47.160]  而羅波安在他58歲的時候去世
[00:45:47.160 --> 00:45:48.760]  這些事經文說
[00:45:48.760 --> 00:45:53.880]  都記載在猶大的《列王紀》這部書裡面
[00:45:53.880 --> 00:45:55.800]  羅波安死了之後
[00:45:55.800 --> 00:46:00.280]  他的兒子亞比亞繼承了他的王位
[00:46:00.280 --> 00:46:03.160]  在結束的時候我們來看看
[00:46:03.160 --> 00:46:06.680]  剛才經文是說了羅波安的事情
[00:46:06.680 --> 00:46:09.560]  都記載在《列王紀》這部書裡面
[00:46:09.560 --> 00:46:15.000]  而我們知道歷代誌也有記載同樣的事
[00:46:15.000 --> 00:46:16.840]  我們不妨說說
[00:46:16.840 --> 00:46:20.600]  《列王紀》和《歷代誌》究竟有什麼分別
[00:46:20.600 --> 00:46:26.360]  《歷代誌》是在歷史的事情發生之後不久所寫成
[00:46:26.360 --> 00:46:30.360]  是從先知的眼光來看歷史事實
[00:46:30.360 --> 00:46:35.480]  而《歷代誌》是事情發生了很久才寫下來
[00:46:35.480 --> 00:46:39.320]  是從祭司的角度來看這些歷史事蹟
[00:46:39.320 --> 00:46:45.960]  《列王紀》是要解釋為什麼以色列人和猶太人亡國
[00:46:45.960 --> 00:46:50.600]  所以在《列王紀》的言語是比較嚴厲
[00:46:50.600 --> 00:46:54.120]  甚至沒有提到羅波安的悔改
[00:46:54.120 --> 00:47:00.520]  《歷代誌》是要給正在流亡的猶太人有希望、給他們有安慰
[00:47:00.520 --> 00:47:06.520]  所以經文說出羅波安和猶太人在神的面前自卑
[00:47:06.520 --> 00:47:09.800]  耶和華的怒氣就轉燒了
[00:47:09.800 --> 00:47:12.680]  這個也是要告訴猶太人
[00:47:12.680 --> 00:47:18.200]  喂!你們現在雖然是在流亡被神來管教懲罰
[00:47:18.200 --> 00:47:21.720]  但是如果你們願意悔改自卑的話
[00:47:21.720 --> 00:47:27.880]  神會寬恕你們,會讓你們回到自己的國土、自己的國家
[00:47:27.880 --> 00:47:31.480]  在我們批評羅波安之前
[00:47:31.480 --> 00:47:34.840]  我們也需要自我檢查一下
[00:47:34.840 --> 00:47:41.080]  我剛才說到犯拜偶像的罪和不道德的罪其實是一樣
[00:47:41.080 --> 00:47:43.160]  而根據調查
[00:47:43.160 --> 00:47:47.000]  現在在教會裡面所謂重新不救的基督徒
[00:47:47.000 --> 00:47:53.080]  所犯不道德的罪和教外的人是沒有任何的分別
[00:47:53.080 --> 00:47:54.680]  都是一樣那麼多
[00:47:54.680 --> 00:48:00.680]  如果神是審判懲罰羅波安和猶太人的話
[00:48:00.680 --> 00:48:04.680]  神一樣是要審判祂自己的教會
[00:48:04.680 --> 00:48:06.680]  而聖經的確說
[00:48:06.680 --> 00:48:10.200]  神的審判是從祂自己的家開始
[00:48:10.200 --> 00:48:12.280]  願神憐憫我們
[00:48:12.280 --> 00:48:13.480]  願神祝福
[00:48:13.480 --> 00:48:14.840]  願神憐憫
[00:48:14.840 --> 00:48:17.000]  讓我們一起低頭禱告
[00:48:17.000 --> 00:48:18.360]  主我們感謝祢
[00:48:18.360 --> 00:48:23.800]  感謝祢讓我們有列王紀第十二章和第十四章
[00:48:23.800 --> 00:48:28.120]  還有是歷代之下的第十章至到第十二章
[00:48:28.120 --> 00:48:31.480]  讓我們看到羅波安他的愚蠢
[00:48:31.480 --> 00:48:35.560]  願意我們不要學習羅波安一樣那麼愚蠢
[00:48:35.560 --> 00:48:39.800]  願意我們能夠得到從聖靈而來的智慧
[00:48:39.800 --> 00:48:42.520]  願意被聖靈來充滿我們
[00:48:42.520 --> 00:48:45.320]  以致作出明確的決定
[00:48:45.320 --> 00:48:48.120]  我們都知道我們仍然是有罪性
[00:48:48.120 --> 00:48:50.920]  我們仍然基督徒都會犯罪
[00:48:50.920 --> 00:48:52.600]  當我們犯罪的時候
[00:48:52.600 --> 00:48:55.080]  願意我們都能夠學習
[00:48:55.080 --> 00:48:58.040]  能夠在你的面前來自卑
[00:48:58.040 --> 00:49:00.680]  來聆聽你的話語
[00:49:00.680 --> 00:49:05.160]  以致你的怒氣會在我們身上轉燒
[00:49:05.160 --> 00:49:09.160]  願意我們都能夠再一次守潔心清地
[00:49:09.160 --> 00:49:12.920]  來到你的面前 來到蒙你的月臘
[00:49:12.920 --> 00:49:17.240]  願意我們都能夠再一次重投你的懷抱
[00:49:17.240 --> 00:49:20.680]  再一次能夠得到你的月臘
[00:49:20.680 --> 00:49:23.960]  將一切的榮耀重贊歸給你
[00:49:23.960 --> 00:49:27.560]  我們這樣禱告奉主耶穌基督的名義求
[00:49:27.560 --> 00:49:29.560]  阿們
[00:49:39.960 --> 00:49:41.960]  MING PAO CANADA | MING PAO TORONTO
