
[00:00:00.000 --> 00:00:01.680]  兩個拖紅隊都是Mark Sir說的
[00:00:01.680 --> 00:00:02.800]  有請Mark Sir
[00:00:02.800 --> 00:00:07.880]  好,謝謝主人
[00:00:07.880 --> 00:00:10.920]  小心點,待會這個不知道交給誰
[00:00:10.920 --> 00:00:13.320]  不知道誰贏,好嗎
[00:00:13.320 --> 00:00:16.160]  我以為大家出去吃飯
[00:00:16.160 --> 00:00:18.480]  然後趕回來就去查經
[00:00:18.480 --> 00:00:21.000]  誰知道原來是看球賽,好嗎
[00:00:21.000 --> 00:00:23.600]  不會妨礙大家看球賽的
[00:00:23.600 --> 00:00:24.680]  無論如何
[00:00:24.680 --> 00:00:27.440]  我們一直在說一個短的系列
[00:00:27.440 --> 00:00:29.080]  是關於女性的侍奉
[00:00:29.160 --> 00:00:31.240]  我們從不同的經文出發
[00:00:31.240 --> 00:00:33.160]  來思考這個問題
[00:00:33.160 --> 00:00:35.240]  我們曾經說過
[00:00:35.240 --> 00:00:39.560]  聖經裡應該如何看待女性的侍奉
[00:00:39.560 --> 00:00:44.080]  以及社會裡有不同的宗派
[00:00:44.080 --> 00:00:45.600]  有不同的聲音等等
[00:00:45.600 --> 00:00:48.800]  我們應該在經文裡如何處理
[00:00:48.800 --> 00:00:50.720]  這是一個很切身的問題
[00:00:50.720 --> 00:00:53.160]  因為教會總是有男有女
[00:00:53.160 --> 00:00:57.320]  甚至很多教會都是女比較多於男
[00:00:57.400 --> 00:01:01.360]  對…我們UV不知道為甚麼
[00:01:01.360 --> 00:01:04.520]  我們是五五的
[00:01:04.520 --> 00:01:06.960]  多年來都是
[00:01:06.960 --> 00:01:09.440]  不是說女性特別多於男性
[00:01:09.440 --> 00:01:13.280]  就是男女均勻,平衡得不錯
[00:01:13.280 --> 00:01:15.680]  不知道這是誰的功勞
[00:01:15.680 --> 00:01:17.080]  我也不太清楚
[00:01:17.080 --> 00:01:19.200]  上帝差派的人來
[00:01:19.200 --> 00:01:22.040]  所以我們未必有這種問題
[00:01:22.040 --> 00:01:23.280]  我曾經去過一些教會
[00:01:23.280 --> 00:01:25.760]  整個小組,譬如10個人
[00:01:25.760 --> 00:01:27.280]  或者12個人的小組
[00:01:27.360 --> 00:01:28.880]  一個男生在那裡
[00:01:28.880 --> 00:01:32.280]  然後有11個女生
[00:01:32.280 --> 00:01:35.600]  就像蝴蝶般飛來飛去
[00:01:35.600 --> 00:01:37.960]  是有點不同的
[00:01:37.960 --> 00:01:39.480]  但這是一個切身的問題
[00:01:39.480 --> 00:01:41.400]  因為普遍的教會裡
[00:01:41.400 --> 00:01:46.840]  有很多女士和姐妹合作建立教會
[00:01:46.840 --> 00:01:49.200]  所以她們的功不可沒
[00:01:49.200 --> 00:01:50.800]  但很多時候我們看聖經時
[00:01:50.800 --> 00:01:53.760]  我們有個感覺是以男為上
[00:01:53.760 --> 00:01:55.920]  或者以男為主導
[00:01:56.000 --> 00:01:57.800]  我不知道大家有沒有這種感覺
[00:01:57.800 --> 00:02:00.440]  在聖經裡,從頭到尾
[00:02:00.440 --> 00:02:03.040]  如果你留意一下
[00:02:03.040 --> 00:02:07.520]  有沒有一些信心的人物
[00:02:07.520 --> 00:02:08.680]  聖經裡的人物
[00:02:08.680 --> 00:02:11.400]  很多都是男人嗎
[00:02:11.400 --> 00:02:13.480]  你想想有誰
[00:02:13.480 --> 00:02:15.960]  你想到的大部分都是男人
[00:02:15.960 --> 00:02:18.120]  阿伯拉罕是男人嗎
[00:02:18.120 --> 00:02:19.680]  以撒瓦國
[00:02:19.680 --> 00:02:22.880]  十二眾子、十二支派之父
[00:02:22.960 --> 00:02:26.680]  然後摩西、大衛、索羅門
[00:02:26.680 --> 00:02:29.800]  這些全部都是男人的名字,對吧
[00:02:29.800 --> 00:02:31.040]  好像很奇怪
[00:02:31.040 --> 00:02:32.280]  其實一點也不奇怪
[00:02:32.280 --> 00:02:35.840]  因為當時的社會、文化
[00:02:35.840 --> 00:02:39.760]  是屬於這種習俗
[00:02:39.760 --> 00:02:44.560]  男為上,男在外,女在內
[00:02:44.560 --> 00:02:45.400]  所以很多時候
[00:02:45.400 --> 00:02:48.640]  從年輕的時候到現在
[00:02:48.640 --> 00:02:50.520]  在教會裡說
[00:02:50.600 --> 00:02:54.000]  聖經裡故屬歷史的推展
[00:02:54.000 --> 00:02:55.840]  工作的進展
[00:02:55.840 --> 00:02:57.680]  由創世直到基督
[00:02:57.680 --> 00:02:59.520]  然後再到新天新地
[00:02:59.520 --> 00:03:02.400]  你看到時間線
[00:03:02.400 --> 00:03:06.960]  從左邊創世與人的叛變墮落
[00:03:06.960 --> 00:03:08.640]  到族長的時期
[00:03:08.640 --> 00:03:10.080]  出埃及
[00:03:10.080 --> 00:03:12.760]  出埃及後,他們在礦業40年
[00:03:12.760 --> 00:03:14.720]  然後他們才入主迦南
[00:03:14.720 --> 00:03:17.600]  然後才定居迦南,對吧
[00:03:17.600 --> 00:03:19.520]  然後到王國的時代
[00:03:19.600 --> 00:03:22.560]  王國分裂了,然後北國滅
[00:03:22.560 --> 00:03:24.360]  南國又被滅
[00:03:24.360 --> 00:03:28.600]  然後他們大部分被老巴比倫回歸
[00:03:28.600 --> 00:03:29.680]  回歸回來的時候
[00:03:29.680 --> 00:03:32.840]  一直等待這位尼賽亞基督
[00:03:32.840 --> 00:03:34.560]  耶穌基督來到,對吧
[00:03:34.560 --> 00:03:42.440]  這已經涵蓋了整個舊約新約的歷史
[00:03:42.440 --> 00:03:44.720]  或者整個救贖的計劃,對吧
[00:03:44.720 --> 00:03:45.840]  中間那裡
[00:03:45.840 --> 00:03:47.560]  我們很多時候聽到的就是
[00:03:47.640 --> 00:03:50.480]  這個故事,從頭到尾我們讀的時候
[00:03:50.480 --> 00:03:52.840]  那些所謂英雄人物
[00:03:52.840 --> 00:03:54.680]  所謂那些神用的人
[00:03:54.680 --> 00:03:56.920]  就是下面那些
[00:03:56.920 --> 00:03:59.400]  阿布拉罕爾薩雅國、摩西
[00:03:59.400 --> 00:04:02.440]  約書亞帶領以色列人進入迦南
[00:04:02.440 --> 00:04:03.760]  然後有士司的時代
[00:04:03.760 --> 00:04:05.880]  大部分的士司都是男人
[00:04:05.880 --> 00:04:07.640]  然後大衛,之前是蘇羅
[00:04:07.640 --> 00:04:10.160]  後面就是所羅門等等
[00:04:10.160 --> 00:04:12.560]  然後他們被老回歸
[00:04:12.560 --> 00:04:16.000]  就是以斯拉、尼希米
[00:04:16.080 --> 00:04:18.400]  然後到耶穌呼召十二個門徒
[00:04:18.400 --> 00:04:20.040]  都是男人,對吧
[00:04:20.040 --> 00:04:23.920]  這個就是下面我們通常留意到的
[00:04:23.920 --> 00:04:26.760]  上面我們很少留意的
[00:04:26.760 --> 00:04:29.000]  原來每一個關鍵的地方
[00:04:29.000 --> 00:04:30.640]  你看到它有轉折
[00:04:30.640 --> 00:04:32.960]  聖經歷史有轉折的時候
[00:04:32.960 --> 00:04:36.760]  關鍵的人物往往就是女士
[00:04:36.760 --> 00:04:38.320]  你有沒有留意過
[00:04:38.320 --> 00:04:40.720]  由人的叛變開始
[00:04:40.720 --> 00:04:42.720]  然後上帝有一個應許
[00:04:42.720 --> 00:04:45.520]  就是給一個女人的後裔
[00:04:45.600 --> 00:04:49.200]  然後她可以戰勝邪惡
[00:04:49.200 --> 00:04:52.960]  女人的後裔…
[00:04:52.960 --> 00:04:55.480]  然後到族長時期過了
[00:04:55.480 --> 00:04:59.920]  以色列人流浪在埃及的時候
[00:04:59.920 --> 00:05:02.280]  救他們出埃及之前
[00:05:02.280 --> 00:05:06.920]  是誰使摩西能夠成為英雄的
[00:05:06.920 --> 00:05:09.320]  原來就是修生婆
[00:05:09.320 --> 00:05:11.640]  出埃及記第一章,記得嗎
[00:05:11.720 --> 00:05:16.560]  Alice也提及過這幾段經文
[00:05:16.560 --> 00:05:21.640]  然後米利暗就是摩西的姐姐
[00:05:21.640 --> 00:05:23.720]  法魯的女兒
[00:05:23.720 --> 00:05:30.960]  這些在上帝的暗處去到薄後安排
[00:05:30.960 --> 00:05:33.280]  他們所謂立功
[00:05:33.280 --> 00:05:34.720]  或者在關鍵的時候
[00:05:34.720 --> 00:05:37.200]  因為他們所做的事情
[00:05:37.200 --> 00:05:40.200]  以至有摩西誕生
[00:05:40.280 --> 00:05:42.760]  到了入主迦南
[00:05:42.760 --> 00:05:44.680]  他們派探子進去
[00:05:44.680 --> 00:05:47.320]  然後有誰告訴他們
[00:05:47.320 --> 00:05:50.240]  這個地方是耶和華給了你們
[00:05:50.240 --> 00:05:52.760]  是妓女拉合,對吧
[00:05:52.760 --> 00:05:53.960]  入主迦南之後
[00:05:53.960 --> 00:05:57.640]  到混亂的時候,就是士司的時代
[00:05:57.640 --> 00:05:59.720]  雖然大部分士司都是男人
[00:05:59.720 --> 00:06:00.840]  因為打仗
[00:06:00.840 --> 00:06:05.080]  但其中一個女的將士
[00:06:05.160 --> 00:06:10.440]  就是迪波拉,士司記第四章
[00:06:10.440 --> 00:06:13.520]  然後在《路德記》中當然提及過
[00:06:13.520 --> 00:06:14.680]  路德所做的事情
[00:06:14.680 --> 00:06:17.240]  以至大衛能夠誕生,對吧
[00:06:17.240 --> 00:06:21.000]  王國的時期還未到之前
[00:06:21.000 --> 00:06:24.880]  誰去開發這個時期
[00:06:24.880 --> 00:06:26.520]  就是哈拿
[00:06:26.520 --> 00:06:28.040]  哈拿是母子生的
[00:06:28.040 --> 00:06:30.680]  然後求耶和華給她一個兒子
[00:06:30.680 --> 00:06:34.400]  就變成了薩姆爾誕生,對吧
[00:06:34.480 --> 00:06:37.520]  所以王國的時期才臨到
[00:06:37.520 --> 00:06:39.480]  到秘魯回歸的時候
[00:06:39.480 --> 00:06:42.440]  有一本書叫作《以斯帖》
[00:06:42.440 --> 00:06:46.680]  《以斯帖》是關於女人的書
[00:06:46.680 --> 00:06:47.880]  然後到瑪利亞
[00:06:47.880 --> 00:06:50.720]  當然瑪利亞是因為她的信心緣故
[00:06:50.720 --> 00:06:53.640]  所以救主能夠出生
[00:06:53.640 --> 00:06:57.840]  到了耶穌基督,從死裡復活
[00:06:57.840 --> 00:07:01.680]  發現空墳墓的和第一個被差派
[00:07:01.760 --> 00:07:08.000]  宣告復活的訊息是誰
[00:07:08.000 --> 00:07:09.880]  Mary Magdalene
[00:07:09.880 --> 00:07:11.280]  所以如果你這樣看
[00:07:11.280 --> 00:07:16.960]  其實女人不是一些配角或註腳
[00:07:16.960 --> 00:07:18.760]  是一些很重要的角色
[00:07:18.760 --> 00:07:27.360]  每逢一些關鍵或轉捩點
[00:07:27.360 --> 00:07:28.960]  就會有女士出現
[00:07:28.960 --> 00:07:31.640]  所以上帝是揀選一些女性
[00:07:31.720 --> 00:07:35.080]  跟男人一起去成就自己的計劃
[00:07:35.080 --> 00:07:37.080]  推展自己的計劃
[00:07:37.080 --> 00:07:39.640]  這個很少聽到,對吧
[00:07:39.640 --> 00:07:43.120]  這個表格大概是十多年前做的
[00:07:43.120 --> 00:07:45.400]  大約十年前
[00:07:45.400 --> 00:07:48.600]  我自己這幾天去看的時候
[00:07:48.600 --> 00:07:51.520]  我都不能做到一個更好的
[00:07:51.520 --> 00:07:53.440]  我覺得當時已經做得很好
[00:07:53.440 --> 00:07:56.200]  所以現在還是做這個出來
[00:07:56.200 --> 00:07:57.800]  換了顏色等等
[00:07:57.800 --> 00:07:59.160]  但我想告訴你
[00:07:59.240 --> 00:08:04.960]  我們平日所接觸的聖經救贖工作的進展
[00:08:04.960 --> 00:08:06.720]  很多時候我們聽見的是下面
[00:08:06.720 --> 00:08:09.560]  但很多時候我們沒有留意的是上面
[00:08:09.560 --> 00:08:11.680]  這是整本聖經去認識的時候
[00:08:11.680 --> 00:08:15.840]  我們就有一個不同的體會,對吧
[00:08:15.840 --> 00:08:18.160]  今天看一段很熟悉的經文
[00:08:18.160 --> 00:08:19.160]  是《路加福音》第十章
[00:08:19.160 --> 00:08:20.720]  我們先讀
[00:08:20.720 --> 00:08:22.880]  「他們」即是耶穌的門徒
[00:08:22.880 --> 00:08:24.480]  「繼續前行」
[00:08:24.480 --> 00:08:25.680]  「耶穌進了一個村莊」
[00:08:25.680 --> 00:08:27.760]  「有一個女人名叫瑪大」
[00:08:27.840 --> 00:08:30.200]  「接她到自己家裡」
[00:08:30.200 --> 00:08:32.080]  「她有一個妹妹叫瑪麗亞」
[00:08:32.080 --> 00:08:34.840]  這個瑪麗亞不是生耶穌的瑪麗亞
[00:08:34.840 --> 00:08:36.200]  另一個瑪麗亞
[00:08:36.200 --> 00:08:41.080]  「在主的腳前坐著聽耶穌的道」
[00:08:41.080 --> 00:08:44.240]  「瑪大事後的事太多」
[00:08:44.240 --> 00:08:47.040]  「心裡面忙亂進前來說」
[00:08:47.040 --> 00:08:48.040]  「主啊我的妹妹」
[00:08:48.040 --> 00:08:50.880]  「留下我一個人事後」
[00:08:50.880 --> 00:08:53.320]  「你不在意嗎」
[00:08:53.320 --> 00:08:55.720]  「請吩咐她來幫助我」
[00:08:55.720 --> 00:08:56.720]  「耶穌就回答」
[00:08:56.800 --> 00:09:00.640]  「瑪大瑪大 你為許多事操心煩惱」
[00:09:00.640 --> 00:09:03.760]  「但是不可少的只有一件」
[00:09:03.760 --> 00:09:06.680]  「瑪麗亞已經損上了那上好的福分」
[00:09:06.680 --> 00:09:11.080]  「是沒有人能從她奪去的」
[00:09:11.080 --> 00:09:12.360]  這是一段很熟悉的經文
[00:09:12.360 --> 00:09:14.160]  傳統或一般來說
[00:09:14.160 --> 00:09:16.400]  我們看見這段經文的時候
[00:09:16.400 --> 00:09:19.440]  很多時候是在靈修的時候看見的
[00:09:19.440 --> 00:09:20.600]  在靈修看見的時候
[00:09:20.600 --> 00:09:22.800]  第一個感覺是甚麼
[00:09:22.800 --> 00:09:25.080]  不要太忙
[00:09:25.160 --> 00:09:27.800]  因為瑪大實在太忙了
[00:09:27.800 --> 00:09:29.000]  大家記不記得
[00:09:29.000 --> 00:09:30.200]  我看見有些人皺眉頭
[00:09:30.200 --> 00:09:31.280]  可能是第一次看聖經
[00:09:31.280 --> 00:09:33.320]  或第一次看這個故事
[00:09:33.320 --> 00:09:35.160]  耶穌和門徒在上路
[00:09:35.160 --> 00:09:38.120]  從加里往耶路撒冷進發的時候
[00:09:38.120 --> 00:09:39.840]  他們經過一個村莊
[00:09:39.840 --> 00:09:45.000]  然後有一個女士邀請他們到他們家裡
[00:09:45.000 --> 00:09:46.000]  進入他們家裡的時候
[00:09:46.000 --> 00:09:48.440]  他們就開始講道、教導人
[00:09:48.440 --> 00:09:51.040]  然後有兩個姐妹
[00:09:51.040 --> 00:09:52.480]  一個叫瑪大
[00:09:52.480 --> 00:09:53.360]  Mother
[00:09:53.360 --> 00:09:55.040]  一個叫瑪麗亞
[00:09:55.120 --> 00:10:00.360]  瑪大在廚房裡要事後的事太多
[00:10:00.360 --> 00:10:02.480]  因為你今天進來有東西吃、有東西喝
[00:10:02.480 --> 00:10:03.680]  為甚麼
[00:10:03.680 --> 00:10:06.240]  因為有很多人事後
[00:10:06.240 --> 00:10:10.360]  那些食物不會無中生有
[00:10:10.360 --> 00:10:11.880]  所以有人在這裡做了很多事
[00:10:11.880 --> 00:10:13.240]  之前早到很多
[00:10:13.240 --> 00:10:15.720]  然後燙好食物、煮好食物
[00:10:15.720 --> 00:10:18.040]  去款待你們
[00:10:18.040 --> 00:10:19.640]  事後很多事
[00:10:19.640 --> 00:10:21.880]  所以他就去款待她
[00:10:21.880 --> 00:10:24.200]  於是款待的時候她很忙
[00:10:24.280 --> 00:10:28.920]  然後瑪麗亞的妹妹就留下她在廚房
[00:10:28.920 --> 00:10:30.680]  然後她去了哪裡
[00:10:30.680 --> 00:10:33.600]  她就坐在耶穌的腳下
[00:10:33.600 --> 00:10:35.440]  然後她就聽到
[00:10:35.440 --> 00:10:37.560]  然後瑪大當然有些投訴
[00:10:37.560 --> 00:10:38.800]  對嗎
[00:10:38.800 --> 00:10:40.520]  耶穌就說
[00:10:40.520 --> 00:10:43.320]  你為許多事操心煩惱
[00:10:43.320 --> 00:10:45.560]  但有一件事是不可少的
[00:10:45.560 --> 00:10:48.400]  瑪麗亞已經算上拿最好的福分
[00:10:48.400 --> 00:10:50.600]  是沒有人能夠奪去的
[00:10:50.600 --> 00:10:52.760]  大概故事就是這麼簡單
[00:10:52.840 --> 00:10:54.320]  我第一個感覺當然是
[00:10:54.320 --> 00:10:56.480]  這裡耶穌所說的就是
[00:10:56.480 --> 00:10:59.520]  你們不要太忙
[00:10:59.520 --> 00:11:03.040]  因為你不要去做咖啡、奶茶那些事
[00:11:03.040 --> 00:11:07.920]  你進來聽道,好嗎
[00:11:07.920 --> 00:11:12.000]  好,做事那些就好了,對嗎
[00:11:12.000 --> 00:11:13.080]  大概是這個意思
[00:11:13.080 --> 00:11:15.040]  他就說我們跟主的關係
[00:11:15.040 --> 00:11:17.360]  應該安靜地來聽道
[00:11:17.360 --> 00:11:22.520]  然後在煩囂的生活中留下時間
[00:11:22.600 --> 00:11:23.760]  親近主
[00:11:23.760 --> 00:11:25.800]  然後我們才服侍
[00:11:25.800 --> 00:11:27.440]  這個讀法是很好的
[00:11:27.440 --> 00:11:28.400]  這個理解是很好的
[00:11:28.400 --> 00:11:29.840]  也造就了很多人
[00:11:29.840 --> 00:11:33.040]  以往我們看這個故事的時候
[00:11:33.040 --> 00:11:35.760]  也是一個很好的提醒,對吧
[00:11:35.760 --> 00:11:37.280]  特別是一些大忙人
[00:11:37.280 --> 00:11:39.720]  很喜歡忙的人、很喜歡工作的人
[00:11:39.720 --> 00:11:40.520]  對於我來說
[00:11:40.520 --> 00:11:43.720]  我覺得是需要坐在耶穌的腳前
[00:11:43.720 --> 00:11:45.240]  來聽一聽道
[00:11:45.240 --> 00:11:48.920]  但我們今天思考到女性侍奉的時候
[00:11:48.920 --> 00:11:50.240]  我們不妨看看
[00:11:50.320 --> 00:11:53.440]  其實這是故事的全部嗎
[00:11:53.440 --> 00:11:55.840]  還是我們更加要深入去理解
[00:11:55.840 --> 00:11:59.120]  你要留意,這裡是《路加福音》
[00:11:59.120 --> 00:12:00.480]  福音書很多時候
[00:12:00.480 --> 00:12:03.440]  是寫給當時第一世紀的教會
[00:12:03.440 --> 00:12:10.440]  這裡提到家在家裡發生了一件事
[00:12:10.440 --> 00:12:12.640]  兩個姐妹和耶穌之間
[00:12:12.640 --> 00:12:15.720]  可能有些爭拗等等
[00:12:15.720 --> 00:12:18.200]  你要知道當時第一世紀的時候
[00:12:18.280 --> 00:12:20.840]  他們看《路加福音》
[00:12:20.840 --> 00:12:24.360]  第一代的信眾、第一代的聽眾
[00:12:24.360 --> 00:12:25.720]  他們看見《路加福音》的時候
[00:12:25.720 --> 00:12:31.240]  他們不會想起教會有一個公眾的建築物
[00:12:31.240 --> 00:12:34.840]  然後我們在那裡聚會
[00:12:34.840 --> 00:12:39.040]  他們所有聚會的方式都是在家庭裡
[00:12:39.040 --> 00:12:41.480]  所以在《新約聖經》裡
[00:12:41.480 --> 00:12:44.200]  你也留意到這些線索
[00:12:44.200 --> 00:12:45.800]  有些經文告訴我們
[00:12:45.800 --> 00:12:48.120]  教會是在哪裡發生的
[00:12:48.200 --> 00:12:50.120]  不是一個公共的場合
[00:12:50.120 --> 00:12:52.560]  而是在一個家裡發生的
[00:12:52.560 --> 00:12:55.680]  所以那些真的叫做家庭教會
[00:12:55.680 --> 00:12:57.080]  或者家庭教會
[00:12:57.080 --> 00:12:59.640]  是在家庭裡發生的
[00:12:59.640 --> 00:13:00.640]  對了
[00:13:00.640 --> 00:13:02.320]  《士郎傳》第十六章
[00:13:02.320 --> 00:13:07.280]  保羅去到菲律賓
[00:13:07.280 --> 00:13:09.960]  那裡有一個人去招待他
[00:13:09.960 --> 00:13:12.400]  招待不是純粹煮東西給他吃這麼簡單
[00:13:12.400 --> 00:13:15.520]  而是在家裡有教會
[00:13:15.520 --> 00:13:16.800]  在那裡有聚會
[00:13:16.880 --> 00:13:18.680]  在女帝雅的家裡
[00:13:18.680 --> 00:13:19.840]  這是女人
[00:13:19.840 --> 00:13:22.920]  女帝雅Lydia的家裡
[00:13:22.920 --> 00:13:25.000]  有些弟兄姊妹在那裡聚會
[00:13:25.000 --> 00:13:27.120]  《士郎傳》第十二章第十二節
[00:13:27.120 --> 00:13:29.200]  提到彼得出監
[00:13:29.200 --> 00:13:30.960]  然後去了一個地方
[00:13:30.960 --> 00:13:34.120]  去到教會的弟兄姊妹裡
[00:13:34.120 --> 00:13:35.800]  那是什麼地方
[00:13:35.800 --> 00:13:39.080]  是瑪可約翰的母親瑪麗亞
[00:13:39.080 --> 00:13:39.920]  也是叫瑪麗亞
[00:13:39.920 --> 00:13:41.120]  但是另一個瑪麗亞
[00:13:41.120 --> 00:13:43.280]  在她家裡發生的
[00:13:43.360 --> 00:13:47.040]  那裡有很多人在那裡聚集、禱告
[00:13:47.040 --> 00:13:48.760]  《哥羅西書》第四章
[00:13:48.760 --> 00:13:51.240]  提到老弟家的弟兄姊妹的時候
[00:13:51.240 --> 00:13:52.400]  有一個姊妹叫做
[00:13:52.400 --> 00:13:55.880]  「靈法和他家裡面的教會」
[00:13:55.880 --> 00:13:57.400]  是不是
[00:13:57.400 --> 00:13:58.920]  家裡面的教會
[00:13:58.920 --> 00:14:01.320]  所以當時他們提到教會的時候
[00:14:01.320 --> 00:14:03.000]  他們就想起家
[00:14:03.000 --> 00:14:05.000]  所以瑪麗亞的故事
[00:14:05.000 --> 00:14:07.920]  也是在家裡面發生的
[00:14:07.920 --> 00:14:11.440]  甚至瑪麗亞所做的事情
[00:14:11.520 --> 00:14:14.520]  她說事後 事後的事太多
[00:14:14.520 --> 00:14:17.600]  其實這個字是後來來去形容
[00:14:17.600 --> 00:14:21.920]  執事和侍奉的詞彙
[00:14:21.920 --> 00:14:23.600]  所以奴家不是在說
[00:14:23.600 --> 00:14:27.480]  只是飯廳、客廳的一種風波
[00:14:27.480 --> 00:14:30.080]  而是在說家庭的教會裡面
[00:14:30.080 --> 00:14:34.880]  侍奉的角色和功能等
[00:14:34.880 --> 00:14:37.040]  大家記得
[00:14:37.040 --> 00:14:39.480]  以前的社會和我們現在的社會
[00:14:39.480 --> 00:14:40.960]  是有分別的
[00:14:41.040 --> 00:14:42.560]  第一世紀特別
[00:14:42.560 --> 00:14:44.640]  近東的社會
[00:14:44.640 --> 00:14:49.840]  社會的空間是分得很清楚的
[00:14:49.840 --> 00:14:51.200]  男與女
[00:14:51.200 --> 00:14:52.920]  這個地方是屬於你的
[00:14:52.920 --> 00:14:53.960]  是女人的
[00:14:53.960 --> 00:14:55.600]  這個地方是屬於我的
[00:14:55.600 --> 00:14:56.840]  是男人的
[00:14:56.840 --> 00:15:00.400]  我們華人的傳統文化都會這樣說
[00:15:00.400 --> 00:15:03.560]  男主外 女主內
[00:15:03.560 --> 00:15:04.840]  對不對
[00:15:04.840 --> 00:15:07.400]  女人要三從四德等等
[00:15:07.400 --> 00:15:09.360]  甚至今天一些比較保守的地方
[00:15:09.440 --> 00:15:11.240]  都是這樣區分的
[00:15:11.240 --> 00:15:13.440]  譬如你今天去西牆
[00:15:13.440 --> 00:15:14.760]  耶路撒冷西牆
[00:15:14.760 --> 00:15:16.400]  他們都是分開男女的
[00:15:16.400 --> 00:15:17.560]  對不對
[00:15:17.560 --> 00:15:19.840]  男女去到西牆的時候
[00:15:19.840 --> 00:15:23.280]  男人去到西牆是比較漂亮的
[00:15:23.280 --> 00:15:25.000]  在裡面的
[00:15:25.000 --> 00:15:26.720]  他們看到的東西比較多
[00:15:26.720 --> 00:15:27.760]  日曬雨淋的時候
[00:15:27.760 --> 00:15:29.080]  他們可以鑽進去裡面
[00:15:29.080 --> 00:15:31.160]  有一個會堂在裡面
[00:15:31.160 --> 00:15:32.760]  也是貼著西牆的
[00:15:32.760 --> 00:15:34.960]  女人就在外面的
[00:15:34.960 --> 00:15:35.600]  你不喜歡曬的話
[00:15:35.600 --> 00:15:37.360]  你就擔傘
[00:15:37.360 --> 00:15:38.400]  這個是男的區域
[00:15:38.480 --> 00:15:39.520]  這個是女人的區域
[00:15:39.520 --> 00:15:40.920]  分得很清楚
[00:15:40.920 --> 00:15:42.280]  我有很多次去巴勒斯坦地
[00:15:42.280 --> 00:15:44.640]  有時候是一個人去的
[00:15:44.640 --> 00:15:45.840]  有時候去會堂
[00:15:45.840 --> 00:15:50.040]  或者去做一些工作等等
[00:15:50.040 --> 00:15:51.440]  我記得有好幾次
[00:15:51.440 --> 00:15:53.840]  我是住在一個穆斯林的家
[00:15:53.840 --> 00:15:55.440]  因為是Airbnb
[00:15:55.440 --> 00:15:56.560]  我需要一個床位
[00:15:56.560 --> 00:15:58.320]  我一條難命
[00:15:58.320 --> 00:16:01.000]  很便宜 我就找了一個床位
[00:16:01.000 --> 00:16:03.160]  然後我找了一個家庭接待我
[00:16:03.160 --> 00:16:05.760]  那個家庭是穆斯林的家庭
[00:16:05.760 --> 00:16:07.280]  我記得有一次很深印象
[00:16:07.360 --> 00:16:08.480]  是第一次來的
[00:16:08.480 --> 00:16:10.320]  我進了West Bank
[00:16:10.320 --> 00:16:13.920]  進了一個穆斯林的家
[00:16:13.920 --> 00:16:17.200]  我住了幾天
[00:16:17.200 --> 00:16:20.240]  我從來沒有見過他老婆
[00:16:20.240 --> 00:16:22.880]  從來沒有見過任何女人
[00:16:22.880 --> 00:16:25.920]  我只見到他和他的小孩
[00:16:25.920 --> 00:16:28.360]  有時候會走進來
[00:16:28.360 --> 00:16:30.640]  我住的地方、睡的地方
[00:16:30.640 --> 00:16:32.000]  和他款待我
[00:16:32.000 --> 00:16:33.440]  煮東西給我的地方
[00:16:33.440 --> 00:16:36.600]  都是沒有見過女人的
[00:16:36.680 --> 00:16:39.360]  因為我很關心別人
[00:16:39.360 --> 00:16:43.200]  很好笑吧?我很關心別人
[00:16:43.200 --> 00:16:44.760]  我很關心別人
[00:16:44.760 --> 00:16:46.800]  我當然要問他家庭狀況
[00:16:46.800 --> 00:16:49.680]  我問他太太怎麼樣
[00:16:49.680 --> 00:16:51.760]  他就說我們結婚多久了
[00:16:51.760 --> 00:16:54.240]  我們有多少…原來他們有很多小孩
[00:16:54.240 --> 00:16:57.640]  我從來沒有見過他老婆
[00:16:57.640 --> 00:17:01.400]  但是每一次早、午、晚餐
[00:17:01.400 --> 00:17:03.880]  都會有東西放在那裡
[00:17:03.880 --> 00:17:05.960]  我就跟他吃東西、跟他聊天
[00:17:06.040 --> 00:17:08.440]  因為男人是主外的
[00:17:08.440 --> 00:17:10.800]  所以是一個公共的空間
[00:17:10.800 --> 00:17:13.080]  公共的空間即是有人出入
[00:17:13.080 --> 00:17:14.680]  有外人在
[00:17:14.680 --> 00:17:17.000]  女人是不會讓我看的
[00:17:17.000 --> 00:17:19.960]  對吧?女人是在裡面
[00:17:19.960 --> 00:17:22.600]  你聽見她沙煲鵪鶉的聲音
[00:17:22.600 --> 00:17:24.440]  但是她永遠不會露面
[00:17:24.440 --> 00:17:26.760]  因為那是裡面的世界
[00:17:26.760 --> 00:17:28.560]  那是裡面的社會空間
[00:17:28.560 --> 00:17:31.480]  是煮飯的社會空間
[00:17:31.480 --> 00:17:32.520]  你這樣體會的時候
[00:17:32.600 --> 00:17:36.480]  你就明白這個故事其實不是那麼簡單
[00:17:36.480 --> 00:17:40.560]  這個故事是在說一些公共的空間
[00:17:40.560 --> 00:17:42.480]  以及私有的空間
[00:17:42.480 --> 00:17:44.760]  耶穌這樣做的時候
[00:17:44.760 --> 00:17:47.080]  可能是在做一些很破格的事情
[00:17:47.080 --> 00:17:50.080]  或者瑪利亞做的事情是很破格的
[00:17:50.080 --> 00:17:52.360]  加上這裡怎麼形容瑪利亞呢?
[00:17:52.360 --> 00:17:53.160]  形容她的動作
[00:17:53.160 --> 00:17:57.480]  是在耶穌的腳前聽祂的道
[00:17:57.480 --> 00:17:59.320]  在腳前聽祂的道
[00:17:59.400 --> 00:18:03.360]  我們第一個感覺看這個故事的時候
[00:18:03.360 --> 00:18:08.400]  我們就覺得她一定像高中生的女學生
[00:18:08.400 --> 00:18:11.080]  看著一個老師
[00:18:11.080 --> 00:18:12.920]  那個老師可能很英俊
[00:18:12.920 --> 00:18:14.400]  他坐在她的腳邊
[00:18:14.400 --> 00:18:16.400]  然後很仰慕地看著她
[00:18:16.400 --> 00:18:19.080]  聽她講學很好
[00:18:19.080 --> 00:18:21.120]  聽得很好,很入神
[00:18:21.120 --> 00:18:22.160]  我們的感覺就是這樣
[00:18:22.160 --> 00:18:25.240]  瑪利亞和耶穌之間的互動
[00:18:25.240 --> 00:18:26.200]  但其實不是這樣的
[00:18:26.280 --> 00:18:32.000]  這句話「坐在主的腳前聽祂的道」
[00:18:32.000 --> 00:18:36.640]  其實是一句猶太教裡面的術語
[00:18:36.640 --> 00:18:39.520]  「Sitting at the feet of the rabbi」
[00:18:39.520 --> 00:18:44.040]  坐在一個老師的腳前是什麼意思呢?
[00:18:44.040 --> 00:18:47.520]  其實就是去成為他的門生
[00:18:47.520 --> 00:18:50.000]  保羅也是這樣介紹自己的
[00:18:50.000 --> 00:18:52.240]  保羅在《少林寺》第22章
[00:18:52.240 --> 00:18:55.120]  他說「我原是猶太人生在基里加的大素」
[00:18:55.200 --> 00:18:57.160]  大素是當時一個很大的城市
[00:18:57.160 --> 00:19:01.480]  「但在這城裡面長大」
[00:19:01.480 --> 00:19:02.200]  保羅說什麼?
[00:19:02.200 --> 00:19:03.000]  他的學歷
[00:19:03.000 --> 00:19:04.720]  這是他的履歷表
[00:19:04.720 --> 00:19:08.800]  他說「他在加瑪列的門下」
[00:19:08.800 --> 00:19:12.280]  「按著我們祖宗嚴謹的律法受教」
[00:19:12.280 --> 00:19:17.480]  「熱心侍奉上帝,就如你們大家今日一樣」
[00:19:17.480 --> 00:19:18.520]  加瑪列的門下
[00:19:18.520 --> 00:19:20.160]  加瑪列是誰?
[00:19:20.160 --> 00:19:24.040]  加瑪列是一個很有名的拉比
[00:19:24.120 --> 00:19:25.920]  聖經裡面在這裡有記載
[00:19:25.920 --> 00:19:28.320]  聖經以外也有很多說他
[00:19:28.320 --> 00:19:34.080]  他當時是哈佛的學院
[00:19:34.080 --> 00:19:37.040]  如果有加瑪列去收你為門生的話
[00:19:37.040 --> 00:19:39.920]  你真的是這個反應
[00:19:39.920 --> 00:19:40.600]  什麼意思呢?
[00:19:40.600 --> 00:19:42.600]  他說「加瑪列的門下」
[00:19:42.600 --> 00:19:45.560]  原文是「加瑪列的腳下」
[00:19:45.560 --> 00:19:47.160]  他受教
[00:19:47.160 --> 00:19:51.800]  即是他「Sitting at the feet of the rabbi」
[00:19:51.880 --> 00:19:54.320]  在加瑪列的腳下
[00:19:54.320 --> 00:19:57.560]  去到廳道培養他出來
[00:19:57.560 --> 00:19:59.680]  保羅說我多厲害
[00:19:59.680 --> 00:20:01.240]  我在哪間學院
[00:20:01.240 --> 00:20:05.760]  當時最高等的學院去接受教育
[00:20:05.760 --> 00:20:07.920]  加瑪列的腳下
[00:20:07.920 --> 00:20:13.800]  所以這句話在主的腳前、腳下
[00:20:13.800 --> 00:20:15.320]  或者「At the feet」
[00:20:15.320 --> 00:20:19.240]  其實是一句很重要的用語
[00:20:19.320 --> 00:20:22.240]  特別加上當時一些拉比的著作
[00:20:22.240 --> 00:20:26.040]  說到如果女生要學Torah
[00:20:26.040 --> 00:20:28.040]  如果女生要學律法
[00:20:28.040 --> 00:20:31.320]  其實是教她去放縱自己
[00:20:31.320 --> 00:20:33.200]  有些拉比會這樣說
[00:20:33.200 --> 00:20:38.800]  你可以想像當時的討論
[00:20:38.800 --> 00:20:42.720]  這個空間到底是屬於男還是女
[00:20:42.720 --> 00:20:46.280]  有很多人認為這個空間只是屬於男
[00:20:46.360 --> 00:20:50.040]  你坐在拉比的腳下,是誰?
[00:20:50.040 --> 00:20:51.600]  是男還是女?
[00:20:51.600 --> 00:20:54.760]  是男,通常都是男
[00:20:54.760 --> 00:20:57.160]  很少是女的
[00:20:57.160 --> 00:21:00.720]  因為女人應該在的地方是甚麼?
[00:21:00.720 --> 00:21:04.520]  在廚房
[00:21:04.520 --> 00:21:07.040]  女人不應該在的地方是甚麼?
[00:21:07.040 --> 00:21:08.960]  拉比的腳下
[00:21:08.960 --> 00:21:12.520]  所以瑪利亞所做的事很有趣
[00:21:12.520 --> 00:21:14.640]  所以耶穌讚許她
[00:21:14.720 --> 00:21:18.760]  她說瑪利亞已經選上了最好的福分
[00:21:18.760 --> 00:21:20.760]  坐在耶穌的腳前
[00:21:20.760 --> 00:21:23.880]  不只是聽道理、寫筆記
[00:21:23.880 --> 00:21:26.520]  其實是她將來能夠成為甚麼?
[00:21:26.520 --> 00:21:29.640]  拉比,對吧?
[00:21:29.640 --> 00:21:31.840]  保羅坐在加瑪烈的腳下
[00:21:31.840 --> 00:21:33.320]  是為了甚麼緣故?
[00:21:33.320 --> 00:21:36.960]  不只是仰慕、做她的粉絲
[00:21:36.960 --> 00:21:38.840]  覺得加瑪烈很好
[00:21:38.840 --> 00:21:41.080]  然後寫下很多筆記
[00:21:41.080 --> 00:21:44.120]  她將來能夠成為加瑪烈一樣
[00:21:44.200 --> 00:21:45.120]  對吧?
[00:21:45.120 --> 00:21:48.120]  所以瑪利亞坐在耶穌的腳前
[00:21:48.120 --> 00:21:50.800]  就是獲得了上好的福分
[00:21:50.800 --> 00:21:52.240]  所以你看到這個故事
[00:21:52.240 --> 00:21:54.920]  其實是在挑戰當時社會中
[00:21:54.920 --> 00:21:58.920]  一些社會空間的定義
[00:21:58.920 --> 00:22:01.800]  這裡是屬於男的,女人是不能進去的
[00:22:01.800 --> 00:22:04.360]  但瑪利亞就進去了
[00:22:04.360 --> 00:22:06.200]  坐在耶穌的腳前
[00:22:06.200 --> 00:22:08.520]  然後她受教成為門生
[00:22:08.520 --> 00:22:11.720]  並且將來能夠成為拉比
[00:22:12.720 --> 00:22:14.480]  你這樣上下文看的時候
[00:22:14.480 --> 00:22:16.800]  你會發現這裡所說的
[00:22:16.800 --> 00:22:21.040]  不只是叫我們安靜、靈修
[00:22:21.040 --> 00:22:22.160]  這麼簡單
[00:22:22.160 --> 00:22:25.200]  如果你看看路加福音
[00:22:25.200 --> 00:22:29.080]  從頭到尾的脈絡
[00:22:29.080 --> 00:22:32.160]  你就知道這裡其實是在說這件事
[00:22:32.160 --> 00:22:37.120]  就是將當時社會中有空間的隔離
[00:22:37.120 --> 00:22:39.360]  將它拆掉
[00:22:39.360 --> 00:22:41.440]  路加福音第九章五十一節
[00:22:41.520 --> 00:22:44.840]  那是整個路加福音中的一個大轉折
[00:22:44.840 --> 00:22:47.840]  因為之前耶穌在加利利活躍
[00:22:47.840 --> 00:22:50.080]  然後在那裡傳道、講道
[00:22:50.080 --> 00:22:50.960]  九章五十一節
[00:22:50.960 --> 00:22:55.560]  他說耶穌被接上升的日子將到
[00:22:55.560 --> 00:23:00.080]  耶穌就決意向耶路撒冷前進
[00:23:00.080 --> 00:23:02.400]  就是祂的方向完全改變了
[00:23:02.400 --> 00:23:06.040]  九章五十一節就是整個路加福音的轉折
[00:23:06.040 --> 00:23:07.400]  就是耶穌離開加利利
[00:23:07.400 --> 00:23:09.680]  祂向耶路撒冷進發
[00:23:09.760 --> 00:23:12.200]  為何向耶路撒冷進發
[00:23:12.200 --> 00:23:13.040]  因為在耶路撒冷
[00:23:13.040 --> 00:23:14.200]  祂要在十字架上死
[00:23:14.200 --> 00:23:16.840]  成就上帝的救恩
[00:23:16.840 --> 00:23:18.400]  所以九章五十一節
[00:23:18.400 --> 00:23:20.440]  一直在說一些故事
[00:23:20.440 --> 00:23:23.160]  在成就一個救恩的過程中
[00:23:23.160 --> 00:23:25.760]  門徒跟著耶穌去學校祂
[00:23:25.760 --> 00:23:27.640]  甚麼叫做做一個門徒
[00:23:27.640 --> 00:23:29.040]  最終當然是死在十字架
[00:23:29.040 --> 00:23:31.600]  寫記去為人
[00:23:31.600 --> 00:23:34.080]  但這些故事集合起來的時候
[00:23:34.080 --> 00:23:37.320]  就是在說耶穌去定義
[00:23:37.320 --> 00:23:38.520]  到底甚麼叫做門徒
[00:23:38.600 --> 00:23:40.600]  甚麼叫做作一個尼塞亞
[00:23:40.600 --> 00:23:43.800]  而跟隨尼塞亞的人應該是怎樣的
[00:23:43.800 --> 00:23:45.080]  所以九章五十一節
[00:23:45.080 --> 00:23:47.080]  定義去耶路撒冷的時候
[00:23:47.080 --> 00:23:50.440]  路加集合了一些故事放在一起
[00:23:50.440 --> 00:23:52.160]  我們只看第十章
[00:23:52.160 --> 00:23:55.200]  十章一至二十四節
[00:23:55.200 --> 00:23:58.200]  耶穌就在上耶路撒冷的路上
[00:23:58.200 --> 00:24:00.080]  祂就差派七十人
[00:24:00.080 --> 00:24:01.480]  差派他們去其他地方
[00:24:01.480 --> 00:24:04.200]  來到全天國的福音
[00:24:04.280 --> 00:24:08.720]  已經打破了很多人與人之間的隔離
[00:24:08.720 --> 00:24:11.480]  然後十章二十五至三十七節
[00:24:11.480 --> 00:24:12.520]  我們很熟悉的
[00:24:12.520 --> 00:24:15.200]  這個好撒瑪利亞人的比喻
[00:24:15.200 --> 00:24:16.880]  其實就是在回答
[00:24:16.880 --> 00:24:18.320]  你跟隨耶穌的時候
[00:24:18.320 --> 00:24:20.040]  你就是做一個愛人如己
[00:24:20.040 --> 00:24:22.760]  愛鄰舍如己的人
[00:24:22.760 --> 00:24:24.800]  對嗎?耶穌就是一個這樣的人
[00:24:24.800 --> 00:24:27.160]  耶穌的門徒更加是一個這樣的人
[00:24:27.160 --> 00:24:28.880]  所以十章三十八節、四十二節
[00:24:28.880 --> 00:24:31.000]  馬大馬尼亞的故事
[00:24:31.080 --> 00:24:34.280]  我們的感覺就好像跟上下沒什麼關係
[00:24:34.280 --> 00:24:35.160]  其實不是的
[00:24:35.160 --> 00:24:37.720]  其實是在聯絡上與下的
[00:24:37.720 --> 00:24:39.960]  因為上面那個好撒瑪利亞人的比喻
[00:24:39.960 --> 00:24:42.800]  就是在說愛人如己
[00:24:42.800 --> 00:24:44.720]  法師也是這樣問的
[00:24:44.720 --> 00:24:45.880]  耶穌就回答他
[00:24:45.880 --> 00:24:46.560]  你回答吧
[00:24:46.560 --> 00:24:48.040]  兩大誡命是什麼?
[00:24:48.040 --> 00:24:51.880]  他說愛人如己和盡心盡性盡義盡力愛你的神
[00:24:51.880 --> 00:24:53.840]  十章三十八節到四十二節
[00:24:53.840 --> 00:24:55.720]  就是在說怎樣侍主
[00:24:55.720 --> 00:24:57.400]  怎樣去侍奉主
[00:24:57.400 --> 00:24:59.840]  要盡心盡力來愛主
[00:24:59.920 --> 00:25:01.160]  十章三十八節到四十二節
[00:25:01.160 --> 00:25:02.320]  馬大馬尼亞的故事
[00:25:02.320 --> 00:25:04.680]  原來就是在說侍奉
[00:25:04.680 --> 00:25:08.080]  並且耶穌是拆毀了
[00:25:08.080 --> 00:25:11.200]  打破了性別的界限
[00:25:11.200 --> 00:25:13.520]  正如好撒瑪利亞人的比喻
[00:25:13.520 --> 00:25:16.360]  是打破了種族的界限
[00:25:16.360 --> 00:25:17.120]  你記得那個故事
[00:25:17.120 --> 00:25:19.720]  我們不詳談了
[00:25:19.720 --> 00:25:22.880]  是說不只是猶太人才是你的鄰舍
[00:25:22.880 --> 00:25:25.000]  猶太人不喜歡的撒瑪利亞人
[00:25:25.000 --> 00:25:27.200]  都是你的鄰舍
[00:25:27.280 --> 00:25:31.040]  你就需要愛人如己
[00:25:31.040 --> 00:25:32.040]  十章三十八節到四十二節
[00:25:32.040 --> 00:25:32.720]  這樣看的時候
[00:25:32.720 --> 00:25:33.760]  他打破了什麼界限?
[00:25:33.760 --> 00:25:34.920]  不是種族
[00:25:34.920 --> 00:25:37.240]  而是性別的界限
[00:25:37.240 --> 00:25:38.760]  其實他在說真正的門徒
[00:25:38.760 --> 00:25:40.840]  一個真正的門徒
[00:25:40.840 --> 00:25:42.280]  應該是怎樣的?
[00:25:42.280 --> 00:25:44.280]  他說在家裡做的事
[00:25:44.280 --> 00:25:46.600]  事後的事等等
[00:25:46.600 --> 00:25:49.120]  不是按性別而分的
[00:25:49.120 --> 00:25:52.360]  而是按上帝的呼召
[00:25:52.360 --> 00:25:54.080]  所以我們看回這個故事的時候
[00:25:54.080 --> 00:25:56.440]  就不是這麼簡單
[00:25:56.520 --> 00:25:58.560]  原來這個故事是說
[00:25:58.560 --> 00:26:01.880]  女人坐在耶穌的腳前
[00:26:01.880 --> 00:26:05.160]  不只是單單有聽到的權利
[00:26:05.160 --> 00:26:08.080]  她去承傳做一個真正的門徒
[00:26:08.080 --> 00:26:10.480]  正如一個男人可以做一個真正的門徒
[00:26:10.480 --> 00:26:14.200]  女人也可以做一個真正的門徒
[00:26:14.200 --> 00:26:15.800]  在結束的時候
[00:26:15.800 --> 00:26:17.600]  我們想一想
[00:26:17.600 --> 00:26:18.600]  在教會裡面
[00:26:18.600 --> 00:26:21.920]  我們很多時候都會有一些
[00:26:21.920 --> 00:26:24.120]  不自覺地
[00:26:24.200 --> 00:26:27.160]  有一些對男女的定義
[00:26:27.160 --> 00:26:32.040]  咖啡廳煮飯的是誰?
[00:26:32.040 --> 00:26:34.880]  是燕姐,對嗎?
[00:26:34.880 --> 00:26:36.280]  燕姐
[00:26:36.280 --> 00:26:38.880]  但這個是不自覺地的
[00:26:38.880 --> 00:26:40.600]  但這裡有很多男士
[00:26:40.600 --> 00:26:43.280]  其實煮東西很厲害
[00:26:43.280 --> 00:26:46.360]  他們煮東西很厲害
[00:26:46.360 --> 00:26:49.640]  起碼比我厲害
[00:26:49.640 --> 00:26:52.640]  我們有些不自覺的定義
[00:26:52.720 --> 00:26:56.000]  港道出來做帶領的應該是誰?
[00:26:56.000 --> 00:26:57.800]  應該是男還是女?
[00:26:57.800 --> 00:26:59.600]  我們有時候會不自覺地覺得
[00:26:59.600 --> 00:27:02.400]  一定是男的,對吧?
[00:27:02.400 --> 00:27:05.120]  不一定的…
[00:27:05.120 --> 00:27:08.880]  男的領導和女的領導
[00:27:08.880 --> 00:27:11.400]  各有好處,對吧?
[00:27:11.400 --> 00:27:16.760]  亦各有需要改變、長進的地方,對吧?
[00:27:16.760 --> 00:27:19.720]  男的不一定是最大、最好
[00:27:19.720 --> 00:27:22.000]  我也有不同的缺陷,對吧?
[00:27:22.080 --> 00:27:23.880]  如果有女性去帶領的時候
[00:27:23.880 --> 00:27:25.800]  她看到的東西
[00:27:25.800 --> 00:27:28.720]  很多時候是我的盲點,對吧?
[00:27:28.720 --> 00:27:30.360]  所以為何我們的同工會
[00:27:30.360 --> 00:27:33.920]  都是男女有齊?
[00:27:33.920 --> 00:27:35.200]  希望做甚麼?
[00:27:35.200 --> 00:27:37.640]  希望大家彼此平衡
[00:27:37.640 --> 00:27:40.640]  大家一起默默地服侍
[00:27:40.640 --> 00:27:41.360]  這是第一點
[00:27:41.360 --> 00:27:46.880]  我們不要有一些男女不該有的定義
[00:27:46.880 --> 00:27:48.400]  那些定義很多時候是由文化
[00:27:48.400 --> 00:27:51.560]  我們的背景而生出來的
[00:27:51.640 --> 00:27:54.560]  我們嘗試去改變,好嗎?
[00:27:54.560 --> 00:27:55.680]  嘗試改變
[00:27:55.680 --> 00:27:58.360]  即是咖啡廳可能就不是燕姐了
[00:27:58.360 --> 00:28:01.160]  可能是燕哥
[00:28:01.160 --> 00:28:07.120]  你再想想上星期讓大家想的問題
[00:28:07.120 --> 00:28:08.040]  在你的生命中
[00:28:08.040 --> 00:28:13.160]  曾經祝福過你的姐妹、女士
[00:28:13.160 --> 00:28:16.040]  為了去感謝神,對吧?
[00:28:16.040 --> 00:28:18.560]  這星期給你一個功課,好嗎?
[00:28:18.640 --> 00:28:21.600]  即是這些默默地侍奉、默默地
[00:28:21.600 --> 00:28:24.520]  在你的生命中有過影響的人
[00:28:24.520 --> 00:28:26.640]  你不妨在這個星期
[00:28:26.640 --> 00:28:31.320]  你微信她或給她一個短訊
[00:28:31.320 --> 00:28:34.920]  你感謝她,好嗎?
[00:28:34.920 --> 00:28:39.240]  感謝她,寫一張卡給她,好嗎?
[00:28:39.240 --> 00:28:40.760]  去感謝她
[00:28:40.760 --> 00:28:41.600]  希望我們這個教會
[00:28:41.600 --> 00:28:44.040]  能夠成為一個男與女
[00:28:44.040 --> 00:28:47.400]  在耶穌的腳前都能夠聽到
[00:28:47.480 --> 00:28:50.800]  逼出將來能夠做拉比,好嗎?
[00:28:50.800 --> 00:28:53.840]  打破性別的界限
[00:28:53.840 --> 00:28:55.920]  上帝呼召每一個人
[00:28:55.920 --> 00:28:59.200]  讓我們能夠被祂所使用
[00:28:59.200 --> 00:29:00.680]  我們同心協力祈禱
[00:29:00.680 --> 00:29:02.560]  上主,我們感謝祢
[00:29:02.560 --> 00:29:06.200]  讓我們教會裡有男有女
[00:29:06.200 --> 00:29:07.840]  有兄弟、有姐妹
[00:29:07.840 --> 00:29:10.080]  我們缺一不可
[00:29:10.080 --> 00:29:14.160]  上主,我們求祢…
[00:29:14.240 --> 00:29:17.520]  求祢使教會能夠茁壯成長
[00:29:17.520 --> 00:29:21.520]  祢求祢興起弟兄和姐妹
[00:29:21.520 --> 00:29:25.680]  我們為著我們教會有很多姐妹
[00:29:25.680 --> 00:29:28.160]  默默地作供、默默地禱告
[00:29:28.160 --> 00:29:29.600]  默默地服侍
[00:29:29.600 --> 00:29:32.040]  我們獻上感恩和讚美
[00:29:32.040 --> 00:29:33.800]  感謝祢使用她們
[00:29:33.800 --> 00:29:38.560]  並且有姐妹帶領、講道、教導
[00:29:38.560 --> 00:29:43.280]  主,我們為著她們所帶來的教導
[00:29:43.360 --> 00:29:45.040]  她們所帶來的真理
[00:29:45.040 --> 00:29:46.640]  我們獻上感謝
[00:29:46.640 --> 00:29:47.480]  我們更加感謝祢
[00:29:47.480 --> 00:29:49.160]  因為上帝祢自己
[00:29:49.160 --> 00:29:52.760]  就是那一位呼召男並且女
[00:29:52.760 --> 00:29:55.000]  在基督裡成為一
[00:29:55.000 --> 00:29:58.640]  在教會裡能夠同心合意服侍主
[00:29:58.640 --> 00:30:00.280]  讓我們同心合意
[00:30:00.280 --> 00:30:02.560]  盡心盡力地愛祢
[00:30:02.560 --> 00:30:04.360]  我們這樣祈禱,奉主命
