
[00:00:00.000 --> 00:00:02.000]  我們歡迎Mark Sir
[00:00:30.000 --> 00:00:34.600]  我看到這些生命很受感動
[00:00:34.600 --> 00:00:39.400]  雖然說去別的教會跟別人服侍
[00:00:39.400 --> 00:00:40.600]  或者給別人一些東西
[00:00:40.600 --> 00:00:44.200]  其實收穫最大是我和我們
[00:00:44.200 --> 00:00:48.400]  我也在我們的廣告分享中
[00:00:48.400 --> 00:00:51.800]  跟弟兄姊妹說我們教會的情況
[00:00:51.800 --> 00:00:53.200]  我們教會的故事等等
[00:00:53.200 --> 00:00:57.000]  也有些弟兄姊妹有些小小的奉獻
[00:00:57.000 --> 00:00:58.600]  我覺得很感動
[00:00:58.600 --> 00:01:00.200]  三九不識七
[00:01:00.200 --> 00:01:02.400]  他真的相信你
[00:01:02.400 --> 00:01:04.200]  真的覺得在神國裡面
[00:01:04.200 --> 00:01:06.400]  我們在不同的地方、不同的位置
[00:01:06.400 --> 00:01:07.600]  我們都可以侍奉
[00:01:07.600 --> 00:01:09.800]  一起去夾手夾腳
[00:01:09.800 --> 00:01:14.000]  一起去慷慨地推動上帝的工作
[00:01:14.000 --> 00:01:16.000]  無論你在哪一個地方也好
[00:01:16.000 --> 00:01:19.800]  這些真的是一個很好的經驗
[00:01:19.800 --> 00:01:23.400]  希望主去祝福當地的教會
[00:01:23.400 --> 00:01:26.400]  也求主幫助我們
[00:01:26.400 --> 00:01:31.200]  剛才報告我們也聽見我們的教會需要成長
[00:01:31.200 --> 00:01:34.400]  所以有很多工作我們需要做
[00:01:34.400 --> 00:01:35.800]  包括我們自己的生命
[00:01:35.800 --> 00:01:42.000]  我們需要重新定向
[00:01:42.000 --> 00:01:44.600]  重新找回我們一個新的方向
[00:01:44.600 --> 00:01:48.400]  這次我回來是想完結
[00:01:48.400 --> 00:01:54.000]  我所謂女性侍奉的系列
[00:01:54.000 --> 00:01:58.400]  所以今天我們想去看最後一段經文
[00:01:58.400 --> 00:02:02.000]  最後一段經文是在羅馬書第十六章
[00:02:02.000 --> 00:02:04.800]  如果你有電話、聖經的話
[00:02:04.800 --> 00:02:07.200]  打開羅馬書最後一章
[00:02:07.200 --> 00:02:11.000]  就是第十六章
[00:02:11.000 --> 00:02:14.800]  羅馬書是一封書信
[00:02:14.800 --> 00:02:21.400]  寶羅寫信給當地的信徒羅馬的宗教會
[00:02:21.400 --> 00:02:23.400]  每一次寫書信的時候
[00:02:23.400 --> 00:02:26.000]  當然有抬頭和內容
[00:02:26.000 --> 00:02:28.000]  羅馬書是很長的
[00:02:28.000 --> 00:02:30.800]  而且是一封很有名的書信
[00:02:30.800 --> 00:02:33.400]  長度是十五章
[00:02:33.400 --> 00:02:34.800]  第一章寫了十五章
[00:02:34.800 --> 00:02:38.200]  講述了很多基督教裏面很重要的教義
[00:02:38.200 --> 00:02:40.800]  譬如恩信、清二
[00:02:40.800 --> 00:02:47.400]  弟兄姊妹如何在當時的猶太人和外邦人之間
[00:02:47.400 --> 00:02:50.400]  有很多的張力和分歧
[00:02:50.400 --> 00:02:53.400]  如何可以在一個共同的群體裏面
[00:02:53.400 --> 00:02:56.400]  在愛和真理裏面去建立
[00:02:56.400 --> 00:02:58.000]  講了十五章之後
[00:02:58.000 --> 00:02:59.800]  到第十六章最後一章
[00:02:59.800 --> 00:03:01.400]  是講些什麼
[00:03:01.400 --> 00:03:05.800]  通常你寫信最後是寫什麼的
[00:03:05.800 --> 00:03:07.200]  看看寫什麼
[00:03:07.200 --> 00:03:13.800]  寫情信的最後你寫什麼
[00:03:13.800 --> 00:03:16.400]  I love you
[00:03:16.400 --> 00:03:21.400]  儲名或者日期
[00:03:21.400 --> 00:03:22.400]  或者月份
[00:03:22.400 --> 00:03:23.400]  I love you
[00:03:23.400 --> 00:03:24.400]  我是誰
[00:03:24.400 --> 00:03:27.400]  日期等等
[00:03:27.400 --> 00:03:30.400]  第十六章也是有點像這樣的
[00:03:30.400 --> 00:03:32.400]  羅馬書第十六章最後的時候
[00:03:32.400 --> 00:03:36.400]  就是保羅向當地的教會問安
[00:03:36.400 --> 00:03:38.400]  如果打開這段聖經的時候
[00:03:38.400 --> 00:03:42.400]  你會發現他一直在數一些名字
[00:03:42.400 --> 00:03:49.400]  我們想用這些經文來做一個總結
[00:03:49.400 --> 00:03:54.400]  總結我們如何看女性在教會裏面侍奉
[00:03:54.400 --> 00:03:58.400]  下一張slide就告訴大家
[00:03:58.400 --> 00:04:01.400]  首先有一些預設和一些原則
[00:04:01.400 --> 00:04:02.400]  我們需要知道的
[00:04:02.400 --> 00:04:05.400]  每一個我們去理解聖經的時候
[00:04:05.400 --> 00:04:08.400]  每一個我們需要去明白聖經講些什麼
[00:04:08.400 --> 00:04:10.400]  我們都需要去明白幾樣東西
[00:04:10.400 --> 00:04:12.400]  現在沒有slide不要緊
[00:04:12.400 --> 00:04:13.400]  第一樣
[00:04:13.400 --> 00:04:17.400]  聖經是一些當時的產品
[00:04:17.400 --> 00:04:20.400]  父權社會的產品
[00:04:20.400 --> 00:04:22.400]  知道聖經的時代就是父權社會
[00:04:22.400 --> 00:04:24.400]  就是以男為上
[00:04:24.400 --> 00:04:26.400]  樣樣東西都是以男為外
[00:04:26.400 --> 00:04:28.400]  或者男人當家
[00:04:28.400 --> 00:04:30.400]  男人說了算
[00:04:30.400 --> 00:04:33.400]  所以聖經是一種這樣的情況下
[00:04:33.400 --> 00:04:38.400]  產生出來的文學作品
[00:04:38.400 --> 00:04:40.400]  我說文學作品不一定是虛構
[00:04:40.400 --> 00:04:41.400]  有些教目
[00:04:41.400 --> 00:04:43.400]  或者我上一代的教目
[00:04:43.400 --> 00:04:44.400]  比我老一些的教目
[00:04:44.400 --> 00:04:47.400]  他們一聽見聖經是文學作品的時候
[00:04:47.400 --> 00:04:49.400]  就說聖經是西遊記
[00:04:49.400 --> 00:04:50.400]  沒有歷史背景
[00:04:50.400 --> 00:04:52.400]  沒有歷史真實
[00:04:52.400 --> 00:04:54.400]  不是這樣的意思
[00:04:54.400 --> 00:04:56.400]  而是他花了很多心思
[00:04:56.400 --> 00:04:58.400]  在經文上面
[00:04:58.400 --> 00:04:59.400]  寫作上面
[00:04:59.400 --> 00:05:01.400]  來去present一件東西
[00:05:01.400 --> 00:05:03.400]  好像你去博物館看一些名畫
[00:05:03.400 --> 00:05:05.400]  是frame了一些東西
[00:05:05.400 --> 00:05:07.400]  有個假的
[00:05:07.400 --> 00:05:09.400]  那幅畫才漂亮
[00:05:09.400 --> 00:05:11.400]  聖經也是一樣
[00:05:11.400 --> 00:05:13.400]  聖經是在框架裏面
[00:05:13.400 --> 00:05:16.400]  出來的文學作品或者產品
[00:05:16.400 --> 00:05:17.400]  但你留意
[00:05:17.400 --> 00:05:20.400]  聖經是假設當時的
[00:05:20.400 --> 00:05:22.400]  以男為上的世界
[00:05:22.400 --> 00:05:27.400]  但不一定聖經是贊同那個世界
[00:05:27.400 --> 00:05:29.400]  大家明白嗎
[00:05:29.400 --> 00:05:32.400]  他預設或者假設當時的社會
[00:05:32.400 --> 00:05:33.400]  因為寫給當時的人
[00:05:33.400 --> 00:05:35.400]  直接寫給他們
[00:05:35.400 --> 00:05:38.400]  是假設但不一定是認可
[00:05:38.400 --> 00:05:39.400]  或者是贊成的
[00:05:39.400 --> 00:05:40.400]  這是第一點
[00:05:40.400 --> 00:05:41.400]  第二點就是
[00:05:41.400 --> 00:05:45.400]  聖經是以男性為中心的文學作品
[00:05:45.400 --> 00:05:47.400]  大部分的聖經寫的時候
[00:05:47.400 --> 00:05:50.400]  作者都應該是男人
[00:05:50.400 --> 00:05:52.400]  很少是女人
[00:05:52.400 --> 00:05:54.400]  我相信也不會是女人寫的
[00:05:54.400 --> 00:05:55.400]  大部分是男人
[00:05:55.400 --> 00:05:57.400]  不代表女人是完全不識字
[00:05:57.400 --> 00:06:01.400]  但當時的文化背景裏面
[00:06:01.400 --> 00:06:06.400]  主角或者寓意
[00:06:06.400 --> 00:06:07.400]  或者寓景
[00:06:07.400 --> 00:06:08.400]  或者作者
[00:06:08.400 --> 00:06:12.400]  都是以男人的眼光來作出發
[00:06:12.400 --> 00:06:16.400]  所以大部分的主角
[00:06:16.400 --> 00:06:18.400]  主要的人都是男人
[00:06:18.400 --> 00:06:20.400]  譬如你看家譜
[00:06:20.400 --> 00:06:22.400]  很少會說女人
[00:06:22.400 --> 00:06:27.400]  我們華人文化也是這樣
[00:06:27.400 --> 00:06:29.400]  是跟著男人去的
[00:06:29.400 --> 00:06:30.400]  女人去了哪裏
[00:06:30.400 --> 00:06:31.400]  女人是很需要的
[00:06:31.400 --> 00:06:32.400]  很需要女人
[00:06:32.400 --> 00:06:34.400]  因為女人是生小孩的
[00:06:34.400 --> 00:06:35.400]  沒有女人怎會生小孩
[00:06:35.400 --> 00:06:37.400]  但看家譜的時候
[00:06:37.400 --> 00:06:38.400]  跟著名字的時候
[00:06:38.400 --> 00:06:41.400]  一定是跟著男人的名字
[00:06:41.400 --> 00:06:42.400]  所以我們曾經說過
[00:06:42.400 --> 00:06:44.400]  聖經裏面大部分的主角
[00:06:44.400 --> 00:06:46.400]  我們很多時候的印象
[00:06:46.400 --> 00:06:48.400]  都是一些男人
[00:06:48.400 --> 00:06:49.400]  或者信心的英雄
[00:06:49.400 --> 00:06:51.400]  摩世大衛等等
[00:06:51.400 --> 00:06:53.400]  這個感覺是真實的
[00:06:53.400 --> 00:06:54.400]  我們是需要知道的
[00:06:54.400 --> 00:06:55.400]  以男性為中心
[00:06:55.400 --> 00:06:58.400]  但不一定是完全贊成
[00:06:58.400 --> 00:07:01.400]  以男為上的角度
[00:07:01.400 --> 00:07:02.400]  所以第三
[00:07:02.400 --> 00:07:03.400]  我們要知道
[00:07:03.400 --> 00:07:06.400]  聖經是挑戰當時的價值觀
[00:07:06.400 --> 00:07:08.400]  往往你看清楚聖經的時候
[00:07:08.400 --> 00:07:11.400]  是挑戰當時以男為上的價值觀
[00:07:11.400 --> 00:07:13.400]  或者以男為優先的價值觀
[00:07:13.400 --> 00:07:17.400]  有時候會挑戰男人
[00:07:17.400 --> 00:07:22.400]  或者當時怎樣去定義一個英雄
[00:07:22.400 --> 00:07:24.400]  你所謂記得福音書裏
[00:07:24.400 --> 00:07:25.400]  說到最後的時候
[00:07:25.400 --> 00:07:28.400]  那些跟耶穌的所謂信心的英雄門徒
[00:07:28.400 --> 00:07:30.400]  最後去了哪裏
[00:07:30.400 --> 00:07:32.400]  他們都走散了
[00:07:32.400 --> 00:07:33.400]  躲起來了
[00:07:33.400 --> 00:07:36.400]  是非常女性化的東西
[00:07:36.400 --> 00:07:38.400]  有難的時候就走了
[00:07:38.400 --> 00:07:40.400]  但誰出來
[00:07:40.400 --> 00:07:42.400]  誰在耶穌的十字架面前
[00:07:42.400 --> 00:07:43.400]  去看著他被釘死
[00:07:43.400 --> 00:07:45.400]  是女人多
[00:07:45.400 --> 00:07:47.400]  並且找到空墳墓的
[00:07:47.400 --> 00:07:48.400]  也是女人
[00:07:48.400 --> 00:07:50.400]  所以你這樣看的時候
[00:07:50.400 --> 00:07:51.400]  用一個這樣的角度
[00:07:51.400 --> 00:07:53.400]  你會發現有些地方
[00:07:53.400 --> 00:07:54.400]  聖經是挑戰當時
[00:07:54.400 --> 00:07:56.400]  以男為上
[00:07:56.400 --> 00:07:58.400]  以男為英雄
[00:07:58.400 --> 00:08:00.400]  只有男人是英雄的價值觀
[00:08:00.400 --> 00:08:02.400]  第四方面就是
[00:08:02.400 --> 00:08:03.400]  我們曾經說過
[00:08:03.400 --> 00:08:04.400]  在聖經歷史裏面
[00:08:04.400 --> 00:08:08.400]  女性都扮演一些很定段的
[00:08:08.400 --> 00:08:09.400]  Turning point
[00:08:09.400 --> 00:08:12.400]  一些轉捩點的角色
[00:08:12.400 --> 00:08:13.400]  沒有了她們的話
[00:08:13.400 --> 00:08:15.400]  這個上帝救恩的計劃
[00:08:15.400 --> 00:08:17.400]  是不能夠向前的
[00:08:17.400 --> 00:08:20.400]  第五就更加重要了
[00:08:20.400 --> 00:08:22.400]  所以每次看聖經的時候
[00:08:22.400 --> 00:08:24.400]  我們要先想當時的人
[00:08:24.400 --> 00:08:26.400]  有些什麼背景
[00:08:26.400 --> 00:08:27.400]  如果我們不是這樣的話
[00:08:27.400 --> 00:08:30.400]  我們很多時候就當聖經是空頭支票
[00:08:30.400 --> 00:08:32.400]  我們就亂寫東西上去
[00:08:32.400 --> 00:08:34.400]  然後亂證明一些東西
[00:08:34.400 --> 00:08:35.400]  或者亂說一些
[00:08:35.400 --> 00:08:37.400]  我們想聖經說的話
[00:08:37.400 --> 00:08:39.400]  所以首先需要謙卑的
[00:08:39.400 --> 00:08:42.400]  去明白上帝的話語
[00:08:42.400 --> 00:08:44.400]  這些方法都是重要的
[00:08:44.400 --> 00:08:47.400]  所以今天我們看羅馬書第十六章
[00:08:47.400 --> 00:08:54.400]  我們就試一試去看經文
[00:08:54.400 --> 00:08:56.400]  第一個point我想告訴大家
[00:08:56.400 --> 00:08:59.400]  一定需要看這段聖經的時候
[00:08:59.400 --> 00:09:01.400]  雖然是羅馬書的結語
[00:09:01.400 --> 00:09:03.400]  但第一樣我們需要重新思考一下
[00:09:03.400 --> 00:09:05.400]  我們有的預設
[00:09:05.400 --> 00:09:06.400]  有什麼預設呢
[00:09:06.400 --> 00:09:07.400]  譬如第十六章第七節
[00:09:07.400 --> 00:09:09.400]  這裡提到不同的名字的時候
[00:09:09.400 --> 00:09:12.400]  第七節他講到有兩個人
[00:09:12.400 --> 00:09:17.400]  他說有向與我一同坐牢的親戚
[00:09:17.400 --> 00:09:18.400]  保羅這樣說
[00:09:18.400 --> 00:09:27.400]  他的親戚安多尼古和尤尼亞文安
[00:09:27.400 --> 00:09:28.400]  其中一些名字
[00:09:28.400 --> 00:09:32.400]  安多尼古和尤尼亞
[00:09:32.400 --> 00:09:36.400]  他們是使徒裡面是有名望的
[00:09:36.400 --> 00:09:40.400]  也是比我先在基督裡面
[00:09:40.400 --> 00:09:42.400]  似乎是他們先信主的
[00:09:42.400 --> 00:09:43.400]  保羅的親戚
[00:09:43.400 --> 00:09:45.400]  有沒有聽過保羅有親戚
[00:09:45.400 --> 00:09:48.400]  我們經常覺得保羅是獨男
[00:09:48.400 --> 00:09:50.400]  但他有親戚
[00:09:50.400 --> 00:09:52.400]  他講到坐牢的親戚
[00:09:52.400 --> 00:09:54.400]  與他一同坐牢的親戚
[00:09:54.400 --> 00:09:57.400]  其中後面的名字叫尤尼古
[00:09:57.400 --> 00:09:59.400]  Julia
[00:09:59.400 --> 00:10:00.400]  Julia以我們所知
[00:10:00.400 --> 00:10:05.400]  現在所有找到當時第一世紀的文獻
[00:10:05.400 --> 00:10:08.400]  Julia是一個女性的名字
[00:10:08.400 --> 00:10:10.400]  Julia
[00:10:10.400 --> 00:10:13.400]  保羅怎樣形容她
[00:10:13.400 --> 00:10:14.400]  他說她是使徒裡面
[00:10:14.400 --> 00:10:17.400]  最有名望的其中一個
[00:10:17.400 --> 00:10:19.400]  我們聽見使徒亞帕蘇斯的時候
[00:10:19.400 --> 00:10:23.400]  我們就想起保羅、彼得、約翰等等
[00:10:23.400 --> 00:10:24.400]  十二使徒
[00:10:24.400 --> 00:10:27.400]  我們一定想起男人和女人
[00:10:27.400 --> 00:10:30.400]  一定是男人
[00:10:30.400 --> 00:10:34.400]  你很少聽到女士會叫做使徒
[00:10:34.400 --> 00:10:37.400]  但保羅很明顯說尤尼亞
[00:10:37.400 --> 00:10:41.400]  當然之前的安多尼古是一個男人
[00:10:41.400 --> 00:10:43.400]  或者是夫婦
[00:10:43.400 --> 00:10:47.400]  但妻子尤尼亞是使徒裡面
[00:10:47.400 --> 00:10:49.400]  其中一個最有名望的
[00:10:49.400 --> 00:10:53.400]  所以保羅就將一個女性
[00:10:53.400 --> 00:10:56.400]  來形容成為一個使徒
[00:10:56.400 --> 00:10:59.400]  並且是一個最傑出的使徒之一
[00:10:59.400 --> 00:11:01.400]  這個女性的名字是傳我所講
[00:11:01.400 --> 00:11:03.400]  但很奇怪
[00:11:03.400 --> 00:11:04.400]  很多年裏面
[00:11:04.400 --> 00:11:06.400]  很多世紀的翻譯本
[00:11:06.400 --> 00:11:11.400]  就將尤尼亞這個字改成一個男人的名字
[00:11:11.400 --> 00:11:13.400]  叫做尤尼亞斯
[00:11:13.400 --> 00:11:14.400]  加一個s進去
[00:11:14.400 --> 00:11:17.400]  就變成一個男人的名字
[00:11:17.400 --> 00:11:20.400]  你就知道翻譯本
[00:11:20.400 --> 00:11:24.400]  每個翻譯本都有充足的功能
[00:11:24.400 --> 00:11:26.400]  我們今天通常都是看翻譯本
[00:11:26.400 --> 00:11:29.400]  我們很少說有這樣的權利
[00:11:29.400 --> 00:11:33.400]  我們可以看希伯來文和希臘文
[00:11:33.400 --> 00:11:35.400]  你想像一下有這樣的特權
[00:11:35.400 --> 00:11:37.400]  在原文
[00:11:37.400 --> 00:11:38.400]  原汁原味
[00:11:38.400 --> 00:11:39.400]  好不好
[00:11:39.400 --> 00:11:41.400]  不想吧
[00:11:41.400 --> 00:11:44.400]  不想讀書
[00:11:44.400 --> 00:11:46.400]  有時候我們出來募會
[00:11:46.400 --> 00:11:48.400]  我們需要有裝備
[00:11:48.400 --> 00:11:51.400]  我們起碼都有幾件工具
[00:11:51.400 --> 00:11:53.400]  所以我們一定要硬著吃
[00:11:53.400 --> 00:11:54.400]  讀希伯來文和希臘文
[00:11:54.400 --> 00:11:56.400]  我們知道一個名字
[00:11:56.400 --> 00:11:57.400]  很多時候加一點東西上去
[00:11:57.400 --> 00:12:00.400]  就會變成他的變性
[00:12:00.400 --> 00:12:02.400]  本身這個是一個女人的名字
[00:12:02.400 --> 00:12:03.400]  尤尼亞
[00:12:03.400 --> 00:12:05.400]  但很多時候那些翻譯本
[00:12:05.400 --> 00:12:06.400]  後期的翻譯本
[00:12:06.400 --> 00:12:08.400]  就將它加了一個s
[00:12:08.400 --> 00:12:09.400]  你就知道翻譯本
[00:12:09.400 --> 00:12:11.400]  本身就是一個詮釋
[00:12:11.400 --> 00:12:13.400]  翻譯永遠都是一個詮釋
[00:12:13.400 --> 00:12:14.400]  對不對
[00:12:14.400 --> 00:12:17.400]  Translation is interpretation
[00:12:17.400 --> 00:12:18.400]  翻譯的時候
[00:12:18.400 --> 00:12:19.400]  他們就覺得
[00:12:19.400 --> 00:12:21.400]  可能那個學者翻譯
[00:12:21.400 --> 00:12:22.400]  或者那個人去翻譯
[00:12:22.400 --> 00:12:23.400]  或者那個班人去翻譯
[00:12:23.400 --> 00:12:24.400]  到這一節的時候
[00:12:24.400 --> 00:12:25.400]  他們就覺得
[00:12:25.400 --> 00:12:27.400]  怎麼可能是一個女人
[00:12:27.400 --> 00:12:28.400]  尤尼亞
[00:12:28.400 --> 00:12:30.400]  會是一個Apostle
[00:12:30.400 --> 00:12:32.400]  所以他們就加了s進去
[00:12:32.400 --> 00:12:34.400]  如果你查看舊的翻譯本
[00:12:34.400 --> 00:12:38.400]  譬如英文的NAS
[00:12:38.400 --> 00:12:40.400]  New American Standard
[00:12:40.400 --> 00:12:42.400]  你就會看到是Julia s
[00:12:42.400 --> 00:12:44.400]  就不是Julia
[00:12:44.400 --> 00:12:45.400]  好一點的
[00:12:45.400 --> 00:12:46.400]  他加了一個footnote進去
[00:12:46.400 --> 00:12:48.400]  在下面就告訴你
[00:12:48.400 --> 00:12:50.400]  是Julia feminine
[00:12:50.400 --> 00:12:52.400]  是女人的名字
[00:12:52.400 --> 00:12:54.400]  你可以大概知道
[00:12:54.400 --> 00:12:56.400]  翻譯者本身
[00:12:56.400 --> 00:12:58.400]  他們都有自己的預設
[00:12:58.400 --> 00:13:00.400]  他不可能是一個女人
[00:13:00.400 --> 00:13:01.400]  叫做Apostle
[00:13:01.400 --> 00:13:03.400]  因為Apostle應該是男人
[00:13:03.400 --> 00:13:05.400]  但是現在你找了所有的文獻
[00:13:05.400 --> 00:13:07.400]  你就很清楚知道一件事
[00:13:07.400 --> 00:13:10.400]  本身的原文
[00:13:10.400 --> 00:13:12.400]  是一個女性的名字
[00:13:12.400 --> 00:13:15.400]  現在有的新一點的翻譯本
[00:13:15.400 --> 00:13:16.400]  就改進了
[00:13:16.400 --> 00:13:18.400]  就將它恢復
[00:13:18.400 --> 00:13:20.400]  就變成Julia尤尼亞
[00:13:20.400 --> 00:13:22.400]  因為確實是一個女人
[00:13:22.400 --> 00:13:24.400]  一個女人可以成為使徒
[00:13:24.400 --> 00:13:26.400]  停下來想一想的時候
[00:13:26.400 --> 00:13:28.400]  這裡我們沒有改過經文
[00:13:28.400 --> 00:13:30.400]  不是說上去的話語有問題
[00:13:30.400 --> 00:13:32.400]  而是讀者有問題
[00:13:32.400 --> 00:13:34.400]  因為我們有我們的預設
[00:13:34.400 --> 00:13:36.400]  如果我們不清楚
[00:13:36.400 --> 00:13:38.400]  所謂聖經前面這個世界
[00:13:38.400 --> 00:13:40.400]  我們有我們的預設的時候
[00:13:40.400 --> 00:13:42.400]  我們就將到我們本身有的概念
[00:13:42.400 --> 00:13:44.400]  我們就加進去了
[00:13:44.400 --> 00:13:46.400]  所以這裡提醒我們
[00:13:46.400 --> 00:13:48.400]  需要去反思
[00:13:48.400 --> 00:13:50.400]  我們需要去想清楚
[00:13:50.400 --> 00:13:53.400]  正如我第一次在這個系列所說
[00:13:53.400 --> 00:13:55.400]  聖經的權威是最高的
[00:13:55.400 --> 00:13:57.400]  但是聖經的權威底下
[00:13:57.400 --> 00:13:59.400]  我們有不同的詮釋
[00:13:59.400 --> 00:14:01.400]  這些詮釋其實是可以刪改
[00:14:01.400 --> 00:14:04.400]  可以有修正的
[00:14:04.400 --> 00:14:06.400]  因為我們對聖經的詮釋
[00:14:06.400 --> 00:14:09.400]  不等於聖經最高的權威
[00:14:09.400 --> 00:14:12.400]  你以前聽過一些牧者說的話
[00:14:12.400 --> 00:14:13.400]  他有牧者的權威
[00:14:13.400 --> 00:14:15.400]  但是那個權威請你聽清楚
[00:14:15.400 --> 00:14:18.400]  那個權威不是絕對神聖的
[00:14:18.400 --> 00:14:20.400]  我經常都說
[00:14:20.400 --> 00:14:25.400]  牧者的積分是神聖的
[00:14:25.400 --> 00:14:27.400]  但是在牧者的積分裡面
[00:14:27.400 --> 00:14:29.400]  不是神聖的
[00:14:29.400 --> 00:14:31.400]  對不對
[00:14:31.400 --> 00:14:34.400]  容許我使者一些講句
[00:14:34.400 --> 00:14:36.400]  我不是神聖的
[00:14:36.400 --> 00:14:38.400]  我們的牧者不是神聖的
[00:14:38.400 --> 00:14:41.400]  但是那個職位是神聖的
[00:14:41.400 --> 00:14:43.400]  所以很多時候我們要想清楚
[00:14:43.400 --> 00:14:45.400]  聖經這樣說
[00:14:45.400 --> 00:14:47.400]  或者我們一直被教導
[00:14:47.400 --> 00:14:48.400]  是這樣說
[00:14:48.400 --> 00:14:50.400]  那些傳統可能是很古老
[00:14:50.400 --> 00:14:52.400]  可能是出自很真誠
[00:14:52.400 --> 00:14:55.400]  也可以是堅持了很久
[00:14:55.400 --> 00:14:59.400]  但是你不可以將它就等於
[00:14:59.400 --> 00:15:00.400]  畫個等號
[00:15:00.400 --> 00:15:03.400]  就等於聖經本身最高的權威
[00:15:03.400 --> 00:15:06.400]  去重思再反思的時候
[00:15:06.400 --> 00:15:07.400]  只不過是告訴我們
[00:15:07.400 --> 00:15:09.400]  我們有我們的預設
[00:15:09.400 --> 00:15:11.400]  我們有時候會錯
[00:15:11.400 --> 00:15:12.400]  聖經是不會錯
[00:15:12.400 --> 00:15:14.400]  但是我們對聖經的詮釋
[00:15:14.400 --> 00:15:15.400]  可以是有偏差的
[00:15:15.400 --> 00:15:17.400]  這樣反思不是叛逆
[00:15:17.400 --> 00:15:19.400]  不是rebellion
[00:15:19.400 --> 00:15:25.400]  而是去想清楚一點
[00:15:25.400 --> 00:15:28.400]  基督教信仰
[00:15:28.400 --> 00:15:29.400]  請你聽著
[00:15:29.400 --> 00:15:30.400]  基督教信仰
[00:15:30.400 --> 00:15:32.400]  是很講理性的
[00:15:32.400 --> 00:15:33.400]  是不是
[00:15:33.400 --> 00:15:36.400]  是很講理性的
[00:15:36.400 --> 00:15:39.400]  大家可能沒有這樣的印象
[00:15:39.400 --> 00:15:40.400]  你可以讀一下神學
[00:15:40.400 --> 00:15:41.400]  你知道的
[00:15:41.400 --> 00:15:44.400]  我們不是這樣唱歌就算了
[00:15:44.400 --> 00:15:45.400]  有些人說
[00:15:45.400 --> 00:15:48.400]  我記得第一次去讀神學的時候
[00:15:48.400 --> 00:15:50.400]  有些人就跟我說
[00:15:50.400 --> 00:15:51.400]  讀什麼
[00:15:51.400 --> 00:15:53.400]  其實就是天天在靈修
[00:15:53.400 --> 00:15:56.400]  天天坐在雲上打坐
[00:15:56.400 --> 00:15:58.400]  沒有這樣的事
[00:15:58.400 --> 00:16:00.400]  讀到你臉都青了
[00:16:00.400 --> 00:16:02.400]  因為他們是講理性的
[00:16:02.400 --> 00:16:05.400]  我們的faith是reasonable faith
[00:16:05.400 --> 00:16:07.400]  有歷史根據等等
[00:16:07.400 --> 00:16:09.400]  所以我們需要學習一下
[00:16:09.400 --> 00:16:11.400]  怎樣去看聖經
[00:16:11.400 --> 00:16:12.400]  看得清楚一點
[00:16:12.400 --> 00:16:13.400]  第二件事
[00:16:13.400 --> 00:16:15.400]  除了我們重新去思考
[00:16:15.400 --> 00:16:17.400]  我們可能對聖經有一些預設
[00:16:17.400 --> 00:16:19.400]  可能未必一定是對的
[00:16:19.400 --> 00:16:21.400]  可能是傳統的包袱給我們的
[00:16:21.400 --> 00:16:22.400]  第二件事
[00:16:22.400 --> 00:16:23.400]  我們在這段經文裡面
[00:16:23.400 --> 00:16:24.400]  我們知道
[00:16:24.400 --> 00:16:25.400]  是要認定
[00:16:25.400 --> 00:16:29.400]  去recognize女性侍奉的價值
[00:16:29.400 --> 00:16:34.400]  將我們的前設重新再檢驗過之後
[00:16:34.400 --> 00:16:35.400]  我們就看得更加清楚了
[00:16:35.400 --> 00:16:37.400]  十六章第三節
[00:16:37.400 --> 00:16:39.400]  他又講了不同的名字
[00:16:39.400 --> 00:16:42.400]  保羅這裡講了一些女性的名字
[00:16:42.400 --> 00:16:50.400]  向伯羈拉去問安
[00:16:50.400 --> 00:16:53.400]  伯羈拉是女性的名字
[00:16:53.400 --> 00:16:55.400]  然後才有她的老公
[00:16:55.400 --> 00:16:58.400]  阿居拉
[00:16:58.400 --> 00:17:00.400]  向他們問安
[00:17:00.400 --> 00:17:02.400]  他們在基督裡面和我同宮
[00:17:02.400 --> 00:17:03.400]  也為我的性命
[00:17:03.400 --> 00:17:06.400]  把自己的生死置之於道外
[00:17:06.400 --> 00:17:07.400]  很有義氣
[00:17:07.400 --> 00:17:09.400]  不但我感謝他們
[00:17:09.400 --> 00:17:12.400]  外邦宗教也感謝他們
[00:17:12.400 --> 00:17:13.400]  因為他們做了很多事
[00:17:13.400 --> 00:17:16.400]  又在他們家中的教會裡面去問安
[00:17:16.400 --> 00:17:18.400]  然後第六節
[00:17:18.400 --> 00:17:20.400]  又向瑪利亞問安
[00:17:20.400 --> 00:17:23.400]  她為你們非常辛勞
[00:17:23.400 --> 00:17:25.400]  瑪利亞當然是另外一個瑪利亞
[00:17:25.400 --> 00:17:29.400]  不是耶穌的地上母親的瑪利亞
[00:17:29.400 --> 00:17:32.400]  十二節又向為主辛勞的
[00:17:32.400 --> 00:17:36.400]  土斐娜和土賦薩問安
[00:17:36.400 --> 00:17:39.400]  向他們所親愛的
[00:17:39.400 --> 00:17:41.400]  為主非常辛勞的
[00:17:41.400 --> 00:17:42.400]  另外一個字
[00:17:42.400 --> 00:17:43.400]  另外一個名字
[00:17:43.400 --> 00:17:46.400]  就是比希斯
[00:17:46.400 --> 00:17:47.400]  去問安
[00:17:47.400 --> 00:17:49.400]  這些全部highlight了一個名字
[00:17:49.400 --> 00:17:51.400]  應該是女性的名字
[00:17:51.400 --> 00:17:53.400]  留意這些女性名字一個又一個
[00:17:53.400 --> 00:17:55.400]  保羅用什麼詞語來形容他們呢
[00:17:55.400 --> 00:17:57.400]  奴婦
[00:17:57.400 --> 00:17:59.400]  童工
[00:17:59.400 --> 00:18:03.400]  這些字都是保羅形容自己試圖的工作
[00:18:03.400 --> 00:18:05.400]  形容自己去church plan
[00:18:05.400 --> 00:18:07.400]  形容自己去傳道
[00:18:07.400 --> 00:18:08.400]  在《士徒行傳》
[00:18:08.400 --> 00:18:09.400]  在他的書信裡面
[00:18:09.400 --> 00:18:14.400]  形容自己的冬至
[00:18:14.400 --> 00:18:15.400]  換句話說
[00:18:15.400 --> 00:18:17.400]  保羅正在用他自己的尺度
[00:18:17.400 --> 00:18:20.400]  去量度這些女性
[00:18:20.400 --> 00:18:21.400]  在教會
[00:18:21.400 --> 00:18:24.400]  在神國裡面所做的侍奉
[00:18:24.400 --> 00:18:25.400]  這個就是重點
[00:18:25.400 --> 00:18:26.400]  保羅沒有說
[00:18:26.400 --> 00:18:30.400]  她們只不過是我的助手
[00:18:30.400 --> 00:18:31.400]  保羅說
[00:18:31.400 --> 00:18:33.400]  我和她都一樣
[00:18:33.400 --> 00:18:36.400]  同樣用這些詞語來形容
[00:18:36.400 --> 00:18:39.400]  保羅就是用這些用詞來賦予
[00:18:39.400 --> 00:18:41.400]  給了這些女性
[00:18:41.400 --> 00:18:44.400]  一個充分的重量
[00:18:44.400 --> 00:18:47.400]  她們做的事和我做的事
[00:18:47.400 --> 00:18:48.400]  是一模一樣
[00:18:48.400 --> 00:18:49.400]  你明白我的意思嗎
[00:18:49.400 --> 00:18:51.400]  等於我今天
[00:18:51.400 --> 00:18:54.400]  對另外一個女童工
[00:18:54.400 --> 00:18:56.400]  或者另外一個教會
[00:18:56.400 --> 00:18:57.400]  可能有女牧師
[00:18:57.400 --> 00:18:58.400]  我和她說
[00:18:58.400 --> 00:18:59.400]  你也是做牧職
[00:18:59.400 --> 00:19:01.400]  我也是做牧職的
[00:19:01.400 --> 00:19:03.400]  你也是侍奉的
[00:19:03.400 --> 00:19:05.400]  我也是侍奉的
[00:19:05.400 --> 00:19:06.400]  我不會說
[00:19:06.400 --> 00:19:07.400]  我是侍奉的
[00:19:07.400 --> 00:19:10.400]  你就是侍奉的beta version
[00:19:10.400 --> 00:19:12.400]  差一點的
[00:19:12.400 --> 00:19:13.400]  只是試的
[00:19:13.400 --> 00:19:15.400]  這裡說得很清楚
[00:19:15.400 --> 00:19:16.400]  就是保羅去認定
[00:19:16.400 --> 00:19:19.400]  女性在教會裡面
[00:19:19.400 --> 00:19:21.400]  侍奉的價值
[00:19:21.400 --> 00:19:22.400]  第三方面
[00:19:22.400 --> 00:19:24.400]  就是我們需要接納
[00:19:24.400 --> 00:19:26.400]  這些女性的侍奉
[00:19:26.400 --> 00:19:27.400]  全盤的接納
[00:19:27.400 --> 00:19:29.400]  這些女性的侍奉
[00:19:29.400 --> 00:19:32.400]  我們回到這一章的第一節
[00:19:32.400 --> 00:19:34.400]  提到一個名字
[00:19:34.400 --> 00:19:36.400]  我們經常都聽見的
[00:19:36.400 --> 00:19:38.400]  原來出自這裡
[00:19:38.400 --> 00:19:40.400]  十六章第一節
[00:19:40.400 --> 00:19:42.400]  她第一個問安的人
[00:19:42.400 --> 00:19:46.400]  就是和保羅同工的一個姐妹
[00:19:46.400 --> 00:19:47.400]  她說
[00:19:47.400 --> 00:19:49.400]  我向你們羅馬教會
[00:19:49.400 --> 00:19:52.400]  推薦我們的姐妹
[00:19:52.400 --> 00:19:55.400]  菲比
[00:19:55.400 --> 00:19:58.400]  她是堅格理教會的執事
[00:19:58.400 --> 00:20:00.400]  堅格理就是哥倫多
[00:20:00.400 --> 00:20:02.400]  另外一個的海灣人
[00:20:02.400 --> 00:20:03.400]  堅格理教會裡面
[00:20:03.400 --> 00:20:05.400]  他是做執事的
[00:20:05.400 --> 00:20:07.400]  請你們在主裡面
[00:20:07.400 --> 00:20:09.400]  用合乎聖徒的方式
[00:20:09.400 --> 00:20:11.400]  來去接待他
[00:20:11.400 --> 00:20:12.400]  他在任何的事上
[00:20:12.400 --> 00:20:14.400]  需要你們幫助的話
[00:20:14.400 --> 00:20:16.400]  你們就幫助他
[00:20:16.400 --> 00:20:19.400]  因為他素來幫助許多人
[00:20:19.400 --> 00:20:21.400]  也都幫助了我
[00:20:21.400 --> 00:20:24.400]  首先這裡說執事
[00:20:24.400 --> 00:20:26.400]  就不是次一等的
[00:20:26.400 --> 00:20:29.400]  就是用一些男性在教會裡面
[00:20:29.400 --> 00:20:31.400]  作領袖的名詞
[00:20:31.400 --> 00:20:33.400]  來形容菲比做的事
[00:20:33.400 --> 00:20:35.400]  是一模一樣的詞語
[00:20:35.400 --> 00:20:37.400]  男性和女性的意思
[00:20:37.400 --> 00:20:40.400]  第二個詞就是幫助這個字
[00:20:40.400 --> 00:20:42.400]  翻譯做幫助或者helper
[00:20:42.400 --> 00:20:44.400]  我們覺得可能是assistant
[00:20:44.400 --> 00:20:46.400]  但其實那個原文
[00:20:46.400 --> 00:20:48.400]  可以翻譯做贊助者
[00:20:48.400 --> 00:20:50.400]  或者恩主
[00:20:50.400 --> 00:20:51.400]  patron
[00:20:51.400 --> 00:20:52.400]  保護者的意思
[00:20:52.400 --> 00:20:54.400]  這些在羅馬的社會裡面
[00:20:54.400 --> 00:20:56.400]  用這樣的字眼來形容一個人的時候
[00:20:56.400 --> 00:20:58.400]  就是講到他是一個有地位
[00:20:58.400 --> 00:21:00.400]  有資源和能夠庇佑
[00:21:00.400 --> 00:21:04.400]  庇護去支持帶領其他人
[00:21:04.400 --> 00:21:05.400]  patron
[00:21:05.400 --> 00:21:08.400]  patron底下就是client
[00:21:08.400 --> 00:21:11.400]  就是他那些所謂受保護的人
[00:21:11.400 --> 00:21:13.400]  或者受他任避的人
[00:21:13.400 --> 00:21:15.400]  所以這裡講到菲比這個人
[00:21:15.400 --> 00:21:16.400]  是一個領袖
[00:21:16.400 --> 00:21:18.400]  不是一個跑腿
[00:21:18.400 --> 00:21:21.400]  不只是幫你做一些事
[00:21:21.400 --> 00:21:23.400]  就算了
[00:21:23.400 --> 00:21:24.400]  還有一樣東西
[00:21:24.400 --> 00:21:26.400]  是經常我們留意不到的
[00:21:26.400 --> 00:21:28.400]  留意不到
[00:21:28.400 --> 00:21:30.400]  羅馬書最後那一章
[00:21:30.400 --> 00:21:32.400]  我們通常不留意
[00:21:32.400 --> 00:21:34.400]  這本書信有什麼教義
[00:21:34.400 --> 00:21:35.400]  有什麼重要的東西
[00:21:35.400 --> 00:21:37.400]  但我們通常忽略了
[00:21:37.400 --> 00:21:39.400]  這封書信這裡講什麼呢
[00:21:39.400 --> 00:21:43.400]  就是寶萊寫完羅馬書
[00:21:43.400 --> 00:21:46.400]  當時寫完一封信的時候
[00:21:46.400 --> 00:21:47.400]  等於我們今天
[00:21:47.400 --> 00:21:49.400]  physically寫完一封信的時候
[00:21:49.400 --> 00:21:55.400]  需要有人去將這封信帶去收信人
[00:21:55.400 --> 00:21:57.400]  今天我們在美國
[00:21:57.400 --> 00:21:59.400]  或者在不同的地方
[00:21:59.400 --> 00:22:01.400]  我們是靠什麼
[00:22:01.400 --> 00:22:03.400]  是靠郵局
[00:22:03.400 --> 00:22:05.400]  是不是郵局
[00:22:05.400 --> 00:22:07.400]  我們就去USPS
[00:22:07.400 --> 00:22:09.400]  等等等很久
[00:22:09.400 --> 00:22:12.400]  就好像你得罪了他
[00:22:12.400 --> 00:22:13.400]  你就等很久
[00:22:13.400 --> 00:22:15.400]  然後才寄到那封信
[00:22:15.400 --> 00:22:16.400]  貼郵票上去
[00:22:16.400 --> 00:22:18.400]  然後寫了寄那封信
[00:22:18.400 --> 00:22:20.400]  付錢寄那封信
[00:22:20.400 --> 00:22:24.400]  郵局就做了這個所謂信差的工作
[00:22:24.400 --> 00:22:27.400]  然後那個信差到最後那一站
[00:22:27.400 --> 00:22:28.400]  收到了
[00:22:28.400 --> 00:22:30.400]  他有另外一個postman
[00:22:30.400 --> 00:22:33.400]  然後他就將那封信放在你的信箱裡面
[00:22:33.400 --> 00:22:35.400]  然後你就打開
[00:22:35.400 --> 00:22:37.400]  你就知道我收到信了
[00:22:37.400 --> 00:22:41.400]  我們就需要中間這個所謂USPS
[00:22:41.400 --> 00:22:43.400]  郵局去幫助我們
[00:22:43.400 --> 00:22:45.400]  以前就沒有所謂
[00:22:45.400 --> 00:22:47.400]  政府有這麼多方便的郵局
[00:22:47.400 --> 00:22:50.400]  以前就靠另外一個信差
[00:22:50.400 --> 00:22:52.400]  你信得過的人
[00:22:52.400 --> 00:22:57.400]  就將這封信帶到受信人的中間
[00:22:57.400 --> 00:23:03.400]  然後這個信差不單止是受他信任
[00:23:03.400 --> 00:23:09.400]  也需要將這封信帶到當地的時候
[00:23:09.400 --> 00:23:10.400]  受眾的時候
[00:23:10.400 --> 00:23:12.400]  就將那封信讀出來
[00:23:12.400 --> 00:23:15.400]  並且要將這封信去解釋
[00:23:15.400 --> 00:23:17.400]  所以你可以想像
[00:23:17.400 --> 00:23:21.400]  保羅在某個地方寫完《羅馬書》
[00:23:21.400 --> 00:23:23.400]  是一封很長的書信
[00:23:23.400 --> 00:23:27.400]  並且是一個很多神學內容的書信
[00:23:27.400 --> 00:23:28.400]  《羅馬書》
[00:23:28.400 --> 00:23:29.400]  有人說是新約
[00:23:29.400 --> 00:23:31.400]  如果你大火的話
[00:23:31.400 --> 00:23:33.400]  整本聖經燒了的話
[00:23:33.400 --> 00:23:34.400]  如果燒剩《羅馬書》
[00:23:34.400 --> 00:23:36.400]  我們還可以撿到很多東西
[00:23:36.400 --> 00:23:38.400]  撿到所有的基本
[00:23:38.400 --> 00:23:40.400]  或者超乎基本的教義
[00:23:40.400 --> 00:23:41.400]  就在《羅馬書》裡面
[00:23:41.400 --> 00:23:43.400]  一封書信保羅寫完了
[00:23:43.400 --> 00:23:46.400]  他不是在羅馬
[00:23:46.400 --> 00:23:48.400]  署名問安埋
[00:23:48.400 --> 00:23:49.400]  封了他
[00:23:49.400 --> 00:23:51.400]  舔一舔他
[00:23:51.400 --> 00:23:52.400]  封了他
[00:23:52.400 --> 00:23:54.400]  然後他交給菲比
[00:23:54.400 --> 00:23:56.400]  菲比就要帶著這封信
[00:23:56.400 --> 00:23:59.400]  好像信差那樣
[00:23:59.400 --> 00:24:02.400]  然後帶到羅馬教會
[00:24:02.400 --> 00:24:04.400]  菲比就去到那裡
[00:24:04.400 --> 00:24:05.400]  教會聚會的時候
[00:24:05.400 --> 00:24:07.400]  就說哪個長老
[00:24:07.400 --> 00:24:09.400]  我有封信帶來
[00:24:09.400 --> 00:24:12.400]  是保羅親筆簽名的信
[00:24:12.400 --> 00:24:15.400]  那裡的教會就會款待他
[00:24:15.400 --> 00:24:16.400]  可能留他幾天在那裡
[00:24:16.400 --> 00:24:19.400]  然後他就在他們聚會的時候
[00:24:19.400 --> 00:24:21.400]  可能是主日
[00:24:21.400 --> 00:24:23.400]  就會將那封信打開
[00:24:23.400 --> 00:24:24.400]  然後讀那封信
[00:24:24.400 --> 00:24:26.400]  讀一讀的時候就會解釋
[00:24:26.400 --> 00:24:27.400]  讀一讀就會解釋
[00:24:27.400 --> 00:24:30.400]  有些評論或者教導
[00:24:30.400 --> 00:24:33.400]  或者會有人問問題
[00:24:33.400 --> 00:24:35.400]  菲比就要代保羅
[00:24:35.400 --> 00:24:39.400]  去做講道和做教導
[00:24:39.400 --> 00:24:41.400]  這個就是當時的文化
[00:24:41.400 --> 00:24:44.400]  這個很多時候我們不是很明白
[00:24:44.400 --> 00:24:45.400]  因為古代的時候
[00:24:45.400 --> 00:24:47.400]  送信那個人
[00:24:47.400 --> 00:24:49.400]  就不是今天我們的郵差
[00:24:49.400 --> 00:24:52.400]  郵差就把你的信放進去
[00:24:52.400 --> 00:24:54.400]  然後他就不說話
[00:24:54.400 --> 00:24:55.400]  你不會問郵差
[00:24:55.400 --> 00:24:57.400]  可不可以解釋一下那封信
[00:24:57.400 --> 00:24:58.400]  不會的
[00:24:58.400 --> 00:24:59.400]  但當時就不是
[00:24:59.400 --> 00:25:02.400]  信差不但帶著那封信上路
[00:25:02.400 --> 00:25:04.400]  可能上路一個禮拜
[00:25:04.400 --> 00:25:05.400]  好幾天
[00:25:05.400 --> 00:25:07.400]  然後帶到教會那裡
[00:25:07.400 --> 00:25:09.400]  然後跟大家讀出來
[00:25:09.400 --> 00:25:12.400]  因為當時大部分的人都是聽東西的
[00:25:12.400 --> 00:25:15.400]  不是大家一起去看字的
[00:25:15.400 --> 00:25:17.400]  是聽菲比來解釋
[00:25:17.400 --> 00:25:20.400]  所以保羅叫菲比做什麼呢
[00:25:20.400 --> 00:25:22.400]  不單只是送信
[00:25:22.400 --> 00:25:25.400]  是一個授權的解經者
[00:25:25.400 --> 00:25:27.400]  授權的解經者
[00:25:27.400 --> 00:25:32.400]  授保羅權的公讀
[00:25:32.400 --> 00:25:34.400]  上帝話語的人
[00:25:34.400 --> 00:25:39.400]  以及去解釋講論上帝話語的人
[00:25:39.400 --> 00:25:41.400]  如果是這樣看的時候
[00:25:41.400 --> 00:25:44.400]  你覺得這個真的很有趣
[00:25:44.400 --> 00:25:47.400]  《羅馬書》這麼重要的書信
[00:25:47.400 --> 00:25:50.400]  保羅選擇的所謂信差
[00:25:50.400 --> 00:25:52.400]  幫他傳講信息的
[00:25:52.400 --> 00:25:54.400]  跟他有同樣地位的
[00:25:54.400 --> 00:25:57.400]  是一個女人
[00:25:57.400 --> 00:25:59.400]  菲比
[00:25:59.400 --> 00:26:01.400]  找了一個菲比
[00:26:01.400 --> 00:26:04.400]  菲比帶這封信去到中間
[00:26:04.400 --> 00:26:06.400]  這個的講法
[00:26:06.400 --> 00:26:07.400]  保羅這樣講
[00:26:07.400 --> 00:26:09.400]  說菲比幫助了很多人
[00:26:09.400 --> 00:26:12.400]  並且他做了信差
[00:26:12.400 --> 00:26:15.400]  不是純粹欣賞他這麼簡單
[00:26:15.400 --> 00:26:17.400]  也不是純粹肯定他這麼簡單
[00:26:17.400 --> 00:26:22.400]  而是叫羅馬教會全盤的接納
[00:26:22.400 --> 00:26:26.400]  菲比帶來的上帝話語
[00:26:26.400 --> 00:26:29.400]  他的重讀、他的解經、他的教導、他的侍奉
[00:26:29.400 --> 00:26:31.400]  全盤要接納
[00:26:31.400 --> 00:26:32.400]  意思就是說
[00:26:32.400 --> 00:26:38.400]  保羅和菲比是兼併兼侍奉的團隊
[00:26:38.400 --> 00:26:40.400]  不是他助手這麼簡單
[00:26:40.400 --> 00:26:43.400]  不是他助手這麼簡單
[00:26:43.400 --> 00:26:45.400]  這樣看的時候
[00:26:45.400 --> 00:26:48.400]  打開了新約的教會
[00:26:48.400 --> 00:26:51.400]  其實就是走在當時社會最前
[00:26:51.400 --> 00:26:55.400]  女性不只是純粹做一個差役
[00:26:55.400 --> 00:26:57.400]  不是做工人
[00:26:57.400 --> 00:27:01.400]  而是和男性一起去建立上帝的工作
[00:27:01.400 --> 00:27:03.400]  你看到保羅怎樣對待這些姐妹
[00:27:03.400 --> 00:27:08.400]  就代表我們今天教會應該怎樣去接待
[00:27:08.400 --> 00:27:13.400]  接納、全盤接納在我們中間的姐妹
[00:27:13.400 --> 00:27:17.400]  我預備這封講道的時候
[00:27:17.400 --> 00:27:21.400]  我就想起以前在大學的時候
[00:27:21.400 --> 00:27:24.400]  有一個女傳道在我們教會
[00:27:24.400 --> 00:27:27.400]  現在都年老了
[00:27:27.400 --> 00:27:29.400]  她不是讀很多書的人
[00:27:29.400 --> 00:27:31.400]  這位女傳道
[00:27:31.400 --> 00:27:33.400]  但是很關心我們
[00:27:33.400 --> 00:27:36.400]  很關心我們年輕一代
[00:27:36.400 --> 00:27:40.400]  為我們禱告
[00:27:40.400 --> 00:27:44.400]  偶爾她會送一些禮物給我們
[00:27:44.400 --> 00:27:48.400]  還有很忠心在我們中間來服侍
[00:27:48.400 --> 00:27:49.400]  我想起的時候
[00:27:49.400 --> 00:27:51.400]  沒有了這位女性
[00:27:51.400 --> 00:27:53.400]  每一位女性的傳道的時候
[00:27:53.400 --> 00:28:00.400]  可能我們屬靈的生命都不能夠成長
[00:28:00.400 --> 00:28:02.400]  很大功勞
[00:28:02.400 --> 00:28:04.400]  她絕對不是助手
[00:28:04.400 --> 00:28:09.400]  是上帝神國的推動者
[00:28:09.400 --> 00:28:12.400]  在我們教會面前
[00:28:12.400 --> 00:28:15.400]  我們要繼續前進的時候
[00:28:15.400 --> 00:28:18.400]  我相信大家都很需要
[00:28:18.400 --> 00:28:21.400]  一起兼命兼力去侍奉她
[00:28:21.400 --> 00:28:25.400]  不只是男人
[00:28:25.400 --> 00:28:28.400]  也要有女性姐妹
[00:28:28.400 --> 00:28:30.400]  當我今天走進來門口的時候
[00:28:30.400 --> 00:28:33.400]  我看到很多姐妹很用心去預備
[00:28:33.400 --> 00:28:36.400]  怎樣去款待我們
[00:28:36.400 --> 00:28:38.400]  歡迎我們等等
[00:28:38.400 --> 00:28:40.400]  我真的很感恩
[00:28:40.400 --> 00:28:43.400]  當然不只是女性才做那件事
[00:28:43.400 --> 00:28:46.400]  男的女的都需要做
[00:28:46.400 --> 00:28:47.400]  我們每個人的角色
[00:28:47.400 --> 00:28:49.400]  每個人的恩賜都有所不同
[00:28:49.400 --> 00:28:51.400]  應該要傳盤的
[00:28:51.400 --> 00:28:53.400]  傾出來
[00:28:53.400 --> 00:28:56.400]  上帝的國是要我們每一個人
[00:28:56.400 --> 00:28:58.400]  一起來同心努力
[00:28:58.400 --> 00:29:00.400]  不只是男女這麼簡單
[00:29:00.400 --> 00:29:04.400]  是一代與一代都需要的
[00:29:04.400 --> 00:29:07.400]  我們有童工
[00:29:07.400 --> 00:29:11.400]  也需要有年輕的童工
[00:29:11.400 --> 00:29:12.400]  在多倫多教會
[00:29:12.400 --> 00:29:14.400]  我接觸不同教會的時候
[00:29:14.400 --> 00:29:17.400]  都聽見同一首歌
[00:29:17.400 --> 00:29:21.400]  教會好像青黃不接
[00:29:21.400 --> 00:29:24.400]  沒有年輕的一代出來
[00:29:24.400 --> 00:29:28.400]  有一個教會跟我分享
[00:29:28.400 --> 00:29:31.400]  我們都試過有很多年輕的童工
[00:29:31.400 --> 00:29:33.400]  但不太可行
[00:29:33.400 --> 00:29:38.400]  不可行就要離開等等
[00:29:38.400 --> 00:29:42.400]  大家喝咖啡聊天吃飯的時候
[00:29:42.400 --> 00:29:44.400]  我都是說這句
[00:29:44.400 --> 00:29:47.400]  我們都要試的
[00:29:47.400 --> 00:29:50.400]  都要給機會
[00:29:50.400 --> 00:29:53.400]  我回想我年輕的時候
[00:29:53.400 --> 00:29:55.400]  不是有人給我機會
[00:29:55.400 --> 00:29:59.400]  今天我也不會功夫這麼大
[00:29:59.400 --> 00:30:01.400]  真的有人給我機會
[00:30:01.400 --> 00:30:04.400]  有人給我機會去試
[00:30:04.400 --> 00:30:08.400]  有人給我機會去失敗
[00:30:08.400 --> 00:30:13.400]  然後我才能培養到今天的我
[00:30:13.400 --> 00:30:16.400]  我們都需要去嘗試
[00:30:16.400 --> 00:30:17.400]  我們教會過去十年
[00:30:17.400 --> 00:30:20.400]  我們都有不同嘗試
[00:30:20.400 --> 00:30:23.400]  有來的 有去的
[00:30:23.400 --> 00:30:26.400]  但有一樣東西我們不能停的
[00:30:26.400 --> 00:30:28.400]  縱使有來有去
[00:30:28.400 --> 00:30:31.400]  我們都要嘗試
[00:30:31.400 --> 00:30:34.400]  忠心侍奉
[00:30:34.400 --> 00:30:36.400]  我們繼續嘗試
[00:30:36.400 --> 00:30:38.400]  我們繼續工作
[00:30:38.400 --> 00:30:39.400]  結果是怎樣
[00:30:39.400 --> 00:30:41.400]  一個交託給上帝
[00:30:41.400 --> 00:30:43.400]  但過程中就需要我們
[00:30:43.400 --> 00:30:45.400]  有男有女
[00:30:45.400 --> 00:30:46.400]  有不同的世代
[00:30:46.400 --> 00:30:49.400]  一齊來服侍
[00:30:49.400 --> 00:30:52.400]  所以希望大家為我們教會禱告
[00:30:52.400 --> 00:30:54.400]  我們慷慨奉獻
[00:30:54.400 --> 00:30:58.400]  慷慨熱心的參與去侍奉
[00:30:58.400 --> 00:31:00.400]  好像我們這個教會一樣
[00:31:00.400 --> 00:31:02.400]  有老的童工
[00:31:02.400 --> 00:31:04.400]  是不是有些很年輕
[00:31:04.400 --> 00:31:08.400]  很有作為的年輕童工
[00:31:08.400 --> 00:31:11.400]  是吧
[00:31:11.400 --> 00:31:12.400]  我們每個人都需要
[00:31:12.400 --> 00:31:15.400]  大家一齊兼命兼工作
[00:31:15.400 --> 00:31:18.400]  我們同心協力去祈禱
[00:31:18.400 --> 00:31:21.400]  主我們求祢
[00:31:21.400 --> 00:31:23.400]  建立我們手所做的
[00:31:23.400 --> 00:31:24.400]  我們手所做的
[00:31:24.400 --> 00:31:25.400]  確實是一些很簡單
[00:31:25.400 --> 00:31:27.400]  很少的東西
[00:31:27.400 --> 00:31:28.400]  在神國裏面
[00:31:28.400 --> 00:31:31.400]  我們有這樣的權利
[00:31:31.400 --> 00:31:32.400]  建立我們的生命
[00:31:32.400 --> 00:31:33.400]  建立我們的家庭
[00:31:33.400 --> 00:31:35.400]  建立我們這個教會的
[00:31:35.400 --> 00:31:37.400]  所謂的群體
[00:31:37.400 --> 00:31:38.400]  以致我們能夠
[00:31:38.400 --> 00:31:40.400]  更多為祢發光
[00:31:40.400 --> 00:31:42.400]  求祢祝福我們教會
[00:31:42.400 --> 00:31:44.400]  祢要祝福不同地方的教會
[00:31:44.400 --> 00:31:46.400]  讓他們滿滿有主
[00:31:46.400 --> 00:31:47.400]  祢自己祝福
[00:31:47.400 --> 00:31:49.400]  有主祢自己加力給他們
[00:31:49.400 --> 00:31:51.400]  讓他們每一個世代
[00:31:51.400 --> 00:31:53.400]  有男有女
[00:31:53.400 --> 00:31:54.400]  弟兄與姊妹
[00:31:54.400 --> 00:31:56.400]  一齊兼命兼的
[00:31:56.400 --> 00:31:57.400]  做一個團隊
[00:31:57.400 --> 00:31:58.400]  來服侍祢
[00:31:58.400 --> 00:32:01.400]  以致祢的名更加被宣揚
[00:32:01.400 --> 00:32:04.400]  我們這樣祈禱奉主明教
[00:32:04.400 --> 00:32:06.400]  再一次歡迎大家
[00:32:06.400 --> 00:32:07.400]  第一件事
[00:32:07.400 --> 00:32:10.400]  我想跟大家做一個提醒
[00:32:10.400 --> 00:32:15.400]  我們的擴展已經非常順利
[00:32:15.400 --> 00:32:16.400]  感謝我們中間
[00:32:16.400 --> 00:32:17.400]  給他們一點掌聲
[00:32:17.400 --> 00:32:19.400]  那些童工
[00:32:19.400 --> 00:32:22.400]  他們背票背得很多
[00:32:22.400 --> 00:32:24.400]  要講價
[00:32:24.400 --> 00:32:26.400]  還有要做裝修工程
[00:32:26.400 --> 00:32:27.400]  看著等等
[00:32:27.400 --> 00:32:28.400]  這個就是我們
[00:32:28.400 --> 00:32:31.400]  所謂105A的大的班房
[00:32:31.400 --> 00:32:33.400]  這個就是我們
[00:32:33.400 --> 00:32:36.400]  剛剛開始設置的廚房
[00:32:36.400 --> 00:32:38.400]  廚房漂亮嗎
[00:32:38.400 --> 00:32:39.400]  OK
[00:32:39.400 --> 00:32:41.400]  沒有你家的那麼漂亮
[00:32:41.400 --> 00:32:43.400]  但是我們也需要
[00:32:43.400 --> 00:32:46.400]  但是我們還有一些工具
[00:32:46.400 --> 00:32:47.400]  或者一些裝修
[00:32:47.400 --> 00:32:48.400]  我們需要做
[00:32:48.400 --> 00:32:49.400]  所以請大家
[00:32:49.400 --> 00:32:52.400]  為我們的建堂
[00:32:52.400 --> 00:32:56.400]  去到施封
[00:32:56.400 --> 00:32:57.400]  還有去到奉獻
[00:32:57.400 --> 00:32:58.400]  這個QR Code
[00:32:58.400 --> 00:32:59.400]  去幫助大家
[00:32:59.400 --> 00:33:01.400]  去到我們這個擴展帳號
[00:33:01.400 --> 00:33:03.400]  我不確定
[00:33:03.400 --> 00:33:06.400]  我們現在有的擴展的資金
[00:33:06.400 --> 00:33:07.400]  是收到多少
[00:33:07.400 --> 00:33:08.400]  我不知道
[00:33:08.400 --> 00:33:09.400]  因為我們下個禮拜
[00:33:09.400 --> 00:33:11.400]  會給大家多一點更新
[00:33:11.400 --> 00:33:12.400]  但是我們友達英姊妹
[00:33:12.400 --> 00:33:13.400]  很慷慨的去奉獻
[00:33:13.400 --> 00:33:15.400]  希望你和我
[00:33:15.400 --> 00:33:16.400]  都一起慷慨的奉獻
[00:33:16.400 --> 00:33:18.400]  去建立上帝的家
[00:33:18.400 --> 00:33:19.400]  好嗎
