
[00:00:00.000 --> 00:00:04.180]   - All right guys, welcome, and I want to invite you all
[00:00:04.180 --> 00:00:08.220]   to the World Cup watching party,
[00:00:08.220 --> 00:00:10.460]   and you know, you can come and have some fun,
[00:00:10.460 --> 00:00:12.380]   even though you don't understand soccer,
[00:00:12.380 --> 00:00:14.140]   you don't understand football, you don't enjoy it,
[00:00:14.140 --> 00:00:17.640]   but just come for the spirit of it, okay?
[00:00:17.640 --> 00:00:19.540]   How about that, all right?
[00:00:19.540 --> 00:00:23.180]   So today, I would like to insert a little series
[00:00:23.180 --> 00:00:26.020]   on how the Bible sees women, okay?
[00:00:28.160 --> 00:00:33.160]   (translator speaking in foreign language)
[00:00:33.160 --> 00:00:38.040]   Yeah, and so, you know, we, when we think about
[00:00:38.040 --> 00:00:41.860]   the story of the Bible, you think about the grand story
[00:00:41.860 --> 00:00:43.600]   of the Bible from the beginning to the end,
[00:00:43.600 --> 00:00:46.440]   you think that the Bible is all about men, right?
[00:00:46.440 --> 00:00:49.720]   If you can count, or you can name some of the heroes
[00:00:49.720 --> 00:00:52.440]   of faith in the Bible, from the beginning to the end,
[00:00:52.440 --> 00:00:54.840]   from Genesis to Revelation, you can see
[00:00:54.840 --> 00:00:56.600]   there were a lot of men, right?
[00:00:56.600 --> 00:01:01.000]   Abraham, Isaac, Jacob, Moses, Joshua, the judges,
[00:01:01.000 --> 00:01:03.520]   and then David, Ezra, Nehemiah, and all that,
[00:01:03.520 --> 00:01:05.820]   and Jesus, of course, right?
[00:01:05.820 --> 00:01:10.820]   (translator speaking in foreign language)
[00:01:10.820 --> 00:01:22.240]   And then, as you can see in the chart,
[00:01:22.240 --> 00:01:24.960]   the history of the Bible, it seems to be dominant
[00:01:24.960 --> 00:01:29.720]   by men and advancing God's plan through men alone.
[00:01:29.720 --> 00:01:33.720]   (translator speaking in foreign language)
[00:01:33.720 --> 00:01:38.080]   And then, but if we take a look at the Bible in details,
[00:01:38.080 --> 00:01:41.120]   you see that, you look again and again,
[00:01:41.120 --> 00:01:45.080]   there's every turning point of the entire history
[00:01:45.080 --> 00:01:48.000]   of the Bible, you'll find women are equally
[00:01:48.000 --> 00:01:51.840]   important key players of God's plan.
[00:01:51.840 --> 00:01:56.840]   (translator speaking in foreign language)
[00:01:56.840 --> 00:02:02.400]   So you start from, well, the beginning on the left
[00:02:02.400 --> 00:02:05.360]   is the age of the patriarchs, right?
[00:02:05.360 --> 00:02:06.800]   Abraham, Isaac, Jacob.
[00:02:06.800 --> 00:02:10.160]   You can find that without Sarah, or the matriarchs,
[00:02:10.160 --> 00:02:13.840]   there's no child of promise to advance the plan.
[00:02:13.840 --> 00:02:18.160]   (translator speaking in foreign language)
[00:02:18.160 --> 00:02:21.440]   And then in Exodus, without the midwives,
[00:02:21.440 --> 00:02:25.560]   the daughter of Pharaoh and Miriam, the sister of Moses,
[00:02:25.560 --> 00:02:28.800]   there was no Moses, because Moses would have been drowned
[00:02:28.800 --> 00:02:31.400]   in the water of Nile River.
[00:02:31.400 --> 00:02:34.560]   And Moses was first rescued by these women
[00:02:34.560 --> 00:02:39.560]   before he became the leader to lead Israel out of Egypt.
[00:02:39.560 --> 00:02:45.640]   (translator speaking in foreign language)
[00:02:50.120 --> 00:02:53.120]   Then when they enter into the land of Canaan,
[00:02:53.120 --> 00:02:56.600]   without Rahab's faith, the prostitute Rahab,
[00:02:56.600 --> 00:02:59.400]   who turned her faith to Yahweh,
[00:02:59.400 --> 00:03:02.200]   Israel could not enter Canaan.
[00:03:02.200 --> 00:03:04.800]   And without Deborah in the time of Judges,
[00:03:04.800 --> 00:03:06.880]   there was no deliverance.
[00:03:06.880 --> 00:03:11.880]   (translator speaking in foreign language)
[00:03:11.880 --> 00:03:15.760]   Now, before the age of kingdoms,
[00:03:15.760 --> 00:03:17.840]   David and Solomon and those guys,
[00:03:17.840 --> 00:03:22.840]   without Ruth or without Hannah, there was no David.
[00:03:22.840 --> 00:03:26.480]   And then even in the time of return, exile and return,
[00:03:26.480 --> 00:03:28.480]   without Esther, most of the Jewish people
[00:03:28.480 --> 00:03:31.120]   would have been perished.
[00:03:31.120 --> 00:03:35.800]   (translator speaking in foreign language)
[00:03:35.800 --> 00:03:40.560]   And then at the climax of the biblical history,
[00:03:40.560 --> 00:03:41.760]   from the left to right,
[00:03:41.760 --> 00:03:44.720]   of course, the birth of our savior, Jesus Christ,
[00:03:44.720 --> 00:03:48.040]   and his birth was only achieved
[00:03:48.040 --> 00:03:51.200]   by the faith of a woman, right?
[00:03:51.200 --> 00:03:52.280]   Mary.
[00:03:52.280 --> 00:03:54.840]   And the first witness of the resurrection
[00:03:54.840 --> 00:03:57.880]   of the empty tomb was not a male disciple,
[00:03:57.880 --> 00:03:59.320]   but Mary Magdalene.
[00:03:59.320 --> 00:04:05.640]   (translator speaking in foreign language)
[00:04:05.640 --> 00:04:14.680]   So as you can see, down there is the man
[00:04:14.680 --> 00:04:17.360]   and up there is all the women.
[00:04:17.360 --> 00:04:21.000]   And women are not the footnote of biblical history.
[00:04:21.000 --> 00:04:25.160]   At every single point of moment of redemption
[00:04:25.160 --> 00:04:26.200]   or turning point,
[00:04:26.200 --> 00:04:29.880]   God chose to accomplish his saving plan through women.
[00:04:29.880 --> 00:04:32.120]   And of course, together with men.
[00:04:32.120 --> 00:04:37.120]   (translator speaking in foreign language)
[00:04:43.920 --> 00:04:47.240]   So today I would like to talk about this story,
[00:04:47.240 --> 00:04:50.880]   this very short story found in the gospel of Luke.
[00:04:50.880 --> 00:04:53.000]   And let me read that passage for you.
[00:04:53.000 --> 00:04:56.520]   It's Luke 10, 38 to 42.
[00:04:56.520 --> 00:05:02.920]   (translator speaking in foreign language)
[00:05:02.920 --> 00:05:05.200]   Okay, let me read that in English first.
[00:05:05.200 --> 00:05:07.480]   38 to 40.
[00:05:07.480 --> 00:05:11.240]   As Jesus and his disciples were on their way,
[00:05:11.240 --> 00:05:15.360]   he came to a village and a woman named Martha
[00:05:15.360 --> 00:05:17.280]   welcomed him into her home.
[00:05:17.280 --> 00:05:23.240]   (translator speaking in foreign language)
[00:05:23.240 --> 00:05:30.440]   And during the night, she had a sister named Mary.
[00:05:30.440 --> 00:05:31.960]   There are many Marys.
[00:05:31.960 --> 00:05:33.200]   It's one of those, okay?
[00:05:33.200 --> 00:05:35.400]   It's not the earthly mother of Jesus.
[00:05:35.400 --> 00:05:37.960]   Mary who sat at the Lord's feet
[00:05:37.960 --> 00:05:40.480]   and listened to the word of Jesus.
[00:05:40.480 --> 00:05:45.480]   (translator speaking in foreign language)
[00:05:45.480 --> 00:05:49.520]   Verse 40, but Martha was distracted by all the serving.
[00:05:49.520 --> 00:05:50.880]   She came to Jesus and said,
[00:05:50.880 --> 00:05:53.240]   "Lord, do you not care that my sister
[00:05:53.240 --> 00:05:55.320]   had left me to serve alone?
[00:05:55.320 --> 00:05:58.120]   Tell her to come and help me."
[00:05:58.120 --> 00:06:03.120]   (translator speaking in foreign language)
[00:06:08.200 --> 00:06:10.520]   Then verse 41, the Lord answered her,
[00:06:10.520 --> 00:06:15.160]   "Mother, mother, mother, mother," the Lord answered,
[00:06:15.160 --> 00:06:19.520]   "You are worried and upset about many things."
[00:06:19.520 --> 00:06:24.520]   (translator speaking in foreign language)
[00:06:24.520 --> 00:06:28.040]   And Jesus continued in verse 42,
[00:06:28.040 --> 00:06:30.640]   "But only one thing is necessary.
[00:06:30.640 --> 00:06:32.600]   Mary has chosen the good portion
[00:06:32.600 --> 00:06:35.400]   and no one will take it away from her."
[00:06:36.280 --> 00:06:41.280]   (translator speaking in foreign language)
[00:06:41.280 --> 00:06:46.840]   Now, this passage, this story is very familiar
[00:06:46.840 --> 00:06:48.360]   to a lot of you, right?
[00:06:48.360 --> 00:06:49.840]   The traditional reading goes,
[00:06:49.840 --> 00:06:52.400]   okay, Martha is too busy, right?
[00:06:52.400 --> 00:06:54.720]   Doing so much things in the kitchen
[00:06:54.720 --> 00:06:57.160]   while Mary's sitting quietly, you know,
[00:06:57.160 --> 00:07:01.040]   nothing to do, but you know, at the Lord's feet.
[00:07:01.040 --> 00:07:06.040]   (translator speaking in foreign language)
[00:07:07.280 --> 00:07:09.720]   So our understanding would be,
[00:07:09.720 --> 00:07:11.480]   not be distracted like Martha,
[00:07:11.480 --> 00:07:15.320]   but you know, be more like, you know, the quiet Mary, right?
[00:07:15.320 --> 00:07:18.200]   You gotta make time, your quiet time in your busy lives
[00:07:18.200 --> 00:07:20.800]   to draw near to God, to read the Bible,
[00:07:20.800 --> 00:07:22.320]   to listen to the word of Jesus.
[00:07:22.320 --> 00:07:24.800]   And then after that, you serve.
[00:07:24.800 --> 00:07:29.800]   (translator speaking in foreign language)
[00:07:36.600 --> 00:07:38.160]   So you agree with that, right?
[00:07:38.160 --> 00:07:40.320]   So this reading is good reading, you know?
[00:07:40.320 --> 00:07:43.160]   I've taught that too, and it builds up the people
[00:07:43.160 --> 00:07:45.840]   so that we have more quiet time with the Lord.
[00:07:45.840 --> 00:07:48.600]   But it doesn't seem like the whole story though.
[00:07:48.600 --> 00:07:54.680]   (translator speaking in foreign language)
[00:07:54.680 --> 00:07:57.960]   So today we're gonna dig a little bit deeper
[00:07:57.960 --> 00:08:01.800]   and see what Luke really meant to the church,
[00:08:01.800 --> 00:08:05.920]   to the first audience by, you know, talking about the story.
[00:08:05.920 --> 00:08:10.920]   (translator speaking in foreign language)
[00:08:10.920 --> 00:08:16.160]   Now on the surface, this story is all about domestic thing,
[00:08:16.160 --> 00:08:17.000]   right?
[00:08:17.000 --> 00:08:20.000]   Kitchen, ordinary stuff, two sister holding Jesus
[00:08:20.000 --> 00:08:21.080]   and the disciples.
[00:08:21.080 --> 00:08:27.080]   (translator speaking in foreign language)
[00:08:27.080 --> 00:08:29.960]   But you have to understand,
[00:08:29.960 --> 00:08:34.960]   when Luke was writing the story to the first church
[00:08:35.520 --> 00:08:39.040]   in the first century, the church back then,
[00:08:39.040 --> 00:08:41.840]   in those time, they had no church public buildings
[00:08:41.840 --> 00:08:42.760]   to go to.
[00:08:42.760 --> 00:08:45.800]   So believers meet actually at homes.
[00:08:45.800 --> 00:08:51.720]   (translator speaking in foreign language)
[00:08:51.720 --> 00:08:58.560]   So I have some verses here to tell you
[00:08:58.560 --> 00:09:02.160]   from, you know, different parts of the New Testament.
[00:09:02.160 --> 00:09:05.120]   Think of the newborn church in Philippi.
[00:09:05.120 --> 00:09:07.200]   That Paul planned this church,
[00:09:07.200 --> 00:09:11.800]   and then it was hosted at the home of Lydia.
[00:09:11.800 --> 00:09:17.880]   (translator speaking in foreign language)
[00:09:17.880 --> 00:09:23.040]   And then verse 12 of chapter 12 of the book of Acts,
[00:09:23.040 --> 00:09:24.400]   the early church in Jerusalem,
[00:09:24.400 --> 00:09:26.480]   they gather not in the public building,
[00:09:26.480 --> 00:09:28.040]   and they pray not in the public building,
[00:09:28.040 --> 00:09:31.160]   but at the home of here another Mary, right?
[00:09:31.160 --> 00:09:34.240]   Mary, the mother of Mark.
[00:09:34.240 --> 00:09:39.240]   (translator speaking in foreign language)
[00:09:39.240 --> 00:09:43.400]   In the Colossians chapter four,
[00:09:43.400 --> 00:09:45.560]   at the end of the letter, Paul writes
[00:09:45.560 --> 00:09:49.600]   that there was a sister called Nimpha,
[00:09:49.600 --> 00:09:52.600]   and the church that is in her house.
[00:09:52.600 --> 00:09:58.720]   (translator speaking in foreign language)
[00:09:58.720 --> 00:10:02.840]   So when the first century church received the story
[00:10:02.840 --> 00:10:05.360]   from Luke, when they heard about Martha
[00:10:05.360 --> 00:10:08.360]   welcoming Jesus into her home,
[00:10:08.360 --> 00:10:12.440]   what came to mind was the hostess
[00:10:12.440 --> 00:10:14.920]   or the patron of a house church.
[00:10:14.920 --> 00:10:21.000]   (translator speaking in foreign language)
[00:10:21.000 --> 00:10:29.240]   And you can see like the key word of Jesus
[00:10:29.240 --> 00:10:34.240]   was talking to Martha in verse 40, verse 40 right here,
[00:10:34.240 --> 00:10:38.200]   and Martha is serving, right, serving Jesus.
[00:10:38.200 --> 00:10:41.560]   That is the same Greek word later to be used
[00:10:41.560 --> 00:10:43.880]   for deacon, for ministry.
[00:10:43.880 --> 00:10:49.920]   (translator speaking in foreign language)
[00:10:49.920 --> 00:10:57.360]   And Luke, so Luke is not writing merely
[00:10:57.360 --> 00:11:00.200]   to talk about there was a tension
[00:11:00.200 --> 00:11:03.760]   between the kitchen and the living room, right,
[00:11:03.760 --> 00:11:05.400]   but he's talking about the role
[00:11:05.400 --> 00:11:08.000]   and ministry of women in the church.
[00:11:08.000 --> 00:11:13.000]   (translator speaking in foreign language)
[00:11:13.000 --> 00:11:16.760]   So you have to understand in the first century,
[00:11:16.760 --> 00:11:20.480]   social space is strictly divine.
[00:11:20.480 --> 00:11:25.480]   (translator speaking in foreign language)
[00:11:25.760 --> 00:11:28.920]   And even today, even today, if we go to Jerusalem,
[00:11:28.920 --> 00:11:30.640]   we go to the heart of Jerusalem,
[00:11:30.640 --> 00:11:33.400]   which is the Western Wall, the Wailing Wall, right?
[00:11:33.400 --> 00:11:35.640]   It's the Wailing Wall, the entire wall
[00:11:35.640 --> 00:11:37.360]   is the first century wall.
[00:11:37.360 --> 00:11:40.120]   And then it was divided into two sections.
[00:11:40.120 --> 00:11:42.400]   One section is strictly for men,
[00:11:42.400 --> 00:11:45.080]   and the other section is strictly for women.
[00:11:45.080 --> 00:11:47.600]   And studying the Torah, studying the law
[00:11:47.600 --> 00:11:50.120]   is the privilege of men only.
[00:11:51.040 --> 00:11:56.040]   (translator speaking in foreign language)
[00:11:56.040 --> 00:12:05.480]   So there's quite a few times I visited the land of Palestine.
[00:12:05.480 --> 00:12:09.600]   Sometimes I went into West Bank,
[00:12:09.600 --> 00:12:13.920]   and I used to stay in a Muslim household.
[00:12:13.920 --> 00:12:16.640]   And then I find that in the few days
[00:12:16.640 --> 00:12:19.120]   that I stay with the Muslim family,
[00:12:19.120 --> 00:12:21.600]   I've never seen any women.
[00:12:21.600 --> 00:12:23.360]   I only see men.
[00:12:23.360 --> 00:12:26.560]   You know, the host, you know, the husband or the father
[00:12:26.560 --> 00:12:29.720]   will sit down with me to share the meal together.
[00:12:29.720 --> 00:12:32.440]   But you know, food, you know, food, you know,
[00:12:32.440 --> 00:12:34.760]   the meal, breakfast, lunch, and dinner
[00:12:34.760 --> 00:12:38.080]   are prepared by the women, but I never seen any women.
[00:12:38.080 --> 00:12:43.080]   (translator speaking in foreign language)
[00:12:49.920 --> 00:12:51.680]   Is that interesting, right?
[00:12:51.680 --> 00:12:55.200]   So men belong to outside, right?
[00:12:55.200 --> 00:12:57.240]   The public space, the social space.
[00:12:57.240 --> 00:12:59.840]   But women belongs to the inside, right?
[00:12:59.840 --> 00:13:04.120]   Women in charge of home and children.
[00:13:04.120 --> 00:13:07.120]   The two worlds never cross one another.
[00:13:07.120 --> 00:13:13.240]   (translator speaking in foreign language)
[00:13:19.800 --> 00:13:24.480]   So only when we grasp that concept, that kind of custom,
[00:13:24.480 --> 00:13:27.720]   do we feel how radical this picture is,
[00:13:27.720 --> 00:13:31.360]   that Mary is sitting at the feet of Jesus
[00:13:31.360 --> 00:13:34.680]   and surrounded by male disciples.
[00:13:34.680 --> 00:13:39.680]   (translator speaking in foreign language)
[00:13:44.480 --> 00:13:49.480]   Now, verse 39 of Luke says she has a sister called Mary
[00:13:49.480 --> 00:13:56.840]   who sat at the Lord's feet listening to what he said, right?
[00:13:56.840 --> 00:14:03.040]   (translator speaking in foreign language)
[00:14:03.040 --> 00:14:07.280]   Now, what kind of picture came to mind, right?
[00:14:07.280 --> 00:14:09.760]   Mary sitting at the feet of Jesus.
[00:14:09.760 --> 00:14:13.880]   You know, to sit at the rabbi's feet,
[00:14:14.600 --> 00:14:17.720]   was actually a technical phrase in the first century.
[00:14:17.720 --> 00:14:22.120]   It's to become a formal disciple, a full disciple,
[00:14:22.120 --> 00:14:24.200]   being trained under a rabbi
[00:14:24.200 --> 00:14:28.080]   and even on the path of being a rabbi herself.
[00:14:28.080 --> 00:14:33.080]   (translator speaking in foreign language)
[00:14:44.200 --> 00:14:47.400]   Now, this same phrase happens to be used by Paul
[00:14:47.400 --> 00:14:50.560]   in the book of Acts, chapter 22, verse three.
[00:14:50.560 --> 00:14:54.280]   Paul described himself the same way, much the similar terms.
[00:14:54.280 --> 00:14:59.280]   "I am a Jew," Paul said, "and born in Tarsus, Cilicia,
[00:14:59.280 --> 00:15:05.120]   "but brought up in this city at the feet of Gamaliel."
[00:15:05.120 --> 00:15:10.560]   (translator speaking in foreign language)
[00:15:14.760 --> 00:15:18.280]   Okay, so the original word is at the feet.
[00:15:18.280 --> 00:15:21.080]   And he said he was educated straightly
[00:15:21.080 --> 00:15:23.200]   according to the law of our ancestor
[00:15:23.200 --> 00:15:27.480]   and selfless for God and just as all of you are today.
[00:15:27.480 --> 00:15:32.480]   (translator speaking in foreign language)
[00:15:32.480 --> 00:15:38.560]   So at the feet of a rabbi, you know, Gamaliel
[00:15:38.560 --> 00:15:43.160]   was the Harvard of his day, you know, and the best teacher.
[00:15:43.160 --> 00:15:45.920]   And he was sitting at the feet of Gamaliel, the rabbi.
[00:15:45.920 --> 00:15:49.320]   In the first century, especially, this seat, you know,
[00:15:49.320 --> 00:15:51.920]   sitting at the feet of the famous rabbi
[00:15:51.920 --> 00:15:54.800]   is often not a seat for a woman.
[00:15:54.800 --> 00:15:58.480]   You know, a woman was not allowed to take that seat.
[00:15:58.480 --> 00:16:03.480]   (translator speaking in foreign language)
[00:16:03.480 --> 00:16:09.560]   So the missionary, there was a group of Jewish local
[00:16:09.560 --> 00:16:13.000]   from the second century actually talks about a rabbi
[00:16:13.000 --> 00:16:15.280]   saying that if you teach your daughter,
[00:16:15.280 --> 00:16:19.000]   the Torah is like teaching her to be, you know,
[00:16:19.000 --> 00:16:20.040]   promiscuous.
[00:16:20.040 --> 00:16:25.960]   (translator speaking in foreign language)
[00:16:25.960 --> 00:16:31.280]   And then from this background,
[00:16:31.280 --> 00:16:35.360]   you can see the protest of mother saying to Jesus,
[00:16:35.360 --> 00:16:37.740]   "Tell her to come and help me,"
[00:16:37.740 --> 00:16:40.600]   was actually at the heart of the demand.
[00:16:40.600 --> 00:16:45.600]   Mother is seeing Mary leaving the woman's space
[00:16:45.600 --> 00:16:48.800]   and invading the man's space,
[00:16:48.800 --> 00:16:53.120]   and that's not what a woman ought to be.
[00:16:53.120 --> 00:16:58.120]   (translator speaking in foreign language)
[00:16:58.120 --> 00:17:04.720]   But Jesus actually said that Mary has chosen
[00:17:04.720 --> 00:17:08.000]   the good portion and it cannot be taken away.
[00:17:09.160 --> 00:17:14.160]   (translator speaking in foreign language)
[00:17:14.160 --> 00:17:17.400]   And then the phrase cannot be taken away
[00:17:17.400 --> 00:17:20.960]   has no person, no subject to it, no culture to it.
[00:17:20.960 --> 00:17:24.800]   So it actually means it cannot be pulled away from her,
[00:17:24.800 --> 00:17:29.120]   from her place as a disciple or full disciple
[00:17:29.120 --> 00:17:31.280]   at her rabbi's feet.
[00:17:31.280 --> 00:17:36.280]   (translator speaking in foreign language)
[00:17:38.960 --> 00:17:41.680]   So sitting at the feet of the rabbi, right?
[00:17:41.680 --> 00:17:45.360]   To become on the path of being a rabbi.
[00:17:45.360 --> 00:17:49.960]   So you have to notice the story does not blame mother
[00:17:49.960 --> 00:17:52.520]   for food and hospitality.
[00:17:52.520 --> 00:17:57.520]   (translator speaking in foreign language)
[00:17:57.520 --> 00:18:01.400]   So Jesus was not talking about, you know, serving itself.
[00:18:01.400 --> 00:18:05.400]   He's talking about serving so much.
[00:18:05.400 --> 00:18:07.560]   There's so much going on in her heart
[00:18:07.560 --> 00:18:10.760]   that pull her apart and make her anxious.
[00:18:10.760 --> 00:18:13.200]   That is the tension there.
[00:18:13.200 --> 00:18:18.200]   (translator speaking in foreign language)
[00:18:18.200 --> 00:18:23.480]   So you could think about the church, you know,
[00:18:23.480 --> 00:18:27.920]   even our church, you know, our church is sustained
[00:18:27.920 --> 00:18:29.920]   actually by many women, right?
[00:18:29.920 --> 00:18:30.920]   Godly women.
[00:18:30.920 --> 00:18:34.560]   And they pray for the church, they teach here
[00:18:34.560 --> 00:18:36.840]   and they serve in the background
[00:18:36.840 --> 00:18:38.920]   and sometimes they serve on stage.
[00:18:38.920 --> 00:18:41.800]   So this story is about Mary and Martha,
[00:18:41.800 --> 00:18:43.880]   they can serve together.
[00:18:43.880 --> 00:18:48.880]   (translator speaking in foreign language)
[00:18:48.880 --> 00:18:59.840]   So you assume the lens a little bit widen,
[00:18:59.840 --> 00:19:03.960]   widen the lens and you see what gospel Luke is trying to do
[00:19:03.960 --> 00:19:07.200]   because in Luke 9, 51,
[00:19:07.200 --> 00:19:10.680]   that's from chapter one all the way to chapter 9, 51,
[00:19:10.680 --> 00:19:12.400]   Jesus says something like this.
[00:19:12.400 --> 00:19:13.520]   Jesus did something like this.
[00:19:13.520 --> 00:19:16.480]   He set his face to go to Jerusalem,
[00:19:16.480 --> 00:19:21.200]   setting his face to go to journey to Jerusalem for what?
[00:19:21.200 --> 00:19:25.080]   To accomplish the plan of salvation on the cross.
[00:19:25.080 --> 00:19:30.080]   (translator speaking in foreign language)
[00:19:34.960 --> 00:19:37.920]   (translator speaking in foreign language)
[00:19:37.920 --> 00:19:41.120]   So from chapter 9, verse 51 onward, you know,
[00:19:41.120 --> 00:19:45.640]   Jesus journey to Jerusalem to die on the cross.
[00:19:45.640 --> 00:19:50.640]   It begins to tell us what Jesus was here to do
[00:19:50.640 --> 00:19:53.160]   and his disciples follow Jesus.
[00:19:53.160 --> 00:19:56.400]   And you can see story after story, story after story,
[00:19:56.400 --> 00:20:00.800]   Jesus is breaking some sort of social boundaries
[00:20:00.800 --> 00:20:04.080]   one after another, break them one after another
[00:20:04.080 --> 00:20:05.760]   along the way.
[00:20:05.760 --> 00:20:10.760]   (translator speaking in foreign language)
[00:20:10.760 --> 00:20:18.320]   Well, as I put it on the slide,
[00:20:18.320 --> 00:20:22.200]   you know, first story is about sending out 70 people
[00:20:22.200 --> 00:20:23.800]   to preach the gospel
[00:20:23.800 --> 00:20:28.800]   and the gospel will cross beyond the boundaries of Israel.
[00:20:28.920 --> 00:20:33.920]   (translator speaking in foreign language)
[00:20:33.920 --> 00:20:36.800]   So breaking the geographical boundaries.
[00:20:36.800 --> 00:20:41.060]   And then the next story is 10, 25 to 37.
[00:20:41.060 --> 00:20:43.640]   It is the Good Samaritan story.
[00:20:43.640 --> 00:20:46.720]   And the Good Samaritan story, the parable,
[00:20:46.720 --> 00:20:49.200]   as you are familiar to it,
[00:20:49.200 --> 00:20:52.320]   it breaks the boundary of ethnicity.
[00:20:52.320 --> 00:20:57.240]   (translator speaking in foreign language)
[00:20:57.240 --> 00:21:02.240]   And then after that is our story today, 10, 38 to 42,
[00:21:02.240 --> 00:21:03.880]   Martha and Mary.
[00:21:03.880 --> 00:21:05.640]   It talks about not loving your neighbor.
[00:21:05.640 --> 00:21:08.800]   It's not loving God fully.
[00:21:08.800 --> 00:21:13.800]   (translator speaking in foreign language)
[00:21:13.800 --> 00:21:17.920]   So, you know, even women can love God fully, right?
[00:21:17.920 --> 00:21:20.160]   And then together, you know, the Good Samaritan,
[00:21:20.160 --> 00:21:23.960]   Mary illustrate two greatest commandments of all, right?
[00:21:23.960 --> 00:21:25.600]   Love your neighbor as yourself.
[00:21:26.880 --> 00:21:31.880]   (translator speaking in foreign language)
[00:21:31.880 --> 00:21:38.520]   And then the next story, Martha and Mary,
[00:21:38.520 --> 00:21:41.280]   talking about love the Lord your God with all your heart,
[00:21:41.280 --> 00:21:43.840]   all your soul, and all your strength.
[00:21:43.840 --> 00:21:48.840]   (translator speaking in foreign language)
[00:21:48.840 --> 00:21:53.360]   So as you can see, Mary's sitting at the feet of Jesus,
[00:21:53.360 --> 00:21:57.120]   at the feet of Rabbi, is not only about her privilege
[00:21:57.120 --> 00:21:59.600]   or right to hear the word of God,
[00:21:59.600 --> 00:22:00.960]   but it's about, you know,
[00:22:00.960 --> 00:22:05.960]   inheriting all discipleship is all about.
[00:22:05.960 --> 00:22:11.160]   (translator speaking in foreign language)
[00:22:11.160 --> 00:22:16.960]   So this little story, of course, is a very warm story,
[00:22:16.960 --> 00:22:19.720]   right, it's telling us, it's telling us
[00:22:19.720 --> 00:22:23.880]   that ministry or the role of women in the church
[00:22:23.880 --> 00:22:26.680]   is not restricted by gender.
[00:22:26.680 --> 00:22:28.960]   It's not restricted by gender.
[00:22:28.960 --> 00:22:31.440]   Even women can sit at the feet of the Rabbi,
[00:22:31.440 --> 00:22:34.920]   and it's not gender specific.
[00:22:34.920 --> 00:22:39.000]   It rests on God's calling and God's gifting.
[00:22:39.000 --> 00:22:44.000]   (translator speaking in foreign language)
[00:22:47.640 --> 00:22:49.840]   So today, as we conclude this little story,
[00:22:49.840 --> 00:22:54.840]   and we know that, you know, women are very important,
[00:22:54.840 --> 00:22:57.720]   right, women are very important.
[00:22:57.720 --> 00:23:00.920]   (translator speaking in foreign language)
[00:23:00.920 --> 00:23:04.120]   So as we conclude, sisters and brothers,
[00:23:04.120 --> 00:23:07.160]   think of a moment, think of a moment
[00:23:07.160 --> 00:23:10.760]   where when you were touched by a godly woman,
[00:23:10.760 --> 00:23:14.000]   God has sent some godly woman to touch your lives
[00:23:14.000 --> 00:23:14.960]   and to bless our church.
[00:23:14.960 --> 00:23:17.840]   Think of those people, the women.
[00:23:17.840 --> 00:23:22.760]   (translator speaking in foreign language)
[00:23:22.760 --> 00:23:30.520]   So think of the women who taught us, you know,
[00:23:30.520 --> 00:23:33.320]   women who led people to Christ,
[00:23:33.320 --> 00:23:37.560]   women who mentor one of us,
[00:23:37.560 --> 00:23:41.800]   and who serve quietly in the kitchen or in visitation,
[00:23:41.800 --> 00:23:44.000]   and never claiming any credit.
[00:23:44.000 --> 00:23:49.000]   (translator speaking in foreign language)
[00:23:49.000 --> 00:24:00.160]   So Jesus in the gospel has broken down the gender boundary,
[00:24:00.160 --> 00:24:04.200]   and may God open our eyes to see what Jesus saw,
[00:24:04.200 --> 00:24:09.200]   to see Mary, and also see Martha.
[00:24:09.200 --> 00:24:13.920]   (translator speaking in foreign language)
[00:24:15.000 --> 00:24:17.360]   So this week, I have a homework for you.
[00:24:17.360 --> 00:24:21.160]   Go to one of the women in your life,
[00:24:21.160 --> 00:24:25.400]   in life, think of those women who blessed you, okay?
[00:24:25.400 --> 00:24:27.880]   Go to them and say, "Thank you.
[00:24:27.880 --> 00:24:32.880]   "God has blessed me through you and your work."
[00:24:32.880 --> 00:24:38.080]   (translator speaking in foreign language)
[00:24:41.520 --> 00:24:44.040]   So can you do that this week?
[00:24:44.040 --> 00:24:47.640]   Any woman who has blessed you, go to her and say,
[00:24:47.640 --> 00:24:48.480]   "Thank you.
[00:24:48.480 --> 00:24:51.880]   "Thank you for, you know, answering the calling of God
[00:24:51.880 --> 00:24:55.920]   "and blessed me through your life," all right?
[00:24:55.920 --> 00:24:58.040]   (translator speaking in foreign language)
[00:24:58.040 --> 00:25:00.440]   So we pray, do a short prayer
[00:25:00.440 --> 00:25:02.360]   before we conclude our service.
[00:25:02.360 --> 00:25:04.320]   Let's pray.
[00:25:04.320 --> 00:25:06.600]   Let's pray.
[00:25:08.600 --> 00:25:11.680]   Let's pray.
[00:25:11.680 --> 00:25:12.960]   Dear God, we thank you.
[00:25:12.960 --> 00:25:18.920]   (translator speaking in foreign language)
[00:25:18.920 --> 00:25:21.880]   We thank you for all the women who has blessed us.
[00:25:21.880 --> 00:25:27.880]   (translator speaking in foreign language)
[00:25:36.840 --> 00:25:39.800]   And God, we wanna ask you to bless them all.
[00:25:39.800 --> 00:25:47.040]   (translator speaking in foreign language)
[00:25:47.040 --> 00:25:53.720]   May that woman be our mother, our spouse,
[00:25:53.720 --> 00:25:55.280]   our sister in Christ.
[00:25:55.280 --> 00:25:57.120]   Bless them all.
[00:25:57.120 --> 00:26:03.560]   (translator speaking in foreign language)
[00:26:07.680 --> 00:26:12.680]   (translator speaking in foreign language)
[00:26:12.680 --> 00:26:16.400]   And God, we wanna give you thanks for the church.
[00:26:16.400 --> 00:26:21.400]   (translator speaking in foreign language)
[00:26:21.400 --> 00:26:23.640]   And God, we ask that you will help us
[00:26:23.640 --> 00:26:25.560]   to grow this church together,
[00:26:25.560 --> 00:26:27.160]   no matter what gender we are.
[00:26:27.160 --> 00:26:33.440]   (translator speaking in foreign language)
[00:26:36.840 --> 00:26:41.480]   (translator speaking in foreign language)
[00:26:41.480 --> 00:26:42.520]   In Jesus' name, we pray.
[00:26:42.520 --> 00:26:44.440]   (translator speaking in foreign language)
[00:26:44.440 --> 00:26:45.280]   Amen.
[00:26:45.280 --> 00:26:47.880]   Thank you.
[00:26:47.880 --> 00:26:49.960]   (translator speaking in foreign language)
