
[00:00:00.000 --> 00:00:06.000]  謝謝敬拜隊帶領我們繼續有敬拜的時間
[00:00:06.000 --> 00:00:09.000]  今天好像少了一些人
[00:00:09.000 --> 00:00:14.000]  昨晚台灣短宣好像今天不見了
[00:00:14.000 --> 00:00:17.000]  不知道是否昨天去完訓練,今早忘了起來
[00:00:17.000 --> 00:00:23.000]  今天回來,我猜第一樣你會感受到有些不同的
[00:00:23.000 --> 00:00:24.000]  就是你的椅子
[00:00:24.000 --> 00:00:28.000]  我昨天才知道我們換了新椅子
[00:00:28.000 --> 00:00:31.000]  我發現新椅子有一個好的地方
[00:00:31.000 --> 00:00:37.000]  原來你現在靠下去,終於不會好像快要倒了
[00:00:37.000 --> 00:00:39.000]  我覺得很堅挺
[00:00:39.000 --> 00:00:44.000]  幫助大家堅挺地留心聽神的話語
[00:00:44.000 --> 00:00:47.000]  不如今天進入講道之先
[00:00:47.000 --> 00:00:49.000]  我們先有個祈禱
[00:00:49.000 --> 00:00:53.000]  我們用祈禱開始進入神的話語
[00:00:53.000 --> 00:00:55.000]  主啊,願祢去帶領我們
[00:00:55.000 --> 00:01:01.000]  讓我們能夠此刻打開我們的心
[00:01:01.000 --> 00:01:04.000]  讓祢的話語進入我們的生命
[00:01:04.000 --> 00:01:06.000]  我們可能會有被提醒
[00:01:06.000 --> 00:01:12.000]  我們都盼望祢的話語轉化我們的生命
[00:01:12.000 --> 00:01:13.000]  願祢帶領我們
[00:01:13.000 --> 00:01:19.000]  讓我們能夠專注,謙卑下來聽祢的話語
[00:01:19.000 --> 00:01:22.000]  祈禱交托,奉主明求,阿門
[00:01:22.000 --> 00:01:26.000]  今天想和大家分享的主題就是
[00:01:26.000 --> 00:01:30.000]  這些機會不是屬於我的
[00:01:30.000 --> 00:01:33.000]  今天應該是六月的最後一個星期
[00:01:33.000 --> 00:01:36.000]  這個月其實Claire上次也有說過
[00:01:36.000 --> 00:01:39.000]  我們都很想透過聖經去看看
[00:01:39.000 --> 00:01:42.000]  如何去服侍這件事
[00:01:42.000 --> 00:01:44.000]  我想適逢踏入暑假
[00:01:44.000 --> 00:01:46.000]  或者剛剛這一兩個月
[00:01:46.000 --> 00:01:50.000]  大家都應該有很多侍奉團隊的招募
[00:01:50.000 --> 00:01:53.000]  大家去參與這些服侍的時候
[00:01:53.000 --> 00:01:55.000]  填報名表的時候
[00:01:55.000 --> 00:02:00.000]  有沒有留意這些報名表都有一個共通點
[00:02:00.000 --> 00:02:03.000]  那個共通點不是叫大家寫名
[00:02:03.000 --> 00:02:05.000]  寫來自哪個組別
[00:02:05.000 --> 00:02:07.000]  那個共通點是什麼呢
[00:02:07.000 --> 00:02:10.000]  通常在報名表上都會出現一個
[00:02:10.000 --> 00:02:12.000]  應該看不到太小
[00:02:12.000 --> 00:02:14.000]  寫什麼呢
[00:02:14.000 --> 00:02:17.000]  就是問你有什麼技能
[00:02:17.000 --> 00:02:20.000]  我不知道大家平時寫報名表的時候
[00:02:20.000 --> 00:02:22.000]  這個位置是寫什麼的
[00:02:22.000 --> 00:02:26.000]  我很喜歡看人們回答這個問題
[00:02:26.000 --> 00:02:29.000]  因為大家的回答都非常有創意
[00:02:29.000 --> 00:02:31.000]  曾經我見過大家寫什麼呢
[00:02:31.000 --> 00:02:35.000]  有些人就寫說他喜歡賣笑
[00:02:35.000 --> 00:02:40.000]  他的賣笑括弧寫著是Claire那種
[00:02:40.000 --> 00:02:42.000]  可能他喜歡搞笑
[00:02:42.000 --> 00:02:46.000]  有些人就說他的技能就是按PowerPoint
[00:02:46.000 --> 00:02:52.000]  有些人就空白了就沒有寫任何東西
[00:02:52.000 --> 00:02:55.000]  我不知道你在寫這個位置的時候
[00:02:55.000 --> 00:02:58.000]  你的本身的想法是什麼
[00:02:58.000 --> 00:02:59.000]  可能有些人會覺得
[00:02:59.000 --> 00:03:01.000]  好像想的都很困難
[00:03:01.000 --> 00:03:03.000]  想的都想不到是怎麼寫
[00:03:03.000 --> 00:03:05.000]  有些人就說算了隨便寫了
[00:03:05.000 --> 00:03:07.000]  面試都會再問
[00:03:07.000 --> 00:03:10.000]  隨便吧隨便塞些字進去
[00:03:10.000 --> 00:03:13.000]  不過我想當我去想一想
[00:03:13.000 --> 00:03:16.000]  我們設計這份表格的時候為什麼要這樣寫呢
[00:03:16.000 --> 00:03:19.000]  我想這個問題的背後有幾個方面
[00:03:19.000 --> 00:03:22.000]  第一個方面可能就是問的是
[00:03:22.000 --> 00:03:24.000]  其實你自己有沒有想到
[00:03:24.000 --> 00:03:27.000]  有什麼可以在這個服事上去付出呢
[00:03:27.000 --> 00:03:29.000]  又或者是問的是
[00:03:29.000 --> 00:03:33.000]  其實你有多認識自己呢
[00:03:33.000 --> 00:03:36.000]  又或者是再問的就是
[00:03:36.000 --> 00:03:40.000]  你怎樣去參與這一次的服事呢
[00:03:40.000 --> 00:03:42.000]  或者這個服事的崗位呢
[00:03:42.000 --> 00:03:47.000]  我們經常說要在服事上去付出
[00:03:47.000 --> 00:03:51.000]  可能我們很多時候就會想到一些很宏大的經文
[00:03:51.000 --> 00:03:53.000]  我們要獻上自己當作活祭
[00:03:53.000 --> 00:03:55.000]  我們要去為神去做見證
[00:03:55.000 --> 00:03:58.000]  不過當我們同樣踏入服事的時候
[00:03:58.000 --> 00:04:00.000]  我們有時候都會想
[00:04:00.000 --> 00:04:03.000]  好像我們都沒有什麼可以擺上
[00:04:03.000 --> 00:04:04.000]  不如都不用參與
[00:04:04.000 --> 00:04:06.000]  或者留待下次吧
[00:04:06.000 --> 00:04:08.000]  有時候我們都會想的就是
[00:04:08.000 --> 00:04:10.000]  這些機會都不是屬於我的
[00:04:10.000 --> 00:04:12.000]  是屬於那些有能力的
[00:04:12.000 --> 00:04:14.000]  是屬於那些有恩賜的
[00:04:14.000 --> 00:04:17.000]  是屬於那些本身有侍奉崗位的人的
[00:04:17.000 --> 00:04:19.000]  不過我問
[00:04:19.000 --> 00:04:21.000]  說到服事
[00:04:21.000 --> 00:04:23.000]  其實我們作為基督徒
[00:04:23.000 --> 00:04:26.000]  我們應該怎樣看擺上這件事呢
[00:04:26.000 --> 00:04:30.000]  今天很想透過馬學福音的兩個女人
[00:04:30.000 --> 00:04:31.000]  很想去看看
[00:04:31.000 --> 00:04:34.000]  究竟在服事裡面我們說要去擺上
[00:04:34.000 --> 00:04:36.000]  其實有什麼可以去學習呢
[00:04:36.000 --> 00:04:40.000]  我們先去看今天介紹第一個的女人
[00:04:40.000 --> 00:04:45.000]  是來自馬學福音的十二章的四十一至四十四節
[00:04:45.000 --> 00:04:48.000]  我們先去讀這幾節的經文
[00:04:48.000 --> 00:04:49.000]  大家耳熟能詳
[00:04:49.000 --> 00:04:51.000]  我們提督一準備起
[00:04:51.000 --> 00:04:53.000]  耶穌對銀庫坐著
[00:04:53.000 --> 00:04:56.000]  看眾人怎樣投錢入庫
[00:04:56.000 --> 00:05:00.000]  有好些財主往裡投了若干的錢
[00:05:00.000 --> 00:05:03.000]  有一個窮寡婦來
[00:05:03.000 --> 00:05:05.000]  往裡投了兩個小錢
[00:05:05.000 --> 00:05:07.000]  就是一個大錢
[00:05:07.000 --> 00:05:09.000]  耶穌叫門徒來說
[00:05:09.000 --> 00:05:11.000]  我實在告訴你們
[00:05:11.000 --> 00:05:14.000]  這窮寡婦投入庫裡的
[00:05:14.000 --> 00:05:17.000]  比眾人所投的更多
[00:05:17.000 --> 00:05:19.000]  因為他們都是自己有餘
[00:05:19.000 --> 00:05:22.000]  拿出來投在裡頭
[00:05:22.000 --> 00:05:24.000]  但這寡婦是自己不足
[00:05:24.000 --> 00:05:28.000]  擺一切養生的都投上了
[00:05:28.000 --> 00:05:32.000]  我猜大家這段經文反過來都會背出來
[00:05:32.000 --> 00:05:35.000]  這是窮寡婦奉獻的故事
[00:05:35.000 --> 00:05:37.000]  地點發生在哪裏呢?
[00:05:37.000 --> 00:05:39.000]  就是耶穌坐在聖殿
[00:05:39.000 --> 00:05:41.000]  即是婦女院銀庫的對面
[00:05:41.000 --> 00:05:46.000]  經文說耶穌刻意找一個地方坐下
[00:05:46.000 --> 00:05:48.000]  祂說祂看著
[00:05:48.000 --> 00:05:49.000]  而看著這個字
[00:05:49.000 --> 00:05:52.000]  正是指耶穌特意觀察著
[00:05:52.000 --> 00:05:56.000]  當時的人奉獻的情況和態度
[00:05:56.000 --> 00:05:58.000]  當時發生了什麼事呢?
[00:05:58.000 --> 00:06:00.000]  有一群財主
[00:06:00.000 --> 00:06:05.000]  經文說他往奉獻箱投了若干的錢
[00:06:05.000 --> 00:06:09.000]  而一個寡婦往裡投了兩個小錢
[00:06:09.000 --> 00:06:11.000]  就是一個大錢
[00:06:11.000 --> 00:06:14.000]  嘩!你吵到我這邊都聽到你在說什麼
[00:06:14.000 --> 00:06:18.000]  我們會問的是
[00:06:18.000 --> 00:06:21.000]  為什麼當時的人這麼清楚知道
[00:06:21.000 --> 00:06:24.000]  究竟那些人投了什麼錢進去呢?
[00:06:24.000 --> 00:06:26.000]  我都會問
[00:06:26.000 --> 00:06:27.000]  譬如像我們現在這樣
[00:06:27.000 --> 00:06:29.000]  我們全奉獻袋的時候
[00:06:29.000 --> 00:06:32.000]  你不會特意看著旁邊那個
[00:06:32.000 --> 00:06:34.000]  究竟他在奉獻五百元
[00:06:34.000 --> 00:06:35.000]  二十元
[00:06:35.000 --> 00:06:37.000]  還是一元人民幣
[00:06:37.000 --> 00:06:38.000]  不會這樣看的
[00:06:38.000 --> 00:06:40.000]  你不會特意看著旁邊那個
[00:06:40.000 --> 00:06:42.000]  在奉獻什麼
[00:06:42.000 --> 00:06:46.000]  其實為什麼會清楚知道他們的差別呢?
[00:06:46.000 --> 00:06:48.000]  因為當時奉獻那個
[00:06:48.000 --> 00:06:50.000]  裝那個器皿的設計
[00:06:50.000 --> 00:06:51.000]  就好像這張圖一樣
[00:06:51.000 --> 00:06:53.000]  可能你看得不是太清楚
[00:06:53.000 --> 00:06:55.000]  不過你會看到那個寡婦旁邊
[00:06:55.000 --> 00:07:00.000]  就有一個類似喇叭形的器皿
[00:07:00.000 --> 00:07:05.000]  其實當時的人會將錢投進去
[00:07:05.000 --> 00:07:10.000]  所以當那些錢如果是很多的時候
[00:07:10.000 --> 00:07:12.000]  當投進去那個器皿裡
[00:07:12.000 --> 00:07:15.000]  就會發出很多很響的聲音
[00:07:15.000 --> 00:07:17.000]  就下了進去
[00:07:17.000 --> 00:07:21.000]  不過當那個寡婦只是投了兩個小錢的時候
[00:07:21.000 --> 00:07:22.000]  可能就是
[00:07:22.000 --> 00:07:25.000]  這樣就完了
[00:07:25.000 --> 00:07:28.000]  所以當時的人就這樣聽聲音
[00:07:28.000 --> 00:07:31.000]  都知道那些人奉獻了多少
[00:07:31.000 --> 00:07:35.000]  當時有很多的財主投了若干的錢
[00:07:35.000 --> 00:07:38.000]  如果原文直譯有一個更加大的對比
[00:07:38.000 --> 00:07:40.000]  就是有很多有錢的人
[00:07:40.000 --> 00:07:42.000]  投了很多錢進去
[00:07:42.000 --> 00:07:44.000]  其實正正是在說
[00:07:44.000 --> 00:07:46.000]  財主真的很多
[00:07:46.000 --> 00:07:47.000]  投了進去
[00:07:47.000 --> 00:07:49.000]  不過另一邊廂窮寡婦
[00:07:49.000 --> 00:07:51.000]  投了兩個小錢
[00:07:51.000 --> 00:07:53.000]  等於一個大錢
[00:07:53.000 --> 00:07:55.000]  究竟小錢有多少呢
[00:07:55.000 --> 00:07:57.000]  小錢其實一個小錢
[00:07:57.000 --> 00:08:00.000]  是當時巴勒斯坦地流通貨幣裡面
[00:08:00.000 --> 00:08:02.000]  最少的銀幣
[00:08:02.000 --> 00:08:05.000]  譬如現在最少的銀幣是多少
[00:08:05.000 --> 00:08:06.000]  就是一毫子
[00:08:06.000 --> 00:08:10.000]  舉個例子就是兩個一毫子就投進去了
[00:08:10.000 --> 00:08:13.000]  不過當時這兩個小錢
[00:08:13.000 --> 00:08:15.000]  其實可以怎樣用呢
[00:08:15.000 --> 00:08:19.000]  大概你在當時都可以吃到一餐飯
[00:08:19.000 --> 00:08:25.000]  這裡正正帶出兩者奉獻的對比
[00:08:25.000 --> 00:08:29.000]  不過當時耶穌的回應是什麼呢
[00:08:29.000 --> 00:08:34.000]  他說那個窮寡婦投了後入婦女的
[00:08:34.000 --> 00:08:36.000]  是比眾人所投的更多
[00:08:36.000 --> 00:08:40.000]  因為那群財主是自己有餘的投在裡面
[00:08:40.000 --> 00:08:43.000]  但是寡婦是自己不足
[00:08:43.000 --> 00:08:45.000]  將她一切養生的都投上
[00:08:45.000 --> 00:08:47.000]  這裡正正耶穌想帶出
[00:08:47.000 --> 00:08:49.000]  在人的角度
[00:08:49.000 --> 00:08:50.000]  在祭司的角度看
[00:08:50.000 --> 00:08:53.000]  財主那一筆大筆的奉獻
[00:08:53.000 --> 00:08:56.000]  對聖殿的運作好像很有幫助
[00:08:56.000 --> 00:08:58.000]  不過在耶穌的眼中
[00:08:58.000 --> 00:09:00.000]  奉獻的價值是什麼呢
[00:09:00.000 --> 00:09:05.000]  正正他說的不是專注在絕對的金額
[00:09:05.000 --> 00:09:07.000]  而是相對的比例
[00:09:07.000 --> 00:09:09.000]  他用了一個比喻對比
[00:09:09.000 --> 00:09:12.000]  他帶出的就是有餘和不足
[00:09:12.000 --> 00:09:14.000]  有餘是說什麼呢
[00:09:14.000 --> 00:09:17.000]  那群人只是在計算過之後
[00:09:17.000 --> 00:09:20.000]  將一部分的東西投上去獻上
[00:09:20.000 --> 00:09:22.000]  就當為奉獻
[00:09:22.000 --> 00:09:24.000]  不過這一種奉獻
[00:09:24.000 --> 00:09:27.000]  其實對他們的日常生活沒有太大的影響
[00:09:27.000 --> 00:09:31.000]  又或者可以說是一種不痛不癢的奉獻
[00:09:31.000 --> 00:09:33.000]  但是不足是說
[00:09:33.000 --> 00:09:39.000]  窮寡婦連基本溫飽都可能不夠用
[00:09:39.000 --> 00:09:42.000]  甚至經文說將她一切養生
[00:09:42.000 --> 00:09:45.000]  就是所有的生活費
[00:09:45.000 --> 00:09:49.000]  一切的產業都毫無保留地獻上
[00:09:49.000 --> 00:09:52.000]  一些賴以為生的東西都獻上
[00:09:52.000 --> 00:09:54.000]  對於窮寡婦來說
[00:09:54.000 --> 00:09:56.000]  她感受到的就是
[00:09:56.000 --> 00:09:58.000]  只有這麼多我就奉獻這麼多
[00:09:58.000 --> 00:10:02.000]  這種奉獻是超出她的能力範圍
[00:10:02.000 --> 00:10:05.000]  甚至在這個超出能力範圍的情況下
[00:10:05.000 --> 00:10:08.000]  她仍然選擇做出這個奉獻的決定
[00:10:08.000 --> 00:10:14.000]  弟兄姊妹 窮寡婦的兩個小詞我們經常聽
[00:10:14.000 --> 00:10:16.000]  其實是代表她的不足
[00:10:16.000 --> 00:10:18.000]  代表她的僅有
[00:10:18.000 --> 00:10:21.000]  代表她只有這麼多就擺上這麼多
[00:10:21.000 --> 00:10:23.000]  這是她的所有
[00:10:23.000 --> 00:10:27.000]  當人看財主奉獻的是什麼呢
[00:10:27.000 --> 00:10:31.000]  就是投入奉獻箱發出很響亮的聲音
[00:10:31.000 --> 00:10:33.000]  得到很多人的讚賞
[00:10:33.000 --> 00:10:35.000]  但是窮寡婦這個很微弱
[00:10:35.000 --> 00:10:38.000]  丟了兩個小詞的聲音
[00:10:38.000 --> 00:10:40.000]  這種奉獻
[00:10:40.000 --> 00:10:42.000]  窮寡婦仍然願意奉上的時候
[00:10:42.000 --> 00:10:44.000]  其實是出於不比較
[00:10:44.000 --> 00:10:46.000]  出於盡力做好的心態
[00:10:46.000 --> 00:10:51.000]  和出於對神的敬畏和忠心
[00:10:51.000 --> 00:10:54.000]  弟兄姊妹 今天說伏事
[00:10:54.000 --> 00:10:55.000]  我也會問
[00:10:55.000 --> 00:10:58.000]  當我們進入伏事的過程的時候
[00:10:58.000 --> 00:11:00.000]  我們有時候都好像窮寡婦一樣
[00:11:00.000 --> 00:11:03.000]  我們只有兩個小詞
[00:11:03.000 --> 00:11:06.000]  不過在伏事的過程裡面的時候
[00:11:06.000 --> 00:11:09.000]  有時候我們的眼光會是怎麼樣呢
[00:11:09.000 --> 00:11:13.000]  我們很多時候會將焦點放在別人身上
[00:11:13.000 --> 00:11:16.000]  我們會覺得別人有很好的恩賜
[00:11:16.000 --> 00:11:18.000]  別人的能力很厲害
[00:11:18.000 --> 00:11:19.000]  好像這個圖
[00:11:19.000 --> 00:11:21.000]  別人很多東西都能夠處理
[00:11:21.000 --> 00:11:22.000]  攪攪攝影機也行
[00:11:22.000 --> 00:11:24.000]  帶鏡擺也行
[00:11:24.000 --> 00:11:27.000]  再加上有時候恩賜很外顯
[00:11:27.000 --> 00:11:29.000]  那個人彈琴這麼厲害
[00:11:29.000 --> 00:11:30.000]  彈結他這麼厲害
[00:11:30.000 --> 00:11:32.000]  神一定大大用他
[00:11:32.000 --> 00:11:35.000]  不過當我們有這個眼光進入伏事的時候
[00:11:35.000 --> 00:11:37.000]  在這個比較之下
[00:11:37.000 --> 00:11:39.000]  帶給我們的是什麼呢
[00:11:39.000 --> 00:11:40.000]  弟兄姊妹
[00:11:40.000 --> 00:11:44.000]  原來我們只是將眼光放在別人身上
[00:11:44.000 --> 00:11:46.000]  我們永遠很多時候都不知道
[00:11:46.000 --> 00:11:49.000]  我們那兩個小詞是什麼
[00:11:49.000 --> 00:11:51.000]  我們只看到別人有很多很多的東西
[00:11:51.000 --> 00:11:54.000]  但是看到的就是我們很多很多沒有的東西
[00:11:54.000 --> 00:11:57.000]  我們只覺得我們不夠了
[00:11:57.000 --> 00:11:59.000]  我們的生命有很多不足
[00:11:59.000 --> 00:12:05.000]  而這種比較也讓我們在伏事裡面付出
[00:12:05.000 --> 00:12:07.000]  我們很多時候都有很多的卻步
[00:12:07.000 --> 00:12:08.000]  我們覺得的就是
[00:12:08.000 --> 00:12:10.000]  這些機會不是屬於我的
[00:12:10.000 --> 00:12:12.000]  算了算了
[00:12:12.000 --> 00:12:13.000]  弟兄姊妹
[00:12:13.000 --> 00:12:15.000]  問一下我們自己
[00:12:15.000 --> 00:12:18.000]  如果神是創造我們那個的時候
[00:12:18.000 --> 00:12:21.000]  神給我們那兩個小錢是什麼
[00:12:21.000 --> 00:12:26.000]  可能你真的只會按powerpoint
[00:12:26.000 --> 00:12:31.000]  可能你真的只會弄care那些level的爛gag
[00:12:31.000 --> 00:12:36.000]  又或者可能你真的只會三級的琴
[00:12:36.000 --> 00:12:40.000]  這些是不是都是我們兩個小錢呢
[00:12:40.000 --> 00:12:43.000]  最近搞台灣短孫
[00:12:43.000 --> 00:12:47.000]  很想分享一個導師
[00:12:47.000 --> 00:12:50.000]  其中一個去台灣短孫的導師的經歷
[00:12:50.000 --> 00:12:52.000]  那個導師發生什麼事呢
[00:12:52.000 --> 00:12:54.000]  因為我們每一次台灣短孫的training
[00:12:54.000 --> 00:12:58.000]  都會找不同的導師去大敬拜
[00:12:58.000 --> 00:13:02.000]  我們有一次就找了一個導師去幫忙負責
[00:13:02.000 --> 00:13:04.000]  那個導師就說
[00:13:04.000 --> 00:13:08.000]  我也是去年11月才開始學結他
[00:13:08.000 --> 00:13:10.000]  因為他今年有一個立志
[00:13:10.000 --> 00:13:14.000]  就說他很想去能夠自彈自唱一首詩歌
[00:13:14.000 --> 00:13:16.000]  叫《我心屬於你》
[00:13:16.000 --> 00:13:20.000]  他就膽粗粗去去年11月
[00:13:20.000 --> 00:13:24.000]  每個禮拜下班就找時間去學結他
[00:13:24.000 --> 00:13:28.000]  他就說不如你試一下一起去大敬拜
[00:13:28.000 --> 00:13:33.000]  那天的敬拜他就真的自彈自唱去大敬拜
[00:13:33.000 --> 00:13:37.000]  他就分享說其實壓力總是會有的
[00:13:37.000 --> 00:13:42.000]  不過在過程上都試下地盡力去擺上
[00:13:42.000 --> 00:13:49.000]  在過程中當然都可能會有很多不同的甩漏
[00:13:49.000 --> 00:13:52.000]  但是我想在過程上
[00:13:52.000 --> 00:13:55.000]  我們可能人體為的就是有很多不同的人
[00:13:55.000 --> 00:13:57.000]  更加適合去大敬拜
[00:13:57.000 --> 00:14:00.000]  但是在過程中我想這個導師
[00:14:00.000 --> 00:14:03.000]  他就是很盡力去獻上
[00:14:03.000 --> 00:14:07.000]  縱然可能有很多不同的仍然要改進的地方
[00:14:07.000 --> 00:14:10.000]  但是他就是見到有需要的時候
[00:14:10.000 --> 00:14:13.000]  他有多少就擺上多少
[00:14:13.000 --> 00:14:19.000]  弟兄姊妹,當然我們不是說我們看得那麼多就不需要練任何東西
[00:14:19.000 --> 00:14:21.000]  你看見那個導師其實都有核能
[00:14:21.000 --> 00:14:23.000]  又花時間去練
[00:14:23.000 --> 00:14:25.000]  不過重點的是
[00:14:25.000 --> 00:14:28.000]  我們看不看見我們那兩個小時是些什麼呢?
[00:14:28.000 --> 00:14:30.000]  當我們看見這兩個小時的時候
[00:14:30.000 --> 00:14:33.000]  當我們有服事的機會的時候
[00:14:33.000 --> 00:14:38.000]  我們願不願意有那麼多就擺上那麼多呢?
[00:14:38.000 --> 00:14:41.000]  當這個世界教我們的是什麼呢?
[00:14:41.000 --> 00:14:43.000]  我們要做得最好
[00:14:43.000 --> 00:14:45.000]  我們要有能力
[00:14:45.000 --> 00:14:47.000]  我們要擺出來
[00:14:47.000 --> 00:14:50.000]  擺出來的時候才會得到別人的讚賞
[00:14:50.000 --> 00:14:52.000]  不過耶穌告訴我們
[00:14:52.000 --> 00:14:55.000]  即使我們真的有很多不足夠
[00:14:55.000 --> 00:14:58.000]  但我們仍然願意擺上的時候
[00:14:58.000 --> 00:15:01.000]  這個才是神看重
[00:15:01.000 --> 00:15:04.000]  因為耶穌看重的不是我們準備好
[00:15:04.000 --> 00:15:06.000]  滿分了才去服事
[00:15:06.000 --> 00:15:08.000]  而是即使我們有不足
[00:15:08.000 --> 00:15:12.000]  但我們願意在比較之下盡力去擺上的時候
[00:15:12.000 --> 00:15:15.000]  我們才能看見原來
[00:15:15.000 --> 00:15:21.000]  這些才是神眼中極具價值的兩個小錢
[00:15:21.000 --> 00:15:24.000]  頂智慧,我不知道在過程中
[00:15:24.000 --> 00:15:26.000]  當你想起自己的時候
[00:15:26.000 --> 00:15:29.000]  你那兩個小錢是些什麼呢?
[00:15:29.000 --> 00:15:31.000]  會不會有很多時候都是很多比較
[00:15:31.000 --> 00:15:34.000]  以致我們不能夠在過程中
[00:15:34.000 --> 00:15:38.000]  去很多卻步,算了,服事都交給其他人
[00:15:38.000 --> 00:15:40.000]  不要是我
[00:15:40.000 --> 00:15:43.000]  頂智慧,其實機會永遠都在這裡
[00:15:43.000 --> 00:15:45.000]  但是我們願不願意去踏出呢?
[00:15:45.000 --> 00:15:49.000]  這個是我們都願意去嘗試去學習的事情
[00:15:49.000 --> 00:15:52.000]  這個是第一個女人帶給我們的提醒
[00:15:52.000 --> 00:15:54.000]  當我們去想到
[00:15:54.000 --> 00:15:57.000]  有時候可能我們覺得自己不夠好
[00:15:57.000 --> 00:15:59.000]  覺得這個機會不是屬於我
[00:15:59.000 --> 00:16:02.000]  不過,原來當我們跨出了這一步的時候
[00:16:02.000 --> 00:16:05.000]  原來有另一個情況都會令到我們
[00:16:05.000 --> 00:16:08.000]  經常都覺得這些機會不是屬於我的
[00:16:08.000 --> 00:16:09.000]  因為是什麼呢?
[00:16:09.000 --> 00:16:13.000]  原因就是因為我們有時候進入服事過程中的時候
[00:16:13.000 --> 00:16:15.000]  原來我們都有很多比較
[00:16:15.000 --> 00:16:18.000]  有很多計較,有很多計算
[00:16:18.000 --> 00:16:21.000]  覺得代價很大,很不值得
[00:16:21.000 --> 00:16:23.000]  我們一起去看看第二個女人
[00:16:23.000 --> 00:16:27.000]  就是來自十四章的第三到第九節
[00:16:27.000 --> 00:16:29.000]  亦都是大家很耳熟能詳的經文
[00:16:29.000 --> 00:16:32.000]  我們一起讀了這幾個經文,準備起
[00:16:32.000 --> 00:16:37.000]  耶穌在伯大尼大麻封的西門家裡坐直的時候
[00:16:37.000 --> 00:16:43.000]  有一個女人拿著一瓶玉智貴的珍拿香膏來
[00:16:43.000 --> 00:16:47.000]  打破玉瓶,把膏囂在耶穌的頭上
[00:16:47.000 --> 00:16:50.000]  有幾個人心裡恨不起,說:
[00:16:50.000 --> 00:16:53.000]  何用這樣枉費香膏呢?
[00:16:53.000 --> 00:16:58.000]  這香膏可以賣三十多兩銀子,周濟窮人
[00:16:58.000 --> 00:17:01.000]  他們就向那女人生氣
[00:17:01.000 --> 00:17:05.000]  耶穌說:由他吧,為甚麼難為他呢?
[00:17:05.000 --> 00:17:08.000]  他在我身上做的是一件美事
[00:17:08.000 --> 00:17:11.000]  因為常有窮人和你們同在
[00:17:11.000 --> 00:17:17.000]  要向他們行事隨善都可以,是你們不常有我
[00:17:17.000 --> 00:17:20.000]  他所做的,是盡他所能的
[00:17:20.000 --> 00:17:25.000]  他是為我安葬的,是把香膏與仙囂在我身上
[00:17:25.000 --> 00:17:28.000]  我實在告訴你們,普天之下
[00:17:28.000 --> 00:17:31.000]  無論在甚麼地方傳這福音
[00:17:31.000 --> 00:17:36.000]  也要述說這女人所做的,以為紀念
[00:17:36.000 --> 00:17:39.000]  這段經文大家都很熟悉
[00:17:39.000 --> 00:17:43.000]  都是發生在逾越節的時候
[00:17:43.000 --> 00:17:49.000]  耶穌正正在伯大尼西門的家有一個筵席
[00:17:49.000 --> 00:17:56.000]  突然間這段經文說有一個女人拿了一瓶真拿達香膏
[00:17:56.000 --> 00:18:03.000]  拿達其實當時是一個極度昂貴的香料
[00:18:03.000 --> 00:18:06.000]  當我們看經文的時候
[00:18:06.000 --> 00:18:17.000]  是一個極具珍貴的香料
[00:18:17.000 --> 00:18:20.000]  而面對這個女人的行為
[00:18:20.000 --> 00:18:24.000]  當我們讀這段經文的時候
[00:18:24.000 --> 00:18:29.000]  你會看到門徒與這個女人正正是一個對比
[00:18:29.000 --> 00:18:31.000]  這個女人做了甚麼行為呢?
[00:18:31.000 --> 00:18:33.000]  她做了打破玉瓶
[00:18:33.000 --> 00:18:36.000]  打破這個行動是甚麼意思?
[00:18:36.000 --> 00:18:40.000]  即是將它打爛了,是不能回頭的
[00:18:40.000 --> 00:18:43.000]  所以這個女人打破玉瓶這個行動
[00:18:43.000 --> 00:18:47.000]  代表著這個香膏打破了是不能再用的
[00:18:47.000 --> 00:18:52.000]  是全數地奉獻出來,是毫無保留的
[00:18:52.000 --> 00:18:55.000]  不過門徒,剛才大家讀經文的時候
[00:18:55.000 --> 00:18:58.000]  他的反應又是怎樣呢?
[00:18:58.000 --> 00:19:01.000]  原來經文說他們很生氣
[00:19:01.000 --> 00:19:05.000]  他們覺得為甚麼這麼浪費呢?
[00:19:05.000 --> 00:19:08.000]  我想門徒看到的是甚麼呢?
[00:19:08.000 --> 00:19:15.000]  他看到的是這些香膏背後代表著的就是那三十兩的銀錢
[00:19:15.000 --> 00:19:19.000]  是相等於當時普通的工人一年的工資
[00:19:19.000 --> 00:19:23.000]  他看到的是原來這一筆錢
[00:19:23.000 --> 00:19:31.000]  是有更加大的功用去濟濟窮人上,幫助窮人
[00:19:31.000 --> 00:19:34.000]  甚至可以實踐當時摩西的律法
[00:19:34.000 --> 00:19:39.000]  在門徒的角度,他們從一個功利主義的心態
[00:19:39.000 --> 00:19:42.000]  只是看見那個物品可以換取的價值
[00:19:42.000 --> 00:19:49.000]  他們覺得這個女人很浪費,沒有真正去用這一筆錢的功用
[00:19:49.000 --> 00:19:54.000]  其實可以做很多慈善的工作,所以就很生氣,想罵她
[00:19:54.000 --> 00:20:01.000]  門徒在計較下,在我們看經濟的成本下
[00:20:01.000 --> 00:20:07.000]  他們覺得要將這個香膏用在耶穌身上,太浪費了
[00:20:07.000 --> 00:20:12.000]  他們覺得這一筆錢更加應該用得其所去幫助有需要的人
[00:20:12.000 --> 00:20:15.000]  不過耶穌的回應是甚麼呢?
[00:20:15.000 --> 00:20:19.000]  當我們看經文的時候,耶穌的回應是說這是一件美事
[00:20:19.000 --> 00:20:24.000]  耶穌的回應是覺得這個女人盡她最大的所能
[00:20:24.000 --> 00:20:27.000]  將她所有的獻給耶穌
[00:20:27.000 --> 00:20:32.000]  耶穌先說這是為她安坐的事去預備
[00:20:32.000 --> 00:20:35.000]  但同一時間,耶穌也有一個對比
[00:20:35.000 --> 00:20:39.000]  他就用上有窮人和不常有惡來做一個對比
[00:20:39.000 --> 00:20:43.000]  他暗示自己將要受苦,要死亡
[00:20:43.000 --> 00:20:48.000]  所以門徒未來都不會有耶穌和他同在,實體地
[00:20:48.000 --> 00:20:53.000]  但是在這個過程中,耶穌根據這個狀況
[00:20:53.000 --> 00:20:58.000]  他帶出的是,耶穌並不是說幫助窮人不重要
[00:20:58.000 --> 00:21:03.000]  不過他更加強調的是時間和機遇的優先次序
[00:21:03.000 --> 00:21:08.000]  正正珍惜耶穌還在的時候,有這個機會來到的時候
[00:21:08.000 --> 00:21:10.000]  他就全力去奉上
[00:21:10.000 --> 00:21:15.000]  李子回,真拿達香膏其實是代表著甚麼呢?
[00:21:15.000 --> 00:21:20.000]  真拿達香膏是代表著一樣我們最珍貴最珍惜的事情
[00:21:20.000 --> 00:21:22.000]  或者是東西
[00:21:22.000 --> 00:21:25.000]  當我們經常進入暑假去想服侍
[00:21:25.000 --> 00:21:28.000]  或者我們要進入參與服侍的機會的時候
[00:21:28.000 --> 00:21:31.000]  我們經常都說我們要去擺上一些東西
[00:21:31.000 --> 00:21:36.000]  當我們在這個過程中,我會問的是
[00:21:36.000 --> 00:21:39.000]  甚麼是對於我們來說最重要呢?
[00:21:39.000 --> 00:21:42.000]  可能那樣就是我們的真拿達香膏
[00:21:42.000 --> 00:21:48.000]  可能是我們在這個暑假中,我們放棄了一些去玩的時間
[00:21:48.000 --> 00:21:50.000]  我們去參與服侍
[00:21:50.000 --> 00:21:55.000]  可能你參與服侍崗位的時候,你要放棄一些睡覺的時間
[00:21:55.000 --> 00:21:58.000]  你要早點起床回來當值
[00:21:58.000 --> 00:22:03.000]  當我們在這個過程中,我們可能有很多不同的東西擺上了
[00:22:03.000 --> 00:22:06.000]  我們可能有些東西犧牲了
[00:22:06.000 --> 00:22:09.000]  我們踏出安書區去參與服侍
[00:22:09.000 --> 00:22:12.000]  不過當我們去參與服侍的時候
[00:22:12.000 --> 00:22:15.000]  我們人原來有一種傾向
[00:22:15.000 --> 00:22:18.000]  我們很喜歡去計算代價
[00:22:18.000 --> 00:22:20.000]  當我們去參與服侍的時候
[00:22:20.000 --> 00:22:22.000]  可能有些人會問你
[00:22:22.000 --> 00:22:27.000]  你接下來要選科了,你要讀書了
[00:22:27.000 --> 00:22:29.000]  你暑假有機會去旅行去玩
[00:22:29.000 --> 00:22:32.000]  為甚麼暑假會令自己這麼忙
[00:22:32.000 --> 00:22:36.000]  還要星期天這麼辛苦,這麼早起床
[00:22:36.000 --> 00:22:38.000]  要回來當值
[00:22:38.000 --> 00:22:42.000]  不過通常我們在這個階段,當別人這樣問的時候
[00:22:42.000 --> 00:22:44.000]  我們都還可以回答的
[00:22:44.000 --> 00:22:49.000]  我們說我想為主服侍,我想在短書中有很多不同的體驗
[00:22:49.000 --> 00:22:52.000]  我想有很多不同的事情想做
[00:22:52.000 --> 00:22:56.000]  我們還可以有一個滿腔熱誠去走過
[00:22:56.000 --> 00:23:00.000]  不過當我們去到甚麼階段
[00:23:00.000 --> 00:23:04.000]  我們會出現這個計算的小魔怪
[00:23:04.000 --> 00:23:06.000]  原來我們在服侍的過程上
[00:23:06.000 --> 00:23:09.000]  我們一手可能去獻上
[00:23:09.000 --> 00:23:12.000]  但我們右手可能自己有很多計算
[00:23:12.000 --> 00:23:14.000]  原因是甚麼呢
[00:23:14.000 --> 00:23:16.000]  原來當我們在服侍的過程上
[00:23:16.000 --> 00:23:19.000]  當我們面對一些挑戰和困難
[00:23:19.000 --> 00:23:21.000]  舉個例子,你參與短書
[00:23:21.000 --> 00:23:23.000]  你去跟別人拍的時候
[00:23:23.000 --> 00:23:28.000]  你拍著一個跟你風格很不配合的人
[00:23:28.000 --> 00:23:30.000]  又或者在服侍的過程中
[00:23:30.000 --> 00:23:33.000]  原來你在當中面對很多困難
[00:23:33.000 --> 00:23:35.000]  很多事情都應付不來
[00:23:35.000 --> 00:23:37.000]  有很多跟別人的磨擦
[00:23:37.000 --> 00:23:40.000]  我們心裏的小魔怪就會跟我們說
[00:23:40.000 --> 00:23:43.000]  搞甚麼搞得我這麼忙
[00:23:43.000 --> 00:23:45.000]  花這麼多心力去服侍
[00:23:45.000 --> 00:23:46.000]  又要面對這樣的人
[00:23:46.000 --> 00:23:48.000]  真的很浪費時間
[00:23:48.000 --> 00:23:51.000]  當我們這些小魔怪出現的時候
[00:23:51.000 --> 00:23:53.000]  帶給我們很多計較的時候
[00:23:53.000 --> 00:23:56.000]  我們慢慢就會覺得開始退縮
[00:23:56.000 --> 00:23:58.000]  我們慢慢就會開始計算代價
[00:23:58.000 --> 00:24:00.000]  我們慢慢就會覺得
[00:24:00.000 --> 00:24:02.000]  算了,這麼辛苦
[00:24:02.000 --> 00:24:04.000]  這些機會都不是屬於我的
[00:24:04.000 --> 00:24:07.000]  留給一些可以應付得到那個人的人
[00:24:07.000 --> 00:24:10.000]  我們就慢慢開始不想打破玉瓶
[00:24:10.000 --> 00:24:12.000]  我們很想拿回那些香膏
[00:24:12.000 --> 00:24:17.000]  自己儲來做一些更加有意義的東西
[00:24:17.000 --> 00:24:21.000]  當然人會計較是人之常情
[00:24:21.000 --> 00:24:23.000]  有時候我們經常都會想
[00:24:23.000 --> 00:24:27.000]  誰想辛水辛旱付出
[00:24:27.000 --> 00:24:29.000]  但是還要去受氣
[00:24:29.000 --> 00:24:32.000]  不過當我們回看這個女人
[00:24:32.000 --> 00:24:34.000]  她帶給我們的學習是甚麼呢
[00:24:34.000 --> 00:24:36.000]  原來她打破玉瓶
[00:24:36.000 --> 00:24:38.000]  打破玉瓶代表著的就是
[00:24:38.000 --> 00:24:40.000]  她毫無保留
[00:24:40.000 --> 00:24:42.000]  No turning back的奉上
[00:24:42.000 --> 00:24:44.000]  她不打算拿回
[00:24:44.000 --> 00:24:48.000]  而當我們帶著這個心態進入服侍的時候
[00:24:48.000 --> 00:24:51.000]  我們才能夠不計較
[00:24:51.000 --> 00:24:55.000]  同時讓我們的心態能夠全情投入在服侍裡面
[00:24:55.000 --> 00:24:57.000]  即使可能在服侍裡面
[00:24:57.000 --> 00:24:59.000]  仍然會面對挑戰和困難
[00:24:59.000 --> 00:25:02.000]  但我們仍然會嘗試去踏出安書區
[00:25:02.000 --> 00:25:06.000]  可能我們這樣才能夠換了眼光
[00:25:06.000 --> 00:25:08.000]  換了眼鏡去看見的就是
[00:25:08.000 --> 00:25:10.000]  原來神在這個服侍裡面
[00:25:10.000 --> 00:25:12.000]  原來有很多想我們經歷
[00:25:12.000 --> 00:25:14.000]  想我們學習的東西
[00:25:14.000 --> 00:25:16.000]  當你看見的是
[00:25:16.000 --> 00:25:19.000]  原來我們要在這個過程裡面
[00:25:19.000 --> 00:25:20.000]  我們打破玉瓶
[00:25:20.000 --> 00:25:22.000]  我們要毫無保留
[00:25:22.000 --> 00:25:24.000]  我們才能夠專注在
[00:25:24.000 --> 00:25:26.000]  原來神有很多不同的東西
[00:25:26.000 --> 00:25:28.000]  想我們去看見
[00:25:29.000 --> 00:25:32.000]  想跟大家分享一個早幾年
[00:25:32.000 --> 00:25:34.000]  我在短孫裡面
[00:25:34.000 --> 00:25:37.000]  都看見一班弟兄姊妹打破玉瓶的經歷
[00:25:37.000 --> 00:25:39.000]  早幾年去台灣短孫
[00:25:39.000 --> 00:25:43.000]  我們會跟一間教會合作
[00:25:43.000 --> 00:25:45.000]  那間教會叫神童在教會
[00:25:45.000 --> 00:25:47.000]  他們很誇張
[00:25:47.000 --> 00:25:49.000]  因為他們暑假
[00:25:49.000 --> 00:25:51.000]  我們暑假教Camp教三天兩夜
[00:25:51.000 --> 00:25:55.000]  他們教Camp是教三十天
[00:25:55.000 --> 00:25:59.000]  他們是一個小的Town
[00:25:59.000 --> 00:26:03.000]  他們教會很雄心壯志
[00:26:03.000 --> 00:26:04.000]  很熱心
[00:26:04.000 --> 00:26:06.000]  很想幫一班小朋友
[00:26:06.000 --> 00:26:09.000]  就是那區的小朋友去聚集他們
[00:26:09.000 --> 00:26:11.000]  所以他們就
[00:26:11.000 --> 00:26:13.000]  少少是伴兒童托管的形式
[00:26:13.000 --> 00:26:16.000]  少少就是幫這班小朋友
[00:26:16.000 --> 00:26:18.000]  去搞一個三十天的營會
[00:26:18.000 --> 00:26:20.000]  有一班哥哥姐姐去帶著他們
[00:26:20.000 --> 00:26:22.000]  我們短孫隊
[00:26:22.000 --> 00:26:26.000]  只負責三天營會
[00:26:26.000 --> 00:26:28.000]  狀況是怎樣的呢
[00:26:28.000 --> 00:26:31.000]  那個狀況就是那班小朋友
[00:26:31.000 --> 00:26:33.000]  見到一些哥哥姐姐的時候
[00:26:33.000 --> 00:26:39.000]  我們應該大概有三十人的小朋友
[00:26:39.000 --> 00:26:45.000]  他們是非常非常非常活躍的
[00:26:45.000 --> 00:26:47.000]  一個Camp一開始的時候
[00:26:47.000 --> 00:26:48.000]  你正在想像的是
[00:26:48.000 --> 00:26:50.000]  其實他們是一個動物園
[00:26:50.000 --> 00:26:53.000]  很多飛禽走獸在跑
[00:26:53.000 --> 00:26:55.000]  而我們這班年青人
[00:26:55.000 --> 00:26:57.000]  其實是做些什麼的呢
[00:26:57.000 --> 00:26:59.000]  他們預想的活動
[00:26:59.000 --> 00:27:01.000]  很多都是做不到的
[00:27:01.000 --> 00:27:03.000]  要做一些跑跳碰的活動
[00:27:03.000 --> 00:27:04.000]  而他們的肢體
[00:27:04.000 --> 00:27:07.000]  是拿來給小朋友做攀爬架
[00:27:07.000 --> 00:27:09.000]  小朋友會爬著去
[00:27:09.000 --> 00:27:10.000]  一個年青人就會
[00:27:10.000 --> 00:27:11.000]  這裡有一個小朋友
[00:27:11.000 --> 00:27:13.000]  這裡有一個小朋友
[00:27:13.000 --> 00:27:15.000]  我第一次見
[00:27:15.000 --> 00:27:18.000]  當早上做一個短孫隊出去的時候
[00:27:18.000 --> 00:27:20.000]  可能能量是100%
[00:27:20.000 --> 00:27:22.000]  他回來的時候只有20%
[00:27:22.000 --> 00:27:25.000]  他比在香港讀書還要累
[00:27:25.000 --> 00:27:27.000]  每一天都是這樣
[00:27:27.000 --> 00:27:30.000]  而同一時間那個地方是怎樣的呢
[00:27:30.000 --> 00:27:32.000]  那個地方其實是
[00:27:32.000 --> 00:27:35.000]  你試想像是曬完的一個鏡房
[00:27:35.000 --> 00:27:37.000]  然後很熱
[00:27:37.000 --> 00:27:41.000]  只有風機吹著那個範圍
[00:27:41.000 --> 00:27:43.000]  令那個範圍涼一點
[00:27:43.000 --> 00:27:45.000]  所以他們在那個過程
[00:27:45.000 --> 00:27:48.000]  去玩遊戲是出汗的
[00:27:48.000 --> 00:27:50.000]  不過我想在那個過程裡面
[00:27:50.000 --> 00:27:53.000]  我看見一班短孫隊的成員
[00:27:53.000 --> 00:27:57.000]  他仍然都很願意去這樣去爬
[00:27:57.000 --> 00:27:59.000]  給小朋友去爬
[00:27:59.000 --> 00:28:00.000]  仍然在那個過程裡面
[00:28:00.000 --> 00:28:02.000]  想盡很多不同的方法
[00:28:02.000 --> 00:28:05.000]  有很多不同program的改動
[00:28:05.000 --> 00:28:08.000]  為的是讓小朋友能夠投入去參與
[00:28:08.000 --> 00:28:11.000]  當我記得這個圖畫的時候
[00:28:11.000 --> 00:28:14.000]  我發現其實對於他們來說
[00:28:14.000 --> 00:28:16.000]  他大可以覺得的就是
[00:28:16.000 --> 00:28:17.000]  這麼辛苦
[00:28:17.000 --> 00:28:20.000]  我去旅行住酒店就不用這麼煩
[00:28:20.000 --> 00:28:22.000]  就不用做這些事
[00:28:22.000 --> 00:28:24.000]  不過我想對於他們來說
[00:28:24.000 --> 00:28:26.000]  他在那個過程裡面
[00:28:26.000 --> 00:28:29.000]  他專注在服務上面
[00:28:29.000 --> 00:28:32.000]  他專注在和小朋友去玩上面
[00:28:32.000 --> 00:28:35.000]  我想當那幾天營會完了
[00:28:35.000 --> 00:28:37.000]  我們有一些debriefing的時間
[00:28:37.000 --> 00:28:38.000]  他們分享到的就是
[00:28:38.000 --> 00:28:40.000]  神透過很多不同的小朋友
[00:28:40.000 --> 00:28:42.000]  去看見他們的需要
[00:28:42.000 --> 00:28:44.000]  原來他們平時在家裡
[00:28:44.000 --> 00:28:46.000]  是沒有人去理他們的
[00:28:46.000 --> 00:28:47.000]  難得有些哥哥姐姐
[00:28:47.000 --> 00:28:48.000]  來和他們玩的時候
[00:28:48.000 --> 00:28:49.000]  他們就很開心
[00:28:49.000 --> 00:28:50.000]  原來在那個過程裡面
[00:28:50.000 --> 00:28:53.000]  神都藉著那些小朋友的生命
[00:28:53.000 --> 00:28:55.000]  都對他們有很多不同的說話
[00:28:55.000 --> 00:28:57.000]  弟子妹
[00:28:57.000 --> 00:28:59.000]  我想我們有時進入服侍
[00:28:59.000 --> 00:29:01.000]  難免有些小魔怪都提醒我們
[00:29:01.000 --> 00:29:04.000]  我們要計較機會成本
[00:29:04.000 --> 00:29:06.000]  我們要計較代價
[00:29:06.000 --> 00:29:08.000]  不過這個女人提醒我們的是
[00:29:08.000 --> 00:29:09.000]  當我們奉上
[00:29:09.000 --> 00:29:12.000]  我們記得我們有一個毫無保留
[00:29:12.000 --> 00:29:14.000]  no turning back的奉上的時候
[00:29:14.000 --> 00:29:16.000]  我們才能夠有一個眼光
[00:29:16.000 --> 00:29:19.000]  去全程投入在我們的服侍上面
[00:29:19.000 --> 00:29:20.000]  我們才能夠有一個眼光
[00:29:20.000 --> 00:29:22.000]  去看見原來神透過
[00:29:22.000 --> 00:29:24.000]  在服侍過程上面
[00:29:24.000 --> 00:29:25.000]  原來都有很多不同的東西
[00:29:25.000 --> 00:29:28.000]  讓我們去學習去看見
[00:29:28.000 --> 00:29:29.000]  弟子妹
[00:29:29.000 --> 00:29:31.000]  今天的經文
[00:29:31.000 --> 00:29:34.000]  和大家分享兩個女人
[00:29:34.000 --> 00:29:37.000]  這兩個女人帶給我們的提醒是什麼呢
[00:29:37.000 --> 00:29:40.000]  當我們看著自己的時候
[00:29:40.000 --> 00:29:43.000]  我們只覺得自己只有兩個小時
[00:29:43.000 --> 00:29:45.000]  我們在比較的底下
[00:29:45.000 --> 00:29:47.000]  我們經常覺得只有兩個小時
[00:29:47.000 --> 00:29:48.000]  不好
[00:29:48.000 --> 00:29:49.000]  不行
[00:29:49.000 --> 00:29:51.000]  當我們在過程中
[00:29:51.000 --> 00:29:54.000]  我們看到兩個小時是不行的時候
[00:29:54.000 --> 00:29:56.000]  永遠都令我們有很多卻步
[00:29:56.000 --> 00:29:57.000]  不去踏出
[00:29:57.000 --> 00:29:59.000]  但我們在過程中
[00:29:59.000 --> 00:30:02.000]  我們有多少都放上多少的時候
[00:30:02.000 --> 00:30:04.000]  這是第一個女人讓我們去提醒
[00:30:04.000 --> 00:30:05.000]  我們學習的東西
[00:30:05.000 --> 00:30:07.000]  第二樣東西
[00:30:07.000 --> 00:30:09.000]  我們心裏有一些是我們很珍貴的東西
[00:30:09.000 --> 00:30:11.000]  可能是時間
[00:30:11.000 --> 00:30:14.000]  可能是你和朋友去玩的機會
[00:30:14.000 --> 00:30:15.000]  我們很多時候
[00:30:15.000 --> 00:30:17.000]  我們去擺上
[00:30:17.000 --> 00:30:18.000]  我們去踏出
[00:30:18.000 --> 00:30:20.000]  為了去放下一些東西
[00:30:20.000 --> 00:30:21.000]  我們去服侍的時候
[00:30:21.000 --> 00:30:23.000]  當我們面對困難
[00:30:23.000 --> 00:30:25.000]  魔鬼都會挑戰我們
[00:30:25.000 --> 00:30:27.000]  跟我們說的是
[00:30:27.000 --> 00:30:28.000]  這麼辛苦做什麼
[00:30:28.000 --> 00:30:29.000]  算了
[00:30:29.000 --> 00:30:32.000]  機會成本太高
[00:30:32.000 --> 00:30:33.000]  都會跟我們說
[00:30:33.000 --> 00:30:35.000]  這些機會不適合你
[00:30:35.000 --> 00:30:36.000]  不要去做
[00:30:36.000 --> 00:30:37.000]  不過
[00:30:37.000 --> 00:30:38.000]  耶穌
[00:30:38.000 --> 00:30:40.000]  我想今天的經文都告訴我們
[00:30:40.000 --> 00:30:43.000]  耶穌很多對這兩個女人的回應
[00:30:43.000 --> 00:30:45.000]  同樣都告訴我們
[00:30:45.000 --> 00:30:46.000]  只要我們踏出
[00:30:46.000 --> 00:30:47.000]  安恕她
[00:30:47.000 --> 00:30:50.000]  我們沒有回頭去奉上的時候
[00:30:50.000 --> 00:30:51.000]  我們才發現
[00:30:51.000 --> 00:30:53.000]  原來神預備了很多不同的機會
[00:30:53.000 --> 00:30:55.000]  給我們去經歷她
[00:30:55.000 --> 00:30:57.000]  這兩個女人
[00:30:57.000 --> 00:31:00.000]  去到最後原來有一個彩蛋
[00:31:00.000 --> 00:31:01.000]  這兩個女人
[00:31:01.000 --> 00:31:04.000]  帶給我們可能有不同的提醒
[00:31:04.000 --> 00:31:07.000]  但原來他們有同一個共通點是什麼呢
[00:31:07.000 --> 00:31:09.000]  他們的獻上
[00:31:09.000 --> 00:31:11.000]  是基於他們和神的關係
[00:31:11.000 --> 00:31:15.000]  是基於他們愛神的心
[00:31:15.000 --> 00:31:18.000]  以致他才在付出的過程中
[00:31:18.000 --> 00:31:19.000]  他記得
[00:31:19.000 --> 00:31:22.000]  他所擺上的是為土神的喜悅
[00:31:22.000 --> 00:31:24.000]  不是土人的喜悅
[00:31:24.000 --> 00:31:26.000]  這個是這兩個女人
[00:31:26.000 --> 00:31:28.000]  帶給我們同一個共通點
[00:31:28.000 --> 00:31:29.000]  的確
[00:31:29.000 --> 00:31:31.000]  我想在服侍上
[00:31:31.000 --> 00:31:33.000]  我們會有東西要付出
[00:31:33.000 --> 00:31:34.000]  我們會有代價
[00:31:34.000 --> 00:31:36.000]  我們會有累的時候
[00:31:36.000 --> 00:31:38.000]  我們甚至可能在服侍上
[00:31:38.000 --> 00:31:40.000]  會和別人有衝突
[00:31:40.000 --> 00:31:42.000]  但是當我們好像那個女人
[00:31:42.000 --> 00:31:43.000]  No turning back
[00:31:43.000 --> 00:31:46.000]  打破香膏去奉上的時候
[00:31:46.000 --> 00:31:49.000]  是出於單單有愛神去回應的時候
[00:31:49.000 --> 00:31:50.000]  我們才發現
[00:31:50.000 --> 00:31:53.000]  原來在服侍的過程中
[00:31:53.000 --> 00:31:54.000]  我們生命的成長
[00:31:54.000 --> 00:31:56.000]  我們那些屬靈的經歷
[00:31:56.000 --> 00:31:59.000]  其實才是一些無價的禮物
[00:31:59.000 --> 00:32:00.000]  是神給我們的
[00:32:00.000 --> 00:32:03.000]  當我們在這個過程中
[00:32:03.000 --> 00:32:05.000]  我們記得的是
[00:32:05.000 --> 00:32:07.000]  魔鬼會提醒我們
[00:32:07.000 --> 00:32:08.000]  這些機會不是屬於我的
[00:32:08.000 --> 00:32:09.000]  算了我們卻步
[00:32:09.000 --> 00:32:11.000]  我們不要擺上那麼多
[00:32:11.000 --> 00:32:13.000]  不過耶穌跟我們說的是
[00:32:13.000 --> 00:32:15.000]  當我們願意踏出安書區
[00:32:15.000 --> 00:32:18.000]  當我們兩個小時前都去奉上
[00:32:18.000 --> 00:32:19.000]  當我們奉上的時候
[00:32:19.000 --> 00:32:20.000]  是No turning back
[00:32:20.000 --> 00:32:21.000]  這樣奉上的時候
[00:32:21.000 --> 00:32:24.000]  其實原來神預備了很多機會
[00:32:24.000 --> 00:32:26.000]  給我們去看見
[00:32:26.000 --> 00:32:27.000]  祂是多麼好
[00:32:27.000 --> 00:32:29.000]  服侍是多麼美好
[00:32:29.000 --> 00:32:31.000]  其實我們都能夠在暑假中
[00:32:31.000 --> 00:32:32.000]  我們都繼續去學習
[00:32:32.000 --> 00:32:33.000]  我不知道你暑假
[00:32:33.000 --> 00:32:35.000]  你參與什麼服侍
[00:32:35.000 --> 00:32:38.000]  又或者你將會參與什麼服侍的團隊
[00:32:38.000 --> 00:32:41.000]  我想都是成為我們當中的一些學習
[00:32:41.000 --> 00:32:44.000]  我們現在都想一起去唱回應詩
[00:32:44.000 --> 00:32:46.000]  我們一起起立
[00:32:46.000 --> 00:32:50.000]  我想用一首回應詩去回應
[00:32:51.000 --> 00:32:54.000]  我們突然之間不知道
[00:32:54.000 --> 00:32:56.000]  你怎樣去看服侍這件事
[00:32:56.000 --> 00:32:58.000]  有些人可能正在服侍
[00:32:58.000 --> 00:32:59.000]  將會服侍
[00:32:59.000 --> 00:33:03.000]  又或者你未參與過任何的服侍
[00:33:03.000 --> 00:33:08.000]  我們用這首詩歌去學習去回應
