
[00:00:00.000 --> 00:00:02.640]  不知道大家記不記得上個禮拜日
[00:00:02.640 --> 00:00:06.520]  家喬牧師在我們當中分享約書亞記的最後一章
[00:00:06.520 --> 00:00:09.080]  我都在當中聆聽
[00:00:09.080 --> 00:00:11.280]  當家喬牧師呼召每一個恩福人
[00:00:11.280 --> 00:00:12.560]  我們不同的年代
[00:00:12.560 --> 00:00:14.560]  我們都毀身在基督的裏面
[00:00:14.560 --> 00:00:17.360]  我心裏面坐在這裏和大家都感受到
[00:00:17.360 --> 00:00:19.840]  究竟我怎樣去毀身給神呢?
[00:00:19.840 --> 00:00:21.920]  我相信現在回到恩福多
[00:00:21.920 --> 00:00:25.560]  可能都會有一份很想去為神服侍的心
[00:00:25.560 --> 00:00:28.720]  我想無論你是一個傳道人也好
[00:00:28.720 --> 00:00:29.480]  或者牧師也好
[00:00:29.480 --> 00:00:31.200]  又或者可能你是一個弟兄姊妹
[00:00:31.200 --> 00:00:33.600]  其實我們都要毀身在基督的裏面
[00:00:33.600 --> 00:00:35.200]  今天可能我們都有不同的光景
[00:00:35.200 --> 00:00:37.320]  可能你說你自己不再年輕了
[00:00:37.320 --> 00:00:39.240]  或者可能你已經預備退休了
[00:00:39.240 --> 00:00:41.200]  或者可能你已經退休了
[00:00:41.200 --> 00:00:42.880]  或者你尚有高堂
[00:00:42.880 --> 00:00:44.800]  有四大長老要照顧
[00:00:44.800 --> 00:00:46.120]  或者家中的小孩
[00:00:46.120 --> 00:00:47.600]  好像先後主席說
[00:00:47.600 --> 00:00:50.800]  有幾個已經準備要開學了
[00:00:50.800 --> 00:00:52.720]  生命裏面有很多的疲倦
[00:00:52.720 --> 00:00:54.960]  或者可能我們面對世界很多的艱難
[00:00:54.960 --> 00:00:57.280]  我們怎樣毀身在基督的裏面呢?
[00:00:57.280 --> 00:00:59.880]  上個星期惡性牧師一開始大敬拜的時候
[00:00:59.880 --> 00:01:00.640]  都問了一個問題
[00:01:00.640 --> 00:01:01.360]  我不知道你記不記得
[00:01:01.360 --> 00:01:03.880]  他說你今天敬拜神
[00:01:03.880 --> 00:01:05.560]  帶了些什麼回來?
[00:01:05.560 --> 00:01:07.480]  你記得嗎?
[00:01:07.480 --> 00:01:08.520]  今天你帶了些什麼回來?
[00:01:08.520 --> 00:01:10.320]  我同樣很想問大家一個問題
[00:01:10.320 --> 00:01:11.760]  在這個早上
[00:01:11.760 --> 00:01:16.360]  你今天活著是為了什麼?
[00:01:16.360 --> 00:01:18.600]  當我們看到這個世界很多轉變的時候
[00:01:18.600 --> 00:01:19.760]  我不知道你起身的時候
[00:01:19.760 --> 00:01:22.440]  或者你每一天去反思你的生命的時候
[00:01:22.440 --> 00:01:24.280]  我活著是什麼呢?
[00:01:24.280 --> 00:01:27.560]  你一起身你所盼望的是什麼呢?
[00:01:27.560 --> 00:01:31.400]  今天我所設的講題就是叫生之盼
[00:01:31.400 --> 00:01:32.560]  生命的盼望
[00:01:32.560 --> 00:01:33.880]  無論你是什麼年紀
[00:01:33.880 --> 00:01:35.520]  什麼的光景
[00:01:35.520 --> 00:01:37.280]  如果你不清楚你活著的盼望
[00:01:37.280 --> 00:01:39.880]  我相信你很難毀身在基督的裏面
[00:01:39.880 --> 00:01:41.920]  所以中國人是很聰明的
[00:01:41.920 --> 00:01:44.000]  在人生的不同的階段
[00:01:44.000 --> 00:01:45.120]  我們有不同學習
[00:01:45.120 --> 00:01:46.360]  人生才可以成長
[00:01:46.360 --> 00:01:48.280]  我不知道你現在在哪個階段
[00:01:48.280 --> 00:01:49.960]  孔子在晚年的時候曾經說過
[00:01:49.960 --> 00:01:53.080]  五十有五而至於學
[00:01:53.080 --> 00:01:54.440]  三十什麼?
[00:01:54.440 --> 00:01:55.480]  二勒
[00:01:55.480 --> 00:01:56.840]  四十怎麼樣?
[00:01:56.840 --> 00:01:57.760]  筆劃
[00:01:57.760 --> 00:01:59.240]  五十又怎麼樣?
[00:01:59.240 --> 00:02:00.240]  知天明
[00:02:00.240 --> 00:02:01.800]  六十了很多現在
[00:02:01.800 --> 00:02:02.440]  以信
[00:02:02.440 --> 00:02:03.800]  這個很難
[00:02:03.800 --> 00:02:04.840]  七十是什麼?
[00:02:04.840 --> 00:02:06.800]  從心所欲
[00:02:06.800 --> 00:02:07.720]  人生不同的階段
[00:02:07.720 --> 00:02:10.720]  我不知道你在恩福家
[00:02:10.720 --> 00:02:14.640]  特別我們上星期佳琪牧師跟我們說過
[00:02:14.640 --> 00:02:16.520]  明年我們有四十週年了
[00:02:16.520 --> 00:02:18.200]  四十年了
[00:02:18.200 --> 00:02:19.840]  我記得四年前的時候
[00:02:19.840 --> 00:02:22.760]  當我們都慶祝三十五週年的時候
[00:02:22.760 --> 00:02:25.040]  我曾經分享過詩篇九十篇
[00:02:25.040 --> 00:02:26.200]  摩西的禱告
[00:02:26.200 --> 00:02:27.680]  可能大家都會很記得
[00:02:27.680 --> 00:02:30.760]  摩西的禱告其中有一節的經文說到
[00:02:30.760 --> 00:02:34.000]  我們一生的年日是七十歲
[00:02:34.000 --> 00:02:35.960]  若是強壯可到八十歲
[00:02:35.960 --> 00:02:39.280]  但其中所驚誇的不過是
[00:02:39.280 --> 00:02:41.320]  奴婦受煩
[00:02:41.320 --> 00:02:43.320]  轉眼即逝
[00:02:43.320 --> 00:02:45.760]  我們被如飛而去
[00:02:45.760 --> 00:02:46.680]  你到了很多階段了
[00:02:46.680 --> 00:02:49.480]  很有感慨是吧
[00:02:49.480 --> 00:02:50.400]  今天你看一下
[00:02:50.400 --> 00:02:51.640]  你是什麼階段
[00:02:51.640 --> 00:02:55.640]  可能你說人生七、八十歲是晚期
[00:02:55.640 --> 00:02:57.120]  但如果是摩西寫的時候
[00:02:57.120 --> 00:02:59.480]  她是長命百二歲
[00:02:59.480 --> 00:03:01.880]  所以八十歲對於一個人來說
[00:03:01.880 --> 00:03:06.120]  其實可能是剛剛侍奉的階段
[00:03:06.120 --> 00:03:10.040]  我祖母是一百零一歲才回天家
[00:03:10.040 --> 00:03:12.520]  所以如果你七、八十歲的時候
[00:03:12.520 --> 00:03:15.040]  其實你還沒有開工
[00:03:15.040 --> 00:03:17.720]  我上年有一位弟兄
[00:03:17.720 --> 00:03:19.840]  在我們的彈藝小組裡面缺志
[00:03:19.840 --> 00:03:23.240]  他缺志的時候是七十九歲
[00:03:23.240 --> 00:03:25.200]  我問他
[00:03:25.200 --> 00:03:28.400]  你接下來有什麼盼望
[00:03:28.400 --> 00:03:30.880]  他說我很想做一個認真的基督徒
[00:03:30.880 --> 00:03:31.920]  我說好啊
[00:03:31.920 --> 00:03:32.760]  七十九歲
[00:03:32.760 --> 00:03:34.560]  你還有一年的時間
[00:03:34.560 --> 00:03:36.560]  因為摩西八十歲要開工
[00:03:36.560 --> 00:03:38.680]  當中我相信有些年過八十的
[00:03:38.680 --> 00:03:40.400]  其實你剛剛開工而已
[00:03:40.400 --> 00:03:41.560]  未過八十的
[00:03:41.560 --> 00:03:43.240]  你還沒有開工
[00:03:43.240 --> 00:03:44.760]  所以今天無論你什麼年紀
[00:03:44.760 --> 00:03:45.840]  三、四十歲也好
[00:03:45.840 --> 00:03:46.880]  年過八十也好
[00:03:46.880 --> 00:03:47.640]  我們今天的早上
[00:03:47.640 --> 00:03:49.720]  我想跟大家再看看
[00:03:49.720 --> 00:03:51.000]  摩西的禱告
[00:03:51.000 --> 00:03:52.600]  一起看看詩篇九十篇
[00:03:52.600 --> 00:03:55.720]  究竟我們生命是為了什麼而活
[00:03:55.720 --> 00:03:57.440]  怎樣我們毀身基督裡面
[00:03:57.440 --> 00:03:58.880]  怎樣我們能夠為主作供
[00:03:58.880 --> 00:04:02.160]  我們一起祈禱好嗎
[00:04:02.160 --> 00:04:02.760]  親愛的主耶穌
[00:04:02.760 --> 00:04:05.840]  基督我們心裡面是感到難過的
[00:04:05.840 --> 00:04:08.920]  見到很多我們的同胞
[00:04:08.920 --> 00:04:10.800]  亦都見到世界各地有很多的人
[00:04:10.800 --> 00:04:14.640]  在天災、在患難裡面
[00:04:14.640 --> 00:04:16.520]  縱然今天我們在香港是安殊
[00:04:16.520 --> 00:04:17.360]  但是我們見到的時候
[00:04:17.360 --> 00:04:20.360]  我們心裡面都是感到憂愁
[00:04:20.360 --> 00:04:20.840]  所以主啊
[00:04:20.840 --> 00:04:22.200]  我們求祢將祢的平安
[00:04:22.200 --> 00:04:24.720]  臨到在患難裡面的人
[00:04:24.720 --> 00:04:26.920]  讓他們不單得著祢的平安
[00:04:26.920 --> 00:04:28.560]  更加得著祢的救恩
[00:04:28.560 --> 00:04:30.600]  亦都求聖靈臨在我們當中
[00:04:30.600 --> 00:04:32.680]  讓我們不同的階段
[00:04:32.680 --> 00:04:33.680]  人生不同的階段
[00:04:33.680 --> 00:04:36.440]  我們不只是為著生活
[00:04:36.440 --> 00:04:39.200]  為著我們每一天的享受
[00:04:39.200 --> 00:04:41.120]  而是為著祢給我們的使命
[00:04:41.120 --> 00:04:42.920]  求祢藉著昔日摩西的禱告
[00:04:42.920 --> 00:04:45.280]  引領我們怎樣為主而活
[00:04:45.280 --> 00:04:46.200]  聽我們的祈禱
[00:04:46.200 --> 00:04:48.040]  奉主耶穌基督的聖名祈禱
[00:04:48.040 --> 00:04:48.640]  阿們
[00:04:48.640 --> 00:04:52.720]  好 今天的講道是生之盼
[00:04:52.720 --> 00:04:54.520]  第一點是神的時間
[00:04:54.520 --> 00:04:55.520]  生命的短暫
[00:04:55.520 --> 00:04:57.400]  詩篇九十篇一至六節
[00:04:57.400 --> 00:04:57.920]  我們一起讀
[00:04:57.920 --> 00:04:59.360]  準備 一二三
[00:04:59.360 --> 00:05:00.080]  主啊
[00:05:00.080 --> 00:05:03.640]  祢世世代代作我們的居所
[00:05:03.640 --> 00:05:05.960]  珠山未曾生出
[00:05:05.960 --> 00:05:09.320]  地與世界祢未曾造成
[00:05:09.320 --> 00:05:11.600]  從耿古到永遠
[00:05:11.600 --> 00:05:13.040]  祢是神
[00:05:13.040 --> 00:05:15.880]  祢使人歸於塵土說
[00:05:15.880 --> 00:05:17.000]  世人啊
[00:05:17.000 --> 00:05:19.280]  你們要歸回
[00:05:19.280 --> 00:05:20.640]  在祢看來
[00:05:20.640 --> 00:05:23.560]  千年如已過的昨日
[00:05:23.560 --> 00:05:26.200]  猶如夜更的一更
[00:05:26.200 --> 00:05:29.160]  祢叫他們如水沖去
[00:05:29.160 --> 00:05:31.280]  他們如睡一覺
[00:05:31.280 --> 00:05:32.240]  早晨
[00:05:32.240 --> 00:05:34.920]  他們如生長的草
[00:05:34.920 --> 00:05:37.320]  早晨發芽生長
[00:05:37.320 --> 00:05:40.120]  晚上割下枯乾
[00:05:40.120 --> 00:05:43.120]  詩篇九十篇是詩篇第四卷的第一篇標題
[00:05:43.120 --> 00:05:45.120]  是神人摩西的祈禱
[00:05:45.120 --> 00:05:48.640]  大家都知道詩篇大部分都是大衛和其後年代的人寫
[00:05:48.640 --> 00:05:50.040]  所以有聖經學者估計
[00:05:50.040 --> 00:05:52.440]  這一篇摩西信心的詩篇
[00:05:52.440 --> 00:05:53.640]  可能是聖經裡面
[00:05:53.640 --> 00:05:54.800]  特別是在詩篇裡面
[00:05:54.800 --> 00:05:56.600]  歷史很悠久的一篇
[00:05:56.600 --> 00:05:59.120]  我相信我們對摩西的一生不會陌生
[00:05:59.120 --> 00:06:00.400]  所以我們今天試一下
[00:06:00.400 --> 00:06:02.440]  如果你從摩西的角度
[00:06:02.440 --> 00:06:03.880]  去看這篇詩篇
[00:06:03.880 --> 00:06:07.400]  然後將摩西的角度帶回到你的人生
[00:06:07.400 --> 00:06:10.320]  摩西是以贊美和榮耀神作為他的焦點
[00:06:10.320 --> 00:06:13.120]  所以先由我們讀九十篇頭兩節的經文
[00:06:13.120 --> 00:06:14.400]  一開始的時候
[00:06:14.400 --> 00:06:17.320]  其實他就以贊美作為開始
[00:06:17.320 --> 00:06:18.880]  第一節那裡說到
[00:06:18.880 --> 00:06:25.120]  主呀,祢世世代代作我們的居所
[00:06:25.120 --> 00:06:26.080]  這裡說到
[00:06:26.080 --> 00:06:27.960]  如果可以出到powerpoint的話
[00:06:27.960 --> 00:06:30.960]  主呀是Adonai的意思
[00:06:30.960 --> 00:06:32.560]  摩西稱呼神
[00:06:32.560 --> 00:06:34.960]  其中在最後十七節那裡都說
[00:06:34.960 --> 00:06:36.680]  願主我們的神
[00:06:36.680 --> 00:06:39.000]  願民其實同樣都有Adonai這個字
[00:06:39.000 --> 00:06:41.240]  其實都是向神一個個稱呼
[00:06:41.240 --> 00:06:44.920]  而更重要可以說是摩西的一個認順
[00:06:44.920 --> 00:06:47.680]  我們先前唱的詩歌都是我們對神的一份認順
[00:06:47.680 --> 00:06:49.880]  我們知道神是賜平安的神
[00:06:49.880 --> 00:06:52.080]  這份是摩西的認順
[00:06:52.080 --> 00:06:54.640]  他知道耶和華是獨一神
[00:06:54.640 --> 00:06:55.760]  是我們的主
[00:06:55.760 --> 00:06:58.240]  世上一切的主權都是屬於他
[00:06:58.240 --> 00:07:00.320]  所以當我們今天思想人生的意義的時候
[00:07:00.320 --> 00:07:02.120]  第一樣東西是生命的主權
[00:07:02.120 --> 00:07:04.280]  生命的焦點和方向
[00:07:04.280 --> 00:07:05.480]  我們要認清
[00:07:05.480 --> 00:07:07.120]  所以摩西說
[00:07:07.120 --> 00:07:11.160]  神是世世代代作我們的居所
[00:07:11.160 --> 00:07:13.080]  我相信我們香港人最明白的
[00:07:13.080 --> 00:07:16.200]  因為我們香港人一生是為什麼打拼的呢
[00:07:16.200 --> 00:07:18.040]  就是為居所為層樓
[00:07:18.040 --> 00:07:19.320]  層樓是很重要的
[00:07:19.320 --> 00:07:20.960]  最重要是層樓
[00:07:20.960 --> 00:07:23.040]  甚至有多少層樓
[00:07:23.040 --> 00:07:25.000]  我不知道你有沒有多過一層樓
[00:07:25.000 --> 00:07:26.000]  多一層樓都很煩的
[00:07:26.000 --> 00:07:28.480]  有時候要擔心這一座又要擔心那一座
[00:07:28.480 --> 00:07:31.480]  樓是給人保障和安全感的
[00:07:31.480 --> 00:07:34.480]  但摩西就說神是他的居所
[00:07:34.480 --> 00:07:36.400]  耶和華是我們的避難所
[00:07:36.400 --> 00:07:39.800]  大家知道樓或居所不是永恆的
[00:07:39.800 --> 00:07:41.560]  樓價會有起有跌
[00:07:41.560 --> 00:07:43.640]  更加我們這星期的新聞看到
[00:07:43.640 --> 00:07:45.080]  一個泥石樓
[00:07:45.080 --> 00:07:48.600]  甚至看到世界不同的地方地震天災
[00:07:48.600 --> 00:07:49.960]  很多樣東西
[00:07:49.960 --> 00:07:52.760]  一間房屋可以馬上摧毀
[00:07:52.760 --> 00:07:54.840]  簡單到好像漏水一樣
[00:07:54.840 --> 00:07:56.840]  最近我家也經歷漏水
[00:07:56.840 --> 00:07:58.640]  原來也挺煩的一件事
[00:07:58.640 --> 00:07:59.880]  待會我會說一下
[00:07:59.880 --> 00:08:02.320]  究竟當中有什麼煩惱和我的反思
[00:08:02.320 --> 00:08:03.280]  但我更加明白
[00:08:03.280 --> 00:08:05.720]  其實居所真的不是永遠的
[00:08:05.720 --> 00:08:06.920]  在曠野的四十年
[00:08:06.920 --> 00:08:08.600]  我相信摩西很清楚
[00:08:08.600 --> 00:08:09.880]  他居無定處
[00:08:09.880 --> 00:08:13.160]  每天經歷沙漠那種高溫和寒冷
[00:08:13.160 --> 00:08:15.160]  但這是摩西的認訊和宣告
[00:08:15.160 --> 00:08:16.920]  神是他的居所
[00:08:16.920 --> 00:08:17.960]  是他的避難所
[00:08:17.960 --> 00:08:19.040]  不是每一天
[00:08:19.040 --> 00:08:20.880]  是世世代代
[00:08:20.880 --> 00:08:22.280]  所以第二節說到
[00:08:22.280 --> 00:08:24.280]  朱山未曾生出
[00:08:24.280 --> 00:08:27.040]  地與世界你未曾造成
[00:08:27.040 --> 00:08:27.840]  然後我一提族
[00:08:27.840 --> 00:08:28.640]  從什麼
[00:08:28.640 --> 00:08:31.240]  從耿古到永遠
[00:08:31.240 --> 00:08:32.960]  你是神
[00:08:32.960 --> 00:08:34.960]  從耿古到永遠
[00:08:34.960 --> 00:08:36.960]  摩西的信心其實匪夷所思
[00:08:36.960 --> 00:08:39.680]  因為我們知道我們現在
[00:08:39.680 --> 00:08:42.760]  最信得過的就是我們看到的東西
[00:08:42.760 --> 00:08:44.080]  我們的物業
[00:08:44.080 --> 00:08:45.200]  我們的財富
[00:08:45.200 --> 00:08:45.840]  我們的金錢
[00:08:45.840 --> 00:08:47.600]  或者這些你都不看重
[00:08:47.600 --> 00:08:49.520]  人生去到你的階段最重要是什麼
[00:08:49.520 --> 00:08:50.920]  身體健康
[00:08:50.920 --> 00:08:52.840]  健康是最重要的
[00:08:52.840 --> 00:08:55.680]  所以我們對神的信心有時候真的很微小
[00:08:55.680 --> 00:08:57.160]  因為我們看不見神
[00:08:57.160 --> 00:08:59.000]  但摩西他在第二節他說
[00:08:59.000 --> 00:09:00.680]  朱山未曾生出
[00:09:00.680 --> 00:09:03.880]  地與世界未曾造成
[00:09:03.880 --> 00:09:05.040]  在創世之星的景象
[00:09:05.040 --> 00:09:07.000]  我們又有誰能夠想像呢
[00:09:07.000 --> 00:09:10.360]  第三節說到我們人生的現況
[00:09:10.360 --> 00:09:13.400]  他說你使人歸於什麼
[00:09:13.400 --> 00:09:14.640]  塵土
[00:09:14.640 --> 00:09:15.680]  這個就很現實
[00:09:15.680 --> 00:09:17.120]  我相信你和我都在等待有一天
[00:09:17.120 --> 00:09:19.440]  我們都是燒了剩下一罌
[00:09:19.440 --> 00:09:20.680]  甚至可能沒有
[00:09:20.680 --> 00:09:22.360]  散到肚子裡
[00:09:22.360 --> 00:09:24.800]  其實人生就是這麼簡單
[00:09:24.800 --> 00:09:28.080]  《詩篇·九十篇》其實有很多的對比
[00:09:28.080 --> 00:09:30.320]  摩西說到耿古的創造
[00:09:30.320 --> 00:09:31.840]  人的塵土
[00:09:31.840 --> 00:09:32.640]  如果說到塵土
[00:09:32.640 --> 00:09:34.920]  你一定會記得《創世紀》三章十九節
[00:09:34.920 --> 00:09:36.040]  我們一起讀
[00:09:36.040 --> 00:09:38.640]  你必汗流滿面
[00:09:38.640 --> 00:09:40.840]  才有食物可吃
[00:09:40.840 --> 00:09:43.560]  直到你歸了土地
[00:09:43.560 --> 00:09:46.640]  因為你是從土地而出的
[00:09:46.640 --> 00:09:48.640]  你本是塵土
[00:09:48.640 --> 00:09:51.600]  仍要歸於塵土
[00:09:51.600 --> 00:09:53.480]  這個是我們一生的寫一句話
[00:09:53.480 --> 00:09:54.680]  一生牢牢碌碌
[00:09:54.680 --> 00:09:55.840]  汗流滿面
[00:09:55.840 --> 00:09:57.520]  但最後歸於塵土
[00:09:57.520 --> 00:09:59.080]  《詩篇·九十篇》這裡的塵土
[00:09:59.080 --> 00:10:00.720]  和《創世紀》的塵土
[00:10:00.720 --> 00:10:02.520]  其實原文不是同一個字
[00:10:02.520 --> 00:10:06.680]  更加這裡有提到壓碎和痛悔的意思
[00:10:06.680 --> 00:10:09.400]  而這個字其實在另一篇《詩篇·三十四篇》
[00:10:09.400 --> 00:10:10.360]  九節裡面有提到
[00:10:10.360 --> 00:10:12.760]  他又說靠近傷心的人
[00:10:12.760 --> 00:10:14.560]  拯救心靈
[00:10:14.560 --> 00:10:16.600]  痛悔的人
[00:10:16.600 --> 00:10:19.400]  痛悔是第三節的塵土同一個字
[00:10:19.400 --> 00:10:21.880]  所以後面第三節半那裡提到
[00:10:21.880 --> 00:10:24.640]  摩西說你使人歸於塵土說
[00:10:24.640 --> 00:10:27.880]  世人你們要歸回
[00:10:27.880 --> 00:10:29.480]  這個是更加重要的信息
[00:10:29.480 --> 00:10:31.760]  不是說人死如燈滅
[00:10:31.760 --> 00:10:32.440]  歸回塵土
[00:10:32.440 --> 00:10:33.040]  不是的
[00:10:33.040 --> 00:10:35.200]  其實這裡說的是我們要歸回
[00:10:35.200 --> 00:10:36.320]  要轉向神
[00:10:36.320 --> 00:10:37.920]  就像Saint Roger牧師帶領我們
[00:10:37.920 --> 00:10:40.720]  我們體會到人生那種唏噓的時候
[00:10:40.720 --> 00:10:41.840]  不是覺得人生無用
[00:10:41.840 --> 00:10:44.680]  而是我們要趕快的歸回神
[00:10:44.680 --> 00:10:47.560]  趕快帶著一個憂傷痛悔的心
[00:10:47.560 --> 00:10:49.680]  悔改歸向神
[00:10:49.680 --> 00:10:51.480]  頂智慕可能到了你現在的階段
[00:10:51.480 --> 00:10:52.560]  可能你說
[00:10:52.560 --> 00:10:54.240]  其實房子都不重要了
[00:10:54.240 --> 00:10:56.440]  有多大都不重要
[00:10:56.440 --> 00:10:58.360]  我們有時候會慨嘆
[00:10:58.360 --> 00:10:59.720]  年輕的時候
[00:10:59.720 --> 00:11:02.960]  我們就是用時間去換取金錢
[00:11:02.960 --> 00:11:04.120]  你不斷上班
[00:11:04.120 --> 00:11:05.320]  換到的錢
[00:11:05.320 --> 00:11:06.480]  到你老了又怎樣
[00:11:06.480 --> 00:11:07.800]  用錢來怎樣
[00:11:07.800 --> 00:11:08.480]  買回什麼
[00:11:08.480 --> 00:11:09.640]  時間
[00:11:09.640 --> 00:11:10.560]  所以你看那些廣告
[00:11:10.560 --> 00:11:12.240]  大部分的都是
[00:11:12.240 --> 00:11:13.280]  保健
[00:11:13.280 --> 00:11:14.280]  醫療
[00:11:14.280 --> 00:11:16.200]  教你用盡所有方法
[00:11:16.200 --> 00:11:18.640]  延遲這個衰老
[00:11:18.640 --> 00:11:20.240]  保持身體健康
[00:11:20.240 --> 00:11:21.600]  長命不是百歲
[00:11:21.600 --> 00:11:22.920]  要百二歲
[00:11:22.920 --> 00:11:23.560]  這個沒有錯
[00:11:23.560 --> 00:11:25.320]  其實身體都是神所賜的電
[00:11:25.320 --> 00:11:27.840]  我們好好去看顧愛惜是很重要
[00:11:27.840 --> 00:11:31.920]  但是如果身體健康是你一生最終的目標
[00:11:31.920 --> 00:11:33.560]  其實你會失望
[00:11:33.560 --> 00:11:35.880]  那些老毛病會揮之不去
[00:11:35.880 --> 00:11:36.800]  每一天都困擾你
[00:11:36.800 --> 00:11:38.640]  我們有一天會歸回塵土
[00:11:38.640 --> 00:11:40.720]  但是我們不需要感到虛空
[00:11:40.720 --> 00:11:41.800]  因為我們只需要
[00:11:41.800 --> 00:11:42.560]  好像這裡所說
[00:11:42.560 --> 00:11:45.120]  我們帶著一個憂傷痛悔的心
[00:11:45.120 --> 00:11:46.480]  我們知道自己的限制
[00:11:46.480 --> 00:11:47.640]  歸回神
[00:11:47.640 --> 00:11:50.440]  我們的生命能夠再次得著復興
[00:11:50.440 --> 00:11:51.800]  縱然人生是短暫的
[00:11:51.800 --> 00:11:53.960]  但是我們相信神是永恆的
[00:11:53.960 --> 00:11:56.600]  而這個也是四至六節那裡帶出一個
[00:11:56.600 --> 00:11:58.160]  很重要的比喻
[00:11:58.160 --> 00:11:59.160]  第四至多少個
[00:11:59.160 --> 00:12:00.400]  他說我們一起讀
[00:12:00.400 --> 00:12:02.120]  在你看來
[00:12:02.120 --> 00:12:05.080]  千年如已過的昨日
[00:12:05.080 --> 00:12:08.040]  猶如夜間的一更
[00:12:08.040 --> 00:12:10.000]  我不知道你讀聖經的時候你明不明白
[00:12:10.000 --> 00:12:11.240]  其實字面
[00:12:11.240 --> 00:12:12.880]  每個字你都懂得讀
[00:12:12.880 --> 00:12:14.880]  但是其實是相對論
[00:12:14.880 --> 00:12:15.440]  很難明白
[00:12:15.440 --> 00:12:16.680]  時間
[00:12:16.680 --> 00:12:17.760]  千年如一日
[00:12:17.760 --> 00:12:18.680]  一日如千年
[00:12:18.680 --> 00:12:19.560]  我又不是
[00:12:19.560 --> 00:12:19.920]  我有事
[00:12:19.920 --> 00:12:21.480]  但是我怎麼能夠明白呢
[00:12:21.480 --> 00:12:23.720]  我們有時間的限制
[00:12:23.720 --> 00:12:25.720]  所以面對天災
[00:12:25.720 --> 00:12:27.080]  我們會擔心今天
[00:12:27.080 --> 00:12:28.240]  我們沒有辦法安靜
[00:12:28.240 --> 00:12:29.640]  很多的焦慮
[00:12:29.640 --> 00:12:32.960]  一更在當時來說是三至四個小時
[00:12:32.960 --> 00:12:34.240]  就是你睡一覺
[00:12:34.240 --> 00:12:35.720]  如果根據這個詩篇所說
[00:12:35.720 --> 00:12:36.760]  一更
[00:12:36.760 --> 00:12:38.640]  一睡一睡就是一千年了
[00:12:38.640 --> 00:12:39.920]  你很難想像是吧
[00:12:39.920 --> 00:12:41.000]  所以第五第六節
[00:12:41.000 --> 00:12:44.080]  他用了一個比較容易一點你能夠明白的
[00:12:44.080 --> 00:12:46.000]  不用你要明白愛因斯坦的
[00:12:46.000 --> 00:12:47.280]  我們一起讀
[00:12:47.280 --> 00:12:51.760]  你叫他們如水沖去
[00:12:51.760 --> 00:12:53.720]  他們如睡一覺
[00:12:53.720 --> 00:12:56.880]  早晨他們如生長的草
[00:12:56.880 --> 00:12:59.280]  早晨發芽生長
[00:12:59.280 --> 00:13:01.800]  晚上閣下枯乾
[00:13:01.800 --> 00:13:07.600]  人生是很快會過
[00:13:07.600 --> 00:13:09.560]  摩西在曠野裏面
[00:13:09.560 --> 00:13:11.560]  一早上有露水
[00:13:11.560 --> 00:13:13.120]  野草生出來
[00:13:13.120 --> 00:13:15.640]  但是一曬就沒有了
[00:13:15.640 --> 00:13:17.320]  這個可以說是人生
[00:13:17.320 --> 00:13:18.920]  風光在神的眼中
[00:13:18.920 --> 00:13:20.360]  其實一日轉眼
[00:13:20.360 --> 00:13:22.200]  無論長短都好
[00:13:22.200 --> 00:13:24.120]  但是真正的時間
[00:13:24.120 --> 00:13:25.520]  是神的掌管
[00:13:25.520 --> 00:13:27.920]  如何能夠用神的時間呢?
[00:13:27.920 --> 00:13:31.760]  如何能夠用神的角度去看呢?
[00:13:31.760 --> 00:13:32.920]  我想引用這本書
[00:13:32.920 --> 00:13:34.160]  是Eugene Peterson的
[00:13:34.160 --> 00:13:35.960]  叫做《建造生命的模樣》
[00:13:35.960 --> 00:13:36.960]  他提到一個
[00:13:36.960 --> 00:13:37.600]  希伯來人
[00:13:37.600 --> 00:13:39.400]  我相信你都很認識
[00:13:39.400 --> 00:13:42.040]  他是黃昏是一日的開始
[00:13:42.040 --> 00:13:45.280]  我們中國人就是一日之計在於神
[00:13:45.280 --> 00:13:46.640]  但是希伯來人
[00:13:46.640 --> 00:13:48.600]  他是黃昏才是一日的開始
[00:13:48.600 --> 00:13:49.240]  什麼意思呢?
[00:13:49.240 --> 00:13:50.400]  這個習俗就是
[00:13:50.400 --> 00:13:52.840]  當你睡覺了 黃昏我們睡覺
[00:13:52.840 --> 00:13:54.480]  神就開始做事了
[00:13:54.480 --> 00:13:55.960]  所以我們睡覺的時候
[00:13:55.960 --> 00:13:57.640]  神就和我們納藥了
[00:13:57.640 --> 00:13:59.120]  當你醒的時候
[00:13:59.120 --> 00:14:00.520]  我們不是想我做些什麼
[00:14:00.520 --> 00:14:01.240]  不是
[00:14:01.240 --> 00:14:02.760]  其實我們是蒙召
[00:14:02.760 --> 00:14:05.120]  去做回上帝所創造的
[00:14:05.120 --> 00:14:07.200]  我們睡著的時候是神做事
[00:14:07.200 --> 00:14:10.440]  人是憑信以工作來回應
[00:14:10.440 --> 00:14:12.120]  恩典是先的
[00:14:12.120 --> 00:14:13.720]  也是首要的
[00:14:13.720 --> 00:14:14.600]  對我們來說
[00:14:14.600 --> 00:14:15.720]  我們醒來做什麼呢?
[00:14:15.720 --> 00:14:16.920]  我們進入一個
[00:14:16.920 --> 00:14:18.920]  不是我們所做的世界
[00:14:18.920 --> 00:14:20.000]  我們領受了
[00:14:20.000 --> 00:14:21.920]  我們配得的救恩
[00:14:21.920 --> 00:14:23.560]  所以黃昏一開始
[00:14:23.560 --> 00:14:24.440]  神工作
[00:14:24.440 --> 00:14:25.440]  不是我們做事
[00:14:25.440 --> 00:14:26.640]  不用別人幫的
[00:14:26.640 --> 00:14:28.840]  神開始了一日的創造
[00:14:28.840 --> 00:14:31.120]  早晨我們起床的時候
[00:14:31.120 --> 00:14:32.320]  我們繼續出
[00:14:32.320 --> 00:14:35.440]  上帝是呼召我們去享受
[00:14:35.440 --> 00:14:36.640]  分擔
[00:14:36.640 --> 00:14:37.640]  承續
[00:14:37.640 --> 00:14:39.480]  祂所開展的工作
[00:14:39.480 --> 00:14:40.840]  創造與文藥
[00:14:40.840 --> 00:14:41.880]  傳言是恩典
[00:14:41.880 --> 00:14:43.240]  在每個清晨
[00:14:43.240 --> 00:14:45.240]  向我們招手
[00:14:45.240 --> 00:14:46.600]  說到什麼呢?
[00:14:46.600 --> 00:14:47.560]  其實很簡單
[00:14:47.560 --> 00:14:48.880]  我一說你就明白了
[00:14:48.880 --> 00:14:50.280]  我們每天早上起床
[00:14:50.280 --> 00:14:51.720]  其實香港人特別
[00:14:51.720 --> 00:14:53.080]  你急著做什麼?
[00:14:53.080 --> 00:14:54.840]  上班
[00:14:54.840 --> 00:14:56.280]  你說你退休了
[00:14:56.280 --> 00:14:57.640]  香港人也很快的
[00:14:57.640 --> 00:14:58.720]  趕快去拿位置吧
[00:14:58.720 --> 00:14:59.760]  老公
[00:14:59.760 --> 00:15:01.080]  還沒起床
[00:15:01.080 --> 00:15:02.760]  所以我們經常都很忙
[00:15:02.760 --> 00:15:03.560]  趕頭趕命
[00:15:03.560 --> 00:15:05.720]  退了休也不知道為什麼這麼忙
[00:15:05.720 --> 00:15:07.040]  我們很少去靜一靜
[00:15:07.040 --> 00:15:08.320]  所以我邀請你們試一下
[00:15:08.320 --> 00:15:09.560]  好像摩西一樣
[00:15:09.560 --> 00:15:11.600]  一早起床的時候
[00:15:11.600 --> 00:15:12.480]  就稱呼神
[00:15:12.480 --> 00:15:13.280]  I don't lie
[00:15:13.280 --> 00:15:15.480]  你是創造的主
[00:15:15.480 --> 00:15:17.480]  不是你公司的上司
[00:15:17.480 --> 00:15:18.920]  不是你追求的那層樓
[00:15:18.920 --> 00:15:20.360]  不是身體健康
[00:15:20.360 --> 00:15:22.360]  上帝是我們的主
[00:15:22.360 --> 00:15:25.280]  我們每一天要認順和認定
[00:15:25.280 --> 00:15:26.680]  生命是短暫的
[00:15:26.680 --> 00:15:28.560]  但無論你現在是多少歲
[00:15:28.560 --> 00:15:30.560]  沒有人知道明天是活著如何
[00:15:30.560 --> 00:15:34.160]  所以我們不要拖延神對我們的呼召
[00:15:34.160 --> 00:15:36.160]  無論你是什麼階段
[00:15:36.160 --> 00:15:37.760]  無論你是傳道人
[00:15:37.760 --> 00:15:39.040]  你是全世界夢召
[00:15:39.040 --> 00:15:40.160]  又或者其實
[00:15:40.160 --> 00:15:42.160]  你可能只是一個家庭主婦
[00:15:42.160 --> 00:15:43.920]  你是一個退休的人士
[00:15:43.920 --> 00:15:46.720]  其實每一天神都在呼召你
[00:15:46.720 --> 00:15:47.480]  做什麼呢?
[00:15:47.480 --> 00:15:49.880]  可能和一個未信主的奸人去傳福音
[00:15:49.880 --> 00:15:51.880]  關心一個可能你認識了很久
[00:15:51.880 --> 00:15:54.200]  他現在在艱難當中的朋友
[00:15:54.200 --> 00:15:55.560]  親戚之體
[00:15:55.560 --> 00:15:59.160]  上帝其實的工作已經在我們生命裡面開展
[00:15:59.160 --> 00:16:02.520]  不過每一天起床我們都被很多事情忙碌
[00:16:02.520 --> 00:16:04.120]  你重要的就是
[00:16:04.120 --> 00:16:05.120]  起床的時候
[00:16:05.120 --> 00:16:09.120]  去看看神在我們的生命做什麼
[00:16:09.120 --> 00:16:11.240]  我們延續下去就可以了
[00:16:11.240 --> 00:16:14.040]  延續神在我們的生命
[00:16:14.040 --> 00:16:15.360]  我看到在座
[00:16:15.360 --> 00:16:17.360]  大部分你們的年紀都很大
[00:16:17.360 --> 00:16:19.360]  你不要以為現在是退休
[00:16:19.360 --> 00:16:20.680]  現在是開工的
[00:16:20.680 --> 00:16:24.080]  因為你還沒到60歲、70歲、80歲
[00:16:24.080 --> 00:16:26.080]  你不能夠鼓勵那些年輕的
[00:16:26.080 --> 00:16:27.880]  你沒有這樣的人生閱歷
[00:16:27.880 --> 00:16:29.120]  你沒有這樣的智慧
[00:16:29.120 --> 00:16:31.600]  你也不需要擔心起居的飲食
[00:16:31.600 --> 00:16:34.040]  你可以專心的為神工作
[00:16:34.040 --> 00:16:35.320]  哪怕是一個祈禱
[00:16:35.320 --> 00:16:37.320]  每一天為你的子孫祈禱
[00:16:37.320 --> 00:16:39.640]  每一天為到你周圍的人
[00:16:39.640 --> 00:16:40.960]  我們的社區
[00:16:40.960 --> 00:16:43.760]  我們周圍你看到的新聞
[00:16:43.760 --> 00:16:45.360]  怎樣去回應神呢?
[00:16:45.360 --> 00:16:46.360]  這裡就是所說
[00:16:46.360 --> 00:16:48.360]  神已經將一個負擔
[00:16:48.360 --> 00:16:49.360]  一個感動
[00:16:49.360 --> 00:16:52.360]  一個呼召放在你的心裡面
[00:16:52.360 --> 00:16:54.360]  所以每一天起床
[00:16:54.360 --> 00:16:58.360]  你試一下安靜
[00:16:58.360 --> 00:16:59.360]  不是很難
[00:16:59.360 --> 00:17:00.960]  但也不是很容易
[00:17:00.960 --> 00:17:01.960]  我們試一下
[00:17:01.960 --> 00:17:03.360]  一分鐘
[00:17:03.360 --> 00:17:04.360]  你想一下
[00:17:04.360 --> 00:17:06.360]  神在你的生命做了什麼
[00:17:06.360 --> 00:17:07.760]  很多事情
[00:17:07.760 --> 00:17:09.760]  神給你有工作的經驗
[00:17:09.760 --> 00:17:11.360]  你經歷了幾十年的工作
[00:17:11.360 --> 00:17:12.960]  有很多的人生閱歷
[00:17:12.960 --> 00:17:13.960]  神給你認識的耶穌
[00:17:13.960 --> 00:17:15.960]  一段很長的日子
[00:17:15.960 --> 00:17:19.960]  你怎樣將上帝給你的恩典
[00:17:19.960 --> 00:17:20.960]  能夠分享出去呢?
[00:17:20.960 --> 00:17:22.360]  我們一分鐘安靜一下
[00:17:22.360 --> 00:17:24.360]  你聽一下上帝對你的呼召
[00:17:43.360 --> 00:17:44.360]  好
[00:17:44.360 --> 00:17:46.360]  時間關係
[00:17:46.360 --> 00:17:48.360]  我盼望你出一張powerpoint
[00:17:48.360 --> 00:17:50.360]  你喜歡可以用手機拍下它
[00:17:50.360 --> 00:17:52.360]  或者你上網截圖也可以
[00:17:52.360 --> 00:17:55.360]  每一個早晨
[00:17:55.360 --> 00:17:57.360]  我會告訴你
[00:17:57.360 --> 00:17:59.360]  神在你生命中做了什麼
[00:17:59.360 --> 00:18:01.360]  神在你生命中做了什麼
[00:18:01.360 --> 00:18:03.360]  神在你生命中做了什麼
[00:18:03.360 --> 00:18:05.360]  神在你生命中做了什麼
[00:18:05.360 --> 00:18:07.360]  神在你生命中做了什麼
[00:18:07.360 --> 00:18:09.360]  神在你生命中做了什麼
[00:18:09.360 --> 00:18:11.360]  神在你生命中做了什麼
[00:18:11.360 --> 00:18:12.360]  神在你生命中做了什麼
[00:18:12.360 --> 00:18:14.360]  每一個早晨
[00:18:14.360 --> 00:18:15.360]  你去認定
[00:18:15.360 --> 00:18:17.360]  耶穌基督是我們的主
[00:18:17.360 --> 00:18:18.360]  生命是短暫的
[00:18:18.360 --> 00:18:20.360]  沒有人知道明天如何
[00:18:20.360 --> 00:18:21.360]  那你怎樣看呢?
[00:18:21.360 --> 00:18:23.360]  神的工作是你的生命開始
[00:18:23.360 --> 00:18:24.360]  有什麼負擔?有什麼感動?
[00:18:24.360 --> 00:18:26.360]  有什麼呼喚呢?
[00:18:26.360 --> 00:18:27.360]  你不要等了
[00:18:27.360 --> 00:18:28.360]  神感動你
[00:18:28.360 --> 00:18:29.360]  打個電話給親戚
[00:18:29.360 --> 00:18:30.360]  你說明天先吧
[00:18:30.360 --> 00:18:31.360]  下個月先吧
[00:18:31.360 --> 00:18:32.360]  你想打的時候
[00:18:32.360 --> 00:18:33.360]  可能他不在
[00:18:33.360 --> 00:18:35.360]  或者其實你不在
[00:18:35.360 --> 00:18:37.360]  所以不要擔心
[00:18:37.360 --> 00:18:39.360]  每一個早晨回應神
[00:18:39.360 --> 00:18:42.360]  延續神在你生命的工作
[00:18:42.360 --> 00:18:46.360]  信服神給你的時間
[00:18:46.360 --> 00:18:47.360]  想想一個祈禱
[00:18:47.360 --> 00:18:51.360]  很多長者是禱告勇士
[00:18:51.360 --> 00:18:52.360]  每一天的禱告
[00:18:52.360 --> 00:18:53.360]  神是很看重
[00:18:53.360 --> 00:18:55.360]  所以每一個人都有
[00:18:55.360 --> 00:18:57.360]  早晨我們就做這件事
[00:18:57.360 --> 00:18:58.360]  好不好?
[00:18:58.360 --> 00:18:59.360]  好 第二點
[00:18:59.360 --> 00:19:00.360]  神的審判
[00:19:00.360 --> 00:19:01.360]  生命的過犯
[00:19:01.360 --> 00:19:03.360]  我們一起讀詩篇90篇7至2節
[00:19:03.360 --> 00:19:05.360]  準備 1、2、3
[00:19:05.360 --> 00:19:07.360]  我們因你的怒氣而消滅
[00:19:07.360 --> 00:19:10.360]  因你的憤怒而驚惶
[00:19:10.360 --> 00:19:12.360]  你將我們的罪孽
[00:19:12.360 --> 00:19:14.360]  擺在你面前
[00:19:14.360 --> 00:19:15.360]  將我們的忍惡
[00:19:15.360 --> 00:19:18.360]  擺在你面光之中
[00:19:18.360 --> 00:19:19.360]  我們經過的日子
[00:19:19.360 --> 00:19:22.360]  都在你的震怒之下
[00:19:22.360 --> 00:19:24.360]  我們到盡的年歲
[00:19:24.360 --> 00:19:27.360]  好像一聲歎息
[00:19:27.360 --> 00:19:30.360]  我們一生的年日是70歲
[00:19:30.360 --> 00:19:33.360]  若是強壯可到80歲
[00:19:33.360 --> 00:19:36.360]  但其中所驚誇的
[00:19:36.360 --> 00:19:38.360]  不過是勞苦愁煩
[00:19:38.360 --> 00:19:40.360]  轉眼即逝
[00:19:40.360 --> 00:19:43.360]  我們便如飛而去
[00:19:43.360 --> 00:19:46.360]  誰曉得你怒氣的權勢
[00:19:46.360 --> 00:19:48.360]  誰因著敬畏你
[00:19:48.360 --> 00:19:51.360]  而曉得你的憤怒呢
[00:19:51.360 --> 00:19:52.360]  求你指教我們
[00:19:52.360 --> 00:19:55.360]  怎樣數算自己的日子
[00:19:55.360 --> 00:19:59.360]  好叫我們得著自慰的心
[00:19:59.360 --> 00:20:01.360]  面對人生的短暫
[00:20:01.360 --> 00:20:03.360]  未認識神的人就會覺得
[00:20:03.360 --> 00:20:04.360]  今天及時行惡
[00:20:04.360 --> 00:20:06.360]  今朝有酒
[00:20:06.360 --> 00:20:07.360]  今朝就醉了
[00:20:07.360 --> 00:20:08.360]  但我們不是
[00:20:08.360 --> 00:20:09.360]  我們是屬神的子民
[00:20:09.360 --> 00:20:10.360]  我們怎樣去回應
[00:20:10.360 --> 00:20:12.360]  好像虛空的一生呢
[00:20:12.360 --> 00:20:14.360]  摩西在曠野40年
[00:20:14.360 --> 00:20:16.360]  不是每天都感恩快樂
[00:20:16.360 --> 00:20:18.360]  開開心心的領受馬拿
[00:20:18.360 --> 00:20:19.360]  有很多時候
[00:20:19.360 --> 00:20:21.360]  其實不是天色尚藍
[00:20:21.360 --> 00:20:22.360]  花香尚曼
[00:20:22.360 --> 00:20:24.360]  所以不少日子
[00:20:24.360 --> 00:20:27.360]  摩西都在神那種震怒當中
[00:20:27.360 --> 00:20:29.360]  正如我們之前所說
[00:20:29.360 --> 00:20:30.360]  神是興邁不得
[00:20:30.360 --> 00:20:32.360]  第七節那裡這樣說
[00:20:32.360 --> 00:20:35.360]  我們因你的怒氣而消滅
[00:20:35.360 --> 00:20:38.360]  因你的憤怒而驚惶
[00:20:38.360 --> 00:20:40.360]  神是興邁不得
[00:20:40.360 --> 00:20:41.360]  所以這裡說到
[00:20:41.360 --> 00:20:44.360]  人在神的怒氣和憤怒面前
[00:20:44.360 --> 00:20:47.360]  只有消滅和驚惶
[00:20:47.360 --> 00:20:50.360]  人一切的罪惡過犯叛逆
[00:20:50.360 --> 00:20:52.360]  其實在第八節那裡都說到
[00:20:52.360 --> 00:20:54.360]  我們所有這些東西
[00:20:54.360 --> 00:20:56.360]  甚至隱藏的惡
[00:20:56.360 --> 00:20:58.360]  都在神的面光當中
[00:20:58.360 --> 00:20:59.360]  所以領事們
[00:20:59.360 --> 00:21:01.360]  今天為什麼我們不能夠毀身於神呢
[00:21:01.360 --> 00:21:03.360]  為什麼你仍然坐在這裡
[00:21:03.360 --> 00:21:04.360]  都是不利得
[00:21:04.360 --> 00:21:06.360]  我相信人生我們都是追求
[00:21:06.360 --> 00:21:09.360]  幸福、安恕、快樂
[00:21:09.360 --> 00:21:10.360]  但原來我們生命裡面
[00:21:10.360 --> 00:21:12.360]  有很多的雜質
[00:21:12.360 --> 00:21:14.360]  縱然你決志信了主
[00:21:14.360 --> 00:21:15.360]  是,我們恩信稱義
[00:21:15.360 --> 00:21:17.360]  但在神聖的旅程裡面
[00:21:17.360 --> 00:21:18.360]  我們仍然每一天
[00:21:18.360 --> 00:21:20.360]  面對我們很多的自我
[00:21:20.360 --> 00:21:23.360]  你想想門徒其實已經納至跟從主
[00:21:23.360 --> 00:21:24.360]  但喀西馬尼園他們做什麼
[00:21:24.360 --> 00:21:26.360]  睡著了
[00:21:26.360 --> 00:21:27.360]  我們很多時候都會
[00:21:27.360 --> 00:21:29.360]  我相信你都和其他弟兄姊妹
[00:21:29.360 --> 00:21:30.360]  或者和你的導師說
[00:21:30.360 --> 00:21:33.360]  導師,我心靈是願意的
[00:21:33.360 --> 00:21:34.360]  肉體怎麼樣
[00:21:34.360 --> 00:21:35.360]  軟弱
[00:21:35.360 --> 00:21:37.360]  所以你還是找別人吧
[00:21:37.360 --> 00:21:38.360]  人生都是這樣的
[00:21:38.360 --> 00:21:39.360]  今天我們頭腦上
[00:21:39.360 --> 00:21:40.360]  我們知道為主而活
[00:21:40.360 --> 00:21:41.360]  有心無力
[00:21:41.360 --> 00:21:42.360]  我覺得最重要的
[00:21:42.360 --> 00:21:43.360]  就好像這裡所說
[00:21:43.360 --> 00:21:44.360]  為什麼
[00:21:44.360 --> 00:21:45.360]  因為我們生命裡面
[00:21:45.360 --> 00:21:46.360]  還有很多的罪孽
[00:21:46.360 --> 00:21:47.360]  無論是見到的
[00:21:47.360 --> 00:21:49.360]  或者是隱藏的
[00:21:49.360 --> 00:21:51.360]  其實神都知道和世察的
[00:21:51.360 --> 00:21:52.360]  你想想
[00:21:52.360 --> 00:21:53.360]  是出埃及記
[00:21:53.360 --> 00:21:54.360]  我們先前說過了
[00:21:54.360 --> 00:21:56.360]  平衡摩西的角度
[00:21:56.360 --> 00:21:57.360]  意識的人不用說了
[00:21:57.360 --> 00:21:58.360]  整天埋怨
[00:21:58.360 --> 00:22:00.360]  沒有水,待會有叛逆
[00:22:00.360 --> 00:22:01.360]  其實摩西也是
[00:22:01.360 --> 00:22:03.360]  你想想他年輕的時候
[00:22:03.360 --> 00:22:06.360]  曾經打死了一個埃及人
[00:22:06.360 --> 00:22:07.360]  埋了他
[00:22:07.360 --> 00:22:09.360]  最後被揭發
[00:22:09.360 --> 00:22:10.360]  逃到米典地
[00:22:10.360 --> 00:22:13.360]  在米典那四十年的日子
[00:22:13.360 --> 00:22:15.360]  其實是一個隱藏的日子
[00:22:15.360 --> 00:22:18.360]  是神要練正他的日子
[00:22:18.360 --> 00:22:20.360]  由一個在埃及宮廷長大
[00:22:20.360 --> 00:22:22.360]  營救血氣
[00:22:22.360 --> 00:22:24.360]  想著能夠替天行道的人
[00:22:24.360 --> 00:22:26.360]  但慢慢在牧羊的過程當中
[00:22:26.360 --> 00:22:27.360]  那四十年
[00:22:27.360 --> 00:22:28.360]  日復日
[00:22:28.360 --> 00:22:30.360]  風雨不改
[00:22:30.360 --> 00:22:31.360]  操練
[00:22:31.360 --> 00:22:33.360]  一個埃及王子的光環
[00:22:33.360 --> 00:22:35.360]  但轉眼變成一個隱藏
[00:22:35.360 --> 00:22:36.360]  無人認識的
[00:22:36.360 --> 00:22:38.360]  在曠野裏面的牧羊人
[00:22:38.360 --> 00:22:40.360]  其實摩西對神的信服
[00:22:40.360 --> 00:22:41.360]  對人的忍耐
[00:22:41.360 --> 00:22:43.360]  性格當中的溫柔謙卑
[00:22:43.360 --> 00:22:45.360]  其實就是在曠野的地方
[00:22:45.360 --> 00:22:47.360]  慢慢培育出來
[00:22:47.360 --> 00:22:49.360]  然後令到他年老了
[00:22:49.360 --> 00:22:50.360]  八十歲開始的時候
[00:22:50.360 --> 00:22:53.360]  他不再以世人的事為念
[00:22:53.360 --> 00:22:55.360]  今天我們看一個人
[00:22:55.360 --> 00:22:57.360]  在外表上可能很成功
[00:22:57.360 --> 00:22:58.360]  可能很幸福
[00:22:58.360 --> 00:23:00.360]  人生的勝利組
[00:23:00.360 --> 00:23:02.360]  但正如摩西一樣
[00:23:02.360 --> 00:23:04.360]  當他回望他一生的時候
[00:23:04.360 --> 00:23:05.360]  第九節
[00:23:05.360 --> 00:23:06.360]  他看回他一生
[00:23:06.360 --> 00:23:08.360]  發覺原來都在神陣路之下
[00:23:08.360 --> 00:23:10.360]  我們道盡的年歲
[00:23:10.360 --> 00:23:11.360]  好像什麼
[00:23:11.360 --> 00:23:14.360]  一聲歎息
[00:23:14.360 --> 00:23:16.360]  大家試一下
[00:23:16.360 --> 00:23:21.360]  這一歎息真是幾十年來
[00:23:21.360 --> 00:23:22.360]  你回望你人生
[00:23:22.360 --> 00:23:24.360]  好像一聲的歎息
[00:23:24.360 --> 00:23:26.360]  所以第十節說到
[00:23:26.360 --> 00:23:28.360]  這個是我們最熟悉的經文
[00:23:28.360 --> 00:23:29.360]  經常掛在嘴邊
[00:23:29.360 --> 00:23:30.360]  我們再讀一次
[00:23:30.360 --> 00:23:33.360]  我們一生的年日是七十歲
[00:23:33.360 --> 00:23:37.360]  若是強壯可到八十歲
[00:23:37.360 --> 00:23:39.360]  但其中所驚誇的
[00:23:39.360 --> 00:23:42.360]  不過是勞苦愁煩
[00:23:42.360 --> 00:23:44.360]  轉眼即逝
[00:23:44.360 --> 00:23:47.360]  我們便如飛而去
[00:23:47.360 --> 00:23:48.360]  驚誇這個字
[00:23:48.360 --> 00:23:49.360]  其實聖經裡面
[00:23:49.360 --> 00:23:50.360]  只是在這裡出現過
[00:23:50.360 --> 00:23:53.360]  原文裡面解奧萬驕傲的事
[00:23:53.360 --> 00:23:55.360]  新譯本就叫誇耀
[00:23:55.360 --> 00:23:56.360]  即是摩西看回
[00:23:56.360 --> 00:23:58.360]  無論你人生幾多歲
[00:23:58.360 --> 00:23:59.360]  你八十歲
[00:23:59.360 --> 00:24:01.360]  甚至好像摩西一百二十歲
[00:24:01.360 --> 00:24:03.360]  人多精彩
[00:24:03.360 --> 00:24:05.360]  有什麼可誇呢
[00:24:05.360 --> 00:24:07.360]  這段經文太熟悉了
[00:24:07.360 --> 00:24:08.360]  但我們再試一下
[00:24:08.360 --> 00:24:10.360]  從摩西的角度去看
[00:24:10.360 --> 00:24:12.360]  如果詩篇九十篇是摩西
[00:24:12.360 --> 00:24:13.360]  在曠野裡面寫
[00:24:13.360 --> 00:24:15.360]  即是他過了一百十歲
[00:24:15.360 --> 00:24:17.360]  今日我們知道他一百二十歲
[00:24:17.360 --> 00:24:19.360]  你想想在曠野裡面
[00:24:19.360 --> 00:24:20.360]  以色列人只是一個願望
[00:24:20.360 --> 00:24:21.360]  快點
[00:24:21.360 --> 00:24:23.360]  他們沒有想過進入曠野四十年
[00:24:23.360 --> 00:24:24.360]  想著四十天便可能走完
[00:24:24.360 --> 00:24:25.360]  其實那段
[00:24:25.360 --> 00:24:26.360]  你看回地圖
[00:24:26.360 --> 00:24:27.360]  不是很遠
[00:24:27.360 --> 00:24:30.360]  埃及進入加南地
[00:24:30.360 --> 00:24:31.360]  他們只是一個願望
[00:24:31.360 --> 00:24:35.360]  就是快點進入這個流瀨與物之地
[00:24:35.360 --> 00:24:36.360]  你想想
[00:24:36.360 --> 00:24:39.360]  先頭說到摩西經歷了四十年
[00:24:39.360 --> 00:24:41.360]  在曠野做牧羊人
[00:24:41.360 --> 00:24:42.360]  應該畢業了
[00:24:42.360 --> 00:24:43.360]  很厲害
[00:24:43.360 --> 00:24:45.360]  應該一點也不生氣
[00:24:45.360 --> 00:24:46.360]  但不是
[00:24:46.360 --> 00:24:47.360]  我們看回文素記
[00:24:47.360 --> 00:24:49.360]  當以色列人沒有水的時候
[00:24:49.360 --> 00:24:51.360]  怎麼辦?一起讀
[00:24:51.360 --> 00:24:55.360]  摩西和阿倫召集會眾到盤石前
[00:24:55.360 --> 00:24:57.360]  摩西對他們說
[00:24:57.360 --> 00:24:58.360]  聽著
[00:24:58.360 --> 00:25:00.360]  你們這些叛逆的人
[00:25:00.360 --> 00:25:04.360]  我們要叫這盤石流出水來給你們嗎?
[00:25:04.360 --> 00:25:06.360]  摩西舉起手來
[00:25:06.360 --> 00:25:09.360]  用杖擊打盤石兩下
[00:25:09.360 --> 00:25:11.360]  就有許多水流出來
[00:25:11.360 --> 00:25:15.360]  會眾和他們的生畜都渴了
[00:25:15.360 --> 00:25:19.360]  但是耶和華對摩西阿倫說
[00:25:19.360 --> 00:25:21.360]  因為你們不信我
[00:25:21.360 --> 00:25:25.360]  沒有在以色列人眼前尊我為聖
[00:25:25.360 --> 00:25:29.360]  所以你們必不能領者會眾
[00:25:29.360 --> 00:25:33.360]  進入我所要賜給他們的地去
[00:25:33.360 --> 00:25:35.360]  不知道你們有沒有看這段經文的時候
[00:25:35.360 --> 00:25:37.360]  有時候覺得摩西真的很不值
[00:25:37.360 --> 00:25:39.360]  我們只是拍多了一下
[00:25:39.360 --> 00:25:41.360]  人生都是這樣的
[00:25:41.360 --> 00:25:42.360]  你以為畢業了
[00:25:42.360 --> 00:25:43.360]  四十年曠野
[00:25:43.360 --> 00:25:45.360]  我練到爐火純青
[00:25:45.360 --> 00:25:48.360]  誰知道這些人一說沒有水就一生氣
[00:25:48.360 --> 00:25:49.360]  不斷打
[00:25:49.360 --> 00:25:51.360]  人生我們有時候是這樣的
[00:25:51.360 --> 00:25:53.360]  偉大到像摩西一樣
[00:25:53.360 --> 00:25:55.360]  他都進入不到迦南地
[00:25:55.360 --> 00:25:56.360]  你想想
[00:25:56.360 --> 00:25:57.360]  我們什麼時候
[00:25:57.360 --> 00:26:01.360]  或者我們很多時候都沒有這個警醒
[00:26:01.360 --> 00:26:03.360]  情緒高漲那一刻
[00:26:03.360 --> 00:26:06.360]  腦收成腦那一刻
[00:26:06.360 --> 00:26:08.360]  身體軟弱那一刻
[00:26:08.360 --> 00:26:09.360]  特別是什麼
[00:26:09.360 --> 00:26:10.360]  不過現在沒有了
[00:26:10.360 --> 00:26:11.360]  揭開銀行護照
[00:26:11.360 --> 00:26:14.360]  拿個電話出來看看剩下多少錢
[00:26:14.360 --> 00:26:15.360]  又少了一點
[00:26:15.360 --> 00:26:17.360]  你很害怕
[00:26:17.360 --> 00:26:19.360]  又或者發覺一打開門回家
[00:26:19.360 --> 00:26:21.360]  這麼多碗還沒洗
[00:26:21.360 --> 00:26:23.360]  今晚要洗很久了
[00:26:23.360 --> 00:26:26.360]  又或者拿到醫生的報告
[00:26:26.360 --> 00:26:27.360]  衣服高
[00:26:27.360 --> 00:26:28.360]  不是應該低一點嗎
[00:26:28.360 --> 00:26:29.360]  越來越高
[00:26:29.360 --> 00:26:32.360]  又或者家人說一句話
[00:26:32.360 --> 00:26:34.360]  馬上觸動你的神經
[00:26:34.360 --> 00:26:35.360]  我們都好像摩西一樣
[00:26:35.360 --> 00:26:36.360]  突然之間爆發
[00:26:36.360 --> 00:26:39.360]  四十年的功力一下子就沒有了
[00:26:39.360 --> 00:26:41.360]  所以摩西說得很好
[00:26:41.360 --> 00:26:45.360]  他說的不是人生的很虛空
[00:26:45.360 --> 00:26:46.360]  不是
[00:26:46.360 --> 00:26:47.360]  要警醒
[00:26:47.360 --> 00:26:49.360]  每一個人都會有
[00:26:49.360 --> 00:26:50.360]  摩西會爆發
[00:26:50.360 --> 00:26:52.360]  彼得走在水面上
[00:26:52.360 --> 00:26:55.360]  看一看風浪就馬上掉下去
[00:26:55.360 --> 00:26:58.360]  大衛打算平定天下
[00:26:58.360 --> 00:26:59.360]  日上三竿起身
[00:26:59.360 --> 00:27:01.360]  結果又出事
[00:27:01.360 --> 00:27:03.360]  人生我們都是
[00:27:03.360 --> 00:27:07.360]  先頭Roger牧師帶領我們去安靜這段經文
[00:27:07.360 --> 00:27:09.360]  這篇九十篇十一節
[00:27:09.360 --> 00:27:11.360]  摩西問了兩個泛民
[00:27:11.360 --> 00:27:14.360]  他說誰曉得你怒氣的權勢
[00:27:14.360 --> 00:27:17.360]  誰因著敬畏你而曉得你的憤怒
[00:27:17.360 --> 00:27:21.360]  現代中文譯本會比較在廣東話
[00:27:21.360 --> 00:27:24.360]  他說誰曉得你憤怒的威力
[00:27:24.360 --> 00:27:27.360]  誰明白你震怒的可畏
[00:27:27.360 --> 00:27:29.360]  廣東話如果你叫我譯就是
[00:27:29.360 --> 00:27:33.360]  有誰知道神的怒氣有多厲害
[00:27:33.360 --> 00:27:35.360]  或者再簡單一點來說
[00:27:35.360 --> 00:27:38.360]  有誰怕神
[00:27:38.360 --> 00:27:40.360]  在頭腦上一定怕怕怕
[00:27:40.360 --> 00:27:43.360]  但你看回以色列人的日子
[00:27:43.360 --> 00:27:44.360]  甚至摩西也是
[00:27:44.360 --> 00:27:47.360]  有時原來我們當神沒有到
[00:27:47.360 --> 00:27:48.360]  不怕
[00:27:48.360 --> 00:27:50.360]  所以我們被那些罪
[00:27:50.360 --> 00:27:51.360]  被那些怒氣
[00:27:51.360 --> 00:27:53.360]  我們自己的怒氣
[00:27:53.360 --> 00:27:54.360]  我們自己的自私
[00:27:54.360 --> 00:27:57.360]  自我纏繞著
[00:27:57.360 --> 00:27:58.360]  你想想其實以色列人
[00:27:58.360 --> 00:27:59.360]  無論在曠野
[00:27:59.360 --> 00:28:01.360]  甚至進入迦蘭地都好
[00:28:01.360 --> 00:28:02.360]  我們看約書亞記
[00:28:02.360 --> 00:28:03.360]  當約書亞死了之後
[00:28:03.360 --> 00:28:04.360]  以色列人怎樣
[00:28:04.360 --> 00:28:06.360]  一路好聖潔跟從神
[00:28:06.360 --> 00:28:08.360]  不是就馬上拜偶像
[00:28:08.360 --> 00:28:11.360]  拜到國破家亡
[00:28:11.360 --> 00:28:12.360]  我和你都不知道
[00:28:12.360 --> 00:28:13.360]  得罪了神多少次
[00:28:13.360 --> 00:28:15.360]  我和你其實都沒有
[00:28:15.360 --> 00:28:18.360]  真正懼怕神的權勢
[00:28:18.360 --> 00:28:20.360]  沒有真正信服神的心意
[00:28:20.360 --> 00:28:21.360]  所以兄弟姐妹
[00:28:21.360 --> 00:28:22.360]  人生不是虛空的
[00:28:22.360 --> 00:28:24.360]  我們不只是在等終結
[00:28:24.360 --> 00:28:25.360]  又或者我們不是
[00:28:25.360 --> 00:28:27.360]  最後等最後神審問我們
[00:28:27.360 --> 00:28:28.360]  不是
[00:28:28.360 --> 00:28:30.360]  摩西給了一條出路我們
[00:28:30.360 --> 00:28:31.360]  在十二節那裡
[00:28:31.360 --> 00:28:32.360]  他說得很好
[00:28:32.360 --> 00:28:34.360]  這個是我相信摩西
[00:28:34.360 --> 00:28:35.360]  他經歷了這麼多的反思
[00:28:35.360 --> 00:28:37.360]  他教我們一樣東西
[00:28:37.360 --> 00:28:38.360]  我們一起讀
[00:28:38.360 --> 00:28:39.360]  求你指教我們
[00:28:39.360 --> 00:28:42.360]  怎樣數算自己的日子
[00:28:42.360 --> 00:28:46.360]  好叫我們得著自慰的心
[00:28:46.360 --> 00:28:49.360]  數算日子不是回望前沿
[00:28:49.360 --> 00:28:51.360]  或者只是把握現在這麼簡單
[00:28:51.360 --> 00:28:52.360]  傳道書那裡有說過
[00:28:52.360 --> 00:28:55.360]  你趁著年輕衰老的日子尚未來到
[00:28:55.360 --> 00:28:56.360]  或者你已經不是了
[00:28:56.360 --> 00:28:57.360]  你已經到了
[00:28:57.360 --> 00:28:58.360]  那你要怎樣呢
[00:28:58.360 --> 00:29:01.360]  我毫無喜悅的那些歲月來臨之前
[00:29:01.360 --> 00:29:03.360]  當最重要的是什麼
[00:29:03.360 --> 00:29:06.360]  紀念做你的主
[00:29:06.360 --> 00:29:08.360]  數算日子不是說
[00:29:08.360 --> 00:29:09.360]  我以前有多風光
[00:29:09.360 --> 00:29:11.360]  我們經常都說舊時舊事
[00:29:11.360 --> 00:29:12.360]  以前多好
[00:29:12.360 --> 00:29:13.360]  不是
[00:29:13.360 --> 00:29:17.360]  數算日子是紀念做你的主
[00:29:17.360 --> 00:29:19.360]  就是每一天你要紀念神
[00:29:19.360 --> 00:29:20.360]  紀念神是什麼呢
[00:29:20.360 --> 00:29:22.360]  紀念神是可敬畏的
[00:29:22.360 --> 00:29:24.360]  紀念神是聖潔的
[00:29:24.360 --> 00:29:27.360]  所以我們要審查自己的過法
[00:29:27.360 --> 00:29:28.360]  每一天我們都要
[00:29:28.360 --> 00:29:30.360]  今天我們都是很忙碌
[00:29:30.360 --> 00:29:32.360]  或者他的優點是無事忙
[00:29:32.360 --> 00:29:34.360]  忙碌令我們忘記
[00:29:34.360 --> 00:29:36.360]  我們沒有時間安靜
[00:29:36.360 --> 00:29:37.360]  我們沒有時間禱告
[00:29:37.360 --> 00:29:38.360]  甚至我們沒有時間
[00:29:38.360 --> 00:29:39.360]  好像摩西一樣
[00:29:39.360 --> 00:29:41.360]  去紀念做我們的主
[00:29:41.360 --> 00:29:44.360]  紀念在我們整個基督教信仰很重要
[00:29:44.360 --> 00:29:45.360]  每一次的聖餐
[00:29:45.360 --> 00:29:47.360]  我們就是紀念耶穌基督
[00:29:47.360 --> 00:29:48.360]  祂的救恩
[00:29:48.360 --> 00:29:50.360]  所以每一天的靈修
[00:29:50.360 --> 00:29:52.360]  每一天你上班
[00:29:52.360 --> 00:29:53.360]  你買菜
[00:29:53.360 --> 00:29:54.360]  你做運動
[00:29:54.360 --> 00:29:56.360]  我們都要紀念做我們的主
[00:29:56.360 --> 00:29:58.360]  透過你回來教會
[00:29:58.360 --> 00:29:59.360]  透過團契
[00:29:59.360 --> 00:30:01.360]  我們一起紀念神的同在
[00:30:01.360 --> 00:30:03.360]  所以數算自己的日子
[00:30:03.360 --> 00:30:06.360]  好叫我們得著智慧的心
[00:30:06.360 --> 00:30:07.360]  其實就是每一天
[00:30:07.360 --> 00:30:08.360]  你的生命裏面
[00:30:08.360 --> 00:30:09.360]  你遇到每一件事
[00:30:09.360 --> 00:30:10.360]  我們有時英文說
[00:30:10.360 --> 00:30:12.360]  Find God in all things
[00:30:12.360 --> 00:30:13.360]  在萬事萬物裏面
[00:30:13.360 --> 00:30:14.360]  我們見到
[00:30:14.360 --> 00:30:15.360]  我們去測驗
[00:30:15.360 --> 00:30:17.360]  我們去紀念神的作為
[00:30:17.360 --> 00:30:18.360]  Richard Forster
[00:30:18.360 --> 00:30:19.360]  富士得他這樣說
[00:30:19.360 --> 00:30:21.360]  他說測驗的禱告是什麼呢
[00:30:21.360 --> 00:30:22.360]  兩方面
[00:30:22.360 --> 00:30:23.360]  好像兩道門
[00:30:23.360 --> 00:30:25.360]  一道門我們叫意識的測驗
[00:30:25.360 --> 00:30:28.360]  就是神是怎樣每一天和你一起
[00:30:28.360 --> 00:30:31.360]  紀念你去回應神的慈愛和神的同在
[00:30:31.360 --> 00:30:34.360]  另外一方面是良心的測驗
[00:30:34.360 --> 00:30:35.360]  就是測驗裏面
[00:30:35.360 --> 00:30:37.360]  你有什麼地方需要被主去潔淨
[00:30:37.360 --> 00:30:40.360]  需要被主去醫治
[00:30:40.360 --> 00:30:42.360]  需要被主去更新
[00:30:42.360 --> 00:30:44.360]  在上一集節目之前我們說過
[00:30:44.360 --> 00:30:46.360]  每一早起床
[00:30:46.360 --> 00:30:48.360]  你就去認定
[00:30:48.360 --> 00:30:50.360]  主是我們生命的主
[00:30:50.360 --> 00:30:52.360]  到晚上
[00:30:52.360 --> 00:30:53.360]  又教一下大家
[00:30:53.360 --> 00:30:55.360]  可以出這個powerpoint
[00:30:55.360 --> 00:30:57.360]  晚上做什麼呢
[00:30:57.360 --> 00:30:58.360]  你去安靜
[00:30:58.360 --> 00:30:59.360]  你去醒察一下
[00:30:59.360 --> 00:31:01.360]  因為隔一兩天你已經不記得了
[00:31:01.360 --> 00:31:03.360]  你最好夜晚臨睡之前
[00:31:03.360 --> 00:31:05.360]  準備睡著了
[00:31:05.360 --> 00:31:07.360]  想一下你今天有什麼
[00:31:07.360 --> 00:31:08.360]  人生是短暫的
[00:31:08.360 --> 00:31:09.360]  不要擔言
[00:31:09.360 --> 00:31:10.360]  我們要回應
[00:31:10.360 --> 00:31:11.360]  但是我們要想一下
[00:31:11.360 --> 00:31:12.360]  今天我說的話
[00:31:12.360 --> 00:31:15.360]  其實我不應該這樣和我家人說的
[00:31:15.360 --> 00:31:17.360]  或者我在公司的表現
[00:31:17.360 --> 00:31:18.360]  那裡不應該是這樣的
[00:31:18.360 --> 00:31:21.360]  每一晚你就去提醒你自己
[00:31:21.360 --> 00:31:22.360]  醒察
[00:31:22.360 --> 00:31:24.360]  在我們生命當中
[00:31:24.360 --> 00:31:25.360]  有什麼憂慮
[00:31:25.360 --> 00:31:26.360]  有什麼自私
[00:31:26.360 --> 00:31:28.360]  有什麼自憐
[00:31:28.360 --> 00:31:30.360]  有什麼自義
[00:31:30.360 --> 00:31:31.360]  覺得自己正確
[00:31:31.360 --> 00:31:33.360]  有什麼自我
[00:31:33.360 --> 00:31:34.360]  我們要醒察
[00:31:34.360 --> 00:31:36.360]  每一晚去做
[00:31:36.360 --> 00:31:38.360]  第二天你不記得了
[00:31:38.360 --> 00:31:41.360]  我不應該這樣和我太太說的
[00:31:41.360 --> 00:31:43.360]  你第二天早上馬上和她說對不起
[00:31:43.360 --> 00:31:45.360]  晚上先睡著了
[00:31:45.360 --> 00:31:47.360]  但是求主去光照你
[00:31:47.360 --> 00:31:49.360]  所以每一天早上你起床
[00:31:49.360 --> 00:31:51.360]  神有什麼工作
[00:31:51.360 --> 00:31:52.360]  在我生命中回應
[00:31:52.360 --> 00:31:54.360]  每一晚你去醒察
[00:31:54.360 --> 00:31:56.360]  這個就是早晚
[00:31:56.360 --> 00:31:58.360]  每一天的操練
[00:31:58.360 --> 00:32:00.360]  不是四十年做一次
[00:32:00.360 --> 00:32:02.360]  是每一天做
[00:32:02.360 --> 00:32:03.360]  日復日四十年
[00:32:03.360 --> 00:32:05.360]  預備好你自己
[00:32:05.360 --> 00:32:07.360]  這個就是摩西的祈禱
[00:32:07.360 --> 00:32:08.360]  然後我們去到第三點
[00:32:08.360 --> 00:32:09.360]  最後
[00:32:09.360 --> 00:32:10.360]  神的憐憫
[00:32:10.360 --> 00:32:11.360]  生命的盼望
[00:32:11.360 --> 00:32:13.360]  我們今天的講題叫新支派
[00:32:13.360 --> 00:32:15.360]  我們續最後幾節的經文
[00:32:15.360 --> 00:32:16.360]  準備一二三
[00:32:16.360 --> 00:32:20.360]  耶和華我們要等到你幾時呢
[00:32:20.360 --> 00:32:23.360]  求你轉回憐憫你的僕人
[00:32:23.360 --> 00:32:27.360]  求你使我們早早飽得你的慈愛
[00:32:27.360 --> 00:32:31.360]  好叫我們一生一世歡呼喜樂
[00:32:31.360 --> 00:32:35.360]  求你照著你使我們受苦的日子
[00:32:35.360 --> 00:32:37.360]  和我們遭難的年歲
[00:32:37.360 --> 00:32:39.360]  使我們喜樂
[00:32:39.360 --> 00:32:43.360]  願你的作為向你僕人顯現
[00:32:43.360 --> 00:32:47.360]  願你的榮耀向他們子孫顯明
[00:32:47.360 --> 00:32:52.360]  願主我們的神的恩寵歸於我們身上
[00:32:52.360 --> 00:32:55.360]  願你建立我們手所做的功
[00:32:55.360 --> 00:32:57.360]  我們手所做的功
[00:32:57.360 --> 00:32:59.360]  願你建立
[00:32:59.360 --> 00:33:01.360]  摩西最後的祈禱
[00:33:01.360 --> 00:33:02.360]  他有一個呼求
[00:33:02.360 --> 00:33:04.360]  他知道神的怒氣的威力
[00:33:04.360 --> 00:33:06.360]  但是摩西也很知道神的慈愛
[00:33:06.360 --> 00:33:08.360]  是又深又廣
[00:33:08.360 --> 00:33:11.360]  所以他發出了三個哀求
[00:33:11.360 --> 00:33:12.360]  可以在這段經文裡面
[00:33:12.360 --> 00:33:14.360]  第十三節他說
[00:33:14.360 --> 00:33:17.360]  耶和華我們要等到幾時呢
[00:33:17.360 --> 00:33:21.360]  求你轉回憐憫你的僕人
[00:33:21.360 --> 00:33:23.360]  轉回這裡的意思就是
[00:33:23.360 --> 00:33:26.360]  他求神再次去看顧他們
[00:33:26.360 --> 00:33:27.360]  憐憫他們
[00:33:27.360 --> 00:33:29.360]  而第二個祈禱就是十四節
[00:33:29.360 --> 00:33:33.360]  他說求你早早讓我們去經歷你的慈愛
[00:33:33.360 --> 00:33:36.360]  一生一世歡呼喜樂
[00:33:36.360 --> 00:33:38.360]  相比之前我們說生命是短暫的
[00:33:38.360 --> 00:33:41.360]  這裡說的是一生一世
[00:33:41.360 --> 00:33:43.360]  而由驚惶嘆息
[00:33:43.360 --> 00:33:47.360]  轉為這裡所說的歡呼喜樂
[00:33:47.360 --> 00:33:49.360]  所以人生不只是悲
[00:33:49.360 --> 00:33:50.360]  有喜樂的日子
[00:33:50.360 --> 00:33:51.360]  這裡很重要
[00:33:51.360 --> 00:33:55.360]  而帶出第三個呼求就是十五節
[00:33:55.360 --> 00:33:56.360]  摩西就是這樣去求
[00:33:56.360 --> 00:33:58.360]  他說求你照著
[00:33:58.360 --> 00:34:00.360]  你使我們受苦的日子
[00:34:00.360 --> 00:34:02.360]  和我們遭難的年歲
[00:34:02.360 --> 00:34:04.360]  怎樣能夠日子呢
[00:34:04.360 --> 00:34:07.360]  這裡說的是數算日子
[00:34:07.360 --> 00:34:10.360]  原文其實和我們之前說的數算日子是一個字
[00:34:10.360 --> 00:34:12.360]  摩西是經歷過很多的苦
[00:34:12.360 --> 00:34:14.360]  很多的艱難
[00:34:14.360 --> 00:34:15.360]  喜樂的日子不多
[00:34:15.360 --> 00:34:17.360]  但是這裡說的是什麼呢
[00:34:17.360 --> 00:34:20.360]  就好像新易半渠所說
[00:34:20.360 --> 00:34:22.360]  你使我們受苦和遭難的日子有多久
[00:34:22.360 --> 00:34:26.360]  求你使我們喜樂的日子也有多久
[00:34:26.360 --> 00:34:28.360]  人生的喜樂不是很多
[00:34:28.360 --> 00:34:30.360]  但是給我們珍惜
[00:34:30.360 --> 00:34:32.360]  珍惜這些上帝給我們在人生裡面
[00:34:32.360 --> 00:34:34.360]  經歷的喜樂的事
[00:34:34.360 --> 00:34:35.360]  然後去到最後
[00:34:35.360 --> 00:34:37.360]  可以說一個總結
[00:34:37.360 --> 00:34:39.360]  這兩節可以這麼說
[00:34:39.360 --> 00:34:42.360]  可以說是摩西很重要的一個呼求
[00:34:42.360 --> 00:34:43.360]  也都是一個認訊
[00:34:43.360 --> 00:34:44.360]  我們一起讀
[00:34:44.360 --> 00:34:48.360]  願祢的作為向祢僕人顯現
[00:34:48.360 --> 00:34:52.360]  願祢的榮耀向他們子孫顯明
[00:34:52.360 --> 00:34:57.360]  願主我們的神恩寵歸於我們身上
[00:34:57.360 --> 00:35:00.360]  願祢肩納我們手所做的功
[00:35:00.360 --> 00:35:02.360]  我們手所做的功
[00:35:02.360 --> 00:35:04.360]  願祢肩納
[00:35:04.360 --> 00:35:05.360]  這裡好像一個呼求
[00:35:05.360 --> 00:35:07.360]  但是其實如果你仔細去看清楚
[00:35:07.360 --> 00:35:10.360]  這裡是說摩西將焦點
[00:35:10.360 --> 00:35:12.360]  由人的需求
[00:35:12.360 --> 00:35:14.360]  不是自己而是說神的作為
[00:35:14.360 --> 00:35:16.360]  神的榮耀和神的恩寵
[00:35:16.360 --> 00:35:17.360]  即是神的榮美
[00:35:17.360 --> 00:35:18.360]  神的良善
[00:35:18.360 --> 00:35:20.360]  沒錯我們每一個都要面對死亡
[00:35:20.360 --> 00:35:21.360]  但是我們不要忘記
[00:35:21.360 --> 00:35:24.360]  神的榮耀將會在我們子孫
[00:35:24.360 --> 00:35:25.360]  世世代代
[00:35:25.360 --> 00:35:27.360]  我們大部分都是信一代
[00:35:27.360 --> 00:35:30.360]  但是你想一下恩福裡面有信二代
[00:35:30.360 --> 00:35:31.360]  信三代
[00:35:31.360 --> 00:35:34.360]  其實將來的老恩福不是你們來的
[00:35:34.360 --> 00:35:36.360]  老恩福現在坐在上高
[00:35:36.360 --> 00:35:39.360]  因為他們每一個都起碼回恩福三四十年
[00:35:39.360 --> 00:35:41.360]  他們在媽媽的肚子裡已經回來了
[00:35:41.360 --> 00:35:42.360]  比我們更久
[00:35:42.360 --> 00:35:44.360]  所以一代又一代
[00:35:44.360 --> 00:35:46.360]  神的榮耀要彰顯
[00:35:46.360 --> 00:35:49.360]  祂的功要在我們生命裡面做
[00:35:49.360 --> 00:35:50.360]  什麼是神的功呢?
[00:35:50.360 --> 00:35:53.360]  如果你看回《讓福音》裡面
[00:35:53.360 --> 00:35:54.360]  門徒都曾經問過
[00:35:54.360 --> 00:35:57.360]  這段經文是在五餅二魚之後
[00:35:57.360 --> 00:35:59.360]  有一段很有趣的對話
[00:35:59.360 --> 00:36:00.360]  我想最後跟大家一起看
[00:36:00.360 --> 00:36:04.360]  在《讓福音》六章28到29節我們一起讀
[00:36:04.360 --> 00:36:11.360]  於是他們問他我們該做什麼
[00:36:11.360 --> 00:36:14.360]  耶穌回答對他們說
[00:36:14.360 --> 00:36:16.360]  信神所差來的
[00:36:16.360 --> 00:36:19.360]  這就是神的工作
[00:36:19.360 --> 00:36:21.360]  門徒經歷了很多的事情
[00:36:21.360 --> 00:36:22.360]  五餅二魚之後
[00:36:22.360 --> 00:36:25.360]  其實他們期盼的神的工作是什麼呢?
[00:36:25.360 --> 00:36:26.360]  就是神蹟
[00:36:26.360 --> 00:36:28.360]  多走五餅二魚
[00:36:28.360 --> 00:36:30.360]  推翻羅馬聖朝
[00:36:30.360 --> 00:36:31.360]  做一些大事
[00:36:31.360 --> 00:36:34.360]  耶穌的回答就是說
[00:36:34.360 --> 00:36:35.360]  信神所差來的
[00:36:35.360 --> 00:36:37.360]  就是神的工作
[00:36:37.360 --> 00:36:39.360]  其實我們每一天相信神
[00:36:39.360 --> 00:36:40.360]  倚靠神
[00:36:40.360 --> 00:36:41.360]  就是神的工作
[00:36:41.360 --> 00:36:43.360]  哪怕是幾微小的
[00:36:43.360 --> 00:36:45.360]  哪怕是無人紀念的
[00:36:45.360 --> 00:36:46.360]  哪怕是沒有掌聲的
[00:36:46.360 --> 00:36:48.360]  沒有煙花的
[00:36:48.360 --> 00:36:50.360]  你的生命,弟兄姊妹
[00:36:50.360 --> 00:36:52.360]  每一天都可以榮耀神
[00:36:52.360 --> 00:36:53.360]  你記得我之前說過
[00:36:53.360 --> 00:36:55.360]  家裡天花板漏水嗎?
[00:36:55.360 --> 00:36:57.360]  我找了一個弟兄上來
[00:36:57.360 --> 00:36:59.360]  我相信他都差不多
[00:36:59.360 --> 00:37:01.360]  可能六十了,快要退休了
[00:37:01.360 --> 00:37:03.360]  他上來我家幫我維修
[00:37:03.360 --> 00:37:05.360]  開始之前他跟我說
[00:37:05.360 --> 00:37:09.360]  牧師,不如我們一起祈禱吧
[00:37:09.360 --> 00:37:11.360]  對,我都不記得了
[00:37:11.360 --> 00:37:13.360]  以前在電台上班的時候
[00:37:13.360 --> 00:37:15.360]  每一天開工之前
[00:37:15.360 --> 00:37:16.360]  我都會祈禱
[00:37:16.360 --> 00:37:18.360]  因為我知道沒有神幫助我
[00:37:18.360 --> 00:37:19.360]  我做不到
[00:37:19.360 --> 00:37:20.360]  而且這個是神的工作
[00:37:20.360 --> 00:37:21.360]  年紀大了
[00:37:21.360 --> 00:37:22.360]  或者可能做了牧師很久
[00:37:22.360 --> 00:37:24.360]  都不太記得要祈禱
[00:37:24.360 --> 00:37:26.360]  他就說好,好,好,祈禱,祈禱
[00:37:26.360 --> 00:37:29.360]  祈禱的弟兄,我想他看一看我
[00:37:29.360 --> 00:37:30.360]  都看到我還是有些憂愁
[00:37:30.360 --> 00:37:31.360]  於是他跟我說
[00:37:31.360 --> 00:37:34.360]  牧師,上高會看著你的
[00:37:34.360 --> 00:37:37.360]  他說上高不是上高的單位
[00:37:37.360 --> 00:37:40.360]  他說神是會看著你的
[00:37:40.360 --> 00:37:42.360]  然後他幫我做完之後
[00:37:42.360 --> 00:37:45.360]  整個廁所都是泥石
[00:37:45.360 --> 00:37:46.360]  我吸塵自己行
[00:37:46.360 --> 00:37:47.360]  不行,不行,不行
[00:37:47.360 --> 00:37:48.360]  讓我來,讓我來
[00:37:48.360 --> 00:37:50.360]  因為這些不是家居垃圾
[00:37:50.360 --> 00:37:52.360]  要我拿回公司
[00:37:52.360 --> 00:37:55.360]  於是他用袋子裝了泥頭
[00:37:55.360 --> 00:37:56.360]  然後我想一下
[00:37:56.360 --> 00:37:59.360]  其實這個弟兄他就是在做神的工作
[00:37:59.360 --> 00:38:00.360]  多微小
[00:38:00.360 --> 00:38:02.360]  第一,祈禱
[00:38:02.360 --> 00:38:04.360]  這個禱告不要小看
[00:38:04.360 --> 00:38:05.360]  好像謝範祈禱
[00:38:05.360 --> 00:38:07.360]  神是我的主
[00:38:07.360 --> 00:38:08.360]  是他賜工作給我的
[00:38:08.360 --> 00:38:10.360]  第二,他會看著
[00:38:10.360 --> 00:38:11.360]  不是我看著你
[00:38:11.360 --> 00:38:12.360]  你不用看著我做
[00:38:12.360 --> 00:38:14.360]  看他幫你做
[00:38:14.360 --> 00:38:16.360]  第三,很微小的
[00:38:16.360 --> 00:38:18.360]  我走的時候他用手掃了
[00:38:18.360 --> 00:38:19.360]  整個廁所乾淨了
[00:38:19.360 --> 00:38:21.360]  每一樣很微小的工作
[00:38:21.360 --> 00:38:22.360]  他都做好
[00:38:22.360 --> 00:38:24.360]  所以今天你可能是家庭主婦
[00:38:24.360 --> 00:38:26.360]  可能你退休
[00:38:26.360 --> 00:38:27.360]  照顧孫子
[00:38:27.360 --> 00:38:29.360]  每一個工作
[00:38:29.360 --> 00:38:31.360]  神都可以讓你做得很好
[00:38:31.360 --> 00:38:32.360]  很微小
[00:38:32.360 --> 00:38:34.360]  都可以做到這個弟兄一樣
[00:38:34.360 --> 00:38:35.360]  榮神益人
[00:38:35.360 --> 00:38:37.360]  上個星期家喬牧師
[00:38:37.360 --> 00:38:39.360]  就和我們分享了一個人
[00:38:39.360 --> 00:38:41.360]  我想用這個人物作為一個結束
[00:38:41.360 --> 00:38:45.360]  這個人物就是劍橋七傑之一的何思德
[00:38:45.360 --> 00:38:48.360]  我記得在四年前分享C編九十篇的時候
[00:38:48.360 --> 00:38:49.360]  我也分享過
[00:38:49.360 --> 00:38:51.360]  劍橋七傑當年
[00:38:51.360 --> 00:38:53.360]  劍橋七個很有為的人
[00:38:53.360 --> 00:38:56.360]  他們來到中國去傳福音
[00:38:56.360 --> 00:38:58.360]  他們是內地會創辦人
[00:38:58.360 --> 00:39:00.360]  戴德生、呼釗
[00:39:00.360 --> 00:39:02.360]  接著他們加入了海外使團
[00:39:02.360 --> 00:39:03.360]  也是當時的內地會
[00:39:03.360 --> 00:39:05.360]  在有一篇文章
[00:39:05.360 --> 00:39:07.360]  《隱藏基督律》何思德小傳裡面這樣說
[00:39:07.360 --> 00:39:09.360]  他說到何思德面對的一生
[00:39:09.360 --> 00:39:12.360]  他說論到家世的背景
[00:39:12.360 --> 00:39:13.360]  論到個人的特質
[00:39:13.360 --> 00:39:16.360]  何思德似乎不是身邊的人那麼耀眼
[00:39:16.360 --> 00:39:18.360]  他甚至是當中唯一一個
[00:39:18.360 --> 00:39:20.360]  沒有曾經在劍橋讀書的人
[00:39:20.360 --> 00:39:22.360]  他是軍官來的
[00:39:22.360 --> 00:39:24.360]  但是當日在場的人
[00:39:24.360 --> 00:39:26.360]  甚至可能何思德都沒有想過
[00:39:26.360 --> 00:39:29.360]  神竟然揀選了他承接戴德生的火炬
[00:39:29.360 --> 00:39:30.360]  可能你看著自己
[00:39:30.360 --> 00:39:31.360]  我又不是牧師
[00:39:31.360 --> 00:39:32.360]  我又不是傳道
[00:39:32.360 --> 00:39:34.360]  但可能神揀了你
[00:39:34.360 --> 00:39:36.360]  是你才可以接觸你的家人
[00:39:36.360 --> 00:39:38.360]  是你才可以接觸樓下的看家
[00:39:38.360 --> 00:39:40.360]  是你才可以接觸一些
[00:39:40.360 --> 00:39:42.360]  可能我不認識的人
[00:39:42.360 --> 00:39:44.360]  神今天將這個火炬給了你
[00:39:44.360 --> 00:39:46.360]  就正如他給了何思德一樣
[00:39:46.360 --> 00:39:48.360]  何思德擔任了內地會的總主任
[00:39:48.360 --> 00:39:49.360]  總幹事
[00:39:49.360 --> 00:39:50.360]  有三十五年
[00:39:50.360 --> 00:39:53.360]  人對他的印象沒有戴德生一樣轟轟烈烈
[00:39:53.360 --> 00:39:54.360]  但他做了一個繼承者
[00:39:54.360 --> 00:39:56.360]  他是有為有守
[00:39:56.360 --> 00:39:58.360]  帶領內地會沒有違背了
[00:39:58.360 --> 00:40:00.360]  從上天來的意象
[00:40:00.360 --> 00:40:01.360]  一九二九年
[00:40:01.360 --> 00:40:04.360]  很多宣教團體都考慮退去的時候
[00:40:04.360 --> 00:40:05.360]  七十高齡
[00:40:05.360 --> 00:40:06.360]  可能你都未到七十了
[00:40:06.360 --> 00:40:08.360]  何思德就呼籲所有人一起祈禱
[00:40:08.360 --> 00:40:10.360]  他求主給我們有二百個童工
[00:40:10.360 --> 00:40:11.360]  對於當事人來說
[00:40:11.360 --> 00:40:12.360]  你都走了
[00:40:12.360 --> 00:40:13.360]  還哪有那麼多人
[00:40:13.360 --> 00:40:14.360]  但三年裏面
[00:40:14.360 --> 00:40:17.360]  神給了內地會二百零三個童工
[00:40:17.360 --> 00:40:19.360]  其實他做的事情只是一樣
[00:40:19.360 --> 00:40:20.360]  就是祈禱
[00:40:20.360 --> 00:40:21.360]  祈禱
[00:40:21.360 --> 00:40:24.360]  神在我們的生命裏面已經工作了
[00:40:24.360 --> 00:40:26.360]  所以你今天要做的就是禱告
[00:40:26.360 --> 00:40:27.360]  神啊你使用我
[00:40:27.360 --> 00:40:28.360]  無論我什麼年紀
[00:40:28.360 --> 00:40:31.360]  六十七十八十九十
[00:40:31.360 --> 00:40:33.360]  我都繼續做一樣東西
[00:40:33.360 --> 00:40:35.360]  這個是有人稱呼何思德的一生
[00:40:35.360 --> 00:40:36.360]  就是什麼呢
[00:40:36.360 --> 00:40:38.360]  我們一起讀那八個字
[00:40:38.360 --> 00:40:40.360]  生為忘誤
[00:40:40.360 --> 00:40:42.360]  銘記基督
[00:40:42.360 --> 00:40:43.360]  我們讀多一次
[00:40:43.360 --> 00:40:45.360]  生為忘誤
[00:40:45.360 --> 00:40:47.360]  銘記基督
[00:40:47.360 --> 00:40:49.360]  He lives to be forgotten
[00:40:49.360 --> 00:40:51.360]  so that Christ will be remembered
[00:40:51.360 --> 00:40:53.360]  今天我們生命的盼望
[00:40:53.360 --> 00:40:54.360]  生之盼是什麼呢
[00:40:54.360 --> 00:40:56.360]  我們最怕就是死亡
[00:40:56.360 --> 00:40:57.360]  最怕就是病
[00:40:57.360 --> 00:40:58.360]  但不用怕
[00:40:58.360 --> 00:40:59.360]  每個人都會有
[00:40:59.360 --> 00:41:01.360]  其實我們最怕就是被忘記
[00:41:01.360 --> 00:41:02.360]  不要緊的
[00:41:02.360 --> 00:41:04.360]  每一個人都會被忘記
[00:41:04.360 --> 00:41:05.360]  你多重要都好
[00:41:05.360 --> 00:41:06.360]  你會被人忘記
[00:41:06.360 --> 00:41:08.360]  但是當人去說你的生命的時候
[00:41:08.360 --> 00:41:09.360]  他們說
[00:41:09.360 --> 00:41:10.360]  基督
[00:41:10.360 --> 00:41:11.360]  我爺爺啊
[00:41:11.360 --> 00:41:12.360]  什麼什麼
[00:41:12.360 --> 00:41:13.360]  那時候他是祈禱的
[00:41:13.360 --> 00:41:15.360]  他們為我們一家祈禱
[00:41:15.360 --> 00:41:16.360]  當人記得你的生命的時候
[00:41:16.360 --> 00:41:18.360]  是記得耶穌
[00:41:18.360 --> 00:41:20.360]  這個才是最重要
[00:41:20.360 --> 00:41:22.360]  所以到了晚間的時候的何思德
[00:41:22.360 --> 00:41:23.360]  你想想
[00:41:23.360 --> 00:41:24.360]  由年輕的時候
[00:41:24.360 --> 00:41:25.360]  一個劍橋七傑
[00:41:25.360 --> 00:41:26.360]  坐在那裡
[00:41:26.360 --> 00:41:27.360]  跟中國人
[00:41:27.360 --> 00:41:29.360]  他不介意自己的身段
[00:41:29.360 --> 00:41:31.360]  在最骯髒的地方
[00:41:31.360 --> 00:41:32.360]  在最艱難的地方
[00:41:32.360 --> 00:41:33.360]  跟中國人
[00:41:33.360 --> 00:41:35.360]  特別很多吃鴉片的人去傳福音
[00:41:35.360 --> 00:41:36.360]  去到年老的日子的時候
[00:41:36.360 --> 00:41:37.360]  他用禱告
[00:41:37.360 --> 00:41:39.360]  去守望著整個內地會
[00:41:39.360 --> 00:41:41.360]  所以無論是那位裝修的弟兄
[00:41:41.360 --> 00:41:43.360]  又或者是何思德
[00:41:43.360 --> 00:41:44.360]  我們的焦點
[00:41:44.360 --> 00:41:45.360]  不放在我們自己生命裡面
[00:41:45.360 --> 00:41:47.360]  我們捉緊神的時間
[00:41:47.360 --> 00:41:48.360]  人生是短暫的
[00:41:48.360 --> 00:41:49.360]  但是我們
[00:41:49.360 --> 00:41:51.360]  醒察自己的過犯
[00:41:51.360 --> 00:41:52.360]  每一早
[00:41:52.360 --> 00:41:53.360]  延續神的功
[00:41:53.360 --> 00:41:54.360]  每一晚
[00:41:54.360 --> 00:41:55.360]  我們醒察
[00:41:55.360 --> 00:41:56.360]  我們自己的過犯
[00:41:56.360 --> 00:41:57.360]  然後將我們的生命
[00:41:57.360 --> 00:41:59.360]  完全的相信神
[00:41:59.360 --> 00:42:00.360]  倚靠神
[00:42:00.360 --> 00:42:01.360]  就好像我們
[00:42:01.360 --> 00:42:02.360]  待會師伯會帶來唱的詩歌
[00:42:02.360 --> 00:42:04.360]  今生所盼
[00:42:04.360 --> 00:42:06.360]  我們所盼望的是什麼呢
[00:42:06.360 --> 00:42:08.360]  是耶穌基督
[00:42:08.360 --> 00:42:10.360]  祂是復活的主
[00:42:10.360 --> 00:42:12.360]  我們向世界宣告
[00:42:12.360 --> 00:42:16.360]  生命的終結不是死亡
[00:42:16.360 --> 00:42:18.360]  生命是耶穌基督給我們的
[00:42:18.360 --> 00:42:19.360]  我們一起去禱告
[00:42:19.360 --> 00:42:24.360]  親愛的主耶穌基督
[00:42:24.360 --> 00:42:25.360]  我們感謝祢
[00:42:25.360 --> 00:42:26.360]  祢是復活的主
[00:42:26.360 --> 00:42:29.360]  今日祢仍然坐著為王
[00:42:29.360 --> 00:42:32.360]  求祢帶領我們每一個弟兄姊妹
[00:42:32.360 --> 00:42:33.360]  特別這一刻
[00:42:33.360 --> 00:42:34.360]  我們可能人生不同的階段
[00:42:34.360 --> 00:42:36.360]  無論我們可能是在職的
[00:42:36.360 --> 00:42:38.360]  或者即將退休
[00:42:38.360 --> 00:42:39.360]  甚至已經退休
[00:42:39.360 --> 00:42:40.360]  不同的階段
[00:42:40.360 --> 00:42:42.360]  主人祢呼召我們
[00:42:42.360 --> 00:42:44.360]  哪怕我們是為我們的家人去禱告
[00:42:44.360 --> 00:42:46.360]  哪怕是我們
[00:42:46.360 --> 00:42:48.360]  還很想去裝備
[00:42:48.360 --> 00:42:49.360]  被主祢所用
[00:42:49.360 --> 00:42:50.360]  不同的使命
[00:42:50.360 --> 00:42:52.360]  無論大與小
[00:42:52.360 --> 00:42:54.360]  我們在乎的是
[00:42:54.360 --> 00:42:56.360]  基督祢的名被人紀念
[00:42:56.360 --> 00:42:59.360]  如果這是你一生的盼望的時候
[00:42:59.360 --> 00:43:00.360]  我邀請你舉起手
[00:43:00.360 --> 00:43:01.360]  我為你去禱告
[00:43:01.360 --> 00:43:02.360]  主啊
[00:43:02.360 --> 00:43:03.360]  你看到
[00:43:03.360 --> 00:43:05.360]  讓我們一生永遠去感謝主
[00:43:05.360 --> 00:43:07.360]  讓我們不只是安逸的生活
[00:43:07.360 --> 00:43:08.360]  讓我們像摩世一樣
[00:43:08.360 --> 00:43:10.360]  無論我們人生七十八十
[00:43:10.360 --> 00:43:12.360]  甚至有更多的年日
[00:43:12.360 --> 00:43:14.360]  我們一生都榮耀主名
[00:43:14.360 --> 00:43:15.360]  主啊
[00:43:15.360 --> 00:43:16.360]  祢看到我們
[00:43:16.360 --> 00:43:18.360]  求祢祝福我們
[00:43:18.360 --> 00:43:20.360]  祝福我們手上所作的功
[00:43:20.360 --> 00:43:23.360]  因為耶穌那位勝過死亡
[00:43:23.360 --> 00:43:25.360]  並且有一天祢會再來的君王
[00:43:25.360 --> 00:43:27.360]  你誰聽我們禱告
[00:43:27.360 --> 00:43:29.360]  奉主耶穌基督的聖名祈求
[00:43:29.360 --> 00:43:30.360]  Amen
