
[00:00:00.000 --> 00:00:03.760]  今天我們會繼續看《約翰福音》的系列
[00:00:03.760 --> 00:00:06.000]  不知道大家記不記得上次我們說到哪裏呢
[00:00:06.000 --> 00:00:10.000]  今天我們會說約翰福音的九章
[00:00:10.000 --> 00:00:11.600]  一至十二節
[00:00:11.600 --> 00:00:15.400]  在不久之前耶穌在主彭寺向人宣稱
[00:00:15.400 --> 00:00:17.000]  「我是世上的光」
[00:00:17.000 --> 00:00:18.800]  來到第九章的時候
[00:00:18.800 --> 00:00:21.200]  耶穌用了一個核子開眼的神蹟
[00:00:21.200 --> 00:00:26.400]  去說明清楚自己就是一個讓人看得見光的各位上帝
[00:00:26.400 --> 00:00:28.600]  讓我們先讀讀經文好不好
[00:00:29.600 --> 00:00:31.000]  我們一起讀經文
[00:00:31.000 --> 00:00:32.200]  一二三開始
[00:00:59.600 --> 00:01:00.800]  親著白天
[00:01:00.800 --> 00:01:02.200]  我們必須
[00:01:02.200 --> 00:01:08.200]  一來到就沒有人能作了
[00:01:08.200 --> 00:01:12.800]  我們一起祈禱
[00:01:12.800 --> 00:01:15.200]  主啊祢是那個世界的光
[00:01:15.200 --> 00:01:18.400]  我們求祢繼續去照亮我們每個人的生命
[00:01:18.400 --> 00:01:19.800]  就好像剛剛主席所說
[00:01:19.800 --> 00:01:20.800]  去開我們的耳朵
[00:01:20.800 --> 00:01:22.000]  開我們的眼睛
[00:01:22.000 --> 00:01:24.600]  以致今天我們可以得到祢的教導的時候
[00:01:24.600 --> 00:01:25.800]  我們可以明白
[00:01:25.800 --> 00:01:27.200]  我們可以活現出來
[00:01:27.200 --> 00:01:29.800]  感謝祢就是那位聽禱告的上帝
[00:01:29.800 --> 00:01:31.400]  我們將以下時間交給祢
[00:01:31.400 --> 00:01:34.200]  都求祢繼續用祢大能的手
[00:01:34.200 --> 00:01:37.000]  繼續去和祢感動人的靈
[00:01:37.000 --> 00:01:38.600]  繼續去感動我們每一個
[00:01:38.600 --> 00:01:40.000]  不論在台上還是台下
[00:01:40.000 --> 00:01:41.600]  帶領著我們每一個時間
[00:01:41.600 --> 00:01:42.400]  奉主名求
[00:01:42.400 --> 00:01:43.200]  阿門
[00:01:43.200 --> 00:01:43.800]  好
[00:01:43.800 --> 00:01:46.600]  今天所提及的經文
[00:01:46.600 --> 00:01:50.800]  就是說耶穌要醫治一個天生看不到的人
[00:01:50.800 --> 00:01:53.000]  耶穌在第八章最後的時候
[00:01:53.000 --> 00:01:55.000]  剛剛離開聖殿
[00:01:55.000 --> 00:01:56.600]  往前走的時候
[00:01:56.600 --> 00:02:00.000]  就遇到一個生來黑眼的人
[00:02:00.000 --> 00:02:04.800]  但是這裡不是在說他和黑眼的人相遇的事
[00:02:04.800 --> 00:02:07.000]  他在和門徒說話
[00:02:07.000 --> 00:02:08.200]  門徒看到黑眼的人
[00:02:08.200 --> 00:02:09.600]  他第一句就問
[00:02:09.600 --> 00:02:11.000]  老師
[00:02:11.000 --> 00:02:13.400]  他天生黑眼或者失明
[00:02:13.400 --> 00:02:16.400]  他是歸咎於誰的罪呢
[00:02:16.400 --> 00:02:21.000]  是他自己還是他父母呢
[00:02:21.000 --> 00:02:22.600]  其實這個問題很奇怪
[00:02:22.600 --> 00:02:25.000]  怎麼會有人天生犯罪
[00:02:25.000 --> 00:02:27.600]  所以其實他心中已經有答案
[00:02:27.600 --> 00:02:29.200]  但是他就是想問一問
[00:02:29.200 --> 00:02:30.200]  耶穌拉比
[00:02:30.200 --> 00:02:33.600]  究竟他的罪應該歸咎於誰呢
[00:02:33.600 --> 00:02:35.000]  對不起
[00:02:35.000 --> 00:02:37.200]  他的黑眼應該歸咎於誰的罪呢
[00:02:37.200 --> 00:02:39.200]  原來門徒這樣問
[00:02:39.200 --> 00:02:41.800]  是反映當時一個很普遍的觀念
[00:02:41.800 --> 00:02:47.000]  就是犯罪必定帶來詛咒或者懲罰的觀念
[00:02:47.000 --> 00:02:51.000]  認為一切的苦難都是有原因的
[00:02:51.000 --> 00:02:53.400]  在某程度上都是有一定的信仰基礎
[00:02:53.400 --> 00:02:55.000]  現在和大家看看
[00:02:55.000 --> 00:02:56.200]  原來舊約也有說
[00:02:56.200 --> 00:03:00.600]  他說萬不以有罪的為無罪
[00:03:00.600 --> 00:03:02.200]  必懲罰人的罪
[00:03:02.200 --> 00:03:05.000]  從父到子直到三四代
[00:03:05.000 --> 00:03:08.600]  舊約是在說上帝是一個公平的上帝
[00:03:08.600 --> 00:03:10.600]  所以雖然他有第一句
[00:03:10.600 --> 00:03:11.800]  耶和華不輕易法老
[00:03:11.800 --> 00:03:15.200]  但是有罪的神是會懲罰他
[00:03:15.200 --> 00:03:18.600]  這個是他們舊約很牢固的觀念
[00:03:18.600 --> 00:03:21.800]  也是很符合我們日常的經驗
[00:03:21.800 --> 00:03:23.200]  大家有沒有試過吃錯東西
[00:03:23.200 --> 00:03:24.400]  然後肚子痛
[00:03:24.400 --> 00:03:25.400]  有吧
[00:03:25.400 --> 00:03:28.400]  有沒有試過遇上一些人是滿口謊言
[00:03:28.400 --> 00:03:31.800]  結果他總是被人疏遠孤立
[00:03:31.800 --> 00:03:32.800]  有吧
[00:03:32.800 --> 00:03:35.200]  或者你可能試過超速
[00:03:35.200 --> 00:03:37.200]  然後被人扣分
[00:03:37.200 --> 00:03:38.400]  有沒有試過
[00:03:38.400 --> 00:03:40.400]  可能大家還沒買車
[00:03:40.400 --> 00:03:42.000]  可能試過
[00:03:42.000 --> 00:03:44.400]  或者試過可能上班的時候
[00:03:44.400 --> 00:03:47.000]  公然睡覺然後收警告信
[00:03:47.000 --> 00:03:48.800]  大家有沒有聽過這些故事
[00:03:48.800 --> 00:03:52.600]  其實很多事情都是好像很有原因的
[00:03:52.600 --> 00:03:56.400]  有些人的苦難是背後有些原因
[00:03:56.400 --> 00:03:58.400]  甚至連耶穌也說
[00:03:58.400 --> 00:04:01.600]  在第五章他遇上不事大事的癱子
[00:04:01.600 --> 00:04:03.400]  他醫了他之後
[00:04:03.400 --> 00:04:05.000]  不知道大家記不記得他最後說這句
[00:04:05.000 --> 00:04:07.200]  他說你已經痊癒了
[00:04:07.200 --> 00:04:09.000]  不要再犯罪
[00:04:09.000 --> 00:04:11.200]  免得你的遭遇更壞
[00:04:11.200 --> 00:04:12.600]  連耶穌也說
[00:04:12.600 --> 00:04:16.600]  你犯罪你的遭遇都會更加壞
[00:04:16.600 --> 00:04:20.400]  以上說的一切似乎都好像向我們指出
[00:04:20.400 --> 00:04:23.200]  這些不好的遭遇和罪孽之間
[00:04:23.200 --> 00:04:26.600]  確實存在著某種的連繫
[00:04:26.600 --> 00:04:28.800]  而這種因果關係
[00:04:28.800 --> 00:04:33.400]  好像在決定世界運行的定律一樣
[00:04:33.400 --> 00:04:37.200]  但門徒所提問的背後
[00:04:37.200 --> 00:04:40.600]  都是帶著一個神異論的想法
[00:04:40.600 --> 00:04:42.200]  不知道大家有沒有聽過這個字
[00:04:42.200 --> 00:04:44.200]  神異論
[00:04:44.200 --> 00:04:45.400]  Theodicy
[00:04:45.400 --> 00:04:46.200]  神異論
[00:04:46.200 --> 00:04:49.200]  大家可以AI問一下這個發生什麼事
[00:04:49.200 --> 00:04:51.400]  OK 說一點點
[00:04:51.400 --> 00:04:53.200]  就是神異論
[00:04:53.200 --> 00:04:55.400]  簡單說神異論的人
[00:04:55.400 --> 00:04:57.000]  或者這個想法是說什麼呢
[00:04:57.000 --> 00:05:01.400]  就是說因為神是公義慈愛全能
[00:05:01.400 --> 00:05:04.000]  所以他會透過這個解釋方法
[00:05:04.000 --> 00:05:05.800]  去解釋世上一切苦難
[00:05:05.800 --> 00:05:06.600]  意思是什麼
[00:05:06.600 --> 00:05:10.800]  就是說既然上帝是美善和掌權的
[00:05:10.800 --> 00:05:14.400]  世上怎麼會有不公平的事呢
[00:05:14.400 --> 00:05:16.400]  所以一切不公的事
[00:05:16.400 --> 00:05:20.000]  只不過是看起來不公平
[00:05:20.000 --> 00:05:22.800]  總是有些人需要被懲罰的
[00:05:22.800 --> 00:05:26.400]  所以神異論想法的人
[00:05:26.400 --> 00:05:28.400]  他們寧願很殘忍的
[00:05:28.400 --> 00:05:30.400]  將一切苦況
[00:05:30.400 --> 00:05:34.600]  一切的苦難歸因給人
[00:05:34.600 --> 00:05:37.800]  甚至不容許人向神作出抗議
[00:05:37.800 --> 00:05:39.800]  因為神是完美的
[00:05:39.800 --> 00:05:40.400]  是全能的
[00:05:40.400 --> 00:05:40.800]  是公義的
[00:05:40.800 --> 00:05:42.200]  是慈愛的
[00:05:42.200 --> 00:05:43.400]  面對這種思想的時候
[00:05:43.400 --> 00:05:46.000]  我們怎麼去拆解
[00:05:46.000 --> 00:05:48.000]  可能我們就要問
[00:05:48.000 --> 00:05:49.800]  難道創天造地的神
[00:05:49.800 --> 00:05:52.800]  真的需要我們去維護嗎
[00:05:52.800 --> 00:05:54.600]  或者我們可以問
[00:05:54.600 --> 00:05:57.000]  難道我們真的可以
[00:05:57.000 --> 00:06:01.200]  能夠去取代上帝去解釋苦難嗎
[00:06:01.200 --> 00:06:03.000]  其實聖經很清楚
[00:06:03.000 --> 00:06:05.200]  在約伯記裡面不知道大家有沒有記得
[00:06:05.200 --> 00:06:06.600]  在最後的時候
[00:06:06.600 --> 00:06:08.800]  神是在罵一群人
[00:06:08.800 --> 00:06:11.200]  就是在罵約伯那群朋友
[00:06:11.200 --> 00:06:14.400]  因為那群朋友都是帶著神異論的想法
[00:06:14.400 --> 00:06:16.600]  去向約伯抗議
[00:06:16.600 --> 00:06:18.200]  你真的不要在這裡怨神
[00:06:18.200 --> 00:06:19.000]  你的錯
[00:06:19.000 --> 00:06:21.600]  你受的苦是因為神是公義的
[00:06:21.600 --> 00:06:22.600]  是你有問題的
[00:06:22.600 --> 00:06:23.800]  記不記得
[00:06:23.800 --> 00:06:26.600]  原來上帝對著這群
[00:06:26.600 --> 00:06:30.000]  嘗試企圖維護神是公義
[00:06:30.000 --> 00:06:31.800]  慈愛全能的這群朋友
[00:06:31.800 --> 00:06:33.400]  上帝用一個詞形容他們
[00:06:33.400 --> 00:06:34.800]  是愚妄的
[00:06:34.800 --> 00:06:35.800]  你異論我
[00:06:35.800 --> 00:06:37.800]  你是愚妄的這群人
[00:06:37.800 --> 00:06:39.000]  相反
[00:06:39.000 --> 00:06:46.000]  神坦誠地向約伯願意向神訴苦
[00:06:46.000 --> 00:06:47.600]  提出質詢的約伯
[00:06:47.600 --> 00:06:50.600]  他說你是蒙我越南
[00:06:50.600 --> 00:06:53.200]  你說的話是正確的
[00:06:53.200 --> 00:06:54.600]  我想說什麼呢
[00:06:54.600 --> 00:06:55.600]  我想說
[00:06:55.600 --> 00:06:57.600]  其實神異論真的很有問題
[00:06:57.600 --> 00:07:00.600]  但往往有時候我們人生
[00:07:00.600 --> 00:07:02.800]  不知道我們會不會有這種想法
[00:07:02.800 --> 00:07:06.400]  總覺得我們生活上遇到不好的事情
[00:07:06.400 --> 00:07:09.200]  都是因為我們曾經做了錯的事情
[00:07:09.200 --> 00:07:12.400]  或者不好的事情
[00:07:12.400 --> 00:07:14.400]  但更加可悲的是
[00:07:14.400 --> 00:07:17.000]  這種神異論的想法
[00:07:17.000 --> 00:07:20.600]  往往是令人感到一個無比的舒服
[00:07:20.600 --> 00:07:22.800]  什麼人覺得很無比的舒服呢
[00:07:22.800 --> 00:07:25.000]  就是一些生活無憂
[00:07:25.000 --> 00:07:26.800]  身心健全的人
[00:07:26.800 --> 00:07:28.200]  就好像法利創人一樣
[00:07:28.200 --> 00:07:29.800]  或者門徒一樣
[00:07:29.800 --> 00:07:31.400]  他們恃著自己有些知識
[00:07:31.400 --> 00:07:33.200]  有些宗教的權力
[00:07:33.200 --> 00:07:34.200]  有些人氣
[00:07:34.200 --> 00:07:35.200]  有些錢
[00:07:35.200 --> 00:07:36.600]  就覺得自己很棒
[00:07:36.600 --> 00:07:37.200]  很威風
[00:07:37.200 --> 00:07:38.800]  覺得神很喜悅我
[00:07:38.800 --> 00:07:40.600]  自我感覺良好
[00:07:40.600 --> 00:07:46.000]  卻是隱藏著很多的自滿和自意
[00:07:46.000 --> 00:07:47.400]  這種的自意
[00:07:47.400 --> 00:07:49.400]  驅使人站在一個道德高地
[00:07:49.400 --> 00:07:52.200]  這樣批判其他人而不自知
[00:07:52.200 --> 00:07:53.400]  就好像瞎了一樣
[00:07:53.400 --> 00:07:54.600]  看不到自己的問題
[00:07:54.600 --> 00:07:58.000]  指指點點對人平頭品足
[00:07:58.000 --> 00:07:59.600]  可能這種文化
[00:07:59.600 --> 00:08:02.400]  不知道會不會在你的餐廳發生過
[00:08:02.400 --> 00:08:06.200]  或者在討論區都見過不少
[00:08:06.200 --> 00:08:08.400]  那我們呢
[00:08:08.400 --> 00:08:11.000]  我們有沒有因為教會的規模
[00:08:11.000 --> 00:08:13.200]  我們團契的特色
[00:08:13.200 --> 00:08:15.000]  小組的質素
[00:08:15.000 --> 00:08:16.600]  或者自身的侍奉
[00:08:16.600 --> 00:08:19.400]  我們的能力而感到自滿
[00:08:19.400 --> 00:08:20.800]  自High
[00:08:20.800 --> 00:08:22.800]  覺得自己很重要
[00:08:22.800 --> 00:08:25.200]  到一個點開始說白話
[00:08:25.200 --> 00:08:26.800]  Gossip
[00:08:26.800 --> 00:08:28.800]  消費別人的不幸
[00:08:28.800 --> 00:08:32.400]  去無視那些真的處在困境當中
[00:08:32.400 --> 00:08:34.400]  需要神醫治的人
[00:08:34.400 --> 00:08:36.000]  去說三道四
[00:08:36.000 --> 00:08:40.000]  甚至越說越興奮
[00:08:40.000 --> 00:08:43.000]  門徒或許都是這樣
[00:08:43.000 --> 00:08:45.000]  帶著這種的自二自滿
[00:08:45.000 --> 00:08:47.400]  在問是誰犯罪
[00:08:47.400 --> 00:08:51.400]  是這個人還是他父母
[00:08:51.400 --> 00:08:53.400]  而最毒最毒的是
[00:08:53.400 --> 00:08:55.400]  當我們將焦點放在人身上的時候
[00:08:55.400 --> 00:08:57.600]  我們見不到我們自己骨子裏面
[00:08:57.600 --> 00:09:02.000]  其實都是同樣的很需要上帝的憐憫和寬恕
[00:09:02.000 --> 00:09:03.200]  其實真的很難發生的
[00:09:03.200 --> 00:09:04.200]  你想一下
[00:09:04.200 --> 00:09:07.000]  當我們一直培養組員有些問題的時候
[00:09:07.000 --> 00:09:10.400]  我們不會為自己的鉗子去流淚禱告
[00:09:10.400 --> 00:09:12.400]  或者我們不會一直說
[00:09:12.400 --> 00:09:14.600]  為什麼這樣的時候突然覺悟
[00:09:14.600 --> 00:09:16.800]  原來我自己也有份
[00:09:16.800 --> 00:09:18.000]  很難的
[00:09:18.000 --> 00:09:20.000]  當我們去指責其他人的時候
[00:09:20.000 --> 00:09:23.000]  我們很難見到自己有問題
[00:09:23.000 --> 00:09:26.400]  所以我們可能都會在一種黑眼的當中
[00:09:26.400 --> 00:09:28.800]  一種盲的當中
[00:09:28.800 --> 00:09:31.000]  特別是在批判的過程裏面
[00:09:31.000 --> 00:09:34.600]  我們見不到自己是比其他人好不多
[00:09:34.600 --> 00:09:39.800]  看不到我們每天都很需要神的恩典
[00:09:39.800 --> 00:09:43.200]  這種自二驕傲的思考模式
[00:09:43.200 --> 00:09:46.000]  其實由亞當夏娃開始已經有
[00:09:46.000 --> 00:09:48.600]  當蛇去問夏娃你想不想像神一樣
[00:09:48.600 --> 00:09:49.800]  去分辨善惡
[00:09:49.800 --> 00:09:51.000]  其實就是這樣
[00:09:51.000 --> 00:09:53.600]  我們很想去拿到判斷的權力
[00:09:53.600 --> 00:09:57.200]  其實一直很牢固地存在在人類文化當中
[00:09:57.200 --> 00:10:00.600]  這幾千年來跨越地域比比皆是
[00:10:00.600 --> 00:10:01.600]  反映出的是什麼
[00:10:01.600 --> 00:10:04.000]  是人墮落的結果
[00:10:04.000 --> 00:10:06.000]  就是如此的絕望
[00:10:06.000 --> 00:10:08.400]  混沌和黑暗
[00:10:08.400 --> 00:10:13.200]  這個會不會都是你的經驗呢
[00:10:13.200 --> 00:10:17.600]  但是耶穌要堅決否定這種態度
[00:10:17.600 --> 00:10:19.000]  祂清楚指出
[00:10:19.000 --> 00:10:21.200]  這個人的黑眼不是因為他自身
[00:10:21.200 --> 00:10:23.400]  或者他父母的罪
[00:10:23.400 --> 00:10:26.000]  道成肉身的耶穌
[00:10:26.000 --> 00:10:29.000]  祂就好像一個劃破夜空的光芒
[00:10:29.000 --> 00:10:32.600]  衝擊著這個苦罪關係的必然性
[00:10:32.600 --> 00:10:37.400]  祂要衝擊這個令人驕傲無望的暗昧的想法
[00:10:37.400 --> 00:10:41.400]  因為苦難的奧秘是沒有人能夠掌握
[00:10:41.400 --> 00:10:47.200]  所以耶穌沒有和門徒糾纏在這個歪的問題上
[00:10:47.200 --> 00:10:48.400]  為什麼有苦難
[00:10:48.400 --> 00:10:49.800]  祂不再糾纏
[00:10:49.800 --> 00:10:53.000]  祂甚至要將這個討論去到另一個層次
[00:10:53.000 --> 00:10:59.000]  去到另一個層次就是注目在上帝的工作上面
[00:10:59.000 --> 00:11:00.200]  耶穌回答說
[00:11:00.200 --> 00:11:01.600]  既不是這人犯罪
[00:11:01.600 --> 00:11:04.800]  也不是他父母犯了罪
[00:11:04.800 --> 00:11:07.800]  而是要在他身上顯明神的工作
[00:11:07.800 --> 00:11:09.000]  趁著白日
[00:11:09.000 --> 00:11:12.800]  我們必須作猜我來的那位的工作
[00:11:12.800 --> 00:11:15.800]  黑夜來到就沒有人能作了
[00:11:15.800 --> 00:11:19.000]  我在世上的時候是世上的光
[00:11:19.000 --> 00:11:21.000]  耶穌用白日和光
[00:11:21.000 --> 00:11:24.000]  去表達自己在地上時間有限
[00:11:24.000 --> 00:11:26.400]  當耶穌被掛在十字架上的時候
[00:11:26.400 --> 00:11:28.400]  就是黑暗的日子
[00:11:28.400 --> 00:11:30.400]  但更加重要的祂很想說
[00:11:30.400 --> 00:11:32.200]  祂就是自己
[00:11:32.200 --> 00:11:35.000]  耶穌自己就是父神的代理人
[00:11:35.000 --> 00:11:36.800]  祂在來到世人當中
[00:11:36.800 --> 00:11:40.600]  祂是要完成父所託付的工作
[00:11:40.600 --> 00:11:42.200]  這個工作的字出現了四次
[00:11:42.200 --> 00:11:44.600]  其實希臘文大家可能認識
[00:11:44.600 --> 00:11:45.800]  叫做Ergon
[00:11:45.800 --> 00:11:47.200]  Ergonomics聽過吧
[00:11:47.200 --> 00:11:48.600]  Ergon是工作
[00:11:48.600 --> 00:11:49.600]  出現了四次
[00:11:49.600 --> 00:11:51.800]  很想說的其實是神的工作
[00:11:51.800 --> 00:11:54.200]  這個是另一個層次
[00:11:54.200 --> 00:11:56.800]  所以當世界的光臨在的時候
[00:11:56.800 --> 00:11:59.000]  就是要讓人去看見
[00:11:59.000 --> 00:12:00.800]  讓我們有一副新的眼鏡
[00:12:00.800 --> 00:12:02.800]  用一個新的層次 新的視覺
[00:12:02.800 --> 00:12:06.400]  去了解這個世界是怎樣運作的
[00:12:06.400 --> 00:12:10.600]  耶穌是邀請人不再專注在過去
[00:12:10.600 --> 00:12:12.400]  因為是誰犯罪
[00:12:12.400 --> 00:12:15.800]  曾經的事 犯罪
[00:12:15.800 --> 00:12:17.400]  不再專注在過去
[00:12:17.400 --> 00:12:19.200]  或者在責罰當中
[00:12:19.200 --> 00:12:21.600]  而是邀請人重新發現
[00:12:21.600 --> 00:12:25.600]  神今日的恩典和憐憫的行動
[00:12:25.600 --> 00:12:26.800]  祂的工作
[00:12:26.800 --> 00:12:29.600]  這個是出於憐憫和恩典
[00:12:29.600 --> 00:12:32.400]  以致我們可以將我們將來
[00:12:32.400 --> 00:12:34.200]  和一切的可能性
[00:12:34.200 --> 00:12:39.400]  置放在神恩典的行動領域裏面
[00:12:39.400 --> 00:12:40.800]  我再說一次
[00:12:40.800 --> 00:12:43.400]  耶穌是邀請人不要再專注在過去
[00:12:43.400 --> 00:12:44.800]  和責罰當中
[00:12:44.800 --> 00:12:46.600]  而是重新去發現
[00:12:46.600 --> 00:12:49.400]  今日神恩典憐憫的行動
[00:12:49.400 --> 00:12:51.400]  以致我們可以將我們的將來
[00:12:51.400 --> 00:12:53.000]  和一切的可能性
[00:12:53.000 --> 00:12:57.400]  放在祂神恩典的行動領域裏面
[00:12:57.400 --> 00:12:59.800]  今日我們在座的都很年輕
[00:12:59.800 --> 00:13:02.800]  我們應該未經歷過喪妻
[00:13:02.800 --> 00:13:04.600]  破產
[00:13:04.600 --> 00:13:07.200]  患絕症 殘障
[00:13:07.200 --> 00:13:11.000]  我都不希望大家會經歷這些苦難
[00:13:11.000 --> 00:13:12.000]  但今日的神
[00:13:12.000 --> 00:13:13.800]  今日我們想講到
[00:13:13.800 --> 00:13:17.000]  神其實是可以轉化這些
[00:13:17.000 --> 00:13:19.200]  看似不可逆轉的苦難
[00:13:19.200 --> 00:13:21.200]  你信不信呢
[00:13:21.200 --> 00:13:26.600]  耶穌選擇向
[00:13:26.600 --> 00:13:28.400]  赫茲發出這個邀請
[00:13:28.400 --> 00:13:32.800]  是出於祂憐憫
[00:13:32.800 --> 00:13:35.600]  因為祂在祂面前的這個男士
[00:13:35.600 --> 00:13:37.000]  和你和我一樣
[00:13:37.000 --> 00:13:38.600]  都是一個有名字
[00:13:38.600 --> 00:13:39.800]  有故事
[00:13:39.800 --> 00:13:42.000]  是一個活生生的人
[00:13:42.000 --> 00:13:44.400]  哪怕他是一個邊緣化的一群
[00:13:44.400 --> 00:13:46.800]  神都很決意邀請他
[00:13:46.800 --> 00:13:49.000]  和他一起作供
[00:13:49.000 --> 00:13:52.200]  因為耶穌去看見的這個是一個人
[00:13:52.200 --> 00:13:53.600]  不是一個case
[00:13:53.600 --> 00:13:57.800]  不是一個需要受審判的一個案例
[00:13:57.800 --> 00:14:01.400]  去見到一個人
[00:14:01.400 --> 00:14:03.800]  以單純的信服作回應
[00:14:03.800 --> 00:14:05.000]  我們再讀這個經文
[00:14:05.000 --> 00:14:05.800]  我們再下去
[00:14:05.800 --> 00:14:07.000]  1 2 3
[00:14:07.000 --> 00:14:12.000]  說了這些話 耶穌沉沒在地上
[00:14:12.000 --> 00:14:15.800]  沉沒和了泥 涂在赫茲的眼睛上
[00:14:15.800 --> 00:14:20.200]  對他說 來到西來亞池裡洗一洗
[00:14:20.200 --> 00:14:23.800]  西來亞翻譯出來就是奉差遣
[00:14:23.800 --> 00:14:26.200]  於是他去洗了
[00:14:26.200 --> 00:14:32.600]  沒錯 耶穌沒有停在這個理論階段
[00:14:32.600 --> 00:14:34.000]  可以說得很厲害
[00:14:34.000 --> 00:14:35.600]  但耶穌有行動
[00:14:35.600 --> 00:14:36.800]  真的有行動
[00:14:36.800 --> 00:14:39.600]  去出手醫治這個赫茲
[00:14:39.600 --> 00:14:41.800]  你想想如果他要展示他的能力
[00:14:41.800 --> 00:14:43.600]  其實他一句就搞定
[00:14:43.600 --> 00:14:45.200]  醫好 完
[00:14:45.200 --> 00:14:47.400]  為什麼他要做這麼多呢
[00:14:47.400 --> 00:14:49.400]  為什麼第六節這麼多描述
[00:14:49.400 --> 00:14:51.600]  這一切動作是什麼意思呢
[00:14:51.600 --> 00:14:54.400]  原來答案就在安息日裡面
[00:14:54.400 --> 00:14:55.600]  如果我們看下一點
[00:14:55.600 --> 00:14:57.000]  九章十四節就說
[00:14:57.000 --> 00:15:00.200]  正是安息日
[00:15:00.200 --> 00:15:01.800]  之前耶穌在第五章
[00:15:01.800 --> 00:15:04.600]  都是在安息日裡面叫人去做供
[00:15:04.600 --> 00:15:08.000]  醫治赫茲的時候叫人去拿床褥
[00:15:08.000 --> 00:15:10.200]  然後人們就罵他
[00:15:10.200 --> 00:15:11.600]  這裡也很相似
[00:15:11.600 --> 00:15:13.400]  原來耶穌的這些動作
[00:15:13.400 --> 00:15:14.400]  由賈經嘉發現
[00:15:14.400 --> 00:15:16.600]  原來每一個動作的細項
[00:15:16.600 --> 00:15:20.200]  都是在衝擊安息日的律例
[00:15:20.200 --> 00:15:22.600]  讓大家知道一點
[00:15:22.600 --> 00:15:24.600]  有件事叫做米士拿
[00:15:24.600 --> 00:15:25.800]  就是拉比律法
[00:15:25.800 --> 00:15:27.800]  好像弄了一個periodic table
[00:15:27.800 --> 00:15:30.600]  就是說有39件事是不可以做的
[00:15:30.600 --> 00:15:35.200]  有賈經嘉就說原來把口水吐在地上
[00:15:35.200 --> 00:15:36.200]  就是種植了
[00:15:36.200 --> 00:15:37.400]  是不可以做的
[00:15:37.400 --> 00:15:39.400]  那耶穌就是這樣吐
[00:15:39.400 --> 00:15:43.800]  然後就把燙沒和料泥混合
[00:15:43.800 --> 00:15:45.000]  就好像搓麵粉一樣
[00:15:45.000 --> 00:15:47.200]  把一些水加麵粉混在一起
[00:15:47.200 --> 00:15:48.600]  這個也是不可以做的
[00:15:48.600 --> 00:15:52.000]  第三就是把泥塞在眼睛上
[00:15:52.000 --> 00:15:54.800]  這個就好像建造或者維修一樣
[00:15:54.800 --> 00:15:56.400]  有賈經嘉就說
[00:15:56.400 --> 00:15:58.600]  耶穌這樣做是完全衝擊
[00:15:58.600 --> 00:16:02.200]  安息日的這些律例
[00:16:02.200 --> 00:16:03.200]  或者可能有人問
[00:16:03.200 --> 00:16:05.200]  為什麼要用這些泥呢
[00:16:05.200 --> 00:16:06.800]  原來人本是塵土
[00:16:06.800 --> 00:16:09.000]  所以有早期教父認為
[00:16:09.000 --> 00:16:10.400]  耶穌用泥去醫治
[00:16:10.400 --> 00:16:12.600]  代表祂有創造權柄
[00:16:12.600 --> 00:16:15.200]  再加上有拉比有時候都會說
[00:16:15.200 --> 00:16:17.600]  誰可以在安息日做工啊
[00:16:17.600 --> 00:16:18.600]  上帝嘛
[00:16:18.600 --> 00:16:20.600]  所以當耶穌在安息日做工的時候
[00:16:20.600 --> 00:16:23.400]  就要顯明祂自己就是神的兒子
[00:16:23.400 --> 00:16:25.200]  所以我們就明白
[00:16:25.200 --> 00:16:27.000]  原來耶穌的行徑
[00:16:27.000 --> 00:16:31.000]  祂是要彰顯自己的身份
[00:16:31.000 --> 00:16:32.400]  祂的這個動作
[00:16:32.400 --> 00:16:37.600]  無疑在當時社會系統中帶來嘩然
[00:16:37.600 --> 00:16:40.600]  但更重要的是對於這個核子來說
[00:16:40.600 --> 00:16:43.600]  是另一個層次的震撼
[00:16:43.600 --> 00:16:45.800]  因為當我們看下去的時候
[00:16:45.800 --> 00:16:50.200]  我們會發現其實核子的父母都健在
[00:16:50.200 --> 00:16:53.000]  但是這個核子是沒有能力
[00:16:53.000 --> 00:16:56.000]  或者這些父母是沒有能力照顧這個核子
[00:16:56.000 --> 00:16:59.400]  因此核子要每天去討飯吃
[00:16:59.400 --> 00:17:00.800]  是乞丐來的
[00:17:00.800 --> 00:17:04.200]  到一個程度連城裡的人都認得他
[00:17:04.200 --> 00:17:07.600]  可想而知他乞了多久
[00:17:07.600 --> 00:17:10.200]  按照當時的拉比教道
[00:17:10.200 --> 00:17:14.800]  原來核子和渠腿是不能進入主的居所
[00:17:14.800 --> 00:17:18.600]  所以盲人是不可以進入聖殿的內院
[00:17:18.600 --> 00:17:21.200]  只能夠在外院停留
[00:17:21.200 --> 00:17:24.600]  就好像外邦人一樣
[00:17:24.600 --> 00:17:26.200]  大家可能都聽過
[00:17:26.200 --> 00:17:29.400]  來人把這班乞丐趕出去
[00:17:29.400 --> 00:17:32.600]  有人害怕
[00:17:32.600 --> 00:17:35.400]  我都發覺這句很合用
[00:17:35.400 --> 00:17:38.000]  我想說的是核子
[00:17:38.000 --> 00:17:41.600]  他一個被家庭、被社會
[00:17:41.600 --> 00:17:46.200]  甚至被宗教邊緣化的人去討飯吃
[00:17:46.200 --> 00:17:48.200]  你想想他真的沒有錢去看醫生
[00:17:48.200 --> 00:17:50.600]  就算他有錢看醫生肯二診
[00:17:50.600 --> 00:17:54.400]  見到他天生盲的束手無策
[00:17:54.400 --> 00:18:01.200]  一復一 年復年的無奈和絕望伴隨著核子
[00:18:01.200 --> 00:18:03.800]  而這一天
[00:18:03.800 --> 00:18:06.400]  有人碰他
[00:18:06.400 --> 00:18:09.800]  有人伸手去觸摸他
[00:18:09.800 --> 00:18:12.200]  餵的不是叫他遮遮
[00:18:12.200 --> 00:18:14.000]  不是叫他束手
[00:18:14.000 --> 00:18:17.400]  而這個人是要觸碰他的頑柱
[00:18:17.400 --> 00:18:19.400]  醫好他的弱點
[00:18:19.400 --> 00:18:21.600]  耶穌用這個濕了的泥
[00:18:21.600 --> 00:18:23.600]  抹在他的眼睛上
[00:18:23.600 --> 00:18:25.200]  就像一個窯醬
[00:18:25.200 --> 00:18:29.600]  細心修補這個瓦器上的一個缺口
[00:18:29.600 --> 00:18:32.000]  這個人的眼睛
[00:18:32.000 --> 00:18:34.800]  都未立即得到醫治
[00:18:34.800 --> 00:18:37.800]  因為還有一個很重要的步驟
[00:18:37.800 --> 00:18:40.000]  知道是什麼嗎?
[00:18:40.000 --> 00:18:45.600]  就是要去西羅瓦池洗一洗
[00:18:45.600 --> 00:18:47.400]  所以耶穌做了很多動作
[00:18:47.400 --> 00:18:49.600]  但是眼睛都未得醫治
[00:18:49.600 --> 00:18:54.000]  作者highlight了西羅瓦池的名稱的意思
[00:18:54.000 --> 00:18:55.400]  就是奉差遣
[00:18:55.400 --> 00:18:57.600]  不知道大家怎樣get這件事
[00:18:57.600 --> 00:19:00.200]  但是很多解經家告訴我們
[00:19:00.200 --> 00:19:02.200]  或者作者很想告訴我們一件事
[00:19:02.200 --> 00:19:07.000]  就是原來池本身未必有法力
[00:19:07.000 --> 00:19:12.400]  但是更加重要的重點就是差遣
[00:19:12.400 --> 00:19:15.600]  誰在差遣誰這個課題
[00:19:15.600 --> 00:19:18.000]  大家可能回到第四節可能記得
[00:19:18.000 --> 00:19:21.200]  第四節耶穌說過我們必須去做
[00:19:21.200 --> 00:19:24.000]  差我來的那位的工作
[00:19:24.000 --> 00:19:26.200]  而去到第七節
[00:19:26.200 --> 00:19:28.200]  耶穌都是這樣去差這個核子
[00:19:28.200 --> 00:19:31.200]  去到西羅瓦池去洗一洗
[00:19:31.200 --> 00:19:36.200]  所以是聖父差遣聖子
[00:19:36.200 --> 00:19:41.400]  而聖子去差這個核眼的人
[00:19:41.400 --> 00:19:44.800]  大家知道耶穌是一個很好的
[00:19:44.800 --> 00:19:46.800]  當然很好 完美
[00:19:46.800 --> 00:19:48.800]  所以面對父的差遣的時候
[00:19:48.800 --> 00:19:50.400]  他毫無保留地聽從
[00:19:50.400 --> 00:19:53.000]  甚至走上十字架上面
[00:19:53.000 --> 00:19:55.800]  而面對耶穌的差遣
[00:19:55.800 --> 00:19:59.600]  核子亦都很積極地回應
[00:19:59.600 --> 00:20:02.800]  經文說他於是就去洗
[00:20:02.800 --> 00:20:05.800]  回來就看得見
[00:20:05.800 --> 00:20:07.400]  他就開眼
[00:20:07.400 --> 00:20:09.800]  原來人的參與
[00:20:09.800 --> 00:20:12.800]  比我們想像中來得重要
[00:20:12.800 --> 00:20:15.800]  原來我們人生不是只懂得禱告就夠
[00:20:15.800 --> 00:20:17.800]  原來我們都要多走一步
[00:20:17.800 --> 00:20:22.600]  需要用信心的行動去回應神的自己
[00:20:22.600 --> 00:20:24.000]  猶太人或者法利賽人
[00:20:24.000 --> 00:20:26.800]  正正就是一個最佳的反面教材
[00:20:26.800 --> 00:20:29.800]  面對著耶穌這麼多章以來的神蹟
[00:20:29.800 --> 00:20:34.600]  講論他們一而再再而三地拒絕耶穌
[00:20:34.600 --> 00:20:36.800]  但這個無名的乞丐
[00:20:36.800 --> 00:20:38.200]  無名的核子
[00:20:38.200 --> 00:20:40.800]  他是全然地接待耶穌
[00:20:40.800 --> 00:20:42.200]  當光來到的時候
[00:20:42.200 --> 00:20:44.800]  他於是他去洗
[00:20:44.800 --> 00:20:45.800]  他就回來了
[00:20:45.800 --> 00:20:50.800]  他就完全聽神的指令去衡量
[00:20:50.800 --> 00:20:52.800]  剛剛說
[00:20:52.800 --> 00:20:54.800]  在第八章最後
[00:20:54.800 --> 00:20:55.800]  他是在聖殿附近
[00:20:55.800 --> 00:20:56.800]  就是耶穌說
[00:20:56.800 --> 00:20:59.800]  他可能就在聖殿附近遇上這個核子
[00:20:59.800 --> 00:21:00.800]  可能你會問
[00:21:00.800 --> 00:21:03.400]  這個聖殿和西羅雅祠之間
[00:21:03.400 --> 00:21:04.800]  究竟有多遠呢
[00:21:04.800 --> 00:21:05.800]  這裡有個圖
[00:21:05.800 --> 00:21:06.800]  黃色就是聖殿
[00:21:06.800 --> 00:21:07.800]  藍色一點
[00:21:07.800 --> 00:21:08.800]  不知道看不看得到
[00:21:08.800 --> 00:21:10.800]  這裡
[00:21:10.800 --> 00:21:12.800]  這一點就是西羅雅祠了
[00:21:12.800 --> 00:21:15.800]  大約有六百至一公里的距離
[00:21:15.800 --> 00:21:17.800]  以這個核子的走路速度
[00:21:17.800 --> 00:21:19.800]  當時當然沒有盧曼犬
[00:21:19.800 --> 00:21:21.800]  他可能要走三十分鐘左右
[00:21:21.800 --> 00:21:23.800]  就可以走到水池那裡
[00:21:23.800 --> 00:21:25.800]  一來一回
[00:21:25.800 --> 00:21:26.800]  一整個小時
[00:21:26.800 --> 00:21:29.800]  究竟這個小時的路程當中
[00:21:29.800 --> 00:21:32.800]  核子會想些什麼呢
[00:21:32.800 --> 00:21:34.800]  經文說得好像很簡單
[00:21:34.800 --> 00:21:36.800]  聽到走就去又回來
[00:21:36.800 --> 00:21:38.800]  但這個小時的走路
[00:21:38.800 --> 00:21:41.800]  核子會不會也有些掙扎呢
[00:21:41.800 --> 00:21:44.800]  經文沒有說
[00:21:44.800 --> 00:21:45.800]  但我想像
[00:21:45.800 --> 00:21:47.800]  完全我想像
[00:21:47.800 --> 00:21:49.800]  他除了要認路
[00:21:49.800 --> 00:21:51.800]  要避開路人
[00:21:51.800 --> 00:21:55.800]  其實失明的人聽力是怎樣呢
[00:21:55.800 --> 00:21:56.800]  很厲害
[00:21:56.800 --> 00:22:01.800]  他可能也聽到很多路人對他的批評和議論
[00:22:01.800 --> 00:22:03.800]  但或許他最大的聲音
[00:22:03.800 --> 00:22:05.800]  可能是他心中的那些雜聲
[00:22:05.800 --> 00:22:08.800]  究竟這個耶穌是不是可信呢
[00:22:08.800 --> 00:22:11.800]  這兩匹泥是不是真的能治好我呢
[00:22:11.800 --> 00:22:13.800]  但這個核子
[00:22:13.800 --> 00:22:15.800]  他沒有想太多
[00:22:15.800 --> 00:22:18.800]  他用他的信心去走下去
[00:22:18.800 --> 00:22:21.800]  他的信最大的核心
[00:22:21.800 --> 00:22:25.800]  就是單單的去奉耶穌的差遣
[00:22:25.800 --> 00:22:28.800]  去奉耶穌的差遣去走下去
[00:22:28.800 --> 00:22:31.800]  結果最後他真的眼開了
[00:22:31.800 --> 00:22:35.800]  丙姐妹不知道你有沒有受過上帝的差遣呢
[00:22:35.800 --> 00:22:41.800]  差遣不一定是說要去讀神學去宣教才是
[00:22:41.800 --> 00:22:44.800]  上帝有沒有曾經提過你
[00:22:44.800 --> 00:22:48.800]  甚至差遣是你去做一些很重要的事情呢
[00:22:48.800 --> 00:22:51.800]  或許他可能在家裏成為一個光明之子
[00:22:51.800 --> 00:22:53.800]  或者光明之女
[00:22:53.800 --> 00:22:57.800]  或者是好好地去跟罪惑清界線
[00:22:57.800 --> 00:23:03.800]  還是向一個記掛很久的人發出一個關心
[00:23:03.800 --> 00:23:08.800]  會不會是向一個人發出福和呢
[00:23:08.800 --> 00:23:11.800]  不知道有沒有跟大家分享過其中一個故事
[00:23:11.800 --> 00:23:16.800]  就是關於我和我很多年前的一個大組拍檔衝突的事情
[00:23:16.800 --> 00:23:18.800]  不知道有沒有聽過
[00:23:18.800 --> 00:23:20.800]  上車說一下吧
[00:23:20.800 --> 00:23:21.800]  都有點緊張
[00:23:21.800 --> 00:23:23.800]  以前都有一個拍檔
[00:23:23.800 --> 00:23:25.800]  他都有一個很有心侍奉的
[00:23:25.800 --> 00:23:27.800]  很熱誠很愛主
[00:23:27.800 --> 00:23:29.800]  以前的我就是十幾年前的我
[00:23:29.800 --> 00:23:31.800]  因為一些誤解
[00:23:31.800 --> 00:23:35.800]  加上對他一些很偏頗的批判
[00:23:35.800 --> 00:23:37.800]  對他有很多偏見
[00:23:37.800 --> 00:23:39.800]  跟他起了一些衝突
[00:23:39.800 --> 00:23:41.800]  甚至在一個公開場合那裏
[00:23:41.800 --> 00:23:43.800]  直罵他的不是
[00:23:43.800 --> 00:23:46.800]  冤枉他一些他沒有的罪名
[00:23:46.800 --> 00:23:48.800]  其實搞了很多問題出來
[00:23:48.800 --> 00:23:51.800]  小組沒多久就要各散東西
[00:23:51.800 --> 00:23:53.800]  曾經有一位組員跟我說
[00:23:53.800 --> 00:23:54.800]  你跟他復和吧
[00:23:54.800 --> 00:23:55.800]  應該的
[00:23:55.800 --> 00:23:57.800]  神都起了這個樣子
[00:23:57.800 --> 00:23:59.800]  但我那時候覺得很隱疑
[00:23:59.800 --> 00:24:01.800]  他就回覆了
[00:24:01.800 --> 00:24:03.800]  我交了給牧者處理
[00:24:03.800 --> 00:24:04.800]  我不搞了
[00:24:04.800 --> 00:24:06.800]  但真心那句是什麼呢
[00:24:06.800 --> 00:24:08.800]  錯的又不是我
[00:24:08.800 --> 00:24:10.800]  我就不了了之
[00:24:10.800 --> 00:24:12.800]  時間過了很久
[00:24:12.800 --> 00:24:14.800]  其實我偶爾都會想起他
[00:24:14.800 --> 00:24:17.800]  亦都有反思自己的一些看法
[00:24:17.800 --> 00:24:19.800]  和態度上很多不成熟的位置
[00:24:19.800 --> 00:24:22.800]  直到我去讀完神學
[00:24:22.800 --> 00:24:24.800]  我都預備牧會的時候
[00:24:24.800 --> 00:24:26.800]  我有一天
[00:24:26.800 --> 00:24:28.800]  在十六樓的圖書館
[00:24:28.800 --> 00:24:30.800]  見到他的背影
[00:24:30.800 --> 00:24:32.800]  然後打了一頓
[00:24:32.800 --> 00:24:34.800]  但聖靈催迫我
[00:24:34.800 --> 00:24:36.800]  跟我說你跟他說話吧
[00:24:36.800 --> 00:24:38.800]  關心一下他吧
[00:24:38.800 --> 00:24:40.800]  我馬上說
[00:24:40.800 --> 00:24:42.800]  真的嗎
[00:24:42.800 --> 00:24:45.800]  其實我臉皮都很薄的
[00:24:45.800 --> 00:24:47.800]  但我都
[00:24:47.800 --> 00:24:49.800]  結果
[00:24:49.800 --> 00:24:51.800]  讀完神學
[00:24:51.800 --> 00:24:53.800]  努力一點吧
[00:24:53.800 --> 00:24:55.800]  結果都學圈了幾句
[00:24:55.800 --> 00:24:57.800]  最後真的約了他去吃午餐
[00:24:57.800 --> 00:24:59.800]  不過我都害怕
[00:24:59.800 --> 00:25:01.800]  所以我約了他去我的神學院的餐廳吃午餐
[00:25:01.800 --> 00:25:03.800]  安全感大一點
[00:25:03.800 --> 00:25:05.800]  好地道
[00:25:05.800 --> 00:25:07.800]  還有東西便宜一點
[00:25:07.800 --> 00:25:09.800]  在午餐過程當中
[00:25:09.800 --> 00:25:11.800]  我們什麼都說一下
[00:25:11.800 --> 00:25:13.800]  但最後
[00:25:13.800 --> 00:25:15.800]  神都給了我一個勇氣
[00:25:15.800 --> 00:25:17.800]  我很鄭重的跟他道歉
[00:25:17.800 --> 00:25:21.800]  他用一個微笑去回覆我
[00:25:21.800 --> 00:25:23.800]  他說我沒有怪你
[00:25:23.800 --> 00:25:25.800]  其實神很愛你
[00:25:25.800 --> 00:25:27.800]  祂不想你背著這麼多重擔
[00:25:27.800 --> 00:25:29.800]  所以其實這個時機
[00:25:29.800 --> 00:25:31.800]  蠻好的
[00:25:31.800 --> 00:25:33.800]  那天我覺得
[00:25:33.800 --> 00:25:35.800]  很無言
[00:25:35.800 --> 00:25:37.800]  因為我沒有想過
[00:25:37.800 --> 00:25:39.800]  表面是去吃一個和頭酒
[00:25:39.800 --> 00:25:41.800]  實質神是要
[00:25:41.800 --> 00:25:43.800]  為我的生命帶來祝福
[00:25:43.800 --> 00:25:45.800]  不知道
[00:25:45.800 --> 00:25:47.800]  面對上帝差遣
[00:25:47.800 --> 00:25:49.800]  我們往往都覺得好像很複雜的事情
[00:25:49.800 --> 00:25:51.800]  但原來最關鍵的
[00:25:51.800 --> 00:25:53.800]  就是我們去學習
[00:25:53.800 --> 00:25:55.800]  去跟從
[00:25:55.800 --> 00:25:57.800]  去信服
[00:25:57.800 --> 00:25:59.800]  因為神會一步一步引領我們
[00:25:59.800 --> 00:26:01.800]  我真的不敢說
[00:26:01.800 --> 00:26:03.800]  我每次都可以全心信服
[00:26:03.800 --> 00:26:05.800]  因為我都是人
[00:26:05.800 --> 00:26:07.800]  我都有很多性情上的缺點
[00:26:07.800 --> 00:26:09.800]  很多未成熟的位置
[00:26:09.800 --> 00:26:11.800]  今天早上我和我太太
[00:26:11.800 --> 00:26:13.800]  都有些衝突
[00:26:13.800 --> 00:26:15.800]  我都說了很多很差的說話
[00:26:15.800 --> 00:26:17.800]  但求主繼續幫助我
[00:26:17.800 --> 00:26:19.800]  引導我
[00:26:19.800 --> 00:26:21.800]  讓我可以學
[00:26:21.800 --> 00:26:23.800]  成為家中的頭去跟祂說
[00:26:23.800 --> 00:26:25.800]  對不起,但我都覺得很困難
[00:26:25.800 --> 00:26:27.800]  但我不知道
[00:26:27.800 --> 00:26:29.800]  可能對你們來說都一樣
[00:26:29.800 --> 00:26:31.800]  最難的未必是去對我們
[00:26:31.800 --> 00:26:33.800]  教會的人
[00:26:33.800 --> 00:26:35.800]  最難的未必是對我們公司的人
[00:26:35.800 --> 00:26:37.800]  可能最難的是對我們家人
[00:26:37.800 --> 00:26:39.800]  我們一路見到那麼多
[00:26:39.800 --> 00:26:41.800]  性情的東西
[00:26:41.800 --> 00:26:43.800]  祂應該最明白我
[00:26:43.800 --> 00:26:45.800]  但我覺得有一種衝突
[00:26:45.800 --> 00:26:47.800]  但求主幫助我們在家裏
[00:26:47.800 --> 00:26:49.800]  成為光明之子
[00:26:49.800 --> 00:26:51.800]  我想繼續說差遣
[00:26:51.800 --> 00:26:53.800]  沒錯,其實差遣就是
[00:26:53.800 --> 00:26:55.800]  可能我們在崗位上
[00:26:55.800 --> 00:26:57.800]  去做一些應該要做
[00:26:57.800 --> 00:26:59.800]  或者應該不要做的事情
[00:26:59.800 --> 00:27:01.800]  我們應該不要做的事情
[00:27:01.800 --> 00:27:03.800]  其實大家記不記得
[00:27:03.800 --> 00:27:05.800]  我們崗位上有些東西不應該做
[00:27:05.800 --> 00:27:07.800]  例如上班
[00:27:07.800 --> 00:27:09.800]  我們不應該幫老闆說謊
[00:27:09.800 --> 00:27:11.800]  這些東西
[00:27:11.800 --> 00:27:13.800]  我們都要去降服
[00:27:13.800 --> 00:27:15.800]  在上帝的差遣裏面
[00:27:15.800 --> 00:27:17.800]  差遣未必是做一些
[00:27:17.800 --> 00:27:19.800]  很轟動世界的大事
[00:27:19.800 --> 00:27:21.800]  其實真的未必
[00:27:21.800 --> 00:27:23.800]  但當人去擁抱
[00:27:23.800 --> 00:27:25.800]  神給人的差遣的時候
[00:27:25.800 --> 00:27:27.800]  甘心與神同工
[00:27:27.800 --> 00:27:29.800]  這絕對是一個改變人生命的
[00:27:29.800 --> 00:27:31.800]  神聖機會
[00:27:31.800 --> 00:27:33.800]  絕對是一個改變人
[00:27:33.800 --> 00:27:35.800]  生命的神聖機會
[00:27:35.800 --> 00:27:37.800]  你信不信呢
[00:27:37.800 --> 00:27:39.800]  聖靈說祂會在不同的時刻
[00:27:39.800 --> 00:27:41.800]  提醒我們一些東西
[00:27:41.800 --> 00:27:43.800]  而你很清楚這件事
[00:27:43.800 --> 00:27:45.800]  不是屬於自己又不是屬於自私自利
[00:27:45.800 --> 00:27:47.800]  你又準不準備好
[00:27:47.800 --> 00:27:49.800]  去行動呢
[00:27:49.800 --> 00:27:51.800]  我在鼓勵你
[00:27:51.800 --> 00:27:53.800]  在疑惑當中堅毅的等候
[00:27:53.800 --> 00:27:55.800]  走下去
[00:27:55.800 --> 00:27:57.800]  去尋求神
[00:27:57.800 --> 00:27:59.800]  用行動好好回應祂
[00:27:59.800 --> 00:28:01.800]  在祂的時間裏面
[00:28:01.800 --> 00:28:03.800]  神是會揭示
[00:28:03.800 --> 00:28:05.800]  祂當中運行的意思
[00:28:05.800 --> 00:28:07.800]  願神幫助我們在複雜的世界當中
[00:28:07.800 --> 00:28:09.800]  可以聽從祂的差遣
[00:28:09.800 --> 00:28:11.800]  最後一個point
[00:28:11.800 --> 00:28:13.800]  很快
[00:28:13.800 --> 00:28:15.800]  就是議論中坦然作證
[00:28:15.800 --> 00:28:17.800]  請聽我讀出
[00:28:43.800 --> 00:28:45.800]  救西羅亞池洗一洗
[00:28:45.800 --> 00:28:47.800]  我去洗了就看得見了
[00:28:47.800 --> 00:28:49.800]  他們說哪人在哪裡
[00:28:49.800 --> 00:28:51.800]  他說我不知道
[00:28:51.800 --> 00:28:53.800]  經文最後描述
[00:28:53.800 --> 00:28:55.800]  這位開了眼的男士
[00:28:55.800 --> 00:28:57.800]  受到城裏面一些人
[00:28:57.800 --> 00:28:59.800]  認得他的人審問
[00:28:59.800 --> 00:29:05.800]  這班人面對這麼奇異的事情
[00:29:05.800 --> 00:29:07.800]  他們第一件事不是歸榮耀彼神
[00:29:07.800 --> 00:29:11.800]  也不是為了這個人開眼而慶祝
[00:29:11.800 --> 00:29:13.800]  而是拋出三個冷冰冰的問題
[00:29:13.800 --> 00:29:15.800]  問他
[00:29:15.800 --> 00:29:17.800]  是不是他
[00:29:17.800 --> 00:29:19.800]  為什麼看到
[00:29:19.800 --> 00:29:21.800]  和耶穌在哪裡
[00:29:21.800 --> 00:29:23.800]  明明是一件很開心的事情
[00:29:23.800 --> 00:29:25.800]  你認得他
[00:29:25.800 --> 00:29:27.800]  他曾經瞎的
[00:29:27.800 --> 00:29:29.800]  他完全去人化
[00:29:29.800 --> 00:29:31.800]  只不過當一個case去研究
[00:29:31.800 --> 00:29:34.800]  說他這班猶太人想知道的
[00:29:34.800 --> 00:29:36.800]  是一個how come的問題
[00:29:36.800 --> 00:29:38.800]  很想check下他的經歷
[00:29:38.800 --> 00:29:42.800]  是不是合乎猶太教的宗教系統
[00:29:42.800 --> 00:29:44.800]  或者很想知道整件事情
[00:29:44.800 --> 00:29:46.800]  合不合理
[00:29:46.800 --> 00:29:48.800]  完全看不到
[00:29:48.800 --> 00:29:50.800]  這件事是一個神蹟
[00:29:50.800 --> 00:29:54.800]  在盤文當中
[00:29:54.800 --> 00:29:56.800]  這個核子
[00:29:56.800 --> 00:29:58.800]  已經開了眼
[00:29:58.800 --> 00:30:00.800]  他沒有畏縮
[00:30:00.800 --> 00:30:02.800]  甚至他沒有吹噓自己的經歷
[00:30:02.800 --> 00:30:04.800]  他只是很如實的
[00:30:04.800 --> 00:30:06.800]  說出他知道的答案
[00:30:06.800 --> 00:30:10.800]  也如實的說出他不知道的回應
[00:30:10.800 --> 00:30:12.800]  他的見證
[00:30:12.800 --> 00:30:14.800]  我想說是一個模範
[00:30:14.800 --> 00:30:16.800]  因為他的分享
[00:30:16.800 --> 00:30:18.800]  是單單的
[00:30:18.800 --> 00:30:20.800]  將耶穌所吩咐給他知道的東西
[00:30:20.800 --> 00:30:22.800]  去說一次
[00:30:22.800 --> 00:30:25.800]  什麼意思呢?就是他將他一切的功勞
[00:30:25.800 --> 00:30:28.800]  歸還給猜顯他的耶穌
[00:30:28.800 --> 00:30:32.800]  我們有時候也不是特意的
[00:30:32.800 --> 00:30:34.800]  但是我們會不會和別人分享
[00:30:34.800 --> 00:30:36.800]  在我們信仰經歷的時候
[00:30:36.800 --> 00:30:38.800]  將我們的問題
[00:30:38.800 --> 00:30:40.800]  我們的掙扎去放大呢?
[00:30:40.800 --> 00:30:42.800]  或者放大自己的信心
[00:30:42.800 --> 00:30:44.800]  或者我們會不會不經意
[00:30:44.800 --> 00:30:46.800]  將神的作為
[00:30:46.800 --> 00:30:48.800]  去化作自己一個
[00:30:48.800 --> 00:30:50.800]  很有信心的故事
[00:30:50.800 --> 00:30:52.800]  神明明拯救你
[00:30:52.800 --> 00:30:54.800]  但其實很多人都想請我
[00:30:54.800 --> 00:30:56.800]  很多人都收我
[00:30:56.800 --> 00:30:58.800]  好吧,我很有信心,我就去吧
[00:30:58.800 --> 00:31:00.800]  故事的中心不是神
[00:31:00.800 --> 00:31:02.800]  是變成你自己
[00:31:02.800 --> 00:31:04.800]  不經意而已
[00:31:04.800 --> 00:31:06.800]  會不會我們不經意的
[00:31:06.800 --> 00:31:08.800]  在耶穌身上去借走
[00:31:08.800 --> 00:31:10.800]  甚至去盜取
[00:31:10.800 --> 00:31:12.800]  他的榮光呢?
[00:31:12.800 --> 00:31:14.800]  我們要小心
[00:31:14.800 --> 00:31:16.800]  或者當我們去問起
[00:31:16.800 --> 00:31:18.800]  當別人問起我們信仰的事情
[00:31:18.800 --> 00:31:20.800]  我們為了不想丟臉
[00:31:20.800 --> 00:31:22.800]  我們將一些
[00:31:22.800 --> 00:31:24.800]  不知道的東西
[00:31:24.800 --> 00:31:26.800]  說得似塵塵
[00:31:26.800 --> 00:31:28.800]  裝作很清楚
[00:31:28.800 --> 00:31:30.800]  上帝真的要我們這樣嗎?
[00:31:32.800 --> 00:31:34.800]  或者我們已經在
[00:31:34.800 --> 00:31:36.800]  打滾教會多年的人
[00:31:36.800 --> 00:31:38.800]  我們很明白華人的
[00:31:38.800 --> 00:31:40.800]  信徒圈子
[00:31:40.800 --> 00:31:42.800]  最討厭的是什麼?
[00:31:42.800 --> 00:31:44.800]  驕傲
[00:31:44.800 --> 00:31:46.800]  最討厭人裝懂裝厲害
[00:31:46.800 --> 00:31:48.800]  所以我們可以
[00:31:48.800 --> 00:31:50.800]  裝作謙卑淑玲的樣子
[00:31:50.800 --> 00:31:52.800]  然後將自己
[00:31:52.800 --> 00:31:54.800]  最黑暗的一面去封閉
[00:31:54.800 --> 00:31:56.800]  去隱藏,不讓別人碰
[00:31:56.800 --> 00:31:58.800]  甚至不讓上帝介入
[00:32:00.800 --> 00:32:02.800]  今天這個核子
[00:32:02.800 --> 00:32:04.800]  重見光明
[00:32:04.800 --> 00:32:06.800]  他也是活在光明之中
[00:32:06.800 --> 00:32:10.800]  他沒有為自己的經歷加鹽加醋
[00:32:10.800 --> 00:32:12.800]  為自己邀功
[00:32:12.800 --> 00:32:14.800]  也沒有將自己的處境
[00:32:14.800 --> 00:32:16.800]  處境當中的困難
[00:32:16.800 --> 00:32:18.800]  去放大,吹噓自己信心有多大
[00:32:18.800 --> 00:32:20.800]  去獲取別人的尊重
[00:32:20.800 --> 00:32:22.800]  你想想他是一個
[00:32:22.800 --> 00:32:24.800]  一直被社會
[00:32:24.800 --> 00:32:26.800]  被宗教邊緣化的人
[00:32:26.800 --> 00:32:28.800]  其實他很多時候受到很多傷
[00:32:28.800 --> 00:32:30.800]  但他也願意
[00:32:30.800 --> 00:32:32.800]  活在光明當中
[00:32:32.800 --> 00:32:34.800]  帶著這份沉穩
[00:32:34.800 --> 00:32:36.800]  是一件不簡單的事情
[00:32:36.800 --> 00:32:38.800]  其實我們也可以的
[00:32:38.800 --> 00:32:40.800]  因為當人
[00:32:40.800 --> 00:32:42.800]  去領略過
[00:32:42.800 --> 00:32:44.800]  領受過神無條件的愛和自立的時候
[00:32:44.800 --> 00:32:46.800]  或許我們
[00:32:46.800 --> 00:32:48.800]  就可以真正放棄
[00:32:48.800 --> 00:32:50.800]  面對別人的誤會
[00:32:50.800 --> 00:32:52.800]  攻擊,打壓
[00:32:52.800 --> 00:32:54.800]  屈辱
[00:32:54.800 --> 00:32:56.800]  我們沒有需要再為自己去辯護
[00:32:56.800 --> 00:32:58.800]  我們沒有要求
[00:32:58.800 --> 00:33:00.800]  去賺取社會的認同
[00:33:00.800 --> 00:33:02.800]  我們可以
[00:33:02.800 --> 00:33:04.800]  在神面前
[00:33:04.800 --> 00:33:06.800]  毫無隱藏
[00:33:06.800 --> 00:33:08.800]  在人面前也可以坦誠
[00:33:08.800 --> 00:33:10.800]  承認自己生命的弱點
[00:33:10.800 --> 00:33:12.800]  不知道這份光明
[00:33:12.800 --> 00:33:14.800]  是不是你所渴望的呢?
[00:33:14.800 --> 00:33:18.800]  光明帶來的自由
[00:33:18.800 --> 00:33:20.800]  是不是你也很渴望的呢?
[00:33:20.800 --> 00:33:22.800]  當我們
[00:33:22.800 --> 00:33:24.800]  單單靠著基督
[00:33:24.800 --> 00:33:26.800]  見證著基督的作為的時候
[00:33:26.800 --> 00:33:28.800]  然後可以感到完全滿足
[00:33:28.800 --> 00:33:30.800]  這個就是生命被
[00:33:30.800 --> 00:33:32.800]  轉化帶來的力量
[00:33:32.800 --> 00:33:34.800]  當我們單單靠著
[00:33:34.800 --> 00:33:36.800]  基督的時候,我們單單去見證
[00:33:36.800 --> 00:33:38.800]  基督的作為的時候
[00:33:38.800 --> 00:33:40.800]  我們就可以全然滿足
[00:33:40.800 --> 00:33:42.800]  這個就是生命被
[00:33:42.800 --> 00:33:44.800]  轉化帶來的力量
[00:33:44.800 --> 00:33:46.800]  你渴不渴想
[00:33:46.800 --> 00:33:48.800]  被轉化呢?
[00:33:48.800 --> 00:33:50.800]  求主開我們眼睛
[00:33:50.800 --> 00:33:52.800]  使我們整個人
[00:33:52.800 --> 00:33:54.800]  活在神的光明當中
[00:33:54.800 --> 00:33:56.800]  也求主幫我們
[00:33:56.800 --> 00:33:58.800]  整個標籤的群體
[00:33:58.800 --> 00:34:04.800]  請大家預備
[00:34:04.800 --> 00:34:08.800]  在最後的時候也很想和大家
[00:34:08.800 --> 00:34:10.800]  去看看今天
[00:34:10.800 --> 00:34:12.800]  這篇經文
[00:34:12.800 --> 00:34:14.800]  說它也是一個很簡單
[00:34:14.800 --> 00:34:16.800]  就是「克子遇上耶穌」
[00:34:16.800 --> 00:34:18.800]  不是,原來是耶穌
[00:34:18.800 --> 00:34:20.800]  遇上克子的故事
[00:34:20.800 --> 00:34:22.800]  原來我們的上帝就是如此
[00:34:22.800 --> 00:34:24.800]  天覆人思想的上帝
[00:34:24.800 --> 00:34:26.800]  當我們還是
[00:34:26.800 --> 00:34:28.800]  自滿自已的時候
[00:34:28.800 --> 00:34:30.800]  原來上帝已經在做事了
[00:34:30.800 --> 00:34:32.800]  我們看不看得到
[00:34:32.800 --> 00:34:34.800]  我們去承認自己真的沒什麼可誇
[00:34:34.800 --> 00:34:36.800]  我們唯有仰望神的憐憫的時候
[00:34:36.800 --> 00:34:38.800]  我們就可以放膽的
[00:34:38.800 --> 00:34:40.800]  被祂找得到
[00:34:40.800 --> 00:34:42.800]  而當我們去面對這個差遣人的上帝的時候
[00:34:42.800 --> 00:34:44.800]  我們又願不願意
[00:34:44.800 --> 00:34:46.800]  將我們的困境
[00:34:46.800 --> 00:34:48.800]  完全放在
[00:34:48.800 --> 00:34:50.800]  神的恩典行動當中呢
[00:34:50.800 --> 00:34:52.800]  而最後
[00:34:52.800 --> 00:34:54.800]  我們又願不願意
[00:34:54.800 --> 00:34:56.800]  活在光明之中
[00:34:56.800 --> 00:34:58.800]  被神的愛去醫治
[00:34:58.800 --> 00:35:00.800]  去坦言
[00:35:00.800 --> 00:35:02.800]  為主去真誠去作見證
[00:35:02.800 --> 00:35:04.800]  我們有回應詩的時間
[00:35:04.800 --> 00:35:10.800]  我們有一些禱告
[00:35:10.800 --> 00:35:16.800]  主要求祢去幫助我們
[00:35:16.800 --> 00:35:18.800]  因為我們是一個
[00:35:18.800 --> 00:35:20.800]  很需要祢
[00:35:20.800 --> 00:35:22.800]  醫治的一個
[00:35:22.800 --> 00:35:24.800]  個體
[00:35:24.800 --> 00:35:26.800]  我們都已經在教會
[00:35:26.800 --> 00:35:28.800]  活了很多年
[00:35:28.800 --> 00:35:30.800]  但我們有時候都會有
[00:35:30.800 --> 00:35:32.800]  一些不同的
[00:35:32.800 --> 00:35:34.800]  被世界的文化所衝擊
[00:35:34.800 --> 00:35:36.800]  或者我們都很
[00:35:36.800 --> 00:35:38.800]  心中受傷,很想找些東西去保護自己
[00:35:38.800 --> 00:35:40.800]  但最後幫助我們
[00:35:40.800 --> 00:35:42.800]  去開我們的眼睛
[00:35:42.800 --> 00:35:44.800]  我們再一次見得到,原來祢就是那個光的時候
[00:35:44.800 --> 00:35:46.800]  去改變
[00:35:46.800 --> 00:35:48.800]  更新我們
[00:35:48.800 --> 00:35:50.800]  求主真的幫助我們
[00:35:50.800 --> 00:35:52.800]  去再一次見到你自己
[00:35:52.800 --> 00:35:56.800]  奉主耶穌基督的聖名祈求
