
[00:00:00.000 --> 00:00:07.440]  大家好,我也想大家給點掌聲服務團隊
[00:00:07.440 --> 00:00:11.200]  其實這個服務團隊應該和這裡的人數差不多
[00:00:11.200 --> 00:00:14.600]  他們今天特意回來繼續服務你們
[00:00:14.600 --> 00:00:17.800]  所以多謝這些哥哥姐姐
[00:00:17.800 --> 00:00:20.000]  他們很用心地服務你們
[00:00:20.000 --> 00:00:23.000]  在說到之前,我想問一下大家
[00:00:23.000 --> 00:00:24.600]  我想先做個調查
[00:00:24.600 --> 00:00:34.000]  下一張,我想說這裡有26年來最多人用的社交媒體平台
[00:00:34.000 --> 00:00:37.000]  我想問一下大家,你們手機裡面有多少人
[00:00:37.000 --> 00:00:41.000]  有Lazer應用程式超過5個以上嗎?
[00:00:41.000 --> 00:00:42.800]  有沒有?
[00:00:42.800 --> 00:00:45.600]  有沒有?沒有嗎?
[00:00:45.600 --> 00:00:49.000]  我覺得應該照理說年輕人有吧
[00:00:49.000 --> 00:00:52.000]  都說是全世界的,不只是香港
[00:00:52.000 --> 00:00:53.400]  應該也有吧?
[00:00:53.400 --> 00:00:58.200]  對,我應該照理說也超過5個
[00:00:58.200 --> 00:01:04.200]  我想問一下,以下有幾個症狀的特徵
[00:01:04.200 --> 00:01:08.000]  你們有沒有在生活上出現過
[00:01:08.000 --> 00:01:11.400]  首先,你有空,可能你坐下來
[00:01:11.400 --> 00:01:13.400]  或者你沒事做的時候
[00:01:13.400 --> 00:01:15.600]  你就會不停地掃描手機
[00:01:15.600 --> 00:01:18.000]  看看有沒有最新的更新
[00:01:18.000 --> 00:01:22.600]  看看資訊,有沒有?
[00:01:22.600 --> 00:01:26.200]  不用回答我,你自己心知就好
[00:01:26.200 --> 00:01:30.400]  第二個,你和家人或朋友吃飯的時候
[00:01:30.400 --> 00:01:35.000]  會不會很不期然地拿著手機不停地看?
[00:01:35.000 --> 00:01:38.000]  可能已經是世界上坐在桌子上的人
[00:01:38.000 --> 00:01:40.200]  但其實只有你自己和手機存在
[00:01:40.200 --> 00:01:43.400]  不知道有沒有這個症狀出現
[00:01:43.400 --> 00:01:46.600]  第三個,你在發帖文之前
[00:01:46.600 --> 00:01:48.600]  你會反覆修改
[00:01:48.600 --> 00:01:50.600]  然後找一張最好看的照片
[00:01:50.600 --> 00:01:52.200]  你覺得是最好的
[00:01:52.200 --> 00:01:56.400]  然後你很想呈現最完美的一面給別人
[00:01:56.400 --> 00:02:00.000]  有沒有這個行動出現過呢?
[00:02:00.000 --> 00:02:01.200]  最後一個
[00:02:01.200 --> 00:02:04.800]  你有沒有試過在IG的Story
[00:02:04.800 --> 00:02:07.800]  看到朋友約出來吃飯
[00:02:07.800 --> 00:02:11.200]  沒有我,你那天有什麼感受?
[00:02:11.200 --> 00:02:12.600]  我是不是被忽略了?
[00:02:12.600 --> 00:02:15.200]  我是不是被排隊了?我不知道
[00:02:15.200 --> 00:02:19.400]  不知道你們有沒有我剛才說的類似感受
[00:02:19.400 --> 00:02:21.200]  或者經歷出現過
[00:02:21.200 --> 00:02:23.000]  如果有的話
[00:02:23.000 --> 00:02:26.800]  我覺得可能我們已經陷入了
[00:02:26.800 --> 00:02:32.800]  社會比較焦慮和錯失恐懼症的漩渦當中
[00:02:32.800 --> 00:02:37.600]  因為其實在現在智能手機和社交媒體的設計裏
[00:02:37.600 --> 00:02:42.400]  其實它本來就是想吸引我們不停地看它
[00:02:42.400 --> 00:02:45.200]  因為知道什麼叫演算法嗎?
[00:02:45.200 --> 00:02:51.800]  其實演算法就是很精準地傳送一些你喜歡看的資訊給你
[00:02:51.800 --> 00:02:56.600]  所以令你無形中不停地看
[00:02:56.600 --> 00:02:58.600]  所以久而久之
[00:02:58.600 --> 00:03:01.800]  我們以為自己正在和這個世界連繫
[00:03:01.800 --> 00:03:07.600]  但其實我們內心好像沒有真的因為這樣而更加得到滿足
[00:03:07.600 --> 00:03:10.400]  我們以為我們聽到很多聲音
[00:03:10.400 --> 00:03:16.600]  但實際上我們只是被很多雜聲充斥著我們
[00:03:16.600 --> 00:03:21.400]  在無數的通知、留言和讚好的包圍之下
[00:03:21.400 --> 00:03:23.600]  其實我們甚至開始分不清
[00:03:23.600 --> 00:03:29.600]  究竟哪把聲音才是最重要、最值得我們去跟隨
[00:03:29.600 --> 00:03:33.800]  我今天要和大家看的就是《約翰福音》的十章
[00:03:33.800 --> 00:03:40.400]  耶穌同時身處在一個充滿爭議和雜聲的環境裏
[00:03:40.400 --> 00:03:43.800]  但耶穌很清楚地指出
[00:03:43.800 --> 00:03:51.000]  「我的羊聽我的聲音,也認識我,我也認識他們,他們也跟著我」
[00:03:51.000 --> 00:03:54.400]  在這個充滿雜音的世界
[00:03:54.400 --> 00:03:56.800]  只有認識大目者的聲音
[00:03:56.800 --> 00:03:58.200]  並且願意跟隨
[00:03:58.200 --> 00:04:02.200]  我們才能夠真正認清自己的身份
[00:04:02.200 --> 00:04:08.600]  找回不會隨著環境改變而失去的平安和安全感
[00:04:08.600 --> 00:04:10.800]  今天就讓我們透過這段經文
[00:04:10.800 --> 00:04:15.000]  我們學習一下我們如何在這個時代
[00:04:15.000 --> 00:04:21.600]  能夠聽見並且能夠分辨到甚麼是大目者的聲音
[00:04:21.600 --> 00:04:25.400]  在我說到之前,我想先說一些背景
[00:04:25.400 --> 00:04:27.800]  其實因為十章的時候
[00:04:27.800 --> 00:04:30.800]  我今天說的是十章的後半部
[00:04:30.800 --> 00:04:32.800]  其實九章的時候
[00:04:32.800 --> 00:04:37.200]  在說的是耶穌醫治了一個生來
[00:04:37.200 --> 00:04:39.600]  即是出生後就瞎了的人
[00:04:39.600 --> 00:04:43.600]  去醫治了他,讓他能夠重見光明
[00:04:43.600 --> 00:04:49.400]  但是當時的那群宗教領袖
[00:04:49.400 --> 00:04:52.400]  當知道這個一直生活在黑暗裏的人
[00:04:52.400 --> 00:04:54.400]  他得到醫治的時候
[00:04:54.400 --> 00:04:58.400]  他見到這個神蹟,他關心的不是這個人得到醫治
[00:04:58.400 --> 00:05:03.600]  他關心的是耶穌有沒有違反安息日的規矩
[00:05:03.600 --> 00:05:05.600]  所以去到十章的時候
[00:05:05.600 --> 00:05:13.400]  耶穌就用了牧羊人的比喻去回應這群宗教領袖
[00:05:13.400 --> 00:05:17.400]  他首先將自己和賊、強盜做一個對比
[00:05:17.400 --> 00:05:19.800]  耶穌自己就是羊的門
[00:05:19.800 --> 00:05:24.400]  因為牧羊人是會守住羊圈,保護這群羊
[00:05:24.400 --> 00:05:26.400]  而盜賊他們在做甚麼?
[00:05:26.400 --> 00:05:29.200]  他們只會為了自己的利益
[00:05:29.200 --> 00:05:34.800]  而帶來的最後就是偷竊和傷害,還有毀壞
[00:05:34.800 --> 00:05:39.200]  之後耶穌又將好木人和故宮做一個對比
[00:05:39.200 --> 00:05:42.000]  好木人他是真心關心羊的
[00:05:42.000 --> 00:05:44.200]  他願意冒險保護羊
[00:05:44.200 --> 00:05:46.800]  甚至願意為羊寫明
[00:05:46.800 --> 00:05:48.400]  但是故宮是怎樣?
[00:05:48.400 --> 00:05:51.000]  故宮只是收銀公
[00:05:51.000 --> 00:05:52.800]  當危險來到的時候
[00:05:52.800 --> 00:05:54.800]  他們選擇的是自保
[00:05:54.800 --> 00:05:57.400]  他會丟下羊群不顧
[00:05:57.400 --> 00:05:59.000]  透過這兩個比喻
[00:05:59.000 --> 00:06:01.600]  耶穌指出當時這群宗教領袖
[00:06:01.600 --> 00:06:04.600]  根本沒有真正牧羊神的百姓
[00:06:04.600 --> 00:06:09.400]  他們最在意的是自己的權威和地位
[00:06:09.400 --> 00:06:13.400]  他們沒有看到百姓的需要
[00:06:13.400 --> 00:06:17.800]  而今天我們要看的就是這兩個比喻之後
[00:06:17.800 --> 00:06:21.800]  《約翰福音》的十章二十二至四十二節
[00:06:21.800 --> 00:06:25.800]  在這個背景之下,耶穌記錄了
[00:06:25.800 --> 00:06:30.200]  耶穌和一群猶太領袖的一段重要對話
[00:06:30.200 --> 00:06:32.800]  我們一起讀出今天的經文
[00:06:32.800 --> 00:06:36.400]  經文有少許長,大家給少許耐性去讀
[00:06:36.400 --> 00:06:38.800]  我們一起讀吧,1、2、3
[00:06:38.800 --> 00:06:43.800]  「亞時,正是冬天,在耶路撒冷有獻殿節」
[00:06:43.800 --> 00:06:48.200]  「耶穌在聖殿裡的鎖羅門廊下行走」
[00:06:48.200 --> 00:06:51.200]  「猶太人圍著祂,對祂說」
[00:06:51.200 --> 00:06:54.600]  「你讓我們猶疑不定到何時呢?」
[00:06:54.600 --> 00:06:58.400]  「你若是基督,就明白地告訴我們」
[00:06:58.400 --> 00:07:02.000]  「耶穌回答他們:我已經告訴你們」
[00:07:02.000 --> 00:07:03.600]  「你們卻不信」
[00:07:03.600 --> 00:07:08.400]  「我奉我父的名行的事,所以為我作見證」
[00:07:08.400 --> 00:07:12.400]  「但是你們不信,因為你們不是我的羊」
[00:07:12.400 --> 00:07:16.000]  「我的羊聽我的聲音,我認識他們」
[00:07:16.000 --> 00:07:21.000]  「他們也跟從我,並且我賜給他們永生」
[00:07:21.000 --> 00:07:22.800]  「他們永不滅亡」
[00:07:22.800 --> 00:07:26.600]  「誰也不能從我手裡把他們奪去」
[00:07:26.600 --> 00:07:30.000]  「我父所賜給我的比萬有都大」
[00:07:30.000 --> 00:07:34.000]  「誰也不能從我父手裡把他們奪去」
[00:07:34.000 --> 00:07:36.200]  「我與父緣為一」
[00:07:36.200 --> 00:07:39.600]  「猶太人又拿起石頭來要打他」
[00:07:39.600 --> 00:07:41.200]  「耶穌回應他們」
[00:07:41.200 --> 00:07:45.800]  「我做了許多從父那裡來的善事給你們看」
[00:07:45.800 --> 00:07:49.400]  「你們是為哪一件拿石頭打我呢?」
[00:07:49.400 --> 00:07:52.200]  「猶太人回答」
[00:07:52.200 --> 00:07:55.400]  「我不是為了善事拿石頭打你」
[00:07:55.400 --> 00:07:58.600]  「而是為了你說是族神的話」
[00:07:58.600 --> 00:08:02.800]  「因為你是個人,卻把自己當作上帝」
[00:08:02.800 --> 00:08:04.600]  「耶穌回答他們」
[00:08:04.600 --> 00:08:07.600]  「你們的律法書上不是寫著」
[00:08:07.600 --> 00:08:10.400]  「我曾說你們是諸神嗎?」
[00:08:10.400 --> 00:08:13.000]  「經上的話是不能廢的」
[00:08:13.000 --> 00:08:16.000]  「如果那些領受上帝的道的人」
[00:08:16.000 --> 00:08:19.000]  「上帝尚且稱他們為諸神」
[00:08:19.000 --> 00:08:22.000]  「那麼父所分別為聖」
[00:08:22.000 --> 00:08:25.000]  「猶猜渡世上來的那位說」
[00:08:25.000 --> 00:08:27.000]  「我是上帝的兒子」
[00:08:27.000 --> 00:08:31.000]  「你們還對他說你說族的話嗎?」
[00:08:31.000 --> 00:08:33.400]  「我若不做我父的工作」
[00:08:33.400 --> 00:08:35.600]  「你們就不信我」
[00:08:35.600 --> 00:08:38.600]  「我若做了你們即使不信我」
[00:08:38.600 --> 00:08:41.000]  「也當信這些工作」
[00:08:41.000 --> 00:08:45.200]  「好讓你們知道並明白父在我裡面」
[00:08:45.200 --> 00:08:47.200]  「我也在父裡面」
[00:08:47.200 --> 00:08:49.800]  「於是他們又要捉拿他」
[00:08:49.800 --> 00:08:53.200]  「他卻從他們手中逃脫了」
[00:08:53.200 --> 00:08:56.200]  「耶穌又往約旦河的東邊去」
[00:08:56.200 --> 00:08:59.200]  「到了約翰起初施洗的地方」
[00:08:59.200 --> 00:09:00.800]  「就住在那裡」
[00:09:00.800 --> 00:09:03.800]  「有許多人來到他那裡說」
[00:09:03.800 --> 00:09:06.600]  「約翰沒有行過一件神蹟」
[00:09:06.600 --> 00:09:11.200]  「但約翰所說有關這人的一切話都是真的」
[00:09:11.200 --> 00:09:14.200]  「在那裡許多人信了耶穌」
[00:09:14.200 --> 00:09:16.200]  我們一起來禱告
[00:09:16.200 --> 00:09:17.200]  三位天父
[00:09:17.200 --> 00:09:20.200]  感謝祢讓我們今天能夠有一同回來
[00:09:20.200 --> 00:09:22.200]  去敬拜祢的時間
[00:09:22.200 --> 00:09:24.800]  此刻都求祢去安靜我們的心
[00:09:24.800 --> 00:09:26.200]  開啟我們的耳朵
[00:09:26.200 --> 00:09:28.600]  讓我們能夠聽到祢的聲音
[00:09:28.600 --> 00:09:30.000]  聽祢的話語
[00:09:30.000 --> 00:09:31.600]  親自對我們說話
[00:09:31.600 --> 00:09:34.400]  引導我們有更深的認識祢
[00:09:34.400 --> 00:09:36.200]  學習去跟從祢
[00:09:36.200 --> 00:09:37.200]  奉主名求
[00:09:37.200 --> 00:09:39.000]  阿門
[00:09:39.000 --> 00:09:41.400]  今天我們可以看到
[00:09:41.400 --> 00:09:43.200]  經文一開始的時候
[00:09:43.200 --> 00:09:44.200]  可以下一章
[00:09:44.200 --> 00:09:45.800]  經文一開始的時候
[00:09:45.800 --> 00:09:48.800]  其實當時正值是一個獻殿節
[00:09:48.800 --> 00:09:50.200]  其實在《約翰福音》裡面
[00:09:50.200 --> 00:09:54.000]  每次出現節期都有特別的意義
[00:09:54.000 --> 00:09:55.000]  大家知不知道
[00:09:55.000 --> 00:09:58.000]  有沒有人知道獻殿節是什麼?
[00:09:58.000 --> 00:09:59.000]  有沒有人知道?
[00:09:59.000 --> 00:10:04.000]  其實獻殿節不是在舊約聖經裡面的節期
[00:10:04.000 --> 00:10:05.400]  它是在兩約之間
[00:10:05.400 --> 00:10:07.200]  即新約和舊約之間
[00:10:07.200 --> 00:10:09.000]  發生的一段歷史
[00:10:09.000 --> 00:10:11.000]  其實當時猶太地
[00:10:11.000 --> 00:10:13.000]  是被敘利亞的希臘王
[00:10:13.000 --> 00:10:16.200]  安提雅古四世統治
[00:10:16.200 --> 00:10:20.400]  他大力地打壓猶太人的信仰
[00:10:20.400 --> 00:10:23.400]  他甚至在聖殿的祭壇上
[00:10:23.400 --> 00:10:26.000]  獻豬來竊族神
[00:10:26.000 --> 00:10:31.600]  因此這個行動引起了猶太人很大的公憤
[00:10:31.600 --> 00:10:34.800]  接著就有瑪加比的家族出現
[00:10:34.800 --> 00:10:37.000]  他帶領著百姓去反抗
[00:10:37.000 --> 00:10:41.600]  最終成功奪回了耶路撒冷和聖殿
[00:10:41.600 --> 00:10:45.200]  最後猶太人就把聖殿潔淨
[00:10:45.200 --> 00:10:47.400]  並且修復了祭壇
[00:10:47.400 --> 00:10:51.400]  他們重新把聖殿獻給神
[00:10:51.400 --> 00:10:53.400]  而為了紀念這件事
[00:10:53.400 --> 00:10:58.200]  猶太人他們每一年都會慶祝獻殿節
[00:10:58.200 --> 00:11:02.000]  所以獻殿節不單單是一個宗教節期
[00:11:02.000 --> 00:11:05.400]  它更加代表著民族的解放
[00:11:05.400 --> 00:11:07.400]  和信仰的復興
[00:11:07.400 --> 00:11:08.800]  就在這個背景之下
[00:11:08.800 --> 00:11:11.600]  我們再去看今天的經文的時候
[00:11:11.600 --> 00:11:15.200]  我們就會更加明白當時發生了什麼事
[00:11:15.200 --> 00:11:18.000]  我們可以再看看經文
[00:11:18.000 --> 00:11:21.200]  看到猶太人和耶穌有一段對話
[00:11:21.200 --> 00:11:23.600]  在開始的時候也說到
[00:11:23.600 --> 00:11:27.400]  耶穌在聖殿的鎖羅門裡面走的時候
[00:11:27.400 --> 00:11:32.600]  突然間有一群猶太人走出來圍著耶穌
[00:11:32.600 --> 00:11:35.400]  大家覺得這群人圍著耶穌
[00:11:35.400 --> 00:11:37.400]  他們很仰慕耶穌
[00:11:37.400 --> 00:11:39.800]  他們想求問祂的事情
[00:11:39.800 --> 00:11:41.800]  還是他們想挑戰祂
[00:11:41.800 --> 00:11:43.800]  你們覺得是哪一種?
[00:11:43.800 --> 00:11:46.800]  你們覺得是哪一種?
[00:11:46.800 --> 00:11:47.600]  我告訴你們
[00:11:47.600 --> 00:11:49.800]  其實這不是求問
[00:11:49.800 --> 00:11:56.400]  圍著圓文是帶有敵意的圍著
[00:11:56.400 --> 00:11:59.000]  他們很想把一個人刻意包圍起來
[00:11:59.000 --> 00:12:00.000]  換句話說
[00:12:00.000 --> 00:12:03.600]  其實這群人不是真心過來求問的
[00:12:03.600 --> 00:12:06.600]  他們只是想捉住耶穌的把柄
[00:12:06.600 --> 00:12:09.800]  接著就要找機會對付耶穌
[00:12:09.800 --> 00:12:11.800]  他們問了耶穌一個問題
[00:12:11.800 --> 00:12:15.600]  祂問:你叫我們猶豫不定到何時?
[00:12:15.600 --> 00:12:17.000]  其實這一句
[00:12:17.000 --> 00:12:22.400]  我們看起來也好像是誠懇地求問
[00:12:22.400 --> 00:12:25.600]  但是圓文更加接近的意思是
[00:12:25.600 --> 00:12:29.200]  你還要吊我們胃口吊到何時?
[00:12:29.200 --> 00:12:32.800]  其實這反映了這群猶太人的內心
[00:12:32.800 --> 00:12:35.000]  覺得極度不安
[00:12:35.000 --> 00:12:36.600]  為什麼呢?
[00:12:36.600 --> 00:12:39.600]  因為其實耶穌每次的出現
[00:12:39.600 --> 00:12:45.200]  都會引起大眾對祂的身份有一些爭論
[00:12:45.200 --> 00:12:48.400]  甚至會造成群眾的分裂
[00:12:48.400 --> 00:12:50.800]  所以對這群猶太領袖來說
[00:12:50.800 --> 00:12:56.400]  這是嚴重地挑戰他們的權利和地位
[00:12:56.400 --> 00:12:58.400]  所以他們就要圍著耶穌
[00:12:58.400 --> 00:13:01.400]  要逼耶穌表態
[00:13:01.400 --> 00:13:03.400]  而他們最關心的問題是什麼?
[00:13:03.400 --> 00:13:06.200]  他們問的是:你是不是基督?
[00:13:06.200 --> 00:13:11.600]  他們更加要求耶穌要明白地回應他們
[00:13:11.600 --> 00:13:13.000]  其實就是說什麼?
[00:13:13.000 --> 00:13:15.000]  你不要再說那些比喻
[00:13:15.000 --> 00:13:18.200]  說你是好木人、生命的糧、世界的光
[00:13:18.200 --> 00:13:22.600]  你直接承認你究竟是不是基督
[00:13:22.600 --> 00:13:30.600]  為什麼他們一定要耶穌親口承認祂是基督?
[00:13:30.600 --> 00:13:34.600]  其實當時基督這個字就是尼塞亞
[00:13:34.600 --> 00:13:40.000]  它帶有一個很濃厚的軍事和政治色彩
[00:13:40.000 --> 00:13:44.000]  猶太人一直都在期待尼塞亞的降臨
[00:13:44.000 --> 00:13:48.800]  他們期望尼塞亞是一個能夠帶領他們
[00:13:48.800 --> 00:13:53.000]  推翻羅馬政權統治的軍事英雄
[00:13:53.000 --> 00:13:55.000]  就好像我剛才說背景的時候
[00:13:55.000 --> 00:13:57.600]  那個瑪嘉比家族一樣
[00:13:57.600 --> 00:14:01.400]  如果耶穌當場承認祂是的話
[00:14:01.400 --> 00:14:07.800]  耶穌就會掉下去煽動政治動亂的罪名
[00:14:07.800 --> 00:14:09.400]  而面對這個陷阱
[00:14:09.400 --> 00:14:12.000]  耶穌既沒有中計
[00:14:12.000 --> 00:14:14.200]  也沒有選擇退縮
[00:14:14.200 --> 00:14:16.200]  而是祂回應他們說
[00:14:16.200 --> 00:14:19.200]  「我已經告訴你們,你們卻不信」
[00:14:19.200 --> 00:14:23.200]  「我負我所行的事,可以為我作見證」
[00:14:23.200 --> 00:14:26.000]  耶穌所說的「我已經告訴你們」
[00:14:26.000 --> 00:14:30.400]  不是說祂已經直接宣稱自己是尼塞亞
[00:14:30.400 --> 00:14:33.400]  而是指祂一直透過祂自己的教導
[00:14:33.400 --> 00:14:34.600]  就像剛才說的
[00:14:34.600 --> 00:14:38.600]  「我是世界的光,生命的糧」
[00:14:38.600 --> 00:14:39.800]  祂透過祂的教導
[00:14:39.800 --> 00:14:42.000]  並且還有祂的神蹟
[00:14:42.000 --> 00:14:44.000]  去表明了祂的身份
[00:14:44.000 --> 00:14:45.600]  因為在五章的時候
[00:14:45.600 --> 00:14:47.600]  大家記不記得不事大辭
[00:14:47.600 --> 00:14:50.800]  祂醫好了一個38年瘸腿的人
[00:14:50.800 --> 00:14:53.600]  接著去到剛才我說的九節的時候
[00:14:53.600 --> 00:14:57.000]  祂醫好了一個生來就盲眼的人
[00:14:57.000 --> 00:14:59.200]  接著在這一章之後的十一章
[00:14:59.200 --> 00:15:04.400]  祂更加讓一個死去多日的拉撒路復活
[00:15:04.400 --> 00:15:06.400]  耶穌的這些行動
[00:15:06.400 --> 00:15:10.800]  都是奉祂的名所行的工作
[00:15:10.800 --> 00:15:15.600]  祂不斷在為自己的身份作見證
[00:15:15.600 --> 00:15:18.800]  猶太人不單單看到這些神蹟
[00:15:18.800 --> 00:15:21.200]  他們也聽過這些教導
[00:15:21.200 --> 00:15:25.400]  所以問題根本不是耶穌沒有說清楚
[00:15:25.400 --> 00:15:28.400]  而是他們心裏有沒有真正留心
[00:15:28.400 --> 00:15:31.400]  耶穌所說和所做的一切
[00:15:31.400 --> 00:15:36.400]  並且願意接受當中的真理呢?
[00:15:36.400 --> 00:15:40.600]  緊接耶穌說了一句更加震撼的話
[00:15:40.600 --> 00:15:43.000]  祂說「我與父緣為一」
[00:15:43.000 --> 00:15:46.400]  這句話徹底激怒了這些猶太人
[00:15:46.400 --> 00:15:51.000]  他們甚至第二次拿起石頭要打死耶穌
[00:15:51.000 --> 00:15:53.800]  其實為何他們有這麼大的反應呢?
[00:15:53.800 --> 00:15:58.200]  首先,大家知不知道為何要拿起石頭打祂?
[00:15:58.200 --> 00:16:04.200]  因為石刑是當時要懲治褻瀆神
[00:16:04.200 --> 00:16:07.000]  犯姦淫的重罪的犯人
[00:16:07.000 --> 00:16:08.800]  這裡亦表明了
[00:16:08.800 --> 00:16:12.400]  這些猶太人已經完全拒絕耶穌
[00:16:12.400 --> 00:16:15.800]  甚至要當場處決耶穌
[00:16:15.800 --> 00:16:20.400]  究竟耶穌這句話有多嚴重呢?
[00:16:20.400 --> 00:16:23.600]  其實耶穌所說的「我與父緣為一」
[00:16:23.600 --> 00:16:26.000]  原文是一個中性字
[00:16:26.000 --> 00:16:28.200]  你可以看到中性和陽性
[00:16:28.200 --> 00:16:30.400]  其實中性字的發音是「an」
[00:16:30.400 --> 00:16:31.800]  陽性字是「is」
[00:16:31.800 --> 00:16:36.400]  其實兩個是完全不同發音的希臘文
[00:16:36.400 --> 00:16:39.600]  而這個中性的「一」
[00:16:39.600 --> 00:16:44.000]  其實不是指耶穌和父的位格是一同一
[00:16:44.000 --> 00:16:46.600]  而是指他們合一
[00:16:46.600 --> 00:16:53.600]  耶穌指出祂和天父的旨意、工作和行動是完全合一
[00:16:53.600 --> 00:16:58.200]  但猶太人因為內心一早已經有自己預設的立場
[00:16:58.200 --> 00:17:03.800]  所以縱然就算耶穌說的兩個字不是同一個字的時候
[00:17:03.800 --> 00:17:08.600]  他們都要硬說耶穌把自己當作神
[00:17:08.600 --> 00:17:10.000]  各位靈姐妹
[00:17:10.000 --> 00:17:13.000]  其實人的內心是真實的
[00:17:13.000 --> 00:17:17.200]  原來我們內心已經有一個固定的想法的時候
[00:17:17.200 --> 00:17:21.800]  我們很自然就會選擇關注
[00:17:21.800 --> 00:17:26.400]  並且放大那些適合自己聽、支持自己的資訊
[00:17:26.400 --> 00:17:30.600]  而對於那些不適合聽、不支持自己的理據
[00:17:30.600 --> 00:17:34.800]  我們會選擇無視甚至否定
[00:17:34.800 --> 00:17:37.800]  這些猶太人不是聽不明白
[00:17:37.800 --> 00:17:41.200]  而是選擇拒絕真理
[00:17:41.200 --> 00:17:43.000]  而面對這個指控
[00:17:43.000 --> 00:17:52.000]  耶穌就引用了這群猶太人很熟悉的詩篇82篇6節去反駁他們
[00:17:52.000 --> 00:17:57.200]  「你們的律法書上不是寫著『我曾說你們是諸神嗎』」
[00:17:57.200 --> 00:18:02.400]  其實82篇是對一群失職的領袖作出的警告
[00:18:02.400 --> 00:18:05.800]  而在這篇經文當中
[00:18:05.800 --> 00:18:13.000]  他說到的「你們是諸神」指的是那群領受了神的話語和權柄的人
[00:18:13.000 --> 00:18:14.600]  所以耶穌的意思就是
[00:18:14.600 --> 00:18:21.400]  如果聖經也說可以用神來形容這些領受了神話語的人
[00:18:21.400 --> 00:18:24.800]  那麼他這個由天父分別為聖
[00:18:24.800 --> 00:18:27.000]  差到世上來的兒子
[00:18:27.000 --> 00:18:32.400]  又為何會被輕易定罪為攝族神呢?
[00:18:32.400 --> 00:18:37.800]  其實當下的這群猶太人對律法是極為熟悉的
[00:18:37.800 --> 00:18:42.200]  但因為心裏面帶著了對尼塞亞既定的盼望
[00:18:42.200 --> 00:18:46.400]  所以他們根本看不見眼前的真理
[00:18:46.400 --> 00:18:50.600]  他們希望神照著他們內心的想法去做
[00:18:50.600 --> 00:18:54.000]  他們期待著一個政治的拯救者
[00:18:54.000 --> 00:18:58.600]  但眼前的耶穌卻完全不符合這個設定
[00:18:58.600 --> 00:19:02.800]  因此就算再多的神蹟擺在他們眼前
[00:19:02.800 --> 00:19:06.400]  他們依然選擇拒絕
[00:19:06.400 --> 00:19:07.400]  各位弟妹
[00:19:07.400 --> 00:19:11.200]  問題從來不是證據不足
[00:19:11.200 --> 00:19:18.000]  而是我們的心願不願意去聽、去相信和去信服
[00:19:18.000 --> 00:19:22.000]  在今天這個資訊爆炸、AI迅速發展的年代
[00:19:22.000 --> 00:19:26.200]  其實我們每一天都在接收很大量的資訊
[00:19:26.200 --> 00:19:31.600]  我們無形中都被這些資訊塑造了我們的價值觀
[00:19:31.600 --> 00:19:34.000]  世界不斷告訴我們
[00:19:34.000 --> 00:19:37.800]  只要考入好的學校、拿到好的成績
[00:19:37.800 --> 00:19:41.200]  我們就能建立一個亮麗的履歷
[00:19:41.200 --> 00:19:44.800]  將來就算是成功了
[00:19:44.800 --> 00:19:49.400]  無論在學業、工作甚至興趣上發展
[00:19:49.400 --> 00:19:52.800]  都要比別人更加出色
[00:19:52.800 --> 00:19:57.600]  在社交媒體上我們有多少的追隨者、有多少的讚好
[00:19:57.600 --> 00:20:02.000]  可能都變成了衡量我們人生的標準
[00:20:02.000 --> 00:20:06.800]  但當神的真理和這些價值觀發生衝突的時候
[00:20:06.800 --> 00:20:09.600]  你會怎麼選擇?
[00:20:09.600 --> 00:20:12.600]  我們是否也會像當時的猶太人一樣
[00:20:12.600 --> 00:20:17.200]  當神的真理挑戰了我們一些根深蒂固的想法的時候
[00:20:17.200 --> 00:20:20.400]  動搖了我們的習慣和安全感的時候
[00:20:20.400 --> 00:20:23.000]  我們會不會本能地拒絕呢?
[00:20:23.000 --> 00:20:29.200]  甚至覺得神的教導很「離地」、太過時了
[00:20:29.200 --> 00:20:33.600]  但姐妹,當神的話語挑戰了我們的價值觀的時候
[00:20:33.600 --> 00:20:37.400]  我們最終是選擇聽世界的聲音
[00:20:37.400 --> 00:20:41.600]  還是去聽大目人的聲音呢?
[00:20:41.600 --> 00:20:43.200]  接著我們再去看
[00:20:43.200 --> 00:20:47.200]  其實在《約翰福音》二章二十五節的時候
[00:20:47.200 --> 00:20:51.000]  一早說過耶穌是洞察人心
[00:20:51.000 --> 00:20:55.200]  祂很清楚我們每一個內心真正的光景
[00:20:55.200 --> 00:20:58.400]  所以面對著這些猶太人的質疑
[00:20:58.400 --> 00:21:03.600]  耶穌在第26節已經直接指出問題的根源
[00:21:03.600 --> 00:21:09.000]  祂說「只是你們不信,因為你們不是我的羊」
[00:21:09.000 --> 00:21:14.400]  換句話說,問題從來都不是證據不足
[00:21:14.400 --> 00:21:19.800]  而是他們根本沒有和耶穌和神建立一個真正的關係
[00:21:19.800 --> 00:21:23.000]  所以他們不願意相信
[00:21:23.000 --> 00:21:28.000]  於是,耶穌又再次將目人和羊這個比喻
[00:21:28.000 --> 00:21:31.800]  延續了十章開頭的教導
[00:21:31.800 --> 00:21:36.600]  大家認不認識羊有什麼特性呢?
[00:21:36.600 --> 00:21:37.800]  應該不太知道
[00:21:37.800 --> 00:21:41.400]  不如我又告訴大家羊有什麼特性
[00:21:41.400 --> 00:21:44.800]  昨晚標籤提到有人說羊是蠢的
[00:21:44.800 --> 00:21:47.800]  知不知道蠢的背後有什麼原因呢?
[00:21:47.800 --> 00:21:51.000]  首先,羊是一個很溫馴的動物
[00:21:51.000 --> 00:21:55.600]  牠們缺乏自我保護能力
[00:21:55.600 --> 00:21:58.000]  而且牠們是群居的動物
[00:21:58.000 --> 00:22:01.200]  還有,羊有一個特性
[00:22:01.200 --> 00:22:02.800]  牠們很容易受害怕
[00:22:02.800 --> 00:22:06.000]  有些東西大聲一點,牠們已經很害怕
[00:22:06.000 --> 00:22:07.400]  牠們會到處跑
[00:22:07.400 --> 00:22:11.200]  還有,羊很容易迷路
[00:22:11.200 --> 00:22:13.200]  知道為什麼嗎?
[00:22:13.200 --> 00:22:15.000]  每樣東西都有原因的,知道為什麼嗎?
[00:22:15.000 --> 00:22:19.400]  因為羊有嚴重的弱視
[00:22:19.400 --> 00:22:22.600]  就是說牠們看的距離很短
[00:22:22.600 --> 00:22:25.600]  牠們真的會慢慢地走
[00:22:25.600 --> 00:22:30.800]  還有,牠們還有一個很嚴重、很危險的特性
[00:22:30.800 --> 00:22:34.400]  牠們的危機警覺性很低
[00:22:34.400 --> 00:22:38.000]  所以牠們很多時候在吃草的時候
[00:22:38.000 --> 00:22:40.800]  旁邊有一隻野獸出現,牠們都不知道
[00:22:40.800 --> 00:22:44.200]  所以牠們長時間在一個很容易迷路
[00:22:44.200 --> 00:22:48.600]  很容易跌落危險當中的環境下生存
[00:22:48.600 --> 00:22:51.400]  聽起來,不知道大家有沒有覺得
[00:22:51.400 --> 00:22:53.800]  跟我們都很相似
[00:22:53.800 --> 00:22:56.400]  因為我們跟羊一樣
[00:22:56.400 --> 00:23:00.600]  我們很容易被環境影響
[00:23:00.600 --> 00:23:03.200]  當我們遇到困難、挑戰的時候
[00:23:03.200 --> 00:23:06.600]  我們內心會覺得很害怕、很不安
[00:23:06.600 --> 00:23:08.800]  甚至我們跟羊最相似的是
[00:23:08.800 --> 00:23:10.600]  我們會走失
[00:23:10.600 --> 00:23:14.600]  我們會不自覺地偏離了神的心意
[00:23:14.600 --> 00:23:17.200]  所以羊跟我們一樣
[00:23:17.200 --> 00:23:23.000]  我們很需要一個大木人去帶領和保護我們
[00:23:23.000 --> 00:23:25.600]  接著我們又去看看
[00:23:25.600 --> 00:23:28.000]  木人人怎樣照顧羊
[00:23:28.000 --> 00:23:29.800]  首先你看看這張照片
[00:23:29.800 --> 00:23:31.200]  剛才有兩張圖
[00:23:31.200 --> 00:23:34.200]  你有沒有覺得羊的樣子很像一隻羊?
[00:23:34.200 --> 00:23:37.200]  也不是很能夠分辨牠們的樣子
[00:23:37.200 --> 00:23:38.400]  大木人會怎樣?
[00:23:38.400 --> 00:23:41.200]  但是大木人是認識牠們的樣子
[00:23:41.200 --> 00:23:46.600]  牠還能夠按照牠們的名字去呼喊牠們的樣子
[00:23:46.600 --> 00:23:48.200]  剛才那張照片是甚麼?
[00:23:48.200 --> 00:23:50.000]  牠們的樣子是差不多的
[00:23:50.000 --> 00:23:56.600]  但是木羊人卻可以很清楚每一隻的情況和需要
[00:23:56.600 --> 00:24:00.400]  所以這份認識不是表面的認識
[00:24:00.400 --> 00:24:04.800]  而是一個很源於心口關係的認識
[00:24:04.800 --> 00:24:08.000]  木羊人會站在羊的前面
[00:24:08.000 --> 00:24:12.200]  因為羊是認得牠們的聲音
[00:24:12.200 --> 00:24:15.400]  剛才我說羊不知道自己在去哪裏
[00:24:15.400 --> 00:24:22.200]  所以牠們只要很信任這個很熟悉、認識的牧者
[00:24:22.200 --> 00:24:27.200]  牠就能夠去到一個有草吃的地方
[00:24:27.200 --> 00:24:30.800]  並且木羊人會保護牠的羊群
[00:24:30.800 --> 00:24:33.400]  因為木羊人是羊的門
[00:24:33.400 --> 00:24:39.600]  當時木羊人會在晚上把羊趕回羊圈裏
[00:24:39.600 --> 00:24:43.800]  而木羊人就會躺在羊圈的門口裏
[00:24:43.800 --> 00:24:47.000]  去保護這群羊
[00:24:47.000 --> 00:24:49.800]  因為防止野獸入侵
[00:24:49.800 --> 00:24:55.400]  所以木羊人就成為了羊的真正的保障
[00:24:55.400 --> 00:24:57.600]  耶穌不單單是一個木人
[00:24:57.600 --> 00:25:00.000]  祂更加是一個好木人
[00:25:00.000 --> 00:25:03.400]  祂認識我們、帶領我們、保護我們
[00:25:03.400 --> 00:25:06.400]  甚至願意為我們去寫命
[00:25:06.400 --> 00:25:11.200]  正正因為耶穌為我們付上了生命的代價
[00:25:11.200 --> 00:25:15.400]  我們才能夠成為屬於祂的羊
[00:25:15.400 --> 00:25:17.400]  並且在祂裏面
[00:25:17.400 --> 00:25:22.200]  我們能夠得到那份真正的安全感和生命
[00:25:22.200 --> 00:25:24.400]  在第28、29節
[00:25:24.400 --> 00:25:27.800]  耶穌給了我們一個很寶貴的英許
[00:25:27.800 --> 00:25:31.800]  祂說信徒即是羊
[00:25:31.800 --> 00:25:34.400]  是神一次給耶穌的禮物
[00:25:34.400 --> 00:25:39.200]  一份無法量計價值的禮物
[00:25:39.200 --> 00:25:40.800]  所以在神的眼中
[00:25:40.800 --> 00:25:43.000]  我們絕非微不足道
[00:25:43.000 --> 00:25:45.800]  而是極其寶貴
[00:25:45.800 --> 00:25:51.200]  並且無論面對什麼環境、困難和挑戰
[00:25:51.200 --> 00:25:54.400]  沒有任何人能夠將屬神的人
[00:25:54.400 --> 00:25:58.400]  從耶穌和天父的手中奪走
[00:25:58.400 --> 00:26:01.800]  這是一份很穩固不變的保障
[00:26:01.800 --> 00:26:05.400]  亦是真正安全感的來源
[00:26:05.400 --> 00:26:07.800]  剛才我開始的時候有說到
[00:26:07.800 --> 00:26:11.400]  社會比較焦慮和錯失恐懼症
[00:26:11.400 --> 00:26:14.000]  其實這個背後也反映了什麼?
[00:26:14.000 --> 00:26:19.400]  它反映了我們對身份和安全感的追求
[00:26:19.400 --> 00:26:22.600]  我們很害怕跟不上這個世界的標準
[00:26:22.600 --> 00:26:24.000]  我們很害怕被忽略
[00:26:24.000 --> 00:26:26.800]  我們很害怕被淘汰
[00:26:26.800 --> 00:26:28.200]  但兄弟姐妹
[00:26:28.200 --> 00:26:31.800]  我們的價值從來都不是由我們學歷
[00:26:31.800 --> 00:26:34.600]  我們的收入或是我們的成就
[00:26:34.600 --> 00:26:39.200]  甚或社交媒體有多少個讚好去決定的
[00:26:39.200 --> 00:26:44.600]  我們的身份和安全感是建立在耶穌基督的身上
[00:26:44.600 --> 00:26:46.600]  因為我們是屬於祂的
[00:26:46.600 --> 00:26:52.200]  而這份安全感是不會隨著環境的改變而失去
[00:26:52.200 --> 00:26:56.400]  更加不會被任何人去奪走
[00:26:56.400 --> 00:26:58.000]  作為主的羊
[00:26:58.000 --> 00:27:04.400]  我們要怎樣才能捉住這份身份和安全感呢?
[00:27:04.400 --> 00:27:09.000]  其實耶穌也給了我們一個很明確的方向和做法
[00:27:09.000 --> 00:27:10.800]  在27節說
[00:27:10.800 --> 00:27:15.600]  祂用了三個關鍵的動詞去指出
[00:27:15.600 --> 00:27:19.600]  我的羊是聽我的聲音的
[00:27:19.600 --> 00:27:23.000]  我認識它們,它們也跟從我
[00:27:23.000 --> 00:27:26.400]  聽說的不是單單耳朵的聽到
[00:27:26.400 --> 00:27:28.800]  而是帶有行動的回應
[00:27:28.800 --> 00:27:32.400]  是願意信服並且實踐
[00:27:32.400 --> 00:27:35.800]  認識也不是頭腦表面的認識
[00:27:35.800 --> 00:27:41.200]  而是那種好像婚姻關係的親密關係
[00:27:41.200 --> 00:27:44.000]  跟從是要成為門徒
[00:27:44.000 --> 00:27:49.400]  願意將它的教導作為我們的人生方向
[00:27:49.400 --> 00:27:54.200]  而原文這三個動詞是帶有持續進行的意思
[00:27:54.200 --> 00:27:59.000]  也意味著我們不只是偶爾聽聽神的話
[00:27:59.000 --> 00:28:01.200]  而是在我們日常生活當中
[00:28:01.200 --> 00:28:05.800]  我們要持續聆聽、認識和跟從
[00:28:05.800 --> 00:28:07.600]  反觀當時猶太領袖
[00:28:07.600 --> 00:28:10.400]  他們表面上很熟悉聖經
[00:28:10.400 --> 00:28:15.000]  但他們卻用自己的標準去框架了神
[00:28:15.000 --> 00:28:18.800]  他們只是聽一些自己想聽的東西
[00:28:18.800 --> 00:28:22.600]  結果他們聽不到大目人的聲音
[00:28:22.600 --> 00:28:27.800]  但後來耶穌回到他起初開始傳道的地方
[00:28:27.800 --> 00:28:30.200]  約旦河東的那群人
[00:28:30.200 --> 00:28:33.200]  他們因為願意帶著聆聽的心
[00:28:33.200 --> 00:28:37.400]  他們最終相信了耶穌
[00:28:37.400 --> 00:28:39.200]  今天我們也要問自己
[00:28:39.200 --> 00:28:43.200]  我們用世界的標準去篩選引神的說話
[00:28:43.200 --> 00:28:47.600]  還是帶著一顆願意信服的心去聽呢?
[00:28:47.600 --> 00:28:50.200]  到最後我也想跟大家分享一個
[00:28:50.200 --> 00:28:54.200]  我自己去學習聽神話語的一個經歷
[00:28:54.200 --> 00:28:57.200]  記得我在讀神學的第一年
[00:28:57.200 --> 00:29:00.800]  其實我要去找一間教會去實習
[00:29:00.800 --> 00:29:03.600]  而我過去一直神的呼召給我
[00:29:03.600 --> 00:29:06.400]  我都是要服侍年輕人
[00:29:06.400 --> 00:29:09.600]  所以我也很早開始規劃
[00:29:09.600 --> 00:29:12.400]  我接下來要找一間怎樣的實習教會
[00:29:12.400 --> 00:29:15.400]  讓我能夠學到一些我想學到的東西
[00:29:15.400 --> 00:29:18.800]  而又能夠應用到我將來服侍的群體
[00:29:18.800 --> 00:29:21.400]  所以我分析了很多資訊之下
[00:29:21.400 --> 00:29:23.000]  我預設了一條底線
[00:29:23.000 --> 00:29:24.600]  那條底線是什麼呢?
[00:29:24.600 --> 00:29:28.800]  就是因為兒童工作和長者試工
[00:29:28.800 --> 00:29:31.200]  其實這兩個試工
[00:29:31.200 --> 00:29:35.200]  離我要服侍的年輕人群體的距離比較遠
[00:29:35.200 --> 00:29:40.600]  所以我預設了暫時不會選擇
[00:29:40.600 --> 00:29:44.000]  不會把它放在我的考慮之列裏面
[00:29:44.000 --> 00:29:47.000]  我想多學一些相關的東西
[00:29:47.000 --> 00:29:51.200]  所以在我做了這一番分析之後
[00:29:51.200 --> 00:29:53.400]  當時我選擇了一間
[00:29:53.400 --> 00:29:56.600]  和我的理念有少許差距的教會
[00:29:56.600 --> 00:29:59.800]  但它有一個很適合我的預期
[00:29:59.800 --> 00:30:02.000]  那裏的年輕人是很火熱的
[00:30:02.000 --> 00:30:03.200]  很威神的
[00:30:03.200 --> 00:30:04.400]  所以我就覺得
[00:30:04.400 --> 00:30:06.200]  我很想看看學習一下
[00:30:06.200 --> 00:30:09.400]  為什麼能夠令到那班年輕人這麼火熱呢?
[00:30:09.400 --> 00:30:14.000]  我就做了安排去這間教會實習
[00:30:14.000 --> 00:30:15.600]  一切其實都很順利的
[00:30:15.600 --> 00:30:21.200]  我很快就已經確定了去這間教會實習
[00:30:21.200 --> 00:30:23.200]  就正是因為所有事情都很順利
[00:30:23.200 --> 00:30:25.600]  我就覺得這是神的大令
[00:30:25.600 --> 00:30:28.800]  神都喜悅我這個安排的
[00:30:28.800 --> 00:30:32.000]  但當我在開始實習之前
[00:30:32.000 --> 00:30:33.800]  之前大約半個月
[00:30:33.800 --> 00:30:36.000]  我就去了他們一次的
[00:30:36.000 --> 00:30:38.400]  就是參加了他們一次的聚會
[00:30:38.400 --> 00:30:41.400]  我那次的經歷讓我發現一件事
[00:30:41.400 --> 00:30:44.600]  原來我和他們理念的差距
[00:30:44.600 --> 00:30:46.400]  不是有一點的差距
[00:30:46.400 --> 00:30:49.000]  而是有一個很大的差距
[00:30:49.000 --> 00:30:52.600]  我內心當時產生了一個很大的掙扎
[00:30:52.600 --> 00:30:56.400]  我究竟應該繼續還是不繼續呢?
[00:30:56.400 --> 00:30:58.000]  但在這個掙扎裏面
[00:30:58.000 --> 00:31:00.000]  我才真的看清楚
[00:31:00.000 --> 00:31:04.200]  其實原來我過去一直在用我自己的標準
[00:31:04.200 --> 00:31:06.600]  去框架了神
[00:31:06.600 --> 00:31:11.200]  去讓我自己的想法去做這個決定
[00:31:11.200 --> 00:31:14.800]  而且在當中我其實不期然在篩選一些
[00:31:14.800 --> 00:31:18.000]  適合我聽的資訊去聽
[00:31:18.000 --> 00:31:22.400]  接著我就覺得這個就是神的心意了
[00:31:22.400 --> 00:31:24.000]  但真實的是
[00:31:24.000 --> 00:31:27.400]  我所有的東西都在控制在我自己的手裏
[00:31:27.400 --> 00:31:31.400]  我根本就沒有將我的主權交回給神
[00:31:31.400 --> 00:31:34.800]  所以當我在這個掙扎裏面
[00:31:34.800 --> 00:31:37.200]  我最終願意放下我的堅持
[00:31:37.200 --> 00:31:41.000]  我關閉了我沒有去那個教會去實習
[00:31:41.000 --> 00:31:44.600]  但同時神又另外開了一扇門給我
[00:31:44.600 --> 00:31:49.200]  我知道有另外一個教會需要神學生去實習的
[00:31:49.200 --> 00:31:51.800]  但是那個服侍的對象
[00:31:51.800 --> 00:31:55.200]  就是我剛剛那條底線下面的
[00:31:55.200 --> 00:31:58.200]  就是服侍一班長者
[00:31:58.200 --> 00:32:00.200]  其實如果以前的我
[00:32:00.200 --> 00:32:07.200]  剛才說這個不是我這一刻會放下來的一個選項
[00:32:07.200 --> 00:32:09.800]  但這一次我選擇了信服
[00:32:09.800 --> 00:32:12.400]  我要將主權交回給神
[00:32:12.400 --> 00:32:15.200]  接著我在我的IG上面
[00:32:15.200 --> 00:32:19.000]  我記下了我第一天我要去實習的時候
[00:32:19.000 --> 00:32:21.000]  當我搭地鐵去到這一天出口
[00:32:21.000 --> 00:32:22.400]  我拍下了一張照片
[00:32:22.400 --> 00:32:26.600]  因為我很想將我自己這個心力去記下它
[00:32:26.600 --> 00:32:28.600]  我當時我寫著是說什麼
[00:32:28.600 --> 00:32:31.800]  有時候神為你安排的出口
[00:32:31.800 --> 00:32:33.600]  未必是你想去
[00:32:33.600 --> 00:32:36.000]  甚至是你不想去
[00:32:36.000 --> 00:32:39.400]  或者你覺得不需要去
[00:32:39.400 --> 00:32:44.800]  但心裏面可能會帶著很多埋怨或者不解
[00:32:44.800 --> 00:32:48.000]  但我最後仍然帶著這個疑問
[00:32:48.000 --> 00:32:50.800]  向著這個出口走出去
[00:32:50.800 --> 00:32:52.200]  我踏上了
[00:32:52.200 --> 00:32:54.400]  我期待神帶我去看
[00:32:54.400 --> 00:32:56.600]  祂為我預備的
[00:32:56.600 --> 00:33:00.400]  接著一年的實習過去了
[00:33:00.400 --> 00:33:03.800]  同樣地我在我實習最後一天的時候
[00:33:03.800 --> 00:33:07.600]  我都在IG記錄下我自己的感言
[00:33:07.600 --> 00:33:11.600]  我說從來沒有想過自己會服侍一班長者
[00:33:11.600 --> 00:33:14.200]  我帶著戰經的心情去踏上
[00:33:14.200 --> 00:33:17.000]  神就透過這次機會讓我明白
[00:33:17.000 --> 00:33:21.000]  只要懷著愛人的心
[00:33:21.000 --> 00:33:23.600]  無論眼前的人是什麼年齡層都好
[00:33:23.600 --> 00:33:26.600]  原來都可以建立關係
[00:33:26.600 --> 00:33:29.400]  亦都會帶來一種不捨的關係
[00:33:29.400 --> 00:33:32.200]  要離開這班可愛活潑的長者
[00:33:32.200 --> 00:33:33.800]  我真的捨不得
[00:33:33.800 --> 00:33:36.000]  就讓我記下今天的感受
[00:33:36.000 --> 00:33:40.600]  讓將來這個信心之旅為我自己打打氣
[00:33:40.600 --> 00:33:44.000]  我今天仍然在走這個信心之旅
[00:33:44.000 --> 00:33:48.200]  有在準備這個分享的時候
[00:33:48.200 --> 00:33:51.800]  其實我自己都在回顧我當時的體會
[00:33:51.800 --> 00:33:55.200]  我當時真的有一個很深的體會
[00:33:55.200 --> 00:33:58.400]  原來當我們放下自己的標準
[00:33:58.400 --> 00:34:01.000]  我們願意聆聽
[00:34:01.000 --> 00:34:04.400]  並且跟隨大目人的時候
[00:34:04.400 --> 00:34:06.800]  神就會帶我們去一個地方
[00:34:06.800 --> 00:34:12.600]  往往比我們自己計劃的更加美好
[00:34:12.600 --> 00:34:14.000]  今天去總結
[00:34:14.000 --> 00:34:17.400]  今天第一點是
[00:34:17.400 --> 00:34:22.000]  猶太人並不是看不到耶穌所做的神蹟
[00:34:22.000 --> 00:34:25.200]  但因為他心裏的想法和期待
[00:34:25.200 --> 00:34:28.200]  拒絕了接受眼前的真理
[00:34:28.200 --> 00:34:31.800]  今日世界同樣都充滿著各種的聲音
[00:34:31.800 --> 00:34:34.600]  它不斷在塑造我們的價值觀
[00:34:34.600 --> 00:34:39.200]  讓我們要時刻去審查我們自己的內心
[00:34:39.200 --> 00:34:42.400]  不要只是聽我們想聽的
[00:34:42.400 --> 00:34:48.000]  而是要願意接受神話語的光照和挑戰
[00:34:48.000 --> 00:34:50.400]  第二個分題是作為主一樣
[00:34:50.400 --> 00:34:54.400]  我們的安全感從來都不是來自那些成就
[00:34:54.400 --> 00:34:57.400]  財富或者別人的認同
[00:34:57.400 --> 00:35:00.800]  而是來自我們跟大目人的關係
[00:35:00.800 --> 00:35:04.000]  耶穌祂很認識我們
[00:35:04.000 --> 00:35:05.600]  祂帶領我們
[00:35:05.600 --> 00:35:08.800]  祂亦都應許永遠都不會丟下我們
[00:35:08.800 --> 00:35:11.400]  因此我們要每一天的生活當中
[00:35:11.400 --> 00:35:16.400]  都要持續去聆聽、信靠和跟隨主的聲音
[00:35:16.400 --> 00:35:20.400]  將我們生命的主權交在祂的手中
[00:35:20.400 --> 00:35:26.000]  讓我們生命能夠活出神兒女的身份
[00:35:26.000 --> 00:35:27.800]  今日講到這裏
[00:35:27.800 --> 00:35:30.200]  我想大家有一個安靜的時間
[00:35:30.200 --> 00:35:32.600]  不如大家合上雙眼
[00:35:32.600 --> 00:35:39.400]  讓自己回想一下剛才經文有甚麼讓你很深刻的
[00:35:42.400 --> 00:35:46.400]  今日的訊息是提醒我們
[00:35:46.400 --> 00:35:50.400]  在這個充滿雜聲的世界裏
[00:35:50.400 --> 00:35:54.400]  我們每一天都聽不同的聲音
[00:35:54.400 --> 00:35:59.400]  或許是世界對成功的定義
[00:35:59.400 --> 00:36:03.400]  別人對我們的評價
[00:36:03.400 --> 00:36:07.400]  內心的憂慮和懼怕
[00:36:07.400 --> 00:36:14.400]  又或許是我們自己的想法和堅持
[00:36:14.400 --> 00:36:21.400]  此刻就讓我們誠實地回到神的面前
[00:36:21.400 --> 00:36:23.400]  我們去思想一下
[00:36:23.400 --> 00:36:27.400]  最近我們的生命裏
[00:36:27.400 --> 00:36:32.400]  有沒有一把聲音不斷在影響我們
[00:36:37.400 --> 00:36:42.400]  當神的話語和我們的想法、計劃
[00:36:42.400 --> 00:36:46.400]  或者價值觀有衝突的時候
[00:36:46.400 --> 00:36:53.400]  我們是在信服還是拒絕?
[00:36:53.400 --> 00:36:58.400]  我們又是否像經文當中的猶太領袖一樣
[00:36:58.400 --> 00:37:05.400]  我們只是在選擇一些自己想聽的聲音?
[00:37:05.400 --> 00:37:07.400]  兄弟姐妹
[00:37:07.400 --> 00:37:09.400]  耶穌說
[00:37:09.400 --> 00:37:12.400]  我的羊聽我的聲音
[00:37:12.400 --> 00:37:15.400]  我也認識牠們
[00:37:15.400 --> 00:37:18.400]  牠們也跟從我
[00:37:18.400 --> 00:37:21.400]  此刻讓我們安靜片刻
[00:37:21.400 --> 00:37:25.400]  讓我們在神面前去審查我們的內心
