
[00:00:00.000 --> 00:00:04.000]  頂姊妹,如果我不知道說起射波
[00:00:04.000 --> 00:00:06.000]  大家會想起什麼?
[00:00:06.000 --> 00:00:09.000]  都笑一笑,好像大家都get到
[00:00:09.000 --> 00:00:13.000]  會不會想起之前世界盃黃金射球?
[00:00:13.000 --> 00:00:14.000]  有的舉手
[00:00:14.000 --> 00:00:15.000]  沒有
[00:00:15.000 --> 00:00:17.000]  想起第二種射波的呢?
[00:00:17.000 --> 00:00:18.000]  舉手
[00:00:18.000 --> 00:00:22.000]  大家都應該知道我說的是
[00:00:22.000 --> 00:00:26.000]  即場很流行的那種射波
[00:00:26.000 --> 00:00:28.000]  就是射搏
[00:00:28.000 --> 00:00:30.000]  我跟詹木說
[00:00:30.000 --> 00:00:34.000]  今天的講道題目是想用信仰射波
[00:00:34.000 --> 00:00:35.000]  他九秒九
[00:00:35.000 --> 00:00:38.000]  馬上說一定要看這條youtube片
[00:00:38.000 --> 00:00:39.000]  很棒的
[00:00:39.000 --> 00:00:42.000]  大家不用擔心,我不會現在播放
[00:00:42.000 --> 00:00:44.000]  你們有興趣可以回去看
[00:00:44.000 --> 00:00:47.000]  是出自小人國4
[00:00:47.000 --> 00:00:49.000]  有人看過嗎?
[00:00:49.000 --> 00:00:51.000]  這個叫射波操
[00:00:51.000 --> 00:00:52.000]  有沒有人看過?
[00:00:52.000 --> 00:00:54.000]  都有一些
[00:00:54.000 --> 00:00:56.000]  這個射波操是什麼呢?
[00:00:56.000 --> 00:01:00.000]  就是很活該的那些舞台劇演員
[00:01:00.000 --> 00:01:03.000]  在台上一面做一些射波的動作
[00:01:03.000 --> 00:01:07.000]  例如射波、推樁、踢腳
[00:01:07.000 --> 00:01:09.000]  我做得很生疏,不好意思
[00:01:09.000 --> 00:01:13.000]  一面說射波的術語
[00:01:13.000 --> 00:01:15.000]  即是射波術語
[00:01:15.000 --> 00:01:19.000]  這條片都可以說是導進了打工仔
[00:01:19.000 --> 00:01:23.000]  無論是低層、中層、高層的辛酸史
[00:01:23.000 --> 00:01:27.000]  因為被那些射波高手壓到我們呼吸不了
[00:01:27.000 --> 00:01:33.000]  我今天就想和大家分享一些劇的精髓
[00:01:33.000 --> 00:01:37.000]  第一個先說低層射波打工仔
[00:01:37.000 --> 00:01:41.000]  當老闆說你做錯了
[00:01:41.000 --> 00:01:44.000]  那些打工仔會說什麼呢?
[00:01:44.000 --> 00:01:47.000]  我都是照你的意思做
[00:01:47.000 --> 00:01:50.000]  當老闆說你真的做錯了
[00:01:50.000 --> 00:01:52.000]  他又會怎麼說呢?
[00:01:52.000 --> 00:01:54.000]  上一層同事都是這樣說的
[00:01:54.000 --> 00:01:56.000]  我照做的
[00:01:56.000 --> 00:01:59.000]  我真的不覺得我有錯
[00:01:59.000 --> 00:02:01.000]  大家有沒有聽過這些說話?
[00:02:01.000 --> 00:02:02.000]  都有吧?
[00:02:02.000 --> 00:02:04.000]  這些就是低層的
[00:02:04.000 --> 00:02:06.000]  好,我們去到中層了
[00:02:06.000 --> 00:02:08.000]  中層的射波打工仔
[00:02:08.000 --> 00:02:12.000]  當高層的交一些東西給他跟的時候
[00:02:12.000 --> 00:02:14.000]  他會怎麼說呢?
[00:02:14.000 --> 00:02:17.000]  這件事不是我跟開的
[00:02:17.000 --> 00:02:19.000]  這個是不是很熟悉?
[00:02:19.000 --> 00:02:22.000]  我也有時候聽到,不是我跟開的
[00:02:22.000 --> 00:02:25.000]  但是高層堅持說
[00:02:25.000 --> 00:02:27.000]  都是要你跟的時候
[00:02:27.000 --> 00:02:29.000]  這個打工仔又會怎麼說呢?
[00:02:29.000 --> 00:02:31.000]  很楚楚可憐地說
[00:02:31.000 --> 00:02:35.000]  你這樣我很難做的,老闆
[00:02:35.000 --> 00:02:39.000]  但是他為了不繼續糾纏下去
[00:02:39.000 --> 00:02:41.000]  要快點解決這件事
[00:02:41.000 --> 00:02:44.000]  他接著就會很楚楚可憐地說
[00:02:44.000 --> 00:02:47.000]  我都不想被人說我越權
[00:02:47.000 --> 00:02:49.000]  我怎麼可以接這個工作呢?
[00:02:49.000 --> 00:02:51.000]  這個就是中層的
[00:02:51.000 --> 00:02:55.000]  好了,去到最高層的老闆級了
[00:02:55.000 --> 00:02:58.000]  他們是怎麼射波呢?
[00:02:58.000 --> 00:03:02.000]  這個可能我們當下屬做錯事的時候
[00:03:02.000 --> 00:03:04.000]  老闆最重要的是什麼?
[00:03:04.000 --> 00:03:07.000]  馬上割席,劃清界線
[00:03:07.000 --> 00:03:09.000]  所以他就會說
[00:03:09.000 --> 00:03:13.000]  唉,這次我真的愛莫能助了
[00:03:13.000 --> 00:03:15.000]  接著當下屬反駁
[00:03:15.000 --> 00:03:17.000]  老闆,這件事做錯了
[00:03:17.000 --> 00:03:19.000]  是因為你有這樣說過
[00:03:19.000 --> 00:03:21.000]  我照你的意思做的
[00:03:21.000 --> 00:03:24.000]  通常老闆會說什麼呢?
[00:03:24.000 --> 00:03:26.000]  我沒有說過
[00:03:26.000 --> 00:03:28.000]  大家都知道,應該聽了很多
[00:03:28.000 --> 00:03:31.000]  我沒有印象我這樣說過
[00:03:31.000 --> 00:03:34.000]  最流行說這句話
[00:03:34.000 --> 00:03:36.000]  但是當下屬仍然堅持
[00:03:36.000 --> 00:03:39.000]  不是,你真的有這樣說過
[00:03:39.000 --> 00:03:42.000]  就是不太懂得做,還撐下去
[00:03:42.000 --> 00:03:45.000]  本來老闆不是這麼差的
[00:03:45.000 --> 00:03:48.000]  但是當下屬堅持的時候
[00:03:48.000 --> 00:03:50.000]  老闆唯有說
[00:03:50.000 --> 00:03:54.000]  你想想你究竟適不適合這份工作
[00:03:54.000 --> 00:03:58.000]  這幾個打到盡了
[00:03:58.000 --> 00:03:59.000]  我們打工仔
[00:03:59.000 --> 00:04:02.000]  那種被人逼到盡的場景
[00:04:02.000 --> 00:04:05.000]  不知道是不是我們在職場
[00:04:05.000 --> 00:04:08.000]  都被這些射波高手射薄得多
[00:04:08.000 --> 00:04:10.000]  變成我們在教會裡
[00:04:10.000 --> 00:04:13.000]  好像都用這些射波操
[00:04:13.000 --> 00:04:14.000]  這些射波技巧
[00:04:14.000 --> 00:04:17.000]  都回到我們的信仰群體裡
[00:04:17.000 --> 00:04:20.000]  不知道大家回到教會裡
[00:04:20.000 --> 00:04:24.000]  聽到多少信仰的射波證據
[00:04:24.000 --> 00:04:28.000]  第一句是出自聖經的
[00:04:28.000 --> 00:04:30.000]  平平安安的去吧
[00:04:30.000 --> 00:04:33.000]  願你們穿得暖吃得飽
[00:04:33.000 --> 00:04:35.000]  當頂姐妹好有需要的時候
[00:04:35.000 --> 00:04:37.000]  就這樣說一句
[00:04:37.000 --> 00:04:39.000]  然後轉個頭就走了
[00:04:39.000 --> 00:04:42.000]  這是不是第一個射波呢
[00:04:42.000 --> 00:04:43.000]  第二個
[00:04:43.000 --> 00:04:46.000]  當頂姐妹好想找你傾一下心事
[00:04:46.000 --> 00:04:47.000]  分享一下
[00:04:47.000 --> 00:04:50.000]  跟你傾諸一頭半個鐘的時候
[00:04:50.000 --> 00:04:51.000]  但是你就會跟她說
[00:04:51.000 --> 00:04:53.000]  不好意思啊頂姐妹
[00:04:53.000 --> 00:04:56.000]  我真的有些事情在忙
[00:04:56.000 --> 00:04:58.000]  我在禱告紀念你
[00:04:58.000 --> 00:04:59.000]  拜拜
[00:04:59.000 --> 00:05:00.000]  就這樣走了
[00:05:00.000 --> 00:05:01.000]  第三
[00:05:01.000 --> 00:05:05.000]  不知道大家有沒有去開一些教會的會
[00:05:05.000 --> 00:05:09.000]  一定會有些人說很多高言偉論
[00:05:09.000 --> 00:05:13.000]  我們一定要拓展天國事功
[00:05:13.000 --> 00:05:15.000]  我們要普世宣教
[00:05:15.000 --> 00:05:17.000]  我們要探訪整個團體
[00:05:17.000 --> 00:05:18.000]  所有家長
[00:05:18.000 --> 00:05:19.000]  然後誰來做呢
[00:05:19.000 --> 00:05:21.000]  牧師傳道
[00:05:21.000 --> 00:05:23.000]  這些東西當然是你負責
[00:05:23.000 --> 00:05:26.000]  整個波射了過來
[00:05:26.000 --> 00:05:31.000]  最後就是當我們邀請弟兄姊妹去服侍的時候
[00:05:31.000 --> 00:05:32.000]  他就會說
[00:05:32.000 --> 00:05:33.000]  你明白的
[00:05:33.000 --> 00:05:34.000]  牧師傳道
[00:05:34.000 --> 00:05:35.000]  我多忙啊
[00:05:35.000 --> 00:05:36.000]  我的工作啊
[00:05:36.000 --> 00:05:38.000]  我有整條街要顧
[00:05:38.000 --> 00:05:39.000]  你看看他
[00:05:39.000 --> 00:05:40.000]  他比較空閒
[00:05:40.000 --> 00:05:41.000]  找這個A弟兄
[00:05:41.000 --> 00:05:42.000]  這個B姐妹
[00:05:42.000 --> 00:05:45.000]  然後就閃過去了
[00:05:45.000 --> 00:05:49.000]  這些會不會是我們的寫照呢
[00:05:49.000 --> 00:05:53.000]  原來早在撒加利亞先知的時代
[00:05:53.000 --> 00:05:54.000]  猶太人都很厲害
[00:05:54.000 --> 00:05:56.000]  他們都懂得射波
[00:05:56.000 --> 00:05:57.000]  就是射搏
[00:05:57.000 --> 00:06:00.000]  當時秘魯回歸的猶太人
[00:06:00.000 --> 00:06:02.000]  因為有天災
[00:06:02.000 --> 00:06:03.000]  搞到經濟差了
[00:06:03.000 --> 00:06:06.000]  又因為有很多壞人在阻攔
[00:06:06.000 --> 00:06:09.000]  所以他們本來回歸猶太地
[00:06:09.000 --> 00:06:11.000]  他們應該做的是什麼呢
[00:06:11.000 --> 00:06:13.000]  重建聖殿
[00:06:13.000 --> 00:06:15.000]  但是就這樣
[00:06:15.000 --> 00:06:16.000]  因為人家的阻攔
[00:06:16.000 --> 00:06:18.000]  聖殿的重建就敷衍了
[00:06:18.000 --> 00:06:22.000]  他們轉為為自己去建造房屋
[00:06:22.000 --> 00:06:26.000]  搞到聖殿工程成為了爛尾樓
[00:06:26.000 --> 00:06:29.000]  一停就停了16年這麼久
[00:06:29.000 --> 00:06:32.000]  所以神就差遣哈該先知
[00:06:32.000 --> 00:06:34.000]  和撒加利亞先知
[00:06:34.000 --> 00:06:36.000]  來鼓勵那些猶太人
[00:06:36.000 --> 00:06:38.000]  撒加利亞的名字
[00:06:38.000 --> 00:06:40.000]  有沒有人知道是為什麼呢
[00:06:40.000 --> 00:06:42.000]  有沒有人知道
[00:06:42.000 --> 00:06:43.000]  耶和華紀念
[00:06:43.000 --> 00:06:44.000]  應該知道的
[00:06:44.000 --> 00:06:47.000]  我看到那些主日學的學生在下面
[00:06:47.000 --> 00:06:48.000]  如果不知道
[00:06:48.000 --> 00:06:50.000]  記得讀主日學
[00:06:50.000 --> 00:06:51.000]  撒加利亞先知
[00:06:51.000 --> 00:06:54.000]  他先是透過一系列的異象
[00:06:54.000 --> 00:06:57.000]  其實是記載在第一至到第六章
[00:06:57.000 --> 00:07:00.000]  來鼓勵一群已經是頹廢了
[00:07:00.000 --> 00:07:02.000]  沒有信心的百姓
[00:07:02.000 --> 00:07:04.000]  今天我們的正道經文
[00:07:04.000 --> 00:07:08.000]  是撒加利亞書第七到第八章
[00:07:08.000 --> 00:07:10.000]  這次神又透過先知
[00:07:10.000 --> 00:07:13.000]  說猶太人另一個的社波
[00:07:13.000 --> 00:07:17.000]  他就是為做而做一些門面功夫
[00:07:17.000 --> 00:07:19.000]  例如禁食
[00:07:19.000 --> 00:07:21.000]  但是將神要他在生命裡面
[00:07:21.000 --> 00:07:25.000]  應做而做的事就應做未做
[00:07:25.000 --> 00:07:31.000]  究竟我們怎樣可以撕掉這個信仰社波
[00:07:31.000 --> 00:07:33.000]  第一個的秘訣
[00:07:33.000 --> 00:07:34.000]  就是要走出
[00:07:34.000 --> 00:07:40.000]  我們要踏出這個循例躺平的信仰公式
[00:07:40.000 --> 00:07:43.000]  在這裡我首先想邀請弟兄姊妹
[00:07:43.000 --> 00:07:48.000]  和我讀出撒加利亞書七章一到七節
[00:07:48.000 --> 00:07:53.000]  我先邀請姊妹和我們讀出一至三節
[00:07:53.000 --> 00:07:55.000]  弟兄就讀四至七節
[00:07:55.000 --> 00:07:57.000]  一二三
[00:08:23.000 --> 00:08:25.000]  當如歷年以來所行
[00:08:25.000 --> 00:08:28.000]  在五月哭泣齋戒嗎
[00:08:28.000 --> 00:08:29.000]  請弟兄
[00:08:29.000 --> 00:08:34.000]  萬君之夜和華的話臨到我說
[00:08:34.000 --> 00:08:39.000]  你要向這地全體百姓和祭司說
[00:08:39.000 --> 00:08:41.000]  這七十年來
[00:08:41.000 --> 00:08:44.000]  五月七月禁食悲哀
[00:08:44.000 --> 00:08:47.000]  豈是真的向我禁食嗎
[00:08:47.000 --> 00:08:52.000]  你們吃喝不是為自己吃為自己喝嗎
[00:08:52.000 --> 00:08:57.000]  當耶路撒冷和四圍的城鎮有人居住
[00:08:57.000 --> 00:08:59.000]  在繁榮
[00:08:59.000 --> 00:09:03.000]  尼格夫和謝菲拉也有人居住的時候
[00:09:03.000 --> 00:09:08.000]  夜和華籍從前的先知所宣告的
[00:09:08.000 --> 00:09:10.000]  你們不當聽嗎
[00:09:10.000 --> 00:09:12.000]  謝謝弟兄姊妹
[00:09:12.000 --> 00:09:14.000]  在七章一節
[00:09:14.000 --> 00:09:16.000]  講的那個年份
[00:09:16.000 --> 00:09:19.000]  就是當時聖殿的重建工程
[00:09:19.000 --> 00:09:21.000]  剛才不是說先知鼓勵他們
[00:09:21.000 --> 00:09:23.000]  已經開始了
[00:09:23.000 --> 00:09:25.000]  還開始了兩年
[00:09:25.000 --> 00:09:26.000]  就是在這個時候
[00:09:26.000 --> 00:09:31.000]  夜和華的說話再次臨到撒加利亞先知
[00:09:31.000 --> 00:09:32.000]  其實奇怪了
[00:09:32.000 --> 00:09:35.000]  明明聖殿都已經重建了
[00:09:35.000 --> 00:09:38.000]  為什麼還要跟先知說呢
[00:09:38.000 --> 00:09:40.000]  回看經文
[00:09:40.000 --> 00:09:43.000]  原來當時有兩個領袖
[00:09:43.000 --> 00:09:47.000]  就和一班伯特利的人去到耶路撒冷
[00:09:47.000 --> 00:09:51.000]  經文說去懇求夜和華的恩
[00:09:51.000 --> 00:09:54.000]  其實這班人心底那一層
[00:09:54.000 --> 00:09:56.000]  回看之後的經文
[00:09:56.000 --> 00:10:00.000]  就是很想神將禁食期快快地終止
[00:10:00.000 --> 00:10:02.000]  所以在第三節他才問
[00:10:02.000 --> 00:10:06.000]  不知道我們走了這麼多年的禁食
[00:10:06.000 --> 00:10:09.000]  是不是可以停呢
[00:10:09.000 --> 00:10:11.000]  是不是要繼續呢
[00:10:11.000 --> 00:10:14.000]  其實回看聖經
[00:10:14.000 --> 00:10:20.000]  當時他們的禁食其實不止他所說的五月
[00:10:20.000 --> 00:10:23.000]  還有四月、十月和七月
[00:10:23.000 --> 00:10:26.000]  總共是四個禁食的日子
[00:10:26.000 --> 00:10:29.000]  他們都是分別紀念那些猶太人
[00:10:29.000 --> 00:10:32.000]  國破家亡這個慘痛的經歷
[00:10:32.000 --> 00:10:35.000]  弟兄姊妹我又想問問你們
[00:10:35.000 --> 00:10:38.000]  聖殿已經重建了兩年
[00:10:38.000 --> 00:10:41.000]  猶太人又已經回歸了
[00:10:41.000 --> 00:10:43.000]  他們恢復敬拜
[00:10:43.000 --> 00:10:45.000]  都是指日可待
[00:10:45.000 --> 00:10:47.000]  他們現在這個時候來問
[00:10:47.000 --> 00:10:51.000]  是不是要繼續這麼傷心這麼悲哀去禁食
[00:10:51.000 --> 00:10:53.000]  想問問大家覺得
[00:10:53.000 --> 00:10:55.000]  他們問這條問題是合理的
[00:10:55.000 --> 00:10:56.000]  舉一下手
[00:10:56.000 --> 00:10:57.000]  合理的
[00:10:57.000 --> 00:11:00.000]  原來所有人都覺得不合理
[00:11:00.000 --> 00:11:02.000]  可能大家覺得我這樣問
[00:11:02.000 --> 00:11:04.000]  是有點蹊蹺
[00:11:04.000 --> 00:11:07.000]  只有詹牧師一個覺得他問得合理
[00:11:07.000 --> 00:11:10.000]  為什麼大家覺得不合理這麼醒目呢
[00:11:10.000 --> 00:11:14.000]  為什麼會覺得因為大家可能看了經文
[00:11:14.000 --> 00:11:16.000]  才知道怎麼回答他們
[00:11:16.000 --> 00:11:22.000]  才知道他不是說你們繼續要這樣做
[00:11:22.000 --> 00:11:25.000]  還是說其實你們不用這樣做
[00:11:25.000 --> 00:11:28.000]  反而才知道經文說
[00:11:28.000 --> 00:11:31.000]  他向全體的百姓和祭司
[00:11:31.000 --> 00:11:33.000]  不只是回答那幾個人
[00:11:33.000 --> 00:11:34.000]  他就說
[00:11:34.000 --> 00:11:35.000]  他怎麼說
[00:11:35.000 --> 00:11:39.000]  他就說你們用一句反問句的責備他們
[00:11:39.000 --> 00:11:41.000]  他說你們這70年
[00:11:41.000 --> 00:11:44.000]  又禁食又悲哀
[00:11:44.000 --> 00:11:48.000]  你真的為了我做的嗎
[00:11:48.000 --> 00:11:50.000]  如果你是那班人
[00:11:50.000 --> 00:11:52.000]  會不會很尷尬
[00:11:52.000 --> 00:11:53.000]  本來是問這個問題
[00:11:53.000 --> 00:11:55.000]  但是你才知道反問你
[00:11:55.000 --> 00:11:58.000]  其實神這樣問
[00:11:58.000 --> 00:12:00.000]  那他們是不是為神而做
[00:12:00.000 --> 00:12:01.000]  大家覺得
[00:12:01.000 --> 00:12:02.000]  不是
[00:12:02.000 --> 00:12:03.000]  那為誰做
[00:12:03.000 --> 00:12:04.000]  為自己做
[00:12:04.000 --> 00:12:06.000]  怎麼為自己去做呢
[00:12:06.000 --> 00:12:07.000]  是不是
[00:12:07.000 --> 00:12:09.000]  很辛苦的
[00:12:09.000 --> 00:12:11.000]  一年四次定時定候禁食
[00:12:11.000 --> 00:12:13.000]  有些假經家就說
[00:12:13.000 --> 00:12:16.000]  他們其實可能是為自己而做
[00:12:16.000 --> 00:12:17.000]  因為做了之後
[00:12:17.000 --> 00:12:19.000]  希望神不要這麼生氣
[00:12:19.000 --> 00:12:21.000]  緩和神的怒氣
[00:12:21.000 --> 00:12:26.000]  早點讓他們回到他們的故鄉耶路撒冷
[00:12:26.000 --> 00:12:27.000]  也有些人就說
[00:12:27.000 --> 00:12:29.000]  可能他們做是博同情
[00:12:29.000 --> 00:12:31.000]  做給人看
[00:12:31.000 --> 00:12:33.000]  在七章六節
[00:12:33.000 --> 00:12:38.000]  先知一針見血指出了他們禁食是為了什麼
[00:12:38.000 --> 00:12:39.000]  在七章六節
[00:12:39.000 --> 00:12:41.000]  先知就說你們所謂的禁食
[00:12:41.000 --> 00:12:43.000]  其實是滿足什麼
[00:12:43.000 --> 00:12:44.000]  自己
[00:12:44.000 --> 00:12:47.000]  他說就好像你平時飲飲食食
[00:12:47.000 --> 00:12:48.000]  為的是什麼
[00:12:48.000 --> 00:12:50.000]  滿足自己的禱福
[00:12:50.000 --> 00:12:51.000]  禁食
[00:12:51.000 --> 00:12:53.000]  你都原來是為了自己
[00:12:53.000 --> 00:12:55.000]  接著在第七節
[00:12:55.000 --> 00:12:56.000]  先知再說
[00:12:56.000 --> 00:12:59.000]  其實真正禁食的意義是什麼
[00:12:59.000 --> 00:13:01.000]  他說你想想昔日
[00:13:01.000 --> 00:13:03.000]  國泰民安
[00:13:03.000 --> 00:13:05.000]  周圍都有人住這麼繁榮的時候
[00:13:05.000 --> 00:13:08.000]  神是有找先知來提醒你們的
[00:13:08.000 --> 00:13:09.000]  但是有沒有聽
[00:13:09.000 --> 00:13:10.000]  沒有聽
[00:13:10.000 --> 00:13:14.000]  所以結果就搞到國破家亡
[00:13:14.000 --> 00:13:16.000]  原因是什麼
[00:13:16.000 --> 00:13:18.000]  因為他們不斷得罪神
[00:13:18.000 --> 00:13:20.000]  又不聽先知的話
[00:13:20.000 --> 00:13:22.000]  得罪這位這麼愛他們
[00:13:22.000 --> 00:13:24.000]  又跟他們納藥的神
[00:13:24.000 --> 00:13:26.000]  親愛的兄弟姐妹
[00:13:26.000 --> 00:13:28.000]  我很想問問大家
[00:13:28.000 --> 00:13:31.000]  你覺不覺得猶太人
[00:13:31.000 --> 00:13:35.000]  有一點點反映了我們信仰的影子
[00:13:35.000 --> 00:13:37.000]  我們信了主之後
[00:13:37.000 --> 00:13:40.000]  通常栽培完就會叫我們什麼
[00:13:40.000 --> 00:13:41.000]  回團契
[00:13:41.000 --> 00:13:43.000]  回崇拜
[00:13:43.000 --> 00:13:46.000]  接著慢慢就會接受水禮
[00:13:46.000 --> 00:13:47.000]  水禮之後
[00:13:47.000 --> 00:13:48.000]  裝備
[00:13:48.000 --> 00:13:49.000]  三福
[00:13:49.000 --> 00:13:50.000]  栽培
[00:13:50.000 --> 00:13:51.000]  主有學
[00:13:51.000 --> 00:13:53.000]  裝備完之後叫你什麼
[00:13:53.000 --> 00:13:55.000]  侍奉
[00:13:55.000 --> 00:13:57.000]  一條龍的恩福都是這樣的
[00:13:57.000 --> 00:13:59.000]  其實我以上所講的
[00:13:59.000 --> 00:14:02.000]  如果你知道為什麼而做
[00:14:02.000 --> 00:14:04.000]  我很為你感恩
[00:14:04.000 --> 00:14:06.000]  特別是你做了十年
[00:14:06.000 --> 00:14:07.000]  八年
[00:14:07.000 --> 00:14:09.000]  甚至是幾十年
[00:14:09.000 --> 00:14:11.000]  你都知道為什麼而這樣做
[00:14:11.000 --> 00:14:13.000]  我真的很為你感謝神
[00:14:13.000 --> 00:14:15.000]  好像侍奉這樣
[00:14:15.000 --> 00:14:18.000]  如果你是全心為神而做
[00:14:18.000 --> 00:14:21.000]  無論是台前
[00:14:21.000 --> 00:14:22.000]  或者人前
[00:14:22.000 --> 00:14:23.000]  或者人後
[00:14:23.000 --> 00:14:25.000]  你都會盡心
[00:14:25.000 --> 00:14:28.000]  做到最好的來服侍神
[00:14:28.000 --> 00:14:30.000]  無論是領師也好
[00:14:30.000 --> 00:14:31.000]  大領也好
[00:14:31.000 --> 00:14:33.000]  或者在後面搬桌子搬椅子
[00:14:33.000 --> 00:14:35.000]  甚至是撿垃圾也好
[00:14:35.000 --> 00:14:37.000]  你都會盡力去撿
[00:14:37.000 --> 00:14:38.000]  還要撿著垃圾
[00:14:38.000 --> 00:14:39.000]  搬著椅子
[00:14:39.000 --> 00:14:41.000]  都是很喜樂的
[00:14:41.000 --> 00:14:44.000]  這個就是為神而做的服侍
[00:14:44.000 --> 00:14:46.000]  另外又想問一下大家
[00:14:46.000 --> 00:14:48.000]  回團契了
[00:14:48.000 --> 00:14:49.000]  在座當中
[00:14:49.000 --> 00:14:51.000]  誰在回團契的舉手
[00:14:51.000 --> 00:14:52.000]  很多手
[00:14:52.000 --> 00:14:53.000]  感謝神
[00:14:53.000 --> 00:14:55.000]  我看到有些手還沒舉起
[00:14:55.000 --> 00:14:56.000]  一會兒完了
[00:14:56.000 --> 00:14:58.000]  可以下去一樓
[00:14:58.000 --> 00:14:59.000]  新來賓部
[00:14:59.000 --> 00:15:01.000]  介紹團契給你回
[00:15:01.000 --> 00:15:03.000]  因為稍後我會說團契是什麼意義
[00:15:03.000 --> 00:15:05.000]  回團契
[00:15:05.000 --> 00:15:07.000]  剛才很多舉手的弟兄姊妹
[00:15:07.000 --> 00:15:09.000]  不知道你回團契是為了什麼
[00:15:09.000 --> 00:15:11.000]  回團契很好
[00:15:11.000 --> 00:15:13.000]  又有人聽我說話
[00:15:13.000 --> 00:15:14.000]  又可以分享
[00:15:14.000 --> 00:15:16.000]  最重要是飲飲食食
[00:15:16.000 --> 00:15:17.000]  會不會是這樣
[00:15:17.000 --> 00:15:20.000]  還是回了這麼久
[00:15:20.000 --> 00:15:21.000]  不回
[00:15:21.000 --> 00:15:23.000]  好像沒什麼節目
[00:15:23.000 --> 00:15:25.000]  那個時間都不知道做什麼
[00:15:25.000 --> 00:15:26.000]  又或者
[00:15:26.000 --> 00:15:27.000]  等子女沒測驗
[00:15:27.000 --> 00:15:29.000]  沒考試
[00:15:29.000 --> 00:15:30.000]  沒生日會
[00:15:30.000 --> 00:15:31.000]  沒興趣班
[00:15:31.000 --> 00:15:32.000]  還有什麼
[00:15:32.000 --> 00:15:33.000]  都不知道什麼
[00:15:33.000 --> 00:15:34.000]  這樣
[00:15:34.000 --> 00:15:35.000]  有空
[00:15:35.000 --> 00:15:36.000]  或者還有
[00:15:36.000 --> 00:15:37.000]  我自己不用北上
[00:15:37.000 --> 00:15:38.000]  那就回
[00:15:38.000 --> 00:15:41.000]  會不會是你的原因
[00:15:41.000 --> 00:15:42.000]  我真的很不想
[00:15:42.000 --> 00:15:45.000]  我說中了你們內心的原因
[00:15:45.000 --> 00:15:46.000]  其實
[00:15:46.000 --> 00:15:47.000]  回團契
[00:15:47.000 --> 00:15:49.000]  是為了什麼的意義
[00:15:49.000 --> 00:15:50.000]  有一節的經文
[00:15:50.000 --> 00:15:52.000]  是記載在希伯來書
[00:15:52.000 --> 00:15:55.000]  十章二十四到二十五節
[00:15:55.000 --> 00:15:58.000]  就說了我們一個很重要的目的
[00:15:58.000 --> 00:16:00.000]  不如邀請弟兄姊妹一起來讀
[00:16:00.000 --> 00:16:02.000]  一二三
[00:16:02.000 --> 00:16:04.000]  我們要彼此相顧
[00:16:04.000 --> 00:16:06.000]  激發愛心
[00:16:06.000 --> 00:16:07.000]  勉勵行善
[00:16:07.000 --> 00:16:09.000]  不可停止聚會
[00:16:09.000 --> 00:16:12.000]  好像那些停止慣了的人
[00:16:12.000 --> 00:16:15.000]  都要彼此勸勉
[00:16:15.000 --> 00:16:17.000]  既然知道那日子臨近
[00:16:17.000 --> 00:16:20.000]  就更當如此
[00:16:20.000 --> 00:16:21.000]  謝謝
[00:16:21.000 --> 00:16:23.000]  我在這裡也很想分享一個
[00:16:23.000 --> 00:16:24.000]  激發愛心
[00:16:24.000 --> 00:16:26.000]  彼此相顧的見證
[00:16:26.000 --> 00:16:27.000]  大家都知道
[00:16:27.000 --> 00:16:29.000]  這幾年的移民潮
[00:16:29.000 --> 00:16:32.000]  很多我們身邊的弟兄姊妹
[00:16:32.000 --> 00:16:33.000]  特別是有小朋友那些
[00:16:33.000 --> 00:16:35.000]  他們為了子女的升學
[00:16:35.000 --> 00:16:36.000]  前途會怎麼樣
[00:16:36.000 --> 00:16:37.000]  移民
[00:16:37.000 --> 00:16:38.000]  是不是
[00:16:38.000 --> 00:16:40.000]  大家的團契都少了一些人
[00:16:40.000 --> 00:16:42.000]  我自己的團契
[00:16:42.000 --> 00:16:43.000]  都少了很多人
[00:16:43.000 --> 00:16:45.000]  特別是其中一個小組
[00:16:45.000 --> 00:16:49.000]  他的組員人數少了一半
[00:16:49.000 --> 00:16:50.000]  只剩下幾個
[00:16:50.000 --> 00:16:51.000]  十個八個
[00:16:51.000 --> 00:16:53.000]  本來二十幾人
[00:16:53.000 --> 00:16:55.000]  如果你是那個組長的時候
[00:16:55.000 --> 00:16:57.000]  會不會都覺得
[00:16:57.000 --> 00:16:58.000]  有點灰心
[00:16:58.000 --> 00:17:00.000]  不如和牧師說
[00:17:00.000 --> 00:17:01.000]  給我休息一下
[00:17:01.000 --> 00:17:03.000]  我都要休息一下
[00:17:03.000 --> 00:17:06.000]  但是我想分享這對組長
[00:17:06.000 --> 00:17:08.000]  他們不單止沒有休息
[00:17:08.000 --> 00:17:10.000]  還怎樣
[00:17:10.000 --> 00:17:11.000]  加班
[00:17:11.000 --> 00:17:12.000]  還加班
[00:17:12.000 --> 00:17:13.000]  他們怎麼做
[00:17:13.000 --> 00:17:15.000]  他們在這幾年
[00:17:15.000 --> 00:17:18.000]  都好像沒有停過
[00:17:18.000 --> 00:17:19.000]  去探訪
[00:17:19.000 --> 00:17:22.000]  約一些弟兄姊妹移民
[00:17:22.000 --> 00:17:24.000]  但他們的父母仍然在香港
[00:17:24.000 --> 00:17:27.000]  約那些伯母和伯父去喝茶
[00:17:27.000 --> 00:17:29.000]  香港人最喜歡喝茶
[00:17:29.000 --> 00:17:31.000]  不單止喝茶
[00:17:31.000 --> 00:17:33.000]  當他們有病的時候
[00:17:33.000 --> 00:17:36.000]  他就會去醫院探望他們
[00:17:36.000 --> 00:17:37.000]  去關心他們
[00:17:37.000 --> 00:17:39.000]  因為他知道他們沒有了
[00:17:39.000 --> 00:17:41.000]  他子女不在香港
[00:17:41.000 --> 00:17:42.000]  不在身邊
[00:17:42.000 --> 00:17:44.000]  他們會比較寂寞
[00:17:44.000 --> 00:17:45.000]  最重要的是
[00:17:45.000 --> 00:17:48.000]  他很想分享主耶穌的愛給他們
[00:17:48.000 --> 00:17:50.000]  很想帶到他們
[00:17:50.000 --> 00:17:51.000]  在晚年的時候
[00:17:51.000 --> 00:17:53.000]  能夠信耶穌
[00:17:53.000 --> 00:17:54.000]  很感恩
[00:17:54.000 --> 00:17:57.000]  就是因為這份彼此相顧的心
[00:17:57.000 --> 00:17:58.000]  我們團體
[00:17:58.000 --> 00:18:00.000]  真的看到他們的小組
[00:18:00.000 --> 00:18:02.000]  那些父母一個個受針
[00:18:02.000 --> 00:18:04.000]  一個個信主
[00:18:04.000 --> 00:18:05.000]  你說是不是很感恩
[00:18:05.000 --> 00:18:06.000]  弟兄姊妹
[00:18:06.000 --> 00:18:07.000]  不單止這樣
[00:18:07.000 --> 00:18:09.000]  最近這個小組
[00:18:09.000 --> 00:18:11.000]  他們有一位姊妹
[00:18:11.000 --> 00:18:13.000]  突然間發現有胃癌
[00:18:13.000 --> 00:18:16.000]  胃癌她也挺嚴重
[00:18:16.000 --> 00:18:21.000]  所以她回來團體聚會
[00:18:21.000 --> 00:18:22.000]  也有點困難
[00:18:22.000 --> 00:18:23.000]  但這個小組
[00:18:23.000 --> 00:18:26.000]  他們不單止不斷跟她代討
[00:18:26.000 --> 00:18:29.000]  或者弄一些AI的打氣卡
[00:18:29.000 --> 00:18:31.000]  很多花神來鼓勵她
[00:18:31.000 --> 00:18:33.000]  還在開組的時候
[00:18:33.000 --> 00:18:35.000]  來開Zoom
[00:18:35.000 --> 00:18:36.000]  讓姊妹覺得
[00:18:36.000 --> 00:18:37.000]  我就算在家
[00:18:37.000 --> 00:18:39.000]  也可以參與小組
[00:18:39.000 --> 00:18:42.000]  可以分享我的需要和掛慮
[00:18:42.000 --> 00:18:43.000]  也有神的說話
[00:18:43.000 --> 00:18:45.000]  來為她打氣
[00:18:45.000 --> 00:18:48.000]  所以姊妹跟我說
[00:18:48.000 --> 00:18:50.000]  我自己知道
[00:18:50.000 --> 00:18:51.000]  我不是孤單的
[00:18:51.000 --> 00:18:53.000]  因為有一群弟兄姊妹
[00:18:53.000 --> 00:18:56.000]  跟我一起包圍著我
[00:18:56.000 --> 00:18:58.000]  來打這場仗
[00:18:58.000 --> 00:19:00.000]  參加的弟兄姊妹
[00:19:00.000 --> 00:19:02.000]  我們願意你們走出
[00:19:02.000 --> 00:19:03.000]  step out
[00:19:03.000 --> 00:19:04.000]  這個躺平
[00:19:04.000 --> 00:19:06.000]  循例的信仰公式
[00:19:06.000 --> 00:19:08.000]  重新思想一下
[00:19:08.000 --> 00:19:09.000]  究竟每次做什麼
[00:19:09.000 --> 00:19:11.000]  究竟有什麼意義
[00:19:11.000 --> 00:19:14.000]  不要將來我們見主面的時候
[00:19:14.000 --> 00:19:15.000]  主問我們
[00:19:15.000 --> 00:19:17.000]  你回團契
[00:19:17.000 --> 00:19:18.000]  崇拜
[00:19:18.000 --> 00:19:19.000]  聖餐
[00:19:19.000 --> 00:19:21.000]  又這麼忙於侍奉聚會
[00:19:21.000 --> 00:19:24.000]  你真的為我而做嗎
[00:19:24.000 --> 00:19:25.000]  弟兄姊妹
[00:19:25.000 --> 00:19:28.000]  我們是不是不想被神這樣反問
[00:19:28.000 --> 00:19:31.000]  人生沒有多少個十年
[00:19:31.000 --> 00:19:32.000]  這個很老套
[00:19:32.000 --> 00:19:33.000]  但是真的
[00:19:33.000 --> 00:19:37.000]  我們不要像那群地老的以色列人
[00:19:37.000 --> 00:19:39.000]  原來做了七十年
[00:19:39.000 --> 00:19:41.000]  都是糊裡糊塗
[00:19:41.000 --> 00:19:42.000]  渾渾噩噩
[00:19:42.000 --> 00:19:43.000]  不是為神做
[00:19:43.000 --> 00:19:45.000]  是為自己而做
[00:19:45.000 --> 00:19:46.000]  第二個
[00:19:46.000 --> 00:19:48.000]  我們要撕掉這個信仰射波
[00:19:48.000 --> 00:19:50.000]  就是要活出
[00:19:50.000 --> 00:19:52.000]  我們要這個公義
[00:19:52.000 --> 00:19:55.000]  憐憫的信仰真義
[00:19:55.000 --> 00:19:58.000]  做一些我們應該做的事
[00:19:58.000 --> 00:20:00.000]  我又很想邀請弟兄姊妹
[00:20:00.000 --> 00:20:04.000]  來跟我讀出七章八到十二節
[00:20:04.000 --> 00:20:05.000]  好不好
[00:20:05.000 --> 00:20:06.000]  我們同聲一起讀
[00:20:06.000 --> 00:20:08.000]  一二三
[00:20:08.000 --> 00:20:11.000]  耶和華的話臨到撒加利亞說
[00:20:11.000 --> 00:20:14.000]  萬君之耶和華如此說
[00:20:14.000 --> 00:20:18.000]  你們要按真正的公平來審判
[00:20:18.000 --> 00:20:21.000]  彼此以慈愛憐憫相待
[00:20:21.000 --> 00:20:27.000]  不可欺壓寡婦孤兒寄居和困苦的人
[00:20:27.000 --> 00:20:30.000]  誰都不可心裡謀害弟兄
[00:20:30.000 --> 00:20:36.000]  他們卻不留意鬆肩伴翼耳朵發沉
[00:20:36.000 --> 00:20:41.000]  不肯聽從他們的心如金剛石
[00:20:41.000 --> 00:20:44.000]  不聽從律法和萬君之耶和華
[00:20:44.000 --> 00:20:49.000]  藉著他的力猜掩從前先知所說的話
[00:20:49.000 --> 00:20:54.000]  因此萬君之耶和華大發烈怒
[00:20:54.000 --> 00:20:57.000]  接著在八章十六到十七節
[00:20:57.000 --> 00:21:00.000]  神又透過先知說要做些什麼
[00:21:00.000 --> 00:21:01.000]  讓我讀給大家聽
[00:21:01.000 --> 00:21:04.000]  你們所當行的是這樣
[00:21:04.000 --> 00:21:07.000]  每個人要與鄰舍說誠實話
[00:21:07.000 --> 00:21:11.000]  在城門口要按真正的公平來審判
[00:21:11.000 --> 00:21:12.000]  使人和睦
[00:21:12.000 --> 00:21:15.000]  誰都不可心裡謀害鄰舍
[00:21:15.000 --> 00:21:18.000]  也不可喜愛喜假誓
[00:21:18.000 --> 00:21:22.000]  因為這些事都為我所恨惡
[00:21:22.000 --> 00:21:25.000]  這是耶和華說的
[00:21:25.000 --> 00:21:29.000]  其實神除了希望那些以色列人搞清楚
[00:21:29.000 --> 00:21:31.000]  究竟你是為自己禁食
[00:21:31.000 --> 00:21:33.000]  還是為神禁食的分別之外
[00:21:33.000 --> 00:21:37.000]  其實神最想他們的是什麼
[00:21:37.000 --> 00:21:39.000]  要回轉悔改
[00:21:39.000 --> 00:21:42.000]  U-turn回去神的心意
[00:21:42.000 --> 00:21:44.000]  不要像他們的先祖
[00:21:44.000 --> 00:21:47.000]  當神說話耳邊風
[00:21:47.000 --> 00:21:49.000]  輕忽藐視
[00:21:49.000 --> 00:21:55.000]  甚至硬心如石頭聽不進神的話
[00:21:55.000 --> 00:21:57.000]  我想我們都應該頗明白
[00:21:57.000 --> 00:22:00.000]  以色列人這種環境
[00:22:00.000 --> 00:22:02.000]  我們有時候的子女
[00:22:02.000 --> 00:22:04.000]  當媽媽爸爸說的話
[00:22:04.000 --> 00:22:06.000]  叫他們不要這麼敷衍
[00:22:06.000 --> 00:22:08.000]  運輸 考試
[00:22:08.000 --> 00:22:12.000]  好像裝了聾耳疹的耳聽不到
[00:22:12.000 --> 00:22:16.000]  那些老公 當太太叫他們
[00:22:16.000 --> 00:22:18.000]  不要吃這麼肥膩
[00:22:18.000 --> 00:22:20.000]  早點睡
[00:22:20.000 --> 00:22:22.000]  有沒有這樣跟老公說
[00:22:22.000 --> 00:22:24.000]  有 但他聽不聽到
[00:22:24.000 --> 00:22:25.000]  聽不到
[00:22:25.000 --> 00:22:27.000]  老婆覺得他是什麼
[00:22:27.000 --> 00:22:29.000]  通常說是常我
[00:22:29.000 --> 00:22:31.000]  只是我
[00:22:31.000 --> 00:22:34.000]  所以就會自動關機
[00:22:34.000 --> 00:22:35.000]  聽不進耳
[00:22:35.000 --> 00:22:37.000]  所以現在我也省了一口氣
[00:22:37.000 --> 00:22:39.000]  由他吧
[00:22:39.000 --> 00:22:41.000]  任憑他吧
[00:22:41.000 --> 00:22:42.000]  省了一口氣
[00:22:42.000 --> 00:22:44.000]  還是說了都聽不到
[00:22:44.000 --> 00:22:48.000]  其實神的心意究竟是什麼
[00:22:48.000 --> 00:22:51.000]  神的心意就是要活出
[00:22:51.000 --> 00:22:54.000]  這個公義和憐憫
[00:22:54.000 --> 00:22:56.000]  比起做一些宗教儀式
[00:22:56.000 --> 00:22:58.000]  更加重要
[00:22:58.000 --> 00:22:59.000]  所以這個表
[00:22:59.000 --> 00:23:01.000]  我就表列了
[00:23:01.000 --> 00:23:03.000]  神在聖經裏面
[00:23:03.000 --> 00:23:05.000]  包括七章九到十節
[00:23:05.000 --> 00:23:08.000]  和八章十六第十七節的吩咐
[00:23:08.000 --> 00:23:10.000]  總括只有兩點
[00:23:10.000 --> 00:23:14.000]  第一就是要按真正的公平來審判
[00:23:14.000 --> 00:23:16.000]  是要按神的標準
[00:23:16.000 --> 00:23:21.000]  去活出這個公平和公正的生活
[00:23:21.000 --> 00:23:23.000]  但我們看右邊
[00:23:23.000 --> 00:23:24.000]  以色列人是什麼
[00:23:24.000 --> 00:23:27.000]  踩 踐踏那些公平公義
[00:23:27.000 --> 00:23:29.000]  又收受賄賂
[00:23:29.000 --> 00:23:31.000]  又冤枉窮人
[00:23:31.000 --> 00:23:33.000]  其實以前是這樣
[00:23:33.000 --> 00:23:35.000]  現在是不是一樣
[00:23:35.000 --> 00:23:37.000]  我們這個世界
[00:23:37.000 --> 00:23:41.000]  我們這個世界對公義和公平
[00:23:41.000 --> 00:23:45.000]  其實都是按自己的利益為標準
[00:23:45.000 --> 00:23:47.000]  按自己的利益為自我中心
[00:23:47.000 --> 00:23:49.000]  有好處對我有好處
[00:23:49.000 --> 00:23:50.000]  不就公平了
[00:23:50.000 --> 00:23:53.000]  對我不好處不公平
[00:23:53.000 --> 00:23:57.000]  所以你見到無論是各與各之間
[00:23:57.000 --> 00:23:59.000]  無論我們身處這個社會
[00:23:59.000 --> 00:24:01.000]  都好像公說公有理
[00:24:01.000 --> 00:24:03.000]  婆說婆有理
[00:24:03.000 --> 00:24:06.000]  好像永遠在雞同鴨講一樣
[00:24:06.000 --> 00:24:09.000]  剛才我們的節目司主席提到
[00:24:09.000 --> 00:24:12.000]  我們這個世界有很多的戰爭
[00:24:12.000 --> 00:24:15.000]  很多的大家看新聞的時候
[00:24:15.000 --> 00:24:16.000]  周圍很亂
[00:24:16.000 --> 00:24:18.000]  很多的生命去淘汰
[00:24:18.000 --> 00:24:20.000]  原因是什麼呢
[00:24:20.000 --> 00:24:23.000]  不就是很多恃著公義的國家
[00:24:23.000 --> 00:24:26.000]  去做很多不公義的事
[00:24:26.000 --> 00:24:28.000]  最近看世界盃
[00:24:28.000 --> 00:24:30.000]  有一則真是聞所未聞
[00:24:30.000 --> 00:24:33.000]  美國的總統先生打個電話
[00:24:33.000 --> 00:24:36.000]  給足協的主席
[00:24:36.000 --> 00:24:38.000]  本來有紅牌再生的球員
[00:24:38.000 --> 00:24:39.000]  可以怎樣
[00:24:39.000 --> 00:24:41.000]  不可以下場
[00:24:41.000 --> 00:24:44.000]  暫緩執行照下場踢
[00:24:44.000 --> 00:24:46.000]  這個真是聞所未聞
[00:24:46.000 --> 00:24:48.000]  可以這樣的
[00:24:48.000 --> 00:24:50.000]  說回近一點
[00:24:50.000 --> 00:24:52.000]  大家有留意新聞
[00:24:52.000 --> 00:24:55.000]  弘福縣是不是很多場聽證會
[00:24:55.000 --> 00:24:57.000]  大家不知道有沒有留意
[00:24:57.000 --> 00:25:00.000]  可能聽到都不忍心再聽下去
[00:25:00.000 --> 00:25:02.000]  有些受災家屬說
[00:25:02.000 --> 00:25:04.000]  聽完N場的聽證會
[00:25:04.000 --> 00:25:07.000]  還不還到他們一個公平公義
[00:25:07.000 --> 00:25:10.000]  還不到
[00:25:10.000 --> 00:25:13.000]  這個世界和昔日都是一樣
[00:25:13.000 --> 00:25:16.000]  第二個神的要求就是要什麼
[00:25:16.000 --> 00:25:18.000]  慈愛憐憫
[00:25:18.000 --> 00:25:19.000]  慈愛憐憫
[00:25:19.000 --> 00:25:20.000]  憐憫是什麼意思呢
[00:25:20.000 --> 00:25:22.000]  憐憫的意思就是說
[00:25:22.000 --> 00:25:24.000]  用一個同理心
[00:25:24.000 --> 00:25:26.000]  站在別人的角度想想
[00:25:26.000 --> 00:25:28.000]  為什麼他會這樣做呢
[00:25:28.000 --> 00:25:31.000]  慈愛就是用神的恩慈
[00:25:31.000 --> 00:25:33.000]  來真的走出
[00:25:33.000 --> 00:25:35.000]  這個神想要我們走的
[00:25:35.000 --> 00:25:37.000]  去關心這個社會裡面
[00:25:37.000 --> 00:25:39.000]  可能被忽略
[00:25:39.000 --> 00:25:41.000]  或者有需要的群體
[00:25:41.000 --> 00:25:42.000]  但是我們看到
[00:25:42.000 --> 00:25:44.000]  以色列人他的回應是怎樣呢
[00:25:44.000 --> 00:25:45.000]  他很有趣
[00:25:45.000 --> 00:25:47.000]  他是惡善好惡
[00:25:47.000 --> 00:25:49.000]  就是很討厭人行善事
[00:25:49.000 --> 00:25:50.000]  很喜歡惡事
[00:25:50.000 --> 00:25:53.000]  用四個字來總括他的特色
[00:25:53.000 --> 00:25:56.000]  接著他們就將那些寡婦
[00:25:56.000 --> 00:25:57.000]  孤兒
[00:25:57.000 --> 00:25:58.000]  好像老略物一樣
[00:25:58.000 --> 00:26:00.000]  可以隨意拋棄
[00:26:00.000 --> 00:26:03.000]  也可以用一雙鞋子的價錢
[00:26:03.000 --> 00:26:04.000]  多便宜
[00:26:04.000 --> 00:26:06.000]  可以賣了窮人
[00:26:06.000 --> 00:26:09.000]  在尼加書三章二節
[00:26:09.000 --> 00:26:10.000]  就很繪形繪聲
[00:26:10.000 --> 00:26:12.000]  這樣講到那些有錢人
[00:26:12.000 --> 00:26:14.000]  怎樣將那些窮人
[00:26:14.000 --> 00:26:15.000]  剝皮
[00:26:15.000 --> 00:26:16.000]  拆骨
[00:26:16.000 --> 00:26:17.000]  扎到扎乾
[00:26:17.000 --> 00:26:18.000]  扎直
[00:26:18.000 --> 00:26:22.000]  看回我們今時今日的社會
[00:26:22.000 --> 00:26:24.000]  我們覺不覺得
[00:26:24.000 --> 00:26:26.000]  我們的社會都病了
[00:26:26.000 --> 00:26:27.000]  有沒有人覺得
[00:26:27.000 --> 00:26:28.000]  舉手看看
[00:26:28.000 --> 00:26:31.000]  最近有一單新聞
[00:26:31.000 --> 00:26:34.000]  我都看到都有點嚇到
[00:26:34.000 --> 00:26:36.000]  和都不敢相信
[00:26:36.000 --> 00:26:38.000]  就是說等van仔事件
[00:26:38.000 --> 00:26:39.000]  知不知道
[00:26:39.000 --> 00:26:40.000]  等van仔
[00:26:40.000 --> 00:26:41.000]  踩到人
[00:26:41.000 --> 00:26:42.000]  小心點
[00:26:42.000 --> 00:26:43.000]  等van仔
[00:26:43.000 --> 00:26:45.000]  大家都不要踩到人
[00:26:45.000 --> 00:26:46.000]  小心點
[00:26:46.000 --> 00:26:48.000]  等van仔踩到人的腳
[00:26:48.000 --> 00:26:49.000]  最後是怎樣
[00:26:49.000 --> 00:26:51.000]  死了
[00:26:51.000 --> 00:26:52.000]  真是想不到
[00:26:52.000 --> 00:26:54.000]  等van仔踩到人的腳
[00:26:54.000 --> 00:26:56.000]  最後會沒了性命
[00:26:56.000 --> 00:26:58.000]  但最可怕的是
[00:26:58.000 --> 00:27:00.000]  這件事
[00:27:00.000 --> 00:27:02.000]  有沒有人去勸教
[00:27:02.000 --> 00:27:05.000]  有沒有人想去幫助阻止
[00:27:05.000 --> 00:27:06.000]  沒有
[00:27:06.000 --> 00:27:08.000]  一個活生生的人
[00:27:08.000 --> 00:27:10.000]  就在街上
[00:27:10.000 --> 00:27:11.000]  不是躲在一旁
[00:27:11.000 --> 00:27:12.000]  在街上
[00:27:12.000 --> 00:27:15.000]  被人這樣掐死了
[00:27:15.000 --> 00:27:17.000]  我們昔日說
[00:27:17.000 --> 00:27:19.000]  香港有獅子山精神
[00:27:19.000 --> 00:27:21.000]  但我們現在好像
[00:27:21.000 --> 00:27:22.000]  漸漸地
[00:27:22.000 --> 00:27:24.000]  都因為這個社會
[00:27:24.000 --> 00:27:26.000]  被我們這樣的時候
[00:27:26.000 --> 00:27:28.000]  我們對人都漸漸冷漠了
[00:27:28.000 --> 00:27:30.000]  無情了
[00:27:30.000 --> 00:27:32.000]  好像將昔日的獅子山精神
[00:27:32.000 --> 00:27:35.000]  都遺忘了
[00:27:35.000 --> 00:27:38.000]  神其實兩個的要求
[00:27:38.000 --> 00:27:39.000]  就是今天
[00:27:39.000 --> 00:27:41.000]  剛才我們最開始的時候
[00:27:41.000 --> 00:27:43.000]  尼加書六章八節
[00:27:43.000 --> 00:27:46.000]  來可以總括這個要求
[00:27:46.000 --> 00:27:49.000]  亦都是先知書的總綱
[00:27:49.000 --> 00:27:52.000]  我剛剛教完小仙之上
[00:27:52.000 --> 00:27:55.000]  和頂姊妹一齊去學習的時候
[00:27:55.000 --> 00:27:56.000]  我們都看到
[00:27:56.000 --> 00:27:58.000]  神的吩咐
[00:27:58.000 --> 00:27:59.000]  其實是不是這麼複雜
[00:27:59.000 --> 00:28:00.000]  這麼難
[00:28:00.000 --> 00:28:02.000]  其實寫得很清楚
[00:28:02.000 --> 00:28:04.000]  我們不如一起來讀出
[00:28:04.000 --> 00:28:06.000]  世人啊
[00:28:06.000 --> 00:28:09.000]  耶和華已指示你何為善
[00:28:09.000 --> 00:28:12.000]  他向你所要的是什麼呢
[00:28:12.000 --> 00:28:14.000]  只要你行公義
[00:28:14.000 --> 00:28:15.000]  好憐憫
[00:28:15.000 --> 00:28:17.000]  全謙卑的心
[00:28:17.000 --> 00:28:20.000]  與你的神同行
[00:28:20.000 --> 00:28:22.000]  是不是很複雜啊頂姊妹
[00:28:22.000 --> 00:28:24.000]  神要求複不複雜啊
[00:28:24.000 --> 00:28:25.000]  不複雜
[00:28:25.000 --> 00:28:27.000]  很清楚這樣寫了
[00:28:27.000 --> 00:28:30.000]  但是我們很多時候都會怕
[00:28:30.000 --> 00:28:33.000]  我們都是單顧自己的事
[00:28:33.000 --> 00:28:34.000]  很怕幫了人反而怎樣
[00:28:34.000 --> 00:28:36.000]  連累了自己
[00:28:36.000 --> 00:28:38.000]  所以就冷漠了
[00:28:38.000 --> 00:28:39.000]  但是這節經文
[00:28:39.000 --> 00:28:41.000]  就給了我們的秘訣
[00:28:41.000 --> 00:28:42.000]  它就是說
[00:28:42.000 --> 00:28:44.000]  我們要全謙卑的心
[00:28:44.000 --> 00:28:46.000]  這個就是秘訣了
[00:28:46.000 --> 00:28:49.000]  當我們仰望神的時候
[00:28:49.000 --> 00:28:51.000]  我們才可以謙卑我們自己
[00:28:51.000 --> 00:28:53.000]  你謙卑自己
[00:28:53.000 --> 00:28:55.000]  你才知道原來靠自己
[00:28:55.000 --> 00:28:57.000]  是行不到公平公義
[00:28:57.000 --> 00:28:59.000]  因為個個都不行
[00:28:59.000 --> 00:29:01.000]  你自己行不是好嗎
[00:29:01.000 --> 00:29:02.000]  很吃虧的
[00:29:02.000 --> 00:29:04.000]  我們香港人最怕吃虧
[00:29:04.000 --> 00:29:07.000]  但是唯有我們仰望神
[00:29:07.000 --> 00:29:08.000]  謙卑下來
[00:29:08.000 --> 00:29:10.000]  縱使所有的人不行
[00:29:10.000 --> 00:29:14.000]  我們都要去行神的心意
[00:29:14.000 --> 00:29:15.000]  好憐憫
[00:29:15.000 --> 00:29:16.000]  因為仰望神
[00:29:16.000 --> 00:29:18.000]  因為謙卑的時候
[00:29:18.000 --> 00:29:20.000]  我們才知道原來我們對人
[00:29:20.000 --> 00:29:22.000]  漸漸都沒有了憐憫的心
[00:29:22.000 --> 00:29:25.000]  原來我們好像已經冷漠了
[00:29:25.000 --> 00:29:27.000]  已經好像不去憐憫人了
[00:29:27.000 --> 00:29:30.000]  我們才懂得向神呼求
[00:29:30.000 --> 00:29:33.000]  求神幫我們去馴服他
[00:29:33.000 --> 00:29:35.000]  是完全的馴服
[00:29:35.000 --> 00:29:38.000]  行在他的心意裡面
[00:29:38.000 --> 00:29:40.000]  我在這裡也想分享一下
[00:29:40.000 --> 00:29:42.000]  我們團契
[00:29:42.000 --> 00:29:45.000]  它有一個群體
[00:29:45.000 --> 00:29:48.000]  叫做伊甸的探訪小隊
[00:29:48.000 --> 00:29:54.000]  我看到他們活出憐憫和公義的小隊
[00:29:54.000 --> 00:29:58.000]  想藉著見證來彼此鼓勵
[00:29:58.000 --> 00:30:00.000]  我們這個探訪小隊
[00:30:00.000 --> 00:30:03.000]  主要是服務葵盛東西邨
[00:30:03.000 --> 00:30:06.000]  他們比較多的是獨居、媽居
[00:30:06.000 --> 00:30:08.000]  又或者是單親家庭
[00:30:08.000 --> 00:30:12.000]  甚至他們家庭裡的小朋友
[00:30:12.000 --> 00:30:14.000]  有特別的需要
[00:30:14.000 --> 00:30:17.000]  每次聽到我們的探訪隊員
[00:30:17.000 --> 00:30:21.000]  回來彙報他們探訪的街坊的時候
[00:30:21.000 --> 00:30:24.000]  我們的心都會覺得很沉重
[00:30:24.000 --> 00:30:30.000]  有時聽到眼淚都會不期然流出來
[00:30:30.000 --> 00:30:35.000]  但最希望的是他們能夠認識主耶穌
[00:30:35.000 --> 00:30:38.000]  其中一個被探訪的家庭
[00:30:38.000 --> 00:30:42.000]  那位媽媽是單親媽媽
[00:30:42.000 --> 00:30:45.000]  她的女兒也是單親媽媽
[00:30:45.000 --> 00:30:49.000]  女兒還生了三個小朋友
[00:30:49.000 --> 00:30:52.000]  那三個小朋友都是SEN
[00:30:52.000 --> 00:30:55.000]  是有特別學習需要的小朋友
[00:30:55.000 --> 00:30:57.000]  其實這樣聽起來
[00:30:57.000 --> 00:31:00.000]  這個家庭已經很不簡單
[00:31:00.000 --> 00:31:03.000]  最近這個比較年長的單親媽媽
[00:31:03.000 --> 00:31:05.000]  她的癌症復發
[00:31:05.000 --> 00:31:08.000]  需要做一個手術
[00:31:08.000 --> 00:31:13.000]  探訪隊員就和牧福的社工去探望她
[00:31:13.000 --> 00:31:16.000]  去祈禱、關心她
[00:31:16.000 --> 00:31:19.000]  去的時候她做完手術
[00:31:19.000 --> 00:31:22.000]  很可惜手術失敗了
[00:31:22.000 --> 00:31:26.000]  再要看看怎樣去做其他的治療
[00:31:26.000 --> 00:31:30.000]  在這麼困難的時候
[00:31:30.000 --> 00:31:34.000]  姐妹為這位媽媽祈禱
[00:31:34.000 --> 00:31:38.000]  媽媽最後願意說她也很相信耶穌
[00:31:38.000 --> 00:31:40.000]  她很相信耶穌
[00:31:40.000 --> 00:31:43.000]  叫姐妹幫她來祈禱
[00:31:43.000 --> 00:31:49.000]  原來牧福的社工一直都有關心這位媽媽
[00:31:49.000 --> 00:31:53.000]  另一個家庭就是一個爸爸
[00:31:53.000 --> 00:31:58.000]  因為工傷行動有點問題
[00:31:58.000 --> 00:32:04.000]  但他家裡有一個中度智障
[00:32:04.000 --> 00:32:08.000]  和一個嚴重智障的孩子
[00:32:08.000 --> 00:32:12.000]  現在是媽媽主要賺錢養家
[00:32:12.000 --> 00:32:16.000]  每當我們有聚會見到這個爸爸的時候
[00:32:16.000 --> 00:32:19.000]  都白白去膊頭鼓勵他
[00:32:19.000 --> 00:32:21.000]  他都是眼濕濕的
[00:32:21.000 --> 00:32:23.000]  很困難
[00:32:23.000 --> 00:32:25.000]  但很感恩這位父親
[00:32:25.000 --> 00:32:28.000]  他在我們上一年去這個社區
[00:32:28.000 --> 00:32:30.000]  和他們有福音午宴的時候
[00:32:30.000 --> 00:32:34.000]  他舉了一手決志信耶穌和他的太太
[00:32:34.000 --> 00:32:36.000]  他們現在都有聚會
[00:32:36.000 --> 00:32:42.000]  有信仰群體來幫助他
[00:32:42.000 --> 00:32:44.000]  我很肯定這兩個個案
[00:32:44.000 --> 00:32:49.000]  其實是我們社會冰山的一角
[00:32:49.000 --> 00:32:53.000]  正如大家聽過救沙灘海星的故事
[00:32:53.000 --> 00:32:56.000]  我們救得一顆海星
[00:32:56.000 --> 00:32:58.000]  只有一顆海星
[00:32:58.000 --> 00:33:01.000]  如果我們能夠將主耶穌的盼望
[00:33:01.000 --> 00:33:03.000]  給多一個家庭
[00:33:03.000 --> 00:33:04.000]  是不是就給多一個家庭
[00:33:04.000 --> 00:33:06.000]  是不是很美好
[00:33:06.000 --> 00:33:10.000]  所以我們都是繼續去努力
[00:33:10.000 --> 00:33:13.000]  希望更多的家庭可以認識主耶穌
[00:33:13.000 --> 00:33:15.000]  讓他們的悲劇的生命
[00:33:15.000 --> 00:33:18.000]  可以有一點曙光
[00:33:18.000 --> 00:33:20.000]  有側的彩蛋
[00:33:20.000 --> 00:33:24.000]  大家看到有個大抽獎
[00:33:24.000 --> 00:33:28.000]  就是我們剛剛六月的時候
[00:33:28.000 --> 00:33:30.000]  團體去到這個社區
[00:33:30.000 --> 00:33:33.000]  和他們有一個相親的福音午宴
[00:33:33.000 --> 00:33:36.000]  有大抽獎的當中
[00:33:36.000 --> 00:33:39.000]  剛才我所說的那兩個家庭
[00:33:39.000 --> 00:33:42.000]  竟然在很僅有的禮物裡面
[00:33:42.000 --> 00:33:45.000]  竟然都抽到獎
[00:33:45.000 --> 00:33:47.000]  雖然那個獎品所謂的大獎
[00:33:47.000 --> 00:33:49.000]  都是一把電風扇
[00:33:49.000 --> 00:33:51.000]  但是他們抽到的
[00:33:51.000 --> 00:33:52.000]  真的非常開心
[00:33:52.000 --> 00:33:55.000]  特別是這麼熱的天氣
[00:33:55.000 --> 00:33:57.000]  我記得事後
[00:33:57.000 --> 00:33:59.000]  那個爸爸就走過來和我說
[00:33:59.000 --> 00:34:01.000]  環姑娘 環姑娘
[00:34:01.000 --> 00:34:04.000]  你是不是做馬的
[00:34:04.000 --> 00:34:06.000]  你是不是做馬的
[00:34:06.000 --> 00:34:09.000]  我女兒從來沒有抽過獎
[00:34:09.000 --> 00:34:11.000]  她女兒就是有一點點智障
[00:34:11.000 --> 00:34:14.000]  她女兒上台拿獎
[00:34:14.000 --> 00:34:16.000]  她還沒有抽過獎
[00:34:16.000 --> 00:34:18.000]  抽中過獎
[00:34:18.000 --> 00:34:20.000]  我說你是不是做馬的
[00:34:20.000 --> 00:34:22.000]  我說我沒有做馬
[00:34:22.000 --> 00:34:25.000]  我說雖然我很想你們抽到獎
[00:34:25.000 --> 00:34:26.000]  但是我沒有
[00:34:26.000 --> 00:34:27.000]  我只是聲明
[00:34:27.000 --> 00:34:30.000]  但是我自己這個抽獎事件
[00:34:30.000 --> 00:34:31.000]  讓我感受到
[00:34:31.000 --> 00:34:35.000]  完完全全是憐憫人的神
[00:34:35.000 --> 00:34:38.000]  來送給他們的禮物
[00:34:38.000 --> 00:34:40.000]  讓他們在很苦的生活裡面
[00:34:40.000 --> 00:34:41.000]  有什麼呢
[00:34:41.000 --> 00:34:42.000]  甜
[00:34:42.000 --> 00:34:44.000]  來繼續有力量
[00:34:44.000 --> 00:34:47.000]  有勇氣來繼續走
[00:34:47.000 --> 00:34:48.000]  弟兄姊妹
[00:34:48.000 --> 00:34:50.000]  我們不要再給自己藉口
[00:34:50.000 --> 00:34:52.000]  信仰射波
[00:34:52.000 --> 00:34:53.000]  覺得傳福音
[00:34:53.000 --> 00:34:55.000]  社區服侍
[00:34:55.000 --> 00:34:56.000]  探訪關心
[00:34:56.000 --> 00:34:57.000]  不關我的事
[00:34:57.000 --> 00:35:00.000]  一腳射了給旁邊的弟兄姊妹
[00:35:00.000 --> 00:35:03.000]  其實我們懂得廣東話
[00:35:03.000 --> 00:35:05.000]  當中我們有沒有人懂得廣東話
[00:35:05.000 --> 00:35:06.000]  舉手
[00:35:06.000 --> 00:35:10.000]  我知道你有很多語言
[00:35:10.000 --> 00:35:11.000]  但是廣東話也應該懂得
[00:35:11.000 --> 00:35:13.000]  也可以服侍
[00:35:13.000 --> 00:35:15.000]  上次Charles牧師說的爆旋陀螺
[00:35:15.000 --> 00:35:16.000]  有沒有人懂得玩
[00:35:16.000 --> 00:35:17.000]  有
[00:35:17.000 --> 00:35:19.000]  都可以服侍
[00:35:19.000 --> 00:35:22.000]  現在的老人院都在玩這個
[00:35:22.000 --> 00:35:24.000]  懂得做運動
[00:35:24.000 --> 00:35:25.000]  懂得唱歌
[00:35:25.000 --> 00:35:26.000]  敬拜隊
[00:35:26.000 --> 00:35:27.000]  懂得煮東西吃
[00:35:27.000 --> 00:35:28.000]  我懂得做一點點的
[00:35:28.000 --> 00:35:30.000]  都可以服侍
[00:35:30.000 --> 00:35:31.000]  沒有原因
[00:35:31.000 --> 00:35:35.000]  我們再去收起自己的信仰
[00:35:35.000 --> 00:35:37.000]  如果我們在座當中
[00:35:37.000 --> 00:35:39.000]  這裡幾百人
[00:35:39.000 --> 00:35:41.000]  願意個個都走出
[00:35:41.000 --> 00:35:44.000]  活出這個信仰
[00:35:44.000 --> 00:35:46.000]  走出神要我們走的
[00:35:46.000 --> 00:35:47.000]  很簡單
[00:35:47.000 --> 00:35:48.000]  大家說
[00:35:48.000 --> 00:35:50.000]  憐憫公義的時候
[00:35:50.000 --> 00:35:52.000]  大家知不知道會怎樣
[00:35:52.000 --> 00:35:53.000]  原來是會爆出
[00:35:53.000 --> 00:35:57.000]  驚天動地的信仰影響
[00:35:57.000 --> 00:35:59.000]  經文是記載在撒加利亞書
[00:35:59.000 --> 00:36:03.000]  八章十八到二十三節
[00:36:03.000 --> 00:36:06.000]  我們一起來讀出
[00:36:06.000 --> 00:36:08.000]  八章十八到二十三節
[00:36:08.000 --> 00:36:10.000]  不如我先請弟兄和我讀
[00:36:10.000 --> 00:36:12.000]  八章十八到二十
[00:36:12.000 --> 00:36:14.000]  他就讀二十一到二十三
[00:36:14.000 --> 00:36:15.000]  請弟兄
[00:36:15.000 --> 00:36:19.000]  萬軍之夜和華的華臨到我說
[00:36:19.000 --> 00:36:21.000]  萬軍之夜和華如此說
[00:36:21.000 --> 00:36:23.000]  四月的禁食
[00:36:23.000 --> 00:36:24.000]  五月的禁食
[00:36:24.000 --> 00:36:25.000]  七月的禁食
[00:36:25.000 --> 00:36:27.000]  和十月的禁食
[00:36:27.000 --> 00:36:31.000]  必成為由大家的歡喜和快樂
[00:36:31.000 --> 00:36:33.000]  以及美好的節慶
[00:36:33.000 --> 00:36:37.000]  所以你們要喜愛誠實與和平
[00:36:37.000 --> 00:36:40.000]  萬軍之夜和華如此說
[00:36:40.000 --> 00:36:46.000]  要來還有眾百姓和許多城鎮的居民要來
[00:36:46.000 --> 00:36:47.000]  請姐妹
[00:36:47.000 --> 00:36:50.000]  這城的居民必到那城說
[00:36:50.000 --> 00:36:53.000]  我們快去懇求夜和華的恩
[00:36:53.000 --> 00:36:56.000]  尋求萬軍之夜和華
[00:36:56.000 --> 00:36:58.000]  自己也要去
[00:36:58.000 --> 00:37:02.000]  必有許多民族和強盛的國家
[00:37:02.000 --> 00:37:06.000]  來到耶路撒冷尋求萬軍之夜和華
[00:37:06.000 --> 00:37:08.000]  懇求夜和華的恩
[00:37:08.000 --> 00:37:10.000]  萬軍之夜和華如此說
[00:37:10.000 --> 00:37:12.000]  在那些日子
[00:37:12.000 --> 00:37:15.000]  列國中說各種語言的人
[00:37:15.000 --> 00:37:17.000]  必有十個人
[00:37:17.000 --> 00:37:21.000]  強拉著一個猶大人衣服的邊說
[00:37:21.000 --> 00:37:24.000]  我們要與你們同去
[00:37:24.000 --> 00:37:29.000]  因為我們聽見上帝與你們同在了
[00:37:29.000 --> 00:37:30.000]  謝謝
[00:37:30.000 --> 00:37:33.000]  大家都記得剛剛一開始的時候
[00:37:33.000 --> 00:37:35.000]  有些代表隊
[00:37:35.000 --> 00:37:38.000]  就問應不應該繼續禁食
[00:37:38.000 --> 00:37:41.000]  原來來到八章十九節
[00:37:41.000 --> 00:37:45.000]  神先透過先知回答他們這個問題
[00:37:45.000 --> 00:37:46.000]  他怎樣回答
[00:37:46.000 --> 00:37:49.000]  他說原來這四個月的齋戒節期
[00:37:49.000 --> 00:37:51.000]  之前不是要很傷心的
[00:37:51.000 --> 00:37:52.000]  要悲哀的
[00:37:52.000 --> 00:37:54.000]  好像壽苦節那樣
[00:37:54.000 --> 00:37:55.000]  但之後要怎樣
[00:37:55.000 --> 00:37:59.000]  成為歡喜快樂美好的節期
[00:37:59.000 --> 00:38:01.000]  即是聖誕節那樣
[00:38:01.000 --> 00:38:04.000]  你們之後就不用再受苦了
[00:38:04.000 --> 00:38:06.000]  要歡喜快樂
[00:38:06.000 --> 00:38:07.000]  為什麼呢
[00:38:07.000 --> 00:38:09.000]  原來當一個信仰群體
[00:38:09.000 --> 00:38:12.000]  真的走出剛才我所說的
[00:38:12.000 --> 00:38:16.000]  憐憫 公義 誠實 和平的時候
[00:38:16.000 --> 00:38:19.000]  他們這個群體就充滿著喜樂
[00:38:19.000 --> 00:38:21.000]  個個都這麼開心
[00:38:21.000 --> 00:38:23.000]  看看大家的面孔
[00:38:23.000 --> 00:38:26.000]  如果有很多喜樂笑容的時候
[00:38:26.000 --> 00:38:29.000]  這個群體吸不吸引人
[00:38:29.000 --> 00:38:30.000]  吸引人
[00:38:30.000 --> 00:38:32.000]  但這個群體愁眉苦臉的
[00:38:32.000 --> 00:38:34.000]  被我也調頭走了
[00:38:34.000 --> 00:38:37.000]  在經文裏面怎樣形容
[00:38:37.000 --> 00:38:39.000]  我綠色字highlight了
[00:38:39.000 --> 00:38:40.000]  大家見不見到
[00:38:40.000 --> 00:38:41.000]  中百姓
[00:38:41.000 --> 00:38:43.000]  很多城鎮的居民
[00:38:43.000 --> 00:38:44.000]  很多民眾
[00:38:44.000 --> 00:38:46.000]  強盛的國家
[00:38:46.000 --> 00:38:48.000]  列國中港各種語言的人
[00:38:48.000 --> 00:38:49.000]  其實是想說什麼
[00:38:49.000 --> 00:38:51.000]  全部爛了
[00:38:51.000 --> 00:38:53.000]  即是所有的人
[00:38:53.000 --> 00:38:54.000]  在將來的日子
[00:38:54.000 --> 00:38:56.000]  他們都會怎樣
[00:38:56.000 --> 00:38:58.000]  懇求 尋求 耶和華
[00:38:58.000 --> 00:39:00.000]  是主動這樣
[00:39:00.000 --> 00:39:02.000]  為什麼呢
[00:39:02.000 --> 00:39:03.000]  還要最誇張
[00:39:03.000 --> 00:39:05.000]  在23節那裏說
[00:39:05.000 --> 00:39:07.000]  什麼必有十個人
[00:39:07.000 --> 00:39:08.000]  拉著一個人
[00:39:08.000 --> 00:39:09.000]  即是有人拉著你
[00:39:09.000 --> 00:39:10.000]  你進入恩福的時候
[00:39:10.000 --> 00:39:11.000]  有人拉著你
[00:39:11.000 --> 00:39:13.000]  帶我進去
[00:39:13.000 --> 00:39:14.000]  我也要
[00:39:14.000 --> 00:39:15.000]  為什麼你們要
[00:39:15.000 --> 00:39:17.000]  因為我見到
[00:39:17.000 --> 00:39:19.000]  神和你同在
[00:39:19.000 --> 00:39:21.000]  原來吸引他們的
[00:39:21.000 --> 00:39:23.000]  不是猶太人多有錢
[00:39:23.000 --> 00:39:26.000]  不是猶太人多有軍事力量
[00:39:26.000 --> 00:39:27.000]  而是他們聽見
[00:39:27.000 --> 00:39:29.000]  耶和華與他們同在
[00:39:29.000 --> 00:39:31.000]  哇 拉斜邊
[00:39:31.000 --> 00:39:32.000]  要跟著去
[00:39:32.000 --> 00:39:34.000]  要這樣
[00:39:34.000 --> 00:39:36.000]  不知道
[00:39:36.000 --> 00:39:38.000]  我們現在充滿在
[00:39:38.000 --> 00:39:39.000]  虛假紛爭
[00:39:39.000 --> 00:39:41.000]  仇苦的社會裏
[00:39:41.000 --> 00:39:43.000]  你的生命
[00:39:43.000 --> 00:39:45.000]  是跟同事 鄰居
[00:39:45.000 --> 00:39:46.000]  你的家人
[00:39:46.000 --> 00:39:48.000]  展現出一種
[00:39:48.000 --> 00:39:50.000]  真誠無畏的
[00:39:50.000 --> 00:39:52.000]  坦蕩的自由
[00:39:52.000 --> 00:39:55.000]  與世無爭的平靜安穩
[00:39:55.000 --> 00:39:58.000]  凌駕環境的喜樂平安
[00:39:58.000 --> 00:40:01.000]  從神而來的慈愛憐憫
[00:40:01.000 --> 00:40:02.000]  大家想不想
[00:40:02.000 --> 00:40:03.000]  想
[00:40:03.000 --> 00:40:07.000]  還是相反
[00:40:07.000 --> 00:40:09.000]  搬弄是非閒言
[00:40:09.000 --> 00:40:11.000]  增進比較角力
[00:40:11.000 --> 00:40:14.000]  被環境控制的焦慮
[00:40:14.000 --> 00:40:17.000]  苛刻 冷漠 苦毒
[00:40:17.000 --> 00:40:19.000]  我也很願望大家
[00:40:19.000 --> 00:40:21.000]  追求前者
[00:40:21.000 --> 00:40:22.000]  弟兄姊妹
[00:40:22.000 --> 00:40:23.000]  不知道你身邊
[00:40:23.000 --> 00:40:24.000]  有沒有基督徒
[00:40:24.000 --> 00:40:26.000]  原來他一直是基督徒
[00:40:26.000 --> 00:40:28.000]  但你不發覺的 有沒有
[00:40:28.000 --> 00:40:29.000]  有
[00:40:29.000 --> 00:40:31.000]  也有沒有聽過一句說話
[00:40:31.000 --> 00:40:34.000]  信耶穌是這樣的
[00:40:34.000 --> 00:40:35.000]  他說見到有些人
[00:40:35.000 --> 00:40:36.000]  信耶穌是這樣的
[00:40:36.000 --> 00:40:38.000]  被我也不信
[00:40:38.000 --> 00:40:39.000]  有沒有聽過
[00:40:39.000 --> 00:40:40.000]  也有 不信
[00:40:40.000 --> 00:40:43.000]  好像比不信的人還差
[00:40:43.000 --> 00:40:44.000]  但相反
[00:40:44.000 --> 00:40:45.000]  我們也見到
[00:40:45.000 --> 00:40:46.000]  有些人的信仰
[00:40:46.000 --> 00:40:48.000]  好像爆發出
[00:40:48.000 --> 00:40:51.000]  很大的信仰生命力
[00:40:51.000 --> 00:40:54.000]  在最近
[00:40:54.000 --> 00:40:56.000]  我剛才提到見證
[00:40:56.000 --> 00:40:58.000]  說到小組
[00:40:58.000 --> 00:41:00.000]  有位姊妹生胃癌
[00:41:00.000 --> 00:41:04.000]  其實她的治療過程
[00:41:04.000 --> 00:41:08.000]  也有接二連三的打擊
[00:41:08.000 --> 00:41:10.000]  她原本一開始
[00:41:10.000 --> 00:41:11.000]  發現有胃癌的時候
[00:41:11.000 --> 00:41:12.000]  很感恩
[00:41:12.000 --> 00:41:15.000]  找到一個專治胃癌的
[00:41:15.000 --> 00:41:17.000]  叫做胃王
[00:41:17.000 --> 00:41:19.000]  可以用微創的手術
[00:41:19.000 --> 00:41:20.000]  可以切胃
[00:41:20.000 --> 00:41:22.000]  我們真的沒聽過
[00:41:22.000 --> 00:41:24.000]  正當想著這樣
[00:41:24.000 --> 00:41:26.000]  可以解決這個病的時候
[00:41:26.000 --> 00:41:27.000]  怎知道開了個洞之後
[00:41:27.000 --> 00:41:31.000]  發現腫瘤大了
[00:41:31.000 --> 00:41:32.000]  還有一點點擴散
[00:41:32.000 --> 00:41:34.000]  不適宜切胃
[00:41:34.000 --> 00:41:36.000]  又要埋了
[00:41:36.000 --> 00:41:38.000]  就要先做一系列的化療
[00:41:38.000 --> 00:41:41.000]  希望將腫瘤收細一點
[00:41:41.000 --> 00:41:42.000]  看看之後怎麼做
[00:41:42.000 --> 00:41:44.000]  正當預備好心情
[00:41:44.000 --> 00:41:46.000]  去做化療的時候
[00:41:46.000 --> 00:41:48.000]  在第一針的化療
[00:41:48.000 --> 00:41:49.000]  那個反應超級大
[00:41:49.000 --> 00:41:53.000]  肌肉收縮到有點窒息的感覺
[00:41:53.000 --> 00:41:54.000]  所以第二針又調整
[00:41:54.000 --> 00:41:55.000]  調整平和一點
[00:41:55.000 --> 00:41:56.000]  又舒服一點
[00:41:56.000 --> 00:41:57.000]  去到第三針
[00:41:57.000 --> 00:42:00.000]  就有很誇張的副作用
[00:42:00.000 --> 00:42:03.000]  姊妹就說吃什麼吐什麼
[00:42:03.000 --> 00:42:04.000]  走路都沒氣
[00:42:04.000 --> 00:42:08.000]  而且很長時間都要臥床
[00:42:08.000 --> 00:42:10.000]  不能夠坐起來
[00:42:10.000 --> 00:42:12.000]  體重暴跌
[00:42:12.000 --> 00:42:14.000]  還有精神都很差
[00:42:14.000 --> 00:42:15.000]  所以第四針
[00:42:15.000 --> 00:42:17.000]  醫生就煞停了
[00:42:17.000 --> 00:42:20.000]  讓她用中藥來調理
[00:42:20.000 --> 00:42:23.000]  去排毒和增肛線
[00:42:23.000 --> 00:42:24.000]  很感恩
[00:42:24.000 --> 00:42:26.000]  姊妹透過中藥
[00:42:26.000 --> 00:42:28.000]  又讓她肥回10公斤
[00:42:28.000 --> 00:42:29.000]  又有精神
[00:42:29.000 --> 00:42:31.000]  可以走下去和我吃午飯
[00:42:31.000 --> 00:42:32.000]  我去探望她
[00:42:32.000 --> 00:42:33.000]  我打算去探望她
[00:42:33.000 --> 00:42:34.000]  也是去她家
[00:42:34.000 --> 00:42:36.000]  怎知道可以走下去
[00:42:36.000 --> 00:42:37.000]  她去餐廳吃午飯
[00:42:37.000 --> 00:42:39.000]  很感恩
[00:42:39.000 --> 00:42:41.000]  我相信比起很多人
[00:42:41.000 --> 00:42:43.000]  在醫治過程裡面
[00:42:43.000 --> 00:42:44.000]  這麼多痛苦
[00:42:44.000 --> 00:42:45.000]  這麼多限制
[00:42:45.000 --> 00:42:47.000]  而且又高高低低
[00:42:47.000 --> 00:42:48.000]  好像有得醫
[00:42:48.000 --> 00:42:50.000]  又好像沒得醫的時候
[00:42:50.000 --> 00:42:52.000]  一定會怨天尤人
[00:42:52.000 --> 00:42:54.000]  很多埋怨苦讀
[00:42:54.000 --> 00:42:55.000]  但是從第一天
[00:42:55.000 --> 00:42:57.000]  我和這位姊妹WhatsApp開始
[00:42:57.000 --> 00:42:59.000]  我在WhatsApp裡面
[00:42:59.000 --> 00:43:01.000]  我是絲毫見不到
[00:43:01.000 --> 00:43:04.000]  丁點的埋怨抱怨
[00:43:04.000 --> 00:43:05.000]  聽得最多的是什麼
[00:43:05.000 --> 00:43:06.000]  大家猜猜
[00:43:06.000 --> 00:43:08.000]  感謝神
[00:43:08.000 --> 00:43:11.000]  我真的很難相信
[00:43:11.000 --> 00:43:12.000]  我們好人好者
[00:43:12.000 --> 00:43:14.000]  我們有多少感謝神呢
[00:43:14.000 --> 00:43:15.000]  到時我反而說
[00:43:15.000 --> 00:43:17.000]  好像在病的弟兄姊妹裡面
[00:43:17.000 --> 00:43:19.000]  還聽得多感謝神
[00:43:19.000 --> 00:43:20.000]  我們真的要時刻的
[00:43:20.000 --> 00:43:22.000]  為我們有的感謝神
[00:43:22.000 --> 00:43:24.000]  其中一個感恩姊妹說
[00:43:24.000 --> 00:43:25.000]  慧雀她有一位
[00:43:25.000 --> 00:43:29.000]  很能夠在她的醫生眼前去蒙恩
[00:43:29.000 --> 00:43:31.000]  醫生很悉心照顧她
[00:43:31.000 --> 00:43:34.000]  很來關懷她
[00:43:34.000 --> 00:43:35.000]  鼓勵她
[00:43:35.000 --> 00:43:36.000]  她知道這個醫生
[00:43:36.000 --> 00:43:38.000]  是未信主的時候
[00:43:38.000 --> 00:43:39.000]  她發散了代禱
[00:43:39.000 --> 00:43:41.000]  為醫生祈禱
[00:43:41.000 --> 00:43:42.000]  我很想去信耶穌
[00:43:42.000 --> 00:43:43.000]  祂這麼好
[00:43:43.000 --> 00:43:45.000]  一定可以幫到更多人
[00:43:45.000 --> 00:43:48.000]  她自己只有一本條人命
[00:43:48.000 --> 00:43:50.000]  真的很受虐
[00:43:50.000 --> 00:43:52.000]  但是她還為醫生的得救
[00:43:52.000 --> 00:43:54.000]  去祈禱
[00:43:54.000 --> 00:43:55.000]  我就說
[00:43:55.000 --> 00:43:57.000]  姊妹你怎麼做得到的
[00:43:57.000 --> 00:43:58.000]  姊妹就說
[00:43:58.000 --> 00:44:01.000]  其實我靠自己是做不到的
[00:44:01.000 --> 00:44:03.000]  她說我有一位很好的閨蜜
[00:44:03.000 --> 00:44:05.000]  她是加拿大的
[00:44:05.000 --> 00:44:06.000]  她說這位姊妹
[00:44:06.000 --> 00:44:10.000]  每天自己手寫圖文和詩歌
[00:44:10.000 --> 00:44:13.000]  去發給這位病了的姊妹
[00:44:13.000 --> 00:44:15.000]  由四月到今天
[00:44:15.000 --> 00:44:17.000]  沒有一天停止過
[00:44:17.000 --> 00:44:19.000]  所以她每天一起床
[00:44:19.000 --> 00:44:20.000]  因為時差的關係
[00:44:20.000 --> 00:44:24.000]  就看到這個從神而來的禮物
[00:44:24.000 --> 00:44:26.000]  就是因著姊妹她這份
[00:44:26.000 --> 00:44:29.000]  好像超越苦難的喜樂和生命力
[00:44:29.000 --> 00:44:31.000]  我就想說一下她的爆發力
[00:44:31.000 --> 00:44:35.000]  先是她的丈夫和她的幾個子女
[00:44:35.000 --> 00:44:38.000]  本來可能跟神的關係都有點疏離
[00:44:38.000 --> 00:44:41.000]  但是因為太太和媽媽病了
[00:44:41.000 --> 00:44:44.000]  他們聯合起來去倚靠神
[00:44:44.000 --> 00:44:46.000]  最感動的姊妹說了一句
[00:44:46.000 --> 00:44:48.000]  她做醫生的兒子
[00:44:48.000 --> 00:44:50.000]  她兩次跟媽媽說
[00:44:50.000 --> 00:44:51.000]  她說媽媽
[00:44:51.000 --> 00:44:54.000]  我知道最後能治好你的病的
[00:44:54.000 --> 00:44:56.000]  不是醫生
[00:44:56.000 --> 00:44:57.000]  是誰
[00:44:57.000 --> 00:44:58.000]  是神
[00:44:58.000 --> 00:45:00.000]  是一個醫生自己的兒子這麼說
[00:45:00.000 --> 00:45:01.000]  第二個就是
[00:45:01.000 --> 00:45:02.000]  她本來已經
[00:45:02.000 --> 00:45:04.000]  她爸爸媽媽之前信過主
[00:45:04.000 --> 00:45:06.000]  但是都有些飄忽
[00:45:06.000 --> 00:45:08.000]  但因著女兒的病
[00:45:08.000 --> 00:45:10.000]  再次在牧師的幫助下
[00:45:10.000 --> 00:45:12.000]  重新建立得救確居
[00:45:12.000 --> 00:45:16.000]  願意跟著回教會去跟隨神
[00:45:16.000 --> 00:45:18.000]  不單止家庭
[00:45:18.000 --> 00:45:20.000]  不單止爸爸媽媽子女老公
[00:45:20.000 --> 00:45:22.000]  還要顧及嫂子
[00:45:22.000 --> 00:45:25.000]  因為嫂子又有癌病復發
[00:45:25.000 --> 00:45:26.000]  所以她就叫牧師
[00:45:26.000 --> 00:45:27.000]  牧師
[00:45:27.000 --> 00:45:28.000]  探望我嫂子
[00:45:28.000 --> 00:45:30.000]  她也要信耶穌
[00:45:30.000 --> 00:45:31.000]  嫂子也信了耶穌
[00:45:31.000 --> 00:45:33.000]  還止不止
[00:45:33.000 --> 00:45:34.000]  不止
[00:45:34.000 --> 00:45:36.000]  還有誰
[00:45:36.000 --> 00:45:38.000]  嫂子的老公
[00:45:38.000 --> 00:45:40.000]  嫂子的兒子
[00:45:40.000 --> 00:45:42.000]  嫂子的兒子也信了耶穌
[00:45:42.000 --> 00:45:45.000]  嫂子的兒子
[00:45:45.000 --> 00:45:48.000]  她原本因為有些罪的問題
[00:45:48.000 --> 00:45:50.000]  家庭差點破裂
[00:45:50.000 --> 00:45:53.000]  但是因為她願意決志信耶穌
[00:45:53.000 --> 00:45:55.000]  跟罪一刀兩斷的時候
[00:45:55.000 --> 00:45:57.000]  她的家庭得以挽回
[00:45:57.000 --> 00:46:00.000]  不止破裂
[00:46:00.000 --> 00:46:01.000]  最感動的是
[00:46:01.000 --> 00:46:04.000]  姐妹她跟我說了一句話
[00:46:04.000 --> 00:46:05.000]  讓我很激勵
[00:46:05.000 --> 00:46:07.000]  我也很想跟大家分享
[00:46:07.000 --> 00:46:08.000]  她說
[00:46:08.000 --> 00:46:11.000]  我看起來好像失去了健康
[00:46:11.000 --> 00:46:12.000]  失去了很多東西
[00:46:12.000 --> 00:46:14.000]  但是我深信神
[00:46:14.000 --> 00:46:15.000]  必會醫治我
[00:46:15.000 --> 00:46:18.000]  讓我恢復健康
[00:46:18.000 --> 00:46:19.000]  但是我藉著這個病
[00:46:19.000 --> 00:46:23.000]  讓我得到的是無價自保
[00:46:23.000 --> 00:46:25.000]  因為是一個個迴轉
[00:46:25.000 --> 00:46:28.000]  歸向神的生命
[00:46:28.000 --> 00:46:31.000]  如果我日後仍然是
[00:46:31.000 --> 00:46:33.000]  神給我有生命的時候
[00:46:33.000 --> 00:46:35.000]  我會繼續
[00:46:35.000 --> 00:46:37.000]  用我為人代禱的恩賜
[00:46:37.000 --> 00:46:40.000]  多為我身邊未信的人
[00:46:40.000 --> 00:46:42.000]  來祈禱
[00:46:42.000 --> 00:46:43.000]  我探望她之後
[00:46:43.000 --> 00:46:45.000]  走去搭地鐵的時候
[00:46:45.000 --> 00:46:46.000]  就看到天空
[00:46:46.000 --> 00:46:48.000]  本來那天是很大雨
[00:46:48.000 --> 00:46:51.000]  但是那天姐妹要下樓
[00:46:51.000 --> 00:46:53.000]  雨就停了
[00:46:53.000 --> 00:46:55.000]  還要在雲上
[00:46:55.000 --> 00:46:57.000]  有太陽
[00:46:57.000 --> 00:46:58.000]  頂姐妹
[00:46:58.000 --> 00:47:00.000]  我們是不是要Hallelujah
[00:47:00.000 --> 00:47:02.000]  將最大的掌聲歸給我們的神
[00:47:02.000 --> 00:47:08.000]  頂姐妹
[00:47:08.000 --> 00:47:11.000]  職場射波固然是失見證
[00:47:11.000 --> 00:47:13.000]  但是信仰射波
[00:47:13.000 --> 00:47:15.000]  其實是很蠢和吃虧的
[00:47:15.000 --> 00:47:18.000]  因為你會失卻了服侍神
[00:47:18.000 --> 00:47:19.000]  帶來的喜樂
[00:47:19.000 --> 00:47:22.000]  還有賞賜和祝福
[00:47:22.000 --> 00:47:25.000]  我很希望大家聽完這篇講道
[00:47:25.000 --> 00:47:27.000]  縱然我們是世孤力弱
[00:47:27.000 --> 00:47:29.000]  這個世界不行公義
[00:47:29.000 --> 00:47:30.000]  不好憐憫
[00:47:30.000 --> 00:47:32.000]  正如先知的時代一樣
[00:47:32.000 --> 00:47:36.000]  但我很希望你們都立志為神而活
[00:47:36.000 --> 00:47:38.000]  不枉此生
[00:47:38.000 --> 00:47:40.000]  願主祝福大家
[00:47:40.000 --> 00:47:42.000]  我們一起低頭祈禱
[00:47:42.000 --> 00:47:52.000]  在大家安靜低頭禱告的時候
[00:47:52.000 --> 00:47:57.000]  我也很想你們對神有些回應
[00:47:57.000 --> 00:48:02.000]  不知道你們信了主多少年
[00:48:02.000 --> 00:48:06.000]  每個星期
[00:48:06.000 --> 00:48:08.000]  回到教會
[00:48:08.000 --> 00:48:10.000]  團溪崇拜
[00:48:10.000 --> 00:48:14.000]  忙忙碌碌的侍奉聚會
[00:48:14.000 --> 00:48:16.000]  究竟有沒有停一停
[00:48:16.000 --> 00:48:18.000]  停一等
[00:48:18.000 --> 00:48:20.000]  究竟是為了什麼而做的呢
[00:48:22.000 --> 00:48:24.000]  是為了朝見我們的神
[00:48:24.000 --> 00:48:28.000]  是為了和弟兄姊妹建立
[00:48:28.000 --> 00:48:31.000]  互相去信仰有提醒
[00:48:31.000 --> 00:48:36.000]  彼此激勵彼此關顧的團溪生活
[00:48:36.000 --> 00:48:40.000]  為了榮耀神
[00:48:40.000 --> 00:48:42.000]  為了討神的喜悅
[00:48:42.000 --> 00:48:44.000]  來侍奉
[00:48:44.000 --> 00:48:48.000]  還是已經淡忘了呢
[00:48:49.000 --> 00:48:56.000]  如果你很想重新走出躺平的信仰
[00:48:56.000 --> 00:49:00.000]  重新思想你為什麼而活的時候
[00:49:00.000 --> 00:49:02.000]  我很想邀請你舉一舉手
[00:49:02.000 --> 00:49:04.000]  我為你禱告
[00:49:04.000 --> 00:49:06.000]  感謝神
[00:49:06.000 --> 00:49:14.000]  如果你在你的生命裡
[00:49:14.000 --> 00:49:19.000]  已經好像將這個世界都不講的公義
[00:49:19.000 --> 00:49:20.000]  不講的憐憫
[00:49:20.000 --> 00:49:22.000]  都漸漸被同化
[00:49:22.000 --> 00:49:25.000]  對人都開始冷漠了
[00:49:25.000 --> 00:49:28.000]  只是單顧自己的事的時候
[00:49:28.000 --> 00:49:31.000]  今天你被神的話語激勵
[00:49:31.000 --> 00:49:34.000]  你用主耶穌的眼睛
[00:49:34.000 --> 00:49:37.000]  來看到這個社會
[00:49:37.000 --> 00:49:41.000]  很多需要的憐憫和公義
[00:49:41.000 --> 00:49:44.000]  你都很想自己能夠走出
[00:49:44.000 --> 00:49:47.000]  活出神這個心意的時候
[00:49:47.000 --> 00:49:50.000]  我都很想邀請你在你的座位裡
[00:49:50.000 --> 00:49:51.000]  舉一舉手
[00:49:51.000 --> 00:49:54.000]  讓神看到你願意行公義
[00:49:54.000 --> 00:49:55.000]  好憐憫
[00:49:55.000 --> 00:49:57.000]  在這個冷漠的時代裡
[00:49:57.000 --> 00:50:00.000]  來發出一點點的光和溫暖的時候
[00:50:00.000 --> 00:50:03.000]  我都很想邀請你在座位裡
[00:50:03.000 --> 00:50:04.000]  舉起手給神看
[00:50:04.000 --> 00:50:06.000]  看到
[00:50:06.000 --> 00:50:08.000]  我們一起低頭禱告
[00:50:09.000 --> 00:50:11.000]  撒下主
[00:50:11.000 --> 00:50:13.000]  你看到每一雙的手
[00:50:13.000 --> 00:50:15.000]  如果我們的信仰
[00:50:15.000 --> 00:50:18.000]  已經是循例躺平的時候
[00:50:18.000 --> 00:50:22.000]  我們已經是沉睡躲懶的時候
[00:50:22.000 --> 00:50:25.000]  求你再一次藉著你的話激勵我們
[00:50:25.000 --> 00:50:28.000]  如果我們只是很安逸於
[00:50:28.000 --> 00:50:30.000]  教會裡面的四縫牆
[00:50:30.000 --> 00:50:33.000]  而忘卻了冷漠了
[00:50:33.000 --> 00:50:36.000]  對這個社會的關懷需要的時候
[00:50:36.000 --> 00:50:37.000]  剛才舉起的手
[00:50:37.000 --> 00:50:40.000]  他們願意行出你的公義
[00:50:40.000 --> 00:50:41.000]  你的憐憫
[00:50:41.000 --> 00:50:44.000]  就由他們每一隻手的弟兄姊妹做起
[00:50:44.000 --> 00:50:46.000]  神啊求你加力幫助他們
[00:50:46.000 --> 00:50:48.000]  行出你的心意
[00:50:48.000 --> 00:50:49.000]  在這個冷漠
[00:50:49.000 --> 00:50:52.000]  在這個不公義的世代裡
[00:50:52.000 --> 00:50:54.000]  讓我們這個微小的力量
[00:50:54.000 --> 00:50:56.000]  都能夠為你發出一點光
[00:50:56.000 --> 00:50:58.000]  發出一點溫暖
[00:50:58.000 --> 00:51:01.000]  讓這個世界不再一樣
[00:51:01.000 --> 00:51:03.000]  求神祝福在座當中
[00:51:03.000 --> 00:51:05.000]  每一位的弟兄姊妹
[00:51:05.000 --> 00:51:08.000]  我以上的禱告是奉教主耶穌基督
[00:51:08.000 --> 00:51:09.000]  得勝的名祈求
[00:51:09.000 --> 00:51:10.000]  阿門
[00:51:10.000 --> 00:51:11.000]  願主祝福大家
