
[00:00:00.000 --> 00:00:04.800]  好 各位電影姊妹 早安
[00:00:04.800 --> 00:00:10.420]  平安 大家好 我是陳沛浩傳道
[00:00:10.420 --> 00:00:12.820]  叫我阿Ho就可以了
[00:00:12.820 --> 00:00:17.720]  很感恩今天可以回來青少部講道
[00:00:17.720 --> 00:00:19.220]  其實昨天已經是了
[00:00:19.220 --> 00:00:21.320]  昨天的感受更加大
[00:00:21.320 --> 00:00:25.480]  因為昨天是第一天 今天是第二天
[00:00:25.480 --> 00:00:26.680]  為甚麼感受大呢
[00:00:26.680 --> 00:00:33.880]  見到很多以前我小時候認識他的時候
[00:00:33.880 --> 00:00:36.680]  今天已經不同了
[00:00:36.680 --> 00:00:40.120]  剛才大敬拜的那個 阿Joe
[00:00:40.120 --> 00:00:44.360]  我認識他的時候 他是中一、二在樓下
[00:00:44.360 --> 00:00:47.040]  今天剛才他大敬拜
[00:00:47.040 --> 00:00:50.160]  還問一些很深度的問題
[00:00:50.160 --> 00:00:53.040]  甚麼叫敬拜呢
[00:00:53.040 --> 00:00:56.080]  給了我們很多空間去思考
[00:00:56.080 --> 00:00:59.840]  原來我們很想親近神
[00:00:59.840 --> 00:01:02.160]  心裡誠實去敬拜神
[00:01:02.160 --> 00:01:05.120]  能夠親近神是一個很好的地方
[00:01:05.120 --> 00:01:07.600]  另外又見到一些哥哥回來了
[00:01:07.600 --> 00:01:10.560]  不知道大家認不認識 李以
[00:01:10.560 --> 00:01:12.520]  我認識他的時候也是中一、二
[00:01:12.520 --> 00:01:17.760]  那時候每天在滾地沙
[00:01:17.760 --> 00:01:19.440]  沒有那麼高 很矮的
[00:01:19.440 --> 00:01:21.840]  我經常問他你在做甚麼
[00:01:21.840 --> 00:01:27.920]  竟然今天已經幾十歲在工作 做導師
[00:01:27.920 --> 00:01:30.800]  再加上我再感受幾十節心
[00:01:30.800 --> 00:01:32.560]  剛才見到他在剛才那裏
[00:01:32.560 --> 00:01:35.080]  認識他的時候是中一、二 在那裏
[00:01:35.080 --> 00:01:38.360]  林哲森加入我們AV Team
[00:01:38.360 --> 00:01:40.280]  誰知就加入了AV Team
[00:01:40.280 --> 00:01:44.560]  誰知今天已經快要成為媽媽了
[00:01:44.560 --> 00:01:50.800]  你想想我見到他們好像老懷安慰
[00:01:50.800 --> 00:01:55.440]  所以頂姐妹你們不要小看你們年輕
[00:01:55.440 --> 00:01:57.760]  今天你們中一、二、三而已
[00:01:57.760 --> 00:01:59.400]  應該是 初中說
[00:01:59.400 --> 00:02:01.000]  將來不得了
[00:02:01.000 --> 00:02:04.600]  在主裏面繼續愛主 忠心服侍主
[00:02:04.600 --> 00:02:07.240]  相信將來你們一定在主裏面
[00:02:07.240 --> 00:02:09.840]  成為一個光明的兒女
[00:02:09.840 --> 00:02:11.400]  屬神的器皿
[00:02:11.400 --> 00:02:16.240]  能夠一生去服侍主很重要 記得
[00:02:16.240 --> 00:02:18.880]  好 今天的題目叫做「慣性逆轉」
[00:02:18.880 --> 00:02:20.640]  是甚麼來的呢
[00:02:20.640 --> 00:02:23.760]  知不知道最近現在流行甚麼
[00:02:23.760 --> 00:02:25.560]  可能流行很久了
[00:02:25.560 --> 00:02:28.600]  我真的沒有想過
[00:02:28.600 --> 00:02:34.320]  我以前小時候玩陀螺
[00:02:34.320 --> 00:02:36.240]  我想你們沒有見過我玩陀螺
[00:02:36.240 --> 00:02:42.400]  那些是手動的 木來的
[00:02:42.400 --> 00:02:43.360]  你有玩過
[00:02:43.360 --> 00:02:46.960]  手動的木 在地上而已
[00:02:46.960 --> 00:02:48.400]  沒有現在這樣
[00:02:48.400 --> 00:02:53.240]  誰知我最近發現大家很喜歡玩陀螺
[00:02:53.240 --> 00:02:56.080]  舉手 誰有玩的
[00:02:56.080 --> 00:02:59.280]  那麼少 通常是男生 女生不玩
[00:02:59.280 --> 00:03:02.040]  我兒子三年級
[00:03:02.040 --> 00:03:06.440]  和大家一樣 玩陀螺
[00:03:06.440 --> 00:03:10.280]  誰知在家中 媽媽買了一個盤給他
[00:03:10.280 --> 00:03:14.480]  膠盤 然後還有一個發射器
[00:03:14.480 --> 00:03:18.760]  一拉 整個陀螺在那裡對打
[00:03:18.760 --> 00:03:21.880]  是不是 這些已經很熟悉了
[00:03:21.880 --> 00:03:24.360]  我以為兒子女兒玩而已
[00:03:24.360 --> 00:03:25.640]  和我有甚麼關係呢
[00:03:25.640 --> 00:03:27.440]  兒子就讓我玩
[00:03:27.440 --> 00:03:29.680]  誰知我不玩又自可
[00:03:29.680 --> 00:03:32.800]  一玩 咦 原來挺好玩的
[00:03:32.800 --> 00:03:35.920]  兒子兒子快點過來 我一會跟你玩
[00:03:35.920 --> 00:03:40.080]  玩了很久 坐在地上對戰
[00:03:40.080 --> 00:03:45.120]  我上網看看 原來有幾個形態
[00:03:45.120 --> 00:03:46.440]  是怎樣的
[00:03:46.440 --> 00:03:50.840]  原來有四個形
[00:03:50.840 --> 00:03:53.840]  讀一次給大家聽 有攻擊形
[00:03:53.840 --> 00:03:57.560]  外形多靈覺 移動速度很快
[00:03:57.560 --> 00:03:59.800]  主動去衝撞對手
[00:03:59.800 --> 00:04:02.600]  意圖將對手擊破
[00:04:02.600 --> 00:04:06.400]  不過持久力又不是很長
[00:04:06.400 --> 00:04:08.480]  是吧 大家記住
[00:04:08.480 --> 00:04:10.160]  這個一會兒我想說甚麼呢
[00:04:10.160 --> 00:04:12.600]  第二樣是甚麼 防禦性 防禦型
[00:04:12.600 --> 00:04:13.560]  防禦型是甚麼呢
[00:04:13.560 --> 00:04:16.960]  圓潤厚實的
[00:04:16.960 --> 00:04:19.080]  你看看弟兄姊妹有沒有圓潤厚實的
[00:04:19.080 --> 00:04:20.840]  我不是的
[00:04:20.840 --> 00:04:24.200]  重心很穩重的
[00:04:24.200 --> 00:04:25.800]  你看看我旁邊的左右
[00:04:25.800 --> 00:04:29.360]  擴撞能力很強的
[00:04:29.360 --> 00:04:31.440]  撞他不低的
[00:04:31.440 --> 00:04:35.040]  這麼圓潤厚實 你怎麼撞低他呢
[00:04:35.040 --> 00:04:37.320]  專門抵擋攻擊
[00:04:37.320 --> 00:04:41.160]  通常攻擊你的時候 誰抵擋得最強
[00:04:41.160 --> 00:04:42.840]  就是大隻佬
[00:04:42.840 --> 00:04:45.840]  很穩定的 這是防禦
[00:04:45.840 --> 00:04:47.920]  第三是甚麼 持久型
[00:04:47.920 --> 00:04:49.080]  甚麼是持久型
[00:04:49.080 --> 00:04:53.600]  底部設計講求減少磨擦 旋轉
[00:04:53.600 --> 00:04:58.560]  目標極力是延長旋轉的時間
[00:04:58.560 --> 00:05:03.920]  避免正面碰撞 消耗體力
[00:05:03.920 --> 00:05:05.480]  可以嗎 這是第三類
[00:05:05.480 --> 00:05:07.600]  第四是甚麼 平衡型
[00:05:07.600 --> 00:05:10.600]  綜合攻擊 防禦與持久能力
[00:05:10.600 --> 00:05:13.280]  沒有甚麼極端的優缺點
[00:05:13.280 --> 00:05:17.480]  能根據戰況 看戰況是怎樣打
[00:05:17.480 --> 00:05:19.080]  玩法最有彈性
[00:05:19.080 --> 00:05:24.920]  這四種 攻擊性 防禦性 持久性 和平衡性
[00:05:24.920 --> 00:05:27.800]  這個就是爆旋陀螺
[00:05:31.800 --> 00:05:35.640]  非常好 這個回應真的很好
[00:05:35.640 --> 00:05:38.800]  很難得有回應 我很感謝你
[00:05:38.800 --> 00:05:41.120]  你的回應讓我更雀躍
[00:05:41.120 --> 00:05:44.240]  但你發覺這四種形態
[00:05:44.240 --> 00:05:46.720]  雖然好像是講爆旋陀螺
[00:05:46.720 --> 00:05:48.880]  但跟我們的人都很相似
[00:05:48.880 --> 00:05:51.360]  你試想想這四種型 簡單一點
[00:05:51.360 --> 00:05:54.640]  你覺得自己是哪一種型
[00:05:54.640 --> 00:05:57.640]  你是攻擊型 防禦型
[00:05:57.640 --> 00:06:00.320]  不是講身型 是講性格
[00:06:00.320 --> 00:06:05.080]  持久型 還是平衡型 四種
[00:06:05.080 --> 00:06:09.920]  你覺得你的性格像哪一種
[00:06:09.920 --> 00:06:12.840]  多謝你 我覺得看起來
[00:06:12.840 --> 00:06:14.920]  我不是攻擊型
[00:06:14.920 --> 00:06:18.320]  我不是經常罵人 罵人
[00:06:18.320 --> 00:06:22.280]  最壞是你 突然有憤怒
[00:06:22.280 --> 00:06:25.040]  你有沒有認識一些朋友很容易憤怒
[00:06:25.040 --> 00:06:28.400]  沒有嗎 你有沒有認識一些朋友很兇
[00:06:28.400 --> 00:06:31.960]  有 特別是女生
[00:06:31.960 --> 00:06:38.600]  我是平衡型 以字面來解釋
[00:06:38.600 --> 00:06:41.720]  到時看看情況如何
[00:06:41.720 --> 00:06:44.280]  沒有什麼好壞的
[00:06:44.280 --> 00:06:49.800]  我為人很即興 看看到時情況如何
[00:06:49.800 --> 00:06:53.800]  最重要是多些彈性 隨時可以有些變化
[00:06:53.800 --> 00:06:56.760]  我不知道你是屬於哪一類
[00:06:56.760 --> 00:07:01.080]  不過聖經 今天介紹一段聖經給大家聽
[00:07:01.080 --> 00:07:02.960]  聖經不是講這些
[00:07:02.960 --> 00:07:06.440]  聖經是很想我們每一個弟兄姊妹
[00:07:06.440 --> 00:07:11.840]  都能夠成為在主裡面的光明子女
[00:07:11.840 --> 00:07:16.240]  聖經文在《耳筆所書》五章的八至十節
[00:07:16.240 --> 00:07:18.920]  我們試試一起讀一次 好嗎
[00:07:18.920 --> 00:07:21.520]  試試吧 試試一起開聲
[00:07:21.520 --> 00:07:24.120]  早上九點半不容易開聲
[00:07:24.120 --> 00:07:25.800]  以前李怡那些不理我
[00:07:25.800 --> 00:07:27.960]  今天李怡應該會理我的
[00:07:27.960 --> 00:07:29.320]  一起讀一次 好嗎
[00:07:29.320 --> 00:07:30.840]  《耳筆所書》五章的八至十節
[00:07:30.840 --> 00:07:32.360]  好 預備 1 2 3
[00:07:32.360 --> 00:07:55.480]  很短的經文在《耳筆所書》三節
[00:07:55.480 --> 00:07:57.520]  不過三節裡說了很多
[00:07:57.520 --> 00:08:02.200]  我們屬於神的子民 或者我們去了門徒
[00:08:02.200 --> 00:08:06.280]  我們如何能夠做一個光明的子女
[00:08:06.280 --> 00:08:07.480]  在《耳筆所書》裡面
[00:08:07.480 --> 00:08:10.400]  保羅當時提醒《耳筆所教會》
[00:08:10.400 --> 00:08:13.200]  或者周邊教會的信徒
[00:08:13.200 --> 00:08:16.880]  主要說了三樣很重要的特點
[00:08:16.880 --> 00:08:18.760]  這是《耳筆所書》所提的
[00:08:18.760 --> 00:08:21.320]  無論是基督律一個新的生命
[00:08:21.320 --> 00:08:22.840]  教會的合一
[00:08:22.840 --> 00:08:25.800]  以及信徒屬靈生命的實踐
[00:08:25.800 --> 00:08:26.720]  第一樣東西
[00:08:26.720 --> 00:08:30.480]  原來我們在基督裏面是一個新生命
[00:08:30.480 --> 00:08:34.640]  他說若有人在基督裏
[00:08:34.640 --> 00:08:38.200]  他就是新造的人
[00:08:38.200 --> 00:08:39.680]  舊是已過
[00:08:39.680 --> 00:08:42.120]  都變成新的了
[00:08:42.120 --> 00:08:46.240]  好 問問導師出自什麼經文
[00:08:46.240 --> 00:08:48.360]  多謝 是否這麼容易
[00:08:48.360 --> 00:08:50.440]  問這些經文
[00:08:50.440 --> 00:08:53.920]  弟兄姊妹當然回答不了 哪有這麼容易
[00:08:53.920 --> 00:08:55.880]  看到導師很回應
[00:08:55.880 --> 00:08:57.840]  他也讀得很好
[00:08:57.840 --> 00:09:03.000]  原來今天我們能夠有教會
[00:09:03.000 --> 00:09:04.160]  有音福堂
[00:09:04.160 --> 00:09:07.600]  我們能夠九時半都一起回到十二樓裏面
[00:09:07.600 --> 00:09:09.520]  一起學習神的話語
[00:09:09.520 --> 00:09:11.520]  去聽神的道
[00:09:11.520 --> 00:09:14.280]  是很重要的地方
[00:09:14.280 --> 00:09:17.280]  但最重要的不單止是神的話語
[00:09:17.280 --> 00:09:20.680]  更加是在基督裏面我們有一個新的生命
[00:09:20.680 --> 00:09:23.000]  我們信耶穌的人是有不同的
[00:09:23.000 --> 00:09:25.200]  信耶穌是不一樣的
[00:09:25.200 --> 00:09:27.560]  信耶穌是會有不同的性情
[00:09:27.560 --> 00:09:29.720]  也有不同的行事為人
[00:09:29.720 --> 00:09:30.840]  不單止是這樣
[00:09:30.840 --> 00:09:32.960]  教會裏面也需要合一
[00:09:32.960 --> 00:09:34.280]  我們有不同的性格
[00:09:34.280 --> 00:09:35.640]  有不同的性情
[00:09:35.640 --> 00:09:37.640]  有不同的年班
[00:09:37.640 --> 00:09:40.240]  甚至我們來自不同的背景
[00:09:40.240 --> 00:09:42.920]  家庭的狀況也很不同
[00:09:42.920 --> 00:09:44.320]  或者你看信仰
[00:09:44.320 --> 00:09:48.640]  每個人都會有不一致或者不同的看法
[00:09:48.640 --> 00:09:50.560]  不過保羅也提醒我們
[00:09:50.560 --> 00:09:52.040]  我們教會要合一
[00:09:52.040 --> 00:09:55.080]  特別我們青少部
[00:09:55.080 --> 00:09:56.920]  你們年輕人
[00:09:56.920 --> 00:09:59.320]  將來你們能夠承擔起
[00:09:59.320 --> 00:10:02.320]  教會有很多的服事
[00:10:02.320 --> 00:10:03.240]  教會要合一
[00:10:03.240 --> 00:10:04.240]  我們要同心
[00:10:04.240 --> 00:10:07.600]  一起彼此去服事神
[00:10:07.600 --> 00:10:09.760]  更加的不單止只有「講」字
[00:10:09.760 --> 00:10:11.320]  有一個生命
[00:10:11.320 --> 00:10:12.880]  不單止要合一
[00:10:12.880 --> 00:10:16.960]  更加是我們屬靈生命能夠去實踐
[00:10:16.960 --> 00:10:18.480]  做到出來的
[00:10:18.480 --> 00:10:20.880]  是一個生命的見證
[00:10:20.880 --> 00:10:24.080]  所以以弗所思到第五章的時候
[00:10:24.080 --> 00:10:25.480]  他更加提醒我們
[00:10:25.480 --> 00:10:27.600]  我們要從黑暗裏面
[00:10:27.600 --> 00:10:29.280]  轉為光明
[00:10:29.280 --> 00:10:31.600]  要從黑暗裏面轉為光明
[00:10:31.600 --> 00:10:32.280]  在第五章
[00:10:32.280 --> 00:10:33.200]  以弗所思有六章
[00:10:33.200 --> 00:10:34.440]  在第五章裏面
[00:10:34.440 --> 00:10:36.040]  說到很強調
[00:10:36.040 --> 00:10:37.960]  我們要在黑暗裏面
[00:10:37.960 --> 00:10:39.360]  轉為光明
[00:10:39.360 --> 00:10:41.960]  強調我們是能夠改變的
[00:10:41.960 --> 00:10:43.480]  我們是可以轉變的
[00:10:43.480 --> 00:10:45.280]  原因是我們在基督裏面
[00:10:45.280 --> 00:10:46.560]  我們在教會裏面
[00:10:46.560 --> 00:10:47.560]  我們有同工
[00:10:47.560 --> 00:10:49.360]  有導師
[00:10:49.360 --> 00:10:50.160]  有沒有組長
[00:10:50.160 --> 00:10:51.480]  高中有組長
[00:10:51.480 --> 00:10:53.880]  一起和你們一起去同行
[00:10:53.880 --> 00:10:57.520]  去經歷神給我們很豐盛的過程
[00:10:57.520 --> 00:10:59.120]  更加的我們每一個
[00:10:59.120 --> 00:11:00.960]  都能夠可以為主發光
[00:11:00.960 --> 00:11:02.200]  剛才我有說
[00:11:02.200 --> 00:11:05.720]  李怡、哲森、Joe等等
[00:11:05.720 --> 00:11:07.240]  我還看到
[00:11:07.240 --> 00:11:08.560]  你也是
[00:11:08.560 --> 00:11:09.640]  你更加是
[00:11:09.640 --> 00:11:10.560]  我還看到
[00:11:10.560 --> 00:11:11.760]  我現在在網絡
[00:11:11.760 --> 00:11:13.560]  我看到有很多熟悉的臉孔
[00:11:13.560 --> 00:11:14.760]  我不重一提
[00:11:14.760 --> 00:11:17.840]  這些是我在兒童部裏面認識的
[00:11:17.840 --> 00:11:19.680]  小時候已經見到他們
[00:11:19.680 --> 00:11:22.240]  現在今天已經在初中
[00:11:22.240 --> 00:11:22.840]  他很好
[00:11:22.840 --> 00:11:24.120]  不過我給他掌聲好嗎
[00:11:24.120 --> 00:11:25.400]  我不喜歡叫甚麼名字
[00:11:25.400 --> 00:11:26.120]  是
[00:11:26.120 --> 00:11:28.720]  我看到他很
[00:11:28.720 --> 00:11:29.720]  諾謙嗎
[00:11:29.720 --> 00:11:30.280]  是,諾謙
[00:11:30.280 --> 00:11:31.520]  好,多謝你
[00:11:31.520 --> 00:11:33.080]  他肯回應
[00:11:33.080 --> 00:11:37.440]  我覺得是一個很正面的年輕人
[00:11:37.440 --> 00:11:39.160]  剛才我說到哪裏
[00:11:39.160 --> 00:11:41.040]  說到以弗所思第五章
[00:11:41.040 --> 00:11:45.720]  我們每一個都能夠在黑暗轉為光明
[00:11:45.720 --> 00:11:47.720]  所以今天有兩個重點給大家
[00:11:47.720 --> 00:11:50.280]  第一個,生命是可以改變的
[00:11:50.280 --> 00:11:53.400]  第二,我們是能夠結出果子的
[00:11:53.400 --> 00:11:56.240]  我們的生命是可以改變的
[00:11:56.240 --> 00:11:57.120]  你不要想著
[00:11:57.120 --> 00:11:59.040]  我是這樣的
[00:11:59.040 --> 00:12:00.680]  我是這麼多的
[00:12:00.680 --> 00:12:03.280]  我回來不搬聖經了
[00:12:03.280 --> 00:12:06.920]  在這裏還有人搬聖經嗎
[00:12:06.920 --> 00:12:08.280]  也有些人吧
[00:12:08.280 --> 00:12:11.640]  你們現在還要打開聖經嗎
[00:12:11.640 --> 00:12:12.760]  真的有嗎
[00:12:12.760 --> 00:12:15.240]  繼續堅持,知道嗎
[00:12:15.240 --> 00:12:18.440]  因為我覺得這些是我們以前的傳統
[00:12:18.440 --> 00:12:19.040]  現在沒有了
[00:12:19.040 --> 00:12:22.120]  現在很多人在手機裏一起打開聖經
[00:12:22.120 --> 00:12:23.360]  在手機裏看
[00:12:23.360 --> 00:12:24.440]  都是很好的
[00:12:24.440 --> 00:12:29.000]  不過我覺得少了很多實體的聖經
[00:12:29.000 --> 00:12:30.960]  打開,馬賀福音
[00:12:30.960 --> 00:12:32.720]  在哪裏來的呢
[00:12:32.720 --> 00:12:33.920]  整本聖經
[00:12:33.920 --> 00:12:37.800]  所以繼續在主裏慢慢學習
[00:12:37.800 --> 00:12:41.520]  第一,重點是生命是能夠改變的
[00:12:41.520 --> 00:12:42.320]  它說甚麼
[00:12:42.320 --> 00:12:45.280]  從前你們是暗會
[00:12:45.280 --> 00:12:46.240]  從前你們
[00:12:46.240 --> 00:12:48.640]  即是保羅向眾聖徒說
[00:12:48.640 --> 00:12:49.760]  你們是暗會
[00:12:49.760 --> 00:12:50.880]  暗會是甚麼意思呢
[00:12:50.880 --> 00:12:54.160]  不單是環境
[00:12:54.160 --> 00:12:56.280]  是光還是暗
[00:12:56.280 --> 00:12:59.440]  而是他在說我們的生命的狀態
[00:12:59.440 --> 00:13:01.200]  是我們不認識神
[00:13:01.200 --> 00:13:03.440]  活在罪裏面
[00:13:03.440 --> 00:13:04.440]  弟兄姊妹
[00:13:04.440 --> 00:13:09.400]  記不記得你不認識神的時候是怎樣的
[00:13:09.400 --> 00:13:12.080]  沒有神的時候是怎樣的
[00:13:12.080 --> 00:13:15.200]  又或者你們未返回教會時是怎樣的
[00:13:15.200 --> 00:13:16.560]  一會兒我會給大家一幅相片
[00:13:16.560 --> 00:13:19.120]  我就給我自己,給大家看一下
[00:13:19.120 --> 00:13:21.560]  原來當我們不認識神的時候
[00:13:21.560 --> 00:13:23.680]  我們不在主裏面的時候
[00:13:23.680 --> 00:13:27.080]  我們沒有方向
[00:13:27.080 --> 00:13:28.960]  讀書是為了甚麼呢
[00:13:28.960 --> 00:13:30.880]  讀書
[00:13:30.880 --> 00:13:32.200]  上學
[00:13:32.200 --> 00:13:33.520]  放學
[00:13:33.520 --> 00:13:34.760]  回家
[00:13:34.760 --> 00:13:36.000]  做功課
[00:13:36.000 --> 00:13:37.600]  這個都令我很沮喪
[00:13:37.600 --> 00:13:39.600]  現在我有兩個小朋友
[00:13:39.600 --> 00:13:42.600]  我要照顧子女
[00:13:42.600 --> 00:13:44.320]  我下班回去
[00:13:44.320 --> 00:13:46.120]  我很迷茫
[00:13:46.120 --> 00:13:47.200]  我在主裏面
[00:13:47.200 --> 00:13:48.960]  不過我很迷茫是甚麼呢
[00:13:48.960 --> 00:13:50.480]  他們放學回來
[00:13:50.480 --> 00:13:52.720]  做功課
[00:13:52.720 --> 00:13:54.120]  溫書
[00:13:54.120 --> 00:13:55.280]  吃飯
[00:13:55.280 --> 00:13:56.600]  睡覺
[00:13:56.600 --> 00:13:57.520]  翌日怎樣
[00:13:57.520 --> 00:13:58.720]  上學
[00:13:58.720 --> 00:13:59.920]  翌日回來又怎樣
[00:13:59.920 --> 00:14:01.000]  溫書
[00:14:01.000 --> 00:14:01.800]  做功課
[00:14:01.800 --> 00:14:02.440]  去補習
[00:14:02.440 --> 00:14:03.640]  我想問一下
[00:14:03.640 --> 00:14:06.960]  誰是這樣的
[00:14:06.960 --> 00:14:08.400]  不用舉手了
[00:14:08.400 --> 00:14:10.160]  九成都是這樣的
[00:14:10.160 --> 00:14:12.600]  九成都是讀書、溫書、做功課
[00:14:12.600 --> 00:14:15.680]  不過是做甚麼的呢
[00:14:15.680 --> 00:14:17.240]  為了甚麼呢
[00:14:17.240 --> 00:14:19.760]  不過神給我們很好的地方
[00:14:19.760 --> 00:14:23.120]  原來祂給我們人生是有意義
[00:14:23.120 --> 00:14:24.080]  有價值
[00:14:24.080 --> 00:14:25.680]  而我們可以求祂
[00:14:25.680 --> 00:14:26.680]  尋問祂
[00:14:26.680 --> 00:14:28.240]  讓祂在當中裏面
[00:14:28.240 --> 00:14:32.480]  讓我們可以繼續為祂發光
[00:14:32.480 --> 00:14:33.480]  第二是甚麼呢
[00:14:33.480 --> 00:14:35.840]  但如今你們在主裏面
[00:14:35.840 --> 00:14:37.360]  已經是光明了
[00:14:37.360 --> 00:14:38.600]  下一條powerpoint
[00:14:38.600 --> 00:14:41.480]  如今
[00:14:41.480 --> 00:14:43.160]  但如今
[00:14:43.160 --> 00:14:45.440]  在主裏面是光明
[00:14:45.440 --> 00:14:47.120]  今天我們信了主的人
[00:14:47.120 --> 00:14:48.600]  在光明裏面
[00:14:48.600 --> 00:14:50.040]  有聖靈提醒我們
[00:14:50.040 --> 00:14:51.480]  讓我們在主裏面
[00:14:51.480 --> 00:14:53.960]  能夠活出不一樣的生命
[00:14:53.960 --> 00:14:54.880]  他說光明
[00:14:54.880 --> 00:14:58.120]  信主不單單只是行為改變
[00:14:58.120 --> 00:15:01.560]  而是我們的生命的本質也被改變
[00:15:01.560 --> 00:15:03.040]  我們未信主的人
[00:15:03.040 --> 00:15:06.080]  沒有方向、沒有意義
[00:15:06.080 --> 00:15:07.520]  不知道自己在做甚麼
[00:15:07.520 --> 00:15:10.360]  好像每天都行屍走肉
[00:15:10.360 --> 00:15:11.560]  上學放學
[00:15:11.560 --> 00:15:12.280]  但不是的
[00:15:12.280 --> 00:15:14.520]  原來主的提醒
[00:15:14.520 --> 00:15:16.240]  主的聖靈在我們當中
[00:15:16.240 --> 00:15:17.840]  主在我們裏面
[00:15:17.840 --> 00:15:19.840]  葡萄樹與枝子
[00:15:19.840 --> 00:15:21.520]  不能夠分開
[00:15:21.520 --> 00:15:22.440]  我們在主裏面
[00:15:22.440 --> 00:15:24.240]  我們和主有份的關係
[00:15:24.240 --> 00:15:27.040]  我們可以將我們一切的所需
[00:15:27.040 --> 00:15:28.600]  告訴神
[00:15:28.600 --> 00:15:29.760]  我們可以祈禱
[00:15:29.760 --> 00:15:30.680]  可以讀經
[00:15:30.680 --> 00:15:31.680]  可以靈修
[00:15:31.680 --> 00:15:32.760]  可以跟別人分享
[00:15:32.760 --> 00:15:34.840]  甚至我們有同工、有導師
[00:15:34.840 --> 00:15:35.840]  我們在靈裏面
[00:15:35.840 --> 00:15:37.320]  可以彼此相交
[00:15:37.320 --> 00:15:38.920]  這個在光明裏面
[00:15:38.920 --> 00:15:41.240]  讓我們行為不再一樣
[00:15:41.240 --> 00:15:45.680]  可以再一次在主裏面發光發現
[00:15:45.680 --> 00:15:46.960]  所以他說行屍為人
[00:15:46.960 --> 00:15:48.600]  就好像光明的子女
[00:15:48.600 --> 00:15:49.480]  第八節裏面
[00:15:49.480 --> 00:15:52.680]  我們的行屍為人有改變
[00:15:52.680 --> 00:15:53.520]  改變了
[00:15:53.520 --> 00:15:58.040]  讓我們能夠做到神給我們的樣式
[00:15:58.040 --> 00:16:01.640]  給大家看一張照片
[00:16:01.640 --> 00:16:03.400]  下一張
[00:16:03.400 --> 00:16:04.920]  你看看這張照片
[00:16:04.920 --> 00:16:07.600]  這張照片是我從前的我
[00:16:07.600 --> 00:16:10.000]  未信主的時候
[00:16:10.000 --> 00:16:10.920]  你看看
[00:16:10.920 --> 00:16:14.760]  這張照片大概我的年紀是18歲
[00:16:14.760 --> 00:16:15.840]  18歲左右
[00:16:15.840 --> 00:16:17.480]  這張照片對於我來說
[00:16:17.480 --> 00:16:19.160]  應該是你的左手邊
[00:16:19.160 --> 00:16:21.320]  對於我來說很珍貴
[00:16:21.320 --> 00:16:22.040]  為甚麼這麼珍貴
[00:16:22.040 --> 00:16:24.400]  今天我們有手機
[00:16:24.400 --> 00:16:26.040]  然後會拍很多照片
[00:16:26.040 --> 00:16:27.880]  保留了很多記憶
[00:16:27.880 --> 00:16:30.440]  但當年我沒有手機
[00:16:30.440 --> 00:16:32.200]  應該用相機
[00:16:32.200 --> 00:16:34.840]  不知為何當時有人幫我拍了一張
[00:16:34.840 --> 00:16:37.480]  這麼珍貴的照片
[00:16:37.480 --> 00:16:40.360]  不過那時候我未信耶穌
[00:16:40.360 --> 00:16:42.160]  未認識主
[00:16:42.160 --> 00:16:43.960]  沒有回教會
[00:16:43.960 --> 00:16:48.160]  所以我每天與車胎為伴
[00:16:48.160 --> 00:16:50.240]  那些黑色的是甚麼
[00:16:50.240 --> 00:16:51.200]  是車胎
[00:16:51.200 --> 00:16:53.520]  以前我讀完書出來
[00:16:53.520 --> 00:16:56.920]  做行業就去做車胎
[00:16:56.920 --> 00:16:58.840]  我都不知道
[00:16:58.840 --> 00:17:01.800]  總之是哥哥去做車胎
[00:17:01.800 --> 00:17:03.520]  接著就帶我入行
[00:17:03.520 --> 00:17:05.280]  就做了車胎
[00:17:05.280 --> 00:17:06.720]  做了很長日子
[00:17:06.720 --> 00:17:09.480]  11年的日子在當中
[00:17:09.480 --> 00:17:11.480]  每天我就在車底
[00:17:11.480 --> 00:17:13.120]  換胎
[00:17:13.120 --> 00:17:18.320]  沒有信仰
[00:17:18.320 --> 00:17:19.680]  沒有教會
[00:17:19.680 --> 00:17:21.120]  沒有弟兄姊妹
[00:17:21.120 --> 00:17:22.320]  沒有導師
[00:17:22.320 --> 00:17:24.920]  因為我完全未認識這個信仰
[00:17:24.920 --> 00:17:27.600]  每天就與車胎為伴
[00:17:27.600 --> 00:17:30.840]  人生只知道賺錢
[00:17:30.840 --> 00:17:31.800]  做事
[00:17:31.800 --> 00:17:35.280]  這就是我的人生
[00:17:35.280 --> 00:17:37.120]  這是我自己
[00:17:37.120 --> 00:17:39.960]  右手邊那張我年紀大了一點
[00:17:39.960 --> 00:17:43.320]  應該三十歲左右
[00:17:43.320 --> 00:17:45.920]  另外一張就十八歲左右
[00:17:45.920 --> 00:17:48.040]  其實樣子差不多
[00:17:48.040 --> 00:17:51.400]  到今天都是
[00:17:51.400 --> 00:17:53.040]  這就是從前的我
[00:17:53.040 --> 00:17:54.760]  不在主的裏面
[00:17:54.760 --> 00:17:55.760]  未認識神
[00:17:55.760 --> 00:17:56.720]  沒有教會
[00:17:56.720 --> 00:17:58.120]  沒有弟兄姊妹
[00:17:58.120 --> 00:18:00.440]  但是神會營造今天的我
[00:18:00.440 --> 00:18:01.680]  一會兒又給大家一封信
[00:18:01.680 --> 00:18:04.760]  但是很感恩的地方
[00:18:04.760 --> 00:18:08.400]  我在2003年
[00:18:08.400 --> 00:18:10.880]  你們出生了沒有
[00:18:10.880 --> 00:18:13.920]  你們是甚麼年出生的
[00:18:13.920 --> 00:18:18.760]  我是2013年
[00:18:18.760 --> 00:18:22.320]  2003年神帶領我來教會
[00:18:22.320 --> 00:18:23.840]  認識了恩福堂
[00:18:23.840 --> 00:18:25.760]  感恩我就是2003年
[00:18:25.760 --> 00:18:30.360]  第一步踏入青少部
[00:18:30.360 --> 00:18:32.680]  當時我不是青少年
[00:18:32.680 --> 00:18:35.400]  當時是一個成年人
[00:18:35.400 --> 00:18:36.800]  踏入青少部
[00:18:36.800 --> 00:18:39.000]  開始接觸年輕人
[00:18:39.000 --> 00:18:40.040]  李怡那些
[00:18:40.040 --> 00:18:41.440]  哲森那些
[00:18:41.440 --> 00:18:43.560]  開始做導師
[00:18:43.560 --> 00:18:46.240]  神帶著一步一步做傳道助理
[00:18:46.240 --> 00:18:47.440]  接著去讀神學
[00:18:47.440 --> 00:18:48.720]  成為今天的我
[00:18:48.720 --> 00:18:51.320]  這就是成長的歷程
[00:18:51.320 --> 00:18:52.960]  所以各位弟兄姊妹
[00:18:52.960 --> 00:18:55.040]  不要小看你們年輕
[00:18:55.040 --> 00:18:58.600]  神一定會使用你們每一個
[00:18:58.600 --> 00:19:01.240]  讓你們成為祂合用的器皿
[00:19:01.240 --> 00:19:03.080]  所以今天第二個重點是甚麼
[00:19:03.080 --> 00:19:06.840]  結出果子
[00:19:06.840 --> 00:19:08.240]  可以看一看經文嗎
[00:19:08.240 --> 00:19:09.360]  經文繼續下去的時候
[00:19:09.360 --> 00:19:11.880]  在第九第十節裏面說出
[00:19:11.880 --> 00:19:14.600]  「光明所結的果子
[00:19:14.600 --> 00:19:19.200]  就是一切良善、公義、誠實
[00:19:19.200 --> 00:19:22.600]  總要察驗何為主所喜悅的事」
[00:19:22.600 --> 00:19:24.320]  經文裏面告訴我們
[00:19:24.320 --> 00:19:27.440]  原來我們作為光明的兒女
[00:19:27.440 --> 00:19:29.480]  我們要結出果子
[00:19:29.480 --> 00:19:33.920]  就是一切良善、公義和誠實
[00:19:33.920 --> 00:19:36.280]  這三樣東西很重要
[00:19:36.280 --> 00:19:39.520]  這三樣東西好像是屬靈的品格
[00:19:39.520 --> 00:19:41.360]  屬靈果子好像有九樣
[00:19:41.360 --> 00:19:43.440]  但這裏提供了三樣
[00:19:43.440 --> 00:19:46.680]  我覺得我們很需要去追求
[00:19:46.680 --> 00:19:48.360]  很需要去學習
[00:19:48.360 --> 00:19:52.080]  讓我們能夠行事為人更加進取
[00:19:52.080 --> 00:19:53.680]  第一良善
[00:19:53.680 --> 00:19:57.720]  是對人有愛心
[00:19:57.720 --> 00:19:59.600]  這三樣東西其實在聖經裏面
[00:19:59.600 --> 00:20:02.680]  全部都有告訴我們究竟是怎樣
[00:20:02.680 --> 00:20:03.640]  第一良善
[00:20:03.640 --> 00:20:05.840]  我們追求的第一是良善
[00:20:05.840 --> 00:20:07.360]  要對人有愛心
[00:20:07.360 --> 00:20:07.920]  弟兄姊妹
[00:20:07.920 --> 00:20:11.080]  你今天對人有沒有愛心
[00:20:11.080 --> 00:20:13.160]  有的
[00:20:13.160 --> 00:20:14.120]  你們說的
[00:20:14.120 --> 00:20:15.080]  你們有的
[00:20:15.080 --> 00:20:16.280]  不單止對人
[00:20:16.280 --> 00:20:17.600]  對弟兄姊妹
[00:20:17.600 --> 00:20:19.800]  我自己在一方面
[00:20:19.800 --> 00:20:22.200]  今天還在學習
[00:20:22.200 --> 00:20:24.160]  要對人有愛心
[00:20:24.160 --> 00:20:25.240]  對你不喜歡的人
[00:20:25.240 --> 00:20:27.200]  你有沒有愛心
[00:20:27.200 --> 00:20:28.200]  你看看你旁邊那個
[00:20:28.200 --> 00:20:29.800]  你喜不喜歡他
[00:20:29.800 --> 00:20:30.800]  如果你不喜歡他
[00:20:30.800 --> 00:20:34.080]  你對他有沒有愛心
[00:20:34.080 --> 00:20:35.720]  是的
[00:20:35.720 --> 00:20:38.000]  當然初中我覺得
[00:20:38.000 --> 00:20:38.800]  我記得了
[00:20:38.800 --> 00:20:40.080]  我不知道現在是不是
[00:20:40.080 --> 00:20:45.400]  初中大家的感覺不是很熟悉
[00:20:45.400 --> 00:20:46.400]  不知道為什麼
[00:20:46.400 --> 00:20:48.880]  好像還不是很主動
[00:20:48.880 --> 00:20:49.600]  不過弟兄姊妹
[00:20:49.600 --> 00:20:51.080]  我鼓勵你
[00:20:51.080 --> 00:20:54.200]  不要遲下
[00:20:54.200 --> 00:20:55.800]  早些
[00:20:55.800 --> 00:20:58.280]  多些在小組裏面
[00:20:58.280 --> 00:21:00.440]  和你旁邊的弟兄姊妹
[00:21:00.440 --> 00:21:03.160]  建立那份感情
[00:21:03.160 --> 00:21:05.640]  你知不知道他叫什麼名字
[00:21:05.640 --> 00:21:06.280]  不知道的
[00:21:06.280 --> 00:21:08.680]  你問一下他叫什麼名字
[00:21:08.680 --> 00:21:10.800]  會不會去他家
[00:21:10.800 --> 00:21:11.600]  又說反過來
[00:21:11.600 --> 00:21:13.600]  可不可以開放你的家
[00:21:13.600 --> 00:21:15.080]  不如這樣
[00:21:15.080 --> 00:21:17.160]  下星期家聚來我家玩
[00:21:17.160 --> 00:21:19.520]  我不知道你們會不會
[00:21:19.520 --> 00:21:20.840]  不會的
[00:21:20.840 --> 00:21:21.360]  哎呀
[00:21:21.360 --> 00:21:22.320]  真是
[00:21:22.320 --> 00:21:24.960]  我覺得好像初中
[00:21:24.960 --> 00:21:26.680]  可能初中高中也是這樣
[00:21:26.680 --> 00:21:27.560]  不知道現在我覺得
[00:21:27.560 --> 00:21:28.880]  那個家的結構
[00:21:28.880 --> 00:21:29.800]  我不是很喜歡
[00:21:29.800 --> 00:21:30.600]  為什麼呢
[00:21:30.600 --> 00:21:32.520]  好像不是很開放
[00:21:32.520 --> 00:21:33.160]  是不是
[00:21:33.160 --> 00:21:34.320]  我鼓勵你們
[00:21:34.320 --> 00:21:35.480]  甚至你們
[00:21:35.480 --> 00:21:36.480]  不是應該你鼓勵
[00:21:36.480 --> 00:21:38.360]  是爸爸媽媽
[00:21:38.360 --> 00:21:40.280]  多些鼓勵一下你爸爸媽媽
[00:21:40.280 --> 00:21:41.640]  開放你們家
[00:21:41.640 --> 00:21:42.880]  給弟兄姊妹
[00:21:42.880 --> 00:21:44.160]  或者導師
[00:21:44.160 --> 00:21:45.760]  可以來到你家中
[00:21:45.760 --> 00:21:47.880]  在家裏面
[00:21:47.880 --> 00:21:48.840]  一起吃東西
[00:21:48.840 --> 00:21:49.760]  聊天
[00:21:49.760 --> 00:21:51.040]  我覺得這個很重要
[00:21:51.040 --> 00:21:52.360]  因為建立那份感情
[00:21:52.360 --> 00:21:53.520]  為什麼對人有愛心
[00:21:53.520 --> 00:21:54.880]  我也在學習
[00:21:54.880 --> 00:21:57.680]  我最近其實有幾個經歷
[00:21:57.680 --> 00:21:59.280]  我覺得
[00:21:59.280 --> 00:22:00.880]  很
[00:22:00.880 --> 00:22:02.320]  很有感受的
[00:22:02.320 --> 00:22:04.840]  但我又不是很整理它
[00:22:04.840 --> 00:22:06.560]  我講其中一個
[00:22:06.560 --> 00:22:09.200]  我最近牙齒
[00:22:09.200 --> 00:22:09.720]  你看著我
[00:22:09.720 --> 00:22:11.200]  我最近牙齒有些
[00:22:11.200 --> 00:22:12.120]  怎麼說
[00:22:12.120 --> 00:22:12.960]  我突然不知為什麼
[00:22:12.960 --> 00:22:14.720]  撩一撩
[00:22:14.720 --> 00:22:15.880]  撩了一些保牙出來
[00:22:15.880 --> 00:22:16.480]  哎呀
[00:22:16.480 --> 00:22:17.200]  糟糕了
[00:22:17.200 --> 00:22:18.160]  就是
[00:22:18.160 --> 00:22:19.800]  表面那層保牙
[00:22:19.800 --> 00:22:21.000]  掉了出來
[00:22:21.000 --> 00:22:22.640]  我很緊張
[00:22:22.640 --> 00:22:25.600]  我就馬上打電話給牙科醫生
[00:22:25.600 --> 00:22:26.480]  就去預約
[00:22:26.480 --> 00:22:28.200]  怎知道那個護士
[00:22:28.200 --> 00:22:29.280]  回應就是
[00:22:29.280 --> 00:22:31.680]  沒有了
[00:22:31.680 --> 00:22:32.440]  要遲一點
[00:22:32.440 --> 00:22:35.120]  大概半年左右
[00:22:35.120 --> 00:22:38.080]  連預約牙齒也要預約半年
[00:22:38.080 --> 00:22:39.520]  我說不行
[00:22:39.520 --> 00:22:40.200]  我說半年
[00:22:40.200 --> 00:22:42.040]  我的牙齒如果沒有了保牙
[00:22:42.040 --> 00:22:43.320]  那會怎樣
[00:22:43.320 --> 00:22:44.400]  那就會
[00:22:44.400 --> 00:22:45.080]  應該這樣說
[00:22:45.080 --> 00:22:46.360]  我想對於你們來說
[00:22:46.360 --> 00:22:47.400]  可能你不明白
[00:22:47.400 --> 00:22:49.120]  我為什麼會突然間這麼緊張
[00:22:49.120 --> 00:22:51.680]  因為我現在服侍長者
[00:22:51.680 --> 00:22:52.120]  是的
[00:22:52.120 --> 00:22:53.280]  我服侍長者的時候
[00:22:53.280 --> 00:22:55.280]  我見到很多長者的牙齒
[00:22:55.280 --> 00:22:57.560]  就開始
[00:22:57.560 --> 00:22:58.400]  不太行
[00:22:58.400 --> 00:22:59.120]  或者脫了
[00:22:59.120 --> 00:23:00.680]  沒有了
[00:23:00.680 --> 00:23:02.400]  服侍了很久的時候
[00:23:02.400 --> 00:23:05.320]  原來我見到牙齒這麼緊要
[00:23:05.320 --> 00:23:07.200]  所以好像給了我一個提醒
[00:23:07.200 --> 00:23:11.920]  原來我要好好保養我的牙齒
[00:23:11.920 --> 00:23:14.360]  所以一有一點不對勁的時候
[00:23:14.360 --> 00:23:17.520]  我就馬上要去看牙科
[00:23:17.520 --> 00:23:19.560]  但當我預約的時候
[00:23:19.560 --> 00:23:21.200]  護士就怎樣
[00:23:21.200 --> 00:23:22.600]  很沒耐性
[00:23:22.600 --> 00:23:24.600]  很不耐煩
[00:23:24.600 --> 00:23:25.680]  要預約很久
[00:23:25.680 --> 00:23:27.360]  說要半年
[00:23:27.360 --> 00:23:29.760]  正常可能你的反應會怎樣
[00:23:29.760 --> 00:23:30.880]  那就算了
[00:23:30.880 --> 00:23:32.440]  下次再預約
[00:23:32.440 --> 00:23:35.160]  我不知道為什麼那一刻
[00:23:35.160 --> 00:23:36.720]  我沒有什麼情緒
[00:23:36.720 --> 00:23:40.200]  不過我將我的心情告訴護士
[00:23:40.200 --> 00:23:41.800]  我說護士糟糕了
[00:23:41.800 --> 00:23:43.000]  如果這樣半年
[00:23:43.000 --> 00:23:45.520]  如果我的牙齒過程中
[00:23:45.520 --> 00:23:47.840]  有細菌進了去
[00:23:47.840 --> 00:23:50.920]  那你就要剝掉
[00:23:50.920 --> 00:23:51.640]  要剝掉
[00:23:51.640 --> 00:23:53.280]  現在會怎樣
[00:23:53.280 --> 00:23:54.480]  就中了
[00:23:54.480 --> 00:23:56.000]  那就很貴
[00:23:56.000 --> 00:23:57.080]  我說糟糕了
[00:23:57.080 --> 00:23:58.840]  我就將我的一種擔心
[00:23:58.840 --> 00:24:00.320]  告訴她
[00:24:00.320 --> 00:24:01.480]  告訴護士
[00:24:01.480 --> 00:24:04.120]  但竟然護士很奇妙
[00:24:04.120 --> 00:24:05.560]  她說這樣啊
[00:24:05.560 --> 00:24:06.440]  好
[00:24:06.440 --> 00:24:09.040]  我先幫你看看有沒有期
[00:24:09.040 --> 00:24:10.160]  看了兩看之後
[00:24:10.160 --> 00:24:11.520]  她說陳先生
[00:24:11.520 --> 00:24:12.000]  有啊
[00:24:12.000 --> 00:24:14.360]  你明天想不想來
[00:24:14.360 --> 00:24:16.600]  我說好啊
[00:24:16.600 --> 00:24:19.280]  不過我覺得除了這件事之外
[00:24:19.280 --> 00:24:20.720]  講完預約期之後
[00:24:20.720 --> 00:24:22.480]  我很感謝她
[00:24:22.480 --> 00:24:23.280]  我很感謝她
[00:24:23.280 --> 00:24:25.440]  我說護士我真的很感謝你
[00:24:25.440 --> 00:24:27.880]  如果不是你給我一個期
[00:24:27.880 --> 00:24:31.280]  我不能夠明天上路來看牙
[00:24:31.280 --> 00:24:33.200]  我發覺
[00:24:33.200 --> 00:24:34.960]  為什麼我會講這個例子
[00:24:34.960 --> 00:24:39.360]  原來聖經教導我們那種良善
[00:24:39.360 --> 00:24:41.400]  不是假那種良善
[00:24:41.400 --> 00:24:42.880]  不是達到目的
[00:24:42.880 --> 00:24:44.200]  我就叫她給我一個期
[00:24:44.200 --> 00:24:44.880]  不是
[00:24:44.880 --> 00:24:47.640]  而是將你那種真心
[00:24:47.640 --> 00:24:49.000]  你那種真意
[00:24:49.000 --> 00:24:50.200]  你的良善
[00:24:50.200 --> 00:24:52.280]  去表達給對方聽
[00:24:52.280 --> 00:24:53.960]  對方未必是基督徒
[00:24:53.960 --> 00:24:57.320]  但對方仍然感受到你的處境
[00:24:57.320 --> 00:24:59.920]  然後她又很願意幫
[00:24:59.920 --> 00:25:02.000]  再加上我覺得你的回應很好
[00:25:02.000 --> 00:25:03.040]  你的回應就是
[00:25:03.040 --> 00:25:06.920]  你要感謝對方給你的恩惠
[00:25:06.920 --> 00:25:08.920]  可能這也是神給你的恩典
[00:25:08.920 --> 00:25:12.320]  讓你能夠有福氣
[00:25:12.320 --> 00:25:14.800]  可以面對的處境
[00:25:14.800 --> 00:25:17.240]  從而能夠度過得到
[00:25:17.240 --> 00:25:19.320]  所以結出果子很重要
[00:25:19.320 --> 00:25:20.880]  聖經
[00:25:20.880 --> 00:25:23.240]  全部都在聖經裡面
[00:25:23.240 --> 00:25:24.160]  它的教導
[00:25:24.160 --> 00:25:25.120]  它的提醒
[00:25:25.120 --> 00:25:26.520]  它叫我們怎樣做
[00:25:26.520 --> 00:25:28.760]  我們去結出果子
[00:25:28.760 --> 00:25:30.920]  不一定是去傳福音
[00:25:30.920 --> 00:25:33.080]  最重要是你自己能夠
[00:25:33.080 --> 00:25:36.080]  培養好你們每一個的品格
[00:25:36.080 --> 00:25:37.800]  在聖經裡面的提醒教導
[00:25:37.800 --> 00:25:39.720]  讓我們做一個良善
[00:25:39.720 --> 00:25:40.480]  公義
[00:25:40.480 --> 00:25:41.760]  誠實
[00:25:41.760 --> 00:25:44.280]  不單止對人有愛心
[00:25:44.280 --> 00:25:45.880]  對事的原則
[00:25:45.880 --> 00:25:48.600]  聖經給我們的原則教導
[00:25:48.600 --> 00:25:51.880]  讓我們能夠可以活出一個不一樣的生命
[00:25:51.880 --> 00:25:54.200]  最重要是對神有份忠心
[00:25:54.200 --> 00:25:55.480]  忠心的擺上
[00:25:55.480 --> 00:25:57.480]  好,第二了,還說嗎?
[00:25:57.480 --> 00:25:58.800]  聖經裡面
[00:25:58.800 --> 00:25:59.560]  好
[00:25:59.560 --> 00:26:01.920]  可不可以拿一張?睡了
[00:26:01.920 --> 00:26:03.520]  是的,接著第十節
[00:26:03.520 --> 00:26:04.160]  等一下
[00:26:04.160 --> 00:26:05.360]  第十節裡面說什麼呢?
[00:26:05.360 --> 00:26:09.160]  總要察驗何為主喜悅的事
[00:26:09.160 --> 00:26:11.160]  這次經文很重要
[00:26:11.160 --> 00:26:14.680]  它說總要察驗何為主喜悅的事
[00:26:14.680 --> 00:26:17.200]  今天我們的使命是什麼呢?
[00:26:17.200 --> 00:26:19.480]  我們每一天
[00:26:19.480 --> 00:26:23.560]  我們都要多多察驗主所喜悅的事
[00:26:23.560 --> 00:26:25.880]  讓我們能夠可以
[00:26:25.880 --> 00:26:27.360]  走一條正路
[00:26:27.360 --> 00:26:29.560]  繼續在主裡面的發光
[00:26:29.560 --> 00:26:31.840]  繼續在教會裡面的服事
[00:26:31.840 --> 00:26:33.640]  甚至在我們人生路上
[00:26:33.640 --> 00:26:35.440]  走一個正路出來
[00:26:35.440 --> 00:26:36.920]  做主喜悅的事
[00:26:36.920 --> 00:26:39.200]  好,我想下一張
[00:26:39.200 --> 00:26:42.760]  今天的我是變成這樣
[00:26:42.760 --> 00:26:45.440]  剛才那張就是二十多年前的我
[00:26:45.440 --> 00:26:46.520]  今天
[00:26:46.520 --> 00:26:48.520]  神有很多的恩典
[00:26:48.520 --> 00:26:51.160]  讓我在生命裡面有很多的改變
[00:26:51.160 --> 00:26:52.440]  很多的學習
[00:26:52.440 --> 00:26:53.880]  很多的成長
[00:26:53.880 --> 00:26:55.640]  很多的迷茫裡面
[00:26:55.640 --> 00:26:58.520]  怎樣能夠可以一步一步去成長
[00:26:58.520 --> 00:27:02.000]  今天神差派我去服事長者
[00:27:02.000 --> 00:27:06.080]  我不知道有沒有婆婆公公在當中
[00:27:06.080 --> 00:27:08.080]  有沒有留意到婆婆公公在這裡
[00:27:08.080 --> 00:27:10.960]  我發覺我很感恩的地方是
[00:27:10.960 --> 00:27:12.720]  當我去服事長者的時候
[00:27:12.720 --> 00:27:14.720]  有時候問長者你的孫子是誰
[00:27:14.720 --> 00:27:16.960]  原來孫子是我認識的
[00:27:16.960 --> 00:27:21.960]  但我完全聯繫不到孫子和婆婆或公公的關係
[00:27:21.960 --> 00:27:23.760]  所以
[00:27:23.760 --> 00:27:26.000]  這段經文是送給大家
[00:27:26.000 --> 00:27:28.080]  第一,生命是能夠改變的
[00:27:28.080 --> 00:27:30.760]  第二,我們是能夠結出果子
[00:27:30.760 --> 00:27:35.480]  而我們每一個都可以在主裡面做一個光明的子女
[00:27:35.480 --> 00:27:37.960]  好,到最後我想問一下大家
[00:27:37.960 --> 00:27:41.560]  你猜你將來的你會是怎樣的?
[00:27:41.560 --> 00:27:45.320]  你猜將來的你會是怎樣的?
[00:27:45.320 --> 00:27:46.440]  剛才開頭的時候
[00:27:46.440 --> 00:27:47.640]  我看到有幾個哥哥姐姐
[00:27:47.640 --> 00:27:48.760]  我給了一些例子給大家
[00:27:48.760 --> 00:27:51.240]  李怡、潔心、阿Joe
[00:27:51.240 --> 00:27:53.920]  我沒有想過他們中一的時候會這樣
[00:27:53.920 --> 00:27:56.320]  不是這樣
[00:27:56.320 --> 00:27:58.320]  他們中一的時候是瘦小孩
[00:27:58.320 --> 00:28:00.040]  好像你們這樣
[00:28:00.040 --> 00:28:03.080]  但沒有想過原來二十年後會變成一個
[00:28:03.080 --> 00:28:07.520]  在主裡面一個被使用的器皿
[00:28:07.520 --> 00:28:08.960]  願神祝福你們
[00:28:08.960 --> 00:28:10.160]  今天有兩個重點
[00:28:10.160 --> 00:28:12.560]  第一,生命是能夠改變的
[00:28:12.560 --> 00:28:15.680]  第二,我們每一個都要結出果子
[00:28:15.680 --> 00:28:20.080]  因為我們每一個都是主裡面的光明子女
[00:28:20.080 --> 00:28:23.520]  不如我們一起讀出最後這段文字好嗎?
[00:28:23.520 --> 00:28:25.760]  好,預備,1,2,3
[00:28:25.760 --> 00:28:29.480]  在主裡從黑暗進入光明
[00:28:29.480 --> 00:28:32.360]  活出光明子女的生命
[00:28:32.360 --> 00:28:36.440]  以善良公義和真理見證基督
[00:28:36.440 --> 00:28:37.200]  好,感謝主
[00:28:37.200 --> 00:28:38.720]  我們有請敬拜隊
[00:28:38.720 --> 00:28:43.600]  我們一起來以一首詩歌《能不能》去獻給我們的主
