
[00:00:00.000 --> 00:00:03.460]  很美麗的一首詩歌「復興我」
[00:00:03.460 --> 00:00:06.680]  丙姐妹 希望藉著今日的崇拜
[00:00:06.680 --> 00:00:09.240]  你的生命被神去復興
[00:00:09.240 --> 00:00:11.960]  有願講的 同聽的
[00:00:11.960 --> 00:00:14.200]  一同都被神去祝福
[00:00:14.200 --> 00:00:17.520]  好 今天就是我們正道之先
[00:00:17.520 --> 00:00:20.320]  我們一同重讀今天的經文
[00:00:20.320 --> 00:00:24.080]  是皇下的四章八至到三十七節
[00:00:24.080 --> 00:00:26.280]  不過我就不想跟大家讀完
[00:00:26.280 --> 00:00:29.400]  我們只是讀八至到十七節
[00:00:29.400 --> 00:00:32.280]  我們同心一同重讀
[00:00:32.280 --> 00:00:34.200]  預備 一二三
[00:00:34.200 --> 00:00:37.680]  一日 以利沙走道書寮
[00:00:37.680 --> 00:00:41.280]  在那裡有一個大戶的婦人
[00:00:41.280 --> 00:00:43.480]  強留她吃飯
[00:00:43.480 --> 00:00:47.440]  此後 以利沙每從那裡經過
[00:00:47.440 --> 00:00:49.760]  就進去吃飯
[00:00:49.760 --> 00:00:52.000]  婦人對丈夫說
[00:00:52.000 --> 00:00:56.320]  我看出那常從我們這裡經過的人
[00:00:56.320 --> 00:00:58.800]  是聖潔的神人
[00:00:58.800 --> 00:01:04.080]  我們可以為她在床上蓋一間小樓
[00:01:04.080 --> 00:01:10.680]  在其中安放床榻 桌子 椅子 燈台
[00:01:10.680 --> 00:01:16.480]  她來到我們這裡就可以住在其間
[00:01:16.480 --> 00:01:20.080]  一日 以利沙來到那裡
[00:01:20.080 --> 00:01:23.480]  就進了那樓臥床
[00:01:23.480 --> 00:01:27.800]  以利沙吩咐婦人欺家世說
[00:01:27.800 --> 00:01:31.000]  你叫這書店婦人來
[00:01:31.000 --> 00:01:34.400]  她就把婦人叫來了
[00:01:34.400 --> 00:01:38.200]  婦人站在以利沙面前
[00:01:38.200 --> 00:01:41.200]  以利沙吩咐婦人說
[00:01:41.200 --> 00:01:43.000]  你對她說
[00:01:43.000 --> 00:01:47.200]  你既為我們費了許多心思
[00:01:47.200 --> 00:01:50.400]  可以為你做什麼呢?
[00:01:50.400 --> 00:01:55.400]  你看王或元帥有所求的沒有
[00:01:55.400 --> 00:01:57.200]  她回答說
[00:01:57.200 --> 00:02:01.200]  我在我本鄉安居無事
[00:02:01.200 --> 00:02:03.800]  以利沙對婦人說
[00:02:03.800 --> 00:02:07.600]  究竟當為她做什麼呢?
[00:02:07.600 --> 00:02:09.400]  既家世說
[00:02:09.400 --> 00:02:11.600]  她沒有兒子
[00:02:11.600 --> 00:02:14.600]  她丈夫也老了
[00:02:14.600 --> 00:02:16.400]  以利沙說
[00:02:16.400 --> 00:02:18.400]  再叫她來
[00:02:18.400 --> 00:02:23.400]  於是叫她來就站在門口
[00:02:23.400 --> 00:02:27.600]  以利沙說明年到這時候
[00:02:27.600 --> 00:02:30.400]  你必抱一個兒子
[00:02:30.400 --> 00:02:31.400]  她說
[00:02:31.400 --> 00:02:33.800]  臣人我主啊
[00:02:33.800 --> 00:02:37.400]  不要那樣唏哄疲累
[00:02:37.400 --> 00:02:39.600]  婦人果然懷孕
[00:02:39.600 --> 00:02:41.600]  到了那時候
[00:02:41.600 --> 00:02:44.000]  生了一個兒子
[00:02:44.000 --> 00:02:47.000]  正如以利沙所說的
[00:02:47.000 --> 00:02:50.800]  我們同心低頭禱告
[00:02:50.800 --> 00:02:54.000]  神啊 我們願意獻我們的心
[00:02:54.000 --> 00:02:55.600]  獻我們的靈
[00:02:55.600 --> 00:02:58.200]  一生尊主為大
[00:02:58.200 --> 00:03:00.000]  神啊 求祢幫助我們
[00:03:00.000 --> 00:03:03.600]  讓我們可以踏上這個信心之旅
[00:03:03.600 --> 00:03:06.000]  求祢得著我們每一個人的心
[00:03:06.000 --> 00:03:07.200]  在這一刻
[00:03:07.200 --> 00:03:08.800]  在安靜的裡面
[00:03:08.800 --> 00:03:12.800]  聖靈啊 求祢臨在我們每一個人
[00:03:12.800 --> 00:03:15.400]  幫助我們明白聖經
[00:03:15.400 --> 00:03:17.800]  有願意走出來的時候
[00:03:17.800 --> 00:03:19.800]  我們走出來這個會堂
[00:03:19.800 --> 00:03:21.800]  我們真是願意
[00:03:21.800 --> 00:03:23.800]  作一個
[00:03:23.800 --> 00:03:26.600]  夢裡喜悅的信徒
[00:03:26.600 --> 00:03:27.800]  主啊 我們多謝祢
[00:03:27.800 --> 00:03:28.600]  聽我們的禱告
[00:03:28.600 --> 00:03:30.800]  奉主耶穌基督 聖名祈求
[00:03:30.800 --> 00:03:33.200]  阿門
[00:03:33.200 --> 00:03:34.400]  弟兄姊妹
[00:03:34.400 --> 00:03:36.600]  如果你有三十分鐘
[00:03:36.600 --> 00:03:41.200]  你可以做些什麼呢
[00:03:41.200 --> 00:03:44.200]  吃個早餐
[00:03:44.200 --> 00:03:47.200]  回個WhatsApp
[00:03:47.200 --> 00:03:49.400]  有一位Uber的司機
[00:03:49.400 --> 00:03:52.800]  他接載了一個七十歲的老伯伯
[00:03:52.800 --> 00:03:57.000]  知道他等候了換神像三年
[00:03:57.000 --> 00:04:01.800]  他叫老伯抄下他的電話和他的名字
[00:04:01.800 --> 00:04:04.600]  他說 我就捐個神給你
[00:04:04.600 --> 00:04:06.400]  老伯聽到 哇
[00:04:06.400 --> 00:04:08.800]  老伯全身都顫抖
[00:04:08.800 --> 00:04:12.000]  他連寫都寫不到
[00:04:12.000 --> 00:04:14.000]  但是老伯很感謝司機
[00:04:14.000 --> 00:04:16.600]  給了他一個生命的禮物
[00:04:16.600 --> 00:04:18.800]  而司機真的表示
[00:04:18.800 --> 00:04:22.200]  他說在過程當中 傾談的裡面
[00:04:22.200 --> 00:04:27.400]  他感受到老伯是一個很善良 很樂天
[00:04:27.400 --> 00:04:28.600]  他立刻就想到
[00:04:28.600 --> 00:04:32.600]  究竟我可以為你做些什麼呢
[00:04:32.600 --> 00:04:34.600]  他還說 如果我沒有做到
[00:04:34.600 --> 00:04:37.200]  我日後一定會很後悔
[00:04:37.200 --> 00:04:43.000]  他認為好人是需要彼此支持
[00:04:43.000 --> 00:04:46.800]  我不知道你認不認同這個司機的想法呢
[00:04:46.800 --> 00:04:50.000]  好人是需要彼此支持的
[00:04:50.000 --> 00:04:52.600]  大家認不認同
[00:04:52.600 --> 00:04:56.200]  是啊 普通人都立刻這樣想
[00:04:56.200 --> 00:04:58.400]  更何況我們是什麼
[00:04:58.400 --> 00:05:00.200]  我們是基督徒
[00:05:00.200 --> 00:05:02.400]  看到人有需要的時候
[00:05:02.400 --> 00:05:05.200]  我們是不是可以為他做些什麼呢
[00:05:05.200 --> 00:05:08.400]  就好像今天我們剛才讀出來的經文
[00:05:08.400 --> 00:05:13.000]  以利德沙和舒蓮夫人的故事
[00:05:13.000 --> 00:05:15.200]  我們從經文的第八節
[00:05:15.200 --> 00:05:18.000]  我們可以看到
[00:05:18.000 --> 00:05:22.800]  有一天 以利德沙去到舒蓮這個地方
[00:05:22.800 --> 00:05:25.800]  舒蓮有一個大戶的婦人
[00:05:25.800 --> 00:05:29.000]  大家知道大戶是什麼意思嗎
[00:05:29.000 --> 00:05:32.400]  你們很聰明 是不是之前已經預習了
[00:05:32.400 --> 00:05:38.200]  是啊 她是一個很有錢的貴婦
[00:05:38.200 --> 00:05:42.600]  她堅持要以利德沙在她家裡吃飯
[00:05:42.600 --> 00:05:44.200]  從此以後
[00:05:44.200 --> 00:05:46.600]  以利德沙每到舒蓮的時候
[00:05:46.600 --> 00:05:49.800]  就會去這個婦人家裡吃飯
[00:05:49.800 --> 00:05:51.400]  考考大家
[00:05:51.400 --> 00:05:57.200]  你知不知道從舒蓮離開以利德沙的家鄉
[00:05:57.200 --> 00:06:01.000]  阿伯米荷拉有多遠呢
[00:06:01.000 --> 00:06:03.800]  不知道吧
[00:06:03.800 --> 00:06:08.400]  大約從中環去到沙田
[00:06:08.400 --> 00:06:11.200]  是啊 那時候沒有地鐵
[00:06:11.200 --> 00:06:15.600]  所以他們如果要走路要用四小時
[00:06:15.600 --> 00:06:17.800]  如果走了四小時的話
[00:06:17.800 --> 00:06:19.800]  你肚子餓嗎
[00:06:19.800 --> 00:06:22.200]  是啊 所以我們就明白
[00:06:22.200 --> 00:06:27.000]  為什麼婦人要留意以利德沙在她家裡吃飯
[00:06:27.000 --> 00:06:31.000]  走了四個小時真的很累
[00:06:31.000 --> 00:06:34.200]  而經文的第九節就更加告訴我們
[00:06:34.200 --> 00:06:37.600]  婦人和她的丈夫在對話
[00:06:37.600 --> 00:06:39.600]  我們從他們的對話裡面
[00:06:39.600 --> 00:06:44.800]  我們看得出婦人知道以利德沙是一個什麼樣的人
[00:06:44.800 --> 00:06:47.800]  是神人
[00:06:47.800 --> 00:06:50.200]  我很相信這個婦人
[00:06:50.200 --> 00:06:54.600]  她有一個很敏銳的、熟齡的觀察力
[00:06:54.600 --> 00:06:58.600]  她看到以利德沙的處事為人很穩重
[00:06:58.600 --> 00:07:01.000]  又是很成熟
[00:07:01.000 --> 00:07:03.400]  甚至是無可指責
[00:07:03.400 --> 00:07:09.000]  所以她相信以利德沙是一個聖潔的神人
[00:07:09.000 --> 00:07:10.800]  所以書殿一開始
[00:07:10.800 --> 00:07:13.400]  這個書殿的婦人開始的時候
[00:07:13.400 --> 00:07:15.400]  她只是提供食物
[00:07:15.400 --> 00:07:18.800]  但是後來她更加想到的是什麼呢
[00:07:18.800 --> 00:07:22.200]  如果以利德沙經過書殿
[00:07:22.200 --> 00:07:25.400]  除了要有溫飽、吃得飽之外
[00:07:25.400 --> 00:07:29.600]  如果她有一個地方休息就更加好了
[00:07:29.600 --> 00:07:34.800]  相信對以利德沙的侍奉會有更大的幫助
[00:07:34.800 --> 00:07:37.800]  於是她就向丈夫建議
[00:07:37.800 --> 00:07:41.600]  在他們的屋頂上建造一間小房屋
[00:07:41.600 --> 00:07:44.800]  設備齊全
[00:07:44.800 --> 00:07:46.200]  我想問問大家
[00:07:46.200 --> 00:07:50.000]  香港人出了名是什麼呢
[00:07:50.000 --> 00:07:52.200]  豪客
[00:07:52.200 --> 00:07:57.400]  大部分的人請人吃飯都是沒問題的
[00:07:57.400 --> 00:08:01.400]  你會不會接客人去你家住
[00:08:01.400 --> 00:08:05.400]  全部都說不會
[00:08:05.400 --> 00:08:09.400]  所以如果像書殿婦人那樣
[00:08:09.400 --> 00:08:12.800]  殷勤地接待神的僕人
[00:08:12.800 --> 00:08:14.400]  是賣少見少的
[00:08:14.400 --> 00:08:16.000]  很少這樣做
[00:08:16.000 --> 00:08:18.600]  真的很值得我們去學習
[00:08:18.600 --> 00:08:23.800]  也是因為這份書殿婦人的殷勤熱心
[00:08:23.800 --> 00:08:27.000]  令到以利德沙很想感恩圖報
[00:08:27.000 --> 00:08:29.000]  而想為她做一些事
[00:08:29.000 --> 00:08:31.000]  究竟她做了什麼呢
[00:08:31.000 --> 00:08:32.800]  第十一節這樣說
[00:08:32.800 --> 00:08:38.600]  當以利德沙第一次進入小房間休息的時候
[00:08:38.600 --> 00:08:41.000]  他深受感動
[00:08:41.000 --> 00:08:43.600]  他覺得這個婦人真是很好
[00:08:43.600 --> 00:08:50.600]  為什麼可以如此顧及客女的需要呢
[00:08:50.600 --> 00:08:55.600]  於是以利德沙就吩咐他的僕人記下誓
[00:08:55.600 --> 00:09:02.400]  他邀請這個書殿婦人來到屋頂的小樓閣
[00:09:02.400 --> 00:09:07.200]  他們又開始展開了一連串的對話
[00:09:07.200 --> 00:09:08.800]  在對話中
[00:09:08.800 --> 00:09:12.400]  以利德沙無論如何都要為婦人做一些事
[00:09:12.400 --> 00:09:14.400]  他覺得她實在太好了
[00:09:14.400 --> 00:09:18.000]  無論如何都要為她做一些事
[00:09:18.000 --> 00:09:22.600]  但是婦人又好像不是很領情
[00:09:22.600 --> 00:09:24.200]  我們看看第十三節
[00:09:24.200 --> 00:09:25.400]  婦人怎麼說
[00:09:25.400 --> 00:09:29.400]  「我在我本鄉安居無事」
[00:09:29.400 --> 00:09:31.400]  意思是說什麼呢
[00:09:31.400 --> 00:09:36.400]  她說到她在官場中沒有任何的瓜葛
[00:09:36.400 --> 00:09:40.800]  也沒有什麼重大的困難或者屈辱
[00:09:40.800 --> 00:09:45.800]  所以不需要以利德沙為她跟宮廷
[00:09:45.800 --> 00:09:51.400]  或者是官長打什麼交道
[00:09:51.400 --> 00:09:55.400]  或者說一些好的說話
[00:09:55.400 --> 00:10:00.400]  這裡說完那裡就走了
[00:10:00.400 --> 00:10:05.400]  弟兄姊妹,如果有一個有勢力有能力的人問你
[00:10:05.400 --> 00:10:07.400]  可以為你做些什麼
[00:10:07.400 --> 00:10:13.000]  你會怎麼回答呢?
[00:10:13.000 --> 00:10:17.600]  如果說財源滾滾來好像不太好
[00:10:17.600 --> 00:10:20.400]  如果說身體健康行不行呢?
[00:10:20.400 --> 00:10:22.800]  都可以,是不是?
[00:10:22.800 --> 00:10:25.000]  我想最低限度
[00:10:25.000 --> 00:10:30.600]  你會要求或者叫神人祝福自己
[00:10:30.600 --> 00:10:33.800]  都很人之常情
[00:10:33.800 --> 00:10:35.200]  但是奇怪的是
[00:10:35.200 --> 00:10:40.200]  這個婦人什麼都沒有祈求
[00:10:40.200 --> 00:10:44.000]  她就走了
[00:10:44.000 --> 00:10:46.600]  如果故事來到這裡結束
[00:10:46.600 --> 00:10:49.200]  我們今天就不用講道了
[00:10:49.200 --> 00:10:52.400]  但是故事來到這裡沒有結束
[00:10:52.400 --> 00:10:55.400]  相反在第十四至十六節
[00:10:55.400 --> 00:10:58.600]  這一段主瀑的對話裡面
[00:10:58.600 --> 00:11:03.200]  基哈西指出這個婦人的需要
[00:11:03.200 --> 00:11:05.400]  他說這個婦人是母兒子
[00:11:05.400 --> 00:11:10.200]  丈夫又老了
[00:11:10.200 --> 00:11:13.200]  母兒子代表什麼?
[00:11:13.200 --> 00:11:16.600]  如果沒有被神祝福
[00:11:16.600 --> 00:11:18.400]  可能到丈夫死了的時候
[00:11:18.400 --> 00:11:20.800]  那些遺產又給誰呢?
[00:11:20.800 --> 00:11:23.800]  這個婦人還有沒有依靠呢?
[00:11:23.800 --> 00:11:28.000]  可能沒有
[00:11:28.000 --> 00:11:29.600]  接著
[00:11:29.600 --> 00:11:32.000]  更加奇怪的就是第十六節
[00:11:32.000 --> 00:11:34.400]  婦人怎麼回答他呢?
[00:11:34.400 --> 00:11:37.400]  婦人說我不會生孩子了
[00:11:37.400 --> 00:11:39.600]  你不要說這些東西來欺控我
[00:11:39.600 --> 00:11:44.200]  或者欺笑我
[00:11:44.200 --> 00:11:46.600]  從婦人這個回答裡面
[00:11:46.600 --> 00:11:48.200]  我們看得到
[00:11:48.200 --> 00:11:51.400]  這個婦人根本不是很相信
[00:11:51.400 --> 00:11:54.800]  伊麗莎所說的
[00:11:54.800 --> 00:11:57.000]  又或者
[00:11:57.000 --> 00:12:00.000]  她已經放棄了
[00:12:00.000 --> 00:12:03.800]  有兒子的這個希望
[00:12:03.800 --> 00:12:07.800]  甚至她連想都不敢想
[00:12:07.800 --> 00:12:11.200]  所以一聽到伊麗莎這樣說的時候
[00:12:11.200 --> 00:12:15.400]  她就覺得被人欺控
[00:12:15.400 --> 00:12:17.400]  挺慘的
[00:12:17.400 --> 00:12:21.400]  這個可能是她的痛位
[00:12:21.400 --> 00:12:23.200]  雖然我們看得到
[00:12:23.200 --> 00:12:28.000]  婦人是一個很淑齡敏銳的觸覺
[00:12:28.000 --> 00:12:31.200]  她可以看得出伊麗莎是神人
[00:12:31.200 --> 00:12:34.400]  但似乎她沒有經驗到
[00:12:34.400 --> 00:12:39.800]  伊麗莎所信的神
[00:12:39.800 --> 00:12:43.600]  現在就是一個信心的挑戰
[00:12:43.600 --> 00:12:45.600]  擺在眼前的裡面
[00:12:45.600 --> 00:12:48.800]  如果伊麗莎的預言是實現
[00:12:48.800 --> 00:12:52.000]  不單止證明伊麗莎是神人
[00:12:52.000 --> 00:12:58.600]  同時也讓婦人經歷耶和華
[00:12:58.600 --> 00:13:03.600]  也增加她對耶和華的信心
[00:13:03.600 --> 00:13:05.000]  弟兄姊妹
[00:13:05.000 --> 00:13:08.200]  你最近一次經歷神
[00:13:08.200 --> 00:13:14.400]  或者經歷對神的信心是什麼時候呢?
[00:13:14.400 --> 00:13:20.000]  你最近有沒有經歷神啊?
[00:13:20.000 --> 00:13:24.000]  我聽過不少信二代的年輕人說
[00:13:24.000 --> 00:13:27.200]  他說我從小就已經回教會了
[00:13:27.200 --> 00:13:30.400]  覺得上帝是一個真神
[00:13:30.400 --> 00:13:32.800]  但是他們認為信仰
[00:13:32.800 --> 00:13:36.600]  好像是父母的信仰
[00:13:36.600 --> 00:13:42.000]  跟自己一點關係都沒有
[00:13:42.000 --> 00:13:44.600]  有些未信主的丈夫
[00:13:44.600 --> 00:13:47.000]  建議太太回教會
[00:13:47.000 --> 00:13:49.800]  他們認為基督教是很好的
[00:13:49.800 --> 00:13:50.800]  會教好人的
[00:13:50.800 --> 00:13:53.600]  最好帶子女回教會
[00:13:53.600 --> 00:13:56.200]  但他自己經過教會
[00:13:56.200 --> 00:13:59.200]  過門而不入
[00:13:59.200 --> 00:14:01.200]  他甚至在門口
[00:14:01.200 --> 00:14:04.200]  丟下太太和子女
[00:14:04.200 --> 00:14:08.200]  自己寧願去茶餐廳吃早餐
[00:14:08.200 --> 00:14:11.200]  他們自己沒有親身經歷神
[00:14:11.200 --> 00:14:14.600]  其實真是很可惜
[00:14:14.600 --> 00:14:16.800]  我們看到神是好
[00:14:16.800 --> 00:14:19.600]  和你經歷到神是好
[00:14:19.600 --> 00:14:22.600]  是兩回事啊弟兄姊妹
[00:14:22.600 --> 00:14:27.600]  我想說信仰不是單單你看到祂好就足夠
[00:14:27.600 --> 00:14:31.000]  而是你要親身去經歷
[00:14:31.000 --> 00:14:34.600]  沒有人可以代替你和神的關係
[00:14:34.600 --> 00:14:41.600]  信心必須要由你自己去經歷
[00:14:41.600 --> 00:14:44.600]  弟兄姊妹,如果神和你說
[00:14:44.600 --> 00:14:47.600]  可以為你做些什麼
[00:14:47.600 --> 00:14:52.600]  會不會是一個埋藏在你心裡
[00:14:52.600 --> 00:14:56.600]  很久的心願呢?
[00:14:56.600 --> 00:15:03.600]  甚至是一個已經失去了很久的盼望呢?
[00:15:03.600 --> 00:15:08.600]  你為你的家人信主祈禱了多久了?
[00:15:08.600 --> 00:15:13.600]  他們仍然拒絕你
[00:15:13.600 --> 00:15:17.600]  這可能是一個信心的邀請
[00:15:17.600 --> 00:15:19.600]  你有沒有預備好
[00:15:19.600 --> 00:15:23.600]  迎接神給你的信心挑戰呢?
[00:15:23.600 --> 00:15:28.600]  信心是要經歷磨練才會成長
[00:15:28.600 --> 00:15:33.600]  同時是讓我們認識神更加多
[00:15:33.600 --> 00:15:38.600]  最重要的是讓我們認識自己的限制
[00:15:38.600 --> 00:15:42.600]  信仰不是空口說白話
[00:15:42.600 --> 00:15:46.600]  而是實實在在可以體驗得到
[00:15:46.600 --> 00:15:49.600]  活出來的
[00:15:49.600 --> 00:15:52.600]  我們再看經文第十七節
[00:15:52.600 --> 00:15:55.600]  知道婦人生了一個兒子
[00:15:55.600 --> 00:15:57.600]  正如以利沙所說
[00:15:57.600 --> 00:16:01.600]  婦人經歷了信心跳躍的第一步
[00:16:01.600 --> 00:16:06.600]  但她的信心成長沒有因為這樣而停止
[00:16:06.600 --> 00:16:12.600]  相反是要預備婦人迎接下一個信心的考驗
[00:16:12.600 --> 00:16:16.600]  甚至是一個危機
[00:16:16.600 --> 00:16:22.600]  這個危機會不會令她措手不及呢?
[00:16:22.600 --> 00:16:26.600]  第十八節說到這個孩子漸漸長大
[00:16:26.600 --> 00:16:29.600]  大約三歲左右
[00:16:29.600 --> 00:16:31.600]  同樣有一天
[00:16:31.600 --> 00:16:33.600]  正是收割的季節
[00:16:33.600 --> 00:16:36.600]  父親和工人在田裡
[00:16:36.600 --> 00:16:41.600]  這個跳蹦蹦的小孩子三歲就去到田裡找爸爸
[00:16:41.600 --> 00:16:45.600]  突然這個小孩子說「我頭痛啊,我頭痛啊」
[00:16:45.600 --> 00:16:49.600]  於是父親就立即命令僕人
[00:16:49.600 --> 00:16:53.600]  將這個孩子抱到他母親那裡
[00:16:53.600 --> 00:16:58.600]  這個婦人抱著孩子
[00:16:58.600 --> 00:17:02.600]  想著她休息一會兒就應該沒問題了
[00:17:02.600 --> 00:17:04.600]  但經文告訴我們
[00:17:04.600 --> 00:17:09.600]  似乎她看輕了孩子有事
[00:17:09.600 --> 00:17:12.600]  所以她一直將孩子放在哪裡呢?
[00:17:12.600 --> 00:17:16.600]  放在膝蓋上,任由她睡覺
[00:17:16.600 --> 00:17:19.600]  一直抱著她
[00:17:19.600 --> 00:17:28.600]  經文說到了中午就死了
[00:17:28.600 --> 00:17:30.600]  太過突然了
[00:17:30.600 --> 00:17:33.600]  為什麼會突然死了呢?
[00:17:33.600 --> 00:17:37.600]  而在第二十一至二十四節的段落
[00:17:37.600 --> 00:17:43.600]  我看完之後就有幾個不明的地方
[00:17:43.600 --> 00:17:46.600]  為什麼婦人抱著這個孩子
[00:17:46.600 --> 00:17:49.600]  放在神人的床上呢?
[00:17:49.600 --> 00:17:52.600]  她還關上門
[00:17:52.600 --> 00:17:55.600]  明明孩子已經死了
[00:17:55.600 --> 00:17:58.600]  為什麼她又不跟丈夫說呢?
[00:17:58.600 --> 00:18:02.600]  她只是命令那個僕人牽著路給她
[00:18:02.600 --> 00:18:05.600]  她要見神人
[00:18:05.600 --> 00:18:12.600]  難道她根本就接受不了孩子死的事實?
[00:18:12.600 --> 00:18:15.600]  大家可以想像一下
[00:18:15.600 --> 00:18:19.600]  這是炎熱羞葛的季節
[00:18:19.600 --> 00:18:22.600]  好像現在三十多度
[00:18:22.600 --> 00:18:25.600]  甚至更加熱,沒有冷氣的地方
[00:18:25.600 --> 00:18:29.600]  如果你將一具屍體放在房間裡
[00:18:29.600 --> 00:18:33.600]  你猜一下後果會是怎樣呢?
[00:18:33.600 --> 00:18:39.600]  很快就聞到臭味了
[00:18:39.600 --> 00:18:43.600]  又或者婦人擔心丈夫
[00:18:43.600 --> 00:18:46.600]  發現兒子死了之後
[00:18:46.600 --> 00:18:50.600]  她馬上就要將兒子埋葬
[00:18:50.600 --> 00:18:54.600]  因為不可以將屍體放在家裡
[00:18:54.600 --> 00:18:56.600]  是不潔的
[00:18:56.600 --> 00:18:58.600]  所以當丈夫問她
[00:18:58.600 --> 00:19:00.600]  為什麼要去見伊麗莎
[00:19:00.600 --> 00:19:02.600]  今天又不是月朔,又不是安息日
[00:19:02.600 --> 00:19:04.600]  又不是什麼特別的聖日
[00:19:04.600 --> 00:19:07.600]  為什麼你要去見她呢?
[00:19:07.600 --> 00:19:10.600]  她只說了一句,平安無事
[00:19:10.600 --> 00:19:13.600]  這句話大家要留意
[00:19:13.600 --> 00:19:17.600]  其實她在暗示孩子平安
[00:19:17.600 --> 00:19:20.600]  你不用那麼緊張追問我
[00:19:20.600 --> 00:19:23.600]  現在我不跟你說了
[00:19:23.600 --> 00:19:25.600]  她就立即命令僕人
[00:19:25.600 --> 00:19:27.600]  你盡快趕路
[00:19:27.600 --> 00:19:29.600]  趕快越快
[00:19:29.600 --> 00:19:34.600]  我沒有說的話,你就不要慢下來
[00:19:34.600 --> 00:19:37.600]  這一刻,婦人是帶著她的信心
[00:19:37.600 --> 00:19:42.600]  將一切的希望都放在神人身上
[00:19:42.600 --> 00:19:45.600]  因為她相信只有神人能夠幫助她
[00:19:45.600 --> 00:19:49.600]  所以她毫不拖延馬上就去找神人
[00:19:49.600 --> 00:19:54.600]  她不但將孩子的死訊保密
[00:19:54.600 --> 00:19:58.600]  她還將孩子放在哪裡呢?
[00:19:58.600 --> 00:20:01.600]  在神人的床上
[00:20:01.600 --> 00:20:05.600]  因為閣樓會不會引上她呢?
[00:20:05.600 --> 00:20:10.600]  不會,所以她可以將消息保密
[00:20:10.600 --> 00:20:12.600]  究竟我們又看看
[00:20:12.600 --> 00:20:16.600]  婦人去到加密山又發生了什麼事呢?
[00:20:16.600 --> 00:20:19.600]  第25節,請聽我讀出
[00:20:19.600 --> 00:20:21.600]  神人遠遠地看見她
[00:20:21.600 --> 00:20:23.600]  就對僕人記下細說
[00:20:23.600 --> 00:20:26.600]  看,書簾的婦人來了
[00:20:26.600 --> 00:20:28.600]  你跑去迎接她
[00:20:28.600 --> 00:20:31.600]  問她說,你平安嗎?
[00:20:31.600 --> 00:20:33.600]  你丈夫平安嗎?
[00:20:33.600 --> 00:20:35.600]  孩子平安嗎?
[00:20:35.600 --> 00:20:37.600]  她說,平安
[00:20:37.600 --> 00:20:40.600]  婦人上了山對神人那裡
[00:20:40.600 --> 00:20:43.600]  就抱著神人的腳
[00:20:43.600 --> 00:20:46.600]  記下細前來要推開她
[00:20:46.600 --> 00:20:48.600]  神人說,由她吧
[00:20:48.600 --> 00:20:51.600]  因為她心裡受苦
[00:20:51.600 --> 00:20:54.600]  耶和華向我隱瞞
[00:20:54.600 --> 00:20:58.600]  沒有指示我
[00:20:58.600 --> 00:21:00.600]  不知道大家有沒有留意到
[00:21:00.600 --> 00:21:04.600]  剛才我讀出的經文這個段落裏
[00:21:04.600 --> 00:21:09.600]  怎樣形容伊麗莎
[00:21:09.600 --> 00:21:13.600]  她用神人來形容伊麗莎
[00:21:13.600 --> 00:21:16.600]  我相信作者是刻意表達
[00:21:16.600 --> 00:21:19.600]  婦人將所有的希望
[00:21:19.600 --> 00:21:25.600]  都寄託在神的僕人伊麗莎身上
[00:21:25.600 --> 00:21:28.600]  因為伊麗莎曾經預言自己有孩子
[00:21:28.600 --> 00:21:30.600]  是實現了
[00:21:30.600 --> 00:21:33.600]  因此她拒絕向伊麗莎的僕人
[00:21:33.600 --> 00:21:35.600]  透露自己來的目的
[00:21:35.600 --> 00:21:37.600]  只是敷衍一下
[00:21:37.600 --> 00:21:42.600]  甚至她連基哈西試圖拉開她
[00:21:42.600 --> 00:21:49.600]  她仍然捉住伊麗莎誤放
[00:21:49.600 --> 00:21:56.600]  她這個行為在當時來說是很失禮的
[00:21:56.600 --> 00:21:59.600]  不會有人這樣做的
[00:21:59.600 --> 00:22:02.600]  但是我們要明白
[00:22:02.600 --> 00:22:05.600]  婦人抱住神人的腳
[00:22:05.600 --> 00:22:08.600]  除了表達自己謙卑之外
[00:22:08.600 --> 00:22:10.600]  更加重要的是
[00:22:10.600 --> 00:22:14.600]  她表達自己很無助
[00:22:14.600 --> 00:22:19.600]  她很需要神人的幫助
[00:22:19.600 --> 00:22:21.600]  所以第27節
[00:22:21.600 --> 00:22:24.600]  神人就說「由他吧」
[00:22:24.600 --> 00:22:27.600]  祂命令基哈西「由他吧」
[00:22:27.600 --> 00:22:29.600]  因為祂心裏受苦
[00:22:29.600 --> 00:22:32.600]  祂說「耶和華向我隱瞞
[00:22:32.600 --> 00:22:36.600]  沒有指示我」
[00:22:36.600 --> 00:22:38.600]  這句話說到
[00:22:38.600 --> 00:22:41.600]  雖然耶和華沒有告訴自己
[00:22:41.600 --> 00:22:44.600]  這個婦人究竟在發生甚麼事
[00:22:44.600 --> 00:22:48.600]  但是一定是不簡單的事
[00:22:48.600 --> 00:22:49.600]  祂才會這樣做
[00:22:49.600 --> 00:22:53.600]  所以伊麗莎沒有阻止婦人這樣做
[00:22:53.600 --> 00:22:56.600]  她任由婦人抱住她的腳
[00:22:56.600 --> 00:23:02.600]  讓婦人可以抒發她的情緒
[00:23:02.600 --> 00:23:05.600]  如果我們在場的時候
[00:23:05.600 --> 00:23:07.600]  我們都可以感受到
[00:23:07.600 --> 00:23:10.600]  婦人一直抑壓的情緒
[00:23:10.600 --> 00:23:13.600]  甚至強忍的淚水
[00:23:13.600 --> 00:23:16.600]  可能在這一刻都會爆發
[00:23:16.600 --> 00:23:18.600]  她就說
[00:23:18.600 --> 00:23:22.600]  「我何嘗向我主求個兒子呢
[00:23:22.600 --> 00:23:29.600]  我豈沒有說過不要棄控我嗎」
[00:23:29.600 --> 00:23:33.600]  我們聽到一個傷心欲絕的母親
[00:23:33.600 --> 00:23:36.600]  她說了自己失去兒子的悲痛
[00:23:36.600 --> 00:23:39.600]  由當初沒有主動的求兒子
[00:23:39.600 --> 00:23:42.600]  到現在年幼的孩子
[00:23:42.600 --> 00:23:45.600]  死了
[00:23:45.600 --> 00:23:49.600]  令自己空歡喜一場
[00:23:49.600 --> 00:23:53.600]  這樣是不是等於棄控我
[00:23:53.600 --> 00:23:57.600]  有甚麼分別呢
[00:23:57.600 --> 00:24:01.600]  婦人除了表達她的悲痛之外
[00:24:01.600 --> 00:24:03.600]  更加重要的是
[00:24:03.600 --> 00:24:10.600]  她希望伊麗莎能夠再為她做一些事
[00:24:10.600 --> 00:24:14.600]  做些甚麼呢?弟兄姊妹
[00:24:14.600 --> 00:24:19.600]  她希望伊麗莎能夠把她的兒子救活
[00:24:19.600 --> 00:24:22.600]  所以伊麗莎馬上就命令基夏西
[00:24:22.600 --> 00:24:25.600]  「你現在速上腰,手拿我的杖前去」
[00:24:25.600 --> 00:24:28.600]  「若遇見人,不要向他問安」
[00:24:28.600 --> 00:24:30.600]  「人若問你的安,你也不要回答」
[00:24:30.600 --> 00:24:37.600]  「要把我的杖放在孩子的臉上」
[00:24:37.600 --> 00:24:40.600]  當基夏西聽到這個命令就急速前行
[00:24:40.600 --> 00:24:44.600]  她不讓任何事情或人物耽誤了時間
[00:24:44.600 --> 00:24:49.600]  並且按照吩咐把杖放在孩子的臉上
[00:24:49.600 --> 00:24:56.600]  大概這樣就可以救了孩子
[00:24:56.600 --> 00:25:00.600]  表面上看起來這個安排也不錯
[00:25:00.600 --> 00:25:03.600]  認為基夏西應該年輕一點
[00:25:03.600 --> 00:25:10.600]  就馬上快馬加鞭去到孩子的面前
[00:25:10.600 --> 00:25:13.600]  但是婦人怎麼說呢?
[00:25:13.600 --> 00:25:17.600]  婦人說「我只著永生的夜和華」
[00:25:17.600 --> 00:25:19.600]  「有感在你面前起誓」
[00:25:19.600 --> 00:25:23.600]  「我必不離開你」
[00:25:23.600 --> 00:25:26.600]  婦人堅決地表示
[00:25:26.600 --> 00:25:28.600]  除非伊麗莎肯和她去
[00:25:28.600 --> 00:25:34.600]  否則她不會離開伊麗莎
[00:25:34.600 --> 00:25:37.600]  婦人對夜和華的信心
[00:25:37.600 --> 00:25:40.600]  表現在夜和華的僕人身上
[00:25:40.600 --> 00:25:48.600]  正如當日伊麗莎不肯離開伊麗亞的決心一樣
[00:25:48.600 --> 00:25:50.600]  因為婦人相信
[00:25:50.600 --> 00:25:56.600]  只有夜和華才能夠令她的兒子復活
[00:25:56.600 --> 00:25:58.600]  既然如此
[00:25:58.600 --> 00:26:01.600]  伊麗莎看見這個婦人如此堅決
[00:26:01.600 --> 00:26:09.600]  她也只能夠脫離這個婦人
[00:26:09.600 --> 00:26:12.600]  在阿聯猶有一名婦人
[00:26:12.600 --> 00:26:16.600]  在1991年遇上交通意外
[00:26:16.600 --> 00:26:20.600]  她以自己的身體保護了四歲的孩子
[00:26:20.600 --> 00:26:24.600]  結果她的腦部受到嚴重的重創
[00:26:24.600 --> 00:26:26.600]  變成了植物人
[00:26:26.600 --> 00:26:30.600]  兒子安然無事
[00:26:30.600 --> 00:26:33.600]  她昏迷了27年
[00:26:33.600 --> 00:26:35.600]  又是又一天
[00:26:35.600 --> 00:26:39.600]  兒子在房間與人爭吵
[00:26:39.600 --> 00:26:43.600]  婦人奇蹟地醒了
[00:26:43.600 --> 00:26:46.600]  並且她能夠叫出兒子的名字
[00:26:46.600 --> 00:26:49.600]  現在她可以開聲的祈禱
[00:26:49.600 --> 00:26:52.600]  可以與親人交談
[00:26:52.600 --> 00:26:55.600]  並且感覺到痛楚
[00:26:55.600 --> 00:26:58.600]  兒子說:我從來都沒有放棄
[00:26:58.600 --> 00:27:00.600]  因為我相信有一天
[00:27:00.600 --> 00:27:04.600]  他會醒過來
[00:27:04.600 --> 00:27:06.600]  親愛的弟兄姊妹
[00:27:06.600 --> 00:27:11.600]  這個兒子從來都沒有失去信心
[00:27:11.600 --> 00:27:16.600]  他將所有的信心都投放在神的身上
[00:27:16.600 --> 00:27:21.600]  我們有沒有被他激勵到呢?
[00:27:21.600 --> 00:27:23.600]  當然我們都知道
[00:27:23.600 --> 00:27:27.600]  不是每一個植物人都能夠甦醒
[00:27:27.600 --> 00:27:29.600]  因為能不能夠甦醒
[00:27:29.600 --> 00:27:31.600]  不是我和你說的
[00:27:31.600 --> 00:27:34.600]  一切都在神的手裡
[00:27:34.600 --> 00:27:39.600]  因為祂才是賜予我們生命的主
[00:27:39.600 --> 00:27:41.600]  但我想大家留意的是
[00:27:41.600 --> 00:27:43.600]  兒子的信心
[00:27:43.600 --> 00:27:48.600]  卻令他每一天可以過著一個盼望的生活
[00:27:48.600 --> 00:27:55.600]  他不至於陷在苦獨、憤怒、埋怨的當中
[00:27:55.600 --> 00:27:57.600]  我們都知道
[00:27:57.600 --> 00:27:59.600]  我們不能夠預知
[00:27:59.600 --> 00:28:01.600]  信心的考驗是什麼
[00:28:01.600 --> 00:28:04.600]  可能是我們會失去所愛
[00:28:04.600 --> 00:28:06.600]  失去健康
[00:28:06.600 --> 00:28:08.600]  失去財富
[00:28:08.600 --> 00:28:11.600]  甚至我們會失去職業
[00:28:11.600 --> 00:28:14.600]  但我們要對神有信心
[00:28:14.600 --> 00:28:17.600]  因為只有神才能夠安慰我們
[00:28:17.600 --> 00:28:20.600]  幫助我們渡過這些難關
[00:28:20.600 --> 00:28:23.600]  並且帶來盼望
[00:28:23.600 --> 00:28:25.600]  當我們越依靠神
[00:28:25.600 --> 00:28:28.600]  我們的信心就會越來越大
[00:28:28.600 --> 00:28:33.600]  信心不是建立在神應允你的事上
[00:28:33.600 --> 00:28:38.600]  信心不是建立在神應允你的事上
[00:28:38.600 --> 00:28:45.600]  信心是相信神會為我們預備最美善的安排
[00:28:45.600 --> 00:28:52.600]  我們相信神會為我們預備最美善的安排和預備
[00:28:52.600 --> 00:28:55.600]  正如婦人將一切的信心都交託在
[00:28:55.600 --> 00:28:58.600]  以利沙所服侍的神身上
[00:28:58.600 --> 00:29:00.600]  結果是怎樣呢?
[00:29:00.600 --> 00:29:05.600]  我們一起再看第31至37節的段落
[00:29:05.600 --> 00:29:08.600]  基哈西就按照以利沙的吩咐
[00:29:08.600 --> 00:29:11.600]  把像放在孩子的臉上
[00:29:11.600 --> 00:29:13.600]  他沒有聲音
[00:29:13.600 --> 00:29:14.600]  也沒有動靜
[00:29:14.600 --> 00:29:17.600]  起世界就迎著以利沙回來
[00:29:17.600 --> 00:29:21.600]  告訴他孩子沒有醒過來
[00:29:21.600 --> 00:29:25.600]  以利沙就來到進到屋子
[00:29:25.600 --> 00:29:27.600]  看到孩子死了
[00:29:27.600 --> 00:29:29.600]  放在自己的床上
[00:29:29.600 --> 00:29:34.600]  事情發生不似預期
[00:29:34.600 --> 00:29:36.600]  孩子沒有醒過來
[00:29:36.600 --> 00:29:40.600]  於是以利沙就將對門關上
[00:29:40.600 --> 00:29:46.600]  他讓自己可以專心一致地為孩子祈禱
[00:29:46.600 --> 00:29:50.600]  然後他就效法以利亞的方法
[00:29:50.600 --> 00:29:54.600]  在皇上十七章記載
[00:29:54.600 --> 00:29:56.600]  但這次有點不同
[00:29:56.600 --> 00:29:59.600]  在經文第34節提到
[00:29:59.600 --> 00:30:01.600]  以利沙是口對口
[00:30:01.600 --> 00:30:02.600]  眼對眼
[00:30:02.600 --> 00:30:03.600]  手對手
[00:30:03.600 --> 00:30:05.600]  服在孩子的身上
[00:30:05.600 --> 00:30:08.600]  但奇蹟發生
[00:30:08.600 --> 00:30:11.600]  孩子的身體漸漸和暖
[00:30:11.600 --> 00:30:13.600]  但以利沙沒有停下來
[00:30:13.600 --> 00:30:14.600]  相反
[00:30:14.600 --> 00:30:17.600]  他在屋子裏面繼續行走
[00:30:17.600 --> 00:30:21.600]  繼續尋求從神而來的能力
[00:30:21.600 --> 00:30:22.600]  接著
[00:30:22.600 --> 00:30:26.600]  以利沙再一次服在孩子的身上
[00:30:26.600 --> 00:30:29.600]  孩子就打了七個黑痴
[00:30:29.600 --> 00:30:32.600]  睜開的眼睛活過來了
[00:30:32.600 --> 00:30:36.600]  雖然經文沒有詳細解釋
[00:30:36.600 --> 00:30:39.600]  這個動作背後的含義是甚麼
[00:30:39.600 --> 00:30:41.600]  但我相信
[00:30:41.600 --> 00:30:46.600]  這個神蹟不是因為以利沙的技巧有多厲害
[00:30:46.600 --> 00:30:48.600]  而去成就
[00:30:48.600 --> 00:30:56.600]  而是因為神的嫁入而發生
[00:30:56.600 --> 00:30:59.600]  耶和華藉著以利沙的手
[00:30:59.600 --> 00:31:02.600]  正如他藉著以利亞的手
[00:31:02.600 --> 00:31:07.600]  使撒勒發婦人死去的孩子復活一樣
[00:31:07.600 --> 00:31:10.600]  我想問
[00:31:10.600 --> 00:31:12.600]  如果你是基哈西
[00:31:12.600 --> 00:31:15.600]  你會有甚麼感覺呢
[00:31:15.600 --> 00:31:17.600]  如果我是
[00:31:17.600 --> 00:31:20.600]  我覺得簡直是不可思議
[00:31:20.600 --> 00:31:23.600]  明明孩子沒有氣息
[00:31:23.600 --> 00:31:26.600]  現在竟然醒了
[00:31:28.600 --> 00:31:34.600]  他就見證到神是那一位掌管生命的主宰
[00:31:34.600 --> 00:31:38.600]  所以當下以利沙就命令基哈西
[00:31:38.600 --> 00:31:41.600]  你叫那個書念婦人來
[00:31:41.600 --> 00:31:43.600]  於是他就叫了她來
[00:31:43.600 --> 00:31:47.600]  以利沙說將你的孩子抱起
[00:31:47.600 --> 00:31:49.600]  婦人就進來
[00:31:49.600 --> 00:31:51.600]  在以利沙的腳前
[00:31:51.600 --> 00:31:52.600]  俯伏於地
[00:31:52.600 --> 00:31:55.600]  抱起她的孩子就出去了
[00:31:57.600 --> 00:31:59.600]  你可以想像得到
[00:31:59.600 --> 00:32:04.600]  之前婦人抱在懷裏面的孩子是怎樣
[00:32:04.600 --> 00:32:06.600]  沒有生命氣息
[00:32:06.600 --> 00:32:08.600]  是死了的
[00:32:08.600 --> 00:32:12.600]  現在一個活生生的孩子在你面前
[00:32:12.600 --> 00:32:16.600]  畫面真的很震撼
[00:32:16.600 --> 00:32:18.600]  那種失而復得
[00:32:18.600 --> 00:32:21.600]  不能夠用言語去感謝
[00:32:21.600 --> 00:32:25.600]  所以婦人馬上就跪在以利沙的腳前
[00:32:25.600 --> 00:32:29.600]  俯伏於地滿懷歡喜地去感謝她
[00:32:29.600 --> 00:32:32.600]  感謝哪一位?
[00:32:32.600 --> 00:32:35.600]  賜予生命的主
[00:32:35.600 --> 00:32:40.600]  因為耶和華藉著她的僕人以利沙所行的騎士
[00:32:40.600 --> 00:32:42.600]  令她可以得回孩子
[00:32:42.600 --> 00:32:45.600]  婦人在接過孩子之後
[00:32:45.600 --> 00:32:47.600]  她就出去了
[00:32:47.600 --> 00:32:51.600]  弟兄姊妹
[00:32:51.600 --> 00:32:54.600]  今天你遭遇著甚麼呢?
[00:32:55.600 --> 00:32:57.600]  你遭遇著的事情
[00:32:57.600 --> 00:33:01.600]  會不會令你失去所有的信心
[00:33:01.600 --> 00:33:03.600]  痛失所愛
[00:33:03.600 --> 00:33:05.600]  令你埋怨神
[00:33:05.600 --> 00:33:09.600]  甚至你不想再回教會
[00:33:09.600 --> 00:33:11.600]  你想離開神
[00:33:11.600 --> 00:33:14.600]  你覺得神不愛你了
[00:33:14.600 --> 00:33:19.600]  你有沒有將信心
[00:33:19.600 --> 00:33:23.600]  仰望在我們生命的主上面呢?
[00:33:24.600 --> 00:33:27.600]  前藝人陳韻怡離世
[00:33:27.600 --> 00:33:29.600]  報導指出她婚後
[00:33:29.600 --> 00:33:31.600]  生了三個兒子
[00:33:31.600 --> 00:33:33.600]  可惜她最小的兒子
[00:33:33.600 --> 00:33:37.600]  在2003年兩歲的時候患了血癌
[00:33:37.600 --> 00:33:40.600]  在2006年就死了
[00:33:40.600 --> 00:33:44.600]  而自己因此患上嚴重的抑鬱症
[00:33:44.600 --> 00:33:46.600]  2020年12月
[00:33:46.600 --> 00:33:51.600]  她的丈夫廖啟智也突然患了胃癌
[00:33:51.600 --> 00:33:54.600]  幾個月之後也病逝
[00:33:54.600 --> 00:33:56.600]  雖然痛失所愛
[00:33:56.600 --> 00:33:59.600]  但陳韻怡卻選擇帶著使命
[00:33:59.600 --> 00:34:02.600]  活出信靠的生命
[00:34:02.600 --> 00:34:04.600]  她藉著自己自身的經歷
[00:34:04.600 --> 00:34:07.600]  成立了非牟利的機構
[00:34:07.600 --> 00:34:08.600]  家長會集
[00:34:08.600 --> 00:34:10.600]  幸福生活協會
[00:34:10.600 --> 00:34:13.600]  推行家庭生死教育
[00:34:13.600 --> 00:34:16.600]  雖然今天她離開世界
[00:34:16.600 --> 00:34:22.600]  但她仍然帶著這份信心和盼望離開
[00:34:22.600 --> 00:34:23.600]  因為她知道
[00:34:23.600 --> 00:34:27.600]  她和家人永遠不會真正離開
[00:34:27.600 --> 00:34:32.600]  她依然活在孩子的生命裏
[00:34:32.600 --> 00:34:39.600]  陳韻怡就將信心建立在永恆的天家上
[00:34:39.600 --> 00:34:40.600]  弟兄姊妹
[00:34:40.600 --> 00:34:45.600]  你的信心又建立在甚麼上呢?
[00:34:45.600 --> 00:34:48.600]  在一些豐足安穩的生活
[00:34:48.600 --> 00:34:52.600]  一個的名分地位
[00:34:52.600 --> 00:34:54.600]  這些東西都會扭壞
[00:34:54.600 --> 00:34:56.600]  不會長存
[00:34:56.600 --> 00:35:01.600]  所以信心不是建立在一些人物或者物質上
[00:35:01.600 --> 00:35:06.600]  而是建立在一個永恆不變的身上
[00:35:06.600 --> 00:35:09.600]  當我們生命遇上考驗
[00:35:09.600 --> 00:35:10.600]  危難
[00:35:10.600 --> 00:35:11.600]  痛楚
[00:35:11.600 --> 00:35:13.600]  和無助的時候
[00:35:13.600 --> 00:35:19.600]  我們會不會被環境嚇怕了呢?
[00:35:19.600 --> 00:35:23.600]  我們不要專注在當前發生的事情上
[00:35:23.600 --> 00:35:24.600]  相反
[00:35:24.600 --> 00:35:30.600]  我們要將目光轉向我們的天父上帝
[00:35:30.600 --> 00:35:34.600]  將信心放在賜予人生命的神上
[00:35:34.600 --> 00:35:37.600]  神一定為我們開出路
[00:35:37.600 --> 00:35:44.600]  只是我們願不願意將生命的主權交給我們生命的主
[00:35:44.600 --> 00:35:46.600]  甚至無論結果是怎樣
[00:35:46.600 --> 00:35:49.600]  我們都願意接受神的安排
[00:35:49.600 --> 00:35:54.600]  以信心仰望神為我們預備的一切
[00:35:54.600 --> 00:35:59.600]  我們同心低頭禱告
[00:35:59.600 --> 00:36:01.600]  賜給人愛的天父上帝
[00:36:01.600 --> 00:36:05.600]  我們都是一群信心軟弱的人
[00:36:05.600 --> 00:36:09.600]  但我們願意將信心由起初的初信
[00:36:09.600 --> 00:36:11.600]  經歷信心的考驗後
[00:36:11.600 --> 00:36:14.600]  我們能夠達至信心的盼望
[00:36:14.600 --> 00:36:19.600]  都是單單仰望賜予我們生命的主
[00:36:19.600 --> 00:36:21.600]  即是說有信心不足的時候
[00:36:21.600 --> 00:36:23.600]  求主幫助我們
[00:36:23.600 --> 00:36:26.600]  在我們信心成長的過程當中
[00:36:26.600 --> 00:36:28.600]  多一份的信靠
[00:36:28.600 --> 00:36:32.600]  並且甘願謙卑信服主的大靈
[00:36:32.600 --> 00:36:35.600]  向祢得著眾人的讚美和尊崇
[00:36:35.600 --> 00:36:37.600]  我們禱告感恩交託
[00:36:37.600 --> 00:36:40.600]  是奉主耶穌基督成名祈求
[00:36:40.600 --> 00:36:41.600]  阿門
