
[00:00:00.000 --> 00:00:09.000]  今天想和大家分享的訊息也是一個屬靈、生命的旅程,也是一個屬靈、生命的歷程。
[00:00:09.000 --> 00:00:11.000]  我們會看一段熟悉的經文。
[00:00:11.000 --> 00:00:17.000]  不過在看經文之前,想和大家講一點。
[00:00:17.000 --> 00:00:24.000]  如果說人生裡面會有兩種令人進入很深的恐懼,
[00:00:24.000 --> 00:00:32.000]  一種可以是孤單,另一種可能是面對風浪的時候所出現的恐懼。
[00:00:32.000 --> 00:00:38.000]  有時候我們所害怕的,未必是那件事本身有多困難,
[00:00:38.000 --> 00:00:43.000]  而是反而在困難裡面,心裡面有一種感覺,
[00:00:43.000 --> 00:00:48.000]  我是否只有我自己一個人去面對現在的困難呢?
[00:00:48.000 --> 00:00:54.000]  所以如果大家記得我在六月的時候分享過一篇訊息,
[00:00:54.000 --> 00:00:57.000]  是關於列王紀上十九章,
[00:00:57.000 --> 00:01:02.000]  當以利亞去到一個人生低谷的時候,
[00:01:02.000 --> 00:01:06.000]  她甚至覺得只剩下我一個人,
[00:01:06.000 --> 00:01:11.000]  但是在那個經歷裡面,神就是一步一步讓以利亞知道,
[00:01:11.000 --> 00:01:16.000]  你不是一個人的,我一直都在這裡,神一直都在這裡。
[00:01:16.000 --> 00:01:23.000]  不過弟兄姊妹,人生有時候也會處在另外一種處境裡面,
[00:01:23.000 --> 00:01:29.000]  就是我們知道神沒有離開,我們也相信神仍然愛我們,
[00:01:29.000 --> 00:01:34.000]  但是眼前的風浪實際上還沒有停下來,
[00:01:34.000 --> 00:01:38.000]  在那個時候,人又會是怎樣呢?
[00:01:38.000 --> 00:01:42.000]  你又會是怎樣呢?
[00:01:42.000 --> 00:01:46.000]  或者可能家裡的關係仍然有張力,
[00:01:46.000 --> 00:01:51.000]  可能病仍然在這裡,工作還有很多未知之數,
[00:01:51.000 --> 00:01:53.000]  前面的路都看不清楚,
[00:01:53.000 --> 00:01:56.000]  在那個時候,我們心裡面可能會想,
[00:01:56.000 --> 00:01:59.000]  我們相信神沒有離開,
[00:01:59.000 --> 00:02:03.000]  我們也相信神是愛我們,
[00:02:03.000 --> 00:02:08.000]  但是當風浪一直沒有停的時候,
[00:02:08.000 --> 00:02:12.000]  心裡面仍然會問,主啊,我相信祢在這裡,
[00:02:12.000 --> 00:02:14.000]  我實在相信祢在這裡,
[00:02:14.000 --> 00:02:19.000]  但是為什麼我好像感受不到祢呢?
[00:02:19.000 --> 00:02:22.000]  如果獵王記上十九章提醒我們,
[00:02:22.000 --> 00:02:25.000]  當你以為只剩下自己的時候,
[00:02:25.000 --> 00:02:28.000]  神其實沒有離開過。
[00:02:28.000 --> 00:02:32.000]  今天,我想和大家一起去看《馬太福音》第十四章,
[00:02:32.000 --> 00:02:35.000]  就是帶給我們再走前一步,
[00:02:35.000 --> 00:02:38.000]  看另外一個光景。
[00:02:38.000 --> 00:02:41.000]  因為聖經不單止告訴我們神沒有離開,
[00:02:41.000 --> 00:02:43.000]  更加讓我們看得見,
[00:02:43.000 --> 00:02:45.000]  當人在風浪裡面的時候,
[00:02:45.000 --> 00:02:49.000]  主耶穌是怎樣親自走近我們每一個人。
[00:02:49.000 --> 00:02:52.000]  所以今天,我很想和大家一起去思想,
[00:02:52.000 --> 00:02:55.000]  當耶穌走近我們生命的風浪的時候,
[00:02:55.000 --> 00:03:00.000]  究竟我們能夠看見的是一位怎樣的主?
[00:03:00.000 --> 00:03:01.000]  好不好?
[00:03:01.000 --> 00:03:08.000]  我們一起低頭禱告吧!
[00:03:08.000 --> 00:03:11.000]  七天主的人生真是有平靜的日子,
[00:03:11.000 --> 00:03:13.000]  我們亦都知道,
[00:03:13.000 --> 00:03:17.000]  在真實的生命裡面,同樣都會有風浪。
[00:03:17.000 --> 00:03:20.000]  但是主耶穌我們很清楚知道,
[00:03:20.000 --> 00:03:22.000]  作為你的兒女,
[00:03:22.000 --> 00:03:25.000]  我們無論在平靜,在風浪裡面,
[00:03:25.000 --> 00:03:29.000]  我們不用恐慌,不用恐懼,
[00:03:29.000 --> 00:03:31.000]  因為我們很清楚知道,
[00:03:31.000 --> 00:03:34.000]  你就是在裡面,仍然在這裡。
[00:03:34.000 --> 00:03:39.000]  你在裡面,仍然是一步一步走近我們。
[00:03:39.000 --> 00:03:41.000]  主啊,在今天裡面,
[00:03:41.000 --> 00:03:43.000]  藉著經文的分享,
[00:03:43.000 --> 00:03:45.000]  就讓我們再一次經歷,
[00:03:45.000 --> 00:03:47.000]  深刻的經歷,
[00:03:47.000 --> 00:03:50.000]  上帝,你的恩典,你的愛,
[00:03:50.000 --> 00:03:53.000]  一直怎樣和我們同在。
[00:03:53.000 --> 00:03:56.000]  求你的靈去感動我們,
[00:03:56.000 --> 00:03:59.000]  去聽我們願意去回應。
[00:03:59.000 --> 00:04:00.000]  感謝撒米尼,
[00:04:00.000 --> 00:04:01.000]  祈禱交託,
[00:04:01.000 --> 00:04:03.000]  感恩奉主的獨特性的名字。
[00:04:03.000 --> 00:04:05.000]  阿門。
[00:04:05.000 --> 00:04:09.000]  好,首先想和大家讀一讀,
[00:04:09.000 --> 00:04:11.000]  今天《馬太福音》十四章,
[00:04:11.000 --> 00:04:16.000]  二十二至二十七節的經文。
[00:04:16.000 --> 00:04:17.000]  準備好,開始了。
[00:04:17.000 --> 00:04:19.000]  一二三,起!
[00:04:27.000 --> 00:04:29.000]  一二三,起!
[00:04:29.000 --> 00:04:51.000]  耶穌在海面上走,往門徒那裡去。
[00:04:51.000 --> 00:04:55.000]  但門徒看見他在海面上走,
[00:04:55.000 --> 00:04:59.000]  他驚慌了說,是個鬼怪。
[00:04:59.000 --> 00:05:02.000]  他們害怕得喊叫起來,
[00:05:02.000 --> 00:05:05.000]  耶穌賢王對他們說,
[00:05:05.000 --> 00:05:07.000]  放心,是我,不要怕。
[00:05:07.000 --> 00:05:12.000]  好,我們先讀到這裡。
[00:05:12.000 --> 00:05:14.000]  當我們讀這段經文的時候,
[00:05:14.000 --> 00:05:19.000]  很容易將注意力放在海面上的風浪,
[00:05:19.000 --> 00:05:21.000]  或者我們待會再讀下去的時候,
[00:05:21.000 --> 00:05:25.000]  會記得怎樣在水面上行走。
[00:05:25.000 --> 00:05:27.000]  但是,在這一刻,
[00:05:27.000 --> 00:05:32.000]  我想首先邀請大家再仔細看一看,
[00:05:32.000 --> 00:05:35.000]  經文一開始的敘述是怎樣的。
[00:05:35.000 --> 00:05:37.000]  第二十二字是這樣說的,
[00:05:37.000 --> 00:05:43.000]  耶穌隨即催門徒上船,先到過對岸。
[00:05:43.000 --> 00:05:48.000]  催這個字,不是普通說叫或者請的意思,
[00:05:48.000 --> 00:05:51.000]  而是帶有一個命令,甚至催促,
[00:05:51.000 --> 00:05:55.000]  有一種很強烈的要求的意義。
[00:05:55.000 --> 00:05:56.000]  換句話來說,
[00:05:56.000 --> 00:06:00.000]  門徒不是自己決定開船去到對岸,
[00:06:00.000 --> 00:06:03.000]  而是按著主耶穌的吩咐來出發。
[00:06:03.000 --> 00:06:06.000]  這個經文是一個很重要的開始,
[00:06:06.000 --> 00:06:10.000]  因為很多時候,我們心裡面可能都會有一個想法,
[00:06:10.000 --> 00:06:14.000]  如果我真的跟隨神的話,信服神的話,
[00:06:14.000 --> 00:06:20.000]  人生可能應該都會比較順利,比較平安。
[00:06:20.000 --> 00:06:23.000]  但是,在這一段門徒的經歷,
[00:06:23.000 --> 00:06:28.000]  卻是正正告訴我們,原來未必是這樣的。
[00:06:28.000 --> 00:06:31.000]  他們不是因為走錯路,或者做錯什麼,
[00:06:31.000 --> 00:06:33.000]  才會遇上風浪。
[00:06:33.000 --> 00:06:39.000]  反而正正是因為願意信服耶穌的吩咐出發,
[00:06:39.000 --> 00:06:44.000]  而是在途中遇上大風浪。
[00:06:44.000 --> 00:06:48.000]  所以,這裡提醒我們一件很重要的事情,
[00:06:48.000 --> 00:06:52.000]  信服神不等於在人生裡面不會經歷風波,
[00:06:52.000 --> 00:06:54.000]  不會經歷風浪。
[00:06:54.000 --> 00:06:58.000]  遇到風浪也不等於沒有神的帶領。
[00:06:58.000 --> 00:07:00.000]  今天我們可能會問,
[00:07:00.000 --> 00:07:02.000]  其實我一直都很忠心的,
[00:07:02.000 --> 00:07:07.000]  為什麼我仍然會有一種病呢?
[00:07:07.000 --> 00:07:10.000]  我已經很努力經歷婚姻了,
[00:07:10.000 --> 00:07:15.000]  為什麼我仍然在關係裡面要有很多的衝突呢?
[00:07:15.000 --> 00:07:18.000]  我已經很用心的去教養我們子女了,
[00:07:18.000 --> 00:07:23.000]  為什麼他們還是這麼頑皮,這麼反叛呢?
[00:07:23.000 --> 00:07:25.000]  我已經祈禱了很久了,
[00:07:25.000 --> 00:07:30.000]  為什麼事情好像一點都沒有轉變呢?
[00:07:30.000 --> 00:07:34.000]  這段經文沒有解釋為什麼會有風浪,
[00:07:34.000 --> 00:07:37.000]  但是它很清楚地告訴我們,
[00:07:37.000 --> 00:07:42.000]  滿圖走在主耶穌基督的旨意裡面的時候,
[00:07:42.000 --> 00:07:46.000]  仍然會遇上風浪。
[00:07:46.000 --> 00:07:50.000]  「避浪顛簸」這個詞,
[00:07:50.000 --> 00:07:55.000]  在裡面就有一種受折磨、受痛苦的意思。
[00:07:55.000 --> 00:08:00.000]  所以不只是駕船被風吹、被浪打這麼簡單,
[00:08:00.000 --> 00:08:08.000]  而是形容滿圖一直在經歷一段不小的時間,
[00:08:08.000 --> 00:08:13.000]  甚至令他們都感覺到身心疲乏的折騰。
[00:08:13.000 --> 00:08:15.000]  在第25節,它說到,
[00:08:15.000 --> 00:08:18.000]  「去到太天快亮的時間」,
[00:08:18.000 --> 00:08:20.000]  即是四更天。
[00:08:20.000 --> 00:08:26.000]  如果按當時羅馬人的時間計算的話,
[00:08:26.000 --> 00:08:31.000]  四更天大約去到幾點?
[00:08:31.000 --> 00:08:36.000]  就是去到凌晨三至六點這段時間左右。
[00:08:36.000 --> 00:08:39.000]  滿圖不是剛剛才遇上風浪,
[00:08:39.000 --> 00:08:47.000]  而是其實已經跟風浪折騰了一整晚這麼長。
[00:08:47.000 --> 00:08:50.000]  其實我們的人生都會是這樣的,
[00:08:50.000 --> 00:08:54.000]  很多時候真正令人累的,
[00:08:54.000 --> 00:08:58.000]  未必是突然間出來的一個大風暴,
[00:08:58.000 --> 00:09:01.000]  而是風暴來了,
[00:09:01.000 --> 00:09:05.000]  但是亦不斷不斷持續了很久,
[00:09:05.000 --> 00:09:11.000]  好像一直都不停在裡面要掙扎、掙扎、再掙扎。
[00:09:11.000 --> 00:09:15.000]  可能就是一場剛才所說的一場很久的病,
[00:09:15.000 --> 00:09:18.000]  一段很緊張的家庭關係,
[00:09:18.000 --> 00:09:21.000]  一直找不到工作,
[00:09:21.000 --> 00:09:28.000]  又或者已經很久很久在屬靈當中的低潮。
[00:09:28.000 --> 00:09:31.000]  我們就好像這班滿圖那樣,
[00:09:31.000 --> 00:09:34.000]  好像很努力地在蛙旋、蛙旋、蛙旋,
[00:09:34.000 --> 00:09:36.000]  要撐住、撐住,
[00:09:36.000 --> 00:09:40.000]  但是心裡面可能已經忍不住問,
[00:09:40.000 --> 00:09:47.000]  主啊,祢究竟是不是在這裡?
[00:09:47.000 --> 00:09:50.000]  但是就在滿圖最無力的時候,
[00:09:50.000 --> 00:09:52.000]  經文告訴我們,
[00:09:52.000 --> 00:09:58.000]  耶穌在海面上走,往滿圖那裡去?
[00:09:58.000 --> 00:10:04.000]  大家留意,馬太不是說一班滿圖終於找到耶穌了,
[00:10:04.000 --> 00:10:09.000]  而是說耶穌向滿圖走過去。
[00:10:09.000 --> 00:10:15.000]  我覺得這一段也是整段經文其中一個很寶貴的地方,
[00:10:15.000 --> 00:10:21.000]  要知道福音不是在我們多辛苦的時候才找到神,
[00:10:21.000 --> 00:10:25.000]  福音就在我們平靜的日子,
[00:10:25.000 --> 00:10:28.000]  或者在風浪裡面,
[00:10:28.000 --> 00:10:32.000]  甚至去到一些很累、很無力的時候,
[00:10:32.000 --> 00:10:40.000]  神就這樣走近我們。
[00:10:40.000 --> 00:10:50.000]  不過在這個時候,突然間經文形容了一個令我們很意想不出的情況,
[00:10:50.000 --> 00:10:57.000]  第26節這樣說,滿圖看見耶穌在海面上行,
[00:10:57.000 --> 00:11:00.000]  就驚慌起來,說什麼呢?
[00:11:00.000 --> 00:11:03.000]  哇,鬼怪啊!
[00:11:03.000 --> 00:11:09.000]  為什麼他們會有這樣的反應呢?
[00:11:09.000 --> 00:11:13.000]  滿圖的問題是什麼呢?
[00:11:13.000 --> 00:11:17.000]  在這個處境裡面,他們不認出耶穌,
[00:11:17.000 --> 00:11:20.000]  耶穌明明已經在走近他們了,
[00:11:20.000 --> 00:11:25.000]  但是他們竟然當耶穌是一個鬼怪,
[00:11:25.000 --> 00:11:30.000]  其實會不會有些時候我們也會這樣呢?
[00:11:30.000 --> 00:11:34.000]  我們很希望神按照我們一些熟悉,
[00:11:34.000 --> 00:11:38.000]  甚至乎預期的方式在我們生命裡面出現,
[00:11:38.000 --> 00:11:40.000]  在我們生命裡面有作為,
[00:11:40.000 --> 00:11:43.000]  但是如果當神用一些我們猜不到,
[00:11:43.000 --> 00:11:48.000]  看不明白的方式介入在我們風浪的時候,
[00:11:48.000 --> 00:11:53.000]  在那一刻,我們也可能會認不出祂。
[00:11:53.000 --> 00:11:59.000]  我想說,這裡不是說每一場風浪,
[00:11:59.000 --> 00:12:04.000]  都是神要在人生命裡面刻意地安排,
[00:12:04.000 --> 00:12:07.000]  但即使我們不明白在處境裡面,
[00:12:07.000 --> 00:12:11.000]  我們要知道神也在我們明與不明的處境裡面,
[00:12:11.000 --> 00:12:13.000]  仍然在工作,
[00:12:13.000 --> 00:12:18.000]  甚至乎可能在一些環境帶著我們,
[00:12:18.000 --> 00:12:21.000]  向著一些我們從來沒有想過的方向,
[00:12:21.000 --> 00:12:23.000]  一路一路向前走,
[00:12:23.000 --> 00:12:25.000]  神是沒有缺席的,
[00:12:25.000 --> 00:12:29.000]  祂只是用祂的方法,
[00:12:29.000 --> 00:12:33.000]  甚至出我們意料的方式,
[00:12:33.000 --> 00:12:36.000]  在我們生命裡面有作為,
[00:12:36.000 --> 00:12:38.000]  所以去到第27節,
[00:12:38.000 --> 00:12:43.000]  就出現了整段經文裡面一句很重要的話,
[00:12:43.000 --> 00:12:45.000]  耶穌說:
[00:12:45.000 --> 00:12:50.000]  「放心,是我,不要怕。」
[00:12:50.000 --> 00:12:53.000]  如果按原文在這裡表達的話,
[00:12:53.000 --> 00:12:57.000]  其實這句話是更有力更有力的,
[00:12:57.000 --> 00:13:01.000]  因為原文可以翻譯成:
[00:13:01.000 --> 00:13:05.000]  「放心,我是,不要怕。」
[00:13:05.000 --> 00:13:08.000]  「我是。」
[00:13:08.000 --> 00:13:12.000]  這個形容會不會令到大家有些印象?
[00:13:12.000 --> 00:13:17.000]  在聖經裡面哪裡出現過?
[00:13:17.000 --> 00:13:19.000]  我聽不清楚答案,
[00:13:19.000 --> 00:13:21.000]  不過不要緊,我開估了。
[00:13:21.000 --> 00:13:24.000]  「我是」這一句話,
[00:13:24.000 --> 00:13:27.000]  不單止很普通地去表達,
[00:13:27.000 --> 00:13:28.000]  「是我。」
[00:13:28.000 --> 00:13:32.000]  其實更加令人去想起,
[00:13:32.000 --> 00:13:34.000]  在《出埃及記》裡面,
[00:13:34.000 --> 00:13:38.000]  神向摩西去顯明自己就是那位
[00:13:38.000 --> 00:13:43.000]  「我是自有永有」的那位神。
[00:13:43.000 --> 00:13:46.000]  所以不少的聖經書在這裡都說,
[00:13:46.000 --> 00:13:48.000]  在這一段經文,
[00:13:48.000 --> 00:13:50.000]  耶穌的表達裡面,
[00:13:50.000 --> 00:13:54.000]  其實就有一種神顯現的意味在裡面。
[00:13:54.000 --> 00:13:56.000]  換句話說,
[00:13:56.000 --> 00:13:59.000]  耶穌不單止是告訴門徒弟,
[00:13:59.000 --> 00:14:03.000]  「你們不用怕,我在這裡,是我來的。」
[00:14:03.000 --> 00:14:06.000]  而是更加在風浪裡面,
[00:14:06.000 --> 00:14:09.000]  去跟門徒去顯明,
[00:14:09.000 --> 00:14:14.000]  「我就是那位與你們同在,
[00:14:14.000 --> 00:14:19.000]  掌管風浪的主。」
[00:14:19.000 --> 00:14:23.000]  請大家再留意一樣很重要的事情,
[00:14:23.000 --> 00:14:26.000]  耶穌來到之後,
[00:14:26.000 --> 00:14:29.000]  風浪是不是馬上沒有了?
[00:14:29.000 --> 00:14:31.000]  那一刻不是,
[00:14:31.000 --> 00:14:34.000]  風浪不是第一時間平靜,
[00:14:34.000 --> 00:14:36.000]  在這裡祂首先去說,
[00:14:36.000 --> 00:14:39.000]  「我是,不要怕。」
[00:14:39.000 --> 00:14:43.000]  因為真正能夠叫人從恐懼裡面,
[00:14:43.000 --> 00:14:45.000]  重新有平安的,
[00:14:45.000 --> 00:14:48.000]  未必是風浪即時去消失,
[00:14:48.000 --> 00:14:51.000]  而是要知道主已經在這裡了,
[00:14:51.000 --> 00:14:52.000]  主已經在這裡了,
[00:14:52.000 --> 00:14:54.000]  所以就算風浪未停也好,
[00:14:54.000 --> 00:14:58.000]  我們仍然可以不被心裡面的恐懼
[00:14:58.000 --> 00:15:02.000]  控制著我們的身,控制著我們的心,
[00:15:02.000 --> 00:15:05.000]  是不是?
[00:15:05.000 --> 00:15:07.000]  頂姐妹,
[00:15:07.000 --> 00:15:09.000]  這段經文的重點,
[00:15:09.000 --> 00:15:13.000]  不是要回答為什麼人生有風浪,
[00:15:13.000 --> 00:15:15.000]  也不是說耶穌一來,
[00:15:15.000 --> 00:15:18.000]  風浪就可以馬上停止,
[00:15:18.000 --> 00:15:22.000]  它反而在回應一個更加重要的問題,
[00:15:22.000 --> 00:15:25.000]  當我們人生遇到風浪的時候,
[00:15:25.000 --> 00:15:28.000]  耶穌究竟在哪裡呢?
[00:15:28.000 --> 00:15:30.000]  馬太給我們的答案就是,
[00:15:30.000 --> 00:15:33.000]  神其實沒有缺席,
[00:15:33.000 --> 00:15:36.000]  祂正是向我們走近,
[00:15:36.000 --> 00:15:39.000]  問題只是當我們處身在風浪的時候,
[00:15:39.000 --> 00:15:43.000]  在最害怕、最累、最看不清楚的時候,
[00:15:43.000 --> 00:15:45.000]  我們還有沒有去認得出,
[00:15:45.000 --> 00:15:50.000]  這一位願意走近我們的主耶穌?
[00:15:56.000 --> 00:15:58.000]  好,第一段我們會看到,
[00:15:58.000 --> 00:16:02.000]  耶穌如何主動地走近門徒,
[00:16:02.000 --> 00:16:06.000]  也在風浪裡面向他們顯明自己,
[00:16:06.000 --> 00:16:07.000]  而去到第二段,
[00:16:07.000 --> 00:16:12.000]  焦點就會將轉到一班門徒的身上,
[00:16:12.000 --> 00:16:14.000]  看看他們會如何回應耶穌,
[00:16:14.000 --> 00:16:16.000]  特別是彼得,
[00:16:16.000 --> 00:16:19.000]  當大家經文未定的時候,
[00:16:19.000 --> 00:16:21.000]  究竟發生什麼事呢?
[00:16:21.000 --> 00:16:24.000]  我們一起去讀這幾節經文,好嗎?
[00:16:24.000 --> 00:16:26.000]  28節開始,準備起!
[00:16:54.000 --> 00:17:02.000]  好,我們先讀到這裡,
[00:17:02.000 --> 00:17:07.000]  彼得如何去回應耶穌呢?
[00:17:07.000 --> 00:17:12.000]  當一刻大家經文還未定的時候,
[00:17:12.000 --> 00:17:16.000]  彼得突然去說一句很特別的話,
[00:17:16.000 --> 00:17:17.000]  他這樣說,
[00:17:17.000 --> 00:17:25.000]  「如果是你,請叫我從水面上走到你那裡去。」
[00:17:25.000 --> 00:17:27.000]  很多人讀到這裡,
[00:17:27.000 --> 00:17:31.000]  可能會覺得彼得是那位很衝動,
[00:17:31.000 --> 00:17:34.000]  很冒險的一位門徒,是嗎?
[00:17:34.000 --> 00:17:36.000]  我們也有這個印象,
[00:17:36.000 --> 00:17:40.000]  但是如果我們再看不同的識經,
[00:17:40.000 --> 00:17:42.000]  我們去理解多一點的時候,
[00:17:42.000 --> 00:17:44.000]  在這裡彼得所說,
[00:17:44.000 --> 00:17:52.000]  「如果是你」不是代表他懷疑眼前這一位是不是真是耶穌,
[00:17:52.000 --> 00:17:58.000]  意思反而是更加想去接近這一位正在走來的人,
[00:17:58.000 --> 00:18:01.000]  「既然真是你」這樣的意思,
[00:18:01.000 --> 00:18:05.000]  換句話說,彼得不是叫耶穌證明自己的身份,
[00:18:05.000 --> 00:18:06.000]  而是說,
[00:18:06.000 --> 00:18:13.000]  「主啊,既然真是祢的話,請祢吩咐我可以走到祢那邊。」
[00:18:13.000 --> 00:18:17.000]  這一句話很值得我們留意,
[00:18:17.000 --> 00:18:19.000]  就是彼得說「請叫我」,
[00:18:19.000 --> 00:18:22.000]  彼得不是說「主啊,不如讓我試試吧。」
[00:18:22.000 --> 00:18:30.000]  又或者因為他知道靠自己根本沒有可能走到水面上,
[00:18:30.000 --> 00:18:33.000]  所以如果不是主的吩咐,
[00:18:33.000 --> 00:18:36.000]  他一步都走不了。
[00:18:36.000 --> 00:18:38.000]  所以去到第29節,
[00:18:38.000 --> 00:18:45.000]  耶穌就是說一句「你來吧」,就是憑著主耶穌的這一句,
[00:18:45.000 --> 00:18:49.000]  彼得竟然就可以踏出船,
[00:18:49.000 --> 00:18:51.000]  走上水面那一步,
[00:18:51.000 --> 00:18:55.000]  一路向耶穌走過去。
[00:18:55.000 --> 00:18:58.000]  我們看到真正支持彼得的,
[00:18:58.000 --> 00:19:03.000]  不是他有多勇敢,多有勇氣,多大膽,多大膽,
[00:19:03.000 --> 00:19:06.000]  而是因為什麼?
[00:19:06.000 --> 00:19:10.000]  主的說話,主的吩咐。
[00:19:10.000 --> 00:19:13.000]  在當時猶太人的文化裡面,
[00:19:13.000 --> 00:19:18.000]  門徒就是一個很願意跟隨老師的人,
[00:19:18.000 --> 00:19:22.000]  所以在這裡彼得未必很想證明自己有多厲害或者多有信心,
[00:19:22.000 --> 00:19:24.000]  而是在那個處境裡面,
[00:19:24.000 --> 00:19:27.000]  他見得到他的老師在這裡,
[00:19:27.000 --> 00:19:30.000]  很想走向老師,
[00:19:30.000 --> 00:19:34.000]  所以就這樣去有這樣的呼求。
[00:19:34.000 --> 00:19:37.000]  可能今天都提醒我們,
[00:19:37.000 --> 00:19:41.000]  一班願意跟從主的人其實都一樣,
[00:19:41.000 --> 00:19:43.000]  真正的信心,
[00:19:43.000 --> 00:19:46.000]  不是只是停留在船上面,
[00:19:46.000 --> 00:19:50.000]  去評論或者去觀察我們這位神,
[00:19:50.000 --> 00:19:51.000]  我們這位主耶穌,
[00:19:51.000 --> 00:19:55.000]  而是當主他願意去呼召我們的時候,
[00:19:55.000 --> 00:19:58.000]  我們就是這樣去回應主,
[00:19:58.000 --> 00:20:01.000]  去跟隨主。
[00:20:01.000 --> 00:20:06.000]  不過故事沒有只是停留在
[00:20:06.000 --> 00:20:11.000]  彼得怎樣能夠走在水面上的神蹟,
[00:20:11.000 --> 00:20:15.000]  接著第三十節就這樣說,
[00:20:15.000 --> 00:20:18.000]  只因見風很強,
[00:20:18.000 --> 00:20:20.000]  接著怎樣?
[00:20:20.000 --> 00:20:23.000]  害怕起來。
[00:20:23.000 --> 00:20:27.000]  可能有人就會去評價彼得,
[00:20:27.000 --> 00:20:30.000]  很失敗,對嗎?
[00:20:30.000 --> 00:20:35.000]  但是我們要理解,
[00:20:35.000 --> 00:20:39.000]  當彼得走上海面的時候,
[00:20:39.000 --> 00:20:42.000]  望見風浪,
[00:20:42.000 --> 00:20:43.000]  真的害怕,
[00:20:43.000 --> 00:20:48.000]  這也是一個很實在的現況。
[00:20:48.000 --> 00:20:51.000]  但是我們如果再去想深一層,
[00:20:51.000 --> 00:20:56.000]  問題不是說彼得完全沒有信心,
[00:20:56.000 --> 00:21:03.000]  而是彼得他將焦點開始再一次轉變了。
[00:21:03.000 --> 00:21:06.000]  其實我們可以想像得到,
[00:21:06.000 --> 00:21:12.000]  由彼得踏出船的那一步開始,
[00:21:12.000 --> 00:21:14.000]  其實風仍然在,
[00:21:14.000 --> 00:21:17.000]  浪仍然一直在打,
[00:21:17.000 --> 00:21:20.000]  環境沒有變過。
[00:21:20.000 --> 00:21:24.000]  馬太很清楚讓我們看見,
[00:21:24.000 --> 00:21:30.000]  就是因為當彼得再一次將他的重點,
[00:21:30.000 --> 00:21:33.000]  看回在風浪的時候,
[00:21:33.000 --> 00:21:40.000]  恐懼就重新去佔據了彼得的心。
[00:21:40.000 --> 00:21:44.000]  這個對我們都有一個很大的提醒,
[00:21:44.000 --> 00:21:46.000]  就正正說我們不是不知道,
[00:21:46.000 --> 00:21:50.000]  很多時候我們不是不知道神在我們身邊,
[00:21:50.000 --> 00:21:55.000]  也都不是從來沒有經歷過神的恩典,
[00:21:55.000 --> 00:21:57.000]  但是很實在,
[00:21:57.000 --> 00:21:59.000]  慢慢地,
[00:21:59.000 --> 00:22:02.000]  可能工作的壓力,
[00:22:02.000 --> 00:22:05.000]  或者其他生活的處境,
[00:22:05.000 --> 00:22:07.000]  對未來的擔心,
[00:22:07.000 --> 00:22:11.000]  就是開始這樣去佔據了我們的視線,
[00:22:11.000 --> 00:22:14.000]  佔據了我們的思維,
[00:22:14.000 --> 00:22:18.000]  去到一處的境況就是,
[00:22:18.000 --> 00:22:20.000]  我們會覺得眼前的風浪,
[00:22:20.000 --> 00:22:25.000]  就好像比我們主耶穌更加真實。
[00:22:25.000 --> 00:22:27.000]  就是在這個時候,
[00:22:27.000 --> 00:22:33.000]  彼得就開始沉下去了。
[00:22:33.000 --> 00:22:37.000]  馬太形容彼得在這一刻,
[00:22:37.000 --> 00:22:39.000]  沒有再去認叻,
[00:22:39.000 --> 00:22:41.000]  沒有再去逞強,
[00:22:41.000 --> 00:22:48.000]  也沒有扮到自己能夠應付當前的處境,
[00:22:48.000 --> 00:22:50.000]  當他開始沉下去的時候,
[00:22:50.000 --> 00:22:55.000]  馬上大聲地叫什麼呢?
[00:22:55.000 --> 00:22:57.000]  主呀,救我!
[00:22:57.000 --> 00:22:59.000]  這一句話可能在新約裡面,
[00:22:59.000 --> 00:23:01.000]  是其中一個最短,
[00:23:01.000 --> 00:23:04.000]  也都最實在的祈禱。
[00:23:04.000 --> 00:23:06.000]  其實真正的信心,
[00:23:06.000 --> 00:23:09.000]  很多時候不是跟主說,
[00:23:09.000 --> 00:23:11.000]  主呀,我一定可以,
[00:23:11.000 --> 00:23:14.000]  主呀,我一定要為你做很多很多很多的事情,
[00:23:14.000 --> 00:23:18.000]  反而是去到自己真的沒有辦法,
[00:23:18.000 --> 00:23:20.000]  沒有能力的時候,
[00:23:20.000 --> 00:23:24.000]  我們仍然知道向哪一個呼求,
[00:23:24.000 --> 00:23:32.000]  主呀,我實在不行了,求你救我吧!
[00:23:32.000 --> 00:23:34.000]  第三十一節接著說,
[00:23:34.000 --> 00:23:38.000]  耶穌立刻拉住彼得的手,
[00:23:38.000 --> 00:23:40.000]  我們要留意經文所說,
[00:23:40.000 --> 00:23:46.000]  不是耶穌讓彼得自己有體力有膽量游回去船,
[00:23:46.000 --> 00:23:49.000]  也不是說彼得自己搞定自己,
[00:23:49.000 --> 00:23:52.000]  整理好自己的信心,
[00:23:52.000 --> 00:23:55.000]  甚至不是說耶穌責備彼得,
[00:23:55.000 --> 00:23:57.000]  為什麼你這麼沒有信心,
[00:23:57.000 --> 00:24:00.000]  而是當彼得一呼求的時候,
[00:24:00.000 --> 00:24:04.000]  耶穌就馬上伸手去救他,
[00:24:04.000 --> 00:24:08.000]  之後才去教導彼得,
[00:24:08.000 --> 00:24:12.000]  先拯救再教導,
[00:24:12.000 --> 00:24:15.000]  這個就是恩典,
[00:24:15.000 --> 00:24:19.000]  這個就是福音,
[00:24:19.000 --> 00:24:22.000]  接著耶穌就跟彼得說,
[00:24:22.000 --> 00:24:26.000]  你這個小信的人為什麼疑惑呢?
[00:24:26.000 --> 00:24:30.000]  小信不是說彼得完全沒有信心,
[00:24:30.000 --> 00:24:32.000]  如果他完全沒有信心的話,
[00:24:32.000 --> 00:24:37.000]  他根本就連踏出船的一步都不會走出去,
[00:24:37.000 --> 00:24:41.000]  而是他的信心未能夠持續下去,
[00:24:41.000 --> 00:24:44.000]  一路一路這樣走到耶穌那邊,
[00:24:44.000 --> 00:24:46.000]  至於疑惑呢?
[00:24:46.000 --> 00:24:50.000]  很清楚地說不是彼得不相信,
[00:24:50.000 --> 00:24:53.000]  只是說下到水的時候,
[00:24:53.000 --> 00:24:55.000]  他的信心是怎樣?
[00:24:55.000 --> 00:24:57.000]  動搖了,
[00:24:57.000 --> 00:25:00.000]  一方面好像就是相信主,
[00:25:00.000 --> 00:25:06.000]  但是另一方面也被眼下的風浪所拉住了,
[00:25:06.000 --> 00:25:09.000]  他的注意力,
[00:25:09.000 --> 00:25:12.000]  這個會不會是我們真實的寫照呢?
[00:25:12.000 --> 00:25:14.000]  也是,
[00:25:14.000 --> 00:25:17.000]  剛才我們唱詩的時候,
[00:25:17.000 --> 00:25:20.000]  哇,會唱,神啊我讚美你呀,
[00:25:20.000 --> 00:25:22.000]  神啊我信靠你呀,
[00:25:22.000 --> 00:25:26.000]  但是當回到我們真實的生活,
[00:25:26.000 --> 00:25:28.000]  工作,家庭的時候,
[00:25:28.000 --> 00:25:30.000]  壓力一來,
[00:25:30.000 --> 00:25:34.000]  我們的心會不會也會有亂,
[00:25:34.000 --> 00:25:36.000]  會有害怕,
[00:25:36.000 --> 00:25:41.000]  或者信心未足的時候呢?
[00:25:41.000 --> 00:25:44.000]  讓我們在那時候,
[00:25:44.000 --> 00:25:47.000]  我們的心就好像在風浪裡面,
[00:25:47.000 --> 00:25:49.000]  不停地去搖動,
[00:25:49.000 --> 00:25:54.000]  不停地去掙扎,
[00:25:54.000 --> 00:25:59.000]  其實剛才從我們讀二十七節到三十節裡面,
[00:25:59.000 --> 00:26:03.000]  在當中有五個命令式的動詞,
[00:26:03.000 --> 00:26:05.000]  頗有意思的,
[00:26:05.000 --> 00:26:08.000]  當我們串在一起看的時候,
[00:26:08.000 --> 00:26:09.000]  在裡面說,
[00:26:09.000 --> 00:26:16.000]  放心,不要怕,請叫我,你來救我,
[00:26:16.000 --> 00:26:21.000]  如果我們將這五句話連在一起思想的時候,
[00:26:21.000 --> 00:26:27.000]  其實在裡面正正就好像在描述門徒生命成長的一個過程,
[00:26:27.000 --> 00:26:32.000]  主先跟門徒說話,
[00:26:32.000 --> 00:26:34.000]  然後門徒就作出回應,
[00:26:34.000 --> 00:26:37.000]  然後門徒就答出,
[00:26:37.000 --> 00:26:39.000]  在中途又遇上軟弱,
[00:26:39.000 --> 00:26:41.000]  跌倒,
[00:26:41.000 --> 00:26:44.000]  然後再向主呼求,
[00:26:44.000 --> 00:26:52.000]  然後神就立刻伸手去扶著他,去拯救他。
[00:26:52.000 --> 00:26:54.000]  親愛的影子妹,
[00:26:54.000 --> 00:27:00.000]  成熟的信心不是代表一個人從來不會怕或者不會軟弱,
[00:27:00.000 --> 00:27:05.000]  更加不是永遠都不會跌倒,
[00:27:05.000 --> 00:27:08.000]  我相信真正成熟的信心,
[00:27:08.000 --> 00:27:11.000]  是當我們發現自己開始沉下去的時候,
[00:27:11.000 --> 00:27:16.000]  我們仍然會知道第一時間向誰呼求,
[00:27:16.000 --> 00:27:19.000]  主啊,救我啊,
[00:27:19.000 --> 00:27:24.000]  而整個故事去到這裡其實還沒完,
[00:27:24.000 --> 00:27:29.000]  因為馬太不是想我們只看彼得怎樣走在水面,
[00:27:29.000 --> 00:27:31.000]  然後怎樣沉下去,
[00:27:31.000 --> 00:27:36.000]  又或者接著再被耶穌救回來,
[00:27:36.000 --> 00:27:41.000]  當記載完一個精彩的神蹟之後,
[00:27:41.000 --> 00:27:48.000]  其實馬太是繼續一步一步地帶著門徒更深去認識,
[00:27:48.000 --> 00:27:51.000]  要為主耶穌。
[00:27:51.000 --> 00:27:55.000]  所以第一段我們在說風浪裡面,
[00:27:55.000 --> 00:27:58.000]  我們可能不認識主,
[00:27:58.000 --> 00:28:03.000]  但是耶穌就是這樣一步一步走近門徒,
[00:28:03.000 --> 00:28:08.000]  剛剛這一段風浪當中去學習信靠主,
[00:28:08.000 --> 00:28:10.000]  我們看見門徒在軟弱裡面,
[00:28:10.000 --> 00:28:13.000]  甚至在搖擺的裡面,
[00:28:13.000 --> 00:28:15.000]  繼續學習怎樣去回應神,
[00:28:15.000 --> 00:28:18.000]  接著我們會看第三段,
[00:28:18.000 --> 00:28:21.000]  風浪裡面更加認識主,
[00:28:21.000 --> 00:28:24.000]  焦點不再停留在風浪有多大,
[00:28:24.000 --> 00:28:29.000]  甚至不再停留在彼得一個人的身上,
[00:28:29.000 --> 00:28:33.000]  而是回到馬太在整段的記載裡面,
[00:28:33.000 --> 00:28:35.000]  帶我們去認識,
[00:28:35.000 --> 00:28:39.000]  去知道一個很重要很重要的問題,
[00:28:39.000 --> 00:28:49.000]  眼前這位耶穌究竟究竟是哪一個呢?
[00:28:49.000 --> 00:28:52.000]  我們一起讀最後這兩節經文,
[00:28:52.000 --> 00:28:54.000]  準備起!
[00:28:54.000 --> 00:29:00.000]  風就停了,在船上的人都拜祂說,
[00:29:00.000 --> 00:29:04.000]  你真是神的兒子。
[00:29:04.000 --> 00:29:06.000]  故事去到最後這兩節,
[00:29:06.000 --> 00:29:09.000]  好像突然間就慢了下來,
[00:29:09.000 --> 00:29:13.000]  他沒有再說彼得現在心情怎樣,
[00:29:13.000 --> 00:29:17.000]  也沒有再形容風浪究竟有多大,
[00:29:17.000 --> 00:29:18.000]  只是很簡單地說,
[00:29:18.000 --> 00:29:20.000]  他們上了船,
[00:29:20.000 --> 00:29:22.000]  風就停了,
[00:29:22.000 --> 00:29:24.000]  風停了,
[00:29:24.000 --> 00:29:26.000]  問題好像解決了,
[00:29:26.000 --> 00:29:31.000]  大家終於在這一刻可以鬆一口氣,
[00:29:31.000 --> 00:29:34.000]  不過如果我們再細心去看這兩節經文,
[00:29:34.000 --> 00:29:42.000]  就會發現馬太其實真正想帶我們去另一個高潮的位置,
[00:29:42.000 --> 00:29:46.000]  第32節不是停留在32節裡面,
[00:29:46.000 --> 00:29:49.000]  反而是33節,
[00:29:49.000 --> 00:29:54.000]  因為在32節裡面只是告訴我們風浪改變了,
[00:29:54.000 --> 00:30:04.000]  但是33節更加重要的就是告訴我們人也改變了。
[00:30:04.000 --> 00:30:07.000]  我們讀這整段經文,
[00:30:07.000 --> 00:30:12.000]  剛才說過很容易就將焦點放在彼得身上,
[00:30:12.000 --> 00:30:15.000]  覺得他已經經歷了一個很大的神蹟,
[00:30:15.000 --> 00:30:18.000]  沉下水又被耶穌救回來,
[00:30:18.000 --> 00:30:20.000]  最後安全了,
[00:30:20.000 --> 00:30:22.000]  非常好,
[00:30:22.000 --> 00:30:26.000]  但是馬太沒有忘記這艘船,
[00:30:26.000 --> 00:30:28.000]  耶穌扶起彼得之後,
[00:30:28.000 --> 00:30:32.000]  不只是和他兩個一起走回岸邊,
[00:30:32.000 --> 00:30:36.000]  或者只是簡單地帶上船就算了,
[00:30:36.000 --> 00:30:38.000]  而是整個故事,
[00:30:38.000 --> 00:30:40.000]  整個記載最後的回應,
[00:30:40.000 --> 00:30:44.000]  我們看到回應的不只是彼得一個,
[00:30:44.000 --> 00:30:47.000]  而是船上所有的人,
[00:30:47.000 --> 00:30:51.000]  船上的人都拜他。
[00:30:51.000 --> 00:30:53.000]  這幅圖畫提醒我們,
[00:30:53.000 --> 00:30:58.000]  信仰從來不是一個人完成的旅程,
[00:30:58.000 --> 00:31:01.000]  但是偏偏當我們遇上人生的風浪,
[00:31:01.000 --> 00:31:03.000]  軟弱甚至跌倒的時候,
[00:31:03.000 --> 00:31:05.000]  我們最容易,
[00:31:05.000 --> 00:31:09.000]  甚至很自然就會做一件事,
[00:31:09.000 --> 00:31:13.000]  知道是什麼嗎?
[00:31:13.000 --> 00:31:15.000]  很多時候我都會發覺,
[00:31:15.000 --> 00:31:17.000]  當我們在風浪,
[00:31:17.000 --> 00:31:19.000]  當我們遇到困難,
[00:31:19.000 --> 00:31:21.000]  低谷的時候,
[00:31:21.000 --> 00:31:24.000]  我們很想將自己收起來,
[00:31:24.000 --> 00:31:27.000]  將自己孤立起來,
[00:31:27.000 --> 00:31:30.000]  覺得現在這些事情,
[00:31:30.000 --> 00:31:33.000]  我自己一個人面對就可以了,
[00:31:33.000 --> 00:31:35.000]  不想麻煩到人,
[00:31:35.000 --> 00:31:39.000]  也不想讓其他人知道,
[00:31:39.000 --> 00:31:43.000]  會不會是這樣?
[00:31:43.000 --> 00:31:47.000]  人生有各樣的經歷,
[00:31:47.000 --> 00:31:49.000]  有各樣的選擇,
[00:31:49.000 --> 00:31:52.000]  有些人因為病了一段時間,
[00:31:52.000 --> 00:31:55.000]  可能慢慢就會停下,
[00:31:55.000 --> 00:31:57.000]  不再聚會,
[00:31:57.000 --> 00:32:00.000]  有些人可能因為工作越來越忙,
[00:32:00.000 --> 00:32:03.000]  漸漸離開了團契,
[00:32:03.000 --> 00:32:05.000]  也有些人可能因為信仰,
[00:32:05.000 --> 00:32:08.000]  或者在生命裏跌倒,
[00:32:08.000 --> 00:32:12.000]  就不夠膽再回教會,
[00:32:12.000 --> 00:32:14.000]  可能心裏會想,
[00:32:14.000 --> 00:32:17.000]  不如讓我的信心好一點,
[00:32:17.000 --> 00:32:19.000]  生命好一點,
[00:32:19.000 --> 00:32:22.000]  我才回到教會裏面,
[00:32:22.000 --> 00:32:24.000]  大家留意,
[00:32:24.000 --> 00:32:26.000]  耶穌沒有跟彼得說,
[00:32:26.000 --> 00:32:28.000]  你自己站穩,
[00:32:28.000 --> 00:32:29.000]  你自己做好自己,
[00:32:29.000 --> 00:32:31.000]  你才回來,
[00:32:31.000 --> 00:32:32.000]  相反,
[00:32:32.000 --> 00:32:34.000]  他是伸手扶著彼得,
[00:32:34.000 --> 00:32:41.000]  一起走回門徒的群體裏面,
[00:32:41.000 --> 00:32:44.000]  其實今日神很多時候,
[00:32:44.000 --> 00:32:48.000]  都透過屬靈的群體去扶持我們,
[00:32:48.000 --> 00:32:50.000]  當我們軟弱的時候,
[00:32:50.000 --> 00:32:54.000]  可能是一位弟兄姊妹簡單的關心,
[00:32:54.000 --> 00:32:56.000]  可能在小組裏面,
[00:32:56.000 --> 00:32:58.000]  有人為你祈禱,
[00:32:58.000 --> 00:33:01.000]  可能在崇拜裏面一首詩歌,
[00:33:01.000 --> 00:33:04.000]  又或者有人陪你去吃一餐飯,
[00:33:04.000 --> 00:33:06.000]  聽你講一些說話,
[00:33:06.000 --> 00:33:08.000]  在這些過程當中,
[00:33:08.000 --> 00:33:11.000]  很平淡很平凡的事件裏面,
[00:33:11.000 --> 00:33:13.000]  神就要讓我們知道,
[00:33:13.000 --> 00:33:16.000]  你不需要一個人去撐住,
[00:33:16.000 --> 00:33:17.000]  很多時候,
[00:33:17.000 --> 00:33:21.000]  神不是叫我們自己一個人去捱所有的風浪,
[00:33:21.000 --> 00:33:24.000]  而是將我們帶回屬靈群體裏面,
[00:33:24.000 --> 00:33:26.000]  讓我們能夠彼此扶持,
[00:33:26.000 --> 00:33:28.000]  一起去經歷它,
[00:33:28.000 --> 00:33:29.000]  所以弟兄姊妹,
[00:33:29.000 --> 00:33:31.000]  當你軟弱的時候,
[00:33:31.000 --> 00:33:35.000]  不要那麼容易離開那一隻船,
[00:33:35.000 --> 00:33:38.000]  更加不要以為等自己好了,
[00:33:38.000 --> 00:33:39.000]  信心強了,
[00:33:39.000 --> 00:33:43.000]  甚至有資格了才回來,
[00:33:43.000 --> 00:33:48.000]  我不是要講這隻船本身就是代表教會的象徵,
[00:33:48.000 --> 00:33:51.000]  但至少在這幅圖畫裏面,
[00:33:51.000 --> 00:33:54.000]  它提醒我們一件事,
[00:33:54.000 --> 00:33:56.000]  大家一起認識主,
[00:33:56.000 --> 00:33:59.000]  大家一起俯伏去敬拜主的地方,
[00:33:59.000 --> 00:34:03.000]  正正就在這隻船裏面,
[00:34:03.000 --> 00:34:06.000]  我想起一對夫婦,
[00:34:06.000 --> 00:34:10.000]  他們在一段不長的時間裏面,
[00:34:10.000 --> 00:34:17.000]  接連有兩件不容易的事情要他們面對,
[00:34:17.000 --> 00:34:21.000]  家裏有一個很親的家人因病離世,
[00:34:21.000 --> 00:34:28.000]  當還未能夠去消化完這位親人離開的傷痛之外,
[00:34:28.000 --> 00:34:36.000]  夫婦其中一個又幻想了嚴重的疾病,
[00:34:36.000 --> 00:34:38.000]  要接受治療,
[00:34:38.000 --> 00:34:40.000]  你可以想像到,
[00:34:40.000 --> 00:34:47.000]  一邊仍然要去繼續有失去至親的那種哀傷,
[00:34:47.000 --> 00:34:56.000]  而另一邊亦面對自己家庭重要成員健康一些未能夠知的因素,
[00:34:56.000 --> 00:34:58.000]  當兩件事一齊來的時候,
[00:34:58.000 --> 00:35:02.000]  就是一場很大的風暴,
[00:35:02.000 --> 00:35:04.000]  一波未停,
[00:35:04.000 --> 00:35:08.000]  跟住一波又起,
[00:35:08.000 --> 00:35:11.000]  但有一件事令我幾心怕的就是,
[00:35:11.000 --> 00:35:13.000]  在這段日子裏面,
[00:35:13.000 --> 00:35:17.000]  他們沒有表現出自己很堅強,
[00:35:17.000 --> 00:35:19.000]  就當什麼事都沒有發生,
[00:35:19.000 --> 00:35:21.000]  他們一樣會去擔心,
[00:35:21.000 --> 00:35:23.000]  一樣會去難過,
[00:35:23.000 --> 00:35:26.000]  一樣需要弟兄姊妹為他們祈禱,
[00:35:26.000 --> 00:35:29.000]  但風浪仍然是未停的,
[00:35:29.000 --> 00:35:32.000]  他們仍然,
[00:35:32.000 --> 00:35:36.000]  但在這一刻他們仍然選擇了留在信仰群體裏面,
[00:35:36.000 --> 00:35:39.000]  繼續參加聚會,
[00:35:39.000 --> 00:35:45.000]  亦是知道就算在他們自己有能力的時候,
[00:35:45.000 --> 00:35:48.000]  繼續去參與一些服事,
[00:35:48.000 --> 00:35:55.000]  跟弟兄姊妹一起去讀聖經,一起的同行,
[00:35:55.000 --> 00:35:58.000]  跟大家分享一個見證,
[00:35:58.000 --> 00:36:01.000]  我不是說一個有信心的人,
[00:36:01.000 --> 00:36:04.000]  無論在多大的風浪或者多辛苦裏面,
[00:36:04.000 --> 00:36:06.000]  都要繼續去侍奉,
[00:36:06.000 --> 00:36:08.000]  繼續要參與聚會,
[00:36:08.000 --> 00:36:11.000]  因為事實上有時候我們真的需要停下來,
[00:36:11.000 --> 00:36:12.000]  需要休息,
[00:36:12.000 --> 00:36:14.000]  需要被其他人照顧,
[00:36:14.000 --> 00:36:19.000]  但反而我想大家看見的一件事,
[00:36:19.000 --> 00:36:21.000]  一件事實就是,
[00:36:21.000 --> 00:36:26.000]  信心未必是我還撐得住,
[00:36:26.000 --> 00:36:30.000]  信心很多時候就是說,
[00:36:30.000 --> 00:36:36.000]  我不需要自己一個人撐住,
[00:36:36.000 --> 00:36:39.000]  風浪未停,
[00:36:39.000 --> 00:36:42.000]  但他們沒有離開那艘船,
[00:36:42.000 --> 00:36:44.000]  因為在那艘船裏面,
[00:36:44.000 --> 00:36:45.000]  有弟兄姊妹同行,
[00:36:45.000 --> 00:36:46.000]  有祈禱,
[00:36:46.000 --> 00:36:48.000]  有神的話語,
[00:36:48.000 --> 00:36:52.000]  更重要的就是有神的同在,
[00:36:52.000 --> 00:36:56.000]  這個就是我們信仰群體一個很寶貴的地方,
[00:36:56.000 --> 00:36:58.000]  有時我無力的時候,
[00:36:58.000 --> 00:37:00.000]  你陪我走,
[00:37:00.000 --> 00:37:02.000]  到有一天你無力的時候,
[00:37:02.000 --> 00:37:04.000]  我也可以陪你走,
[00:37:04.000 --> 00:37:08.000]  原來我們就是這樣的一班群體,
[00:37:08.000 --> 00:37:14.000]  一齊在風浪裏面慢慢學會怎樣更認識我們的主,
[00:37:14.000 --> 00:37:16.000]  我們繼續看話的時候,
[00:37:16.000 --> 00:37:21.000]  馬太沒有寫到門徒很開心終於鬆一口氣,
[00:37:21.000 --> 00:37:26.000]  他反而寫在船上所有的人都拜他,
[00:37:26.000 --> 00:37:31.000]  這個成為整個記載一個真正的轉折,
[00:37:31.000 --> 00:37:33.000]  因為經歷神蹟,
[00:37:33.000 --> 00:37:36.000]  不等於真正去認識神,
[00:37:36.000 --> 00:37:41.000]  當門徒開始明白站在他們自己面前究竟是誰的時候,
[00:37:41.000 --> 00:37:46.000]  他們的回應就是敬拜,
[00:37:46.000 --> 00:37:50.000]  這裏所說的拜不是普通禮貌上的鞠躬,
[00:37:50.000 --> 00:37:52.000]  而是帶有俯伏敬拜的意思,
[00:37:52.000 --> 00:37:54.000]  所以經過了這場風浪之後,
[00:37:54.000 --> 00:37:58.000]  門徒最大的改變不是膽大了,
[00:37:58.000 --> 00:38:02.000]  不是更認識怎樣去面對面前的風浪,
[00:38:02.000 --> 00:38:06.000]  而是更深的去認識主耶穌,
[00:38:06.000 --> 00:38:10.000]  於是他們不是說耶穌說你真的很厲害,
[00:38:10.000 --> 00:38:13.000]  而是在說一個很重要的話,
[00:38:13.000 --> 00:38:16.000]  你真是神的兒子,
[00:38:16.000 --> 00:38:25.000]  在這裏門徒很直接很公開地承認耶穌就是神的兒子,
[00:38:25.000 --> 00:38:28.000]  所以如果我們看馬太福音的時候,
[00:38:28.000 --> 00:38:33.000]  其實一直都帶給讀者去問一個問題,
[00:38:33.000 --> 00:38:36.000]  這位耶穌究竟是誰呢?
[00:38:36.000 --> 00:38:39.000]  之前耶穌平靜風浪,
[00:38:39.000 --> 00:38:43.000]  門徒還在問到底他是怎樣的人呢?
[00:38:43.000 --> 00:38:46.000]  接著經歷了五餅二魚,
[00:38:46.000 --> 00:38:49.000]  經歷了剛剛這個海上的行走,
[00:38:49.000 --> 00:38:53.000]  經歷了彼得掉下海裏被救起,
[00:38:53.000 --> 00:38:57.000]  他們這班門徒終於不是只是問問題,
[00:38:57.000 --> 00:39:03.000]  而是開始回答你真是神的兒子,
[00:39:03.000 --> 00:39:09.000]  所以整個故事真正的高潮不是風浪終於沒有了,
[00:39:09.000 --> 00:39:13.000]  而是這班門徒更加認識耶穌是誰,
[00:39:13.000 --> 00:39:18.000]  前面耶穌在海上說我是不要怕,
[00:39:18.000 --> 00:39:22.000]  去到這裏門徒開始真正去明白,
[00:39:22.000 --> 00:39:26.000]  站在他們面前的不單單只是他們的老師,
[00:39:26.000 --> 00:39:28.000]  不單單只是先知,
[00:39:28.000 --> 00:39:32.000]  而是那位和他們同在掌管風浪的主,
[00:39:32.000 --> 00:39:36.000]  所以他們的回應就是一起去敬拜,
[00:39:36.000 --> 00:39:39.000]  不單止因為自己安全了,
[00:39:39.000 --> 00:39:45.000]  而是他們真真實實去看得清楚耶穌是誰,
[00:39:45.000 --> 00:39:48.000]  我們的人生都是一樣的,
[00:39:48.000 --> 00:39:52.000]  當遇上風浪的時候,
[00:39:52.000 --> 00:39:59.000]  我們第一個很多時候禱告都是主求你解決這個問題,
[00:39:59.000 --> 00:40:01.000]  幫我們解決當中的痛苦,
[00:40:01.000 --> 00:40:04.000]  但如果主今日問我們,
[00:40:04.000 --> 00:40:08.000]  在這件事情,你們所遇到的事情,
[00:40:08.000 --> 00:40:10.000]  未即刻能夠改變的時候,
[00:40:10.000 --> 00:40:13.000]  在這個經歷裏面,
[00:40:13.000 --> 00:40:16.000]  你們願不願意更深的認識我,
[00:40:16.000 --> 00:40:20.000]  信靠我,願不願意呢?
[00:40:20.000 --> 00:40:28.000]  這個問題很值得我們深深的去想一想,
[00:40:28.000 --> 00:40:33.000]  神事實上一定會關心我們在風浪裏面的痛苦,
[00:40:33.000 --> 00:40:38.000]  但祂的工作不單單只是去將這些風浪拿走,
[00:40:38.000 --> 00:40:42.000]  神更加在風浪裏面帶我們更深的認識祂,
[00:40:42.000 --> 00:40:44.000]  更深的信靠祂,
[00:40:44.000 --> 00:40:49.000]  很多信徒當回望自己人生裏面,
[00:40:49.000 --> 00:40:52.000]  最深刻能夠認識神的時候,
[00:40:52.000 --> 00:40:54.000]  往往都不是一些順利的日子,
[00:40:54.000 --> 00:40:56.000]  反而是在自己最無助,
[00:40:56.000 --> 00:40:58.000]  不知道怎樣繼續走下去的時候,
[00:40:58.000 --> 00:41:01.000]  才慢慢發覺原來神一直都在這裏,
[00:41:01.000 --> 00:41:03.000]  沒有離開過。
[00:41:03.000 --> 00:41:06.000]  靈姐妹,去到今天,
[00:41:06.000 --> 00:41:08.000]  我不知道大家在生命裏面,
[00:41:08.000 --> 00:41:11.000]  還有沒有一些風浪是未停到,
[00:41:11.000 --> 00:41:15.000]  家裏仍然有張力,身體仍然有病痛,
[00:41:15.000 --> 00:41:19.000]  侍奉甚或侍奉裏面也有壓力,
[00:41:19.000 --> 00:41:23.000]  但這段經文給我們有很大的盼望,
[00:41:23.000 --> 00:41:28.000]  不是保證風浪會馬上平息,馬上平靜,
[00:41:28.000 --> 00:41:31.000]  而是讓我們知道在風浪的時候,
[00:41:31.000 --> 00:41:33.000]  耶穌就是這樣向我們走,
[00:41:33.000 --> 00:41:35.000]  當我們沉下去的時候,
[00:41:35.000 --> 00:41:37.000]  耶穌會扶持我們,
[00:41:37.000 --> 00:41:41.000]  當我們能夠一次又一次經歷祂的同在的時候,
[00:41:41.000 --> 00:41:43.000]  我們就能夠更深的認識祂。
[00:41:45.000 --> 00:41:48.000]  很想藉著今天的認識,
[00:41:48.000 --> 00:41:50.000]  這一份的認識,
[00:41:50.000 --> 00:41:56.000]  就是再讓我們一次更深的去敬拜我們的神,
[00:41:56.000 --> 00:42:03.000]  接著就請敬拜隊帶我們再一次的去讚美我們的神,
[00:42:03.000 --> 00:42:06.000]  我們仍然繼續的敬拜。
