
[00:00:00.000 --> 00:00:02.000]  佢仲揸你
[00:00:02.000 --> 00:00:05.800]  你愛我哋,為我哋犧牲
[00:00:05.800 --> 00:00:07.200]  你為我哋擺相
[00:00:07.200 --> 00:00:10.000]  大過哂我哋頭先每個人唱聲浪
[00:00:10.000 --> 00:00:13.000]  有住我哋願意盡力去擺相
[00:00:13.000 --> 00:00:14.600]  因為你係我哋嘅後柱
[00:00:14.600 --> 00:00:17.000]  你為我哋犧牲,你為我哋流出寶血
[00:00:17.000 --> 00:00:20.000]  你保守我哋今日仍然能夠嚟到呢度
[00:00:20.000 --> 00:00:22.000]  去敬拜
[00:00:22.000 --> 00:00:24.000]  因為你嘅認同
[00:00:24.000 --> 00:00:26.000]  你配得所有眾生
[00:00:28.000 --> 00:00:31.000]  我哋每一個用心嚟到去敬拜你
[00:00:31.000 --> 00:00:37.000]  我哋多謝你俾我哋呢個福分
[00:00:37.000 --> 00:00:39.000]  呢個我哋嘅恩典,我哋仍然得夠開口
[00:00:39.000 --> 00:00:41.000]  舉手去讚你
[00:00:41.000 --> 00:00:43.000]  全多謝你
[00:00:43.000 --> 00:00:45.000]  佢哋繼續黎睇我哋
[00:00:45.000 --> 00:00:47.000]  俾我哋心裏面對準你
[00:00:47.000 --> 00:00:49.000]  我哋帶嚟嗰條問題
[00:00:49.000 --> 00:00:51.000]  你幫我哋去解答,你俾答話我哋
[00:00:51.000 --> 00:00:53.000]  最後多謝你
[00:00:53.000 --> 00:00:56.000]  我哋咁樣同過個教堂,奉住耶穌面孔
[00:00:56.000 --> 00:00:58.000]  我哋慶祝
[00:00:58.000 --> 00:01:04.000]  我唔知唱完好首詩歌之後
[00:01:04.000 --> 00:01:07.000]  頭先你嘅答案開始改變嘅
[00:01:07.000 --> 00:01:10.000]  又係咪呀,主,好難
[00:01:10.000 --> 00:01:12.000]  好難呀,好難呀
[00:01:12.000 --> 00:01:16.000]  係呀,我哋其實每一個人都面對緊唔同嘅難處
[00:01:16.000 --> 00:01:21.000]  但係同樣我哋係面對主耶穌好多嘅恩典,啱啱呀
[00:01:21.000 --> 00:01:25.000]  每一次嘅困難,每一次你覺得好難行上去嘅地方
[00:01:25.000 --> 00:01:27.000]  你有冇望返轉頭呀
[00:01:27.000 --> 00:01:32.000]  你望返轉頭望唔到啲咩呀,我望返轉頭望到咩呀
[00:01:32.000 --> 00:01:40.000]  跟住嗰首詩歌就係一段,我哋每次帶嘅時候都提醒我
[00:01:40.000 --> 00:01:44.000]  當你回頭一望,主嘅恩典仲喺度
[00:01:44.000 --> 00:01:47.000]  點解我哋成日都好似望住前面
[00:01:47.000 --> 00:01:51.000]  面對住嗰啲困難,但我哋又望唔到後面
[00:01:52.000 --> 00:01:56.000]  鼓勵你將頭先嗰條問題,你再重新再去答一次好嗎
[00:01:56.000 --> 00:02:00.000]  呢首新嘅歌你可以聽我哋唱一次,然後邀請大家一齊加入
[00:02:00.000 --> 00:02:07.000]  係呀,我哋面對緊好多個困難,好多個虛假,好多個冷冰
[00:02:07.000 --> 00:02:11.000]  好多個離別,我哋信心已經崩潰
[00:02:11.000 --> 00:02:15.000]  但詩歌轉頭就提醒我哋
[00:02:15.000 --> 00:02:19.000]  基督在堂,耶穌就喺你身邊
[00:02:20.000 --> 00:02:27.000]  你信唔信呀,我哋要詩歌你哋互相祷告祝福,彼此有影響
[00:02:51.000 --> 00:02:57.000]  冷冰瀰漫一切似天下
[00:02:57.000 --> 00:03:04.000]  未必瞬間光輝到虛假
[00:03:04.000 --> 00:03:12.000]  轉眼信心已崩潰
[00:03:12.000 --> 00:03:19.000]  難道世代已此終結
[00:03:20.000 --> 00:03:33.000]  面對十家諸起神無懼
[00:03:33.000 --> 00:03:40.000]  憤怒仍舊一切似沙裡
[00:03:41.000 --> 00:03:57.000]  情何負我諸基督,守在你共我的旁邊
[00:03:57.000 --> 00:04:02.000]  主呀,我哋好需要你
[00:04:02.000 --> 00:04:06.000]  主呀,我哋需要你再一次嚟到我哋身邊
[00:04:06.000 --> 00:04:09.000]  其實你一路都喺我哋身邊
[00:04:10.000 --> 00:04:12.000]  但我哋選擇唔去望你
[00:04:12.000 --> 00:04:17.000]  主幫我哋今日能夠見到你
[00:04:17.000 --> 00:04:22.000]  喺十字架上你已經落咗嚟,你得聖,你已經復活
[00:04:22.000 --> 00:04:31.000]  冷冰瀰漫一切似天下
[00:04:31.000 --> 00:04:38.000]  未必瞬間光輝到虛假
[00:04:39.000 --> 00:04:46.000]  轉眼信心已崩潰
[00:04:46.000 --> 00:04:53.000]  難道世代已此終結
[00:04:53.000 --> 00:05:07.000]  面對十家諸起神無懼
[00:05:09.000 --> 00:05:14.000]  憤怒仍舊一切似沙裡
[00:05:14.000 --> 00:05:29.000]  情何負我諸基督,守在你共我的旁邊
[00:05:31.000 --> 00:05:39.000]  害怕對東掩蓋,沒法願意忍耐
[00:05:39.000 --> 00:05:49.000]  竟不見今天在旁是耶穌
[00:05:49.000 --> 00:05:57.000]  害怕到你不在,未有耐性等待
[00:05:58.000 --> 00:06:07.000]  竟不見今天在旁是耶穌
[00:06:07.000 --> 00:06:16.000]  面向洞察主愛,學會突破阻礙
[00:06:17.000 --> 00:06:28.000]  用一生咁追隨耶穌
[00:06:48.000 --> 00:06:50.000]  今日返到嚟嘅時候
[00:06:50.000 --> 00:06:53.000]  我哋唔再搵一個我覺得嘅答案
[00:06:53.000 --> 00:06:55.000]  係主你覺得啱嘅答案
[00:06:55.000 --> 00:07:04.000]  以致我喺詩歌,喺祈禱,喺訊息,喺祝福,喺報告裏面
[00:07:04.000 --> 00:07:06.000]  我聽到你嘅聲音
[00:07:06.000 --> 00:07:10.000]  幫助我哋咁樣去信奉你嘅心意
[00:07:10.000 --> 00:07:14.000]  幫助我哋去聆聽你嘅聲音
[00:07:14.000 --> 00:07:17.000]  幫助我哋去面對
[00:07:17.000 --> 00:07:22.000]  面對我哋諗住誇聖唔到嘅地方
[00:07:22.000 --> 00:07:24.000]  因為你同我哋一齊面對
[00:07:24.000 --> 00:07:26.000]  你就喺我旁邊
[00:07:26.000 --> 00:07:32.000]  雖然世界俾我哋好多個冷冰
[00:07:32.000 --> 00:07:41.000]  冷冰冷得一切似天空
[00:07:42.000 --> 00:07:48.000]  未必瞬間光輝到去解
[00:07:48.000 --> 00:07:55.000]  轉眼信心已崩潰
[00:07:55.000 --> 00:08:03.000]  難道世代已此終結
[00:08:10.000 --> 00:08:16.000]  面對十家主犧牲無懼
[00:08:16.000 --> 00:08:23.000]  憤怒仍舊一切似失去
[00:08:23.000 --> 00:08:24.000]  感謝主呀
[00:08:24.000 --> 00:08:31.000]  請看保護主基督
[00:08:31.000 --> 00:08:39.000]  就在你和我的旁邊
[00:08:41.000 --> 00:08:44.000]  視覺悲痛掩蓋
[00:08:44.000 --> 00:08:48.000]  沒法願意忍耐
[00:08:48.000 --> 00:08:53.000]  竟不見今天在旁
[00:08:53.000 --> 00:08:58.000]  似耶穌
[00:08:58.000 --> 00:09:03.000]  害怕到你不在
[00:09:03.000 --> 00:09:07.000]  未有耐性等待
[00:09:07.000 --> 00:09:12.000]  竟不見今天在旁
[00:09:12.000 --> 00:09:17.000]  似耶穌
[00:09:17.000 --> 00:09:22.000]  面向洞察主愛
[00:09:22.000 --> 00:09:25.000]  學會突破阻礙
[00:09:25.000 --> 00:09:37.000]  終一生敢追隨耶穌
[00:09:55.000 --> 00:09:58.000]  在經牌裏面你要我們得到的答案
[00:09:58.000 --> 00:10:01.000]  求你這樣大力幫助我們
[00:10:01.000 --> 00:10:03.000]  祈禱奉主耶穌的名號
[00:10:03.000 --> 00:10:05.000]  阿們
[00:10:26.000 --> 00:10:30.000]  今日來到我們約書亞記
[00:10:30.000 --> 00:10:33.000]  二十四章最後一章
[00:10:33.000 --> 00:10:37.000]  在人類歷史
[00:10:37.000 --> 00:10:40.000]  我們進入一個很特別的階段
[00:10:40.000 --> 00:10:42.000]  我們這一代人
[00:10:42.000 --> 00:10:47.000]  見證著創世以來一個最大的扭轉
[00:10:47.000 --> 00:10:49.000]  在創世以來
[00:10:49.000 --> 00:10:53.000]  人類的人口不斷的加添
[00:10:53.000 --> 00:10:58.000]  有人預測去到2080年將會達到高峰
[00:10:58.000 --> 00:11:01.000]  然後開始向下扭轉
[00:11:01.000 --> 00:11:05.000]  我覺得整個景象是一個很末世的景象
[00:11:05.000 --> 00:11:10.000]  是一個人不再添加的景象
[00:11:10.000 --> 00:11:14.000]  不過在香港這個景象出現得更加快
[00:11:14.000 --> 00:11:18.000]  香港終於有一樣東西超越日本
[00:11:18.000 --> 00:11:23.000]  將會在未來的幾年我們的老化是超越日本
[00:11:23.000 --> 00:11:27.000]  我覺得這個也是一個很大挑戰的事情
[00:11:27.000 --> 00:11:30.000]  但我自己也很感恩
[00:11:30.000 --> 00:11:32.000]  我能夠活在這一代
[00:11:32.000 --> 00:11:33.000]  能夠老在這一代
[00:11:33.000 --> 00:11:36.000]  也是上帝給我的恩典
[00:11:36.000 --> 00:11:37.000]  能夠見證這一代
[00:11:37.000 --> 00:11:40.000]  我又覺得是很開心
[00:11:40.000 --> 00:11:41.000]  在這一代裏面
[00:11:41.000 --> 00:11:44.000]  我們在說很多傳承
[00:11:44.000 --> 00:11:49.000]  很多坊間銀行在說財富的傳承
[00:11:49.000 --> 00:11:51.000]  教會也在說傳承
[00:11:51.000 --> 00:11:52.000]  在上一個世紀
[00:11:52.000 --> 00:11:58.000]  在巴西有一個很有錢的二世公子
[00:11:58.000 --> 00:12:00.000]  他叫做約熱桂樂
[00:12:00.000 --> 00:12:02.000]  他22歲的時候
[00:12:02.000 --> 00:12:08.000]  當時是承繼了爸爸20億美金的財產
[00:12:08.000 --> 00:12:12.000]  還有很多港口的基礎設施
[00:12:12.000 --> 00:12:14.000]  有很多碼頭
[00:12:14.000 --> 00:12:16.000]  他當時就跟自己計算
[00:12:16.000 --> 00:12:18.000]  我活著的日子
[00:12:18.000 --> 00:12:21.000]  一年可以花一億多
[00:12:21.000 --> 00:12:25.000]  我可以躺平一世
[00:12:25.000 --> 00:12:28.000]  然後他就盡情開始享樂
[00:12:28.000 --> 00:12:29.000]  結交明星
[00:12:29.000 --> 00:12:30.000]  買珠寶
[00:12:30.000 --> 00:12:33.000]  大家猜一下會怎樣呢?
[00:12:33.000 --> 00:12:39.000]  最後他是上個世紀最大的大家的例子
[00:12:39.000 --> 00:12:42.000]  他所有的公司都破產
[00:12:42.000 --> 00:12:44.000]  他變賣了早業
[00:12:44.000 --> 00:12:46.000]  到了晚年身無分文
[00:12:46.000 --> 00:12:48.000]  然後患了腫瘤
[00:12:48.000 --> 00:12:49.000]  沒有錢做手術
[00:12:49.000 --> 00:12:52.000]  他說我的財富提前用了
[00:12:52.000 --> 00:12:54.000]  不過我的人還活著
[00:12:54.000 --> 00:12:56.000]  那怎麼辦呢?
[00:12:56.000 --> 00:12:57.000]  最後的十幾年
[00:12:57.000 --> 00:13:00.000]  他只能夠在一間很小的屋裏住
[00:13:00.000 --> 00:13:04.000]  拿著政府給他的津貼度日
[00:13:04.000 --> 00:13:06.000]  在傳承的日子
[00:13:06.000 --> 00:13:09.000]  因福堂走到四十年
[00:13:09.000 --> 00:13:12.000]  我覺得四十年是一個很特別的日子
[00:13:12.000 --> 00:13:16.000]  四十年是以色列人在曠野練盡
[00:13:16.000 --> 00:13:18.000]  練成他們一生的日子
[00:13:18.000 --> 00:13:20.000]  他們在裏面再一次知道
[00:13:20.000 --> 00:13:22.000]  自己是一個什麼樣的民族
[00:13:22.000 --> 00:13:27.000]  而是他要選擇進入耶和華應許之地
[00:13:27.000 --> 00:13:30.000]  剛才岳聖牧師叫我們答一個問題
[00:13:30.000 --> 00:13:34.000]  我覺得Vicky傳道一上來問了我們一個問題
[00:13:34.000 --> 00:13:39.000]  就是到底侍奉耶和華好還是不好
[00:13:39.000 --> 00:13:41.000]  這個有時候在我心裏
[00:13:41.000 --> 00:13:42.000]  我剛才聽的時候
[00:13:42.000 --> 00:13:45.000]  都是一個很大的掙扎
[00:13:45.000 --> 00:13:46.000]  有很多的挑戰的時候
[00:13:46.000 --> 00:13:51.000]  都在問自己侍奉耶和華好還是不好
[00:13:51.000 --> 00:13:53.000]  今天在《若書雅記》
[00:13:53.000 --> 00:13:56.000]  就是在回答一個這樣的問題
[00:13:56.000 --> 00:13:58.000]  《若書雅記》二十四章
[00:13:58.000 --> 00:14:00.000]  我們首先讀一至十節
[00:14:00.000 --> 00:14:03.000]  然後再聽若書雅問我們的問題
[00:14:03.000 --> 00:14:05.000]  十三到十五節
[00:14:05.000 --> 00:14:07.000]  我們一起讀出今天的經文
[00:14:07.000 --> 00:14:09.000]  好 一 二 三
[00:14:09.000 --> 00:14:14.000]  若書雅召集以色列的眾支派到事見
[00:14:14.000 --> 00:14:17.000]  他召了以色列的長老
[00:14:17.000 --> 00:14:21.000]  領袖、審判官和官長來
[00:14:21.000 --> 00:14:24.000]  他們都站在神面前
[00:14:24.000 --> 00:14:27.000]  若書雅對眾百姓說
[00:14:27.000 --> 00:14:30.000]  耶和華以色列的神如此是
[00:14:30.000 --> 00:14:33.000]  古時你們的列祖
[00:14:33.000 --> 00:14:38.000]  就是亞伯拉罕和拿學的父親塔拉
[00:14:38.000 --> 00:14:42.000]  住在大河那邊侍奉別神
[00:14:42.000 --> 00:14:46.000]  我將你們的祖宗亞伯拉罕
[00:14:46.000 --> 00:14:49.000]  從大河那邊帶出來
[00:14:49.000 --> 00:14:52.000]  領他走遍迦南全地
[00:14:52.000 --> 00:14:55.000]  又使他的子孫眾多
[00:14:55.000 --> 00:14:58.000]  我把二十次給他
[00:14:58.000 --> 00:15:03.000]  我又把雅各和以素次給二薩
[00:15:03.000 --> 00:15:07.000]  將西二山次給二素遺孽
[00:15:07.000 --> 00:15:13.000]  但雅各和他的子孫下到埃及去了
[00:15:13.000 --> 00:15:17.000]  我差遣摩西和亞倫
[00:15:17.000 --> 00:15:23.000]  召我在埃及中間所做的降災於埃及
[00:15:23.000 --> 00:15:26.000]  然後把你們領出來
[00:15:26.000 --> 00:15:30.000]  我領你們的祖宗出埃及
[00:15:30.000 --> 00:15:33.000]  你們就到了紅海
[00:15:33.000 --> 00:15:37.000]  埃及人帶領戰車騎兵
[00:15:37.000 --> 00:15:41.000]  追趕你們的祖宗到紅海
[00:15:41.000 --> 00:15:45.000]  你們的祖宗埃及耶和華
[00:15:45.000 --> 00:15:51.000]  他就用黑暗把你們和埃及人隔開了
[00:15:51.000 --> 00:15:57.000]  又使海水沖向埃及人淹沒他們
[00:15:57.000 --> 00:16:02.000]  我在埃及所做的你們都親眼見過
[00:16:02.000 --> 00:16:07.000]  你們在曠野住了很多日子
[00:16:07.000 --> 00:16:11.000]  我領你們到約旦河東
[00:16:11.000 --> 00:16:14.000]  阿摩尼人所住之地
[00:16:14.000 --> 00:16:17.000]  他們與你們爭戰
[00:16:17.000 --> 00:16:21.000]  我把他們交在你們手中
[00:16:21.000 --> 00:16:25.000]  你們就得了他們的地為業
[00:16:25.000 --> 00:16:30.000]  我也在你們面前滅絕他們
[00:16:30.000 --> 00:16:38.000]  那時摩亞王西伯的兒子巴勒起來攻擊以色列人
[00:16:38.000 --> 00:16:45.000]  派人去招比爾的兒子巴蘭來詛咒你們
[00:16:45.000 --> 00:16:48.000]  但我不願聽巴蘭
[00:16:48.000 --> 00:16:53.000]  所以他反而為你們年年祝福
[00:16:53.000 --> 00:16:58.000]  這樣我救了你們脫離他的手
[00:16:58.000 --> 00:17:02.000]  然後我們讀十四度節
[00:17:02.000 --> 00:17:04.000]  這個就是約書亞的問題
[00:17:04.000 --> 00:17:08.000]  現在你們要敬畏耶和華
[00:17:08.000 --> 00:17:12.000]  誠心誠意侍奉他
[00:17:12.000 --> 00:17:20.000]  除掉你們列祖在大河那邊和埃及侍奉的神明
[00:17:20.000 --> 00:17:23.000]  侍奉耶和華
[00:17:23.000 --> 00:17:27.000]  若你們認為侍奉耶和華不好
[00:17:27.000 --> 00:17:32.000]  今日就可以選擇所要侍奉的
[00:17:32.000 --> 00:17:39.000]  是你們列祖在大河那邊所侍奉的神明
[00:17:39.000 --> 00:17:45.000]  或是你們所住這地阿摩利人的神明
[00:17:45.000 --> 00:17:48.000]  至於我和我家
[00:17:48.000 --> 00:17:52.000]  我們必定侍奉耶和華
[00:17:52.000 --> 00:17:58.000]  今日約書亞是面對他人生最後的一個階段
[00:17:58.000 --> 00:18:01.000]  他其實可以輕輕鬆鬆離開
[00:18:01.000 --> 00:18:04.000]  因為他留下了很大的財產
[00:18:04.000 --> 00:18:09.000]  因為整片迦南封城的美地給以色列人
[00:18:09.000 --> 00:18:12.000]  不過正如所有異世祖一樣
[00:18:12.000 --> 00:18:14.000]  不怕他少年得志
[00:18:14.000 --> 00:18:19.000]  最怕他紅心壯志
[00:18:19.000 --> 00:18:21.000]  當他紅心壯志的時候
[00:18:21.000 --> 00:18:23.000]  就會敗了家產
[00:18:23.000 --> 00:18:27.000]  然後一步一步借銀行的貸款
[00:18:27.000 --> 00:18:32.000]  我們見到附近近期都有很多這樣的上市公司
[00:18:32.000 --> 00:18:34.000]  令人很擔心
[00:18:34.000 --> 00:18:38.000]  不過約書亞留下的不是財產
[00:18:38.000 --> 00:18:45.000]  而是要求以色列人一代對上帝的偉身
[00:18:45.000 --> 00:18:49.000]  對上帝的偉身才是最寶貴
[00:18:49.000 --> 00:18:53.000]  留給下一代的傳承
[00:18:53.000 --> 00:18:56.000]  不過在要求偉身之先
[00:18:56.000 --> 00:19:00.000]  約書亞首先說出三條的水
[00:19:00.000 --> 00:19:02.000]  這三條的水分別是
[00:19:02.000 --> 00:19:06.000]  右法拉底河、紅海和約旦河
[00:19:06.000 --> 00:19:08.000]  不過在說這三條水之前
[00:19:08.000 --> 00:19:11.000]  我想說一個更重要的地方
[00:19:11.000 --> 00:19:14.000]  就是事劍這個地方
[00:19:14.000 --> 00:19:15.000]  二十四章第一節
[00:19:15.000 --> 00:19:19.000]  約書亞召集以色列的眾支派到事劍
[00:19:19.000 --> 00:19:24.000]  他召了以色列的長老、領袖、審判官和官長來
[00:19:24.000 --> 00:19:27.000]  他們都站在神面前
[00:19:27.000 --> 00:19:29.000]  他們來到事劍
[00:19:29.000 --> 00:19:31.000]  事劍像哪裡呢?
[00:19:31.000 --> 00:19:36.000]  我不知道大家有沒有人是偷渡來香港的呢?
[00:19:36.000 --> 00:19:41.000]  如果你在1974年到1980年偷渡來香港
[00:19:41.000 --> 00:19:45.000]  當時是一個叫做抵壘政策
[00:19:45.000 --> 00:19:46.000]  就是如果
[00:19:46.000 --> 00:19:49.000]  因為當時的港英政府覺得這麼多人來
[00:19:49.000 --> 00:19:51.000]  接完他又不是
[00:19:51.000 --> 00:19:52.000]  趕完他又不是
[00:19:52.000 --> 00:19:55.000]  他就想了一個折衷的方法
[00:19:55.000 --> 00:19:59.000]  就是說如果你能夠經歷去完新界
[00:19:59.000 --> 00:20:02.000]  碰到太子站那裡的界限街
[00:20:02.000 --> 00:20:04.000]  你就可以
[00:20:04.000 --> 00:20:05.000]  如果有親戚接納你
[00:20:05.000 --> 00:20:07.000]  你就可以成為香港居民
[00:20:07.000 --> 00:20:09.000]  給你一張身份證
[00:20:09.000 --> 00:20:13.000]  界限街就成為了大家抵壘的地方
[00:20:13.000 --> 00:20:15.000]  就是這樣走過來
[00:20:15.000 --> 00:20:18.000]  界限街就猶如事劍
[00:20:18.000 --> 00:20:20.000]  因為阿巴拉罕第一次去嘉南
[00:20:20.000 --> 00:20:23.000]  落腳的地方就是事劍
[00:20:23.000 --> 00:20:25.000]  創世紀十二章六至七節
[00:20:25.000 --> 00:20:30.000]  阿巴蘭經過那地直到事劍地方摩利像樹那裡
[00:20:30.000 --> 00:20:32.000]  那時嘉南人住在那地
[00:20:32.000 --> 00:20:34.000]  耶和華向阿巴蘭顯現說
[00:20:34.000 --> 00:20:37.000]  我要把這地賜給你的後裔
[00:20:37.000 --> 00:20:39.000]  是阿巴蘭抵壘的地方
[00:20:39.000 --> 00:20:41.000]  和上帝向他顯現說
[00:20:41.000 --> 00:20:43.000]  將整個嘉南地賜給他的地方
[00:20:43.000 --> 00:20:45.000]  然後不單止是這樣
[00:20:45.000 --> 00:20:46.000]  事劍也是他第一次
[00:20:46.000 --> 00:20:49.000]  我們好像上一代很辛苦來到香港
[00:20:49.000 --> 00:20:50.000]  第一件事是怎樣?
[00:20:50.000 --> 00:20:52.000]  在山邊壩塊地搭一間木屋
[00:20:52.000 --> 00:20:54.000]  這個就是我們做的事情
[00:20:54.000 --> 00:20:57.000]  我們很多的爸爸媽媽都是這樣做
[00:20:57.000 --> 00:20:59.000]  來到搭一間木屋
[00:20:59.000 --> 00:21:02.000]  創世紀三十三章十八至十九節
[00:21:02.000 --> 00:21:04.000]  到第二代的時候
[00:21:04.000 --> 00:21:07.000]  第三代亞國從巴旦雅蘭
[00:21:07.000 --> 00:21:10.000]  平安地回到嘉南地的事劍城
[00:21:10.000 --> 00:21:12.000]  離開哥哥走回來
[00:21:12.000 --> 00:21:13.000]  去到事劍城
[00:21:13.000 --> 00:21:17.000]  他在城的前面支塔帳篷
[00:21:17.000 --> 00:21:18.000]  搭了一間木屋
[00:21:18.000 --> 00:21:20.000]  搭了一間木屋之後他要想起怎樣?
[00:21:20.000 --> 00:21:22.000]  他要找撩仔部給錢
[00:21:22.000 --> 00:21:24.000]  他用一百可石搭
[00:21:24.000 --> 00:21:27.000]  從事劍的父親哈末的種子手中
[00:21:27.000 --> 00:21:30.000]  買了搭帳篷的那塊地
[00:21:30.000 --> 00:21:33.000]  阿伯拉罕買的都是墓地
[00:21:33.000 --> 00:21:36.000]  亞國是買一塊生人的地
[00:21:36.000 --> 00:21:38.000]  是在他們嘉南擁有第一塊地
[00:21:38.000 --> 00:21:40.000]  就是在事劍
[00:21:40.000 --> 00:21:43.000]  所以約書亞和以色列人再一次納約
[00:21:43.000 --> 00:21:44.000]  要求他們毀身
[00:21:44.000 --> 00:21:47.000]  當時他們已經接受了整個嘉南地
[00:21:47.000 --> 00:21:50.000]  他坐在那裏臨離開世界之前
[00:21:50.000 --> 00:21:53.000]  約書亞一次過數了九百年的歷史
[00:21:53.000 --> 00:21:55.000]  大家經常聽長輩說話
[00:21:55.000 --> 00:21:57.000]  我九十年來又怎樣又怎樣
[00:21:57.000 --> 00:21:59.000]  他一次過數九百年
[00:21:59.000 --> 00:22:02.000]  十四節就數完了
[00:22:02.000 --> 00:22:06.000]  上一次當Erica牧師跟我們說
[00:22:06.000 --> 00:22:08.000]  他們召集了所有的領袖
[00:22:08.000 --> 00:22:11.000]  提醒他們是安逸的日子
[00:22:11.000 --> 00:22:12.000]  接下來是安逸的日子
[00:22:12.000 --> 00:22:14.000]  你要放下
[00:22:14.000 --> 00:22:17.000]  是安逸的日子我覺得要放下的
[00:22:17.000 --> 00:22:20.000]  不是當日的貧窮當日的艱難
[00:22:20.000 --> 00:22:23.000]  而是放下我們最重要的
[00:22:23.000 --> 00:22:25.000]  在教會我們行了四十年
[00:22:25.000 --> 00:22:26.000]  我自己覺得放下最重要的
[00:22:26.000 --> 00:22:29.000]  我們的權柄我們的級別
[00:22:29.000 --> 00:22:32.000]  我們的名聲我們的比較
[00:22:32.000 --> 00:22:35.000]  因為我們已經累積了很多這些在我們裏面
[00:22:35.000 --> 00:22:37.000]  如果我們不放下
[00:22:37.000 --> 00:22:39.000]  教會很難向前走
[00:22:39.000 --> 00:22:41.000]  所以在這裏
[00:22:41.000 --> 00:22:43.000]  他不單止召集了以色列的領袖
[00:22:43.000 --> 00:22:46.000]  他召集了以色列眾之派
[00:22:46.000 --> 00:22:49.000]  我們先植入式
[00:22:49.000 --> 00:22:52.000]  我們下個月會開會友大會
[00:22:52.000 --> 00:22:54.000]  大家記得參加
[00:22:54.000 --> 00:22:58.000]  大家參加之前記得更新你的恩福家的APP
[00:22:58.000 --> 00:23:00.000]  以致進來的時候順利一點
[00:23:00.000 --> 00:23:02.000]  我做完這個廣告
[00:23:02.000 --> 00:23:05.000]  其實當日也是一個會友大會
[00:23:05.000 --> 00:23:07.000]  約書亞在他臨終的時候
[00:23:07.000 --> 00:23:09.000]  焦聚了以色列全會眾
[00:23:09.000 --> 00:23:11.000]  再一次要求他們嚴肅地
[00:23:11.000 --> 00:23:13.000]  來到上帝面前納約
[00:23:13.000 --> 00:23:14.000]  但在納約之前
[00:23:14.000 --> 00:23:17.000]  因為委身才是承受這塊地最重要的傳承
[00:23:17.000 --> 00:23:19.000]  我們給多少錢我們的兒子
[00:23:19.000 --> 00:23:21.000]  多少的財富傳承
[00:23:21.000 --> 00:23:22.000]  如果他沒有了神
[00:23:22.000 --> 00:23:25.000]  可能兩年三年二十年三十年
[00:23:25.000 --> 00:23:27.000]  就已經不見了
[00:23:27.000 --> 00:23:31.000]  約書亞在要求以色列人委身之前
[00:23:31.000 --> 00:23:34.000]  他首先將耶和華自己
[00:23:34.000 --> 00:23:37.000]  在過去九百年的委身說出來
[00:23:37.000 --> 00:23:39.000]  在這九百年的委身
[00:23:39.000 --> 00:23:41.000]  他用了三條河
[00:23:41.000 --> 00:23:44.000]  大河、紅海和約旦河
[00:23:44.000 --> 00:23:46.000]  裏面這三條河
[00:23:46.000 --> 00:23:49.000]  上帝用了十四次「我」這個字
[00:23:49.000 --> 00:23:53.000]  說的是他自己親自委身在這個關係裏面
[00:23:53.000 --> 00:23:55.000]  所以第二節約書亞對眾百姓說
[00:23:55.000 --> 00:23:58.000]  耶和華以色列的神如此說
[00:23:58.000 --> 00:24:00.000]  古時你們的列祖
[00:24:00.000 --> 00:24:03.000]  就是亞伯拉罕和拿學的父親
[00:24:03.000 --> 00:24:07.000]  他拉住在大河那邊侍奉別神
[00:24:07.000 --> 00:24:10.000]  大河就是幼發拉底河
[00:24:10.000 --> 00:24:13.000]  幼發拉底河的另一邊就是巴比倫人的文明
[00:24:13.000 --> 00:24:16.000]  也是人類文化的啟齒地
[00:24:16.000 --> 00:24:18.000]  亞伯拉罕就住在那個地方
[00:24:18.000 --> 00:24:21.000]  在洪水之後人類就住在那個地方
[00:24:21.000 --> 00:24:23.000]  發展著他的文明
[00:24:23.000 --> 00:24:25.000]  但是那種文明是離棄神的文明
[00:24:25.000 --> 00:24:28.000]  所以亞伯拉罕和拿學這段經文說
[00:24:28.000 --> 00:24:33.000]  都在大河那邊侍奉別神和種素
[00:24:33.000 --> 00:24:36.000]  亞伯拉罕也是一個異教的敬拜者
[00:24:36.000 --> 00:24:39.000]  在幼發拉底河人類的文明那一段
[00:24:39.000 --> 00:24:42.000]  是在敬拜人類墮落的起點
[00:24:42.000 --> 00:24:45.000]  不過就在人類文明的起點
[00:24:45.000 --> 00:24:47.000]  神首先毀身
[00:24:47.000 --> 00:24:50.000]  將這個敬拜異教的亞伯拉罕拯救出來
[00:24:50.000 --> 00:24:53.000]  帶他離開幼發拉底河
[00:24:53.000 --> 00:24:55.000]  這一點提醒我們
[00:24:55.000 --> 00:24:56.000]  我們每一個人的得救
[00:24:56.000 --> 00:24:58.000]  都是首先上帝毀身在我們身上
[00:24:58.000 --> 00:25:01.000]  我們都是無力自救的罪人
[00:25:01.000 --> 00:25:02.000]  我們都是活在罪中
[00:25:02.000 --> 00:25:05.000]  甚至我們今天仍然活在幼發拉底河
[00:25:05.000 --> 00:25:07.000]  仍然活在罪的裏面
[00:25:07.000 --> 00:25:11.000]  都是上帝一次一次毀身將我們救出來
[00:25:11.000 --> 00:25:13.000]  上帝不單止毀身救亞伯拉罕出來
[00:25:13.000 --> 00:25:15.000]  也毀身他的成長
[00:25:15.000 --> 00:25:16.000]  在第三節說
[00:25:16.000 --> 00:25:20.000]  我將你們的祖宗亞伯拉罕從大河那邊帶出來
[00:25:20.000 --> 00:25:23.000]  領他走遍迦南泉地
[00:25:23.000 --> 00:25:25.000]  又使他的子孫眾多
[00:25:25.000 --> 00:25:27.000]  我把以撒賜給他
[00:25:27.000 --> 00:25:28.000]  很短一段經文
[00:25:28.000 --> 00:25:30.000]  但這就是亞伯拉罕的一生
[00:25:30.000 --> 00:25:31.000]  在他一生裏面
[00:25:31.000 --> 00:25:33.000]  以撒從來沒有出現過
[00:25:33.000 --> 00:25:35.000]  直到他一無所有
[00:25:35.000 --> 00:25:36.000]  生不了孩子
[00:25:36.000 --> 00:25:38.000]  他的孩子都未出現
[00:25:38.000 --> 00:25:40.000]  上帝的應許仍然落空
[00:25:40.000 --> 00:25:42.000]  在他去到最後最後
[00:25:42.000 --> 00:25:45.000]  上帝先賜以撒給他
[00:25:45.000 --> 00:25:47.000]  上帝毀身用一生建立他
[00:25:47.000 --> 00:25:52.000]  以至亞伯拉罕放下對自己任何的倚靠
[00:25:52.000 --> 00:25:56.000]  或許我自己是因福侍奉了二十幾年
[00:25:56.000 --> 00:25:59.000]  二十幾年可以成為我的資產
[00:25:59.000 --> 00:26:01.000]  成為我誇口的地方
[00:26:01.000 --> 00:26:03.000]  我都要放下
[00:26:03.000 --> 00:26:05.000]  這是上帝對因福每一個的祖長
[00:26:05.000 --> 00:26:07.000]  每一個侍奉人員的提醒
[00:26:07.000 --> 00:26:10.000]  否則我們很難復和
[00:26:10.000 --> 00:26:12.000]  亞伯拉罕在上帝的毀身下
[00:26:12.000 --> 00:26:14.000]  學會放下自己
[00:26:14.000 --> 00:26:16.000]  然後上帝再一次教導列祖
[00:26:16.000 --> 00:26:18.000]  要放下利益
[00:26:18.000 --> 00:26:19.000]  在第四節說
[00:26:19.000 --> 00:26:22.000]  我又把雅各和以掃賜給以撒
[00:26:22.000 --> 00:26:23.000]  跟著一段很特別的說話
[00:26:23.000 --> 00:26:26.000]  將西爾山賜給以掃為業
[00:26:26.000 --> 00:26:30.000]  但雅各和他的子孫下到埃及去了
[00:26:30.000 --> 00:26:34.000]  和哥以掃拿到他的產業
[00:26:34.000 --> 00:26:39.000]  但是弟弟埃及弟弟雅各卻要去埃及
[00:26:39.000 --> 00:26:41.000]  好像你是被上帝所揀選
[00:26:41.000 --> 00:26:43.000]  不過你一無所有
[00:26:43.000 --> 00:26:48.000]  反而你的同事你的親戚已經有了產業
[00:26:48.000 --> 00:26:50.000]  你還流離失所
[00:26:50.000 --> 00:26:52.000]  還不知道住在哪裡
[00:26:52.000 --> 00:26:54.000]  好像覺得上帝沒有祝福自己
[00:26:54.000 --> 00:26:57.000]  不過這一刻上帝正在教導雅各這一代人
[00:26:57.000 --> 00:27:01.000]  你放下利益傳言的依靠他
[00:27:01.000 --> 00:27:04.000]  上帝毀身在他們一代一代人的拯救裡面
[00:27:04.000 --> 00:27:06.000]  教會他們離開罪
[00:27:06.000 --> 00:27:08.000]  完全依靠上帝
[00:27:08.000 --> 00:27:10.000]  最後得到上帝的祝福
[00:27:10.000 --> 00:27:13.000]  這個是過了右法拉底河
[00:27:13.000 --> 00:27:16.000]  從人的罪裡面建立一個人的生命
[00:27:16.000 --> 00:27:19.000]  第二條河就是紅海
[00:27:19.000 --> 00:27:22.000]  紅海不是上一代人
[00:27:22.000 --> 00:27:25.000]  由第五節開始上帝正在用里門
[00:27:25.000 --> 00:27:28.000]  他由右法拉底河去到紅海的埃及
[00:27:28.000 --> 00:27:30.000]  最後要去到第三條河
[00:27:30.000 --> 00:27:32.000]  我們首先講到紅海
[00:27:32.000 --> 00:27:34.000]  在第五到十三節上帝和這一代人說話
[00:27:34.000 --> 00:27:37.000]  這個不是上一輩的信仰
[00:27:37.000 --> 00:27:39.000]  我們上一輩經歷過建堂
[00:27:39.000 --> 00:27:41.000]  我們上一輩經歷過我們很多的艱難
[00:27:41.000 --> 00:27:43.000]  不過可能我們在座當中
[00:27:43.000 --> 00:27:45.000]  很多人建堂的時候未必在
[00:27:45.000 --> 00:27:48.000]  不過在過去的十年我們都經歷過上帝很多的恩典
[00:27:48.000 --> 00:27:51.000]  我們見到上帝在我們當中興起年青人
[00:27:51.000 --> 00:27:53.000]  興起很多的子堂
[00:27:53.000 --> 00:27:58.000]  我們見到上帝無論在我們的官司裡面
[00:27:58.000 --> 00:28:00.000]  無論在我們的社會事件裡面
[00:28:00.000 --> 00:28:02.000]  無論在我們的疫症裡面
[00:28:02.000 --> 00:28:04.000]  仍然持守著教會
[00:28:04.000 --> 00:28:07.000]  我們見到這十年上帝讓我們走過
[00:28:07.000 --> 00:28:11.000]  就正如那一代人他們見到紅海的神蹟
[00:28:11.000 --> 00:28:13.000]  第五到十節他是這樣寫
[00:28:13.000 --> 00:28:15.000]  我差遣摩西和亞倫
[00:28:15.000 --> 00:28:19.000]  召我在埃及中間所做的降災於埃及
[00:28:19.000 --> 00:28:22.000]  然後把里門領出來
[00:28:22.000 --> 00:28:24.000]  帶領里門的祖宗出埃及
[00:28:24.000 --> 00:28:26.000]  里門就到了紅海
[00:28:26.000 --> 00:28:30.000]  埃及人帶領戰車騎兵追趕里門的祖宗到紅海
[00:28:30.000 --> 00:28:32.000]  里門的祖宗埃及耶和華
[00:28:32.000 --> 00:28:36.000]  他就用黑暗把里門和埃及人隔開了
[00:28:36.000 --> 00:28:39.000]  由死海水沖向埃及人淹沒他們
[00:28:39.000 --> 00:28:42.000]  我在埃及所做的里門都親眼見過
[00:28:42.000 --> 00:28:45.000]  里門在曠野住了很多日子
[00:28:45.000 --> 00:28:47.000]  這個是我們自己的信仰
[00:28:47.000 --> 00:28:50.000]  但是他們那一代的信仰經歷過什麼呢
[00:28:50.000 --> 00:28:52.000]  不單止是一個生命的建立
[00:28:52.000 --> 00:28:56.000]  他們在經歷一個政治勢力的崩潰
[00:28:56.000 --> 00:28:58.000]  我不知道大家有沒有機會去過
[00:28:58.000 --> 00:29:02.000]  故宮的一個今天還在辦的埃及展
[00:29:02.000 --> 00:29:04.000]  有多少人去過我想看看
[00:29:04.000 --> 00:29:05.000]  都不是很多
[00:29:05.000 --> 00:29:07.000]  去到31號都還有的
[00:29:07.000 --> 00:29:09.000]  是較暑期作業之前可以去
[00:29:09.000 --> 00:29:11.000]  我去了看
[00:29:11.000 --> 00:29:12.000]  我都很震撼
[00:29:12.000 --> 00:29:13.000]  有一張照片
[00:29:13.000 --> 00:29:14.000]  門口有一張照片
[00:29:14.000 --> 00:29:17.000]  其實應該是整個像這麼大的
[00:29:17.000 --> 00:29:20.000]  這個頭都已經是三個我這麼高
[00:29:20.000 --> 00:29:23.000]  整個像這麼大是多麼高
[00:29:23.000 --> 00:29:27.000]  當時這個是主前千多年
[00:29:27.000 --> 00:29:28.000]  即是摩西時代的像
[00:29:28.000 --> 00:29:30.000]  用花崗岩雕
[00:29:30.000 --> 00:29:33.000]  那時候我們中國做一個很原始的社會
[00:29:33.000 --> 00:29:35.000]  埃及已經是一個很宏大的文明
[00:29:35.000 --> 00:29:39.000]  有戰車和騎兵
[00:29:39.000 --> 00:29:42.000]  就是這一代人親自在紅海邊
[00:29:42.000 --> 00:29:45.000]  見過上帝將埃及完全的傾覆
[00:29:45.000 --> 00:29:47.000]  將他們完全的淹沒
[00:29:47.000 --> 00:29:49.000]  將他們拯救出來
[00:29:49.000 --> 00:29:53.000]  將他們從當時世界上最大的政治勢力裏面拯救出來
[00:29:53.000 --> 00:29:56.000]  有些像在第一次世界大戰
[00:29:56.000 --> 00:29:59.000]  有兩個很大的帝國崩潰了
[00:29:59.000 --> 00:30:02.000]  奧圖曼帝國
[00:30:02.000 --> 00:30:04.000]  匈牙利
[00:30:04.000 --> 00:30:06.000]  奧斯利帝國
[00:30:06.000 --> 00:30:08.000]  兩個都是一個很大的帝國
[00:30:08.000 --> 00:30:09.000]  當時兩個很大的帝國
[00:30:09.000 --> 00:30:12.000]  在轉眼之間崩潰了
[00:30:12.000 --> 00:30:14.000]  埃及的文明一樣
[00:30:14.000 --> 00:30:16.000]  上帝抗夜供養這群人
[00:30:16.000 --> 00:30:17.000]  帶領這群人出來
[00:30:17.000 --> 00:30:20.000]  紅海就是他們自己親身經歷過
[00:30:20.000 --> 00:30:23.000]  無論政治勢力有多強大的文明
[00:30:23.000 --> 00:30:25.000]  上帝仍然在背後保守他們
[00:30:25.000 --> 00:30:27.000]  以致領他們出來
[00:30:27.000 --> 00:30:29.000]  就正如我們今天親眼見過上帝
[00:30:29.000 --> 00:30:30.000]  在過往這麼多年
[00:30:30.000 --> 00:30:31.000]  十年的經歷裏面
[00:30:31.000 --> 00:30:33.000]  上帝仍然持守著教會
[00:30:33.000 --> 00:30:35.000]  今日我們仍然
[00:30:35.000 --> 00:30:37.000]  在上個禮拜的洗禮裏面
[00:30:37.000 --> 00:30:38.000]  48位
[00:30:38.000 --> 00:30:40.000]  有二十幾位是年輕人
[00:30:40.000 --> 00:30:42.000]  上帝仍然在當中
[00:30:42.000 --> 00:30:45.000]  在我們這一代興起舊恩
[00:30:45.000 --> 00:30:48.000]  這個是我們的紅海
[00:30:48.000 --> 00:30:50.000]  第三個
[00:30:50.000 --> 00:30:52.000]  第三條水
[00:30:52.000 --> 00:30:54.000]  他們去到約旦河邊
[00:30:54.000 --> 00:30:56.000]  在約旦河邊
[00:30:56.000 --> 00:30:57.000]  約書亞的重點就是
[00:30:57.000 --> 00:30:59.000]  上帝不單止建立人的生命
[00:30:59.000 --> 00:31:02.000]  不單止可以讓人戰勝最偉大的文明
[00:31:02.000 --> 00:31:06.000]  上帝亦都令人勝過人生任何的咒詛
[00:31:06.000 --> 00:31:07.000]  在八至十節
[00:31:07.000 --> 00:31:09.000]  他說我令你們到約旦河
[00:31:09.000 --> 00:31:11.000]  東亞摩利人所住之地
[00:31:11.000 --> 00:31:13.000]  他們與你們爭戰
[00:31:13.000 --> 00:31:15.000]  我把他們交在你們手中
[00:31:15.000 --> 00:31:17.000]  你們就得了他們的地為業
[00:31:17.000 --> 00:31:20.000]  我也在你們面前滅絕他們
[00:31:20.000 --> 00:31:24.000]  那時摩訶王西伯的兒子巴蘭
[00:31:24.000 --> 00:31:26.000]  起來攻擊以色列人
[00:31:26.000 --> 00:31:30.000]  派人去招比爾的兒子巴蘭來詛咒你們
[00:31:30.000 --> 00:31:32.000]  但我不願聽巴蘭
[00:31:32.000 --> 00:31:35.000]  所以他反而為你們年年祝福
[00:31:35.000 --> 00:31:38.000]  這樣我救了你們脫離他的手
[00:31:38.000 --> 00:31:40.000]  一場很宏大的戰爭
[00:31:40.000 --> 00:31:43.000]  不過聖經整天在這場戰爭中
[00:31:43.000 --> 00:31:47.000]  只是單單記載巴蘭的詛咒
[00:31:47.000 --> 00:31:51.000]  原來詛咒是帶著權力帶著勢力
[00:31:51.000 --> 00:31:52.000]  你上司
[00:31:52.000 --> 00:31:53.000]  這些是現代詛咒
[00:31:53.000 --> 00:31:56.000]  你上司給你一句評語
[00:31:56.000 --> 00:31:59.000]  可能你自己覺得自己很沒用
[00:31:59.000 --> 00:32:01.000]  可能覺得自己不能夠再工作
[00:32:01.000 --> 00:32:03.000]  這是一個詛咒
[00:32:03.000 --> 00:32:05.000]  這些詛咒都是一年半載會過去
[00:32:05.000 --> 00:32:08.000]  有時你父母給你一句評語
[00:32:08.000 --> 00:32:11.000]  可能成為你一生的詛咒
[00:32:11.000 --> 00:32:14.000]  最記得生一塊叉燒怎樣
[00:32:14.000 --> 00:32:15.000]  比生你更好
[00:32:15.000 --> 00:32:16.000]  真的自己想想
[00:32:16.000 --> 00:32:18.000]  叉燒這麼好吃
[00:32:18.000 --> 00:32:20.000]  為什麼我這麼差
[00:32:20.000 --> 00:32:23.000]  我真的聽過很多這些詛咒
[00:32:23.000 --> 00:32:25.000]  勒住了人的一生
[00:32:25.000 --> 00:32:27.000]  甚至魔鬼給你一句詛咒
[00:32:27.000 --> 00:32:28.000]  你沒用了
[00:32:28.000 --> 00:32:30.000]  你這麼多罪你怎麼能夠侍奉神
[00:32:30.000 --> 00:32:31.000]  你不配坐在這裡
[00:32:31.000 --> 00:32:33.000]  你坐在這裡多羞恥
[00:32:33.000 --> 00:32:36.000]  這些詛咒可能在我們的心裡
[00:32:36.000 --> 00:32:38.000]  這些現代人的詛咒
[00:32:38.000 --> 00:32:39.000]  可能一生都記得
[00:32:39.000 --> 00:32:42.000]  不是你我們離了婚
[00:32:42.000 --> 00:32:45.000]  可能這些咒咒連在我們心裡
[00:32:45.000 --> 00:32:49.000]  但是上帝在過約旦河邊
[00:32:49.000 --> 00:32:51.000]  不是記載很多的戰爭
[00:32:51.000 --> 00:32:53.000]  但往往記載著
[00:32:53.000 --> 00:32:55.000]  人的詛咒來到上帝面前
[00:32:55.000 --> 00:32:57.000]  會成為祝福
[00:32:57.000 --> 00:33:00.000]  以致我們不讓這些詛咒捆綁
[00:33:00.000 --> 00:33:02.000]  因為靠著那家給我力量的
[00:33:02.000 --> 00:33:04.000]  我凡事都能做
[00:33:04.000 --> 00:33:06.000]  再一次回到耶穌裡面
[00:33:06.000 --> 00:33:10.000]  所有的咒咒都可以重新一次成為更新
[00:33:10.000 --> 00:33:12.000]  在這三條河裡面
[00:33:12.000 --> 00:33:14.000]  上帝在九百年
[00:33:14.000 --> 00:33:16.000]  毀身他們生命的建立
[00:33:16.000 --> 00:33:18.000]  毀身他們整個國度的建立
[00:33:18.000 --> 00:33:22.000]  毀身在他們勝過咒咒人生的建立
[00:33:22.000 --> 00:33:24.000]  在這三條河裡面
[00:33:24.000 --> 00:33:26.000]  說完之後
[00:33:26.000 --> 00:33:28.000]  約書亞說了上帝的毀身
[00:33:28.000 --> 00:33:30.000]  然後他向大家
[00:33:30.000 --> 00:33:31.000]  向上帝的子民
[00:33:31.000 --> 00:33:33.000]  發出毀身的呼召
[00:33:33.000 --> 00:33:36.000]  也是今天要問的問題
[00:33:36.000 --> 00:33:38.000]  現在你們要敬畏耶和華
[00:33:38.000 --> 00:33:40.000]  誠心誠意侍奉祂
[00:33:40.000 --> 00:33:43.000]  除掉你們列祖在大河那邊
[00:33:43.000 --> 00:33:45.000]  和在埃及侍奉的神明
[00:33:45.000 --> 00:33:47.000]  侍奉耶和華
[00:33:47.000 --> 00:33:50.000]  若你們認為侍奉耶和華不好
[00:33:50.000 --> 00:33:53.000]  今天就可以選擇所要侍奉的
[00:33:53.000 --> 00:33:55.000]  是你們列祖在大河那邊
[00:33:55.000 --> 00:33:56.000]  所侍奉的神明
[00:33:56.000 --> 00:33:58.000]  或是你們所住的地
[00:33:58.000 --> 00:34:00.000]  阿摩利人的神明
[00:34:00.000 --> 00:34:02.000]  至於我和我家
[00:34:02.000 --> 00:34:04.000]  我們必定侍奉耶和華
[00:34:04.000 --> 00:34:06.000]  原來當時他們還抱著
[00:34:06.000 --> 00:34:09.000]  亞伯拉罕在大河那邊的神明
[00:34:09.000 --> 00:34:11.000]  已經九百年過去
[00:34:11.000 --> 00:34:13.000]  他們還有些很原始的敬拜
[00:34:13.000 --> 00:34:15.000]  仍然在他們的裡面
[00:34:15.000 --> 00:34:17.000]  可能我們做了基督徒很久
[00:34:17.000 --> 00:34:19.000]  我們仍然想
[00:34:19.000 --> 00:34:22.000]  今年會不會犯太歲
[00:34:22.000 --> 00:34:24.000]  仍然想
[00:34:24.000 --> 00:34:27.000]  會不會去黃大仙問一問
[00:34:27.000 --> 00:34:29.000]  可能這些很惡劣的情況裡面
[00:34:29.000 --> 00:34:33.000]  我們都會產生一種信念
[00:34:33.000 --> 00:34:35.000]  又或者我們已經沒有
[00:34:35.000 --> 00:34:37.000]  這麼原始的敬拜
[00:34:37.000 --> 00:34:39.000]  我們有些更原始的敬拜
[00:34:39.000 --> 00:34:41.000]  其實我們侍奉都不是侍奉神
[00:34:41.000 --> 00:34:43.000]  我們侍奉自己的級別
[00:34:43.000 --> 00:34:45.000]  侍奉自己的地位
[00:34:45.000 --> 00:34:47.000]  這個都是一個很原始的敬拜
[00:34:47.000 --> 00:34:49.000]  這個都是我們每天要面對
[00:34:49.000 --> 00:34:51.000]  在亞伯拉罕河邊的挑戰
[00:34:51.000 --> 00:34:53.000]  我們都要問
[00:34:53.000 --> 00:34:55.000]  我們還在不在大河那邊的神明
[00:34:55.000 --> 00:34:57.000]  抑或是阿摩利地的神明
[00:34:57.000 --> 00:35:00.000]  阿摩利地的神明可能代表新一代的神明
[00:35:00.000 --> 00:35:02.000]  我見過
[00:35:02.000 --> 00:35:05.000]  我們有人追星追得很誇張
[00:35:05.000 --> 00:35:07.000]  我不知道大家是怎樣
[00:35:07.000 --> 00:35:10.000]  會不會那些都成為了我們的敬拜
[00:35:10.000 --> 00:35:13.000]  智能手機就是我們新一代的敬拜
[00:35:13.000 --> 00:35:15.000]  滾機滾到無天無日
[00:35:15.000 --> 00:35:17.000]  大數據成為我們新的敬拜
[00:35:17.000 --> 00:35:19.000]  事業的成就
[00:35:19.000 --> 00:35:21.000]  金錢的資本
[00:35:21.000 --> 00:35:23.000]  效率速度當日亞國放低的
[00:35:23.000 --> 00:35:25.000]  今天就是埃及的神明
[00:35:25.000 --> 00:35:27.000]  成為了我們的敬拜
[00:35:27.000 --> 00:35:29.000]  約書亞再問我們
[00:35:29.000 --> 00:35:31.000]  我們會不會
[00:35:31.000 --> 00:35:33.000]  離開這些敬拜
[00:35:33.000 --> 00:35:35.000]  再一次選擇敬拜神
[00:35:35.000 --> 00:35:37.000]  約書亞說你不單止要敬畏祂
[00:35:37.000 --> 00:35:39.000]  你要誠心誠意
[00:35:39.000 --> 00:35:41.000]  如果我的翻譯就是
[00:35:41.000 --> 00:35:43.000]  以完全和誠實
[00:35:43.000 --> 00:35:45.000]  Complete and Amen
[00:35:45.000 --> 00:35:47.000]  Complete和阿門
[00:35:47.000 --> 00:35:49.000]  以完全和誠實敬拜祂
[00:35:49.000 --> 00:35:51.000]  這個約書亞所顯現出來
[00:35:51.000 --> 00:35:53.000]  比當代以色列人的選擇
[00:35:53.000 --> 00:35:55.000]  不過約書亞隨即對百姓說
[00:35:55.000 --> 00:35:57.000]  你們不能侍奉耶和華
[00:35:57.000 --> 00:35:59.000]  因為祂是神聖的神
[00:35:59.000 --> 00:36:01.000]  是忌邪的神
[00:36:01.000 --> 00:36:03.000]  必不赦滿你們的過犯罪惡
[00:36:03.000 --> 00:36:05.000]  他們其實在他們的生命裏
[00:36:05.000 --> 00:36:07.000]  約書亞在預示一件事
[00:36:07.000 --> 00:36:09.000]  那一代人能夠選擇敬拜
[00:36:09.000 --> 00:36:11.000]  不過也在預示他們有一個挑戰
[00:36:11.000 --> 00:36:15.000]  他們不能夠用完全和誠實去敬拜
[00:36:15.000 --> 00:36:17.000]  所以這段經文不單止對著那一代人說
[00:36:17.000 --> 00:36:19.000]  那一代人其實跟著約書亞選擇了
[00:36:19.000 --> 00:36:21.000]  也敬拜神
[00:36:21.000 --> 00:36:23.000]  蒙了上帝的祝福
[00:36:23.000 --> 00:36:25.000]  不過到了後代
[00:36:25.000 --> 00:36:27.000]  他們再一次的失敗
[00:36:27.000 --> 00:36:31.000]  以致他們去到原點
[00:36:31.000 --> 00:36:33.000]  如果大家細心思想這段經文
[00:36:33.000 --> 00:36:35.000]  猶太人拿著這本聖經
[00:36:35.000 --> 00:36:37.000]  看著約書亞記
[00:36:37.000 --> 00:36:39.000]  至少有六百年的時間
[00:36:39.000 --> 00:36:41.000]  回到他們的原點
[00:36:41.000 --> 00:36:43.000]  至少有六百年的時間
[00:36:43.000 --> 00:36:45.000]  他們被巴比倫人
[00:36:45.000 --> 00:36:47.000]  擄回到
[00:36:47.000 --> 00:36:49.000]  幼法拉底河邊
[00:36:49.000 --> 00:36:51.000]  回到亞伯拉罕出生的地方
[00:36:51.000 --> 00:36:53.000]  在那裏
[00:36:53.000 --> 00:36:55.000]  不能再敬拜神
[00:36:55.000 --> 00:36:59.000]  到了那裏
[00:36:59.000 --> 00:37:01.000]  大河邊的時候
[00:37:01.000 --> 00:37:03.000]  那一刻他們亡國
[00:37:03.000 --> 00:37:05.000]  他們回到原點
[00:37:05.000 --> 00:37:07.000]  他們看到的是什麼呢
[00:37:07.000 --> 00:37:09.000]  他們看到巴比倫的軍隊
[00:37:09.000 --> 00:37:11.000]  強大過埃及的軍隊
[00:37:11.000 --> 00:37:13.000]  剛才你看到埃及的神明很大
[00:37:13.000 --> 00:37:15.000]  巴比倫的神明更大
[00:37:15.000 --> 00:37:17.000]  他們看到埃及的金字塔很漂亮
[00:37:17.000 --> 00:37:19.000]  他們看到埃及的神明很大
[00:37:19.000 --> 00:37:21.000]  他們看到埃及的神明很大
[00:37:21.000 --> 00:37:23.000]  他們看到埃及的神明很大
[00:37:23.000 --> 00:37:25.000]  他們看到埃及的神明很大
[00:37:25.000 --> 00:37:27.000]  他們看到埃及的神明很大
[00:37:27.000 --> 00:37:29.000]  他們看到埃及的神明很大
[00:37:29.000 --> 00:37:31.000]  他們看到埃及的神明很大
[00:37:31.000 --> 00:37:33.000]  他們看到埃及的神明很大
[00:37:33.000 --> 00:37:35.000]  他們看到埃及的神明很大
[00:37:35.000 --> 00:37:37.000]  他們看到埃及的神明很大
[00:37:37.000 --> 00:37:39.000]  他們看到埃及的神明很大
[00:37:39.000 --> 00:37:41.000]  他們看到埃及的神明很大
[00:37:41.000 --> 00:37:43.000]  他們看到埃及的神明很大
[00:37:43.000 --> 00:37:45.000]  他們看到埃及的神明很大
[00:37:45.000 --> 00:37:47.000]  他們看到埃及的神明很大
[00:37:47.000 --> 00:37:49.000]  他們看到埃及的神明很大
[00:37:49.000 --> 00:37:51.000]  他們看到埃及的神明很大
[00:37:51.000 --> 00:37:53.000]  他們看到埃及的神明很大
[00:37:53.000 --> 00:37:55.000]  他們看到埃及的神明很大
[00:37:55.000 --> 00:37:57.000]  他們看到埃及的神明很大
[00:37:57.000 --> 00:37:59.000]  他們看到埃及的神明很大
[00:37:59.000 --> 00:38:01.000]  他們看到埃及的神明很大
[00:38:01.000 --> 00:38:03.000]  他們看到埃及的神明很大
[00:38:03.000 --> 00:38:05.000]  他們看到埃及的神明很大
[00:38:05.000 --> 00:38:07.000]  他們看到埃及的神明很大
[00:38:07.000 --> 00:38:09.000]  他們看到埃及的神明很大
[00:38:09.000 --> 00:38:11.000]  他們看到埃及的神明很大
[00:38:11.000 --> 00:38:13.000]  他們看到埃及的神明很大
[00:38:13.000 --> 00:38:15.000]  他們看到埃及的神明很大
[00:38:15.000 --> 00:38:17.000]  他們看到埃及的神明很大
[00:38:17.000 --> 00:38:19.000]  他們看到埃及的神明很大
[00:38:19.000 --> 00:38:21.000]  他們看到埃及的神明很大
[00:38:21.000 --> 00:38:23.000]  他們看到埃及的神明很大
[00:38:23.000 --> 00:38:25.000]  他們看到埃及的神明很大
[00:38:25.000 --> 00:38:27.000]  他們看到埃及的神明很大
[00:38:27.000 --> 00:38:29.000]  他們看到埃及的神明很大
[00:38:29.000 --> 00:38:31.000]  他們看到埃及的神明很大
[00:38:31.000 --> 00:38:33.000]  他們看到埃及的神明很大
[00:38:33.000 --> 00:38:35.000]  他們看到埃及的神明很大
[00:38:35.000 --> 00:38:37.000]  他們看到埃及的神明很大
[00:38:37.000 --> 00:38:39.000]  他們看到埃及的神明很大
[00:38:39.000 --> 00:38:41.000]  他們看到埃及的神明很大
[00:38:41.000 --> 00:38:43.000]  他們看到埃及的神明很大
[00:38:43.000 --> 00:38:45.000]  他們看到埃及的神明很大
[00:38:45.000 --> 00:38:47.000]  他們看到埃及的神明很大
[00:38:47.000 --> 00:38:49.000]  他們看到埃及的神明很大
[00:38:49.000 --> 00:38:51.000]  他們看到埃及的神明很大
[00:38:51.000 --> 00:38:53.000]  他們看到埃及的神明很大
[00:38:53.000 --> 00:38:55.000]  他們看到埃及的神明很大
[00:38:55.000 --> 00:38:57.000]  他們看到埃及的神明很大
[00:38:57.000 --> 00:38:59.000]  他們看到埃及的神明很大
[00:38:59.000 --> 00:39:01.000]  他們看到埃及的神明很大
[00:39:01.000 --> 00:39:03.000]  他們看到埃及的神明很大
[00:39:03.000 --> 00:39:05.000]  他們看到埃及的神明很大
[00:39:05.000 --> 00:39:07.000]  他們看到埃及的神明很大
[00:39:07.000 --> 00:39:09.000]  他們看到埃及的神明很大
[00:39:09.000 --> 00:39:11.000]  他們看到埃及的神明很大
[00:39:11.000 --> 00:39:13.000]  他們看到埃及的神明很大
[00:39:13.000 --> 00:39:15.000]  他們看到埃及的神明很大
[00:39:15.000 --> 00:39:17.000]  他們看到埃及的神明很大
[00:39:17.000 --> 00:39:19.000]  他們看到埃及的神明很大
[00:39:19.000 --> 00:39:21.000]  他們看到埃及的神明很大
[00:39:21.000 --> 00:39:23.000]  他們看到埃及的神明很大
[00:39:23.000 --> 00:39:25.000]  他們看到埃及的神明很大
[00:39:25.000 --> 00:39:27.000]  他們看到埃及的神明很大
[00:39:27.000 --> 00:39:29.000]  他們看到埃及的神明很大
[00:39:29.000 --> 00:39:31.000]  他們看到埃及的神明很大
[00:39:31.000 --> 00:39:33.000]  他們看到埃及的神明很大
[00:39:33.000 --> 00:39:35.000]  他們看到埃及的神明很大
[00:39:35.000 --> 00:39:37.000]  他們看到埃及的神明很大
[00:39:37.000 --> 00:39:39.000]  他們看到埃及的神明很大
[00:39:39.000 --> 00:39:41.000]  他們看到埃及的神明很大
[00:39:41.000 --> 00:39:43.000]  他們看到埃及的神明很大
[00:39:43.000 --> 00:39:45.000]  他們看到埃及的神明很大
[00:39:45.000 --> 00:39:47.000]  他們看到埃及的神明很大
[00:39:47.000 --> 00:39:49.000]  他們看到埃及的神明很大
[00:39:49.000 --> 00:39:51.000]  他們看到埃及的神明很大
[00:39:51.000 --> 00:39:53.000]  他們看到埃及的神明很大
[00:39:53.000 --> 00:39:55.000]  他們看到埃及的神明很大
[00:39:55.000 --> 00:39:57.000]  他們看到埃及的神明很大
[00:39:57.000 --> 00:39:59.000]  他們看到埃及的神明很大
[00:39:59.000 --> 00:40:01.000]  他們看到埃及的神明很大
[00:40:01.000 --> 00:40:03.000]  他們看到埃及的神明很大
[00:40:03.000 --> 00:40:05.000]  他們看到埃及的神明很大
[00:40:05.000 --> 00:40:07.000]  他們看到埃及的神明很大
[00:40:07.000 --> 00:40:09.000]  他們看到埃及的神明很大
[00:40:09.000 --> 00:40:11.000]  他們看到埃及的神明很大
[00:40:11.000 --> 00:40:13.000]  他們看到埃及的神明很大
[00:40:13.000 --> 00:40:15.000]  他們看到埃及的神明很大
[00:40:15.000 --> 00:40:17.000]  他們看到埃及的神明很大
[00:40:17.000 --> 00:40:19.000]  他們看到埃及的神明很大
[00:40:19.000 --> 00:40:21.000]  他們看到埃及的神明很大
[00:40:21.000 --> 00:40:23.000]  他們看到埃及的神明很大
[00:40:23.000 --> 00:40:25.000]  他們看到埃及的神明很大
[00:40:25.000 --> 00:40:27.000]  他們看到埃及的神明很大
[00:40:27.000 --> 00:40:29.000]  他們看到埃及的神明很大
[00:40:29.000 --> 00:40:31.000]  他們看到埃及的神明很大
[00:40:31.000 --> 00:40:33.000]  他們看到埃及的神明很大
[00:40:33.000 --> 00:40:35.000]  他們看到埃及的神明很大
[00:40:35.000 --> 00:40:37.000]  他們看到埃及的神明很大
[00:40:37.000 --> 00:40:39.000]  他們看到埃及的神明很大
[00:40:39.000 --> 00:40:41.000]  他們看到埃及的神明很大
[00:40:41.000 --> 00:40:43.000]  他們看到埃及的神明很大
[00:40:43.000 --> 00:40:45.000]  他們看到埃及的神明很大
[00:40:45.000 --> 00:40:47.000]  他們看到埃及的神明很大
[00:40:47.000 --> 00:40:49.000]  他們看到埃及的神明很大
[00:40:49.000 --> 00:40:51.000]  他們看到埃及的神明很大
[00:40:51.000 --> 00:40:53.000]  他們看到埃及的神明很大
[00:40:53.000 --> 00:40:55.000]  他們看到埃及的神明很大
[00:40:55.000 --> 00:40:57.000]  他們看到埃及的神明很大
[00:40:57.000 --> 00:40:59.000]  他們看到埃及的神明很大
[00:40:59.000 --> 00:41:01.000]  他們看到埃及的神明很大
[00:41:01.000 --> 00:41:03.000]  他們看到埃及的神明很大
[00:41:03.000 --> 00:41:05.000]  他們看到埃及的神明很大
[00:41:05.000 --> 00:41:07.000]  他們看到埃及的神明很大
[00:41:07.000 --> 00:41:09.000]  他們看到埃及的神明很大
[00:41:09.000 --> 00:41:11.000]  他們看到埃及的神明很大
[00:41:11.000 --> 00:41:13.000]  他們看到埃及的神明很大
[00:41:13.000 --> 00:41:15.000]  他們看到埃及的神明很大
[00:41:15.000 --> 00:41:17.000]  他們看到埃及的神明很大
[00:41:17.000 --> 00:41:19.000]  他們看到埃及的神明很大
[00:41:19.000 --> 00:41:21.000]  他們看到埃及的神明很大
[00:41:21.000 --> 00:41:23.000]  他們看到埃及的神明很大
[00:41:23.000 --> 00:41:25.000]  他們看到埃及的神明很大
[00:41:25.000 --> 00:41:27.000]  他們看到埃及的神明很大
[00:41:27.000 --> 00:41:29.000]  他們看到埃及的神明很大
[00:41:29.000 --> 00:41:31.000]  他們看到埃及的神明很大
[00:41:31.000 --> 00:41:33.000]  他們看到埃及的神明很大
[00:41:33.000 --> 00:41:35.000]  他們看到埃及的神明很大
[00:41:35.000 --> 00:41:37.000]  他們看到埃及的神明很大
[00:41:37.000 --> 00:41:39.000]  他們看到埃及的神明很大
[00:41:39.000 --> 00:41:41.000]  他們看到埃及的神明很大
[00:41:41.000 --> 00:41:43.000]  他們看到埃及的神明很大
[00:41:43.000 --> 00:41:45.000]  他們看到埃及的神明很大
[00:41:45.000 --> 00:41:47.000]  他們看到埃及的神明很大
[00:41:47.000 --> 00:41:49.000]  他們看到埃及的神明很大
[00:41:49.000 --> 00:41:51.000]  他們看到埃及的神明很大
[00:41:51.000 --> 00:41:53.000]  他們看到埃及的神明很大
[00:41:53.000 --> 00:41:55.000]  他們看到埃及的神明很大
[00:41:55.000 --> 00:41:57.000]  他們看到埃及的神明很大
[00:41:57.000 --> 00:41:59.000]  他們看到埃及的神明很大
[00:41:59.000 --> 00:42:01.000]  他們看到埃及的神明很大
[00:42:01.000 --> 00:42:03.000]  他們看到埃及的神明很大
[00:42:03.000 --> 00:42:05.000]  他們看到埃及的神明很大
[00:42:05.000 --> 00:42:07.000]  他們看到埃及的神明很大
[00:42:07.000 --> 00:42:09.000]  他們看到埃及的神明很大
[00:42:09.000 --> 00:42:11.000]  他們看到埃及的神明很大
[00:42:11.000 --> 00:42:13.000]  他們看到埃及的神明很大
[00:42:13.000 --> 00:42:15.000]  他們看到埃及的神明很大
[00:42:15.000 --> 00:42:17.000]  他們看到埃及的神明很大
[00:42:17.000 --> 00:42:19.000]  他們看到埃及的神明很大
[00:42:19.000 --> 00:42:21.000]  他們看到埃及的神明很大
[00:42:21.000 --> 00:42:23.000]  他們看到埃及的神明很大
[00:42:23.000 --> 00:42:25.000]  他們看到埃及的神明很大
[00:42:25.000 --> 00:42:27.000]  他們看到埃及的神明很大
[00:42:27.000 --> 00:42:29.000]  他們看到埃及的神明很大
[00:42:29.000 --> 00:42:31.000]  他們看到埃及的神明很大
[00:42:31.000 --> 00:42:33.000]  他們看到埃及的神明很大
[00:42:33.000 --> 00:42:35.000]  他們看到埃及的神明很大
[00:42:35.000 --> 00:42:37.000]  他們看到埃及的神明很大
[00:42:37.000 --> 00:42:39.000]  他們看到埃及的神明很大
[00:42:39.000 --> 00:42:41.000]  他們看到埃及的神明很大
[00:42:41.000 --> 00:42:43.000]  他們看到埃及的神明很大
[00:42:43.000 --> 00:42:45.000]  他們看到埃及的神明很大
[00:42:45.000 --> 00:42:47.000]  他們看到埃及的神明很大
[00:42:47.000 --> 00:42:49.000]  他們看到埃及的神明很大
[00:42:49.000 --> 00:42:51.000]  他們看到埃及的神明很大
[00:42:51.000 --> 00:42:53.000]  他們看到埃及的神明很大
[00:42:53.000 --> 00:42:55.000]  他們看到埃及的神明很大
[00:42:55.000 --> 00:42:57.000]  他們看到埃及的神明很大
[00:42:57.000 --> 00:42:59.000]  他們看到埃及的神明很大
[00:42:59.000 --> 00:43:01.000]  他們看到埃及的神明很大
[00:43:01.000 --> 00:43:03.000]  他們看到埃及的神明很大
[00:43:03.000 --> 00:43:05.000]  他們看到埃及的神明很大
[00:43:05.000 --> 00:43:07.000]  他們看到埃及的神明很大
[00:43:07.000 --> 00:43:09.000]  他們看到埃及的神明很大
[00:43:09.000 --> 00:43:11.000]  他們看到埃及的神明很大
[00:43:11.000 --> 00:43:13.000]  他們看到埃及的神明很大
[00:43:13.000 --> 00:43:15.000]  他們看到埃及的神明很大
[00:43:15.000 --> 00:43:17.000]  他們看到埃及的神明很大
[00:43:17.000 --> 00:43:19.000]  他們看到埃及的神明很大
[00:43:19.000 --> 00:43:21.000]  他們看到埃及的神明很大
[00:43:21.000 --> 00:43:23.000]  他們看到埃及的神明很大
[00:43:23.000 --> 00:43:25.000]  他們看到埃及的神明很大
[00:43:25.000 --> 00:43:27.000]  他們看到埃及的神明很大
[00:43:27.000 --> 00:43:29.000]  他們看到埃及的神明很大
[00:43:29.000 --> 00:43:31.000]  他們看到埃及的神明很大
[00:43:31.000 --> 00:43:33.000]  他們看到埃及的神明很大
[00:43:33.000 --> 00:43:35.000]  他們看到埃及的神明很大
[00:43:35.000 --> 00:43:37.000]  他們看到埃及的神明很大
[00:43:37.000 --> 00:43:39.000]  他們看到埃及的神明很大
[00:43:39.000 --> 00:43:41.000]  他們看到埃及的神明很大
[00:43:41.000 --> 00:43:43.000]  他們看到埃及的神明很大
[00:43:43.000 --> 00:43:45.000]  他們看到埃及的神明很大
[00:43:45.000 --> 00:43:47.000]  他們看到埃及的神明很大
[00:43:47.000 --> 00:43:49.000]  他們看到埃及的神明很大
[00:43:49.000 --> 00:43:51.000]  他們看到埃及的神明很大
[00:43:51.000 --> 00:43:53.000]  他們看到埃及的神明很大
[00:43:53.000 --> 00:43:55.000]  他們看到埃及的神明很大
[00:43:55.000 --> 00:43:57.000]  他們看到埃及的神明很大
[00:43:57.000 --> 00:43:59.000]  他們看到埃及的神明很大
[00:43:59.000 --> 00:44:01.000]  他們看到埃及的神明很大
[00:44:01.000 --> 00:44:03.000]  他們看到埃及的神明很大
[00:44:03.000 --> 00:44:05.000]  他們看到埃及的神明很大
[00:44:05.000 --> 00:44:07.000]  他們看到埃及的神明很大
[00:44:07.000 --> 00:44:09.000]  他們看到埃及的神明很大
[00:44:09.000 --> 00:44:11.000]  他們看到埃及的神明很大
[00:44:11.000 --> 00:44:13.000]  他們看到埃及的神明很大
[00:44:13.000 --> 00:44:15.000]  他們看到埃及的神明很大
[00:44:15.000 --> 00:44:17.000]  他們看到埃及的神明很大
[00:44:17.000 --> 00:44:19.000]  他們看到埃及的神明很大
[00:44:19.000 --> 00:44:21.000]  他們看到埃及的神明很大
[00:44:21.000 --> 00:44:23.000]  他們看到埃及的神明很大
[00:44:23.000 --> 00:44:25.000]  他們看到埃及的神明很大
[00:44:25.000 --> 00:44:27.000]  他們看到埃及的神明很大
[00:44:27.000 --> 00:44:29.000]  他們看到埃及的神明很大
[00:44:29.000 --> 00:44:31.000]  他們看到埃及的神明很大
[00:44:31.000 --> 00:44:33.000]  他們看到埃及的神明很大
[00:44:33.000 --> 00:44:35.000]  他們看到埃及的神明很大
[00:44:35.000 --> 00:44:37.000]  他們看到埃及的神明很大
[00:44:37.000 --> 00:44:39.000]  他們看到埃及的神明很大
[00:44:39.000 --> 00:44:41.000]  他們看到埃及的神明很大
[00:44:41.000 --> 00:44:43.000]  他們看到埃及的神明很大
[00:44:43.000 --> 00:44:45.000]  他們看到埃及的神明很大
[00:44:45.000 --> 00:44:47.000]  他們看到埃及的神明很大
[00:44:47.000 --> 00:44:49.000]  他們看到埃及的神明很大
[00:44:49.000 --> 00:44:51.000]  他們看到埃及的神明很大
[00:44:51.000 --> 00:44:53.000]  他們看到埃及的神明很大
[00:44:53.000 --> 00:44:55.000]  他們看到埃及的神明很大
[00:44:55.000 --> 00:44:57.000]  他們看到埃及的神明很大
[00:44:57.000 --> 00:44:59.000]  他們看到埃及的神明很大
[00:44:59.000 --> 00:45:01.000]  他們看到埃及的神明很大
[00:45:01.000 --> 00:45:03.000]  他們看到埃及的神明很大
[00:45:03.000 --> 00:45:05.000]  他們看到埃及的神明很大
[00:45:05.000 --> 00:45:07.000]  他們看到埃及的神明很大
[00:45:07.000 --> 00:45:09.000]  他們看到埃及的神明很大
[00:45:09.000 --> 00:45:11.000]  他們看到埃及的神明很大
[00:45:11.000 --> 00:45:13.000]  他們看到埃及的神明很大
[00:45:13.000 --> 00:45:15.000]  他們看到埃及的神明很大
[00:45:15.000 --> 00:45:17.000]  他們看到埃及的神明很大
[00:45:17.000 --> 00:45:19.000]  他們看到埃及的神明很大
[00:45:19.000 --> 00:45:21.000]  他們看到埃及的神明很大
[00:45:21.000 --> 00:45:23.000]  他們看到埃及的神明很大
[00:45:23.000 --> 00:45:25.000]  他們看到埃及的神明很大
[00:45:25.000 --> 00:45:27.000]  他們看到埃及的神明很大
[00:45:27.000 --> 00:45:29.000]  他們看到埃及的神明很大
[00:45:29.000 --> 00:45:31.000]  他們看到埃及的神明很大
[00:45:31.000 --> 00:45:33.000]  他們看到埃及的神明很大
[00:45:33.000 --> 00:45:35.000]  他們看到埃及的神明很大
[00:45:35.000 --> 00:45:37.000]  他們看到埃及的神明很大
[00:45:37.000 --> 00:45:39.000]  他們看到埃及的神明很大
[00:45:39.000 --> 00:45:41.000]  他們看到埃及的神明很大
[00:45:41.000 --> 00:45:43.000]  他們看到埃及的神明很大
[00:45:43.000 --> 00:45:45.000]  他們看到埃及的神明很大
[00:45:45.000 --> 00:45:47.000]  他們看到埃及的神明很大
[00:45:47.000 --> 00:45:49.000]  他們看到埃及的神明很大
[00:45:49.000 --> 00:45:51.000]  他們看到埃及的神明很大
[00:45:51.000 --> 00:45:53.000]  他們看到埃及的神明很大
[00:45:53.000 --> 00:45:55.000]  他們看到埃及的神明很大
[00:45:55.000 --> 00:45:57.000]  他們看到埃及的神明很大
[00:45:57.000 --> 00:45:59.000]  他們看到埃及的神明很大
[00:45:59.000 --> 00:46:01.000]  他們看到埃及的神明很大
[00:46:01.000 --> 00:46:03.000]  他們看到埃及的神明很大
[00:46:03.000 --> 00:46:05.000]  他們看到埃及的神明很大
[00:46:05.000 --> 00:46:07.000]  他們看到埃及的神明很大
[00:46:07.000 --> 00:46:09.000]  他們看到埃及的神明很大
[00:46:09.000 --> 00:46:11.000]  他們看到埃及的神明很大
[00:46:11.000 --> 00:46:13.000]  他們看到埃及的神明很大
[00:46:13.000 --> 00:46:15.000]  他們看到埃及的神明很大
[00:46:15.000 --> 00:46:17.000]  他們看到埃及的神明很大
[00:46:17.000 --> 00:46:19.000]  他們看到埃及的神明很大
[00:46:19.000 --> 00:46:21.000]  他們看到埃及的神明很大
[00:46:21.000 --> 00:46:23.000]  他們看到埃及的神明很大
[00:46:23.000 --> 00:46:25.000]  他們看到埃及的神明很大
[00:46:25.000 --> 00:46:27.000]  他們看到埃及的神明很大
[00:46:27.000 --> 00:46:29.000]  他們看到埃及的神明很大
[00:46:29.000 --> 00:46:31.000]  他們看到埃及的神明很大
[00:46:31.000 --> 00:46:33.000]  他們看到埃及的神明很大
[00:46:33.000 --> 00:46:35.000]  他們看到埃及的神明很大
[00:46:35.000 --> 00:46:37.000]  他們看到埃及的神明很大
[00:46:37.000 --> 00:46:39.000]  他們看到埃及的神明很大
[00:46:39.000 --> 00:46:41.000]  他們看到埃及的神明很大
[00:46:41.000 --> 00:46:43.000]  他們看到埃及的神明很大
[00:46:43.000 --> 00:46:45.000]  他們看到埃及的神明很大
[00:46:45.000 --> 00:46:47.000]  他們看到埃及的神明很大
[00:46:47.000 --> 00:46:49.000]  他們看到埃及的神明很大
[00:46:49.000 --> 00:46:51.000]  他們看到埃及的神明很大
[00:46:51.000 --> 00:46:53.000]  他們看到埃及的神明很大
[00:46:53.000 --> 00:46:55.000]  他們看到埃及的神明很大
[00:46:55.000 --> 00:46:57.000]  他們看到埃及的神明很大
[00:46:57.000 --> 00:46:59.000]  他們看到埃及的神明很大
[00:46:59.000 --> 00:47:01.000]  他們看到埃及的神明很大
[00:47:01.000 --> 00:47:03.000]  他們看到埃及的神明很大
[00:47:03.000 --> 00:47:05.000]  他們看到埃及的神明很大
[00:47:05.000 --> 00:47:07.000]  他們看到埃及的神明很大
[00:47:07.000 --> 00:47:09.000]  他們看到埃及的神明很大
[00:47:09.000 --> 00:47:11.000]  他們看到埃及的神明很大
[00:47:11.000 --> 00:47:13.000]  他們看到埃及的神明很大
[00:47:13.000 --> 00:47:15.000]  他們看到埃及的神明很大
[00:47:15.000 --> 00:47:17.000]  他們看到埃及的神明很大
[00:47:17.000 --> 00:47:19.000]  他們看到埃及的神明很大
[00:47:19.000 --> 00:47:21.000]  他們看到埃及的神明很大
[00:47:21.000 --> 00:47:23.000]  他們看到埃及的神明很大
[00:47:23.000 --> 00:47:25.000]  他們看到埃及的神明很大
[00:47:25.000 --> 00:47:27.000]  他們看到埃及的神明很大
[00:47:27.000 --> 00:47:29.000]  他們看到埃及的神明很大
[00:47:29.000 --> 00:47:31.000]  他們看到埃及的神明很大
[00:47:31.000 --> 00:47:33.000]  他們看到埃及的神明很大
[00:47:33.000 --> 00:47:35.000]  他們看到埃及的神明很大
[00:47:35.000 --> 00:47:37.000]  他們看到埃及的神明很大
[00:47:37.000 --> 00:47:39.000]  他們看到埃及的神明很大
[00:47:39.000 --> 00:47:41.000]  他們看到埃及的神明很大
[00:47:41.000 --> 00:47:43.000]  他們看到埃及的神明很大
[00:47:43.000 --> 00:47:45.000]  他們看到埃及的神明很大
[00:47:45.000 --> 00:47:47.000]  他們看到埃及的神明很大
[00:47:47.000 --> 00:47:49.000]  他們看到埃及的神明很大
[00:47:49.000 --> 00:47:51.000]  他們看到埃及的神明很大
[00:47:51.000 --> 00:47:53.000]  他們看到埃及的神明很大
[00:47:53.000 --> 00:47:55.000]  他們看到埃及的神明很大
[00:47:55.000 --> 00:47:57.000]  他們看到埃及的神明很大
[00:47:57.000 --> 00:47:59.000]  他們看到埃及的神明很大
[00:47:59.000 --> 00:48:01.000]  他們看到埃及的神明很大
[00:48:01.000 --> 00:48:03.000]  他們看到埃及的神明很大
[00:48:03.000 --> 00:48:05.000]  他們看到埃及的神明很大
[00:48:05.000 --> 00:48:07.000]  他們看到埃及的神明很大
[00:48:07.000 --> 00:48:09.000]  他們看到埃及的神明很大
[00:48:09.000 --> 00:48:11.000]  他們看到埃及的神明很大
[00:48:11.000 --> 00:48:13.000]  他們看到埃及的神明很大
[00:48:13.000 --> 00:48:15.000]  他們看到埃及的神明很大
[00:48:15.000 --> 00:48:17.000]  他們看到埃及的神明很大
[00:48:17.000 --> 00:48:19.000]  他們看到埃及的神明很大
[00:48:19.000 --> 00:48:21.000]  他們看到埃及的神明很大
[00:48:21.000 --> 00:48:23.000]  他們看到埃及的神明很大
[00:48:23.000 --> 00:48:25.000]  他們看到埃及的神明很大
[00:48:25.000 --> 00:48:27.000]  他們看到埃及的神明很大
[00:48:27.000 --> 00:48:29.000]  他們看到埃及的神明很大
[00:48:29.000 --> 00:48:31.000]  他們看到埃及的神明很大
[00:48:31.000 --> 00:48:33.000]  他們看到埃及的神明很大
[00:48:33.000 --> 00:48:35.000]  他們看到埃及的神明很大
[00:48:35.000 --> 00:48:37.000]  他們看到埃及的神明很大
[00:48:37.000 --> 00:48:39.000]  他們看到埃及的神明很大
[00:48:39.000 --> 00:48:41.000]  他們看到埃及的神明很大
[00:48:41.000 --> 00:48:43.000]  他們看到埃及的神明很大
[00:48:43.000 --> 00:48:45.000]  他們看到埃及的神明很大
[00:48:45.000 --> 00:48:47.000]  他們看到埃及的神明很大
[00:48:47.000 --> 00:48:49.000]  他們看到埃及的神明很大
[00:48:49.000 --> 00:48:51.000]  他們看到埃及的神明很大
[00:48:51.000 --> 00:48:53.000]  他們看到埃及的神明很大
[00:48:53.000 --> 00:48:55.000]  他們看到埃及的神明很大
[00:48:55.000 --> 00:48:57.000]  他們看到埃及的神明很大
[00:48:57.000 --> 00:48:59.000]  他們看到埃及的神明很大
[00:48:59.000 --> 00:49:01.000]  他們看到埃及的神明很大
[00:49:01.000 --> 00:49:03.000]  他們看到埃及的神明很大
[00:49:03.000 --> 00:49:05.000]  他們看到埃及的神明很大
[00:49:05.000 --> 00:49:07.000]  他們看到埃及的神明很大
[00:49:07.000 --> 00:49:09.000]  他們看到埃及的神明很大
[00:49:09.000 --> 00:49:11.000]  他們看到埃及的神明很大
[00:49:11.000 --> 00:49:13.000]  他們看到埃及的神明很大
[00:49:13.000 --> 00:49:15.000]  他們看到埃及的神明很大
[00:49:15.000 --> 00:49:17.000]  他們看到埃及的神明很大
[00:49:17.000 --> 00:49:19.000]  他們看到埃及的神明很大
[00:49:19.000 --> 00:49:21.000]  他們看到埃及的神明很大
[00:49:21.000 --> 00:49:23.000]  他們看到埃及的神明很大
[00:49:23.000 --> 00:49:25.000]  他們看到埃及的神明很大
[00:49:25.000 --> 00:49:27.000]  他們看到埃及的神明很大
[00:49:27.000 --> 00:49:29.000]  他們看到埃及的神明很大
[00:49:29.000 --> 00:49:31.000]  他們看到埃及的神明很大
[00:49:31.000 --> 00:49:33.000]  他們看到埃及的神明很大
[00:49:33.000 --> 00:49:35.000]  他們看到埃及的神明很大
[00:49:35.000 --> 00:49:37.000]  他們看到埃及的神明很大
[00:49:37.000 --> 00:49:39.000]  他們看到埃及的神明很大
[00:49:39.000 --> 00:49:41.000]  他們看到埃及的神明很大
[00:49:41.000 --> 00:49:43.000]  他們看到埃及的神明很大
[00:49:43.000 --> 00:49:45.000]  他們看到埃及的神明很大
[00:49:45.000 --> 00:49:47.000]  他們看到埃及的神明很大
[00:49:47.000 --> 00:49:49.000]  他們看到埃及的神明很大
[00:49:49.000 --> 00:49:51.000]  他們看到埃及的神明很大
[00:49:51.000 --> 00:49:53.000]  他們看到埃及的神明很大
[00:49:53.000 --> 00:49:55.000]  他們看到埃及的神明很大
[00:49:55.000 --> 00:49:57.000]  他們看到埃及的神明很大
[00:49:57.000 --> 00:49:59.000]  他們看到埃及的神明很大
[00:49:59.000 --> 00:50:01.000]  他們看到埃及的神明很大
[00:50:01.000 --> 00:50:03.000]  他們看到埃及的神明很大
[00:50:03.000 --> 00:50:05.000]  他們看到埃及的神明很大
[00:50:05.000 --> 00:50:07.000]  他們看到埃及的神明很大
[00:50:07.000 --> 00:50:09.000]  他們看到埃及的神明很大
[00:50:09.000 --> 00:50:11.000]  他們看到埃及的神明很大
[00:50:11.000 --> 00:50:13.000]  他們看到埃及的神明很大
[00:50:13.000 --> 00:50:15.000]  他們看到埃及的神明很大
[00:50:15.000 --> 00:50:17.000]  他們看到埃及的神明很大
[00:50:17.000 --> 00:50:19.000]  他們看到埃及的神明很大
[00:50:19.000 --> 00:50:21.000]  他們看到埃及的神明很大
[00:50:21.000 --> 00:50:23.000]  他們看到埃及的神明很大
[00:50:23.000 --> 00:50:25.000]  他們看到埃及的神明很大
[00:50:25.000 --> 00:50:27.000]  他們看到埃及的神明很大
[00:50:27.000 --> 00:50:29.000]  他們看到埃及的神明很大
[00:50:29.000 --> 00:50:31.000]  他們看到埃及的神明很大
[00:50:31.000 --> 00:50:33.000]  他們看到埃及的神明很大
[00:50:33.000 --> 00:50:35.000]  他們看到埃及的神明很大
[00:50:35.000 --> 00:50:37.000]  他們看到埃及的神明很大
[00:50:37.000 --> 00:50:39.000]  他們看到埃及的神明很大
[00:50:39.000 --> 00:50:41.000]  他們看到埃及的神明很大
[00:50:41.000 --> 00:50:43.000]  他們看到埃及的神明很大
[00:50:43.000 --> 00:50:45.000]  他們看到埃及的神明很大
[00:50:45.000 --> 00:50:47.000]  他們看到埃及的神明很大
[00:50:47.000 --> 00:50:49.000]  他們看到埃及的神明很大
[00:50:49.000 --> 00:50:51.000]  他們看到埃及的神明很大
[00:50:51.000 --> 00:50:53.000]  他們看到埃及的神明很大
[00:50:53.000 --> 00:50:55.000]  他們看到埃及的神明很大
[00:50:55.000 --> 00:50:57.000]  他們看到埃及的神明很大
[00:50:57.000 --> 00:50:59.000]  他們看到埃及的神明很大
[00:50:59.000 --> 00:51:01.000]  他們看到埃及的神明很大
[00:51:01.000 --> 00:51:03.000]  他們看到埃及的神明很大
[00:51:03.000 --> 00:51:05.000]  他們看到埃及的神明很大
[00:51:05.000 --> 00:51:07.000]  他們看到埃及的神明很大
[00:51:07.000 --> 00:51:09.000]  他們看到埃及的神明很大
[00:51:09.000 --> 00:51:11.000]  他們看到埃及的神明很大
[00:51:11.000 --> 00:51:13.000]  他們看到埃及的神明很大
[00:51:13.000 --> 00:51:15.000]  他們看到埃及的神明很大
[00:51:15.000 --> 00:51:17.000]  他們看到埃及的神明很大
[00:51:17.000 --> 00:51:19.000]  他們看到埃及的神明很大
[00:51:19.000 --> 00:51:21.000]  他們看到埃及的神明很大
[00:51:21.000 --> 00:51:23.000]  他們看到埃及的神明很大
[00:51:23.000 --> 00:51:25.000]  他們看到埃及的神明很大
[00:51:25.000 --> 00:51:27.000]  他們看到埃及的神明很大
[00:51:27.000 --> 00:51:29.000]  他們看到埃及的神明很大
[00:51:29.000 --> 00:51:31.000]  他們看到埃及的神明很大
[00:51:31.000 --> 00:51:33.000]  他們看到埃及的神明很大
[00:51:33.000 --> 00:51:35.000]  他們看到埃及的神明很大
[00:51:35.000 --> 00:51:37.000]  他們看到埃及的神明很大
[00:51:37.000 --> 00:51:39.000]  他們看到埃及的神明很大
