
[00:00:00.000 --> 00:00:04.640]  很開心又回到恩福的中午堂跟大家傳講神的話語
[00:00:04.640 --> 00:00:09.160]  今天很想跟大家講的是報道的事情
[00:00:09.160 --> 00:00:11.920]  我們基督徒怎樣去面對報道
[00:00:11.920 --> 00:00:15.500]  怎樣去面對宣教不同的服事呢?
[00:00:15.500 --> 00:00:17.160]  我不知道
[00:00:17.160 --> 00:00:20.560]  丙姐妹你自己的報道熱心有多高
[00:00:20.560 --> 00:00:23.120]  但不用你口答,也不用你舉手
[00:00:23.120 --> 00:00:27.000]  但你上一次去報道又何時呢?
[00:00:27.000 --> 00:00:30.000]  其實恩福堂在報道裏面是頗強的
[00:00:30.000 --> 00:00:31.360]  我們有系統性的
[00:00:31.360 --> 00:00:36.600]  我們的三福,我們的三寶其實都OK的
[00:00:36.600 --> 00:00:39.920]  但我有機會去不同的地方去講道
[00:00:39.920 --> 00:00:42.440]  也有機會參與教新
[00:00:42.440 --> 00:00:45.960]  2025年的教會普查
[00:00:45.960 --> 00:00:47.040]  考考你
[00:00:47.040 --> 00:00:51.080]  2025年的教會普查,五年做一次的
[00:00:51.080 --> 00:00:53.120]  2025年,不用看powerpoint的
[00:00:53.120 --> 00:00:54.160]  我是沒有powerpoint的
[00:00:54.160 --> 00:00:55.000]  我喜歡的
[00:00:55.000 --> 00:00:58.920]  你聽我講道,你知道我最不喜歡用powerpoint的
[00:00:58.920 --> 00:01:03.840]  2025年的教新去研究香港教會的狀況
[00:01:03.840 --> 00:01:06.920]  你覺得香港教會的情況是怎樣?
[00:01:06.920 --> 00:01:11.240]  是一路上升還是一路走下坡?
[00:01:11.240 --> 00:01:12.240]  頗可惜的
[00:01:12.240 --> 00:01:16.760]  2025年他發現香港的教會不是一間不是兩間
[00:01:16.760 --> 00:01:18.960]  是全面地很多間都是
[00:01:18.960 --> 00:01:22.640]  在不同的指標裏面都是走下坡的
[00:01:22.640 --> 00:01:24.880]  我有機會去不同的教會講道
[00:01:24.880 --> 00:01:26.440]  說說笑
[00:01:26.440 --> 00:01:27.960]  我最辛苦的那一年
[00:01:27.960 --> 00:01:28.840]  現在我不敢了
[00:01:28.840 --> 00:01:30.760]  我老婆跟我說不要講那麼多
[00:01:30.760 --> 00:01:35.480]  52個星期,我最多的那一年講49個星期
[00:01:35.480 --> 00:01:38.120]  所以我老婆說你要休息的
[00:01:38.120 --> 00:01:39.720]  不是想講那些
[00:01:39.720 --> 00:01:42.080]  我是想講有機會去不同的教會講道
[00:01:42.080 --> 00:01:43.680]  在這麼多年的裏面
[00:01:43.680 --> 00:01:44.680]  我會有一個發現
[00:01:44.680 --> 00:01:46.560]  其實今天也有一點點這個發現
[00:01:46.560 --> 00:01:47.320]  我的發現就是
[00:01:47.320 --> 00:01:50.120]  每一次教會講道都會歡迎甚麼?
[00:01:50.120 --> 00:01:51.480]  新朋友的
[00:01:51.480 --> 00:01:54.400]  在全港很多的教會講道
[00:01:54.400 --> 00:01:57.440]  我發現有八成的日子是沒有甚麼?
[00:01:57.440 --> 00:01:58.520]  新朋友
[00:01:58.520 --> 00:01:59.600]  有新朋友的日子
[00:01:59.600 --> 00:02:02.400]  不好意思,如有雷同
[00:02:02.400 --> 00:02:03.640]  實屬考核站
[00:02:03.640 --> 00:02:04.440]  有新朋友的日子
[00:02:04.440 --> 00:02:06.440]  我們很歡迎新朋友
[00:02:06.440 --> 00:02:10.760]  有新朋友的日子你會發現有多少?
[00:02:10.760 --> 00:02:12.840]  一個起兩個止
[00:02:12.840 --> 00:02:16.760]  你會發現其實報道在我們的教會生活裏面
[00:02:16.760 --> 00:02:18.120]  有時候我們會講報道
[00:02:18.120 --> 00:02:19.320]  我們會學報道
[00:02:19.320 --> 00:02:22.440]  但實際上我們報道的熱心
[00:02:22.440 --> 00:02:24.160]  我們報道的方法
[00:02:24.160 --> 00:02:25.600]  用來報道的生命
[00:02:25.600 --> 00:02:28.960]  又不是真的強得這麼厲害
[00:02:28.960 --> 00:02:32.240]  面對香港教會整體的下滑
[00:02:32.240 --> 00:02:34.880]  我自己的禱告是甚麼呢?
[00:02:34.880 --> 00:02:36.800]  我想到保羅
[00:02:36.800 --> 00:02:37.720]  今天講保羅
[00:02:37.720 --> 00:02:40.000]  今天講《貼薩萊利加前書》
[00:02:40.000 --> 00:02:42.880]  但保羅在他寫完《貼前》之後
[00:02:42.880 --> 00:02:44.520]  過了不久之後
[00:02:44.520 --> 00:02:46.040]  過了一段時間之後
[00:02:46.040 --> 00:02:48.200]  在保羅的人生末期的時候
[00:02:48.200 --> 00:02:50.040]  他寫《提摩太后書》
[00:02:50.040 --> 00:02:51.880]  《提摩太后書》去到第四章
[00:02:51.880 --> 00:02:55.160]  保羅他帶著很嚴正的篤憤
[00:02:55.160 --> 00:02:57.720]  去跟他的屬靈兒子提摩太后說
[00:02:57.720 --> 00:03:01.480]  無論得時不得時
[00:03:01.480 --> 00:03:03.440]  無要傳道
[00:03:03.440 --> 00:03:07.200]  原來無論得時不得時
[00:03:07.200 --> 00:03:09.160]  保羅去勸勉教會
[00:03:09.160 --> 00:03:10.280]  勸勉提摩太后
[00:03:10.280 --> 00:03:14.000]  你都要去傳講神的話語
[00:03:14.000 --> 00:03:16.320]  保羅自己在《貼薩萊利加》
[00:03:16.320 --> 00:03:19.400]  正正就是得時與不得時
[00:03:19.400 --> 00:03:22.960]  保羅他活現一個生命的秘笈
[00:03:22.960 --> 00:03:26.240]  就是無要傳道
[00:03:26.240 --> 00:03:26.680]  弟兄姊妹
[00:03:26.680 --> 00:03:32.640]  香港現在是得時還是不得時呢?
[00:03:32.640 --> 00:03:34.000]  不是很得
[00:03:34.000 --> 00:03:35.640]  但又不是不行
[00:03:35.640 --> 00:03:38.400]  我們出街傳福音行不行?
[00:03:38.400 --> 00:03:39.840]  給不給?
[00:03:39.840 --> 00:03:40.960]  給的
[00:03:40.960 --> 00:03:41.600]  弟兄姊妹
[00:03:41.600 --> 00:03:43.440]  我們要趁著白日
[00:03:43.440 --> 00:03:44.400]  怎樣?
[00:03:44.400 --> 00:03:45.800]  多作主攻
[00:03:45.800 --> 00:03:48.560]  否則我們浪費了今天這個
[00:03:48.560 --> 00:03:52.240]  其實今天是得時
[00:03:52.240 --> 00:03:53.720]  今天是得時
[00:03:53.720 --> 00:03:57.320]  沒有了整個氣氛好像很低沉
[00:03:57.320 --> 00:03:59.760]  但今天是得時還是不得時呢?
[00:03:59.760 --> 00:04:01.760]  我們明不明白什麼叫得時
[00:04:01.760 --> 00:04:02.960]  什麼叫不得時呢?
[00:04:02.960 --> 00:04:04.080]  其實是不用明白的
[00:04:04.080 --> 00:04:04.640]  為什麼?
[00:04:04.640 --> 00:04:08.920]  無論得時不得時
[00:04:08.920 --> 00:04:10.080]  都要傳道
[00:04:10.080 --> 00:04:11.360]  但我們有個習慣
[00:04:11.360 --> 00:04:12.960]  我們說下雨了
[00:04:12.960 --> 00:04:14.200]  那就等第二天
[00:04:14.200 --> 00:04:15.120]  是不是?
[00:04:15.120 --> 00:04:17.800]  天氣曬的時候你傳不傳?
[00:04:18.760 --> 00:04:20.240]  下雨你又不傳
[00:04:20.240 --> 00:04:21.640]  打風你又不傳
[00:04:21.640 --> 00:04:22.000]  是不是?
[00:04:22.000 --> 00:04:23.240]  天氣炎熱的日子
[00:04:23.240 --> 00:04:26.440]  你又說都是等涼爽一點
[00:04:26.440 --> 00:04:28.080]  有時候我們是這樣
[00:04:28.080 --> 00:04:29.760]  結果我們浪費了
[00:04:29.760 --> 00:04:33.000]  我們所處的一個得時的香港
[00:04:33.000 --> 00:04:35.040]  我很相信今天香港
[00:04:35.040 --> 00:04:36.600]  其實無論得時不得時
[00:04:36.600 --> 00:04:37.960]  我們都要傳道
[00:04:37.960 --> 00:04:39.280]  但不要真的以為
[00:04:39.280 --> 00:04:41.200]  現在似乎很低迷
[00:04:41.200 --> 00:04:42.920]  其實正正在這個時候
[00:04:42.920 --> 00:04:44.880]  我們要去學習
[00:04:44.880 --> 00:04:46.240]  我們要去操練
[00:04:46.240 --> 00:04:49.600]  我們更加在這個時候去關心身邊的人
[00:04:49.600 --> 00:04:51.040]  經濟低迷
[00:04:51.040 --> 00:04:54.440]  你關心人其實是不是很自然呢?
[00:04:54.440 --> 00:04:56.520]  在新冠的時候
[00:04:56.520 --> 00:04:57.280]  有很多人說
[00:04:57.280 --> 00:04:58.920]  新冠是傳不到福音的
[00:04:58.920 --> 00:05:01.360]  因為是限聚令
[00:05:01.360 --> 00:05:04.040]  新冠的時候我全方位傳得最多
[00:05:04.040 --> 00:05:04.760]  為什麼?
[00:05:04.760 --> 00:05:06.640]  新冠的時候是得時還是不得時?
[00:05:06.640 --> 00:05:07.360]  不要緊
[00:05:07.360 --> 00:05:11.120]  新冠的時候可不可以去關心身邊的人?
[00:05:11.120 --> 00:05:12.000]  可以
[00:05:12.000 --> 00:05:13.800]  是不是一個全方位的時間?
[00:05:13.800 --> 00:05:14.480]  是
[00:05:14.480 --> 00:05:16.080]  香港有些低迷
[00:05:16.080 --> 00:05:19.360]  低迷是否可以去關心身邊的人的時候呢?
[00:05:19.360 --> 00:05:21.600]  原來有很多很多這些機會
[00:05:21.600 --> 00:05:23.280]  我們可以去把握
[00:05:23.280 --> 00:05:26.080]  我們可以去盡用
[00:05:26.080 --> 00:05:33.120]  今天說到貼薩羅尼加前書第二章
[00:05:33.120 --> 00:05:35.440]  要明白貼薩羅尼加前書
[00:05:35.440 --> 00:05:38.120]  我們需要有一個歷史的背景
[00:05:38.120 --> 00:05:41.720]  貼薩羅尼加和史奴行傳第十六十七章
[00:05:41.720 --> 00:05:45.200]  是一個非常緊密的關係
[00:05:45.200 --> 00:05:52.320]  貼薩羅尼加是保羅去到馬其頓的呼聲
[00:05:52.320 --> 00:05:55.360]  去到歐洲的服侍
[00:05:55.360 --> 00:05:57.520]  是上帝很清楚帶領的
[00:05:57.520 --> 00:06:01.000]  有沒有印象史奴行傳第十六章?
[00:06:01.000 --> 00:06:02.560]  史奴行傳第十六章
[00:06:02.560 --> 00:06:04.320]  保羅有一個事件發生了
[00:06:04.320 --> 00:06:06.920]  就是馬其頓的呼聲
[00:06:06.920 --> 00:06:07.680]  沒錯
[00:06:07.680 --> 00:06:10.200]  保羅在小馬西亞傳道
[00:06:10.200 --> 00:06:12.200]  他第二次宣教旅程
[00:06:12.200 --> 00:06:16.240]  很想去不同的地方探望教會宣講福音
[00:06:16.240 --> 00:06:17.080]  很有趣
[00:06:17.080 --> 00:06:18.480]  今天不是說史奴行傳
[00:06:18.480 --> 00:06:19.400]  但史奴行傳說
[00:06:19.400 --> 00:06:22.640]  聖靈帶領他去到特朗亞
[00:06:22.640 --> 00:06:24.160]  去到特朗亞
[00:06:24.160 --> 00:06:26.160]  保羅見到禱告的時候
[00:06:26.160 --> 00:06:28.160]  見到有馬其頓的呼聲
[00:06:28.160 --> 00:06:31.280]  所以保羅很清楚是上帝的帶領
[00:06:31.280 --> 00:06:32.600]  他去到歐洲
[00:06:32.600 --> 00:06:34.920]  去到馬其頓
[00:06:34.920 --> 00:06:36.360]  去到馬其頓之後
[00:06:36.360 --> 00:06:37.080]  想一想
[00:06:37.080 --> 00:06:38.120]  如果神帶領你
[00:06:38.120 --> 00:06:39.400]  很清楚帶領你
[00:06:39.400 --> 00:06:41.760]  去一個地方傳講福音
[00:06:41.760 --> 00:06:44.200]  你有什麼期望?
[00:06:44.200 --> 00:06:46.200]  當然是怎樣?
[00:06:46.200 --> 00:06:48.200]  當然可以帶很多人信主
[00:06:48.200 --> 00:06:49.800]  當然是神跡滿滿
[00:06:49.800 --> 00:06:50.680]  又確實是的
[00:06:50.680 --> 00:06:52.480]  保羅去到馬其頓
[00:06:52.480 --> 00:06:55.960]  去那個地方叫做菲律賓
[00:06:55.960 --> 00:06:58.920]  菲律賓是羅馬軍的駐防城
[00:06:58.920 --> 00:07:00.880]  保羅在菲律賓經歷的是什麼呢?
[00:07:00.880 --> 00:07:02.640]  有沒有印象?
[00:07:02.640 --> 00:07:03.920]  貼薩羅尼加有說
[00:07:03.920 --> 00:07:06.600]  我在菲律賓遇害受辱
[00:07:06.600 --> 00:07:08.360]  是你們明明可知的
[00:07:08.360 --> 00:07:09.480]  很有趣
[00:07:09.480 --> 00:07:11.800]  得時還是不得時?
[00:07:11.800 --> 00:07:13.520]  遇害受辱
[00:07:13.520 --> 00:07:14.480]  得時不得時
[00:07:14.480 --> 00:07:17.840]  保羅在菲律賓被人裝上木狗
[00:07:17.840 --> 00:07:19.840]  是動彈不得的
[00:07:19.840 --> 00:07:20.640]  很有趣
[00:07:20.640 --> 00:07:22.440]  保羅他就在菲律賓裡面
[00:07:22.440 --> 00:07:24.480]  明明是上帝馬其頓的呼聲
[00:07:24.480 --> 00:07:26.560]  帶領保羅去到馬其頓
[00:07:26.560 --> 00:07:27.600]  就是菲律賓
[00:07:27.600 --> 00:07:29.960]  結果保羅是遇害受辱
[00:07:29.960 --> 00:07:33.760]  接著保羅公開他羅馬公民的身份之後
[00:07:33.760 --> 00:07:34.760]  放了出監
[00:07:34.760 --> 00:07:36.040]  辱了信主
[00:07:36.040 --> 00:07:37.480]  他讚美上帝
[00:07:37.480 --> 00:07:40.960]  然後監獄裡面有大地震
[00:07:40.960 --> 00:07:43.240]  大家有些印象
[00:07:43.240 --> 00:07:45.120]  接著保羅離開了菲律賓
[00:07:45.120 --> 00:07:46.800]  去了哪裡?
[00:07:46.800 --> 00:07:50.040]  就是去了貼薩羅尼加
[00:07:50.040 --> 00:07:53.200]  保羅就是在菲律賓遇害受辱
[00:07:53.200 --> 00:07:54.160]  接著他說
[00:07:54.160 --> 00:07:55.480]  你們馬其頓
[00:07:55.480 --> 00:07:56.320]  貼薩羅尼加人
[00:07:56.320 --> 00:07:57.440]  你們明明可知的
[00:07:57.440 --> 00:08:00.440]  你們知道我在菲律賓遇害受辱的
[00:08:00.440 --> 00:08:04.320]  保羅有沒有隱藏他坐牢的身份?
[00:08:04.320 --> 00:08:05.840]  他說你們明明可知的
[00:08:05.840 --> 00:08:07.840]  你們知道我坐牢的
[00:08:07.840 --> 00:08:09.840]  你們知道我鎖上木狗的
[00:08:09.840 --> 00:08:12.440]  他去到貼薩羅尼加
[00:08:12.440 --> 00:08:15.920]  他去講及他在菲律賓的經歷
[00:08:15.920 --> 00:08:17.760]  接著現在我在市道行傳
[00:08:17.760 --> 00:08:20.160]  等一下回來貼薩羅尼加
[00:08:20.160 --> 00:08:22.400]  在市道行傳他去到貼薩羅尼加
[00:08:22.400 --> 00:08:24.200]  他怎麼傳福音呢?
[00:08:24.200 --> 00:08:26.400]  他一年三個禮拜
[00:08:26.400 --> 00:08:27.600]  安息日
[00:08:27.600 --> 00:08:29.280]  就在會堂裡面
[00:08:29.280 --> 00:08:30.600]  來宣講基督
[00:08:30.600 --> 00:08:31.600]  有沒有印象?
[00:08:31.600 --> 00:08:33.320]  少少吧
[00:08:33.320 --> 00:08:35.440]  要多讀一些聖經
[00:08:35.440 --> 00:08:36.800]  他在會堂裡面
[00:08:36.800 --> 00:08:39.440]  每三個禮拜就去猶太人的地方
[00:08:39.440 --> 00:08:40.960]  去宣講耶穌基督
[00:08:40.960 --> 00:08:43.560]  他的復活信息
[00:08:43.560 --> 00:08:47.400]  但是猶太教有很多的領袖嫉妒
[00:08:47.400 --> 00:08:50.040]  所以保羅行了神蹟
[00:08:50.040 --> 00:08:51.000]  趕鬼
[00:08:51.000 --> 00:08:52.760]  所以行完神蹟
[00:08:52.760 --> 00:08:53.960]  趕完鬼
[00:08:53.960 --> 00:08:57.640]  靠污鬼講預言的人
[00:08:57.640 --> 00:08:59.560]  就很討厭保羅
[00:08:59.560 --> 00:09:04.240]  所以就在貼薩羅尼加
[00:09:04.240 --> 00:09:06.960]  保羅就被人趕走了
[00:09:06.960 --> 00:09:08.560]  所以保羅講到
[00:09:08.560 --> 00:09:09.560]  弟兄們
[00:09:09.560 --> 00:09:12.840]  你們自己原曉得我們進到你們那裡
[00:09:12.840 --> 00:09:14.400]  不是徒然的
[00:09:14.400 --> 00:09:18.200]  我們從前在菲律賓被害受辱
[00:09:18.200 --> 00:09:20.040]  這是你們知道的
[00:09:20.040 --> 00:09:22.600]  然而還是靠我們的神
[00:09:22.600 --> 00:09:29.040]  放開膽量在大真賤中把神的福音傳給你們
[00:09:29.040 --> 00:09:31.560]  保羅的宣教秘笈是什麼呢?
[00:09:31.560 --> 00:09:33.040]  保羅的宣教秘笈
[00:09:33.040 --> 00:09:35.560]  其實就是無論得時不得時
[00:09:35.560 --> 00:09:37.000]  保羅的宣教秘笈
[00:09:37.000 --> 00:09:41.240]  就是要放開膽量來傳講福音
[00:09:41.240 --> 00:09:45.200]  有沒有人覺得自己很大膽常常都會出街傳福音的
[00:09:45.200 --> 00:09:45.800]  很簡單
[00:09:45.800 --> 00:09:46.600]  我們完了崇拜
[00:09:46.600 --> 00:09:49.000]  我們一起出去街頭報道
[00:09:49.000 --> 00:09:50.760]  好不好?
[00:09:50.760 --> 00:09:54.360]  沒有反應
[00:09:54.360 --> 00:09:56.160]  我講個秘密給你聽
[00:09:56.160 --> 00:09:57.240]  當然我是宣教士
[00:09:57.240 --> 00:09:59.360]  我去到不同地方去宣教
[00:09:59.360 --> 00:10:03.960]  今年我們的暑假都去到和很多不同人分享和見證
[00:10:03.960 --> 00:10:06.960]  你猜我害不害怕?
[00:10:06.960 --> 00:10:09.560]  你猜我是不是很大膽?
[00:10:09.560 --> 00:10:11.240]  其實很有趣的
[00:10:11.240 --> 00:10:12.640]  大家你望我好
[00:10:12.640 --> 00:10:14.040]  然後怎樣?
[00:10:14.040 --> 00:10:15.560]  我望你好
[00:10:15.560 --> 00:10:17.360]  我去傳福音的時候裡面都
[00:10:17.360 --> 00:10:19.000]  哎呀!我和老婆
[00:10:19.000 --> 00:10:22.360]  待會這個福音對象談了幾次
[00:10:22.360 --> 00:10:23.840]  我們怎樣去傳好
[00:10:23.840 --> 00:10:25.760]  然後我們祈禱
[00:10:25.760 --> 00:10:28.160]  兩個宣教士都是捉住手
[00:10:28.160 --> 00:10:28.960]  我們祈禱
[00:10:28.960 --> 00:10:30.440]  求神給我們有膽量
[00:10:30.440 --> 00:10:31.640]  給我們有智慧
[00:10:31.640 --> 00:10:32.760]  但祈完禱之後
[00:10:32.760 --> 00:10:34.160]  我們就要怎樣?
[00:10:34.160 --> 00:10:36.160]  放開膽量
[00:10:36.160 --> 00:10:36.640]  弟兄姊妹
[00:10:36.640 --> 00:10:41.560]  今天令到我們不傳福音的是什麼?
[00:10:41.560 --> 00:10:42.960]  不是壁伯
[00:10:42.960 --> 00:10:44.760]  其實沒有什麼壁伯給你的
[00:10:44.760 --> 00:10:46.440]  我們就是自己給自己的
[00:10:46.440 --> 00:10:48.440]  哎呀!不是那麼好
[00:10:48.440 --> 00:10:52.560]  所以保羅他有個宣教的秘笈
[00:10:52.560 --> 00:10:53.840]  他的宣教秘笈就是
[00:10:53.840 --> 00:10:54.960]  無論得時不得時
[00:10:54.960 --> 00:10:56.160]  無要傳道
[00:10:56.160 --> 00:10:58.040]  所以他是在大壁伯裡面
[00:10:58.040 --> 00:10:59.560]  在困難的裡面
[00:10:59.560 --> 00:11:01.560]  他說我就放開膽量
[00:11:01.560 --> 00:11:03.560]  來到在大真薦中
[00:11:03.560 --> 00:11:07.760]  將神的福音傳給各位弟兄姊妹
[00:11:07.760 --> 00:11:10.160]  在帖撒羅尼加前書
[00:11:10.160 --> 00:11:11.360]  不如我讀給你聽
[00:11:11.360 --> 00:11:13.360]  讓你有個大概的概念
[00:11:13.360 --> 00:11:14.960]  先讀了它
[00:11:14.960 --> 00:11:16.960]  剛才讀了第一第二節
[00:11:16.960 --> 00:11:18.160]  第三節
[00:11:18.160 --> 00:11:19.160]  第三節很有趣
[00:11:19.160 --> 00:11:19.560]  他說
[00:11:19.560 --> 00:11:21.960]  我們的勸勉不是出於錯誤
[00:11:21.960 --> 00:11:23.360]  不是出於污穢
[00:11:23.360 --> 00:11:24.760]  不是用詭詐
[00:11:24.760 --> 00:11:26.160]  但神驗中了我們
[00:11:26.160 --> 00:11:27.560]  把福音託付我們
[00:11:27.560 --> 00:11:28.960]  我們就照樣說
[00:11:28.960 --> 00:11:30.560]  不是要討人的喜歡
[00:11:30.560 --> 00:11:33.760]  乃是要討那測驗我們心的神喜歡
[00:11:33.760 --> 00:11:36.760]  因為我們從來沒有用過艷美的話
[00:11:36.760 --> 00:11:38.160]  這是你們知道的
[00:11:38.160 --> 00:11:39.560]  也沒有藏著貪心
[00:11:39.560 --> 00:11:41.960]  這是神可以作見證的
[00:11:41.960 --> 00:11:43.760]  我們作基督的使徒
[00:11:43.760 --> 00:11:45.160]  雖然可以叫人尊重
[00:11:45.160 --> 00:11:48.360]  卻沒有向你們或向別人求榮耀
[00:11:48.360 --> 00:11:49.360]  讀著這麼多
[00:11:49.360 --> 00:11:51.760]  有沒有發現保羅他好像在
[00:11:51.760 --> 00:11:56.360]  在為自己辯護中
[00:11:57.960 --> 00:11:58.560]  很有趣的
[00:11:58.560 --> 00:12:00.560]  帖撒羅尼加前書
[00:12:00.560 --> 00:12:04.560]  保羅其實是面對很多很多的挑戰
[00:12:04.560 --> 00:12:08.160]  保羅甚至面對很多人誣衊他
[00:12:08.160 --> 00:12:09.960]  所以他寫信給帖撒羅尼加
[00:12:09.960 --> 00:12:11.560]  他說不是的
[00:12:11.560 --> 00:12:12.960]  我的生命在你們面前
[00:12:12.960 --> 00:12:14.560]  你們明明可知的
[00:12:14.560 --> 00:12:15.760]  我沒有隱藏的
[00:12:15.760 --> 00:12:17.360]  我在菲律賓被人抓
[00:12:17.360 --> 00:12:18.560]  你們知道的
[00:12:18.560 --> 00:12:20.560]  我在大真善中放開膽量
[00:12:20.560 --> 00:12:21.360]  和你們傳福音
[00:12:21.360 --> 00:12:22.560]  你們知道的
[00:12:22.560 --> 00:12:28.560]  他說到他自己傳福音的生命素質
[00:12:28.560 --> 00:12:30.560]  第三節他說什麼呢
[00:12:30.560 --> 00:12:32.560]  他說我的圈面
[00:12:32.560 --> 00:12:33.560]  我們的圈面
[00:12:33.560 --> 00:12:34.560]  我們的教導
[00:12:34.560 --> 00:12:36.560]  不是出於錯誤
[00:12:36.560 --> 00:12:37.560]  不是出於污為
[00:12:37.560 --> 00:12:39.560]  也不是用詭詐
[00:12:39.560 --> 00:12:41.560]  其實後面還有很多筆
[00:12:41.560 --> 00:12:42.560]  先說三個筆好不好
[00:12:42.560 --> 00:12:43.560]  第一個筆是什麼
[00:12:43.560 --> 00:12:45.560]  不是出於錯誤
[00:12:45.560 --> 00:12:46.560]  什麼意思呢
[00:12:46.560 --> 00:12:49.560]  就是說我傳福音給你
[00:12:49.560 --> 00:12:52.560]  我的基礎我的根據是正確的
[00:12:52.560 --> 00:12:55.560]  保羅是面對面面對耶穌基督的
[00:12:55.560 --> 00:12:57.560]  保羅在大馬士革路上
[00:12:57.560 --> 00:12:58.560]  他遇見基督
[00:12:58.560 --> 00:13:01.560]  保羅他自己寫聖經的時候
[00:13:01.560 --> 00:13:04.560]  或者他去寫這些保羅書信的時候
[00:13:04.560 --> 00:13:05.560]  他很清楚地說
[00:13:05.560 --> 00:13:08.560]  他說聖經都是神所默示的
[00:13:08.560 --> 00:13:10.560]  他教導他的使徒
[00:13:10.560 --> 00:13:11.560]  教導其他的門徒
[00:13:11.560 --> 00:13:15.560]  他說我們要按著正義去分解真理的道
[00:13:15.560 --> 00:13:18.560]  保羅他常常正確地去引用聖經
[00:13:18.560 --> 00:13:20.560]  保羅他很清楚地去說
[00:13:20.560 --> 00:13:22.560]  我所分享的傳講的
[00:13:22.560 --> 00:13:25.560]  是正確的不是錯誤的
[00:13:25.560 --> 00:13:27.560]  保羅他說我不是傳異端
[00:13:27.560 --> 00:13:30.560]  為什麼保羅要去說我說的是正確
[00:13:30.560 --> 00:13:35.560]  因為當時有人說保羅說的是不正確
[00:13:35.560 --> 00:13:37.560]  他不正確在哪裡
[00:13:37.560 --> 00:13:39.560]  和猶太教是不同的
[00:13:39.560 --> 00:13:42.560]  所以猶太人去逼迫他
[00:13:42.560 --> 00:13:43.560]  保羅就去分享
[00:13:43.560 --> 00:13:46.560]  我所說的是源於聖經
[00:13:46.560 --> 00:13:49.560]  我所說的是源於我面對面去認識
[00:13:49.560 --> 00:13:52.560]  我的主耶穌基督
[00:13:52.560 --> 00:13:56.560]  今天我們要熱心去傳講福音
[00:13:56.560 --> 00:13:58.560]  今天我說大家要放開膽量
[00:13:58.560 --> 00:14:02.560]  但放膽之後你知不知道你要傳什麼呢
[00:14:02.560 --> 00:14:03.560]  你明白嗎
[00:14:03.560 --> 00:14:05.560]  內容你懂不懂呢
[00:14:05.560 --> 00:14:07.560]  你的內容正不正確呢
[00:14:07.560 --> 00:14:08.560]  我們走出去傳福音的時候
[00:14:08.560 --> 00:14:11.560]  所以我們要學習聖經
[00:14:11.560 --> 00:14:13.560]  我們要學習怎樣去傳講福音
[00:14:13.560 --> 00:14:18.560]  保羅說我所分享的不是出於錯誤
[00:14:18.560 --> 00:14:23.560]  也不是出於污穢
[00:14:23.560 --> 00:14:25.560]  污穢是什麼意思
[00:14:25.560 --> 00:14:27.560]  污穢是動機
[00:14:27.560 --> 00:14:31.560]  保羅說我教的東西動機是正確的
[00:14:31.560 --> 00:14:33.560]  後面後文有說
[00:14:33.560 --> 00:14:36.560]  我的動機不是討人喜歡
[00:14:36.560 --> 00:14:38.560]  我不是要得人榮耀
[00:14:38.560 --> 00:14:40.560]  我是要討神喜歡
[00:14:40.560 --> 00:14:42.560]  我不是為了貪財
[00:14:42.560 --> 00:14:44.560]  所以人們就去挑戰保羅
[00:14:44.560 --> 00:14:46.560]  你傳福音是不是為了錢
[00:14:46.560 --> 00:14:48.560]  你傳福音是不是為了認叻
[00:14:48.560 --> 00:14:49.560]  保羅說不是
[00:14:49.560 --> 00:14:51.560]  我裡面的動機
[00:14:51.560 --> 00:14:52.560]  等一下再說多一點
[00:14:52.560 --> 00:14:55.560]  我裡面的動機非常清楚
[00:14:55.560 --> 00:14:59.560]  是為了追求回應神給我的呼召
[00:14:59.560 --> 00:15:01.560]  不過這裡拆開一點
[00:15:01.560 --> 00:15:04.560]  突然之間回教會有沒有不同的動機呢
[00:15:04.560 --> 00:15:06.560]  有沒有呢
[00:15:06.560 --> 00:15:08.560]  小小秘密好不好
[00:15:08.560 --> 00:15:10.560]  幾十年前
[00:15:10.560 --> 00:15:11.560]  我現在的音樂都不行
[00:15:11.560 --> 00:15:13.560]  所以我看到尖牧師彈bass
[00:15:13.560 --> 00:15:15.560]  覺得很有型
[00:15:15.560 --> 00:15:16.560]  秘密來的
[00:15:16.560 --> 00:15:19.560]  我學了很多年彈結他
[00:15:19.560 --> 00:15:21.560]  但學不學得懂
[00:15:21.560 --> 00:15:23.560]  學不懂那些
[00:15:23.560 --> 00:15:25.560]  但為什麼要學結他呢
[00:15:25.560 --> 00:15:27.560]  你知道我在哪裡學結他嗎
[00:15:27.560 --> 00:15:29.560]  回教會學結他
[00:15:29.560 --> 00:15:31.560]  為什麼要回教會學結他
[00:15:31.560 --> 00:15:33.560]  哎呀被你們識穿了
[00:15:33.560 --> 00:15:36.560]  聽不到的就當聽不到
[00:15:36.560 --> 00:15:39.560]  然後我的子女讀書的時候
[00:15:39.560 --> 00:15:41.560]  讀升小學升中學的時候
[00:15:41.560 --> 00:15:43.560]  有很多同學
[00:15:43.560 --> 00:15:45.560]  同學會信耶穌
[00:15:45.560 --> 00:15:47.560]  為什麼會信耶穌
[00:15:47.560 --> 00:15:49.560]  為什麼會回教會
[00:15:49.560 --> 00:15:51.560]  為什麼會回教會知不知道
[00:15:51.560 --> 00:15:53.560]  答中了
[00:15:53.560 --> 00:15:55.560]  因為要升中
[00:15:55.560 --> 00:15:57.560]  現在就容易很多
[00:15:57.560 --> 00:15:59.560]  我們子女的時代
[00:15:59.560 --> 00:16:01.560]  十幾年前
[00:16:01.560 --> 00:16:04.560]  升中學如果你是基督徒會怎樣
[00:16:04.560 --> 00:16:06.560]  加分
[00:16:06.560 --> 00:16:08.560]  動機
[00:16:08.560 --> 00:16:11.560]  究竟我們做事帶著什麼動機呢
[00:16:11.560 --> 00:16:13.560]  保羅去服侍侍奉
[00:16:13.560 --> 00:16:15.560]  保羅參與不同的侍奉
[00:16:15.560 --> 00:16:17.560]  保羅很清楚他的動機
[00:16:17.560 --> 00:16:21.560]  待會可以多說一點保羅的動機
[00:16:21.560 --> 00:16:24.560]  接著保羅說他的方法
[00:16:24.560 --> 00:16:26.560]  保羅的方法是怎樣呢
[00:16:26.560 --> 00:16:29.560]  保羅的方法是不用鬼詐
[00:16:29.560 --> 00:16:31.560]  保羅的動機是被神揀選
[00:16:31.560 --> 00:16:36.560]  而他的方法是很清楚地宣講耶穌基督
[00:16:36.560 --> 00:16:40.560]  保羅那個年代有希臘人
[00:16:40.560 --> 00:16:42.560]  希臘人的智慧是怎樣的
[00:16:42.560 --> 00:16:46.560]  希臘人的智慧是那些哲學
[00:16:46.560 --> 00:16:48.560]  是那些希羅的文化
[00:16:48.560 --> 00:16:49.560]  希羅的哲學
[00:16:49.560 --> 00:16:51.560]  在希羅的哲學裡面
[00:16:51.560 --> 00:16:53.560]  死人復活講耶穌復活的信息
[00:16:53.560 --> 00:16:55.560]  保羅已經講了
[00:16:55.560 --> 00:16:57.560]  這些是人眼中捍衛
[00:16:57.560 --> 00:16:59.560]  愚蠢的
[00:16:59.560 --> 00:17:02.560]  但保羅他在人眼中捍衛愚蠢的東西
[00:17:02.560 --> 00:17:04.560]  他照樣講
[00:17:04.560 --> 00:17:06.560]  所以他的方法就是
[00:17:06.560 --> 00:17:07.560]  我不是用鬼詐
[00:17:07.560 --> 00:17:10.560]  我不是要討好我聆聽的對象
[00:17:10.560 --> 00:17:12.560]  我用的方法就是
[00:17:12.560 --> 00:17:15.560]  清清楚楚地將神給我的福音
[00:17:15.560 --> 00:17:17.560]  傳講開去
[00:17:17.560 --> 00:17:19.560]  他不是要逼人信主
[00:17:19.560 --> 00:17:21.560]  他不是要騙人
[00:17:21.560 --> 00:17:23.560]  應該我們是沒有的
[00:17:23.560 --> 00:17:26.560]  應該沒有雷同
[00:17:26.560 --> 00:17:27.560]  叫人去報道會
[00:17:27.560 --> 00:17:29.560]  有沒有試過
[00:17:29.560 --> 00:17:30.560]  不如不要說雷同
[00:17:30.560 --> 00:17:33.560]  其實我自己內心有一點掙扎
[00:17:33.560 --> 00:17:35.560]  我去報道會的時候
[00:17:35.560 --> 00:17:37.560]  又很害怕跟對方說
[00:17:37.560 --> 00:17:38.560]  去報道會
[00:17:38.560 --> 00:17:40.560]  然後叫人怎樣
[00:17:40.560 --> 00:17:41.560]  吃飯
[00:17:41.560 --> 00:17:43.560]  聊聊天
[00:17:43.560 --> 00:17:44.560]  有個活動
[00:17:44.560 --> 00:17:46.560]  講一半怎樣
[00:17:46.560 --> 00:17:47.560]  剩一半
[00:17:47.560 --> 00:17:49.560]  這些就有一點
[00:17:49.560 --> 00:17:51.560]  我懷疑有一點欺詐的成分
[00:17:51.560 --> 00:17:53.560]  也不出奇
[00:17:53.560 --> 00:17:54.560]  保羅他又不是
[00:17:54.560 --> 00:17:56.560]  我去傳福音我不是用欺詐
[00:17:56.560 --> 00:17:58.560]  我不是用這些手段
[00:17:58.560 --> 00:17:59.560]  我很清清楚楚
[00:17:59.560 --> 00:18:01.560]  我去關愛其他人
[00:18:01.560 --> 00:18:04.560]  我們默想的時候講到保羅的自白
[00:18:04.560 --> 00:18:06.560]  他的生命是何等聖潔公義
[00:18:06.560 --> 00:18:08.560]  無可指責
[00:18:08.560 --> 00:18:10.560]  今天我們去傳福音
[00:18:10.560 --> 00:18:12.560]  我們用什麼方法
[00:18:12.560 --> 00:18:14.560]  其實我們晶晶
[00:18:14.560 --> 00:18:16.560]  晶晶地去到人的面前
[00:18:16.560 --> 00:18:18.560]  來關心他們
[00:18:18.560 --> 00:18:20.560]  這個可以成為我們很大
[00:18:20.560 --> 00:18:22.560]  很大清楚的方法
[00:18:22.560 --> 00:18:23.560]  那個動機
[00:18:23.560 --> 00:18:24.560]  第四節很清楚
[00:18:24.560 --> 00:18:26.560]  第四節回到動機
[00:18:26.560 --> 00:18:28.560]  他說丹神嚴重了我們
[00:18:28.560 --> 00:18:30.560]  將福音託付了我們
[00:18:30.560 --> 00:18:32.560]  我們就照樣講
[00:18:32.560 --> 00:18:33.560]  不是討人喜歡
[00:18:33.560 --> 00:18:35.560]  乃是要討那察艷
[00:18:35.560 --> 00:18:37.560]  我們心的神喜歡
[00:18:37.560 --> 00:18:41.560]  他說我們沒有藏著貪心
[00:18:41.560 --> 00:18:44.560]  我們沒有向人要求尊重
[00:18:44.560 --> 00:18:48.560]  也沒有要求從人而來得的榮耀
[00:18:48.560 --> 00:18:50.560]  在保羅的裡面
[00:18:50.560 --> 00:18:52.560]  保羅傳福音很清楚
[00:18:52.560 --> 00:18:55.560]  他是因為上帝的感召
[00:18:55.560 --> 00:18:57.560]  所以在保羅的書信裡面
[00:18:57.560 --> 00:19:01.560]  他經常回到大馬色奴上
[00:19:01.560 --> 00:19:02.560]  遇見基督
[00:19:02.560 --> 00:19:04.560]  然後在耶穌裡面
[00:19:04.560 --> 00:19:07.560]  呼喚他成為外邦人的使徒
[00:19:07.560 --> 00:19:08.560]  這一段歷史
[00:19:08.560 --> 00:19:10.560]  在保羅的生命裡面
[00:19:10.560 --> 00:19:11.560]  遇見基督
[00:19:11.560 --> 00:19:13.560]  然後蒙主呼召
[00:19:13.560 --> 00:19:15.560]  去傳講福音
[00:19:15.560 --> 00:19:16.560]  是他傳福音裡面
[00:19:16.560 --> 00:19:18.560]  一個很重要的動機
[00:19:18.560 --> 00:19:20.560]  他要的就是回應
[00:19:20.560 --> 00:19:22.560]  被他恩情的上帝
[00:19:22.560 --> 00:19:24.560]  他要做的就是回應
[00:19:24.560 --> 00:19:25.560]  那個救贖他生命
[00:19:25.560 --> 00:19:29.560]  呼召他成為使徒的耶穌基督
[00:19:29.560 --> 00:19:33.560]  弟子們我們有沒有這個召命呢?
[00:19:33.560 --> 00:19:35.560]  我們都熟悉的大使命經文
[00:19:35.560 --> 00:19:36.560]  有沒有印象?
[00:19:36.560 --> 00:19:39.560]  馬太福音第28章譬如第18至20節
[00:19:39.560 --> 00:19:41.560]  耶穌進前來對他們說
[00:19:41.560 --> 00:19:44.560]  天上地下所有的權兵都似急我了
[00:19:44.560 --> 00:19:46.560]  懂得背可以跟我一起背
[00:19:46.560 --> 00:19:47.560]  都似急我了
[00:19:47.560 --> 00:19:48.560]  所以你們要去
[00:19:48.560 --> 00:19:49.560]  洗萬民洗
[00:19:49.560 --> 00:19:50.560]  做我的門徒
[00:19:50.560 --> 00:19:52.560]  奉父子聖靈的名給他們施洗
[00:19:52.560 --> 00:19:55.560]  凡我所吩咐你們的都教訓他們遵守
[00:19:55.560 --> 00:19:57.560]  我就常與你們同在
[00:19:57.560 --> 00:19:59.560]  直到世界的末了
[00:19:59.560 --> 00:20:04.560]  這個不只是上帝呼喚保羅要做愛邦人的使徒
[00:20:04.560 --> 00:20:06.560]  原來我們每一個信徒
[00:20:06.560 --> 00:20:08.560]  我們信耶穌我們都經歷
[00:20:08.560 --> 00:20:11.560]  主耶穌給我們一個的吩咐
[00:20:11.560 --> 00:20:16.560]  這個吩咐就是要去洗萬民去做主的門徒
[00:20:16.560 --> 00:20:19.560]  今天我們擁有同一個的呼喚
[00:20:19.560 --> 00:20:21.560]  我們怎樣去回應呢?
[00:20:21.560 --> 00:20:25.560]  保羅說這個回應主的呼召
[00:20:25.560 --> 00:20:27.560]  土神喜歡
[00:20:27.560 --> 00:20:29.560]  因為神嚴重了我
[00:20:29.560 --> 00:20:32.560]  他說神將福音託付了給我們
[00:20:32.560 --> 00:20:33.560]  所以保羅就說
[00:20:33.560 --> 00:20:35.560]  所以去到不同的境況裏面
[00:20:35.560 --> 00:20:37.560]  保羅都照樣說
[00:20:37.560 --> 00:20:38.560]  土神喜歡
[00:20:38.560 --> 00:20:40.560]  回應神的託付
[00:20:40.560 --> 00:20:42.560]  在保羅的生命裏面
[00:20:42.560 --> 00:20:46.560]  是他最重要最重要的一個動機
[00:20:46.560 --> 00:20:50.560]  今年我侍奉第31年
[00:20:50.560 --> 00:20:51.560]  其實我都很年輕
[00:20:51.560 --> 00:20:53.560]  我是很年輕的時候開始侍奉
[00:20:53.560 --> 00:20:57.560]  所以31年都是很年輕
[00:20:57.560 --> 00:20:58.560]  我真的想
[00:20:58.560 --> 00:21:00.560]  我都有和我老婆說
[00:21:00.560 --> 00:21:03.560]  我大學一年級的時候蒙召
[00:21:03.560 --> 00:21:06.560]  大學一年級我怎樣蒙召的呢?
[00:21:06.560 --> 00:21:08.560]  其實我中三的時候信耶穌
[00:21:08.560 --> 00:21:09.560]  有機會和大家說過
[00:21:09.560 --> 00:21:12.560]  我都不想重複很多以前小時候的事
[00:21:12.560 --> 00:21:13.560]  但對於我來說
[00:21:13.560 --> 00:21:15.560]  這個蒙召經歷是重要的
[00:21:15.560 --> 00:21:18.560]  今天為什麼我站在一個講台上面呢?
[00:21:18.560 --> 00:21:21.560]  上個月我為什麼要去不同的地方去分享呢?
[00:21:21.560 --> 00:21:23.560]  下個月我又為什麼要去那些地方呢?
[00:21:23.560 --> 00:21:24.560]  你明白嗎?
[00:21:24.560 --> 00:21:26.560]  所有的東西貫穿在一起
[00:21:26.560 --> 00:21:29.560]  其實就是主給我的呼召
[00:21:29.560 --> 00:21:31.560]  31年的侍奉
[00:21:31.560 --> 00:21:36.560]  其實我蒙召那年是1993年
[00:21:36.560 --> 00:21:39.560]  1993年我踏入香港大學的門口
[00:21:39.560 --> 00:21:41.560]  我以前是讀書不成的
[00:21:41.560 --> 00:21:42.560]  那就不要理
[00:21:42.560 --> 00:21:44.560]  但我中三信耶穌
[00:21:44.560 --> 00:21:45.560]  那些都不要緊
[00:21:45.560 --> 00:21:46.560]  之前說過
[00:21:46.560 --> 00:21:47.560]  或者今天都不說那些
[00:21:47.560 --> 00:21:48.560]  中三信耶穌
[00:21:48.560 --> 00:21:51.560]  上帝給我生命很大很大的改變
[00:21:51.560 --> 00:21:53.560]  中三之前讀書很差
[00:21:53.560 --> 00:21:58.560]  中三的時候生命很痛
[00:21:58.560 --> 00:22:03.560]  上帝在糞土和灰塵裏面提拔我
[00:22:03.560 --> 00:22:05.560]  中三信耶穌
[00:22:05.560 --> 00:22:08.560]  不過我不是回恩福
[00:22:08.560 --> 00:22:11.560]  沒有人和我做三寶
[00:22:11.560 --> 00:22:12.560]  我說真的
[00:22:12.560 --> 00:22:13.560]  中學信耶穌
[00:22:13.560 --> 00:22:15.560]  中學回下屯契
[00:22:15.560 --> 00:22:17.560]  回下屯契之後
[00:22:17.560 --> 00:22:19.560]  叫我回教會又沒有回
[00:22:19.560 --> 00:22:21.560]  和我做栽培的時候
[00:22:21.560 --> 00:22:25.560]  臨近我應該是91年信主
[00:22:25.560 --> 00:22:27.560]  90、91信主
[00:22:27.560 --> 00:22:29.560]  那時候剛剛八九之後
[00:22:29.560 --> 00:22:31.560]  不說太多
[00:22:31.560 --> 00:22:34.560]  有很多和我做栽培的人移民了
[00:22:34.560 --> 00:22:38.560]  所以移民之後我就沒有再回教會
[00:22:38.560 --> 00:22:40.560]  去到大學一年班
[00:22:40.560 --> 00:22:42.560]  踏進香港大學門口的時候
[00:22:42.560 --> 00:22:44.560]  我馬上回想
[00:22:44.560 --> 00:22:45.560]  我從小成績很差
[00:22:45.560 --> 00:22:48.560]  我中三的時候是全校最低分那些
[00:22:48.560 --> 00:22:50.560]  那些是垃圾級的同學
[00:22:50.560 --> 00:22:53.560]  我為什麼可以站在香港大學的門口呢
[00:22:53.560 --> 00:22:54.560]  為什麼呢
[00:22:54.560 --> 00:22:55.560]  我真的會問
[00:22:55.560 --> 00:22:56.560]  那一刻我真的會問
[00:22:56.560 --> 00:22:57.560]  因為什麼
[00:22:57.560 --> 00:22:59.560]  因為耶穌給我的拯救
[00:22:59.560 --> 00:23:01.560]  不過我沒有回教會
[00:23:01.560 --> 00:23:02.560]  我沒有讀聖經
[00:23:02.560 --> 00:23:03.560]  我沒有祈禱
[00:23:03.560 --> 00:23:05.560]  我沒有所有宗教活動
[00:23:05.560 --> 00:23:08.560]  但那一刻我知道是耶穌
[00:23:08.560 --> 00:23:10.560]  在同一個時候有人就問
[00:23:10.560 --> 00:23:14.560]  香港大學的師姐走到我們身邊做問卷調查
[00:23:14.560 --> 00:23:16.560]  她問你是不是基督徒
[00:23:16.560 --> 00:23:18.560]  怎麼回答
[00:23:18.560 --> 00:23:19.560]  我又沒有回教會
[00:23:19.560 --> 00:23:20.560]  沒有讀經沒有祈禱
[00:23:20.560 --> 00:23:21.560]  什麼都沒有
[00:23:21.560 --> 00:23:22.560]  百無
[00:23:22.560 --> 00:23:24.560]  但我是不是基督徒
[00:23:24.560 --> 00:23:26.560]  我不知道哪裡來的勇氣
[00:23:26.560 --> 00:23:27.560]  應該我做過栽培
[00:23:27.560 --> 00:23:29.560]  她說心裡相信
[00:23:29.560 --> 00:23:30.560]  口裡承認
[00:23:30.560 --> 00:23:32.560]  所以我要承認
[00:23:32.560 --> 00:23:34.560]  臉皮厚地承認我是基督徒
[00:23:34.560 --> 00:23:36.560]  我很怕她問我回哪間教會
[00:23:36.560 --> 00:23:38.560]  幸好她沒有問
[00:23:38.560 --> 00:23:40.560]  接著她說我們有個基督徒迎新聚會
[00:23:40.560 --> 00:23:42.560]  你過來
[00:23:42.560 --> 00:23:44.560]  我去了基督徒香港大學的迎新聚會
[00:23:44.560 --> 00:23:46.560]  迎新聚會的講道
[00:23:46.560 --> 00:23:48.560]  我歷歷在目
[00:23:48.560 --> 00:23:50.560]  講完去問
[00:23:50.560 --> 00:23:51.560]  上帝給我
[00:23:51.560 --> 00:23:53.560]  有個主人往外國去
[00:23:53.560 --> 00:23:55.560]  往遠處去
[00:23:55.560 --> 00:23:57.560]  他按著才幹分配功架
[00:23:57.560 --> 00:23:58.560]  給他的僕人
[00:23:58.560 --> 00:23:59.560]  有五千的
[00:23:59.560 --> 00:24:00.560]  有三千的
[00:24:00.560 --> 00:24:01.560]  有一千的
[00:24:01.560 --> 00:24:02.560]  講完問一個問題
[00:24:02.560 --> 00:24:04.560]  你收到多少
[00:24:04.560 --> 00:24:06.560]  我心想
[00:24:06.560 --> 00:24:08.560]  我假假地HKU
[00:24:08.560 --> 00:24:10.560]  是假假地
[00:24:10.560 --> 00:24:12.560]  三千
[00:24:12.560 --> 00:24:14.560]  講完問下一個問題
[00:24:14.560 --> 00:24:16.560]  你用了上帝給你的時間
[00:24:16.560 --> 00:24:17.560]  因此才幹
[00:24:17.560 --> 00:24:19.560]  用了多少在上帝的角度
[00:24:19.560 --> 00:24:21.560]  多少
[00:24:21.560 --> 00:24:22.560]  零
[00:24:22.560 --> 00:24:23.560]  很清楚
[00:24:23.560 --> 00:24:24.560]  下一個問題
[00:24:24.560 --> 00:24:27.560]  你願意往後你的人生道路裏
[00:24:27.560 --> 00:24:29.560]  你用多少上帝給你的時間
[00:24:29.560 --> 00:24:31.560]  因此才幹在上帝的角度
[00:24:31.560 --> 00:24:33.560]  我怎樣回答
[00:24:33.560 --> 00:24:35.560]  我計數
[00:24:35.560 --> 00:24:37.560]  我要讀書
[00:24:37.560 --> 00:24:39.560]  我很想讀
[00:24:39.560 --> 00:24:41.560]  我當時在做戲劇
[00:24:41.560 --> 00:24:42.560]  所以我講道
[00:24:42.560 --> 00:24:43.560]  喜歡做戲劇給你看
[00:24:43.560 --> 00:24:45.560]  做話劇
[00:24:45.560 --> 00:24:47.560]  我希望在HKU做話劇
[00:24:47.560 --> 00:24:49.560]  然後我在拍拖
[00:24:49.560 --> 00:24:51.560]  拍拖要維他命M
[00:24:51.560 --> 00:24:55.560]  所以我要做兼職
[00:24:55.560 --> 00:24:57.560]  我跟上帝說
[00:24:57.560 --> 00:24:58.560]  我讀完書
[00:24:58.560 --> 00:24:59.560]  做完話劇
[00:24:59.560 --> 00:25:00.560]  拍完拖
[00:25:00.560 --> 00:25:01.560]  做完兼職
[00:25:01.560 --> 00:25:03.560]  之後那些上帝我給你用
[00:25:03.560 --> 00:25:05.560]  你收不收貨
[00:25:05.560 --> 00:25:07.560]  我自己都不收貨
[00:25:07.560 --> 00:25:08.560]  我騎完肚子後
[00:25:08.560 --> 00:25:09.560]  自己都覺得很壞
[00:25:09.560 --> 00:25:11.560]  都是零
[00:25:11.560 --> 00:25:13.560]  連兼職你都做了
[00:25:13.560 --> 00:25:15.560]  去到那刻
[00:25:15.560 --> 00:25:16.560]  我再想
[00:25:16.560 --> 00:25:18.560]  但上帝是上帝
[00:25:18.560 --> 00:25:19.560]  上帝給我一切
[00:25:19.560 --> 00:25:21.560]  我擁有的一切是上帝給我的
[00:25:21.560 --> 00:25:23.560]  但我怎樣計數
[00:25:23.560 --> 00:25:24.560]  我都計不到數
[00:25:24.560 --> 00:25:25.560]  難道我不讀書嗎
[00:25:25.560 --> 00:25:27.560]  難道我不去學戲劇嗎
[00:25:27.560 --> 00:25:29.560]  難道我甩了我女朋友嗎
[00:25:29.560 --> 00:25:31.560]  難道我叫她走嗎
[00:25:31.560 --> 00:25:33.560]  難道我叫她走嗎
[00:25:33.560 --> 00:25:34.560]  不通的
[00:25:34.560 --> 00:25:35.560]  我想幾條數
[00:25:35.560 --> 00:25:36.560]  我計不到
[00:25:36.560 --> 00:25:38.560]  計不到那怎麼辦
[00:25:38.560 --> 00:25:39.560]  我叮一聲
[00:25:39.560 --> 00:25:40.560]  突然間想了
[00:25:40.560 --> 00:25:41.560]  不是啊
[00:25:41.560 --> 00:25:42.560]  上帝是甚麼
[00:25:42.560 --> 00:25:44.560]  上帝是神來的
[00:25:44.560 --> 00:25:46.560]  我用不著自己計
[00:25:46.560 --> 00:25:48.560]  應該這樣做
[00:25:48.560 --> 00:25:49.560]  我想通了
[00:25:49.560 --> 00:25:51.560]  上帝我將我所有三千
[00:25:51.560 --> 00:25:52.560]  我碰都不碰
[00:25:52.560 --> 00:25:54.560]  我全都給你
[00:25:54.560 --> 00:25:57.560]  你教我怎樣去過我的人生
[00:25:57.560 --> 00:26:00.560]  那時做了這個決定
[00:26:00.560 --> 00:26:01.560]  跟著我的生命
[00:26:01.560 --> 00:26:03.560]  從此不再一樣
[00:26:03.560 --> 00:26:04.560]  後來在同一年
[00:26:04.560 --> 00:26:06.560]  1993年10月份
[00:26:06.560 --> 00:26:09.560]  唐崇明牧師在香港紅館
[00:26:09.560 --> 00:26:10.560]  有個報道大會
[00:26:10.560 --> 00:26:11.560]  叫甚麼名字我忘記了
[00:26:11.560 --> 00:26:13.560]  但唐牧師的道我記得
[00:26:13.560 --> 00:26:15.560]  唐牧師的呼召我記得
[00:26:15.560 --> 00:26:17.560]  唐牧師去到之後
[00:26:17.560 --> 00:26:18.560]  他去呼召
[00:26:18.560 --> 00:26:20.560]  應該是呼召人決志
[00:26:20.560 --> 00:26:21.560]  但不知為何
[00:26:21.560 --> 00:26:23.560]  他第一件事不是呼召決志
[00:26:23.560 --> 00:26:25.560]  他呼召有沒有人願意呢
[00:26:25.560 --> 00:26:27.560]  他說如果我們有神位
[00:26:27.560 --> 00:26:28.560]  我們犧牲一切
[00:26:28.560 --> 00:26:30.560]  在十字架上寫生
[00:26:30.560 --> 00:26:32.560]  流血給我們所有的東西
[00:26:32.560 --> 00:26:34.560]  如果上帝給我們那麼多東西
[00:26:34.560 --> 00:26:35.560]  我們有沒有人願意
[00:26:35.560 --> 00:26:37.560]  將自己所有獻情給上帝
[00:26:37.560 --> 00:26:39.560]  我獻了
[00:26:39.560 --> 00:26:40.560]  那我怎樣
[00:26:40.560 --> 00:26:42.560]  就舉手
[00:26:42.560 --> 00:26:44.560]  舉手之後唐牧師就說
[00:26:44.560 --> 00:26:45.560]  感謝主舉了手
[00:26:45.560 --> 00:26:47.560]  就可以下來台下
[00:26:47.560 --> 00:26:49.560]  我為你去祈禱
[00:26:49.560 --> 00:26:51.560]  那時我做陪談員
[00:26:51.560 --> 00:26:53.560]  我坐在紅館的山頂
[00:26:53.560 --> 00:26:55.560]  跟著我要張開眼睛
[00:26:55.560 --> 00:26:58.560]  我發現原來沒有人舉手
[00:26:58.560 --> 00:27:02.560]  第一次去報道會
[00:27:02.560 --> 00:27:04.560]  我不知道那麼多東西
[00:27:04.560 --> 00:27:06.560]  我不知道沒有人舉手
[00:27:06.560 --> 00:27:08.560]  我以為全部基督徒
[00:27:08.560 --> 00:27:09.560]  你想一想
[00:27:09.560 --> 00:27:11.560]  這是我的邏輯
[00:27:11.560 --> 00:27:12.560]  神是神
[00:27:12.560 --> 00:27:13.560]  祂擁有一切
[00:27:13.560 --> 00:27:15.560]  祂給我們所有生命
[00:27:15.560 --> 00:27:16.560]  給我們那麼大的慈愛
[00:27:16.560 --> 00:27:17.560]  更新我們的生命
[00:27:17.560 --> 00:27:19.560]  你願不願意被神使用
[00:27:19.560 --> 00:27:21.560]  邏輯上我覺得
[00:27:21.560 --> 00:27:23.560]  哪有基督徒會不願意
[00:27:23.560 --> 00:27:26.560]  我以為全場舉手
[00:27:26.560 --> 00:27:29.560]  我流著淚的時候
[00:27:29.560 --> 00:27:30.560]  跟著我想
[00:27:30.560 --> 00:27:32.560]  可能我弄錯了
[00:27:32.560 --> 00:27:35.560]  我想坐下
[00:27:35.560 --> 00:27:38.560]  真心怕
[00:27:38.560 --> 00:27:40.560]  怎可能在山頂裏面
[00:27:40.560 --> 00:27:42.560]  走下去呢
[00:27:42.560 --> 00:27:43.560]  但很有趣
[00:27:43.560 --> 00:27:44.560]  後面有個手
[00:27:44.560 --> 00:27:45.560]  是真人
[00:27:45.560 --> 00:27:47.560]  祂說
[00:27:47.560 --> 00:27:49.560]  感謝主
[00:27:51.560 --> 00:27:53.560]  你知不知道在山頂
[00:27:53.560 --> 00:27:55.560]  被人一手感謝主的時候
[00:27:55.560 --> 00:27:57.560]  你是滾下山的
[00:27:57.560 --> 00:27:59.560]  我是急步
[00:27:59.560 --> 00:28:01.560]  因為祂很斜
[00:28:01.560 --> 00:28:02.560]  急步急步
[00:28:02.560 --> 00:28:03.560]  大家說這個弟兄那麼愛主
[00:28:03.560 --> 00:28:05.560]  跑下去
[00:28:05.560 --> 00:28:08.560]  我不是跑下去
[00:28:08.560 --> 00:28:10.560]  我是跌下去
[00:28:10.560 --> 00:28:13.560]  去到下面的時候
[00:28:13.560 --> 00:28:14.560]  其實也有很多人
[00:28:14.560 --> 00:28:15.560]  原來在山頂
[00:28:15.560 --> 00:28:16.560]  看得不是很清楚
[00:28:16.560 --> 00:28:18.560]  但有沒有人不要緊
[00:28:18.560 --> 00:28:19.560]  牧師又唱
[00:28:19.560 --> 00:28:23.560]  十字架 十字架
[00:28:23.560 --> 00:28:28.560]  永是我的榮耀
[00:28:28.560 --> 00:28:30.560]  我就啪啪地哭
[00:28:30.560 --> 00:28:32.560]  我終追到誓
[00:28:32.560 --> 00:28:38.560]  證件為靠耶穌補血
[00:28:38.560 --> 00:28:39.560]  耶穌的補血
[00:28:39.560 --> 00:28:41.560]  洗淨我一切的罪
[00:28:41.560 --> 00:28:43.560]  我這個獻上
[00:28:43.560 --> 00:28:45.560]  是理所當然的
[00:28:45.560 --> 00:28:46.560]  是合理的
[00:28:46.560 --> 00:28:48.560]  跟著在1993年
[00:28:48.560 --> 00:28:50.560]  我很清楚夢照
[00:28:50.560 --> 00:28:51.560]  跟著有很多事情發生
[00:28:51.560 --> 00:28:52.560]  不說了
[00:28:52.560 --> 00:28:54.560]  但是對於我來說
[00:28:54.560 --> 00:28:55.560]  今天那首歌
[00:28:55.560 --> 00:28:57.560]  今天那個決定
[00:28:57.560 --> 00:28:59.560]  入香港大學那個決定
[00:28:59.560 --> 00:29:01.560]  一切一切歷歷在目
[00:29:01.560 --> 00:29:02.560]  在我每一個掙扎
[00:29:02.560 --> 00:29:04.560]  在我每一次的報道裏面
[00:29:04.560 --> 00:29:06.560]  在我每一個疲倦
[00:29:06.560 --> 00:29:08.560]  在我每一次要講到
[00:29:08.560 --> 00:29:12.560]  其實神的呼召歷歷在目
[00:29:12.560 --> 00:29:13.560]  我很清楚明白
[00:29:13.560 --> 00:29:18.560]  本來祂說神驗中了我
[00:29:18.560 --> 00:29:19.560]  將福音託付給我們
[00:29:19.560 --> 00:29:23.560]  我們就照樣講
[00:29:23.560 --> 00:29:25.560]  我們不是要討人的喜歡
[00:29:25.560 --> 00:29:27.560]  我們去傳講福音
[00:29:27.560 --> 00:29:31.560]  是要討那察驗我們心的神的喜歡
[00:29:31.560 --> 00:29:33.560]  跳一跳時間關係
[00:29:33.560 --> 00:29:34.560]  第七節
[00:29:34.560 --> 00:29:36.560]  祂說我怎樣去傳呢
[00:29:36.560 --> 00:29:39.560]  本來祂說
[00:29:39.560 --> 00:29:42.560]  我只是你們中間全心溫柔
[00:29:42.560 --> 00:29:44.560]  和母親預養自己的孩子
[00:29:44.560 --> 00:29:46.560]  我們既是這樣愛你們
[00:29:46.560 --> 00:29:49.560]  不但願意將神的福音託付給你們
[00:29:49.560 --> 00:29:51.560]  連自己的性命也願意給你們
[00:29:51.560 --> 00:29:54.560]  因你們是我們所痛愛的
[00:29:54.560 --> 00:29:55.560]  去到第十一節
[00:29:55.560 --> 00:29:58.560]  祂說你們也曉得我們怎樣勸勉你們
[00:29:58.560 --> 00:29:59.560]  安慰你們
[00:29:59.560 --> 00:30:00.560]  祝福你們
[00:30:00.560 --> 00:30:05.560]  好像父親待自己的兒女一樣
[00:30:05.560 --> 00:30:09.560]  母親的看顧是無微不至
[00:30:09.560 --> 00:30:11.560]  細心呵護
[00:30:11.560 --> 00:30:14.560]  感恩神給我有三個兒女
[00:30:14.560 --> 00:30:19.560]  我看到我太太母親的無微不至看護
[00:30:19.560 --> 00:30:21.560]  不知道你有沒有小朋友
[00:30:21.560 --> 00:30:22.560]  沒有小朋友不要緊
[00:30:22.560 --> 00:30:23.560]  你回想起來
[00:30:23.560 --> 00:30:24.560]  不過你很難想的
[00:30:24.560 --> 00:30:25.560]  你BB的時候
[00:30:25.560 --> 00:30:28.560]  你母親對你的無微不至
[00:30:28.560 --> 00:30:29.560]  細心呵護
[00:30:29.560 --> 00:30:31.560]  你也照顧過你的孩子
[00:30:31.560 --> 00:30:32.560]  你知道我說什麼嗎
[00:30:32.560 --> 00:30:33.560]  吸食
[00:30:33.560 --> 00:30:36.560]  怎樣餵奶
[00:30:36.560 --> 00:30:38.560]  怎樣餵固體食物
[00:30:38.560 --> 00:30:40.560]  你知道嗎
[00:30:40.560 --> 00:30:42.560]  知道吧
[00:30:42.560 --> 00:30:44.560]  固體食物怎樣
[00:30:44.560 --> 00:30:46.560]  母親
[00:30:46.560 --> 00:30:47.560]  真的
[00:30:47.560 --> 00:30:49.560]  是用清清楚楚
[00:30:49.560 --> 00:30:51.560]  兒子吃到肚子裡
[00:30:51.560 --> 00:30:53.560]  才會餵給小朋友
[00:30:53.560 --> 00:30:55.560]  是無微不至
[00:30:55.560 --> 00:30:57.560]  細心呵護
[00:30:57.560 --> 00:30:59.560]  教小朋友說話
[00:30:59.560 --> 00:31:01.560]  餵完奶之後
[00:31:01.560 --> 00:31:02.560]  要BB睡覺
[00:31:02.560 --> 00:31:04.560]  之前要怎樣
[00:31:04.560 --> 00:31:05.560]  要掃風
[00:31:05.560 --> 00:31:08.560]  那時候可能母親已經很累
[00:31:08.560 --> 00:31:10.560]  要餵奶
[00:31:10.560 --> 00:31:12.560]  母親已經筋疲力盡
[00:31:12.560 --> 00:31:14.560]  都是無微不至
[00:31:14.560 --> 00:31:15.560]  細心呵護
[00:31:15.560 --> 00:31:16.560]  掃風
[00:31:16.560 --> 00:31:17.560]  掃到兒子
[00:31:17.560 --> 00:31:19.560]  兒女餓到夠了
[00:31:19.560 --> 00:31:23.560]  然後安放在一個很溫暖的床裡
[00:31:23.560 --> 00:31:25.560]  上學
[00:31:25.560 --> 00:31:27.560]  帶兒女上學是怎樣的
[00:31:27.560 --> 00:31:30.560]  不知道你有沒有這個印象
[00:31:30.560 --> 00:31:32.560]  帶兒女過馬路
[00:31:32.560 --> 00:31:34.560]  過斑馬線是怎樣的
[00:31:34.560 --> 00:31:36.560]  那種牽緊她的手
[00:31:36.560 --> 00:31:38.560]  很怕她走快過你兩步
[00:31:38.560 --> 00:31:40.560]  被車撞到
[00:31:40.560 --> 00:31:42.560]  然後要放手
[00:31:42.560 --> 00:31:44.560]  等她自己上學的日子
[00:31:44.560 --> 00:31:46.560]  父母親繼續是無微不至
[00:31:46.560 --> 00:31:48.560]  細心呵護
[00:31:48.560 --> 00:31:50.560]  我有機會把握不同的時刻
[00:31:50.560 --> 00:31:52.560]  不同的片刻
[00:31:52.560 --> 00:31:54.560]  去教我的兒女一些事情
[00:31:54.560 --> 00:31:56.560]  特別是什麼事情
[00:31:56.560 --> 00:31:57.560]  爸爸特別強
[00:31:57.560 --> 00:31:59.560]  說個笑話給你聽
[00:31:59.560 --> 00:32:01.560]  通常兒女和爸爸聊天
[00:32:01.560 --> 00:32:02.560]  最常說的說話
[00:32:02.560 --> 00:32:04.560]  你知道是什麼嗎
[00:32:04.560 --> 00:32:06.560]  媽咪叻
[00:32:06.560 --> 00:32:10.560]  最常和爸爸說的說話
[00:32:10.560 --> 00:32:11.560]  媽咪叻
[00:32:11.560 --> 00:32:13.560]  但是有些時刻
[00:32:13.560 --> 00:32:15.560]  兒女很願意聽父親說話
[00:32:15.560 --> 00:32:17.560]  失意的時候
[00:32:17.560 --> 00:32:20.560]  兒女不開心的時候
[00:32:20.560 --> 00:32:22.560]  其實你做父親
[00:32:22.560 --> 00:32:26.560]  我那些時候很能夠去做教導
[00:32:26.560 --> 00:32:27.560]  你不要天天都教他
[00:32:27.560 --> 00:32:28.560]  他很煩
[00:32:28.560 --> 00:32:30.560]  但是在他失意
[00:32:30.560 --> 00:32:32.560]  在他考試很緊張
[00:32:32.560 --> 00:32:35.560]  在感情生活的迷思的時候
[00:32:35.560 --> 00:32:39.560]  我們在他自己發現自己未達標
[00:32:39.560 --> 00:32:41.560]  他自己很煩躁的時候
[00:32:41.560 --> 00:32:44.560]  在兒女尋求方向的時候
[00:32:44.560 --> 00:32:48.560]  以父親那種祝福
[00:32:48.560 --> 00:32:49.560]  那種安慰
[00:32:49.560 --> 00:32:50.560]  那種勸勉
[00:32:50.560 --> 00:32:53.560]  給到兒子、兒女很大的幫助
[00:32:53.560 --> 00:32:55.560]  傳福音是什麼呢
[00:32:55.560 --> 00:32:57.560]  傳導生命是什麼呢
[00:32:57.560 --> 00:32:59.560]  就好像母親預養自己的孩子
[00:32:59.560 --> 00:33:01.560]  無微不至細心呵護
[00:33:01.560 --> 00:33:03.560]  我自己去到傳福音的時候
[00:33:03.560 --> 00:33:07.560]  很細心去感受對方的脈搏
[00:33:07.560 --> 00:33:10.560]  究竟他的掙扎在哪裡
[00:33:10.560 --> 00:33:12.560]  哪個位置我可以關心到他
[00:33:12.560 --> 00:33:14.560]  有什麼我可以為他祈禱
[00:33:14.560 --> 00:33:17.560]  有什麼我可以告訴他我為他祈禱
[00:33:17.560 --> 00:33:20.560]  有什麼我祈禱完之後就不用告訴他
[00:33:20.560 --> 00:33:23.560]  很多事情裡面把好脈搏
[00:33:23.560 --> 00:33:25.560]  當合適的時候
[00:33:25.560 --> 00:33:27.560]  我們很細心很溫柔
[00:33:27.560 --> 00:33:29.560]  去將福音帶給他
[00:33:29.560 --> 00:33:31.560]  當教會有報道的活動
[00:33:31.560 --> 00:33:32.560]  當三福隊問你
[00:33:32.560 --> 00:33:35.560]  有沒有一些人可以和你去探訪的時候
[00:33:35.560 --> 00:33:40.560]  我們都很小心翼翼地將三福隊
[00:33:40.560 --> 00:33:43.560]  或者將這個朋友帶來教會的報道活動裡面
[00:33:43.560 --> 00:33:45.560]  今天和大家講的是保羅
[00:33:45.560 --> 00:33:48.560]  他在得時和不得時
[00:33:48.560 --> 00:33:51.560]  他的生命的見證流露
[00:33:51.560 --> 00:33:52.560]  保羅的強項
[00:33:52.560 --> 00:33:54.560]  其實剛才默想的時候
[00:33:54.560 --> 00:33:55.560]  我們默想了
[00:33:55.560 --> 00:34:00.560]  保羅的強項就是那種聖潔、正直、無可指責
[00:34:00.560 --> 00:34:02.560]  願意我們恩福堂
[00:34:02.560 --> 00:34:04.560]  特別我們今天中午堂的弟兄姊妹
[00:34:04.560 --> 00:34:07.560]  我們繼續傳出一個報道的熱心
[00:34:07.560 --> 00:34:09.560]  今天好像一個不得時
[00:34:09.560 --> 00:34:10.560]  好像而已
[00:34:10.560 --> 00:34:12.560]  其實是得時
[00:34:12.560 --> 00:34:14.560]  讓我們不要白佔地圖
[00:34:14.560 --> 00:34:16.560]  黑暗之後
[00:34:16.560 --> 00:34:19.560]  那個什麼
[00:34:19.560 --> 00:34:20.560]  什麼八日
[00:34:20.560 --> 00:34:21.560]  什麼什麼
[00:34:21.560 --> 00:34:22.560]  八日將至
[00:34:22.560 --> 00:34:23.560]  我忘記了
[00:34:23.560 --> 00:34:26.560]  是啊
[00:34:26.560 --> 00:34:27.560]  我們要多作主公
[00:34:27.560 --> 00:34:30.560]  我們這個時候正正就是一個得時
[00:34:30.560 --> 00:34:34.560]  我們不要浪費了這個時間
[00:34:34.560 --> 00:34:37.560]  願意我們這個時候同心有一個祈禱
[00:34:37.560 --> 00:34:39.560]  怎麼祈禱呢
[00:34:39.560 --> 00:34:41.560]  你為你自己的生命去祈禱
[00:34:41.560 --> 00:34:43.560]  第一件事剛才默想了
[00:34:43.560 --> 00:34:46.560]  求主的愛
[00:34:46.560 --> 00:34:49.560]  更新我們的生命
[00:34:49.560 --> 00:34:51.560]  讓我們在主耶穌基督
[00:34:51.560 --> 00:34:54.560]  去復活的恩情能力裏面
[00:34:54.560 --> 00:34:57.560]  我們生命更新改變
[00:34:57.560 --> 00:35:00.560]  以致我們能夠有那份聖潔
[00:35:00.560 --> 00:35:01.560]  公然
[00:35:01.560 --> 00:35:03.560]  活出屬主
[00:35:03.560 --> 00:35:05.560]  因為基督在我們生命裏面活著
[00:35:05.560 --> 00:35:08.560]  那種無可指責
[00:35:08.560 --> 00:35:10.560]  傳福音是作見證
[00:35:10.560 --> 00:35:12.560]  所以我們要有美好的見證
[00:35:12.560 --> 00:35:14.560]  那個見證從哪裏來呢
[00:35:14.560 --> 00:35:15.560]  那個見證不是自己來
[00:35:15.560 --> 00:35:18.560]  那個見證是經歷復活的主那裏來
[00:35:21.560 --> 00:35:23.560]  第二個祈禱事項
[00:35:23.560 --> 00:35:26.560]  求主開你眼睛讓你看到
[00:35:26.560 --> 00:35:31.560]  神給你的呼喚
[00:35:31.560 --> 00:35:33.560]  不單止是保羅
[00:35:33.560 --> 00:35:35.560]  不單止是羅斯
[00:35:35.560 --> 00:35:36.560]  我想你看到
[00:35:36.560 --> 00:35:37.560]  你所要尋求的
[00:35:37.560 --> 00:35:39.560]  神給你的呼喚是甚麼
[00:35:39.560 --> 00:35:41.560]  你有機會可以再去默想
[00:35:41.560 --> 00:35:43.560]  大使命經文
[00:35:43.560 --> 00:35:45.560]  神給你的呼喚是甚麼
[00:35:45.560 --> 00:35:48.560]  不是我們努力迫自己去傳福音
[00:35:48.560 --> 00:35:50.560]  而是當我們知道
[00:35:50.560 --> 00:35:52.560]  神給我們那個驗證了我們
[00:35:52.560 --> 00:35:54.560]  將福音託付給我們
[00:35:54.560 --> 00:36:00.560]  我們就能夠願意忠心去回應我們的主
[00:36:00.560 --> 00:36:02.560]  第三個禱告
[00:36:02.560 --> 00:36:05.560]  求主給你有勇氣
[00:36:05.560 --> 00:36:07.560]  每一次報道我都有擔心
[00:36:07.560 --> 00:36:09.560]  我都有懼怕
[00:36:09.560 --> 00:36:11.560]  但每一次我都用禱告
[00:36:11.560 --> 00:36:14.560]  求主給我有勇氣
[00:36:14.560 --> 00:36:17.560]  向我們身邊所愛的人
[00:36:17.560 --> 00:36:20.560]  去宣講、分享
[00:36:20.560 --> 00:36:22.560]  細心翼翼地去分享
[00:36:22.560 --> 00:36:26.560]  主在我們身上所做的那種偉大的事情
[00:36:26.560 --> 00:36:27.560]  願以神輕的我們
[00:36:27.560 --> 00:36:28.560]  我們同心禱告
[00:36:28.560 --> 00:36:29.560]  天父愛祢根治
[00:36:29.560 --> 00:36:30.560]  我們多謝祢
[00:36:30.560 --> 00:36:31.560]  多謝祢的慈愛
[00:36:31.560 --> 00:36:32.560]  多謝祢的信實
[00:36:32.560 --> 00:36:36.560]  還要多謝祢給保羅一個這麼美好的生命
[00:36:36.560 --> 00:36:38.560]  見證去鼓勵我們
[00:36:38.560 --> 00:36:39.560]  主在今天教導我們
[00:36:39.560 --> 00:36:40.560]  無論得時不得時
[00:36:40.560 --> 00:36:42.560]  就是今天的香港
[00:36:42.560 --> 00:36:44.560]  我們此時此刻此處
[00:36:44.560 --> 00:36:45.560]  主在鼓勵我們
[00:36:45.560 --> 00:36:47.560]  經歷神祢的愛和恩典
[00:36:47.560 --> 00:36:48.560]  主在幫助我們
[00:36:48.560 --> 00:36:49.560]  在祢的愛和恩典裡面
[00:36:49.560 --> 00:36:51.560]  生命根深改變
[00:36:51.560 --> 00:36:52.560]  主在教導我們
[00:36:52.560 --> 00:36:53.560]  我們出去的時候
[00:36:53.560 --> 00:36:54.560]  我們帶著愛
[00:36:54.560 --> 00:36:55.560]  帶著恩典
[00:36:55.560 --> 00:36:57.560]  帶著改變的心
[00:36:57.560 --> 00:37:00.560]  放膽的來跟人分享
[00:37:00.560 --> 00:37:02.560]  主在我們身上那種奇妙的作為
[00:37:02.560 --> 00:37:04.560]  願祢得著榮耀和稱讚
[00:37:04.560 --> 00:37:07.560]  獻上我們禱告奉教耶穌基督的名
