
[00:00:00.000 --> 00:00:03.280]  我不知道大家知不知道懼怕的力量很大
[00:00:03.280 --> 00:00:05.760]  同意嗎?我想大部份人都同意
[00:00:05.760 --> 00:00:08.560]  懼怕可以令我們不懂思想
[00:00:08.560 --> 00:00:10.560]  我們都經歷過
[00:00:10.560 --> 00:00:13.200]  你看到考試卷不懂的時候
[00:00:13.200 --> 00:00:16.240]  原本連懂的都變成不懂了
[00:00:16.240 --> 00:00:18.240]  我們每個人都經歷過
[00:00:18.240 --> 00:00:20.240]  Covid的時候
[00:00:20.240 --> 00:00:22.240]  我們每個人都很害怕
[00:00:22.240 --> 00:00:27.280]  有些人Covid到現在還不敢外出
[00:00:27.280 --> 00:00:28.800]  那些婆婆
[00:00:28.800 --> 00:00:31.600]  我不知道你可能未必有機會懂得
[00:00:31.600 --> 00:00:36.160]  有些比較長遠的影響
[00:00:36.160 --> 00:00:39.760]  懼怕可以改變我們的行為
[00:00:39.760 --> 00:00:43.120]  我不知道你家裡還有口罩
[00:00:43.120 --> 00:00:45.120]  剩下的可以舉手嗎?
[00:00:45.120 --> 00:00:48.080]  這麼多年買了
[00:00:48.080 --> 00:00:49.600]  不是你新買的那些
[00:00:49.600 --> 00:00:51.600]  是Covid剩下的那些口罩
[00:00:51.600 --> 00:00:53.840]  為什麼?因為我們懼怕的時候
[00:00:53.840 --> 00:00:55.200]  我們就去囤積
[00:00:55.200 --> 00:00:56.400]  對不對?
[00:00:56.400 --> 00:00:59.600]  第二種情況我們會懼怕
[00:00:59.600 --> 00:01:01.600]  就是我們做錯事的時候
[00:01:01.600 --> 00:01:03.600]  那你怕不怕?
[00:01:03.600 --> 00:01:04.880]  怕了
[00:01:04.880 --> 00:01:07.440]  所以我們預計會有些事情發生的時候
[00:01:07.440 --> 00:01:08.400]  我們又怕
[00:01:08.400 --> 00:01:09.680]  我們做錯事
[00:01:09.680 --> 00:01:11.680]  聖經裡面有沒有例子
[00:01:11.680 --> 00:01:14.400]  是懼怕令人犯罪的?
[00:01:14.400 --> 00:01:16.400]  有了
[00:01:16.400 --> 00:01:18.960]  阿伯拉罕的老婆認做什麼?
[00:01:18.960 --> 00:01:20.960]  妹妹,因為什麼?
[00:01:20.960 --> 00:01:23.440]  怕,這是預計的
[00:01:23.440 --> 00:01:27.680]  他以為法老好色之徒
[00:01:27.680 --> 00:01:29.680]  會搶他老婆殺了她
[00:01:29.680 --> 00:01:31.680]  其實不對的
[00:01:31.680 --> 00:01:34.720]  還有沒有?彼得
[00:01:34.720 --> 00:01:36.720]  彼得三次不認主
[00:01:36.720 --> 00:01:38.720]  那些是屎女
[00:01:38.720 --> 00:01:40.720]  不是什麼大人物
[00:01:40.720 --> 00:01:42.720]  希律怎樣?
[00:01:42.720 --> 00:01:44.720]  希律因為怕猶太人
[00:01:44.720 --> 00:01:46.720]  殺了耶穌
[00:01:46.720 --> 00:01:48.720]  其實聖經裡面很多例子
[00:01:48.720 --> 00:01:50.720]  不過聖經裡面最重要最強烈的例子
[00:01:50.720 --> 00:01:53.440]  就是以色列人因為懼怕
[00:01:53.440 --> 00:01:55.440]  不願意入迦南地
[00:01:55.440 --> 00:01:57.440]  這個才是
[00:01:57.440 --> 00:01:59.440]  以色列人在懼怕裡面
[00:01:59.440 --> 00:02:03.440]  承擔最沉重的代價
[00:02:03.440 --> 00:02:05.440]  因為懼怕不肯入迦南地
[00:02:05.440 --> 00:02:07.440]  結果怎樣?
[00:02:07.440 --> 00:02:09.440]  三十八年在抗耶
[00:02:09.440 --> 00:02:11.440]  不單止三十八年
[00:02:11.440 --> 00:02:13.440]  第一代全部怎樣?
[00:02:13.440 --> 00:02:15.440]  全部死在抗耶
[00:02:15.440 --> 00:02:17.440]  原來懼怕可以令到我們
[00:02:17.440 --> 00:02:19.440]  負上這麼沉重的代價
[00:02:19.440 --> 00:02:21.440]  今天想分四點來看
[00:02:21.440 --> 00:02:23.440]  新命紀一章二十六至三十三節
[00:02:23.440 --> 00:02:25.440]  第一點就是
[00:02:25.440 --> 00:02:27.440]  懼怕令到
[00:02:27.440 --> 00:02:29.440]  惡人說一些惡的話
[00:02:29.440 --> 00:02:31.440]  來違背命令
[00:02:31.440 --> 00:02:33.440]  有沒有這樣的經歷呢?
[00:02:33.440 --> 00:02:35.440]  惡人怕的時候
[00:02:35.440 --> 00:02:37.440]  他會說一些很惡的話
[00:02:37.440 --> 00:02:39.440]  第二就是怎樣呢?
[00:02:39.440 --> 00:02:41.440]  摩西教以色列人怎樣克服懼怕
[00:02:41.440 --> 00:02:43.440]  讓神走在我們面前
[00:02:43.440 --> 00:02:45.440]  作戰
[00:02:45.440 --> 00:02:47.440]  和背負我們
[00:02:47.440 --> 00:02:49.440]  這就是鎖匙
[00:02:49.440 --> 00:02:51.440]  第三點
[00:02:51.440 --> 00:02:53.440]  其實懼怕是什麼呢?
[00:02:53.440 --> 00:02:55.440]  懼怕就是不信
[00:02:55.440 --> 00:02:57.440]  信和懼怕
[00:02:57.440 --> 00:02:59.440]  其實是一個銀的兩邊
[00:02:59.440 --> 00:03:01.440]  最後是怎樣呢?
[00:03:01.440 --> 00:03:03.440]  讓神走在
[00:03:03.440 --> 00:03:05.440]  以色列人前面
[00:03:05.440 --> 00:03:07.440]  神會指引
[00:03:07.440 --> 00:03:09.440]  他們應該走的路
[00:03:09.440 --> 00:03:11.440]  經文一章二十六節
[00:03:11.440 --> 00:03:13.440]  上下文就說
[00:03:13.440 --> 00:03:15.440]  摩西重複在說新命紀
[00:03:15.440 --> 00:03:17.440]  摩西再說昔日
[00:03:17.440 --> 00:03:19.440]  文素記說的話
[00:03:19.440 --> 00:03:21.440]  你們不肯上去竟違背了耶和華
[00:03:21.440 --> 00:03:23.440]  你們神的命令
[00:03:23.440 --> 00:03:25.440]  違背這個字
[00:03:25.440 --> 00:03:27.440]  如果你看中文聖經
[00:03:27.440 --> 00:03:29.440]  其實違背這個字
[00:03:29.440 --> 00:03:31.440]  是很要命的
[00:03:31.440 --> 00:03:33.440]  因為背後有N這麼多的原文
[00:03:33.440 --> 00:03:35.440]  而違背
[00:03:35.440 --> 00:03:37.440]  有程度上的分別
[00:03:37.440 --> 00:03:39.440]  同意嗎?
[00:03:39.440 --> 00:03:41.440]  這個在違背這麼多個字裏
[00:03:41.440 --> 00:03:43.440]  是一個很
[00:03:43.440 --> 00:03:45.440]  很強的
[00:03:45.440 --> 00:03:47.440]  違背的字
[00:03:47.440 --> 00:03:49.440]  這裡說違背了你們神的命令
[00:03:49.440 --> 00:03:51.440]  其實命令原文是口
[00:03:51.440 --> 00:03:53.440]  神從來都沒有命令過
[00:03:53.440 --> 00:03:55.440]  以色列人進迦南地
[00:03:55.440 --> 00:03:57.440]  那是英許
[00:03:57.440 --> 00:03:59.440]  不是命令
[00:03:59.440 --> 00:04:01.440]  命令是什麼?
[00:04:01.440 --> 00:04:03.440]  戒命律例典相才是命令
[00:04:03.440 --> 00:04:05.440]  但這是一個工程式
[00:04:05.440 --> 00:04:07.440]  當聖經裏面指控人犯罪的時候
[00:04:07.440 --> 00:04:09.440]  就是用這個方程式
[00:04:09.440 --> 00:04:11.440]  這個違背是什麼意思?
[00:04:11.440 --> 00:04:13.440]  這個違背是
[00:04:13.440 --> 00:04:15.440]  刻意
[00:04:15.440 --> 00:04:17.440]  對抗
[00:04:17.440 --> 00:04:19.440]  性的違背
[00:04:19.440 --> 00:04:21.440]  你媽媽叫你做A
[00:04:21.440 --> 00:04:23.440]  你就做Not A
[00:04:23.440 --> 00:04:25.440]  不是做B
[00:04:25.440 --> 00:04:27.440]  做B都不算違背
[00:04:27.440 --> 00:04:29.440]  在聖經裏面
[00:04:29.440 --> 00:04:31.440]  每一次出現違背
[00:04:31.440 --> 00:04:33.440]  我讀完所有經文
[00:04:33.440 --> 00:04:35.440]  只有兩個結局
[00:04:35.440 --> 00:04:37.440]  第一個結局就是死
[00:04:37.440 --> 00:04:39.440]  每一次都是
[00:04:39.440 --> 00:04:41.440]  回轉悔改
[00:04:41.440 --> 00:04:43.440]  是這樣的用法
[00:04:43.440 --> 00:04:45.440]  所以以色列人叫
[00:04:45.440 --> 00:04:47.440]  違背之家
[00:04:47.440 --> 00:04:49.440]  所以這個
[00:04:49.440 --> 00:04:51.440]  為什麼違背?
[00:04:51.440 --> 00:04:53.440]  他說不肯
[00:04:53.440 --> 00:04:55.440]  什麼叫不肯?
[00:04:55.440 --> 00:04:57.440]  不肯這個字很有趣
[00:04:57.440 --> 00:04:59.440]  不肯這個字
[00:04:59.440 --> 00:05:01.440]  有一個很重要的意思
[00:05:01.440 --> 00:05:03.440]  不肯就是拒絕
[00:05:03.440 --> 00:05:05.440]  其實這個字什麼時候用?
[00:05:05.440 --> 00:05:07.440]  就是你應該肯
[00:05:07.440 --> 00:05:09.440]  不過不肯
[00:05:09.440 --> 00:05:11.440]  沒理由神
[00:05:11.440 --> 00:05:13.440]  給流奶與物之地
[00:05:13.440 --> 00:05:15.440]  以色列人都不肯入
[00:05:15.440 --> 00:05:17.440]  因為某一種原因
[00:05:17.440 --> 00:05:19.440]  令到原本他想的
[00:05:19.440 --> 00:05:21.440]  變成不想
[00:05:21.440 --> 00:05:23.440]  這個就是不肯
[00:05:23.440 --> 00:05:25.440]  這個原因
[00:05:25.440 --> 00:05:27.440]  原因就是因為害怕
[00:05:27.440 --> 00:05:29.440]  因為害怕的緣故
[00:05:29.440 --> 00:05:31.440]  原本有些好的東西
[00:05:31.440 --> 00:05:33.440]  你都不想拿
[00:05:33.440 --> 00:05:35.440]  這個願意的神學
[00:05:35.440 --> 00:05:37.440]  是什麼?
[00:05:37.440 --> 00:05:39.440]  我們的意念與神的意念
[00:05:39.440 --> 00:05:41.440]  很多時候
[00:05:41.440 --> 00:05:43.440]  侍奉是怎樣?
[00:05:43.440 --> 00:05:45.440]  我們很多時候都很想侍奉
[00:05:45.440 --> 00:05:47.440]  不過害怕
[00:05:47.440 --> 00:05:49.440]  有沒有試過?
[00:05:49.440 --> 00:05:51.440]  害怕不夠時間做功課
[00:05:51.440 --> 00:05:53.440]  害怕太忙的時候
[00:05:53.440 --> 00:05:57.440]  我想做的
[00:05:57.440 --> 00:05:59.440]  與神想我做的
[00:05:59.440 --> 00:06:01.440]  這裡又怎樣?
[00:06:01.440 --> 00:06:03.440]  這裡就有衝突
[00:06:03.440 --> 00:06:05.440]  這裡的不肯
[00:06:05.440 --> 00:06:07.440]  其實還有一個
[00:06:07.440 --> 00:06:09.440]  我們自我中心的時候
[00:06:09.440 --> 00:06:11.440]  明知神要我做的事
[00:06:11.440 --> 00:06:13.440]  我不去做
[00:06:13.440 --> 00:06:15.440]  這個就是
[00:06:15.440 --> 00:06:17.440]  違背
[00:06:17.440 --> 00:06:19.440]  有沒有試過掙扎崇拜?
[00:06:19.440 --> 00:06:21.440]  祈禱?團契?
[00:06:21.440 --> 00:06:23.440]  巧事
[00:06:23.440 --> 00:06:25.440]  很忙
[00:06:25.440 --> 00:06:27.440]  你明知道你都想
[00:06:27.440 --> 00:06:29.440]  不過你害怕
[00:06:29.440 --> 00:06:31.440]  你害怕你做不完
[00:06:31.440 --> 00:06:33.440]  這個就是違背
[00:06:33.440 --> 00:06:35.440]  他們怎樣違背?
[00:06:35.440 --> 00:06:37.440]  在帳篷內發怨言
[00:06:37.440 --> 00:06:39.440]  說
[00:06:39.440 --> 00:06:41.440]  因為恨我們
[00:06:41.440 --> 00:06:43.440]  所以將我們從埃及地
[00:06:43.440 --> 00:06:45.440]  領出來
[00:06:45.440 --> 00:06:47.440]  要交在阿摩利人手中
[00:06:47.440 --> 00:06:49.440]  除滅我們
[00:06:49.440 --> 00:06:51.440]  發怨言我們在哪裡見到?
[00:06:51.440 --> 00:06:53.440]  文素記
[00:06:53.440 --> 00:06:55.440]  但生命記是怎樣?
[00:06:55.440 --> 00:06:57.440]  生命記是將文素記再講一次
[00:06:57.440 --> 00:06:59.440]  但當我讀這裡的時候
[00:06:59.440 --> 00:07:01.440]  很震撼
[00:07:01.440 --> 00:07:03.440]  文素記用了怨言的字
[00:07:03.440 --> 00:07:05.440]  不是這個字
[00:07:05.440 --> 00:07:07.440]  這個怨言只是在生命記
[00:07:07.440 --> 00:07:09.440]  為什麼摩西再講一次
[00:07:09.440 --> 00:07:11.440]  以色列人的事件的時候
[00:07:11.440 --> 00:07:13.440]  這裡用了第二個字
[00:07:13.440 --> 00:07:15.440]  這個字叫什麼?
[00:07:15.440 --> 00:07:17.440]  這個字最好的翻譯
[00:07:17.440 --> 00:07:19.440]  就是反咬一啖
[00:07:19.440 --> 00:07:21.440]  反咬這個怨言
[00:07:21.440 --> 00:07:23.440]  很厲害
[00:07:23.440 --> 00:07:25.440]  什麼叫反咬?我要解釋
[00:07:25.440 --> 00:07:27.440]  他昔日說了什麼?
[00:07:27.440 --> 00:07:29.440]  文素記十四章二字
[00:07:29.440 --> 00:07:31.440]  以色列人眾人向摩西
[00:07:31.440 --> 00:07:33.440]  阿倫發怨言
[00:07:33.440 --> 00:07:35.440]  不是怨言的字
[00:07:35.440 --> 00:07:37.440]  傳會中跟他們說
[00:07:37.440 --> 00:07:39.440]  巴不得我早死在埃及地
[00:07:39.440 --> 00:07:41.440]  或者死在曠野
[00:07:41.440 --> 00:07:45.440]  為何把我們領到這地
[00:07:45.440 --> 00:07:47.440]  使我們倒在刀下
[00:07:47.440 --> 00:07:49.440]  這裡看到探子回報
[00:07:49.440 --> 00:07:51.440]  阿納族人是大隻佬
[00:07:51.440 --> 00:07:53.440]  一定死在刀下
[00:07:53.440 --> 00:07:57.440]  發怨言是什麼一些苦毒的說話
[00:07:57.440 --> 00:08:01.440]  他說妻子孩子一定被擄掠
[00:08:01.440 --> 00:08:03.440]  我們回埃及去喜不好
[00:08:03.440 --> 00:08:05.440]  眾人彼此說
[00:08:05.440 --> 00:08:09.440]  我們不如拿手令回埃及
[00:08:09.440 --> 00:08:13.440]  回埃及就是反咬神
[00:08:13.440 --> 00:08:15.440]  他們忘記了他們昔日
[00:08:15.440 --> 00:08:19.440]  求神幫他們脫離法老的手
[00:08:19.440 --> 00:08:23.440]  就像有個醫生幫你治好
[00:08:23.440 --> 00:08:29.440]  或者有些賭癮或吸毒
[00:08:29.440 --> 00:08:32.440]  很辛苦用程式幫你戒毒
[00:08:32.440 --> 00:08:35.440]  你一個屈尾時回去做
[00:08:35.440 --> 00:08:37.440]  你不應該做的事
[00:08:37.440 --> 00:08:40.440]  這個就是反咬
[00:08:40.440 --> 00:08:42.440]  意思是怎樣呢?
[00:08:42.440 --> 00:08:45.440]  意思就是將神妖魔化
[00:08:45.440 --> 00:08:49.440]  神的慈愛變成邪惡
[00:08:49.440 --> 00:08:52.440]  神就是帶我們出來
[00:08:52.440 --> 00:08:55.440]  要在曠野殺了我們
[00:08:55.440 --> 00:08:57.440]  這個就是反咬
[00:08:57.440 --> 00:08:59.440]  當害怕的時候
[00:08:59.440 --> 00:09:01.440]  原來可以令到以色列人
[00:09:01.440 --> 00:09:04.440]  一個這麼惡毒的說話都能說出來
[00:09:04.440 --> 00:09:08.440]  我想到為什麼以色列人說這麼惡毒的說話
[00:09:08.440 --> 00:09:11.440]  就是他們將自己投射到神那裡
[00:09:11.440 --> 00:09:14.440]  他們就是這麼惡毒的人
[00:09:14.440 --> 00:09:19.440]  他們內心的惡毒說出來的時候
[00:09:19.440 --> 00:09:22.440]  所以在危機的時候
[00:09:22.440 --> 00:09:25.440]  我們的應用是有兩種反應
[00:09:25.440 --> 00:09:27.440]  危機患難見真情
[00:09:27.440 --> 00:09:30.440]  危機的時候你就會看到人的心是怎樣
[00:09:30.440 --> 00:09:31.440]  有些人是善良的
[00:09:31.440 --> 00:09:33.440]  有些人是惡的時候
[00:09:33.440 --> 00:09:36.440]  危機的時候他就會說些惡毒的話
[00:09:36.440 --> 00:09:38.440]  他就會去攻擊人
[00:09:38.440 --> 00:09:42.440]  這裡就正正反映到以色列人是怎樣
[00:09:42.440 --> 00:09:44.440]  所以問第一個問題
[00:09:44.440 --> 00:09:45.440]  這裡不合理
[00:09:45.440 --> 00:09:47.440]  以色列人不肯入迦南地
[00:09:47.440 --> 00:09:50.440]  為什麼要38年在曠野
[00:09:50.440 --> 00:09:53.440]  為什麼要第一代全部死在曠野
[00:09:53.440 --> 00:09:55.440]  如果牧師請你吃飯你不去
[00:09:55.440 --> 00:09:57.440]  那是不是犯罪
[00:09:57.440 --> 00:09:59.440]  不是啊 人家給你一些好東西
[00:09:59.440 --> 00:10:01.440]  你不要因為害怕
[00:10:01.440 --> 00:10:03.440]  害怕不去那不是犯罪
[00:10:03.440 --> 00:10:05.440]  所以我們問一個問題
[00:10:05.440 --> 00:10:08.440]  究竟以色列人為什麼神要懲罰他
[00:10:08.440 --> 00:10:10.440]  答案在哪裡呢
[00:10:10.440 --> 00:10:12.440]  這個答案就是
[00:10:12.440 --> 00:10:14.440]  生命記34章
[00:10:14.440 --> 00:10:17.440]  一章34節我們看到33節
[00:10:17.440 --> 00:10:19.440]  34節他說
[00:10:19.440 --> 00:10:21.440]  耶和華聽見了你們(即是以色列人)
[00:10:21.440 --> 00:10:25.440]  說話的聲音就暴露起誓說
[00:10:25.440 --> 00:10:27.440]  進不了迦南地
[00:10:27.440 --> 00:10:29.440]  不是因為他們不肯入
[00:10:29.440 --> 00:10:32.440]  而是因為他們說話
[00:10:32.440 --> 00:10:35.440]  是因為惡毒的說話
[00:10:35.440 --> 00:10:39.440]  我沒想過原來以色列人神那麼重手
[00:10:39.440 --> 00:10:41.440]  審判他們
[00:10:41.440 --> 00:10:44.440]  是因為他們說一些惡毒的說話
[00:10:44.440 --> 00:10:46.440]  我們經常說一些惡毒的說話
[00:10:46.440 --> 00:10:48.440]  我們也不覺得會有什麼後果
[00:10:48.440 --> 00:10:49.440]  你有沒有罵人啊
[00:10:49.440 --> 00:10:51.440]  有啊 我們經常罵人
[00:10:51.440 --> 00:10:53.440]  所以這裡是怎樣呢
[00:10:53.440 --> 00:10:55.440]  文素記就很清晰地告訴你
[00:10:55.440 --> 00:11:00.440]  他說 惡人是發惡語
[00:11:00.440 --> 00:11:02.440]  你看他人是多惡
[00:11:02.440 --> 00:11:04.440]  你看他講的說話多惡毒
[00:11:04.440 --> 00:11:05.440]  所以為什麼第一代的以色列人
[00:11:05.440 --> 00:11:07.440]  全部死在曠野呢
[00:11:07.440 --> 00:11:08.440]  是罪有應得的
[00:11:08.440 --> 00:11:10.440]  他說 他們向我發怨言
[00:11:10.440 --> 00:11:12.440]  我忍耐他們要到什麼時候呢
[00:11:12.440 --> 00:11:14.440]  以色列人向我所發的怨言
[00:11:14.440 --> 00:11:16.440]  我都聽到
[00:11:16.440 --> 00:11:18.440]  你們摩西亞倫告訴他們
[00:11:18.440 --> 00:11:21.440]  耶和華說我指著我的永生
[00:11:21.440 --> 00:11:26.440]  我必照你們達到我耳中的話
[00:11:26.440 --> 00:11:27.440]  待你們
[00:11:27.440 --> 00:11:30.440]  進不了迦南地是因為什麼
[00:11:30.440 --> 00:11:33.440]  因為苦毒
[00:11:33.440 --> 00:11:35.440]  將神妖魔化
[00:11:35.440 --> 00:11:38.440]  將神的恥惡 慈愛
[00:11:38.440 --> 00:11:40.440]  講到成為邪惡
[00:11:40.440 --> 00:11:43.440]  這個在神面前是大罪
[00:11:43.440 --> 00:11:46.440]  這樣反映到原來是心的問題
[00:11:46.440 --> 00:11:48.440]  28節
[00:11:48.440 --> 00:11:50.440]  我們上哪裡去呢
[00:11:50.440 --> 00:11:52.440]  這裡完全不能翻譯的意思
[00:11:52.440 --> 00:11:54.440]  應該是什麼
[00:11:54.440 --> 00:11:56.440]  我們上哪裡去
[00:11:56.440 --> 00:11:57.440]  我們怎樣上去
[00:11:57.440 --> 00:11:59.440]  我們上去哪裡
[00:11:59.440 --> 00:12:00.440]  是這樣說
[00:12:00.440 --> 00:12:01.440]  什麼叫上去哪裡
[00:12:01.440 --> 00:12:03.440]  原來這裡人生是怎樣
[00:12:03.440 --> 00:12:06.440]  到一個地步 在曠野已經兩年時間
[00:12:06.440 --> 00:12:08.440]  然後去到迦南地
[00:12:08.440 --> 00:12:10.440]  有大隻佬在
[00:12:10.440 --> 00:12:12.440]  不可能進得去
[00:12:12.440 --> 00:12:14.440]  只是等於
[00:12:14.440 --> 00:12:16.440]  很多時候人生走到一個地
[00:12:16.440 --> 00:12:17.440]  走到一個位置
[00:12:17.440 --> 00:12:19.440]  我們沒有路走
[00:12:19.440 --> 00:12:22.440]  我們去到一個死亡的時候
[00:12:22.440 --> 00:12:23.440]  很生氣
[00:12:23.440 --> 00:12:25.440]  發苦 苦毒
[00:12:25.440 --> 00:12:26.440]  就是這個意思
[00:12:26.440 --> 00:12:27.440]  然後怎樣呢
[00:12:27.440 --> 00:12:28.440]  然後他說什麼
[00:12:28.440 --> 00:12:30.440]  我們的弟兄
[00:12:30.440 --> 00:12:31.440]  我們的弟兄是什麼
[00:12:31.440 --> 00:12:32.440]  就是那十個探子
[00:12:32.440 --> 00:12:34.440]  使我們的心
[00:12:34.440 --> 00:12:36.440]  消化
[00:12:36.440 --> 00:12:38.440]  在一個失望的呼喊裡面
[00:12:38.440 --> 00:12:40.440]  就變成了盛賴
[00:12:40.440 --> 00:12:42.440]  探子有沒有責任
[00:12:42.440 --> 00:12:44.440]  對的 他賴得
[00:12:44.440 --> 00:12:46.440]  但探子有責任
[00:12:46.440 --> 00:12:48.440]  不等於他們沒有責任嗎
[00:12:48.440 --> 00:12:49.440]  不等於
[00:12:49.440 --> 00:12:51.440]  所以這裡隱居是很重要
[00:12:51.440 --> 00:12:53.440]  令我們的心消化
[00:12:53.440 --> 00:12:56.440]  說那地的民比我又大又高
[00:12:56.440 --> 00:12:59.440]  成一廣大寬闊堅固
[00:12:59.440 --> 00:13:01.440]  高得頂天
[00:13:01.440 --> 00:13:03.440]  我們見到亞納族人
[00:13:03.440 --> 00:13:04.440]  那就是見到什麼
[00:13:04.440 --> 00:13:06.440]  大隻佬
[00:13:06.440 --> 00:13:09.440]  所以他們為什麼決定走回頭
[00:13:09.440 --> 00:13:11.440]  就是因為前面沒有路走
[00:13:11.440 --> 00:13:13.440]  那怎樣呢
[00:13:13.440 --> 00:13:14.440]  寧願走回頭
[00:13:14.440 --> 00:13:15.440]  我們的應用是什麼
[00:13:15.440 --> 00:13:17.440]  我們應用很多時候人生
[00:13:17.440 --> 00:13:20.440]  當我們去到一個困局的時候
[00:13:20.440 --> 00:13:21.440]  以色列人是怎樣呢
[00:13:21.440 --> 00:13:24.440]  他的選項就是最差的選項
[00:13:24.440 --> 00:13:27.440]  任何選項都比走回頭好
[00:13:27.440 --> 00:13:29.440]  走回一條回頭路
[00:13:29.440 --> 00:13:30.440]  結果怎樣呢
[00:13:30.440 --> 00:13:32.440]  結果被神審判他們
[00:13:32.440 --> 00:13:34.440]  所以被我們
[00:13:34.440 --> 00:13:36.440]  為什麼會這樣呢
[00:13:36.440 --> 00:13:40.440]  他們決定了神為他們預備的路
[00:13:40.440 --> 00:13:43.440]  神預備的路是有挑戰的
[00:13:43.440 --> 00:13:49.440]  當神要我們走那條路不走的時候
[00:13:49.440 --> 00:13:52.440]  我們的選項就是得罪神
[00:13:52.440 --> 00:13:55.440]  這裡給我們一個很深層的反思
[00:13:55.440 --> 00:13:59.440]  以色列人就是這樣墮落
[00:13:59.440 --> 00:14:02.440]  我想解釋什麼叫做心消化
[00:14:02.440 --> 00:14:04.440]  心消化其實是什麼
[00:14:04.440 --> 00:14:06.440]  其實就是懼怕
[00:14:06.440 --> 00:14:09.440]  懼怕有很多個同義詞
[00:14:09.440 --> 00:14:12.440]  消化是怎樣
[00:14:12.440 --> 00:14:14.440]  害怕到心溶了
[00:14:14.440 --> 00:14:18.440]  所以這裡用那個例子是用得很好的
[00:14:18.440 --> 00:14:23.440]  而這句說話是言而鑄那地的文強壯
[00:14:23.440 --> 00:14:26.440]  是在引文數記十三章二十八節
[00:14:26.440 --> 00:14:29.440]  羅西重述的時候只是引了這句說話
[00:14:29.440 --> 00:14:33.440]  因為亞納族人所以令他們心消化
[00:14:33.440 --> 00:14:34.440]  引句
[00:14:34.440 --> 00:14:39.440]  他們完全聚焦在困難那裡
[00:14:39.440 --> 00:14:41.440]  這就是問題
[00:14:41.440 --> 00:14:42.440]  為什麼我們會害怕
[00:14:42.440 --> 00:14:43.440]  為什麼我們會不害怕
[00:14:43.440 --> 00:14:47.440]  同樣兩個人面對同一個問題
[00:14:47.440 --> 00:14:49.440]  一個很害怕一個不害怕
[00:14:49.440 --> 00:14:52.440]  因為我們看的東西不一樣
[00:14:52.440 --> 00:14:56.440]  而心消化在文數記沒有用過
[00:14:56.440 --> 00:14:59.440]  這麼強烈害怕的字沒有用過
[00:14:59.440 --> 00:15:00.440]  是在生命記用
[00:15:00.440 --> 00:15:01.440]  不是生命記
[00:15:01.440 --> 00:15:04.440]  約書亞記才用得多
[00:15:04.440 --> 00:15:07.440]  約書亞記說是什麼人心消化
[00:15:07.440 --> 00:15:09.440]  有沒有人記得
[00:15:09.440 --> 00:15:12.440]  是以色列的敵人
[00:15:12.440 --> 00:15:14.440]  迦南人
[00:15:14.440 --> 00:15:16.440]  很諷刺
[00:15:16.440 --> 00:15:17.440]  神是怎樣
[00:15:17.440 --> 00:15:20.440]  其實害怕的是亞納族人
[00:15:20.440 --> 00:15:22.440]  不是以色列人
[00:15:22.440 --> 00:15:25.440]  到他們真的進去的時候
[00:15:25.440 --> 00:15:28.440]  原來一點都不需要害怕
[00:15:28.440 --> 00:15:29.440]  因為他們聽到
[00:15:29.440 --> 00:15:32.440]  以色列人出埃及過紅海的時候
[00:15:32.440 --> 00:15:35.440]  已經害怕到發抖
[00:15:35.440 --> 00:15:38.440]  所以很諷刺的時候
[00:15:38.440 --> 00:15:40.440]  就是我們不應該害怕
[00:15:40.440 --> 00:15:42.440]  我們就害怕
[00:15:42.440 --> 00:15:44.440]  其實是應該敵人來害怕
[00:15:44.440 --> 00:15:47.440]  我想問有沒有人知道那十個探子
[00:15:47.440 --> 00:15:49.440]  他們說令他們心消化
[00:15:49.440 --> 00:15:50.440]  結果是怎樣
[00:15:50.440 --> 00:15:51.440]  我引了一節經文
[00:15:51.440 --> 00:15:53.440]  十四章三十七字
[00:15:53.440 --> 00:15:55.440]  這些報惡信的人都遭瘟疫
[00:15:55.440 --> 00:15:58.440]  死在耶和華面前
[00:15:58.440 --> 00:15:59.440]  即死
[00:15:59.440 --> 00:16:01.440]  這裡十四章
[00:16:01.440 --> 00:16:03.440]  沒有三十八年
[00:16:03.440 --> 00:16:05.440]  以色列人還可以有三十八年
[00:16:05.440 --> 00:16:07.440]  這十個探子即時就審判
[00:16:07.440 --> 00:16:09.440]  更重的審判
[00:16:09.440 --> 00:16:12.440]  就是說令到弟兄心消化
[00:16:12.440 --> 00:16:14.440]  這個在生命記裏面是怎樣
[00:16:14.440 --> 00:16:16.440]  去打仗的時候
[00:16:16.440 --> 00:16:17.440]  害怕的不要去打
[00:16:17.440 --> 00:16:18.440]  為什麼
[00:16:18.440 --> 00:16:20.440]  因為你會影響你旁邊的人
[00:16:20.440 --> 00:16:23.440]  這個在我們神學原則上
[00:16:23.440 --> 00:16:24.440]  是非常重要
[00:16:24.440 --> 00:16:26.440]  原來懼怕是有傳染力的
[00:16:26.440 --> 00:16:28.440]  有沒有試過
[00:16:28.440 --> 00:16:29.440]  考試的時候
[00:16:29.440 --> 00:16:30.440]  你讀完了沒有
[00:16:30.440 --> 00:16:31.440]  還沒有
[00:16:31.440 --> 00:16:32.440]  你還沒有讀完
[00:16:32.440 --> 00:16:33.440]  哎呀 死了
[00:16:33.440 --> 00:16:35.440]  越講越什麼
[00:16:35.440 --> 00:16:37.440]  就害怕
[00:16:37.440 --> 00:16:39.440]  原來害怕是這樣的
[00:16:39.440 --> 00:16:41.440]  我們每個人都會害怕
[00:16:41.440 --> 00:16:44.440]  所以這個就是怎樣呢
[00:16:44.440 --> 00:16:48.440]  很大諷刺
[00:16:48.440 --> 00:16:49.440]  約書亞記就是怎樣呢
[00:16:49.440 --> 00:16:51.440]  就是和我上去的眾弟兄
[00:16:51.440 --> 00:16:53.440]  所以令到心消化
[00:16:53.440 --> 00:16:56.440]  其實在神面前是怎樣
[00:16:56.440 --> 00:16:58.440]  是大罪
[00:16:58.440 --> 00:16:59.440]  我們侍奉的時候
[00:16:59.440 --> 00:17:00.440]  很難的
[00:17:00.440 --> 00:17:01.440]  不行的
[00:17:01.440 --> 00:17:05.440]  去柬埔寨很害怕的
[00:17:05.440 --> 00:17:07.440]  不要令到你的弟兄心消化
[00:17:07.440 --> 00:17:08.440]  正的
[00:17:08.440 --> 00:17:10.440]  你問Walsh就知道了
[00:17:10.440 --> 00:17:12.440]  年年都要去的
[00:17:12.440 --> 00:17:14.440]  沒有消化
[00:17:14.440 --> 00:17:16.440]  剛強壯膽就是這樣
[00:17:16.440 --> 00:17:17.440]  第二點
[00:17:17.440 --> 00:17:18.440]  走在神面前
[00:17:18.440 --> 00:17:19.440]  接著29節
[00:17:19.440 --> 00:17:22.440]  摩西引述他昔日和以色列人講的說話
[00:17:22.440 --> 00:17:24.440]  我對你們說
[00:17:24.440 --> 00:17:26.440]  不要驚恐
[00:17:26.440 --> 00:17:27.440]  也不要怕他們
[00:17:27.440 --> 00:17:28.440]  我每次讀到這些經文
[00:17:28.440 --> 00:17:29.440]  我都不明白
[00:17:29.440 --> 00:17:30.440]  也不同意
[00:17:30.440 --> 00:17:31.440]  你害怕的時候
[00:17:31.440 --> 00:17:33.440]  你叫他不害怕就不害怕了嗎
[00:17:33.440 --> 00:17:35.440]  害怕是情感
[00:17:35.440 --> 00:17:36.440]  怎麼可以命令呢
[00:17:36.440 --> 00:17:37.440]  這裡有兩個字
[00:17:37.440 --> 00:17:39.440]  驚恐是非常強力的
[00:17:39.440 --> 00:17:42.440]  我發覺生命記用很多詞
[00:17:42.440 --> 00:17:44.440]  比在文數記更加強烈
[00:17:44.440 --> 00:17:45.440]  驚恐是什麼
[00:17:45.440 --> 00:17:48.440]  驚恐是害怕到發抖的意思
[00:17:48.440 --> 00:17:50.440]  非常負面
[00:17:50.440 --> 00:17:52.440]  接著出現14次
[00:17:52.440 --> 00:17:54.440]  有4次在生命記裡面
[00:17:54.440 --> 00:17:56.440]  你知不知道希伯來文
[00:17:56.440 --> 00:17:58.440]  起碼有10個字是講害怕的
[00:17:58.440 --> 00:17:59.440]  誇不誇張
[00:17:59.440 --> 00:18:01.440]  你問以色列人多害怕
[00:18:01.440 --> 00:18:03.440]  和犯罪一樣這麼多個字
[00:18:03.440 --> 00:18:07.440]  害怕到發抖
[00:18:07.440 --> 00:18:11.440]  但是我找遍出利文
[00:18:11.440 --> 00:18:16.440]  都找不到摩西在探子的情況裡面
[00:18:16.440 --> 00:18:18.440]  和以色列人說過
[00:18:18.440 --> 00:18:19.440]  你們不需要害怕
[00:18:19.440 --> 00:18:21.440]  沒有說過
[00:18:21.440 --> 00:18:23.440]  不過誰說過這句話
[00:18:23.440 --> 00:18:24.440]  約書亞
[00:18:24.440 --> 00:18:27.440]  約書亞說不要害怕也不要驚恐
[00:18:27.440 --> 00:18:29.440]  約書亞才說這句話
[00:18:29.440 --> 00:18:31.440]  約書亞是入迦南地之後
[00:18:31.440 --> 00:18:33.440]  不過摩西曾經說過一次
[00:18:33.440 --> 00:18:36.440]  叫以色列人不用害怕
[00:18:36.440 --> 00:18:38.440]  害怕是怎樣呢
[00:18:38.440 --> 00:18:40.440]  害怕是環境驅使
[00:18:40.440 --> 00:18:42.440]  以色列人見到害怕
[00:18:42.440 --> 00:18:43.440]  見到環境
[00:18:43.440 --> 00:18:46.440]  摩西是什麼時候和以色列人說
[00:18:46.440 --> 00:18:47.440]  不用害怕呢
[00:18:47.440 --> 00:18:48.440]  而怎樣呢
[00:18:48.440 --> 00:18:52.440]  而後來我發現了
[00:18:52.440 --> 00:18:55.440]  怎樣才可以解決我們害怕的問題
[00:18:55.440 --> 00:18:58.440]  我一次聽一個弟兄分享
[00:18:58.440 --> 00:19:01.440]  他患了癌症
[00:19:01.440 --> 00:19:05.440]  他要做化療電療
[00:19:05.440 --> 00:19:07.440]  他很害怕
[00:19:07.440 --> 00:19:08.440]  很害怕
[00:19:08.440 --> 00:19:10.440]  我要做化療
[00:19:10.440 --> 00:19:11.440]  突然間他說
[00:19:11.440 --> 00:19:12.440]  不用害怕
[00:19:12.440 --> 00:19:15.440]  因為神與我同在
[00:19:15.440 --> 00:19:16.440]  什麼意思呢
[00:19:16.440 --> 00:19:18.440]  給我一個很大的啟迪
[00:19:18.440 --> 00:19:20.440]  聖經裡面說
[00:19:20.440 --> 00:19:21.440]  不要懼怕
[00:19:21.440 --> 00:19:24.440]  不是等於你不害怕
[00:19:24.440 --> 00:19:26.440]  其實你是害怕的
[00:19:26.440 --> 00:19:28.440]  不過在你害怕的時候
[00:19:28.440 --> 00:19:31.440]  你記得神和你同在
[00:19:31.440 --> 00:19:32.440]  你和你自己說
[00:19:32.440 --> 00:19:33.440]  不用害怕
[00:19:33.440 --> 00:19:34.440]  我不用害怕
[00:19:34.440 --> 00:19:37.440]  我能夠解決我的問題
[00:19:37.440 --> 00:19:39.440]  這個就是摩西說的
[00:19:39.440 --> 00:19:41.440]  不要懼怕
[00:19:41.440 --> 00:19:45.440]  但我還問一個很重要的聖經問題
[00:19:45.440 --> 00:19:48.440]  摩西是40年之後
[00:19:48.440 --> 00:19:52.440]  38年前以色列人因為怕大隻佬
[00:19:52.440 --> 00:19:54.440]  所以不肯入迦南地
[00:19:54.440 --> 00:19:58.440]  38年之後是不是大隻佬縮水了
[00:19:58.440 --> 00:20:00.440]  是不是沒那麼好打
[00:20:00.440 --> 00:20:03.440]  摩西再和以色列人說不用怕
[00:20:03.440 --> 00:20:06.440]  難道以色列人會不害怕嗎
[00:20:06.440 --> 00:20:07.440]  不會的
[00:20:07.440 --> 00:20:11.440]  所以為什麼摩西忍了昔日說不害怕的話
[00:20:11.440 --> 00:20:15.440]  來鼓勵以色列人說你們不用害怕
[00:20:15.440 --> 00:20:17.440]  所以為什麼摩西之後那幾節
[00:20:17.440 --> 00:20:19.440]  是非常重要
[00:20:19.440 --> 00:20:21.440]  摩西不是叫他們不害怕
[00:20:21.440 --> 00:20:23.440]  摩西告訴他們
[00:20:23.440 --> 00:20:27.440]  怎樣才可以克服懼怕
[00:20:27.440 --> 00:20:29.440]  今天想和大家來看
[00:20:29.440 --> 00:20:32.440]  38年的懼怕
[00:20:32.440 --> 00:20:35.440]  第二代其實是不需要害怕
[00:20:35.440 --> 00:20:37.440]  30節這裡說什麼
[00:20:37.440 --> 00:20:39.440]  耶和華你們的神
[00:20:39.440 --> 00:20:40.440]  然後說什麼
[00:20:40.440 --> 00:20:45.440]  就是那走在你們面前的那一位
[00:20:45.440 --> 00:20:48.440]  第一件事令我們不用害怕的是什麼
[00:20:48.440 --> 00:20:50.440]  神在我們前面
[00:20:50.440 --> 00:20:52.440]  神在我們前面我們就不害怕
[00:20:52.440 --> 00:20:56.440]  第二就是他必為你們作戰
[00:20:56.440 --> 00:20:58.440]  我們面對困難的時候
[00:20:58.440 --> 00:21:00.440]  那場仗不是我們打
[00:21:00.440 --> 00:21:03.440]  神在我們前面為我們打
[00:21:03.440 --> 00:21:06.440]  好像他在埃及
[00:21:06.440 --> 00:21:08.440]  已經經歷過了
[00:21:08.440 --> 00:21:11.440]  已經經歷過神是這樣為你打的時候
[00:21:11.440 --> 00:21:12.440]  所以再提醒
[00:21:12.440 --> 00:21:15.440]  如果神可以為以色列人帶你出埃及的時候
[00:21:15.440 --> 00:21:18.440]  難道不能夠入迦南地嗎
[00:21:18.440 --> 00:21:20.440]  然後再說在你們面前
[00:21:20.440 --> 00:21:24.440]  為你們所行的一切一樣
[00:21:24.440 --> 00:21:26.440]  神怎樣帶你出埃及
[00:21:26.440 --> 00:21:29.440]  就怎樣帶你入迦南
[00:21:29.440 --> 00:21:31.440]  過往的經歷
[00:21:31.440 --> 00:21:33.440]  幫我們克服
[00:21:33.440 --> 00:21:36.440]  我們面前看不到的
[00:21:36.440 --> 00:21:38.440]  並且在曠野裡
[00:21:38.440 --> 00:21:41.440]  你們也看見了耶和華你們的神
[00:21:41.440 --> 00:21:44.440]  怎樣在你們所行的一切路上
[00:21:44.440 --> 00:21:48.440]  背負你們神的慈愛
[00:21:48.440 --> 00:21:50.440]  神背負了以色列人38年
[00:21:50.440 --> 00:21:52.440]  被神背負的時候
[00:21:52.440 --> 00:21:54.440]  還有什麼好害怕的
[00:21:54.440 --> 00:21:56.440]  不是這樣說背負
[00:21:56.440 --> 00:21:58.440]  好像背負兒子一樣
[00:21:58.440 --> 00:22:00.440]  通常不應該這樣寫
[00:22:00.440 --> 00:22:03.440]  是媽媽才背負兒子
[00:22:03.440 --> 00:22:05.440]  神去背負兒子
[00:22:05.440 --> 00:22:09.440]  直到你們到了這個地方
[00:22:09.440 --> 00:22:11.440]  神背負了38年
[00:22:11.440 --> 00:22:14.440]  是會背負他們進去的
[00:22:14.440 --> 00:22:16.440]  所以什麼叫走在你面前
[00:22:16.440 --> 00:22:17.440]  走在你面前
[00:22:17.440 --> 00:22:19.440]  這裡是用酒是parisable
[00:22:19.440 --> 00:22:21.440]  是持續性
[00:22:21.440 --> 00:22:23.440]  走在面前就是神的同在
[00:22:23.440 --> 00:22:26.440]  神是和以色列人一起
[00:22:26.440 --> 00:22:29.440]  以致他們能夠進入迦南地
[00:22:29.440 --> 00:22:31.440]  我會回頭說這一點
[00:22:31.440 --> 00:22:33.440]  所以先說在你們面前
[00:22:33.440 --> 00:22:35.440]  為你們作戰
[00:22:35.440 --> 00:22:37.440]  摩西說的是什麼呢
[00:22:37.440 --> 00:22:40.440]  原來只有一次經文
[00:22:40.440 --> 00:22:43.440]  是摩西和以色列人說
[00:22:43.440 --> 00:22:45.440]  神為你們作戰
[00:22:45.440 --> 00:22:47.440]  就出了《埃及記》14章
[00:22:47.440 --> 00:22:50.440]  就是唯一一次摩西和以色列人說
[00:22:50.440 --> 00:22:51.440]  不要懼怕
[00:22:51.440 --> 00:22:52.440]  這裡是怎樣
[00:22:52.440 --> 00:22:55.440]  我要說一下上下文
[00:22:55.440 --> 00:22:58.440]  以色列人離開了埃及之後
[00:22:58.440 --> 00:22:59.440]  去到紅海
[00:22:59.440 --> 00:23:00.440]  記不記得
[00:23:00.440 --> 00:23:02.440]  面對著海
[00:23:02.440 --> 00:23:03.440]  法老在後面
[00:23:03.440 --> 00:23:04.440]  夾攻
[00:23:04.440 --> 00:23:06.440]  前無退路
[00:23:06.440 --> 00:23:07.440]  前無進路
[00:23:07.440 --> 00:23:09.440]  後有追兵
[00:23:09.440 --> 00:23:10.440]  前無去路
[00:23:10.440 --> 00:23:12.440]  摩西怎樣跟人說
[00:23:12.440 --> 00:23:14.440]  不要懼怕
[00:23:14.440 --> 00:23:16.440]  這條鎖匙很重要
[00:23:16.440 --> 00:23:17.440]  要站著
[00:23:17.440 --> 00:23:22.440]  觀看耶和華今天為你們施行的拯救
[00:23:22.440 --> 00:23:24.440]  因為你們今天看見的埃及人
[00:23:24.440 --> 00:23:28.440]  必永遠不再看見
[00:23:28.440 --> 00:23:31.440]  耶和華為你們征戰
[00:23:31.440 --> 00:23:33.440]  所以這個就是摩西說
[00:23:33.440 --> 00:23:34.440]  不要懼怕
[00:23:34.440 --> 00:23:38.440]  那條鎖匙就是神會為你打的
[00:23:38.440 --> 00:23:41.440]  你們必須安靜不作聲
[00:23:41.440 --> 00:23:43.440]  不過我們反帶
[00:23:43.440 --> 00:23:45.440]  前面以色列人的反應是怎樣
[00:23:45.440 --> 00:23:47.440]  他們對摩西說
[00:23:47.440 --> 00:23:48.440]  發怨言
[00:23:48.440 --> 00:23:50.440]  這些這麼惡毒的說話
[00:23:50.440 --> 00:23:52.440]  應該早就死在曠野
[00:23:52.440 --> 00:23:54.440]  難道埃及沒有墳墓
[00:23:54.440 --> 00:23:55.440]  什麼叫苦毒
[00:23:55.440 --> 00:23:56.440]  我解釋
[00:23:56.440 --> 00:23:58.440]  所有苦毒都是喊生喊死
[00:23:58.440 --> 00:24:00.440]  那個婆婆很苦毒
[00:24:00.440 --> 00:24:02.440]  叫兒子跟她買外賣
[00:24:02.440 --> 00:24:03.440]  等你的外賣來
[00:24:03.440 --> 00:24:04.440]  我餓死了
[00:24:04.440 --> 00:24:06.440]  有沒有聽過這樣的說話
[00:24:06.440 --> 00:24:08.440]  這些是苦毒的說話
[00:24:08.440 --> 00:24:10.440]  知道我說什麼嗎
[00:24:10.440 --> 00:24:12.440]  然後他說難道埃及沒有墳墓
[00:24:12.440 --> 00:24:14.440]  你要把我們帶來死在曠野
[00:24:14.440 --> 00:24:16.440]  你為什麼這樣對我
[00:24:16.440 --> 00:24:18.440]  把我們埃及領出來
[00:24:18.440 --> 00:24:20.440]  一開始出了埃及沒多久
[00:24:20.440 --> 00:24:22.440]  埃及沒多久
[00:24:22.440 --> 00:24:24.440]  你帶我們離開埃及就是死
[00:24:24.440 --> 00:24:26.440]  進迦南地之前也是這樣
[00:24:26.440 --> 00:24:28.440]  然後怎樣
[00:24:28.440 --> 00:24:30.440]  我在埃及的時候不是跟你說過
[00:24:30.440 --> 00:24:32.440]  不要理我們
[00:24:32.440 --> 00:24:34.440]  我們要服侍埃及人
[00:24:34.440 --> 00:24:38.440]  因為服侍埃及人比死在曠野還好
[00:24:38.440 --> 00:24:40.440]  這是一種思維
[00:24:40.440 --> 00:24:42.440]  以色列人有一種思維的時候
[00:24:42.440 --> 00:24:47.440]  怎麼可能摩西跟以色列有這麼強烈的對照
[00:24:47.440 --> 00:24:53.440]  摩西看到法老軍兵肯定一定必死無疑
[00:24:53.440 --> 00:24:56.440]  但摩西能夠看到完全不一樣的東西
[00:24:56.440 --> 00:24:59.440]  所以這裡第一點就是要站著
[00:24:59.440 --> 00:25:01.440]  什麼叫站著
[00:25:01.440 --> 00:25:02.440]  站著
[00:25:02.440 --> 00:25:04.440]  等於我們的躺平
[00:25:04.440 --> 00:25:06.440]  知不知道我在說什麼
[00:25:06.440 --> 00:25:07.440]  你要躺平才行
[00:25:07.440 --> 00:25:08.440]  原來你遇到困難
[00:25:08.440 --> 00:25:09.440]  什麼意思
[00:25:09.440 --> 00:25:12.440]  你不要用你自己的方法來解決問題
[00:25:12.440 --> 00:25:14.440]  信心是怎樣
[00:25:14.440 --> 00:25:17.440]  信心是讓神來掌控
[00:25:17.440 --> 00:25:19.440]  那怎樣才算是躺平
[00:25:19.440 --> 00:25:22.440]  安靜不要作聲
[00:25:22.440 --> 00:25:24.440]  為什麼叫安靜不要作聲
[00:25:24.440 --> 00:25:26.440]  是吵吵鬧鬧
[00:25:26.440 --> 00:25:30.440]  小時候要幫忙爸爸媽媽的時候
[00:25:30.440 --> 00:25:31.440]  被爸爸罵
[00:25:31.440 --> 00:25:34.440]  小時候在家做新年食品的時候
[00:25:34.440 --> 00:25:36.440]  我要幫忙的時候被媽媽罵
[00:25:36.440 --> 00:25:38.440]  吵吵鬧鬧
[00:25:38.440 --> 00:25:39.440]  左手左腳
[00:25:39.440 --> 00:25:41.440]  安靜是怎樣
[00:25:41.440 --> 00:25:43.440]  安靜在
[00:25:43.440 --> 00:25:45.440]  我們有時候有困難的時候
[00:25:45.440 --> 00:25:47.440]  我們祈禱告訴神
[00:25:47.440 --> 00:25:48.440]  神你要怎樣幫我
[00:25:48.440 --> 00:25:49.440]  有沒有試過
[00:25:49.440 --> 00:25:51.440]  神你最好這樣這樣
[00:25:51.440 --> 00:25:53.440]  這個就是不安靜
[00:25:53.440 --> 00:25:54.440]  安靜信靠神
[00:25:54.440 --> 00:25:58.440]  是讓神用祂的方法來解決問題
[00:25:58.440 --> 00:26:01.440]  而不是我們給神意見
[00:26:01.440 --> 00:26:05.440]  第二點就是什麼叫觀看拯救
[00:26:05.440 --> 00:26:07.440]  觀看拯救就是
[00:26:07.440 --> 00:26:10.440]  信心你看著
[00:26:10.440 --> 00:26:14.440]  你站在那裡等著看東西
[00:26:14.440 --> 00:26:15.440]  知道我說什麼嗎
[00:26:15.440 --> 00:26:17.440]  我們看電影的時候
[00:26:17.440 --> 00:26:18.440]  我們知道結局
[00:26:18.440 --> 00:26:19.440]  中的一定贏
[00:26:19.440 --> 00:26:21.440]  奸的一定輸
[00:26:21.440 --> 00:26:23.440]  你看到石堅和曹達華的時候
[00:26:23.440 --> 00:26:25.440]  你就站在那裡看
[00:26:25.440 --> 00:26:26.440]  因為你知道
[00:26:26.440 --> 00:26:30.440]  你知道最後一定是誰贏誰輸
[00:26:30.440 --> 00:26:33.440]  這樣才會叫觀看
[00:26:33.440 --> 00:26:34.440]  對不對
[00:26:34.440 --> 00:26:36.440]  意思就是
[00:26:36.440 --> 00:26:38.440]  這個信心是等
[00:26:38.440 --> 00:26:40.440]  但是你看電影的時候
[00:26:40.440 --> 00:26:43.440]  你不知道曹達華怎樣贏石堅
[00:26:43.440 --> 00:26:44.440]  你不知道
[00:26:44.440 --> 00:26:46.440]  所以要等
[00:26:46.440 --> 00:26:49.440]  波西知不知道神要怎樣拯救以色列人
[00:26:49.440 --> 00:26:50.440]  不知道
[00:26:50.440 --> 00:26:51.440]  所以下一節是怎樣
[00:26:51.440 --> 00:26:53.440]  波西向神呼求
[00:26:53.440 --> 00:26:54.440]  然後神說什麼
[00:26:54.440 --> 00:26:55.440]  你幹嘛求我
[00:26:55.440 --> 00:26:56.440]  直行
[00:26:56.440 --> 00:26:57.440]  伸象
[00:26:57.440 --> 00:26:58.440]  然後波西跟著做
[00:26:58.440 --> 00:26:59.440]  搞定
[00:26:59.440 --> 00:27:01.440]  所以這個就是怎樣
[00:27:01.440 --> 00:27:03.440]  第二個就是觀看拯救
[00:27:03.440 --> 00:27:04.440]  第三就是
[00:27:04.440 --> 00:27:09.440]  你今天看到的埃及人永遠不再看見
[00:27:09.440 --> 00:27:11.440]  這個就是信心
[00:27:11.440 --> 00:27:14.440]  這個是信心眼睛所看到的
[00:27:14.440 --> 00:27:17.440]  原來一個信心眼睛看到的
[00:27:17.440 --> 00:27:25.440]  我們用肉眼看和用信心看的分別
[00:27:25.440 --> 00:27:27.440]  用肉眼看我們看到問題
[00:27:27.440 --> 00:27:31.440]  用信心看我們看到神的應許
[00:27:31.440 --> 00:27:34.440]  這個困難是我們看到神的應許
[00:27:34.440 --> 00:27:37.440]  還是我們看到困難
[00:27:37.440 --> 00:27:39.440]  所以這裏
[00:27:39.440 --> 00:27:42.440]  接著31節
[00:27:42.440 --> 00:27:44.440]  背負你們是怎樣
[00:27:44.440 --> 00:27:48.440]  並在曠野裏你們也看見
[00:27:48.440 --> 00:27:51.440]  非常重要這個也看見
[00:27:51.440 --> 00:27:54.440]  以色列人在曠野裏看到什麼
[00:27:54.440 --> 00:27:57.440]  我列出了五樣東西以色列人看到
[00:27:57.440 --> 00:28:00.440]  這五樣東西就是看到神的慈愛
[00:28:00.440 --> 00:28:01.440]  神怎樣背負他
[00:28:01.440 --> 00:28:02.440]  第一
[00:28:02.440 --> 00:28:04.440]  在曠野四十年有什麼
[00:28:04.440 --> 00:28:06.440]  運儲和火儲
[00:28:06.440 --> 00:28:07.440]  對不對
[00:28:07.440 --> 00:28:08.440]  第二
[00:28:08.440 --> 00:28:13.440]  每一天都看到瑪那降下
[00:28:13.440 --> 00:28:15.440]  第三就是
[00:28:15.440 --> 00:28:16.440]  水
[00:28:16.440 --> 00:28:18.440]  水是看不到的
[00:28:18.440 --> 00:28:22.440]  水就是以色列人信靠神的地方
[00:28:22.440 --> 00:28:24.440]  這個水是什麼
[00:28:24.440 --> 00:28:26.440]  盤石出水
[00:28:26.440 --> 00:28:30.440]  正正是以色列人在曠野裏沒有水喝
[00:28:30.440 --> 00:28:32.440]  爭吵的時候
[00:28:32.440 --> 00:28:34.440]  他們沒有看到
[00:28:34.440 --> 00:28:37.440]  他們經歷過盤石出水
[00:28:37.440 --> 00:28:39.440]  這個就是第三樣他們看到的
[00:28:39.440 --> 00:28:40.440]  第四樣是什麼
[00:28:40.440 --> 00:28:43.440]  衣服沒有穿破
[00:28:43.440 --> 00:28:45.440]  接著第五樣是什麼
[00:28:45.440 --> 00:28:49.440]  腳也沒有腫起來
[00:28:49.440 --> 00:28:51.440]  以色列人在曠野裏
[00:28:51.440 --> 00:28:56.440]  看到神怎樣在你們所行的一切路上
[00:28:56.440 --> 00:29:01.440]  神就是這樣來背負原文是什麼
[00:29:01.440 --> 00:29:03.440]  擔當
[00:29:03.440 --> 00:29:05.440]  神怎樣背負他們
[00:29:05.440 --> 00:29:08.440]  這個就是有多少人聽過footprint的故事
[00:29:08.440 --> 00:29:10.440]  足印
[00:29:10.440 --> 00:29:12.440]  那個人走得最辛苦的時候
[00:29:12.440 --> 00:29:15.440]  他看見後面的一對腳印
[00:29:15.440 --> 00:29:17.440]  埋怨神
[00:29:17.440 --> 00:29:19.440]  神為什麼你不和我走
[00:29:19.440 --> 00:29:21.440]  神說不是那個腳印是我的
[00:29:21.440 --> 00:29:23.440]  不是你的
[00:29:23.440 --> 00:29:25.440]  我抱著你來走
[00:29:25.440 --> 00:29:27.440]  這個就是footprint
[00:29:27.440 --> 00:29:30.440]  神就是抱著以色列人
[00:29:30.440 --> 00:29:32.440]  但當以色列人不知道的時候
[00:29:32.440 --> 00:29:34.440]  他以為他自己走
[00:29:34.440 --> 00:29:35.440]  所以爭戰是怎樣
[00:29:35.440 --> 00:29:36.440]  爭戰信靠神
[00:29:36.440 --> 00:29:38.440]  就是讓神走在他們前面
[00:29:38.440 --> 00:29:41.440]  讓神背著他們來走
[00:29:41.440 --> 00:29:43.440]  這裡我引了出埃及的28章
[00:29:43.440 --> 00:29:45.440]  這個沒有時間詳細解釋
[00:29:45.440 --> 00:29:47.440]  非常重要的經文
[00:29:47.440 --> 00:29:50.440]  這裡說亞倫進聖所的時候
[00:29:50.440 --> 00:29:52.440]  要將決斷的胸牌
[00:29:52.440 --> 00:29:55.440]  亞倫的衣服很有神學意義
[00:29:55.440 --> 00:29:59.440]  刻著以色列的兒子的名字
[00:29:59.440 --> 00:30:01.440]  戴在胸前
[00:30:01.440 --> 00:30:03.440]  原文是carry
[00:30:03.440 --> 00:30:05.440]  背著
[00:30:05.440 --> 00:30:07.440]  神學意義是怎樣
[00:30:07.440 --> 00:30:10.440]  亞倫是背著十二支牌
[00:30:10.440 --> 00:30:12.440]  去到神面前
[00:30:12.440 --> 00:30:15.440]  在耶和華面前常作紀念
[00:30:15.440 --> 00:30:18.440]  神就會記得以色列人
[00:30:18.440 --> 00:30:22.440]  神記住以色列人是怎樣
[00:30:22.440 --> 00:30:24.440]  就好像亞倫背著以色列人
[00:30:24.440 --> 00:30:28.440]  其實真正背著以色列人是在耶和華
[00:30:28.440 --> 00:30:31.440]  耶和華就是這樣背著以色列人
[00:30:31.440 --> 00:30:34.440]  當我們明白神的慈愛的時候
[00:30:34.440 --> 00:30:35.440]  我們真的不害怕
[00:30:35.440 --> 00:30:38.440]  就像弟弟兩三歲的時候
[00:30:38.440 --> 00:30:39.440]  他很害怕的時候
[00:30:39.440 --> 00:30:41.440]  爸爸抱著他之後
[00:30:41.440 --> 00:30:43.440]  還害不害怕
[00:30:43.440 --> 00:30:44.440]  不害怕
[00:30:44.440 --> 00:30:47.440]  因為他知道他爸爸抱著他
[00:30:47.440 --> 00:30:51.440]  所以只有一個準則
[00:30:51.440 --> 00:30:52.440]  我們不害怕
[00:30:52.440 --> 00:30:54.440]  就是信靠
[00:30:54.440 --> 00:30:56.440]  如果你信靠的時候
[00:30:56.440 --> 00:30:58.440]  你就不會有苦毒的說話
[00:30:58.440 --> 00:31:00.440]  直到你們來到這個地方
[00:31:00.440 --> 00:31:01.440]  是什麼意思
[00:31:01.440 --> 00:31:04.440]  三十八年的時間
[00:31:04.440 --> 00:31:06.440]  三十八年
[00:31:06.440 --> 00:31:08.440]  不是三年的時間
[00:31:08.440 --> 00:31:10.440]  神就是這樣背著他們
[00:31:10.440 --> 00:31:11.440]  三十二節
[00:31:11.440 --> 00:31:13.440]  然後這句最重要
[00:31:13.440 --> 00:31:15.440]  雖然者一樣
[00:31:15.440 --> 00:31:18.440]  你們還是不信
[00:31:18.440 --> 00:31:23.440]  懼怕和信是剛剛相反
[00:31:23.440 --> 00:31:26.440]  懼怕就是不信
[00:31:26.440 --> 00:31:29.440]  信就是不懼怕
[00:31:29.440 --> 00:31:33.440]  所以還是不信是什麼
[00:31:33.440 --> 00:31:35.440]  還是懼怕
[00:31:35.440 --> 00:31:37.440]  以色列人仍然是懼怕
[00:31:37.440 --> 00:31:39.440]  耶和華是你們的神
[00:31:39.440 --> 00:31:41.440]  摩西是說什麼
[00:31:41.440 --> 00:31:47.440]  我的讀法摩西是引用文素記十四章十一節
[00:31:47.440 --> 00:31:49.440]  這個不是摩西說的
[00:31:49.440 --> 00:31:51.440]  是耶和華說的
[00:31:51.440 --> 00:31:52.440]  耶和華什麼時候說的
[00:31:52.440 --> 00:31:55.440]  就是以色列人不肯進入迦南地的時候說的
[00:31:55.440 --> 00:31:59.440]  就是三十八年前說的
[00:31:59.440 --> 00:32:02.440]  現在摩西和第二代以色列人
[00:32:02.440 --> 00:32:04.440]  他們將要進去的時候
[00:32:04.440 --> 00:32:07.440]  將神的話再說一次
[00:32:07.440 --> 00:32:09.440]  昔日耶和華對摩西說
[00:32:09.440 --> 00:32:11.440]  這文藐視我要到何時
[00:32:11.440 --> 00:32:14.440]  我雖然在他們中間行了這些神蹟
[00:32:14.440 --> 00:32:18.440]  他們還是不信
[00:32:18.440 --> 00:32:20.440]  要到何時呢
[00:32:20.440 --> 00:32:22.440]  仍然不信
[00:32:22.440 --> 00:32:24.440]  信神真的這麼難
[00:32:24.440 --> 00:32:26.440]  是不是真的這麼難
[00:32:26.440 --> 00:32:29.440]  如果我們沒有經歷過是很難的
[00:32:29.440 --> 00:32:31.440]  但當然我們經歷過神的話
[00:32:31.440 --> 00:32:33.440]  其實不是這麼難
[00:32:33.440 --> 00:32:39.440]  以色列人看見埃及人十四章三十一節
[00:32:39.440 --> 00:32:40.440]  其實不對的
[00:32:40.440 --> 00:32:42.440]  以色列人是不是不信
[00:32:42.440 --> 00:32:43.440]  我反帶不是
[00:32:43.440 --> 00:32:45.440]  以色列人看見耶和華
[00:32:45.440 --> 00:32:47.440]  十四章是什麼
[00:32:47.440 --> 00:32:48.440]  過紅海
[00:32:48.440 --> 00:32:51.440]  過完紅海以色列人信不信
[00:32:51.440 --> 00:32:52.440]  信
[00:32:52.440 --> 00:32:53.440]  信福
[00:32:53.440 --> 00:32:55.440]  耶和華說他的讀法是摩西
[00:32:55.440 --> 00:32:57.440]  原來我們的生命是怎樣
[00:32:57.440 --> 00:33:00.440]  一天一件大的神蹟我們就信
[00:33:00.440 --> 00:33:04.440]  有少少風浪的時候馬上沉底
[00:33:04.440 --> 00:33:06.440]  我們屬靈生命高高低低
[00:33:06.440 --> 00:33:09.440]  是完全被環境支配
[00:33:09.440 --> 00:33:11.440]  以色列人就是這樣
[00:33:11.440 --> 00:33:13.440]  所以西乃納約是怎樣
[00:33:13.440 --> 00:33:17.440]  聽到神的聲音就是可以永遠信摩西
[00:33:17.440 --> 00:33:21.440]  這就是神給以色列人的目的
[00:33:21.440 --> 00:33:23.440]  所以引了馬可芳
[00:33:23.440 --> 00:33:25.440]  耶穌聽見所說的話
[00:33:25.440 --> 00:33:26.440]  是怎樣
[00:33:26.440 --> 00:33:28.440]  記不記得艾魯的女兒
[00:33:28.440 --> 00:33:30.440]  艾魯的女兒死了
[00:33:30.440 --> 00:33:34.440]  然後耶穌說不要怕只要信
[00:33:34.440 --> 00:33:36.440]  這兩樣東西是對立的
[00:33:36.440 --> 00:33:39.440]  不能夠同時存在
[00:33:39.440 --> 00:33:40.440]  如果我們信
[00:33:40.440 --> 00:33:42.440]  我們信就是
[00:33:42.440 --> 00:33:45.440]  不可以又信又怕
[00:33:45.440 --> 00:33:46.440]  最後一點
[00:33:46.440 --> 00:33:50.440]  讓神走在你們面前
[00:33:50.440 --> 00:33:52.440]  33節
[00:33:52.440 --> 00:33:54.440]  祂在路上走在你們面前
[00:33:54.440 --> 00:33:57.440]  為你們尋找安寧的地方
[00:33:57.440 --> 00:33:59.440]  夜間用火柱
[00:33:59.440 --> 00:34:00.440]  日間用雲柱
[00:34:00.440 --> 00:34:04.440]  指示你們當走的路
[00:34:04.440 --> 00:34:05.440]  非常重要
[00:34:05.440 --> 00:34:08.440]  走在你們面前前面已經說過
[00:34:08.440 --> 00:34:11.440]  不過這裡尋找這個字需要解釋
[00:34:11.440 --> 00:34:14.440]  尋找這個字原文不是尋找
[00:34:14.440 --> 00:34:16.440]  尋找這個字是窺探
[00:34:16.440 --> 00:34:18.440]  記不記得文素記
[00:34:18.440 --> 00:34:21.440]  要派探子去窺探
[00:34:21.440 --> 00:34:23.440]  耶和華就是探子
[00:34:23.440 --> 00:34:25.440]  窺探是什麼意思
[00:34:25.440 --> 00:34:28.440]  派一個先頭部隊
[00:34:28.440 --> 00:34:32.440]  看看哪些營地有沒有沙石
[00:34:32.440 --> 00:34:35.440]  是為以色列人預備
[00:34:35.440 --> 00:34:37.440]  原來真正的探子是耶和華
[00:34:37.440 --> 00:34:38.440]  是怎樣
[00:34:38.440 --> 00:34:41.440]  安寧的地方
[00:34:41.440 --> 00:34:42.440]  以色列人看到雲柱火車
[00:34:42.440 --> 00:34:44.440]  每帶走到哪裡停
[00:34:44.440 --> 00:34:46.440]  知道為什麼這麼緊張嗎
[00:34:46.440 --> 00:34:48.440]  沒有水喝
[00:34:48.440 --> 00:34:50.440]  他要知道停的位置
[00:34:50.440 --> 00:34:53.440]  那個位置要有足夠水給以色列人
[00:34:53.440 --> 00:34:54.440]  所以以色列人沒有水喝
[00:34:54.440 --> 00:34:56.440]  因為神故意停在那裡
[00:34:56.440 --> 00:34:59.440]  盤石出水是要以色列人相信
[00:34:59.440 --> 00:35:01.440]  信心的功課
[00:35:01.440 --> 00:35:02.440]  尋找安寧
[00:35:02.440 --> 00:35:06.440]  然後指示你們當走的路
[00:35:06.440 --> 00:35:07.440]  指示是什麼
[00:35:07.440 --> 00:35:10.440]  Cause you to see
[00:35:10.440 --> 00:35:12.440]  令到以色列人看到
[00:35:12.440 --> 00:35:14.440]  這裡就回答了問題
[00:35:14.440 --> 00:35:17.440]  我們人生走到一個地步
[00:35:17.440 --> 00:35:19.440]  我們看不到前面有路走
[00:35:19.440 --> 00:35:21.440]  好像一個絕路
[00:35:21.440 --> 00:35:22.440]  沒有盼望
[00:35:22.440 --> 00:35:24.440]  不是
[00:35:24.440 --> 00:35:26.440]  神在我們前面
[00:35:26.440 --> 00:35:27.440]  神會指示
[00:35:27.440 --> 00:35:29.440]  神會開我們的眼
[00:35:29.440 --> 00:35:32.440]  看到原來還有一條路我們沒有看到
[00:35:32.440 --> 00:35:35.440]  這個就是指示
[00:35:35.440 --> 00:35:36.440]  當走的路
[00:35:36.440 --> 00:35:38.440]  就是神要我們走的路
[00:35:38.440 --> 00:35:41.440]  雲柱和火柱是什麼
[00:35:41.440 --> 00:35:45.440]  領他們
[00:35:45.440 --> 00:35:46.440]  什麼意思
[00:35:46.440 --> 00:35:49.440]  不離開是神的同在
[00:35:49.440 --> 00:35:50.440]  唯有神的同在
[00:35:50.440 --> 00:35:52.440]  所以最後總結的時候
[00:35:52.440 --> 00:35:54.440]  怎樣才可以不害怕
[00:35:54.440 --> 00:35:55.440]  信靠是什麼
[00:35:55.440 --> 00:35:56.440]  第一
[00:35:56.440 --> 00:35:58.440]  神走在我們面前
[00:35:58.440 --> 00:36:00.440]  好像探子一樣
[00:36:00.440 --> 00:36:02.440]  指引我們的路
[00:36:02.440 --> 00:36:04.440]  我們原本看不到的神
[00:36:04.440 --> 00:36:07.440]  讓我們看到原來還有一條路走
[00:36:07.440 --> 00:36:09.440]  第二就是神為我們作戰
[00:36:09.440 --> 00:36:11.440]  我們只需要躺平
[00:36:11.440 --> 00:36:13.440]  第三是什麼
[00:36:13.440 --> 00:36:15.440]  我們明白神的慈愛
[00:36:15.440 --> 00:36:18.440]  神是怎樣來揹著我們
[00:36:18.440 --> 00:36:21.440]  我們一起低頭祈禱
[00:36:21.440 --> 00:36:25.440]  慈悲的天父我們求你幫助
[00:36:25.440 --> 00:36:27.440]  倘若在我們生命裏面
[00:36:27.440 --> 00:36:31.440]  有懼怕的時候
[00:36:31.440 --> 00:36:33.440]  求你用你的話語
[00:36:33.440 --> 00:36:35.440]  來提醒我們
[00:36:35.440 --> 00:36:39.440]  主你實在是在我們前面
[00:36:39.440 --> 00:36:41.440]  來帶領我們
[00:36:41.440 --> 00:36:43.440]  你不單在我們前面
[00:36:43.440 --> 00:36:45.440]  你還為我們作戰
[00:36:45.440 --> 00:36:47.440]  你不單作戰
[00:36:47.440 --> 00:36:50.440]  你還揹著我們來作戰
[00:36:50.440 --> 00:36:52.440]  求你來幫助
[00:36:52.440 --> 00:36:56.440]  讓你的話語給我們膽量和信心
[00:36:56.440 --> 00:36:58.440]  祈禱奉耶穌基督得勝的名球
[00:36:58.440 --> 00:36:59.440]  阿門
