
[00:00:00.000 --> 00:00:03.000]  此刻也讓我們一起有個祈禱
[00:00:03.000 --> 00:00:05.000]  請大家低頭我們一起禱告
[00:00:05.000 --> 00:00:09.000]  耶穌說我們感謝祢
[00:00:09.000 --> 00:00:14.000]  是祢來找我們 愛我們
[00:00:14.000 --> 00:00:17.000]  祢冒險了我們
[00:00:17.000 --> 00:00:19.000]  沒有人叫祢後來償還
[00:00:19.000 --> 00:00:22.000]  是祢的熱心 是祢的智慧
[00:00:22.000 --> 00:00:25.000]  用祢的方式讓我們認識祢
[00:00:25.000 --> 00:00:27.000]  進入神的家
[00:00:27.000 --> 00:00:31.000]  也將我們今晚一起聽祢話語的時間去交託
[00:00:31.000 --> 00:00:34.000]  讓祢的道去提醒我們 建立我們
[00:00:34.000 --> 00:00:37.000]  叫我們生命在祢裏面去茁壯成長
[00:00:37.000 --> 00:00:39.000]  聽我們同心禱告 奉主明求
[00:00:39.000 --> 00:00:41.000]  阿門
[00:00:41.000 --> 00:00:42.000]  好
[00:00:42.000 --> 00:00:44.000]  今晚的講題是
[00:00:44.000 --> 00:00:47.000]  只得一點點力量
[00:00:47.000 --> 00:00:49.000]  好像這個小朋友一樣
[00:00:49.000 --> 00:00:51.000]  還可以做什麼呢
[00:00:51.000 --> 00:00:54.000]  在我們身處的環境
[00:00:54.000 --> 00:00:56.000]  講一下我們香港的情況
[00:00:56.000 --> 00:00:59.000]  最近剛剛看了一些新聞
[00:00:59.000 --> 00:01:01.000]  都在反映一個情況
[00:01:01.000 --> 00:01:04.000]  大家都很熟悉的
[00:01:04.000 --> 00:01:06.000]  在開學的時候有壓力
[00:01:06.000 --> 00:01:11.000]  有很多學童也做了一些不太好的決定
[00:01:11.000 --> 00:01:13.000]  都是使人擔心的事
[00:01:13.000 --> 00:01:17.000]  但另一方面也剛好在整個中國出了一個
[00:01:17.000 --> 00:01:20.000]  情緒困擾指數的新聞
[00:01:20.000 --> 00:01:21.000]  大家有沒有看
[00:01:21.000 --> 00:01:25.000]  全中國原來有1.9億的人有精神病
[00:01:25.000 --> 00:01:28.000]  香港是最高的城市比率
[00:01:28.000 --> 00:01:31.000]  這是一個數據告訴我們一個事實
[00:01:31.000 --> 00:01:34.000]  有很多的破口打開了
[00:01:34.000 --> 00:01:37.000]  人心的需要揭露了
[00:01:37.000 --> 00:01:39.000]  我想我們不是不知道
[00:01:39.000 --> 00:01:41.000]  而是不知道怎麼去回應
[00:01:41.000 --> 00:01:43.000]  有時候聽這些新聞聽得多的時候
[00:01:43.000 --> 00:01:45.000]  可能反應就是很可憐
[00:01:45.000 --> 00:01:46.000]  很累了已經
[00:01:46.000 --> 00:01:47.000]  天天都有的
[00:01:47.000 --> 00:01:50.000]  可以怎麼樣
[00:01:50.000 --> 00:01:52.000]  當中其實有很多感受
[00:01:52.000 --> 00:01:53.000]  但我們感謝神
[00:01:53.000 --> 00:01:55.000]  回到教會其實其中一個好處就是
[00:01:55.000 --> 00:01:57.000]  我們學習去說
[00:01:57.000 --> 00:02:00.000]  也有人學習去接去聽
[00:02:00.000 --> 00:02:04.000]  以致可以有一些舒緩
[00:02:04.000 --> 00:02:06.000]  實際我們身處的現實
[00:02:06.000 --> 00:02:07.000]  問題天天都多
[00:02:07.000 --> 00:02:08.000]  壓力都很多
[00:02:08.000 --> 00:02:10.000]  因為選擇太多
[00:02:10.000 --> 00:02:13.000]  很容易我們會失去了焦點
[00:02:13.000 --> 00:02:14.000]  迷失了
[00:02:14.000 --> 00:02:17.000]  只是看到困難太大
[00:02:17.000 --> 00:02:18.000]  冷處太大
[00:02:18.000 --> 00:02:22.000]  而看不見那位比困難更大的主宰
[00:02:22.000 --> 00:02:24.000]  每個年代都會有他的問題
[00:02:24.000 --> 00:02:26.000]  今晚我們的正道經文就是
[00:02:26.000 --> 00:02:30.000]  啟示錄三章七至十三節
[00:02:30.000 --> 00:02:33.000]  每間教會都有他獨特要面對的挑戰
[00:02:33.000 --> 00:02:36.000]  在飛拉鐵飛教會他都有面對一些
[00:02:36.000 --> 00:02:39.000]  可能我們都想像不到他們的經歷
[00:02:39.000 --> 00:02:40.000]  但都有一點點
[00:02:40.000 --> 00:02:43.000]  和我們香港的處境是有點像的
[00:02:43.000 --> 00:02:48.000]  我們一起去讀出這個經文
[00:02:48.000 --> 00:02:52.000]  看到投影片或者程序表都可以看到
[00:02:52.000 --> 00:02:53.000]  一起讀
[00:02:53.000 --> 00:02:54.000]  一二三
[00:02:54.000 --> 00:02:59.000]  你要寫信給飛拉鐵飛教會的使者說
[00:02:59.000 --> 00:03:04.000]  那神聖真實的拿著大位的約士
[00:03:04.000 --> 00:03:07.000]  開了就沒人能關
[00:03:07.000 --> 00:03:10.000]  關了就沒人能開的
[00:03:10.000 --> 00:03:11.000]  這樣說
[00:03:11.000 --> 00:03:14.000]  我知道你的行為
[00:03:14.000 --> 00:03:18.000]  看啊我在你面前給你一個敞開的門
[00:03:18.000 --> 00:03:21.000]  是沒有人能關的
[00:03:21.000 --> 00:03:24.000]  我知道你有一點力量
[00:03:24.000 --> 00:03:26.000]  也遵守我的道
[00:03:26.000 --> 00:03:28.000]  沒有否認我的名
[00:03:28.000 --> 00:03:31.000]  那屬撒旦會堂的
[00:03:31.000 --> 00:03:33.000]  自稱是猶太人
[00:03:33.000 --> 00:03:35.000]  其實不是猶太人
[00:03:35.000 --> 00:03:38.000]  而是說方話的
[00:03:38.000 --> 00:03:42.000]  我要使他們來到你腳前下拜
[00:03:42.000 --> 00:03:47.000]  使他們知道我是已經愛你了
[00:03:47.000 --> 00:03:50.000]  因為你遵守了我堅忍的道
[00:03:50.000 --> 00:03:55.000]  我也必在普天下人受試煉的時候
[00:03:55.000 --> 00:03:57.000]  保守你免受試煉
[00:03:57.000 --> 00:03:59.000]  我必快來
[00:03:59.000 --> 00:04:02.000]  你要持守你所有的
[00:04:02.000 --> 00:04:05.000]  免得人奪去你的冠冕
[00:04:05.000 --> 00:04:06.000]  得勝的
[00:04:06.000 --> 00:04:10.000]  我要使他在我神的殿中作處子
[00:04:10.000 --> 00:04:13.000]  他必不再從那裡出去
[00:04:13.000 --> 00:04:16.000]  我又要把我神的名
[00:04:16.000 --> 00:04:18.000]  和我神聖的名
[00:04:18.000 --> 00:04:21.000]  從天上我神那裡降下來的
[00:04:21.000 --> 00:04:23.000]  新耶路撒冷
[00:04:23.000 --> 00:04:25.000]  和我的新名
[00:04:25.000 --> 00:04:27.000]  都寫在他上面
[00:04:27.000 --> 00:04:29.000]  凡有耳朵的
[00:04:29.000 --> 00:04:34.000]  都應當聽聖靈向宗教會所說的話
[00:04:34.000 --> 00:04:41.000]  這段經文是幫助我們去面對生活的需要
[00:04:41.000 --> 00:04:43.000]  特別在忙碌的世代
[00:04:43.000 --> 00:04:45.000]  很容易失去焦點
[00:04:45.000 --> 00:04:48.000]  人生的優次都亂了
[00:04:48.000 --> 00:04:51.000]  每個人都在內心發出一個呼喊
[00:04:51.000 --> 00:04:53.000]  就是看看我吧
[00:04:53.000 --> 00:04:55.000]  看一下我吧
[00:04:55.000 --> 00:04:57.000]  我在這裡的
[00:04:57.000 --> 00:04:59.000]  很多人都很想在人群之中
[00:04:59.000 --> 00:05:01.000]  在自己家族裡面
[00:05:01.000 --> 00:05:04.000]  被重視被看到
[00:05:04.000 --> 00:05:07.000]  由小朋友開始已經有這種文化
[00:05:07.000 --> 00:05:08.000]  所以就解釋到
[00:05:08.000 --> 00:05:10.000]  為什麼很多人不喜歡偏心
[00:05:10.000 --> 00:05:13.000]  但是偏心是很普遍
[00:05:13.000 --> 00:05:14.000]  小朋友會爭寵
[00:05:14.000 --> 00:05:18.000]  很想成為父母心中的
[00:05:18.000 --> 00:05:19.000]  什麼?
[00:05:19.000 --> 00:05:21.000]  第一個
[00:05:21.000 --> 00:05:24.000]  他要成為心中的第一個
[00:05:24.000 --> 00:05:25.000]  有弟兄姊妹
[00:05:25.000 --> 00:05:28.000]  不過兄弟姊妹已經拿了父母心中第一的時候
[00:05:28.000 --> 00:05:30.000]  其他兄弟就怎樣?
[00:05:30.000 --> 00:05:31.000]  姊妹怎樣?
[00:05:31.000 --> 00:05:32.000]  失寵
[00:05:32.000 --> 00:05:34.000]  這個是現實
[00:05:34.000 --> 00:05:36.000]  感覺不公平
[00:05:36.000 --> 00:05:38.000]  這種不公平的感覺
[00:05:38.000 --> 00:05:41.000]  是有機會跟著我們一輩子的
[00:05:41.000 --> 00:05:43.000]  是跟著我們一起成長
[00:05:43.000 --> 00:05:46.000]  我稱這個文化為
[00:05:46.000 --> 00:05:48.000]  贊助你心中的第一
[00:05:48.000 --> 00:05:50.000]  這個世界就是這樣
[00:05:50.000 --> 00:05:52.000]  去到非拉鐵非教會
[00:05:52.000 --> 00:05:54.000]  等一下很重要的一個訊息就是
[00:05:54.000 --> 00:05:56.000]  有個需要出來了
[00:05:56.000 --> 00:05:58.000]  我們看的東西不夠準確
[00:05:58.000 --> 00:06:01.000]  但是非拉鐵非教會看的東西看得很準確
[00:06:01.000 --> 00:06:04.000]  在這裡基督是對他們有讚
[00:06:04.000 --> 00:06:05.000]  沒有彈
[00:06:05.000 --> 00:06:07.000]  其實是很高的評價
[00:06:07.000 --> 00:06:10.000]  但是他們的生活
[00:06:10.000 --> 00:06:11.000]  是一點都不容易
[00:06:11.000 --> 00:06:13.000]  面對極大的壓力
[00:06:13.000 --> 00:06:17.000]  有些可能對我們來說是有過之而無不及
[00:06:17.000 --> 00:06:19.000]  第一個的分題
[00:06:19.000 --> 00:06:21.000]  就跟大家去講的就是
[00:06:21.000 --> 00:06:22.000]  身在其中
[00:06:22.000 --> 00:06:24.000]  一樣在非拉鐵非教會當時
[00:06:24.000 --> 00:06:26.000]  和我們在香港
[00:06:26.000 --> 00:06:28.000]  可以辨識一下生活裡面
[00:06:28.000 --> 00:06:30.000]  有什麼壓迫
[00:06:30.000 --> 00:06:32.000]  在這裡我有三個方向一起去看
[00:06:32.000 --> 00:06:33.000]  在經文裡面
[00:06:33.000 --> 00:06:35.000]  第一有政治上的迫害
[00:06:35.000 --> 00:06:37.000]  第二有宗教上的迫害
[00:06:37.000 --> 00:06:39.000]  第三有環境的迫害
[00:06:39.000 --> 00:06:42.000]  我們先從政治迫害去講起
[00:06:42.000 --> 00:06:45.000]  昔日的君王崇拜
[00:06:45.000 --> 00:06:49.000]  君王崇拜就是當時要拜羅馬皇帝
[00:06:49.000 --> 00:06:50.000]  凱撒
[00:06:50.000 --> 00:06:52.000]  要拜他
[00:06:52.000 --> 00:06:54.000]  今天有沒有?
[00:06:54.000 --> 00:06:56.000]  都有的
[00:06:56.000 --> 00:06:57.000]  有些國家一樣
[00:06:57.000 --> 00:06:59.000]  你要當他神一樣去拜
[00:06:59.000 --> 00:07:01.000]  這個是政治的力量
[00:07:01.000 --> 00:07:04.000]  是用強權去得著人的效忠
[00:07:04.000 --> 00:07:06.000]  有權有勢的人
[00:07:06.000 --> 00:07:07.000]  他就要怎樣?
[00:07:07.000 --> 00:07:12.000]  他要強硬成為人民市民心中的第一位
[00:07:12.000 --> 00:07:15.000]  盼望去鞏固這個政權
[00:07:15.000 --> 00:07:17.000]  但是當非拉鐵非的弟兄姊妹
[00:07:17.000 --> 00:07:19.000]  面對這麼高壓的管治情況
[00:07:19.000 --> 00:07:21.000]  他們的反應是怎樣呢?
[00:07:21.000 --> 00:07:24.000]  是不是順從這個君王意願呢?
[00:07:24.000 --> 00:07:26.000]  是不是?
[00:07:26.000 --> 00:07:29.000]  剛才經文看到是不是?
[00:07:29.000 --> 00:07:30.000]  不是的
[00:07:30.000 --> 00:07:33.000]  他們要承受不肯拜偶像的後果
[00:07:33.000 --> 00:07:36.000]  要忍受著不同的迫害
[00:07:36.000 --> 00:07:38.000]  殺到埋身的考驗
[00:07:38.000 --> 00:07:40.000]  他們能不能過得了?
[00:07:40.000 --> 00:07:41.000]  過得了
[00:07:41.000 --> 00:07:43.000]  聖經告訴我們他們能過得了
[00:07:43.000 --> 00:07:47.000]  所以主基督對他們是非常高的評價
[00:07:47.000 --> 00:07:50.000]  他說我知道你的行為
[00:07:50.000 --> 00:07:52.000]  你略有一點力量
[00:07:52.000 --> 00:07:54.000]  也遵守我的道
[00:07:54.000 --> 00:07:56.000]  沒有棄絕我的名
[00:07:56.000 --> 00:07:58.000]  等一下我會再解釋這句話
[00:07:58.000 --> 00:08:01.000]  我們再看看另一個宗教迫害
[00:08:01.000 --> 00:08:03.000]  當時有一群猶太人
[00:08:03.000 --> 00:08:06.000]  他們自以為是阿伯拉罕的後裔
[00:08:06.000 --> 00:08:07.000]  肉身所生的
[00:08:07.000 --> 00:08:10.000]  他以為自己是神的選民
[00:08:10.000 --> 00:08:13.000]  但是基督在這裡說他們是屬於撒旦
[00:08:13.000 --> 00:08:15.000]  是撒旦會堂的這群人
[00:08:15.000 --> 00:08:17.000]  原來是撒旦一會的這群人
[00:08:17.000 --> 00:08:18.000]  他們說是猶太人
[00:08:18.000 --> 00:08:20.000]  不是猶太人而是說謊
[00:08:20.000 --> 00:08:21.000]  但是基督說
[00:08:21.000 --> 00:08:26.000]  我要使他們在你腳前下拜
[00:08:26.000 --> 00:08:27.000]  使他們知道
[00:08:27.000 --> 00:08:30.000]  我是已經愛你了
[00:08:30.000 --> 00:08:31.000]  很厲害
[00:08:31.000 --> 00:08:34.000]  今晚很想大家記得這句話
[00:08:34.000 --> 00:08:35.000]  耶穌跟你說
[00:08:35.000 --> 00:08:37.000]  我是已經愛你了
[00:08:37.000 --> 00:08:40.000]  你在耶穌心目中是第一位
[00:08:40.000 --> 00:08:42.000]  耶穌祂有無限的愛
[00:08:42.000 --> 00:08:45.000]  我們可以在神裡面有這麼高的位置
[00:08:45.000 --> 00:08:49.000]  但是我們有限的人就裝不太多
[00:08:49.000 --> 00:08:51.000]  當時這群假教師
[00:08:51.000 --> 00:08:52.000]  假教訓
[00:08:52.000 --> 00:08:55.000]  他們可以說是有些騷擾
[00:08:55.000 --> 00:08:58.000]  甚至耶穌說是撒旦一會
[00:08:58.000 --> 00:09:03.000]  聽起來感覺是黑暗嗎?
[00:09:03.000 --> 00:09:05.000]  黑暗嗎?
[00:09:05.000 --> 00:09:06.000]  黑暗嗎?
[00:09:06.000 --> 00:09:07.000]  邪門嗎?
[00:09:07.000 --> 00:09:08.000]  很邪門
[00:09:08.000 --> 00:09:10.000]  難道經常說他們的名字嗎?
[00:09:10.000 --> 00:09:11.000]  但是這群人
[00:09:11.000 --> 00:09:14.000]  其實當耶穌在世的時候
[00:09:14.000 --> 00:09:17.000]  他也對這群假冒為善的文士
[00:09:17.000 --> 00:09:20.000]  法利塞人都說出禍災的訊息
[00:09:20.000 --> 00:09:22.000]  他們都以為有恃無恐
[00:09:22.000 --> 00:09:23.000]  是神的選民
[00:09:23.000 --> 00:09:24.000]  是純正的以色列人
[00:09:24.000 --> 00:09:27.000]  但是耶穌對他們說的話是怎樣呢?
[00:09:27.000 --> 00:09:28.000]  我們一起讀
[00:09:28.000 --> 00:09:30.000]  馬太福音23章
[00:09:30.000 --> 00:09:31.000]  看到一起讀
[00:09:31.000 --> 00:09:32.000]  1、2、3
[00:09:32.000 --> 00:09:36.000]  你們這假冒為善的文士和法利塞人有禍了
[00:09:36.000 --> 00:09:39.000]  因為你們正當人前
[00:09:39.000 --> 00:09:42.000]  把天國的門關了
[00:09:42.000 --> 00:09:44.000]  自己不進去
[00:09:44.000 --> 00:09:46.000]  正要進去的人
[00:09:46.000 --> 00:09:49.000]  你們也不容他們進去
[00:09:49.000 --> 00:09:54.000]  你們這假冒為善的文士和法利塞人有禍了
[00:09:54.000 --> 00:09:57.000]  因為你們走遍洋海陸地
[00:09:57.000 --> 00:10:00.000]  勾引一個人入教
[00:10:00.000 --> 00:10:01.000]  既入了教
[00:10:01.000 --> 00:10:04.000]  卻使他作地獄之子
[00:10:04.000 --> 00:10:06.000]  被你們還加倍
[00:10:06.000 --> 00:10:08.000]  也挺離譜的
[00:10:08.000 --> 00:10:11.000]  那群人又把天國的門關了
[00:10:11.000 --> 00:10:14.000]  所以針對性在基督這裡說
[00:10:14.000 --> 00:10:16.000]  等一下會說有兩道門
[00:10:16.000 --> 00:10:17.000]  關了開不了
[00:10:17.000 --> 00:10:18.000]  開了關不了
[00:10:18.000 --> 00:10:19.000]  是什麼意思
[00:10:19.000 --> 00:10:20.000]  等一下會說
[00:10:20.000 --> 00:10:22.000]  這個是神將一個特別啟示
[00:10:22.000 --> 00:10:25.000]  給拉鐵非教會的弟兄姊妹
[00:10:25.000 --> 00:10:28.000]  甚至勾引了一些人入教
[00:10:28.000 --> 00:10:30.000]  入他們我不知道什麼教
[00:10:30.000 --> 00:10:31.000]  邪教、猶太教什麼都好
[00:10:31.000 --> 00:10:32.000]  進去了
[00:10:32.000 --> 00:10:34.000]  使他們做什麼?
[00:10:34.000 --> 00:10:35.000]  地獄之子
[00:10:35.000 --> 00:10:36.000]  可怕嗎?
[00:10:36.000 --> 00:10:38.000]  這群人信聖經
[00:10:38.000 --> 00:10:41.000]  信到自己信耶和華
[00:10:41.000 --> 00:10:46.000]  耶穌基督看得最清清楚楚
[00:10:46.000 --> 00:10:47.000]  今時今日
[00:10:47.000 --> 00:10:49.000]  會不會也有這些
[00:10:49.000 --> 00:10:52.000]  對弟兄姊妹之間的擾亂呢?
[00:10:52.000 --> 00:10:54.000]  有沒有這樣的東西呢?
[00:10:54.000 --> 00:10:55.000]  舉個例子
[00:10:55.000 --> 00:10:59.000]  我想到一些搞笑的東西
[00:10:59.000 --> 00:11:02.000]  如果今天有人跟你說
[00:11:02.000 --> 00:11:05.000]  你信錯了耶穌
[00:11:05.000 --> 00:11:07.000]  我們才正統
[00:11:07.000 --> 00:11:10.000]  你想想恩福堂只有四十年歷史
[00:11:10.000 --> 00:11:13.000]  我們那間教會只有四百年歷史
[00:11:13.000 --> 00:11:15.000]  你怎樣回答他?
[00:11:15.000 --> 00:11:17.000]  你怎樣回答他?
[00:11:17.000 --> 00:11:19.000]  那群人就是這樣
[00:11:19.000 --> 00:11:21.000]  他們在說這些
[00:11:21.000 --> 00:11:23.000]  你只有四十年歷史
[00:11:23.000 --> 00:11:24.000]  你怎樣回答他?
[00:11:24.000 --> 00:11:28.000]  除了你可以問家喬牧師之外
[00:11:28.000 --> 00:11:30.000]  或者找傳契牧師之外
[00:11:30.000 --> 00:11:31.000]  這是好的
[00:11:31.000 --> 00:11:34.000]  我們都有責任在信仰上、純淨上守護大家
[00:11:34.000 --> 00:11:37.000]  我也想起一個很簡單的答案
[00:11:37.000 --> 00:11:38.000]  你們只有四百年歷史
[00:11:38.000 --> 00:11:39.000]  很少而已
[00:11:39.000 --> 00:11:40.000]  我們看聖經
[00:11:40.000 --> 00:11:41.000]  由阿伯拉罕年代
[00:11:41.000 --> 00:11:44.000]  我們信的阿伯拉罕那份信心
[00:11:44.000 --> 00:11:45.000]  信心之父
[00:11:45.000 --> 00:11:47.000]  我們都繼這份信心
[00:11:47.000 --> 00:11:49.000]  成為神的子民的時候
[00:11:49.000 --> 00:11:50.000]  一樣
[00:11:50.000 --> 00:11:51.000]  阿伯拉罕來到今天
[00:11:51.000 --> 00:11:52.000]  有多少年?
[00:11:52.000 --> 00:11:54.000]  大家知不知道?
[00:11:54.000 --> 00:11:55.000]  四千年
[00:11:55.000 --> 00:11:56.000]  記住了,四千年
[00:11:56.000 --> 00:11:57.000]  其實我們所信的
[00:11:57.000 --> 00:11:59.000]  在聖經裡面的歷史
[00:11:59.000 --> 00:12:00.000]  來到今天
[00:12:00.000 --> 00:12:01.000]  最少從阿伯拉罕來到
[00:12:01.000 --> 00:12:02.000]  有四千年
[00:12:02.000 --> 00:12:04.000]  現在不是跟他鬥大
[00:12:04.000 --> 00:12:05.000]  而不需要玩這些
[00:12:05.000 --> 00:12:08.000]  但是很多人就是用一些假教訓
[00:12:08.000 --> 00:12:09.000]  來迷惑那些人
[00:12:09.000 --> 00:12:10.000]  告訴他
[00:12:10.000 --> 00:12:13.000]  又是要爭他做心中的第一
[00:12:13.000 --> 00:12:14.000]  你想認識神?
[00:12:14.000 --> 00:12:15.000]  透過我吧
[00:12:15.000 --> 00:12:16.000]  你想認識神?
[00:12:16.000 --> 00:12:17.000]  透過我吧
[00:12:17.000 --> 00:12:18.000]  你想進去救恩的門?
[00:12:18.000 --> 00:12:19.000]  得罪永生?
[00:12:19.000 --> 00:12:20.000]  透過我吧
[00:12:20.000 --> 00:12:23.000]  那幫撒旦會堂的人
[00:12:23.000 --> 00:12:25.000]  就是在做這些事
[00:12:25.000 --> 00:12:28.000]  很想讓大家稍稍感受到
[00:12:28.000 --> 00:12:30.000]  在信仰路上那份人的挑戰
[00:12:30.000 --> 00:12:32.000]  皇帝就要你拜他
[00:12:32.000 --> 00:12:35.000]  假教師義端又要你信他
[00:12:35.000 --> 00:12:39.000]  他們以為是有獨家的權
[00:12:39.000 --> 00:12:41.000]  獨家的救主權
[00:12:41.000 --> 00:12:44.000]  以為血統的純正
[00:12:44.000 --> 00:12:46.000]  有恃無恐
[00:12:46.000 --> 00:12:48.000]  但是基督在這裡說
[00:12:48.000 --> 00:12:50.000]  他顯明了他自己的形象
[00:12:50.000 --> 00:12:52.000]  基督他怎麼說呢?
[00:12:52.000 --> 00:12:55.000]  他是那位聖傑
[00:12:55.000 --> 00:12:57.000]  他是那位真實的
[00:12:57.000 --> 00:12:59.000]  意思就是只有主基督
[00:12:59.000 --> 00:13:01.000]  就是獨一無二的主宰
[00:13:01.000 --> 00:13:02.000]  他就是真理
[00:13:02.000 --> 00:13:05.000]  他說出真相給我們聽
[00:13:05.000 --> 00:13:08.000]  使我們明白究竟發生什麼事
[00:13:08.000 --> 00:13:10.000]  我們所信的是什麼
[00:13:10.000 --> 00:13:12.000]  亦都被那幫非拉帖非教的頂尖
[00:13:12.000 --> 00:13:13.000]  得堅固
[00:13:13.000 --> 00:13:16.000]  在這麼大的迫害下得堅固
[00:13:16.000 --> 00:13:18.000]  那裡的意思就是
[00:13:18.000 --> 00:13:19.000]  就這樣聽
[00:13:19.000 --> 00:13:21.000]  不知道你會想到是什麼意思
[00:13:21.000 --> 00:13:22.000]  耶穌就說
[00:13:22.000 --> 00:13:26.000]  我會使他們在你面前下拜
[00:13:26.000 --> 00:13:28.000]  你會覺得是什麼意思?
[00:13:28.000 --> 00:13:30.000]  那幫假教師假教訓
[00:13:30.000 --> 00:13:31.000]  他們守著
[00:13:31.000 --> 00:13:33.000]  以為我們是純正血統
[00:13:33.000 --> 00:13:35.000]  我們有天國若是
[00:13:35.000 --> 00:13:36.000]  你們信錯了
[00:13:36.000 --> 00:13:39.000]  你們最後是不得救的
[00:13:39.000 --> 00:13:41.000]  他們說的都是假的
[00:13:41.000 --> 00:13:45.000]  但耶穌就說
[00:13:45.000 --> 00:13:48.000]  我要使他們在你面前下拜
[00:13:48.000 --> 00:13:49.000]  是什麼意思?
[00:13:49.000 --> 00:13:52.000]  是不是敬拜的意思?
[00:13:52.000 --> 00:13:54.000]  有時候有些解釋
[00:13:54.000 --> 00:13:56.000]  這個就難解釋
[00:13:56.000 --> 00:13:57.000]  有人就說是敬拜
[00:13:57.000 --> 00:13:58.000]  其實不是敬拜
[00:13:58.000 --> 00:14:00.000]  因為我們只能夠拜的是
[00:14:00.000 --> 00:14:02.000]  拜誰?
[00:14:02.000 --> 00:14:03.000]  拜造物主
[00:14:03.000 --> 00:14:05.000]  所有都是受造之物
[00:14:05.000 --> 00:14:06.000]  我們不配受這些敬拜
[00:14:06.000 --> 00:14:09.000]  只有真正的造物主才受敬拜
[00:14:09.000 --> 00:14:12.000]  所以這個下拜的意思
[00:14:12.000 --> 00:14:13.000]  不是說這個
[00:14:13.000 --> 00:14:16.000]  他說的是一個折服的意思
[00:14:16.000 --> 00:14:18.000]  凡驕傲的必被降卑
[00:14:18.000 --> 00:14:21.000]  這幫撒旦一會的人
[00:14:21.000 --> 00:14:23.000]  心高氣傲
[00:14:23.000 --> 00:14:25.000]  以為必蒙揀選
[00:14:25.000 --> 00:14:28.000]  但判斷權是在耶穌基督裏面
[00:14:28.000 --> 00:14:29.000]  耶穌並且跟他們說
[00:14:29.000 --> 00:14:33.000]  我會使他們在你面前降為卑
[00:14:33.000 --> 00:14:35.000]  讓他們知道
[00:14:35.000 --> 00:14:38.000]  我是已經愛你們了
[00:14:38.000 --> 00:14:39.000]  這個是神的愛
[00:14:39.000 --> 00:14:41.000]  亦都是神的揀選
[00:14:41.000 --> 00:14:42.000]  同樣神的愛
[00:14:42.000 --> 00:14:43.000]  神的揀選
[00:14:43.000 --> 00:14:44.000]  都臨到我們每個
[00:14:44.000 --> 00:14:46.000]  屬祂的兒女身上
[00:14:46.000 --> 00:14:49.000]  只是你感不感受到
[00:14:49.000 --> 00:14:50.000]  我相信每一位
[00:14:50.000 --> 00:14:51.000]  在座的弟兄姊妹
[00:14:51.000 --> 00:14:54.000]  你都信耶穌是愛你的
[00:14:54.000 --> 00:14:57.000]  但問題是我們有沒有時間
[00:14:57.000 --> 00:14:59.000]  有沒有憑信心
[00:14:59.000 --> 00:15:01.000]  去多些去感受
[00:15:01.000 --> 00:15:04.000]  去內化這份愛
[00:15:04.000 --> 00:15:06.000]  讓這份愛充滿我們
[00:15:06.000 --> 00:15:08.000]  讓這份愛改變我們
[00:15:08.000 --> 00:15:10.000]  要不然我們沒有被這份愛改變
[00:15:10.000 --> 00:15:11.000]  我們就會剛才我所說
[00:15:11.000 --> 00:15:13.000]  就會我們很想贊助某些人
[00:15:13.000 --> 00:15:15.000]  心目中的第一
[00:15:15.000 --> 00:15:19.000]  我們會去做很多奇奇怪怪的事
[00:15:19.000 --> 00:15:20.000]  待會到最後
[00:15:20.000 --> 00:15:21.000]  我也有一些例子
[00:15:21.000 --> 00:15:23.000]  跟大家分享一下
[00:15:23.000 --> 00:15:26.000]  除了一些政治考驗
[00:15:26.000 --> 00:15:27.000]  假教師的迷惑
[00:15:27.000 --> 00:15:29.000]  剛才說第三樣
[00:15:29.000 --> 00:15:32.000]  在環境上都有一些很大的迫害
[00:15:32.000 --> 00:15:33.000]  因為這麼巧
[00:15:33.000 --> 00:15:35.000]  原來在這個菲拉鐵飛的地區
[00:15:35.000 --> 00:15:38.000]  是一個地震頻繁的區域
[00:15:38.000 --> 00:15:40.000]  來到今時今日
[00:15:40.000 --> 00:15:41.000]  資訊發達
[00:15:41.000 --> 00:15:42.000]  我們一看很多新聞
[00:15:42.000 --> 00:15:43.000]  地震
[00:15:43.000 --> 00:15:45.000]  大家害不害怕
[00:15:45.000 --> 00:15:47.000]  都害怕吧
[00:15:47.000 --> 00:15:48.000]  只不過我們感恩
[00:15:48.000 --> 00:15:50.000]  香港確實是一個福地
[00:15:50.000 --> 00:15:51.000]  很好的地方
[00:15:51.000 --> 00:15:53.000]  沒那麼多相對地
[00:15:53.000 --> 00:15:54.000]  這一類的天災人禍
[00:15:54.000 --> 00:15:55.000]  沒那麼多
[00:15:55.000 --> 00:15:58.000]  但是在當時的菲拉鐵飛教會
[00:15:58.000 --> 00:16:00.000]  他們就面對很多這些
[00:16:00.000 --> 00:16:02.000]  剛才這幾瓣的東西
[00:16:02.000 --> 00:16:04.000]  都在衝擊他們
[00:16:04.000 --> 00:16:06.000]  所以他們是
[00:16:06.000 --> 00:16:09.000]  不會住在他們的城市
[00:16:09.000 --> 00:16:12.000]  因為那個有很重要的地震
[00:16:12.000 --> 00:16:13.000]  裂了爛了
[00:16:13.000 --> 00:16:14.000]  不安全
[00:16:14.000 --> 00:16:17.000]  要住在其他郊區裏面
[00:16:17.000 --> 00:16:18.000]  我們看看
[00:16:18.000 --> 00:16:20.000]  究竟他們面對這樣的困境
[00:16:20.000 --> 00:16:22.000]  是不是就要來上手呢
[00:16:22.000 --> 00:16:23.000]  沒辦法呢
[00:16:23.000 --> 00:16:24.000]  不是
[00:16:24.000 --> 00:16:25.000]  他們第二點
[00:16:25.000 --> 00:16:26.000]  和大家思想一下
[00:16:26.000 --> 00:16:28.000]  他們的心態很正確
[00:16:28.000 --> 00:16:30.000]  力量微小
[00:16:30.000 --> 00:16:33.000]  但都無憂怕
[00:16:33.000 --> 00:16:35.000]  好像隻貓仔一樣
[00:16:35.000 --> 00:16:37.000]  不過貓仔就是這樣說
[00:16:37.000 --> 00:16:39.000]  他覺得自己是老虎
[00:16:39.000 --> 00:16:40.000]  力量微小
[00:16:40.000 --> 00:16:42.000]  但不用怕
[00:16:42.000 --> 00:16:43.000]  不用怕
[00:16:43.000 --> 00:16:46.000]  他們有個遵守主導的態度
[00:16:46.000 --> 00:16:50.000]  這裡耶穌說的是略有一點力量
[00:16:50.000 --> 00:16:52.000]  或者譯作力量微小
[00:16:52.000 --> 00:16:54.000]  力量微小
[00:16:54.000 --> 00:16:56.000]  大家又會猜到是什麼呢
[00:16:56.000 --> 00:16:58.000]  你會覺得
[00:16:58.000 --> 00:17:02.000]  我們都容易有這些藉口
[00:17:02.000 --> 00:17:03.000]  我力量微小
[00:17:03.000 --> 00:17:05.000]  我不應該做這樣
[00:17:05.000 --> 00:17:06.000]  我力量微小
[00:17:06.000 --> 00:17:07.000]  我做不到這樣
[00:17:07.000 --> 00:17:08.000]  我力量微小
[00:17:08.000 --> 00:17:09.000]  找找隔壁那個
[00:17:09.000 --> 00:17:10.000]  他力量大一點
[00:17:10.000 --> 00:17:12.000]  他多一點恩賜
[00:17:12.000 --> 00:17:14.000]  我這些很差的
[00:17:14.000 --> 00:17:16.000]  當然他不是說這些
[00:17:16.000 --> 00:17:17.000]  不過包括了這些
[00:17:17.000 --> 00:17:18.000]  人數少
[00:17:18.000 --> 00:17:19.000]  資源少
[00:17:19.000 --> 00:17:20.000]  經濟能力少
[00:17:20.000 --> 00:17:21.000]  但是
[00:17:21.000 --> 00:17:23.000]  在當時的上下文
[00:17:23.000 --> 00:17:25.000]  整個七教會的背景裡面
[00:17:25.000 --> 00:17:28.000]  他說的微小不是這個
[00:17:28.000 --> 00:17:30.000]  他說的是明星
[00:17:30.000 --> 00:17:33.000]  在七教會整個小亞細亞區域裡面
[00:17:33.000 --> 00:17:35.000]  飛拉鐵飛的明星
[00:17:35.000 --> 00:17:37.000]  是最少的
[00:17:37.000 --> 00:17:40.000]  可以說沒有什麼明星
[00:17:40.000 --> 00:17:41.000]  正如剛才說
[00:17:41.000 --> 00:17:43.000]  無論是地震區
[00:17:43.000 --> 00:17:45.000]  很多人都會很害怕
[00:17:45.000 --> 00:17:47.000]  不是每個人信了耶穌
[00:17:47.000 --> 00:17:49.000]  就知道百無禁忌
[00:17:49.000 --> 00:17:51.000]  有些人仍然覺得很邪門
[00:17:51.000 --> 00:17:53.000]  你們有什麼什麼
[00:17:53.000 --> 00:17:59.000]  以致仍然有不好的事情發生
[00:17:59.000 --> 00:18:01.000]  以致可能在地震裡面
[00:18:01.000 --> 00:18:02.000]  有傷亡慘重
[00:18:02.000 --> 00:18:04.000]  很多陰影
[00:18:04.000 --> 00:18:06.000]  究竟他們是否做了什麼
[00:18:06.000 --> 00:18:08.000]  甘心受了報應
[00:18:08.000 --> 00:18:11.000]  以致很多其他的教會
[00:18:11.000 --> 00:18:13.000]  有些匪夷推測等等
[00:18:13.000 --> 00:18:15.000]  以致他們的明星
[00:18:15.000 --> 00:18:18.000]  其實是很低的
[00:18:18.000 --> 00:18:21.000]  但是耶穌沒有嫌棄他們的明星
[00:18:21.000 --> 00:18:23.000]  因為人看人就是看外表
[00:18:23.000 --> 00:18:27.000]  神就是看我們的內心
[00:18:27.000 --> 00:18:28.000]  主是知道
[00:18:28.000 --> 00:18:30.000]  就算他們力量微小
[00:18:30.000 --> 00:18:33.000]  他們仍然有一個很重要的態度
[00:18:33.000 --> 00:18:36.000]  就是去遵守主的道
[00:18:36.000 --> 00:18:39.000]  遵守主的道
[00:18:39.000 --> 00:18:42.000]  遵守這個字是說什麼意思呢
[00:18:42.000 --> 00:18:49.000]  就是一個珍貴的意思
[00:18:49.000 --> 00:18:53.000]  他將神的話語看為珍貴
[00:18:53.000 --> 00:18:55.000]  當時你要想像一下
[00:18:55.000 --> 00:18:57.000]  他們沒有新約聖經看
[00:18:57.000 --> 00:19:01.000]  他們的主的道是什麼呢
[00:19:01.000 --> 00:19:03.000]  大家想像一下是什麼
[00:19:03.000 --> 00:19:04.000]  他們沒有聖經看
[00:19:04.000 --> 00:19:07.000]  那班弟兄姊妹教會
[00:19:07.000 --> 00:19:09.000]  就是使徒的教訓
[00:19:09.000 --> 00:19:11.000]  口傳的教訓
[00:19:11.000 --> 00:19:13.000]  即是傳神的話
[00:19:13.000 --> 00:19:14.000]  他聽了很多
[00:19:14.000 --> 00:19:15.000]  正如我們問大家
[00:19:15.000 --> 00:19:17.000]  上星期聽了什麼道
[00:19:17.000 --> 00:19:18.000]  大家記不記得
[00:19:18.000 --> 00:19:20.000]  有沒有人記得
[00:19:20.000 --> 00:19:22.000]  不用考大家
[00:19:22.000 --> 00:19:23.000]  我相信
[00:19:23.000 --> 00:19:24.000]  雖然是非教會
[00:19:24.000 --> 00:19:25.000]  但他會記得
[00:19:25.000 --> 00:19:27.000]  使徒來了跟他們講話
[00:19:27.000 --> 00:19:28.000]  講神的道
[00:19:28.000 --> 00:19:29.000]  他會記得
[00:19:29.000 --> 00:19:31.000]  深深放在心裡
[00:19:31.000 --> 00:19:34.000]  所以他們很珍貴這個意思
[00:19:34.000 --> 00:19:35.000]  回到今天
[00:19:35.000 --> 00:19:37.000]  我在想怎樣表達
[00:19:37.000 --> 00:19:39.000]  這種珍貴呢
[00:19:39.000 --> 00:19:40.000]  弟兄姊妹
[00:19:40.000 --> 00:19:41.000]  你有沒有珍貴
[00:19:41.000 --> 00:19:43.000]  神給你的話語呢
[00:19:43.000 --> 00:19:46.000]  我想到一些情景
[00:19:46.000 --> 00:19:48.000]  都表達了這個意味
[00:19:48.000 --> 00:19:49.000]  就好像
[00:19:49.000 --> 00:19:51.000]  你回想一下
[00:19:51.000 --> 00:19:53.000]  可能是很多年前
[00:19:53.000 --> 00:19:54.000]  或者近期
[00:19:54.000 --> 00:19:57.000]  收到的第一封情信
[00:19:57.000 --> 00:19:59.000]  有沒有呢
[00:19:59.000 --> 00:20:00.000]  你想一下
[00:20:00.000 --> 00:20:01.000]  你有沒有很珍貴
[00:20:01.000 --> 00:20:03.000]  這封情信
[00:20:03.000 --> 00:20:05.000]  是被人揭開的
[00:20:05.000 --> 00:20:06.000]  要收起來
[00:20:06.000 --> 00:20:07.000]  每一天睡覺前
[00:20:07.000 --> 00:20:09.000]  拿出來看一看
[00:20:09.000 --> 00:20:10.000]  讀一讀
[00:20:10.000 --> 00:20:12.000]  就是這種感覺
[00:20:12.000 --> 00:20:14.000]  或者定情信物
[00:20:14.000 --> 00:20:16.000]  又或者
[00:20:16.000 --> 00:20:17.000]  如果未有伴侶
[00:20:17.000 --> 00:20:19.000]  或者可能是父母親
[00:20:19.000 --> 00:20:20.000]  或者你家族
[00:20:20.000 --> 00:20:22.000]  留給你的家傳之寶
[00:20:22.000 --> 00:20:24.000]  就是那些非遺
[00:20:24.000 --> 00:20:27.000]  非物質的文化遺產
[00:20:27.000 --> 00:20:29.000]  可能是烹調的方法
[00:20:29.000 --> 00:20:30.000]  我不知道是什麼
[00:20:30.000 --> 00:20:31.000]  烹調方法
[00:20:31.000 --> 00:20:33.000]  留給你很珍貴
[00:20:33.000 --> 00:20:34.000]  不知道幾十年後
[00:20:34.000 --> 00:20:35.000]  買了多少錢
[00:20:35.000 --> 00:20:36.000]  我不知道
[00:20:36.000 --> 00:20:37.000]  刺繡
[00:20:37.000 --> 00:20:38.000]  竹編
[00:20:38.000 --> 00:20:39.000]  書法
[00:20:39.000 --> 00:20:40.000]  等等
[00:20:40.000 --> 00:20:42.000]  一些很珍貴的東西
[00:20:42.000 --> 00:20:43.000]  你會守護著
[00:20:43.000 --> 00:20:45.000]  不會孖孖孚孚
[00:20:45.000 --> 00:20:47.000]  就是這群非物質的信徒
[00:20:47.000 --> 00:20:49.000]  他們就是將神的道
[00:20:49.000 --> 00:20:51.000]  就是有這種意味
[00:20:51.000 --> 00:20:52.000]  來守住
[00:20:52.000 --> 00:20:54.000]  當中的精髓
[00:20:54.000 --> 00:20:55.000]  以致其實
[00:20:55.000 --> 00:20:57.000]  當他這樣守住的時候
[00:20:57.000 --> 00:20:59.000]  耶穌都看在眼裡
[00:20:59.000 --> 00:21:02.000]  耶穌就這樣去回報他們
[00:21:02.000 --> 00:21:03.000]  去這樣守住
[00:21:03.000 --> 00:21:05.000]  這麼珍貴神的道
[00:21:05.000 --> 00:21:07.000]  而耶穌都一樣這麼珍貴他們
[00:21:07.000 --> 00:21:10.000]  是一份很緊密的一種關係
[00:21:10.000 --> 00:21:11.000]  你怎樣對我
[00:21:11.000 --> 00:21:12.000]  我又怎樣對你
[00:21:12.000 --> 00:21:13.000]  就是神
[00:21:13.000 --> 00:21:16.000]  就是耶穌基督和教會之間的關係
[00:21:16.000 --> 00:21:21.000]  除了這個心態去遵守主的道
[00:21:21.000 --> 00:21:23.000]  有一個我們所有水禮的
[00:21:23.000 --> 00:21:24.000]  弟兄姊妹都一定會知道
[00:21:24.000 --> 00:21:25.000]  你說主的道
[00:21:25.000 --> 00:21:26.000]  最簡單
[00:21:26.000 --> 00:21:28.000]  兩句話要記得
[00:21:28.000 --> 00:21:30.000]  認耶穌做
[00:21:30.000 --> 00:21:31.000]  做什麼?
[00:21:31.000 --> 00:21:33.000]  做你個人的救主
[00:21:33.000 --> 00:21:34.000]  第一
[00:21:34.000 --> 00:21:35.000]  第二就是什麼?
[00:21:35.000 --> 00:21:38.000]  認耶穌做你生命的主宰
[00:21:38.000 --> 00:21:39.000]  就是這兩句
[00:21:39.000 --> 00:21:40.000]  所以當他們
[00:21:40.000 --> 00:21:42.000]  這個真是殺到近身
[00:21:42.000 --> 00:21:44.000]  你究竟拜凱撒為王
[00:21:44.000 --> 00:21:46.000]  還是拜基督為王呢?
[00:21:46.000 --> 00:21:49.000]  拜你地上的一個人
[00:21:49.000 --> 00:21:51.000]  跪拜他
[00:21:51.000 --> 00:21:53.000]  還是不拜他呢?
[00:21:53.000 --> 00:21:55.000]  我相信他們都有
[00:21:55.000 --> 00:21:58.000]  你那三個朋友的信心
[00:21:58.000 --> 00:22:00.000]  寧死他都不肯拜偶像
[00:22:00.000 --> 00:22:04.000]  所以耶穌說他們沒有否認主的名
[00:22:04.000 --> 00:22:06.000]  他沒有否認
[00:22:06.000 --> 00:22:08.000]  如果去到今時今日
[00:22:08.000 --> 00:22:09.000]  我給大家幾個情景
[00:22:09.000 --> 00:22:11.000]  你就會想像得到
[00:22:11.000 --> 00:22:13.000]  對他們來說壓力很大
[00:22:13.000 --> 00:22:16.000]  那種試探或挑戰真的很大
[00:22:16.000 --> 00:22:17.000]  弟兄姊妹
[00:22:17.000 --> 00:22:19.000]  否認主的名
[00:22:19.000 --> 00:22:21.000]  如果否認主的名的話
[00:22:21.000 --> 00:22:23.000]  為什麼能夠有吸引力呢?
[00:22:23.000 --> 00:22:26.000]  假設可以減稅
[00:22:26.000 --> 00:22:28.000]  不認主的名就可以減稅嗎?
[00:22:28.000 --> 00:22:31.000]  那你是不是覺得有些吸引力?
[00:22:31.000 --> 00:22:34.000]  原來可以不認
[00:22:34.000 --> 00:22:35.000]  然後他們說
[00:22:35.000 --> 00:22:37.000]  如果不用抄家
[00:22:37.000 --> 00:22:40.000]  會不會很平安呢?
[00:22:40.000 --> 00:22:41.000]  他們當時就是這樣
[00:22:41.000 --> 00:22:43.000]  都要被抄家
[00:22:43.000 --> 00:22:46.000]  如果不用抓去坐牢
[00:22:46.000 --> 00:22:47.000]  只要不認主的名
[00:22:47.000 --> 00:22:49.000]  就不用抓去抄家
[00:22:49.000 --> 00:22:51.000]  只要否認主的名
[00:22:51.000 --> 00:22:52.000]  就不用抓去坐牢
[00:22:52.000 --> 00:22:56.000]  就是這樣
[00:22:56.000 --> 00:22:58.000]  當然我們最近看到的新聞
[00:22:58.000 --> 00:23:00.000]  也有類似的事
[00:23:00.000 --> 00:23:03.000]  有很多的難過
[00:23:03.000 --> 00:23:05.000]  但是這群弟兄姊妹
[00:23:05.000 --> 00:23:06.000]  他們守住了
[00:23:06.000 --> 00:23:08.000]  沒有否認主的名
[00:23:08.000 --> 00:23:10.000]  他們不怕吃虧
[00:23:10.000 --> 00:23:12.000]  他們不怕沒錢
[00:23:12.000 --> 00:23:14.000]  他們不怕會死
[00:23:14.000 --> 00:23:18.000]  難怪主基督對他們有這麼大的喜悅
[00:23:18.000 --> 00:23:24.000]  正正是在困難中繼續遵守主的道
[00:23:24.000 --> 00:23:25.000]  沒有否認主的名
[00:23:25.000 --> 00:23:28.000]  是去展現出他們一份堅忍的
[00:23:28.000 --> 00:23:31.000]  那份信仰的態度
[00:23:31.000 --> 00:23:32.000]  所以主都說
[00:23:32.000 --> 00:23:35.000]  一般解經家這樣解釋
[00:23:35.000 --> 00:23:37.000]  不過他們不會經歷了
[00:23:37.000 --> 00:23:39.000]  因為他們已經是第一世紀的人
[00:23:39.000 --> 00:23:41.000]  就在七年大災難的時候
[00:23:41.000 --> 00:23:43.000]  我們在說災前被提的話
[00:23:43.000 --> 00:23:45.000]  七年大災難的日子
[00:23:45.000 --> 00:23:47.000]  在普天下人受撕裂的時候
[00:23:47.000 --> 00:23:50.000]  保守利免受撕裂
[00:23:50.000 --> 00:23:54.000]  不再需要受任何的驚嚇
[00:23:54.000 --> 00:23:57.000]  因為他們已經承受了
[00:23:57.000 --> 00:23:59.000]  就是這一份
[00:23:59.000 --> 00:24:02.000]  剛才說的互相的信任的關係
[00:24:02.000 --> 00:24:04.000]  雙向的關係
[00:24:04.000 --> 00:24:06.000]  你珍惜我
[00:24:06.000 --> 00:24:07.000]  我珍惜你
[00:24:07.000 --> 00:24:09.000]  耶穌今天都一樣
[00:24:09.000 --> 00:24:10.000]  祂是活潑的救主
[00:24:10.000 --> 00:24:11.000]  祂不是死人的救主
[00:24:11.000 --> 00:24:12.000]  祂是活人的救主
[00:24:12.000 --> 00:24:14.000]  祂今天都可以跟你
[00:24:14.000 --> 00:24:17.000]  建立這份跟Freeletics的關係
[00:24:17.000 --> 00:24:18.000]  問題是我們的心
[00:24:18.000 --> 00:24:20.000]  是不是繼續向祂打開
[00:24:20.000 --> 00:24:23.000]  向祂有一份渴求
[00:24:23.000 --> 00:24:24.000]  親近呢
[00:24:24.000 --> 00:24:26.000]  第三點就是
[00:24:26.000 --> 00:24:28.000]  那份關係的盡心
[00:24:28.000 --> 00:24:29.000]  其實關係盡心
[00:24:29.000 --> 00:24:31.000]  最重要看到的是什麼呢
[00:24:31.000 --> 00:24:36.000]  看到就是耶穌為我們所做的
[00:24:36.000 --> 00:24:39.000]  而不是看到我們為耶穌所做
[00:24:39.000 --> 00:24:40.000]  這個很重要
[00:24:40.000 --> 00:24:42.000]  不過我們人的傾向就是
[00:24:42.000 --> 00:24:44.000]  很容易看到自己
[00:24:44.000 --> 00:24:46.000]  看不到主
[00:24:46.000 --> 00:24:51.000]  這套經文我都看了很久
[00:24:51.000 --> 00:24:54.000]  原來竟然在和合本或和修本
[00:24:54.000 --> 00:24:55.000]  有些很重要的字
[00:24:55.000 --> 00:24:57.000]  他沒有翻譯出來
[00:24:57.000 --> 00:24:59.000]  在原文才有
[00:24:59.000 --> 00:25:02.000]  原文裏面有三個
[00:25:02.000 --> 00:25:03.000]  看吶
[00:25:03.000 --> 00:25:04.000]  看吓
[00:25:04.000 --> 00:25:05.000]  看吓
[00:25:05.000 --> 00:25:06.000]  看吓
[00:25:06.000 --> 00:25:08.000]  這個是很重要的
[00:25:08.000 --> 00:25:10.000]  在解經上是很重要
[00:25:10.000 --> 00:25:13.000]  要留心看清楚的東西
[00:25:13.000 --> 00:25:14.000]  在和修版裏面
[00:25:14.000 --> 00:25:16.000]  可能只有第八節
[00:25:16.000 --> 00:25:17.000]  這個不是和修版
[00:25:17.000 --> 00:25:18.000]  這個是新漢語譯本
[00:25:18.000 --> 00:25:19.000]  它是貼近原文的
[00:25:19.000 --> 00:25:22.000]  跟旁邊的LSB譯本都是
[00:25:22.000 --> 00:25:24.000]  這兩個是貼近原文
[00:25:24.000 --> 00:25:28.000]  有三個看吶
[00:25:28.000 --> 00:25:29.000]  第一個看吶
[00:25:29.000 --> 00:25:33.000]  我在你面前開了敞開的門
[00:25:33.000 --> 00:25:37.000]  敞開的門是什麼呢
[00:25:37.000 --> 00:25:39.000]  我們看回上下文會更加明白
[00:25:39.000 --> 00:25:40.000]  剛才在說
[00:25:40.000 --> 00:25:43.000]  榮耀復活主拿了大位約時
[00:25:43.000 --> 00:25:44.000]  開了沒有人關
[00:25:44.000 --> 00:25:46.000]  關了沒有人開
[00:25:46.000 --> 00:25:47.000]  可以這樣理解
[00:25:47.000 --> 00:25:50.000]  是有兩道門
[00:25:50.000 --> 00:25:53.000]  開了就沒有人關
[00:25:53.000 --> 00:25:56.000]  只有主基督可以開
[00:25:56.000 --> 00:25:58.000]  只有主基督可以關
[00:25:58.000 --> 00:26:00.000]  在說什麼呢
[00:26:00.000 --> 00:26:01.000]  就是在說
[00:26:01.000 --> 00:26:04.000]  神要臨到全人類的救恩
[00:26:04.000 --> 00:26:07.000]  這個救恩的門已經開了
[00:26:07.000 --> 00:26:09.000]  因為當時的假教師假教訓
[00:26:09.000 --> 00:26:11.000]  去迷惑非拉鐵妃的信徒
[00:26:11.000 --> 00:26:13.000]  就說你們那些不是真的
[00:26:13.000 --> 00:26:15.000]  你們那些信耶穌那些
[00:26:15.000 --> 00:26:18.000]  是猶太支派的支子
[00:26:18.000 --> 00:26:20.000]  你們那些是癡等的
[00:26:20.000 --> 00:26:21.000]  不行的
[00:26:21.000 --> 00:26:23.000]  但耶穌跟他們說什麼
[00:26:23.000 --> 00:26:25.000]  道門是誰開的
[00:26:25.000 --> 00:26:27.000]  權柄在哪裡
[00:26:27.000 --> 00:26:28.000]  在耶穌手裏
[00:26:28.000 --> 00:26:29.000]  我開了
[00:26:29.000 --> 00:26:32.000]  是我為這班非拉鐵妃信徒
[00:26:32.000 --> 00:26:33.000]  為這班弟兄姊妹
[00:26:33.000 --> 00:26:35.000]  我已經將救恩的門
[00:26:35.000 --> 00:26:38.000]  向他們打開了
[00:26:38.000 --> 00:26:41.000]  我完全的接納了他們
[00:26:41.000 --> 00:26:43.000]  收納了他們
[00:26:43.000 --> 00:26:45.000]  能夠進入救恩的門內
[00:26:45.000 --> 00:26:49.000]  成為承受永生的人
[00:26:49.000 --> 00:26:50.000]  神要憐憫誰
[00:26:50.000 --> 00:26:52.000]  就要憐憫誰
[00:26:52.000 --> 00:26:58.000]  這個是很有意思的
[00:26:58.000 --> 00:27:03.000]  另外有第二個漢那
[00:27:03.000 --> 00:27:05.000]  就是第九節那裏
[00:27:05.000 --> 00:27:06.000]  漢那
[00:27:06.000 --> 00:27:07.000]  我要屎
[00:27:07.000 --> 00:27:09.000]  這裏完全在和修版沒有印出來
[00:27:09.000 --> 00:27:10.000]  漢那都沒有
[00:27:10.000 --> 00:27:12.000]  我要屎都沒有
[00:27:12.000 --> 00:27:14.000]  這裏說的是原文
[00:27:14.000 --> 00:27:17.000]  旁邊的英文印得更加貼近
[00:27:17.000 --> 00:27:20.000]  是要將這班自稱是猶太人
[00:27:20.000 --> 00:27:22.000]  但不是的
[00:27:22.000 --> 00:27:24.000]  是說謊話的人
[00:27:24.000 --> 00:27:26.000]  去交出來
[00:27:26.000 --> 00:27:27.000]  幾個人說
[00:27:27.000 --> 00:27:30.000]  耶穌說我會將他們交出來
[00:27:30.000 --> 00:27:32.000]  這班人曾經在你面前
[00:27:32.000 --> 00:27:33.000]  耀武揚威
[00:27:33.000 --> 00:27:34.000]  很沙塵
[00:27:34.000 --> 00:27:35.000]  很厲害
[00:27:35.000 --> 00:27:36.000]  甚麼都好
[00:27:36.000 --> 00:27:37.000]  耶穌說
[00:27:37.000 --> 00:27:39.000]  我會將他們交出來
[00:27:39.000 --> 00:27:41.000]  還要交到去到哪裏
[00:27:41.000 --> 00:27:43.000]  在你們面前下拜
[00:27:43.000 --> 00:27:45.000]  我要使他們自服
[00:27:45.000 --> 00:27:46.000]  告訴你一個訊息
[00:27:46.000 --> 00:27:47.000]  耶穌就說
[00:27:47.000 --> 00:27:51.000]  我是已經愛你了
[00:27:51.000 --> 00:27:55.000]  這個愛是在說揀選
[00:27:55.000 --> 00:27:59.000]  神是揀選了所有屬祂的人
[00:27:59.000 --> 00:28:01.000]  正如在舊約的時候
[00:28:01.000 --> 00:28:04.000]  神是愛雅各
[00:28:04.000 --> 00:28:06.000]  護爾蘇
[00:28:06.000 --> 00:28:08.000]  那個愛是在說揀選
[00:28:08.000 --> 00:28:09.000]  耶穌說
[00:28:09.000 --> 00:28:11.000]  我已經揀選了你們
[00:28:11.000 --> 00:28:12.000]  這份愛都是揀選
[00:28:12.000 --> 00:28:14.000]  等於進入婚姻都好
[00:28:14.000 --> 00:28:16.000]  都是一種揀選
[00:28:16.000 --> 00:28:18.000]  揀選是一份愛
[00:28:18.000 --> 00:28:20.000]  很想大家去感受一下
[00:28:20.000 --> 00:28:21.000]  今晚記得
[00:28:21.000 --> 00:28:22.000]  回家睡覺前都想想
[00:28:22.000 --> 00:28:23.000]  去想幾次
[00:28:23.000 --> 00:28:24.000]  耶穌說
[00:28:24.000 --> 00:28:26.000]  我是已經愛你了
[00:28:26.000 --> 00:28:28.000]  我是已經愛你了
[00:28:31.000 --> 00:28:34.000]  菲拉鐵匪教會的力量微小
[00:28:34.000 --> 00:28:36.000]  按人看是名氣小
[00:28:36.000 --> 00:28:38.000]  名望不高
[00:28:38.000 --> 00:28:42.000]  但是耶穌應許你有得勝者的賞賜
[00:28:42.000 --> 00:28:43.000]  祂說
[00:28:43.000 --> 00:28:44.000]  我必快來
[00:28:44.000 --> 00:28:46.000]  你要持守你所有的
[00:28:46.000 --> 00:28:48.000]  免得人奪去你的冠冕
[00:28:48.000 --> 00:28:49.000]  得勝的人
[00:28:49.000 --> 00:28:52.000]  我要使他在我神殿中做處子
[00:28:52.000 --> 00:28:54.000]  他必不再從那裏出去
[00:28:54.000 --> 00:28:56.000]  我又要把我神的名
[00:28:56.000 --> 00:28:58.000]  和我神聖的名
[00:28:58.000 --> 00:29:01.000]  就是從天上神那裏降下來的
[00:29:01.000 --> 00:29:02.000]  新耶路撒冷
[00:29:02.000 --> 00:29:04.000]  和我和基督的生命
[00:29:04.000 --> 00:29:06.000]  寫在它上面
[00:29:06.000 --> 00:29:09.000]  剛才說第一道門是救恩的門
[00:29:09.000 --> 00:29:11.000]  開了沒有人能夠關
[00:29:11.000 --> 00:29:15.000]  第二道門是什麼門呢
[00:29:15.000 --> 00:29:17.000]  就是耶穌基督回來的時候
[00:29:17.000 --> 00:29:19.000]  是一個審判的門
[00:29:19.000 --> 00:29:21.000]  當耶穌說要關門的時候
[00:29:21.000 --> 00:29:23.000]  沒有人能夠求回去
[00:29:23.000 --> 00:29:24.000]  開門吧
[00:29:24.000 --> 00:29:25.000]  讓我信主吧
[00:29:25.000 --> 00:29:26.000]  讓我得救吧
[00:29:26.000 --> 00:29:27.000]  我知道錯了
[00:29:27.000 --> 00:29:29.000]  我以前有眼不識泰山
[00:29:29.000 --> 00:29:31.000]  原來你真的是獨一真神
[00:29:31.000 --> 00:29:33.000]  給我一次機會吧
[00:29:33.000 --> 00:29:34.000]  原來沒有了
[00:29:34.000 --> 00:29:36.000]  當耶穌基督再來的時候
[00:29:36.000 --> 00:29:40.000]  當外邦人教會的數目天滿了的時候
[00:29:40.000 --> 00:29:42.000]  那個門就要關上
[00:29:42.000 --> 00:29:44.000]  就是審判的時候就要來到
[00:29:44.000 --> 00:29:46.000]  就是主再來的日子
[00:29:46.000 --> 00:29:49.000]  耶穌就是將這麼重要的訊息
[00:29:49.000 --> 00:29:51.000]  竟然給了這班非拉提教會
[00:29:51.000 --> 00:29:53.000]  他們認識
[00:29:53.000 --> 00:29:57.000]  某程度上是另一種神的很重要的真相
[00:29:57.000 --> 00:29:58.000]  奧秘
[00:29:58.000 --> 00:30:02.000]  在聖經裡面不斷打開了的一些事實
[00:30:02.000 --> 00:30:04.000]  另外在這裡看
[00:30:04.000 --> 00:30:06.000]  重要的是耶穌為他們做些什麼
[00:30:06.000 --> 00:30:07.000]  剛才我們說的
[00:30:07.000 --> 00:30:10.000]  最重要是看耶穌為我們做些什麼
[00:30:10.000 --> 00:30:12.000]  耶穌給他們說
[00:30:12.000 --> 00:30:17.000]  以後我會使你們成為神殿中的柱子
[00:30:17.000 --> 00:30:20.000]  柱子呢
[00:30:20.000 --> 00:30:24.000]  我不知道你喜不喜歡做柱子
[00:30:24.000 --> 00:30:27.000]  如果你喜歡
[00:30:27.000 --> 00:30:29.000]  其實非拉提教會的訊息
[00:30:29.000 --> 00:30:30.000]  你就會覺得很能代入
[00:30:30.000 --> 00:30:31.000]  很有趣的
[00:30:31.000 --> 00:30:33.000]  七教會的賞賜是針對性的
[00:30:33.000 --> 00:30:34.000]  你是那一類人
[00:30:34.000 --> 00:30:36.000]  你就讀那個特別有感覺
[00:30:36.000 --> 00:30:38.000]  這個可能覺得不太對
[00:30:38.000 --> 00:30:39.000]  不過不要緊
[00:30:39.000 --> 00:30:40.000]  我都要說的
[00:30:40.000 --> 00:30:41.000]  對不對我都要說下去
[00:30:41.000 --> 00:30:43.000]  去說做柱子有兩個意思
[00:30:43.000 --> 00:30:44.000]  第一
[00:30:44.000 --> 00:30:47.000]  因為當時剛才說有地震
[00:30:48.000 --> 00:30:50.000]  但是耶穌就很貼心
[00:30:50.000 --> 00:30:51.000]  在這裡
[00:30:51.000 --> 00:30:53.000]  你會做神殿中的柱
[00:30:53.000 --> 00:30:55.000]  柱子是給人感覺
[00:30:55.000 --> 00:30:56.000]  可靠
[00:30:56.000 --> 00:30:57.000]  穩妥的
[00:30:57.000 --> 00:30:59.000]  不再動搖
[00:30:59.000 --> 00:31:01.000]  不再受威嚇
[00:31:01.000 --> 00:31:03.000]  是幾感的得到安慰
[00:31:03.000 --> 00:31:04.000]  有家可歸
[00:31:04.000 --> 00:31:06.000]  永遠住在神的殿中
[00:31:06.000 --> 00:31:08.000]  不會再從那裡出去
[00:31:08.000 --> 00:31:10.000]  永不離開
[00:31:10.000 --> 00:31:13.000]  這是第一個意思
[00:31:13.000 --> 00:31:15.000]  第二個意思就是
[00:31:15.000 --> 00:31:18.000]  柱子在神眼中是一個很重要的
[00:31:18.000 --> 00:31:19.000]  有份量的
[00:31:19.000 --> 00:31:23.000]  因為人就很想成為人心目中的第一
[00:31:23.000 --> 00:31:25.000]  耶穌告訴你們
[00:31:25.000 --> 00:31:28.000]  你們在我心目中就是這麼有份量
[00:31:28.000 --> 00:31:30.000]  份量就好像使徒一樣
[00:31:30.000 --> 00:31:32.000]  不知道大家還記不記得
[00:31:32.000 --> 00:31:35.000]  基法或者叫彼得
[00:31:35.000 --> 00:31:36.000]  約翰
[00:31:36.000 --> 00:31:37.000]  使徒約翰和使徒雅各
[00:31:37.000 --> 00:31:39.000]  耶穌肉身的弟弟
[00:31:39.000 --> 00:31:42.000]  被稱為教會的柱石
[00:31:42.000 --> 00:31:44.000]  就是柱子
[00:31:44.000 --> 00:31:47.000]  作為神殿中柱
[00:31:47.000 --> 00:31:49.000]  那個意義非凡
[00:31:49.000 --> 00:31:53.000]  原來耶穌看為他們就像這群使徒
[00:31:53.000 --> 00:31:55.000]  這麼重要
[00:31:55.000 --> 00:31:58.000]  不單有體貼安慰他們
[00:31:58.000 --> 00:32:00.000]  神也是看重他們
[00:32:00.000 --> 00:32:02.000]  就好像
[00:32:02.000 --> 00:32:04.000]  寂寂無聞
[00:32:04.000 --> 00:32:06.000]  那位窮寡婦
[00:32:06.000 --> 00:32:09.000]  獻上兩個小錢
[00:32:09.000 --> 00:32:14.000]  但是耶穌的眼中將她一生獻上
[00:32:14.000 --> 00:32:16.000]  她雖然沒有名字
[00:32:16.000 --> 00:32:18.000]  但是耶穌記得
[00:32:18.000 --> 00:32:22.000]  又或者好像獻上五餅二魚的小男孩
[00:32:22.000 --> 00:32:25.000]  按人看是不為所知
[00:32:25.000 --> 00:32:27.000]  但是她在四福音中
[00:32:27.000 --> 00:32:29.000]  除了主的死和主的復活之外
[00:32:29.000 --> 00:32:31.000]  四卷福音同時記載的神蹟
[00:32:31.000 --> 00:32:34.000]  就唯有五餅二魚這個神蹟
[00:32:34.000 --> 00:32:36.000]  其實人人都知道
[00:32:36.000 --> 00:32:39.000]  其實就好像非拉帖非教會一樣
[00:32:39.000 --> 00:32:42.000]  他做了神殿中的柱子
[00:32:42.000 --> 00:32:47.000]  耶穌說我要在這柱子上刻三個名字
[00:32:47.000 --> 00:32:49.000]  刻三個名字
[00:32:49.000 --> 00:32:51.000]  我想他也不太明白
[00:32:51.000 --> 00:32:52.000]  為什麼要三個名字
[00:32:52.000 --> 00:32:54.000]  一個名字已經很厲害了
[00:32:54.000 --> 00:32:56.000]  為什麼要三個名字
[00:32:56.000 --> 00:32:58.000]  我們看看這三個名字是什麼名字
[00:32:58.000 --> 00:33:01.000]  第一個
[00:33:01.000 --> 00:33:05.000]  你可以看看經文
[00:33:05.000 --> 00:33:07.000]  第一個就是神的名
[00:33:07.000 --> 00:33:09.000]  是父神的名
[00:33:09.000 --> 00:33:13.000]  父要將他的名刻在柱子上
[00:33:13.000 --> 00:33:18.000]  也就是說所有天使、天君、靈界
[00:33:18.000 --> 00:33:22.000]  他都要知道同一個訊息
[00:33:22.000 --> 00:33:24.000]  我是已經愛你了
[00:33:24.000 --> 00:33:27.000]  第二就是神聖的名
[00:33:27.000 --> 00:33:29.000]  聖神新耶路撒冷
[00:33:29.000 --> 00:33:31.000]  新天新地的新耶路撒冷降下來的時候
[00:33:31.000 --> 00:33:35.000]  到時候仍然有天下萬國
[00:33:35.000 --> 00:33:37.000]  有很多的君王國家
[00:33:37.000 --> 00:33:40.000]  不過耶穌是萬王之王
[00:33:40.000 --> 00:33:42.000]  萬主之主
[00:33:42.000 --> 00:33:45.000]  天下萬國到時候都要認識
[00:33:45.000 --> 00:33:47.000]  非拉帖非教會
[00:33:47.000 --> 00:33:48.000]  不單是非拉帖非教會
[00:33:48.000 --> 00:33:52.000]  今天在面對同樣處境而得勝的弟兄姊妹
[00:33:52.000 --> 00:33:55.000]  他都能夠領受同一份賞賜
[00:33:55.000 --> 00:33:58.000]  第三個就是基督的生命
[00:33:58.000 --> 00:34:00.000]  要寫在上面
[00:34:00.000 --> 00:34:03.000]  這個是很私隱的
[00:34:03.000 --> 00:34:05.000]  這裡說的是生命
[00:34:05.000 --> 00:34:08.000]  已經是很親密的關係下
[00:34:08.000 --> 00:34:12.000]  而耶穌特別將名字給過他們
[00:34:12.000 --> 00:34:13.000]  要全部給他們
[00:34:13.000 --> 00:34:15.000]  如果你看到這三樣東西
[00:34:15.000 --> 00:34:17.000]  就是由外到內
[00:34:17.000 --> 00:34:19.000]  是很包含在一起
[00:34:19.000 --> 00:34:23.000]  天上全部的天君、天使都看了
[00:34:23.000 --> 00:34:26.000]  地上的聖神新耶路撒冷
[00:34:26.000 --> 00:34:29.000]  到時候的萬國、萬民都認識
[00:34:29.000 --> 00:34:34.000]  第三就是耶穌和他們有一個親密關係
[00:34:34.000 --> 00:34:36.000]  正正就回應了
[00:34:36.000 --> 00:34:39.000]  你們曾經被看為力量微小
[00:34:39.000 --> 00:34:41.000]  不起眼
[00:34:41.000 --> 00:34:42.000]  沒有名望
[00:34:42.000 --> 00:34:43.000]  沒有明星
[00:34:43.000 --> 00:34:45.000]  沒有名氣的教會
[00:34:45.000 --> 00:34:48.000]  耶穌說去到那時候
[00:34:48.000 --> 00:34:51.000]  我就將你們的名字
[00:34:51.000 --> 00:34:53.000]  給所有人都認識
[00:34:53.000 --> 00:34:56.000]  所有人都知道
[00:34:56.000 --> 00:34:59.000]  這個訊息對我們有什麼提醒呢?
[00:34:59.000 --> 00:35:02.000]  如果說要學菲拉鐵非教會
[00:35:02.000 --> 00:35:05.000]  大家想不想學呢?
[00:35:05.000 --> 00:35:08.000]  有沒有人想學呢?
[00:35:08.000 --> 00:35:10.000]  沒有反應的
[00:35:10.000 --> 00:35:15.000]  未必要學
[00:35:15.000 --> 00:35:16.000]  主角不是他
[00:35:16.000 --> 00:35:18.000]  我一會兒再說
[00:35:18.000 --> 00:35:21.000]  不過我們起碼學到一個很清晰的訊息
[00:35:21.000 --> 00:35:25.000]  就是他將耶穌擺在他生命中的首位
[00:35:25.000 --> 00:35:27.000]  以至他不會失去焦點
[00:35:27.000 --> 00:35:29.000]  以至他不會迷失
[00:35:29.000 --> 00:35:30.000]  在壓迫裏面
[00:35:30.000 --> 00:35:32.000]  他不會說腳震
[00:35:32.000 --> 00:35:34.000]  在困難裏面
[00:35:34.000 --> 00:35:36.000]  亂說話
[00:35:36.000 --> 00:35:37.000]  不會
[00:35:37.000 --> 00:35:40.000]  他仍然將耶穌擺在首位
[00:35:40.000 --> 00:35:44.000]  因為這個世界要霸佔你
[00:35:44.000 --> 00:35:47.000]  去爭你心裏面的第一
[00:35:47.000 --> 00:35:48.000]  這個都很特別
[00:35:48.000 --> 00:35:50.000]  最近在思考這件事
[00:35:50.000 --> 00:35:51.000]  我不知道有沒有這樣的情景
[00:35:51.000 --> 00:35:53.000]  和你有些相似呢?
[00:35:53.000 --> 00:35:55.000]  即是與有類同實屬巧合那些
[00:35:55.000 --> 00:35:57.000]  大家明白
[00:35:57.000 --> 00:35:58.000]  就好像有些人
[00:35:58.000 --> 00:36:00.000]  如果你和他聊完天之後
[00:36:00.000 --> 00:36:03.000]  回到家你會繼續loop他所說的話
[00:36:03.000 --> 00:36:05.000]  我們loop loop loop loop loop
[00:36:05.000 --> 00:36:09.000]  當他說了一些人一些事給你聽
[00:36:09.000 --> 00:36:11.000]  這個人怎樣怎樣
[00:36:11.000 --> 00:36:12.000]  那個人怎樣怎樣
[00:36:12.000 --> 00:36:13.000]  那個人怎樣怎樣
[00:36:13.000 --> 00:36:15.000]  又做了些什麼
[00:36:15.000 --> 00:36:16.000]  又做了些什麼
[00:36:16.000 --> 00:36:17.000]  下一步又怎樣
[00:36:17.000 --> 00:36:18.000]  很多評價
[00:36:18.000 --> 00:36:19.000]  很多評語
[00:36:19.000 --> 00:36:20.000]  很多情緒
[00:36:20.000 --> 00:36:21.000]  很多建議
[00:36:23.000 --> 00:36:24.000]  不知道為什麼
[00:36:24.000 --> 00:36:25.000]  回到家
[00:36:25.000 --> 00:36:26.000]  這個人說的說話
[00:36:26.000 --> 00:36:29.000]  不期然就在你腦海裏面出現了
[00:36:29.000 --> 00:36:32.000]  感到很煩躁
[00:36:32.000 --> 00:36:34.000]  不斷loop loop loop loop
[00:36:34.000 --> 00:36:36.000]  好像踩了浮沙一樣
[00:36:36.000 --> 00:36:38.000]  不能自拔
[00:36:38.000 --> 00:36:41.000]  被拉到一個漩渦裏面
[00:36:41.000 --> 00:36:42.000]  是是非非
[00:36:42.000 --> 00:36:45.000]  充滿了很多負面情緒的漩渦
[00:36:45.000 --> 00:36:46.000]  感覺很累
[00:36:46.000 --> 00:36:48.000]  不想去想
[00:36:48.000 --> 00:36:50.000]  但是有一種無形的壓力
[00:36:50.000 --> 00:36:51.000]  無形的手
[00:36:51.000 --> 00:36:53.000]  好像要卡住你
[00:36:53.000 --> 00:36:54.000]  不讓你休息
[00:36:54.000 --> 00:36:55.000]  不讓你睡覺
[00:36:55.000 --> 00:36:58.000]  令到你非常心累
[00:36:58.000 --> 00:37:00.000]  弟兄姊妹有沒有遇過這樣的人
[00:37:00.000 --> 00:37:02.000]  有嗎
[00:37:02.000 --> 00:37:03.000]  應該有
[00:37:03.000 --> 00:37:04.000]  所以為什麼我們說
[00:37:04.000 --> 00:37:06.000]  全中國這麼多情緒的困擾
[00:37:06.000 --> 00:37:08.000]  其實有些人跟他聊天
[00:37:08.000 --> 00:37:09.000]  就像一種漩渦
[00:37:09.000 --> 00:37:10.000]  好像在他面前的漩渦
[00:37:10.000 --> 00:37:12.000]  要旋你下去
[00:37:12.000 --> 00:37:15.000]  可能是你的同事
[00:37:15.000 --> 00:37:16.000]  可能是上司
[00:37:16.000 --> 00:37:17.000]  可能是家人
[00:37:17.000 --> 00:37:18.000]  可能是朋友
[00:37:18.000 --> 00:37:20.000]  甚至是教會的弟兄姊妹
[00:37:20.000 --> 00:37:23.000]  如果你是聽的那個人
[00:37:23.000 --> 00:37:25.000]  就是聽這些話的人
[00:37:25.000 --> 00:37:28.000]  願主保護你的心
[00:37:28.000 --> 00:37:29.000]  聽完之後
[00:37:29.000 --> 00:37:31.000]  我們通常聽完之後會怎樣
[00:37:31.000 --> 00:37:33.000]  聽完這些情緒垃圾會怎樣
[00:37:33.000 --> 00:37:36.000]  找一個隔離友再倒情緒垃圾給他
[00:37:36.000 --> 00:37:39.000]  倒來倒去
[00:37:39.000 --> 00:37:41.000]  最後誰來結帳
[00:37:41.000 --> 00:37:45.000]  其實耶穌不介意結帳
[00:37:45.000 --> 00:37:47.000]  因為耶穌就背負我們那一位
[00:37:47.000 --> 00:37:49.000]  但是我們偏偏就不會去找耶穌
[00:37:49.000 --> 00:37:50.000]  什麼都找
[00:37:50.000 --> 00:37:52.000]  就是不找耶穌
[00:37:52.000 --> 00:37:53.000]  去購物
[00:37:53.000 --> 00:37:54.000]  試一下
[00:37:54.000 --> 00:37:55.000]  去喝杯東西
[00:37:55.000 --> 00:37:56.000]  試一下
[00:37:56.000 --> 00:37:57.000]  去買些東西
[00:37:57.000 --> 00:37:58.000]  試一下
[00:37:58.000 --> 00:37:59.000]  總之什麼都要做
[00:37:59.000 --> 00:38:00.000]  讓自己很忙很忙
[00:38:00.000 --> 00:38:01.000]  休息不了
[00:38:01.000 --> 00:38:02.000]  停不下來
[00:38:02.000 --> 00:38:03.000]  安靜不了
[00:38:03.000 --> 00:38:04.000]  不斷看手機
[00:38:04.000 --> 00:38:05.000]  看手機
[00:38:05.000 --> 00:38:07.000]  很多事情
[00:38:07.000 --> 00:38:10.000]  這個是我們的現實
[00:38:10.000 --> 00:38:12.000]  無奈的
[00:38:12.000 --> 00:38:16.000]  但是我們都可以憑信心去交託
[00:38:16.000 --> 00:38:18.000]  求主保護我們
[00:38:18.000 --> 00:38:19.000]  保護我們
[00:38:19.000 --> 00:38:22.000]  不要再成為多一個製造這些情緒垃圾的人
[00:38:22.000 --> 00:38:25.000]  第二
[00:38:25.000 --> 00:38:27.000]  如果你是說的那個人
[00:38:27.000 --> 00:38:30.000]  在神的話裡面都請你停止
[00:38:30.000 --> 00:38:32.000]  不要再去製造這些垃圾
[00:38:32.000 --> 00:38:35.000]  因為對人是毫無建立
[00:38:35.000 --> 00:38:37.000]  因為是罪
[00:38:37.000 --> 00:38:38.000]  是得罪人
[00:38:38.000 --> 00:38:39.000]  得罪神
[00:38:39.000 --> 00:38:42.000]  因為我們很容易
[00:38:42.000 --> 00:38:47.000]  只會看到人家眼中的刺
[00:38:47.000 --> 00:38:49.000]  自己眼裡的良目
[00:38:49.000 --> 00:38:50.000]  其實看不到
[00:38:50.000 --> 00:38:52.000]  他的刺很硬
[00:38:52.000 --> 00:38:53.000]  不斷說
[00:38:53.000 --> 00:38:55.000]  自己的良目
[00:38:55.000 --> 00:38:56.000]  其實都很硬
[00:38:56.000 --> 00:38:57.000]  不過就不會看
[00:38:57.000 --> 00:38:59.000]  求主憐憫我們
[00:38:59.000 --> 00:39:02.000]  未信的時候我們可能沒得選擇
[00:39:02.000 --> 00:39:05.000]  無奈的現實就是
[00:39:05.000 --> 00:39:07.000]  被傷害的人
[00:39:07.000 --> 00:39:09.000]  就會成為一個傷害人的人
[00:39:09.000 --> 00:39:12.000]  但是信了耶穌有出路
[00:39:12.000 --> 00:39:16.000]  就是將錯誤的位置放正
[00:39:17.000 --> 00:39:19.000]  不要再玩這個遊戲
[00:39:19.000 --> 00:39:22.000]  不要再爭取成為人心目中的第一
[00:39:22.000 --> 00:39:23.000]  譬如說
[00:39:23.000 --> 00:39:25.000]  好像夫妻倆一樣
[00:39:25.000 --> 00:39:27.000]  很多時候夫妻倆的相處就是
[00:39:27.000 --> 00:39:28.000]  不知道為什麼
[00:39:28.000 --> 00:39:29.000]  一開始明明是很甜蜜
[00:39:29.000 --> 00:39:32.000]  一定是甜蜜才進入婚姻的門
[00:39:32.000 --> 00:39:33.000]  但是不知道為什麼
[00:39:33.000 --> 00:39:35.000]  走到某個位置的時候
[00:39:35.000 --> 00:39:39.000]  就好像找對方還債
[00:39:39.000 --> 00:39:40.000]  相處上
[00:39:40.000 --> 00:39:42.000]  你欠了我
[00:39:42.000 --> 00:39:44.000]  你娶了我
[00:39:44.000 --> 00:39:45.000]  我是這樣的
[00:39:45.000 --> 00:39:47.000]  你不是不知道吧
[00:39:47.000 --> 00:39:49.000]  又或者是你嫁給我的時候
[00:39:49.000 --> 00:39:51.000]  好像不是這樣的
[00:39:51.000 --> 00:39:53.000]  現在又要硬著頭皮
[00:39:53.000 --> 00:39:55.000]  優點當然好
[00:39:55.000 --> 00:39:57.000]  缺點真的難受一點
[00:39:57.000 --> 00:39:59.000]  很苦
[00:39:59.000 --> 00:40:01.000]  問題在哪裡呢?
[00:40:01.000 --> 00:40:02.000]  就是放錯了位置
[00:40:02.000 --> 00:40:04.000]  如果去過恩愛夫婦營的電影節目
[00:40:04.000 --> 00:40:06.000]  我相信都聽過
[00:40:06.000 --> 00:40:07.000]  就是我們好像
[00:40:07.000 --> 00:40:09.000]  兩個穿了洞的水桶
[00:40:09.000 --> 00:40:12.000]  一對夫婦
[00:40:12.000 --> 00:40:14.000]  兩個穿了洞的水桶
[00:40:16.000 --> 00:40:17.000]  當配偶
[00:40:17.000 --> 00:40:19.000]  當子女很想將水
[00:40:19.000 --> 00:40:21.000]  將愛灌注給你的時候
[00:40:21.000 --> 00:40:22.000]  但是不知道為什麼
[00:40:22.000 --> 00:40:24.000]  裝極都裝不滿
[00:40:24.000 --> 00:40:25.000]  為什麼呢?
[00:40:25.000 --> 00:40:27.000]  穿了洞嘛
[00:40:27.000 --> 00:40:30.000]  因為我們都是
[00:40:30.000 --> 00:40:33.000]  在某些位置上都是破碎了的生命
[00:40:33.000 --> 00:40:35.000]  但是很想找另一個破碎的人
[00:40:35.000 --> 00:40:37.000]  來滿足我們自己
[00:40:37.000 --> 00:40:39.000]  可以嗎?
[00:40:39.000 --> 00:40:41.000]  其實是不可以的
[00:40:41.000 --> 00:40:43.000]  不過我們以為是可以的
[00:40:43.000 --> 00:40:45.000]  所以就會有這麼激烈的相處
[00:40:45.000 --> 00:40:49.000]  只會兩敗俱傷
[00:40:49.000 --> 00:40:51.000]  因為真實
[00:40:51.000 --> 00:40:53.000]  如果我們問
[00:40:53.000 --> 00:40:55.000]  你的心能夠最好去裝什麼呢?
[00:40:55.000 --> 00:40:56.000]  我們什麼都裝
[00:40:56.000 --> 00:40:57.000]  很多時候就是
[00:40:57.000 --> 00:40:59.000]  偏偏神的話沒有裝
[00:40:59.000 --> 00:41:01.000]  或者耶穌沒有裝
[00:41:01.000 --> 00:41:03.000]  而耶穌都OK
[00:41:03.000 --> 00:41:05.000]  祂都是長久忍耐等待
[00:41:05.000 --> 00:41:07.000]  祂知道
[00:41:07.000 --> 00:41:09.000]  祂會讓我們去經歷不同的東西呢?
[00:41:09.000 --> 00:41:11.000]  其實我們有這個信心
[00:41:11.000 --> 00:41:13.000]  頭腦上的知識是有
[00:41:13.000 --> 00:41:14.000]  但是不知道為什麼
[00:41:14.000 --> 00:41:17.000]  下不了去那個心那裡
[00:41:17.000 --> 00:41:21.000]  是唯有耶穌可以滿足你的心
[00:41:21.000 --> 00:41:23.000]  就好像剛才說的
[00:41:23.000 --> 00:41:24.000]  希望你今晚都記得
[00:41:24.000 --> 00:41:25.000]  你記得就是
[00:41:25.000 --> 00:41:26.000]  「我是已經愛你了」
[00:41:26.000 --> 00:41:28.000]  耶穌說「我是已經愛你了」
[00:41:28.000 --> 00:41:31.000]  耶穌是我們拯救的專家
[00:41:31.000 --> 00:41:33.000]  祂不單止救了我們
[00:41:33.000 --> 00:41:35.000]  脫離地獄
[00:41:35.000 --> 00:41:37.000]  出死入生
[00:41:37.000 --> 00:41:38.000]  從這裡去說
[00:41:38.000 --> 00:41:39.000]  就是說
[00:41:39.000 --> 00:41:40.000]  如果我們有這個認信
[00:41:40.000 --> 00:41:42.000]  其實沒有任何生命的難題
[00:41:42.000 --> 00:41:44.000]  耶穌都解決不了
[00:41:44.000 --> 00:41:46.000]  死亡祂都能解決
[00:41:46.000 --> 00:41:48.000]  聖潔真實的主
[00:41:48.000 --> 00:41:50.000]  搜納大衛的弱士
[00:41:50.000 --> 00:41:52.000]  有施恩的權兵
[00:41:52.000 --> 00:41:54.000]  救恩的門是祂的
[00:41:54.000 --> 00:41:56.000]  有審判的權兵
[00:41:56.000 --> 00:41:58.000]  去到那一天
[00:41:58.000 --> 00:42:01.000]  我們已經不需要受罪的刑罰
[00:42:01.000 --> 00:42:04.000]  我們是去領受神的獎賞
[00:42:04.000 --> 00:42:06.000]  一切的罪祂都會赦免
[00:42:06.000 --> 00:42:08.000]  當然有個條件
[00:42:08.000 --> 00:42:09.000]  就是我們去知罪
[00:42:09.000 --> 00:42:11.000]  去認罪
[00:42:11.000 --> 00:42:13.000]  到這裡
[00:42:13.000 --> 00:42:15.000]  經文剛才說
[00:42:15.000 --> 00:42:17.000]  不是帶我們去到
[00:42:17.000 --> 00:42:19.000]  菲拉鐵菲的面前
[00:42:19.000 --> 00:42:21.000]  這個不是主菜
[00:42:21.000 --> 00:42:22.000]  不是重點
[00:42:22.000 --> 00:42:25.000]  是帶我們去到救主耶穌面前
[00:42:25.000 --> 00:42:27.000]  奇妙的是
[00:42:27.000 --> 00:42:29.000]  菲拉鐵菲所走過的路
[00:42:29.000 --> 00:42:31.000]  其實都是耶穌走過的路
[00:42:31.000 --> 00:42:33.000]  我有時聽說
[00:42:33.000 --> 00:42:35.000]  菲拉鐵菲很羨慕
[00:42:35.000 --> 00:42:37.000]  聽很多聖經人物都覺得他很厲害
[00:42:37.000 --> 00:42:39.000]  萬中無一
[00:42:39.000 --> 00:42:40.000]  這麼厲害
[00:42:40.000 --> 00:42:41.000]  大衛這麼厲害
[00:42:41.000 --> 00:42:42.000]  所羅門這麼厲害
[00:42:42.000 --> 00:42:43.000]  阿伯拉罕這麼厲害
[00:42:43.000 --> 00:42:44.000]  摩西這麼厲害
[00:42:44.000 --> 00:42:45.000]  保羅這麼厲害
[00:42:45.000 --> 00:42:47.000]  但我們看回菲拉鐵菲的教會
[00:42:47.000 --> 00:42:49.000]  其實是引領我們
[00:42:49.000 --> 00:42:51.000]  去到耶穌的面前
[00:42:51.000 --> 00:42:53.000]  耶穌都一樣
[00:42:53.000 --> 00:42:55.000]  祂略有一點力量
[00:42:55.000 --> 00:42:57.000]  祂遵守神的道
[00:42:57.000 --> 00:43:00.000]  在克西瑪利縣的祈禱的時候
[00:43:00.000 --> 00:43:02.000]  耶穌說
[00:43:02.000 --> 00:43:04.000]  祂心裡甚是憂傷幾乎要死
[00:43:04.000 --> 00:43:07.000]  想像一下如果我們說出這句話
[00:43:07.000 --> 00:43:08.000]  我幾乎要死的時候
[00:43:08.000 --> 00:43:10.000]  我的力量只剩下很少
[00:43:10.000 --> 00:43:12.000]  已經沒有多少力量
[00:43:12.000 --> 00:43:14.000]  不過
[00:43:14.000 --> 00:43:16.000]  耶穌都在那個位置
[00:43:16.000 --> 00:43:18.000]  繼續遵守神的道
[00:43:18.000 --> 00:43:19.000]  阿父啊
[00:43:19.000 --> 00:43:21.000]  不要照我的意思
[00:43:21.000 --> 00:43:22.000]  照從祢的意思
[00:43:22.000 --> 00:43:25.000]  祂的祈禱就像項如大血點滴在地上
[00:43:25.000 --> 00:43:28.000]  天使都要加耶穌力量
[00:43:28.000 --> 00:43:32.000]  要不然可能在克西瑪利縣都過不了
[00:43:32.000 --> 00:43:35.000]  當耶穌基督被釘在十字架上的時候
[00:43:35.000 --> 00:43:36.000]  一樣
[00:43:36.000 --> 00:43:37.000]  甚是痛苦
[00:43:37.000 --> 00:43:38.000]  接近死亡
[00:43:38.000 --> 00:43:40.000]  力量也不夠
[00:43:40.000 --> 00:43:42.000]  只剩下一點力量
[00:43:42.000 --> 00:43:44.000]  但是耶穌在十字架上
[00:43:44.000 --> 00:43:46.000]  又很奇妙地說了七句話
[00:43:46.000 --> 00:43:48.000]  七句都是恩言
[00:43:48.000 --> 00:43:51.000]  在最痛苦的時候
[00:43:51.000 --> 00:43:54.000]  如果我們很痛苦、很敏驚、很心急的時候
[00:43:54.000 --> 00:43:56.000]  有時候都會說錯的說話
[00:43:56.000 --> 00:43:59.000]  浮躁的說話、憤怒的說話
[00:43:59.000 --> 00:44:04.000]  但是既然耶穌沒有任何這些黑暗、苦道、怨氣
[00:44:04.000 --> 00:44:07.000]  祂只有說出恩言
[00:44:07.000 --> 00:44:09.000]  祂若有一點力量
[00:44:09.000 --> 00:44:12.000]  祂都是為我們走到死地
[00:44:12.000 --> 00:44:13.000]  我相信
[00:44:13.000 --> 00:44:15.000]  菲拉鐵斐教會的弟兄姊妹
[00:44:15.000 --> 00:44:17.000]  他們一樣看到
[00:44:17.000 --> 00:44:20.000]  耶穌就是這樣為他們走了這條路
[00:44:20.000 --> 00:44:22.000]  最後總結就是
[00:44:22.000 --> 00:44:25.000]  我們的需要就是很容易失去焦點
[00:44:25.000 --> 00:44:27.000]  很渴望看回耶穌的時候
[00:44:27.000 --> 00:44:29.000]  不要讓難處放得太大
[00:44:29.000 --> 00:44:32.000]  我們把耶穌放得再大一點
[00:44:32.000 --> 00:44:34.000]  心態可以去調整
[00:44:34.000 --> 00:44:36.000]  只有一點點力量
[00:44:36.000 --> 00:44:40.000]  面對假教師、假教訓的時候
[00:44:40.000 --> 00:44:41.000]  真的要認主
[00:44:41.000 --> 00:44:44.000]  只能夠認主
[00:44:44.000 --> 00:44:46.000]  祂是我們獨一的真神
[00:44:46.000 --> 00:44:47.000]  默默地跟隨
[00:44:47.000 --> 00:44:52.000]  另外如果發生政治迫害的時候
[00:44:52.000 --> 00:44:55.000]  仍然是只跪拜耶穌
[00:44:55.000 --> 00:44:57.000]  指認祂為王
[00:44:57.000 --> 00:44:59.000]  堅心依靠
[00:44:59.000 --> 00:45:02.000]  第三可能環境不順
[00:45:02.000 --> 00:45:04.000]  求主保守我們
[00:45:04.000 --> 00:45:06.000]  忠心做好我們當做的事
[00:45:06.000 --> 00:45:09.000]  使命是未完的
[00:45:09.000 --> 00:45:16.000]  有待神跟你編織你們人生的路
[00:45:16.000 --> 00:45:18.000]  我們請低頭
[00:45:25.000 --> 00:45:27.000]  都有三個方向
[00:45:27.000 --> 00:45:31.000]  想讓大家更加帶回家去思想
[00:45:31.000 --> 00:45:36.000]  去回應神自己
[00:45:36.000 --> 00:45:38.000]  很直接、很簡單
[00:45:38.000 --> 00:45:41.000]  我們可以認真去讀好神的話
[00:45:41.000 --> 00:45:43.000]  今天可以開始
[00:45:43.000 --> 00:45:46.000]  可能少看手機、少看電視
[00:45:46.000 --> 00:45:47.000]  少看半小時
[00:45:47.000 --> 00:45:49.000]  用半小時的時間去行程
[00:45:49.000 --> 00:45:51.000]  去到耶穌的面前
[00:45:51.000 --> 00:45:52.000]  看得多、想得多
[00:45:52.000 --> 00:45:54.000]  你都會懂得回答
[00:45:54.000 --> 00:45:55.000]  可以保護你的心
[00:45:55.000 --> 00:45:58.000]  亦都幫助一些初信
[00:45:58.000 --> 00:46:03.000]  幫助一些信仰上仍然有很多疑問的
[00:46:03.000 --> 00:46:04.000]  有沒有這樣的弟兄姊妹
[00:46:04.000 --> 00:46:06.000]  你們願不願意呢?
[00:46:06.000 --> 00:46:07.000]  從今天開始
[00:46:07.000 --> 00:46:11.000]  去重拾多一些讀神的話
[00:46:11.000 --> 00:46:13.000]  有的請你舉手
[00:46:13.000 --> 00:46:15.000]  好,見到
[00:46:15.000 --> 00:46:17.000]  另外
[00:46:17.000 --> 00:46:23.000]  精神疾病、身體軟弱的壓力
[00:46:23.000 --> 00:46:28.000]  當無論自己還是家人
[00:46:28.000 --> 00:46:32.000]  我們知道耶穌仍然和我們同在
[00:46:32.000 --> 00:46:34.000]  今生是一個中轉站
[00:46:34.000 --> 00:46:36.000]  不是終點站
[00:46:36.000 --> 00:46:38.000]  有一天我們都要去而不返
[00:46:38.000 --> 00:46:40.000]  走這條路
[00:46:40.000 --> 00:46:42.000]  在下車之前
[00:46:42.000 --> 00:46:43.000]  有沒有一些人
[00:46:43.000 --> 00:46:46.000]  透過今晚的訊息
[00:46:46.000 --> 00:46:49.000]  可能你是想和他復和的呢?
[00:46:49.000 --> 00:46:55.000]  不要再爭心中的第一了
[00:46:55.000 --> 00:46:59.000]  可不可以放下那份不公平的感覺呢?
[00:46:59.000 --> 00:47:00.000]  因為這一切
[00:47:00.000 --> 00:47:01.000]  人是滿足不到你
[00:47:01.000 --> 00:47:05.000]  只有耶穌滿足到你
[00:47:05.000 --> 00:47:07.000]  另外會不會有些人
[00:47:07.000 --> 00:47:09.000]  你可以更加珍惜他呢?
[00:47:09.000 --> 00:47:11.000]  你本身向來都珍惜他
[00:47:11.000 --> 00:47:13.000]  不過可能已經硬
[00:47:13.000 --> 00:47:15.000]  需要更加珍惜
[00:47:15.000 --> 00:47:16.000]  因為神愛我
[00:47:16.000 --> 00:47:19.000]  我也想將這份愛除了回應神
[00:47:19.000 --> 00:47:23.000]  也愛我身邊的人
[00:47:23.000 --> 00:47:24.000]  可以陪他
[00:47:24.000 --> 00:47:26.000]  陪到的就陪他
[00:47:26.000 --> 00:47:29.000]  可以電話問候他
[00:47:29.000 --> 00:47:32.000]  又或者仍然有餘力
[00:47:32.000 --> 00:47:34.000]  可以組織使命旅遊
[00:47:34.000 --> 00:47:35.000]  吃喝玩樂
[00:47:35.000 --> 00:47:38.000]  非常開心
[00:47:38.000 --> 00:47:41.000]  除了介紹一些寶件品給他之外
[00:47:41.000 --> 00:47:44.000]  會不會可以介紹耶穌給他們認識呢?
[00:47:44.000 --> 00:47:45.000]  有沒有這樣的弟兄姊妹
[00:47:45.000 --> 00:47:50.000]  你願意為主去做他的見證人呢?
[00:47:50.000 --> 00:47:52.000]  好,看到了
[00:47:52.000 --> 00:47:53.000]  第三
[00:47:53.000 --> 00:47:54.000]  在我們感謝神
[00:47:54.000 --> 00:47:55.000]  香港的地理
[00:47:55.000 --> 00:47:58.000]  天災不算很多
[00:47:58.000 --> 00:48:00.000]  但是
[00:48:00.000 --> 00:48:02.000]  都看到有很多不同的地區
[00:48:02.000 --> 00:48:04.000]  都有很多需要
[00:48:04.000 --> 00:48:05.000]  我們願不願意靠著主
[00:48:05.000 --> 00:48:07.000]  無論是金錢奉獻
[00:48:07.000 --> 00:48:09.000]  還是代禱的紀念
[00:48:09.000 --> 00:48:11.000]  去顧念他們的需要
[00:48:11.000 --> 00:48:14.000]  日本地震、尼泊爾的泥石流
[00:48:14.000 --> 00:48:15.000]  聽到消息
[00:48:15.000 --> 00:48:16.000]  我們不要聽慣了
[00:48:16.000 --> 00:48:18.000]  不要畫了牙
[00:48:18.000 --> 00:48:19.000]  不要沒有感覺
[00:48:19.000 --> 00:48:21.000]  也不要太沉重
[00:48:21.000 --> 00:48:23.000]  按著神給你的地步
[00:48:23.000 --> 00:48:24.000]  階段
[00:48:24.000 --> 00:48:25.000]  照著他
[00:48:25.000 --> 00:48:27.000]  就是這樣回應
[00:48:27.000 --> 00:48:31.000]  活回神給我們的兒女的自由
[00:48:31.000 --> 00:48:33.000]  讓大家在這個位置
[00:48:33.000 --> 00:48:34.000]  自己有三十秒
[00:48:34.000 --> 00:48:37.000]  向神回應
[00:48:37.000 --> 00:48:39.000]  記得
[00:48:39.000 --> 00:48:42.000]  把耶穌的愛放在心裏
[00:48:42.000 --> 00:48:44.000]  三十秒後
[00:48:44.000 --> 00:48:46.000]  我一個結束祈禱
[00:48:46.000 --> 00:49:09.000]  耶穌說我們多謝祢
[00:49:09.000 --> 00:49:11.000]  祢是說話的神
[00:49:11.000 --> 00:49:15.000]  祢的話語仍然有能力
[00:49:15.000 --> 00:49:18.000]  祢會使我們有感覺
[00:49:18.000 --> 00:49:20.000]  會紮心
[00:49:20.000 --> 00:49:21.000]  有哪些點
[00:49:21.000 --> 00:49:23.000]  我們需要回頭
[00:49:23.000 --> 00:49:24.000]  有哪些位置
[00:49:24.000 --> 00:49:26.000]  我們去更加珍惜
[00:49:26.000 --> 00:49:28.000]  有哪些人
[00:49:28.000 --> 00:49:32.000]  我們可以跟他更加友好地相處
[00:49:32.000 --> 00:49:35.000]  也不要在你以外
[00:49:35.000 --> 00:49:38.000]  去找一些滿足
[00:49:38.000 --> 00:49:41.000]  因為我們來了祢又不能做甚麼
[00:49:41.000 --> 00:49:44.000]  以別的代替神的
[00:49:44.000 --> 00:49:46.000]  受苦又加珍
[00:49:46.000 --> 00:49:48.000]  主又幫助我們
[00:49:48.000 --> 00:49:49.000]  能夠安靜
[00:49:49.000 --> 00:49:52.000]  安息在祢的裏面
[00:49:52.000 --> 00:49:55.000]  祢有一切的生命
[00:49:55.000 --> 00:49:57.000]  豐盛
[00:49:57.000 --> 00:50:01.000]  來滿足我們內心所有的需要
[00:50:01.000 --> 00:50:02.000]  剛才我們一切
[00:50:02.000 --> 00:50:04.000]  心裏面有星無星的禱告
[00:50:04.000 --> 00:50:06.000]  求祢親自閲立
[00:50:06.000 --> 00:50:08.000]  讓我們繼續去展現
[00:50:08.000 --> 00:50:10.000]  我們是屬於祢的
[00:50:10.000 --> 00:50:12.000]  我們是無礙的人
[00:50:12.000 --> 00:50:14.000]  讓我們以愛還愛
[00:50:14.000 --> 00:50:16.000]  成為耶穌基督的門徒
[00:50:16.000 --> 00:50:17.000]  聽我們同心禱告
[00:50:17.000 --> 00:50:19.000]  奉主名求
[00:50:19.000 --> 00:50:21.000]  阿們
