
[00:00:00.000 --> 00:00:03.080]  其實我來到恩福堂,恩福神學院教書
[00:00:03.080 --> 00:00:04.920]  我發現今天是踏進第十一年
[00:00:04.920 --> 00:00:07.120]  剛剛跟史牧師去談的時候
[00:00:07.120 --> 00:00:09.680]  第十一年,有沒有聽過我講道啊?
[00:00:09.680 --> 00:00:12.120]  有啊,我想我給兩個字外介紹
[00:00:12.120 --> 00:00:15.440]  第一個就是我語速比正常人快1.25倍
[00:00:15.440 --> 00:00:17.920]  所以大家就要戴安全帶
[00:00:17.920 --> 00:00:20.520]  第二個就是我很不喜歡用powerpoint
[00:00:20.520 --> 00:00:21.840]  如果大家跟別人聊天
[00:00:21.840 --> 00:00:25.680]  你想不想別人看著你的眼睛去聊天?
[00:00:25.680 --> 00:00:26.800]  是不是想的?
[00:00:26.800 --> 00:00:30.160]  所以我講道我喜歡別人看著我的眼睛去聽話
[00:00:30.160 --> 00:00:31.920]  因為一個在左邊,一個在右邊
[00:00:31.920 --> 00:00:33.920]  那你的眼睛看哪邊比較好?
[00:00:33.920 --> 00:00:35.400]  那你就看左邊,看右邊
[00:00:35.400 --> 00:00:36.440]  沒有人看我的了
[00:00:36.440 --> 00:00:40.520]  所以我講道我專門不用powerpoint的
[00:00:40.520 --> 00:00:42.880]  今天揀選了一個講題
[00:00:42.880 --> 00:00:45.120]  是「以利沙事件保之多」
[00:00:45.120 --> 00:00:47.520]  但其實是一個很簡單的故事
[00:00:47.520 --> 00:00:49.800]  是耳熟能詳的故事
[00:00:49.800 --> 00:00:52.680]  就講以利沙
[00:00:52.680 --> 00:00:55.920]  阿蘭王的軍兵圍困以利沙
[00:00:55.920 --> 00:00:58.720]  然後以利沙就去禱告求神
[00:00:58.720 --> 00:01:00.320]  開他僕人的眼目
[00:01:00.320 --> 00:01:02.800]  然後看見耶和華的火車火馬
[00:01:02.800 --> 00:01:04.280]  是不是耳熟能詳?
[00:01:04.280 --> 00:01:05.840]  讀聖經很有趣的
[00:01:05.840 --> 00:01:09.560]  讀聖經我們很多故事都很熟悉的
[00:01:09.560 --> 00:01:11.720]  但是有一些細節
[00:01:11.720 --> 00:01:15.400]  當我們細心去觀察的時候
[00:01:15.400 --> 00:01:19.040]  整段經文好像活靈活現立體那樣
[00:01:19.040 --> 00:01:20.720]  去呈現我們的根前
[00:01:20.720 --> 00:01:22.440]  所以就要賣廣告
[00:01:22.440 --> 00:01:24.680]  所以就在神學院讀神學
[00:01:24.680 --> 00:01:27.680]  就幫助我們去看聖經更加的立體
[00:01:27.680 --> 00:01:31.080]  今天他講以利沙事件保
[00:01:31.080 --> 00:01:33.600]  咦 我的焦點不同了
[00:01:33.600 --> 00:01:35.520]  我焦點多了一個字
[00:01:35.520 --> 00:01:36.880]  那個字是多單
[00:01:36.880 --> 00:01:39.400]  在一個地方裡面去出現
[00:01:39.400 --> 00:01:42.160]  我自己很多時候
[00:01:42.160 --> 00:01:43.880]  講話的時候
[00:01:43.880 --> 00:01:45.800]  在我自己的神學教育裡面
[00:01:45.800 --> 00:01:46.800]  我有些同學在這裡
[00:01:46.800 --> 00:01:48.320]  我不知道有沒有講過
[00:01:48.320 --> 00:01:49.560]  我就說
[00:01:49.560 --> 00:01:52.320]  我們很多時候看到的東西
[00:01:52.320 --> 00:01:53.320]  對不對?
[00:01:53.320 --> 00:01:55.920]  我們看不到什麼 你知道嗎?
[00:01:55.920 --> 00:01:58.920]  我們看不到我們看不到的東西
[00:01:58.920 --> 00:01:59.720]  是不是這個呢?
[00:01:59.720 --> 00:02:01.040]  講了等於沒有講
[00:02:01.040 --> 00:02:02.560]  但是不講你不覺的
[00:02:02.560 --> 00:02:04.440]  一個很重要的真理
[00:02:04.440 --> 00:02:05.280]  我們再來一個
[00:02:05.280 --> 00:02:06.640]  我們看到什麼?
[00:02:06.640 --> 00:02:07.520]  看到的東西
[00:02:07.520 --> 00:02:08.720]  我們看不到什麼?
[00:02:08.720 --> 00:02:10.080]  看不到的東西
[00:02:10.080 --> 00:02:13.000]  給兩秒鐘 時間不多
[00:02:13.000 --> 00:02:15.000]  兩秒鐘你看一看周圍
[00:02:15.000 --> 00:02:17.000]  你看到什麼?
[00:02:17.000 --> 00:02:19.200]  你看到我
[00:02:19.200 --> 00:02:21.200]  我們看到的東西是很重要的
[00:02:21.200 --> 00:02:23.000]  看不到也很重要
[00:02:23.000 --> 00:02:23.760]  我想考考你
[00:02:23.760 --> 00:02:27.160]  我們看到的東西多還是看不到的東西多?
[00:02:27.160 --> 00:02:28.760]  我們看不到的東西多
[00:02:28.760 --> 00:02:29.240]  再來一個
[00:02:29.240 --> 00:02:30.360]  我們看到的東西
[00:02:30.360 --> 00:02:31.840]  但是我們看不到的東西
[00:02:31.840 --> 00:02:33.960]  但是我們看不到的東西
[00:02:33.960 --> 00:02:36.440]  是遠多過我們看到的東西
[00:02:36.440 --> 00:02:37.920]  有一個問題的存在
[00:02:37.920 --> 00:02:38.920]  很多時候
[00:02:38.920 --> 00:02:39.760]  有很多人
[00:02:39.760 --> 00:02:41.240]  其實包括我們也是
[00:02:41.240 --> 00:02:43.480]  我們很關注我們看到的東西
[00:02:43.480 --> 00:02:44.480]  但是我們看不到的東西
[00:02:44.480 --> 00:02:46.840]  我們不會很關心的
[00:02:46.840 --> 00:02:49.400]  如果我們長期都只是看到看到的東西
[00:02:49.400 --> 00:02:52.160]  長期都不理那些看不到的東西
[00:02:52.160 --> 00:02:54.480]  我們就會像中國人說的井底
[00:02:54.480 --> 00:02:55.400]  什麼?
[00:02:55.400 --> 00:02:56.120]  自嘩
[00:02:56.120 --> 00:02:56.480]  是不是?
[00:02:56.480 --> 00:02:58.000]  我們看不到看不到的東西
[00:02:58.000 --> 00:02:59.800]  所以今天很想去說
[00:02:59.800 --> 00:03:01.520]  一個教會的復興
[00:03:01.520 --> 00:03:05.320]  其實就是要看到以前看不到的東西
[00:03:05.320 --> 00:03:06.640]  今天說的是以利沙
[00:03:06.640 --> 00:03:08.560]  大佑星裡面有很多的先知
[00:03:08.560 --> 00:03:09.360]  再說一個先知
[00:03:09.360 --> 00:03:11.240]  很快地說一個
[00:03:11.240 --> 00:03:12.760]  以利亞呢
[00:03:12.760 --> 00:03:14.760]  可不可以給我大聲一點
[00:03:14.760 --> 00:03:15.760]  雖然我很大聲
[00:03:15.760 --> 00:03:16.960]  我今天麥克風
[00:03:16.960 --> 00:03:20.160]  因為我覺得我很喜歡聽我自己說的
[00:03:20.160 --> 00:03:24.400]  先知以賽亞
[00:03:24.400 --> 00:03:26.920]  在烏西亞王崩的時候
[00:03:26.920 --> 00:03:29.160]  先知以賽亞去哪裡了?
[00:03:29.160 --> 00:03:30.640]  在烏西亞王崩
[00:03:30.640 --> 00:03:32.040]  在一個難得的
[00:03:32.040 --> 00:03:34.360]  南國的好皇帝烏西亞王
[00:03:34.360 --> 00:03:36.320]  他駕崩死的時候
[00:03:36.320 --> 00:03:38.880]  以賽亞以色列的守望的先知
[00:03:38.880 --> 00:03:41.160]  他去到神的殿那裡
[00:03:41.160 --> 00:03:42.400]  為什麼會去神的殿呢?
[00:03:42.400 --> 00:03:43.640]  當然有很多可能
[00:03:43.640 --> 00:03:44.960]  可能他很想的
[00:03:44.960 --> 00:03:46.040]  來到去禱告
[00:03:46.040 --> 00:03:46.760]  很想的
[00:03:46.760 --> 00:03:47.560]  很憂愁
[00:03:47.560 --> 00:03:50.440]  很想的來到去守望他的國家
[00:03:50.440 --> 00:03:52.400]  那以賽亞去到神的殿
[00:03:52.400 --> 00:03:54.360]  他看到什麼呢?
[00:03:54.360 --> 00:03:57.680]  耶和華高高坐在寶座上面
[00:03:57.680 --> 00:04:00.560]  以賽亞看到的是神的榮耀
[00:04:00.560 --> 00:04:03.360]  充滿傳電
[00:04:03.360 --> 00:04:06.000]  我給你多兩秒鐘看一看
[00:04:06.000 --> 00:04:08.160]  周圍
[00:04:08.160 --> 00:04:10.360]  如果我們去教會
[00:04:10.360 --> 00:04:14.400]  我們看到神的榮耀會是什麼樣子?
[00:04:14.400 --> 00:04:15.480]  嘩!很不一樣
[00:04:15.480 --> 00:04:16.360]  如果我們去教會
[00:04:16.360 --> 00:04:19.400]  我們看到神的臨在會怎麼樣?
[00:04:19.400 --> 00:04:22.240]  嘩!我們就會不遲到
[00:04:22.240 --> 00:04:23.120]  對不對?
[00:04:23.120 --> 00:04:24.680]  其實我們有時候
[00:04:24.680 --> 00:04:27.200]  很可能我們是看不到
[00:04:27.200 --> 00:04:28.880]  我們看不到的東西
[00:04:28.880 --> 00:04:30.400]  今天在《神學主日》裡面
[00:04:30.400 --> 00:04:32.720]  很想我們學習一個心態
[00:04:32.720 --> 00:04:34.800]  就是神求你開我的眼目
[00:04:34.800 --> 00:04:36.440]  給我們一份期待
[00:04:36.440 --> 00:04:38.400]  就是我們可以看到
[00:04:38.400 --> 00:04:40.480]  過去看不到的東西
[00:04:40.480 --> 00:04:43.080]  在英國不知道是小說還是卡通片
[00:04:43.080 --> 00:04:44.560]  其實我們是卡通片的
[00:04:44.560 --> 00:04:48.840]  就有一個偵探叫福爾什麼?
[00:04:48.840 --> 00:04:49.320]  摩斯
[00:04:49.320 --> 00:04:50.320]  你很熟悉了
[00:04:50.320 --> 00:04:53.280]  福爾摩斯和普通探員有什麼不同?
[00:04:53.280 --> 00:04:55.960]  普通探員去到案發現場
[00:04:55.960 --> 00:04:57.720]  他看到什麼?
[00:04:57.720 --> 00:05:00.080]  是人都看到的東西
[00:05:00.080 --> 00:05:02.200]  普通探員去到案發現場
[00:05:02.200 --> 00:05:03.760]  這個就是線索
[00:05:03.760 --> 00:05:05.680]  就是那個人殺了這個人
[00:05:05.680 --> 00:05:08.280]  案件就完畢了
[00:05:08.280 --> 00:05:11.280]  但福爾摩斯去到案發現場會怎麼樣?
[00:05:11.280 --> 00:05:13.120]  他看到的東西
[00:05:13.120 --> 00:05:15.160]  但他同時看到什麼?
[00:05:15.160 --> 00:05:16.520]  看不到的東西
[00:05:16.520 --> 00:05:18.840]  所以他真真正正去碰的話
[00:05:18.840 --> 00:05:20.000]  這些線索
[00:05:20.000 --> 00:05:23.480]  是那個賊人擦贓嫁禍另一個人的
[00:05:23.480 --> 00:05:24.880]  真正線索在這邊
[00:05:24.880 --> 00:05:26.240]  你明白我的意思嗎?
[00:05:26.240 --> 00:05:28.240]  所以今天我們去看聖經
[00:05:28.240 --> 00:05:30.320]  我們可以去看多一些
[00:05:30.320 --> 00:05:31.880]  過去不喜歡看的東西
[00:05:31.880 --> 00:05:32.600]  我舉個例子
[00:05:32.600 --> 00:05:34.200]  譬如聖經地名和人名
[00:05:34.200 --> 00:05:36.000]  你通常會怎麼樣?
[00:05:36.000 --> 00:05:38.840]  通常就是看不到的東西
[00:05:38.840 --> 00:05:43.080]  所以今天跟大家去講一個多單的故事
[00:05:43.080 --> 00:05:44.320]  經文這麼說
[00:05:44.320 --> 00:05:45.360]  王就說
[00:05:45.360 --> 00:05:47.960]  你們去查查他在哪裡
[00:05:47.960 --> 00:05:50.240]  我很派人去捉拿他
[00:05:50.240 --> 00:05:53.520]  有人就告訴王說他在多丹
[00:05:53.520 --> 00:05:54.480]  什麼意思呢?
[00:05:54.480 --> 00:05:58.440]  原來這個以利沙的故事有個背景
[00:05:58.440 --> 00:06:01.480]  在以色列南北角分裂了
[00:06:01.480 --> 00:06:04.600]  北邊的以色列南角猶大
[00:06:04.600 --> 00:06:05.960]  以色列在北邊
[00:06:05.960 --> 00:06:07.360]  在北邊上面
[00:06:07.360 --> 00:06:09.720]  北邊再上就是亞蘭
[00:06:09.720 --> 00:06:10.800]  一個帝國
[00:06:10.800 --> 00:06:11.800]  很小而已
[00:06:11.800 --> 00:06:14.600]  在亞蘭帝國的東邊
[00:06:14.600 --> 00:06:17.160]  就有亞述和巴比倫
[00:06:17.160 --> 00:06:19.040]  大家很熟悉的
[00:06:19.040 --> 00:06:20.360]  亞述、巴比倫
[00:06:20.360 --> 00:06:22.200]  亞述是什麼國家呢?
[00:06:22.200 --> 00:06:24.200]  亞述是一個大國
[00:06:24.200 --> 00:06:27.040]  其實在聖經或者歷史裡面也是
[00:06:27.040 --> 00:06:28.640]  殘暴不仁的大國
[00:06:28.640 --> 00:06:30.240]  他很想去擴張
[00:06:30.240 --> 00:06:32.320]  後來就真的擴張了
[00:06:32.320 --> 00:06:35.120]  亞述很想擴張的時候
[00:06:35.120 --> 00:06:37.800]  不過隔壁有一個也很好的國家
[00:06:37.800 --> 00:06:38.960]  就叫做巴比倫
[00:06:38.960 --> 00:06:40.160]  頂住了
[00:06:40.160 --> 00:06:43.440]  所以亞述的大軍就沒有去到
[00:06:43.440 --> 00:06:45.920]  亞蘭和以色列
[00:06:45.920 --> 00:06:47.240]  亞蘭王就覺得
[00:06:47.240 --> 00:06:49.080]  這個時候是一個時機
[00:06:49.080 --> 00:06:52.000]  因為周圍的東西暫時都沒有什麼
[00:06:52.000 --> 00:06:53.320]  都是安定的
[00:06:53.320 --> 00:06:55.520]  巴比倫就頂住了亞述
[00:06:55.520 --> 00:06:58.000]  所以亞蘭王就想擴張了
[00:06:58.000 --> 00:06:59.840]  擴張他就想南下
[00:06:59.840 --> 00:07:01.680]  去打以色列
[00:07:01.680 --> 00:07:03.360]  打以色列的時候
[00:07:03.360 --> 00:07:05.360]  擒賊又怎麼樣?
[00:07:05.360 --> 00:07:06.400]  先擒王
[00:07:06.400 --> 00:07:07.920]  所以他想盡辦法
[00:07:07.920 --> 00:07:10.880]  不如我怎樣怎樣去殺了這個以色列王
[00:07:10.880 --> 00:07:13.080]  我就可以去侵佔以色列
[00:07:13.080 --> 00:07:14.720]  擴張國土
[00:07:14.720 --> 00:07:17.280]  亞蘭王就很想侵佔
[00:07:17.280 --> 00:07:18.200]  北角的以色列
[00:07:18.200 --> 00:07:19.600]  在他下面
[00:07:19.600 --> 00:07:21.160]  每一次侵佔的時候
[00:07:21.160 --> 00:07:22.280]  你有讀過
[00:07:22.280 --> 00:07:24.200]  有先知以利沙
[00:07:24.200 --> 00:07:26.040]  就派過僕人說
[00:07:26.040 --> 00:07:27.680]  喂 以色列王你要小心
[00:07:27.680 --> 00:07:29.200]  有埋伏
[00:07:29.200 --> 00:07:31.200]  多番多次的
[00:07:31.200 --> 00:07:32.880]  亞蘭王的計謀
[00:07:32.880 --> 00:07:35.080]  就被以利沙識破了
[00:07:35.080 --> 00:07:36.520]  所以就來到這裡了
[00:07:36.520 --> 00:07:38.040]  亞蘭王就說
[00:07:38.040 --> 00:07:39.000]  你幫我
[00:07:39.000 --> 00:07:41.000]  打探一下以利沙去哪裡
[00:07:41.000 --> 00:07:42.200]  我去捉拿他
[00:07:42.200 --> 00:07:43.680]  我要捉了以利沙
[00:07:43.680 --> 00:07:47.240]  我才可以打到以色列
[00:07:47.240 --> 00:07:48.960]  就派人去問
[00:07:48.960 --> 00:07:50.760]  喂 以利沙在哪裡
[00:07:50.760 --> 00:07:53.160]  接著王的僕人就說
[00:07:53.160 --> 00:07:54.640]  他在多丹
[00:07:54.640 --> 00:07:57.720]  有一點重點在多丹這裡
[00:07:57.720 --> 00:08:01.600]  多丹在聖經出現過多少次?
[00:08:01.600 --> 00:08:04.400]  當然是昨天了
[00:08:04.400 --> 00:08:05.480]  兩次
[00:08:05.480 --> 00:08:09.280]  其實多丹是一個很少出現的城市
[00:08:09.280 --> 00:08:10.960]  出現過兩次而已
[00:08:10.960 --> 00:08:13.080]  多丹這個字原文
[00:08:13.080 --> 00:08:13.760]  什麼意思呢?
[00:08:13.760 --> 00:08:16.040]  原文就是兩個井
[00:08:16.040 --> 00:08:17.040]  兩個井
[00:08:17.040 --> 00:08:17.720]  我考考你
[00:08:17.720 --> 00:08:19.960]  你有哪個是打過井的?
[00:08:19.960 --> 00:08:21.000]  小時候
[00:08:21.000 --> 00:08:22.680]  現在就少一點打井了
[00:08:22.680 --> 00:08:24.040]  不要看我這麼年輕
[00:08:24.040 --> 00:08:25.360]  我也打過井的
[00:08:25.360 --> 00:08:27.480]  拿個桶子裡面
[00:08:27.480 --> 00:08:29.280]  要紮馬的
[00:08:29.280 --> 00:08:32.040]  在井口打井
[00:08:32.040 --> 00:08:33.840]  把水慢慢舀出來
[00:08:33.840 --> 00:08:36.120]  多丹就是兩個井
[00:08:36.120 --> 00:08:37.240]  那考考你
[00:08:37.240 --> 00:08:39.200]  一個井可以喝多少人?
[00:08:39.200 --> 00:08:41.200]  就是那條村
[00:08:41.200 --> 00:08:44.120]  一個井也喝不少人的
[00:08:44.120 --> 00:08:45.960]  一個井是挺好用的
[00:08:45.960 --> 00:08:48.440]  整條村有時候也是打那個井而已
[00:08:48.440 --> 00:08:52.480]  那個地方有兩個井是什麼意思?
[00:08:52.480 --> 00:08:54.000]  兩個可能性
[00:08:54.000 --> 00:08:56.200]  第一個可能性就是人多
[00:08:56.200 --> 00:08:59.280]  第二個可能性是什麼呢?
[00:08:59.280 --> 00:09:01.800]  第一個是沒有水的
[00:09:01.800 --> 00:09:03.520]  第二個就是有水的
[00:09:03.520 --> 00:09:07.080]  多丹其實就是在大馬士革
[00:09:07.080 --> 00:09:09.080]  大馬士革就是阿蘭的首都
[00:09:09.080 --> 00:09:11.200]  阿蘭王的首都大馬士革
[00:09:11.200 --> 00:09:16.360]  一直通往薩瑪利亞那條古代高速公路
[00:09:16.360 --> 00:09:17.840]  不是現在那些高速公路
[00:09:17.840 --> 00:09:19.240]  古代的高速公路
[00:09:19.240 --> 00:09:22.200]  中間的一個加油站
[00:09:22.200 --> 00:09:24.600]  是一個叫做山谷小城
[00:09:24.600 --> 00:09:26.400]  一個不是很大的地方
[00:09:26.400 --> 00:09:27.440]  山谷小城
[00:09:27.440 --> 00:09:28.560]  這裡有個山
[00:09:28.560 --> 00:09:29.120]  有個谷
[00:09:29.120 --> 00:09:30.360]  這裡有座山
[00:09:30.360 --> 00:09:32.360]  上面這個地方有個小城
[00:09:32.360 --> 00:09:33.640]  圍成一個圈子
[00:09:33.640 --> 00:09:36.120]  這個就是古代的多丹
[00:09:36.120 --> 00:09:38.200]  用現代人的角度來說
[00:09:38.200 --> 00:09:40.040]  有沒有人開車的?
[00:09:40.040 --> 00:09:41.680]  開車你就會明白我說什麼了
[00:09:41.680 --> 00:09:43.520]  就是service area
[00:09:43.520 --> 00:09:48.000]  高速公路肯定會有些地方有個廁所的
[00:09:48.000 --> 00:09:50.560]  廁所肯定有地方有個seven的
[00:09:50.560 --> 00:09:52.760]  肯定有間餐廳的
[00:09:52.760 --> 00:09:54.320]  要麼就沒有人的
[00:09:54.320 --> 00:09:55.920]  要麼又怎麼樣?
[00:09:55.920 --> 00:09:57.280]  就很多人的
[00:09:57.280 --> 00:10:00.720]  有兩隊人會經過這個高速公路
[00:10:00.720 --> 00:10:02.720]  有兩隊人會去多丹的
[00:10:02.720 --> 00:10:04.520]  一隊叫做商隊
[00:10:04.520 --> 00:10:06.800]  另一隊叫什麼隊?
[00:10:06.800 --> 00:10:07.720]  軍隊
[00:10:07.720 --> 00:10:08.280]  是的
[00:10:08.280 --> 00:10:11.760]  一來的時候就很多人要喝水了
[00:10:11.760 --> 00:10:13.400]  那些馬車又要喝水了
[00:10:13.400 --> 00:10:14.680]  所以有兩個井
[00:10:14.680 --> 00:10:16.600]  我們就有些明白
[00:10:16.600 --> 00:10:20.360]  多丹第一次出現是什麼時候?
[00:10:20.360 --> 00:10:21.640]  聖經很有趣
[00:10:21.640 --> 00:10:23.320]  聖經只有兩次的話
[00:10:23.320 --> 00:10:25.640]  我們兩次出現都研究一下它
[00:10:25.640 --> 00:10:28.000]  你會發現有些相似的地方
[00:10:28.000 --> 00:10:30.760]  其實他不需要告訴你是多丹
[00:10:30.760 --> 00:10:32.240]  但是他告訴你是多丹
[00:10:32.240 --> 00:10:33.520]  而且是兩個井
[00:10:33.520 --> 00:10:35.000]  那你就有些意思了
[00:10:35.000 --> 00:10:36.120]  第一次出現
[00:10:36.120 --> 00:10:39.600]  有一個人被人埋在井裡
[00:10:39.600 --> 00:10:41.120]  誰?
[00:10:41.120 --> 00:10:41.960]  藥室
[00:10:41.960 --> 00:10:42.880]  正確
[00:10:42.880 --> 00:10:44.200]  藥室的哥哥
[00:10:44.200 --> 00:10:48.800]  就是將藥室埋在多丹的井裡
[00:10:48.800 --> 00:10:51.000]  所以兩個井的意思
[00:10:51.000 --> 00:10:52.880]  就是第一個井是什麼井?
[00:10:52.880 --> 00:10:53.600]  枯井
[00:10:53.600 --> 00:10:54.800]  沒有水的
[00:10:54.800 --> 00:10:57.440]  聽了那個弟弟是死不了的
[00:10:57.440 --> 00:10:58.800]  所以要掘第二個井
[00:10:58.800 --> 00:11:00.240]  我們大概掌握到
[00:11:00.240 --> 00:11:01.440]  為什麼是兩個井了
[00:11:01.440 --> 00:11:02.680]  對於藥室來說
[00:11:02.680 --> 00:11:05.920]  多丹是什麼來的?
[00:11:05.920 --> 00:11:08.840]  多丹其實是一個危難來的
[00:11:08.840 --> 00:11:09.480]  是不是?
[00:11:09.480 --> 00:11:10.760]  是急難來的
[00:11:10.760 --> 00:11:14.640]  他的親生哥哥說要殺他
[00:11:14.640 --> 00:11:16.560]  然後將他放在井裡
[00:11:16.560 --> 00:11:21.360]  然後當埃及的商隊走過
[00:11:21.360 --> 00:11:23.000]  去多丹要喝水的時候
[00:11:23.000 --> 00:11:24.080]  有個人在這裡
[00:11:24.080 --> 00:11:27.920]  不如將弟弟賣給埃及的商隊吧
[00:11:27.920 --> 00:11:29.080]  這個是多丹
[00:11:29.080 --> 00:11:32.640]  對於藥室當時的處境來說
[00:11:32.640 --> 00:11:34.600]  是急難來的
[00:11:34.600 --> 00:11:37.040]  別人是要拿他的命
[00:11:37.040 --> 00:11:39.600]  但是在幾十年之後
[00:11:39.600 --> 00:11:43.120]  藥室他回想多丹的事件
[00:11:43.120 --> 00:11:46.200]  他說你們是要殺我
[00:11:46.200 --> 00:11:47.120]  跟哥哥說
[00:11:47.120 --> 00:11:47.840]  是不是?
[00:11:47.840 --> 00:11:49.720]  哥哥去埃及打工
[00:11:49.720 --> 00:11:51.440]  藥室做了埃及的宰相
[00:11:51.440 --> 00:11:54.040]  你們為的是要殺害我
[00:11:54.040 --> 00:11:56.440]  但是耶和華為的是什麼?
[00:11:56.440 --> 00:11:57.480]  保守
[00:11:57.480 --> 00:12:00.480]  耶和華為要施行的是拯救
[00:12:00.480 --> 00:12:02.840]  透過將我賣去埃及
[00:12:02.840 --> 00:12:06.240]  今天有糧來幫助很多很多的人
[00:12:06.240 --> 00:12:09.520]  多丹第一次出現是急難
[00:12:09.520 --> 00:12:10.880]  多丹第一次出現
[00:12:10.880 --> 00:12:13.000]  在人眼中是急難
[00:12:13.000 --> 00:12:14.640]  多丹第一次出現
[00:12:14.640 --> 00:12:16.160]  在神的角度裡面
[00:12:16.160 --> 00:12:19.360]  神有心意是要施恩拯救
[00:12:19.360 --> 00:12:20.600]  第二次出現
[00:12:20.600 --> 00:12:22.120]  也是最後一次出現
[00:12:22.120 --> 00:12:24.120]  就是今天以利沙
[00:12:24.120 --> 00:12:27.600]  亞蘭王的軍兵去圍困以利沙
[00:12:27.600 --> 00:12:29.760]  在以利沙和他本人的眼中
[00:12:29.760 --> 00:12:30.440]  這是什麼?
[00:12:30.440 --> 00:12:32.040]  在人的角度
[00:12:32.040 --> 00:12:33.160]  這是急難
[00:12:33.160 --> 00:12:34.240]  一模一樣的
[00:12:34.240 --> 00:12:36.480]  這是人裡面的急難
[00:12:36.480 --> 00:12:38.160]  是要拿他的命的
[00:12:38.160 --> 00:12:40.360]  但是在神的裡面
[00:12:40.360 --> 00:12:42.280]  在這些危難的裡面
[00:12:42.280 --> 00:12:44.480]  上帝有他的心意
[00:12:44.480 --> 00:12:48.320]  這是多丹一個很有趣的地方
[00:12:48.320 --> 00:12:51.360]  王就派居馬軍兵
[00:12:51.360 --> 00:12:53.240]  大軍就往那裡去
[00:12:53.240 --> 00:12:56.640]  夜間他們到了就圍困那城
[00:12:56.640 --> 00:12:58.760]  我有車馬
[00:12:58.760 --> 00:12:59.800]  我以前捉象棋
[00:12:59.800 --> 00:13:01.000]  所以我要居馬
[00:13:01.000 --> 00:13:02.320]  隨便吧
[00:13:02.320 --> 00:13:03.720]  有戰車
[00:13:03.720 --> 00:13:05.000]  有戰馬
[00:13:05.000 --> 00:13:06.640]  還要說有軍兵
[00:13:06.640 --> 00:13:08.480]  要圍困那個城
[00:13:08.480 --> 00:13:09.960]  多不多人?
[00:13:09.960 --> 00:13:11.240]  多啊
[00:13:11.240 --> 00:13:14.280]  亞蘭王是志在必得
[00:13:14.280 --> 00:13:16.480]  戰車戰馬
[00:13:16.480 --> 00:13:17.880]  在說古代
[00:13:17.880 --> 00:13:20.360]  是最先進的軍備
[00:13:20.360 --> 00:13:22.720]  他知道以利沙不簡單
[00:13:22.720 --> 00:13:26.040]  所以亞蘭王就拿最先進的軍備
[00:13:26.040 --> 00:13:27.400]  志在必得
[00:13:27.400 --> 00:13:30.040]  是要去捉拿以利沙的
[00:13:30.040 --> 00:13:32.200]  夜間去到他們那裡
[00:13:32.200 --> 00:13:34.280]  有一點害怕他
[00:13:34.280 --> 00:13:35.720]  有一點陰險
[00:13:35.720 --> 00:13:37.280]  夜間去捉他
[00:13:37.280 --> 00:13:39.080]  圍困那個城
[00:13:39.080 --> 00:13:41.040]  那個城有多大呢?
[00:13:41.040 --> 00:13:42.240]  其實又不是很大
[00:13:42.240 --> 00:13:44.800]  我估計就幾百到幾千人
[00:13:44.800 --> 00:13:46.320]  足以圍城的了
[00:13:46.320 --> 00:13:47.640]  幾百幾千人
[00:13:47.640 --> 00:13:49.480]  你可以堵住那個出口
[00:13:49.480 --> 00:13:51.560]  所以幾百人分分鐘都足夠
[00:13:51.560 --> 00:13:54.040]  我估計是幾百到幾千人
[00:13:54.040 --> 00:13:56.600]  甚至真的圍住他
[00:13:56.600 --> 00:13:57.480]  都有可能
[00:13:57.480 --> 00:14:00.960]  我估計現在那些大的遷徙學校
[00:14:00.960 --> 00:14:03.360]  尺寸都不是很大的多單城
[00:14:03.360 --> 00:14:06.400]  圍困那個城
[00:14:06.400 --> 00:14:10.840]  神人的僕人清早起來就出去
[00:14:10.840 --> 00:14:12.320]  神人的僕人
[00:14:12.320 --> 00:14:13.960]  聖經用了一個字眼
[00:14:13.960 --> 00:14:16.240]  他說神人的僕人
[00:14:16.240 --> 00:14:20.720]  清早出去就見到居馬軍兵
[00:14:20.720 --> 00:14:22.120]  神人的僕人
[00:14:22.120 --> 00:14:24.600]  在原文裡面他的意思是
[00:14:24.600 --> 00:14:25.640]  神人
[00:14:25.640 --> 00:14:27.160]  神人是誰啊?
[00:14:27.160 --> 00:14:28.880]  以利沙的僕人
[00:14:28.880 --> 00:14:30.720]  是不是就是奴隸的意思啊?
[00:14:30.720 --> 00:14:31.520]  不是
[00:14:31.520 --> 00:14:33.000]  是assistant
[00:14:33.000 --> 00:14:34.320]  是助手
[00:14:34.320 --> 00:14:36.960]  就是說以利沙的assistant
[00:14:36.960 --> 00:14:38.680]  一早就見到了
[00:14:38.680 --> 00:14:42.080]  那麼神人的assistant
[00:14:42.080 --> 00:14:44.440]  在聖經的表述裡面
[00:14:44.440 --> 00:14:45.920]  是褒義還是貶義?
[00:14:45.920 --> 00:14:48.000]  是褒義還是貶義?
[00:14:48.000 --> 00:14:49.040]  是褒義的
[00:14:49.040 --> 00:14:51.720]  是在說神人的assistant
[00:14:51.720 --> 00:14:52.240]  是不是?
[00:14:52.240 --> 00:14:53.520]  是褒義的
[00:14:53.520 --> 00:14:55.480]  以利沙其實不久之前
[00:14:55.480 --> 00:14:57.640]  也做過一個人的assistant
[00:14:57.640 --> 00:14:59.360]  做過誰的?
[00:14:59.360 --> 00:15:00.760]  做過以利亞的assistant
[00:15:00.760 --> 00:15:02.480]  所以這個神人的僕人
[00:15:02.480 --> 00:15:04.040]  不是小事
[00:15:04.040 --> 00:15:05.760]  是有料到的
[00:15:05.760 --> 00:15:07.200]  前文有說
[00:15:07.200 --> 00:15:09.920]  以利沙有神的密使
[00:15:09.920 --> 00:15:14.000]  然後他就派人去告訴以色列王
[00:15:14.000 --> 00:15:15.080]  我不知道他派誰
[00:15:15.080 --> 00:15:17.120]  你猜猜他派誰?
[00:15:17.120 --> 00:15:18.240]  就是這個
[00:15:18.240 --> 00:15:19.000]  還有誰呢?
[00:15:19.000 --> 00:15:20.640]  經文也沒有很多人
[00:15:20.640 --> 00:15:23.720]  所以我估計這個僕人的assistant
[00:15:23.720 --> 00:15:25.840]  有料到
[00:15:25.840 --> 00:15:29.080]  有他很高的屬靈的靈情
[00:15:29.080 --> 00:15:31.200]  有沒有見過世面?
[00:15:31.200 --> 00:15:31.920]  有
[00:15:31.920 --> 00:15:33.440]  有沒有見過神跡?
[00:15:33.440 --> 00:15:34.440]  有
[00:15:34.440 --> 00:15:35.080]  是不是?
[00:15:35.080 --> 00:15:36.840]  還要清早就出去
[00:15:36.840 --> 00:15:37.920]  清早
[00:15:37.920 --> 00:15:40.320]  我們這一堂就叫做早堂
[00:15:40.320 --> 00:15:42.280]  我們有八點半早堂
[00:15:42.280 --> 00:15:45.880]  你猜猜他的清早是不是八點半?
[00:15:45.880 --> 00:15:47.800]  當然不是八點半
[00:15:47.800 --> 00:15:51.000]  我們清晨祈禱會就八點鐘而已
[00:15:51.000 --> 00:15:54.360]  在古代的希伯來人的清晨是幾點?
[00:15:54.360 --> 00:15:55.560]  雞蹄
[00:15:55.560 --> 00:15:56.040]  是不是?
[00:15:56.040 --> 00:15:57.880]  雞蹄的時候
[00:15:57.880 --> 00:15:59.320]  就已經出去
[00:15:59.320 --> 00:16:01.920]  出去不是起床
[00:16:01.920 --> 00:16:02.680]  不是
[00:16:02.680 --> 00:16:06.200]  出去的意思是開始上班
[00:16:06.200 --> 00:16:06.920]  就是說
[00:16:06.920 --> 00:16:07.920]  有沒有吃早餐?
[00:16:07.920 --> 00:16:08.760]  我猜而已
[00:16:08.760 --> 00:16:11.160]  我們中國人說吃早餐
[00:16:11.160 --> 00:16:14.760]  我猜是吃完早餐打扮好就開工了
[00:16:14.760 --> 00:16:16.560]  雞蹄的時候
[00:16:16.560 --> 00:16:18.880]  神人的僕人就開工了
[00:16:18.880 --> 00:16:20.200]  在經文裡面
[00:16:20.200 --> 00:16:23.000]  給這個僕人是讚賞
[00:16:23.000 --> 00:16:25.000]  是好的形容詞
[00:16:25.000 --> 00:16:26.480]  但是他一出去的時候
[00:16:26.480 --> 00:16:27.040]  他說
[00:16:27.040 --> 00:16:29.160]  看啊
[00:16:29.160 --> 00:16:32.720]  車馬軍兵為君了成
[00:16:32.720 --> 00:16:34.080]  接著僕人對神人說
[00:16:34.080 --> 00:16:34.680]  不好了
[00:16:34.680 --> 00:16:35.240]  我王啊
[00:16:35.240 --> 00:16:37.760]  我們該怎麼辦呢?
[00:16:37.760 --> 00:16:40.640]  在經文裡面其實有很多漢見
[00:16:40.640 --> 00:16:43.240]  但是第一次出現這個看啊
[00:16:43.240 --> 00:16:46.520]  車馬軍兵為君了成這個看啊
[00:16:46.520 --> 00:16:48.440]  原文裡面就不是說看
[00:16:48.440 --> 00:16:48.920]  他說
[00:16:48.920 --> 00:16:49.480]  哎呀
[00:16:49.480 --> 00:16:50.200]  這個意思
[00:16:50.200 --> 00:16:51.320]  這個哎呀
[00:16:51.320 --> 00:16:52.960]  是一種驚嘆
[00:16:52.960 --> 00:16:54.320]  不是看看
[00:16:54.320 --> 00:16:55.160]  他不是這樣
[00:16:55.160 --> 00:16:56.440]  哎呀
[00:16:56.440 --> 00:16:59.760]  車馬軍兵為君了我們
[00:16:59.760 --> 00:17:01.920]  接著就對以利沙說
[00:17:01.920 --> 00:17:02.720]  不好了
[00:17:02.720 --> 00:17:03.480]  我主啊
[00:17:03.480 --> 00:17:06.240]  我們該怎麼辦呢?
[00:17:06.240 --> 00:17:09.000]  原文的意思不是一個問號
[00:17:09.000 --> 00:17:10.280]  原文的意思是
[00:17:10.280 --> 00:17:10.840]  不好了
[00:17:10.840 --> 00:17:12.080]  就是說糟糕
[00:17:12.080 --> 00:17:14.120]  怎麼辦呢?
[00:17:14.120 --> 00:17:15.040]  那種
[00:17:15.040 --> 00:17:15.880]  不是說
[00:17:15.880 --> 00:17:18.120]  唐主任
[00:17:18.120 --> 00:17:19.520]  怎麼辦才好呢?
[00:17:19.520 --> 00:17:20.720]  明白了吧?
[00:17:20.720 --> 00:17:21.760]  不同的
[00:17:21.760 --> 00:17:25.520]  在經文裡面的語態是
[00:17:25.520 --> 00:17:26.320]  糟糕
[00:17:26.320 --> 00:17:27.160]  糟了
[00:17:27.160 --> 00:17:28.360]  怎麼辦呢?
[00:17:28.360 --> 00:17:30.800]  是一種驚嘆
[00:17:30.800 --> 00:17:34.240]  這個見過世面的僕人
[00:17:34.240 --> 00:17:37.840]  面對著車馬軍兵為君了成
[00:17:37.840 --> 00:17:41.240]  他的心理狀態是怎麼樣呢?
[00:17:41.240 --> 00:17:42.560]  害怕
[00:17:42.560 --> 00:17:45.040]  他完全癱瘓了
[00:17:45.040 --> 00:17:46.440]  死火了
[00:17:46.440 --> 00:17:47.640]  沒有了
[00:17:47.640 --> 00:17:48.880]  沒得搞了
[00:17:48.880 --> 00:17:49.800]  沒得救了
[00:17:49.800 --> 00:17:51.200]  非常之懼怕
[00:17:51.200 --> 00:17:52.720]  而他的老師也這麼說
[00:17:52.720 --> 00:17:53.640]  神人就說
[00:17:53.640 --> 00:17:54.760]  不要
[00:17:54.760 --> 00:17:55.600]  懼怕
[00:17:55.600 --> 00:17:57.800]  所以我們很清楚知道
[00:17:57.800 --> 00:18:01.520]  這個僕人的狀態是一種驚惶
[00:18:01.520 --> 00:18:03.760]  失措的狀態
[00:18:03.760 --> 00:18:05.840]  其實香港人呢
[00:18:05.840 --> 00:18:07.840]  也有很多事情害怕
[00:18:07.840 --> 00:18:10.240]  香港人容不容易驚惶失措呢?
[00:18:10.240 --> 00:18:11.040]  不要說香港人
[00:18:11.040 --> 00:18:12.640]  現代人很多人也是這樣
[00:18:12.640 --> 00:18:13.640]  驚惶失措
[00:18:13.640 --> 00:18:15.440]  開玩笑地說
[00:18:15.440 --> 00:18:17.600]  樓價升的時候你會怎麼樣呢?
[00:18:17.600 --> 00:18:18.360]  糟糕了
[00:18:18.360 --> 00:18:19.400]  樓價升
[00:18:19.400 --> 00:18:20.320]  買不了房子了
[00:18:20.320 --> 00:18:22.440]  是不是?
[00:18:22.440 --> 00:18:24.240]  樓價跌呢?
[00:18:24.240 --> 00:18:25.840]  糟糕了
[00:18:25.840 --> 00:18:26.760]  樓價跌了
[00:18:26.760 --> 00:18:29.440]  怎麼辦呢?
[00:18:29.440 --> 00:18:30.480]  我們呢
[00:18:30.480 --> 00:18:31.840]  油價也好
[00:18:31.840 --> 00:18:33.440]  金價也好
[00:18:33.440 --> 00:18:35.680]  外面打仗也好
[00:18:35.680 --> 00:18:38.240]  以前有很多國內人來香港買東西
[00:18:38.240 --> 00:18:39.040]  我們就會說
[00:18:39.040 --> 00:18:40.240]  糟糕了
[00:18:40.240 --> 00:18:41.840]  東西都被人搶了
[00:18:41.840 --> 00:18:42.840]  是不是這樣?
[00:18:42.840 --> 00:18:43.640]  有沒有印象?
[00:18:43.640 --> 00:18:45.440]  沒多久而已
[00:18:45.440 --> 00:18:45.840]  好了
[00:18:45.840 --> 00:18:46.840]  現在國內人不來了
[00:18:46.840 --> 00:18:47.840]  那你怎麼辦呢?
[00:18:47.840 --> 00:18:48.840]  糟糕了
[00:18:48.840 --> 00:18:52.040]  沒有人來買我們的東西
[00:18:52.040 --> 00:18:54.240]  你有沒有發現我們什麼都害怕?
[00:18:54.240 --> 00:18:56.840]  其實現在的狀況真的挺可怕的
[00:18:56.840 --> 00:18:58.640]  外面在打仗
[00:18:58.640 --> 00:19:02.240]  很多國家在打仗
[00:19:02.240 --> 00:19:03.200]  民要攻打
[00:19:03.200 --> 00:19:04.080]  民國要攻打
[00:19:04.080 --> 00:19:04.680]  是不是?
[00:19:04.680 --> 00:19:07.440]  是很多打仗和打仗的風聲
[00:19:07.440 --> 00:19:09.640]  如果說砲彈已經很多了
[00:19:09.640 --> 00:19:11.640]  無人機是到處飛的
[00:19:11.640 --> 00:19:14.040]  不是我們那些
[00:19:14.040 --> 00:19:15.440]  無人機是到處飛
[00:19:15.440 --> 00:19:18.240]  其實也挺可怕的
[00:19:18.240 --> 00:19:20.040]  如果沒有炸彈那些呢
[00:19:20.040 --> 00:19:22.040]  貿易戰有沒有打過來?
[00:19:22.040 --> 00:19:23.040]  如果有做生意
[00:19:23.040 --> 00:19:23.840]  我沒有做生意
[00:19:23.840 --> 00:19:25.240]  我只是傳道而已
[00:19:25.240 --> 00:19:27.440]  但是做生意那些你會害怕
[00:19:27.440 --> 00:19:28.640]  貿易戰
[00:19:28.640 --> 00:19:30.040]  一加關稅
[00:19:30.040 --> 00:19:30.640]  是不是?
[00:19:30.640 --> 00:19:31.240]  哇
[00:19:31.240 --> 00:19:33.040]  就如臨大敵
[00:19:33.040 --> 00:19:35.640]  很可怕
[00:19:35.640 --> 00:19:38.040]  我以前住公屋的
[00:19:38.040 --> 00:19:40.240]  住公屋有些區議員
[00:19:40.240 --> 00:19:44.040]  偶爾有一些叫健康什麼計劃的
[00:19:44.040 --> 00:19:45.440]  就是做身體檢查
[00:19:45.440 --> 00:19:48.040]  就是看看身體怎麼樣
[00:19:48.040 --> 00:19:48.640]  原價
[00:19:48.640 --> 00:19:50.840]  就是我印象而已
[00:19:50.840 --> 00:19:52.240]  原價二千塊
[00:19:52.240 --> 00:19:54.240]  特價三百塊
[00:19:54.240 --> 00:19:55.040]  那些主婦
[00:19:55.040 --> 00:19:57.040]  就是我媽媽
[00:19:57.040 --> 00:19:58.640]  看到原價二千塊
[00:19:58.640 --> 00:19:59.440]  特價三百塊
[00:19:59.440 --> 00:20:00.640]  那又怎麼樣?
[00:20:00.640 --> 00:20:01.440]  試試吧
[00:20:01.440 --> 00:20:02.240]  做做吧
[00:20:02.240 --> 00:20:03.240]  無所謂
[00:20:03.240 --> 00:20:03.840]  都是做而已
[00:20:03.840 --> 00:20:05.840]  做做身體檢查吧
[00:20:05.840 --> 00:20:08.640]  有沒有試過做政府的身體檢查?
[00:20:08.640 --> 00:20:11.440]  通常報告什麼時候有?
[00:20:11.440 --> 00:20:12.040]  你放心吧
[00:20:12.040 --> 00:20:14.840]  很久都沒有
[00:20:14.840 --> 00:20:15.640]  沒理由說
[00:20:15.640 --> 00:20:19.040]  為什麼這麼久都沒有?
[00:20:19.040 --> 00:20:21.240]  如果你做完身體檢查
[00:20:21.240 --> 00:20:22.240]  過兩天
[00:20:22.240 --> 00:20:26.240]  收到護士電話
[00:20:26.240 --> 00:20:26.840]  護士說
[00:20:26.840 --> 00:20:30.640]  醫生說早點看報告比較好
[00:20:30.640 --> 00:20:32.840]  那你有什麼反應?
[00:20:32.840 --> 00:20:35.240]  哎呀 慘了
[00:20:35.240 --> 00:20:36.640]  早點看報告害怕
[00:20:36.640 --> 00:20:39.440]  還是沒有報告看害怕?
[00:20:39.440 --> 00:20:41.440]  越早就越害怕
[00:20:41.440 --> 00:20:42.240]  那你很害怕
[00:20:42.240 --> 00:20:43.840]  你跟護士說
[00:20:43.840 --> 00:20:44.840]  護士不如這樣吧
[00:20:44.840 --> 00:20:46.440]  你是好人
[00:20:46.440 --> 00:20:48.040]  你說一下有什麼事吧
[00:20:48.040 --> 00:20:49.440]  護士說沒什麼
[00:20:49.440 --> 00:20:52.840]  是有個陰影而已
[00:20:52.840 --> 00:20:55.440]  你那晚睡不睡得著覺?
[00:20:55.440 --> 00:20:57.040]  你那晚會很害怕
[00:20:57.040 --> 00:20:57.840]  其實我們也是
[00:20:57.840 --> 00:21:00.640]  我們的狀態是很多事情讓人害怕
[00:21:00.640 --> 00:21:02.840]  公司賺到錢又讓人害怕
[00:21:02.840 --> 00:21:05.040]  公司不賺錢又讓人害怕
[00:21:05.040 --> 00:21:06.240]  很多事情讓人害怕
[00:21:06.240 --> 00:21:07.440]  我們在生活裡面
[00:21:07.440 --> 00:21:08.840]  自己的身體
[00:21:08.840 --> 00:21:10.240]  自己的狀況
[00:21:10.240 --> 00:21:12.840]  你家人的狀況
[00:21:12.840 --> 00:21:14.640]  在我們社會的狀況
[00:21:14.640 --> 00:21:16.040]  有很多內部矛盾
[00:21:16.040 --> 00:21:17.440]  家庭的衝突
[00:21:17.440 --> 00:21:20.040]  其實我們會很懼怕
[00:21:20.040 --> 00:21:21.440]  但是神人就不同了
[00:21:21.440 --> 00:21:22.640]  這是僕人而已
[00:21:22.640 --> 00:21:24.240]  神人就說
[00:21:24.240 --> 00:21:25.840]  不要懼怕
[00:21:25.840 --> 00:21:27.640]  與我們同在的比喻
[00:21:27.640 --> 00:21:30.240]  他們同在的更多
[00:21:30.240 --> 00:21:33.640]  先看以利沙的心靈狀態
[00:21:33.640 --> 00:21:37.040]  神人以利沙的心靈狀態是怎樣的
[00:21:37.040 --> 00:21:39.240]  他害不害怕
[00:21:39.240 --> 00:21:41.440]  他真的不害怕
[00:21:41.440 --> 00:21:42.440]  他的僕人在騰
[00:21:42.440 --> 00:21:43.240]  害怕死了
[00:21:43.240 --> 00:21:44.440]  怎麼辦
[00:21:44.440 --> 00:21:47.040]  以利沙說不要懼怕
[00:21:47.040 --> 00:21:48.440]  與我們同在的比喻
[00:21:48.440 --> 00:21:50.840]  他們同在的更多
[00:21:50.840 --> 00:21:52.640]  這個其實是福音
[00:21:52.640 --> 00:21:54.840]  對於以利沙來說
[00:21:54.840 --> 00:21:56.840]  我自己有時候出去傳福音
[00:21:56.840 --> 00:22:00.440]  我傳了三十年福音
[00:22:00.440 --> 00:22:02.840]  以前傳福音就傳四律
[00:22:02.840 --> 00:22:03.440]  傳三福
[00:22:03.440 --> 00:22:04.040]  都對的
[00:22:04.040 --> 00:22:05.040]  是好東西
[00:22:05.040 --> 00:22:06.440]  現在我開始傳福音
[00:22:06.440 --> 00:22:08.040]  我是傳這個
[00:22:08.040 --> 00:22:10.840]  不要懼怕
[00:22:10.840 --> 00:22:14.040]  為什麼要說這句話
[00:22:14.040 --> 00:22:16.640]  如果你真的聆聽
[00:22:16.640 --> 00:22:18.440]  有時候用耳朵傳福音
[00:22:18.440 --> 00:22:21.240]  聆聽對方的心靈狀況
[00:22:21.240 --> 00:22:23.040]  其實香港的朋友
[00:22:23.040 --> 00:22:25.240]  個個都懼怕
[00:22:25.240 --> 00:22:27.240]  個個都有很多的憂慮
[00:22:27.240 --> 00:22:28.040]  憂愁
[00:22:28.040 --> 00:22:29.840]  很多痛苦
[00:22:29.840 --> 00:22:31.640]  我們聆聽
[00:22:31.640 --> 00:22:34.640]  然後我們有一種狀態
[00:22:34.640 --> 00:22:36.640]  不過如果你很害怕的時候
[00:22:36.640 --> 00:22:39.240]  你就要求主開你的眼睛
[00:22:39.240 --> 00:22:40.840]  見到神的同在
[00:22:40.840 --> 00:22:44.240]  然後我們帶著一份平安穩妥
[00:22:44.240 --> 00:22:45.240]  不要懼怕
[00:22:45.240 --> 00:22:47.840]  然後你去搭搭他肩膀
[00:22:47.840 --> 00:22:49.240]  同性別那些
[00:22:49.240 --> 00:22:51.840]  然後為他禱告
[00:22:51.840 --> 00:22:53.240]  其實這個就是福音
[00:22:53.240 --> 00:22:54.440]  這個就是傳福音
[00:22:54.440 --> 00:22:56.840]  將這份平安穩妥
[00:22:56.840 --> 00:22:58.240]  來跟別人分享
[00:22:58.240 --> 00:22:59.440]  這個神人就說
[00:22:59.440 --> 00:23:00.640]  不要懼怕
[00:23:00.640 --> 00:23:01.840]  他有理由的
[00:23:01.840 --> 00:23:02.840]  他不是只有一張嘴
[00:23:02.840 --> 00:23:03.240]  他說
[00:23:03.240 --> 00:23:05.440]  因為與我們同在的
[00:23:05.440 --> 00:23:08.640]  比與他們同在的更多
[00:23:08.640 --> 00:23:10.040]  關鍵是
[00:23:10.040 --> 00:23:11.840]  神的什麼
[00:23:11.840 --> 00:23:12.640]  同在
[00:23:12.640 --> 00:23:15.040]  這是很大的關鍵
[00:23:15.040 --> 00:23:17.840]  神真的與以利沙同在
[00:23:17.840 --> 00:23:19.840]  待會我們會說
[00:23:19.840 --> 00:23:21.040]  然後你的心就說
[00:23:21.040 --> 00:23:22.240]  羅牧師
[00:23:22.240 --> 00:23:24.240]  那個是以利沙
[00:23:24.240 --> 00:23:25.040]  是吧
[00:23:25.040 --> 00:23:27.240]  以利沙見到神同在
[00:23:27.240 --> 00:23:28.440]  很有神的同在
[00:23:28.440 --> 00:23:29.640]  那他當然是
[00:23:29.640 --> 00:23:31.440]  因為他是誰
[00:23:31.440 --> 00:23:33.040]  聖經有多少個以利沙
[00:23:33.040 --> 00:23:34.040]  羅牧師
[00:23:34.040 --> 00:23:35.640]  是吧
[00:23:35.640 --> 00:23:36.440]  沒錯
[00:23:36.440 --> 00:23:38.040]  聖經不是很多以利沙
[00:23:38.040 --> 00:23:40.040]  但是以利沙他經歷一件事
[00:23:40.040 --> 00:23:41.840]  就是神的什麼
[00:23:41.840 --> 00:23:42.840]  同在
[00:23:42.840 --> 00:23:43.840]  那我考考你
[00:23:43.840 --> 00:23:46.040]  耶穌叫什麼名字
[00:23:46.040 --> 00:23:48.440]  以馬來尼
[00:23:48.440 --> 00:23:50.040]  什麼意思
[00:23:50.040 --> 00:23:52.040]  神與人同在
[00:23:52.040 --> 00:23:54.040]  我們有沒有這個應許的
[00:23:54.040 --> 00:23:55.840]  在馬蒂福音這個28章
[00:23:55.840 --> 00:23:57.040]  這個大使命經文裡面
[00:23:57.040 --> 00:23:57.840]  耶穌他說
[00:23:57.840 --> 00:24:02.240]  我就尚與你們同在
[00:24:02.240 --> 00:24:03.440]  直到世界的末日
[00:24:03.440 --> 00:24:03.840]  喂
[00:24:03.840 --> 00:24:07.240]  不只是以利沙有神同在的應許
[00:24:07.240 --> 00:24:08.640]  我們有沒有
[00:24:08.640 --> 00:24:10.440]  我們有的
[00:24:10.440 --> 00:24:11.840]  關鍵在這裡
[00:24:11.840 --> 00:24:13.240]  關鍵是我們
[00:24:13.240 --> 00:24:15.440]  心會不會信得太遲
[00:24:15.440 --> 00:24:16.440]  關鍵是
[00:24:16.440 --> 00:24:17.640]  神這種同在
[00:24:17.640 --> 00:24:20.040]  這種臨在我們見不見得到
[00:24:20.040 --> 00:24:22.440]  以利沙很厲害的
[00:24:22.440 --> 00:24:23.240]  他說
[00:24:23.240 --> 00:24:24.640]  與我們同在的
[00:24:24.640 --> 00:24:26.840]  比與他們同在的更多
[00:24:26.840 --> 00:24:27.640]  第17節
[00:24:27.640 --> 00:24:28.840]  所以呢
[00:24:28.840 --> 00:24:30.840]  以利沙就馬上做一件事
[00:24:30.840 --> 00:24:34.240]  那件事就是禱告
[00:24:34.240 --> 00:24:35.640]  他知道他的僕人
[00:24:35.640 --> 00:24:37.640]  看不到上帝的同在
[00:24:37.640 --> 00:24:39.240]  所以他做一件事
[00:24:39.240 --> 00:24:40.640]  就是禱告
[00:24:40.640 --> 00:24:42.640]  以利沙禱告說
[00:24:42.640 --> 00:24:43.640]  耶穌說
[00:24:43.640 --> 00:24:45.640]  求你開他的眼目
[00:24:45.640 --> 00:24:49.040]  使他能看見
[00:24:49.040 --> 00:24:51.040]  以利沙做的事情不是很複雜
[00:24:51.040 --> 00:24:53.040]  他安慰他的僕人
[00:24:53.040 --> 00:24:54.440]  然後他為他的僕人
[00:24:54.440 --> 00:24:56.040]  做一個禱告
[00:24:56.040 --> 00:24:59.040]  讓他的僕人能夠看得見
[00:24:59.040 --> 00:24:59.640]  喂 弟兄姊妹
[00:24:59.640 --> 00:25:01.840]  原來禱告是重要的
[00:25:01.840 --> 00:25:04.840]  在這個充滿了不安
[00:25:04.840 --> 00:25:05.840]  戰亂
[00:25:05.840 --> 00:25:06.640]  患難
[00:25:06.640 --> 00:25:08.440]  困苦的世代裡面
[00:25:08.440 --> 00:25:13.440]  禱告是重要的
[00:25:13.440 --> 00:25:16.040]  教會有沒有祈禱會啊
[00:25:16.040 --> 00:25:18.040]  你有沒有參加祈禱會啊
[00:25:18.040 --> 00:25:19.040]  有
[00:25:19.040 --> 00:25:19.640]  合頭
[00:25:19.640 --> 00:25:20.840]  對了
[00:25:20.840 --> 00:25:22.840]  禱告是重要的
[00:25:22.840 --> 00:25:23.840]  在現代
[00:25:23.840 --> 00:25:24.840]  在我們這一代
[00:25:24.840 --> 00:25:27.840]  我相信有一個困難是什麼呢
[00:25:27.840 --> 00:25:29.840]  困難不是神不同在
[00:25:29.840 --> 00:25:30.840]  困難是什麼呢
[00:25:30.840 --> 00:25:32.840]  我講我小時候聽的
[00:25:32.840 --> 00:25:34.840]  我們差不多年紀
[00:25:34.840 --> 00:25:37.840]  我小時候聽老牧師講道
[00:25:37.840 --> 00:25:39.840]  經常都這樣講
[00:25:39.840 --> 00:25:41.840]  多禱告
[00:25:41.840 --> 00:25:42.840]  有聽過
[00:25:42.840 --> 00:25:43.840]  多有力量
[00:25:43.840 --> 00:25:45.840]  少禱告
[00:25:45.840 --> 00:25:46.840]  小力量
[00:25:46.840 --> 00:25:48.840]  沒禱告
[00:25:48.840 --> 00:25:49.840]  沒力量
[00:25:49.840 --> 00:25:50.840]  我小時候都這樣學的
[00:25:50.840 --> 00:25:52.840]  你是不是也有聽過老牧師這樣講
[00:25:52.840 --> 00:25:55.840]  小時候那些
[00:25:55.840 --> 00:25:56.840]  多禱告
[00:25:56.840 --> 00:25:57.840]  多有力量
[00:25:57.840 --> 00:25:58.840]  少禱告
[00:25:58.840 --> 00:25:59.840]  小力量
[00:25:59.840 --> 00:26:00.840]  沒禱告怎麼辦啊
[00:26:00.840 --> 00:26:02.840]  沒力量
[00:26:02.840 --> 00:26:03.840]  不是我說的
[00:26:03.840 --> 00:26:05.840]  我以前在北美讀書
[00:26:05.840 --> 00:26:07.840]  北美有一些研究
[00:26:07.840 --> 00:26:08.840]  研究什麼呢
[00:26:08.840 --> 00:26:11.840]  研究究竟信徒和傳道人
[00:26:11.840 --> 00:26:16.840]  每天祈禱期多少分鐘
[00:26:16.840 --> 00:26:17.840]  可怕的消息是
[00:26:17.840 --> 00:26:18.840]  一個傳道人
[00:26:18.840 --> 00:26:20.840]  在北美啊
[00:26:20.840 --> 00:26:21.840]  不講香港了
[00:26:21.840 --> 00:26:22.840]  因為我在北美讀書
[00:26:22.840 --> 00:26:24.840]  我看的那些研究是北美
[00:26:24.840 --> 00:26:29.840]  傳道人每天禱告大概15分鐘
[00:26:29.840 --> 00:26:31.840]  小禱告
[00:26:31.840 --> 00:26:32.840]  小力量
[00:26:32.840 --> 00:26:33.840]  那你就開始明白
[00:26:33.840 --> 00:26:36.840]  為什麼北美的教會就開始
[00:26:36.840 --> 00:26:37.840]  下沉
[00:26:37.840 --> 00:26:39.840]  因為當我們不禱告的時候
[00:26:39.840 --> 00:26:41.840]  我們根本就不明白
[00:26:41.840 --> 00:26:42.840]  不知道
[00:26:42.840 --> 00:26:43.840]  也都看不到
[00:26:43.840 --> 00:26:46.840]  也都沒力量
[00:26:46.840 --> 00:26:47.840]  神人以利沙
[00:26:47.840 --> 00:26:49.840]  他見到他的僕人
[00:26:49.840 --> 00:26:50.840]  懼怕的時候
[00:26:50.840 --> 00:26:52.840]  他就立時的
[00:26:52.840 --> 00:26:53.840]  做一件事
[00:26:53.840 --> 00:26:54.840]  就是禱告
[00:26:54.840 --> 00:26:56.840]  所以我們要學習的
[00:26:56.840 --> 00:26:57.840]  禱告
[00:26:57.840 --> 00:26:58.840]  祈什麼禱呢
[00:26:58.840 --> 00:27:00.840]  其實保羅也是
[00:27:00.840 --> 00:27:01.840]  你想想保羅
[00:27:01.840 --> 00:27:02.840]  保羅去到爾忽所
[00:27:02.840 --> 00:27:04.840]  建立完爾忽所教會
[00:27:04.840 --> 00:27:06.840]  在爾忽所募會
[00:27:06.840 --> 00:27:08.840]  然後派了他心愛的徒弟
[00:27:08.840 --> 00:27:10.840]  提摩太在爾忽所
[00:27:10.840 --> 00:27:12.840]  然後保羅寫信給爾忽所
[00:27:12.840 --> 00:27:14.840]  他說自從聽見你們
[00:27:14.840 --> 00:27:15.840]  我就常常不住
[00:27:15.840 --> 00:27:17.840]  為你們禱告
[00:27:17.840 --> 00:27:21.840]  求主開你們的眼睛
[00:27:21.840 --> 00:27:23.840]  使你們見到這個恩兆
[00:27:23.840 --> 00:27:24.840]  見到這個指望
[00:27:24.840 --> 00:27:26.840]  見到神的能力
[00:27:26.840 --> 00:27:28.840]  一樣的
[00:27:28.840 --> 00:27:30.840]  保羅作為一個宣教士
[00:27:30.840 --> 00:27:32.840]  一個充滿能力的宣教士
[00:27:32.840 --> 00:27:34.840]  保羅的能力的源頭
[00:27:34.840 --> 00:27:38.840]  其實是他常常不住的禱告
[00:27:38.840 --> 00:27:41.840]  以利沙見到他的僕人懼怕
[00:27:41.840 --> 00:27:43.840]  他就禱告耶和華說
[00:27:43.840 --> 00:27:47.840]  求你開他的眼睛
[00:27:47.840 --> 00:27:48.840]  開他的眼睛
[00:27:48.840 --> 00:27:49.840]  這個是稀有字
[00:27:49.840 --> 00:27:51.840]  聖經不多出現
[00:27:51.840 --> 00:27:53.840]  不多不是很少
[00:27:53.840 --> 00:27:54.840]  但不是很多
[00:27:54.840 --> 00:27:57.840]  每一次開眼睛
[00:27:57.840 --> 00:27:59.840]  都是一種屬靈生命裏面
[00:27:59.840 --> 00:28:02.840]  巨大的根深改變
[00:28:02.840 --> 00:28:05.840]  見不見到是很關鍵的
[00:28:05.840 --> 00:28:06.840]  在這裏
[00:28:06.840 --> 00:28:08.840]  以利沙的僕人就開了他的眼睛
[00:28:08.840 --> 00:28:10.840]  使他能看見
[00:28:10.840 --> 00:28:12.840]  耶和華就開了這少年人的眼睛
[00:28:12.840 --> 00:28:14.840]  他就看見
[00:28:14.840 --> 00:28:20.840]  滿山有馬和火焰車圍繞以利沙
[00:28:20.840 --> 00:28:26.840]  之前他見到車馬軍兵圍困城
[00:28:26.840 --> 00:28:32.840]  現在他見到耶和華的火馬火車圍繞著誰
[00:28:32.840 --> 00:28:34.840]  和軍兵圍繞誰
[00:28:34.840 --> 00:28:35.840]  以利沙
[00:28:35.840 --> 00:28:37.840]  他見到了
[00:28:37.840 --> 00:28:38.840]  見到神的同在
[00:28:38.840 --> 00:28:40.840]  見到神的榮耀
[00:28:40.840 --> 00:28:42.840]  之前軍兵也不少
[00:28:42.840 --> 00:28:44.840]  之前有戰車戰馬
[00:28:44.840 --> 00:28:46.840]  現在這個升級了
[00:28:46.840 --> 00:28:48.840]  火車火馬
[00:28:48.840 --> 00:28:49.840]  當然有神學家認為
[00:28:49.840 --> 00:28:53.840]  這個火焰是神同在的意思
[00:28:53.840 --> 00:28:56.840]  然後滿山都有火車火馬
[00:28:56.840 --> 00:28:57.840]  想一想
[00:28:57.840 --> 00:28:58.840]  這個是山谷小城
[00:28:58.840 --> 00:29:00.840]  旁邊也有山
[00:29:00.840 --> 00:29:02.840]  滿山有火車火馬
[00:29:02.840 --> 00:29:03.840]  當然有兩個意思
[00:29:03.840 --> 00:29:05.840]  第一個意思在自己這座山
[00:29:05.840 --> 00:29:07.840]  充滿著火車火馬
[00:29:07.840 --> 00:29:09.840]  另一個意思是什麼
[00:29:09.840 --> 00:29:11.840]  蘇武斯最喜歡說
[00:29:11.840 --> 00:29:14.840]  全部都是火車火馬
[00:29:14.840 --> 00:29:17.840]  無論只是這座山有火車火馬
[00:29:17.840 --> 00:29:19.840]  還是全部都有火車火馬
[00:29:19.840 --> 00:29:21.840]  經文的意思就是說
[00:29:21.840 --> 00:29:24.840]  非常非常多神的同在
[00:29:24.840 --> 00:29:25.840]  有火焰車
[00:29:25.840 --> 00:29:28.840]  有火馬
[00:29:28.840 --> 00:29:31.840]  阿蘭的軍兵圍繞哪裡
[00:29:31.840 --> 00:29:32.840]  多丹
[00:29:32.840 --> 00:29:35.840]  阿蘭的軍兵圍繞那個城
[00:29:35.840 --> 00:29:38.840]  耶和華的火車火馬圍繞誰
[00:29:38.840 --> 00:29:40.840]  以利沙
[00:29:40.840 --> 00:29:42.840]  原來神是關心神
[00:29:42.840 --> 00:29:45.840]  關心多丹還是關心以利沙
[00:29:45.840 --> 00:29:47.840]  神關心的是以利沙
[00:29:47.840 --> 00:29:49.840]  神的眼目是
[00:29:49.840 --> 00:29:50.840]  神的僕人
[00:29:50.840 --> 00:29:52.840]  神與誰同在
[00:29:52.840 --> 00:29:53.840]  不是與多丹同在
[00:29:53.840 --> 00:29:54.840]  神與誰同在
[00:29:54.840 --> 00:29:56.840]  以利沙同在
[00:29:56.840 --> 00:29:58.840]  神的保守是以利沙
[00:29:58.840 --> 00:29:59.840]  很不同
[00:29:59.840 --> 00:30:03.840]  當我讀到神的軍火車火馬圍繞以利沙的時候
[00:30:03.840 --> 00:30:07.840]  我心裡面非常大的安慰和溫暖
[00:30:07.840 --> 00:30:08.840]  做牧師
[00:30:08.840 --> 00:30:09.840]  其實做你也是
[00:30:09.840 --> 00:30:10.840]  做我也是
[00:30:10.840 --> 00:30:11.840]  我們香港每個人都是
[00:30:11.840 --> 00:30:13.840]  其實我們都有很多的困憂
[00:30:13.840 --> 00:30:15.840]  我自己家庭有家庭的困憂
[00:30:15.840 --> 00:30:17.840]  我要照顧父母
[00:30:17.840 --> 00:30:21.840]  早前我家又爆屎渠
[00:30:21.840 --> 00:30:23.840]  很好玩的爆屎渠
[00:30:23.840 --> 00:30:24.840]  我們叫做落也融融
[00:30:24.840 --> 00:30:28.840]  手上碰到的全部都融的
[00:30:28.840 --> 00:30:31.840]  最壞是我去年過年年廿九
[00:30:31.840 --> 00:30:33.840]  去年沒有年三十
[00:30:33.840 --> 00:30:35.840]  去年年廿九就爆屎渠
[00:30:35.840 --> 00:30:36.840]  今年又爆過
[00:30:36.840 --> 00:30:38.840]  然後我們全家在年廿九
[00:30:38.840 --> 00:30:39.840]  即是年三十
[00:30:39.840 --> 00:30:46.840]  全家總動員就落也融融
[00:30:46.840 --> 00:30:48.840]  完了之後
[00:30:48.840 --> 00:30:51.840]  落也融融那一刻是不是急難
[00:30:51.840 --> 00:30:54.840]  即是不屎
[00:30:54.840 --> 00:30:57.840]  全家總動員去不
[00:30:57.840 --> 00:30:59.840]  那天年三十晚
[00:30:59.840 --> 00:31:01.840]  是不是很困
[00:31:01.840 --> 00:31:03.840]  很大的困憂
[00:31:03.840 --> 00:31:06.840]  但完了之後我發現神有沒有同在
[00:31:06.840 --> 00:31:09.840]  有原來都有很多人幫我的
[00:31:09.840 --> 00:31:11.840]  還有完了之後我發現
[00:31:11.840 --> 00:31:12.840]  真的落也融融
[00:31:12.840 --> 00:31:14.840]  我的子女見到爸爸是怎樣
[00:31:14.840 --> 00:31:17.840]  威猛那邊
[00:31:17.840 --> 00:31:19.840]  爸爸那麼勇
[00:31:19.840 --> 00:31:21.840]  爸爸這樣屈的
[00:31:21.840 --> 00:31:23.840]  然後我說最骯髒的那個等爸爸來
[00:31:23.840 --> 00:31:24.840]  你幫我傳
[00:31:24.840 --> 00:31:26.840]  即是他是將那些東西
[00:31:26.840 --> 00:31:27.840]  這樣遞的
[00:31:27.840 --> 00:31:29.840]  我在那裡
[00:31:29.840 --> 00:31:31.840]  落手的那個
[00:31:31.840 --> 00:31:33.840]  我的子女對爸爸的尊重
[00:31:33.840 --> 00:31:35.840]  會不會高了很多
[00:31:35.840 --> 00:31:37.840]  我家住村屋
[00:31:37.840 --> 00:31:39.840]  即是新界的村屋
[00:31:39.840 --> 00:31:41.840]  村屋多數是松鼠藝
[00:31:41.840 --> 00:31:45.840]  有一樣東西我很喜歡見到
[00:31:45.840 --> 00:31:47.840]  叫飛吉仔
[00:31:47.840 --> 00:31:49.840]  你驚不驚飛吉仔
[00:31:49.840 --> 00:31:51.840]  飛吉仔一出的時候
[00:31:51.840 --> 00:31:53.840]  我家就成家人在叫
[00:31:53.840 --> 00:31:56.840]  然後我會怎樣
[00:31:56.840 --> 00:31:59.840]  不要懼怕
[00:31:59.840 --> 00:32:01.840]  轉頭打下去
[00:32:01.840 --> 00:32:03.840]  然後成家人就會
[00:32:03.840 --> 00:32:05.840]  拍手掌
[00:32:05.840 --> 00:32:07.840]  我想說什麼呢
[00:32:07.840 --> 00:32:09.840]  有時候在人眼中是急難
[00:32:09.840 --> 00:32:11.840]  但當我們知道
[00:32:11.840 --> 00:32:13.840]  我們擁有的東西的時候
[00:32:13.840 --> 00:32:15.840]  這些未必是急難
[00:32:15.840 --> 00:32:17.840]  這些我們可以經歷到神的保守
[00:32:17.840 --> 00:32:19.840]  神的同在
[00:32:19.840 --> 00:32:21.840]  開他的眼目
[00:32:21.840 --> 00:32:23.840]  以利沙的僕人他見到了
[00:32:23.840 --> 00:32:25.840]  見到神那種奇妙
[00:32:25.840 --> 00:32:27.840]  神那種大能
[00:32:27.840 --> 00:32:29.840]  神那種見到
[00:32:29.840 --> 00:32:31.840]  這個叫大馬士革
[00:32:31.840 --> 00:32:33.840]  和薩瑪利亞這條高速公路
[00:32:33.840 --> 00:32:35.840]  如果我們用
[00:32:35.840 --> 00:32:37.840]  七十事譯本會發現很過癮
[00:32:37.840 --> 00:32:39.840]  在這個大馬士革
[00:32:39.840 --> 00:32:41.840]  和耶路撒冷
[00:32:41.840 --> 00:32:43.840]  或者是薩瑪利亞高速公路
[00:32:43.840 --> 00:32:45.840]  裡面有沒有哪一個人
[00:32:45.840 --> 00:32:47.840]  是看不見後來又看得見的
[00:32:47.840 --> 00:32:49.840]  新弱
[00:32:49.840 --> 00:32:51.840]  保羅
[00:32:51.840 --> 00:32:53.840]  這個叫大馬
[00:32:53.840 --> 00:32:55.840]  色路上
[00:32:55.840 --> 00:32:57.840]  他昏眼目昏暗
[00:32:57.840 --> 00:32:59.840]  有大光照耀
[00:32:59.840 --> 00:33:01.840]  原來他看不到
[00:33:01.840 --> 00:33:03.840]  大光照耀
[00:33:03.840 --> 00:33:05.840]  然後保羅看不到
[00:33:05.840 --> 00:33:07.840]  後來保羅看得見
[00:33:07.840 --> 00:33:09.840]  保羅的生命
[00:33:09.840 --> 00:33:11.840]  從此不再一樣
[00:33:11.840 --> 00:33:13.840]  經歷一個屬靈
[00:33:13.840 --> 00:33:15.840]  生命的大革新
[00:33:15.840 --> 00:33:17.840]  同一個路來的
[00:33:17.840 --> 00:33:19.840]  同一個路來的
[00:33:19.840 --> 00:33:21.840]  同一個看不見變成看得見
[00:33:21.840 --> 00:33:23.840]  有另一條路叫
[00:33:23.840 --> 00:33:25.840]  耶路撒冷
[00:33:25.840 --> 00:33:27.840]  正當那一天
[00:33:27.840 --> 00:33:29.840]  哪一天?耶穌復活那一天
[00:33:29.840 --> 00:33:31.840]  有兩個門徒
[00:33:31.840 --> 00:33:33.840]  在耶路撒冷出去
[00:33:33.840 --> 00:33:35.840]  二馬五師
[00:33:35.840 --> 00:33:37.840]  耶穌和他們一起聊天的時候
[00:33:37.840 --> 00:33:39.840]  他們看不看得見
[00:33:39.840 --> 00:33:41.840]  然後臨到二馬五師
[00:33:41.840 --> 00:33:43.840]  吃魚的時候
[00:33:43.840 --> 00:33:45.840]  耶穌抹餅遞給他們
[00:33:45.840 --> 00:33:47.840]  他們看不看得見
[00:33:47.840 --> 00:33:49.840]  經文說耶穌講解聖經
[00:33:49.840 --> 00:33:51.840]  然後耶穌開他們的心竅
[00:33:51.840 --> 00:33:53.840]  心竅在原文
[00:33:53.840 --> 00:33:55.840]  七十字譯本和這個一模一樣
[00:33:55.840 --> 00:33:59.840]  耶穌開他們的眼目
[00:33:59.840 --> 00:34:01.840]  他們就看得見
[00:34:01.840 --> 00:34:03.840]  認得到主耶穌
[00:34:03.840 --> 00:34:05.840]  那兩個門徒不是小的
[00:34:05.840 --> 00:34:07.840]  那兩個門徒
[00:34:07.840 --> 00:34:09.840]  是在主日正當那一天
[00:34:09.840 --> 00:34:11.840]  已經知道耶穌復活
[00:34:11.840 --> 00:34:13.840]  當代沒有whatsapp的
[00:34:13.840 --> 00:34:15.840]  就是說他們是核心門徒
[00:34:15.840 --> 00:34:17.840]  他們是聽見那些婦女
[00:34:17.840 --> 00:34:19.840]  說耶穌的身體不見了
[00:34:19.840 --> 00:34:21.840]  不過他們以為
[00:34:21.840 --> 00:34:23.840]  這是急難
[00:34:23.840 --> 00:34:25.840]  耶穌已經被人殺了
[00:34:25.840 --> 00:34:27.840]  死了三天
[00:34:27.840 --> 00:34:29.840]  現在連屍體都沒有了
[00:34:29.840 --> 00:34:31.840]  他們看不見神
[00:34:31.840 --> 00:34:33.840]  看不見神的榮耀
[00:34:33.840 --> 00:34:35.840]  看不見神的同在
[00:34:35.840 --> 00:34:37.840]  看的一切都是困難
[00:34:37.840 --> 00:34:39.840]  看的一切都是困憂
[00:34:39.840 --> 00:34:41.840]  今天給我們有什麼學習
[00:34:41.840 --> 00:34:43.840]  其實我們常常都在不同的困憂
[00:34:43.840 --> 00:34:45.840]  不同的艱苦裡面
[00:34:45.840 --> 00:34:47.840]  我們需要學的就是
[00:34:47.840 --> 00:34:49.840]  在神的面前謙卑
[00:34:49.840 --> 00:34:51.840]  禱告
[00:34:51.840 --> 00:34:53.840]  先知以塞雅 先知以利沙
[00:34:53.840 --> 00:34:55.840]  保羅和兩位門徒
[00:34:55.840 --> 00:34:57.840]  都是在禱告
[00:34:57.840 --> 00:34:59.840]  和在神的話語 耶穌講解神的話語
[00:34:59.840 --> 00:35:01.840]  那兩位二馬五師的門徒
[00:35:01.840 --> 00:35:03.840]  就看得見
[00:35:03.840 --> 00:35:05.840]  求主幫助我們
[00:35:05.840 --> 00:35:07.840]  我們不單止自己要看得見
[00:35:07.840 --> 00:35:09.840]  我們走出去的時候
[00:35:09.840 --> 00:35:11.840]  我們會看到身邊很多很多人
[00:35:11.840 --> 00:35:13.840]  在困憂的裡面
[00:35:13.840 --> 00:35:15.840]  我們可以怎樣呢
[00:35:15.840 --> 00:35:17.840]  為他們去禱告
[00:35:17.840 --> 00:35:19.840]  求主開他們的眼目
[00:35:19.840 --> 00:35:21.840]  使他們能看得見
[00:35:21.840 --> 00:35:23.840]  在這個時候不如我們有一個禱告
[00:35:23.840 --> 00:35:25.840]  然後看看後面能不能播到短片
[00:35:25.840 --> 00:35:27.840]  為同心禱告
[00:35:27.840 --> 00:35:29.840]  天父上帝我們在神的主日裡面
[00:35:29.840 --> 00:35:31.840]  我們就去祈禱
[00:35:31.840 --> 00:35:33.840]  神啊祢讓我們看得見
[00:35:33.840 --> 00:35:35.840]  神祢的臨在
[00:35:35.840 --> 00:35:37.840]  在我們眾人的生命當中
[00:35:37.840 --> 00:35:39.840]  讓我們看到
[00:35:39.840 --> 00:35:41.840]  很多的困憂 很多的困迫
[00:35:41.840 --> 00:35:43.840]  我們不懼怕
[00:35:43.840 --> 00:35:45.840]  神祢就是
[00:35:45.840 --> 00:35:47.840]  保守
[00:35:47.840 --> 00:35:49.840]  關顧你的僕人士類
[00:35:49.840 --> 00:35:51.840]  主多謝祢 祢應許我們
[00:35:51.840 --> 00:35:53.840]  讓我們有同在的應許
[00:35:53.840 --> 00:35:55.840]  我們能夠將一切的憂慮
[00:35:55.840 --> 00:35:57.840]  借給祢 因為祢顧念我們
[00:35:57.840 --> 00:35:59.840]  我們能夠隨時去到書恩座前
[00:35:59.840 --> 00:36:01.840]  去求連率蒙恩衛作
[00:36:01.840 --> 00:36:03.840]  隨時的幫助
[00:36:03.840 --> 00:36:05.840]  主啊今天就求祢興起我們
[00:36:05.840 --> 00:36:07.840]  讓我們恩福堂 祖堂的弟兄姊妹
[00:36:07.840 --> 00:36:09.840]  我們常常看得見
[00:36:09.840 --> 00:36:11.840]  我們更加的成為
[00:36:11.840 --> 00:36:13.840]  一個福音的使者 多謝主
[00:36:13.840 --> 00:36:15.840]  獻上我們同心禱告
[00:36:15.840 --> 00:36:17.840]  奉教耶穌基督的名
