
[00:00:00.000 --> 00:00:07.400]  自從我去了職稱「老職團契服侍」的時候
[00:00:07.400 --> 00:00:11.000]  我出席多了喪禮
[00:00:11.000 --> 00:00:13.500]  出席了多了喪禮
[00:00:13.500 --> 00:00:16.000]  我不介意出席喪禮
[00:00:16.000 --> 00:00:18.000]  我覺得也是值得出席的
[00:00:18.000 --> 00:00:22.000]  因為我覺得可以跟哀哭的人哀哭
[00:00:22.000 --> 00:00:27.000]  但更加我覺得因為喪禮可以幫我去面對死亡
[00:00:27.000 --> 00:00:32.000]  因為面對死亡其實就是面對生命
[00:00:32.000 --> 00:00:35.000]  所以我覺得去喪禮是有益的
[00:00:35.000 --> 00:00:37.000]  基督徒可能好一點
[00:00:37.000 --> 00:00:41.000]  不過其實基督徒都未必可以很願意
[00:00:41.000 --> 00:00:44.000]  或者很敢去面對死亡
[00:00:44.000 --> 00:00:47.000]  就算基督徒有永生盼望
[00:00:47.000 --> 00:00:51.000]  我們面對生離死別其實都是會有傷感
[00:00:51.000 --> 00:00:57.000]  不會就算是基督徒都不會開派對慶祝死亡
[00:00:57.000 --> 00:01:02.000]  我們面對死亡怎樣都是有恐懼有傷感
[00:01:02.000 --> 00:01:09.000]  但偏偏100%的人100%都是要死的
[00:01:09.000 --> 00:01:12.000]  就算有某個國家的元首說
[00:01:12.000 --> 00:01:15.000]  可能可以製造到不知道什麼器官
[00:01:15.000 --> 00:01:17.000]  可以活到一百不知多少歲
[00:01:17.000 --> 00:01:20.000]  每個人都是要面對死亡
[00:01:20.000 --> 00:01:25.000]  而聖經說其實面對死亡是一件有益的事
[00:01:25.000 --> 00:01:29.000]  面對死亡是一件有益的事
[00:01:29.000 --> 00:01:33.000]  去喪禮是一件有益的事
[00:01:33.000 --> 00:01:37.000]  我有兩個喪禮對我有特別的提醒
[00:01:37.000 --> 00:01:41.000]  第一個就是一個老人家的安息禮
[00:01:41.000 --> 00:01:45.000]  這位老人家其實一直都不是基督徒
[00:01:45.000 --> 00:01:50.000]  他家人一直都很忠心地向他不斷分享福音
[00:01:50.000 --> 00:01:52.000]  邀請他信耶穌
[00:01:52.000 --> 00:01:56.000]  但他一直都沒有表示清楚其實他信還是不信
[00:01:56.000 --> 00:01:59.000]  後來老人家就病了進了醫院
[00:01:59.000 --> 00:02:02.000]  有同工有傳道人就去醫院探望他
[00:02:02.000 --> 00:02:04.000]  再次邀請他信耶穌
[00:02:04.000 --> 00:02:08.000]  他都沒有直接推或者信
[00:02:08.000 --> 00:02:10.000]  總之就是不知道是不是中國人
[00:02:10.000 --> 00:02:13.000]  總之就是不推你但也沒有說信
[00:02:13.000 --> 00:02:16.000]  到了後來的彌留狀態
[00:02:16.000 --> 00:02:20.000]  另外有一個牧師就去再探望他
[00:02:20.000 --> 00:02:22.000]  再邀請他信耶穌
[00:02:22.000 --> 00:02:26.000]  但其實當時他已經在彌留的狀態
[00:02:26.000 --> 00:02:28.000]  其實都已經完全說不了話
[00:02:28.000 --> 00:02:33.000]  其實都不會給到任何很清晰的反應
[00:02:33.000 --> 00:02:35.000]  最後他去世了
[00:02:35.000 --> 00:02:41.000]  因為同工其實就不太清楚究竟他信了耶穌沒有
[00:02:41.000 --> 00:02:44.000]  就說不如就搞追思禮
[00:02:44.000 --> 00:02:47.000]  就不是搞安息禮
[00:02:47.000 --> 00:02:50.000]  其實要家人去接受或者去想
[00:02:50.000 --> 00:02:53.000]  自己的家人未信主而去世
[00:02:53.000 --> 00:02:55.000]  其實是一件很難的事
[00:02:55.000 --> 00:02:57.000]  很難受的事
[00:02:57.000 --> 00:03:03.000]  不過當日的喪禮就用了安息禮去進行
[00:03:03.000 --> 00:03:06.000]  我出席的時候都打了個凸
[00:03:06.000 --> 00:03:11.000]  後來當日的牧者在分享信息裡面
[00:03:11.000 --> 00:03:16.000]  他就分享當日他怎樣去再次邀請老人家信耶穌的時候
[00:03:16.000 --> 00:03:19.000]  他就見到監察儀
[00:03:19.000 --> 00:03:22.000]  見到他的心臟有不同反應
[00:03:22.000 --> 00:03:24.000]  快了
[00:03:24.000 --> 00:03:26.000]  有反應
[00:03:26.000 --> 00:03:28.000]  他就用了這個
[00:03:28.000 --> 00:03:33.000]  見到的跡象就說老人家是信了主
[00:03:33.000 --> 00:03:35.000]  是接受了
[00:03:35.000 --> 00:03:41.000]  我在台下其實就聽得不是味道
[00:03:41.000 --> 00:03:44.000]  我當然很想老人家是信主
[00:03:44.000 --> 00:03:46.000]  我都無從去確實
[00:03:46.000 --> 00:03:49.000]  我唯有將答案交回給上帝
[00:03:49.000 --> 00:03:53.000]  我覺得唏噓的就是一個人死了之後
[00:03:53.000 --> 00:03:58.000]  要再生的人再世的人幫他去想
[00:03:58.000 --> 00:04:00.000]  到底他是不是信的
[00:04:00.000 --> 00:04:03.000]  到底是搞安息禮還是追思禮好
[00:04:03.000 --> 00:04:08.000]  要用一些跡象去猜他應該是信的
[00:04:08.000 --> 00:04:11.000]  我覺得這一點就令我覺得很唏噓
[00:04:11.000 --> 00:04:13.000]  所以當下我就決志
[00:04:13.000 --> 00:04:14.000]  我就立了個字
[00:04:14.000 --> 00:04:16.000]  我一定要信耶穌
[00:04:16.000 --> 00:04:17.000]  信得很清晰
[00:04:17.000 --> 00:04:19.000]  我不要大家要猜
[00:04:19.000 --> 00:04:22.000]  究竟是幫我搞安息禮還是追思禮
[00:04:22.000 --> 00:04:26.000]  我不可以信到別人要猜
[00:04:26.000 --> 00:04:30.000]  第二個喪禮我去的
[00:04:30.000 --> 00:04:32.000]  給我很大的反思
[00:04:32.000 --> 00:04:37.000]  就是一個朋友的親戚的安息禮
[00:04:37.000 --> 00:04:39.000]  我不認識死者
[00:04:39.000 --> 00:04:41.000]  純粹是陪朋友
[00:04:41.000 --> 00:04:42.000]  去完之後
[00:04:42.000 --> 00:04:44.000]  我的朋友就跟我說
[00:04:44.000 --> 00:04:48.000]  整個安息禮其實令他很不安
[00:04:48.000 --> 00:04:50.000]  令他很不舒服
[00:04:50.000 --> 00:04:52.000]  因為安息禮上
[00:04:52.000 --> 00:04:55.000]  無論是台上講術史
[00:04:55.000 --> 00:04:59.000]  或者是傳道人講關於死者的一生評
[00:04:59.000 --> 00:05:01.000]  講他怎樣好
[00:05:01.000 --> 00:05:05.000]  我這個朋友都完全不能夠認同
[00:05:05.000 --> 00:05:08.000]  他覺得他在台上聽的那個人
[00:05:08.000 --> 00:05:10.000]  不是他認識的那個人
[00:05:10.000 --> 00:05:12.000]  而就是因為這件事
[00:05:12.000 --> 00:05:14.000]  這件事令他更加覺得
[00:05:14.000 --> 00:05:18.000]  這個就是他一直相信認識的親戚
[00:05:18.000 --> 00:05:21.000]  就是雙面人
[00:05:21.000 --> 00:05:25.000]  當然我不知道他究竟發生什麼事
[00:05:25.000 --> 00:05:27.000]  發生過什麼事
[00:05:27.000 --> 00:05:31.000]  或者我都相信不同人就會有不同的觀點與角度
[00:05:31.000 --> 00:05:32.000]  或者經歷
[00:05:32.000 --> 00:05:34.000]  我不置如瓶
[00:05:34.000 --> 00:05:36.000]  不過我聽到
[00:05:36.000 --> 00:05:38.000]  我又心裏面立了一個字
[00:05:38.000 --> 00:05:43.000]  就是我一定要活一個一致和真誠的生命
[00:05:43.000 --> 00:05:45.000]  以致在我安息禮裏面
[00:05:45.000 --> 00:05:48.000]  我是不需要有人分享我生命的時候
[00:05:48.000 --> 00:05:51.000]  台下的你們會聽得很隱移
[00:05:51.000 --> 00:05:53.000]  這個是我的立字
[00:05:53.000 --> 00:05:54.000]  當時
[00:05:54.000 --> 00:05:57.000]  不過我想說其實有機會的
[00:05:57.000 --> 00:05:58.000]  我未必會搞安息禮
[00:05:58.000 --> 00:05:59.000]  Anyway
[00:05:59.000 --> 00:06:00.000]  這個是我的遺言
[00:06:00.000 --> 00:06:01.000]  好了
[00:06:01.000 --> 00:06:02.000]  聽了這麼久
[00:06:02.000 --> 00:06:03.000]  你會覺得
[00:06:03.000 --> 00:06:05.000]  為什麼我講這些
[00:06:05.000 --> 00:06:08.000]  為什麼和你們一班標稱的弟兄姊妹
[00:06:08.000 --> 00:06:12.000]  去講關於死亡和喪禮
[00:06:12.000 --> 00:06:14.000]  你們這樣的年紀
[00:06:14.000 --> 00:06:17.000]  應該是在想婚禮多過喪禮
[00:06:17.000 --> 00:06:19.000]  還有坐在這裏的
[00:06:19.000 --> 00:06:21.000]  應該是在計劃生命
[00:06:21.000 --> 00:06:23.000]  而不是死亡
[00:06:23.000 --> 00:06:25.000]  講事業的
[00:06:25.000 --> 00:06:28.000]  可能你就是在想怎樣去發展你的事業
[00:06:28.000 --> 00:06:29.000]  怎樣升職
[00:06:29.000 --> 00:06:30.000]  轉一份好工作
[00:06:30.000 --> 00:06:33.000]  讀什麼書去增長
[00:06:33.000 --> 00:06:37.000]  去到進修增值
[00:06:37.000 --> 00:06:39.000]  講關係的
[00:06:39.000 --> 00:06:43.000]  我猜大家都可能積極地去找對象
[00:06:43.000 --> 00:06:44.000]  上網也好
[00:06:44.000 --> 00:06:45.000]  去另一間教會也好
[00:06:45.000 --> 00:06:46.000]  不要去另一間教會
[00:06:46.000 --> 00:06:48.000]  都是積極地找對象
[00:06:48.000 --> 00:06:50.000]  但是找到的
[00:06:50.000 --> 00:06:52.000]  應該是在想結婚
[00:06:52.000 --> 00:06:54.000]  可能就在想生子
[00:06:54.000 --> 00:06:55.000]  不想生子的
[00:06:55.000 --> 00:06:57.000]  都在想怎樣做貓奴狗奴
[00:06:57.000 --> 00:06:59.000]  講體魄
[00:06:59.000 --> 00:07:00.000]  沒有什麼特別情況的
[00:07:00.000 --> 00:07:02.000]  你們應該都是走得走得
[00:07:02.000 --> 00:07:05.000]  因為我現在的團契
[00:07:05.000 --> 00:07:07.000]  或者我去的崇拜
[00:07:07.000 --> 00:07:09.000]  真的不是走得走得
[00:07:09.000 --> 00:07:10.000]  不單走得走得
[00:07:10.000 --> 00:07:12.000]  應該還可以跑馬拉松
[00:07:12.000 --> 00:07:13.000]  做跑拉提
[00:07:13.000 --> 00:07:15.000]  玩皮卡波
[00:07:15.000 --> 00:07:18.000]  所以我猜對於你們來說
[00:07:18.000 --> 00:07:22.000]  身體衰弱
[00:07:22.000 --> 00:07:24.000]  或者是死亡喪禮
[00:07:24.000 --> 00:07:25.000]  對你們來說
[00:07:25.000 --> 00:07:27.000]  應該都是一件很遙遠的事
[00:07:27.000 --> 00:07:29.000]  正如詩人都說
[00:07:29.000 --> 00:07:30.000]  古時的人
[00:07:30.000 --> 00:07:31.000]  活到七十歲
[00:07:31.000 --> 00:07:33.000]  八十歲是正常的
[00:07:33.000 --> 00:07:34.000]  現代人
[00:07:34.000 --> 00:07:35.000]  活到九十歲
[00:07:35.000 --> 00:07:37.000]  其實都是很普遍
[00:07:37.000 --> 00:07:39.000]  不過問題就是
[00:07:39.000 --> 00:07:41.000]  生命又真的不是我們掌管的
[00:07:41.000 --> 00:07:42.000]  正如耶穌
[00:07:42.000 --> 00:07:44.000]  去跟無知的財主說
[00:07:44.000 --> 00:07:45.000]  今天要拿你的命
[00:07:45.000 --> 00:07:46.000]  你可以怎樣呢
[00:07:46.000 --> 00:07:48.000]  你積攢的財寶
[00:07:48.000 --> 00:07:50.000]  其實你沒有用
[00:07:50.000 --> 00:07:51.000]  例如傳道書
[00:07:51.000 --> 00:07:52.000]  又這樣說
[00:07:52.000 --> 00:07:54.000]  人不知道自己何時死
[00:07:54.000 --> 00:07:55.000]  等下你落街
[00:07:55.000 --> 00:07:57.000]  如果突然間被車撞傷
[00:07:57.000 --> 00:07:58.000]  你不知道的
[00:07:58.000 --> 00:08:00.000]  當人不知道何時死
[00:08:00.000 --> 00:08:01.000]  就好像怎樣
[00:08:01.000 --> 00:08:03.000]  魚被惡網圍住
[00:08:03.000 --> 00:08:04.000]  圈住
[00:08:04.000 --> 00:08:08.000]  鳥就好像鳥被網羅捉住
[00:08:08.000 --> 00:08:10.000]  險惡的時機突然
[00:08:10.000 --> 00:08:12.000]  臨到世人身上的時候
[00:08:12.000 --> 00:08:15.000]  世人也照樣陷在其中
[00:08:15.000 --> 00:08:17.000]  所以我們不知道何時死
[00:08:17.000 --> 00:08:19.000]  其實是最慘的
[00:08:19.000 --> 00:08:21.000]  不過就算生命
[00:08:21.000 --> 00:08:22.000]  不在我們掌管裡
[00:08:22.000 --> 00:08:24.000]  但我們也真的會
[00:08:24.000 --> 00:08:27.000]  也真的需要去計劃生命
[00:08:27.000 --> 00:08:28.000]  去計劃將來
[00:08:28.000 --> 00:08:29.000]  很正常
[00:08:29.000 --> 00:08:31.000]  人之常情
[00:08:31.000 --> 00:08:33.000]  也是一個有責任的做法
[00:08:33.000 --> 00:08:34.000]  你說活到今天
[00:08:34.000 --> 00:08:36.000]  好像最後一天一樣
[00:08:36.000 --> 00:08:38.000]  我就活不到這樣
[00:08:38.000 --> 00:08:40.000]  我覺得用這個說話去說活
[00:08:40.000 --> 00:08:43.000]  其實也是一個很cliché的說法
[00:08:43.000 --> 00:08:46.000]  不過明天怎樣
[00:08:46.000 --> 00:08:48.000]  我們還是不知道
[00:08:48.000 --> 00:08:50.000]  又真的是事實
[00:08:50.000 --> 00:08:52.000]  所以我猜問題應該是問
[00:08:52.000 --> 00:08:56.000]  如果今天真的是我們最後一天
[00:08:56.000 --> 00:09:02.000]  你滿不滿意你現在的生命呢?
[00:09:02.000 --> 00:09:05.000]  如果下一刻落到大南西街
[00:09:05.000 --> 00:09:06.000]  你被車撞到
[00:09:06.000 --> 00:09:08.000]  死了
[00:09:08.000 --> 00:09:12.000]  你準備好了沒有?
[00:09:12.000 --> 00:09:15.000]  如果你下一刻你要死
[00:09:15.000 --> 00:09:16.000]  我們會不會知道
[00:09:16.000 --> 00:09:21.000]  跟你搞安息禮還是追思禮呢?
[00:09:21.000 --> 00:09:24.000]  喪禮裡面台上的人
[00:09:24.000 --> 00:09:27.000]  說的你和台下聽到的人
[00:09:27.000 --> 00:09:30.000]  是不是同一個人呢?
[00:09:30.000 --> 00:09:32.000]  如果我們想身邊的人
[00:09:32.000 --> 00:09:34.000]  很清楚知道是為我們搞安息禮的
[00:09:34.000 --> 00:09:38.000]  又很想台上台下所說所聽的人
[00:09:38.000 --> 00:09:39.000]  都是同一個人
[00:09:39.000 --> 00:09:41.000]  今天我們就要預備我們的生命
[00:09:41.000 --> 00:09:43.000]  因為預備喪禮
[00:09:43.000 --> 00:09:46.000]  其實就是預備我們的生命
[00:09:46.000 --> 00:09:48.000]  因為其實喪禮死亡
[00:09:48.000 --> 00:09:53.000]  就是一個人的結局的總結
[00:09:53.000 --> 00:09:55.000]  我們怎樣生活
[00:09:55.000 --> 00:09:58.000]  其實就會怎樣被人紀念
[00:09:58.000 --> 00:10:00.000]  我們想將來死得好
[00:10:00.000 --> 00:10:03.000]  我們現在就要活得好
[00:10:03.000 --> 00:10:07.000]  如果下一刻我們要死
[00:10:07.000 --> 00:10:09.000]  上帝和你身邊的人
[00:10:09.000 --> 00:10:16.000]  會怎樣去衡量評價現在你的生命呢?
[00:10:16.000 --> 00:10:20.000]  今天的經文就提到有三個埋葬
[00:10:20.000 --> 00:10:22.000]  我們就想藉著這三個埋葬
[00:10:22.000 --> 00:10:23.000]  去學習一下
[00:10:23.000 --> 00:10:25.000]  怎樣預備我們將來的死亡
[00:10:25.000 --> 00:10:29.000]  和今天的生命
[00:10:29.000 --> 00:10:31.000]  今天是全教會講到
[00:10:31.000 --> 00:10:33.000]  系列約書亞記的最後一講
[00:10:33.000 --> 00:10:34.000]  今天的經文
[00:10:34.000 --> 00:10:35.000]  其實就是約書亞記
[00:10:35.000 --> 00:10:38.000]  最後一章的最後一段
[00:10:38.000 --> 00:10:41.000]  不過其實教會給我們的指示
[00:10:41.000 --> 00:10:43.000]  就是24章的一到三一節
[00:10:43.000 --> 00:10:46.000]  才是這個月的講道經文
[00:10:46.000 --> 00:10:48.000]  不過因為我上個星期就講了
[00:10:48.000 --> 00:10:51.000]  我就想不如講最後那幾節
[00:10:51.000 --> 00:10:53.000]  所以如果大家有興趣
[00:10:53.000 --> 00:10:55.000]  和有時間
[00:10:55.000 --> 00:10:59.000]  可以上網聽24章之前的經文
[00:10:59.000 --> 00:11:02.000]  今天我們就看24章最後那幾節經文
[00:11:02.000 --> 00:11:06.000]  不過看之前我們又看一下經文的背景
[00:11:06.000 --> 00:11:09.000]  當時以色列人就已經大致
[00:11:09.000 --> 00:11:13.000]  在一個應許地安定下來
[00:11:13.000 --> 00:11:16.000]  主要的戰爭都打完了
[00:11:16.000 --> 00:11:19.000]  迦南地都大部分已經被攻佔了
[00:11:19.000 --> 00:11:20.000]  而攻佔的地方
[00:11:20.000 --> 00:11:23.000]  也都被分派了給十二支派
[00:11:23.000 --> 00:11:26.000]  所以去到最後的22到24節
[00:11:26.000 --> 00:11:29.000]  已經不再關於怎樣去攻打迦南地
[00:11:29.000 --> 00:11:31.000]  而是講述以色列人在迦南地
[00:11:31.000 --> 00:11:33.000]  應該怎樣去生活
[00:11:33.000 --> 00:11:37.000]  而23到24節就是約書亞的兩段
[00:11:37.000 --> 00:11:40.000]  他兩段的臨別陣言
[00:11:40.000 --> 00:11:43.000]  不過這兩段的講話
[00:11:43.000 --> 00:11:46.000]  其實都在不同的地方發生
[00:11:46.000 --> 00:11:49.000]  23章發生在視羅
[00:11:49.000 --> 00:11:52.000]  24章就發生在視劍
[00:11:52.000 --> 00:11:56.000]  約書亞是專登叫了一班人去視劍
[00:11:56.000 --> 00:12:00.000]  共勞斯動眾因為他視劍
[00:12:00.000 --> 00:12:03.000]  是一個在歷史和屬靈上
[00:12:03.000 --> 00:12:04.000]  很有象徵意義
[00:12:04.000 --> 00:12:07.000]  或者真是很有意義的一個地方
[00:12:07.000 --> 00:12:08.000]  約書亞要以色列人
[00:12:08.000 --> 00:12:11.000]  專登去一個這麼標誌性的地方
[00:12:11.000 --> 00:12:14.000]  是為了要預備他們做一個很重要的決定
[00:12:14.000 --> 00:12:17.000]  就是到底他們是侍奉耶和華
[00:12:17.000 --> 00:12:21.000]  還是選擇侍奉別的神
[00:12:21.000 --> 00:12:24.000]  而當時的以色列人的回應又很好的
[00:12:24.000 --> 00:12:26.000]  他們三番四次
[00:12:26.000 --> 00:12:29.000]  好幾次去說他們是會實牙實齒的
[00:12:29.000 --> 00:12:31.000]  說自己會侍奉耶和華
[00:12:31.000 --> 00:12:33.000]  不過在經文裏面
[00:12:33.000 --> 00:12:36.000]  其實留下了不少的伏筆
[00:12:36.000 --> 00:12:39.000]  讓我們看到其實以色列人日後的信仰光景
[00:12:39.000 --> 00:12:41.000]  其實是不樂觀的
[00:12:41.000 --> 00:12:45.000]  其中一個伏筆就是今天的經文的31節
[00:12:45.000 --> 00:12:49.000]  那裏說原來以色列人的侍奉是有限期的
[00:12:49.000 --> 00:12:50.000]  他們很願意服侍
[00:12:50.000 --> 00:12:53.000]  也細神疲軟地說要服侍主
[00:12:53.000 --> 00:12:56.000]  但是原來他們的服侍是有限期的
[00:12:56.000 --> 00:12:59.000]  就是在約書亞在生之年
[00:12:59.000 --> 00:13:02.000]  和長老在生之年
[00:13:02.000 --> 00:13:06.000]  而這個結局就鋪排了之後的士司祭
[00:13:06.000 --> 00:13:10.000]  所說的以色列人的失敗
[00:13:10.000 --> 00:13:12.000]  約書亞死了
[00:13:12.000 --> 00:13:13.000]  長老也死了
[00:13:13.000 --> 00:13:15.000]  新一代興起
[00:13:15.000 --> 00:13:18.000]  以色列人就偏離上帝了
[00:13:18.000 --> 00:13:22.000]  不過身為領袖的約書亞
[00:13:22.000 --> 00:13:26.000]  死之前他已經盡了他作為領袖的責任
[00:13:26.000 --> 00:13:27.000]  已經說了他要說的事
[00:13:27.000 --> 00:13:29.000]  做了他要做的事
[00:13:29.000 --> 00:13:32.000]  所以他已經盡力幫以色列人去承諾
[00:13:32.000 --> 00:13:35.000]  去作出承諾和去實踐承諾
[00:13:35.000 --> 00:13:37.000]  所以來到28節
[00:13:37.000 --> 00:13:39.000]  約書亞就解散以色列人
[00:13:39.000 --> 00:13:40.000]  你回家吧
[00:13:40.000 --> 00:13:42.000]  你自己去生活吧
[00:13:42.000 --> 00:13:47.000]  接著去到29節就開始說這些事以後
[00:13:47.000 --> 00:13:50.000]  這些事可以指是剛剛24章發生的事
[00:13:50.000 --> 00:13:52.000]  就是幫他們作出選擇
[00:13:52.000 --> 00:13:53.000]  他們立的約
[00:13:53.000 --> 00:13:57.000]  不過這些事也可以只是整卷
[00:13:57.000 --> 00:13:59.000]  以約書亞所記載的一切
[00:13:59.000 --> 00:14:02.000]  即是他們怎樣去應他們
[00:14:02.000 --> 00:14:04.000]  怎樣去攻佔迦南
[00:14:04.000 --> 00:14:06.000]  怎樣去分配他們
[00:14:06.000 --> 00:14:07.000]  換句話說
[00:14:07.000 --> 00:14:10.000]  約書亞已經打完仗了
[00:14:10.000 --> 00:14:12.000]  他已經做了上帝要做的事
[00:14:12.000 --> 00:14:13.000]  正如保羅所說
[00:14:13.000 --> 00:14:14.000]  已經打完他要打的仗
[00:14:14.000 --> 00:14:16.000]  已經走完他的路了
[00:14:16.000 --> 00:14:21.000]  現在就要看看他一生的總結是什麼
[00:14:21.000 --> 00:14:23.000]  讓我們一起來讀29到30節
[00:14:23.000 --> 00:14:27.000]  一起看看聖經怎樣去評價約書亞的一生
[00:14:27.000 --> 00:14:29.000]  29節
[00:14:29.000 --> 00:14:30.000]  這些事以後
[00:14:30.000 --> 00:14:35.000]  耶和華的僕人亂的兒子約書亞死了
[00:14:35.000 --> 00:14:37.000]  那時他是110歲
[00:14:37.000 --> 00:14:42.000]  以色列人把他埋葬在他自己地獄的境內
[00:14:42.000 --> 00:14:46.000]  就是在以法連山地上的庭那西拉
[00:14:46.000 --> 00:14:49.000]  在加什山的北邊
[00:14:49.000 --> 00:14:55.000]  約書亞記就記錄了約書亞一生做了很多很多事
[00:14:55.000 --> 00:14:57.000]  不過他死的時候
[00:14:57.000 --> 00:15:02.000]  聖經就沒有為他數算他的戰績
[00:15:02.000 --> 00:15:05.000]  也沒有去歌頌他的功勞
[00:15:05.000 --> 00:15:10.000]  其實就只有兩節的經文去總結
[00:15:10.000 --> 00:15:16.000]  也用了一個很簡單甚至很平凡的稱號去稱呼他
[00:15:16.000 --> 00:15:20.000]  就是耶和華的僕人
[00:15:20.000 --> 00:15:24.000]  現代的我們可能聽僕人就覺得很不起眼
[00:15:24.000 --> 00:15:27.000]  甚至覺得卑微的身份
[00:15:27.000 --> 00:15:30.000]  但是耶和華的僕人這個稱號
[00:15:30.000 --> 00:15:37.000]  其實是一個極高樹榮的稱號
[00:15:37.000 --> 00:15:40.000]  重點不是那個僕人
[00:15:40.000 --> 00:15:44.000]  重點是那個僕人服侍的主人是誰
[00:15:44.000 --> 00:15:49.000]  多卑微的人被他跟到一個超勁的大佬
[00:15:49.000 --> 00:15:51.000]  別人對他已經是另眼相看
[00:15:51.000 --> 00:15:54.000]  他的身份已經很不同了
[00:15:54.000 --> 00:15:59.000]  就是做皇室的保姆和做特首的家傭
[00:15:59.000 --> 00:16:02.000]  應該是有些分別的
[00:16:02.000 --> 00:16:06.000]  另外耶和華的僕人這個稱號特別的地方
[00:16:06.000 --> 00:16:11.000]  不單止在於僕人的主人是創天造地的耶和華
[00:16:11.000 --> 00:16:14.000]  還要是由創世紀開始直到現在
[00:16:14.000 --> 00:16:19.000]  這個稱號唯有用在摩西身上
[00:16:19.000 --> 00:16:22.000]  就是說這個不是人人都有的稱號
[00:16:22.000 --> 00:16:27.000]  而唯獨是摩西專屬的稱號
[00:16:27.000 --> 00:16:34.000]  約書亞的一開始形容約書亞只是摩西的侍從、幫手、助手
[00:16:34.000 --> 00:16:36.000]  到約書亞的最後
[00:16:36.000 --> 00:16:45.000]  上帝就將唯獨屬於摩西的稱號賜給了摩西
[00:16:45.000 --> 00:16:48.000]  約書亞不再是摩西的侍從
[00:16:48.000 --> 00:16:51.000]  他是耶和華的僕人
[00:16:51.000 --> 00:16:55.000]  為什麼他可以得到這個稱號呢?
[00:16:55.000 --> 00:17:00.000]  是因為他一生忠心遵守上帝的吩咐
[00:17:00.000 --> 00:17:02.000]  約書亞的十五節這樣說
[00:17:02.000 --> 00:17:05.000]  耶和華怎樣吩咐他的僕人摩西
[00:17:05.000 --> 00:17:07.000]  摩西就怎樣吩咐約書亞
[00:17:07.000 --> 00:17:10.000]  約書亞也照樣行了
[00:17:10.000 --> 00:17:13.000]  耶和華吩咐摩西的一切
[00:17:13.000 --> 00:17:16.000]  約書亞沒有一樣不辦妥的
[00:17:16.000 --> 00:17:21.000]  原來約書亞最大的特點不是他有多少創意
[00:17:21.000 --> 00:17:22.000]  不是有多成功
[00:17:22.000 --> 00:17:24.000]  不是有多大影響力
[00:17:24.000 --> 00:17:27.000]  而是他夠忠心
[00:17:27.000 --> 00:17:29.000]  而他最大的成就
[00:17:29.000 --> 00:17:34.000]  他最出色的地方就是他所謂的無出色
[00:17:34.000 --> 00:17:37.000]  他沒有為自己建立王國
[00:17:37.000 --> 00:17:39.000]  他沒有為自己建立新的制度
[00:17:39.000 --> 00:17:43.000]  他沒有走一條跟摩西不同的路線
[00:17:43.000 --> 00:17:46.000]  他只是忠心的照辦主管的
[00:17:46.000 --> 00:17:52.000]  去承接維繫繼續摩西的使命
[00:17:52.000 --> 00:17:58.000]  他正正就是做一開始上帝叫約書亞做的一章七節
[00:17:58.000 --> 00:18:01.000]  你只要堅強十分勇敢
[00:18:01.000 --> 00:18:05.000]  謹守遵行我僕人摩西吩咐你的一切律法
[00:18:05.000 --> 00:18:07.000]  不可偏離左右
[00:18:07.000 --> 00:18:09.000]  就因為他的忠心
[00:18:09.000 --> 00:18:13.000]  耶和華就給了他一個最高的稱號
[00:18:13.000 --> 00:18:15.000]  耶和華的僕人
[00:18:15.000 --> 00:18:16.000]  頂姐妹
[00:18:16.000 --> 00:18:21.000]  你渴望得到耶和華稱號嗎
[00:18:21.000 --> 00:18:25.000]  其實這個稱號就等於耶穌所說的
[00:18:25.000 --> 00:18:28.000]  又忠心又良善的僕人
[00:18:28.000 --> 00:18:33.000]  你想不想得到呢
[00:18:33.000 --> 00:18:35.000]  Don Carson
[00:18:35.000 --> 00:18:38.000]  他是一個國際知名的神學家
[00:18:38.000 --> 00:18:42.000]  他曾經在一個很出名的神學院做校長
[00:18:42.000 --> 00:18:44.000]  當年他來澳洲說到
[00:18:44.000 --> 00:18:48.000]  我們一群人一定要去
[00:18:48.000 --> 00:18:49.000]  捧偶像不應該
[00:18:49.000 --> 00:18:51.000]  不過真的要去聽聽
[00:18:51.000 --> 00:18:53.000]  他也出了很多書
[00:18:53.000 --> 00:18:54.000]  影響了很多人
[00:18:54.000 --> 00:18:56.000]  包括我自己在內
[00:18:56.000 --> 00:19:00.000]  原來他爸爸也是一個牧師
[00:19:00.000 --> 00:19:01.000]  也是一個牧者
[00:19:01.000 --> 00:19:05.000]  不過他爸爸完全不出名
[00:19:05.000 --> 00:19:08.000]  照世界的標準
[00:19:08.000 --> 00:19:11.000]  甚至是基督教界的標準
[00:19:11.000 --> 00:19:15.000]  其實他是一個平凡到不可以再平凡的牧師
[00:19:15.000 --> 00:19:19.000]  連當他兒子幫他寫回憶錄的時候
[00:19:19.000 --> 00:19:24.000]  書名也叫做《一個平凡牧者的回憶錄》
[00:19:24.000 --> 00:19:26.000]  他不僅是平凡
[00:19:26.000 --> 00:19:31.000]  他甚至被牧養過的人質疑他
[00:19:31.000 --> 00:19:32.000]  覺得他沒有做事
[00:19:32.000 --> 00:19:35.000]  甚至連他自己也覺得自己很失敗
[00:19:35.000 --> 00:19:37.000]  他在日記裡面
[00:19:37.000 --> 00:19:39.000]  他會寫著
[00:19:39.000 --> 00:19:42.000]  今天出席人數有多少
[00:19:42.000 --> 00:19:45.000]  有19個、18個、20個
[00:19:45.000 --> 00:19:50.000]  我看到數過也沒有超過20個
[00:19:50.000 --> 00:19:52.000]  還有一次因為大風雪
[00:19:52.000 --> 00:19:54.000]  一個人也沒有出席
[00:19:54.000 --> 00:19:57.000]  一個人也沒有出席
[00:19:57.000 --> 00:19:58.000]  雖然困難
[00:19:58.000 --> 00:20:00.000]  但終於他也沒有放棄
[00:20:00.000 --> 00:20:02.000]  他繼續默默關雲去服侍
[00:20:02.000 --> 00:20:05.000]  而這一切都被他兒子看在眼內
[00:20:05.000 --> 00:20:07.000]  所以他很尊敬他爸爸
[00:20:07.000 --> 00:20:09.000]  甚至幫他出了一個回憶錄
[00:20:09.000 --> 00:20:11.000]  因為兒子知道
[00:20:11.000 --> 00:20:14.000]  雖然他爸爸沒有轟轟烈烈的成就
[00:20:14.000 --> 00:20:17.000]  但他是一個默默關雲
[00:20:17.000 --> 00:20:21.000]  其實是影響了很多人的牧者
[00:20:21.000 --> 00:20:22.000]  當爸爸去世
[00:20:22.000 --> 00:20:27.000]  他的安息禮其實是坐滿人的
[00:20:27.000 --> 00:20:31.000]  而他的孫女選擇了他唱一首歌
[00:20:31.000 --> 00:20:33.000]  叫做《Find us faithful》
[00:20:33.000 --> 00:20:35.000]  因為他說他覺得
[00:20:35.000 --> 00:20:37.000]  Grandpa是一個忠心的人
[00:20:37.000 --> 00:20:42.000]  一個孫女看到他的Grandpa
[00:20:42.000 --> 00:20:44.000]  其實是一個忠心的人
[00:20:44.000 --> 00:20:48.000]  然後不同的人也會上台分享
[00:20:48.000 --> 00:20:49.000]  Tom這位爸爸
[00:20:49.000 --> 00:20:54.000]  如何恆常、持續地去陪伴、探訪
[00:20:54.000 --> 00:20:58.000]  和他讀聖經去牧養他們
[00:20:58.000 --> 00:20:59.000]  Carson就發現
[00:20:59.000 --> 00:21:01.000]  為什麼他們說的事
[00:21:01.000 --> 00:21:04.000]  沒有在他爸爸的日記留下呢?
[00:21:04.000 --> 00:21:06.000]  他的總結就是說
[00:21:06.000 --> 00:21:08.000]  這些事為什麼要寫下呢?
[00:21:08.000 --> 00:21:13.000]  這只是一個日常牧者做的事
[00:21:13.000 --> 00:21:16.000]  Tom Carson是一個平凡
[00:21:16.000 --> 00:21:20.000]  但忠心的牧者
[00:21:20.000 --> 00:21:23.000]  相反,約書亞做的事
[00:21:23.000 --> 00:21:24.000]  其實是大事
[00:21:24.000 --> 00:21:26.000]  也是非常成功的
[00:21:26.000 --> 00:21:28.000]  不過人生到最後
[00:21:28.000 --> 00:21:30.000]  上帝對他們兩個的評價
[00:21:30.000 --> 00:21:33.000]  同樣不是因為他們的成就
[00:21:33.000 --> 00:21:35.000]  而是他們的忠心
[00:21:35.000 --> 00:21:38.000]  原來上帝不是要約書亞做多少
[00:21:38.000 --> 00:21:40.000]  做多少新的事
[00:21:40.000 --> 00:21:43.000]  不是要他侍奉的果效
[00:21:43.000 --> 00:21:46.000]  甚至不是要生活活得多有意義
[00:21:46.000 --> 00:21:47.000]  來定義他
[00:21:47.000 --> 00:21:51.000]  定義他是一個怎樣的人
[00:21:51.000 --> 00:21:54.000]  就是又忠心又良善
[00:21:54.000 --> 00:21:57.000]  耶和華的僕人
[00:21:57.000 --> 00:21:59.000]  丙姐妹,你渴望得到
[00:21:59.000 --> 00:22:04.000]  耶和華的僕人這個稱號嗎?
[00:22:04.000 --> 00:22:06.000]  如果你渴望的話
[00:22:06.000 --> 00:22:10.000]  願意今天開始去活一個忠心的生命
[00:22:10.000 --> 00:22:12.000]  不是要出眾
[00:22:12.000 --> 00:22:14.000]  不是要多成功
[00:22:14.000 --> 00:22:16.000]  不是要多有意義
[00:22:16.000 --> 00:22:20.000]  而是要多有忠心
[00:22:20.000 --> 00:22:22.000]  願意我們在安息禮裡
[00:22:22.000 --> 00:22:24.000]  台上台下的人
[00:22:24.000 --> 00:22:26.000]  一樣可以見證我們
[00:22:26.000 --> 00:22:30.000]  就是忠心又良善的僕人
[00:22:30.000 --> 00:22:33.000]  最重要當然是耶穌跟我們說
[00:22:33.000 --> 00:22:37.000]  我們是忠心又良善的僕人
[00:22:37.000 --> 00:22:39.000]  在第一個埋葬
[00:22:39.000 --> 00:22:42.000]  我們見到上帝因為見到約書亞的忠心
[00:22:42.000 --> 00:22:44.000]  賜給他一個榮耀的稱號
[00:22:44.000 --> 00:22:47.000]  然後經文就記錄了第二個埋葬
[00:22:47.000 --> 00:22:49.000]  讓我們一起來讀32節
[00:22:49.000 --> 00:22:52.000]  一起來看看約瑟這個埋葬
[00:22:52.000 --> 00:22:54.000]  對我們有什麼提醒呢
[00:22:54.000 --> 00:22:56.000]  32節
[00:22:58.000 --> 00:23:03.000]  約瑟骸骨葬在士劍的一塊田裡
[00:23:03.000 --> 00:23:07.000]  這塊田是雅各從前用一百塊銀子
[00:23:07.000 --> 00:23:13.000]  向士劍的父親哈末的子孫那裡買來的
[00:23:13.000 --> 00:23:17.000]  這塊田就成了約瑟子孫的產業
[00:23:17.000 --> 00:23:20.000]  第二個埋葬就是約瑟的埋葬
[00:23:20.000 --> 00:23:24.000]  以色列人是由約瑟開始就去了埃及
[00:23:24.000 --> 00:23:26.000]  當年他就被賣去埃及
[00:23:26.000 --> 00:23:29.000]  另外全家就搬去了埃及
[00:23:29.000 --> 00:23:32.000]  他們就住在埃及430年
[00:23:32.000 --> 00:23:34.000]  不過約瑟死了之後
[00:23:34.000 --> 00:23:36.000]  認識他和重用他的法老
[00:23:36.000 --> 00:23:38.000]  忘記了他的時候
[00:23:38.000 --> 00:23:41.000]  埃及人就忘記了他
[00:23:41.000 --> 00:23:43.000]  也苦待以色列人
[00:23:43.000 --> 00:23:46.000]  以色列人由VIP變成為奴隸
[00:23:46.000 --> 00:23:48.000]  當他們叫呼連天的時候
[00:23:48.000 --> 00:23:51.000]  上帝就興起摩西去拯救他們
[00:23:51.000 --> 00:23:53.000]  救他們離開埃及
[00:23:53.000 --> 00:23:57.000]  在離開的時候他們就有一個很特別的物件跟著他們
[00:23:57.000 --> 00:24:00.000]  就是約瑟的骸骨
[00:24:00.000 --> 00:24:02.000]  出埃及記13章19節記錄
[00:24:02.000 --> 00:24:05.000]  摩西帶了約瑟的骸骨和他
[00:24:05.000 --> 00:24:07.000]  為什麼摩西要這樣做呢
[00:24:07.000 --> 00:24:11.000]  是因為約瑟在他死之前的三百多年
[00:24:11.000 --> 00:24:13.000]  他在三百多年前死
[00:24:13.000 --> 00:24:17.000]  他死的時候就留下了一個遺言和要求
[00:24:17.000 --> 00:24:19.000]  約瑟在臨死之前
[00:24:19.000 --> 00:24:21.000]  很肯定的就和他的兄弟說
[00:24:21.000 --> 00:24:24.000]  神必眷顧你們
[00:24:24.000 --> 00:24:26.000]  可以去下一章
[00:24:26.000 --> 00:24:28.000]  神必眷顧你們
[00:24:28.000 --> 00:24:32.000]  因為上帝必帶領你們離開埃及去到英許地
[00:24:32.000 --> 00:24:35.000]  所以約瑟就要他的兄弟起誓
[00:24:35.000 --> 00:24:37.000]  當他們離開埃及的時候
[00:24:37.000 --> 00:24:39.000]  就一定要帶著他的骸骨
[00:24:39.000 --> 00:24:41.000]  因為他要與英許地有份
[00:24:41.000 --> 00:24:46.000]  他要自己的骸骨埋藏在英許地
[00:24:46.000 --> 00:24:52.000]  約瑟臨死前的要求其實是一個信心的宣告
[00:24:52.000 --> 00:24:56.000]  因為他沒有忘記上帝曾經和他的真祖父
[00:24:56.000 --> 00:25:00.000]  他的真祖父阿伯拉罕所英許
[00:25:00.000 --> 00:25:03.000]  這個英許就大概在250年之前就有的
[00:25:03.000 --> 00:25:07.000]  當時上帝就已經和阿伯拉罕說
[00:25:07.000 --> 00:25:10.000]  他的後裔是要去一個愛邦人的地方
[00:25:10.000 --> 00:25:12.000]  要寄人籬下
[00:25:12.000 --> 00:25:14.000]  要服侍那裏的人
[00:25:14.000 --> 00:25:16.000]  他可以苦待400年
[00:25:16.000 --> 00:25:19.000]  不過神最終會將他們帶離開那個地方
[00:25:19.000 --> 00:25:21.000]  也會懲罰那裏的人
[00:25:21.000 --> 00:25:25.000]  所以即使當時約瑟死的時候
[00:25:25.000 --> 00:25:27.000]  還是位高權重的
[00:25:27.000 --> 00:25:29.000]  以色列人還是被體重的時候
[00:25:29.000 --> 00:25:34.000]  他已經知道埃及不是上帝英許給他們的地方
[00:25:34.000 --> 00:25:36.000]  上帝有一天要他們離開埃及
[00:25:36.000 --> 00:25:38.000]  進入另一個地方
[00:25:38.000 --> 00:25:40.000]  所以約瑟雖然死在埃及
[00:25:40.000 --> 00:25:46.000]  但是他的信心一直都是指望著英許地
[00:25:46.000 --> 00:25:48.000]  由約瑟死
[00:25:48.000 --> 00:25:51.000]  他首先記得200多年前
[00:25:51.000 --> 00:25:55.000]  上帝和阿伯拉罕所作的英許
[00:25:55.000 --> 00:25:58.000]  由約瑟死到以色列人出埃及
[00:25:58.000 --> 00:26:00.000]  那時候又過了300多年
[00:26:00.000 --> 00:26:05.000]  接著就是經過了曠野的40多年
[00:26:05.000 --> 00:26:10.000]  最後去到今日的經文他終於埋葬在英許地的時候
[00:26:10.000 --> 00:26:16.000]  其實約瑟這個埋葬已經橫跨了600多年的信心故事
[00:26:16.000 --> 00:26:19.000]  由上帝和阿伯拉罕所英許的
[00:26:19.000 --> 00:26:22.000]  到約瑟真的埋葬在英許地
[00:26:22.000 --> 00:26:24.000]  600多年之後
[00:26:24.000 --> 00:26:27.000]  英許終於成就
[00:26:27.000 --> 00:26:32.000]  約瑟擺上的信心不單只顯現到他記得英許
[00:26:32.000 --> 00:26:34.000]  他盼望英許的實現
[00:26:34.000 --> 00:26:37.000]  他埋葬的地方也讓我們看到
[00:26:37.000 --> 00:26:39.000]  其實他是擺上信心的
[00:26:39.000 --> 00:26:44.000]  因為約瑟不是埋葬在英許地的任何一個地方
[00:26:44.000 --> 00:26:47.000]  他是被埋在士劍
[00:26:47.000 --> 00:26:48.000]  為什麼是士劍呢?
[00:26:48.000 --> 00:26:50.000]  一開始的時候我們都有說
[00:26:50.000 --> 00:26:54.000]  士劍對整個以色列人來說都是有特殊意義的
[00:26:54.000 --> 00:27:01.000]  但是士劍對約瑟的一個家族是特別更加有意義
[00:27:01.000 --> 00:27:06.000]  因為士劍是位於地分給他兩個兒子的中間
[00:27:06.000 --> 00:27:11.000]  意思是士劍其實是約瑟家族的土地
[00:27:11.000 --> 00:27:15.000]  所以他埋葬在士劍不單止是埋在自己的祖地
[00:27:15.000 --> 00:27:17.000]  其實更深意義的
[00:27:17.000 --> 00:27:20.000]  就是這塊地原來在500多年之前
[00:27:20.000 --> 00:27:25.000]  已經被約瑟的父親雅各買下來了
[00:27:25.000 --> 00:27:26.000]  他不單止買了塊地
[00:27:26.000 --> 00:27:31.000]  他甚至在那塊地上建了一個壇去敬拜上帝
[00:27:31.000 --> 00:27:32.000]  去紀念上帝
[00:27:32.000 --> 00:27:35.000]  所以士劍不單止是一個家族的地
[00:27:35.000 --> 00:27:38.000]  更加是一個紀念上帝的地方
[00:27:38.000 --> 00:27:41.000]  所以約瑟埋葬在士劍
[00:27:41.000 --> 00:27:46.000]  不單止是說他和他的祖地有份
[00:27:46.000 --> 00:27:48.000]  更加見證到上帝
[00:27:48.000 --> 00:27:54.000]  他向以前列祖的英許一一實現了
[00:27:54.000 --> 00:27:58.000]  約瑟的信心其實就是希伯來書11章1節所說的
[00:27:58.000 --> 00:28:02.000]  信心就是對所盼望的事的把握
[00:28:02.000 --> 00:28:05.000]  是還沒有看見的事的明證
[00:28:05.000 --> 00:28:09.000]  然後希伯來書11章22節提及約瑟
[00:28:09.000 --> 00:28:13.000]  他說約瑟是因著信
[00:28:13.000 --> 00:28:14.000]  他因為信心
[00:28:14.000 --> 00:28:19.000]  所以他就作出了臨死時的要求和遺言
[00:28:19.000 --> 00:28:22.000]  約瑟是因著信
[00:28:22.000 --> 00:28:25.000]  即使他知道自己不會經歷到
[00:28:25.000 --> 00:28:26.000]  不會看見
[00:28:26.000 --> 00:28:32.000]  但是他相信上帝會實現他的英許
[00:28:32.000 --> 00:28:38.000]  弟兄姊妹你相信上帝會實現他的英許嗎?
[00:28:38.000 --> 00:28:40.000]  他聖經所說的
[00:28:40.000 --> 00:28:45.000]  你覺得上帝會不會承諾呢?
[00:28:45.000 --> 00:28:48.000]  有個宣教士的故事是這樣的
[00:28:48.000 --> 00:28:53.000]  在1912年有個宣教士
[00:28:53.000 --> 00:28:55.000]  他叫做Dr. William Leslie
[00:28:55.000 --> 00:29:01.000]  他去了今天的剛果的一個偏遠森林宣教
[00:29:01.000 --> 00:29:03.000]  他去那裡宣教了17年
[00:29:03.000 --> 00:29:08.000]  不過他覺得自己的宣教工作是完全失敗的
[00:29:08.000 --> 00:29:10.000]  因為他看不到有人信耶穌
[00:29:10.000 --> 00:29:11.000]  不是很多人信耶穌
[00:29:11.000 --> 00:29:13.000]  他看不到很大的果效
[00:29:13.000 --> 00:29:18.000]  因為他跟當時的部落領袖吵了一場架
[00:29:18.000 --> 00:29:19.000]  雖然之後和好了
[00:29:19.000 --> 00:29:21.000]  但因為吵了一場架之後
[00:29:21.000 --> 00:29:24.000]  他就不能夠再在那裡去宣教
[00:29:24.000 --> 00:29:28.000]  所以他是帶著失敗失望而回到家裡
[00:29:28.000 --> 00:29:32.000]  而他在回到美國9年之後
[00:29:32.000 --> 00:29:35.000]  他是帶著遺憾去過世的
[00:29:35.000 --> 00:29:38.000]  因為他覺得他那17年完全沒有影響力
[00:29:38.000 --> 00:29:41.000]  完全沒有果效
[00:29:41.000 --> 00:29:44.000]  不過在84年之後
[00:29:44.000 --> 00:29:50.000]  有一隊宣教隊就走回到同一個地方
[00:29:50.000 --> 00:29:55.000]  他們發現當地有一個很強大的教會網絡
[00:29:55.000 --> 00:29:59.000]  他們在很多條村裡找到教會和信徒
[00:29:59.000 --> 00:30:05.000]  甚至有一間可以容納一千人石造石起的教堂
[00:30:05.000 --> 00:30:09.000]  原來當年Leslie會爆林
[00:30:09.000 --> 00:30:12.000]  去深山野嶺不同的村落
[00:30:12.000 --> 00:30:14.000]  跟他們講聖經教聖經
[00:30:14.000 --> 00:30:17.000]  教他們看字看聖經傳福音
[00:30:17.000 --> 00:30:21.000]  原來宣教士所殺的種子
[00:30:21.000 --> 00:30:25.000]  原來上帝一直都有令他結果
[00:30:25.000 --> 00:30:27.000]  只不過是他做的事
[00:30:27.000 --> 00:30:31.000]  他在他有生之年看不到
[00:30:31.000 --> 00:30:33.000]  其實約瑟也是這樣
[00:30:33.000 --> 00:30:35.000]  他看不到出埃及
[00:30:35.000 --> 00:30:38.000]  他看不到入英他們
[00:30:38.000 --> 00:30:40.000]  不過他因著信
[00:30:40.000 --> 00:30:44.000]  他最終能夠有份於英他們
[00:30:44.000 --> 00:30:45.000]  約瑟雖然死了
[00:30:45.000 --> 00:30:47.000]  沒有親眼經歷過
[00:30:47.000 --> 00:30:51.000]  但是上帝的應許仍然是成就
[00:30:51.000 --> 00:30:55.000]  原來信心就算見不到
[00:30:55.000 --> 00:31:00.000]  我們依然相信上帝是會成就
[00:31:00.000 --> 00:31:02.000]  在服食當中
[00:31:02.000 --> 00:31:06.000]  有時我們的信心都是建基於我們見到的果效
[00:31:06.000 --> 00:31:09.000]  當中可能有我們的致富
[00:31:09.000 --> 00:31:11.000]  但我覺得都可能表達了
[00:31:11.000 --> 00:31:15.000]  其實我們都很想為上帝服食到位
[00:31:15.000 --> 00:31:19.000]  為上帝服食得對的一種期望
[00:31:19.000 --> 00:31:22.000]  不過約瑟這個埋葬提醒我們
[00:31:22.000 --> 00:31:28.000]  其實上帝的工作往往比人的生命更長
[00:31:28.000 --> 00:31:32.000]  有些果子可能要在十多年之後才發芽
[00:31:32.000 --> 00:31:35.000]  有些果子就算發芽
[00:31:35.000 --> 00:31:39.000]  都是有借者地死下死下的狀態和情況
[00:31:39.000 --> 00:31:43.000]  有些可能根本就是要我們離開了侍奉場景
[00:31:43.000 --> 00:31:47.000]  甚至要我們離開了這個世界才結果
[00:31:47.000 --> 00:31:51.000]  但問題就是我們見不到果子
[00:31:51.000 --> 00:31:56.000]  我們願不願意仍然去擺上呢?
[00:31:56.000 --> 00:31:57.000]  為上帝做事
[00:31:57.000 --> 00:31:59.000]  做了事做對事
[00:31:59.000 --> 00:32:02.000]  見到有果效當然是好
[00:32:02.000 --> 00:32:05.000]  不過見到不是必然
[00:32:05.000 --> 00:32:08.000]  也不是應得
[00:32:08.000 --> 00:32:09.000]  見到成果
[00:32:09.000 --> 00:32:13.000]  我經常覺得是上帝給我們的Icing on the cake
[00:32:13.000 --> 00:32:16.000]  是給我們一些甜頭
[00:32:16.000 --> 00:32:18.000]  見到我們感謝上帝
[00:32:18.000 --> 00:32:21.000]  見不到的我們都可以
[00:32:21.000 --> 00:32:24.000]  其實是需要繼續擺上信心
[00:32:24.000 --> 00:32:28.000]  相信上帝會完成他自己的工作
[00:32:28.000 --> 00:32:35.000]  領子妹你相信你的奴婦在耶穌裡面是不會徒然嗎?
[00:32:35.000 --> 00:32:40.000]  你相信你的奴婦在耶穌裡面是不會徒然嗎?
[00:32:40.000 --> 00:32:46.000]  你相信上帝會用你的工作去完成他的使命嗎?
[00:32:46.000 --> 00:32:56.000]  以至你願不願意不計果效的去常常竭力多作主公呢?
[00:32:56.000 --> 00:32:58.000]  願意我們擺上信心
[00:32:58.000 --> 00:33:04.000]  是因為我們相信上帝會完成他的工作
[00:33:04.000 --> 00:33:07.000]  約書亞的葬禮提醒我們
[00:33:07.000 --> 00:33:10.000]  忠心侍奉我們就可以得稱號
[00:33:10.000 --> 00:33:14.000]  約瑟的埋葬提醒我們
[00:33:14.000 --> 00:33:15.000]  擺上信心
[00:33:15.000 --> 00:33:18.000]  因為相信上帝會承傳他的應許
[00:33:18.000 --> 00:33:21.000]  最後我們來到最後一個的埋葬
[00:33:21.000 --> 00:33:22.000]  我們一起來讀33節
[00:33:22.000 --> 00:33:26.000]  一起來看看以利亞撒的埋葬又如何提醒我們
[00:33:26.000 --> 00:33:28.000]  33節
[00:33:28.000 --> 00:33:31.000]  亞倫的兒子以利亞撒也死了
[00:33:31.000 --> 00:33:35.000]  以色列人就把他埋葬在基比亞
[00:33:35.000 --> 00:33:42.000]  就是他兒子菲尼哈在以法連山地所得的產業
[00:33:42.000 --> 00:33:48.000]  約書亞記裡面的以利亞撒其實沒有出現很多
[00:33:48.000 --> 00:33:50.000]  比較起來沒有出現很多
[00:33:50.000 --> 00:33:52.000]  但其實他是一個很重要的人物
[00:33:52.000 --> 00:33:57.000]  因為他是大祭司
[00:33:57.000 --> 00:34:01.000]  他和約書亞是同期的領袖
[00:34:01.000 --> 00:34:05.000]  約書亞就代表以色列人的政治和軍事的領導
[00:34:05.000 --> 00:34:09.000]  以利亞撒就代表以色列人的屬靈和敬拜領導
[00:34:09.000 --> 00:34:13.000]  所以他們其實都經常在一起出現
[00:34:13.000 --> 00:34:15.000]  特別當十二支派要分地的時候
[00:34:15.000 --> 00:34:18.000]  是他們兩個一起去分地
[00:34:18.000 --> 00:34:20.000]  約書亞現在死了
[00:34:20.000 --> 00:34:22.000]  以利亞撒也死了
[00:34:22.000 --> 00:34:29.000]  即是說帶領以色列人進入埃及的兩個重要核心領袖都死了
[00:34:29.000 --> 00:34:33.000]  表達了一代人的結束
[00:34:33.000 --> 00:34:36.000]  不過特別的是約書亞死的時候
[00:34:36.000 --> 00:34:38.000]  聖經沒有提及他的兒子
[00:34:38.000 --> 00:34:43.000]  因為約書亞的領導崗位職位不是世襲
[00:34:43.000 --> 00:34:47.000]  所以約書亞的領導崗位是不會傳給他的兒子
[00:34:47.000 --> 00:34:50.000]  相反以利亞撒死的時候
[00:34:50.000 --> 00:34:53.000]  經文就提及他的兒子菲利哈
[00:34:53.000 --> 00:35:03.000]  因為祭司的職份是會由亞倫的家族當中延續下去
[00:35:03.000 --> 00:35:07.000]  菲利哈就會延續他爸爸繼續去做大祭司
[00:35:07.000 --> 00:35:09.000]  所以就算爸爸死了
[00:35:09.000 --> 00:35:14.000]  以色列人仍然有大祭司去做獻祭的工作
[00:35:14.000 --> 00:35:19.000]  去幫他們繼續建立他們和上帝之間的關係
[00:35:19.000 --> 00:35:21.000]  處理他們罪的問題
[00:35:21.000 --> 00:35:24.000]  而來到今天新約的時候
[00:35:24.000 --> 00:35:28.000]  祭司和獻祭的制度就已經有一個新的承傳
[00:35:28.000 --> 00:35:32.000]  因為耶穌不單止成為了祭物
[00:35:32.000 --> 00:35:34.000]  也成為了永遠的大祭司
[00:35:34.000 --> 00:35:37.000]  耶穌的死亡和復活
[00:35:37.000 --> 00:35:42.000]  也成為了我們永遠和上帝的忠報
[00:35:42.000 --> 00:35:45.000]  同樣的,耶穌用了祂的寶血
[00:35:45.000 --> 00:35:47.000]  買了我們的職份
[00:35:47.000 --> 00:35:51.000]  就是君尊的祭司的身份和職份
[00:35:51.000 --> 00:35:55.000]  所以以利亞撒的情況某程度上就是我們的情況
[00:35:55.000 --> 00:35:58.000]  有一天我們都要死,都會死
[00:35:58.000 --> 00:36:00.000]  但是我們死了之後
[00:36:00.000 --> 00:36:03.000]  上帝請求的工作是會延續的
[00:36:03.000 --> 00:36:07.000]  因為上帝會繼續興起下一代君尊的祭司
[00:36:07.000 --> 00:36:09.000]  完成他的使命
[00:36:09.000 --> 00:36:12.000]  而以利亞撒的賣葬就提醒我們
[00:36:12.000 --> 00:36:16.000]  屬靈的產業不是留下一棟樓
[00:36:16.000 --> 00:36:18.000]  還錢的一棟樓
[00:36:18.000 --> 00:36:21.000]  不是制度,不是課程,不是事工
[00:36:21.000 --> 00:36:23.000]  而是留下一班人
[00:36:23.000 --> 00:36:28.000]  而那班人是可以繼續上帝事工的人
[00:36:28.000 --> 00:36:30.000]  老套一點說一句
[00:36:30.000 --> 00:36:32.000]  坐在這裡的你們
[00:36:32.000 --> 00:36:35.000]  真的是教會的未來
[00:36:35.000 --> 00:36:37.000]  教會的下一代
[00:36:37.000 --> 00:36:42.000]  上一代的有責任去想怎樣將棒交給下一代
[00:36:42.000 --> 00:36:46.000]  而下一代也有責任去想怎樣去接
[00:36:46.000 --> 00:36:48.000]  人是有缺陷
[00:36:48.000 --> 00:36:49.000]  不過感謝主
[00:36:49.000 --> 00:36:52.000]  我們有耶穌成為我們的大祭司
[00:36:52.000 --> 00:36:56.000]  所以最終上帝是會自己完成他的工作
[00:36:56.000 --> 00:37:02.000]  他會興起不同代的君尊祭司去完成他的應許
[00:37:02.000 --> 00:37:07.000]  弟妹,你願意像約書亞那樣
[00:37:07.000 --> 00:37:09.000]  只管忠心服侍上帝
[00:37:09.000 --> 00:37:14.000]  以至你可以得到稱讚嗎?
[00:37:14.000 --> 00:37:17.000]  你又願意像約瑟那樣
[00:37:17.000 --> 00:37:21.000]  不看果效,唯有擺上信心
[00:37:21.000 --> 00:37:26.000]  相信他會完成他的工作嗎?
[00:37:26.000 --> 00:37:29.000]  你又願意像以利亞撒那樣
[00:37:29.000 --> 00:37:31.000]  去延續下一代
[00:37:31.000 --> 00:37:35.000]  去興起可以為上帝工作的下一代
[00:37:35.000 --> 00:37:40.000]  或者你願不願意成為他的兒子
[00:37:40.000 --> 00:37:42.000]  菲利亞呢?
[00:37:42.000 --> 00:37:46.000]  去承接這個福音的工作呢?
[00:37:46.000 --> 00:37:51.000]  弟妹,你的生命現在會變成怎樣?
[00:37:51.000 --> 00:37:55.000]  你預備好去見上帝了嗎?
[00:37:55.000 --> 00:37:57.000]  你做些什麼覺得你應該要做
[00:37:57.000 --> 00:38:01.000]  以至你可以去見上帝呢?
[00:38:01.000 --> 00:38:03.000]  我們一起起來吧
[00:38:03.000 --> 00:38:07.000]  很想藉著詩歌約書亞
[00:38:07.000 --> 00:38:12.000]  看完約書亞就唱一首約書亞
[00:38:12.000 --> 00:38:13.000]  但歌詞很好
[00:38:13.000 --> 00:38:14.000]  因為它也是在說
[00:38:14.000 --> 00:38:20.000]  我們的生命其實是朝向什麼方向呢?
[00:38:20.000 --> 00:38:22.000]  我們願不願意去看著
[00:38:22.000 --> 00:38:24.000]  預備我們的死亡
[00:38:24.000 --> 00:38:28.000]  其實就是預備我們今天
[00:38:28.000 --> 00:38:32.000]  你願意今天活得不一樣
[00:38:32.000 --> 00:38:35.000]  以至你可以得到稱讚
[00:38:35.000 --> 00:38:37.000]  你可以得到應許
[00:38:37.000 --> 00:38:41.000]  福音使命又可以得到承傳
[00:38:55.000 --> 00:39:02.000]  信祢說祢會保護我
[00:39:02.000 --> 00:39:09.000]  祢就當推著房窗撲火
[00:39:09.000 --> 00:39:14.000]  在世間到處奔波
[00:39:14.000 --> 00:39:18.000]  每天得過且過
[00:39:18.000 --> 00:39:25.000]  活到祢不離棄我
[00:39:25.000 --> 00:39:32.000]  神祢說最愛的是我
[00:39:32.000 --> 00:39:39.000]  在祢眼中是祢的珍藏的花朵
[00:39:39.000 --> 00:39:44.000]  是祢聖 是祢的光
[00:39:44.000 --> 00:39:48.000]  讓我不知走錯
[00:39:48.000 --> 00:39:54.000]  隨著祢擁抱著我
[00:39:54.000 --> 00:40:01.000]  我在流血 無盡次的旋轉
[00:40:01.000 --> 00:40:09.000]  卻是每一刻走往上帝的階段
[00:40:09.000 --> 00:40:16.000]  沒辦法開去世事紛亂 一生太短
[00:40:16.000 --> 00:40:22.000]  但祢是我最美的樂園
[00:40:22.000 --> 00:40:29.000]  祢體恤我半生茫茫尋味仰望
[00:40:29.000 --> 00:40:38.000]  仍打開我眼睛叫我尋著光芒
[00:40:38.000 --> 00:40:45.000]  仍在發現祢在旁
[00:40:45.000 --> 00:40:51.000]  從來沒有避開過
[00:40:51.000 --> 00:40:58.000]  祢是因救我不再有受的關綁
[00:40:58.000 --> 00:41:07.000]  無需身怕與驚慌能配得適合
[00:41:07.000 --> 00:41:14.000]  仍發現祢在旁
[00:41:14.000 --> 00:41:24.000]  從來沒有避開過
[00:41:24.000 --> 00:41:31.000]  神祢說祢愛只是我
[00:41:31.000 --> 00:41:38.000]  無向安居於至高者的食索
[00:41:38.000 --> 00:41:42.000]  後悔不已那當初
[00:41:42.000 --> 00:41:48.000]  祢犧牲請救我 祢是我
[00:41:48.000 --> 00:41:52.000]  祢仍愛我
[00:41:52.000 --> 00:41:58.000]  神祢說世界不屬我
[00:41:58.000 --> 00:42:06.000]  我躲避公屈神父和祢目送
[00:42:06.000 --> 00:42:10.000]  是終天是場新歌
[00:42:10.000 --> 00:42:13.000]  無論間短闊遠望
[00:42:13.000 --> 00:42:19.000]  期待與祢多人哀慨
[00:42:19.000 --> 00:42:26.000]  祢應許過每當我無力再跌宕
[00:42:26.000 --> 00:42:34.000]  也擔當愛我不會變愛的衣袍
[00:42:34.000 --> 00:42:41.000]  誰也沒法淡忘 誰也沒法淡忘
[00:42:41.000 --> 00:42:46.000]  神祢本有祢開過
[00:42:46.000 --> 00:42:53.000]  祢祝福我天都亦能懷著盼望
[00:42:53.000 --> 00:43:02.000]  連身都要抱緊 神又常在天堂
[00:43:02.000 --> 00:43:09.000]  神祢亦會在旁
[00:43:09.000 --> 00:43:15.000]  從來沒有避開過
[00:43:23.000 --> 00:43:28.000]  確實祢時常都在我們身邊
[00:43:28.000 --> 00:43:31.000]  但當我們在我們很忙碌的裡面
[00:43:31.000 --> 00:43:35.000]  在我們為我們自己籌算很多的當中
[00:43:35.000 --> 00:43:38.000]  我們確實很容易見不到祢
[00:43:38.000 --> 00:43:41.000]  或者生命不如意的時候
[00:43:41.000 --> 00:43:44.000]  我們覺得祢在玩弄我們
[00:43:44.000 --> 00:43:49.000]  但天父祢說祢是愛我們
[00:43:49.000 --> 00:43:56.000]  祢是看著我們生命的上帝
[00:43:56.000 --> 00:44:01.000]  天父祢是我們生命的主
[00:44:01.000 --> 00:44:03.000]  我們做了基督徒
[00:44:03.000 --> 00:44:06.000]  今晚回來崇拜去敬拜祢
[00:44:06.000 --> 00:44:12.000]  其實我們的生命都很想為祢活得有意義
[00:44:12.000 --> 00:44:17.000]  我們都很想我們的生命不是浪費
[00:44:17.000 --> 00:44:21.000]  但神求祢向我們每一個人說話
[00:44:21.000 --> 00:44:27.000]  以致我們知道我們的生命可以怎樣為祢而活
[00:44:27.000 --> 00:44:30.000]  有時真的不是意義的問題
[00:44:30.000 --> 00:44:34.000]  而是我們衷心的問題
[00:44:34.000 --> 00:44:47.000]  讓姐妹近日你什麼情況?你是迷惘嗎?你是不滿足嗎?
[00:44:47.000 --> 00:44:52.000]  你是在很煩躁很忙碌的裡面嗎?
[00:44:52.000 --> 00:45:00.000]  你向上帝禱告吧
[00:45:00.000 --> 00:45:04.000]  你向祂說你的困難
[00:45:31.000 --> 00:45:35.000]  青天父感謝你今晚藉著經文
[00:45:35.000 --> 00:45:38.000]  讓我們去思考生命
[00:45:38.000 --> 00:45:42.000]  讓我們去面對死亡
[00:45:42.000 --> 00:45:45.000]  求你幫助我們
[00:45:45.000 --> 00:45:50.000]  讓我們因為渴求得到耶和華僕人的稱號
[00:45:50.000 --> 00:45:52.000]  我們衷心於你
[00:45:52.000 --> 00:45:57.000]  我們都相信你會承傳你的應許
[00:45:57.000 --> 00:46:02.000]  我們就擺上我們的信心
[00:46:02.000 --> 00:46:09.000]  而我們都盡我們能夠做的去承傳或者去交棒
[00:46:09.000 --> 00:46:14.000]  因為你會成就你的事工
[00:46:14.000 --> 00:46:16.000]  天父幫助我們
[00:46:16.000 --> 00:46:19.000]  在我們每人不同的階段裡面
[00:46:19.000 --> 00:46:23.000]  年輕的、年長的
[00:46:23.000 --> 00:46:30.000]  在不同階段裡面都幫我們找到生命方向
[00:46:30.000 --> 00:46:33.000]  認定你是我們的主的時候
[00:46:33.000 --> 00:46:36.000]  我們就不會迷惘
[00:46:36.000 --> 00:46:40.000]  幫助我們每一個你喜悅的生命
[00:46:40.000 --> 00:46:43.000]  最後我們能夠得到你的稱號
[00:46:43.000 --> 00:46:46.000]  良善又衷心的僕人
[00:46:46.000 --> 00:46:47.000]  你做得好
[00:46:47.000 --> 00:46:50.000]  我們渴望求你幫助
[00:46:50.000 --> 00:46:52.440]  我們以誠我禱告奉主命寇
[00:46:52.440 --> 00:46:54.440]  阿們
