
[00:00:00.000 --> 00:00:03.000]  鼎姐妹平安
[00:00:03.000 --> 00:00:06.000]  可能大家讀經文時
[00:00:06.000 --> 00:00:10.000]  第一個反應是婚禮經文
[00:00:10.000 --> 00:00:15.000]  很多人在婚禮中都會讀中讀這段經文
[00:00:15.000 --> 00:00:17.000]  這亦是事實
[00:00:17.000 --> 00:00:22.000]  因為我們很多時候在婚禮中都會常中讀
[00:00:22.000 --> 00:00:28.000]  亦是對婚姻關係特別重要的經文
[00:00:28.000 --> 00:00:30.000]  但我想大家特別留意
[00:00:30.000 --> 00:00:36.000]  第32節要特別講到
[00:00:36.000 --> 00:00:41.000]  保羅說其實最重要的是
[00:00:41.000 --> 00:00:44.000]  這是一個極大的奧秘
[00:00:44.000 --> 00:00:48.000]  是指著基督和教會去講的
[00:00:48.000 --> 00:00:54.000]  所以保羅想強調的並不只是婚姻關係
[00:00:54.000 --> 00:00:57.000]  不過他順帶提出婚姻關係
[00:00:57.000 --> 00:00:59.000]  因為在這個比喻上
[00:00:59.000 --> 00:01:01.000]  更加讓人看見
[00:01:01.000 --> 00:01:06.000]  究竟我們和基督的密切關係程度是去到哪裡
[00:01:06.000 --> 00:01:09.000]  所以用這個簡單的比喻
[00:01:09.000 --> 00:01:11.000]  讓大家了解一下
[00:01:11.000 --> 00:01:15.000]  但實際上保羅是在講一個很重大的奧秘
[00:01:15.000 --> 00:01:17.000]  我們和基督的關係
[00:01:17.000 --> 00:01:19.000]  真實的關係會是怎樣呢
[00:01:19.000 --> 00:01:22.000]  所以今天我用一個經文
[00:01:22.000 --> 00:01:27.000]  我特別用這個主題
[00:01:27.000 --> 00:01:30.000]  就是基督和基督同行
[00:01:30.000 --> 00:01:35.000]  如果大家過去有機會和大家分享的時候
[00:01:35.000 --> 00:01:37.000]  我都用「與神同行」
[00:01:37.000 --> 00:01:40.000]  大概這個意念和大家分享
[00:01:40.000 --> 00:01:43.000]  今天要講「與基督同行」
[00:01:43.000 --> 00:01:45.000]  大家千萬不要誤會
[00:01:45.000 --> 00:01:52.000]  我們和基督走走、跨街、玩樂、散步
[00:01:52.000 --> 00:01:54.000]  這樣的意思
[00:01:54.000 --> 00:01:55.000]  並不是這樣
[00:01:55.000 --> 00:01:58.000]  其實「與神同行」也好
[00:01:58.000 --> 00:02:00.000]  我們說「與基督同行」
[00:02:00.000 --> 00:02:04.000]  是在講一個我們和神的生命關係
[00:02:04.000 --> 00:02:07.000]  這個關係是一個連繫的關係
[00:02:07.000 --> 00:02:08.000]  其實整個二福所書
[00:02:08.000 --> 00:02:10.000]  如果我們看到
[00:02:10.000 --> 00:02:14.000]  二福所書被稱為一卷基督論的書卷
[00:02:14.000 --> 00:02:16.000]  這本書的核心
[00:02:16.000 --> 00:02:18.000]  尤其是第一章開始
[00:02:18.000 --> 00:02:20.000]  就講到因為我們在基督裏面
[00:02:20.000 --> 00:02:23.000]  有一個完全不同的身份
[00:02:23.000 --> 00:02:27.000]  我們被揀選、被拯救、被聖靈了印記
[00:02:27.000 --> 00:02:29.000]  以致我們能夠被遷到
[00:02:29.000 --> 00:02:34.000]  在基督的愛子的國度裏面
[00:02:34.000 --> 00:02:36.000]  既然是這樣的時候
[00:02:36.000 --> 00:02:39.000]  上帝藉著基督拆毀了中間的牆
[00:02:39.000 --> 00:02:41.000]  所以第二、第三章要講到
[00:02:41.000 --> 00:02:45.000]  我們和上帝的關係是緊密的
[00:02:45.000 --> 00:02:48.000]  我們和人的關係是緊密的
[00:02:48.000 --> 00:02:51.000]  但是保羅沒有停留在一個
[00:02:51.000 --> 00:02:56.000]  我們和神之間純粹個人的關係上
[00:02:56.000 --> 00:02:59.000]  保羅帶出一個更深的關係
[00:02:59.000 --> 00:03:02.000]  就是我們整體上、整個教會
[00:03:02.000 --> 00:03:05.000]  我們怎樣和基督建立關係
[00:03:05.000 --> 00:03:08.000]  所以這句經文應該嚴格來說
[00:03:08.000 --> 00:03:11.000]  我們與基督同行就是教會
[00:03:11.000 --> 00:03:13.000]  怎樣與基督同行
[00:03:13.000 --> 00:03:16.000]  這樣的一個角度來看
[00:03:16.000 --> 00:03:18.000]  所以在第四章保羅要講到
[00:03:18.000 --> 00:03:20.000]  我們既然蒙召的時候
[00:03:20.000 --> 00:03:23.000]  我們就需要和行事為人
[00:03:23.000 --> 00:03:26.000]  就要和蒙召的因來相懲
[00:03:26.000 --> 00:03:28.000]  我們就要脫穎而生
[00:03:28.000 --> 00:03:34.000]  我們要過一個不是再一個
[00:03:34.000 --> 00:03:37.000]  我以前喜歡發脾氣的生活
[00:03:37.000 --> 00:03:40.000]  我過一個能夠管理自我
[00:03:40.000 --> 00:03:42.000]  我能夠跟從主的生活
[00:03:42.000 --> 00:03:46.000]  所以到第五章的時候
[00:03:46.000 --> 00:03:49.000]  教會和基督的關係會是怎樣呢?
[00:03:49.000 --> 00:03:53.000]  就不是一個僱工和老闆的關係
[00:03:53.000 --> 00:03:57.000]  也不是一個社團和會員的關係
[00:03:57.000 --> 00:04:00.000]  而是一個頭和身體的關係
[00:04:00.000 --> 00:04:02.000]  一個這麼緊密的關係
[00:04:02.000 --> 00:04:08.000]  意思是基督看我們和祂成為連繫
[00:04:08.000 --> 00:04:09.000]  是合一的
[00:04:09.000 --> 00:04:13.000]  是一個共同的關係
[00:04:13.000 --> 00:04:15.000]  所以小路保羅要講到
[00:04:15.000 --> 00:04:17.000]  這是一個極大的奧秘
[00:04:17.000 --> 00:04:20.000]  這段經文我想和大家思想
[00:04:20.000 --> 00:04:22.000]  用三個角度來看
[00:04:22.000 --> 00:04:24.000]  我們怎樣與基督同行
[00:04:24.000 --> 00:04:25.000]  基礎在哪裡呢?
[00:04:25.000 --> 00:04:27.000]  這裡特別講到基礎
[00:04:27.000 --> 00:04:30.000]  就是我們過去怎樣與基督
[00:04:30.000 --> 00:04:33.000]  已經有一個基本的基礎
[00:04:33.000 --> 00:04:35.000]  就是基督為我們寫命
[00:04:35.000 --> 00:04:37.000]  這是最基本的基礎
[00:04:37.000 --> 00:04:40.000]  然後帶來我們在現在人生的路上
[00:04:40.000 --> 00:04:43.000]  我們與基督同行
[00:04:43.000 --> 00:04:45.000]  這個同行就是我們怎樣
[00:04:45.000 --> 00:04:48.000]  不斷被基督洗淨
[00:04:48.000 --> 00:04:50.000]  正如我們經常講
[00:04:50.000 --> 00:04:52.000]  我們怎樣不斷在基督裡面
[00:04:52.000 --> 00:04:54.000]  過一個神聖的生活
[00:04:54.000 --> 00:04:56.000]  然後最後就是
[00:04:56.000 --> 00:04:59.000]  基督原來要我們成為聖潔之後
[00:04:59.000 --> 00:05:02.000]  獻上給誰呢?
[00:05:02.000 --> 00:05:04.000]  就是獻給自己
[00:05:04.000 --> 00:05:07.000]  意思就是說將來在永恆的角度
[00:05:07.000 --> 00:05:11.000]  我們與基督的關係是密不可分的
[00:05:11.000 --> 00:05:14.000]  就好像地上我們最能夠想像
[00:05:14.000 --> 00:05:17.000]  就是夫婦的關係
[00:05:17.000 --> 00:05:19.000]  我們用三點來看
[00:05:19.000 --> 00:05:21.000]  第一方面我們要思想
[00:05:21.000 --> 00:05:25.000]  我們與基督同行的基礎在哪裡呢?
[00:05:25.000 --> 00:05:28.000]  就是因為基督為我們寫命
[00:05:28.000 --> 00:05:30.000]  基督的寫命帶來
[00:05:30.000 --> 00:05:35.000]  跟我們教會最基本的根基有關係
[00:05:35.000 --> 00:05:38.000]  教會是基督的頭
[00:05:38.000 --> 00:05:40.000]  所以用一個比喻
[00:05:40.000 --> 00:05:41.000]  第23節說到
[00:05:41.000 --> 00:05:43.000]  丈夫既然是妻子的頭
[00:05:43.000 --> 00:05:46.000]  就好像基督是教會的頭一樣
[00:05:46.000 --> 00:05:51.000]  然後他也是教會全體的救主
[00:05:51.000 --> 00:05:54.000]  我們在基督的關係裡面
[00:05:54.000 --> 00:05:56.000]  從哪裡開始呢?
[00:05:56.000 --> 00:06:00.000]  由我們以基督為我們的頭開始
[00:06:00.000 --> 00:06:01.000]  基督為我們的頭
[00:06:01.000 --> 00:06:03.000]  因為基督為我們寫命
[00:06:03.000 --> 00:06:08.000]  所以我們今天需要與基督同行的過程
[00:06:08.000 --> 00:06:12.000]  事實上要告訴我們一個很重要的過程
[00:06:12.000 --> 00:06:16.000]  就是因為我們還作罪人的時候
[00:06:16.000 --> 00:06:17.000]  基督
[00:06:17.000 --> 00:06:19.000]  本來我們與基督為敵的
[00:06:19.000 --> 00:06:22.000]  但現在已經不再偏離路
[00:06:22.000 --> 00:06:24.000]  我們可以與基督一起
[00:06:24.000 --> 00:06:27.000]  所以我們能夠成為基督的身體
[00:06:27.000 --> 00:06:29.000]  基督成為我們的頭
[00:06:29.000 --> 00:06:32.000]  不是因為我們有多好
[00:06:32.000 --> 00:06:34.000]  是因為基督已經寫命
[00:06:34.000 --> 00:06:38.000]  因為基督已經做了所有的事
[00:06:38.000 --> 00:06:42.000]  而我們就願意去馴服去配合
[00:06:42.000 --> 00:06:44.000]  所以今天我們去看
[00:06:44.000 --> 00:06:47.000]  如果大家去大嶼山去看
[00:06:47.000 --> 00:06:49.000]  與什麼同行
[00:06:49.000 --> 00:06:50.000]  經常都會說
[00:06:50.000 --> 00:06:56.000]  世界的同行與基督同行有沒有分別呢?
[00:06:56.000 --> 00:06:58.000]  最重要的分別就是
[00:06:58.000 --> 00:07:01.000]  基督先為我們寫記
[00:07:01.000 --> 00:07:04.000]  我們不是放下什麼
[00:07:04.000 --> 00:07:06.000]  不是我們可以做什麼
[00:07:06.000 --> 00:07:08.000]  不是我們可以行善什麼
[00:07:08.000 --> 00:07:11.000]  而是先有基督的寫命
[00:07:11.000 --> 00:07:17.000]  然後我們才能夠有機會去面對一個新的生命
[00:07:17.000 --> 00:07:19.000]  所以今天我們與基督同行
[00:07:19.000 --> 00:07:24.000]  不是靠意志去支撐生活
[00:07:24.000 --> 00:07:27.000]  而是我們讓基督怎樣的寫命
[00:07:27.000 --> 00:07:33.000]  成為我們一個新的絕對大的方向
[00:07:33.000 --> 00:07:35.000]  所以這個頭
[00:07:35.000 --> 00:07:38.000]  這個頭就是最重要的
[00:07:38.000 --> 00:07:40.000]  如果當你一說起頭的時候
[00:07:40.000 --> 00:07:44.000]  不知道大家腦海浮現什麼呢?
[00:07:44.000 --> 00:07:47.000]  會不會只是你公司的上司
[00:07:47.000 --> 00:07:49.000]  這個才是頭
[00:07:49.000 --> 00:07:51.000]  或者是一些權威人士
[00:07:51.000 --> 00:07:53.000]  說這個命令你不聽
[00:07:53.000 --> 00:07:55.000]  不行這樣的情況
[00:07:55.000 --> 00:07:57.000]  但我們說世界的頭
[00:07:57.000 --> 00:08:01.000]  通常是有控制慾的
[00:08:01.000 --> 00:08:04.000]  剝削你或壓榨你
[00:08:04.000 --> 00:08:06.000]  但是基督成為我們的頭
[00:08:06.000 --> 00:08:07.000]  不是的
[00:08:07.000 --> 00:08:10.000]  他是先為你為我犧牲
[00:08:10.000 --> 00:08:12.000]  這個才是頭去做
[00:08:12.000 --> 00:08:15.000]  或者基督的確成為我們的頭
[00:08:15.000 --> 00:08:18.000]  他與世人的頭不同
[00:08:18.000 --> 00:08:20.000]  他不是剝削我們
[00:08:20.000 --> 00:08:23.000]  他是先來給過我們
[00:08:23.000 --> 00:08:25.000]  所以經文你要告訴我們
[00:08:25.000 --> 00:08:27.000]  既然基督是我們的頭
[00:08:27.000 --> 00:08:29.000]  保羅就接著這樣說
[00:08:29.000 --> 00:08:34.000]  他就是教會全體的救主
[00:08:34.000 --> 00:08:36.000]  所以基督成為我們的頭
[00:08:36.000 --> 00:08:38.000]  基督不是坐享其成
[00:08:38.000 --> 00:08:41.000]  他不是將我們辛辛苦苦做來的
[00:08:41.000 --> 00:08:43.000]  給了基督
[00:08:43.000 --> 00:08:46.000]  而是基督先為我們寫命
[00:08:46.000 --> 00:08:50.000]  所以今天如果丈夫對妻子說
[00:08:50.000 --> 00:08:52.000]  我是你的頭
[00:08:52.000 --> 00:08:53.000]  所以你要聽我說
[00:08:53.000 --> 00:08:54.000]  這個是壓榨
[00:08:54.000 --> 00:08:55.000]  這個是霸權
[00:08:55.000 --> 00:08:57.000]  這個不是聖經的道理
[00:08:57.000 --> 00:09:00.000]  聖經的道理就是基督先寫命
[00:09:00.000 --> 00:09:02.000]  所以如果丈夫要跟妻子說
[00:09:02.000 --> 00:09:04.000]  我是你的頭的時候
[00:09:04.000 --> 00:09:08.000]  你基本上就要為妻子犧牲
[00:09:08.000 --> 00:09:10.000]  這個才是頭
[00:09:10.000 --> 00:09:12.000]  這個才是福音
[00:09:12.000 --> 00:09:15.000]  但是我們知道這個世界充斥著
[00:09:15.000 --> 00:09:19.000]  很多假的頭
[00:09:19.000 --> 00:09:21.000]  為什麼黃賭毒詐
[00:09:21.000 --> 00:09:25.000]  這麼能夠勾引人犯罪呢?
[00:09:25.000 --> 00:09:27.000]  因為是粉飾了
[00:09:27.000 --> 00:09:29.000]  粉飾了頭的樣子
[00:09:29.000 --> 00:09:33.000]  他粉飾了他可以滿足你
[00:09:33.000 --> 00:09:35.000]  他可以給你快樂
[00:09:35.000 --> 00:09:37.000]  他可以紓解你減壓
[00:09:37.000 --> 00:09:40.000]  但是原來越減越有壓力
[00:09:40.000 --> 00:09:43.000]  或者這些世界的方式
[00:09:43.000 --> 00:09:47.000]  只是堂醫包住了外醫
[00:09:47.000 --> 00:09:50.000]  實際上對我們沒有好處
[00:09:50.000 --> 00:09:52.000]  反而是壓榨我們
[00:09:52.000 --> 00:09:54.000]  最重要這個世界是壓榨
[00:09:54.000 --> 00:09:56.000]  在你身上得利益
[00:09:56.000 --> 00:09:59.000]  所以我們要去看到
[00:09:59.000 --> 00:10:04.000]  這個頭跟這個世界錯誤的頭不同
[00:10:04.000 --> 00:10:07.000]  基督是為了拯救我們
[00:10:07.000 --> 00:10:10.000]  所以今天我們要去看
[00:10:10.000 --> 00:10:15.000]  這個世界跟基督在教會裡的角色
[00:10:15.000 --> 00:10:18.000]  是完全相反的一個關係
[00:10:18.000 --> 00:10:20.000]  我們最重要的是
[00:10:20.000 --> 00:10:24.000]  我們如何在跟基督的親密關係裡
[00:10:24.000 --> 00:10:26.000]  這個才是找到我們人生
[00:10:26.000 --> 00:10:28.000]  或者上帝創造我們的時候
[00:10:28.000 --> 00:10:32.000]  那個幸福的關鍵
[00:10:32.000 --> 00:10:34.000]  當很多人一想的時候
[00:10:34.000 --> 00:10:37.000]  為什麼我們一想到父母的愛
[00:10:37.000 --> 00:10:39.000]  我們心裡特別感動
[00:10:39.000 --> 00:10:41.000]  通常因為父母的愛
[00:10:41.000 --> 00:10:43.000]  特別是母親的愛
[00:10:43.000 --> 00:10:46.000]  應該特別偉大
[00:10:46.000 --> 00:10:48.000]  他的犧牲會多一點
[00:10:48.000 --> 00:10:52.000]  但是我們今天看到這個世界
[00:10:52.000 --> 00:10:55.000]  為什麼今天家庭這麼多破碎
[00:10:55.000 --> 00:10:57.000]  如果我們去看離婚率
[00:10:57.000 --> 00:11:00.000]  這個數字看到嗎?
[00:11:00.000 --> 00:11:02.000]  看不到也不要緊
[00:11:02.000 --> 00:11:04.000]  這個數字也不是很重要
[00:11:04.000 --> 00:11:08.000]  但是我們看到離婚率在全世界裡面
[00:11:08.000 --> 00:11:10.000]  最高的當然是歐洲
[00:11:10.000 --> 00:11:12.000]  但是香港也不輸蝕
[00:11:12.000 --> 00:11:14.000]  香港也有40%
[00:11:14.000 --> 00:11:16.000]  其實意思是兩對左右
[00:11:16.000 --> 00:11:18.000]  兩對結婚
[00:11:18.000 --> 00:11:20.000]  有一對說要離婚
[00:11:20.000 --> 00:11:23.000]  這個數字越來越讓我們看到
[00:11:23.000 --> 00:11:26.000]  反映一個很深層的問題
[00:11:26.000 --> 00:11:29.000]  婚姻我們看為一個很親密的關係
[00:11:29.000 --> 00:11:32.000]  但是我們又看到為什麼今天這麼多人
[00:11:32.000 --> 00:11:35.000]  在婚姻裡面找不到親密感
[00:11:35.000 --> 00:11:38.000]  或者找不到幸福感
[00:11:38.000 --> 00:11:39.000]  為什麼呢?
[00:11:39.000 --> 00:11:44.000]  就是源於因為我們失去了真正的阿頭
[00:11:44.000 --> 00:11:49.000]  我們失去了真正的這位基督成為我們的阿頭
[00:11:49.000 --> 00:11:51.000]  一般人或者今天的人
[00:11:51.000 --> 00:11:53.000]  只是靠自己
[00:11:53.000 --> 00:11:59.000]  讓自己有限軟弱成為人生的一個導引
[00:11:59.000 --> 00:12:03.000]  所以令到我們今天落在一個困苦的裡面
[00:12:03.000 --> 00:12:09.000]  所以在一個很出名的心理學家廖去講道
[00:12:09.000 --> 00:12:13.000]  就是今天我們人的關係
[00:12:13.000 --> 00:12:19.000]  百分百取決於人際關係的失落
[00:12:19.000 --> 00:12:23.000]  所以我們這麼多人找不到開心的地方
[00:12:23.000 --> 00:12:24.000]  有一本書
[00:12:24.000 --> 00:12:28.000]  最近看到一本書叫《失控的焦慮世代》
[00:12:28.000 --> 00:12:30.000]  都告訴我們今天很多人
[00:12:30.000 --> 00:12:34.000]  在恐懼裡面或者在痛苦裡面去生活
[00:12:34.000 --> 00:12:37.000]  但是人怎樣才能夠突破
[00:12:37.000 --> 00:12:42.000]  去將這些痛苦釋放出來呢?
[00:12:42.000 --> 00:12:44.000]  怎樣可以在這些焦慮
[00:12:44.000 --> 00:12:47.000]  或者在這些這麼多人睡不著覺的裡面
[00:12:47.000 --> 00:12:49.000]  能夠去釋放呢?
[00:12:49.000 --> 00:12:52.000]  我們就要找回你的頭
[00:12:52.000 --> 00:12:53.000]  究竟是誰?
[00:12:53.000 --> 00:12:59.000]  你今天找回你的靠山是誰?
[00:12:59.000 --> 00:13:01.000]  會不會是因為我們失去了阿頭
[00:13:01.000 --> 00:13:04.000]  我們失去了一個最基本的靠山
[00:13:04.000 --> 00:13:07.000]  所以我們今天就處於
[00:13:07.000 --> 00:13:11.000]  常常在一個焦慮、失控、痛苦的裡面
[00:13:11.000 --> 00:13:13.000]  所以第一點
[00:13:13.000 --> 00:13:17.000]  我希望大家先跟旁邊那個說,不要怕
[00:13:17.000 --> 00:13:19.000]  基督是我們的阿頭
[00:13:19.000 --> 00:13:21.000]  找回阿頭
[00:13:21.000 --> 00:13:25.000]  才能夠幫我們拼回我們的人生
[00:13:25.000 --> 00:13:27.000]  基督是我們的阿頭
[00:13:27.000 --> 00:13:29.000]  這個阿頭不會壓迫我們
[00:13:29.000 --> 00:13:30.000]  他反而是拯救我們
[00:13:30.000 --> 00:13:32.000]  他願意為我們寫命
[00:13:32.000 --> 00:13:34.000]  所以我們看完這個頭之後
[00:13:34.000 --> 00:13:36.000]  第二方面我們要思想
[00:13:36.000 --> 00:13:38.000]  在整個人生的過程裡面
[00:13:38.000 --> 00:13:42.000]  基督是要不斷地來洗淨我們
[00:13:42.000 --> 00:13:44.000]  不只是我們一個人
[00:13:44.000 --> 00:13:48.000]  他還要整個教會都來洗淨
[00:13:48.000 --> 00:13:50.000]  所以在二十六節你要告訴我們
[00:13:50.000 --> 00:13:53.000]  是要用水直接地將教會洗淨
[00:13:53.000 --> 00:13:55.000]  成為聖潔
[00:13:55.000 --> 00:13:58.000]  我們既然以基督為我們的頭
[00:13:58.000 --> 00:14:01.000]  基督怎樣來代替我們的身體呢?
[00:14:01.000 --> 00:14:05.000]  就是要讓我們不斷地成為聖潔
[00:14:05.000 --> 00:14:06.000]  人對自我的身體
[00:14:06.000 --> 00:14:10.000]  我相信基本上都是愛護的
[00:14:10.000 --> 00:14:12.000]  很少人自己插自己
[00:14:12.000 --> 00:14:14.000]  我們不會整天都在插自己
[00:14:14.000 --> 00:14:18.000]  我們正常都會很願意保護他
[00:14:18.000 --> 00:14:19.000]  照顧他
[00:14:19.000 --> 00:14:20.000]  供應他
[00:14:20.000 --> 00:14:23.000]  不會隨便傷害自己的身體
[00:14:23.000 --> 00:14:26.000]  所以他用婚姻的關係一樣
[00:14:26.000 --> 00:14:28.000]  丈夫對妻子也是
[00:14:28.000 --> 00:14:29.000]  不會整天插他
[00:14:29.000 --> 00:14:31.000]  如果你整天頂撞你妻子
[00:14:31.000 --> 00:14:32.000]  都要反思一下
[00:14:32.000 --> 00:14:35.000]  我們都需要不斷地來愛護
[00:14:35.000 --> 00:14:36.000]  愛惜他
[00:14:36.000 --> 00:14:38.000]  基督代我們都是一樣
[00:14:38.000 --> 00:14:41.000]  如果水和聖靈的工作
[00:14:41.000 --> 00:14:43.000]  水就是代表聖靈的工作
[00:14:43.000 --> 00:14:45.000]  道就是神的話語
[00:14:45.000 --> 00:14:48.000]  基督接著聖靈和神的話語
[00:14:48.000 --> 00:14:52.000]  不斷地來教導帶領我們
[00:14:52.000 --> 00:14:54.000]  如果大家記得始祖犯罪
[00:14:54.000 --> 00:14:56.000]  最基本的反應是什麼呢?
[00:14:56.000 --> 00:14:58.000]  三大反應
[00:14:58.000 --> 00:15:01.000]  第一樣就是覺得自己羞恥
[00:15:01.000 --> 00:15:04.000]  就用自己的方法來遮自己的羞恥
[00:15:04.000 --> 00:15:06.000]  用自己的方法
[00:15:06.000 --> 00:15:08.000]  來看哪些是罪
[00:15:08.000 --> 00:15:09.000]  哪些不是罪
[00:15:09.000 --> 00:15:10.000]  第二方面就是
[00:15:10.000 --> 00:15:13.000]  開始聽見上帝的聲音
[00:15:13.000 --> 00:15:14.000]  來恐懼
[00:15:14.000 --> 00:15:15.000]  為什麼恐懼呢?
[00:15:15.000 --> 00:15:17.000]  因為知道有一個很重要的咒詛
[00:15:17.000 --> 00:15:20.000]  也是人類第一條的誡命
[00:15:20.000 --> 00:15:23.000]  就是你吃的日子必定死
[00:15:23.000 --> 00:15:25.000]  所以人因為這樣的緣故
[00:15:25.000 --> 00:15:28.000]  就逃避面對上帝
[00:15:28.000 --> 00:15:29.000]  逃避神
[00:15:29.000 --> 00:15:30.000]  不想見到上帝
[00:15:30.000 --> 00:15:31.000]  然後第三樣
[00:15:31.000 --> 00:15:33.000]  我們知道人犯罪之後
[00:15:33.000 --> 00:15:34.000]  就怕問責
[00:15:34.000 --> 00:15:37.000]  從來都不會一人做事一人當
[00:15:37.000 --> 00:15:39.000]  全部都是姓賴的
[00:15:39.000 --> 00:15:40.000]  我們大家都是
[00:15:40.000 --> 00:15:41.000]  哪個問題呢?
[00:15:41.000 --> 00:15:43.000]  當然是對方的問題
[00:15:43.000 --> 00:15:45.000]  我們推卸責任
[00:15:45.000 --> 00:15:46.000]  阿當就推給夏娃
[00:15:46.000 --> 00:15:48.000]  夏娃就推給那條蛇
[00:15:48.000 --> 00:15:50.000]  不過上帝對那條蛇
[00:15:50.000 --> 00:15:53.000]  就沒有什麼問候
[00:15:53.000 --> 00:15:57.000]  不會再給他有狡辯的情況
[00:15:57.000 --> 00:15:59.000]  但是上帝願意聽我們去說
[00:15:59.000 --> 00:16:03.000]  就是要讓我們從這個犯了罪
[00:16:03.000 --> 00:16:05.000]  這個犯了第一條的誡命
[00:16:05.000 --> 00:16:08.000]  或者最重要的誡命之後
[00:16:08.000 --> 00:16:10.000]  讓我們能夠知罪
[00:16:10.000 --> 00:16:12.000]  所以律法最重要告訴我們
[00:16:12.000 --> 00:16:14.000]  就是要讓我們去知罪
[00:16:14.000 --> 00:16:16.000]  所以律法反而是一個因典
[00:16:16.000 --> 00:16:19.000]  讓我們能夠從知罪裡面
[00:16:19.000 --> 00:16:20.000]  了出來
[00:16:20.000 --> 00:16:23.000]  所以今天我們在成性的過程
[00:16:23.000 --> 00:16:25.000]  基督教的入門就告訴我們
[00:16:25.000 --> 00:16:28.000]  我們首先要知道自己是一個罪人
[00:16:28.000 --> 00:16:31.000]  如果我們自己不知道自己是罪人
[00:16:31.000 --> 00:16:33.000]  或者做慣了基督徒
[00:16:33.000 --> 00:16:34.000]  覺得自己特別好
[00:16:34.000 --> 00:16:36.000]  因為在教會裡面
[00:16:36.000 --> 00:16:38.000]  應該是特別好的
[00:16:38.000 --> 00:16:39.000]  個個都是好人
[00:16:39.000 --> 00:16:42.000]  以為自己是特別好
[00:16:42.000 --> 00:16:43.000]  所以我們出到去
[00:16:43.000 --> 00:16:45.000]  我們就可能用歧視眼光
[00:16:45.000 --> 00:16:46.000]  來對別人
[00:16:46.000 --> 00:16:48.000]  這個是我們不正確
[00:16:48.000 --> 00:16:52.000]  來看到我們的生命是怎樣
[00:16:52.000 --> 00:16:55.000]  所以第一樣我們要知道
[00:16:55.000 --> 00:16:58.000]  就是我們根本就是在犯罪裡面
[00:16:58.000 --> 00:17:01.000]  我們大家你是大罪還是小罪
[00:17:01.000 --> 00:17:02.000]  其實不重要
[00:17:02.000 --> 00:17:05.000]  最重要的是我們大家都是罪人
[00:17:05.000 --> 00:17:08.000]  而因為罪所以我們和上帝遠離
[00:17:08.000 --> 00:17:10.000]  也因為我們和上帝遠離
[00:17:10.000 --> 00:17:14.000]  我們和人與人之間的關係也會遠離
[00:17:14.000 --> 00:17:17.000]  所以有些人說過
[00:17:17.000 --> 00:17:20.000]  人類最大的黑暗是什麼呢
[00:17:20.000 --> 00:17:23.000]  其實不是犯罪的本身
[00:17:23.000 --> 00:17:25.000]  犯罪本身當然是黑暗
[00:17:25.000 --> 00:17:28.000]  但是不斷用黑暗的方式
[00:17:28.000 --> 00:17:30.000]  來去遮蓋自己的罪
[00:17:30.000 --> 00:17:33.000]  用說謊、用推卸責任
[00:17:33.000 --> 00:17:35.000]  來遮蓋自己的罪
[00:17:35.000 --> 00:17:37.000]  不斷落在黑暗裡面
[00:17:37.000 --> 00:17:40.000]  這個才是最大的黑暗
[00:17:40.000 --> 00:17:42.000]  所以上帝來幫助我們
[00:17:42.000 --> 00:17:45.000]  就是怎樣去除去這個黑暗
[00:17:45.000 --> 00:17:47.000]  他和人的方法不同
[00:17:47.000 --> 00:17:50.000]  上帝不是要我們好過
[00:17:50.000 --> 00:17:52.000]  如果我們人與人之間的關係
[00:17:52.000 --> 00:17:55.000]  我們覺得不好意思
[00:17:55.000 --> 00:17:57.000]  告訴別人你的錯誤的時候
[00:17:57.000 --> 00:18:01.000]  我們就會任由別人繼續犯下去
[00:18:01.000 --> 00:18:04.000]  但是上帝用的方法不是這樣
[00:18:04.000 --> 00:18:08.000]  上帝的方法就是要指出人真正的問題
[00:18:08.000 --> 00:18:11.000]  基督的保護不是幫我們遮羞
[00:18:11.000 --> 00:18:16.000]  基督的保護是要讓我們認清自己的問題
[00:18:16.000 --> 00:18:18.000]  當我們認清自己的問題
[00:18:18.000 --> 00:18:21.000]  我們才有能力解決自己的問題
[00:18:21.000 --> 00:18:25.000]  或者才能夠走上這個誠信之路
[00:18:25.000 --> 00:18:27.000]  人與人之間的失和
[00:18:27.000 --> 00:18:30.000]  都是我們知道犯罪之後的結果
[00:18:30.000 --> 00:18:32.000]  所以既然是這樣的時候
[00:18:32.000 --> 00:18:34.000]  我們就需要看清楚
[00:18:34.000 --> 00:18:37.000]  今天我們怎樣在基督裡面
[00:18:37.000 --> 00:18:39.000]  即是說是罪人
[00:18:39.000 --> 00:18:42.000]  我們怎樣不斷地去更新這個過程
[00:18:42.000 --> 00:18:44.000]  所以阿德勒你要說到
[00:18:44.000 --> 00:18:47.000]  人類最大的煩惱
[00:18:47.000 --> 00:18:51.000]  八分之八都是來自於人際關係
[00:18:51.000 --> 00:18:54.000]  而我們很相信
[00:18:54.000 --> 00:18:56.000]  為什麼人際關係這麼棘手
[00:18:56.000 --> 00:19:00.000]  就是因為我們同神之間的關係不和諧
[00:19:00.000 --> 00:19:02.000]  如果我們今天發現
[00:19:02.000 --> 00:19:04.000]  你經常跟別人吵架
[00:19:04.000 --> 00:19:06.000]  你跟別人過不去
[00:19:06.000 --> 00:19:09.000]  其實要反思就不只是人的問題
[00:19:09.000 --> 00:19:13.000]  我要反思究竟我跟上帝的關係是怎樣
[00:19:13.000 --> 00:19:16.000]  然後才去解決人與人之間的關係
[00:19:16.000 --> 00:19:19.000]  大家不知道有沒有知道
[00:19:19.000 --> 00:19:27.000]  有些人說將垃圾改成變廢為寶
[00:19:27.000 --> 00:19:30.000]  我們怎樣去體會
[00:19:30.000 --> 00:19:32.000]  今天回收這個觀念
[00:19:32.000 --> 00:19:34.000]  我想現在這個回收觀念
[00:19:34.000 --> 00:19:37.000]  大家都容易一點去理解
[00:19:37.000 --> 00:19:38.000]  如果再早年
[00:19:38.000 --> 00:19:41.000]  或者五十年前或者七十年前
[00:19:41.000 --> 00:19:44.000]  講回收可能大家都未理解
[00:19:44.000 --> 00:19:47.000]  覺得拿垃圾回來就是垃圾
[00:19:47.000 --> 00:19:48.000]  但我們看到
[00:19:48.000 --> 00:19:53.000]  有些人將廢物變成好處
[00:19:53.000 --> 00:19:56.000]  很多所謂垃圾的藝術家
[00:19:56.000 --> 00:19:58.000]  將這些藝術
[00:19:58.000 --> 00:20:01.000]  將垃圾變成一些可用的
[00:20:01.000 --> 00:20:04.000]  美麗的、重造的東西
[00:20:04.000 --> 00:20:06.000]  其實如果大家去看自己
[00:20:06.000 --> 00:20:08.000]  我們自己可能本來
[00:20:08.000 --> 00:20:11.000]  不死也沒有用的情況
[00:20:11.000 --> 00:20:15.000]  但如果我們看自己本來是在廢墟之中
[00:20:15.000 --> 00:20:17.000]  上帝撿我們回來
[00:20:17.000 --> 00:20:20.000]  但上帝重塑我們
[00:20:20.000 --> 00:20:24.000]  要讓人在我們生命裏看到上帝的傑作
[00:20:24.000 --> 00:20:26.000]  所以今天上帝在你生命裏
[00:20:26.000 --> 00:20:29.000]  會不會是這麼小的呢?
[00:20:29.000 --> 00:20:32.000]  今天你面對人與人之間的關係
[00:20:32.000 --> 00:20:33.000]  搞不定
[00:20:33.000 --> 00:20:35.000]  究竟是因為上帝搞不定
[00:20:35.000 --> 00:20:39.000]  還是因為你不肯被上帝搞定呢?
[00:20:39.000 --> 00:20:42.000]  所以我們今天要更新我們的生命
[00:20:42.000 --> 00:20:46.000]  讓我們這個本來是廢的生命
[00:20:46.000 --> 00:20:49.000]  成為一個寶貝的生命
[00:20:49.000 --> 00:20:53.000]  很多年前我在戶外去生活營的時候
[00:20:53.000 --> 00:20:55.000]  那年好像和展秋
[00:20:55.000 --> 00:20:56.000]  我帶著小朋友
[00:20:56.000 --> 00:20:58.000]  展秋也是帶著小朋友去的時候
[00:20:58.000 --> 00:21:01.000]  我第一次見到戶外的弟兄
[00:21:01.000 --> 00:21:02.000]  覺得很感動
[00:21:02.000 --> 00:21:05.000]  畫龍畫鳳的人抱著我兒子
[00:21:05.000 --> 00:21:06.000]  很溫柔
[00:21:06.000 --> 00:21:10.000]  他們很溫柔地對待我們的小朋友
[00:21:10.000 --> 00:21:12.000]  上山下山
[00:21:12.000 --> 00:21:13.000]  完全是
[00:21:13.000 --> 00:21:17.000]  你看到他們本來的生命
[00:21:17.000 --> 00:21:20.000]  人都看為是沒有用的
[00:21:20.000 --> 00:21:24.000]  他們吸毒又犯罪等等
[00:21:24.000 --> 00:21:26.000]  但是在上帝的感動之下
[00:21:26.000 --> 00:21:29.000]  他們的生命就變為寶貝
[00:21:29.000 --> 00:21:32.000]  今天可能你也要看一下你旁邊那個
[00:21:32.000 --> 00:21:34.000]  他的生命也很寶貴
[00:21:34.000 --> 00:21:39.000]  又要從旁邊眼睛裡面看一下自己
[00:21:39.000 --> 00:21:41.000]  原來上帝也創造了你
[00:21:41.000 --> 00:21:42.000]  是很寶貴的
[00:21:42.000 --> 00:21:47.000]  讓耶穌基督的生命為我們犧牲
[00:21:47.000 --> 00:21:49.000]  帶來給我們的生命
[00:21:49.000 --> 00:21:52.000]  再重新過一個新的生活
[00:21:52.000 --> 00:21:53.000]  我覺得我初信主的時候
[00:21:53.000 --> 00:21:55.000]  有一本書很影響我
[00:21:55.000 --> 00:21:59.000]  這本書叫做《跟隨他的腳蹤》
[00:21:59.000 --> 00:22:02.000]  不是現在後期那本
[00:22:02.000 --> 00:22:04.000]  就是《What would Jesus do》
[00:22:04.000 --> 00:22:06.000]  是在前期那本
[00:22:06.000 --> 00:22:07.000]  《In His Steps》
[00:22:07.000 --> 00:22:10.000]  我們去問一個問題
[00:22:10.000 --> 00:22:12.000]  其實這個可能是一個
[00:22:12.000 --> 00:22:18.000]  作者寫一些小說的過程
[00:22:18.000 --> 00:22:21.000]  但是他問了一個很重要的問題
[00:22:21.000 --> 00:22:23.000]  直到今天
[00:22:23.000 --> 00:22:25.000]  他對我們很多的基督徒
[00:22:25.000 --> 00:22:26.000]  都有一個很大的影響
[00:22:26.000 --> 00:22:28.000]  就是如果今天耶穌在
[00:22:28.000 --> 00:22:31.000]  耶穌會做些什麼呢?
[00:22:31.000 --> 00:22:33.000]  耶穌會怎麼做呢?
[00:22:33.000 --> 00:22:35.000]  當我初信的時候
[00:22:35.000 --> 00:22:37.000]  我看這本書的時候
[00:22:37.000 --> 00:22:38.000]  我都會問
[00:22:38.000 --> 00:22:40.000]  究竟我現在做這個抉擇
[00:22:40.000 --> 00:22:42.000]  究竟耶穌如果在
[00:22:42.000 --> 00:22:43.000]  祂會怎麼抉擇呢?
[00:22:43.000 --> 00:22:45.000]  其實對我的生命有很大的影響
[00:22:45.000 --> 00:22:47.000]  今天我也相信
[00:22:47.000 --> 00:22:49.000]  這句話也會影響我們
[00:22:49.000 --> 00:22:52.000]  我們再不是靠著血氣
[00:22:52.000 --> 00:22:56.000]  去過一個遮掩、逃避、推卸責任的生活
[00:22:56.000 --> 00:22:59.000]  而是我們要讓基督的光照
[00:22:59.000 --> 00:23:02.000]  不斷讓我們的生命更新、被潔淨
[00:23:02.000 --> 00:23:05.000]  然後活出似基督的樣式
[00:23:05.000 --> 00:23:08.000]  所以今天如果當我面對人際衝突的時候
[00:23:08.000 --> 00:23:11.000]  或者是金錢去試探
[00:23:11.000 --> 00:23:13.000]  名譽誘惑你的時候
[00:23:13.000 --> 00:23:15.000]  你願不願意先問
[00:23:15.000 --> 00:23:17.000]  先問問耶穌
[00:23:17.000 --> 00:23:18.000]  耶穌你會怎麼做呢?
[00:23:18.000 --> 00:23:20.000]  然後讓祂的道
[00:23:20.000 --> 00:23:22.000]  讓聖靈的帶領
[00:23:22.000 --> 00:23:25.000]  怎樣將我們的生命不斷地過濾
[00:23:25.000 --> 00:23:26.000]  然後潔淨我們
[00:23:26.000 --> 00:23:29.000]  以致我們的動機和抉擇
[00:23:29.000 --> 00:23:31.000]  都是在基督裡面
[00:23:31.000 --> 00:23:34.000]  成為一個合神心意的人
[00:23:34.000 --> 00:23:36.000]  所以我們再講一下
[00:23:36.000 --> 00:23:39.000]  人類的痛苦除了看不中自己的頭
[00:23:39.000 --> 00:23:41.000]  找不到自己的頭之外
[00:23:41.000 --> 00:23:43.000]  第二個人類最大的痛苦
[00:23:43.000 --> 00:23:47.000]  就是我們在人際關係上失落
[00:23:47.000 --> 00:23:49.000]  而人際關係上的失落
[00:23:49.000 --> 00:23:53.000]  就是因為我們難以坦誠地面對
[00:23:53.000 --> 00:23:57.000]  和人建立一個愛和寬恕的生活
[00:23:57.000 --> 00:23:58.000]  但是因為我們在基督裡面
[00:23:58.000 --> 00:23:59.000]  我們靠著基督
[00:23:59.000 --> 00:24:02.000]  我們在基督的家裡面
[00:24:02.000 --> 00:24:03.000]  我們回教會
[00:24:03.000 --> 00:24:05.000]  我們就是能夠去學習
[00:24:05.000 --> 00:24:08.000]  去實踐什麼叫彼此相愛
[00:24:08.000 --> 00:24:09.000]  所以在教會裡面
[00:24:09.000 --> 00:24:12.000]  我們最大的學習不是聽道
[00:24:12.000 --> 00:24:14.000]  在教會裡面最大的學習就是
[00:24:14.000 --> 00:24:17.000]  我們怎樣實踐基督愛的真理
[00:24:17.000 --> 00:24:20.000]  讓我們在大家本來很不同的裡面
[00:24:20.000 --> 00:24:22.000]  我們怎樣能夠在基督裡面
[00:24:22.000 --> 00:24:26.000]  和諧、親密的關係
[00:24:26.000 --> 00:24:29.000]  所以我希望和旁邊的人說
[00:24:29.000 --> 00:24:30.000]  你就是我的支持
[00:24:30.000 --> 00:24:32.000]  我就是你的支持
[00:24:32.000 --> 00:24:34.000]  我們是彼此的支持
[00:24:34.000 --> 00:24:38.000]  讓我們的生活是藉著聖靈的帶領
[00:24:38.000 --> 00:24:41.000]  和神的話語不斷地更新我們
[00:24:41.000 --> 00:24:44.000]  我們那個不是自我保護的生活
[00:24:44.000 --> 00:24:47.000]  而是彼此提醒彼此相愛
[00:24:47.000 --> 00:24:52.000]  彼此去建立像基督那樣的生活方式
[00:24:52.000 --> 00:24:55.000]  第三方面其實也是最震撼的
[00:24:55.000 --> 00:24:58.000]  就是史陶寶羅這裡說到
[00:24:58.000 --> 00:25:02.000]  基督最終極的關係是什麼呢?
[00:25:02.000 --> 00:25:05.000]  我們和基督同行最終極的關係
[00:25:05.000 --> 00:25:10.000]  就是要讓我們成為可以獻給他自己
[00:25:10.000 --> 00:25:14.000]  一個最榮耀的身體
[00:25:14.000 --> 00:25:17.000]  這個就是令人震撼的一個奧秘
[00:25:17.000 --> 00:25:20.000]  所以基督願意帶來給我們
[00:25:20.000 --> 00:25:25.000]  是我們整個生命都成為像基督
[00:25:25.000 --> 00:25:28.000]  是在他眼中看為聖潔
[00:25:28.000 --> 00:25:29.000]  無有瑕疵
[00:25:29.000 --> 00:25:31.000]  當我們說這些話的時候
[00:25:31.000 --> 00:25:33.000]  其實每個人都推
[00:25:33.000 --> 00:25:35.000]  今天下午你們有洗禮
[00:25:35.000 --> 00:25:37.000]  我們剛剛也完了洗禮班
[00:25:37.000 --> 00:25:38.000]  還有一堂還沒完
[00:25:38.000 --> 00:25:40.000]  我們下個星期也有洗禮
[00:25:40.000 --> 00:25:42.000]  我們同樣也問一些弟兄姐妹
[00:25:42.000 --> 00:25:44.000]  洗禮之前也問
[00:25:44.000 --> 00:25:45.000]  有些也會推我
[00:25:45.000 --> 00:25:47.000]  有些推了我三年
[00:25:47.000 --> 00:25:48.000]  他也不想洗禮
[00:25:48.000 --> 00:25:50.000]  為什麼呢?
[00:25:50.000 --> 00:25:52.000]  還不夠好
[00:25:52.000 --> 00:25:53.000]  覺得自己還不夠好
[00:25:53.000 --> 00:25:55.000]  所以仍有瑕疵
[00:25:55.000 --> 00:25:58.000]  應該也不要洗
[00:25:58.000 --> 00:26:00.000]  其實如果你覺得還不夠好
[00:26:00.000 --> 00:26:01.000]  不要洗
[00:26:01.000 --> 00:26:05.000]  這是一個對的觀念還是錯的觀念?
[00:26:05.000 --> 00:26:06.000]  錯的觀念
[00:26:06.000 --> 00:26:07.000]  我們都好了
[00:26:07.000 --> 00:26:09.000]  我想住四十年
[00:26:09.000 --> 00:26:12.000]  不用洗禮了
[00:26:12.000 --> 00:26:13.000]  因為都好了
[00:26:13.000 --> 00:26:15.000]  我們根本不可能完全好了
[00:26:15.000 --> 00:26:18.000]  所以我要看為一個很重要的東西
[00:26:18.000 --> 00:26:21.000]  就是過去基督怎樣為我們寫記
[00:26:21.000 --> 00:26:26.000]  而今天我們是不斷走向成性的過程
[00:26:26.000 --> 00:26:28.000]  然後到最後有一天
[00:26:28.000 --> 00:26:32.000]  上帝必定看我們為最完美
[00:26:32.000 --> 00:26:34.000]  所以今天我們不要急於
[00:26:34.000 --> 00:26:36.000]  自己過一個完美的生活
[00:26:36.000 --> 00:26:38.000]  所以有人說成熟的人
[00:26:38.000 --> 00:26:40.000]  有一樣我們要學習
[00:26:40.000 --> 00:26:42.000]  就是要看自己不是那麼完美
[00:26:42.000 --> 00:26:44.000]  我們才更加成熟
[00:26:44.000 --> 00:26:46.000]  意思是今天我們看見
[00:26:46.000 --> 00:26:49.000]  我們自己有很多弱點的地方
[00:26:49.000 --> 00:26:52.000]  我們有很多不潔的地方
[00:26:52.000 --> 00:26:53.000]  但是我們相信
[00:26:53.000 --> 00:26:56.000]  今天在基督的眼中
[00:26:56.000 --> 00:26:58.000]  我們是完全的
[00:26:58.000 --> 00:27:01.000]  在他看來是聖潔無瑕疵
[00:27:01.000 --> 00:27:03.000]  將來我們整個教會
[00:27:03.000 --> 00:27:06.000]  都是成為基督的身體
[00:27:06.000 --> 00:27:08.000]  所以既然是這樣的話
[00:27:08.000 --> 00:27:12.000]  今天我們以什麼眼光來看自己
[00:27:12.000 --> 00:27:14.000]  就不是一個完美的眼光
[00:27:14.000 --> 00:27:17.000]  我們是以基督的眼光來看
[00:27:17.000 --> 00:27:20.000]  所以為什麼今天這麼多人迷失
[00:27:20.000 --> 00:27:22.000]  今天這麼多人看不到方向
[00:27:22.000 --> 00:27:24.000]  就是因為我們看不到自己
[00:27:24.000 --> 00:27:28.000]  根本在基督裡面
[00:27:28.000 --> 00:27:32.000]  我們看不到我們真正的方向是怎樣
[00:27:32.000 --> 00:27:35.000]  耶穌基督直著我們的信
[00:27:35.000 --> 00:27:37.000]  不是等於我們一次過
[00:27:37.000 --> 00:27:39.000]  完全成為聖潔
[00:27:39.000 --> 00:27:41.000]  在地位上的聖潔
[00:27:41.000 --> 00:27:45.000]  但是我們要不斷走成性之路
[00:27:45.000 --> 00:27:47.000]  所以我們不要迷失
[00:27:47.000 --> 00:27:49.000]  今天你看到自己不聖潔
[00:27:49.000 --> 00:27:51.000]  其實就是聖潔的開始
[00:27:51.000 --> 00:27:53.000]  今天我們看到不完美
[00:27:53.000 --> 00:27:55.000]  就是我們完美的開始
[00:27:55.000 --> 00:27:57.000]  我記得有一個姐妹
[00:27:57.000 --> 00:27:58.000]  當她缺志了之後
[00:27:58.000 --> 00:28:00.000]  第二個星期就告訴我
[00:28:00.000 --> 00:28:02.000]  我還是不想缺志了
[00:28:02.000 --> 00:28:03.000]  為什麼呢?
[00:28:03.000 --> 00:28:05.000]  因為她覺得缺志了之後
[00:28:05.000 --> 00:28:07.000]  她看到自己很多的罪
[00:28:07.000 --> 00:28:09.000]  不過我就恭喜她
[00:28:09.000 --> 00:28:11.000]  你看到自己的罪
[00:28:11.000 --> 00:28:13.000]  就是一個最好的開始
[00:28:13.000 --> 00:28:16.000]  所以如果你看到自己不聖潔的時候
[00:28:16.000 --> 00:28:19.000]  其實就是聖潔的開始
[00:28:19.000 --> 00:28:20.000]  所以願神要幫助我們
[00:28:20.000 --> 00:28:22.000]  正如我們以前未信主的時候
[00:28:22.000 --> 00:28:26.000]  我們說謊就當吃生菜
[00:28:26.000 --> 00:28:29.000]  但是現在我們想起想說謊
[00:28:29.000 --> 00:28:30.000]  都有一個罪疚感
[00:28:30.000 --> 00:28:33.000]  就是因為上帝幫助我們
[00:28:33.000 --> 00:28:36.000]  藉著基督的緣故走向聖潔
[00:28:36.000 --> 00:28:38.000]  所以我們人生的方向
[00:28:38.000 --> 00:28:41.000]  一定要校正我們在基督裡面
[00:28:41.000 --> 00:28:44.000]  為什麼我們需要去校正呢?
[00:28:44.000 --> 00:28:47.000]  為什麼我們需要專注在基督裡面?
[00:28:47.000 --> 00:28:50.000]  為什麼我們要讓基督不斷地更新我們呢?
[00:28:50.000 --> 00:28:53.000]  因為這個時代實在有太多的誘惑
[00:28:53.000 --> 00:28:55.000]  所以剛才我們要說
[00:28:55.000 --> 00:28:56.000]  一開始的時候我們說
[00:28:56.000 --> 00:29:00.000]  香港的離婚率其實是越來越高的
[00:29:00.000 --> 00:29:05.000]  甚至我們說是高到一個很恐怖的數字
[00:29:05.000 --> 00:29:08.000]  在歐洲的數字簡直嚇死人
[00:29:08.000 --> 00:29:13.000]  但是我們怎樣去幫助婚姻更加純正呢?
[00:29:13.000 --> 00:29:16.000]  所以我們如果在婚姻裡面
[00:29:16.000 --> 00:29:19.000]  你多看自己配偶一眼
[00:29:19.000 --> 00:29:22.000]  可能就是減少試探的機會
[00:29:22.000 --> 00:29:24.000]  在基督裡面也是一樣
[00:29:24.000 --> 00:29:26.000]  我們怎樣在基督裡面專一呢?
[00:29:26.000 --> 00:29:29.000]  就是我們多看基督一眼
[00:29:29.000 --> 00:29:31.000]  所以今天你看了基督沒有
[00:29:31.000 --> 00:29:34.000]  你今天看了基督的話語沒有
[00:29:34.000 --> 00:29:38.000]  如果當我們雙眼常常保持在基督裡面的時候
[00:29:38.000 --> 00:29:41.000]  我們少看一秒聖經
[00:29:41.000 --> 00:29:44.000]  多看一秒聖經的神的話語
[00:29:44.000 --> 00:29:46.000]  少看一秒手機
[00:29:46.000 --> 00:29:49.000]  多看一秒神的話語
[00:29:49.000 --> 00:29:52.000]  我們的生命會有不同的地方
[00:29:52.000 --> 00:29:55.000]  如果大家結婚就會戴戒指
[00:29:55.000 --> 00:29:57.000]  戴無名指
[00:29:57.000 --> 00:29:59.000]  我很喜歡有一個比喻
[00:29:59.000 --> 00:30:02.000]  就是無名指如果大家去黏著手
[00:30:02.000 --> 00:30:04.000]  你中指可以走
[00:30:04.000 --> 00:30:06.000]  你食指可以走
[00:30:06.000 --> 00:30:08.000]  無名指是不行的
[00:30:08.000 --> 00:30:10.000]  可能科學告訴我們
[00:30:10.000 --> 00:30:15.000]  就是因為無名指是不可以單肌肉去做
[00:30:15.000 --> 00:30:19.000]  那個肌是一定要跟著中指
[00:30:19.000 --> 00:30:23.000]  但是我們如果用古代的人來說
[00:30:23.000 --> 00:30:26.000]  這個可以是愛情的脈絡
[00:30:26.000 --> 00:30:29.000]  或者是通向我們心臟
[00:30:29.000 --> 00:30:31.000]  或者中醫都會說到
[00:30:31.000 --> 00:30:34.000]  無名指是跟我們心氣相通
[00:30:34.000 --> 00:30:35.000]  當然我不是中醫
[00:30:35.000 --> 00:30:38.000]  我不能夠再詳細地去說
[00:30:38.000 --> 00:30:40.000]  但是既然是這樣的時候
[00:30:40.000 --> 00:30:43.000]  我們今天在這個無名指上面
[00:30:43.000 --> 00:30:45.000]  我們有沒有戴了基督
[00:30:45.000 --> 00:30:48.000]  是專屬基督的戒指
[00:30:48.000 --> 00:30:50.000]  或者我們有沒有心有所屬
[00:30:50.000 --> 00:30:52.000]  你不一定戴了戒指
[00:30:52.000 --> 00:30:54.000]  我們的心究竟是屬誰的
[00:30:54.000 --> 00:30:57.000]  讓我們怎樣每天去專一
[00:30:57.000 --> 00:30:59.000]  在基督裡面
[00:30:59.000 --> 00:31:02.000]  正如基督專一愛我們一樣
[00:31:02.000 --> 00:31:04.000]  所以我很喜歡聖餐
[00:31:04.000 --> 00:31:06.000]  來思想耶穌基督的說話
[00:31:06.000 --> 00:31:08.000]  耶穌基督說什麼呢?
[00:31:08.000 --> 00:31:10.000]  我從此之後就不吃這個餅
[00:31:10.000 --> 00:31:11.000]  不吃這個杯
[00:31:11.000 --> 00:31:13.000]  直到在天上面
[00:31:13.000 --> 00:31:16.000]  等我們跟祂食身那一天
[00:31:16.000 --> 00:31:19.000]  我們同樣在地上都一樣專注
[00:31:19.000 --> 00:31:20.000]  就是我們每個月也好
[00:31:20.000 --> 00:31:22.000]  有些教會每個星期也好
[00:31:22.000 --> 00:31:26.000]  有些不知會不會每天都在家裡聖餐
[00:31:26.000 --> 00:31:28.000]  當我們什麼時候去吃聖餐的時候
[00:31:28.000 --> 00:31:33.000]  我們都知道我們同樣是專注在基督裡面
[00:31:33.000 --> 00:31:35.000]  同樣基督不吃聖餐
[00:31:35.000 --> 00:31:39.000]  都是專注在我們裡面
[00:31:39.000 --> 00:31:41.000]  當我們去專注在基督裡面
[00:31:41.000 --> 00:31:43.000]  我們不再偏行幾路
[00:31:43.000 --> 00:31:44.000]  我們不斷每一天
[00:31:44.000 --> 00:31:46.000]  如果你靈修的時候
[00:31:46.000 --> 00:31:47.000]  每一天都去尋找一樣
[00:31:47.000 --> 00:31:50.000]  究竟上帝跟我說什麼
[00:31:50.000 --> 00:31:53.000]  究竟我怎樣去行神的話語
[00:31:53.000 --> 00:31:55.000]  當我每一天這樣去問一件事的時候
[00:31:55.000 --> 00:31:57.000]  問這一句的時候
[00:31:57.000 --> 00:32:00.000]  我們的生命不可能不改變
[00:32:00.000 --> 00:32:02.000]  既然是這樣的時候
[00:32:02.000 --> 00:32:04.000]  我們每一天要多一點靠近主
[00:32:04.000 --> 00:32:08.000]  其實每一天我們都會被基督不斷洗淨
[00:32:08.000 --> 00:32:11.000]  正如大家信主一年
[00:32:11.000 --> 00:32:13.000]  你可以回頭看這一年
[00:32:13.000 --> 00:32:15.000]  你的生命會有不同
[00:32:15.000 --> 00:32:16.000]  如果信主十年
[00:32:16.000 --> 00:32:17.000]  你說十年都差不多的話
[00:32:17.000 --> 00:32:19.000]  就要反思一下
[00:32:19.000 --> 00:32:20.000]  但如果你說十年
[00:32:20.000 --> 00:32:22.000]  你真的會有不同的
[00:32:22.000 --> 00:32:25.000]  如果我們每天都專注在基督裡面
[00:32:25.000 --> 00:32:28.000]  我們的生命一定會有改變
[00:32:28.000 --> 00:32:30.000]  所以跟旁邊的人說
[00:32:30.000 --> 00:32:32.000]  你是屬於基督的
[00:32:32.000 --> 00:32:34.000]  要專一
[00:32:34.000 --> 00:32:37.000]  這句話可能是責備
[00:32:37.000 --> 00:32:39.000]  也可能是安慰
[00:32:39.000 --> 00:32:42.000]  當我們專注在基督裡面的時候
[00:32:42.000 --> 00:32:44.000]  我們的心屬於基督的時候
[00:32:44.000 --> 00:32:47.000]  我們的生命就會越來越像基督
[00:32:47.000 --> 00:32:48.000]  所以我們再說
[00:32:48.000 --> 00:32:52.000]  教會不是一個交誼的地方
[00:32:52.000 --> 00:32:54.000]  不是一個組織這麼簡單
[00:32:54.000 --> 00:32:57.000]  而是一個以基督為頭
[00:32:57.000 --> 00:32:58.000]  我們是祂的身體
[00:32:58.000 --> 00:33:01.000]  也都是基督愛我們
[00:33:01.000 --> 00:33:04.000]  就好像愛新婦一樣的關係
[00:33:04.000 --> 00:33:06.000]  我們跟基督緊密
[00:33:06.000 --> 00:33:09.000]  於是我們願意與基督同行
[00:33:09.000 --> 00:33:11.000]  所以今天我們值得反思
[00:33:11.000 --> 00:33:15.000]  你願不願意讓你的頭成為你的頭
[00:33:15.000 --> 00:33:18.000]  你看看自己的頭是誰
[00:33:18.000 --> 00:33:20.000]  你的頭是不是基督
[00:33:20.000 --> 00:33:24.000]  你的頭有沒有放回正確的位置
[00:33:24.000 --> 00:33:26.000]  我們要問
[00:33:26.000 --> 00:33:28.000]  我們的身體會不會互相
[00:33:28.000 --> 00:33:31.000]  大家互相彼此相插
[00:33:31.000 --> 00:33:33.000]  不是兩脅插刀
[00:33:33.000 --> 00:33:36.000]  是彼此針鋒相對
[00:33:36.000 --> 00:33:40.000]  而是今天我們基督的頭放正的時候
[00:33:40.000 --> 00:33:44.000]  我們的身體和肢體是否配合
[00:33:44.000 --> 00:33:47.000]  我們能否與身邊的弟兄姊妹
[00:33:47.000 --> 00:33:51.000]  彼此相愛、彼此饒恕
[00:33:51.000 --> 00:33:54.000]  彼此建立新的生活
[00:33:54.000 --> 00:33:56.000]  也都因為這樣的緣故
[00:33:56.000 --> 00:33:58.000]  我們不斷被基督洗淨
[00:33:58.000 --> 00:34:01.000]  我們的人生方向就會正確
[00:34:01.000 --> 00:34:03.000]  所以我們的頭放得正確
[00:34:03.000 --> 00:34:07.000]  我們身體四肢的位置互相配合的話
[00:34:07.000 --> 00:34:10.000]  我們的人生方向就會走得正確
[00:34:10.000 --> 00:34:12.000]  所以願神幫助我們
[00:34:12.000 --> 00:34:14.000]  讓基督與我們同行
[00:34:14.000 --> 00:34:18.000]  讓我們的信仰不只是頭腦知識
[00:34:18.000 --> 00:34:21.000]  讓我們的信仰落在我們的生活裏
[00:34:21.000 --> 00:34:23.000]  我們不斷被基督洗淨
[00:34:23.000 --> 00:34:26.000]  不斷過著一個誠信的生活
[00:34:26.000 --> 00:34:28.000]  不斷讓聖靈的帶領
[00:34:28.000 --> 00:34:31.000]  神的話語來見證
[00:34:31.000 --> 00:34:37.000]  我們真的有一天完全被基督潔淨後
[00:34:37.000 --> 00:34:39.000]  獻給神
[00:34:39.000 --> 00:34:44.000]  我們是一個榮耀的教會
[00:34:44.000 --> 00:34:47.000]  願上帝幫助我們、祝福我們
[00:34:47.000 --> 00:34:49.000]  讓我們的教會能夠成為
[00:34:49.000 --> 00:34:52.000]  上帝合他心意的身體
[00:34:52.000 --> 00:34:54.000]  我們一起去祈禱吧
[00:34:54.000 --> 00:34:58.000]  七海天父上帝我們要多謝你
[00:34:58.000 --> 00:35:01.000]  我們要多謝你因為你沒有嫌棄過我們
[00:35:01.000 --> 00:35:03.000]  其實我們真的覺得自己
[00:35:03.000 --> 00:35:07.000]  在人生中我們犯過很多的罪
[00:35:07.000 --> 00:35:09.000]  但你從來都沒有嫌棄我們
[00:35:09.000 --> 00:35:11.000]  我們為了你不單止不嫌棄
[00:35:11.000 --> 00:35:14.000]  你還要不斷地洗淨我們
[00:35:14.000 --> 00:35:18.000]  讓我們成為合你心意的榮耀的身體
[00:35:18.000 --> 00:35:20.000]  我們為此感謝你
[00:35:20.000 --> 00:35:22.000]  求你教導我們
[00:35:22.000 --> 00:35:23.000]  時刻地仰望你
[00:35:23.000 --> 00:35:26.000]  讓我們知道教會既然是你的心意的時候
[00:35:26.000 --> 00:35:29.000]  今天我們如何在基督裡面
[00:35:29.000 --> 00:35:33.000]  我們互相成為一個合一的教會
[00:35:33.000 --> 00:35:36.000]  如果能夠見證你的教會
[00:35:36.000 --> 00:35:39.000]  讓人看見我們的關係
[00:35:39.000 --> 00:35:41.000]  就看見我們是你的門徒
[00:35:41.000 --> 00:35:44.000]  讓我們的生命不斷地被你擦身
[00:35:44.000 --> 00:35:46.000]  被你洗淨
[00:35:46.000 --> 00:35:48.000]  讓我們能夠去過一個聖潔
[00:35:48.000 --> 00:35:49.000]  榮耀你的生活
[00:35:49.000 --> 00:35:50.000]  求你幫助我們
[00:35:50.000 --> 00:35:52.000]  你知道我們內心有很多軟弱
[00:35:52.000 --> 00:35:54.000]  我們很多時候都不肯
[00:35:54.000 --> 00:35:57.000]  或者我們純粹拿著在罪中之樂
[00:35:57.000 --> 00:35:59.000]  我們不願意放下
[00:35:59.000 --> 00:36:01.000]  所以我們求你再一次光照我們
[00:36:01.000 --> 00:36:02.000]  提醒我們
[00:36:02.000 --> 00:36:05.000]  我們不要再過一些黑暗的生活
[00:36:05.000 --> 00:36:09.000]  我們不要用我們表面的一些謊言
[00:36:09.000 --> 00:36:11.000]  表面一些屬靈的術語
[00:36:11.000 --> 00:36:15.000]  來去遮蓋我們所犯的罪
[00:36:15.000 --> 00:36:17.000]  讓我們能夠過一個坦誠的生活
[00:36:17.000 --> 00:36:19.000]  讓我們能夠彼此之間
[00:36:19.000 --> 00:36:21.000]  彼此肢體之間
[00:36:21.000 --> 00:36:23.000]  我們能夠互相提醒
[00:36:23.000 --> 00:36:24.000]  互相的勸勉
[00:36:24.000 --> 00:36:25.000]  互相的督責
[00:36:25.000 --> 00:36:29.000]  以致我們的生命更加跑近你
[00:36:29.000 --> 00:36:30.000]  以致我們的生命
[00:36:30.000 --> 00:36:33.000]  更加去過一個榮耀你的生活
[00:36:33.000 --> 00:36:34.000]  主,你幫助我們
[00:36:34.000 --> 00:36:36.000]  你知道我們在哪個位置
[00:36:36.000 --> 00:36:37.000]  求你教導我們
[00:36:37.000 --> 00:36:41.000]  在哪個位置繼續向前走
[00:36:41.000 --> 00:36:42.000]  願祢祝福我們每一個人
[00:36:42.000 --> 00:36:43.000]  聽我們祈禱
[00:36:43.000 --> 00:36:44.000]  禱告仰望主
[00:36:44.000 --> 00:36:45.000]  耶穌基督的名
[00:36:45.000 --> 00:36:46.000]  阿門
