
[00:00:00.000 --> 00:00:01.480]  各位訂閱姊妹,平安
[00:00:01.480 --> 00:00:07.100]  不知道大家有沒有試過幫助別人
[00:00:07.100 --> 00:00:09.140]  我猜應該有吧
[00:00:09.140 --> 00:00:12.060]  但你有沒有試過在你
[00:00:12.060 --> 00:00:15.040]  正在經歷很艱難的時侯
[00:00:15.040 --> 00:00:19.580]  你仍然有心力去關心或幫助別人
[00:00:19.580 --> 00:00:22.740]  又或者相反,你知道有人正在
[00:00:22.740 --> 00:00:24.620]  經歷很艱難的時侯
[00:00:24.620 --> 00:00:28.320]  但他仍然會過來關心你或問你的需要
[00:00:28.320 --> 00:00:29.820]  不知道大家有沒有試過
[00:00:30.120 --> 00:00:33.660]  今天和大家分享的訊息
[00:00:33.660 --> 00:00:38.140]  這段經文是講向有需要者施恩有關
[00:00:38.140 --> 00:00:40.500]  開始之前,我們有個祈禱
[00:00:40.500 --> 00:00:45.680]  親愛的天父,我們真的感謝你
[00:00:45.680 --> 00:00:48.480]  因為你賜下你的話語
[00:00:48.480 --> 00:00:51.900]  讓我們真的能夠知道
[00:00:51.900 --> 00:00:55.500]  我們在地上如何去做
[00:00:55.500 --> 00:00:58.160]  才能得蒙你的喜悅
[00:00:58.680 --> 00:01:02.420]  主啊,可能我們在生活裏面
[00:01:02.420 --> 00:01:04.060]  都有很多不同的困難
[00:01:04.060 --> 00:01:05.700]  或者有很多的不足
[00:01:05.700 --> 00:01:09.540]  求你幫助我們,讓我們
[00:01:09.540 --> 00:01:11.340]  藉著你的話語
[00:01:11.340 --> 00:01:12.840]  我們能夠
[00:01:12.840 --> 00:01:15.860]  可以被你更新
[00:01:15.860 --> 00:01:18.740]  主啊,求你的聖靈幫助我們
[00:01:18.740 --> 00:01:21.620]  讓我們有一個柔軟的心
[00:01:21.620 --> 00:01:24.420]  去接受你話語的提醒
[00:01:24.420 --> 00:01:26.240]  吩咐和激勵
[00:01:26.240 --> 00:01:29.220]  我們這樣祈禱,奉主耶穌基德聖名,致祈求
[00:01:29.220 --> 00:01:30.220]  阿門
[00:01:30.220 --> 00:01:34.320]  今天和大家分享一個熟悉的故事
[00:01:34.320 --> 00:01:36.280]  就是《魯德記》
[00:01:36.280 --> 00:01:41.660]  《魯德記》背景是一個很混亂的時代
[00:01:41.660 --> 00:01:44.340]  當時正值饑荒
[00:01:44.340 --> 00:01:49.280]  正值饑荒
[00:01:49.280 --> 00:01:52.660]  有一個主人翁叫做伊麗米勒
[00:01:52.980 --> 00:01:56.280]  她是一個猶太人
[00:01:56.280 --> 00:02:02.460]  因為饑荒,她就帶了她的妻子蘭娥米
[00:02:02.460 --> 00:02:06.720]  和她的兩個兒子離開了伯利恆
[00:02:06.720 --> 00:02:07.980]  去了摩亞
[00:02:07.980 --> 00:02:10.880]  今天想和大家分享一下
[00:02:10.880 --> 00:02:12.920]  這個故事的開頭
[00:02:12.920 --> 00:02:15.420]  其實引申了我們這個故事
[00:02:15.420 --> 00:02:18.600]  繼續會有五個人物或者五組人物
[00:02:18.600 --> 00:02:21.260]  在裏面經歷著神的恩典
[00:02:21.260 --> 00:02:23.920]  又會向有需要的人施恩
[00:02:23.920 --> 00:02:27.560]  讓我們一起聽下去
[00:02:27.560 --> 00:02:32.820]  伊麗米勒帶著兩個兒子去了摩亞之後
[00:02:32.820 --> 00:02:35.580]  摩亞落地生根
[00:02:35.580 --> 00:02:38.620]  不過之後伊麗米勒死了
[00:02:38.620 --> 00:02:42.540]  不過她的兩個兒子各自娶了媳婦
[00:02:42.540 --> 00:02:44.500]  好景不常
[00:02:44.500 --> 00:02:47.140]  十年之後,她的兩個兒子又死了
[00:02:47.140 --> 00:02:49.780]  剩下婆媳三個人
[00:02:50.200 --> 00:02:54.040]  當時蘭娥米也聽到
[00:02:54.040 --> 00:02:58.660]  神眷顧了她的家鄉伯利恆那邊
[00:02:58.660 --> 00:02:59.960]  猶太地那邊
[00:02:59.960 --> 00:03:01.360]  有糧食
[00:03:01.360 --> 00:03:05.340]  所以她和她的兩個媳婦一起去起行
[00:03:05.340 --> 00:03:07.160]  離開了她的一組人的地方
[00:03:07.160 --> 00:03:08.720]  回到她的娘家
[00:03:08.720 --> 00:03:11.580]  回到她的娘家
[00:03:11.580 --> 00:03:13.800]  蘭娥米和她的兩個媳婦說
[00:03:13.800 --> 00:03:17.620]  你們走吧,回到你們自己的地方
[00:03:17.620 --> 00:03:21.660]  大家知不知道那兩個媳婦的反應是怎樣的?
[00:03:21.660 --> 00:03:24.700]  她們哭了一口
[00:03:24.700 --> 00:03:27.760]  如果是現代的話
[00:03:27.760 --> 00:03:30.060]  不知道大家有沒有聽過婆媳糾紛
[00:03:30.060 --> 00:03:32.060]  婆媳糾紛就是
[00:03:32.060 --> 00:03:34.780]  如果關係不太好的時候
[00:03:34.780 --> 00:03:37.460]  大家也不想太常見到
[00:03:37.460 --> 00:03:39.080]  但這個不是的
[00:03:39.080 --> 00:03:42.340]  現在蘭娥米和她的兩個媳婦說
[00:03:42.340 --> 00:03:43.760]  你們走吧,回到你們自己的地方
[00:03:43.760 --> 00:03:45.760]  她們是放聲大哭
[00:03:46.040 --> 00:03:49.060]  蘭娥米看著她們說
[00:03:49.060 --> 00:03:51.040]  其實你們跟著我是沒有用的
[00:03:51.040 --> 00:03:53.540]  我又不能生孩子讓你們再結婚
[00:03:53.540 --> 00:03:55.660]  你們又沒有人,沒有物種
[00:03:55.660 --> 00:03:57.140]  跟著我做甚麼呢?
[00:03:57.140 --> 00:03:58.100]  我甚麼也給不了你
[00:03:58.100 --> 00:04:00.100]  其中一個媳婦
[00:04:00.100 --> 00:04:02.480]  就聽她的勸,真的離開了
[00:04:02.480 --> 00:04:05.100]  但她離開也不是說
[00:04:05.100 --> 00:04:06.260]  好吧,我走了,再見
[00:04:06.260 --> 00:04:08.260]  不是的,她仍然是放聲大哭
[00:04:08.260 --> 00:04:10.760]  所以我們可以從
[00:04:10.760 --> 00:04:12.220]  剛才說的這一段
[00:04:12.220 --> 00:04:15.220]  在《魯德記》的第一章看到
[00:04:15.220 --> 00:04:17.220]  其實她和她的兩個媳婦的關係
[00:04:17.220 --> 00:04:20.220]  真的不差,是挺好的
[00:04:20.220 --> 00:04:22.220]  也可以相信
[00:04:22.220 --> 00:04:25.220]  蘭娥米對媳婦是挺好的
[00:04:25.220 --> 00:04:28.220]  所以她們才會這麼不捨
[00:04:28.220 --> 00:04:30.220]  她不捨到甚麼程度呢?
[00:04:30.220 --> 00:04:32.220]  剛才說有一個人離開了
[00:04:32.220 --> 00:04:34.220]  另一個媳婦就叫做魯德
[00:04:34.220 --> 00:04:36.220]  魯德卻沒有離開
[00:04:36.220 --> 00:04:38.220]  他還要說甚麼呢?
[00:04:38.220 --> 00:04:41.220]  他還要說,我不會離開的
[00:04:41.220 --> 00:04:44.220]  你的百姓就是我的百姓
[00:04:44.220 --> 00:04:46.220]  你的神就是我的神
[00:04:46.220 --> 00:04:48.220]  你死在哪裏,我就死在哪裏
[00:04:48.220 --> 00:04:51.220]  這個世界沒有東西可以隔絕我和你的
[00:04:51.220 --> 00:04:53.220]  除了死之外
[00:04:53.220 --> 00:04:57.220]  否則就願神降佛於我
[00:04:57.220 --> 00:05:01.220]  你想想,那個感情是多麼深厚
[00:05:01.220 --> 00:05:03.220]  魯德是多麼愛她
[00:05:03.220 --> 00:05:08.220]  在這個難捨難離的狀態下
[00:05:08.220 --> 00:05:12.220]  我就帶魯德繼續回去
[00:05:12.220 --> 00:05:17.220]  今天就回到我們主要所說的第二章
[00:05:17.220 --> 00:05:20.220]  剛才第一章所說的過程
[00:05:20.220 --> 00:05:22.220]  其實你剛才聽到的
[00:05:22.220 --> 00:05:24.220]  起碼十年以上的一章
[00:05:24.220 --> 00:05:26.220]  但轉入第二章的時候
[00:05:26.220 --> 00:05:28.220]  其實只是一天的時間
[00:05:28.220 --> 00:05:31.220]  但他很詳細地記錄了發生的事
[00:05:31.220 --> 00:05:34.220]  我們想今天從一個恩惠的角度去看看
[00:05:34.220 --> 00:05:39.220]  剛才所說的五組人在裏面參與的角色
[00:05:39.220 --> 00:05:41.220]  是怎樣的
[00:05:41.220 --> 00:05:49.220]  我們首先看看第二章的第二至三節
[00:05:49.220 --> 00:05:53.220]  摩訶女子魯德對南迺說
[00:05:53.220 --> 00:05:58.220]  「不如你讓我到田裏去拾墨水」
[00:05:58.220 --> 00:06:01.220]  「我看看我可以在誰眼前蒙恩」
[00:06:01.220 --> 00:06:03.220]  「我就能夠跟在他後面」
[00:06:03.220 --> 00:06:05.220]  魯德就去了
[00:06:05.220 --> 00:06:07.220]  他去了田裏
[00:06:07.220 --> 00:06:10.220]  在修葛的人後面拾墨水
[00:06:10.220 --> 00:06:13.220]  我們可以看到
[00:06:13.220 --> 00:06:16.220]  他們回到白梨行
[00:06:16.220 --> 00:06:21.220]  就算神賜福給他們有糧食
[00:06:21.220 --> 00:06:26.220]  其實這兩位婆媳是無依無靠的
[00:06:26.220 --> 00:06:30.220]  他們不會坐在那裏自動有飯吃
[00:06:30.220 --> 00:06:33.220]  其實他們都需要付出一些東西
[00:06:33.220 --> 00:06:37.220]  如果魯德沒有跟南迺回來
[00:06:37.220 --> 00:06:40.220]  其實南迺就要出去拾東西
[00:06:40.220 --> 00:06:44.220]  現在魯德跟了回來
[00:06:44.220 --> 00:06:47.220]  魯德其實是一個寡婦
[00:06:47.220 --> 00:06:49.220]  他還是寄居的
[00:06:49.220 --> 00:06:53.220]  但他仍然沒有想太多
[00:06:53.220 --> 00:06:57.220]  雖然按照舊約的律法
[00:06:57.220 --> 00:06:59.220]  他可以被照顧
[00:06:59.220 --> 00:07:00.220]  需要被憐憫
[00:07:00.220 --> 00:07:01.220]  但他沒有想這件事
[00:07:01.220 --> 00:07:04.220]  他沒有覺得「我現在真的慘了」
[00:07:04.220 --> 00:07:05.220]  「我老公死了」
[00:07:05.220 --> 00:07:06.220]  「我又沒有兒子」
[00:07:06.220 --> 00:07:08.220]  「還要照顧奶奶」
[00:07:08.220 --> 00:07:09.220]  他沒有這樣
[00:07:09.220 --> 00:07:12.220]  他反而很全力以赴
[00:07:12.220 --> 00:07:14.220]  他用他的努力去想
[00:07:14.220 --> 00:07:16.220]  「我可以怎樣做呢?」
[00:07:16.220 --> 00:07:20.220]  他亦沒有因為
[00:07:20.220 --> 00:07:23.220]  「我現在人生路不熟」
[00:07:23.220 --> 00:07:26.220]  「奶奶,不如你跟我一起出去吧」
[00:07:26.220 --> 00:07:27.220]  他沒有
[00:07:27.220 --> 00:07:29.220]  他很努力地嘗試去做
[00:07:29.220 --> 00:07:33.220]  去照顧這位被困境
[00:07:33.220 --> 00:07:36.220]  被情緒困擾住的奶奶
[00:07:36.220 --> 00:07:39.220]  他主動地去勇於承擔
[00:07:39.220 --> 00:07:43.220]  到城外的一些田去撿墨水
[00:07:43.220 --> 00:07:46.220]  他還要跟當地人溝通
[00:07:46.220 --> 00:07:53.220]  看看可以跟誰去撿墨水
[00:07:53.220 --> 00:07:56.220]  魯德剛好去到哪裏呢?
[00:07:56.220 --> 00:07:58.220]  他去到以利物力
[00:07:58.220 --> 00:08:01.220]  即是他老爺的族人
[00:08:01.220 --> 00:08:03.220]  波瓦斯的那塊田
[00:08:03.220 --> 00:08:06.220]  波瓦斯經過那塊田時
[00:08:06.220 --> 00:08:08.220]  他去看那塊田
[00:08:08.220 --> 00:08:11.220]  他看到有個人不認識
[00:08:11.220 --> 00:08:13.220]  是誰來的呢?
[00:08:13.220 --> 00:08:14.220]  他看到他
[00:08:14.220 --> 00:08:18.220]  看到他在做甚麼
[00:08:18.220 --> 00:08:21.220]  波瓦斯問監督
[00:08:21.220 --> 00:08:22.220]  「這是誰來的?」
[00:08:22.220 --> 00:08:27.220]  「原來魯德從早到晚在那裏撿東西」
[00:08:27.220 --> 00:08:28.220]  「很勤力」
[00:08:28.220 --> 00:08:32.220]  「而且撿東西不要緊」
[00:08:32.220 --> 00:08:35.220]  「他還要吃飽又繼續撿」
[00:08:35.220 --> 00:08:39.220]  「最終他撿了22公升的大麥」
[00:08:39.220 --> 00:08:42.220]  「我們相信挺重的」
[00:08:42.220 --> 00:08:44.220]  「他要搬回城裏」
[00:08:44.220 --> 00:08:48.220]  「古時的路一定沒有現在那麼平坦」
[00:08:48.220 --> 00:08:51.220]  「他還要拿著這麼重的東西回去」
[00:08:51.220 --> 00:08:53.220]  「其實一點都不容易」
[00:08:53.220 --> 00:08:59.220]  「但魯德很甘心樂意送這些東西回去」
[00:08:59.220 --> 00:09:00.220]  「給那奧米」
[00:09:00.220 --> 00:09:02.220]  我們可以看到
[00:09:02.220 --> 00:09:04.220]  魯德對於那奧米
[00:09:04.220 --> 00:09:07.220]  真的有很大的恩惠在裏面
[00:09:07.220 --> 00:09:10.220]  他自願去做這件事
[00:09:10.220 --> 00:09:13.220]  又盡力去做
[00:09:13.220 --> 00:09:14.220]  我們可以看到
[00:09:14.220 --> 00:09:18.220]  魯德他做這些事的時候
[00:09:18.220 --> 00:09:23.220]  他的愛是很大的
[00:09:23.220 --> 00:09:25.220]  但我不知道大家有沒有想過
[00:09:25.220 --> 00:09:31.220]  其實他這麼愛的程度
[00:09:31.220 --> 00:09:33.220]  我們能否做到呢?
[00:09:33.220 --> 00:09:36.220]  又或者他容易做到呢?
[00:09:36.220 --> 00:09:38.220]  剛才說過
[00:09:38.220 --> 00:09:42.220]  魯德沒有權沒有勢
[00:09:42.220 --> 00:09:43.220]  他寄居的
[00:09:43.220 --> 00:09:46.220]  他在這裏人生路不熟
[00:09:46.220 --> 00:09:48.220]  但是他真的沒有想太多
[00:09:48.220 --> 00:09:50.220]  也沒有想自己的限制
[00:09:50.220 --> 00:09:54.220]  而是全心全意去對待這個奶奶
[00:09:54.220 --> 00:09:58.220]  今天其實和我們差不多
[00:09:58.220 --> 00:10:02.220]  可能我們不是每一個都可以很有錢
[00:10:02.220 --> 00:10:06.220]  可能我們都沒有特別大的權力
[00:10:06.220 --> 00:10:08.220]  沒有什麼權勢
[00:10:08.220 --> 00:10:12.220]  不過即使我們像魯德那樣
[00:10:12.220 --> 00:10:14.220]  只有體力
[00:10:14.220 --> 00:10:17.220]  其實我們只要有一個願意
[00:10:17.220 --> 00:10:21.220]  去為身邊有需要的人去施恩惠的話
[00:10:21.220 --> 00:10:27.220]  神都會好像祝福魯德一樣
[00:10:27.220 --> 00:10:32.220]  去藉著他去賜福給那奧米
[00:10:32.220 --> 00:10:35.220]  今天不知道我們會不會去想一想
[00:10:35.220 --> 00:10:39.220]  我們會不會都願意像魯德那樣
[00:10:39.220 --> 00:10:42.220]  去關心一下我們有需要的家人
[00:10:42.220 --> 00:10:46.220]  我們有需要的朋友呢?
[00:10:46.220 --> 00:10:49.220]  看完第二至三節之後
[00:10:49.220 --> 00:10:51.220]  我們又再看看
[00:10:51.220 --> 00:10:56.220]  神的恩典其實是沒有分高低的
[00:10:56.220 --> 00:10:57.220]  是平等的
[00:10:57.220 --> 00:10:58.220]  為什麼這樣說呢?
[00:10:58.220 --> 00:11:00.220]  我們又再去看看
[00:11:00.220 --> 00:11:04.220]  在三節過了之後
[00:11:04.220 --> 00:11:07.220]  魯德就突然間不再是主角
[00:11:07.220 --> 00:11:09.220]  誰去了主角呢?
[00:11:09.220 --> 00:11:10.220]  就是波亞斯
[00:11:10.220 --> 00:11:11.220]  他又登場了
[00:11:11.220 --> 00:11:12.220]  剛才有提及過一點
[00:11:12.220 --> 00:11:17.220]  波亞斯真的去了白利恆的田地
[00:11:17.220 --> 00:11:21.220]  看見有一個人他不認識的
[00:11:21.220 --> 00:11:24.220]  他就問誰來的呢?
[00:11:24.220 --> 00:11:26.220]  但在之前他首先去問一問
[00:11:26.220 --> 00:11:30.220]  跟他的僕人是有互動的
[00:11:30.220 --> 00:11:32.220]  有什麼互動呢?
[00:11:32.220 --> 00:11:34.220]  我們看看經文
[00:11:34.220 --> 00:11:38.220]  波亞斯在白利恆那裡回來
[00:11:38.220 --> 00:11:39.220]  對修國的人說
[00:11:39.220 --> 00:11:42.220]  「願耶和華與你同在,與你們同在」
[00:11:42.220 --> 00:11:44.220]  然後他們又回答他
[00:11:44.220 --> 00:11:46.220]  「願耶和華賜福給你」
[00:11:46.220 --> 00:11:48.220]  其實我們想一想
[00:11:48.220 --> 00:11:51.220]  如果魯德是主角的話
[00:11:51.220 --> 00:11:55.220]  其實是否需要第四節呢?
[00:11:55.220 --> 00:11:56.220]  其實是不用的
[00:11:56.220 --> 00:11:57.220]  可以省略掉
[00:11:57.220 --> 00:12:00.220]  但為什麼要有第四節呢?
[00:12:00.220 --> 00:12:02.220]  其實發生了什麼事呢?
[00:12:02.220 --> 00:12:06.220]  原來作者很想藉著這一節
[00:12:06.220 --> 00:12:09.220]  讓讀者知道
[00:12:09.220 --> 00:12:12.220]  波亞斯是一個很敬虔的人
[00:12:12.220 --> 00:12:17.220]  還有他的手下的僕人
[00:12:17.220 --> 00:12:19.220]  他們都很著重神
[00:12:19.220 --> 00:12:22.220]  所以他們會互相以神
[00:12:22.220 --> 00:12:25.220]  作為一個祝福對方的對象
[00:12:25.220 --> 00:12:30.220]  除了波亞斯和他的僕人的關係很好之外
[00:12:30.220 --> 00:12:32.220]  其實我們看得到
[00:12:32.220 --> 00:12:37.220]  他們所說的內容,大家都知道
[00:12:37.220 --> 00:12:40.220]  能夠有一個好的修成
[00:12:40.220 --> 00:12:41.220]  一個順利的修成
[00:12:41.220 --> 00:12:48.220]  其實都是要有神的賜恩蒙福才行
[00:12:48.220 --> 00:12:49.220]  即是這樣
[00:12:49.220 --> 00:12:50.220]  其實表達了
[00:12:50.220 --> 00:12:53.220]  無論波亞斯是主人
[00:12:53.220 --> 00:12:55.220]  或者那些僕人
[00:12:55.220 --> 00:12:57.220]  他們的身份高低也好
[00:12:57.220 --> 00:13:00.220]  其實都是需要神的恩惠
[00:13:00.220 --> 00:13:03.220]  我們又再看看他們的僕人
[00:13:03.220 --> 00:13:05.220]  他們的僕人和監督是做什麼事呢?
[00:13:05.220 --> 00:13:08.220]  他們的僕人和監督
[00:13:08.220 --> 00:13:09.220]  其實剛才說過
[00:13:09.220 --> 00:13:13.220]  他們都不是主人
[00:13:13.220 --> 00:13:15.220]  有什麼可以做呢?
[00:13:15.220 --> 00:13:16.220]  我們又看一看
[00:13:16.220 --> 00:13:19.220]  剛才說到主僕彼此問候之後
[00:13:19.220 --> 00:13:23.220]  波亞斯就留意到那個不認識的女人
[00:13:23.220 --> 00:13:25.220]  就問了
[00:13:25.220 --> 00:13:26.220]  其實做什麼事呢?
[00:13:26.220 --> 00:13:27.220]  波亞斯就問了
[00:13:27.220 --> 00:13:28.220]  這個是哪個女子來的?
[00:13:28.220 --> 00:13:29.220]  監督就告訴他
[00:13:29.220 --> 00:13:31.220]  她就是那個摩訶的女子
[00:13:31.220 --> 00:13:35.220]  就是跟著拿俄米從摩訶地回來的那個
[00:13:35.220 --> 00:13:36.220]  她就說
[00:13:36.220 --> 00:13:39.220]  請你容許我撿那些墨水
[00:13:39.220 --> 00:13:43.220]  在修葛的人身後掉了的墨水
[00:13:43.220 --> 00:13:44.220]  我就會撿
[00:13:44.220 --> 00:13:45.220]  然後問完之後
[00:13:45.220 --> 00:13:46.220]  她就來了
[00:13:46.220 --> 00:13:48.220]  由早上到現在
[00:13:48.220 --> 00:13:51.220]  除了在屋裏坐了一會之後
[00:13:51.220 --> 00:13:52.220]  其實她還是留在那裏
[00:13:52.220 --> 00:13:54.220]  即是沒有停過手
[00:13:54.220 --> 00:13:57.220]  這段經文可能大家都很熟悉
[00:13:57.220 --> 00:14:01.220]  除了反映了魯德很勤力之外
[00:14:01.220 --> 00:14:05.220]  甚至之後波亞斯會對魯德好
[00:14:05.220 --> 00:14:07.220]  大家都是很熟悉的
[00:14:07.220 --> 00:14:09.220]  但是大家有沒有想過
[00:14:09.220 --> 00:14:15.220]  其實原來在波亞斯來視察之前
[00:14:15.220 --> 00:14:20.220]  原來波亞斯是不知道魯德是來拾水的
[00:14:20.220 --> 00:14:22.220]  為什麼他可以拾水呢?
[00:14:22.220 --> 00:14:29.220]  原來是他的僕人監督允許了魯德拾水
[00:14:29.220 --> 00:14:32.220]  我們可能會想很正常
[00:14:32.220 --> 00:14:33.220]  很理所當然
[00:14:33.220 --> 00:14:35.220]  但是不是的
[00:14:35.220 --> 00:14:41.220]  如果我們留意下第八至九節的經文
[00:14:41.220 --> 00:14:45.220]  我們會看到原來不是那麼必然
[00:14:45.220 --> 00:14:52.220]  當中其實監督和僕人給了一些恩惠給魯德
[00:14:52.220 --> 00:14:55.220]  他顧及他這個有需要的人
[00:14:55.220 --> 00:14:57.220]  在波亞斯未吩咐他之前
[00:14:57.220 --> 00:15:00.220]  原來藍僕已經節制了自己
[00:15:00.220 --> 00:15:02.220]  沒有欺負魯德
[00:15:02.220 --> 00:15:04.220]  而且在這件事
[00:15:04.220 --> 00:15:06.220]  波亞斯我們待會會看到
[00:15:06.220 --> 00:15:09.220]  告訴我們原來不是那麼必然
[00:15:09.220 --> 00:15:16.220]  所以就算我們剛才說的僕人和監督
[00:15:16.220 --> 00:15:18.220]  他沒有什麼權勢
[00:15:18.220 --> 00:15:20.220]  他沒有什麼錢
[00:15:20.220 --> 00:15:25.220]  但是他仍然可以成為一個向人施恩的人
[00:15:25.220 --> 00:15:27.220]  就像我們這樣
[00:15:27.220 --> 00:15:29.220]  可能我們生活上
[00:15:29.220 --> 00:15:31.220]  可能我們在職場上
[00:15:31.220 --> 00:15:35.220]  我們可能位置都不是很高
[00:15:35.220 --> 00:15:38.220]  我們沒有什麼特別很大權力
[00:15:38.220 --> 00:15:40.220]  就算我們有權力也好
[00:15:40.220 --> 00:15:42.220]  又或者我們在教會
[00:15:42.220 --> 00:15:45.220]  我們教會可能有不同的崗位
[00:15:45.220 --> 00:15:47.220]  可能你會覺得有些崗位是高一些
[00:15:47.220 --> 00:15:49.220]  有些崗位是低一些
[00:15:49.220 --> 00:15:52.220]  但是其實原來經文提醒我們
[00:15:52.220 --> 00:15:56.220]  其實我們不要只在意那份權力高低
[00:15:56.220 --> 00:15:58.220]  或者我們有沒有這個能力
[00:15:58.220 --> 00:16:01.220]  其實原來只要我們有一些態度
[00:16:01.220 --> 00:16:03.220]  我們有一份微笑
[00:16:03.220 --> 00:16:05.220]  我們有一份接納
[00:16:05.220 --> 00:16:07.220]  我們有一份寬容
[00:16:07.220 --> 00:16:10.220]  其實我們都能夠令到
[00:16:10.220 --> 00:16:14.220]  在外面來的人感受到一份恩情
[00:16:14.220 --> 00:16:18.220]  令人感受到那份重視神的人
[00:16:18.220 --> 00:16:21.220]  是怎樣對人友善的
[00:16:21.220 --> 00:16:23.220]  試想一下
[00:16:23.220 --> 00:16:27.220]  如果僕人一開始就在想
[00:16:27.220 --> 00:16:31.220]  這個女人都不是猶太人
[00:16:31.220 --> 00:16:33.220]  她是外邦人來的
[00:16:33.220 --> 00:16:35.220]  走過來做什麼
[00:16:35.220 --> 00:16:37.220]  當她這樣想的時候
[00:16:37.220 --> 00:16:40.220]  其實她錯過了神去期望
[00:16:40.220 --> 00:16:44.220]  信她的人怎樣去愛倫社
[00:16:44.220 --> 00:16:48.220]  她錯失了她去經歷上帝心意的機會
[00:16:48.220 --> 00:16:52.220]  所以剛才說的波亞斯的僕人和監督
[00:16:52.220 --> 00:16:55.220]  都是很值得我們去學校
[00:16:55.220 --> 00:16:58.220]  我們又再看看剛才說到波亞斯
[00:16:58.220 --> 00:17:00.220]  波亞斯其實是一個
[00:17:00.220 --> 00:17:02.220]  他所做的一切
[00:17:02.220 --> 00:17:03.220]  我們看英文
[00:17:03.220 --> 00:17:07.220]  他超越了律法的叫他做的事
[00:17:07.220 --> 00:17:12.220]  我們看看第八至九節和十四至十五節
[00:17:12.220 --> 00:17:16.220]  波亞斯對魯德和他說
[00:17:16.220 --> 00:17:18.220]  女兒聽我說
[00:17:18.220 --> 00:17:21.220]  你不要去別人的田裡去拾墨水
[00:17:21.220 --> 00:17:23.220]  也不要離開這裡
[00:17:23.220 --> 00:17:25.220]  要緊緊跟著我的女僕
[00:17:25.220 --> 00:17:27.220]  你要看好我的僕人
[00:17:27.220 --> 00:17:29.220]  去了哪塊田去過
[00:17:29.220 --> 00:17:31.220]  你就跟著女僕去吧
[00:17:31.220 --> 00:17:33.220]  我已經吩咐了僕人
[00:17:33.220 --> 00:17:35.220]  不可以去侵犯你的
[00:17:35.220 --> 00:17:37.220]  你頸鶴可以去水缸
[00:17:37.220 --> 00:17:40.220]  喝我僕人打的水
[00:17:40.220 --> 00:17:42.220]  吃飯的時候
[00:17:42.220 --> 00:17:43.220]  波亞斯又對魯德說
[00:17:43.220 --> 00:17:46.220]  你來這裡吃點餅
[00:17:46.220 --> 00:17:48.220]  你喝點醋吃
[00:17:48.220 --> 00:17:51.220]  魯德就在修局的人旁邊坐下
[00:17:51.220 --> 00:17:54.220]  波亞斯又給了一些紅了的墨水紙
[00:17:54.220 --> 00:17:55.220]  遞給他吃
[00:17:55.220 --> 00:17:56.220]  他又吃飽了
[00:17:56.220 --> 00:17:58.220]  還要又靜
[00:17:58.220 --> 00:18:00.220]  他又收起了墨水
[00:18:00.220 --> 00:18:02.220]  波亞斯又吩咐僕人
[00:18:02.220 --> 00:18:07.220]  就算他在和菌那裡拿了墨水出來
[00:18:07.220 --> 00:18:09.220]  你都不可以羞辱他
[00:18:09.220 --> 00:18:11.220]  你們還要是從和菌裡面
[00:18:11.220 --> 00:18:12.220]  特意抽一些出來
[00:18:12.220 --> 00:18:13.220]  留給他
[00:18:13.220 --> 00:18:14.220]  讓他拿
[00:18:14.220 --> 00:18:16.220]  不可以責備他
[00:18:16.220 --> 00:18:18.220]  我們怎樣看到
[00:18:18.220 --> 00:18:20.220]  波亞斯是超越了
[00:18:20.220 --> 00:18:22.220]  律法的要求呢
[00:18:22.220 --> 00:18:24.220]  我們可以去看看
[00:18:24.220 --> 00:18:26.220]  舊約利美記
[00:18:26.220 --> 00:18:27.220]  十九章九至十節
[00:18:27.220 --> 00:18:28.220]  他說什麼呢
[00:18:28.220 --> 00:18:31.220]  他說你們要在自己的地收莊稼的時候
[00:18:31.220 --> 00:18:34.220]  不可以割盡田野的角落
[00:18:34.220 --> 00:18:37.220]  也不可以拾取莊稼所掉下來的
[00:18:37.220 --> 00:18:40.220]  也不可以摘盡葡萄園的葡萄
[00:18:40.220 --> 00:18:44.220]  也不可以摘了在葡萄園掉下來的葡萄
[00:18:44.220 --> 00:18:48.220]  要留給窮人和寄居的
[00:18:48.220 --> 00:18:49.220]  我是耶和華
[00:18:49.220 --> 00:18:50.220]  你們的神
[00:18:50.220 --> 00:18:53.220]  新穎記有二十四章十九節有提到
[00:18:53.220 --> 00:18:55.220]  你們在田裡面收莊稼的時候
[00:18:55.220 --> 00:18:59.220]  如果有一種菌在田裡忘記了
[00:18:59.220 --> 00:19:01.220]  不可以再回去拿
[00:19:01.220 --> 00:19:03.220]  你要留給寄居的
[00:19:03.220 --> 00:19:05.220]  孤兒和寡婦
[00:19:05.220 --> 00:19:07.220]  好讓耶和華
[00:19:07.220 --> 00:19:09.220]  你的神在你手裡所做的
[00:19:09.220 --> 00:19:11.220]  賜福給你
[00:19:11.220 --> 00:19:14.220]  路德又是寄居
[00:19:14.220 --> 00:19:16.220]  又是寡婦
[00:19:16.220 --> 00:19:20.220]  現在他真的在收割的人後面
[00:19:20.220 --> 00:19:21.220]  拾墨水
[00:19:21.220 --> 00:19:25.220]  所以波亞斯其實也跟隨了神所說
[00:19:25.220 --> 00:19:26.220]  跟隨了律法所說
[00:19:26.220 --> 00:19:28.220]  允許了路德繼續這樣做
[00:19:28.220 --> 00:19:31.220]  已經合乎了律法的義
[00:19:31.220 --> 00:19:33.220]  但是律法裡面
[00:19:33.220 --> 00:19:35.220]  還有沒有很詳細的說
[00:19:35.220 --> 00:19:37.220]  你之後又要怎樣對待他
[00:19:37.220 --> 00:19:38.220]  又要預備什麼
[00:19:38.220 --> 00:19:41.220]  其實沒有很詳細地寫
[00:19:41.220 --> 00:19:46.220]  但是我們剛才從第八節到第九節
[00:19:46.220 --> 00:19:47.220]  我們可以看到
[00:19:47.220 --> 00:19:50.220]  你不要去其他地方
[00:19:50.220 --> 00:19:53.220]  你要緊緊跟隨我們的女僕
[00:19:53.220 --> 00:19:55.220]  還有我已經吩咐了我的僕人
[00:19:55.220 --> 00:19:57.220]  不可以去侵犯你
[00:19:57.220 --> 00:19:59.220]  如果你拿了東西
[00:19:59.220 --> 00:20:02.220]  不可以去責備你
[00:20:02.220 --> 00:20:03.220]  你想想
[00:20:03.220 --> 00:20:05.220]  其實為什麼要這樣說呢
[00:20:05.220 --> 00:20:06.220]  就是說
[00:20:06.220 --> 00:20:08.220]  其實他可能知道
[00:20:08.220 --> 00:20:09.220]  他去其他田裡
[00:20:09.220 --> 00:20:12.220]  可能有機會被人這樣對待他
[00:20:12.220 --> 00:20:15.220]  所以他真的很恩待他
[00:20:15.220 --> 00:20:16.220]  告訴他
[00:20:16.220 --> 00:20:17.220]  你留在這裡
[00:20:17.220 --> 00:20:20.220]  在我的實力範圍底下
[00:20:20.220 --> 00:20:22.220]  我可以保護你的
[00:20:22.220 --> 00:20:27.220]  我就保護你
[00:20:27.220 --> 00:20:28.220]  事實上
[00:20:28.220 --> 00:20:33.220]  波亞斯如果純粹為了不犯律法的話
[00:20:33.220 --> 00:20:34.220]  其實剛才那些東西
[00:20:34.220 --> 00:20:36.220]  他根本不需要做
[00:20:36.220 --> 00:20:37.220]  但是他不是
[00:20:37.220 --> 00:20:41.220]  他不視律法是一個例行公事
[00:20:41.220 --> 00:20:43.220]  因為當如果我們真的做了
[00:20:43.220 --> 00:20:47.220]  我就做了律法所說的東西
[00:20:47.220 --> 00:20:48.220]  其實只是一個例行公事
[00:20:48.220 --> 00:20:50.220]  可能不需要有憐憫的心
[00:20:50.220 --> 00:20:51.220]  我做了
[00:20:51.220 --> 00:20:52.220]  神說我做了
[00:20:52.220 --> 00:20:54.220]  但是他不只這樣
[00:20:54.220 --> 00:20:56.220]  你看到他為了路德
[00:20:56.220 --> 00:20:57.220]  預備了很多東西
[00:20:57.220 --> 00:20:58.220]  無論吃東西
[00:20:58.220 --> 00:21:01.220]  還要讓他咬醋
[00:21:01.220 --> 00:21:05.220]  還要叫僕人給他什麼
[00:21:05.220 --> 00:21:07.220]  又要不要罵他
[00:21:07.220 --> 00:21:09.220]  預備得很細心
[00:21:09.220 --> 00:21:10.220]  你會看到
[00:21:10.220 --> 00:21:11.220]  他是超過了
[00:21:11.220 --> 00:21:19.220]  波亞斯是深深地經歷神在律法背後的精神
[00:21:19.220 --> 00:21:21.220]  那份愛淪捨的心
[00:21:21.220 --> 00:21:24.220]  那份照顧孤寡的心
[00:21:24.220 --> 00:21:26.220]  我們也可以從而看到
[00:21:26.220 --> 00:21:29.220]  波亞斯是真正地跟從神
[00:21:29.220 --> 00:21:33.220]  向有需要的人施憐憫
[00:21:33.220 --> 00:21:35.220]  而路德也因為這樣
[00:21:35.220 --> 00:21:41.220]  稱得上在波亞斯的眼中蒙恩
[00:21:41.220 --> 00:21:47.220]  為什麼路德可以在波亞斯的眼中蒙恩呢?
[00:21:47.220 --> 00:21:48.220]  波亞斯是怎麼說的呢?
[00:21:48.220 --> 00:21:49.220]  波亞斯說
[00:21:49.220 --> 00:21:53.220]  自從你丈夫死了之後
[00:21:53.220 --> 00:21:55.220]  凡你向婆婆所行的
[00:21:55.220 --> 00:21:57.220]  以及你離開你父母
[00:21:57.220 --> 00:21:58.220]  你的出生地
[00:21:58.220 --> 00:22:00.220]  到數不相識的百姓這裡
[00:22:00.220 --> 00:22:03.220]  這些事人都告訴我了
[00:22:03.220 --> 00:22:06.220]  現在願耶和華照你所行
[00:22:06.220 --> 00:22:08.220]  去報償你
[00:22:08.220 --> 00:22:10.220]  你來投靠在耶和華
[00:22:10.220 --> 00:22:12.220]  以色列神的翅膀下
[00:22:12.220 --> 00:22:17.220]  願你滿滿的得到他的報償
[00:22:17.220 --> 00:22:23.220]  原來波亞斯很欣賞路德對婆婆忠誠的愛
[00:22:23.220 --> 00:22:25.220]  以及他所做的一切
[00:22:25.220 --> 00:22:27.220]  他不是很簡單地看
[00:22:27.220 --> 00:22:32.220]  是不是有個媳婦跟著婆婆離鄉別井
[00:22:32.220 --> 00:22:33.220]  他不只是這樣看
[00:22:33.220 --> 00:22:36.220]  因為他覺得他放下父母
[00:22:36.220 --> 00:22:37.220]  放下家鄉
[00:22:37.220 --> 00:22:41.220]  甚至放下了他家鄉的神
[00:22:41.220 --> 00:22:45.220]  他來到這裡人生路不熟的伯利恆
[00:22:45.220 --> 00:22:46.220]  為了什麼?
[00:22:46.220 --> 00:22:50.220]  原來他是為了去投靠這位又真又活
[00:22:50.220 --> 00:22:55.220]  永生的神耶和華的翅膀下
[00:22:55.220 --> 00:22:58.220]  雖然波亞斯給了路德的恩惠
[00:22:58.220 --> 00:23:01.220]  已經遠超過律法的要求
[00:23:01.220 --> 00:23:03.220]  但是你有沒有發現
[00:23:03.220 --> 00:23:05.220]  波亞斯沒有強調
[00:23:05.220 --> 00:23:07.220]  沒有說我現在做了很多事
[00:23:07.220 --> 00:23:08.220]  其實律法沒有說
[00:23:08.220 --> 00:23:09.220]  他沒有
[00:23:09.220 --> 00:23:11.220]  他沒有很強調
[00:23:11.220 --> 00:23:14.220]  他也沒有很高調高舉自己所做
[00:23:14.220 --> 00:23:22.220]  他反而是祈求耶和華向路德施更多的恩賜賞賜
[00:23:22.220 --> 00:23:25.220]  事實上波亞斯的祈願
[00:23:25.220 --> 00:23:28.220]  其實是藉著他自己所做的
[00:23:28.220 --> 00:23:32.220]  在承受神對路德的祝福
[00:23:32.220 --> 00:23:34.220]  難怪我們可以看到
[00:23:34.220 --> 00:23:36.220]  波亞斯在吃飯的時候
[00:23:36.220 --> 00:23:37.220]  在一切事中
[00:23:37.220 --> 00:23:43.220]  給了很多恩典給路德和罵我們
[00:23:43.220 --> 00:23:45.220]  我們又看看我們自己
[00:23:45.220 --> 00:23:49.220]  教會今年在推動恆在社區
[00:23:49.220 --> 00:23:53.220]  我們今天又是怎樣對我們的鄰舍呢?
[00:23:53.220 --> 00:23:57.220]  我們是怎樣向他們施恩惠呢?
[00:23:57.220 --> 00:23:59.220]  哪些是我們的鄰舍呢?
[00:23:59.220 --> 00:24:01.220]  我們有沒有留意一下呢?
[00:24:01.220 --> 00:24:04.220]  我們會不會做的時候
[00:24:04.220 --> 00:24:07.220]  只是為了牧師這麼好
[00:24:07.220 --> 00:24:09.220]  我就聽他說一點
[00:24:09.220 --> 00:24:12.220]  教會現在一些普遍的指引和吩咐
[00:24:12.220 --> 00:24:13.220]  做一下
[00:24:13.220 --> 00:24:15.220]  還是我們是很積極的
[00:24:15.220 --> 00:24:17.220]  很投入的
[00:24:17.220 --> 00:24:20.220]  我們是由心去發出的那份憐憫
[00:24:20.220 --> 00:24:23.220]  去留意我們社區有需要的人
[00:24:23.220 --> 00:24:26.220]  我們會願意施恩給我們的鄰舍呢?
[00:24:26.220 --> 00:24:29.220]  我們會真切地去關心他們
[00:24:29.220 --> 00:24:31.220]  透過聆聽
[00:24:31.220 --> 00:24:33.220]  我們了解他們的需要
[00:24:33.220 --> 00:24:36.220]  我們嘗試盡上一份愛心
[00:24:36.220 --> 00:24:38.220]  如果你說我們正在做
[00:24:38.220 --> 00:24:40.220]  那就太好了
[00:24:40.220 --> 00:24:42.220]  那你們就繼續加油
[00:24:42.220 --> 00:24:44.220]  如果沒有的話
[00:24:44.220 --> 00:24:46.220]  你說我之前真的沒有
[00:24:46.220 --> 00:24:48.220]  不要緊
[00:24:48.220 --> 00:24:50.220]  因為神經物藉著它的經文
[00:24:50.220 --> 00:24:51.220]  它的道
[00:24:51.220 --> 00:24:53.220]  可能是激勵了你的話
[00:24:53.220 --> 00:24:55.220]  你說我現在被提醒了
[00:24:55.220 --> 00:24:57.220]  我已經開始了
[00:24:57.220 --> 00:24:58.220]  那也是好的
[00:24:58.220 --> 00:24:59.220]  還未遲
[00:24:59.220 --> 00:25:02.220]  我相信如果我們願意踏出一步的時候
[00:25:02.220 --> 00:25:04.220]  神仍然會一樣這麼開心
[00:25:04.220 --> 00:25:06.220]  這麼喜悅我們所做
[00:25:06.220 --> 00:25:09.220]  接著我們又說一下撈米
[00:25:09.220 --> 00:25:11.220]  撈米
[00:25:11.220 --> 00:25:14.220]  它的接受恩惠
[00:25:14.220 --> 00:25:16.220]  也就是施恩惠
[00:25:16.220 --> 00:25:19.220]  第十七節和十八節是這麼說的
[00:25:19.220 --> 00:25:23.220]  他說老爹在田間拾取了墨水
[00:25:23.220 --> 00:25:25.220]  直至到晚上
[00:25:25.220 --> 00:25:27.220]  他所拾取的墨水
[00:25:27.220 --> 00:25:38.220]  大約有22公升的大麥
[00:25:38.220 --> 00:25:40.220]  老爹就將所拾取的
[00:25:40.220 --> 00:25:43.220]  帶進城裡給婆婆看
[00:25:43.220 --> 00:25:45.220]  也不只給她看
[00:25:45.220 --> 00:25:47.220]  他還將今天剩下的
[00:25:47.220 --> 00:25:49.220]  帶給婆婆
[00:25:49.220 --> 00:25:51.220]  給婆婆看,給婆婆吃
[00:25:51.220 --> 00:25:53.220]  我們剛才一直數下來
[00:25:53.220 --> 00:25:55.220]  可能我們會想
[00:25:55.220 --> 00:25:59.220]  人物關係好像一層層的
[00:25:59.220 --> 00:26:01.220]  首先
[00:26:01.220 --> 00:26:03.220]  神是最大的
[00:26:03.220 --> 00:26:05.220]  給了波亞斯主人
[00:26:05.220 --> 00:26:07.220]  可以去祝福
[00:26:07.220 --> 00:26:10.220]  下面有監督
[00:26:10.220 --> 00:26:12.220]  有僕人
[00:26:12.220 --> 00:26:16.220]  寄居孤寡的老爹
[00:26:16.220 --> 00:26:18.220]  接著就是撈米
[00:26:18.220 --> 00:26:22.220]  咦,這樣看會不會有些想法
[00:26:22.220 --> 00:26:25.220]  撈米是最底層的
[00:26:25.220 --> 00:26:27.220]  他什麼都沒有做
[00:26:27.220 --> 00:26:29.220]  只是接受恩惠
[00:26:29.220 --> 00:26:31.220]  我們可能會想
[00:26:31.220 --> 00:26:33.220]  既然他很慘
[00:26:33.220 --> 00:26:35.220]  有一把年紀
[00:26:35.220 --> 00:26:37.220]  失去老公不久
[00:26:37.220 --> 00:26:39.220]  又失去兩個兒子
[00:26:39.220 --> 00:26:41.220]  又失去孫子
[00:26:41.220 --> 00:26:43.220]  你想想,什麼都沒有
[00:26:43.220 --> 00:26:44.220]  一無所有
[00:26:44.220 --> 00:26:46.220]  對於舊約的女性
[00:26:46.220 --> 00:26:48.220]  真的什麼都沒有
[00:26:48.220 --> 00:26:53.220]  她正在一個情緒低谷
[00:26:53.220 --> 00:26:55.220]  我們是否不能期望
[00:26:55.220 --> 00:26:57.220]  她成為一個施恩者
[00:26:57.220 --> 00:27:00.220]  是不是呢
[00:27:00.220 --> 00:27:02.220]  如果我們這樣想
[00:27:02.220 --> 00:27:04.220]  可能我們就要調教一下
[00:27:04.220 --> 00:27:08.220]  正如我剛才說的第二點
[00:27:08.220 --> 00:27:10.220]  在神的恩典下
[00:27:10.220 --> 00:27:13.220]  其實人人都是平等的
[00:27:13.220 --> 00:27:17.220]  他們去到糧食之城
[00:27:17.220 --> 00:27:19.220]  百利行裏面
[00:27:19.220 --> 00:27:20.220]  我們看到
[00:27:20.220 --> 00:27:22.220]  不會沒有領袖的成份
[00:27:22.220 --> 00:27:23.220]  其實在裏面
[00:27:23.220 --> 00:27:25.220]  每個人都有領袖的成份
[00:27:25.220 --> 00:27:27.220]  只不過在資源上
[00:27:27.220 --> 00:27:28.220]  可能各有不同
[00:27:28.220 --> 00:27:30.220]  波亞斯可能多些
[00:27:30.220 --> 00:27:33.220]  撈米可能少些
[00:27:33.220 --> 00:27:36.220]  但這個恩惠之間是流動的
[00:27:36.220 --> 00:27:37.220]  你會看到
[00:27:37.220 --> 00:27:40.220]  波亞斯對監督僕人很好
[00:27:40.220 --> 00:27:42.220]  監督僕人又會知道
[00:27:42.220 --> 00:27:44.220]  原來神是這樣吩咐
[00:27:44.220 --> 00:27:46.220]  我的上司也是這樣
[00:27:46.220 --> 00:27:47.220]  我的老闆也是這樣做
[00:27:47.220 --> 00:27:48.220]  我的主人也是這樣做
[00:27:48.220 --> 00:27:50.220]  他又這樣對盧德
[00:27:50.220 --> 00:27:52.220]  盧德當然不是因為他們這樣做
[00:27:52.220 --> 00:27:55.220]  他本身對撈米很好
[00:27:55.220 --> 00:27:58.220]  撈米有沒有對盧德好
[00:27:58.220 --> 00:28:00.220]  我們可以看看
[00:28:00.220 --> 00:28:05.220]  撈米本身的名字是有意思的
[00:28:05.220 --> 00:28:07.220]  大家知不知道
[00:28:07.220 --> 00:28:09.220]  它的名字本身的意思是什麼
[00:28:09.220 --> 00:28:12.220]  是的,我聽到有人說甜
[00:28:12.220 --> 00:28:13.220]  它本身是甜的
[00:28:13.220 --> 00:28:16.220]  但它現在正在經歷人生最苦的
[00:28:16.220 --> 00:28:17.220]  所以它回到巴黎的時候
[00:28:17.220 --> 00:28:18.220]  它就對人說
[00:28:18.220 --> 00:28:20.220]  你不要再叫我甜
[00:28:20.220 --> 00:28:22.220]  你叫我馬拉苦
[00:28:22.220 --> 00:28:24.220]  現在很苦
[00:28:24.220 --> 00:28:25.220]  但是
[00:28:25.220 --> 00:28:28.220]  如果我們再慢慢發現
[00:28:28.220 --> 00:28:30.220]  它經歷了第二章
[00:28:30.220 --> 00:28:31.220]  它聽了盧德
[00:28:31.220 --> 00:28:33.220]  講了它整天的經歷的時候
[00:28:33.220 --> 00:28:36.220]  它經歷了盧德對它的照顧
[00:28:36.220 --> 00:28:37.220]  它經歷了波亞斯
[00:28:37.220 --> 00:28:41.220]  給盧德和撈米的一些恩惠的時候
[00:28:41.220 --> 00:28:44.220]  它好像開始振作起來
[00:28:44.220 --> 00:28:45.220]  今天不會講到
[00:28:45.220 --> 00:28:46.220]  不過大家應該知道
[00:28:46.220 --> 00:28:48.220]  在第三章的時候
[00:28:48.220 --> 00:28:50.220]  它開始振作起來
[00:28:50.220 --> 00:28:53.220]  它要為盧德的前路
[00:28:53.220 --> 00:28:56.220]  它的歸宿去鋪路
[00:28:56.220 --> 00:28:58.220]  這種恩惠雖然還沒有發生
[00:28:58.220 --> 00:29:00.220]  在第二章的時候還沒有發生
[00:29:00.220 --> 00:29:02.220]  不過撈米對盧德
[00:29:02.220 --> 00:29:04.220]  是不是真的沒有做事
[00:29:04.220 --> 00:29:05.220]  原來不是的
[00:29:05.220 --> 00:29:07.220]  我們可以想一下
[00:29:07.220 --> 00:29:12.220]  其實它雖然正在受師傅的供養
[00:29:12.220 --> 00:29:14.220]  但其實剛才說過
[00:29:14.220 --> 00:29:17.220]  態度原來是很重要的
[00:29:17.220 --> 00:29:22.220]  如果撈米這麼苦
[00:29:22.220 --> 00:29:24.220]  我不知道大家有沒有看過電視劇
[00:29:24.220 --> 00:29:26.220]  那些很慘的人
[00:29:26.220 --> 00:29:27.220]  很苦的那些人
[00:29:27.220 --> 00:29:28.220]  他們會說什麼
[00:29:28.220 --> 00:29:30.220]  我不用你幫
[00:29:30.220 --> 00:29:31.220]  你不要可憐我
[00:29:31.220 --> 00:29:36.220]  就算是他身處很慘的家婆
[00:29:36.220 --> 00:29:38.220]  他都要挑剔家嫂
[00:29:38.220 --> 00:29:40.220]  很淒涼的
[00:29:40.220 --> 00:29:41.220]  如果你想一下
[00:29:41.220 --> 00:29:45.220]  盧德跟著撈米
[00:29:45.220 --> 00:29:47.220]  他又去幫她
[00:29:47.220 --> 00:29:49.220]  其實他可以挑剔她
[00:29:49.220 --> 00:29:50.220]  你跟著我幹嘛
[00:29:50.220 --> 00:29:51.220]  妨礙我
[00:29:51.220 --> 00:29:53.220]  或者是你很厲害嗎
[00:29:53.220 --> 00:29:54.220]  可以是這樣
[00:29:54.220 --> 00:29:55.220]  但他沒有
[00:29:55.220 --> 00:30:00.220]  他用一個願意領受恩典的心
[00:30:00.220 --> 00:30:04.220]  去接受盧德給他的私恩
[00:30:04.220 --> 00:30:07.220]  他是因然地接受
[00:30:07.220 --> 00:30:10.220]  所以我們可以看到
[00:30:10.220 --> 00:30:15.220]  撈米從盧德入門那刻開始
[00:30:15.220 --> 00:30:16.220]  未那麼苦的時候
[00:30:16.220 --> 00:30:17.220]  還是甜的時候
[00:30:17.220 --> 00:30:20.220]  他應該對盧德很好
[00:30:20.220 --> 00:30:21.220]  正如剛才所說
[00:30:21.220 --> 00:30:22.220]  他們哭著不捨得走
[00:30:22.220 --> 00:30:24.220]  其實可能在當中
[00:30:24.220 --> 00:30:26.220]  撈米雖然有些時候
[00:30:26.220 --> 00:30:28.220]  他會很沮喪的時候
[00:30:28.220 --> 00:30:30.220]  他會怨
[00:30:30.220 --> 00:30:32.220]  但無論如何
[00:30:32.220 --> 00:30:33.220]  在當中
[00:30:33.220 --> 00:30:35.220]  可能他的一言一行
[00:30:35.220 --> 00:30:37.220]  或者他的信心
[00:30:37.220 --> 00:30:38.220]  他的信念
[00:30:38.220 --> 00:30:40.220]  其實都讓盧德看到
[00:30:40.220 --> 00:30:43.220]  他信忍的神是實在的
[00:30:43.220 --> 00:30:46.220]  亦可能因為這樣
[00:30:46.220 --> 00:30:48.220]  不知不覺地體驗了
[00:30:48.220 --> 00:30:52.220]  令到盧德願意跟婆婆說
[00:30:52.220 --> 00:30:54.220]  你的神就是我的神
[00:30:54.220 --> 00:30:57.220]  他願意離鄉別井
[00:30:57.220 --> 00:30:59.220]  放下自己家鄉的神
[00:30:59.220 --> 00:31:01.220]  然後來到這裡
[00:31:01.220 --> 00:31:05.220]  去投靠撈米的神
[00:31:05.220 --> 00:31:08.220]  原來撈米其實都藉著
[00:31:08.220 --> 00:31:10.220]  他對神的認識
[00:31:10.220 --> 00:31:11.220]  他的見證
[00:31:11.220 --> 00:31:16.220]  去見證這個會私恩的神
[00:31:16.220 --> 00:31:19.220]  聽過今天的訊息
[00:31:19.220 --> 00:31:21.220]  我們可以知道
[00:31:21.220 --> 00:31:27.220]  無論我們任何身份、地位、狀況
[00:31:27.220 --> 00:31:29.220]  富有的、富足的
[00:31:29.220 --> 00:31:31.220]  還是貧乏的
[00:31:31.220 --> 00:31:34.220]  我們其實都可以成為一個
[00:31:34.220 --> 00:31:36.220]  跟從神吩咐
[00:31:36.220 --> 00:31:39.220]  成為一個可以私恩的人
[00:31:39.220 --> 00:31:42.220]  因為我們在乎的
[00:31:42.220 --> 00:31:44.220]  不是私恩
[00:31:44.220 --> 00:31:46.220]  不是我們只是給錢
[00:31:46.220 --> 00:31:49.220]  而是可能我們是一份關心
[00:31:49.220 --> 00:31:51.220]  我們一份付出
[00:31:51.220 --> 00:31:54.220]  我們一份同行
[00:31:54.220 --> 00:31:56.220]  我們一份在意
[00:31:56.220 --> 00:31:59.220]  其實都可以是一個恩惠
[00:31:59.220 --> 00:32:01.220]  而最重要的這些
[00:32:01.220 --> 00:32:03.220]  就是那個恩惠
[00:32:03.220 --> 00:32:05.220]  不是一個例行公事
[00:32:05.220 --> 00:32:07.220]  亦不是讓人看到
[00:32:07.220 --> 00:32:09.220]  我在幾艱難中
[00:32:09.220 --> 00:32:11.220]  我還是對你這麼好
[00:32:11.220 --> 00:32:13.220]  不是,不是看到我們這份慷慨
[00:32:13.220 --> 00:32:16.220]  要看的,就是看那份
[00:32:16.220 --> 00:32:20.220]  神藉著我們,帶著憐憫的心
[00:32:20.220 --> 00:32:23.220]  去對有需要人的私恩的時候
[00:32:23.220 --> 00:32:25.220]  人們可以看得見
[00:32:25.220 --> 00:32:27.220]  我們所信靠的主
[00:32:27.220 --> 00:32:28.220]  有多真實
[00:32:28.220 --> 00:32:30.220]  和祂給我們的恩典
[00:32:30.220 --> 00:32:32.220]  有多豐盛
[00:32:32.220 --> 00:32:35.220]  在生活裏,在社區中
[00:32:35.220 --> 00:32:39.220]  我們可能有跟人不少相處的機會
[00:32:39.220 --> 00:32:42.220]  我們不只是跟我們的親戚朋友
[00:32:42.220 --> 00:32:44.220]  我們可能接觸的人
[00:32:44.220 --> 00:32:47.220]  都有不同類型的關係
[00:32:47.220 --> 00:32:50.220]  不過其實只要有一個接觸點
[00:32:50.220 --> 00:32:53.220]  其實就可能是神要使用我們的時候
[00:32:53.220 --> 00:32:56.220]  使用我們的機會
[00:32:56.220 --> 00:32:59.220]  希望藉著我們去賜恩福
[00:32:59.220 --> 00:33:01.220]  給這些有需要的人
[00:33:01.220 --> 00:33:03.220]  學彼得所說
[00:33:03.220 --> 00:33:06.220]  金和銀我們可能未必有
[00:33:06.220 --> 00:33:09.220]  但是我們希望將我們所認識的
[00:33:09.220 --> 00:33:11.220]  那位永活的神
[00:33:11.220 --> 00:33:14.220]  我們將那麼好的永生的主
[00:33:14.220 --> 00:33:17.220]  我們可以去介紹給他們認識
[00:33:17.220 --> 00:33:21.220]  讓他們都經歷到耶穌的那份真實和愛
[00:33:21.220 --> 00:33:23.220]  我邀請大家一起去
[00:33:23.220 --> 00:33:26.220]  有一個沉澱的時間
[00:33:26.220 --> 00:33:29.220]  大家一起去合上眼睛
[00:33:33.220 --> 00:33:42.220]  今日藉著神的訊息或經文
[00:33:42.220 --> 00:33:52.220]  你覺得神在這裏跟你說了些甚麼呢?
[00:33:52.220 --> 00:33:57.220]  有沒有一些其實有需要的人
[00:33:57.220 --> 00:34:03.220]  早就在你們身邊出現了呢?
[00:34:03.220 --> 00:34:07.220]  今日主有沒有給你感動
[00:34:07.220 --> 00:34:10.220]  要你給更多的支持
[00:34:10.220 --> 00:34:17.220]  或者鼓勵那位有需要的人呢?
[00:34:17.220 --> 00:34:21.220]  在這個星期裏
[00:34:21.220 --> 00:34:27.220]  有沒有一些關愛的行動
[00:34:27.220 --> 00:34:30.220]  你可以去做呢?
[00:34:30.220 --> 00:34:36.220]  我們一起有個祈禱吧
[00:34:36.220 --> 00:34:43.220]  莎拉蒂夫我們感謝你
[00:34:43.220 --> 00:34:45.220]  我們感謝你
[00:34:45.220 --> 00:34:48.220]  你讓我們見到
[00:34:48.220 --> 00:34:50.220]  在路德記裏面
[00:34:50.220 --> 00:34:53.220]  被你所祝福的人
[00:34:53.220 --> 00:34:55.220]  無論是波克斯
[00:34:55.220 --> 00:34:56.220]  無論是他的僕人
[00:34:56.220 --> 00:35:01.220]  無論是路德還是那奧米
[00:35:01.220 --> 00:35:06.220]  他們都看得見你的實在和恩典
[00:35:06.220 --> 00:35:11.220]  他們彼此之間的恩待
[00:35:11.220 --> 00:35:16.220]  他們那份不計較
[00:35:16.220 --> 00:35:21.220]  讓彼此都能見到你的實在
[00:35:21.220 --> 00:35:25.220]  亦都因為那份願意去愛
[00:35:25.220 --> 00:35:29.220]  和對你的信靠
[00:35:29.220 --> 00:35:31.220]  我們可以知道
[00:35:31.220 --> 00:35:34.220]  在路德記後面那一章
[00:35:34.220 --> 00:35:35.220]  第四章的時候
[00:35:35.220 --> 00:35:38.220]  我們見到你有更大的計劃
[00:35:38.220 --> 00:35:44.220]  要成就在波克斯和路德身上
[00:35:44.220 --> 00:35:49.220]  主也求你幫助我們
[00:35:49.220 --> 00:35:52.220]  讓我們真的可以學校
[00:35:52.220 --> 00:35:56.220]  波克斯和路德
[00:35:56.220 --> 00:36:03.220]  那份超越了一般的道德
[00:36:03.220 --> 00:36:06.220]  一般的規範
[00:36:06.220 --> 00:36:08.220]  對人的愛
[00:36:08.220 --> 00:36:13.220]  是由心去生出的時候
[00:36:13.220 --> 00:36:15.220]  我們可以看見
[00:36:15.220 --> 00:36:18.220]  主你所喜悅的時候
[00:36:18.220 --> 00:36:24.220]  我們亦能夠願意去學校他們
[00:36:24.220 --> 00:36:26.220]  主也可能我們信心少
[00:36:26.220 --> 00:36:29.220]  可能有我們的難處
[00:36:29.220 --> 00:36:30.220]  主也大求你
[00:36:30.220 --> 00:36:34.220]  藉著今天的經文來鼓勵我們
[00:36:34.220 --> 00:36:38.220]  讓我們願意一小步一小步地踏出來
[00:36:38.220 --> 00:36:42.220]  願意留意我們身邊有需要的人
[00:36:42.220 --> 00:36:48.220]  讓我們成為與你同工的施恩者
[00:36:48.220 --> 00:36:50.220]  讓別人看見
[00:36:50.220 --> 00:36:55.220]  我們信靠你這位又真又活的神
[00:36:55.220 --> 00:36:58.220]  你的恩典是實在的大
[00:36:58.220 --> 00:37:00.220]  求你幫助我們
[00:37:00.220 --> 00:37:01.220]  我們這樣祈禱
[00:37:01.220 --> 00:37:04.220]  是奉主耶穌基督得勝名字祈求
[00:37:04.220 --> 00:37:06.220]  阿門
