
[00:00:00.000 --> 00:00:16.000]  親愛的天父,謝謝祢給我們生活的供應,身體的健康,讓我們在生活中不知缺乏,並在喜樂之中見證祢,使身邊的人看見祢是看顧我們的上帝。
[00:00:16.000 --> 00:00:29.000]  我們讚美主,因為祢我們的盟救贖,活在盼望的日子當中,脫離罪的綑綁,生命滿有盼望。
[00:00:29.000 --> 00:00:45.000]  求願我們能成為祢合用的器皿,使衛星的人認識主耶穌,並同心為教會的建立靜心,因為祢成為祢所約納的兒女。
[00:00:45.000 --> 00:01:06.000]  今天是母親節,我們這次紀念天下母親的愛和辛勞,他們為家庭默默獻上從生產到教導孩子的成長,照顧家人等等的事情,是祢所祝福和約納的事。
[00:01:06.000 --> 00:01:25.000]  讓上帝的祝福,時時在在領導個人的家庭,不但保守母親的健康,新生的慷態,更願祢把祢的救恩能夠達到個人的家裡,獲得從祢而來的平安和喜樂。
[00:01:25.000 --> 00:01:30.000]  我們同心合一地禱告,奉靠耶穌基督的名字祈求。
[00:01:30.000 --> 00:01:45.000]  今天是五月的第二週的星期天,是母親節,想邀請一下在座的母親可以揮一下手嗎?
[00:01:45.000 --> 00:02:08.000]  站起來可不可以啊?我們問安啊,現在我們跟身邊的人問安,也跟我們的母親問一個安,母親節快樂,平安。
[00:02:15.000 --> 00:02:34.000]  雖然今天很多母親去了喝茶,有可能去了喝茶,沒事,我們都有很多母親,感謝主,我們都有祖內問安的時間。
[00:02:34.000 --> 00:02:50.000]  那去到今天我們正道的時間,今天的正道經文是在路加福音的二章四十一到五十二節,正道的題目是母親的心,智慧的心。
[00:02:50.000 --> 00:03:05.000]  今天的講員是王子彥博士,等一下先邀請我們的讀經員張浩然弟兄為我們讀經,然後有請我們的講員王博士來正道。
[00:03:05.000 --> 00:03:06.000]  有請。
[00:03:16.000 --> 00:03:25.000]  宣讀路加福音第二章四十一到五十二節,每年愉悅節,他父母都上耶路撒冷去。
[00:03:25.000 --> 00:03:35.000]  當他十二歲的時候,他們按著過節的規矩上去,守滿了節期,他們回去,孩童耶穌仍舊在耶路撒冷。
[00:03:35.000 --> 00:03:44.000]  他的父母並不知道,以為他在同行的人中間,走了一天的路程才在親屬和熟悉的人中找他。
[00:03:44.000 --> 00:03:48.000]  既找不著,就回耶路撒冷去找他。
[00:03:48.000 --> 00:04:01.000]  過了三天,他們發現他在聖殿裡,坐在教師中間,一面聽一面問,凡聽見他的人都對他的聰明和應對感到驚奇。
[00:04:01.000 --> 00:04:14.000]  他父母看見就很驚奇,他母親對他說:「我兒啊,為什麼對我們這樣做呢?看哪,你父親和我很交集,到處找你。」
[00:04:14.000 --> 00:04:21.000]  耶穌對他們說:「為什麼找我呢?難道你們不知道我應當在我父的家裡嗎?」
[00:04:21.000 --> 00:04:30.000]  他所說的這話,他們不明白,他就同他們下去,回到拿撒勒,並且順從他們。
[00:04:30.000 --> 00:04:40.000]  他母親把這一切的事都存在心裡,耶穌的智慧和善良,並神和人喜愛他的心,都一起增長。
[00:04:40.000 --> 00:04:42.000]  這是上主的話。
[00:05:00.000 --> 00:05:09.000]  我叫紫燕,我這一張嘴,您大概就知道了,我是普通話人,大陸背景的人,我是北京人。
[00:05:09.000 --> 00:05:16.000]  但是我來香港已經二十多年了,我也是鄉音未改。
[00:05:16.000 --> 00:05:28.000]  來香港,其實我是在香港接受了耶穌基督,接受了信仰,後來有機會在中國神學研究院接受裝備。
[00:05:28.000 --> 00:05:36.000]  上星期是霞霞老師來的,那是我授業老文師,叫我希臘文的那位。
[00:05:36.000 --> 00:05:41.000]  我自己也是後來有機會,現在也是在中國神學研究院侍奉。
[00:05:41.000 --> 00:05:47.000]  所以說真的非常感恩,大家來自五湖四海,見了一些老朋友。
[00:05:47.000 --> 00:05:55.000]  我們可以在這個地方,在城市的一個角落,在這樣的一個神聖的日子,我們一起用我們自己熟悉的語言。
[00:05:55.000 --> 00:06:05.000]  當然也有很多本地弟兄姐妹,願意用這樣一個愛心的語言,我們一起來見證上帝在我們當中的恩典,這真是非常榮幸的一件事情。
[00:06:05.000 --> 00:06:11.000]  那麼這個閒言少語,那咱們就進入今天的這個正道,母親的心,智慧的心。
[00:06:11.000 --> 00:06:15.000]  我是不是往下按就行,對,是,母親的心,智慧的心,對。
[00:06:15.000 --> 00:06:20.000]  那麼這段經文是,剛才大家聽到是在《路加福音》的第二章41到52集。
[00:06:20.000 --> 00:06:32.000]  那我先從一個話題開始,就是咱們一提到母親,特別是咱們華人文化一提到母親的話,大家會想到一個怎樣的一個圖畫呢?
[00:06:32.000 --> 00:06:39.000]  大概是不是這樣,對,慈母手中線,由子身上衣,對。
[00:06:39.000 --> 00:07:00.000]  一聽到母親這二字,好像就是講到一個一個的老母親,燈下,納鞋底,縫衣服,然後象徵母親的愛,好像一個蠟燭一樣燃燒自己,不斷的犧牲,無條件的接納,無私的犧牲,無微不至的關顧。
[00:07:00.000 --> 00:07:17.000]  這個形象非常之偉大,也非常之深入人心,不過,這是不是母親的唯一一個形象,或者說是母愛的唯一一種表現的方式呢?
[00:07:17.000 --> 00:07:31.000]  或者說,這更多的是一種文化的期望呢?還是我們聖經的教導跟這個有沒有更多一些的更深入一些的教導呢?這是今天咱們一起要來思想一下。
[00:07:31.000 --> 00:07:46.000]  咱們現代文化有很多關於父母的教養,你看這叫什麼?父親的愛,太偉大了,打個傘,淋得跟羅唐紀一樣,太偉大了。
[00:07:46.000 --> 00:08:09.000]  這叫什麼?這叫母親的智慧,不光是智慧,力於美,所以說你看我們生活當中我們就知道,母親很多面向,不光是燃燒自己,母親有很多智慧的,各位母親們,你們的生活智慧非常之多的,這個毫無疑問的。
[00:08:09.000 --> 00:08:36.000]  照完了我再換下一頁,對,所以說有的時候這是一個我們值得反思一下的刻板印象,就有時候我們文化當中會有這樣的期待,好像這個男性比較偏理性,你說弟兄好理性,女性比較偏感性,那特別是一說這個智慧,這智慧好像變成一個男性的一個專利。
[00:08:36.000 --> 00:08:57.000]  你想想都是智者,老智者一想,哎喲,蘇格拉底,或者孔子,老子,怎麼一想都是一大爺,鬍子這麼長,但當然了,很多大爺非常有智慧,但有智慧的不一定是大爺,你聽這個邏輯很嚴謹。
[00:08:57.000 --> 00:09:20.000]  很多母親,其實智慧這個東西,它跟年齡跟性別不一定有關係的,您看聖經說的,旁邊我放了兩句真言書,真言書是咱們智慧書,智慧文學,它裡面提到,我兒要聽你父親的訓誨,不可離棄你母親的法則。
[00:09:20.000 --> 00:09:48.000]  您注意,這兩句是平行的,父親的教誨,母親的法則,這兩者是平行的,你都得聽的,那特別是真言書裡面有這麼一部分,有這麼一個章節,叫做,我看我這稿吧,利姆·伊勒王的言語,是他母親教訓他的真言,真言書分幾個大的章節。
[00:09:48.000 --> 00:10:10.000]  其中一個章節就是這位所謂智慧君王的他的母親的教導,所以說您看聖經裡面,這個智慧可不是男性的專屬,母親是非常有智慧的,那麼這兩段是舊約的教導,今天咱們要看這段的是新約的福音書的教導。
[00:10:10.000 --> 00:10:20.000]  那您說那段好像蠻熟悉的,查經經常查路加福音,大家喜聞樂見的經文,咱們今天來看一看有什麼不一樣的角度。
[00:10:20.000 --> 00:10:40.000]  那當然了,路加福音這一段再帶大家回顧一下,大家剛才聽了我們的弟兄念的非常鏗鏘有力,非常動聽,那咱再回味一下這段經文。
[00:10:40.000 --> 00:10:56.000]  中東的這些作者們,他們有時候講故事按照這麼一個次序,咱們中國也有啟程轉合,首尾呼應,人家呼應層次比較多一點,首尾呼應,首二段跟尾二段也呼應。
[00:10:56.000 --> 00:11:11.000]  我說說您看是不是您剛才聽的故事,第一段說耶穌跟隨父母上耶路撒冷,然後最後一段,耶穌跟祂父母回到家鄉拿撒勒,第二段呢,耶穌留在聖殿父母沒察覺。
[00:11:11.000 --> 00:11:28.000]  這個您剛才可能也留意到了,說怎麼回事,當時他們就去這個聖殿,就是每年要到這個聖殿去朝聖,當時說這怎麼父母那麼大意,不是這樣,有些聖經學者是這麼研究的。
[00:11:28.000 --> 00:11:44.000]  當時是沒有說兩個人一塊去,這個太危險了,一大家子人一塊去,去的時候有男有女,男女分開走,這路上可能生活上比較方便一點,方便一點就出事了。
[00:11:44.000 --> 00:12:08.000]  去完了以後回來的時候,這邊呢,以為這耶穌在那邊呢,他媽媽這邊以為,後來好在這兩口子還是比較警覺的,說您就問問吧,這孩子不是在你那邊呢,不對呀,在你那兒呢吧,壞了,這父母的噩夢啊,出去把孩子丟了。
[00:12:08.000 --> 00:12:21.000]  那怎麼辦呢,趕緊回去找吧,找來找去,今天第四十四節到第四十六節就開始在找啊,剛才我們聽的,找來找去在哪找著呢,在聖殿。
[00:12:21.000 --> 00:12:46.000]  所以這段經文最後出現,大家一看,啊,原來耶穌在聖殿當中,這句後邊這個ABCDCBA中間核心的那個地方,是耶穌在聖殿當中與那些文士們,與那些教師們去討論,顯出智慧,這個是整段經文的一個焦點。
[00:12:46.000 --> 00:12:55.000]  就是耶穌啊,他在少年的時候,他在聖殿當中表現出他自己的這樣一個智慧,這段是整個敘事的焦點。
[00:12:55.000 --> 00:13:13.000]  後面說,哎,你看,後面又對應了,一開始父母去找嘛,哎,找著了,對吧,那之前說是耶穌在聖殿父母未察覺,那耶穌表明身份,後面我們會再看,整個敘事弧線起承轉合到了這裡。
[00:13:13.000 --> 00:13:38.000]  所以說這整段經文啊,首先咱們雖然,為什麼要講一下這整段經文呢,有一個焦點,雖然咱們今天是母親節,但是您可別忘了,福音書的焦點永遠是耶穌基督,咱們主日崇拜的焦點呢,也永遠是三一上帝,我們效法的焦點是耶穌基督,這個沒錯。
[00:13:38.000 --> 00:13:58.000]  那這個,裡面也提到,經文的主角無疑是耶穌基督,那這就有一個問題,那今天母親節對不對,而且我們您可能也想到了,我們今天會看一下瑪利亞的故事,那她的這個角色,她的這個故事在整個的經文當中扮演一個什麼角色呢?
[00:13:58.000 --> 00:14:25.000]  所以說我們看看這位獨一無二的母親瑪利亞,我們說救恩的故事,主角永遠是基督,那不是瑪利亞,那當然也不是我們了,但很奇妙的是,上帝呼召瑪利亞以耶穌的母親這一個獨一無二的身份參與到她的救恩行動中。
[00:14:25.000 --> 00:14:45.000]  那同樣,上帝也向我們每一位發出這樣的邀請,讓我們每一個獨特的生命故事也可以融入到上帝的故事當中,這是奇妙之處,或者這是今天我們可以思考的一個角度。
[00:14:45.000 --> 00:15:00.000]  那瑪利亞示範了一個怎樣的母親,或者說瑪利亞她顯示出怎樣的一種母親的智慧,那怎麼個智慧呢?我們一會兒會看三個方向,三個要點吧。
[00:15:00.000 --> 00:15:25.000]  第一叫溝通,第二叫沉思,第三叫放手,我們一樣要來看。首先,溝通。我們看到這個,這是經文當中第48節到第50節,我把這個角色稍微標記了一下,怎麼說的呢?
[00:15:25.000 --> 00:15:39.000]  這瑪利亞等於是找了一輪很著急,終於說在聖殿裡邊看見耶穌,啊,在那兒呢。上了一句話,瑪利亞就說,我兒啊,為什麼向我們這樣行呢?
[00:15:39.000 --> 00:16:01.000]  翻譯成白豪文說,你這幹的什麼事啊,人家不告訴我們一聲啊,看吶,你父親和我傷心來找你。那耶穌怎麼回答呢?耶穌回答說,為什麼找我呢?豈不知我應當以我父的事為念嗎?
[00:16:01.000 --> 00:16:21.000]  您注意,這有一個對比嗎?瑪利亞說,我跟你爸爸,他們兩口子嘛,那就是約瑟嘛,他們倆在這兒找找找半天找不著。那耶穌說了,我不應當以我父的事為念,這我父是誰啊?
[00:16:21.000 --> 00:16:37.000]  那咱們叫做事後諸葛亮,咱們知道他後邊的我父是指的天父,我父的家,我父的事,等於是耶穌看聖殿,那是我父的家。
[00:16:37.000 --> 00:16:54.000]  天父的獨生子,他等於是在這個地方第一次表明了他是神的兒子的這個身份。但是,當時的瑪利亞跟約瑟這哪能明白啊,他完全不明白怎麼回事。
[00:16:54.000 --> 00:17:08.000]  後來慢慢慢慢這才明白了嘛。所以說,這個節骨眼兒,這個事情他們不明白,所以說,經文裡面說得非常清楚,他所說的話,他們不明白。
[00:17:08.000 --> 00:17:32.000]  這不明白叫正常,不過,話又說回來,這個溝通,這個沒明白算是成功的溝通嗎?哎呀,這是不是失敗了,那還怎麼叫典範呢?咱們再想想這事,這溝通是不是必須得說明白?
[00:17:32.000 --> 00:17:49.000]  是,有人點頭,那如果是這樣,瑪利亞會怎麼說?不行,今兒沒完,你非得跟我說明白了不可,好像瑪利亞不是這樣,或者這樣是不是一個有智慧的方式呢?咱們再仔細看看這過程。
[00:17:49.000 --> 00:18:07.000]  你看啊,瑪利亞第一句話其實蠻沖的,那等於耶穌跟一幫學者,一幫當時的教師,當時就挺受人尊敬的,瑪利亞沒管那一套,一進去見著人孩子,馬上就說你怎麼幹這事。
[00:18:07.000 --> 00:18:20.000]  母親的母子連心,心急如焚,這情緒是非常非常真實的,所以第一句話一定是帶有情緒啊,是責備啊,這是非常正常的。
[00:18:20.000 --> 00:18:42.000]  但是您留意學問在哪兒?第二句話,怎麼說呢?你看看,我跟我父親傷心來找你,注意,這就不是你怎麼樣,你怎麼不跟我們說一聲,你說說說好好的,不是的,轉方向了,您看得出來沒有?
[00:18:42.000 --> 00:18:59.000]  我自己的情緒,我們倆很傷心,這個就開始表達自我的感受,所以說你看,如果一直是本能的反應,責備對方,這就吵起來了,咱們平常吵架都是這麼吵起來的。
[00:18:59.000 --> 00:19:14.000]  激發起對方的防禦機制,受人責備肯定不舒服啊,他開始回擊,你還怎麼怎麼樣呢,你看這就吵起來,沒完吧。
[00:19:14.000 --> 00:19:29.000]  您看瑪麗亞的智慧,這叫智慧,馬上表達,第一人稱,我的感受,我的心情,表達自己的感受,而且智慧在於不一定要馬上弄明白。
[00:19:29.000 --> 00:19:46.000]  你想想,一個人在情緒非常澎湃的時候,他其實是沒有辦法認真靜下來,把這個事掰開了,揉碎了,而且我們在情緒比較激烈的時候,
[00:19:46.000 --> 00:19:59.000]  有人說窄話,我們的視野思維就會突然變得挺窄,就盯著那件事,非怎麼樣不可,就有這麼一個衝動。
[00:19:59.000 --> 00:20:13.000]  這其實是我們在情緒之下有的時候不是特別適合進行溝通的一個狀況,我們的思維就好像被那個事纏繞住,有些事你後來回頭一想就好像不算什麼。
[00:20:13.000 --> 00:20:26.000]  所以這是一個智慧,當我們有這樣的情緒的時候,其實是首先覺察我們的情緒,一開始一句話出來,這有時候攔不住,
[00:20:26.000 --> 00:20:38.000]  但是出來之後馬上意識到,我現在很激動,我現在很傷心,下一句話順著就把它說出來,我現在很傷心,我現在很激動。
[00:20:38.000 --> 00:20:50.000]  然後保留空間,不著急說馬上要下一個判斷,馬上要解決一切問題,有耐心等候,慢慢看。
[00:20:50.000 --> 00:20:59.000]  那到這兒來,對您來說,哪個步驟比較困難?對我來說,哪個步驟都困難。
[00:20:59.000 --> 00:21:08.000]  對,有時候一上頭,這個事情就不好辦,但是這恰恰就是智慧,智慧就是讓我們可以慢慢地去學習。
[00:21:08.000 --> 00:21:20.000]  所以說你看,成熟的一個溝通的智慧在哪兒?有時候我們就需要留意,越近的人,越容易上頭。
[00:21:20.000 --> 00:21:29.000]  但是成熟不代表我們把所有七情六欲,我們所有的感情都把它抹平了,那您做不到。
[00:21:29.000 --> 00:21:36.000]  但是在於,不意味著沒有情緒,而是不被情緒掌控,那怎麼不被情緒掌控呢?
[00:21:36.000 --> 00:21:45.000]  就是首先真誠表達自己的處境,自己的情感,而且帶來這種自我的反思與調整。
[00:21:45.000 --> 00:21:54.000]  所以成熟的溝通後來不代表我今天一定把這事解決,而是給彼此留餘地。
[00:21:54.000 --> 00:22:01.000]  那很多事情不是一兩句話能說明白的,我們可能不知道對方的情況,我們自己的情況。
[00:22:01.000 --> 00:22:18.000]  很多時候一想,比如說您去茶餐廳吃飯,看服務員臉色特別不好,給您奶茶,馬上急了,您這什麼意思,可能激發起您的情緒。
[00:22:18.000 --> 00:22:25.000]  您不知道他現在經歷什麼事,家裡邊到底遇見什麼為難的事情了,您都不知道的。
[00:22:25.000 --> 00:22:35.000]  所以上帝給我們的智慧在於,可能我們不著急急於下判斷,我們自己不是上帝,而且就連耶穌基督都沒有說現在審判我們。
[00:22:35.000 --> 00:22:40.000]  祂還在耐心的等候我們迴轉,我們可以留這樣一個餘地。
[00:22:40.000 --> 00:23:02.000]  你看,瑪利亞就給我們這樣一個典範,不是我現在的心意,我現在的判斷馬上就要施行在你的身上,而是留這麼一個心眼,她的心意成全在我們身上。
[00:23:02.000 --> 00:23:14.000]  這是第一個,溝通,給彼此留餘地。那留了餘地才能有下一個智慧,叫做沉思。
[00:23:14.000 --> 00:23:35.000]  如果問您,聖經當中這個瑪利亞,如果用一個詞來形容她的靈性,或者她的一個形象,那教會傳統,大部分的靈修的傳統都會告訴我們,這個瑪利亞是一個沉思的人。
[00:23:35.000 --> 00:23:44.000]  這點是特別的了不起,怎麼看出來?也是聖經裡面看出來,這都是路加福音前後文當中的事情。
[00:23:44.000 --> 00:24:00.000]  我們現在,瑪利亞這個是什麼人物?天使告訴她,聖靈感孕的這個事情,那這個事情開天闢地頭一回,沒有人經歷過,這麼大的事,嚇也嚇死了。
[00:24:00.000 --> 00:24:18.000]  瑪利亞就是一個小女子,咱們現在看到聖母像,弄得非常宏偉,在那就是一個,當時一個很不起眼的女孩子,住在一個很偏僻的窮鄉僻壤這麼一個地方,
[00:24:18.000 --> 00:24:26.000]  突然天使找上門,平常見不著,都是村裡那些親戚都認識的,突然間來一天使站在門前,好傢伙,這是什麼事情?
[00:24:26.000 --> 00:24:33.000]  但是你看瑪利亞這了不起,她把一切事情都存在心裡,反覆思想。
[00:24:33.000 --> 00:24:49.000]  您看路加福音這幾個詞不斷地出現,這是後來的第三章了,三章四十九節,這段經文,她母親把這一切的事都存在心裡。
[00:24:49.000 --> 00:25:00.000]  那前面天使報信的那個地方也提到說,瑪利亞因為這話,哪句話就是,蒙大恩的女子,我問你恩,主和你同在了。
[00:25:00.000 --> 00:25:16.000]  瑪利亞因這話就很驚慌,注意,這個情緒第一反應都是正常的,驚慌會著急,您看這第二下,又反覆思想,這問恩是什麼意思?
[00:25:16.000 --> 00:25:26.000]  她到了後面,她說,瑪利亞把這一切存在心裡,反覆思想,存在心裡,反覆思想。
[00:25:26.000 --> 00:25:40.000]  那我們知道沉思或者思想,不是說你什麼事憋著不說,那就憋壞了,不是憋著不說,而是不著急下一個判斷,就是這樣或者就是那樣。
[00:25:40.000 --> 00:25:50.000]  而是說您等這個信息慢慢沉澱,慢慢消化,等自己的情緒沉澱,等不同的信息把它擺在一塊,再慢慢看這到底是怎麼一回事。
[00:25:50.000 --> 00:25:57.000]  這是一個人比較沉著,在上帝面前有這樣的一種安靜,這是一個好的靈性。
[00:25:57.000 --> 00:26:18.000]  有的時候為什麼我們著急有一個結論呢?心裡沒底,要麼就是害怕,要麼就是著急,其實我們看瑪利亞就給我們一個不著急,很多事情不是我們一下就能明白的,放在心裡反覆思想,讓這個信息逐漸沉澱消化。
[00:26:18.000 --> 00:26:38.000]  所以我們看瑪利亞作為一個母親,她沉思了什麼?首先關於耶穌,關於耶穌這個事情一定是瑪利亞一生當中最重要最重要的一個事情,是她生命的一個主線。
[00:26:38.000 --> 00:26:56.000]  天使報那個信,蒙大恩的女子,這到底是什麼意思?那自己說沒懷孕然後生了耶穌,降生這個歧視,別人各種各樣的閒言碎語,他自己怎麼看這個事?降生的歧視,這又是一件事情。
[00:26:56.000 --> 00:27:22.000]  還有包括這件事,少年耶穌在聖殿裡面這個很神奇的事情,回去一開始著急耶穌在哪,找著之後越想這個事越神奇,他怎麼就會別處不跑就跑到聖殿裡面,而且和那些文師聖經教師對答如流,他懂這些,我沒教過他這些。
[00:27:22.000 --> 00:27:41.000]  而且最要命的就是那句話,我不當以我父的事為念,那你父到底是誰啊?所以這些事情一直在瑪利亞心中醞釀,一直在沉思,那包括不光是對耶穌,還有她對自己。
[00:27:41.000 --> 00:28:04.000]  我們,這就回到剛才那個話題,我們每個人不是上帝,上帝的救恩是上帝的故事,但是我們每個人也都不是旁觀者,我們每個人有一個獨特的身份,那瑪利亞會想自己是盟主恩的使女,天使第一次就告訴她了,那這個事情到底是什麼意思?
[00:28:04.000 --> 00:28:27.000]  那有一個事情就是上帝有一個祂的救恩的計劃,而且呢,祂要有一個心智,我是要受苦,如果你記得前文,天使一上來就跟他說,你是蒙大恩的,但是將來有朝一日你的心也要被刺透,那是後來他知道主耶穌上十字架的事情。
[00:28:27.000 --> 00:28:49.000]  但是現在一開始他要預備這個事情,這不是簡單的事情,所以說我們知道祂的一個最著名的那一段叫尊主誦,我心尊主為大,那特別是最後這一句,就是天使給祂的一個叫做祂的一個詔命,萬代稱祂為有福,萬代稱我有福,這是什麼意思?
[00:28:49.000 --> 00:29:18.000]  我們看到現在很多的這個瑪利亞的雕像,您在香港大街上很多老教堂您都能看到,都是這樣一個很溫和的姿勢,低眉,很慈悲的姿勢,但這個其實是一個symbolism,就是一種符號,講到的其實是他的這種沉思,一直在上帝面前有這樣一個謙卑,一直在沉思,我是主的使女。
[00:29:18.000 --> 00:29:29.000]  你對我有什麼樣的吩咐?那麼這樣的一個沉思帶來一種什麼樣的智慧呢?就是放手。
[00:29:29.000 --> 00:29:58.000]  那放手呢,又提到一個咱們現代的一個話題,內地有一個心理學家,前些年就比較紅了,引起一些轟動,就是伍志宏,一個內地心理學家,他就講到有本書叫《據英國》,其實他在之前提到早前一本孫龍基先生,中國文化的深層結構,這些其實都是對一家之言吧。
[00:29:58.000 --> 00:30:11.000]  對於中國文化,特別是對這種母子的文化有一些結構,主要他們的一個批判的一個點,就是一個反思的一個點,就是說這種傳統文化有一種母子共生的這麼一種情況。
[00:30:11.000 --> 00:30:26.000]  就是咱們很多中國人,華人呢,雖然說成人了之後,但是心理上還是處在一種沒斷奶的情況,那不健康的一種共生關係,那就衍生出很多的現代我們教育當中的一些問題,大家肯定不會陌生啊。
[00:30:26.000 --> 00:30:51.000]  比如說現代這種虎媽,聽到好像兒女對他無數的要求啊,上各種興趣班啊,各種培養啊,最後這孩子可能在別人眼裡很優秀,但是他就沒有自我了,或者說還有一些情況就是說,那對於母親也是一個狀況,過度的規劃,過度的焦慮,互相比較,你看鄰居家孩子如何如何,你看看你。
[00:30:51.000 --> 00:31:11.000]  這樣的敘事,我們都聽到很多事情,那麼這就是一個一些確實有它的一些影響,或者有它的一些狀況會在,那當然這些心理學家他們不是從一個所謂聖經的角度,但是他確實給我們看到一些可能提出一些我們值得去思想的問題吧。
[00:31:11.000 --> 00:31:39.000]  那就是一個狀況,就是如果我們把孩子作為自我的延伸,甚至說把孩子作為自己存在的一個證明,這說的稍微尖銳一點了,好像孩子就是母親的傑作,孩子優秀,母親就覺得面上有光,這樣的一種思維方式呢,這其實值得我們在所謂真理的光照當中,聖經的光照當中,我們好好想一想這個事。
[00:31:39.000 --> 00:32:02.000]  所以我們看聖經他告訴我們什麼,這當然有些神學的詞你不一定太計較,但是你聽個大概意思吧,就是我們每個人都是按照上帝的形象所創造的,每個人都有獨立的位格,三位一體,上帝有上帝的位格,我們每個人有人的位格。
[00:32:02.000 --> 00:32:14.000]  那當然上帝跟人是創造者與被造物不一樣的本質的存在,但是我們跟他們也是位格之間的,我和你獨立的位格。
[00:32:14.000 --> 00:32:33.000]  當然you一般是大寫的y,同樣不光是我們都是上帝,我們彼此之間也是人與人的I and you,人與人的位格之間的關係,大概是什麼意思呢,就是你們不能把對方當作一個物品。
[00:32:33.000 --> 00:32:55.000]  很多時候我們現在社會很多時候把人當成工具,小時候講到一些資本家剝削工人,其實不光是那個,其實我們現在很多公司裡面一說人力資源,這詞你聽著就有點彆扭,人們資源。
[00:32:55.000 --> 00:33:24.000]  或者說我們看到一個人想像的可能就馬上就當成這是不是我的一個潛在的一個客戶,這是我將來的一個合作夥伴,或者怎麼樣,就是我們會很本能的用一些功能去想像對方,但是上帝告訴我們,當我們見到另外一個個體的時候想像,他和我一樣也是承載著上帝的形象和樣式。
[00:33:24.000 --> 00:33:53.000]  包括我們的家人,包括我們的兒女,所以說很多咱們華人傳統,娘生兒連心肉,這是真實的,情感的連接是真實的,但同樣真實的是,兒女不是父母的一個延伸而已,兒女與父母是在上帝面前是獨立的人格。
[00:33:53.000 --> 00:33:59.000]  所以放手恰恰是尊重這樣的一種獨立的人格。
[00:33:59.000 --> 00:34:23.000]  所以說我們看到,第52節特別提到,耶穌的智慧和聲量都一起增長,這裡面非常有意思,路加,咱們就不提原文了,您看中文的翻譯,翻譯都用到耶穌,嬰兒,小孩,慢慢又長起來,用的是不同的詞。
[00:34:23.000 --> 00:34:47.000]  路加似乎特別刻意的讓我們去看到耶穌的成長的過程,他跟很多的神童敘事不一樣,他是刻意讓我們看到耶穌成長的過程,他讓我們看到耶穌的人格人性的成長是真實的,所以祂的人性是真實的,祂的救贖才對我們有效,我們對祂的效法才有效。
[00:34:47.000 --> 00:35:01.000]  耶穌是神,祂無所不能,我不是神,我什麼都不能,那這個效法就無效了,恰恰是祂也有祂的成長的過程,所以我們才有不斷成長的盼望。
[00:35:01.000 --> 00:35:22.000]  那麼就是我們看到最後的故事的結局了,耶穌統他們下去了,回到拿撒勒,並且順從他們,神的兒子順從了人類的父母,這又是怎麼回事?其實順從不是說我弄不過你們,我服你,不是一個屈服,順從是什麼?
[00:35:22.000 --> 00:35:44.000]  他是以剛才我們提到的沉思和溝通為前提的,互相知道說我們目前的界限在哪裡,我們也知道我們彼此的關係在哪裡,我們也知道彼此是愛的關係,以這些為前提的時候,順服也是放手,放手也是順服。
[00:35:44.000 --> 00:36:00.000]  不是順服人,不是屈從人,而是給對方成長的空間,相信上帝仍然在掌權,所以順服是因著信心,因著盼望,也是彼此的真愛。
[00:36:00.000 --> 00:36:20.000]  當我們愛一個人,我們尊重他是上帝的形象所創造出的人,那我們的愛就不是說你一定要按照我的意思,你一定要符合我對你的完美的想像,而是說讓我們在上帝的恩典當中,我們一起來成長。
[00:36:20.000 --> 00:36:32.000]  所以說到這兒,我想今天母親節,各位母親千萬不要有壓力,我也不是給大家壓力,說你看看瑪麗亞作為母親,這個壓力太大了,不是這個意思。
[00:36:32.000 --> 00:36:48.000]  世上沒有完美的母親,不是要求我們大家成為完美的母親,而是說在教會的群體當中,我們一起仰望那位完美的天父,他不掌控,他卻永遠對我們不離不棄。
[00:36:48.000 --> 00:36:57.000]  我們世上每一位母親都需要福音的更新,每一個家庭都需要不斷的恩典來滋潤。
[00:36:57.000 --> 00:37:26.000]  那你說可能在座的您,您不是母親,可能您只是說因為工作或者陪伴家人來到香港,可能覺得自己只是一個,甚至說我們知道普通話的群體,大家可能親戚朋友也都知道,有時候從內地因為孩子的教育,或者因為一些工作,先生的工作等等等等,來到香港之後,生活會有很多的轉變,可能覺得變成只是陪讀了,只是一個媽媽。
[00:37:26.000 --> 00:37:52.000]  但請您重新看看瑪麗亞,瑪麗亞一個小女子,她不是祭司,她不是文士,更不是君王,她似乎在聖經裡面只是一位母親,但是上帝呼召她和上帝的眾仙之眾僕人一起見證耶穌,見證耶穌基督的救恩進入到我們的世界。
[00:37:52.000 --> 00:38:19.000]  所以說,回到咱們教會的這個主題,共建教會,以愛同行,母親節的信息不只是給母親的,也是給教會當中我們每一位上帝的兒女的,那家庭的功課也是群體的功課,溝通,沉思,彼此之間的放手,那母親的智慧也正是教會的智慧。
[00:38:19.000 --> 00:38:48.000]  所以說,讓我們可以在彼此相處的時候,讓我們一起在香港這個地方我們一起同行的時候,我們可以繼續去有血有肉的沉思,在一個信息資訊爆炸的時代,我們操練安靜的心,我們可以堅持不懈的溝通,在許多的這種對立分化殆盡之間,人群之間,對吧,這些裂痕當中,我們可以操練以愛。
[00:38:48.000 --> 00:39:05.000]  最後,我們也是學習順服與放手,在一個焦慮掌控的年代,我們可以同心仰望上帝,把我們自己的生命,把我們彼此的生命交託給上帝,讓我們同心禱告。
[00:39:05.000 --> 00:39:30.000]  天父上帝,我們感謝祢,主要在每一個主日,在每一天,祢都與我們同在,祝福今天剛才站起身來的那些母親們,主要今天是屬於她們的,她們真是付上很多的辛勞,為家庭,為家人,為孩子,但是主要她們付上的也不只是這些辛勞,
[00:39:30.000 --> 00:39:48.000]  她們也祝福了不光是她們自己的家庭,自己的孩子,也祝福了許多的家庭,許多的孩子,在這個社會當中,在這樣的一個教會當中,在人群當中,主要她們以她們的愛,她們作為母親的愛,作為母親的智慧,在滋養著我們彼此。
[00:39:48.000 --> 00:40:12.000]  天父,今天更是你自己的日子,讓我們可以一起來同心仰望你,求你把母親般的智慧賜給我們,賜給你的教會,賜給你的每一個兒女,讓我們可以彼此來學習溝通,學習沉思,學習彼此留有餘地,學習醒覺我們自己的情緒,
[00:40:12.000 --> 00:40:27.000]  同時我們也學習把我們自己和彼此的生命,把教會的群體,仰望在你的恩典當中,求你親自保守帶領,把一切的榮耀都歸給你,禱告奉主耶穌基督名求,阿們。
