
[00:00:00.000 --> 00:00:03.720]  多謝帶領敬拜的弟兄姊妹
[00:00:03.720 --> 00:00:05.720]  真是很好的詩歌
[00:00:05.720 --> 00:00:07.720]  亦都是一個很好的祈禱
[00:00:07.720 --> 00:00:11.080]  相信當我們誠心來到歌頌
[00:00:11.080 --> 00:00:13.080]  獻上這個禱告
[00:00:13.080 --> 00:00:15.920]  願神更生復興我們的時候
[00:00:15.920 --> 00:00:17.920]  的確神會閱立
[00:00:17.920 --> 00:00:21.120]  因為我們進到祂慈愛的居所
[00:00:21.120 --> 00:00:24.640]  我們藏身在神的淫秘之下
[00:00:24.640 --> 00:00:26.640]  特別這個禮拜
[00:00:26.640 --> 00:00:28.960]  我們經歷到那種天氣
[00:00:28.960 --> 00:00:31.400]  但今日的天氣都不似預期
[00:00:31.400 --> 00:00:34.760]  讓我們都可以平安地回來
[00:00:34.760 --> 00:00:36.760]  這個禮拜我們教會
[00:00:36.760 --> 00:00:39.640]  有一個安息禮拜兩個婚禮
[00:00:39.640 --> 00:00:43.800]  我們都經歷到弟兄姊妹那種彼此配搭
[00:00:43.800 --> 00:00:45.800]  願意互相幫助
[00:00:45.800 --> 00:00:47.800]  所以剛剛我從婚禮回來
[00:00:47.800 --> 00:00:51.400]  都充滿著喜樂
[00:00:51.400 --> 00:00:54.600]  所以亦都很感恩今天我們又可以一起去崇拜
[00:00:54.600 --> 00:00:56.600]  特別我們能夠參與實體
[00:00:56.600 --> 00:01:00.120]  亦都很感恩你都跟弟兄姊妹說聲平安
[00:01:00.120 --> 00:01:02.120]  很開心見到你
[00:01:02.120 --> 00:01:04.800]  跟你一起去敬拜
[00:01:04.800 --> 00:01:08.280]  特別今日我們能夠一起去參與
[00:01:08.280 --> 00:01:10.280]  今年的我們的主題研習
[00:01:10.280 --> 00:01:12.280]  綠色生活
[00:01:12.280 --> 00:01:15.880]  我們能夠在實體聚會一起去參與
[00:01:15.880 --> 00:01:17.880]  記得上個禮拜
[00:01:17.880 --> 00:01:20.880]  我們有個很特別的母親節禮物
[00:01:20.880 --> 00:01:22.880]  我是母親都收到了
[00:01:22.880 --> 00:01:24.880]  或者你不是母親
[00:01:24.880 --> 00:01:26.880]  我旁邊的母親收到
[00:01:26.880 --> 00:01:28.880]  很特別的禮物
[00:01:28.880 --> 00:01:31.880]  很感謝我們香草園的團隊
[00:01:31.880 --> 00:01:33.880]  香草園就是我們花園露台
[00:01:33.880 --> 00:01:35.880]  有個很漂亮的名字
[00:01:35.880 --> 00:01:37.880]  有一班弟兄姊妹是很喜歡種植的
[00:01:37.880 --> 00:01:39.880]  將我們那個
[00:01:39.880 --> 00:01:41.880]  很多花草已經死了
[00:01:41.880 --> 00:01:43.880]  枯乾了在疫情
[00:01:43.880 --> 00:01:45.880]  他們全部把它們種回生
[00:01:45.880 --> 00:01:49.880]  他們很悉心地預備這份禮物
[00:01:49.880 --> 00:01:51.880]  作為母親節的禮物
[00:01:51.880 --> 00:01:53.880]  在這份禮物裏面
[00:01:53.880 --> 00:01:57.880]  我們看到上帝很奇妙的創造
[00:01:57.880 --> 00:01:59.880]  竟然一些小種子
[00:01:59.880 --> 00:02:03.880]  可以長出一些芽苗
[00:02:03.880 --> 00:02:06.880]  亦都可以成為很有營養的食物
[00:02:06.880 --> 00:02:08.880]  因為裏面都教導我們
[00:02:08.880 --> 00:02:09.880]  怎樣去種植
[00:02:09.880 --> 00:02:11.880]  怎樣去吃
[00:02:11.880 --> 00:02:13.880]  可以去煮食
[00:02:13.880 --> 00:02:15.880]  當然亦都加上人的創意
[00:02:15.880 --> 00:02:18.880]  好像我們上個禮拜那篇的訊息
[00:02:18.880 --> 00:02:20.880]  神給人有創意
[00:02:20.880 --> 00:02:23.880]  去想怎樣來成為一份禮物
[00:02:23.880 --> 00:02:25.880]  去怎樣包裝去講解
[00:02:25.880 --> 00:02:29.880]  更加亦都可以來煮食
[00:02:29.880 --> 00:02:32.880]  不知道大家擁有這份禮物
[00:02:32.880 --> 00:02:33.880]  是否已經吃了
[00:02:33.880 --> 00:02:35.880]  或者不知道現在變成怎樣
[00:02:35.880 --> 00:02:36.880]  不過不要緊
[00:02:36.880 --> 00:02:38.880]  希望我們很珍惜
[00:02:38.880 --> 00:02:40.880]  我們提醒我們
[00:02:40.880 --> 00:02:44.880]  現在我們的世界都越來越重視環保
[00:02:44.880 --> 00:02:48.880]  或者一些環保的健康的美食
[00:02:48.880 --> 00:02:50.880]  好像這份禮物
[00:02:50.880 --> 00:02:52.880]  都是我們越來越注重的
[00:02:52.880 --> 00:02:55.880]  所以今年我們這個題目
[00:02:55.880 --> 00:02:59.880]  都是很重要
[00:02:59.880 --> 00:03:02.880]  我們今天是一個起步的主日
[00:03:02.880 --> 00:03:03.880]  我們由5月14日
[00:03:03.880 --> 00:03:06.880]  一直到6月底連續7個星期
[00:03:06.880 --> 00:03:10.880]  是我們教會十大屬靈文化的第六年
[00:03:10.880 --> 00:03:12.880]  我們是用這個字牌
[00:03:12.880 --> 00:03:15.880]  所以就是六年綠色生活
[00:03:15.880 --> 00:03:19.880]  這個十大屬靈文化是怎樣來的
[00:03:19.880 --> 00:03:20.880]  因為可能有些弟兄姊妹
[00:03:20.880 --> 00:03:22.880]  都是近年回來不知道
[00:03:22.880 --> 00:03:24.880]  其實就是在六年前
[00:03:24.880 --> 00:03:27.880]  我們一起去做夢
[00:03:27.880 --> 00:03:31.880]  去夢想我們想教會是怎樣成長
[00:03:31.880 --> 00:03:34.880]  於是我們收集了很多的意見
[00:03:34.880 --> 00:03:36.880]  然後我們的執事
[00:03:36.880 --> 00:03:38.880]  我們的同工一起整理
[00:03:38.880 --> 00:03:41.880]  就成為了這個十大的屬靈文化
[00:03:41.880 --> 00:03:44.880]  我們盼望這個成為了我們一個屬靈的文化
[00:03:44.880 --> 00:03:47.880]  這些都是我們很重視的
[00:03:47.880 --> 00:03:49.880]  跟聖經的教導也很吻合
[00:03:49.880 --> 00:03:52.880]  這個綠色生活SSL
[00:03:52.880 --> 00:03:54.880]  好像電郵密碼一樣
[00:03:54.880 --> 00:03:56.880]  有幾個英文字的
[00:03:56.880 --> 00:03:57.880]  是什麼意思呢
[00:03:57.880 --> 00:04:01.880]  SSL是代表有兩個重點
[00:04:01.880 --> 00:04:05.880]  一個是代表管家的托付
[00:04:05.880 --> 00:04:09.880]  另外一個是指一個簡約的生命
[00:04:09.880 --> 00:04:12.880]  這個簡約的生命是能夠對焦的
[00:04:12.880 --> 00:04:15.880]  所以接下來我們這七個星期
[00:04:15.880 --> 00:04:19.880]  我們一起去學習這個綠色生活
[00:04:19.880 --> 00:04:22.880]  所以今天這個起步
[00:04:22.880 --> 00:04:26.880]  這個主題是地球好管家
[00:04:26.880 --> 00:04:30.880]  很想跟大家去看其中一段的經文
[00:04:30.880 --> 00:04:33.880]  今晚我們會看很多不同的經文
[00:04:33.880 --> 00:04:36.880]  但這個是其中一個核心的經文
[00:04:36.880 --> 00:04:39.880]  是記載在彼得前書的四章
[00:04:39.880 --> 00:04:41.880]  七到十節
[00:04:41.880 --> 00:04:43.880]  我們一起讀一讀
[00:04:43.880 --> 00:04:45.880]  萬物的結局近了
[00:04:45.880 --> 00:04:48.880]  所以你們要謹慎自守
[00:04:48.880 --> 00:04:51.880]  要警醒禱告
[00:04:51.880 --> 00:04:55.880]  最要緊的是彼此切實相愛
[00:04:55.880 --> 00:04:58.880]  因為愛能遮掩許多的罪
[00:04:58.880 --> 00:05:01.880]  你們要互相款待
[00:05:01.880 --> 00:05:03.880]  不發怨言
[00:05:03.880 --> 00:05:07.880]  人人要照自己所得的恩賜彼此服侍
[00:05:07.880 --> 00:05:12.880]  作上帝各種恩賜的好管家
[00:05:12.880 --> 00:05:17.880]  我們估計這個是使徒彼得的書信
[00:05:17.880 --> 00:05:19.880]  在他很晚年的時候
[00:05:19.880 --> 00:05:21.880]  他經歷了很多
[00:05:21.880 --> 00:05:23.880]  當時是一個很不容易的世代
[00:05:23.880 --> 00:05:25.880]  我相信比我們現在
[00:05:25.880 --> 00:05:28.880]  也有很多更艱難的地方
[00:05:28.880 --> 00:05:31.880]  彼得在這裡有一個很重要的教導
[00:05:31.880 --> 00:05:33.880]  我看到是總結
[00:05:33.880 --> 00:05:35.880]  在舊約 神的預言
[00:05:35.880 --> 00:05:38.880]  一直到新約在當時的時代裡
[00:05:38.880 --> 00:05:40.880]  他就短短的這幾節
[00:05:40.880 --> 00:05:43.880]  去總結一個很重要的教導
[00:05:43.880 --> 00:05:48.880]  他形容他們已經在一個萬物結局近了的時代
[00:05:48.880 --> 00:05:50.880]  在一個末世裡
[00:05:50.880 --> 00:05:52.880]  今天我們更加體會
[00:05:52.880 --> 00:05:54.880]  我們在一個末世裡
[00:05:54.880 --> 00:05:57.880]  特別當我們看到世界的動盪
[00:05:57.880 --> 00:05:59.880]  我們經歷時代的轉變
[00:05:59.880 --> 00:06:03.880]  更加是幾年在這個疫情當中
[00:06:03.880 --> 00:06:07.880]  他跟聖經裡描述的末世是很相近
[00:06:07.880 --> 00:06:09.880]  在這裡彼得提醒
[00:06:09.880 --> 00:06:13.880]  既然我們知道萬物的結局近了
[00:06:13.880 --> 00:06:15.880]  我們經常說我們在一個末世裡
[00:06:15.880 --> 00:06:18.880]  我們要怎樣去過生活呢
[00:06:18.880 --> 00:06:21.880]  大家看看這個生活的態度
[00:06:21.880 --> 00:06:25.880]  是負面的還是很積極的呢
[00:06:25.880 --> 00:06:29.880]  大家看到是負面還是積極的
[00:06:29.880 --> 00:06:31.880]  是很積極的
[00:06:31.880 --> 00:06:33.880]  在這裡彼得提醒
[00:06:33.880 --> 00:06:34.880]  使徒提醒
[00:06:34.880 --> 00:06:36.880]  要用一個警醒的心
[00:06:36.880 --> 00:06:40.880]  也是盡我們所能去行善的
[00:06:40.880 --> 00:06:43.880]  包括要彼此相愛
[00:06:43.880 --> 00:06:45.880]  要互相的服侍
[00:06:45.880 --> 00:06:50.880]  更加最後他用一個很包羅萬有的一句話去總結
[00:06:50.880 --> 00:06:54.880]  就是我們照著神給我們的恩賜
[00:06:54.880 --> 00:06:56.880]  在各種的恩賜上面
[00:06:56.880 --> 00:06:58.880]  這個各種的恩賜
[00:06:58.880 --> 00:07:01.880]  原來是指多元的
[00:07:01.880 --> 00:07:03.880]  是各式各樣的
[00:07:03.880 --> 00:07:05.880]  我們帶著很多不同的神
[00:07:05.880 --> 00:07:08.880]  給我們生命裡很多的恩典
[00:07:08.880 --> 00:07:10.880]  我們用不同的方法
[00:07:10.880 --> 00:07:12.880]  我們要做什麼呢
[00:07:12.880 --> 00:07:16.880]  要作上帝各種恩賜的好管家
[00:07:16.880 --> 00:07:19.880]  這裡說到我們要成為上帝的好管家
[00:07:19.880 --> 00:07:23.880]  今天我們很想深入去看一看
[00:07:23.880 --> 00:07:26.880]  這個神學很重要的概念
[00:07:26.880 --> 00:07:28.880]  一個成熟的驕徒
[00:07:28.880 --> 00:07:30.880]  原來有一個很重要的身份
[00:07:30.880 --> 00:07:34.880]  就是在地上要作上好管家
[00:07:34.880 --> 00:07:39.880]  這是我們成長成熟的一個標記
[00:07:39.880 --> 00:07:40.880]  其實上個星期
[00:07:40.880 --> 00:07:43.880]  或者有些時候我們也有提到這個管家
[00:07:43.880 --> 00:07:48.880]  不過今天我很想和大家再仔細看一看
[00:07:48.880 --> 00:07:49.880]  剛才的經文
[00:07:49.880 --> 00:07:51.880]  還有在聖經裡面很多時候
[00:07:51.880 --> 00:07:53.880]  用到提到管家這個字
[00:07:53.880 --> 00:07:54.880]  這個希臘文
[00:07:54.880 --> 00:07:57.880]  Economos這個字
[00:07:57.880 --> 00:08:00.880]  是一個很深入的意思
[00:08:00.880 --> 00:08:01.880]  如果拆開它
[00:08:01.880 --> 00:08:02.880]  是兩部分
[00:08:02.880 --> 00:08:04.880]  是包括一個房子
[00:08:04.880 --> 00:08:06.880]  一個家
[00:08:06.880 --> 00:08:09.880]  後面那一部分是指一個法律
[00:08:09.880 --> 00:08:10.880]  一個法則
[00:08:10.880 --> 00:08:13.880]  所以這個意思如果翻出來
[00:08:13.880 --> 00:08:16.880]  就是說我們是上帝的好管家
[00:08:16.880 --> 00:08:18.880]  剛才在經文裡面
[00:08:18.880 --> 00:08:22.880]  就是說我們是上帝授權給我們
[00:08:22.880 --> 00:08:24.880]  來管理祂的家
[00:08:24.880 --> 00:08:30.880]  這個家是包括神那些很寶貴的產業
[00:08:30.880 --> 00:08:32.880]  就是這個地上面
[00:08:32.880 --> 00:08:35.880]  這個地是神所創造的
[00:08:35.880 --> 00:08:38.880]  但是這個字包含了一個意思
[00:08:38.880 --> 00:08:41.880]  就是用神的法則去管理
[00:08:41.880 --> 00:08:44.880]  所以原來我們是神的好管家
[00:08:44.880 --> 00:08:48.880]  來代管著祂很寶貴的產業
[00:08:48.880 --> 00:08:51.880]  就在這個地上面祂所創造
[00:08:51.880 --> 00:08:53.880]  就是要用神的法則
[00:08:53.880 --> 00:08:55.880]  在聖經裡面好管家
[00:08:55.880 --> 00:08:57.880]  有很常譯到另外一個字
[00:08:57.880 --> 00:09:00.880]  就是作基督的僕人
[00:09:00.880 --> 00:09:03.880]  在新約聖經裡面有很多段經文
[00:09:03.880 --> 00:09:04.880]  如果我們記一下
[00:09:04.880 --> 00:09:07.880]  就會知道耶穌基督用過很多的比喻
[00:09:07.880 --> 00:09:10.880]  去講到我們要做祂忠心的僕人
[00:09:10.880 --> 00:09:13.880]  原來這個也是管家的意思
[00:09:13.880 --> 00:09:17.880]  就好像在《馬太福音》24章
[00:09:17.880 --> 00:09:21.880]  也是《路加福音》第12章的相對照
[00:09:21.880 --> 00:09:24.880]  耶穌基督用了一個比喻說
[00:09:24.880 --> 00:09:26.880]  哪一個是為主忠心
[00:09:26.880 --> 00:09:28.880]  管理神家裡面的人
[00:09:28.880 --> 00:09:31.880]  能夠按時分糧給他們的
[00:09:31.880 --> 00:09:35.880]  是一個忠心有見識的僕人
[00:09:35.880 --> 00:09:37.880]  這裡讓我們知道
[00:09:37.880 --> 00:09:39.880]  作為神的好管家
[00:09:39.880 --> 00:09:41.880]  一個很重要的特質是什麼
[00:09:41.880 --> 00:09:44.880]  就是對神那份忠心
[00:09:44.880 --> 00:09:47.880]  忠於上帝
[00:09:47.880 --> 00:09:50.880]  用祂所喜悅的方法來管理
[00:09:50.880 --> 00:09:53.880]  更加我們要加上見識
[00:09:53.880 --> 00:09:56.880]  我們要明白屬靈的知識
[00:09:56.880 --> 00:09:58.880]  明白神的要求
[00:09:58.880 --> 00:09:59.880]  所以我們要學習
[00:09:59.880 --> 00:10:02.880]  這樣的管家有福糧
[00:10:02.880 --> 00:10:04.880]  當主人來到的時候
[00:10:04.880 --> 00:10:07.880]  所以神會向我們問責
[00:10:07.880 --> 00:10:10.880]  我們有一天要向祂交賬
[00:10:10.880 --> 00:10:15.880]  怎樣去管理神賜給我們的一切
[00:10:15.880 --> 00:10:19.880]  這個管家有另外一個字
[00:10:19.880 --> 00:10:23.880]  是越來越多神學家都有提及
[00:10:23.880 --> 00:10:26.880]  原來我們很熟悉的經濟這個字
[00:10:26.880 --> 00:10:29.880]  英文economy
[00:10:29.880 --> 00:10:34.880]  你看到音譯跟它的字都很相近
[00:10:34.880 --> 00:10:40.880]  原來管家就是現在經常講的經濟學
[00:10:40.880 --> 00:10:44.880]  是由希臘文字去演繹出來
[00:10:44.880 --> 00:10:45.880]  所以我們知道
[00:10:45.880 --> 00:10:48.880]  在新約時代的初期教會信徒
[00:10:48.880 --> 00:10:51.880]  他們是很知道這個概念的
[00:10:51.880 --> 00:10:55.880]  作神的管家跟他們所體會的經濟
[00:10:55.880 --> 00:10:59.880]  其實是一個很相近的概念
[00:10:59.880 --> 00:11:03.880]  而且意義是相通的
[00:11:03.880 --> 00:11:05.880]  今天很值得我們去思想
[00:11:05.880 --> 00:11:07.880]  今天我們看到我們的地球
[00:11:07.880 --> 00:11:10.880]  這個千瘡百孔的地球
[00:11:10.880 --> 00:11:11.880]  我們常常說
[00:11:11.880 --> 00:11:14.880]  知道我們很多的生態已經被破壞
[00:11:14.880 --> 00:11:15.880]  我們試想想
[00:11:15.880 --> 00:11:18.880]  問題出在哪裡
[00:11:18.880 --> 00:11:23.880]  我們今天是怎樣去看經濟這個字呢
[00:11:23.880 --> 00:11:25.880]  當然我們知道
[00:11:25.880 --> 00:11:28.880]  其實很多問題都出自人
[00:11:28.880 --> 00:11:33.880]  我們失去了那份管理神的地球的智慧
[00:11:33.880 --> 00:11:35.880]  我們欣著這個經濟
[00:11:35.880 --> 00:11:39.880]  我們現在看經濟都是金錢掛帥的
[00:11:39.880 --> 00:11:42.880]  我們是急功近利的
[00:11:42.880 --> 00:11:44.880]  所以有時候我們顧著目前
[00:11:44.880 --> 00:11:49.880]  一時的方便就製造了很多的垃圾
[00:11:49.880 --> 00:11:52.880]  產生了很多的生態危機
[00:11:52.880 --> 00:11:54.880]  如果我們這樣看
[00:11:54.880 --> 00:12:00.880]  我們距離神當初交付這個地球給我們管理
[00:12:00.880 --> 00:12:05.880]  那個距離真的很大
[00:12:05.880 --> 00:12:07.880]  我們看看這張圖片
[00:12:07.880 --> 00:12:08.880]  真的很可憐
[00:12:08.880 --> 00:12:09.880]  這隻北極熊
[00:12:09.880 --> 00:12:14.880]  北極熊在我們的腦海裡應該是很胖
[00:12:14.880 --> 00:12:18.880]  這些白色的毛很可愛
[00:12:18.880 --> 00:12:20.880]  但為什麼變成這麼瘦呢
[00:12:20.880 --> 00:12:23.880]  因為北極熊快要沒有家了
[00:12:23.880 --> 00:12:25.880]  覓食都很困難
[00:12:25.880 --> 00:12:28.880]  還有我們香港人很喜歡去的地方
[00:12:28.880 --> 00:12:30.880]  墾丁
[00:12:30.880 --> 00:12:34.880]  其實我以前度蜜月都是去墾丁的
[00:12:34.880 --> 00:12:37.880]  但現在的海底變成這樣
[00:12:37.880 --> 00:12:41.880]  那些美麗的珊瑚都沒有了
[00:12:41.880 --> 00:12:42.880]  為什麼呢
[00:12:42.880 --> 00:12:46.880]  那些海水溫度又上升
[00:12:46.880 --> 00:12:48.880]  有很多的污染物
[00:12:48.880 --> 00:12:51.880]  那些工業的大國
[00:12:51.880 --> 00:12:59.880]  每天不停地向著天空噴出很多有害的物質
[00:12:59.880 --> 00:13:03.880]  但更加可憐的是那些窮苦的國家
[00:13:03.880 --> 00:13:05.880]  他們承受了很多這些後果
[00:13:05.880 --> 00:13:09.880]  那些需要靠漁業的
[00:13:09.880 --> 00:13:11.880]  靠農業來生產的
[00:13:11.880 --> 00:13:14.880]  他們受的惡果是最大的
[00:13:14.880 --> 00:13:17.880]  有錢的國家可能把問題給了別人
[00:13:17.880 --> 00:13:20.880]  製造了很多的垃圾
[00:13:20.880 --> 00:13:23.880]  有環保專家這樣說
[00:13:23.880 --> 00:13:27.880]  他說從二十世紀六十年代以來
[00:13:27.880 --> 00:13:28.880]  不是很久的
[00:13:28.880 --> 00:13:29.880]  六十年代
[00:13:29.880 --> 00:13:31.880]  我們這裡有很多人可能出生自六十年代
[00:13:31.880 --> 00:13:33.880]  這幾十年
[00:13:33.880 --> 00:13:37.880]  但是人類好用的那些原料
[00:13:37.880 --> 00:13:39.880]  那些自然的資源
[00:13:39.880 --> 00:13:44.880]  已經超越了歷世歷代所好用的了
[00:13:44.880 --> 00:13:47.880]  所以讓我們知道近這數十年以來
[00:13:47.880 --> 00:13:49.880]  這個世紀以來
[00:13:49.880 --> 00:13:53.880]  原來我們傷害的這個地球好重要
[00:13:53.880 --> 00:13:55.880]  不說很遙遠
[00:13:55.880 --> 00:13:57.880]  我們說近一點
[00:13:57.880 --> 00:14:02.880]  其實在我們香港都感受到氣候的變化
[00:14:02.880 --> 00:14:05.880]  大家知不知道在我們五月份
[00:14:05.880 --> 00:14:07.880]  今天是五月十四號
[00:14:07.880 --> 00:14:11.880]  當第一個禮拜我們恢復了實體聚會沒多久
[00:14:11.880 --> 00:14:15.880]  你記不記得五月一號那個主日
[00:14:15.880 --> 00:14:17.880]  記不記得前幾天
[00:14:17.880 --> 00:14:22.880]  五月一號前幾天是熱到二十八九度
[00:14:22.880 --> 00:14:25.880]  三十度都是
[00:14:25.880 --> 00:14:28.880]  但是那個主日的下午
[00:14:28.880 --> 00:14:31.880]  是涼到要穿外套
[00:14:31.880 --> 00:14:33.880]  大家記不記得
[00:14:33.880 --> 00:14:35.880]  原來五月二日
[00:14:35.880 --> 00:14:38.880]  錄得的氣溫是十六點四度
[00:14:38.880 --> 00:14:42.880]  原來這個紀錄是自一九一七年以來
[00:14:42.880 --> 00:14:43.880]  真的很誇張
[00:14:43.880 --> 00:14:44.880]  一九一七年以來
[00:14:44.880 --> 00:14:49.880]  即是一百零五年以來五月最低的紀錄
[00:14:49.880 --> 00:14:51.880]  所以讓我們看到
[00:14:51.880 --> 00:14:55.880]  我們時常說現在我們的氣候變化很大
[00:14:55.880 --> 00:14:59.880]  亦都產生了很多自然的災難
[00:14:59.880 --> 00:15:04.880]  這個是我們香港天文台的一個最新的統計
[00:15:04.880 --> 00:15:06.880]  你遠可能看不到那些小字
[00:15:06.880 --> 00:15:08.880]  但你會看到那條線
[00:15:08.880 --> 00:15:10.880]  這條線是不斷上升的
[00:15:10.880 --> 00:15:11.880]  是什麼
[00:15:11.880 --> 00:15:13.880]  是那些降雨量
[00:15:13.880 --> 00:15:16.880]  平均每一個小時的降雨量
[00:15:16.880 --> 00:15:18.880]  而這個圖表是說
[00:15:18.880 --> 00:15:22.880]  是統計由一百八五年
[00:15:22.880 --> 00:15:24.880]  一直到現在
[00:15:24.880 --> 00:15:26.880]  二零二一年
[00:15:26.880 --> 00:15:28.880]  一個很長時間的統計
[00:15:28.880 --> 00:15:32.880]  你會看到那個極端降雨的事件
[00:15:32.880 --> 00:15:36.880]  在香港是越來越頻繁的
[00:15:36.880 --> 00:15:39.880]  這個對香港緊不緊要
[00:15:39.880 --> 00:15:44.880]  香港有很多樓建築在山坡上
[00:15:44.880 --> 00:15:47.880]  香港有很多地下設施
[00:15:47.880 --> 00:15:51.880]  你看到我們有些大城市
[00:15:51.880 --> 00:15:52.880]  因著一場水災
[00:15:52.880 --> 00:15:54.880]  整個地鐵站可以淹沒
[00:15:54.880 --> 00:15:56.880]  是不是很可怕
[00:15:56.880 --> 00:15:58.880]  那些山泥傾瀉的問題
[00:15:58.880 --> 00:16:01.880]  而這個情況是越來越嚴重
[00:16:01.880 --> 00:16:03.880]  另外一種圖表
[00:16:03.880 --> 00:16:04.880]  你會看到
[00:16:04.880 --> 00:16:06.880]  那個是什麼意思呢
[00:16:06.880 --> 00:16:09.880]  你會看到有黃色和橙色
[00:16:09.880 --> 00:16:11.880]  還有一條藍色
[00:16:11.880 --> 00:16:13.880]  那個是代表黃色
[00:16:13.880 --> 00:16:15.880]  還有你看到另外一邊
[00:16:15.880 --> 00:16:17.880]  那個黃色和橙色是很高的
[00:16:17.880 --> 00:16:19.880]  飆高了很多
[00:16:19.880 --> 00:16:21.880]  原來這個是說到香港
[00:16:21.880 --> 00:16:23.880]  很炎熱的夜晚
[00:16:23.880 --> 00:16:26.880]  氣溫超過二十八度或以上
[00:16:26.880 --> 00:16:28.880]  還有另外一個紅色那個
[00:16:28.880 --> 00:16:31.880]  是他炎熱的那些日數
[00:16:31.880 --> 00:16:33.880]  就是說越來越熱
[00:16:33.880 --> 00:16:37.880]  又越來越多日子不斷去飆升
[00:16:37.880 --> 00:16:39.880]  而藍色那個就是
[00:16:39.880 --> 00:16:42.880]  寒冷的天氣就越來越少了
[00:16:42.880 --> 00:16:44.880]  所以現在我們的羽絨
[00:16:44.880 --> 00:16:46.880]  幾乎都不用拿出來
[00:16:46.880 --> 00:16:49.880]  那個棉胎都不用轉了
[00:16:49.880 --> 00:16:50.880]  我發覺是這樣的
[00:16:50.880 --> 00:16:52.880]  最多是擺出一點入一點
[00:16:52.880 --> 00:16:55.880]  因為反覆得很厲害
[00:16:55.880 --> 00:16:59.880]  我們一定都很難忘這個情景
[00:16:59.880 --> 00:17:07.880]  幾年前山竹超級強的颱風
[00:17:07.880 --> 00:17:12.880]  這個地方是一個屋苑的平台
[00:17:12.880 --> 00:17:15.880]  好像一個大海一樣
[00:17:15.880 --> 00:17:18.880]  真的很可怕
[00:17:18.880 --> 00:17:21.880]  不過我們感恩香港是一個國際城市
[00:17:21.880 --> 00:17:26.880]  這些我們都好像可以處理得到
[00:17:26.880 --> 00:17:30.880]  不過什麼時候我們真的會處理不到
[00:17:30.880 --> 00:17:34.880]  或者會產生很多人命
[00:17:34.880 --> 00:17:37.880]  都是很嚴重的
[00:17:37.880 --> 00:17:40.880]  所以我們說氣候的變化
[00:17:40.880 --> 00:17:42.880]  這個地球的問題
[00:17:42.880 --> 00:17:45.880]  跟我們其實息息相關
[00:17:45.880 --> 00:17:49.880]  不是說其實熱了我們可以開冷氣
[00:17:49.880 --> 00:17:52.880]  下雨多了不要緊
[00:17:52.880 --> 00:17:53.880]  其實不是
[00:17:53.880 --> 00:17:55.880]  不是這麼簡單
[00:17:55.880 --> 00:17:58.880]  這個是一些環保的機構
[00:17:58.880 --> 00:18:01.880]  來預言香港的未來
[00:18:01.880 --> 00:18:05.880]  如果我們環境保護的意識不是去改變
[00:18:05.880 --> 00:18:09.880]  這些我們熟悉的地方就會產生這些問題
[00:18:09.880 --> 00:18:13.880]  譬如很重要的濕地米埔
[00:18:13.880 --> 00:18:16.880]  可能分鐘起數十年八多年之後
[00:18:16.880 --> 00:18:18.880]  它會沒有了
[00:18:18.880 --> 00:18:23.880]  因著不斷的降雨和海平線上升
[00:18:23.880 --> 00:18:26.880]  當然還有很多沿海的地方
[00:18:26.880 --> 00:18:30.880]  如果我們的海平線上升了幾米
[00:18:30.880 --> 00:18:32.880]  都挺嚴重的
[00:18:32.880 --> 00:18:36.880]  分鐘有些島有些地方有些國家可能都會沒有了
[00:18:36.880 --> 00:18:39.880]  還有原來在香港裡面
[00:18:39.880 --> 00:18:43.880]  我們有很多很珍貴的天然環境
[00:18:43.880 --> 00:18:47.880]  這個叫做盧文氏樹蛙
[00:18:47.880 --> 00:18:50.880]  原來是香港獨有的
[00:18:50.880 --> 00:18:55.880]  我們在香港去發現的一種很珍貴的動物
[00:18:55.880 --> 00:18:56.880]  只是香港獨有
[00:18:56.880 --> 00:18:59.880]  但是假如天氣不斷改變
[00:18:59.880 --> 00:19:02.880]  它們是會瀕臨絕種的
[00:19:02.880 --> 00:19:05.880]  還有在新界東北地方
[00:19:05.880 --> 00:19:11.880]  原來都在供應我們一成的蔬菜
[00:19:11.880 --> 00:19:13.880]  會農作物
[00:19:13.880 --> 00:19:16.880]  又或者當天氣不斷去高升的時候
[00:19:16.880 --> 00:19:19.880]  在將軍澳銅鑼灣深水埗一帶
[00:19:19.880 --> 00:19:23.880]  都可能有很多的長期病患者或者長者
[00:19:23.880 --> 00:19:25.880]  因著氣溫的提高
[00:19:25.880 --> 00:19:30.880]  是會危害他們的健康和生命的
[00:19:30.880 --> 00:19:34.880]  還有不斷原來很多的氣候的變化
[00:19:34.880 --> 00:19:37.880]  會製造了很多的風暴潮
[00:19:37.880 --> 00:19:42.880]  在外地我們有時時不時會見到那些很可怕的龍捲風
[00:19:42.880 --> 00:19:46.880]  但是香港有沒有呢
[00:19:46.880 --> 00:19:47.880]  有啊
[00:19:47.880 --> 00:19:50.880]  其實兩年前在我們的機場
[00:19:50.880 --> 00:19:52.880]  就面對過有風暴潮
[00:19:52.880 --> 00:19:54.880]  這個龍捲風
[00:19:54.880 --> 00:19:57.880]  是歷時20分鐘的
[00:19:57.880 --> 00:19:59.880]  有人錄得到
[00:19:59.880 --> 00:20:04.880]  我們香港的機場是建在一個人工島上面
[00:20:04.880 --> 00:20:06.880]  而這些的氣候變化
[00:20:06.880 --> 00:20:10.880]  是能夠直接影響到的
[00:20:10.880 --> 00:20:12.880]  所以各位我們用很多的例子
[00:20:12.880 --> 00:20:14.880]  其實讓我們知道
[00:20:14.880 --> 00:20:16.880]  作地球的好管家
[00:20:16.880 --> 00:20:18.880]  其實這個聖經的教導
[00:20:18.880 --> 00:20:20.880]  對我們是非常重要
[00:20:20.880 --> 00:20:24.880]  也是聖經裏面很多很重要的教導
[00:20:24.880 --> 00:20:27.880]  剛才我們看到的是
[00:20:27.880 --> 00:20:30.880]  彼得前書裏面說過末世
[00:20:30.880 --> 00:20:32.880]  我們要作好管家
[00:20:32.880 --> 00:20:34.880]  作為好管家
[00:20:34.880 --> 00:20:38.880]  其實在聖經一開始就有這一段的記載
[00:20:38.880 --> 00:20:40.880]  上個禮拜都有提及
[00:20:40.880 --> 00:20:46.880]  但我想和大家再深入思想這個管家的意思
[00:20:46.880 --> 00:20:48.880]  剛才我們提到一個好的管家
[00:20:48.880 --> 00:20:53.880]  是一個成熟基督徒的身份
[00:20:53.880 --> 00:20:54.880]  我們需要去追求
[00:20:54.880 --> 00:20:57.880]  也提到耶穌基督提醒我們
[00:20:57.880 --> 00:20:59.880]  作為一個好的管家
[00:20:59.880 --> 00:21:01.880]  要忠心和有見識
[00:21:01.880 --> 00:21:03.880]  再進一步
[00:21:03.880 --> 00:21:05.880]  如果從這段經文裏面我們看到
[00:21:05.880 --> 00:21:07.880]  作為一個好管家
[00:21:07.880 --> 00:21:10.880]  我們必須知道
[00:21:10.880 --> 00:21:12.880]  其實我們管理這個地球
[00:21:12.880 --> 00:21:14.880]  我們是有權限的
[00:21:14.880 --> 00:21:16.880]  權限的意思就是說
[00:21:16.880 --> 00:21:19.880]  我們不是擁有無限的權柄
[00:21:19.880 --> 00:21:21.880]  我們想怎樣就怎樣
[00:21:21.880 --> 00:21:24.880]  原來我們不是這個地球的老闆
[00:21:24.880 --> 00:21:26.880]  我們不是地球的主人
[00:21:26.880 --> 00:21:29.880]  我們只不過是神的僕人
[00:21:29.880 --> 00:21:32.880]  這個管理的意思是管轄
[00:21:32.880 --> 00:21:34.880]  是統治
[00:21:34.880 --> 00:21:37.880]  他是一個很大的權柄
[00:21:37.880 --> 00:21:40.880]  是交給了我們
[00:21:40.880 --> 00:21:42.880]  是持有權柄的
[00:21:42.880 --> 00:21:43.880]  不過我們要明白
[00:21:43.880 --> 00:21:46.880]  原來這個是一個授權式的權柄
[00:21:46.880 --> 00:21:50.880]  而我們細心去看創世紀這段經文
[00:21:50.880 --> 00:21:54.880]  你會看到我們所管理的範圍
[00:21:54.880 --> 00:21:57.880]  並不是整個宇宙
[00:21:57.880 --> 00:21:59.880]  或者整個地球
[00:21:59.880 --> 00:22:01.880]  起碼那些光
[00:22:01.880 --> 00:22:03.880]  那些光體
[00:22:03.880 --> 00:22:07.880]  還有大自然裏面的系統
[00:22:07.880 --> 00:22:10.880]  其實這個是超過人的能力
[00:22:10.880 --> 00:22:12.880]  能夠去統管的
[00:22:12.880 --> 00:22:15.880]  我們能夠去管理的是哪些
[00:22:15.880 --> 00:22:19.880]  是神創造了那些生命
[00:22:19.880 --> 00:22:21.880]  那些生物
[00:22:21.880 --> 00:22:24.880]  所以在這裏讓我們知道
[00:22:24.880 --> 00:22:25.880]  我們人類是甚麼
[00:22:25.880 --> 00:22:27.880]  我們是一個管理員
[00:22:27.880 --> 00:22:29.880]  我們是管理員
[00:22:29.880 --> 00:22:31.880]  是上帝授權我們
[00:22:31.880 --> 00:22:33.880]  我們不是有無限的能力
[00:22:33.880 --> 00:22:35.880]  想怎樣用都可以
[00:22:35.880 --> 00:22:42.880]  我們可以去很苛待地上的受眾物
[00:22:42.880 --> 00:22:44.880]  甚至是摧毀他們
[00:22:44.880 --> 00:22:47.880]  反過來我們要好好照顧這個地球
[00:22:47.880 --> 00:22:48.880]  試想一下
[00:22:48.880 --> 00:22:51.880]  我知道今天有很多人很愛那些寵物
[00:22:51.880 --> 00:22:54.880]  有時候當他去旅行的時候
[00:22:54.880 --> 00:22:57.880]  他就要交給人去幫他
[00:22:57.880 --> 00:23:01.880]  甚至要放在那些動物酒店
[00:23:01.880 --> 00:23:03.880]  他只是暫時的
[00:23:03.880 --> 00:23:06.880]  但那個動物酒店可不可以去
[00:23:06.880 --> 00:23:09.880]  將他奪為己有
[00:23:09.880 --> 00:23:11.880]  甚至將他出售
[00:23:11.880 --> 00:23:13.880]  當然是不可以
[00:23:13.880 --> 00:23:15.880]  又或者可以當一個主人
[00:23:15.880 --> 00:23:20.880]  交下他的屋給他的工人姐姐去管理的時候
[00:23:20.880 --> 00:23:23.880]  工人姐姐不可以住在他的屋
[00:23:23.880 --> 00:23:26.880]  然後將主人趕出去
[00:23:26.880 --> 00:23:28.880]  是不可以的
[00:23:28.880 --> 00:23:30.880]  但其實在我們聖經的教導裡面
[00:23:30.880 --> 00:23:32.880]  主耶穌去責備
[00:23:32.880 --> 00:23:34.880]  就好像一個僕人的比喻
[00:23:34.880 --> 00:23:35.880]  有一個僕人
[00:23:35.880 --> 00:23:39.880]  他來交託他的僕人去管理他的葡萄園
[00:23:39.880 --> 00:23:41.880]  但竟然最後
[00:23:41.880 --> 00:23:46.880]  他將他的主人的僕人打傷
[00:23:46.880 --> 00:23:50.880]  甚至殺了他的兒子
[00:23:50.880 --> 00:23:55.880]  今天我們是不是一個又惡又懶的僕人
[00:23:55.880 --> 00:23:58.880]  我們是一個忠心的僕人呢
[00:23:58.880 --> 00:23:59.880]  在聖經裡面
[00:23:59.880 --> 00:24:01.880]  詩篇第八篇五至六節
[00:24:01.880 --> 00:24:03.880]  有很好的演繹
[00:24:03.880 --> 00:24:06.880]  這篇詩篇可以說是回應
[00:24:06.880 --> 00:24:10.880]  《創世紀》一章二十六至二十八節的內文
[00:24:10.880 --> 00:24:13.880]  它裡面形容到讚美神
[00:24:13.880 --> 00:24:17.880]  竟然使我們人是一個這麼尊貴的身份
[00:24:17.880 --> 00:24:20.880]  只是比天使微小一點
[00:24:20.880 --> 00:24:24.880]  然後神給我們有一份尊貴
[00:24:24.880 --> 00:24:26.880]  能夠成為神的好管家
[00:24:26.880 --> 00:24:29.880]  是一個很尊貴的身份
[00:24:29.880 --> 00:24:33.880]  也擁有神給我們一定的能力和權柄
[00:24:33.880 --> 00:24:35.880]  但是不會忘記
[00:24:35.880 --> 00:24:39.880]  是神派他管理他所所做
[00:24:39.880 --> 00:24:41.880]  所以當我們去認識到
[00:24:41.880 --> 00:24:43.880]  這個管家的身份的時候
[00:24:43.880 --> 00:24:45.880]  我們真的要很記得
[00:24:45.880 --> 00:24:47.880]  我們經常說的今天
[00:24:47.880 --> 00:24:49.880]  Empower這個字
[00:24:49.880 --> 00:24:50.880]  是授權
[00:24:50.880 --> 00:24:52.880]  我們是被授權
[00:24:52.880 --> 00:24:55.880]  我們也能夠尊重這個身份
[00:24:55.880 --> 00:24:57.880]  在大自然裡面
[00:24:57.880 --> 00:25:00.880]  是讓我們能夠透過大自然
[00:25:00.880 --> 00:25:02.880]  去認識自己
[00:25:02.880 --> 00:25:04.880]  也去認識神
[00:25:04.880 --> 00:25:07.880]  大自然是有他的定律
[00:25:07.880 --> 00:25:11.880]  還有神透過大自然來啟示他自己
[00:25:11.880 --> 00:25:14.880]  有一段很重要的經文
[00:25:14.880 --> 00:25:16.880]  就是《羅馬書》一章二十節
[00:25:16.880 --> 00:25:18.880]  我們一起讀一讀
[00:25:18.880 --> 00:25:20.880]  很希望我們會背這一節經文
[00:25:20.880 --> 00:25:22.880]  因為當我們在大自然裡面
[00:25:22.880 --> 00:25:23.880]  你去行山
[00:25:23.880 --> 00:25:25.880]  你看著海
[00:25:25.880 --> 00:25:27.880]  那些很美的風景的時候
[00:25:27.880 --> 00:25:29.880]  我希望我們能夠浮現
[00:25:29.880 --> 00:25:31.880]  這一句聖經的教導
[00:25:31.880 --> 00:25:34.880]  自從造天地以來
[00:25:34.880 --> 00:25:37.880]  神的永能和神性
[00:25:37.880 --> 00:25:39.880]  是明明可知的
[00:25:39.880 --> 00:25:41.880]  雖是眼不能見
[00:25:41.880 --> 00:25:43.880]  但藉著所造之物
[00:25:43.880 --> 00:25:45.880]  就可以曉得
[00:25:45.880 --> 00:25:48.880]  叫人無可推諉
[00:25:48.880 --> 00:25:50.880]  《羅馬書》一章二十節
[00:25:50.880 --> 00:25:51.880]  所以我們說
[00:25:51.880 --> 00:25:54.880]  在神學裡面有一個很重要的概念
[00:25:54.880 --> 00:25:56.880]  我們稱之為自然的啟示
[00:25:56.880 --> 00:25:59.880]  在過去的生態神學講座
[00:25:59.880 --> 00:26:01.880]  都有提及
[00:26:01.880 --> 00:26:03.880]  所以我們很尊重
[00:26:03.880 --> 00:26:07.880]  神在大自然裡面的定律
[00:26:07.880 --> 00:26:09.880]  這個自然界的定律
[00:26:09.880 --> 00:26:12.880]  今天我們需要很好的認識
[00:26:12.880 --> 00:26:13.880]  因為如果不是
[00:26:13.880 --> 00:26:15.880]  我們不能夠按著神
[00:26:15.880 --> 00:26:20.880]  祂的設計來過我們的生活
[00:26:20.880 --> 00:26:23.880]  和好好保護地球
[00:26:23.880 --> 00:26:25.880]  神透過大自然
[00:26:25.880 --> 00:26:27.880]  是能夠啟示自己的
[00:26:27.880 --> 00:26:29.880]  所以弟兄姊妹
[00:26:29.880 --> 00:26:32.880]  我們真的需要多點退休
[00:26:32.880 --> 00:26:36.880]  屯門堂我覺得有一個很好的操練
[00:26:36.880 --> 00:26:38.880]  無論我們是什麼年紀
[00:26:38.880 --> 00:26:42.880]  無論是成人的抗禮的即稱長者
[00:26:42.880 --> 00:26:47.880]  我們都會有退休的機會
[00:26:47.880 --> 00:26:50.880]  希望疫情停了一段時間
[00:26:50.880 --> 00:26:52.880]  我們慢慢可以啟動
[00:26:52.880 --> 00:26:54.880]  我記得有一個時間
[00:26:54.880 --> 00:26:56.880]  我都很深刻
[00:26:56.880 --> 00:26:57.880]  就是十幾年前
[00:26:57.880 --> 00:26:59.880]  當我臨危受命
[00:26:59.880 --> 00:27:03.880]  要在教會裡面擔當帶領的角色
[00:27:03.880 --> 00:27:06.880]  其實都難免有很多憂心
[00:27:06.880 --> 00:27:11.880]  和神都有些爭執
[00:27:11.880 --> 00:27:14.880]  神可不可以不是我呢
[00:27:14.880 --> 00:27:16.880]  我記得有一次
[00:27:16.880 --> 00:27:18.880]  退休的時候
[00:27:18.880 --> 00:27:19.880]  我去祈禱
[00:27:19.880 --> 00:27:21.880]  已經是十二年前
[00:27:21.880 --> 00:27:26.880]  那次我在一個退休場地
[00:27:26.880 --> 00:27:29.880]  我看到一棵果樹
[00:27:29.880 --> 00:27:33.880]  我感受到神透過大自然的啟示
[00:27:33.880 --> 00:27:35.880]  和我說話
[00:27:35.880 --> 00:27:39.880]  這個原來就是我們常說的物觀
[00:27:39.880 --> 00:27:42.880]  當我仍視起神的創造的時候
[00:27:42.880 --> 00:27:44.880]  神透過這個果實和我說話
[00:27:44.880 --> 00:27:45.880]  說什麼呢
[00:27:45.880 --> 00:27:49.880]  祂說你看看這個這麼大的水果
[00:27:49.880 --> 00:27:51.880]  都很有重量
[00:27:51.880 --> 00:27:56.880]  但是我很驚訝那條管很幼
[00:27:56.880 --> 00:27:59.880]  這麼幼的管
[00:27:59.880 --> 00:28:03.880]  頂著一個體積大很多的這麼大的水果
[00:28:03.880 --> 00:28:06.880]  還要有時候那條管是這樣的
[00:28:06.880 --> 00:28:09.880]  好像一個拋物線
[00:28:09.880 --> 00:28:12.880]  大自然的創造很奇妙
[00:28:12.880 --> 00:28:16.880]  在那個時候我就體會到神跟我說話
[00:28:16.880 --> 00:28:19.880]  神說為什麼祂可以承載
[00:28:19.880 --> 00:28:22.880]  因為生命力
[00:28:22.880 --> 00:28:25.880]  這個生命力是神賦予的
[00:28:25.880 --> 00:28:27.880]  因著神的創造
[00:28:27.880 --> 00:28:29.880]  神的同在和力量
[00:28:29.880 --> 00:28:32.880]  看起來好像沒有可能
[00:28:32.880 --> 00:28:35.880]  神的事就成就了
[00:28:35.880 --> 00:28:39.880]  很感謝神在我內心加力給我
[00:28:39.880 --> 00:28:42.880]  於是我就去承擔了
[00:28:42.880 --> 00:28:45.880]  很感謝主一直侍奉到現在
[00:28:45.880 --> 00:28:48.880]  不斷經歷神的加力
[00:28:48.880 --> 00:28:50.880]  每一次去回想
[00:28:50.880 --> 00:28:52.880]  在大自然裡面的物想的時候
[00:28:52.880 --> 00:28:55.880]  都會看到神滿有恩典
[00:28:55.880 --> 00:28:58.880]  不斷去經歷祂的神蹟
[00:28:58.880 --> 00:28:59.880]  各位弟兄姊妹
[00:28:59.880 --> 00:29:01.880]  你們有沒有試過在大自然當中
[00:29:01.880 --> 00:29:03.880]  神向你啟示
[00:29:03.880 --> 00:29:06.880]  每當你看著那個星空
[00:29:06.880 --> 00:29:08.880]  看著那個大海
[00:29:08.880 --> 00:29:10.880]  最近我有一個舊同事
[00:29:10.880 --> 00:29:12.880]  在機構裡面的同事
[00:29:12.880 --> 00:29:16.880]  他去完外地參與家園的女兒的婚禮
[00:29:16.880 --> 00:29:19.880]  他就要回來香港隔離酒店
[00:29:19.880 --> 00:29:21.880]  住足七天
[00:29:21.880 --> 00:29:23.880]  當時不是,他十四天
[00:29:23.880 --> 00:29:26.880]  他每天看著那個海
[00:29:26.880 --> 00:29:28.880]  他說不悶
[00:29:28.880 --> 00:29:30.880]  為什麼
[00:29:30.880 --> 00:29:33.880]  因為他難得有兩個星期
[00:29:33.880 --> 00:29:35.880]  去面對大自然
[00:29:35.880 --> 00:29:37.880]  原來是可以不悶的
[00:29:37.880 --> 00:29:40.880]  因為他感受到神的同在
[00:29:40.880 --> 00:29:44.880]  我們需要更多這種操練
[00:29:44.880 --> 00:29:48.880]  大自然是滿有神的恩典
[00:29:48.880 --> 00:29:51.880]  提醒我們要敬畏上帝
[00:29:51.880 --> 00:29:53.880]  祂的創造是最好的
[00:29:53.880 --> 00:29:56.880]  大家喜不喜歡吃這種蔬菜
[00:29:56.880 --> 00:29:59.880]  現在我們越來越注意
[00:29:59.880 --> 00:30:01.880]  很有益
[00:30:01.880 --> 00:30:05.880]  前陣子我無意中看了一個節目
[00:30:05.880 --> 00:30:07.880]  食材之王國
[00:30:07.880 --> 00:30:09.880]  我看到那一集
[00:30:09.880 --> 00:30:12.880]  人很厲害,821集
[00:30:12.880 --> 00:30:16.880]  從而看到神真的做了很多食材
[00:30:16.880 --> 00:30:20.880]  賜了很多食材給我們
[00:30:20.880 --> 00:30:22.880]  這一集就說到
[00:30:22.880 --> 00:30:25.880]  昔日原來日本人叫這些花菜
[00:30:25.880 --> 00:30:27.880]  真的好像一朵花
[00:30:27.880 --> 00:30:29.880]  現在有人畢業禮
[00:30:29.880 --> 00:30:30.880]  他不是一定送花
[00:30:30.880 --> 00:30:32.880]  他可能送一棵菜給你
[00:30:32.880 --> 00:30:34.880]  都很漂亮的
[00:30:34.880 --> 00:30:36.880]  這個花菜後來日本人知道
[00:30:36.880 --> 00:30:38.880]  原來是很有營養
[00:30:38.880 --> 00:30:41.880]  就變成一個很珍惜的蔬菜
[00:30:41.880 --> 00:30:43.880]  其中有一個農戶
[00:30:43.880 --> 00:30:45.880]  他也去種植這個菜
[00:30:45.880 --> 00:30:47.880]  但他種了幾年後
[00:30:47.880 --> 00:30:49.880]  就有一個這樣的經歷
[00:30:53.880 --> 00:30:57.880]  我們不懂日文的可以小聲一點
[00:30:57.880 --> 00:31:01.880]  當他種植這個菜的時候
[00:31:01.880 --> 00:31:03.880]  他幾年後發現
[00:31:03.880 --> 00:31:07.880]  全部都敗壞了
[00:31:07.880 --> 00:31:10.880]  你看到剛才我的圖片
[00:31:10.880 --> 00:31:13.880]  於是他用盡很多方法
[00:31:13.880 --> 00:31:16.880]  怎樣去處理這塊田
[00:31:16.880 --> 00:31:19.880]  種出來的全部壞死了
[00:31:19.880 --> 00:31:22.880]  他用了很多種方法
[00:31:22.880 --> 00:31:24.880]  他就體會到
[00:31:24.880 --> 00:31:26.880]  突然間靈機一觸
[00:31:26.880 --> 00:31:28.880]  或者有些書裡面談論
[00:31:28.880 --> 00:31:30.880]  他就嘗試一些天然
[00:31:30.880 --> 00:31:34.880]  開始嘗試一些天然堆肥的方法
[00:31:34.880 --> 00:31:36.880]  甚至很簡單
[00:31:36.880 --> 00:31:39.880]  原來就是留一些菜葉在這裡做肥
[00:31:39.880 --> 00:31:41.880]  就是用這個方法
[00:31:41.880 --> 00:31:45.880]  讓土地能夠休息
[00:31:45.880 --> 00:31:47.880]  然後慢慢地
[00:31:47.880 --> 00:31:49.880]  這個土地就很奇妙
[00:31:49.880 --> 00:31:53.880]  它的循環就會變成肥肉
[00:31:53.880 --> 00:31:58.880]  自此他種的西蘭花就很漂亮
[00:31:58.880 --> 00:32:00.880]  我們只是剪了一點點
[00:32:00.880 --> 00:32:02.880]  其後你會看到那些修葛
[00:32:02.880 --> 00:32:05.880]  他說這個蔬菜很清甜
[00:32:05.880 --> 00:32:08.880]  形容到甜到像蜜瓜一樣
[00:32:08.880 --> 00:32:10.880]  可以想像
[00:32:10.880 --> 00:32:13.880]  有機的種植
[00:32:13.880 --> 00:32:15.880]  土壤的復原
[00:32:15.880 --> 00:32:18.880]  是環保裡面一個很重要的提倡
[00:32:18.880 --> 00:32:22.880]  我們這裡可能有很多人都是在鄉村長大
[00:32:22.880 --> 00:32:24.880]  因為我們住在新界
[00:32:24.880 --> 00:32:26.880]  我也是在鄉村長大的
[00:32:26.880 --> 00:32:27.880]  其實我回想
[00:32:27.880 --> 00:32:29.880]  我也很有福氣
[00:32:29.880 --> 00:32:30.880]  其實我很小的時候
[00:32:30.880 --> 00:32:32.880]  我家是農場
[00:32:32.880 --> 00:32:35.880]  所以種很多自己養的雞
[00:32:35.880 --> 00:32:38.880]  吃自己出生的雞蛋
[00:32:38.880 --> 00:32:39.880]  還有那些蔬菜
[00:32:39.880 --> 00:32:42.880]  幾乎都不用怎麼買菜
[00:32:42.880 --> 00:32:46.880]  以前不會覺得有機食物這麼貴
[00:32:46.880 --> 00:32:49.880]  但現在的有機原來這麼貴
[00:32:49.880 --> 00:32:54.880]  你會看到原來我們的地需要安息
[00:32:54.880 --> 00:32:56.880]  原來在神的創造裡面
[00:32:56.880 --> 00:32:59.880]  神那種大能和智慧
[00:32:59.880 --> 00:33:03.880]  早在舊約裡面有很多的記載
[00:33:03.880 --> 00:33:05.880]  我們讀過的《喜利美記》當中
[00:33:05.880 --> 00:33:09.880]  裡面說到讓土地要休息
[00:33:09.880 --> 00:33:11.880]  不單止人要休息
[00:33:11.880 --> 00:33:13.880]  土地也要休息
[00:33:13.880 --> 00:33:17.880]  所以神定為一個禮拜第七天安息日
[00:33:17.880 --> 00:33:21.880]  也定定七年裡面有一年是安息年
[00:33:21.880 --> 00:33:23.880]  在那一年安息的裡面
[00:33:23.880 --> 00:33:26.880]  原來神供應他們一切所需要
[00:33:26.880 --> 00:33:27.880]  不單止安息
[00:33:27.880 --> 00:33:32.880]  還吩咐他們不將所有的東西割除淨盡
[00:33:32.880 --> 00:33:34.880]  要保留在田裡面
[00:33:34.880 --> 00:33:37.880]  去供應給很多奴僕子女
[00:33:37.880 --> 00:33:42.880]  故宮和寄居的外人去做食物
[00:33:42.880 --> 00:33:45.880]  其實這個不單止是扶貧
[00:33:45.880 --> 00:33:47.880]  我們再思想
[00:33:47.880 --> 00:33:52.880]  更加是神保護自己的土地
[00:33:52.880 --> 00:33:56.880]  在聖經裡面很有智慧提醒我們
[00:33:56.880 --> 00:33:59.880]  怎樣去管理神的大地
[00:33:59.880 --> 00:34:02.880]  就是在很多神教的法則
[00:34:02.880 --> 00:34:04.880]  在聖經的教導裡面
[00:34:04.880 --> 00:34:07.880]  今天很多時候很多人都覺得
[00:34:07.880 --> 00:34:11.880]  教會說的那些教導是不實用的
[00:34:11.880 --> 00:34:13.880]  你們做的事情全部不合理
[00:34:13.880 --> 00:34:15.880]  這個其實我們要反思
[00:34:15.880 --> 00:34:20.880]  其實我們的信仰和生活和地球是息息相關的
[00:34:20.880 --> 00:34:24.880]  只不過是我們將那些教導變得很抽離
[00:34:24.880 --> 00:34:27.880]  不懂得去運用在我們的生活當中
[00:34:27.880 --> 00:34:30.880]  所以各位今天我們會不會都反省
[00:34:30.880 --> 00:34:33.880]  我們有沒有遵守神的教導呢?
[00:34:33.880 --> 00:34:36.880]  我們有沒有安息的概念呢?
[00:34:36.880 --> 00:34:38.880]  還是我們好像一隻牛一樣
[00:34:38.880 --> 00:34:42.880]  不斷地勞勞役役去做很多事情
[00:34:42.880 --> 00:34:46.880]  這個安息也包括土地的安息
[00:34:46.880 --> 00:34:50.880]  我們有沒有學習去獻情給我們的上帝呢?
[00:34:50.880 --> 00:34:53.880]  我們奉獻有時候
[00:34:53.880 --> 00:34:58.880]  我們做得很多成長的空間
[00:34:58.880 --> 00:35:02.880]  有時候我們會錯意
[00:35:02.880 --> 00:35:04.880]  難道神需要我們去供應祂嗎?
[00:35:04.880 --> 00:35:05.880]  不是
[00:35:05.880 --> 00:35:07.880]  神藉此去訓練我們
[00:35:07.880 --> 00:35:12.880]  究竟這是一個損失還是得益呢?
[00:35:12.880 --> 00:35:15.880]  我們知道是上帝要我們得益的
[00:35:15.880 --> 00:35:20.880]  所以各位我們很盼望我們一起去反省和回應
[00:35:20.880 --> 00:35:22.880]  在很多的學習當中
[00:35:22.880 --> 00:35:25.880]  已經有一些是教徒的著作
[00:35:25.880 --> 00:35:29.880]  特別其中有一本是布克雷博士
[00:35:29.880 --> 00:35:32.880]  他所著的是耶穌的環保學
[00:35:32.880 --> 00:35:38.880]  裡面講到生態危機的本質原來是靈性的危機
[00:35:38.880 --> 00:35:41.880]  所以當我們講到環保
[00:35:41.880 --> 00:35:43.880]  這個綠色生活的時候
[00:35:43.880 --> 00:35:44.880]  沒錯
[00:35:44.880 --> 00:35:46.880]  醫治這個生態的環境
[00:35:46.880 --> 00:35:48.880]  我們可以做很多事情
[00:35:48.880 --> 00:35:50.880]  我們要減少廢物
[00:35:50.880 --> 00:35:52.880]  我們學習回收
[00:35:52.880 --> 00:35:53.880]  學習節能
[00:35:53.880 --> 00:35:55.880]  這些我們都會做到
[00:35:55.880 --> 00:35:58.880]  但是不要忘記一個很重要
[00:35:58.880 --> 00:36:02.880]  我們需要有一個悔改歸向神的心
[00:36:02.880 --> 00:36:06.880]  這個是我們核心的價值去改變
[00:36:06.880 --> 00:36:09.880]  如果當我們有一個信服神的心
[00:36:09.880 --> 00:36:10.880]  歸向神的心
[00:36:10.880 --> 00:36:12.880]  明白在神的眼裡面
[00:36:12.880 --> 00:36:15.880]  為什麼我們要環保
[00:36:15.880 --> 00:36:19.880]  我們就有那份自卑、謙卑、禱告
[00:36:19.880 --> 00:36:21.880]  以致我們尋求神的面
[00:36:21.880 --> 00:36:26.880]  我們的生命和我們的地都能夠經歷神的醫治
[00:36:26.880 --> 00:36:28.880]  好像歷代之下
[00:36:28.880 --> 00:36:31.880]  七章十四節的教導一樣
[00:36:31.880 --> 00:36:33.880]  其實早於在十年前
[00:36:33.880 --> 00:36:38.880]  在我們教會裡面
[00:36:38.880 --> 00:36:40.880]  有一個很重要的落喪運動
[00:36:40.880 --> 00:36:42.880]  我們時常都有聽
[00:36:42.880 --> 00:36:45.880]  他有一個很重要的世界福音
[00:36:45.880 --> 00:36:47.880]  是一個世界福音派的聯盟
[00:36:47.880 --> 00:36:51.880]  在第三屆的世界落喪福音會議裡面
[00:36:51.880 --> 00:36:53.880]  主題是復和
[00:36:53.880 --> 00:36:55.880]  但是他是怎樣講復和呢
[00:36:55.880 --> 00:36:58.880]  原來這個復和是包括人和神
[00:36:58.880 --> 00:37:00.880]  人和人
[00:37:00.880 --> 00:37:02.880]  和人和自然
[00:37:02.880 --> 00:37:05.880]  這個世界的復和
[00:37:05.880 --> 00:37:07.880]  都是神的心儀
[00:37:07.880 --> 00:37:09.880]  都是神救贖計劃的一部分
[00:37:09.880 --> 00:37:13.880]  很多時候我們將這個贖靈的觀念
[00:37:13.880 --> 00:37:17.880]  和世界很割裂
[00:37:17.880 --> 00:37:20.880]  我們在教會裡面只講靈修讀經
[00:37:20.880 --> 00:37:23.880]  我們很少會講到我們的環境
[00:37:23.880 --> 00:37:25.880]  甚至我們的社會
[00:37:25.880 --> 00:37:28.880]  而我們教會也很需要去反思
[00:37:28.880 --> 00:37:30.880]  在使命裡面
[00:37:30.880 --> 00:37:32.880]  我們經常都講我們的使命
[00:37:32.880 --> 00:37:33.880]  但是我們使命裡面
[00:37:33.880 --> 00:37:35.880]  最少有三個層面
[00:37:35.880 --> 00:37:37.880]  我們的個人和神的關係
[00:37:37.880 --> 00:37:39.880]  和我們的社會
[00:37:39.880 --> 00:37:41.880]  我們的文化
[00:37:41.880 --> 00:37:43.880]  怎樣來跟基督教的信仰接軌
[00:37:43.880 --> 00:37:45.880]  更加不可以少的是
[00:37:45.880 --> 00:37:47.880]  受造的世界
[00:37:47.880 --> 00:37:49.880]  因為這個受造的世界
[00:37:49.880 --> 00:37:51.880]  正是神賜給我們的世界
[00:37:51.880 --> 00:37:55.880]  也將我們放在其中去學習去管理
[00:37:55.880 --> 00:37:59.880]  所以最後我和大家來一個總結
[00:37:59.880 --> 00:38:04.880]  今天訊息讓我們提醒一個成熟基督徒的身份
[00:38:04.880 --> 00:38:06.880]  做一個地球的好管家
[00:38:06.880 --> 00:38:10.880]  讓我們變得更加有中心和見識
[00:38:10.880 --> 00:38:14.880]  我們知道管理地球是有權限的
[00:38:14.880 --> 00:38:18.880]  我們需要尊重自然界的定律
[00:38:18.880 --> 00:38:20.880]  我們的反省和回應
[00:38:20.880 --> 00:38:22.880]  就是我們知道這個生態的危機
[00:38:22.880 --> 00:38:25.880]  但是始於靈性的危機
[00:38:25.880 --> 00:38:29.880]  我們能夠用一個屬靈的角度去學習
[00:38:29.880 --> 00:38:31.880]  怎樣來看我們管家的職份
[00:38:31.880 --> 00:38:33.880]  這個是更加完全的
[00:38:33.880 --> 00:38:35.880]  我們去明白神和人
[00:38:35.880 --> 00:38:38.880]  人和人之間和自然之間的復和
[00:38:38.880 --> 00:38:40.880]  和不會忽略
[00:38:40.880 --> 00:38:43.880]  教會的使命是一個很整全的使命
[00:38:43.880 --> 00:38:47.880]  所以讓我們一起去彼此激勵
[00:38:47.880 --> 00:38:49.880]  我們可以一起盡一分力
[00:38:49.880 --> 00:38:51.880]  稍後你會聽到報告
[00:38:51.880 --> 00:38:54.880]  有很多東西我們可以一起參與
[00:38:54.880 --> 00:38:56.880]  可以將它落實
[00:38:56.880 --> 00:38:58.880]  我總括有幾方面
[00:38:58.880 --> 00:39:02.880]  我們多點去關心了解環保的議題
[00:39:02.880 --> 00:39:03.880]  大家知不知道
[00:39:03.880 --> 00:39:06.880]  其實我們屯門也是一個很重要的地方
[00:39:06.880 --> 00:39:09.880]  我們有Tea Park
[00:39:09.880 --> 00:39:11.880]  我們本來也很想去
[00:39:11.880 --> 00:39:13.880]  不過現在還沒有團體預約
[00:39:13.880 --> 00:39:16.880]  還在研究多一個地方
[00:39:16.880 --> 00:39:19.880]  會不會也是在我們屯門區裡面
[00:39:19.880 --> 00:39:24.880]  是一個將到轉廢為能的地方
[00:39:24.880 --> 00:39:27.880]  正在做一個環評的研究
[00:39:27.880 --> 00:39:32.880]  這些都是值得我們關心的議題
[00:39:32.880 --> 00:39:34.880]  我們多點去欣賞大自然
[00:39:34.880 --> 00:39:35.880]  親近主
[00:39:35.880 --> 00:39:37.880]  大家喜不喜歡屯門
[00:39:37.880 --> 00:39:39.880]  屯門真的很好
[00:39:39.880 --> 00:39:41.880]  有山有水
[00:39:41.880 --> 00:39:44.880]  我們多點去親近大自然
[00:39:44.880 --> 00:39:48.880]  我們綠色的生活是可以融入
[00:39:48.880 --> 00:39:49.880]  我們日常生活裡面
[00:39:49.880 --> 00:39:52.880]  從衣食住行各方面去開始
[00:39:52.880 --> 00:39:57.880]  我相信稍後有很多會落實的例子
[00:39:57.880 --> 00:39:59.880]  我們可以去提及
[00:39:59.880 --> 00:40:03.880]  更加讓我們簡約而得的
[00:40:03.880 --> 00:40:06.880]  原來我們不是生活得很苦
[00:40:06.880 --> 00:40:08.880]  只要我們能夠去簡約一點
[00:40:08.880 --> 00:40:10.880]  我們可以將我們得著的
[00:40:10.880 --> 00:40:12.880]  那些節儉而得的
[00:40:12.880 --> 00:40:15.880]  奉獻在一些很有意義的工作上
[00:40:15.880 --> 00:40:17.880]  譬如和平基金
[00:40:17.880 --> 00:40:19.880]  做很多宣教的
[00:40:19.880 --> 00:40:22.880]  幫助別人的工作
[00:40:22.880 --> 00:40:24.880]  稍後大家也會聽到
[00:40:24.880 --> 00:40:27.880]  最後讓我們盼望
[00:40:27.880 --> 00:40:31.880]  我們的教會就像一間綠色的教會
[00:40:31.880 --> 00:40:34.880]  所以我們誠意邀請大家
[00:40:34.880 --> 00:40:36.880]  在未來這七個星期
[00:40:36.880 --> 00:40:38.880]  投入我們的綠色生活
[00:40:38.880 --> 00:40:41.880]  我們一起去學習和經歷
[00:40:41.880 --> 00:40:47.880]  最後我想跟大家分享的說話
[00:40:47.880 --> 00:40:49.880]  作為一個結束
[00:40:49.880 --> 00:40:52.880]  馬丁路德有兩句很寶貴的說話
[00:40:52.880 --> 00:40:57.880]  馬丁路德是一個宗教改革的代表人物
[00:40:57.880 --> 00:40:59.880]  從這兩句說話裡
[00:40:59.880 --> 00:41:02.880]  我看到他生命對一些很重要的事
[00:41:02.880 --> 00:41:04.880]  他有一份堅持
[00:41:04.880 --> 00:41:08.880]  以致能夠達成宗教改革
[00:41:08.880 --> 00:41:10.880]  這兩句說話裡說到
[00:41:10.880 --> 00:41:14.880]  即使我知道明天是一個世界的末日
[00:41:14.880 --> 00:41:19.880]  但今日我仍會栽種我的蘋果樹
[00:41:19.880 --> 00:41:23.880]  今日我仍會栽種我的蘋果樹
[00:41:23.880 --> 00:41:25.880]  各位我們會不會覺得
[00:41:25.880 --> 00:41:27.880]  這個地球都變成這樣了
[00:41:27.880 --> 00:41:30.880]  我們小小的力量可以做些什麼呢
[00:41:30.880 --> 00:41:31.880]  不是啊
[00:41:31.880 --> 00:41:34.880]  神不是要我們要做多少多少
[00:41:34.880 --> 00:41:36.880]  或者我們現在眼前見的
[00:41:36.880 --> 00:41:39.880]  我們都未必會馬上看到果效
[00:41:39.880 --> 00:41:44.880]  但是神是介意我們有沒有獻上我們的力量
[00:41:44.880 --> 00:41:49.880]  我們是否能夠成為祂所喜悅
[00:41:49.880 --> 00:41:51.880]  授權給我們的
[00:41:51.880 --> 00:41:56.880]  祂所委任我們成為這個地球的好管家
[00:41:56.880 --> 00:42:02.880]  讓我們一起低頭祈禱
[00:42:02.880 --> 00:42:05.880]  感謝創造生命的主
[00:42:05.880 --> 00:42:09.880]  我們感謝祢創造一個這麼美麗的世界
[00:42:09.880 --> 00:42:13.880]  我們每一次去欣賞大自然的時候
[00:42:13.880 --> 00:42:15.880]  我們都可以驚歎
[00:42:15.880 --> 00:42:18.880]  讚美主祢自己的創造
[00:42:18.880 --> 00:42:19.880]  但是神啊
[00:42:19.880 --> 00:42:21.880]  我們都為了我們人類
[00:42:21.880 --> 00:42:24.880]  去毀壞了主祢自己的創造
[00:42:24.880 --> 00:42:28.880]  我們都感到非常的悲傷
[00:42:28.880 --> 00:42:29.880]  主啊
[00:42:29.880 --> 00:42:31.880]  也都看到這個世界的情況
[00:42:31.880 --> 00:42:33.880]  令我們很多的擔憂
[00:42:33.880 --> 00:42:38.880]  我們是那些沒有資源去改變那些貧窮的國家
[00:42:38.880 --> 00:42:39.880]  主啊
[00:42:39.880 --> 00:42:42.880]  我們呼求祢醫治我們的大地
[00:42:42.880 --> 00:42:44.880]  也都賜給我們力量
[00:42:44.880 --> 00:42:47.880]  能夠做主祢的好僕人
[00:42:47.880 --> 00:42:49.880]  這個地球的好管家
[00:42:49.880 --> 00:42:51.880]  所以求主使用
[00:42:51.880 --> 00:42:54.880]  感謝主有一個機會給我們一起去專注
[00:42:54.880 --> 00:42:56.880]  去思想和學習
[00:42:56.880 --> 00:42:58.880]  盼望未來這個主題演習
[00:42:58.880 --> 00:43:00.880]  也都成為我們的學習
[00:43:00.880 --> 00:43:05.880]  在當中我們會經歷一些畢生難忘的成長經歷
[00:43:05.880 --> 00:43:06.880]  神啊
[00:43:06.880 --> 00:43:09.880]  有幫助透過我們日常的生活和教會
[00:43:09.880 --> 00:43:11.880]  成為這個世界的見證
[00:43:11.880 --> 00:43:14.880]  我們誠心禱告奉主名求
[00:43:14.880 --> 00:43:15.880]  阿門
