
[00:00:00.000 --> 00:00:03.520]  請姐妹諸位平安
[00:00:03.520 --> 00:00:09.400]  感謝神有機會回來希伯倫堂跟大家一起崇拜
[00:00:09.400 --> 00:00:13.440]  本來我媽媽都應該在此
[00:00:13.440 --> 00:00:19.600]  不過前兩天她終於中了新冠病毒
[00:00:19.600 --> 00:00:22.960]  很遲了
[00:00:22.960 --> 00:00:23.800]  感謝神的
[00:00:23.800 --> 00:00:27.560]  因為在很快樂的情況當中
[00:00:27.560 --> 00:00:31.160]  我舅父舅母回來了
[00:00:31.160 --> 00:00:33.080]  很忙碌
[00:00:33.080 --> 00:00:36.560]  很多見面的機會
[00:00:36.560 --> 00:00:38.960]  終於病了
[00:00:38.960 --> 00:00:41.160]  但是感恩的是
[00:00:41.160 --> 00:00:47.120]  之前因為知道要經常出來吃飯之類
[00:00:47.120 --> 00:00:49.960]  就去打了第五針
[00:00:49.960 --> 00:00:54.920]  所以情況是輕很多
[00:00:54.920 --> 00:00:55.840]  感恩
[00:00:55.840 --> 00:00:57.440]  神的保守
[00:00:57.440 --> 00:00:59.560]  多謝希伯倫堂
[00:00:59.560 --> 00:01:10.840]  你們能夠給師母一個家庭的安全感
[00:01:10.840 --> 00:01:14.160]  甚至比起我和兩個妹妹
[00:01:14.160 --> 00:01:16.160]  更加做得好
[00:01:16.160 --> 00:01:18.880]  多謝你們
[00:01:18.880 --> 00:01:27.600]  今日的主人我選擇了孝敬父母這個題目
[00:01:27.600 --> 00:01:28.800]  你說我懂的
[00:01:28.800 --> 00:01:29.880]  我會背的
[00:01:29.880 --> 00:01:30.960]  一起來吧
[00:01:30.960 --> 00:01:33.680]  當孝敬父母使你得福
[00:01:33.680 --> 00:01:34.880]  然後甚麼
[00:01:34.880 --> 00:01:36.480]  最記得這四個字
[00:01:36.480 --> 00:01:39.960]  在世長壽
[00:01:39.960 --> 00:01:44.520]  那就是說那些短命的人就不孝敬父母
[00:01:44.520 --> 00:01:47.800]  不能這樣讀聖經的
[00:01:47.800 --> 00:01:49.320]  你不可以這樣解
[00:01:49.320 --> 00:01:52.520]  那應該怎樣理解
[00:01:52.520 --> 00:01:55.240]  孝敬父母
[00:01:55.240 --> 00:01:58.080]  我們先入為主
[00:01:58.080 --> 00:02:05.000]  就用了中國儒家的道統
[00:02:05.000 --> 00:02:06.920]  孝順父母
[00:02:06.920 --> 00:02:08.240]  理直氣壯
[00:02:08.240 --> 00:02:10.600]  聖經也有這樣教導
[00:02:10.600 --> 00:02:11.640]  對
[00:02:11.640 --> 00:02:13.360]  不過你有沒有留意
[00:02:13.360 --> 00:02:16.240]  剛才多謝讀經員
[00:02:16.240 --> 00:02:21.400]  跟我們讀出很短的一節金句經文
[00:02:21.400 --> 00:02:24.960]  春哀及記那一節大概你不會背
[00:02:24.960 --> 00:02:26.320]  不過你都會留意到
[00:02:26.320 --> 00:02:30.920]  因為我們的題目都是從聖經裏面引用的
[00:02:30.920 --> 00:02:35.560]  聖經不是講孝順父母的
[00:02:35.560 --> 00:02:38.160]  都是這樣而已
[00:02:38.160 --> 00:02:40.880]  孝就一定是父母的
[00:02:40.880 --> 00:02:45.320]  所以我們真的要很小心去明白聖經
[00:02:45.320 --> 00:02:51.640]  孝敬和孝順有沒有分別呢
[00:02:51.640 --> 00:02:54.720]  有的
[00:02:54.720 --> 00:03:00.600]  孝順我們知道就是千依百順
[00:03:00.600 --> 00:03:03.880]  就是讓父母歡喜
[00:03:03.880 --> 00:03:05.720]  他要什麼我們就給
[00:03:05.720 --> 00:03:07.520]  這樣才叫孝順
[00:03:07.520 --> 00:03:10.080]  否則就不孝
[00:03:10.080 --> 00:03:12.480]  但是什麼叫孝敬呢
[00:03:12.480 --> 00:03:14.960]  如果我們回到舊約聖經
[00:03:14.960 --> 00:03:21.520]  文的命令所用的動詞
[00:03:21.520 --> 00:03:26.880]  其實這個詞的意思我們都懂得解的
[00:03:26.880 --> 00:03:32.320]  這個詞最基本的意思是重
[00:03:32.320 --> 00:03:33.760]  有重量
[00:03:33.760 --> 00:03:35.560]  你看我就知道了
[00:03:35.560 --> 00:03:37.160]  有份量
[00:03:37.160 --> 00:03:40.040]  是尊重
[00:03:40.040 --> 00:03:46.480]  所以孝敬是敬重
[00:03:46.480 --> 00:03:49.240]  你看重什麼
[00:03:49.240 --> 00:03:54.120]  什麼對你來說是最重要的
[00:03:54.120 --> 00:03:57.640]  在家裏面有不同的人
[00:03:57.640 --> 00:04:03.680]  你最緊張的是誰
[00:04:03.680 --> 00:04:05.480]  這個動詞
[00:04:05.480 --> 00:04:14.000]  或者十誡這個命令其實不是講聽從的
[00:04:14.000 --> 00:04:15.520]  嚴格來說
[00:04:15.520 --> 00:04:19.200]  沒有排除這個意思
[00:04:19.200 --> 00:04:25.200]  但是祂首要的吩咐
[00:04:25.200 --> 00:04:28.280]  或者祂正在問我們
[00:04:28.280 --> 00:04:32.480]  十誡其實是十句說話很短的
[00:04:32.480 --> 00:04:34.880]  這句都不是最短的
[00:04:34.880 --> 00:04:35.800]  你懂得背嗎?
[00:04:35.800 --> 00:04:37.680]  最短那幾句是什麼?
[00:04:37.680 --> 00:04:39.360]  不可殺人
[00:04:39.360 --> 00:04:41.000]  不可偷渡
[00:04:41.000 --> 00:04:44.600]  不可作假見證
[00:04:44.600 --> 00:04:48.720]  上帝同以色列
[00:04:48.720 --> 00:04:52.960]  在西乃立約
[00:04:52.960 --> 00:04:56.040]  我作你們的神
[00:04:56.040 --> 00:05:00.800]  你們作我的子民
[00:05:00.800 --> 00:05:04.920]  是一個很嚴肅的場合
[00:05:04.920 --> 00:05:13.160]  一個在歷史上打開新的一頁
[00:05:13.160 --> 00:05:17.960]  神不再是高高在上
[00:05:17.960 --> 00:05:20.440]  遠在天邊
[00:05:20.440 --> 00:05:25.880]  祂是以色列的聖者
[00:05:25.880 --> 00:05:29.000]  你要做上帝的子民
[00:05:29.000 --> 00:05:31.240]  上帝有什麼吩咐?
[00:05:31.240 --> 00:05:36.000]  於是乎上帝就講了十句說話
[00:05:36.000 --> 00:05:39.440]  上帝在西乃山同以色列立約
[00:05:39.440 --> 00:05:43.200]  給他們十句說話
[00:05:43.200 --> 00:05:46.960]  如果我們以為只是這十句
[00:05:46.960 --> 00:05:49.720]  其實是一個很美麗的誤會
[00:05:49.720 --> 00:05:52.520]  上帝不只講十句
[00:05:52.520 --> 00:05:56.920]  在摩西五經章埃及記的下半卷書
[00:05:56.920 --> 00:05:59.280]  利未記全卷書
[00:05:59.280 --> 00:06:01.360]  文素記、生命記
[00:06:01.360 --> 00:06:03.400]  上帝繼續講很多東西
[00:06:03.400 --> 00:06:07.680]  所以這十句說話之所以這麼簡單
[00:06:07.680 --> 00:06:11.840]  是因為祂提綱揭領
[00:06:11.840 --> 00:06:13.480]  認識這四個字
[00:06:13.480 --> 00:06:17.320]  祂給了一個綱領
[00:06:17.320 --> 00:06:19.200]  一個骨幹
[00:06:19.200 --> 00:06:20.760]  你要做神的百姓
[00:06:20.760 --> 00:06:23.480]  你要成為上帝的兒女
[00:06:23.480 --> 00:06:27.840]  上帝關心你的什麼?
[00:06:27.840 --> 00:06:31.280]  平安、喜樂、滿足、事事順利
[00:06:31.280 --> 00:06:34.840]  這是我們想的那十句說話
[00:06:34.840 --> 00:06:36.680]  一句都不是
[00:06:36.680 --> 00:06:37.520]  你讀聖經
[00:06:37.520 --> 00:06:39.080]  一句都不是
[00:06:39.080 --> 00:06:41.440]  十誡沒有平安、沒有喜樂
[00:06:41.440 --> 00:06:42.520]  哎呀!這麼痛苦
[00:06:42.520 --> 00:06:43.280]  不是
[00:06:43.280 --> 00:06:47.600]  你遵守十誡平安、喜樂
[00:06:47.600 --> 00:06:49.920]  那些不用問的
[00:06:49.920 --> 00:06:51.160]  跟著來的
[00:06:51.160 --> 00:06:52.960]  懂不懂得分次序?
[00:06:52.960 --> 00:06:54.120]  先後
[00:06:54.120 --> 00:06:56.880]  不要本末倒置
[00:06:56.880 --> 00:07:00.840]  所以孝敬父母這一句說話
[00:07:00.840 --> 00:07:05.440]  其實這個綱領是什麼呢?
[00:07:05.440 --> 00:07:08.360]  其實是上帝在問我們
[00:07:08.360 --> 00:07:10.760]  在你家裡
[00:07:10.760 --> 00:07:12.960]  在你的家
[00:07:12.960 --> 00:07:18.800]  你最看重的是誰?
[00:07:18.800 --> 00:07:20.880]  這樣去理解
[00:07:20.880 --> 00:07:22.640]  就跟我們中國人說
[00:07:22.640 --> 00:07:27.160]  孝順父母完全不同
[00:07:27.160 --> 00:07:31.280]  有什麼不同?
[00:07:31.280 --> 00:07:32.440]  你有聖經嗎?
[00:07:32.440 --> 00:07:36.240]  在前面那張椅子底
[00:07:36.240 --> 00:07:38.160]  請你跟我一起翻開
[00:07:38.160 --> 00:07:42.640]  已忽所書第六章
[00:07:42.640 --> 00:07:44.880]  剛才我們都背過了
[00:07:44.880 --> 00:07:46.920]  不過我想你打開
[00:07:46.920 --> 00:07:49.760]  因為我想你看多一點
[00:07:49.760 --> 00:07:54.720]  不要只記得「在世長壽」這四個字
[00:07:54.720 --> 00:08:01.960]  已忽所書第六章第一節到第三節
[00:08:01.960 --> 00:08:03.440]  找到吧?
[00:08:03.440 --> 00:08:04.680]  我們一起讀吧
[00:08:04.680 --> 00:08:06.000]  好嗎?一起來
[00:08:06.000 --> 00:08:10.880]  你們作兒女的要在主裡聽從父母
[00:08:10.880 --> 00:08:13.840]  這是理所當然的
[00:08:13.840 --> 00:08:18.640]  要孝敬父母使你得福在世長壽
[00:08:18.640 --> 00:08:23.840]  這是第一條大應許的誡命
[00:08:23.840 --> 00:08:26.360]  講完沒有?保羅
[00:08:26.360 --> 00:08:28.320]  我們讀聖經就停在這裡
[00:08:28.320 --> 00:08:31.160]  因為講孝敬父母
[00:08:31.160 --> 00:08:33.280]  「救納」還未完
[00:08:33.280 --> 00:08:34.840]  你本聖經和我本聖經
[00:08:34.840 --> 00:08:38.120]  還有這一段的第四節
[00:08:38.120 --> 00:08:39.720]  我們一起讀
[00:08:39.720 --> 00:08:43.920]  你們作父親的不要惹兒女的氣
[00:08:43.920 --> 00:08:48.200]  只要照著主的教訓和警戒
[00:08:48.200 --> 00:08:50.880]  養育他們
[00:08:50.880 --> 00:08:54.120]  所以保羅吩咐的
[00:08:54.120 --> 00:08:58.720]  不只是你們作兒女的
[00:08:58.720 --> 00:09:04.600]  同樣保羅吩咐你們作父親的
[00:09:04.600 --> 00:09:09.080]  看到那個平衡的開場白
[00:09:09.080 --> 00:09:11.520]  其實舊約聖經也是
[00:09:11.520 --> 00:09:15.040]  我們說當孝敬父母就順理成章
[00:09:15.040 --> 00:09:16.800]  背了五個字
[00:09:16.800 --> 00:09:20.640]  中文非常簡潔有力
[00:09:20.640 --> 00:09:23.680]  希伯來文沉氣一點
[00:09:23.680 --> 00:09:32.200]  「當孝敬你們的父親和你們的母親」
[00:09:32.200 --> 00:09:33.600]  中文聖經這樣譯
[00:09:33.600 --> 00:09:34.760]  就沒有人買了
[00:09:34.760 --> 00:09:36.280]  這麼沉氣
[00:09:36.280 --> 00:09:37.600]  但有意思的
[00:09:37.600 --> 00:09:42.160]  上帝不會講多餘的說話
[00:09:42.160 --> 00:09:45.960]  尤其是在十誡這麼寶貴的篇幅
[00:09:45.960 --> 00:09:48.720]  只有兩塊石板
[00:09:48.720 --> 00:09:52.240]  上帝真的要講的才會講
[00:09:52.240 --> 00:09:55.120]  「你的父親」
[00:09:55.120 --> 00:09:56.680]  這個我們明白
[00:09:56.680 --> 00:09:57.920]  要尊重的
[00:09:57.920 --> 00:09:59.120]  在家裏面
[00:09:59.120 --> 00:10:00.960]  一家之主
[00:10:00.960 --> 00:10:02.680]  當然是父親的
[00:10:02.680 --> 00:10:04.160]  古代的社會
[00:10:04.160 --> 00:10:05.160]  甚至到今天
[00:10:05.160 --> 00:10:07.240]  可能有些家庭都是
[00:10:07.240 --> 00:10:10.040]  男權至上
[00:10:10.040 --> 00:10:11.840]  父權至上
[00:10:11.840 --> 00:10:14.360]  你也會叫這些口號
[00:10:14.360 --> 00:10:16.000]  「爸爸最重要」
[00:10:16.000 --> 00:10:19.120]  聖經裏面有沒有留意到
[00:10:19.120 --> 00:10:24.120]  以撒祝福兩個兒子的時候
[00:10:24.120 --> 00:10:29.000]  媽媽是沒有說話的
[00:10:29.000 --> 00:10:31.120]  記得這個故事
[00:10:31.120 --> 00:10:34.240]  她只能夠扮雅各
[00:10:34.240 --> 00:10:37.760]  扮到她好像以素那樣
[00:10:37.760 --> 00:10:39.040]  然後拿一碗
[00:10:39.040 --> 00:10:43.080]  爸爸喜歡喝的野味湯進去
[00:10:43.080 --> 00:10:47.080]  欺騙父親的祝福
[00:10:47.080 --> 00:10:49.400]  另外一段可能你不熟悉了
[00:10:49.400 --> 00:10:51.080]  你找得快的
[00:10:51.080 --> 00:10:52.600]  可以跟我一起打開
[00:10:52.600 --> 00:10:55.600]  《新命紀》21章
[00:10:55.600 --> 00:10:58.000]  15至17節
[00:10:58.000 --> 00:10:59.080]  我讀給你聽
[00:10:59.080 --> 00:11:01.880]  人如果有兩個妻子
[00:11:01.880 --> 00:11:04.160]  一個是所愛的
[00:11:04.160 --> 00:11:06.760]  一個是所護的
[00:11:06.760 --> 00:11:09.880]  所愛的、所護的都生了孩子
[00:11:09.880 --> 00:11:13.040]  長子是所護之妻
[00:11:13.040 --> 00:11:14.800]  生的
[00:11:14.800 --> 00:11:20.200]  到了產業分給兒子承受的時候
[00:11:20.200 --> 00:11:22.120]  摩西律法就吩咐
[00:11:22.120 --> 00:11:25.640]  不可將所愛之妻
[00:11:25.640 --> 00:11:31.600]  生的兒子立為長子
[00:11:31.600 --> 00:11:34.080]  不可以將產業
[00:11:34.080 --> 00:11:44.640]  相分給你所愛的妻子所生的兒子
[00:11:44.640 --> 00:11:47.240]  你看到這個吩咐背後
[00:11:47.240 --> 00:11:53.520]  那個絕對決定的權柄在誰手上
[00:11:53.520 --> 00:11:55.280]  不在媽媽那裡
[00:11:55.280 --> 00:11:57.840]  媽媽是沒有說話的
[00:11:57.840 --> 00:11:59.080]  或者用英文說
[00:11:59.080 --> 00:12:00.800]  沒有說話的
[00:12:00.800 --> 00:12:01.720]  所以
[00:12:01.720 --> 00:12:10.720]  聖經上帝吩咐:當孝敬你的父親阿們和你的母親
[00:12:10.720 --> 00:12:13.720]  後面那句是「吓?什麼話?」
[00:12:13.720 --> 00:12:15.440]  我們中國人不會這樣反應的
[00:12:15.440 --> 00:12:18.480]  因為父母、父母
[00:12:18.480 --> 00:12:21.920]  但是你來到已忽所書第六章
[00:12:21.920 --> 00:12:23.680]  剛才我們讀的
[00:12:23.680 --> 00:12:27.120]  你會不會問「吓?什麼話?」
[00:12:27.120 --> 00:12:29.680]  因為你不讀第四節
[00:12:29.680 --> 00:12:36.000]  你只讀「你們作兒女的要孝敬父母阿們感恩父親節」
[00:12:36.000 --> 00:12:36.760]  說完了
[00:12:36.760 --> 00:12:38.160]  可以喝茶了
[00:12:38.160 --> 00:12:40.680]  還沒開始
[00:12:40.680 --> 00:12:43.800]  還沒進正題
[00:12:43.800 --> 00:12:48.360]  還沒聽清楚上帝的吩咐
[00:12:48.360 --> 00:12:49.960]  保羅很明白
[00:12:49.960 --> 00:12:52.080]  保羅聽得清楚
[00:12:52.080 --> 00:12:55.240]  你在家裡最看重的是誰?
[00:12:55.240 --> 00:12:56.200]  對不起
[00:12:56.200 --> 00:13:01.160]  不僅僅是父母
[00:13:01.160 --> 00:13:02.600]  異端
[00:13:02.600 --> 00:13:04.000]  聖經是這樣說的
[00:13:04.000 --> 00:13:05.760]  聖經是這樣說的
[00:13:05.760 --> 00:13:06.840]  你聽保羅說
[00:13:06.840 --> 00:13:08.640]  「你們作父親的」
[00:13:08.640 --> 00:13:10.000]  什麼話?
[00:13:10.000 --> 00:13:12.240]  「不要惹兒女的氣」
[00:13:12.240 --> 00:13:14.360]  有沒有搞錯?
[00:13:14.360 --> 00:13:16.800]  聖經吩咐做爸爸的
[00:13:16.800 --> 00:13:19.400]  要低聲下氣
[00:13:19.400 --> 00:13:21.320]  什麼叫做「不要惹兒女的氣」?
[00:13:21.320 --> 00:13:23.840]  我們從來都不會解釋
[00:13:23.840 --> 00:13:26.080]  不准他哭
[00:13:26.080 --> 00:13:28.200]  不准他哭
[00:13:28.200 --> 00:13:30.200]  你明白
[00:13:30.200 --> 00:13:32.160]  其實不是在細節上
[00:13:32.160 --> 00:13:36.400]  其實是「作兒女的孝敬父母」
[00:13:36.400 --> 00:13:38.960]  「作父親的」
[00:13:38.960 --> 00:13:40.520]  「不要惹兒女的氣」
[00:13:40.520 --> 00:13:42.560]  「一氣呵成」
[00:13:42.560 --> 00:13:45.360]  「同一個命令」
[00:13:45.360 --> 00:13:47.520]  聽清楚了嗎?
[00:13:47.520 --> 00:13:49.080]  你說你這樣說
[00:13:49.080 --> 00:13:50.160]  是保羅說的
[00:13:50.160 --> 00:13:51.600]  你再讀下去
[00:13:51.600 --> 00:13:53.400]  第五節
[00:13:53.400 --> 00:13:56.360]  第五節說什麼?
[00:13:56.360 --> 00:13:57.320]  你聽下去
[00:13:57.320 --> 00:13:58.600]  我們一起讀
[00:13:58.600 --> 00:14:01.120]  「你們作僕人的」
[00:14:01.120 --> 00:14:03.480]  「要懼怕賤經」
[00:14:03.480 --> 00:14:05.800]  「用誠實的心」
[00:14:05.800 --> 00:14:09.360]  「聽從你們肉身主人」
[00:14:09.360 --> 00:14:12.720]  「好像聽從基督一般」
[00:14:12.720 --> 00:14:14.280]  阿們
[00:14:14.280 --> 00:14:16.480]  讀給菲傭聽
[00:14:16.480 --> 00:14:18.120]  貼在她的房門口
[00:14:18.120 --> 00:14:19.600]  床上
[00:14:19.600 --> 00:14:21.200]  還沒完
[00:14:21.200 --> 00:14:22.200]  慘了
[00:14:22.200 --> 00:14:23.760]  我們讀聖經經常這樣
[00:14:23.760 --> 00:14:26.920]  剪了我們喜歡的一半貼出來
[00:14:26.920 --> 00:14:27.920]  讀下去
[00:14:27.920 --> 00:14:29.800]  第九節
[00:14:29.800 --> 00:14:32.200]  「你們作主人的」
[00:14:32.200 --> 00:14:36.320]  「待僕人也是一理」
[00:14:36.320 --> 00:14:38.480]  「不要威嚇他們」
[00:14:38.480 --> 00:14:41.480]  「因為知道他們和你們」
[00:14:41.480 --> 00:14:45.760]  「同有一位主在天上」
[00:14:45.760 --> 00:14:49.000]  「他並不偏待人」
[00:14:49.000 --> 00:14:52.960]  你從來都不讀這節吧?
[00:14:52.960 --> 00:14:57.200]  「這處是將主人和奴隸」
[00:14:57.200 --> 00:15:02.640]  「平排在在天上」
[00:15:02.640 --> 00:15:11.280]  「同有一位不偏待人的主面前」
[00:15:11.280 --> 00:15:13.240]  保羅說的
[00:15:13.240 --> 00:15:14.000]  聽到嗎?
[00:15:14.000 --> 00:15:16.320]  什麼話?
[00:15:16.320 --> 00:15:17.640]  是的
[00:15:17.640 --> 00:15:19.480]  所以前面第五章
[00:15:19.480 --> 00:15:21.440]  我們每次婚禮
[00:15:21.440 --> 00:15:25.280]  都掙扎要不要讀的經文
[00:15:25.280 --> 00:15:26.800]  「你們作妻子的」
[00:15:26.800 --> 00:15:28.280]  「要馴服丈夫」
[00:15:28.280 --> 00:15:29.880]  21世紀了
[00:15:29.880 --> 00:15:33.600]  選另一段可以嗎?
[00:15:33.600 --> 00:15:35.720]  其實在當時
[00:15:35.720 --> 00:15:37.080]  第一世紀
[00:15:37.080 --> 00:15:38.280]  保羅寫這句
[00:15:38.280 --> 00:15:39.640]  不用寫的
[00:15:39.640 --> 00:15:42.520]  所有羅馬希臘世界
[00:15:42.520 --> 00:15:45.800]  每一個家庭的丈夫妻子
[00:15:45.800 --> 00:15:47.920]  「你們作妻子的」
[00:15:47.920 --> 00:15:51.960]  「一定馴服丈夫」
[00:15:51.960 --> 00:15:55.120]  奇怪的是保羅反過來
[00:15:55.120 --> 00:15:58.080]  跟丈夫說什麼?
[00:15:58.080 --> 00:15:59.160]  你懂嗎?
[00:15:59.160 --> 00:16:00.400]  有沒有聖經?
[00:16:00.400 --> 00:16:03.720]  第五章在哪裡說?
[00:16:03.720 --> 00:16:04.720]  你讀下去吧
[00:16:04.720 --> 00:16:05.720]  二十五節
[00:16:05.720 --> 00:16:07.320]  我們一起讀
[00:16:07.320 --> 00:16:09.800]  「你們作丈夫的」
[00:16:09.800 --> 00:16:12.920]  「要愛你們的妻子」
[00:16:12.920 --> 00:16:16.120]  「正如基督愛教會」
[00:16:16.120 --> 00:16:20.440]  「為教會捨己」
[00:16:20.440 --> 00:16:22.640]  我當然愛我太太
[00:16:22.640 --> 00:16:24.160]  捨己
[00:16:24.160 --> 00:16:25.120]  怎樣捨己?
[00:16:25.120 --> 00:16:27.280]  基督怎樣為教會捨己?
[00:16:27.280 --> 00:16:29.680]  釘十字架
[00:16:29.680 --> 00:16:32.560]  受苦
[00:16:32.560 --> 00:16:33.280]  是的
[00:16:33.280 --> 00:16:35.720]  回到家裡都沒有一杯茶
[00:16:35.720 --> 00:16:38.880]  你是基督還是教會?
[00:16:38.880 --> 00:16:40.160]  你聽得明白我的意思嗎?
[00:16:40.160 --> 00:16:42.200]  這是保羅的吩咐
[00:16:42.200 --> 00:16:45.880]  不只是吩咐妻子馴服丈夫
[00:16:45.880 --> 00:16:49.160]  一個值得妻子馴服的丈夫
[00:16:49.160 --> 00:16:51.800]  是一個愛妻子
[00:16:51.800 --> 00:16:55.240]  願意為她捨己的丈夫
[00:16:55.240 --> 00:16:59.800]  結尾這三個關係
[00:16:59.800 --> 00:17:04.040]  最後是「同有一位主在天上」
[00:17:04.040 --> 00:17:05.320]  剛才我們讀了
[00:17:05.320 --> 00:17:08.280]  你知道開頭是哪一句嗎?
[00:17:08.280 --> 00:17:09.520]  不知道
[00:17:09.520 --> 00:17:14.160]  第五章第二十一節
[00:17:14.160 --> 00:17:15.640]  所以我要你打開聖經
[00:17:15.640 --> 00:17:17.440]  否則你不會相信
[00:17:17.440 --> 00:17:18.720]  我今天跟你讀的經文
[00:17:18.720 --> 00:17:20.760]  是我們平時不讀的
[00:17:20.760 --> 00:17:21.720]  已經剪輯了
[00:17:21.720 --> 00:17:24.200]  開頭第一句我們一起來讀
[00:17:24.200 --> 00:17:29.160]  「由當傳敬畏基督的心」
[00:17:29.160 --> 00:17:30.360]  甚麼?
[00:17:30.360 --> 00:17:34.840]  「彼此馴服」
[00:17:34.840 --> 00:17:39.600]  妻子馴服丈夫 丈夫馴服妻子
[00:17:39.600 --> 00:17:41.960]  兒女馴服父母
[00:17:41.960 --> 00:17:43.200]  我們說不出下面那句
[00:17:43.200 --> 00:17:46.960]  因為那句跟我們中國傳統相反
[00:17:46.960 --> 00:17:49.800]  父母馴服兒女
[00:17:49.800 --> 00:17:52.240]  主人、僕人的關係
[00:17:52.240 --> 00:17:54.520]  都是同一個道理
[00:17:54.520 --> 00:17:55.720]  是保羅所說的
[00:17:55.720 --> 00:17:59.040]  所以僕人如何馴服主人
[00:17:59.040 --> 00:18:01.160]  甚麼?
[00:18:01.160 --> 00:18:05.360]  主人馴服僕人
[00:18:05.360 --> 00:18:09.440]  這解釋了以弗所書教做子女的
[00:18:09.440 --> 00:18:12.360]  在主女聽從父母
[00:18:12.360 --> 00:18:13.280]  我們經常解錯
[00:18:13.280 --> 00:18:16.200]  以為聖經吩咐的我就聽
[00:18:16.200 --> 00:18:18.320]  聖經沒有吩咐的我就不聽
[00:18:18.320 --> 00:18:19.760]  這叫做「在主女」
[00:18:19.760 --> 00:18:20.920]  錯
[00:18:20.920 --> 00:18:24.160]  「在主女」的意思就是十戒
[00:18:24.160 --> 00:18:26.080]  就是你信了耶穌
[00:18:26.080 --> 00:18:29.520]  上帝關心你的家庭
[00:18:29.520 --> 00:18:32.000]  關心你體重是誰
[00:18:32.000 --> 00:18:34.800]  關心你的關係
[00:18:34.800 --> 00:18:40.760]  你的關係是在主裡面重要的
[00:18:40.760 --> 00:18:41.800]  懂得解釋嗎?
[00:18:41.800 --> 00:18:43.760]  懂得聽嗎?
[00:18:43.760 --> 00:18:45.560]  所以如果這樣
[00:18:45.560 --> 00:18:47.680]  你說我翻錯了父親節主日
[00:18:47.680 --> 00:18:51.240]  應該去旁邊那間送禮物的
[00:18:51.240 --> 00:18:52.320]  「阿爸大哂」
[00:18:52.320 --> 00:18:53.360]  今天是八八節
[00:18:53.360 --> 00:18:56.640]  走進日本城都八八節
[00:18:56.640 --> 00:18:58.720]  不是
[00:18:58.720 --> 00:19:00.120]  不是做生意
[00:19:00.120 --> 00:19:02.160]  不是廣告
[00:19:02.160 --> 00:19:08.400]  這是上帝從心底裡給我們的教導
[00:19:08.400 --> 00:19:10.040]  在家裡面
[00:19:10.040 --> 00:19:12.200]  你體重是誰?
[00:19:12.200 --> 00:19:15.160]  簡單的答案不是父母
[00:19:15.160 --> 00:19:17.240]  是除了自己之外
[00:19:17.240 --> 00:19:19.680]  每一個人
[00:19:19.680 --> 00:19:23.080]  否則保羅不會這樣去解
[00:19:23.080 --> 00:19:28.400]  唯一一句大英許的誡命
[00:19:28.400 --> 00:19:31.560]  夫妻那個沒有在十戒出現
[00:19:31.560 --> 00:19:33.480]  你懂得背十戒
[00:19:33.480 --> 00:19:37.640]  主人奴隸更加沒有在十戒出現
[00:19:37.640 --> 00:19:41.080]  但原來就包括了這一句
[00:19:41.080 --> 00:19:44.600]  「孝敬你的父親」
[00:19:44.600 --> 00:19:46.480]  「阿們」
[00:19:46.480 --> 00:19:47.600]  「應該」
[00:19:47.600 --> 00:19:49.080]  「阿爸彩書」
[00:19:49.080 --> 00:19:50.960]  「心都甜哂」
[00:19:50.960 --> 00:19:53.440]  「和你的母親」
[00:19:53.440 --> 00:20:01.920]  這個已經將當時正是父親做主的社會
[00:20:01.920 --> 00:20:06.480]  那個價值已經顛覆了
[00:20:06.480 --> 00:20:09.480]  所以舊約聖經的教導
[00:20:09.480 --> 00:20:13.240]  是你的父親和你的母親
[00:20:13.240 --> 00:20:14.040]  不止
[00:20:14.040 --> 00:20:16.400]  是你父母
[00:20:16.400 --> 00:20:18.680]  你的子女
[00:20:18.680 --> 00:20:20.320]  主人
[00:20:20.320 --> 00:20:23.160]  僕人
[00:20:23.160 --> 00:20:25.200]  丈夫
[00:20:25.200 --> 00:20:27.600]  妻子
[00:20:27.600 --> 00:20:28.800]  懂不懂得這樣讀聖經?
[00:20:28.800 --> 00:20:30.600]  懂了就可以讀下去
[00:20:30.600 --> 00:20:33.880]  不懂還是卡在「孝敬父母」
[00:20:33.880 --> 00:20:35.200]  「父母大哂」
[00:20:35.200 --> 00:20:36.720]  不能讀下去
[00:20:36.720 --> 00:20:38.240]  讀不下去
[00:20:38.240 --> 00:20:41.120]  就回到「人孝治天下」
[00:20:41.120 --> 00:20:44.400]  中國傳統聖賢的教導
[00:20:44.400 --> 00:20:47.840]  聖經不是重複中國人的教導
[00:20:47.840 --> 00:20:50.440]  聖經是顛覆
[00:20:50.440 --> 00:20:56.520]  在家中可以有一個人說了算
[00:20:56.520 --> 00:20:57.960]  打死一個丫鬟
[00:20:57.960 --> 00:20:59.680]  沒得怨
[00:20:59.680 --> 00:21:01.760]  不是這樣的
[00:21:01.760 --> 00:21:06.680]  這樣不是做上帝的兒女
[00:21:06.680 --> 00:21:10.560]  在最親的關係上
[00:21:10.560 --> 00:21:18.640]  應該有的態度、價值
[00:21:18.640 --> 00:21:20.560]  可以嗎?再總結一次
[00:21:20.560 --> 00:21:22.160]  「你們作兒女的」
[00:21:22.160 --> 00:21:23.440]  我們馬上識背
[00:21:23.440 --> 00:21:24.360]  「孝敬父母」
[00:21:24.360 --> 00:21:25.040]  對
[00:21:25.040 --> 00:21:27.840]  「你們作父母的」
[00:21:27.840 --> 00:21:29.800]  保羅繼續說下去
[00:21:29.800 --> 00:21:31.960]  不要惹兒女的氣
[00:21:31.960 --> 00:21:34.280]  「你們作主人的」
[00:21:34.280 --> 00:21:36.240]  「你們作僕人的」
[00:21:36.240 --> 00:21:40.720]  「同有一位主在天上」
[00:21:40.720 --> 00:21:42.840]  「你們做丈夫的」
[00:21:42.840 --> 00:21:45.800]  「你們做妻子的」
[00:21:45.800 --> 00:21:49.440]  「要彼此信服」
[00:21:49.440 --> 00:21:52.920]  下次婚禮請我來講道
[00:21:52.920 --> 00:21:56.320]  我不是只講「妻子信服丈夫」
[00:21:56.320 --> 00:21:58.680]  「聖明節」
[00:21:58.680 --> 00:22:01.880]  太太就鬆毛鬆翼了
[00:22:01.880 --> 00:22:03.640]  早就說了
[00:22:03.640 --> 00:22:06.120]  頂她一下
[00:22:06.120 --> 00:22:08.320]  聖經的教導不是我的教導
[00:22:08.320 --> 00:22:09.440]  不是我怎麼說
[00:22:09.440 --> 00:22:11.120]  而是你聽清楚
[00:22:11.120 --> 00:22:13.160]  保羅在《爾忽所書》裏面
[00:22:13.160 --> 00:22:15.520]  他明白十誡
[00:22:15.520 --> 00:22:18.520]  上帝這句話提綱揭領
[00:22:18.520 --> 00:22:22.040]  是教我們在親屬當中
[00:22:22.040 --> 00:22:25.320]  最親的周圍
[00:22:25.320 --> 00:22:27.080]  身邊的人
[00:22:27.080 --> 00:22:29.080]  你看重誰
[00:22:29.080 --> 00:22:30.600]  問得真好
[00:22:30.600 --> 00:22:32.320]  不同的社會
[00:22:32.320 --> 00:22:34.040]  不同的年代
[00:22:34.040 --> 00:22:36.680]  我們看重的是不同的
[00:22:36.680 --> 00:22:39.280]  但我們多數都會有
[00:22:39.280 --> 00:22:45.360]  為我獨尊的錯謀
[00:22:45.360 --> 00:22:47.000]  聖經不是這樣教
[00:22:47.000 --> 00:22:49.960]  這是第一
[00:22:49.960 --> 00:22:51.280]  再看下去
[00:22:51.280 --> 00:22:53.720]  我們會留意到
[00:22:53.720 --> 00:22:55.680]  其實
[00:22:55.680 --> 00:22:58.000]  聖經裏面教導
[00:22:58.000 --> 00:23:01.600]  怎樣孝敬父母
[00:23:01.600 --> 00:23:04.880]  幾乎是零的
[00:23:04.880 --> 00:23:06.240]  是
[00:23:06.240 --> 00:23:08.240]  十誡之外
[00:23:08.240 --> 00:23:10.640]  崔埃及記有提到
[00:23:10.640 --> 00:23:14.480]  不可以打父母
[00:23:14.480 --> 00:23:18.600]  不可以咒罵父母
[00:23:18.600 --> 00:23:20.680]  這句說話很嚴重
[00:23:20.680 --> 00:23:22.080]  咒咒
[00:23:22.080 --> 00:23:25.080]  咒咒我們今天不流行
[00:23:25.080 --> 00:23:28.760]  即是你視它為眼中釘
[00:23:28.760 --> 00:23:32.760]  欲除之而後快
[00:23:32.760 --> 00:23:36.800]  的那種關係叫做咒咒
[00:23:36.800 --> 00:23:40.320]  不可以
[00:23:40.320 --> 00:23:44.760]  但聖經是沒有正面教
[00:23:44.760 --> 00:23:46.160]  我們中國人有的
[00:23:46.160 --> 00:23:49.600]  父母在就不出門
[00:23:49.600 --> 00:23:50.800]  很多這些教導
[00:23:50.800 --> 00:23:52.600]  不過我們今天不懂
[00:23:52.600 --> 00:23:54.200]  但聖經沒有
[00:23:54.200 --> 00:23:56.240]  相反
[00:23:56.240 --> 00:23:57.760]  我要講快一點
[00:23:57.760 --> 00:23:59.880]  聖經教很多
[00:23:59.880 --> 00:24:02.320]  做父母
[00:24:02.320 --> 00:24:04.280]  怎樣去教子女
[00:24:04.280 --> 00:24:06.160]  你有沒有印象
[00:24:06.160 --> 00:24:07.960]  針研
[00:24:07.960 --> 00:24:09.600]  跟你讀兩節
[00:24:09.600 --> 00:24:11.320]  請你打開
[00:24:11.320 --> 00:24:14.200]  針研第一章
[00:24:14.200 --> 00:24:16.040]  不用遠
[00:24:16.040 --> 00:24:19.600]  打開針研第一章
[00:24:19.600 --> 00:24:22.800]  我們一起讀
[00:24:22.800 --> 00:24:25.800]  針研一章第八節
[00:24:25.800 --> 00:24:27.080]  我們一起讀
[00:24:27.080 --> 00:24:32.120]  我兒要聽你父親的訓誨
[00:24:32.120 --> 00:24:37.880]  不可離棄你母親的法則
[00:24:37.880 --> 00:24:39.640]  看到父母
[00:24:39.640 --> 00:24:41.920]  教你的那個不只是父親
[00:24:41.920 --> 00:24:44.320]  原來母親都有
[00:24:44.320 --> 00:24:48.920]  跟父親的訓誨平衡的
[00:24:48.920 --> 00:24:53.160]  母親的法則
[00:24:53.160 --> 00:24:55.400]  這句說話不是跟父母講的
[00:24:55.400 --> 00:24:56.920]  是跟子女講的
[00:24:56.920 --> 00:24:59.960]  對,不過你可以再找到針研以後
[00:24:59.960 --> 00:25:02.960]  其實跟父親講很多東西
[00:25:02.960 --> 00:25:10.760]  譬如不要吝嗇管教三章十一、十二節
[00:25:10.760 --> 00:25:14.880]  你愛他不是縱他
[00:25:14.880 --> 00:25:16.160]  不是Please他
[00:25:16.160 --> 00:25:18.360]  所以野兒女的氣
[00:25:18.360 --> 00:25:21.560]  不是他喜歡買甚麼就買甚麼給他的意思
[00:25:21.560 --> 00:25:23.160]  你一定要管一定要教
[00:25:23.160 --> 00:25:26.840]  甚至要打
[00:25:26.840 --> 00:25:30.160]  對
[00:25:30.160 --> 00:25:36.560]  聖經裏面是講邊打你所愛的兒子
[00:25:36.560 --> 00:25:39.240]  打到頭破血流
[00:25:39.240 --> 00:25:46.240]  對,以塞亞書第一章
[00:25:46.240 --> 00:25:50.560]  上帝管教耶路撒冷
[00:25:50.560 --> 00:25:54.080]  藉著外邦的軍隊
[00:25:54.080 --> 00:25:56.840]  從頭到腳
[00:25:56.840 --> 00:26:02.720]  才說沒有一處是沒有傷痕的
[00:26:02.720 --> 00:26:04.560]  不過以塞亞書第一章
[00:26:04.560 --> 00:26:06.360]  也是有一句很特別的
[00:26:06.360 --> 00:26:07.760]  你有聖經是受很快的罪
[00:26:07.760 --> 00:26:08.880]  你跟我一起揭開
[00:26:08.880 --> 00:26:10.760]  我讀給你聽
[00:26:10.760 --> 00:26:11.920]  不等你了
[00:26:11.920 --> 00:26:13.480]  時間關係
[00:26:13.480 --> 00:26:15.280]  一章以塞亞書
[00:26:15.280 --> 00:26:16.480]  第八節
[00:26:16.480 --> 00:26:16.960]  這裏說
[00:26:16.960 --> 00:26:20.640]  謹傳錫安城
[00:26:20.640 --> 00:26:26.920]  細字和合本城原文是女子
[00:26:26.920 --> 00:26:29.360]  其實再譯得準確些
[00:26:29.360 --> 00:26:33.960]  是女兒錫安
[00:26:33.960 --> 00:26:36.640]  兒子就要打
[00:26:36.640 --> 00:26:38.880]  女兒就不用打
[00:26:38.880 --> 00:26:41.280]  聖經教的
[00:26:41.280 --> 00:26:43.240]  以塞亞書第一章
[00:26:43.240 --> 00:26:46.320]  剩下女兒錫安
[00:26:46.320 --> 00:26:48.560]  上帝沒有打
[00:26:48.560 --> 00:26:50.320]  沒得解的
[00:26:50.320 --> 00:26:52.040]  不過你做過父親
[00:26:52.040 --> 00:26:53.120]  你就會明白
[00:26:53.120 --> 00:26:55.320]  兒子真的很頑皮
[00:26:55.320 --> 00:26:57.520]  我爸爸打我的
[00:26:57.520 --> 00:26:59.000]  是他哭
[00:26:59.000 --> 00:26:59.760]  不是我哭
[00:26:59.760 --> 00:27:01.800]  我跟你說過了
[00:27:01.800 --> 00:27:03.040]  所以如果他不打我
[00:27:03.040 --> 00:27:06.240]  我今天不會站在這裏
[00:27:06.240 --> 00:27:07.560]  感謝神
[00:27:07.560 --> 00:27:09.120]  管教
[00:27:09.120 --> 00:27:10.080]  真的
[00:27:10.080 --> 00:27:11.800]  事後回看
[00:27:11.800 --> 00:27:14.840]  就明白父親的愛
[00:27:14.840 --> 00:27:16.720]  女兒
[00:27:16.720 --> 00:27:19.160]  你叫她坐下
[00:27:19.160 --> 00:27:21.160]  你不笑
[00:27:21.160 --> 00:27:23.000]  你跟她說
[00:27:23.000 --> 00:27:25.880]  她眼淚就滴下來
[00:27:25.880 --> 00:27:28.320]  真的不用打
[00:27:28.320 --> 00:27:29.240]  是的
[00:27:29.240 --> 00:27:30.600]  聖經的教導
[00:27:30.600 --> 00:27:33.560]  是可以去到這麼細微的
[00:27:33.560 --> 00:27:35.880]  是的
[00:27:35.880 --> 00:27:37.880]  所以
[00:27:37.880 --> 00:27:40.040]  聖經裏面的吩咐
[00:27:40.040 --> 00:27:44.080]  不是教小朋友的
[00:27:44.080 --> 00:27:47.200]  其實對著的是一個
[00:27:47.200 --> 00:27:49.600]  尚有高堂
[00:27:49.600 --> 00:27:50.720]  第一代
[00:27:50.720 --> 00:27:52.400]  你是中間那一代
[00:27:52.400 --> 00:27:55.440]  還有下一代
[00:27:55.440 --> 00:27:58.040]  一個以色列的成年人
[00:27:58.040 --> 00:28:02.600]  當看重、尊重你的父母
[00:28:02.600 --> 00:28:05.680]  但你又不要惹兒女的氣
[00:28:05.680 --> 00:28:06.640]  做父親的
[00:28:06.640 --> 00:28:08.920]  要管教他們
[00:28:08.920 --> 00:28:09.960]  是的
[00:28:09.960 --> 00:28:10.440]  所以
[00:28:10.440 --> 00:28:12.840]  針研有另外一句
[00:28:12.840 --> 00:28:14.120]  我又不等你了
[00:28:14.120 --> 00:28:15.760]  時間很寶貴
[00:28:15.760 --> 00:28:18.200]  針研的二十三章
[00:28:18.200 --> 00:28:19.240]  你找得快的
[00:28:19.240 --> 00:28:21.560]  你打開看一看
[00:28:21.560 --> 00:28:24.360]  針研二十三章二十二節
[00:28:24.360 --> 00:28:27.800]  你要聽從生你的父親
[00:28:27.800 --> 00:28:30.800]  你母親老了
[00:28:30.800 --> 00:28:36.280]  也不可藐視她
[00:28:36.280 --> 00:28:39.080]  不是跟小朋友說的
[00:28:39.080 --> 00:28:40.480]  對小朋友來說
[00:28:40.480 --> 00:28:44.040]  父母永遠是英雄
[00:28:44.040 --> 00:28:44.880]  搞不定的
[00:28:44.880 --> 00:28:46.880]  我爸爸可以的
[00:28:46.880 --> 00:28:48.360]  忍住不哭
[00:28:48.360 --> 00:28:52.200]  等到伏在母親的懷抱裡
[00:28:52.200 --> 00:28:53.560]  就放後大哭
[00:28:53.560 --> 00:28:55.560]  這個是小朋友
[00:28:55.560 --> 00:28:57.760]  你說少年人
[00:28:57.760 --> 00:28:59.640]  反叛期、青春期
[00:28:59.640 --> 00:29:02.960]  在尋找自己身份的時期
[00:29:02.960 --> 00:29:04.000]  所以
[00:29:04.000 --> 00:29:04.920]  我很記得
[00:29:04.920 --> 00:29:06.480]  我們的女兒中學的時候
[00:29:06.480 --> 00:29:09.440]  她的校長跟我們家長說過一句話
[00:29:09.440 --> 00:29:10.600]  他說
[00:29:10.600 --> 00:29:12.080]  你們的女兒
[00:29:12.080 --> 00:29:13.400]  這幾年
[00:29:13.400 --> 00:29:16.400]  就好像太空人去了月球的背面
[00:29:16.400 --> 00:29:18.520]  失去聯絡
[00:29:18.520 --> 00:29:20.280]  不過會繞回來的
[00:29:20.280 --> 00:29:21.800]  等等吧
[00:29:21.800 --> 00:29:24.440]  這個真是肺腑之言
[00:29:24.440 --> 00:29:26.000]  不過一年之後
[00:29:26.000 --> 00:29:27.080]  他再跟我們說
[00:29:27.080 --> 00:29:28.760]  我們這一班同學
[00:29:28.760 --> 00:29:32.080]  全部都遲了反叛期
[00:29:32.080 --> 00:29:35.120]  所以還未曾去到後面
[00:29:35.120 --> 00:29:37.440]  是呀,這個是正常的
[00:29:37.440 --> 00:29:38.080]  所以
[00:29:38.080 --> 00:29:41.760]  聖經裡面的教導是跟成年人說的
[00:29:41.760 --> 00:29:46.880]  所以你的父母現在老了
[00:29:46.880 --> 00:29:49.120]  我們就很明白了
[00:29:49.120 --> 00:29:51.440]  失智了
[00:29:51.440 --> 00:29:53.680]  失禁了
[00:29:53.680 --> 00:29:56.360]  很多事情很笨拙了
[00:29:56.360 --> 00:29:58.520]  哎呀,反過來要照顧
[00:29:58.520 --> 00:30:00.520]  都不知道怎樣照顧
[00:30:00.520 --> 00:30:03.520]  你不可以藐視他
[00:30:03.520 --> 00:30:05.200]  尊重
[00:30:05.200 --> 00:30:07.200]  體重
[00:30:07.200 --> 00:30:10.080]  是呀,這個是聖經的教導
[00:30:10.080 --> 00:30:16.840]  但是這個教導不是等到你父母年老才說的
[00:30:16.840 --> 00:30:19.880]  是什麼時候說的?
[00:30:19.880 --> 00:30:22.680]  其實是小時候
[00:30:22.680 --> 00:30:27.240]  你做父親做母親怎樣教他
[00:30:27.240 --> 00:30:30.240]  這個是聖經第二重
[00:30:30.240 --> 00:30:33.640]  我們經常會忽略的
[00:30:33.640 --> 00:30:35.960]  你是父親
[00:30:35.960 --> 00:30:38.280]  你想你年老的時候
[00:30:38.280 --> 00:30:41.640]  你的兒女尊重你
[00:30:41.640 --> 00:30:43.640]  你應該怎樣做?
[00:30:43.640 --> 00:30:46.920]  早點分家產給他,千萬不要
[00:30:46.920 --> 00:30:50.920]  聽過浪子回頭的比喻
[00:30:50.920 --> 00:30:53.480]  你現在教他
[00:30:53.480 --> 00:30:55.440]  你現在管教他
[00:30:55.440 --> 00:30:57.160]  你甚至打他
[00:30:57.160 --> 00:30:59.320]  打完之後查萬金油
[00:30:59.320 --> 00:31:01.320]  現在不行,現在會被人告
[00:31:01.320 --> 00:31:03.440]  Child Abuse
[00:31:03.440 --> 00:31:04.120]  我不知道
[00:31:04.120 --> 00:31:06.120]  不過這個是聖經的教導
[00:31:06.120 --> 00:31:08.320]  你用心去教
[00:31:08.320 --> 00:31:12.400]  將來你年老了
[00:31:12.400 --> 00:31:16.720]  他懂得尊重你
[00:31:16.720 --> 00:31:19.160]  原來是這樣的
[00:31:19.160 --> 00:31:22.240]  原來是這樣的
[00:31:22.240 --> 00:31:24.480]  所以
[00:31:24.480 --> 00:31:27.520]  對於你和我來說,一方面是
[00:31:27.520 --> 00:31:30.640]  我們怎樣孝敬父母
[00:31:30.640 --> 00:31:31.960]  聖經沒有教
[00:31:31.960 --> 00:31:35.440]  要先喝了茶才上午課
[00:31:35.440 --> 00:31:37.840]  還是上完早課才去喝茶
[00:31:37.840 --> 00:31:38.920]  無所謂
[00:31:38.920 --> 00:31:41.520]  父親一定要陪爸爸喝茶
[00:31:41.520 --> 00:31:45.720]  平日四個字你已經無法回答
[00:31:45.720 --> 00:31:47.360]  不是這樣計較
[00:31:47.360 --> 00:31:50.120]  聖經從來沒有這樣斤斤計較
[00:31:50.120 --> 00:31:52.440]  看重、尊重
[00:31:52.440 --> 00:31:55.760]  是心裏面的態度
[00:31:55.760 --> 00:31:56.840]  有些時候
[00:31:56.840 --> 00:32:00.480]  是呀,你為他好所做的決定
[00:32:00.480 --> 00:32:03.080]  不一定是他歡喜的
[00:32:03.080 --> 00:32:05.680]  那怎麼辦?
[00:32:05.680 --> 00:32:10.120]  另一方面,其實聖經教得更多
[00:32:10.120 --> 00:32:12.280]  但今天我們是很容易
[00:32:12.280 --> 00:32:13.840]  又是聽不明白的
[00:32:13.840 --> 00:32:15.920]  沒有做到的
[00:32:15.920 --> 00:32:21.160]  我們去拜託我們的下一代
[00:32:21.160 --> 00:32:24.280]  考試了,不要回團契了
[00:32:24.280 --> 00:32:25.440]  所以將來他不回教會
[00:32:25.440 --> 00:32:28.040]  是你教他的,知不知道?
[00:32:28.040 --> 00:32:29.400]  有更加重要的東西
[00:32:29.400 --> 00:32:30.440]  更加好玩的東西
[00:32:30.440 --> 00:32:32.440]  就不回團契了
[00:32:32.440 --> 00:32:35.440]  不是的,我爸爸不是這樣教我的
[00:32:35.440 --> 00:32:39.840]  考試,帶著一本書回曼陀
[00:32:39.840 --> 00:32:41.280]  那即是怎樣?
[00:32:41.280 --> 00:32:42.320]  講道的時候偷看?
[00:32:42.320 --> 00:32:44.880]  不是,之前之後
[00:32:44.880 --> 00:32:47.840]  你坐定,你可以溫書
[00:32:47.840 --> 00:32:53.160]  那個先後次序是小時候教的
[00:32:53.160 --> 00:32:57.440]  教了就一生不偏離
[00:32:57.440 --> 00:33:02.720]  那他就懂得尊敬你
[00:33:02.720 --> 00:33:10.440]  聖經其實給我們一個很完整的教導
[00:33:10.440 --> 00:33:12.920]  父母怎樣得到尊重
[00:33:12.920 --> 00:33:14.120]  針研有講的
[00:33:14.120 --> 00:33:17.840]  一個智慧之子
[00:33:17.840 --> 00:33:22.840]  不是一個有錢的兒子
[00:33:22.840 --> 00:33:27.120]  分不分得到?
[00:33:27.120 --> 00:33:28.120]  智慧是甚麼?
[00:33:28.120 --> 00:33:30.480]  考試年年第一,當然是歡喜
[00:33:30.480 --> 00:33:32.280]  錯,聖經講甚麼?
[00:33:32.280 --> 00:33:39.160]  敬畏耶和華才是智慧
[00:33:39.160 --> 00:33:43.160]  嘩,差很遠,我們今天的管教
[00:33:43.160 --> 00:33:46.280]  最緊張的就是要拿一百分
[00:33:46.280 --> 00:33:49.640]  不是的,最緊張的就是
[00:33:49.640 --> 00:33:53.720]  他不回崇拜,在家聽上網
[00:33:53.720 --> 00:33:58.280]  教快一點,節省一點時間
[00:33:58.280 --> 00:34:00.040]  你和上帝玩這些遊戲
[00:34:00.040 --> 00:34:04.600]  上帝就教快一點你一生的日子
[00:34:04.600 --> 00:34:09.440]  1.5,千萬不要,上帝0.8
[00:34:09.440 --> 00:34:13.400]  你和上帝玩不好玩
[00:34:13.400 --> 00:34:16.840]  上帝其實已經講得很清楚
[00:34:16.840 --> 00:34:18.880]  在我們一生當中
[00:34:18.880 --> 00:34:24.720]  在我們最親密的關係裡
[00:34:24.720 --> 00:34:30.680]  你看重誰,答案是人人都重要
[00:34:30.680 --> 00:34:32.640]  行嗎?我們不是這樣想的
[00:34:32.640 --> 00:34:35.520]  聖經講孝敬父母,不是
[00:34:35.520 --> 00:34:39.800]  你們作父親的,你們作主人的
[00:34:39.800 --> 00:34:45.680]  你們作丈夫的,是聖經的教導
[00:34:45.680 --> 00:34:50.520]  不是我們今天新的,講的,沒聽過的
[00:34:50.520 --> 00:34:53.920]  不是,其實是聖經的教導
[00:34:53.920 --> 00:34:57.920]  聖經這些教導是對一個成年人講
[00:34:57.920 --> 00:35:00.920]  所以他怎樣對上一代
[00:35:00.920 --> 00:35:05.680]  又怎樣對下一代
[00:35:05.680 --> 00:35:10.120]  你將來老了
[00:35:10.120 --> 00:35:16.960]  你現在怎樣教,怎樣管
[00:35:16.960 --> 00:35:21.560]  有關係的,有直接關係的
[00:35:21.560 --> 00:35:26.560]  信二代看的,其實不是你講什麼
[00:35:26.560 --> 00:35:29.840]  其實是你做什麼
[00:35:29.840 --> 00:35:31.680]  你問一下他們
[00:35:31.680 --> 00:35:34.640]  他看到的,全都看在眼裡
[00:35:34.640 --> 00:35:37.200]  所以這個是聖經的教導
[00:35:37.200 --> 00:35:41.920]  好,時間關係,最後三分鐘
[00:35:41.920 --> 00:35:47.000]  為什麼說第一條大英許的誡命
[00:35:47.000 --> 00:35:52.280]  使你得福在世長壽
[00:35:52.280 --> 00:35:57.240]  我也要最後解釋清楚
[00:35:57.240 --> 00:36:01.000]  一定不是短命的就是不孝
[00:36:01.000 --> 00:36:03.120]  現眼報,沒有
[00:36:03.120 --> 00:36:05.360]  聖經不是這樣讀法
[00:36:05.360 --> 00:36:11.080]  剛才《春開及記》都沒有使你得福
[00:36:11.080 --> 00:36:12.360]  這四個字
[00:36:12.360 --> 00:36:15.760]  這四個字是在《新命記》第五章
[00:36:15.760 --> 00:36:21.280]  重複記載十誡的時候
[00:36:21.280 --> 00:36:24.280]  那處加上去
[00:36:24.280 --> 00:36:27.320]  第五章第十六節
[00:36:27.320 --> 00:36:32.720]  當趙耶和華你神所吩咐的孝敬父母
[00:36:32.720 --> 00:36:38.120]  體重父母,尊重父母,使你得福
[00:36:38.120 --> 00:36:41.160]  所以《新約聖經》已不鎖書引用
[00:36:41.160 --> 00:36:43.600]  使你得福是在引用《新命記》
[00:36:43.600 --> 00:36:45.200]  不是在引用《春開及記》
[00:36:45.200 --> 00:36:47.440]  不過後面那句
[00:36:47.440 --> 00:36:50.160]  《新約聖經》引用的時候
[00:36:50.160 --> 00:36:54.040]  就少了下半
[00:36:54.040 --> 00:36:59.800]  使你的日子在耶和華你神所賜你的地上
[00:36:59.800 --> 00:37:02.680]  得以長久
[00:37:02.680 --> 00:37:07.480]  使你的日子長久,不是長壽
[00:37:07.480 --> 00:37:09.880]  中文聖經譯錯了
[00:37:09.880 --> 00:37:19.160]  是使你在耶和華你神所賜你的地上的日子
[00:37:19.160 --> 00:37:21.560]  得以長久
[00:37:21.560 --> 00:37:24.760]  如果說長壽的話,在哪裡都長壽
[00:37:24.760 --> 00:37:26.480]  我移民都長壽
[00:37:26.480 --> 00:37:29.680]  我BNO去到曼徹斯特都長壽
[00:37:29.680 --> 00:37:34.160]  我在加拿大,在澳洲,在香港,在大陸,在大灣區都長壽
[00:37:34.160 --> 00:37:35.960]  不是,聖經不是這樣說
[00:37:35.960 --> 00:37:38.920]  所以不是說你的壽數長短
[00:37:38.920 --> 00:37:41.720]  是說作為神的兒女
[00:37:41.720 --> 00:37:47.120]  在上帝所賜的家、男、地上
[00:37:47.120 --> 00:37:52.200]  得以長久
[00:37:52.200 --> 00:37:59.760]  一個群體不只是繁榮安定
[00:37:59.760 --> 00:38:04.480]  不只是有衣有食
[00:38:04.480 --> 00:38:09.120]  其實關係是很重要的
[00:38:09.120 --> 00:38:12.360]  特別是最親的關係
[00:38:12.360 --> 00:38:16.000]  中國人有教老不老以及人之老
[00:38:16.000 --> 00:38:19.000]  我們今天不是解中國人的說話
[00:38:19.000 --> 00:38:22.800]  你怎樣對待自己家裡的老人家
[00:38:22.800 --> 00:38:28.800]  其實就是整個社會的縮影
[00:38:28.800 --> 00:38:33.120]  保險是最現實的
[00:38:33.120 --> 00:38:38.560]  就是那些最需要保險的病人不受保的
[00:38:38.560 --> 00:38:40.040]  看到他的態度嗎?
[00:38:40.040 --> 00:38:44.640]  理直氣壯,我們是賺錢的,資本主義
[00:38:44.640 --> 00:38:49.480]  如果我們這樣對待老人家,這個社會是沒有前途的
[00:38:49.480 --> 00:38:54.320]  全部將他們放在一邊,等死吧
[00:38:54.320 --> 00:38:55.800]  完全不是這回事
[00:38:55.800 --> 00:38:59.240]  我們懂得怎樣對待我們的下一代
[00:38:59.240 --> 00:39:01.160]  怎樣對待我們的上一代
[00:39:01.160 --> 00:39:11.200]  上帝說,這個才是長治久安的英許
[00:39:11.200 --> 00:39:15.440]  香港怎樣可以長久?
[00:39:15.440 --> 00:39:20.400]  我們經常都以為是政治
[00:39:20.400 --> 00:39:22.600]  其實是關係
[00:39:22.600 --> 00:39:24.840]  最弱就是這樣
[00:39:24.840 --> 00:39:27.200]  我們每個人都忙碌,做很多事
[00:39:27.200 --> 00:39:33.440]  一有不同看法就撕裂,沒得談
[00:39:33.440 --> 00:39:40.840]  這樣的關係,這樣的群體,這樣的教會不長久的
[00:39:40.840 --> 00:39:43.120]  聖經說錯了
[00:39:43.120 --> 00:39:50.360]  所以重返最基本,上帝的吩咐教導開始
[00:39:50.360 --> 00:39:56.400]  學習一個長久的關係
[00:39:56.400 --> 00:40:00.480]  時間夠了,雖然還想講下去,不過下一課
[00:40:00.480 --> 00:40:02.800]  下一次來,12月第五個星期
[00:40:02.800 --> 00:40:06.840]  不過簡牧師又吩咐了要講主在內
[00:40:06.840 --> 00:40:10.360]  不過你找簡牧師講吧
[00:40:10.360 --> 00:40:14.760]  在家裏怎樣能夠長久
[00:40:14.760 --> 00:40:18.400]  不代表不會犯錯
[00:40:18.400 --> 00:40:21.720]  不代表不會有衝突
[00:40:21.720 --> 00:40:24.200]  我們都不是聖賢
[00:40:24.200 --> 00:40:26.760]  父慈子孝,兄友弟恭
[00:40:26.760 --> 00:40:28.840]  你再背下去那些揮春
[00:40:28.840 --> 00:40:34.760]  不是,做基督徒是懂得悔改回轉
[00:40:34.760 --> 00:40:39.120]  看到了,原來上帝這次一棒打下來
[00:40:39.120 --> 00:40:44.000]  管教香港教會,就是比我們見到事工好多
[00:40:44.000 --> 00:40:51.360]  個個很忙碌開會,但原來關係是這麼脆弱的
[00:40:51.360 --> 00:40:54.200]  求主憐憫我們,知道了
[00:40:54.200 --> 00:40:57.160]  怎樣回轉,怎樣悔改
[00:40:57.160 --> 00:41:02.560]  我們同心,低頭祈禱
[00:41:02.560 --> 00:41:08.800]  感謝天父,因為你的說話解開,發出亮光
[00:41:08.800 --> 00:41:13.040]  是叫我們得到智慧,不是要定我們的罪
[00:41:13.040 --> 00:41:15.800]  多謝你,多謝你
[00:41:15.800 --> 00:41:19.320]  我們繼續專一的跟從主
[00:41:19.320 --> 00:41:27.240]  我們都要謙卑學習,進行你的教導
[00:41:27.240 --> 00:41:33.120]  我們恭敬將你的說話藏在我們各人的心中
[00:41:33.120 --> 00:41:39.120]  讓它成為我們腳前的燈,路上的光
[00:41:39.120 --> 00:41:43.200]  誰聽我們的祈禱,奉耶穌基督聖名求
[00:41:43.200 --> 00:41:45.200]  阿們
