
[00:00:00.000 --> 00:00:05.240]  我們今天思想的在基督裡的人都要復活
[00:00:05.240 --> 00:00:10.800]  大家可能見到在台上有兩盤很燦爛的百合花
[00:00:10.800 --> 00:00:12.280]  剛剛星期五的時候
[00:00:12.280 --> 00:00:16.400]  兩天之前我太太早上都買了一些百合花回家
[00:00:16.400 --> 00:00:18.560]  她買回來的兩束百合花
[00:00:18.560 --> 00:00:22.080]  我一看發現原來都是全部未開的
[00:00:22.080 --> 00:00:24.840]  是花冧的百合花
[00:00:24.840 --> 00:00:27.880]  那我就想一下什麼時候會開呢?
[00:00:27.880 --> 00:00:31.640]  昨天早上起床的時候見到都未曾開
[00:00:31.640 --> 00:00:33.880]  隔了大概一個多小時
[00:00:33.880 --> 00:00:39.200]  一看的時候其中一朵竟然很燦爛地開大了
[00:00:39.200 --> 00:00:40.880]  我一看的時候覺得很開心
[00:00:40.880 --> 00:00:46.240]  因為很短的時間突然就開了整朵的花出來
[00:00:46.240 --> 00:00:48.520]  我一看的時候心裡有一種快樂
[00:00:48.520 --> 00:00:50.880]  我就想起聖經所說
[00:00:50.880 --> 00:00:53.040]  就在一閃時
[00:00:53.040 --> 00:00:57.280]  好像我們拍照的時候閃一閃燈
[00:00:57.280 --> 00:00:59.120]  眨眼之間
[00:00:59.120 --> 00:01:01.600]  號同末次吹響的時候
[00:01:01.600 --> 00:01:03.360]  死人要復活
[00:01:03.360 --> 00:01:06.320]  我們都要改變
[00:01:06.320 --> 00:01:09.440]  就是在我們想不到一閃時之間
[00:01:09.440 --> 00:01:11.440]  我們都會改變
[00:01:11.440 --> 00:01:15.080]  這個可扭壞的軀體
[00:01:15.080 --> 00:01:18.400]  要變成不扭壞的軀體
[00:01:18.400 --> 00:01:21.920]  是神所賜給我們永恆的身體
[00:01:21.920 --> 00:01:23.840]  永恆的生命
[00:01:23.840 --> 00:01:24.480]  各位電影姐妹
[00:01:24.480 --> 00:01:25.600]  當我們復活節的時候
[00:01:25.600 --> 00:01:28.080]  我們想起主耶穌復活的事
[00:01:28.080 --> 00:01:29.880]  但我們問自己
[00:01:29.880 --> 00:01:34.080]  我是否真的相信耶穌復活了
[00:01:34.080 --> 00:01:35.600]  或者我們再問
[00:01:35.600 --> 00:01:36.920]  我是否真的相信
[00:01:36.920 --> 00:01:41.120]  我自己有一天會復活
[00:01:41.120 --> 00:01:42.120]  有人就說
[00:01:42.120 --> 00:01:44.080]  這個問題我不想了
[00:01:44.080 --> 00:01:45.160]  將來復不復活
[00:01:45.160 --> 00:01:47.480]  那個現在想不到的
[00:01:47.480 --> 00:01:48.480]  但不是
[00:01:48.480 --> 00:01:49.880]  你要去想
[00:01:49.880 --> 00:01:53.040]  因為這是一個極其重要的問題
[00:01:53.040 --> 00:01:55.800]  而當你確認你自己的復活的時候
[00:01:55.800 --> 00:01:59.400]  你會有完全不同的生活態度
[00:01:59.400 --> 00:02:01.760]  你會有更大的盼望
[00:02:01.760 --> 00:02:03.680]  你要走每一天的生活
[00:02:03.680 --> 00:02:05.160]  所以我們今天一起思想
[00:02:05.160 --> 00:02:06.040]  原來聖經講到
[00:02:06.040 --> 00:02:07.720]  在耶穌基督裡面的人
[00:02:07.720 --> 00:02:09.240]  都要復活
[00:02:09.240 --> 00:02:10.600]  我們一起揭開聖經
[00:02:10.600 --> 00:02:13.200]  欣賞聖經神的說話
[00:02:13.200 --> 00:02:16.440]  聖經哥林多前書第十五章
[00:02:24.040 --> 00:02:27.200]  在十五章十二節我們首先思想
[00:02:27.200 --> 00:02:29.400]  聖經說如果耶穌沒有復活
[00:02:29.400 --> 00:02:31.040]  會是怎樣的呢?
[00:02:31.040 --> 00:02:33.320]  在十二節就說
[00:02:33.320 --> 00:02:36.360]  既傳基督是從死裡復活了
[00:02:36.360 --> 00:02:38.360]  怎麼在你們中間有人說
[00:02:38.360 --> 00:02:40.840]  沒有死人復活的事呢?
[00:02:40.840 --> 00:02:42.760]  若沒有死人復活的事
[00:02:42.760 --> 00:02:46.240]  基督也就沒有復活了
[00:02:46.240 --> 00:02:49.800]  如果沒有人從死裡復活過來
[00:02:49.800 --> 00:02:53.600]  亦意味著耶穌基督是沒有復活過
[00:02:53.600 --> 00:02:55.880]  因為當主在世上的時候
[00:02:55.880 --> 00:02:56.960]  祂是神
[00:02:56.960 --> 00:03:00.200]  但同時祂是一個完全的人
[00:03:00.200 --> 00:03:01.880]  祂作為人的身份
[00:03:01.880 --> 00:03:04.040]  祂從死裡復活過來
[00:03:04.040 --> 00:03:06.800]  顯明祂勝過了死亡
[00:03:06.800 --> 00:03:08.560]  但如果我們說沒有人復活過
[00:03:08.560 --> 00:03:11.040]  亦表示耶穌也沒有復活過
[00:03:11.040 --> 00:03:14.440]  所以聖經接續在十六節再說
[00:03:14.440 --> 00:03:16.720]  因為死人若不復活
[00:03:16.720 --> 00:03:19.840]  基督也就沒有復活了
[00:03:19.840 --> 00:03:21.240]  十七節說
[00:03:21.240 --> 00:03:22.480]  基督若沒有復活
[00:03:22.480 --> 00:03:24.720]  你們的信便是徒然
[00:03:24.720 --> 00:03:27.480]  你們仍在罪中
[00:03:27.480 --> 00:03:30.360]  我們的信仰就沒有意思了
[00:03:30.360 --> 00:03:31.360]  因為聖經說到
[00:03:31.360 --> 00:03:34.080]  耶穌基督為我們受死
[00:03:34.080 --> 00:03:35.840]  是為了什麼呢?
[00:03:35.840 --> 00:03:37.760]  是為了代贖我們
[00:03:37.760 --> 00:03:40.880]  代替我們受我們應當受的刑罰
[00:03:40.880 --> 00:03:42.760]  這個大家都知道
[00:03:42.760 --> 00:03:45.560]  但如果是耶穌為我們受死之後
[00:03:45.560 --> 00:03:49.000]  仍然停留在死亡裡面
[00:03:49.000 --> 00:03:50.360]  亦都意味著
[00:03:50.360 --> 00:03:53.880]  耶穌不能勝過了死權
[00:03:53.880 --> 00:03:54.680]  大家都知道
[00:03:54.680 --> 00:03:55.680]  聖經說到
[00:03:55.680 --> 00:03:59.960]  罪的功架乃是死
[00:03:59.960 --> 00:04:02.120]  犯罪的人要面對死亡
[00:04:02.120 --> 00:04:03.640]  但耶穌仍在死亡當中
[00:04:03.640 --> 00:04:06.280]  意味著祂不能得勝了死權
[00:04:06.280 --> 00:04:08.320]  不能勝過罪
[00:04:08.320 --> 00:04:12.240]  祂又怎能夠幫我們離開罪呢?
[00:04:12.240 --> 00:04:14.360]  因此如果主耶穌沒有復活
[00:04:14.360 --> 00:04:17.960]  一個極大的噩耗
[00:04:17.960 --> 00:04:21.160]  就是你和我仍在罪中
[00:04:21.160 --> 00:04:22.640]  你和我的罪污
[00:04:22.640 --> 00:04:24.320]  我們污穢的生命
[00:04:24.320 --> 00:04:26.920]  仍然要保留著
[00:04:26.920 --> 00:04:29.200]  不可以得到潔淨
[00:04:29.200 --> 00:04:32.480]  這是一個很悲哀的消息
[00:04:32.480 --> 00:04:34.120]  但聖經這樣說的時候
[00:04:34.120 --> 00:04:35.160]  他說:沒錯
[00:04:35.160 --> 00:04:38.840]  如果耶穌基督真的沒有復活
[00:04:38.840 --> 00:04:40.200]  我們就很可憐了
[00:04:40.200 --> 00:04:42.640]  你再看十八節
[00:04:42.640 --> 00:04:46.880]  「就是在基督裡睡了的人也滅亡了」
[00:04:46.880 --> 00:04:49.040]  那些我們親愛的信徒
[00:04:49.040 --> 00:04:50.960]  親愛的基督徒弟兄姊妹
[00:04:50.960 --> 00:04:51.760]  親人
[00:04:51.760 --> 00:04:53.560]  他們會消失了
[00:04:53.560 --> 00:04:55.240]  他們不會復活了
[00:04:55.240 --> 00:04:56.200]  十九節
[00:04:56.200 --> 00:04:57.680]  「我們若靠基督旨在
[00:04:57.680 --> 00:04:58.880]  今生有指望
[00:04:58.880 --> 00:05:03.000]  就算比眾人更加可憐」
[00:05:03.000 --> 00:05:03.680]  剛剛早幾天
[00:05:03.680 --> 00:05:05.440]  一群弟兄姊妹我們一起聊天
[00:05:05.440 --> 00:05:08.120]  他們分享他們信耶穌的經過
[00:05:08.120 --> 00:05:08.920]  很多人都說
[00:05:08.920 --> 00:05:11.880]  他說以前都曾經拜很多神靈
[00:05:11.880 --> 00:05:13.440]  但幫不到他們
[00:05:13.440 --> 00:05:15.440]  直至他們認識耶穌之後
[00:05:15.440 --> 00:05:17.080]  很真實地經歷耶穌
[00:05:17.080 --> 00:05:19.560]  如何幫助他們
[00:05:19.560 --> 00:05:20.280]  各位弟兄姊妹
[00:05:20.280 --> 00:05:23.080]  如果你人生裡經歷神的幫助
[00:05:23.080 --> 00:05:24.320]  你領受安慰
[00:05:24.320 --> 00:05:25.960]  領受平安
[00:05:25.960 --> 00:05:28.880]  但如果你沒有將來永恆的盼望
[00:05:28.880 --> 00:05:33.200]  你仍然比眾人都可憐
[00:05:33.200 --> 00:05:34.040]  很多人
[00:05:34.040 --> 00:05:35.880]  他們未認識主
[00:05:35.880 --> 00:05:37.800]  他們隨便地生活
[00:05:37.800 --> 00:05:41.480]  有些甚至可以很混亂地生活
[00:05:41.480 --> 00:05:43.600]  用各種方法手段
[00:05:43.600 --> 00:05:45.280]  去得到滿足
[00:05:45.280 --> 00:05:46.880]  得到很多榮華富貴
[00:05:46.880 --> 00:05:48.800]  很多情慾的滿足
[00:05:48.800 --> 00:05:51.680]  可能他們都有短暫的滿足
[00:05:51.680 --> 00:05:53.680]  但對於一群教徒
[00:05:53.680 --> 00:05:55.880]  如果沒有將來的盼望
[00:05:55.880 --> 00:05:58.040]  我們今生有一些安慰
[00:05:58.040 --> 00:06:00.680]  都比不上他們
[00:06:00.680 --> 00:06:01.600]  聖經說
[00:06:01.600 --> 00:06:03.240]  除非我們知道
[00:06:03.240 --> 00:06:05.720]  有真正永遠的盼望
[00:06:05.720 --> 00:06:11.120]  那是值得我們感恩和滿足的事情
[00:06:11.120 --> 00:06:12.240]  當聖經說到的時候
[00:06:12.240 --> 00:06:13.600]  不要停在這裡
[00:06:13.600 --> 00:06:15.000]  先跟著說
[00:06:15.000 --> 00:06:17.800]  第二部分就說第二十節
[00:06:17.800 --> 00:06:19.800]  但基督已經從死裡復活
[00:06:19.800 --> 00:06:23.920]  成了睡了之人初熟的果子
[00:06:23.920 --> 00:06:25.600]  凡是在耶穌基督裡面的人
[00:06:25.600 --> 00:06:27.720]  的確是會復活的
[00:06:27.720 --> 00:06:29.240]  是事實
[00:06:29.240 --> 00:06:32.040]  這是真實的事情
[00:06:32.040 --> 00:06:33.360]  有些人認為
[00:06:33.360 --> 00:06:36.720]  耶穌復活只不過是一些人的信念
[00:06:36.720 --> 00:06:41.240]  但是當你小心去研究有關歷史的根據的時候
[00:06:41.240 --> 00:06:42.680]  你會很清楚知道
[00:06:42.680 --> 00:06:44.880]  不單單是信念
[00:06:44.880 --> 00:06:47.600]  而是歷史的事實
[00:06:47.600 --> 00:06:50.600]  在英國有一位很出名的律師
[00:06:50.600 --> 00:06:53.240]  叫做Sir Edward Clarkey
[00:06:53.240 --> 00:06:55.840]  加諾律師
[00:06:55.840 --> 00:06:57.880]  他曾經說過
[00:06:57.880 --> 00:06:59.480]  他說我經過一段長時間
[00:06:59.480 --> 00:07:03.440]  去研究耶穌基督復活的證據
[00:07:03.440 --> 00:07:05.160]  他得到一個結論
[00:07:05.160 --> 00:07:07.400]  他的結論就是
[00:07:07.400 --> 00:07:09.440]  整個歷史當中
[00:07:09.440 --> 00:07:14.040]  在法庭裡面有的所有的聖數的案件
[00:07:14.040 --> 00:07:16.960]  沒有一件案件的證據
[00:07:16.960 --> 00:07:21.720]  比耶穌復活的證據更多
[00:07:21.720 --> 00:07:25.000]  當他小心研究各類的案件的時候
[00:07:25.000 --> 00:07:28.600]  有一些的聖數案件是有很多的證據
[00:07:28.600 --> 00:07:30.640]  但都比不上耶穌基督
[00:07:30.640 --> 00:07:36.400]  祂曾經復活的歷史的證據更多
[00:07:36.400 --> 00:07:37.920]  當你小心去研究的時候
[00:07:37.920 --> 00:07:41.200]  你就會發覺有很多很多的歷史讓我們知道
[00:07:41.200 --> 00:07:44.520]  這位主的確在死裡面復活過來
[00:07:44.520 --> 00:07:45.640]  當祂復活的時候
[00:07:45.640 --> 00:07:47.280]  人接受祂的救恩
[00:07:47.280 --> 00:07:50.440]  我們就經歷靈裡面的復活
[00:07:50.440 --> 00:07:57.040]  我請大家你揭開後面的耳筆所書
[00:07:57.040 --> 00:08:00.040]  聖經耳筆所書
[00:08:00.040 --> 00:08:04.960]  第二章
[00:08:04.960 --> 00:08:11.360]  我們看第四節
[00:08:11.360 --> 00:08:15.160]  耳筆所書第二章第四節
[00:08:15.160 --> 00:08:18.200]  然而神既有豐富的憐憫
[00:08:18.200 --> 00:08:20.440]  因祂愛我們的大愛
[00:08:20.440 --> 00:08:23.560]  當我們死在過犯中的時候
[00:08:23.560 --> 00:08:27.720]  祂便叫我們與基督一同活過來
[00:08:27.720 --> 00:08:30.640]  你們得救是本福恩第六節
[00:08:30.640 --> 00:08:33.200]  祂又叫我們與基督耶穌一同復活
[00:08:33.200 --> 00:08:36.560]  一同坐在天上
[00:08:36.560 --> 00:08:40.360]  聖經提到當主祂復活了之後
[00:08:40.360 --> 00:08:41.720]  凡你信靠祂的人
[00:08:41.720 --> 00:08:43.840]  聖經就說
[00:08:43.840 --> 00:08:48.360]  叫我們與基督一同活過來
[00:08:48.360 --> 00:08:49.640]  當你信耶穌的時候
[00:08:49.640 --> 00:08:51.840]  我們生命經歷重生了
[00:08:51.840 --> 00:08:55.880]  以前的靈魂已經是死亡
[00:08:55.880 --> 00:08:57.760]  死在過犯中
[00:08:57.760 --> 00:08:59.360]  但是今天在信主之後
[00:08:59.360 --> 00:09:01.760]  我們的靈性復活了
[00:09:01.760 --> 00:09:03.960]  聖經提到一同活過來
[00:09:03.960 --> 00:09:06.840]  是在說完成的狀態
[00:09:06.840 --> 00:09:08.840]  已經活過來了
[00:09:08.840 --> 00:09:13.760]  然後你再看第六節有多少個一同
[00:09:13.760 --> 00:09:15.160]  有多少個?
[00:09:15.160 --> 00:09:16.480]  兩次
[00:09:16.480 --> 00:09:17.560]  一同復活
[00:09:17.560 --> 00:09:19.760]  一同坐在天上
[00:09:19.760 --> 00:09:23.280]  也是在說一個已經完成的狀況
[00:09:23.280 --> 00:09:25.760]  我們的靈已經復活
[00:09:25.760 --> 00:09:27.280]  已經在天上
[00:09:27.280 --> 00:09:30.920]  神為我們預備永恆的天交
[00:09:30.920 --> 00:09:33.040]  聖經就這樣一路提及這些
[00:09:33.040 --> 00:09:36.040]  已經成就的奇妙的事情
[00:09:36.040 --> 00:09:38.160]  但當然我們今天仍然在一個
[00:09:38.160 --> 00:09:41.040]  會扭壞的身體裡面生活
[00:09:41.040 --> 00:09:43.720]  因此我們會死亡
[00:09:43.720 --> 00:09:45.200]  但是聖經告訴我們
[00:09:45.200 --> 00:09:46.600]  當這個身體
[00:09:46.600 --> 00:09:48.520]  當主耶穌再來的時候
[00:09:48.520 --> 00:09:52.240]  會改變成為不扭壞的身體
[00:09:52.240 --> 00:09:57.520]  我們大家一起再看回哥林多的前書
[00:09:57.520 --> 00:10:02.120]  在前書十五章
[00:10:02.120 --> 00:10:07.080]  我們看二十三節
[00:10:07.080 --> 00:10:14.640]  大家先看四十四節
[00:10:14.640 --> 00:10:21.120]  在十五章的第四十四節
[00:10:21.120 --> 00:10:24.160]  聖經說所種的是血氣的身體
[00:10:24.160 --> 00:10:27.640]  復活的是靈性的身體
[00:10:27.640 --> 00:10:29.120]  若有血氣的身體
[00:10:29.120 --> 00:10:32.440]  也必有靈性的身體
[00:10:32.440 --> 00:10:33.480]  聖經就說到
[00:10:33.480 --> 00:10:36.720]  我們有一個屬血氣的身體
[00:10:36.720 --> 00:10:38.320]  但是將來主給我們的
[00:10:38.320 --> 00:10:40.320]  是屬靈的身體
[00:10:40.320 --> 00:10:43.360]  英文的翻譯是spiritual body
[00:10:43.360 --> 00:10:45.280]  這個身體是怎樣的呢?
[00:10:45.280 --> 00:10:48.160]  你可以想回當主耶穌復活之後
[00:10:48.160 --> 00:10:50.560]  門徒在房屋裡面
[00:10:50.560 --> 00:10:52.840]  當時耶穌去到他們當中
[00:10:52.840 --> 00:10:55.480]  門徒有沒有開門給他們?
[00:10:55.480 --> 00:10:56.840]  有沒有開門?
[00:10:56.840 --> 00:10:58.200]  沒有的
[00:10:58.200 --> 00:11:01.800]  主能夠超越了空間的限制
[00:11:01.800 --> 00:11:03.360]  超越了時間
[00:11:03.360 --> 00:11:04.760]  去到他們當中
[00:11:04.760 --> 00:11:06.640]  與他們同在
[00:11:06.640 --> 00:11:10.240]  而你和我將來屬靈的身體都一樣
[00:11:10.240 --> 00:11:12.400]  因為我們的身體會與
[00:11:12.400 --> 00:11:14.920]  榮耀的耶穌基督的身體相似
[00:11:14.920 --> 00:11:17.320]  聖經佛洛比書所說
[00:11:17.320 --> 00:11:18.800]  這個榮耀的身體
[00:11:18.800 --> 00:11:21.320]  聖經所說是不扭壞的
[00:11:21.320 --> 00:11:22.800]  是榮耀的
[00:11:22.800 --> 00:11:24.800]  是剛強的
[00:11:24.800 --> 00:11:26.800]  如果你再看下面的經文就提及
[00:11:26.800 --> 00:11:29.280]  有屬土的身體
[00:11:29.280 --> 00:11:32.000]  又有屬天的身體
[00:11:32.000 --> 00:11:33.360]  我們將來領受的
[00:11:33.360 --> 00:11:35.160]  是神給我們屬天的
[00:11:35.160 --> 00:11:37.600]  一個靈性的身體
[00:11:37.600 --> 00:11:39.600]  各位弟兄姊妹
[00:11:39.600 --> 00:11:41.080]  當你想到現在自己
[00:11:41.080 --> 00:11:43.360]  可能有很多身體的毛病
[00:11:43.360 --> 00:11:46.520]  但是你心靈裡面可以安樂
[00:11:46.520 --> 00:11:47.920]  可以很開心
[00:11:47.920 --> 00:11:50.760]  因為這一切都會改變
[00:11:50.760 --> 00:11:52.280]  聖經就這樣應許給我們
[00:11:52.280 --> 00:11:54.200]  一個榮耀的身體
[00:11:54.200 --> 00:11:55.200]  我們再看
[00:11:55.200 --> 00:11:58.600]  在經文前面十五章二十節
[00:11:58.600 --> 00:12:00.680]  聖經提到我們的身體的復活
[00:12:00.680 --> 00:12:04.240]  是有次序的
[00:12:04.240 --> 00:12:06.720]  在二十節
[00:12:06.720 --> 00:12:09.000]  或者我們看二十三節
[00:12:09.000 --> 00:12:12.800]  「但各人是要按著自己的次序復活
[00:12:12.800 --> 00:12:14.840]  初熟的果子是基督
[00:12:14.840 --> 00:12:19.120]  以後在他來的時候是拿著屬基督的」
[00:12:19.120 --> 00:12:22.120]  首先復活的是耶穌基督自己
[00:12:22.120 --> 00:12:26.080]  好像一棵樹有一個果子熟了
[00:12:26.080 --> 00:12:27.280]  你馬上會知道
[00:12:27.280 --> 00:12:31.240]  將來其他果子都會陸續成熟
[00:12:31.240 --> 00:12:34.160]  然後就是那些屬耶穌基督的人
[00:12:34.160 --> 00:12:37.680]  而屬耶穌基督的人有兩個次序
[00:12:37.680 --> 00:12:41.600]  首先是那些第二十節所說
[00:12:41.600 --> 00:12:46.600]  基督已經從死裡復活成了睡了之人初熟的果子
[00:12:46.600 --> 00:12:48.920]  是那些睡了之人
[00:12:48.920 --> 00:12:54.080]  亦都是那些在主裡面死了的聖徒
[00:12:54.080 --> 00:12:55.960]  這些不是所有的人
[00:12:55.960 --> 00:13:01.400]  而是十八節所說在基督裡睡了的人
[00:13:01.400 --> 00:13:03.080]  這些人首先復活
[00:13:03.080 --> 00:13:05.880]  聖經貼索羅尼加前書也有提及
[00:13:05.880 --> 00:13:07.760]  他們會先復活
[00:13:07.760 --> 00:13:10.440]  然後到第三個類別
[00:13:10.440 --> 00:13:13.880]  就是當主回來的時候仍然在生的聖徒
[00:13:13.880 --> 00:13:16.120]  亦都是二十三節所說
[00:13:16.120 --> 00:13:22.160]  「以後他來的時候是那些屬基督的」
[00:13:22.160 --> 00:13:24.320]  是屬於主的
[00:13:24.320 --> 00:13:26.120]  是主所特別看顧的
[00:13:26.120 --> 00:13:27.640]  因為是屬於祂
[00:13:27.640 --> 00:13:30.360]  亦都是主認定是祂的責任
[00:13:30.360 --> 00:13:33.440]  讓他們復活
[00:13:33.440 --> 00:13:36.240]  我不知道大家有沒有試過去
[00:13:36.240 --> 00:13:38.200]  看過一些人的浪
[00:13:38.200 --> 00:13:40.920]  如果你參加一些大球場的活動
[00:13:40.920 --> 00:13:43.120]  在球場、球賽未開始的時候
[00:13:43.120 --> 00:13:46.000]  有些人很開心地站起來又坐下來
[00:13:46.000 --> 00:13:48.000]  旁邊的又站起來又坐下來
[00:13:48.000 --> 00:13:49.120]  站起來坐下來
[00:13:49.120 --> 00:13:52.240]  一個浪一個浪轉過去
[00:13:52.240 --> 00:13:53.680]  當浪湧過來的時候
[00:13:53.680 --> 00:13:57.400]  你就站起來很開心地坐下來
[00:13:57.400 --> 00:13:59.360]  或者你去一個沙灘
[00:13:59.360 --> 00:14:02.320]  沙灘的海裡有很多人在游泳
[00:14:02.320 --> 00:14:05.640]  一個大浪在外面湧過來的時候
[00:14:05.640 --> 00:14:08.560]  湧到海的中心
[00:14:08.560 --> 00:14:11.320]  一群人被浪拋高了
[00:14:11.320 --> 00:14:13.280]  然後沉回下來
[00:14:13.280 --> 00:14:15.960]  然後浪一直湧向岸邊
[00:14:15.960 --> 00:14:17.320]  你在岸邊的時候
[00:14:17.320 --> 00:14:18.480]  浪靠近你
[00:14:18.480 --> 00:14:21.080]  將你再浮起來
[00:14:21.080 --> 00:14:23.280]  然後就消散
[00:14:23.280 --> 00:14:25.680]  一浪接一浪
[00:14:25.680 --> 00:14:26.800]  我想說的
[00:14:26.800 --> 00:14:28.040]  各位弟兄姊妹
[00:14:28.040 --> 00:14:32.680]  耶穌基督的復活是浪的開始
[00:14:32.680 --> 00:14:36.920]  而你的復活會接續著耶穌的復活
[00:14:36.920 --> 00:14:40.080]  成就在你的身上
[00:14:40.080 --> 00:14:44.200]  你的生命會接續著復活
[00:14:44.200 --> 00:14:45.600]  而聖經就講述
[00:14:45.600 --> 00:14:47.120]  「初熟的果子」
[00:14:47.120 --> 00:14:50.400]  「而之後就是那些死去的成徒」
[00:14:50.400 --> 00:14:53.040]  「而之後就是那些仍然在生的」
[00:14:53.040 --> 00:14:55.240]  「每一個屬神的人」
[00:14:55.240 --> 00:14:58.720]  這正是聖經給我們的盼望
[00:14:58.720 --> 00:15:00.480]  在下面我們再看二十一節
[00:15:00.480 --> 00:15:04.000]  聖經就說「死既是因一人而來」
[00:15:04.000 --> 00:15:06.840]  「死人復活也是因一人而來」
[00:15:06.840 --> 00:15:09.520]  「在亞當裡眾人都死了」
[00:15:09.520 --> 00:15:13.840]  「照樣在基督裡眾人也都要復活」
[00:15:13.840 --> 00:15:14.680]  聖經提到
[00:15:14.680 --> 00:15:16.960]  「因為亞當一人犯罪」
[00:15:16.960 --> 00:15:19.040]  「罪入了世界」
[00:15:19.040 --> 00:15:21.240]  「而死亦都因此」
[00:15:21.240 --> 00:15:24.160]  「進入人類當中」
[00:15:24.160 --> 00:15:25.160]  或者你覺得
[00:15:25.160 --> 00:15:26.960]  這樣好像不太公平
[00:15:26.960 --> 00:15:28.560]  亞當關我甚麼事
[00:15:28.560 --> 00:15:31.400]  他犯罪要我受死
[00:15:31.400 --> 00:15:34.960]  為甚麼他犯罪我也犯罪呢?
[00:15:34.960 --> 00:15:36.080]  很多時候我們都會用一個
[00:15:36.080 --> 00:15:39.480]  很西方的個人主義觀念看自己
[00:15:39.480 --> 00:15:42.000]  我們是一個絕對的個體
[00:15:42.000 --> 00:15:46.040]  但請看全人類是一個整體
[00:15:46.040 --> 00:15:49.520]  好像一棵大樹
[00:15:49.520 --> 00:15:52.680]  當樹根有毒汁的時候
[00:15:52.680 --> 00:15:57.240]  慢慢就會滲入樹枝、樹葉的果實
[00:15:57.240 --> 00:16:00.040]  整棵樹都受到污染
[00:16:00.040 --> 00:16:05.640]  而當中整個人類就受到一種影響
[00:16:05.640 --> 00:16:06.520]  但感謝神
[00:16:06.520 --> 00:16:07.760]  當耶穌基督來到的時候
[00:16:07.760 --> 00:16:09.000]  聖經就說
[00:16:09.000 --> 00:16:11.680]  「死既是因一人而來」
[00:16:11.680 --> 00:16:15.320]  「死人復活也是因一人」
[00:16:15.320 --> 00:16:18.360]  這個一人是誰的一人?
[00:16:18.360 --> 00:16:19.920]  是耶穌基督
[00:16:19.920 --> 00:16:23.920]  亦因為這位耶穌基督的信服
[00:16:23.920 --> 00:16:28.000]  而帶給了我們復活、永生
[00:16:28.000 --> 00:16:30.920]  聖經提及有第一的亞當
[00:16:30.920 --> 00:16:33.760]  在後來十五章提及有首先的亞當
[00:16:33.760 --> 00:16:35.760]  亦有末後的亞當
[00:16:35.760 --> 00:16:38.280]  末後的亞當指的是耶穌基督
[00:16:38.280 --> 00:16:41.280]  祂來到的時候是一個完全的人
[00:16:41.280 --> 00:16:44.920]  因此祂將救恩帶給我們
[00:16:44.920 --> 00:16:45.720]  當我們想到的時候
[00:16:45.720 --> 00:16:46.840]  或許大家一定會記得
[00:16:46.840 --> 00:16:50.040]  聖經哥林多後書五章十七字說
[00:16:50.040 --> 00:16:53.120]  「若有人在基督裡」
[00:16:53.120 --> 00:16:56.560]  「他就是新造的人」
[00:16:56.560 --> 00:16:57.600]  英文的翻譯是
[00:16:57.600 --> 00:17:00.320]  「a new creation」
[00:17:00.320 --> 00:17:02.120]  誰在耶穌基督裡
[00:17:02.120 --> 00:17:05.720]  生命就是一個全新的創造
[00:17:05.720 --> 00:17:08.240]  或者說是一個新的人類
[00:17:08.240 --> 00:17:08.920]  在當中
[00:17:08.920 --> 00:17:12.040]  神將一個新的開始賜給人類
[00:17:12.040 --> 00:17:13.600]  「a new creation」
[00:17:13.600 --> 00:17:16.680]  在那個時候開始
[00:17:16.680 --> 00:17:17.240]  各位兄弟姐妹
[00:17:17.240 --> 00:17:18.520]  當我們看到這些經文的時候
[00:17:18.520 --> 00:17:20.360]  我們心裡很感恩
[00:17:20.360 --> 00:17:25.240]  神給我們的盼望是超過我們所能夠想像的
[00:17:25.240 --> 00:17:26.920]  我們再看下面
[00:17:26.920 --> 00:17:30.680]  去到第二十八節的時候
[00:17:30.680 --> 00:17:32.080]  聖經提到當主耶穌
[00:17:32.080 --> 00:17:33.920]  祂得勝一切
[00:17:33.920 --> 00:17:35.680]  包括了死權
[00:17:35.680 --> 00:17:38.000]  然後第二十八節就說
[00:17:38.000 --> 00:17:40.200]  「萬物既服了他
[00:17:40.200 --> 00:17:45.280]  那時子也要自己服那叫萬物服他的
[00:17:45.280 --> 00:17:49.560]  叫神在萬物之上為萬物之主」
[00:17:49.560 --> 00:17:51.800]  而前面二十七節就說
[00:17:51.800 --> 00:17:55.880]  「神叫萬物都服在他腳下」
[00:17:55.880 --> 00:17:57.880]  這句話大家會想起
[00:17:57.880 --> 00:18:00.120]  在哪裡出現
[00:18:00.120 --> 00:18:01.880]  在詩篇第八篇
[00:18:01.880 --> 00:18:03.720]  當時神對人說
[00:18:03.720 --> 00:18:07.800]  「我將管理地上的權柄給過你」
[00:18:07.800 --> 00:18:10.560]  你可以管理地上一切的萬物
[00:18:10.560 --> 00:18:14.600]  但是人能不能夠管理這個世界
[00:18:14.600 --> 00:18:15.800]  大家十幾二十年
[00:18:15.800 --> 00:18:19.760]  香港現在很多不斷提到環保的問題
[00:18:19.760 --> 00:18:22.120]  人因為不理會環境
[00:18:22.120 --> 00:18:23.440]  耗費很多資源
[00:18:23.440 --> 00:18:24.360]  破壞大自然
[00:18:24.360 --> 00:18:27.320]  帶來很多災禍
[00:18:27.320 --> 00:18:30.760]  聖經提到神將大自然交託給人
[00:18:30.760 --> 00:18:34.040]  但是人不能夠去管理
[00:18:34.040 --> 00:18:36.320]  但是當主耶穌來的時候
[00:18:36.320 --> 00:18:38.680]  聖經就提及這位主
[00:18:38.680 --> 00:18:40.480]  祂代表了人類
[00:18:40.480 --> 00:18:43.080]  是重新掌權
[00:18:43.080 --> 00:18:45.720]  當祂得到一切的權柄的時候
[00:18:45.720 --> 00:18:49.080]  祂將權柄交回給父神
[00:18:49.080 --> 00:18:51.240]  不等於祂的地位低下
[00:18:51.240 --> 00:18:52.480]  只是在角色上
[00:18:52.480 --> 00:18:53.920]  在救恩上
[00:18:53.920 --> 00:18:57.080]  祂允許了一個馴服的角色
[00:18:57.080 --> 00:18:59.280]  以承傳了救恩
[00:18:59.280 --> 00:19:00.080]  但在那個時候
[00:19:00.080 --> 00:19:01.840]  神完全掌權
[00:19:01.840 --> 00:19:05.520]  整個世界就可以重新堅定
[00:19:05.520 --> 00:19:07.400]  這正是聖經一直以來的觀念
[00:19:07.400 --> 00:19:08.560]  告訴我們
[00:19:08.560 --> 00:19:11.080]  有一天主耶穌代表我們
[00:19:11.080 --> 00:19:14.080]  將權柄全然獻回給神
[00:19:14.080 --> 00:19:16.440]  那時神在萬物之上
[00:19:16.440 --> 00:19:19.040]  為萬物之主
[00:19:19.040 --> 00:19:19.880]  這個時候
[00:19:19.880 --> 00:19:24.000]  整個世界就完全改變
[00:19:24.000 --> 00:19:25.080]  因此我們知道
[00:19:25.080 --> 00:19:27.760]  在基督耶穌裡面的人會復活
[00:19:27.760 --> 00:19:30.320]  但是來到聖經的最後一部分
[00:19:30.320 --> 00:19:32.480]  亦都有一個很重要的提醒
[00:19:32.480 --> 00:19:38.040]  大家一起看看聖經的第29節
[00:19:38.040 --> 00:19:40.480]  聖經開始提醒我們要醒悟
[00:19:40.480 --> 00:19:42.000]  不要犯罪
[00:19:42.000 --> 00:19:44.200]  第29節說
[00:19:44.200 --> 00:19:46.080]  「不然那些為死人受洗的
[00:19:46.080 --> 00:19:47.720]  將來怎樣呢?
[00:19:47.720 --> 00:19:49.520]  若死人總不復活
[00:19:49.520 --> 00:19:52.560]  因何為他們受洗呢?」
[00:19:52.560 --> 00:19:53.360]  這句話
[00:19:53.360 --> 00:19:55.680]  大家可能都會覺得有點困難
[00:19:55.680 --> 00:19:58.440]  難道我可以代替他們受洗嗎?
[00:19:58.440 --> 00:19:59.760]  因此曾經有很多人
[00:19:59.760 --> 00:20:01.680]  有不同的理解
[00:20:01.680 --> 00:20:04.920]  但根據經文最直接的解釋就是
[00:20:04.920 --> 00:20:09.440]  有人曾經很掛心那些已死的親人
[00:20:09.440 --> 00:20:11.080]  他們未受洗
[00:20:11.080 --> 00:20:16.160]  因此他們願意代表了他們而受洗
[00:20:16.160 --> 00:20:17.840]  但當然大家知道
[00:20:17.840 --> 00:20:20.080]  如果你有家人
[00:20:20.080 --> 00:20:21.320]  他們未信主
[00:20:21.320 --> 00:20:25.480]  你可否說我代他們受洗就行了
[00:20:25.480 --> 00:20:26.640]  可不可以?
[00:20:26.640 --> 00:20:28.000]  不可以
[00:20:28.000 --> 00:20:29.000]  當聖經這樣說的時候
[00:20:29.000 --> 00:20:31.120]  不表示聖經認同說
[00:20:31.120 --> 00:20:33.640]  我們可以代替人去受洗
[00:20:33.640 --> 00:20:35.560]  但當時有人這樣做
[00:20:35.560 --> 00:20:36.720]  而聖經指出就是
[00:20:36.720 --> 00:20:39.120]  他們背後其實都相信一件事情
[00:20:39.120 --> 00:20:40.960]  三十節
[00:20:40.960 --> 00:20:43.040]  二十九節中間說
[00:20:43.040 --> 00:20:45.040]  「若死人總不復活
[00:20:45.040 --> 00:20:48.520]  因何為他們受洗呢?」
[00:20:48.520 --> 00:20:51.920]  是表示他們都相信有死亡之後的生命
[00:20:51.920 --> 00:20:55.240]  所以他們才會這樣做
[00:20:55.240 --> 00:20:56.480]  當然有另外理解
[00:20:56.480 --> 00:20:58.440]  這次經文其實是說
[00:20:58.440 --> 00:21:00.320]  有一些人
[00:21:00.320 --> 00:21:04.400]  當他們信主的親人離世之後
[00:21:04.400 --> 00:21:06.840]  他們很想將來能夠再見他們
[00:21:06.840 --> 00:21:09.360]  因此他們願意信主受洗
[00:21:09.360 --> 00:21:13.560]  為了能夠再見他們的親人
[00:21:13.560 --> 00:21:16.880]  我上星期和其他堂弟兄姊妹講及
[00:21:16.880 --> 00:21:20.040]  大家知道我們所敬愛的大少曾牧師
[00:21:20.040 --> 00:21:23.760]  剛剛八十歲之後他離世
[00:21:23.760 --> 00:21:24.800]  在安息禮拜裏面
[00:21:24.800 --> 00:21:28.320]  我聽到他的兒子講及一件事情
[00:21:28.320 --> 00:21:30.360]  他們講到他的爸爸
[00:21:30.360 --> 00:21:32.480]  在一個日子
[00:21:32.480 --> 00:21:36.160]  就是凌晨的四點三十分離世
[00:21:36.160 --> 00:21:38.200]  後來他們收到一位弟兄的電郵
[00:21:38.200 --> 00:21:39.400]  告訴他
[00:21:39.400 --> 00:21:41.840]  我後來才知道
[00:21:41.840 --> 00:21:43.280]  我當時做了一個夢
[00:21:43.280 --> 00:21:46.920]  原來就是你爸爸過世的時間
[00:21:46.920 --> 00:21:48.640]  是什麼夢呢?
[00:21:48.640 --> 00:21:49.840]  這位弟兄說
[00:21:49.840 --> 00:21:53.000]  我在夢中見到大少曾牧師
[00:21:53.000 --> 00:21:57.200]  穿著極其潔白、光亮的白衣
[00:21:57.200 --> 00:22:01.040]  然後在地上隨隨地升起
[00:22:01.040 --> 00:22:03.760]  去到天家那裏
[00:22:03.760 --> 00:22:05.000]  我不知道是什麼事情
[00:22:05.000 --> 00:22:06.600]  但後來才知道那個時間
[00:22:06.600 --> 00:22:10.640]  就是剛剛大牧師離世的時間
[00:22:10.640 --> 00:22:13.040]  當他的家人聽到這件事情之後
[00:22:13.040 --> 00:22:15.960]  他們心裏面有很大的感動
[00:22:15.960 --> 00:22:18.320]  很感謝神給他們的安慰
[00:22:18.320 --> 00:22:20.360]  知道爸爸去了天家
[00:22:20.360 --> 00:22:25.560]  而他們一定在將來會在天家再見面
[00:22:25.560 --> 00:22:27.960]  當我們上到聖經所講的時候
[00:22:27.960 --> 00:22:29.800]  我們對將來的盼望
[00:22:29.800 --> 00:22:33.160]  也都知道今天不需要擔心
[00:22:33.160 --> 00:22:36.840]  不需要難過 因為我們會重聚
[00:22:36.840 --> 00:22:38.040]  而聖經再講
[00:22:38.040 --> 00:22:40.000]  如果不是有復活
[00:22:40.000 --> 00:22:42.640]  我怎會時刻冒險呢?
[00:22:42.640 --> 00:22:46.160]  大家看聖經三十節補羅所講
[00:22:46.160 --> 00:22:49.200]  我們又因何時刻冒險呢?
[00:22:49.200 --> 00:22:50.240]  弟兄們
[00:22:50.240 --> 00:22:52.480]  我在我主基督耶穌裏
[00:22:52.480 --> 00:22:55.240]  指著你們所誇的口極力地說
[00:22:55.240 --> 00:22:57.480]  我是天天冒死
[00:22:57.480 --> 00:22:59.960]  為信仰的緣故願意冒死
[00:22:59.960 --> 00:23:04.080]  甚至願意和野獸戰鬥三十二節所講
[00:23:04.080 --> 00:23:06.520]  如果明天我們就死了
[00:23:06.520 --> 00:23:07.600]  沒有復活的話
[00:23:07.600 --> 00:23:09.280]  不如就吃吃喝喝
[00:23:09.280 --> 00:23:12.720]  不需要這樣來付出代價
[00:23:12.720 --> 00:23:14.000]  各位弟兄姊妹
[00:23:14.000 --> 00:23:16.520]  當我們能夠有一種確信
[00:23:16.520 --> 00:23:21.560]  明天當我們如果要離開的時候
[00:23:21.560 --> 00:23:23.280]  我們會復活的
[00:23:23.280 --> 00:23:25.800]  因此我們可以放膽付出代價
[00:23:25.800 --> 00:23:28.920]  來為主而活
[00:23:28.920 --> 00:23:31.080]  但是去到後面的時候
[00:23:31.080 --> 00:23:33.400]  補羅就再提醒我們
[00:23:33.400 --> 00:23:35.960]  大家一起看三十三、三十四節
[00:23:35.960 --> 00:23:37.920]  補羅很嚴肅地講
[00:23:37.920 --> 00:23:41.400]  我請大家一起讀一讀三十三、三十四節
[00:23:41.400 --> 00:23:43.680]  你們不要自欺
[00:23:43.680 --> 00:23:46.480]  濫交是敗壞善行
[00:23:46.480 --> 00:23:48.920]  你們要醒悟為善
[00:23:48.920 --> 00:23:50.520]  不要犯罪
[00:23:50.520 --> 00:23:53.080]  因為有人不認識神
[00:23:53.080 --> 00:23:57.240]  可說者話是叫你們羞愧
[00:23:57.240 --> 00:23:59.520]  補羅說你們要醒悟
[00:23:59.520 --> 00:24:03.280]  醒悟的意思是要清醒心靈
[00:24:03.280 --> 00:24:04.960]  我們廣東話有時說
[00:24:04.960 --> 00:24:06.520]  或者香港一般人說
[00:24:06.520 --> 00:24:08.720]  你醒一點吧
[00:24:08.720 --> 00:24:10.680]  心思要醒覺過來
[00:24:10.680 --> 00:24:14.840]  不要被一些錯誤的心思影響我們
[00:24:14.840 --> 00:24:17.520]  我們前陣子提及一些青年人在香港
[00:24:17.520 --> 00:24:20.680]  有時候吃一些毒品
[00:24:20.680 --> 00:24:21.920]  其他人告訴他
[00:24:21.920 --> 00:24:23.720]  沒事的年輕人
[00:24:23.720 --> 00:24:25.360]  索期不影響你的
[00:24:25.360 --> 00:24:28.320]  你這麼年輕將來沒事的
[00:24:28.320 --> 00:24:29.480]  告訴他們
[00:24:29.480 --> 00:24:31.200]  最重要是今天快樂
[00:24:31.200 --> 00:24:31.800]  明天怎樣
[00:24:31.800 --> 00:24:34.240]  不理那麼多了
[00:24:34.240 --> 00:24:36.920]  因此他們在當中吸食毒品
[00:24:36.920 --> 00:24:41.920]  但帶來的是身體永久性的傷害
[00:24:41.920 --> 00:24:44.480]  有些思想我們要小心分辨
[00:24:44.480 --> 00:24:47.640]  不要被這些事情所影響
[00:24:47.640 --> 00:24:49.640]  有些人告訴你
[00:24:49.640 --> 00:24:52.400]  想那麼多將來的事情
[00:24:52.400 --> 00:24:54.160]  不能想那麼多
[00:24:54.160 --> 00:24:55.600]  今天的事情還未解決
[00:24:55.600 --> 00:24:58.480]  想那麼多將來做什麼呢?
[00:24:58.480 --> 00:24:59.680]  但各位聽眾知道
[00:24:59.680 --> 00:25:00.880]  當你看聖經的時候
[00:25:00.880 --> 00:25:02.160]  聖經說
[00:25:02.160 --> 00:25:07.960]  唯有今天你才可以想將來
[00:25:07.960 --> 00:25:09.960]  將來的事情
[00:25:09.960 --> 00:25:12.360]  當你去到將來的時候
[00:25:12.360 --> 00:25:16.160]  將來就不會有機會讓你去想
[00:25:16.160 --> 00:25:17.920]  或者換句話說
[00:25:17.920 --> 00:25:21.160]  你現在不理將來
[00:25:21.160 --> 00:25:24.560]  將來不會理你
[00:25:24.560 --> 00:25:29.760]  唯有今天你才可以去理會將來
[00:25:29.760 --> 00:25:30.680]  聖經所說
[00:25:30.680 --> 00:25:37.240]  今天的生活決定了你將來如何
[00:25:37.240 --> 00:25:38.280]  我們要小心
[00:25:38.280 --> 00:25:39.600]  要醒悟
[00:25:39.600 --> 00:25:42.440]  聖經給我們的真理是怎樣
[00:25:42.440 --> 00:25:44.720]  大家一定純粹都會讀一節經文
[00:25:44.720 --> 00:25:46.960]  《格拉太書》第五章說到
[00:25:46.960 --> 00:25:48.600]  不要自欺
[00:25:48.600 --> 00:25:51.000]  神是欺民不得的
[00:25:51.000 --> 00:25:53.560]  人種的是什麼
[00:25:53.560 --> 00:25:57.280]  收的也是什麼
[00:25:57.280 --> 00:25:59.640]  是有後果的
[00:25:59.640 --> 00:26:01.960]  信著情欲殺種的
[00:26:01.960 --> 00:26:05.560]  會從情欲收敗壞
[00:26:05.560 --> 00:26:08.160]  信著聖靈殺種的
[00:26:08.160 --> 00:26:12.680]  會從聖靈收永生
[00:26:12.680 --> 00:26:14.200]  有些人以為不要緊的
[00:26:14.200 --> 00:26:16.480]  我已經信了主了
[00:26:16.480 --> 00:26:18.400]  安安樂樂將來上天堂
[00:26:18.400 --> 00:26:21.360]  今生如何沒什麼所謂
[00:26:21.360 --> 00:26:24.080]  沒錯耶穌基督給我們的救恩是永遠的
[00:26:24.080 --> 00:26:26.640]  祂願意保守著我們
[00:26:26.640 --> 00:26:27.480]  但我們要留心
[00:26:27.480 --> 00:26:29.120]  大家有沒有留心到
[00:26:29.120 --> 00:26:37.880]  我們一起去到馬太福音第二十五章
[00:26:37.880 --> 00:26:44.480]  馬太福音第二十五章
[00:26:44.480 --> 00:26:45.880]  我們簡單看
[00:26:45.880 --> 00:26:48.920]  一開始說到有十個童女的比喻
[00:26:48.920 --> 00:26:50.560]  有五個是聰明的
[00:26:50.560 --> 00:26:52.960]  五個是愚蠢的
[00:26:52.960 --> 00:26:56.560]  後來當新郎回來的時候
[00:26:56.560 --> 00:27:00.000]  這些愚蠢的童女
[00:27:00.000 --> 00:27:02.000]  他們發覺燈沒有油了
[00:27:02.000 --> 00:27:03.120]  要快些找人借
[00:27:03.120 --> 00:27:05.280]  但人家說不如自己去買
[00:27:05.280 --> 00:27:06.520]  他去買的時候
[00:27:06.520 --> 00:27:08.080]  新郎就回來了
[00:27:08.080 --> 00:27:09.280]  因此關了門
[00:27:09.280 --> 00:27:10.800]  他們進不去
[00:27:10.800 --> 00:27:12.960]  到後來他們來到的時候敲門
[00:27:12.960 --> 00:27:15.640]  但這位主人就不再開門
[00:27:15.640 --> 00:27:17.320]  在第十一節
[00:27:17.320 --> 00:27:20.400]  其餘的童女也隨後來了說
[00:27:20.400 --> 00:27:22.240]  主啊 主啊 給我們開門
[00:27:22.240 --> 00:27:23.880]  他卻回答說
[00:27:23.880 --> 00:27:26.360]  我實在告訴你們
[00:27:26.360 --> 00:27:29.920]  我不認識你們
[00:27:29.920 --> 00:27:32.000]  我不認識你們
[00:27:32.000 --> 00:27:35.360]  那盞燈如果沒有油
[00:27:35.360 --> 00:27:37.320]  已經熄滅了
[00:27:37.320 --> 00:27:40.520]  生命不再能夠有光輝
[00:27:40.520 --> 00:27:41.760]  在暗裡面
[00:27:41.760 --> 00:27:44.040]  在黑暗裡面
[00:27:44.040 --> 00:27:45.120]  要很小心
[00:27:45.120 --> 00:27:47.320]  主可能會跟他們說
[00:27:47.320 --> 00:27:50.080]  我不認識你們
[00:27:50.080 --> 00:27:52.400]  接著所說到十個僕人
[00:27:52.400 --> 00:27:54.400]  十有僕人的故事
[00:27:54.400 --> 00:27:55.480]  這三個僕人
[00:27:55.480 --> 00:27:58.000]  他們領了五千兩
[00:27:58.000 --> 00:28:00.000]  二千兩 一千兩
[00:28:00.000 --> 00:28:02.320]  埋藏銀紙在地上的僕人
[00:28:02.320 --> 00:28:04.720]  最後怎樣呢?
[00:28:04.720 --> 00:28:06.800]  主人怎樣說呢?
[00:28:06.800 --> 00:28:09.600]  有惡有濫的僕人
[00:28:09.600 --> 00:28:12.440]  將他丟出去
[00:28:12.440 --> 00:28:17.080]  在那裡哀哭竊恥
[00:28:17.080 --> 00:28:19.400]  我剛才提及
[00:28:19.400 --> 00:28:21.280]  百合花
[00:28:21.280 --> 00:28:22.640]  一個一個的冧
[00:28:22.640 --> 00:28:24.680]  會跟著開
[00:28:24.680 --> 00:28:27.280]  但如果你看到百合花開了一朵
[00:28:27.280 --> 00:28:28.760]  另外其他一些花冧在那裡
[00:28:28.760 --> 00:28:31.080]  你將其中的花冧剪了出來
[00:28:31.080 --> 00:28:32.880]  然後放在地上
[00:28:32.880 --> 00:28:35.880]  你猜它會不會開呢?
[00:28:35.880 --> 00:28:37.680]  它不會開的
[00:28:37.680 --> 00:28:42.200]  除非它保持著在花徑上面
[00:28:42.200 --> 00:28:44.920]  它會繼續的開
[00:28:44.920 --> 00:28:46.960]  在基督耶穌裡的人
[00:28:46.960 --> 00:28:49.080]  必要復活
[00:28:49.080 --> 00:28:51.560]  何時我們在信主的過程當中
[00:28:51.560 --> 00:28:54.320]  我們撇棄主
[00:28:54.320 --> 00:28:58.120]  我們何時不再跟從主
[00:28:58.120 --> 00:28:59.440]  我們吃吃喝喝
[00:28:59.440 --> 00:29:00.760]  享受人生
[00:29:00.760 --> 00:29:03.640]  但沒有遵從神的真理
[00:29:03.640 --> 00:29:07.040]  我們是一個很危險的處境
[00:29:07.040 --> 00:29:08.800]  但雖然這樣說
[00:29:08.800 --> 00:29:10.240]  我們仍然很感恩
[00:29:10.240 --> 00:29:11.640]  我們知道我們的神
[00:29:11.640 --> 00:29:13.120]  祂會幫助我們
[00:29:13.120 --> 00:29:16.160]  只要我們緊緊的握住主
[00:29:16.160 --> 00:29:18.640]  祂會幫助我們能夠勝過很多的罪
[00:29:18.640 --> 00:29:23.240]  而領受祂給我們的平安和生命
[00:29:23.240 --> 00:29:24.000]  各位弟兄姊妹
[00:29:24.000 --> 00:29:27.440]  我們看完了一段經文
[00:29:27.440 --> 00:29:28.320]  我們祈禱
[00:29:28.320 --> 00:29:30.560]  求神憐憫我們
[00:29:30.560 --> 00:29:33.120]  讓我們在祂的恩典中
[00:29:33.120 --> 00:29:36.960]  我們可以領受復活的生命
[00:29:36.960 --> 00:29:40.880]  而今天我們不要犯罪
[00:29:40.880 --> 00:29:43.920]  我們保守自己在主耶穌的裡面
[00:29:43.920 --> 00:29:45.120]  大家一起祈禱
